04-12 01:10:46.520  3590  3792 V WindowManager:  appCompatTaskInfo=AppCompatTaskInfo { topActivityInSizeCompat=false topActivityInOplusCompatMode=false eligibleForLetterboxEducation= false isLetterboxEducationEnabled= false isLetterboxDoubleTapEnabled= false eligibleForUserAspectRatioButton= false topActivityBoundsLetterboxed= false isFromLetterboxDoubleTap= false topActivityLetterboxVerticalPosition= -1 topActivityLetterboxHorizontalPosition= -1 topActivityLetterboxWidth=-1 topActivityLetterboxHeight=-1 topActivityAppBounds=Rect(0, 140 - 1264, 2780) isUserFullscreenOverrideEnabled=false isSystemFullscreenOverrideEnabled=false hasMinAspectRatioOverride=false topActivityLetterboxBounds=null cameraCompatTaskInfo=CameraCompatTaskInfo { freeformCameraCompatMode=inactive}} topActivityMainWindowFrame=null topActivityLetterboxInsets=Rect(0, 0 - 0, 0)
04-12 01:10:46.520  3590  3792 V WindowManager:  mOplusExtraBundle = Bundle[{androidx.flexible.taskFrame=Rect(0, 0 - 0, 0), androidx.flexible.Alpha=1.0, androidx.activity.task.attach.blur=0, androidx.activity.LaunchInsensible=0, androidx.activity.LaunchCornerRadius=0, key_flexible_task_state=0, topActivitySupportAppInnerSplit=false, key_flexible_task_animating_type=-1, key_flexible_task_root_activity_processname=com.binance.monitor, androidx.activity.LaunchScenario=0, is_oplus_clone_task=false, flexible_super_mini_state=false, topRunningActivityHash=184254410, androidx.activity.LaunchScale=1.0, androidx.activity.LaunchShadowRadius=0, is_transient_hide_for_task_info=false, key_flexible_task_root_activity_pid=0, key_flexible_task_root_activity_uid=10512}]}, pipChange = null, remoteTransition = null, displayChange = null, flags = 0, debugId = 27634 }
04-12 01:10:46.520  3590  3792 V WindowManager:     startWCT=WindowContainerTransaction { changes= {} hops= [] errorCallbackToken=null taskFragmentOrganizer=null }
04-12 01:10:46.520  3590  3792 V WindowManager:     info={id=27634 t=OPEN f=0x0 trk=0 r=[0@Point(0, 0)] c=[
04-12 01:10:46.520  3590  3792 V WindowManager:         {WCT{RemoteToken{5c4d493 Task{1b70458 #13212 type=standard A=10512:com.binance.monitor}}} m=OPEN f=NONE leash=Surface(name=Task=13212)/@0x75c15e8 sb=Rect(0, 0 - 1264, 2780) eb=Rect(0, 0 - 1264, 2780) epz=Point(1264, 2780) d=0 taskParent=-1},
04-12 01:10:46.520  3590  3792 V WindowManager:         {WCT{RemoteToken{4daf3e9 Task{1b9ad4c #1 type=home}}} m=TO_BACK f=SHOW_WALLPAPER leash=Surface(name=Task=1)/@0x621c470 sb=Rect(0, 0 - 1264, 2780) eb=Rect(0, 0 - 1264, 2780) epz=Point(1264, 2780) d=0 taskParent=-1}
04-12 01:10:46.520  3590  3792 V WindowManager:     ] 
04-12 01:10:46.520  3590  3792 V WindowManager: extendInfo=[
04-12 01:10:46.520  3590  3792 V WindowManager:  OplusTransitionExtendedInfo{mTmpFinishT=null, mInOplusCompatMode=false, mIsProcessRunning=false, mHasMismatchBoundsTarget=false, mRecentsController=null, mRemoteTransition=null, mIsTranslucentActivityToHome=false, mAvoidInterceptKeyEventToHome=false, mIsFromHome=false, mParentLeash=null, mBackAnimClosingLeash=null, mIsOplusAnimRes=false, mKeepBgForContinuous=false, mIsBalAllow=true, mTaskNotInRecent=false, mIsPredictiveBackAnim=false, mIsMergedWithPredictive=false, mIsLaunchFromSpruce=false, mIsLaunchFromDrive=false, mGlobalSearchPageSwitch=false, mNeedNoAlphaGlobalSearchScene=false, mAssistScreenShowing=false, mSwipeUpBrowserScreenShowing=false, mUserIdTransition=0
04-12 01:10:46.520  3590  3792 V WindowManager: , mInRemoteScene=false, mInPreReady=false, mPreStart=false, mToken=null, mAbortByRemoteFromHome=false, mShellApplyToken=null, mRequestTransitionTaskId=13212, mAbortTransitionOnShell=0, mStartFromShortcut=false, mRemovedTaskId=-1, mTransitionInterruptType=0, mMergeSecondTaskId=-1, mTaskIdStartFromRecents=0, mTransitionId=27634, mCanUseSpringSlideAnim=false, mTransitionLaunchFrom=0, mFoldChangeType=-1, mAnimStartingPosition=[0, 0, 0, 0], mIsOpeningStkDialogActivity=false, mSecondaryHomeToFrontWhenUnFolding=false, mIsNeedApplyStartTForEmbedded=false
04-12 01:10:46.520  3590  3792 V WindowManager: , mNeedCanvasExitAnim=false, mMergeSecondTaskAnimation=false, mIsLaunchUnityStart=false, mIsLaunchFromAssistantByDefault=false, mSkipRemoteTransitionfalse, mIsStartFromKeyguard=false flags=0x0, mWCT=null, mIsOpenMergeToInValidPredictive=false, mPromoteTaskWhenKeyguard-1, mRootLayerZOrderArray={}}]}
04-12 01:10:46.520  8338  8381 V WindowManagerShell: loadAnimation: anim=android.view.animation.AnimationSet@19eecd animAttr=0x13 type=OPEN isEntrance=false
04-12 01:10:46.520  8338  8381 D OplusShellTransition: default transition handler transfer value refresh rate rect:Rect(0, 0 - 1264, 2780)
04-12 01:10:46.520  8338  8381 D OplusShellTransition: startAnimation transitionToken=android.os.BinderProxy@3885258
04-12 01:10:46.520  8338  8381 D AdfrV32FrameRateUtils: getAnimationVelocityCalculator, leash=Surface(name=Task=1)/@0x4804df6, transaction=android.view.SurfaceControl$Transaction@c85a9a9, typeId=20101, typeEnable=false
04-12 01:10:46.520  8338  8381 W OplusShellTransition: no system app in targets, skip loading oplus animation.
04-12 01:10:46.520  8338  8381 V WindowManagerShell: loadAnimation: anim=android.view.animation.AnimationSet@cef25ce animAttr=0x12 type=OPEN isEntrance=true
04-12 01:10:46.520  8338  8381 D OplusShellTransition: default transition handler transfer value refresh rate rect:Rect(0, 0 - 1264, 2780)
04-12 01:10:46.520  8338  8381 D OplusShellTransition: startAnimation transitionToken=android.os.BinderProxy@3885258
04-12 01:10:46.521  8338  8381 D AdfrV32FrameRateUtils: getAnimationVelocityCalculator, leash=Surface(name=Task=13212)/@0x56d3a91, transaction=android.view.SurfaceControl$Transaction@c85a9a9, typeId=20101, typeEnable=false
04-12 01:10:46.521  8338  8381 D OplusShellTransition: addBackgroundColorOnTask, , isTaskLevelTransition = true, hasBgAlready = false
04-12 01:10:46.521  8338  8381 V WindowManagerShell:  animated by com.android.wm.shell.transition.DefaultTransitionHandler@423c8cd
04-12 01:10:46.521  8338  8381 D OplusShellTransition: dispatchTransition, animated mHandler: com.android.wm.shell.transition.DefaultTransitionHandler@423c8cd
04-12 01:10:46.521  8338  8381 D ShellTaskOrganizer: Task appeared taskId=13212, parentTaskId=-1, taskVisibility=true
04-12 01:10:46.521  8338  8397 D AdfrV32FrameRateUtils: animationVelocityCalculator: nullbounds: 0 0 1264 2780
04-12 01:10:46.521  8338  8381 D ShellTaskOrganizerExt: visibleFlexibleTaskInfos delete:13212
04-12 01:10:46.521  8338  8381 D ShellTaskOrganizerExt: isOnCanvas size:0
04-12 01:10:46.521  8338  8381 D ShellTaskOrganizerExt: isOnThreeFlexibleCanvas size:0
04-12 01:10:46.521  8338  8397 D AdfrV32FrameRateUtils: animationVelocityCalculator: nullbounds: 0 0 1264 2780
04-12 01:10:46.523 28409 28409 I binance.monitor: isSwordfishLaunchAppEnabled_ 1 isSwordfishInstallAppEnabled_ 1
04-12 01:10:46.524 28409 28409 I binance.monitor: Late-enabling -Xcheck:jni
04-12 01:10:46.528  3590  8847 I BLASTSyncEngine: onCommitted syncId: 27634, timeout: false ran: false
04-12 01:10:46.529  8338  8397 D AdfrV32FrameRateUtils: animationVelocityCalculator: nullbounds: 0 0 1264 2780
04-12 01:10:46.529  8338  8397 D AdfrV32FrameRateUtils: animationVelocityCalculator: nullbounds: 0 0 1264 2780
04-12 01:10:46.537  8338  8397 D AdfrV32FrameRateUtils: animationVelocityCalculator: nullbounds: 0 0 1264 2780
04-12 01:10:46.537  8338  8397 D AdfrV32FrameRateUtils: animationVelocityCalculator: nullbounds: 0 0 1264 2780
04-12 01:10:46.541 28409 28409 E binance.monitor: Unknown bits set in runtime_flags: 0x40000000
04-12 01:10:46.541 28409 28409 I binance.monitor: Using CollectorTypeCMC GC.
04-12 01:10:46.544 19173 19180 I adbd    : jdwp connection from 28409
04-12 01:10:46.546  8338  8397 D AdfrV32FrameRateUtils: animationVelocityCalculator: nullbounds: 0 0 1264 2780
04-12 01:10:46.546  8338  8397 D AdfrV32FrameRateUtils: animationVelocityCalculator: nullbounds: 0 0 1264 2780
04-12 01:10:46.546 28409 28409 D nativeloader: Load libframework-connectivity-tiramisu-jni.so using APEX ns com_android_tethering for caller /apex/com.android.tethering/javalib/framework-connectivity-t.jar: ok
04-12 01:10:46.548 28409 28409 W libc    : Access denied finding property "persist.vendor.sys.activitylog"
04-12 01:10:46.548 28409 28409 I OneTrace: Mark active for pid=28409? true
04-12 01:10:46.548 28409 28409 D cutils-dev: otrace_set_tracing_enabled? true tag:0
04-12 01:10:46.548 28409 28421 D cutils-dev: properties changed in otrace_seq_number_changed!
04-12 01:10:46.550  3590  3792 D SensorServiceExtImpl: notifyApplicationLaunchStage processName=com.binance.monitor, uid=10512, pid=28409, stage=1
04-12 01:10:46.551  3590  8837 D SplitScreenAppReader: SPLIT_TOUCH support check:com.binance.monitor = false
04-12 01:10:46.551  3590  8837 D RGBNormalizeServer: OplusRGBNormalize feature enabled ? true
04-12 01:10:46.551  3590  8837 D ResourcesManagerCache: For package com.binance.monitor we got cacheList [null] appInfoExt is null ? false hasFeature ? false
04-12 01:10:46.552  3590  8837 D FlexibleTaskController: isFullToFlexibleAnimating: false
04-12 01:10:46.552  3590  8837 D WindowManager: rotation(ROTATION_0) no changed  displayId = 0, lastOrientation = 1
04-12 01:10:46.553  3590  8837 I TaskOrganizerController: onTaskInfoChanged taskid 13212 config { mBounds=Rect(0, 0 - 1264, 2780) mAppBounds=Rect(0, 0 - 1264, 2780) mMaxBounds=Rect(0, 0 - 1264, 2780) mDisplayRotation=ROTATION_0 mWindowingMode=fullscreen mActivityType=standard mAlwaysOnTop=undefined mRotation=ROTATION_0}
04-12 01:10:46.553  3590  8837 D OplusFlexibleDragToSplitAnimController: visibleFlexibleTaskInfos delete:13212
04-12 01:10:46.553 13847 14731 D OplusAtlas.OplusAudioScene: callback success event:atlas_event_on_foreground_activities_changed eventInfo:pid:28409,uid:10512,hasForegroundActivities:1
04-12 01:10:46.553  3590  8837 E FlexibleWindowManagerService: notifyTaskObserverToAttachController not need to notify!
04-12 01:10:46.553  3590  8837 I FlexibleWindowManagerService: onFlexibleWindowTaskInfoChanged, return for cur task not embedded
04-12 01:10:46.553  3590  8837 E OplusDexOptimizeManager: pkgSetting or primaryCpuAbi is null for package: com.binance.monitor
04-12 01:10:46.553 13847 14731 D MssPanelHelper: FOREGROUND_ACTIVITIES_CHANGED package: com.binance.monitor hasForegroundActivities: 1
04-12 01:10:46.553  8338  8381 D ShellTaskOrganizerExt: visibleFlexibleTaskInfos delete:13212
04-12 01:10:46.553  8338  8381 D ShellTaskOrganizerExt: isOnCanvas size:0
04-12 01:10:46.553  3590  8837 D OplusFeatureColorMode: ColorMode getColorMode =0
04-12 01:10:46.553  8338  8381 D ShellTaskOrganizerExt: isOnThreeFlexibleCanvas size:0
04-12 01:10:46.553  3590  8837 D ColorDisplayServiceExtImpl: getWCGVersion1App, packageName=com.binance.monitor, sSupportWCG1 = true, sSupportWCG3 = false, nRet = 0
04-12 01:10:46.553  2782  5326 D HoloAudio::SpecailizerPLService_Aidl: callClient:clientID:1 exist:1, event:18, isOneWay:0
04-12 01:10:46.553  3590  8480 I OPM     : handlePackageLaunched pkg: com.binance.monitor, uid: 10512, pid: 28409
04-12 01:10:46.553  3590  8480 D OPM     : preload hitted!
04-12 01:10:46.553  3590  8837 D ActivityTaskManager: onWindowFocusChanged Task{1b70458 #13212 type=standard A=10512:com.binance.monitor} would transfer to compact
04-12 01:10:46.553  3590  3830 I UserAwareMgr: handleTopAppChanged: com.binance.monitor, pid: 28409, uid: 10512
04-12 01:10:46.553  3590  8837 D ActivityTaskManager: NFW_setLastResumedActivityUncheckLocked:true r:ActivityRecord{184254410 u0 com.binance.monitor/.ui.main.MainActivity t13212} currentFocus:null
04-12 01:10:46.553  3590  8837 D WindowManager: NFW_findFocusedWindowIfNeeded:null mCurrentFocus:null
04-12 01:10:46.553  3590  8837 D FlexibleTaskController: onTaskFocusChanged prevTask:Task{735fad8 #2 type=undefined I=com.android.launcher/.Launcher} ,currentTask:Task{1b70458 #13212 type=standard A=10512:com.binance.monitor}, reason: realStartActivityLocked - onActivityStateChanged
04-12 01:10:46.553  3590  8837 D OplusFlexibleDCSManager: onNextPkgChanged pkg = com.binance.monitor
04-12 01:10:46.553  3590  8837 D OplusVisibleTasks:  notifyTaskFocusChange no need.
04-12 01:10:46.553  3590  8837 I OplusAppSwitchManagerService: appswitch hasProcess ActivityRecord{184254410 u0 com.binance.monitor/.ui.main.MainActivity t13212}
04-12 01:10:46.553  3590  7998 I [UAH_CLIENT]: UahEventAcquire, cmdid:0, pkg:com.binance.monitor, identity:com.android.server.wm
04-12 01:10:46.553  3590  8837 I OplusJoystickManager: handleApplicationSwitch deprecated!
04-12 01:10:46.553  3590  8837 I GameManagerServiceExt-GameManagerServiceExt: on FG change: com.android.launcher|com.binance.monitor
04-12 01:10:46.553  3590  8837 I OplusAppSwitchManagerService: appswitch hasProcess ActivityRecord{184254410 u0 com.binance.monitor/.ui.main.MainActivity t13212}
04-12 01:10:46.554  2782  5326 D HoloAudio::SpecailizerPLService_Aidl: getMssEnable --- com.binance.monitor[0]
04-12 01:10:46.554  8338  8397 D AdfrV32FrameRateUtils: animationVelocityCalculator: nullbounds: 0 0 1264 2780
04-12 01:10:46.554  3590  3872 D OplusAppSwitchListener: App Activity Change
04-12 01:10:46.554  3590  3872 D OplusAppSwitchListener: Detect com.android.launcher switch to background
04-12 01:10:46.554  3590  3872 D OplusFeatureReduceBrightness: onAppExit , info = com.android.launcher
04-12 01:10:46.554  3590  3872 D OplusAppSwitchListener: Detect com.binance.monitor switch to foreground
04-12 01:10:46.554  8092  8813 D AONLog  : TopActivityMonitor: OnAppSwitchObserver: onActivityExit , info = OplusAppExitInfo = {  targetName = com.android.launcher.Launcher hasResumingActivity = true resumingPackageName = com.binance.monitor resumingActivityName = com.binance.monitor.ui.main.MainActivity resumingWindowMode = 1 isResumingMultiApp = false isResumingFirstStart = true extension = Bundle[mParcelledData.dataSize=640]}
04-12 01:10:46.554  8092  8813 D AONLog  : IntelPerceptMgr: activityName Exit: com.android.launcher.Launcher
04-12 01:10:46.554  3590  3872 W OplusFeatureGlobalLimitBrightness: switch to display normal mode 
04-12 01:10:46.554  8338  8397 D AdfrV32FrameRateUtils: animationVelocityCalculator: nullbounds: 0 0 1264 2780
04-12 01:10:46.555  8092  8092 D AONLog  : IntelPerceptMgr: unRegisterRotationSensor:true
04-12 01:10:46.555  8092  8092 V SystemSensorManagerExtImpl: unRegisterListener by com.aiunit.aon.intelligentperception.n@cddd4ba
04-12 01:10:46.555  3590  8837 W SensorService: SensorEventConnection sensor handle=1782, package = com.aiunit.aon.intelligentperception.n disable
04-12 01:10:46.555  3590  8837 D SensorService: 0xb40000709970dc00 removeFd fd=1332
04-12 01:10:46.555  8337  9773 V OsAgent : broadcastSystemEvent - 7
04-12 01:10:46.555  3590  8837 D SensorService: SensorDevice::activate: ident=0xb40000709970dc00, handle=0x000006f6, enabled=0, count=1
04-12 01:10:46.555  3590  8837 D SensorService: disable index=0
04-12 01:10:46.555  3590  8837 D SensorService: activateHardware = 1
04-12 01:10:46.555  3590  8837 D SensorService: 	>>> actuating h/w activate handle=1782 enabled=0
04-12 01:10:46.555  2113  2113 I sensors-hal: activate:116, qti.sensor.rotation/1782 en=0
04-12 01:10:46.555  2113  2113 I sensors-hal: send_sync_sensor_request:443, send sync request
04-12 01:10:46.555  2113  2113 I sensors-hal: send_sync_sensor_request:472, wait for notification of response
04-12 01:10:46.555  3590  3862 D OplusBiometricsDisplayHelper: isFold: false, isUnblockByFp: null
04-12 01:10:46.555  3590  8591 D OplusWifiPower_TriggerCenter: mComponentCallback: fgapplist
04-12 01:10:46.555  3590  8591 D OplusEapManager: mTargetExitName :com.android.launcher
04-12 01:10:46.555  3590  3875 D VRR [OPlusRefreshRateService]: handleFrontAppChange pkgName: null
04-12 01:10:46.555  3590  8591 D OplusAppSwitchRuleInfo: generateAppEnterInfo - launch_source_type =  , launch_source_traceid = 
04-12 01:10:46.555  2384 29043 D AudioBoost: audioSchedBoost, pid=2384, tid=29043, enable=1, ret=0
04-12 01:10:46.555  3590  8591 D OplusAppSwitchRuleInfo: generateAppEnterInfo - launch_source_type =  , launch_source_traceid = 
04-12 01:10:46.555  2399  3162 D VRR [OTI-HW]: isStateReady 0
04-12 01:10:46.555  2399  3162 D VRR [OTI-HW]: keep rate.
04-12 01:10:46.556  3590  8591 D OplusAppSwitchRuleInfo: generateAppEnterInfo - launch_source_type =  , launch_source_traceid = 
04-12 01:10:46.556  2384 29043 D AudioFlingerExtImpl: AudioFlingerExtImpl oplusSetParameters: keyvalue onForegroundActivitiesChanged=com.binance.monitor:foreground:1|10512:28409
04-12 01:10:46.556  2384 29043 D AudioFlingerExtImpl: updateForegroundInfo, mapInf mForegroundMap(1)|[com.binance.monitor]=1, uidPidMapInf mForegroundUidPidMap(1)|[10512]=28409
04-12 01:10:46.556  3590  3795 D OplusBatteryManager: getPsyBatteryRm: 4746
04-12 01:10:46.556  3590  3795 D BatteryStatsImplExtImpl: resumedUid:10512 resumedBatteryLevel:100  resumedPackage:com.binance.monitor  resumedBatteryRealtimeCapacity:4746
04-12 01:10:46.556  3590  8591 D OplusAppSwitchRuleInfo: generateAppEnterInfo - launch_source_type =  , launch_source_traceid = 
04-12 01:10:46.556  3590  8591 D OplusAppSwitchRuleInfo: generateAppEnterInfo - launch_source_type =  , launch_source_traceid = 
04-12 01:10:46.556 15757 15772 W Battery : AppSwitchDetectorV2: OnAppSwitchObserver: onAppExit , info = OplusAppExitInfo = {  targetName = com.android.launcher hasResumingActivity = true resumingPackageName = com.binance.monitor resumingActivityName = com.binance.monitor.ui.main.MainActivity resumingWindowMode = 1 isResumingMultiApp = false isResumingFirstStart = true extension = Bundle[mParcelledData.dataSize=584]} lastReg=1775916343986
04-12 01:10:46.556 15757 15772 W Battery : AppSwitchManager: onAppSwitch: [m4.o$d@5fc51d5]
04-12 01:10:46.556  3590  8591 D OplusAppSwitchRuleInfo: generateAppEnterInfo - launch_source_type =  , launch_source_traceid = 
04-12 01:10:46.556  3590  8591 D OplusLatencyOptimizerManager: enter pkg: com.binance.monitor isPrevBlackAppTop: false mIsBlackAppTop: false
04-12 01:10:46.556  2113 28355 I sensors-hal: qsh_conn_resp_cb:793, resp_value = 0 for oplus_rotation_detect 
04-12 01:10:46.556  3590  3875 D VRR [OPlusRefreshRateService]: handleFrontAppChange pkgName: com.binance.monitor
04-12 01:10:46.556  3590  3875 D VRR [OPlusSAManager]: updateAutoMinfps for 4630946685746860179 with nits: 96.458, mHistOK true, mAmbientOK true, mCctOK true, mIrOK true, mBrightnessOK true, isPkgOK true, SA min fps: 119
04-12 01:10:46.556  3590  8591 I OPM     : home scene change to false
04-12 01:10:46.556  3590  8591 D OplusEapManager: mTargetEnterName :com.binance.monitor
04-12 01:10:46.556  3590  8591 D OplusAppSwitchRuleInfo: generateAppEnterInfo - launch_source_type =  , launch_source_traceid = 
04-12 01:10:46.556  3590  8591 D OplusAppSwitchRuleInfo: generateAppEnterInfo - launch_source_type =  , launch_source_traceid = 
04-12 01:10:46.556  3590  8591 D OplusAppSwitchRuleInfo: generateAppEnterInfo - launch_source_type =  , launch_source_traceid = 
04-12 01:10:46.556  3590  8591 D OplusAppSwitchRuleInfo: generateAppEnterInfo - launch_source_type =  , launch_source_traceid = 
04-12 01:10:46.556 14599 14669 V DCSEX-AppSwitchManager: OnAppSwitchObserver: onAppExit, resuming = com.binance.monitor, target = com.android.launcher, is ResumingFirstStart =  true, is ResumingMultiApp =  false, extensionInfo =  Bundle[mParcelledData.dataSize=584]
04-12 01:10:46.556  3590  8591 D OplusAppSwitchRuleInfo: generateAppEnterInfo - launch_source_type =  , launch_source_traceid = 
04-12 01:10:46.557  3590  3848 E OplusThermalStats: Error getting package info: com.binance.monitor
04-12 01:10:46.557  3590  8591 D OplusAppSwitchRuleInfo: generateActivityEnterInfo - launch_source_type =  , launch_source_traceid = 
04-12 01:10:46.557  3590  8591 D OplusAppSwitchRuleInfo: generateActivityEnterInfo - launch_source_type =  , launch_source_traceid = 
04-12 01:10:46.557  2384 29043 D AudioBoost: audioSchedBoost, pid=2384, tid=29043, enable=0, ret=0
04-12 01:10:46.557  3590  8591 D OplusAppSwitchRuleInfo: generateActivityEnterInfo - launch_source_type =  , launch_source_traceid = 
04-12 01:10:46.557  8092  8813 D AONLog  : TopActivityMonitor: onAppExit: info = OplusAppExitInfo = {  targetName = com.android.launcher hasResumingActivity = true resumingPackageName = com.binance.monitor resumingActivityName = com.binance.monitor.ui.main.MainActivity resumingWindowMode = 1 isResumingMultiApp = false isResumingFirstStart = true extension = Bundle[mParcelledData.dataSize=584]}
04-12 01:10:46.557  2113  2113 I sensors-hal: send_sync_sensor_request:478, takes 1 ms to receive the response with 0
04-12 01:10:46.557  3590  3795 D FlexibleTaskController: check task which not have enough child, isInSingleWhiteList:false isCloneTask:false
04-12 01:10:46.556 15757 15772 W Battery : ThermalControlUtils: mForegroundPkg=com.binance.monitor mLastWindowMode=1
04-12 01:10:46.557 15757 15772 W Battery : StateManager: getAppType com.binance.monitor, last=1775927158995
04-12 01:10:46.557 15757 15772 W Battery : ThermalControllerCenter: mSafetyState=00000,  mSafetyTestConfigList=01111,10111,11011,11101,11110,00111,01011,01101,01110,10011,10101,10110,11001,11010,11100,11111
04-12 01:10:46.557 15757 15772 W Battery : ThermalControlConfig: mNonBigVersionOtaPeriodVal=2
04-12 01:10:46.557 15757 15772 W Battery : ThermalControllHandler: tempLevel=[0],userMode=2,gameUserMode=-1,appType=-1,envTempType=0,appStates=[],appSwitchSafetyMode=true,split=[],float={},full=[com.binance.monitor], tempGear=[0],configItemName=common_config
04-12 01:10:46.557 15757 15772 W Battery : StateManager: getAppType com.binance.monitor, last=1775927158995
04-12 01:10:46.557 15757 21309 W Battery : AppSceneCenter: PerfPolicy not enable!
04-12 01:10:46.558 14599  8049 D DCSEX-AppLaunchEventRecorder: onAppSwitch from = com.android.launcher to = com.binance.monitor
04-12 01:10:46.558 14011 14029 I Athena  : AthenaDynamicReceiver: pre_app:com.android.launcher, next_app:com.binance.monitor(10512|28409)
04-12 01:10:46.558 14599 14669 V DCSEX-AppSwitchManager: OnAppSwitchObserver: onAppEnter, launchedFrom =  com.android.shell, target =  com.binance.monitor, is firstStart =  true, is multiApp =  false, extensionInfo =  Bundle[mParcelledData.dataSize=976], launch_source_type =  , launch_source_traceid =  
04-12 01:10:46.558  8338  8338 I PluginSeedling--Origin: LiveAlertInteractorImpl-->notifyEntryDataChanged ENTRY_STATUS_BAR, result:, noe: false
04-12 01:10:46.558  8338  8338 I PluginSeedling--Origin: LiveAlertInteractorImpl-->notifyEntryDataChanged ENTRY_NOTIFICATION, result:, noe: false
04-12 01:10:46.558  8338  8338 I PluginSeedling--Notification: NotificationRepository-->onDataChanged, []
04-12 01:10:46.559  2013  2036 E statsd  : Stats puller failed for tag: 150134 at 974661968922511
04-12 01:10:46.559  6374 32048 D SceneSDK.1.0.4-SNAPSHOT.6374.DeepThinkerAppSwitchAbility: onAppSwitchEvent: AppSwitchEvent(timeStamp=1775927446558, eventType=2, targetName=com.android.launcher, firstStart=false, multiApp=false, windowMode=0, resumingPackageName=com.binance.monitor, resumingActivityName=com.binance.monitor.ui.main.MainActivity, isResumingMultiApp=false, isResumingFirstStart=true)
04-12 01:10:46.559  6374 23651 D SceneSDK.1.0.4-SNAPSHOT.6374.DeepThinkerAppSwitchAbility: onAppSwitchEvent: AppSwitchEvent(timeStamp=1775927446558, eventType=2, targetName=com.android.launcher, firstStart=false, multiApp=false, windowMode=0, resumingPackageName=com.binance.monitor, resumingActivityName=com.binance.monitor.ui.main.MainActivity, isResumingMultiApp=false, isResumingFirstStart=true)
04-12 01:10:46.559  6374 32048 I ContextAware_AppRecommendAdapter: receive app recommend from AppSwitchEvent(eventId=2, switchInfo=AppSwitchInfo(targetName=com.android.launcher, firstStart=false, multiApp=false, windowMode=0, resumingPackageName=com.binance.monitor, resumingActivityName=com.binance.monitor.ui.main.MainActivity, isResumingFirstStart=true, isResumingMultiApp=false))
04-12 01:10:46.559  6374 23651 I metis_v2_AppSwitchDataCollector: AppExitEvent =  com.android.launcher, NextAppName = com.binance.monitor
04-12 01:10:46.559  6374 32048 I ContextAware_AppRecentAdapter: click enter:com.binance.monitor
04-12 01:10:46.559 15757 16090 W Battery : ThermalControllHandler: MSG_THERMAL_CONTROL_CATEGORY_CHANGED
04-12 01:10:46.559  3590  7959 D BackgroundInstallControlService: Package event received: 0
04-12 01:10:46.559  3590  9766 E KernelCpuUidFreqTimeReader: Negative delta from freq time for uid: 10194, delta: -15
04-12 01:10:46.559  2113  2113 I sensors-hal: ~qsh_qmi:68, ~qsh_qmi
04-12 01:10:46.559  2113  2113 I sensors-hal: activate:135, qti.sensor.rotation/1782 en=0 completed
04-12 01:10:46.559  3590  8837 D SensorServiceExtImpl: setLastEventStateForDisable reset the mRecentEvent handle = 1782
04-12 01:10:46.559  3590  8837 D SensorServiceExtImpl: disable reset the lastEvent handle = 1782 in disable
04-12 01:10:46.560  3590  8837 D SensorService: 15 active sensors
04-12 01:10:46.560  3590  8847 D SensorService: ~SensorEventConnection(0xb40000709970dc00)
04-12 01:10:46.560 28409 28427 D OplusActivityManager: get AMS extension: android.os.BinderProxy@f01ca2
04-12 01:10:46.560  3590  9766 I OStatsManager_Calc: add screen power pkgName = com.android.launcher, uid = 10214, power = 332.7345599979162, is Fg = true, fore size = 1, mScale = 1.0
04-12 01:10:46.560  3590  9766 I OStatsManager_Calc: noteBeforePkgSwitch change = true, curTime = 974661967, com.binance.monitor, fg = false
04-12 01:10:46.560  3590  9766 I OStatsManager_OplusBatteryStatsManager: updateStateTime: PkgName = com.binance.monitor, uid = 10512, state to fg, mForegroundCnt = 1, isFg = true
04-12 01:10:46.560  3590  9766 I OStatsManager_OplusBatteryStatsManager: notePkgForeground [com.android.launcher10214, com.binance.monitor10512], uid = 10512, pid = 28409, pkgName = com.binance.monitor
04-12 01:10:46.560  6374 32048 I ContextAware_AppRecommendAlgorithm: After sort is [AppOrder{pkg='com.binance.monitor', score=20.881073', hourWeight=0.028328612', dayWeight=0.6}, AppOrder{pkg='com.xingin.xhs', score=3.8740633', hourWeight=0.06719368', dayWeight=0.6}, AppOrder{pkg='com.mobilecodex.nativeapp', score=2.5967526', hourWeight=0.08411215', dayWeight=0.1}, AppOrder{pkg='com.tencent.mm', score=0.15976624', hourWeight=0.022196261', dayWeight=0.6}, AppOrder{pkg='com.binance.dev', score=0.053563144', hourWeight=0.02', dayWeight=0.3}, AppOrder{pkg='com.uusense.speed', score=0.040000003', hourWeight=0.02', dayWeight=0.1}, AppOrder{pkg='net.metaquotes.metatrader5', score=0.03280713', hourWeight=0.032258064', dayWeight=0.2}, AppOrder{pkg='com.microsoft.emmx', score=0.010565124', hourWeight=0.042918455', dayWeight=0.2}, AppOrder{pkg='com.taobao.idlefish', score=0.008064351', hourWeight=0.06779661', dayWeight=0.2}, AppOrder{pkg='com.netease.mail', score=0.005300892', hourWeight=0.07692308', dayWeight=0.1}, AppOrder{pkg='com.xunmeng.pinduoduo', score=0.0029024202', hourWeight=0.02', dayWeight=0.2}, AppOrder{pkg='com.ss.android.ugc.aweme', score=0.0025678559', hourWeight=0.026548672', dayWeight=0.1}, AppOrder{pkg='com.jin10', score=0.0019023916', hourWeight=0.02', dayWeight=0.1}, AppOrder{pkg='com.smzdm.client.android', score=0.0018866229', hourWeight=0.02', dayWeight=0.1}, AppOrder{pkg='com.autonavi.minimap', score=0.001562339', hourWeight=0.02', dayWeight=0.1}, AppOrder{pkg='com.greenpoint.android.mc10086.activity', score=0.0010588228', hourWeight=0.04347826', dayWeight=0.1}, AppOrder{pkg='com.eg.android.AlipayGphone', score=7.1886735E-4', hourWeight=0.02', dayWeight=0.1}, AppOrder{pkg='com.sankuai.meituan', score=7.1749045E-4', hourWeight=0.02', dayWeight=0.1}, AppOrder{pkg='com.eastmoney.android.berlin', score=6.7595084E-4', hourWeight=0.02', dayWeight=0.1}, AppOrder{pkg='com.ai.obc.cbn.app', score=6.5929483E-4', hourWeight=0.02', dayWeight=0.1}, AppOrder{pkg='com.tencent.mobileqq', score=6.167373E-4', hourWeight=0.0625', dayWeight=0.1}, AppOrder{pkg='com.coloros.codebook', score=5.7631265E-4', hourWeight=0.02', dayWeight=0.1}, AppOrder{pkg='com.sdu.didi.psnger', score=4.7381048E-4', hourWeight=0.02', dayWeight=0.1}, AppOrder{pkg='com.v2ray.ang', score=4.443187E-4', hourWeight=0.02', dayWeight=0.1}, AppOrder{pkg='com.jingdong.app.mall', score=4.07508E-4', hourWeight=0.02', dayWeight=0.1}, AppOrder{pkg='com.wm.dmall', score=4.0483504E-4', hourWeight=0.02', dayWeight=0.1}, AppOrder{pkg='com.github.kr328.clash', score=3.884179E-4', hourWeight=0.02', dayWeight=0.1}, AppOrder{pkg='com.android.vending', score=3.8231982E-4', hourWeight=0.02', dayWeight=0.1}, AppOrder{pkg='com.follow.clash', score=3.5675158E-4', hourWeight=0.02', dayWeight=0.1}, AppOrder{pkg='com.ct.client', score=3.540807E-4', hourWeight=0.02', dayWeight=0.1}, AppOrder{pkg='com.dianping.v1', score=3.3942595E-4', hourWeight=0.02', dayWeight=0.1}, AppOrder{pkg='com.taobao.taobao', score=2.8813645E-4', hourWeight=0.02', dayWeight=0.1}, AppOrder{pkg='com.coloros.calculator', score=2.4287117E-4', hourWeight=0.02', dayWeight=0.1}, AppOrder{pkg='com.larus.nova', score=2.0553017E-4', hourWeight=0.02', dayWeight=0.1}, AppOrder{pkg='com.crcc.tjt', score=1.9632603E-4', hourWeight=0.02', dayWeight=0.1}, AppOrder{pkg='air.tv.douyu.android', score=1.8240079E-4', hourWeight=0.02', dayWeight=0.1}, AppOrder{pkg='com.jd.jrapp', score=1.3068528E-4', hourWeight=0.02', dayWeight=0.1}, AppOrder{pkg='com.oplus.notificationmanager', score=1.2919326E-4', hourWeight=0.02', dayWeight=0.1}, AppOrder{pkg='com.oplus.appdetail', score=1.2702249E-4', hourWeight=0.02', dayWeight=0.1}, AppOrder{pkg='com.icbc', score=1.1515412E-4', hourWeight=0.02', dayWeight=0.1}, AppOrder{pkg='com.baidu.BaiduMap', score=1.10414236E-4', hourWeight=0.02', dayWeight=0.1}, AppOrder{pkg='com.youdao.dict', score=1.0048297E-4', hourWeight=0.02', dayWeight=0.1}, AppOrder{pkg='com.boohee.one', score=9.210537E-5', hourWeight=0.02', dayWeight=0.1}, AppOrder{pkg='cn.gov.tax.[1/2] 
04-12 01:10:46.560  6374 32048 I ContextAware_AppRecommendAlgorithm: its', score=8.333326E-5', hourWeight=0.02', dayWeight=0.1}, AppOrder{pkg='com.garmin.android.apps.connectmobile', score=7.938126E-5', hourWeight=0.02', dayWeight=0.1}, AppOrder{pkg='io.legado.app.release', score=7.815091E-5', hourWeight=0.02', dayWeight=0.1}, AppOrder{pkg='cmb.pb', score=7.43083E-5', hourWeight=0.02', dayWeight=0.1}, AppOrder{pkg='cn.wps.moffice_eng', score=6.596721E-5', hourWeight=0.02', dayWeight=0.1}, AppOrder{pkg='com.qidian.QDReader', score=6.107994E-5', hourWeight=0.02', dayWeight=0.1}, AppOrder{pkg='com.citiccard.mobilebank', score=5.909871E-5', hourWeight=0.02', dayWeight=0.1}, AppOrder{pkg='com.openai.chatgpt', score=5.6373807E-5', hourWeight=0.02', dayWeight=0.1}, AppOrder{pkg='com.ex3ndr.happy', score=4.899176E-5', hourWeight=0.02', dayWeight=0.1}, AppOrder{pkg='com.cs_credit_bank', score=4.789695E-5', hourWeight=0.02', dayWeight=0.1}, AppOrder{pkg='com.duxiaoman.wallet', score=3.773308E-5', hourWeight=0.02', dayWeight=0.1}, AppOrder{pkg='com.oplus.wallpapers', score=3.2571395E-5', hourWeight=0.02', dayWeight=0.1}, AppOrder{pkg='com.apkpure.aegon', score=2.545993E-5', hourWeight=0.02', dayWeight=0.1}, AppOrder{pkg='com.github.android', score=2.5459718E-5', hourWeight=0.02', dayWeight=0.1}, AppOrder{pkg='com.wansu.motocircle', score=2.1581522E-5', hourWeight=0.02', dayWeight=0.1}, AppOrder{pkg='ctrip.android.view', score=2.0330212E-5', hourWeight=0.02', dayWeight=0.1}, AppOrder{pkg='com.lb.app_manager', score=1.8652729E-5', hourWeight=0.02', dayWeight=0.1}, AppOrder{pkg='com.google.android.youtube', score=1.8494567E-5', hourWeight=0.02', dayWeight=0.1}, AppOrder{pkg='com.bankofbeijing.mobilebanking', score=1.8494567E-5', hourWeight=0.02', dayWeight=0.1}, AppOrder{pkg='com.google.android.gms', score=1.6563146E-5', hourWeight=0.02', dayWeight=0.1}, AppOrder{pkg='com.pingan.carowner', score=1.6563146E-5', hourWeight=0.02', dayWeight=0.1}, AppOrder{pkg='com.heytap.mydevices', score=1.475694E-5', hourWeight=0.02', dayWeight=0.1}, AppOrder{pkg='com.oplus.encryption', score=1.2667155E-5', hourWeight=0.02', dayWeight=0.1}, AppOrder{pkg='com.chinamobile.mcloud', score=1.0989874E-5', hourWeight=0.02', dayWeight=0.1}, AppOrder{pkg='com.heytap.browser', score=1.0166764E-5', hourWeight=0.02', dayWeight=0.1}, AppOrder{pkg='com.oplus.wirelesssettings', score=9.594477E-6', hourWeight=0.02', dayWeight=0.1}, AppOrder{pkg='com.oplus.trafficmonitor', score=7.791576E-6', hourWeight=0.02', dayWeight=0.1}, AppOrder{pkg='com.oplus.battery', score=7.5046923E-6', hourWeight=0.02', dayWeight=0.1}, AppOrder{pkg='com.lolaage.tbulu.tools', score=6.2709755E-6', hourWeight=0.02', dayWeight=0.1}, AppOrder{pkg='com.oplus.multiapp', score=3.895788E-6', hourWeight=0.02', dayWeight=0.1}, AppOrder{pkg='com.android.phone', score=3.895788E-6', hourWeight=0.02', dayWeight=0.1}, AppOrder{pkg='com.heytap.market', score=3.7670657E-6', hourWeight=0.02', dayWeight=0.1}, AppOrder{pkg='com.oplus.blacklistapp', score=2.500391E-6', hourWeight=0.02', dayWeight=0.1}, AppOrder{pkg='com.coloros.sceneservice', score=1.2666746E-6', hourWeight=0.02', dayWeight=0.1}][2/2] 
04-12 01:10:46.561  6374 32048 I ContextAware_AppRecommendDispatch: dispatch app event with app_recommend_event
04-12 01:10:46.561 28409 28427 D SurfaceSyncGroup: preCreateSurfaceSyncGroupTimerThread
04-12 01:10:46.561  6374 32048 I ContextAware_AppRecallManager: app recommend fire count:7
04-12 01:10:46.561 12992 13889 I DeepThinker: IntentManager: onIntentProduced 1
04-12 01:10:46.561 12992 13889 I DeepThinker: IntentManager: dispatchIntents 1
04-12 01:10:46.561 28409 28409 D CompactWindowAppManager: initCompactApplicationInfo CompactMode: , NormalMode: 
04-12 01:10:46.562  6374 32048 D SceneSDK.1.0.4-SNAPSHOT.6374.DeepThinkerAppSwitchAbility: onAppSwitchEvent: AppSwitchEvent(timeStamp=1775927446561, eventType=1, targetName=com.binance.monitor, firstStart=true, multiApp=false, windowMode=1, resumingPackageName=, resumingActivityName=, isResumingMultiApp=false, isResumingFirstStart=false)
04-12 01:10:46.562  6374 32048 I ContextAware_AppRecommendAdapter: receive app recommend from AppSwitchEvent(eventId=1, switchInfo=AppSwitchInfo(targetName=com.binance.monitor, firstStart=true, multiApp=false, windowMode=1, resumingPackageName=, resumingActivityName=, isResumingFirstStart=false, isResumingMultiApp=false))
04-12 01:10:46.562 12992 13864 I DeepThinker: EventFountainDispatcher: dispatchSpecificIntents 1
04-12 01:10:46.562 12992 13864 I DeepThinker: EventFountainDispatcher: dispatchSpecificIntents com.pantanal.action.APPS_LIST
04-12 01:10:46.562  6374  6445 E metis_v2_JenaHandlerManager: local thread match
04-12 01:10:46.562  8338  8397 D AdfrV32FrameRateUtils: animationVelocityCalculator: nullbounds: 0 0 1264 2780
04-12 01:10:46.563  8338  8397 D AdfrV32FrameRateUtils: animationVelocityCalculator: nullbounds: 0 0 1264 2780
04-12 01:10:46.563  6374  6445 E metis_v2_JenaHandlerManager: local thread match
04-12 01:10:46.563 28409 28409 V Configuration: Updating configuration, locales updated from [] to [zh_CN]
04-12 01:10:46.563 28409 28427 D ColorModeChangeItem: preExecute mColorMode=0
04-12 01:10:46.563  6374 23651 D SceneSDK.1.0.4-SNAPSHOT.6374.DeepThinkerAppSwitchAbility: onAppSwitchEvent: AppSwitchEvent(timeStamp=1775927446561, eventType=1, targetName=com.binance.monitor, firstStart=true, multiApp=false, windowMode=1, resumingPackageName=, resumingActivityName=, isResumingMultiApp=false, isResumingFirstStart=false)
04-12 01:10:46.563  6374 23651 I metis_v2_AppSwitchDataCollector: AppEnterEvent =  com.binance.monitor, windowMode = 1,firstStart = true
04-12 01:10:46.563  6374 23651 W metis_v2_AppSwitchDataCollector: fenceKey = com.oplus.metis:TOP_APPLICATION, getExits = [], getEnters = [] packageName = com.binance.monitor
04-12 01:10:46.563 28409 28409 D OplusScrollToTopManager: setIsInWhiteList false
04-12 01:10:46.564 28409 28409 D OplusViewDebugManager: OplusViewDebugManager Constructor android.view.debug.OplusViewDebugManager@a1548f0 [mHasViewDebugProperty true] [mHasMsgDebugProperty false] [DEBUG false] [EXTRAINFOENABLE false] [LIGHT_OS false]
04-12 01:10:46.564  6374 23651 W metis_v2_AppSwitchDataCollector: pid = 28409, cachePid=27079
04-12 01:10:46.564  6374 23651 I metis_v2_AppSwitchDataCollector:  set isNotifiedTVCast
04-12 01:10:46.564  2013  2036 W statsd  : StatsPullerManager: Unknown tagId 150146
04-12 01:10:46.564  2013  2036 E statsd  : Stats puller failed for tag: 150146 at 974661968922511
04-12 01:10:46.564 28409 28409 D CompatChangeReporter: Compat change id reported: 242716250; UID 10512; state: ENABLED
04-12 01:10:46.564  2399  8068 I OplusPerfCollect: OplusPerfCollect onPullAtom
04-12 01:10:46.564  2399  8068 I OplusPerfCollect: OplusPerfCollect OplusVrrInfoRecord clear
04-12 01:10:46.564  2013  2036 I statsd  : An anomaly (104240000001) (42)0x10000->10512[I] (42)0x20000->com.binance.monitor[S] (42)0x30000->.ui.main.MainActivity[S]  has occurred! Informing subscribers.
04-12 01:10:46.565  2013  2036 E statsd  : Predicate 1508000004 dropping data for dimension key (100234)0x10000->10512[I] 
04-12 01:10:46.565 10250 16912 D midasd  : PowerFactors is null 
04-12 01:10:46.565  2013  2036 W statsd  : StatsPullerManager: Unknown tagId 150146
04-12 01:10:46.565  2013  2036 E statsd  : Gauge Stats puller failed for tag: 150146 at 974661971082615
04-12 01:10:46.565  2278  2278 I CameraMidasService: getExplorerInfo The size of ExplorerInfo is 240 ,The size of ExplorerInfo is 0, The memory size of ExplorerInfo is 0
04-12 01:10:46.565 10250 16912 D midasd  : getExplorerInfo is null 
04-12 01:10:46.565 10250 16917 I midasd  : app forground called:com.binance.monitor
04-12 01:10:46.565  2013  2036 I statsd  : An anomaly (119840000001) (100198)0x10000->com.binance.monitor[S] (100198)0x20000->10512[I]  has occurred! Informing subscribers.
04-12 01:10:46.565 15031 15272 I OplusObrain: OplusObrainClientInvoke.getAllTopAppInfos
04-12 01:10:46.566  3590  8173 D FlexibleTaskController: check task which not have enough child, isInSingleWhiteList:false isCloneTask:false
04-12 01:10:46.566 15031 15272 I OplusObrain: OplusObrainClientInvoke.nativeGetTelephonyInfo
04-12 01:10:46.566 15031 15272 I OplusObrain: OplusObrainClientInvoke.nativeGetTrafficTypeInfoForNetworkType networkType 0
04-12 01:10:46.566  3590  8173 D KernelStatsHelper: getKernelStats start!
04-12 01:10:46.566  3590  7988 D OplusNetlinkSocket: handleNetlinkRecvKernelMessage:nlmsghdr:StructNlMsgHdr{ nlmsg_len{3004}, nlmsg_type{43()}, nlmsg_flags{0()}, nlmsg_seq{0}, nlmsg_pid{235282228} }
04-12 01:10:46.566  3590  7988 D KernelStatsHelper: get magic :[-1, -1, -1, 77, 65, 71, 73, 67]
04-12 01:10:46.566  3590  7988 D KernelStatsHelper: magic matched count:626 data_len:32552
04-12 01:10:46.566  3590  7988 D OplusNetlinkSocket: handleNetlinkRecvKernelMessage:nlmsghdr:StructNlMsgHdr{ nlmsg_len{2988}, nlmsg_type{43()}, nlmsg_flags{0()}, nlmsg_seq{0}, nlmsg_pid{235282228} }
04-12 01:10:46.566  3590  7988 D OplusNetlinkSocket: handleNetlinkRecvKernelMessage:nlmsghdr:StructNlMsgHdr{ nlmsg_len{2988}, nlmsg_type{43()}, nlmsg_flags{0()}, nlmsg_seq{0}, nlmsg_pid{235282228} }
04-12 01:10:46.566  3590  7988 D OplusNetlinkSocket: handleNetlinkRecvKernelMessage:nlmsghdr:StructNlMsgHdr{ nlmsg_len{2988}, nlmsg_type{43()}, nlmsg_flags{0()}, nlmsg_seq{0}, nlmsg_pid{235282228} }
04-12 01:10:46.566  3590  7988 D OplusNetlinkSocket: handleNetlinkRecvKernelMessage:nlmsghdr:StructNlMsgHdr{ nlmsg_len{2988}, nlmsg_type{43()}, nlmsg_flags{0()}, nlmsg_seq{0}, nlmsg_pid{235282228} }
04-12 01:10:46.566  3590  7988 D OplusNetlinkSocket: handleNetlinkRecvKernelMessage:nlmsghdr:StructNlMsgHdr{ nlmsg_len{2988}, nlmsg_type{43()}, nlmsg_flags{0()}, nlmsg_seq{0}, nlmsg_pid{235282228} }
04-12 01:10:46.566  3590  7988 D OplusNetlinkSocket: handleNetlinkRecvKernelMessage:nlmsghdr:StructNlMsgHdr{ nlmsg_len{2988}, nlmsg_type{43()}, nlmsg_flags{0()}, nlmsg_seq{0}, nlmsg_pid{235282228} }
04-12 01:10:46.566  3590  7988 D OplusNetlinkSocket: handleNetlinkRecvKernelMessage:nlmsghdr:StructNlMsgHdr{ nlmsg_len{2988}, nlmsg_type{43()}, nlmsg_flags{0()}, nlmsg_seq{0}, nlmsg_pid{235282228} }
04-12 01:10:46.566  3590  7988 D OplusNetlinkSocket: handleNetlinkRecvKernelMessage:nlmsghdr:StructNlMsgHdr{ nlmsg_len{2988}, nlmsg_type{43()}, nlmsg_flags{0()}, nlmsg_seq{0}, nlmsg_pid{235282228} }
04-12 01:10:46.566  3590  7988 D OplusNetlinkSocket: handleNetlinkRecvKernelMessage:nlmsghdr:StructNlMsgHdr{ nlmsg_len{2988}, nlmsg_type{43()}, nlmsg_flags{0()}, nlmsg_seq{0}, nlmsg_pid{235282228} }
04-12 01:10:46.566  3590  7988 D OplusNetlinkSocket: handleNetlinkRecvKernelMessage:nlmsghdr:StructNlMsgHdr{ nlmsg_len{2936}, nlmsg_type{43()}, nlmsg_flags{0()}, nlmsg_seq{0}, nlmsg_pid{235282228} }
04-12 01:10:46.567  3590  7988 D KernelStatsHelper: data over! check: true
04-12 01:10:46.568 28409 28409 W libc    : Access denied finding property "ro.odm.prev.product.name"
04-12 01:10:46.569  6374 23651 E metis_v2_FactManager: There is no subModel: com.oplus.linker
04-12 01:10:46.569  6374 23651 I metis_v2_AppSwitchDataCollector: Skip call fire
04-12 01:10:46.569  6374 28431 I ContextAware_AppSortAlgorithmManager: sortForAppRecommendChange sendMessage
04-12 01:10:46.571  8338  8397 D AdfrV32FrameRateUtils: animationVelocityCalculator: nullbounds: 0 0 1264 2780
04-12 01:10:46.571  8338  8397 D AdfrV32FrameRateUtils: animationVelocityCalculator: nullbounds: 0 0 1264 2780
04-12 01:10:46.578  6374  8229 I ContextAware_AppDispatcher: dispatch app list:59,Total packages:com.binance.monitor,com.xingin.xhs,com.mobilecodex.nativeapp,com.tencent.mm,com.binance.dev,com.uusense.speed,net.metaquotes.metatrader5,com.microsoft.emmx,com.taobao.idlefish,com.netease.mail,com.xunmeng.pinduoduo,com.ss.android.ugc.aweme,com.jin10,com.smzdm.client.android,com.autonavi.minimap,com.greenpoint.android.mc10086.activity,com.eg.android.AlipayGphone,com.sankuai.meituan,com.eastmoney.android.berlin,com.ai.obc.cbn.app,com.tencent.mobileqq,com.sdu.didi.psnger,com.v2ray.ang,com.jingdong.app.mall,com.wm.dmall,com.github.kr328.clash,com.android.vending,com.follow.clash,com.ct.client,com.dianping.v1,com.taobao.taobao,com.coloros.calculator,com.larus.nova,com.crcc.tjt,air.tv.douyu.android,com.jd.jrapp,com.icbc,com.baidu.BaiduMap,com.youdao.dict,com.boohee.one,cn.gov.tax.its,com.garmin.android.apps.connectmobile,io.legado.app.release,cmb.pb,cn.wps.moffice_eng,com.qidian.QDReader,com.citiccard.mobilebank,com.openai.chatgpt,com.cs_credit_bank,com.duxiaoman.wallet,com.apkpure.aegon,com.github.android,ctrip.android.view,com.google.android.youtube,com.bankofbeijing.mobilebanking,com.pingan.carowner,com.heytap.browser,com.lolaage.tbulu.tools,com.heytap.market
04-12 01:10:46.578  6374  8229 I metis_v2_BreenoSwitchSettingObserver: panta-sugg-getMasterSwitchStatus from cache:true
04-12 01:10:46.579  8338  8397 D AdfrV32FrameRateUtils: animationVelocityCalculator: nullbounds: 0 0 1264 2780
04-12 01:10:46.579  8338  8397 D AdfrV32FrameRateUtils: animationVelocityCalculator: nullbounds: 0 0 1264 2780
04-12 01:10:46.583  6374  8229 I ContextAware_CardChannelHandler: [breeno-launcher]no card, release not send
04-12 01:10:46.586  6374  8229 I ContextAware_CardChannelHandler: [subscription2x4-launcher]no card, release not send
04-12 01:10:46.587  8338  8397 D AdfrV32FrameRateUtils: animationVelocityCalculator: nullbounds: 0 0 1264 2780
04-12 01:10:46.587  8338  8397 D AdfrV32FrameRateUtils: animationVelocityCalculator: nullbounds: 0 0 1264 2780
04-12 01:10:46.590  6374  8229 I ContextAware_CardChannelHandler: [subscription2x2-launcher]no card, release not send
04-12 01:10:46.590  6374  8229 I metis_v2_BreenoSwitchSettingObserver: panta-sugg-getMasterSwitchStatus from cache:true
04-12 01:10:46.594  6374  8229 I ContextAware_CardChannelHandler: [breeno-launcher_2x4]no card, release not send
04-12 01:10:46.596  8338  8397 D AdfrV32FrameRateUtils: animationVelocityCalculator: nullbounds: 0 0 1264 2780
04-12 01:10:46.596  8338  8397 D AdfrV32FrameRateUtils: animationVelocityCalculator: nullbounds: 0 0 1264 2780
04-12 01:10:46.604  8338  8397 D AdfrV32FrameRateUtils: animationVelocityCalculator: nullbounds: 0 0 1264 2780
04-12 01:10:46.604  8338  8397 D AdfrV32FrameRateUtils: animationVelocityCalculator: nullbounds: 0 0 1264 2780
04-12 01:10:46.606  8730  9060 I SystemUiProxy: SystemUiProxy#getRecentTasks isInGoRecentsAnim: false
04-12 01:10:46.606  3590  8837 D ActivityTaskManager: Skipping, invisible task: Task{735fad8 #2 type=undefined I=com.android.launcher/.Launcher}
04-12 01:10:46.606  3590  8837 D ActivityTaskManager: after skip size:7,pre-Filtered:com.binance.monitor # com.mobilecodex.nativeapp # com.tencent.mm # com.android.contacts # com.coloros.filemanager # com.tencent.mm # com.ss.android.ugc.aweme # 
04-12 01:10:46.607  3590  8837 D LockSettingsService: [getSeparateProfileChallengeEnabled] userId = 999
04-12 01:10:46.612  8338  8397 D AdfrV32FrameRateUtils: animationVelocityCalculator: nullbounds: 0 0 1264 2780
04-12 01:10:46.612  8338  8397 D AdfrV32FrameRateUtils: animationVelocityCalculator: nullbounds: 0 0 1264 2780
04-12 01:10:46.621  8338  8397 D AdfrV32FrameRateUtils: animationVelocityCalculator: nullbounds: 0 0 1264 2780
04-12 01:10:46.621  8338  8397 D AdfrV32FrameRateUtils: animationVelocityCalculator: nullbounds: 0 0 1264 2780
04-12 01:10:46.629  8338  8397 D AdfrV32FrameRateUtils: animationVelocityCalculator: nullbounds: 0 0 1264 2780
04-12 01:10:46.629  8338  8397 D AdfrV32FrameRateUtils: animationVelocityCalculator: nullbounds: 0 0 1264 2780
04-12 01:10:46.637  8338  8397 D AdfrV32FrameRateUtils: animationVelocityCalculator: nullbounds: 0 0 1264 2780
04-12 01:10:46.637  8338  8397 D AdfrV32FrameRateUtils: animationVelocityCalculator: nullbounds: 0 0 1264 2780
04-12 01:10:46.638  2280  2331 D BatteryChargeControl: bcc get no support from charging protocol
04-12 01:10:46.641  2181  7371 E CwbService: Panel not support apl read or getDisplayPanelAplValue timeout 10ms.
04-12 01:10:46.641  2258  2258 D SensorFeature: name=ssc_screenshot_info ,index = 22
04-12 01:10:46.641  2258  2258 D SensorFeature: write 39 bytes:974662036604178,974662044937511,29154,0
04-12 01:10:46.646  8338  8397 D AdfrV32FrameRateUtils: animationVelocityCalculator: nullbounds: 0 0 1264 2780
04-12 01:10:46.646  8338  8397 D AdfrV32FrameRateUtils: animationVelocityCalculator: nullbounds: 0 0 1264 2780
04-12 01:10:46.648 28409 28409 D nativeloader: Configuring clns-9 for other apk /data/app/~~MIB_ye3-tC518YeSlCa_WQ==/com.binance.monitor-WEfgZimBl4Ys--ePzAa5YQ==/base.apk. target_sdk_version=34, uses_libraries=, library_path=/data/app/~~MIB_ye3-tC518YeSlCa_WQ==/com.binance.monitor-WEfgZimBl4Ys--ePzAa5YQ==/lib/arm64, permitted_path=/data:/mnt/expand:/data/user/0/com.binance.monitor
04-12 01:10:46.652 28409 28409 I binance.monitor: AssetManager2(0xb400007246ca0428) locale list changing from [] to [zh-CN]
04-12 01:10:46.654 28409 28409 V GraphicsEnvironment: Currently set values for:
04-12 01:10:46.654 28409 28409 V GraphicsEnvironment:   angle_gl_driver_selection_pkgs=[]
04-12 01:10:46.654 28409 28409 V GraphicsEnvironment:   angle_gl_driver_selection_values=[]
04-12 01:10:46.654 28409 28409 V GraphicsEnvironment: com.binance.monitor is not listed in per-application setting
04-12 01:10:46.654 28409 28409 V GraphicsEnvironment: ANGLE allowlist from config: 
04-12 01:10:46.654 28409 28409 V GraphicsEnvironment: com.binance.monitor is not listed in ANGLE allowlist or settings, returning default
04-12 01:10:46.654 28409 28409 V GraphicsEnvironment: Updatable production driver is not supported on the device.
04-12 01:10:46.654  8338  8397 D AdfrV32FrameRateUtils: animationVelocityCalculator: nullbounds: 0 0 1264 2780
04-12 01:10:46.654  8338  8397 D AdfrV32FrameRateUtils: animationVelocityCalculator: nullbounds: 0 0 1264 2780
04-12 01:10:46.654 28409 28409 D ResourcesManagerExtImpl: applyConfigurationToAppResourcesLocked app.getDisplayId() return callback.displayId:-1
04-12 01:10:46.660 28409 28409 D OplusGraphicsEvent: OplusGraphicsEventListener create now!
04-12 01:10:46.660 28409 28409 D OplusGraphicsEvent: addEventListener success!
04-12 01:10:46.660 28409 28409 E [UAH_CLIENT]: uahInit enter
04-12 01:10:46.661 28409 28409 W binance.monitor: AIBinder_linkToDeath is being called with a non-null cookie and no onUnlink callback set. This might not be intended. AIBinder_DeathRecipient_setOnUnlinked should be called first.
04-12 01:10:46.661  2303  2338 I UrccFramework-halservice: Urcc::init is called 
04-12 01:10:46.661 28409 28409 I [UAH_CLIENT]: UahGetFeatureStatus enter
04-12 01:10:46.662  8338  8397 D AdfrV32FrameRateUtils: animationVelocityCalculator: nullbounds: 0 0 1264 2780
04-12 01:10:46.663  8338  8397 D AdfrV32FrameRateUtils: animationVelocityCalculator: nullbounds: 0 0 1264 2780
04-12 01:10:46.671  8338  8397 D AdfrV32FrameRateUtils: animationVelocityCalculator: nullbounds: 0 0 1264 2780
04-12 01:10:46.671  8338  8397 D AdfrV32FrameRateUtils: animationVelocityCalculator: nullbounds: 0 0 1264 2780
04-12 01:10:46.679  8338  8397 D AdfrV32FrameRateUtils: animationVelocityCalculator: nullbounds: 0 0 1264 2780
04-12 01:10:46.679  8338  8397 D AdfrV32FrameRateUtils: animationVelocityCalculator: nullbounds: 0 0 1264 2780
04-12 01:10:46.687  8338  8397 D AdfrV32FrameRateUtils: animationVelocityCalculator: nullbounds: 0 0 1264 2780
04-12 01:10:46.687  8338  8397 D AdfrV32FrameRateUtils: animationVelocityCalculator: nullbounds: 0 0 1264 2780
04-12 01:10:46.696  8338  8397 D AdfrV32FrameRateUtils: animationVelocityCalculator: nullbounds: 0 0 1264 2780
04-12 01:10:46.696  8338  8397 D AdfrV32FrameRateUtils: animationVelocityCalculator: nullbounds: 0 0 1264 2780
04-12 01:10:46.704  8338  8397 D AdfrV32FrameRateUtils: animationVelocityCalculator: nullbounds: 0 0 1264 2780
