04-12 01:10:44.350  8337  9773 V OsAgent : broadcastSystemEvent - 7
04-12 01:10:44.350  8337  9773 V OsAgent : broadcastSystemEvent - 7
04-12 01:10:44.350  8337  9773 V OsAgent : broadcastSystemEvent - 7
04-12 01:10:44.350  8092  8092 I AONLog  : IntelPerceptMgr: isSuperPowerSaveFunc:false isScreenOn：true enable：true mLuancherTop:true mFoldingMode:-1
04-12 01:10:44.350  8092  8092 V SystemSensorManagerExtImpl: RegisterListener oplus_rotation_detect  Wakeup type:33171078 delay:200000us by com.aiunit.aon.intelligentperception.n@cddd4ba from com.aiunit.aon
04-12 01:10:44.350  3590  8835 D SensorService: createSensorEventConnection packageName = com.aiunit.aon.intelligentperception.n, opPackageName = com.aiunit.aon, mCurrentOperatingMode = 0, requestedMode = 0
04-12 01:10:44.350  8730 10138 D AnimSeqTimeStamp: resetLastStartAppTime
04-12 01:10:44.350  8730 10138 D AnimSeqTimeStamp: resetLastRecentFinishTime
04-12 01:10:44.350  8730 10138 D RemoteAnimationTargetCompat: Clear the break param
04-12 01:10:44.350  8730 10138 I RemoteAnimationRunnerCompat: Got app task 13211
04-12 01:10:44.350  3590  8835 D SensorService: SensorEventConnection type = 3, client = com.aiunit.aon, listener = com.aiunit.aon.intelligentperception.n
04-12 01:10:44.351  3590  3796 D TaskSnapshotCache: putSnapshot mRunningCache top= ActivityRecord{91663841 u0 com.binance.monitor/.ui.main.MainActivity t13211 f} isExiting}, mTaskId=13211, snapshot=TaskSnapshot{ mId=1775927444346 mCaptureTime=974659765104543 mTopActivityComponent=com.binance.monitor/.ui.main.MainActivity mSnapshot=android.hardware.HardwareBuffer@e3aa594 (1264x2780) mColorSpace=sRGB IEC61966-2.1 (id=0, model=RGB) mOrientation=1 mRotation=0 mTaskSize=Point(1264, 2780) mOplusCompatMode=false mTopActivityBounds=[0,140][1264,2780] mHasDimLayer=false mContentInsets=[0,140][0,0] mLetterboxInsets=[0,0][0,0] mIsLowResolution=false mIsRealSnapshot=true mWindowingMode=1 mAppearance=0 mIsTranslucent=true mHasImeSurface=false mInternalReferences=2 mUiMode=21, mAppIdMap size= 5
04-12 01:10:44.351  8730 10138 I RemoteAnimationRunnerCompat: onAnimationStart, is calling, apps size: 2
04-12 01:10:44.351  8730 10138 D RemoteAnimInflectUtil: getTaskLeashFromRemoteTarget: Surface(name=Task=1)/@0xcbccb41
04-12 01:10:44.351  8730 10138 D RemoteAnimationUtil: initOplusField launchViewInfo:null
04-12 01:10:44.351  8730 10138 I RemoteAnimationTargetCompat: New instance. RecentsTaskId:0, clientAnim: false, taskLeash: Surface(name=Task=1)/@0xcbccb41, leash: Surface(name=Surface(name=Task=1)/@0xcbccb41_transition-leash)/@0xeb24d72
04-12 01:10:44.351  8730 10138 D RemoteAnimInflectUtil: getTaskLeashFromRemoteTarget: Surface(name=Task=13211)/@0x79688e6
04-12 01:10:44.351  8730 10138 D RemoteAnimationUtil: initOplusField launchViewInfo:null
04-12 01:10:44.351  8730 10138 I RemoteAnimationTargetCompat: New instance. RecentsTaskId:0, clientAnim: false, taskLeash: Surface(name=Task=13211)/@0x79688e6, leash: Surface(name=Surface(name=Task=13211)/@0x79688e6_transition-leash)/@0xdafe5c3
04-12 01:10:44.351  8730  8730 D RemoteAnimInflectUtil: getTaskLeashFromRemoteTarget: Surface(name=WallpaperWindowToken{3abc1ac showWhenLocked=false})/@0xb28e27
04-12 01:10:44.351  8730  8730 D RemoteAnimationUtil: initOplusField launchViewInfo:null
04-12 01:10:44.351  8730  8730 I RemoteAnimationTargetCompat: New instance. RecentsTaskId:0, clientAnim: false, taskLeash: Surface(name=WallpaperWindowToken{3abc1ac showWhenLocked=false})/@0xb28e27, leash: Surface(name=WallpaperWindowToken{3abc1ac showWhenLocked=false})/@0xb28e27
04-12 01:10:44.351  8730  8730 E ScreenDecorationsUtils: getWindowCornerRadius NumberFormatException
04-12 01:10:44.351  3590  8619 V WindowManager: Relayout Window{763c9b2 u0 com.android.launcher/com.android.launcher.Launcher}: viewVisibility=0, oldvis=0, req=1264x2780 , apr = 0, vsysui=LAYOUT_STABLE LAYOUT_HIDE_NAVIGATION LAYOUT_FULLSCREEN
04-12 01:10:44.351  8730  8730 W LauncherClient[u0]: isConnected false because mOverlay is null
04-12 01:10:44.351  3590  8619 D InsetsSourceProvider: updateSourceFrameForServerVisibility mandatorySystemGestures EMPTY_RECT
04-12 01:10:44.352  3590  8619 D InsetsSourceProvider: updateSourceFrameForServerVisibility mandatorySystemGestures EMPTY_RECT
04-12 01:10:44.352  3590  8619 I TaskOrganizerController: onTaskInfoChanged taskid 1 config { mBounds=Rect(0, 0 - 1264, 2780) mAppBounds=Rect(0, 0 - 1264, 2780) mMaxBounds=Rect(0, 0 - 1264, 2780) mDisplayRotation=ROTATION_0 mWindowingMode=fullscreen mActivityType=home mAlwaysOnTop=undefined mRotation=ROTATION_0}
04-12 01:10:44.352  3590  8619 D OplusVisibleTasks:  notifyTasksNumChange no need to notify.
04-12 01:10:44.352  3590  8619 D OplusFlexibleDragToSplitAnimController: visibleFlexibleTaskInfos delete:1
04-12 01:10:44.352  3590  8619 E FlexibleWindowManagerService: notifyTaskObserverToAttachController not need to notify!
04-12 01:10:44.352  3590  8619 I FlexibleWindowManagerService: onFlexibleWindowTaskInfoChanged, return for cur task not embedded
04-12 01:10:44.352  3590  3792 V WindowManager: Sent Transition (#27633) createdAt=04-12 01:10:44.332 via request=TransitionRequestInfo { type = CLOSE, triggerTask = TaskInfo{userId=0 taskId=13211 effectiveUid=10512 displayId=0 isRunning=false baseIntent=Intent { flg=0x10000000 cmp=com.binance.monitor/.ui.main.MainActivity mCallingUid=2000 } baseActivity=null topActivity=null origActivity=null realActivity=ComponentInfo{com.binance.monitor/com.binance.monitor.ui.main.MainActivity}
04-12 01:10:44.352  3590  3792 V WindowManager:  numActivities=0 lastActiveTime=974588960 supportsSplitScreenMultiWindow=true supportsMultiWindow=true supportsPocketStudioMultiWindow=true isInFlexibleEmbedded = false uid = -1 pid = -1 resizeMode=1 isResizeable=true minWidth=-1 minHeight=-1 defaultMinSize=220 token=WCT{RemoteToken{64261ec Task{84c1c7 #13211 type=standard A=10512:com.binance.monitor}}} topActivityType=1 pictureInPictureParams=null shouldDockBigOverlays=false launchIntoPipHostTaskId=-1 lastParentTaskIdBeforePip=-1 displayCutoutSafeInsets=Rect(0, 0 - 0, 0)
04-12 01:10:44.352  3590  3792 V WindowManager:  topActivityInfo=null launchCookies=[] positionInParent=Point(0, 0) parentTaskId=-1 isFocused=true isVisible=true isVisibleRequested=true isTopActivityNoDisplay=false isSleeping=false locusId=null displayAreaFeatureId=1 isTopActivityTransparent=false isActivityStackTransparent=true lastNonFullscreenBounds=Rect(330, 828 - 935, 2092) capturedLink=null capturedLinkTimestamp=0 requestedVisibleTypes=-9 topActivityRequestOpenInBrowserEducationTimestamp=0
04-12 01:10:44.352  3590  3792 V WindowManager:  appCompatTaskInfo=AppCompatTaskInfo { topActivityInSizeCompat=false topActivityInOplusCompatMode=false eligibleForLetterboxEducation= false isLetterboxEducationEnabled= false isLetterboxDoubleTapEnabled= false eligibleForUserAspectRatioButton= false topActivityBoundsLetterboxed= false isFromLetterboxDoubleTap= false topActivityLetterboxVerticalPosition= -1 topActivityLetterboxHorizontalPosition= -1 topActivityLetterboxWidth=-1 topActivityLetterboxHeight=-1 topActivityAppBounds=Rect(0, 0 - 0, 0) isUserFullscreenOverrideEnabled=false isSystemFullscreenOverrideEnabled=false hasMinAspectRatioOverride=false topActivityLetterboxBounds=null cameraCompatTaskInfo=CameraCompatTaskInfo { freeformCameraCompatMode=undefined}} topActivityMainWindowFrame=null topActivityLetterboxInsets=Rect(0, 0 - 0, 0)
04-12 01:10:44.352  3590  3792 V WindowManager:  mOplusExtraBundle = Bundle[{androidx.flexible.taskFrame=Rect(0, 0 - 0, 0), topOpaqueSystemBarsAppearance=0, androidx.flexible.Alpha=1.0, androidx.activity.task.attach.blur=0, androidx.activity.LaunchInsensible=0, androidx.activity.LaunchCornerRadius=0, key_flexible_task_state=0, topActivitySupportAppInnerSplit=false, key_flexible_task_animating_type=-1, androidx.activity.LaunchScenario=0, is_oplus_clone_task=false, flexible_super_mini_state=false, androidx.activity.LaunchScale=1.0, androidx.activity.LaunchShadowRadius=0, is_transient_hide_for_task_info=false}]}, pipChange = null, remoteTransition = null, displayChange = null, flags = 0, debugId = 27633 }
04-12 01:10:44.352  3590  3792 V WindowManager:     startWCT=WindowContainerTransaction { changes= {} hops= [] errorCallbackToken=null taskFragmentOrganizer=null }
04-12 01:10:44.352  8730  8730 D TaskStateHelper: TaskStateChangeTimeOutListener[ON_TO_HOME_TRANSITION_FINISH]: init.
04-12 01:10:44.352  3590  7163 D RefreshRate: app is in transition, stop setting high temperature status.
04-12 01:10:44.352  3590  3792 V WindowManager:     info={id=27633 t=CLOSE f=0x0 trk=0 r=[0@Point(0, 0)] c=[
04-12 01:10:44.352  3590  3792 V WindowManager:         {WCT{RemoteToken{4daf3e9 Task{1b9ad4c #1 type=home}}} m=TO_FRONT f=SHOW_WALLPAPER|MOVE_TO_TOP leash=Surface(name=Task=1)/@0x621c470 sb=Rect(0, 0 - 1264, 2780) eb=Rect(0, 0 - 1264, 2780) epz=Point(1264, 2780) d=0 taskParent=-1},
04-12 01:10:44.352  3590  3792 V WindowManager:         {WCT{RemoteToken{64261ec Task{84c1c7 #13211 type=standard A=10512:com.binance.monitor}}} m=CLOSE f=NONE leash=Surface(name=Task=13211)/@0x60dc52 sb=Rect(0, 0 - 1264, 2780) eb=Rect(0, 0 - 1264, 2780) epz=Point(1264, 2780) d=0 taskParent=-1},
04-12 01:10:44.352  3590  3792 V WindowManager:         {m=TO_FRONT f=IS_WALLPAPER leash=Surface(name=WallpaperWindowToken{3abc1ac showWhenLocked=false})/@0xc3ef003 sb=Rect(0, 0 - 1264, 2780) eb=Rect(0, 0 - 1264, 2780) epz=Point(1264, 2780) d=0}
04-12 01:10:44.352  3590  3792 V WindowManager:     ] 
04-12 01:10:44.352  3590  3792 V WindowManager: extendInfo=[
04-12 01:10:44.352  3590  3792 V WindowManager:  OplusTransitionExtendedInfo{mTmpFinishT=null, mInOplusCompatMode=false, mIsProcessRunning=false, mHasMismatchBoundsTarget=false, mRecentsController=null, mRemoteTransition=null, mIsTranslucentActivityToHome=false, mAvoidInterceptKeyEventToHome=false, mIsFromHome=false, mParentLeash=null, mBackAnimClosingLeash=null, mIsOplusAnimRes=false, mKeepBgForContinuous=false, mIsBalAllow=false, mTaskNotInRecent=false, mIsPredictiveBackAnim=false, mIsMergedWithPredictive=false, mIsLaunchFromSpruce=false, mIsLaunchFromDrive=false, mGlobalSearchPageSwitch=false, mNeedNoAlphaGlobalSearchScene=false, mAssistScreenShowing=false, mSwipeUpBrowserScreenShowing=false, mUserIdTransition=0
04-12 01:10:44.352  3590  3792 V WindowManager: , mInRemoteScene=false, mInPreReady=false, mPreStart=false, mToken=null, mAbortByRemoteFromHome=false, mShellApplyToken=null, mRequestTransitionTaskId=13211, mAbortTransitionOnShell=0, mStartFromShortcut=false, mRemovedTaskId=-1, mTransitionInterruptType=0, mMergeSecondTaskId=-1, mTaskIdStartFromRecents=0, mTransitionId=27633, mCanUseSpringSlideAnim=false, mTransitionLaunchFrom=0, mFoldChangeType=-1, mAnimStartingPosition=[0, 0, 0, 0], mIsOpeningStkDialogActivity=false, mSecondaryHomeToFrontWhenUnFolding=false, mIsNeedApplyStartTForEmbedded=false
04-12 01:10:44.352  3590  3792 V WindowManager: , mNeedCanvasExitAnim=false, mMergeSecondTaskAnimation=false, mIsLaunchUnityStart=false, mIsLaunchFromAssistantByDefault=false, mSkipRemoteTransitionfalse, mIsStartFromKeyguard=false flags=0x0, mWCT=null, mIsOpenMergeToInValidPredictive=false, mPromoteTaskWhenKeyguard-1, mRootLayerZOrderArray={}}]}
04-12 01:10:44.352  8730  8730 W LauncherClient[u0]: isConnected false because mOverlay is null
04-12 01:10:44.353  8338  8381 V WindowManagerShell:  animated by com.android.wm.shell.transition.RemoteTransitionHandler@fd26935
04-12 01:10:44.353  8338  8381 D OplusShellTransition: dispatchTransition, animated mHandler: com.android.wm.shell.transition.RemoteTransitionHandler@fd26935
04-12 01:10:44.353  8338  8381 D WindowManagerShell: setLauncherKeepClearAreaHeight: visible=true, height=266
04-12 01:10:44.353  8730 26178 D RemoteAnimFrameRateManager: setFrameRateTarget velocity: -1 , frame rate result : false , dynamicFrameRateType : 2
04-12 01:10:44.353  8338  8381 D ShellTaskOrganizerExt: visibleFlexibleTaskInfos delete:1
04-12 01:10:44.353  8338  8381 D ShellTaskOrganizerExt: isOnCanvas size:0
04-12 01:10:44.353  8338  8381 D ShellTaskOrganizerExt: isOnThreeFlexibleCanvas size:0
04-12 01:10:44.353  8730  8730 I [UAH_CLIENT]: UahEventAcquire, cmdid:86, pkg:none, identity:GpuBoost
04-12 01:10:44.354  3590  3796 D InsetsSourceProvider: updateSourceFrameForServerVisibility mandatorySystemGestures EMPTY_RECT
04-12 01:10:44.354  8338  8338 I SystemUi--Notification: NotificationStackScrollLayoutExtImpl-->bind scrollGridCount 5 o.visibleChildrenCount 4 o.childCount 8
04-12 01:10:44.354  8338  8338 I SystemUi--Notification: SeparatePanelAnimation-->updateVisibleChildCount change, currentChildCount: 6 totalCount 5
04-12 01:10:44.354  3590  3796 D InsetsSourceProvider: updateSourceFrameForServerVisibility mandatorySystemGestures EMPTY_RECT
04-12 01:10:44.354  8338  8338 I SystemUi--Notification: LockScreenNotificationDispatcherImp-->updateNotificationListOnKg resultCode: 0
04-12 01:10:44.354  8730  8730 I PantaCard.Lnch.InstantCard:  100335&1000001&1_sid=536877599_rk=ea6994,setAllowCardRefreshable refreshable:false[sdk:v1.3.122-1545084,seed-plugin:v16.1.126-d5777f7c,app:v16.4.22] [OplusLauncher|com.android.launcher|2.0.44-25e9612]
04-12 01:10:44.354  3590  3872 D OplusFeatureDMR[display=0]: onConfigChanged threadId=70 threadName=OplusDisplayWorkHandler physicalDisplayId=4630946685746860179 modeId=0  
04-12 01:10:44.354  8730  8730 D CardView: 0x1081e1 io.iftech.quickapp.box setRefreshable false , completeRequestLayout false , completeRefresh false 
04-12 01:10:44.354  8730  8730 E [OPLUS_AFS_CONFIG]: Failed to open AFS config file: /proc/oplus_afs_config/afs_config
04-12 01:10:44.354  8730  8730 E AFS_CONFIG: Failed to get scene config
04-12 01:10:44.354  8730  8730 E OplusAfsManager: afsConfigSceneConfigGet sceneType is null
04-12 01:10:44.355  2399  3162 D VRR [OTI-HW]: isStateReady 0
04-12 01:10:44.355  2399  3162 D VRR [OTI-HW]: keep rate.
04-12 01:10:44.355  3590  8278 I BLASTSyncEngine: onCommitted syncId: 27633, timeout: false ran: false
04-12 01:10:44.355  2399  2399 I DispPerfService: updateLayerMask 9
04-12 01:10:44.355  3590  8837 D OplusWallpaperAnimationManager: cancelSurfaceAnimation reason: play_animation, isAnimating: false, by window: Window{763c9b2 u0 com.android.launcher/com.android.launcher.Launcher}
04-12 01:10:44.355  3590  8837 D OplusWallpaperAnimationManager: startScaleAnimation frame: Rect(0, 0 - 1264, 2780) parentFrame: Rect(0, 0 - 1264, 2780) from: 1.2 to: 1.0 duration: 1000 mTargetZoom: -1.0 targetZoom: -1.0 by window: Window{763c9b2 u0 com.android.launcher/com.android.launcher.Launcher}
04-12 01:10:44.356  3590  8849 I AppsFilter: interaction: PackageSetting{26246c1 com.android.microdroid.empty_payload/10286} -> PackageSetting{157e983 com.binance.monitor/10512} BLOCKED
04-12 01:10:44.356  3590  8837 W SensorService: SensorEventConnection sensor handle=1782, package = com.aiunit.aon.intelligentperception.n enable
04-12 01:10:44.356  3590  8837 E SensorService: Required app com.aiunit.aon.intelligentperception.n, uid 10144, pid 8092
04-12 01:10:44.356  3590  8837 D SensorService: Calling batch handle==1782 flags=0rate=200000000 timeout== 0
04-12 01:10:44.356  3590  8837 D SensorService: SensorDevice::batch: ident=0xb40000709970dc00, handle=0x000006f6, flags=0, period_ns=200000000 timeout=0
04-12 01:10:44.356  3590  8837 D SensorService: 	>>> actuating h/w BATCH 0x000006f6 200000000 0
04-12 01:10:44.357  3590  8849 I AppsFilter: interaction: PackageSetting{eb2ea54 com.oplus.locationproxy/10171} -> PackageSetting{157e983 com.binance.monitor/10512} BLOCKED
04-12 01:10:44.357  3590  8849 I AppsFilter: interaction: PackageSetting{68b8dfd com.android.certinstaller/10226} -> PackageSetting{157e983 com.binance.monitor/10512} BLOCKED
04-12 01:10:44.357  3590  8849 I AppsFilter: interaction: PackageSetting{d5cbaf2 com.oplus.location/10244} -> PackageSetting{157e983 com.binance.monitor/10512} BLOCKED
04-12 01:10:44.357  2181  2437 D SDM     : HWDeviceDRM::SetupAtomic: APUIR: m_isswitchfps 1
04-12 01:10:44.357  3590  8849 W ActivityManager: Invalid packageName: com.binance.monitor
04-12 01:10:44.357  2113  2113 I sensors-hal: batch:163, qti.sensor.rotation/1782, period=200000000, max_latency=0
04-12 01:10:44.357  2113  2113 I sensors-hal: batch:185, qti.sensor.rotation/1782, period=200000000, max_latency=0 request completed
04-12 01:10:44.357  3590  8837 D SensorService: Calling activate on 1782
04-12 01:10:44.357  3590  8837 D SensorService: SensorDevice::activate: ident=0xb40000709970dc00, handle=0x000006f6, enabled=1, count=1
04-12 01:10:44.357  3590  8837 D SensorService: enable index=0
04-12 01:10:44.357  3590  8837 D SensorService: info.numActiveClients() = 1, info.isActive = 0
04-12 01:10:44.357  3590  8837 D SensorService: activateHardware = 1
04-12 01:10:44.357  3590  8837 D SensorService: 	>>> actuating h/w activate handle=1782 enabled=1
04-12 01:10:44.357  3590  3797 D OplusWallpaperSurfaceAnimation: setAnimationState curState: INITIALIZED
04-12 01:10:44.357  3590  8836 I InputDispatcher: updateFocusedWindow, 763c9b2 com.android.launcher/com.android.launcher.Launcher on display 0, reason: Window became focusable. Previous reason: NOT_VISIBLE, result:   FocusedWindows:
04-12 01:10:44.357  3590  8836 I InputDispatcher:     displayId=0, name='763c9b2 com.android.launcher/com.android.launcher.Launcher'
04-12 01:10:44.357  2113  2113 I sensors-hal: activate:116, qti.sensor.rotation/1782 en=1
04-12 01:10:44.357  2113  2113 I sensors-hal: acquire_qsh_interface:131, acquire_qsh_interface with sensor_id 2 , conn_type 2 
04-12 01:10:44.357  8730  8730 D VRI[Launcher]: onFocusEvent true
04-12 01:10:44.357  3590  3797 D OplusWallpaperAnimationManager: onAnimationStart
04-12 01:10:44.357  3590  3797 D OplusWallpaperAnimationManager: setSkipUpdateWallpaperPosition skip: true, wallpaper: Window{18929f3 u0 com.android.systemui.wallpapers.ImageWallpaper}
04-12 01:10:44.357  3590  3797 D OplusWallpaperSurfaceAnimation: setAnimationState curState: STARTED
04-12 01:10:44.358  2013  2036 W statsd  : StatsPullerManager: Unknown tagId 150146
04-12 01:10:44.358  2013  2036 E statsd  : Stats puller failed for tag: 150146 at 974659747674543
04-12 01:10:44.358  2013  2036 W statsd  : StatsPullerManager: Unknown tagId 150146
04-12 01:10:44.358  2013  2036 E statsd  : Gauge Stats puller failed for tag: 150146 at 974659757850168
04-12 01:10:44.360  2013  2036 I statsd  : An anomaly (119840000001) (100198)0x10000->com.android.launcher[S] (100198)0x20000->10214[I]  has occurred! Informing subscribers.
04-12 01:10:44.361 15031 15220 I Quality-ScreenOnOffLogProcessor: withInScreenOnOffRange mIsScreenOn:true refTime:1775927444333 mRecentScreenOnTime:1775927242814 mRecentScreenOffTime:1775927165884
04-12 01:10:44.361  2113  2113 I sensors-hal: qsh_qmi:41, qsh_qmi
04-12 01:10:44.361  2113  2113 I sensors-hal: send_sync_sensor_request:443, send sync request
04-12 01:10:44.361  2113  2113 I sensors-hal: send_sync_sensor_request:472, wait for notification of response
04-12 01:10:44.361  3590  7380 I VibrationEffectConvertor: onInputMethodListUpdated received, info.size = 3
04-12 01:10:44.361  3590  7380 I VibrationEffectConvertor: userid = 0, packageName = com.sohu.inputmethod.sogou
04-12 01:10:44.361  3590  7380 I VibrationEffectConvertor: userid = 0, packageName = com.baidu.input_oppo
04-12 01:10:44.361  3590  7380 I VibrationEffectConvertor: userid = 0, packageName = com.oplus.securitykeyboard
04-12 01:10:44.361  3590  3795 D DisplayManagerServiceExtImpl: scheduleTraversalLocked intraversal=false
04-12 01:10:44.361  8338  8381 D ZoomController: onTaskMovedToFront, task id:2
04-12 01:10:44.361  8338  8381 I ZoomUiController: FloatHandle-isFloatHandleShow mPackageName = null
04-12 01:10:44.361  3590  3796 D InsetsSourceProvider: updateSourceFrameForServerVisibility mandatorySystemGestures EMPTY_RECT
04-12 01:10:44.361  3590  3796 D DisplayManagerService: performTraversalInternal pendingTraversal
04-12 01:10:44.361  3590  3796 D DisplayDevice: setLayerStackLocked id=local:4630946685746860179 token=android.os.BinderProxy@fdd71ea stack=0->0
04-12 01:10:44.362  2013  2036 E statsd  : Stats puller failed for tag: 150134 at 974659775520793
04-12 01:10:44.362  2013  2036 W statsd  : StatsPullerManager: Unknown tagId 150146
04-12 01:10:44.362  2013  2036 E statsd  : Stats puller failed for tag: 150146 at 974659775520793
04-12 01:10:44.362  3590  3828 D AppProfilerExtImpl: Skipped pss collection for CPU busy
04-12 01:10:44.363  2399  9261 I OplusPerfCollect: OplusPerfCollect onPullAtom
04-12 01:10:44.363  2399  9261 I OplusPerfCollect: OplusPerfCollect OplusVrrInfoRecord clear
04-12 01:10:44.363  3590  3875 D LocalDisplayAdapter: setDesiredDisplayModeSpecsAsync: display unique id = local:4630946685746860179, display mode specs = defaultMode=0 allowGroupSwitching=false primaryRanges=physical: (0.0 120.0) render:  (0.0 120.0) appRequestRanges=physical: (0.0 120.0) render:  (0.0 120.0) idleScreenRefreshRate=null
04-12 01:10:44.363  8406 10768 D PhoneInterfaceManager: QueryTelephonyChecker-getDataNetworkTypeForSubscriber: packageName = com.oplus.statistics.rom, isGrant = true
04-12 01:10:44.363  2399  9261 D SurfaceFlinger: VRR [SurfaceFlinger] setDesiredDisplayModeSpecs, from process 3590, 0, 0, primaryRanges = [ 0.000000, 120.000000, 0.000000, 120.000000 ], appRequestRanges = [ 0.000000, 120.000000, 0.000000 120.000000 ]
04-12 01:10:44.363  2399  2399 I RefreshRateSelector: Display 4630946685746860179 policy changed
04-12 01:10:44.363  2399  2399 I RefreshRateSelector: Previous: {defaultModeId=0, allowGroupSwitching=false, primaryRanges={physical=[120.00 Hz, 120.00 Hz], render=[120.00 Hz, 120.00 Hz]}, appRequestRanges={physical=[120.00 Hz, 120.00 Hz], render=[120.00 Hz, 120.00 Hz]} idleScreenConfig=nullptr}
04-12 01:10:44.363  2399  2399 I RefreshRateSelector: Current:  DisplayManagerPolicy{defaultModeId=0, allowGroupSwitching=false, primaryRanges={physical=[0.00 Hz, 120.00 Hz], render=[0.00 Hz, 120.00 Hz]}, appRequestRanges={physical=[0.00 Hz, 120.00 Hz], render=[0.00 Hz, 120.00 Hz]} idleScreenConfig=nullptr}
04-12 01:10:44.363  2399  2399 I RefreshRateSelector: 1 mode changes were performed under the previous policy
04-12 01:10:44.363  2399  2399 D SurfaceFlinger: VRR [SurfaceFlinger] applyRefreshRateSelectorPolicy: 0 (120.00 Hz), policy: {defaultModeId=0, allowGroupSwitching=false, primaryRanges={physical=[0.00 Hz, 120.00 Hz], render=[0.00 Hz, 120.00 Hz]}, appRequestRanges={physical=[0.00 Hz, 120.00 Hz], render=[0.00 Hz, 120.00 Hz]} idleScreenConfig=nullptr}
04-12 01:10:44.363  2399  2399 D SurfaceFlinger: VRR [SurfaceFlinger] setDesiredActiveMode: displayId: 4630946685746860179, renderRate: 120, vsyncRate: 120, event: 1
04-12 01:10:44.363  3590  8442 D ActivityManager: Cancel freezing 11382 com.oplus.notificationmanager
04-12 01:10:44.363  2399  2399 D DisplayModeController: setDesiredMode 4630946685746860179 {mode={fps=120.00 Hz, modePtr={id=0, vsyncRate=120.00 Hz, peakRefreshRate=120.00 Hz}}, emitEvent=true, force=false}
04-12 01:10:44.363  2399  3162 D VRR [OTI]: handleIdle from 0 to 0
04-12 01:10:44.363  2399  3162 D VRR [OTI-HW]: isStateReady 0
04-12 01:10:44.363  2399  3162 D VRR [OTI-HW]: keep rate.
04-12 01:10:44.363  3590  3872 D OplusFeatureDMR[display=0]: onConfigChanged threadId=70 threadName=OplusDisplayWorkHandler physicalDisplayId=4630946685746860179 modeId=0  
04-12 01:10:44.364  6374  6445 E metis_v2_JenaHandlerManager: local thread match
04-12 01:10:44.365  3590  3844 D ActivityManager: Cancel freezing 15448 com.coloros.alarmclock:clockWidget
04-12 01:10:44.365  3590  3792 D LocationManagerService: package com.binance.monitor reset
04-12 01:10:44.365  3590  3792 W GnssListenerMultiplexer: onPackageReset com.binance.monitor
04-12 01:10:44.365  3590  3792 W GnssListenerMultiplexer: onPackageReset com.binance.monitor
04-12 01:10:44.365  2013  2036 I statsd  : An anomaly (104240000001) (42)0x10000->10214[I] (42)0x20000->com.android.launcher[S] (42)0x30000->.Launcher[S]  has occurred! Informing subscribers.
04-12 01:10:44.365  8406  8406 D CarrierSvcBindHelper: onHandleForceStop: [com.binance.monitor]
04-12 01:10:44.365  3590  3795 D OplusBatteryManager: getPsyBatteryRm: 4746
04-12 01:10:44.365  3590  3795 D BatteryStatsImplExtImpl: resumedUid:10214 resumedBatteryLevel:100  resumedPackage:com.android.launcher  resumedBatteryRealtimeCapacity:4746
04-12 01:10:44.365  3590  3844 D ActivityManager: Async freezing 15448 com.coloros.alarmclock:clockWidget
04-12 01:10:44.365  3590  3844 D ActivityManager: Cancel freezing 15448 com.coloros.alarmclock:clockWidget
04-12 01:10:44.365  3590  3844 D ActivityManager: Async freezing 15448 com.coloros.alarmclock:clockWidget
04-12 01:10:44.365  3590  7959 D BackgroundInstallControlService: Package event received: 0
04-12 01:10:44.366  3590  3844 D ActivityManager: Cancel freezing 15448 com.coloros.alarmclock:clockWidget
04-12 01:10:44.366 15448 15448 D ClockTag_AlarmClockApplication: onTrimMemory: 40
04-12 01:10:44.367 11382 13598 D NotificationCenter: NotificationBackend-->pkg:com.binance.monitor,uid:10512,areNotificationsEnabledForPackage:true
04-12 01:10:44.367  8406  8406 D CarrierSvcBindHelper: No carrier app for: 0
04-12 01:10:44.367 15448 15448 D ClockTag_ClockWidget.WidgetLauncherStateReceiver: onReceive action=com.android.launcher.action.LAUNCHER_VISIBLE
04-12 01:10:44.367  2113 28355 I sensors-hal: qsh_conn_resp_cb:793, resp_value = 0 for oplus_rotation_detect 
04-12 01:10:44.367  8406  8406 D CarrierSvcBindHelper: No carrier app for: 1
04-12 01:10:44.367  2113  2113 I sensors-hal: send_sync_sensor_request:478, takes 6 ms to receive the response with 0
04-12 01:10:44.367  6374  6445 E metis_v2_JenaHandlerManager: local thread match
04-12 01:10:44.367  2113  2113 I sensors-hal: activate:135, qti.sensor.rotation/1782 en=1 completed
04-12 01:10:44.367  3590  8837 D SensorService: 0xb40000709970dc00 addFd fd=1332
04-12 01:10:44.367  8092  8092 D AONLog  : IntelPerceptMgr: registerRotationSensor + sensorType = 33171078 ,platform= qcom
04-12 01:10:44.367  8092  8092 I AONLog  : IntelPerceptMgr: checkAndRegisterScanOrShowCodeSensorOrPhoneReceiver resister
04-12 01:10:44.367 11382 13598 D NotificationContentProvider: queryBadge:querySignal:pkg=com.binance.monitor&uid=10512,cost 1,use:selection ,type:0
04-12 01:10:44.368  1322  1427 W vold    : Reading lifetime estimation failed for /sys/devices/platform/soc/1d84000.ufshc/health_descriptor/life_time_estimation_c: No such file or directory
04-12 01:10:44.368  3590  3795 D FlexibleTaskController: check task which not have enough child, isInSingleWhiteList:false isCloneTask:false
04-12 01:10:44.369  3590 28357 I StorageManagerService: Storage lifetime: 20
04-12 01:10:44.369  3590  7380 D InputMethodManagerService: isSecurity: attribute.packageName = com.android.launcher mCurMethodId = com.sohu.inputmethod.sogou/.SogouIME isSecurity = false ( enable = true needShow = false inBlackList = false isExist = true )
04-12 01:10:44.369  3590  7380 I ImeTracker: com.android.launcher:dcd99cfc: onRequestHide at ORIGIN_SERVER reason HIDE_UNSPECIFIED_WINDOW fromUser false
04-12 01:10:44.370  2181  2437 D SDM     : HWDeviceDRM::SetupAtomic: APUIR: m_isswitchfps 0
04-12 01:10:44.370  3590  7380 W IPCThreadState: Sending oneway calls to frozen process.
04-12 01:10:44.370  3590  7380 W IPCThreadState: Sending oneway calls to frozen process.
04-12 01:10:44.370 10250 16917 I midasd  : app forground called:com.android.launcher
04-12 01:10:44.370  3590 28357 I StorageManagerService: Set smart idle maintenance: latest write amount: 446, average write amount: 846, min segment threshold: 512, dirty reclaim rate: 0.5, segment reclaim weight: 2.0, period(min): 60, min gc sleep time(ms): 5000, target dirty ratio: 80
04-12 01:10:44.370 15448 15502 D ClockTag_WidgetUtils: hasAlreadyAddedWorldClockWidget false
04-12 01:10:44.370  8730  8730 D InsetsController: hide(ime(), fromIme=false)
04-12 01:10:44.370  8730  8730 I ImeTracker: com.android.launcher:dcd99cfc: onCancelled at PHASE_CLIENT_ALREADY_HIDDEN
04-12 01:10:44.371 15448 15502 D ClockTag_Utils: isKeyguardLock: false
04-12 01:10:44.371 15448 15502 D ClockTag_WidgetStartUtils: Starting handleAlarmFix
04-12 01:10:44.371  3590  3795 I DisplayDeviceRepository: Display device changed render timings: "内置屏幕", renderFrameRate=120.00001, presentationDeadlineNanos=14329999, appVsyncOffsetNanos=6336667, frameRateOverrides=[]
04-12 01:10:44.371  3590  3795 D LogicalDisplayExt: set displayInfo flag FLAG_ROTATES_WITH_CONTENT
04-12 01:10:44.371  3590  3795 D DisplayManagerService: MSG_REQUEST_TRAVERSAL pendingCompleted=false
04-12 01:10:44.371 15448 15502 D ClockTag_ActivityNativeUtils: getCurrentUser currentUserID: 0
04-12 01:10:44.371  3590  3796 D InsetsSourceProvider: updateSourceFrameForServerVisibility mandatorySystemGestures EMPTY_RECT
04-12 01:10:44.371 14599 14657 W exsystemservice: Reducing the number of considered missed Gc histogram windows from 419 to 100
04-12 01:10:44.372 10250 16912 D midasd  : PowerFactors is null 
04-12 01:10:44.372  1322  1427 I vold    : Trigger GC for target dirty ratio diff of: 15
04-12 01:10:44.372  1322  1427 I vold    : Successfully set gc urgent mode: free segments: 2145, reclaim target: 7363, sleep time: 5000
04-12 01:10:44.372  3590  8790 I ImeTracker: system_server:61043f37: onRequestHide at ORIGIN_SERVER reason IME_REQUESTED_CHANGED_LISTENER fromUser false
04-12 01:10:44.372  3590 28357 I SmartStorageMaintIdler: Got smart storage maintenance service completion callback
04-12 01:10:44.372  8730  8730 W System.err: java.lang.NoSuchFieldException: No field mSnapshotBundle in class Landroid/window/TaskSnapshot; (declaration of 'android.window.TaskSnapshot' appears in /system/framework/framework.jar!classes5.dex)
04-12 01:10:44.372  8730  8730 W System.err: 	at java.lang.Class.getDeclaredField(Native Method)
04-12 01:10:44.372  8730  8730 W System.err: 	at com.oplus.basecommon.util.ReflectUtil.getFieldValue(SourceFile:4)
04-12 01:10:44.372  8730  8730 W System.err: 	at com.oplus.basecommon.util.ReflectUtil.getFieldValue(SourceFile:1)
04-12 01:10:44.372  8730  8730 W System.err: 	at com.oplus.basecommon.util.ReflectUtil.getRefBundle(Unknown Source:0)
04-12 01:10:44.372  8730  8730 W System.err: 	at com.android.systemui.shared.recents.model.ThumbnailData.<init>(SourceFile:31)
04-12 01:10:44.372  8730  8730 W System.err: 	at com.android.systemui.shared.system.TaskStackChangeListeners$Impl.lambda$handleMessage$1(Unknown Source:22)
04-12 01:10:44.372  8730  8730 W System.err: 	at com.android.systemui.shared.system.TaskStackChangeListeners$Impl.b(Unknown Source:0)
04-12 01:10:44.372  8730  8730 W System.err: 	at com.android.systemui.shared.system.l.run(Unknown Source:6)
04-12 01:10:44.372  8730  8730 W System.err: 	at com.android.quickstep.OplusTaskThumbnailCacheImpl.callTaskSnapshotChanged(Unknown Source:62)
04-12 01:10:44.372  8730  8730 W System.err: 	at com.android.systemui.shared.system.TaskStackChangeListeners$Impl.handleMessage(Unknown Source:632)
04-12 01:10:44.372  8730  8730 W System.err: 	at android.os.Handler.dispatchMessage(Handler.java:111)
04-12 01:10:44.372  8730  8730 W System.err: 	at android.os.Looper.loopOnce(Looper.java:302)
04-12 01:10:44.372  8730  8730 W System.err: 	at android.os.Looper.loop(Looper.java:412)
04-12 01:10:44.372  8730  8730 W System.err: 	at com.android.launcher.monitor.exception.MainThreadExceptionMonitor.startWatching$lambda$2(Unknown Source:14)
04-12 01:10:44.372  8730  8730 W System.err: 	at com.android.launcher.monitor.exception.MainThreadExceptionMonitor.a(Unknown Source:0)
04-12 01:10:44.372  8730  8730 W System.err: 	at com.android.launcher.batchdrag.g.run(Unknown Source:92)
04-12 01:10:44.372  8730  8730 W System.err: 	at android.os.Handler.handleCallback(Handler.java:1027)
04-12 01:10:44.372  8730  8730 W System.err: 	at android.os.Handler.dispatchMessage(Handler.java:108)
04-12 01:10:44.372  8730  8730 W System.err: 	at android.os.Looper.loopOnce(Looper.java:302)
04-12 01:10:44.372  8730  8730 W System.err: 	at android.os.Looper.loop(Looper.java:412)
04-12 01:10:44.372  8730  8730 W System.err: 	at android.app.ActivityThread.main(ActivityThread.java:9998)
04-12 01:10:44.372  8730  8730 W System.err: 	at java.lang.reflect.Method.invoke(Native Method)
04-12 01:10:44.372  8730  8730 W System.err: 	at com.android.internal.os.RuntimeInit$MethodAndArgsCaller.run(RuntimeInit.java:613)
04-12 01:10:44.372  8730  8730 W System.err: 	at com.android.internal.os.ZygoteInit.main(ZygoteInit.java:1074)
04-12 01:10:44.372  3590  7380 I ImeTracker: system_server:61043f37: onCancelled at PHASE_SERVER_SHOULD_HIDE
04-12 01:10:44.372  2278  2278 I CameraMidasService: getExplorerInfo The size of ExplorerInfo is 240 ,The size of ExplorerInfo is 0, The memory size of ExplorerInfo is 0
04-12 01:10:44.372 10250 16912 D midasd  : getExplorerInfo is null 
04-12 01:10:44.372  3590  3796 D InsetsSourceProvider: updateSourceFrameForServerVisibility mandatorySystemGestures EMPTY_RECT
04-12 01:10:44.372  3590  3795 D DisplayManagerService: Delivering display event: displayId=0, event=EVENT_DISPLAY_REFRESH_RATE_CHANGED
04-12 01:10:44.373  3590  7369 W InputDispatcher: channel '3de7201 com.binance.monitor' ~ Consumer closed input channel or an error occurred.  events=0x9
04-12 01:10:44.373  3590  7369 E InputDispatcher: channel '3de7201 com.binance.monitor' ~ Channel is unrecoverably broken and will be disposed!
04-12 01:10:44.373  3590  7369 I WindowManager: WINDOW DIED Window{3de7201 u0 com.binance.monitor}
04-12 01:10:44.373 15448 15502 D ClockTag_Utils: isMainProcessRunning:com.coloros.alarmclock;400
04-12 01:10:44.373 15448 15502 D ClockTag_WidgetStartUtils: Finished handleAlarmFix
04-12 01:10:44.373 15448 15502 D ClockTag_WidgetStartUtils: Starting handleClockWidgetUpdate
04-12 01:10:44.373  3590  7369 I WindowManager: Window{3de7201 u0 com.binance.monitor} state from HAS_DRAWN to NO_SURFACE; reason: destroySurface
04-12 01:10:44.373  3590  7369 E AppOps  : Operation not started: uid=10512 pkg=com.binance.monitor(null) op=SYSTEM_ALERT_WINDOW
04-12 01:10:44.373  2384 19259 D AudioBoost: audioSchedBoost, pid=2384, tid=19259, enable=1, ret=0
04-12 01:10:44.373  3590  7369 D InsetsSourceProvider: updateSourceFrameForServerVisibility mandatorySystemGestures EMPTY_RECT
04-12 01:10:44.373  2384 19259 D AudioFlingerExtImpl: AudioFlingerExtImpl oplusSetParameters: keyvalue screen_state=on
04-12 01:10:44.373  3590  3590 E OplusGestureAnimationManagerPolicy: mScreenHeight:2780 mScreenWidth:1264 mRotation:0
04-12 01:10:44.373  2384 19259 D DeviceHalAidl: [default] setParameters: parameters: "screen_state=on"
04-12 01:10:44.373  3590  7369 D InsetsSourceProvider: updateSourceFrameForServerVisibility mandatorySystemGestures EMPTY_RECT
04-12 01:10:44.373  2128  2153 W OPLUS_LOG_LOAD: ==LOGS PROG INFO, prog(audiohalservice.qti) ==
04-12 01:10:44.373  2128  2153 I PAL: ResourceManager: setParameter: 11709: Screen State:1
04-12 01:10:44.373  2384 19259 D DeviceHalAidl: [usb] setParameters: parameters: "screen_state=on"
04-12 01:10:44.373  3590  7369 D QuickBackInputPolicy: hasMultiChildrenInTask: false
04-12 01:10:44.373  3590  7369 D WindowManager: NFW_findFocusedWindowIfNeeded:Window{763c9b2 u0 com.android.launcher/com.android.launcher.Launcher} mCurrentFocus:Window{763c9b2 u0 com.android.launcher/com.android.launcher.Launcher}
04-12 01:10:44.373  2128  2153 D AHAL_Module: updateScreenState: usb: 1
04-12 01:10:44.374  2384 19259 D DeviceHalAidl: [r_submix] setParameters: parameters: "screen_state=on"
04-12 01:10:44.374  2128  2153 D AHAL_Module: updateScreenState: r_submix: 1
04-12 01:10:44.374 15448 15502 I WeatherS_WeatherServiceVersionUtils: serviceVersionCode16022000
04-12 01:10:44.374 15448 15502 D ClockTag_ClockWidget.ClockWidgetManager: updateWeatherInterval:180000
04-12 01:10:44.374 15448 15502 D ClockTag_WidgetStartUtils: visible no need update weather
04-12 01:10:44.374  2384 19259 D DeviceHalAidl: [bluetooth] setParameters: parameters: "screen_state=on"
04-12 01:10:44.374  2128  2153 D AHAL_Module: updateScreenState: bluetooth: 1
04-12 01:10:44.374  2384 19259 D DeviceHalAidl: [binaural_record] setParameters: parameters: "screen_state=on"
04-12 01:10:44.374 15031 15069 I OplusObrain: OplusObrainClientInvoke.nativeGetTelephonyInfo
04-12 01:10:44.374  2128  2153 D AHAL_Module: updateScreenState: bluetooth: 1
04-12 01:10:44.374  2384 19259 D DeviceHalAidl: [virtual] setParameters: parameters: "screen_state=on"
04-12 01:10:44.374  2128  2153 D AHAL_Module: updateScreenState: stub: 1
04-12 01:10:44.374  3590  3795 I OplusBinderProxy: pb uid: 10345 pid: 9059 desc: android.hardware.display.IDisplayManagerCallback/1
04-12 01:10:44.374  3590  3795 I OplusBinderProxy: pb uid: 99910345 pid: 20201 desc: android.hardware.display.IDisplayManagerCallback/1
04-12 01:10:44.374  3590  3795 I OplusBinderProxy: pb uid: 10345 pid: 27994 desc: android.hardware.display.IDisplayManagerCallback/1
04-12 01:10:44.374 15031 15069 I OplusObrain: OplusObrainClientInvoke.nativeGetTrafficTypeInfoForNetworkType networkType 0
04-12 01:10:44.374  3590  3793 D WindowManager: DeferredDisplayUpdater: partially applying DisplayInfo(1264 x 2780) immediately
04-12 01:10:44.374 19173 19173 I adbd    : Remote process closed the socket (on MSG_PEEK)
04-12 01:10:44.374  3590  3793 D OplusVFXScreenEffectFeature: notifySFCompatWindowStateChange entered false
04-12 01:10:44.374  3590  3793 D FSS_FoldScreenBlackCoverController: displayChangeToOn, dc:Display{#0 state=ON size=1264x2780 ROTATION_0}
04-12 01:10:44.374  2399  2620 D [PREVIEW]: SF obtain preview_adapter: 0
04-12 01:10:44.374  2399  2620 D [PREVIEW]: TabletPreviewAdapter::parallel world 0
04-12 01:10:44.375  3590  3590 D NotificationService--OplusBreathLights:  updateLightsStateLocked 
04-12 01:10:44.375  3590  3590 D NotificationService--OplusBreathLights:  scheduleLightsOffTimeoutLocked 
04-12 01:10:44.375  3590  3793 D InsetsSourceProvider: updateSourceFrameForServerVisibility mandatorySystemGestures EMPTY_RECT
04-12 01:10:44.375 15448 15509 D ClockTag_AlarmUtils: startFixAlarm nearly:1775927291353;1775927444375
04-12 01:10:44.375  2399  9261 I ClientCache: removeProcess: Cache owner=0xb400007e92418060
04-12 01:10:44.375  3590  8849 I ActivityManager: Death received, pid = 0, processName = com.binance.monitor for thread android.os.BinderProxy@e4c12e4
04-12 01:10:44.375 11607 11607 E InputEventReceiver: channel 'ClientState{9488c8a mUid=10512 mPid=27079 mSelfReportedDisplayId=0}' ~ Publisher closed input channel or an error occurred. events=0x9
04-12 01:10:44.376  6374 23651 D SceneSDK.1.0.4-SNAPSHOT.6374.DeepThinkerAppSwitchAbility: onAppSwitchEvent: AppSwitchEvent(timeStamp=1775927444340, eventType=1, targetName=com.android.launcher, firstStart=false, multiApp=false, windowMode=1, resumingPackageName=, resumingActivityName=, isResumingMultiApp=false, isResumingFirstStart=false)
04-12 01:10:44.376  6374 23651 I metis_v2_AppSwitchDataCollector: AppEnterEvent =  com.android.launcher, windowMode = 1,firstStart = false
04-12 01:10:44.376  6374 23651 W metis_v2_AppSwitchDataCollector: fenceKey = com.oplus.metis:TOP_APPLICATION, getExits = [], getEnters = [] packageName = com.android.launcher
04-12 01:10:44.376  2384 19259 D AudioBoost: audioSchedBoost, pid=2384, tid=19259, enable=0, ret=0
04-12 01:10:44.377  8338  8338 I KeyguardDisplayManager: onDisplayChanged displayId: 0
04-12 01:10:44.377  8338  8338 I SystemUi--Keyguard: KeyguardDisplayManagerExImpl-->orientationChanged=false, presentationDisplayChanged=false, lastPresentationWidth=0, lastPresentationHeight=0, lastPresentationDensity=0
04-12 01:10:44.377  3590  8846 I WindowManager: WIN DEATH: Window{559612b u0 com.binance.monitor/com.binance.monitor.ui.main.MainActivity}
04-12 01:10:44.377  8338  8338 I SystemUi--Notification: OplusLiveAlertNotificationsRepository-->removeLiveAlert: 0|android|0|com.android.server.wm.AlertWindowNotification - com.binance.monitor|1000
04-12 01:10:44.377  8338  8338 I PluginSeedling--Track: RequestHandler-->notificationRemoved 0|android|0|com.android.server.wm.AlertWindowNotification - com.binance.monitor|1000
04-12 01:10:44.377 15448 15502 D ClockTag_WidgetStartUtils: Finished handleClockWidgetUpdate
04-12 01:10:44.377 15031 15069 I OplusObrain: OplusObrainClientInvoke.getAllTopAppInfos
04-12 01:10:44.377  3590  8847 D ActivityManager: Cancel freezing 27799 com.coloros.alarmclock
04-12 01:10:44.377  8338  8338 I SystemUi--Notification: OplusLiveAlertNotificationsRepository-->onRankingApplied
04-12 01:10:44.378  3590  8846 D SnapshotCache: removeRunningEntry id: 13211, callers=com.android.server.wm.SnapshotCache.onAppDied:101 com.android.server.wm.AbsAppSnapshotController.onAppDied:769 com.android.server.wm.SnapshotController.onAppDied:102 
04-12 01:10:44.378  3590  8846 D QuickBackInputPolicy: hasMultiChildrenInTask: false
04-12 01:10:44.378  3590  8846 D WindowManager: NFW_findFocusedWindowIfNeeded:Window{763c9b2 u0 com.android.launcher/com.android.launcher.Launcher} mCurrentFocus:Window{763c9b2 u0 com.android.launcher/com.android.launcher.Launcher}
04-12 01:10:44.378  3590  8846 D InsetsSourceProvider: updateSourceFrameForServerVisibility mandatorySystemGestures EMPTY_RECT
04-12 01:10:44.378  3590  8846 D InsetsSourceProvider: updateSourceFrameForServerVisibility mandatorySystemGestures EMPTY_RECT
04-12 01:10:44.378  3590  8301 V ActivityManager: Got obituary of 27079:com.binance.monitor
04-12 01:10:44.378  3590  8837 D FlexibleTaskController: check task which not have enough child, isInSingleWhiteList:false isCloneTask:false
04-12 01:10:44.379  3590  3795 W ActivityManager: setHasOverlayUi called on unknown pid: 27079
04-12 01:10:44.379  6374 23651 W metis_v2_AppSwitchDataCollector: pid = 8730, cachePid=8730
04-12 01:10:44.379 27799 27799 D ClockTag_AlarmFixService: onCreate
04-12 01:10:44.379  3590  3795 W ActivityManager: setHasOverlayUi called on unknown pid: 27079
04-12 01:10:44.380 15448 15448 D ClockTag_ClockWidget.ClockWidgetWeatherService: ClockWidgetWeatherService onCreate:
04-12 01:10:44.380 15448 15448 D ClockTag_ClockWidget.ClockWidgetWeatherService: ClockWidgetWeatherService registerAll
04-12 01:10:44.380  3590  3838 I libprocessgroup: Removed cgroup /sys/fs/cgroup/apps/uid_10512/pid_27079
04-12 01:10:44.381 27799 27869 D ClockTag_ClockProvider: query uri: content://com.coloros.alarmclock.alarmclock/alarm, selection: enabled = ? and loopID = -1
04-12 01:10:44.381 27799 27869 I ClockTag_ClockProvider: Alarms.query end: Bundle[{max_alarm_count=450}]
04-12 01:10:44.381 27799 27869 I ClockTag_AlarmUtils: AlarmId:5, Alarm:Alarm{mId=5, mEnabled=true, mHour=17, mMinutes=59, mRepeatSet=32, mTime=0, mLabel='自行车保养骑到荟聚, mAlert=content://media/internal/audio/media/127?title=Cloudscape&canonical=1, mRingName='默认铃声, mSilent=false, mAlertType=2, mDeleteAfterUse=0, mVolume=0, mSnoonzeItem=1, mSelected=false, mVibrate=64, mWorkdaySwitch=0, mHolidaySwitch=0, mOwnerUserId=0, mCloseOncePriTime=0, mCloseOnceTime=0, mEnableAssociate=1, mUUID=4fa753401834423d9b6a7bde2f******, mSnoozeTime=5, mWorkDayType=0, mWorkdayUpdateTime=2025-04-06 21:42:43, mSpecialAlarmDays=#, mDefaultAlarm=0, mRingNum=3, mLoopSwitch=0, mLoopCycleDays=0, mLoopID=-1, mLoopWorkDays=0, mLoopAlarmNumber=0, mLoopDay=1, mLoopRestDays=#, loopList size=0, mRingAbsolutePath=/data/oplus/multimedia/ringtones/Cloudscape.ogg, mGarbSwitch=0}
04-12 01:10:44.381 27799 27869 I ClockTag_AlarmUtils: AlarmId:9, Alarm:Alarm{mId=9, mEnabled=true, mHour=21, mMinutes=30, mRepeatSet=64, mTime=0, mLabel=', mAlert=content://media/internal/audio/media/127?title=Cloudscape&canonical=1, mRingName='默认铃声, mSilent=false, mAlertType=2, mDeleteAfterUse=0, mVolume=0, mSnoonzeItem=1, mSelected=false, mVibrate=64, mWorkdaySwitch=0, mHolidaySwitch=0, mOwnerUserId=0, mCloseOncePriTime=0, mCloseOnceTime=0, mEnableAssociate=1, mUUID=4a157c6db0e34ad095eb088096******, mSnoozeTime=5, mWorkDayType=0, mWorkdayUpdateTime=2026-04-08 23:43:17, mSpecialAlarmDays=#, mDefaultAlarm=0, mRingNum=3, mLoopSwitch=0, mLoopCycleDays=0, mLoopID=-1, mLoopWorkDays=0, mLoopAlarmNumber=0, mLoopDay=1, mLoopRestDays=#, loopList size=0, mRingAbsolutePath=/data/oplus/multimedia/ringtones/Cloudscape.ogg, mGarbSwitch=0}
04-12 01:10:44.381  2014  2014 I Zygote  : Process 27079 exited due to signal 9 (Killed)
04-12 01:10:44.381 27799 27869 D ClockTag_AlarmFixService: fix alarm: Alarm{mId=5, mEnabled=true, mHour=17, mMinutes=59, mRepeatSet=32, mTime=0, mLabel='自行车保养骑到荟聚, mAlert=content://media/internal/audio/media/127?title=Cloudscape&canonical=1, mRingName='默认铃声, mSilent=false, mAlertType=2, mDeleteAfterUse=0, mVolume=0, mSnoonzeItem=1, mSelected=false, mVibrate=64, mWorkdaySwitch=0, mHolidaySwitch=0, mOwnerUserId=0, mCloseOncePriTime=0, mCloseOnceTime=0, mEnableAssociate=1, mUUID=4fa753401834423d9b6a7bde2f******, mSnoozeTime=5, mWorkDayType=0, mWorkdayUpdateTime=2025-04-06 21:42:43, mSpecialAlarmDays=#, mDefaultAlarm=0, mRingNum=3, mLoopSwitch=0, mLoopCycleDays=0, mLoopID=-1, mLoopWorkDays=0, mLoopAlarmNumber=0, mLoopDay=1, mLoopRestDays=#, loopList size=0, mRingAbsolutePath=/data/oplus/multimedia/ringtones/Cloudscape.ogg, mGarbSwitch=0}
04-12 01:10:44.381 27799 27869 D ClockTag_ClockProvider: query uri: content://com.coloros.alarmclock.alarmclock/schedules, selection: alarm_id=5
04-12 01:10:44.381 27799 27869 D ClockTag_ClockProvider: query uri: content://com.coloros.alarmclock.alarmclock/alarms_repeat, selection: null
04-12 01:10:44.381 27799 27869 I ClockTag_AlarmStateManager:  alarm repeat :AlarmRepeat{mId=-1, mAlarmDuration=5, mAlarmInterval=5, mAlarmNum=3, mAlarmPrompt=0}
04-12 01:10:44.381 27799 27869 I ClockTag_getTimeoutInMills: alarmMills = 1776506340000  mAlarmDuration : 5
04-12 01:10:44.381 27799 27869 D ClockTag_AlarmFixService: fix alarm: Alarm{mId=9, mEnabled=true, mHour=21, mMinutes=30, mRepeatSet=64, mTime=0, mLabel=', mAlert=content://media/internal/audio/media/127?title=Cloudscape&canonical=1, mRingName='默认铃声, mSilent=false, mAlertType=2, mDeleteAfterUse=0, mVolume=0, mSnoonzeItem=1, mSelected=false, mVibrate=64, mWorkdaySwitch=0, mHolidaySwitch=0, mOwnerUserId=0, mCloseOncePriTime=0, mCloseOnceTime=0, mEnableAssociate=1, mUUID=4a157c6db0e34ad095eb088096******, mSnoozeTime=5, mWorkDayType=0, mWorkdayUpdateTime=2026-04-08 23:43:17, mSpecialAlarmDays=#, mDefaultAlarm=0, mRingNum=3, mLoopSwitch=0, mLoopCycleDays=0, mLoopID=-1, mLoopWorkDays=0, mLoopAlarmNumber=0, mLoopDay=1, mLoopRestDays=#, loopList size=0, mRingAbsolutePath=/data/oplus/multimedia/ringtones/Cloudscape.ogg, mGarbSwitch=0}
04-12 01:10:44.381 27799 27869 D ClockTag_ClockProvider: query uri: content://com.coloros.alarmclock.alarmclock/schedules, selection: alarm_id=9
04-12 01:10:44.381 27799 27869 D ClockTag_ClockProvider: query uri: content://com.coloros.alarmclock.alarmclock/alarms_repeat, selection: null
04-12 01:10:44.382 27799 27869 I ClockTag_AlarmStateManager:  alarm repeat :AlarmRepeat{mId=-1, mAlarmDuration=5, mAlarmInterval=5, mAlarmNum=3, mAlarmPrompt=0}
04-12 01:10:44.382 27799 27869 I ClockTag_getTimeoutInMills: alarmMills = 1776000600000  mAlarmDuration : 5
04-12 01:10:44.382  8338  8338 E LockScreenNotificationDispatcherImp: updateNotificationListOnKg size:0
04-12 01:10:44.383 27799 27799 D ClockTag_AlarmFixService: fix alarm stop self:true 1775927444382
04-12 01:10:44.383  8338  8338 I SystemUi--Notification: NotificationStackScrollLayoutExtImpl-->bind scrollGridCount 4 o.visibleChildrenCount 3 o.childCount 7
04-12 01:10:44.383  8338  8338 I SystemUi--Notification: SeparatePanelAnimation-->updateVisibleChildCount change, currentChildCount: 5 totalCount 4
04-12 01:10:44.384  8338  8338 I SystemUi--Notification: OplusLiveAlertNotificationsRepository-->onNotificationChannelModified: android 0 “交易终端”正在其他应用的上层显示内容 3
04-12 01:10:44.384  8338  8338 I SystemUi--Notification: LockScreenNotificationDispatcherImp-->updateNotificationListOnKg resultCode: 0
04-12 01:10:44.385 15448 15448 D ClockTag_ClockWidget.ClockWidgetWeatherService: registerWeatherCityObserver
04-12 01:10:44.385  6374 23651 I metis_v2_AppSwitchDataCollector:  set isNotifiedTVCast
04-12 01:10:44.387 27449 27469 I MMKV    : <MMKV_IO.cpp:456::writeActualSize> [mmkv.default] increase sequence to 540959, crc 2809294992, actualSize 926
04-12 01:10:44.387 15448 15448 D ClockTag_ClockWidget.ClockWidgetWeatherService: registerLocationResultNotifyObserver
04-12 01:10:44.388 15448 15448 D ClockTag_ClockWidget.ClockWidgetWeatherService: ClockWidgetWeatherService onStartCommand
04-12 01:10:44.388 15448 15448 D ClockTag_ClockWidget.ClockWidgetWeatherService: checkConfigChanged:true
04-12 01:10:44.388 15448 15448 D ClockTag_ClockWidgetState: system config, dual clock:1, split screen:0, color:-1/false, screenDisplayModel:0
04-12 01:10:44.388 15448 15448 D ClockTag_ClockWidgetState: systemDualClock:1
04-12 01:10:44.389 15448 15448 D ClockTag_ClockWidgetState: systemSplitScreenMode:false
04-12 01:10:44.389 15448 15448 D ClockTag_ClockWidgetState: systemWallpaperColor:-1/false
04-12 01:10:44.389 27799 27799 D ClockTag_AlarmFixService: onDestroy
04-12 01:10:44.389 15448 15448 D ClockTag_ClockWidgetUtils: supportLandWidget false
04-12 01:10:44.389 15448 15448 D ClockTag_FoldScreenUtils: haveFold:false
04-12 01:10:44.389 15448 15448 D ClockTag_ClockWidgetUtils: supportMultiWallpaper: false
04-12 01:10:44.389 15448 16268 D ClockTag_ClockWidget.BaseWidgetViewHelper: requestDoubleWeatherInfo methodName=getDoubleCityWeatherDataAndUpdate isNeed=false
04-12 01:10:44.389  3590  8837 D ActivityManager: Async freezing 27799 com.coloros.alarmclock
04-12 01:10:44.389 15448 16268 I WeatherS_WeatherBaseDataTask: Service has not started, bind update Service.
04-12 01:10:44.389 15448 16268 I WeatherS_WeatherServiceManager: bindUpdateService false
04-12 01:10:44.390 15448 15502 I ClockTag_ClockWidget.ClockWidgetManager: isRPlus = false
