04-12 01:10:46.704  8338  8397 D AdfrV32FrameRateUtils: animationVelocityCalculator: nullbounds: 0 0 1264 2780
04-12 01:10:46.712  8338  8397 D AdfrV32FrameRateUtils: animationVelocityCalculator: nullbounds: 0 0 1264 2780
04-12 01:10:46.712  8338  8397 D AdfrV32FrameRateUtils: animationVelocityCalculator: nullbounds: 0 0 1264 2780
04-12 01:10:46.721  8338  8397 D AdfrV32FrameRateUtils: animationVelocityCalculator: nullbounds: 0 0 1264 2780
04-12 01:10:46.721  8338  8397 D AdfrV32FrameRateUtils: animationVelocityCalculator: nullbounds: 0 0 1264 2780
04-12 01:10:46.729  8338  8397 D AdfrV32FrameRateUtils: animationVelocityCalculator: nullbounds: 0 0 1264 2780
04-12 01:10:46.729  8338  8397 D AdfrV32FrameRateUtils: animationVelocityCalculator: nullbounds: 0 0 1264 2780
04-12 01:10:46.732  3590  8837 W PackageManager: package com.binance.monitor uid 10512 pid 28409 call SetEnabledSetting(com.binance.monitor component = com.binance.monitor.launcher.IconFinancialAlias, 1, 0)
04-12 01:10:46.732  3590  8837 W PackageManager: package com.binance.monitor uid 10512 pid 28409 call SetEnabledSetting(com.binance.monitor component = com.binance.monitor.launcher.IconVintageAlias, 2, 0)
04-12 01:10:46.732  3590  8837 W PackageManager: package com.binance.monitor uid 10512 pid 28409 call SetEnabledSetting(com.binance.monitor component = com.binance.monitor.launcher.IconBinanceAlias, 2, 0)
04-12 01:10:46.732  3590  8837 W PackageManager: package com.binance.monitor uid 10512 pid 28409 call SetEnabledSetting(com.binance.monitor component = com.binance.monitor.launcher.IconTradingViewAlias, 2, 0)
04-12 01:10:46.732  3590  8837 W PackageManager: package com.binance.monitor uid 10512 pid 28409 call SetEnabledSetting(com.binance.monitor component = com.binance.monitor.launcher.IconLightAlias, 2, 0)
04-12 01:10:46.737  8338  8397 D AdfrV32FrameRateUtils: animationVelocityCalculator: nullbounds: 0 0 1264 2780
04-12 01:10:46.737  8338  8397 D AdfrV32FrameRateUtils: animationVelocityCalculator: nullbounds: 0 0 1264 2780
04-12 01:10:46.741 28409 28409 I binance.monitor: ThrowNoClassDefFoundError when open swordfish
04-12 01:10:46.741 28409 28409 I binance.monitor: ThrowNoClassDefFoundError when open swordfish
04-12 01:10:46.741 28409 28409 I binance.monitor: ThrowNoClassDefFoundError when open swordfish
04-12 01:10:46.741 28409 28409 I binance.monitor: ThrowNoClassDefFoundError when open swordfish
04-12 01:10:46.741 28409 28409 I binance.monitor: ThrowNoClassDefFoundError when open swordfish
04-12 01:10:46.741 28409 28409 I binance.monitor: ThrowNoClassDefFoundError when open swordfish
04-12 01:10:46.741 28409 28409 I binance.monitor: ThrowNoClassDefFoundError when open swordfish
04-12 01:10:46.741 28409 28409 I binance.monitor: ThrowNoClassDefFoundError when open swordfish
04-12 01:10:46.741 28409 28409 I binance.monitor: ThrowNoClassDefFoundError when open swordfish
04-12 01:10:46.741 28409 28409 I binance.monitor: ThrowNoClassDefFoundError when open swordfish
04-12 01:10:46.741 28409 28409 I binance.monitor: ThrowNoClassDefFoundError when open swordfish
04-12 01:10:46.741 28409 28409 I binance.monitor: ThrowNoClassDefFoundError when open swordfish
04-12 01:10:46.741 28409 28409 I binance.monitor: ThrowNoClassDefFoundError when open swordfish
04-12 01:10:46.741 28409 28409 I binance.monitor: ThrowNoClassDefFoundError when open swordfish
04-12 01:10:46.746  8338  8397 D AdfrV32FrameRateUtils: animationVelocityCalculator: nullbounds: 0 0 1264 2780
04-12 01:10:46.746  8338  8397 D AdfrV32FrameRateUtils: animationVelocityCalculator: nullbounds: 0 0 1264 2780
04-12 01:10:46.748  3590  8837 I ActivityManager: Flag disabled. Ignoring finishAttachApplication from uid: 10512. pid: 28409
04-12 01:10:46.749  3590  8837 I [UAH_CLIENT]: UahEventAcquire, cmdid:2, pkg:none, identity:OplusActivityManagerServiceEnhance
04-12 01:10:46.749  2391  2470 D GpuServiceExtImpl: getRUSWhiteList  size 2
04-12 01:10:46.749 28409 28409 I HWUI    : SupportApps size 2
04-12 01:10:46.750 28409 28409 D ExtensionsLoader: createInstance(64bit) : createExtendedFactory
04-12 01:10:46.750 28409 28409 D ExtensionsLoader: Opened libSchedAssistExtImpl.so
04-12 01:10:46.750 28409 28409 E SchedAssist: open sharedFd failed with error=Permission denied
04-12 01:10:46.750 28409 28409 E SchedAssist: open sharedFd failed with error=Permission denied
04-12 01:10:46.750 28409 28409 E SchedAssist: open sharedFd failed with error=Permission denied
04-12 01:10:46.750 28409 28448 D ExtensionsLoader: createInstance(64bit) : createExtendedFactory
04-12 01:10:46.750 28409 28448 D ExtensionsLoader: Opened libSchedAssistExtImpl.so
04-12 01:10:46.750 28409 28448 I DisplayManager: Choreographer implicitly registered for the refresh rate.
04-12 01:10:46.751 28409 28409 I binance.monitor: AssetManager2(0xb400007246ca0a28) locale list changing from [] to [zh-CN]
04-12 01:10:46.751 28409 28409 D ResourcesManagerExtImpl: applyConfigurationToAppResourcesLocked app.getDisplayId() return callback.displayId:0
04-12 01:10:46.752 28409 28448 D colorx  : I can't find colorx layer , let's enumerate colorx layers first.
04-12 01:10:46.754  8338  8397 D AdfrV32FrameRateUtils: animationVelocityCalculator: nullbounds: 0 0 1264 2780
04-12 01:10:46.754  8338  8397 D AdfrV32FrameRateUtils: animationVelocityCalculator: nullbounds: 0 0 1264 2780
04-12 01:10:46.755  2226  2226 I qspmHal : enter getGpuProf at: 2105953507
04-12 01:10:46.755  2226  2226 I qspmHal : PID 28409 from GFX matched.
04-12 01:10:46.755  2226  2226 I qspmHal : gpuProfName:com.binance.monitor-gpu - gpu prof_info.path:/data/vendor/gaming/com.binance.monitor-gpu
04-12 01:10:46.755  2226  2226 E qspmHal : GPU profile file NOT found !!
04-12 01:10:46.755 28409 28448 I AdrenoVK-0: ===== BEGIN DUMP OF OVERRIDDEN SETTINGS =====
04-12 01:10:46.755 28409 28448 I AdrenoVK-0: ===== END DUMP OF OVERRIDDEN SETTINGS =====
04-12 01:10:46.757 28409 28448 D qdgralloc: Fetching IMapper5 from QtiMapper5
04-12 01:10:46.757 28409 28409 D AppCompatDelegate: Checking for metadata for AppLocalesMetadataHolderService : Service not found
04-12 01:10:46.758 28409 28409 I binance.monitor: AssetManager2(0xb400007246ca0d28) locale list changing from [] to [zh-CN]
04-12 01:10:46.759 28409 28409 E ashmem  : Pinning is deprecated since Android Q. Please use trim or other methods.
04-12 01:10:46.761 28409 28448 I SnapAlloc: Graphics lib is available
04-12 01:10:46.762  8338  8397 D AdfrV32FrameRateUtils: animationVelocityCalculator: nullbounds: 0 0 1264 2780
04-12 01:10:46.762 28409 28409 E OplusPredictiveBackController:  NoSuchMethodException 
04-12 01:10:46.762 28409 28409 E OplusPredictiveBackController:  NoSuchMethodException 
04-12 01:10:46.762 28409 28409 E OplusPredictiveBackController:  NoSuchMethodException 
04-12 01:10:46.762  8338  8397 D AdfrV32FrameRateUtils: animationVelocityCalculator: nullbounds: 0 0 1264 2780
04-12 01:10:46.762 28409 28409 D OplusPredictiveBackController: initPredictiveBackConfig for com.binance.monitor.ui.main.MainActivity@e3565b0 initPredictiveBackConfig mShouldInterceptKeyEvent false
04-12 01:10:46.762 28409 28409 D WindowOnBackDispatcher:  predictive settings is disabled for com.binance.monitor
04-12 01:10:46.765 28409 28448 I Adreno-UNKNOWN: Using previously loaded IMapper library.
04-12 01:10:46.765 28409 28409 I oplus.android.OplusFrameworkFactoryImpl: Unknow feature:IOplusTextViewRTLUtilForUG
04-12 01:10:46.766 28409 28448 I AdrenoVK-0: QUALCOMM build          : d9c51359ee, Ib0a60ffc99
04-12 01:10:46.766 28409 28448 I AdrenoVK-0: Build Date              : 12/19/25
04-12 01:10:46.766 28409 28448 I AdrenoVK-0: Shader Compiler Version : E031.47.18.44
04-12 01:10:46.766 28409 28448 I AdrenoVK-0: Local Branch            : 
04-12 01:10:46.766 28409 28448 I AdrenoVK-0: Remote Branch           : refs/tags/AU_LINUX_ANDROID_LA.VENDOR.15.4.0.11.00.00.1088.837
04-12 01:10:46.766 28409 28448 I AdrenoVK-0: Remote Branch           : NONE
04-12 01:10:46.766 28409 28448 I AdrenoVK-0: Reconstruct Branch      : NOTHING
04-12 01:10:46.766 28409 28448 I AdrenoVK-0: Build Config            : S P 18.0.0 AArch64
04-12 01:10:46.766 28409 28448 I AdrenoVK-0: Driver Path             : /vendor/lib64/hw/vulkan.adreno.so
04-12 01:10:46.766 28409 28448 I AdrenoVK-0: Driver Version          : 0800.67
04-12 01:10:46.766 28409 28448 I AdrenoVK-0: PFP                     : 0x01500081
04-12 01:10:46.766 28409 28448 I AdrenoVK-0: ME                      : 0x01500022
04-12 01:10:46.766 28409 28448 I AdrenoVK-0: Application Name    : android framework
04-12 01:10:46.766 28409 28448 I AdrenoVK-0: Process Name        : com.binance.monitor
04-12 01:10:46.766 28409 28448 I AdrenoVK-0: Application Version : 0x00000000
04-12 01:10:46.766 28409 28448 I AdrenoVK-0: Engine Name         : android framework
04-12 01:10:46.766 28409 28448 I AdrenoVK-0: Engine Version      : 0x00000000
04-12 01:10:46.766 28409 28448 I AdrenoVK-0: Api Version         : 0x00401000
04-12 01:10:46.767 28409 28409 D ScrollOptimizationHelper: can't find the config file for optimizaiton
04-12 01:10:46.767 28409 28409 D ScrollOptimizationHelper: will not debug for debug is false
04-12 01:10:46.768 28409 28448 D ExtensionsLoader: createInstance(64bit) : createExtendedFactory
04-12 01:10:46.768 28409 28448 D ExtensionsLoader: Opened libeglextimpl.so
04-12 01:10:46.768 28409 28448 D PreCache: [IPreCacheRus]loadRUSConfigs#102 failed to transact: -22 prc:com.binance.monitor
04-12 01:10:46.771  8338  8397 D AdfrV32FrameRateUtils: animationVelocityCalculator: nullbounds: 0 0 1264 2780
04-12 01:10:46.771  8338  8397 D AdfrV32FrameRateUtils: animationVelocityCalculator: nullbounds: 0 0 1264 2780
04-12 01:10:46.771 28409 28409 E OplusCustomizeRestrictionManager: sInstance is null, start a new sInstance
04-12 01:10:46.779  8338  8397 D AdfrV32FrameRateUtils: animationVelocityCalculator: nullbounds: 0 0 1264 2780
04-12 01:10:46.779  8338  8397 D AdfrV32FrameRateUtils: animationVelocityCalculator: nullbounds: 0 0 1264 2780
04-12 01:10:46.787  8338  8397 D AdfrV32FrameRateUtils: animationVelocityCalculator: nullbounds: 0 0 1264 2780
04-12 01:10:46.787  8338  8397 D AdfrV32FrameRateUtils: animationVelocityCalculator: nullbounds: 0 0 1264 2780
04-12 01:10:46.796  8338  8397 D AdfrV32FrameRateUtils: animationVelocityCalculator: nullbounds: 0 0 1264 2780
04-12 01:10:46.796  8338  8397 D AdfrV32FrameRateUtils: animationVelocityCalculator: nullbounds: 0 0 1264 2780
04-12 01:10:46.799 28409 28409 D OplusInputMethodUtil: init sDebug to false, init sDebugIme to false, init sAlwaysOn to false
04-12 01:10:46.799 28409 28409 D OplusInputMethodUtil: updateDebugToClass InputMethodManager.DEBUG = false
04-12 01:10:46.799 28409 28409 D OplusInputMethodUtil: updateDebugToClass ImeFocusController.DEBUG = false
04-12 01:10:46.799 28409 28409 D OplusInputMethodUtil: updateDebugToClass OnBackInvokedDispatcher.DEBUG = false
04-12 01:10:46.799 28409 28409 D OplusInputMethodUtil: updateDebugToClass InsetsController.DEBUG = false
04-12 01:10:46.799 28409 28409 D OplusInputMethodUtil: updateDebugToClass BaseInputConnection.DEBUG = false
04-12 01:10:46.804  8338  8397 D AdfrV32FrameRateUtils: animationVelocityCalculator: nullbounds: 0 0 1264 2780
04-12 01:10:46.804  8338  8397 D AdfrV32FrameRateUtils: set frameRate in trantion end, leash=Surface(name=Task=1)/@0x4804df6, transaction=android.view.SurfaceControl$Transaction@c85a9a9, precisionType=2, typeId=20101, typeEnable=false
04-12 01:10:46.804  8338  8397 D AdfrV32FrameRateUtils: animationVelocityCalculator: nullbounds: 0 0 1264 2780
04-12 01:10:46.804  8338  8397 D AdfrV32FrameRateUtils: set frameRate in trantion end, leash=Surface(name=Task=13212)/@0x56d3a91, transaction=android.view.SurfaceControl$Transaction@c85a9a9, precisionType=2, typeId=20101, typeEnable=false
04-12 01:10:46.804  8338  8381 D OplusShellTransition: DefaultTransitionHandler#onAnimFinish=> transition=android.os.BinderProxy@3885258, backAnimContinue=false
04-12 01:10:46.804  8338  8381 V WindowManagerShell: Transition animation finished (aborted=false), notifying core (#27634) android.os.BinderProxy@3885258@0
04-12 01:10:46.804  8338  8381 D SplitScreen-->AppLockManager: setStartFromSafeControl mStartFromSafeControl=false
04-12 01:10:46.804  8338  8381 D ShellTaskOrganizerExt: adjust change for exiting mini task: -1
04-12 01:10:46.805  3590  8837 D Transition: finishTransition ar ActivityRecord{75462386 u0 com.android.launcher/.Launcher t2}, isVisibleRequested=false, state=PAUSED, visibleAtTransitionEndTokens={WallpaperWindowToken{3abc1ac showWhenLocked=false}, ActivityRecord{184254410 u0 com.binance.monitor/.ui.main.MainActivity t13212}}, this=TransitionRecord{7e483bf id=27634 track=0 type=OPEN flags=0x0 state=2 c=[
04-12 01:10:46.805  3590  8837 D Transition:    ChangeInfo{12a7a8c container=Display{#0 state=ON size=1264x2780 ROTATION_0} flags=0x0}
04-12 01:10:46.805  3590  8837 D Transition:    ChangeInfo{a23d485 container=Task{1b70458 #13212 type=standard A=10512:com.binance.monitor} flags=0x10}
04-12 01:10:46.805  3590  8837 D Transition:    ChangeInfo{fe032da container=Task{1b9ad4c #1 type=home} flags=0x10}
04-12 01:10:46.805  3590  8837 D Transition:    ChangeInfo{4b505d5 container=WallpaperWindowToken{3abc1ac showWhenLocked=false} flags=0x0}
04-12 01:10:46.805  3590  8837 D Transition:    ChangeInfo{9891ea container=ActivityRecord{75462386 u0 com.android.launcher/.Launcher t2} flags=0x0}
04-12 01:10:46.805  3590  8837 D Transition:    ChangeInfo{2679cdb container=Task{735fad8 #2 type=undefined I=com.android.launcher/.Launcher} flags=0x10}
04-12 01:10:46.805  3590  8837 D Transition:    ChangeInfo{44ab378 container=DefaultTaskDisplayArea@136308155 flags=0x0}
04-12 01:10:46.805  3590  8837 D Transition:    ChangeInfo{d4d2a51 container=WallpaperWindowToken{a06f6f8 showWhenLocked=true} flags=0x0}
04-12 01:10:46.805  3590  8837 D Transition:    ChangeInfo{865e2b6 container=ActivityRecord{184254410 u0 com.binance.monitor/.ui.main.MainActivity t13212} flags=0x0}
04-12 01:10:46.805  3590  8837 D Transition: ]
04-12 01:10:46.805  3590  8837 D Transition: }
04-12 01:10:46.805  3590  8837 D ActivityTaskManager: commitVisibility: ActivityRecord{75462386 u0 com.android.launcher/.Launcher t2}: visible=false visibleRequested=false, isInTransition=false 
04-12 01:10:46.805  3590  8837 D WindowManager: NFW_setClientVisible:ActivityRecord{75462386 u0 com.android.launcher/.Launcher t2} clientVisible:false
04-12 01:10:46.806  8730 32640 D VRI[Launcher]: dispatchAppVisibility visible:false mUpcomingWindowFocus:false
04-12 01:10:46.806  3590  8837 D Transition: finishTransition ar ActivityRecord{184254410 u0 com.binance.monitor/.ui.main.MainActivity t13212}, isVisibleRequested=true, state=RESUMED, visibleAtTransitionEndTokens={WallpaperWindowToken{3abc1ac showWhenLocked=false}, ActivityRecord{184254410 u0 com.binance.monitor/.ui.main.MainActivity t13212}}, this=TransitionRecord{7e483bf id=27634 track=0 type=OPEN flags=0x0 state=2 c=[
04-12 01:10:46.806  3590  8837 D Transition:    ChangeInfo{12a7a8c container=Display{#0 state=ON size=1264x2780 ROTATION_0} flags=0x0}
04-12 01:10:46.806  3590  8837 D Transition:    ChangeInfo{a23d485 container=Task{1b70458 #13212 type=standard A=10512:com.binance.monitor} flags=0x10}
04-12 01:10:46.806  3590  8837 D Transition:    ChangeInfo{fe032da container=Task{1b9ad4c #1 type=home} flags=0x10}
04-12 01:10:46.806  3590  8837 D Transition:    ChangeInfo{4b505d5 container=WallpaperWindowToken{3abc1ac showWhenLocked=false} flags=0x0}
04-12 01:10:46.806  3590  8837 D Transition:    ChangeInfo{9891ea container=ActivityRecord{75462386 u0 com.android.launcher/.Launcher t2} flags=0x0}
04-12 01:10:46.806  3590  8837 D Transition:    ChangeInfo{2679cdb container=Task{735fad8 #2 type=undefined I=com.android.launcher/.Launcher} flags=0x10}
04-12 01:10:46.806  3590  8837 D Transition:    ChangeInfo{44ab378 container=DefaultTaskDisplayArea@136308155 flags=0x0}
04-12 01:10:46.806  3590  8837 D Transition:    ChangeInfo{d4d2a51 container=WallpaperWindowToken{a06f6f8 showWhenLocked=true} flags=0x0}
04-12 01:10:46.806  3590  8837 D Transition:    ChangeInfo{865e2b6 container=ActivityRecord{184254410 u0 com.binance.monitor/.ui.main.MainActivity t13212} flags=0x0}
04-12 01:10:46.806  3590  8837 D Transition: ]
04-12 01:10:46.806  3590  8837 D Transition: }
04-12 01:10:46.806  3590  3829 D WallpaperControllerExtImpl: screenshot + id = 54 userId = 0
04-12 01:10:46.806  3590  8837 D WindowManager: NFW_setClientVisible:WallpaperWindowToken{3abc1ac showWhenLocked=false} clientVisible:false
04-12 01:10:46.806  8730  8905 D HWUI    : SkiaVulkanPipeline::setSurface: this=0xb4000071ed47fcc0, surface=NULL
04-12 01:10:46.806  3590  8837 I OplusAppSwitchManagerService:  handleAppVisible , r = ActivityRecord{184254410 u0 com.binance.monitor/.ui.main.MainActivity t13212}
04-12 01:10:46.806  3590  8837 D OplusTransitionController: finishTransition, transition: TransitionRecord{7e483bf id=27634 track=0 type=OPEN flags=0x0 state=4 c=[
04-12 01:10:46.806  3590  8837 D OplusTransitionController:    ChangeInfo{12a7a8c container=Display{#0 state=ON size=1264x2780 ROTATION_0} flags=0x0}
04-12 01:10:46.806  3590  8837 D OplusTransitionController:    ChangeInfo{a23d485 container=Task{1b70458 #13212 type=standard A=10512:com.binance.monitor} flags=0x10}
04-12 01:10:46.806  3590  8837 D OplusTransitionController:    ChangeInfo{fe032da container=Task{1b9ad4c #1 type=home} flags=0x10}
04-12 01:10:46.806  3590  8837 D OplusTransitionController:    ChangeInfo{4b505d5 container=WallpaperWindowToken{3abc1ac showWhenLocked=false} flags=0x0}
04-12 01:10:46.806  3590  8837 D OplusTransitionController:    ChangeInfo{9891ea container=ActivityRecord{75462386 u0 com.android.launcher/.Launcher t2} flags=0x0}
04-12 01:10:46.806  3590  8837 D OplusTransitionController:    ChangeInfo{2679cdb container=Task{735fad8 #2 type=undefined I=com.android.launcher/.Launcher} flags=0x10}
04-12 01:10:46.806  3590  8837 D OplusTransitionController:    ChangeInfo{44ab378 container=DefaultTaskDisplayArea@136308155 flags=0x0}
04-12 01:10:46.806  3590  8837 D OplusTransitionController:    ChangeInfo{d4d2a51 container=WallpaperWindowToken{a06f6f8 showWhenLocked=true} flags=0x0}
04-12 01:10:46.806  3590  8837 D OplusTransitionController:    ChangeInfo{865e2b6 container=ActivityRecord{184254410 u0 com.binance.monitor/.ui.main.MainActivity t13212} flags=0x0}
04-12 01:10:46.806  3590  8837 D OplusTransitionController: ]
04-12 01:10:46.806  3590  8837 D OplusTransitionController: }
04-12 01:10:46.806  3590  8837 D FlexibleTaskTransitionController:  finishTransition pendingRecentToFlexibleTask:null,isRotationTransition:false ,pendingRecentToFlexible:null ,transition:TransitionRecord{7e483bf id=27634 track=0 type=OPEN flags=0x0 state=4 c=[
04-12 01:10:46.806  3590  8837 D FlexibleTaskTransitionController:    ChangeInfo{12a7a8c container=Display{#0 state=ON size=1264x2780 ROTATION_0} flags=0x0}
04-12 01:10:46.806  3590  8837 D FlexibleTaskTransitionController:    ChangeInfo{a23d485 container=Task{1b70458 #13212 type=standard A=10512:com.binance.monitor} flags=0x10}
04-12 01:10:46.806  3590  8837 D FlexibleTaskTransitionController:    ChangeInfo{fe032da container=Task{1b9ad4c #1 type=home} flags=0x10}
04-12 01:10:46.806  3590  8837 D FlexibleTaskTransitionController:    ChangeInfo{4b505d5 container=WallpaperWindowToken{3abc1ac showWhenLocked=false} flags=0x0}
04-12 01:10:46.806  3590  8837 D FlexibleTaskTransitionController:    ChangeInfo{9891ea container=ActivityRecord{75462386 u0 com.android.launcher/.Launcher t2} flags=0x0}
04-12 01:10:46.806  3590  8837 D FlexibleTaskTransitionController:    ChangeInfo{2679cdb container=Task{735fad8 #2 type=undefined I=com.android.launcher/.Launcher} flags=0x10}
04-12 01:10:46.806  3590  8837 D FlexibleTaskTransitionController:    ChangeInfo{44ab378 container=DefaultTaskDisplayArea@136308155 flags=0x0}
04-12 01:10:46.806  3590  8837 D FlexibleTaskTransitionController:    ChangeInfo{d4d2a51 container=WallpaperWindowToken{a06f6f8 showWhenLocked=true} flags=0x0}
04-12 01:10:46.806  3590  8837 D FlexibleTaskTransitionController:    ChangeInfo{865e2b6 container=ActivityRecord{184254410 u0 com.binance.monitor/.ui.main.MainActivity t13212} flags=0x0}
04-12 01:10:46.806  3590  8837 D FlexibleTaskTransitionController: ]
04-12 01:10:46.806  3590  8837 D FlexibleTaskTransitionController: }
04-12 01:10:46.807  3590  8837 D RefreshRate: ***** request traversal for refresh rate change, reason is highTempRefreshRateChanged: false, windowRefreshRateChanged: true, flexibleWindowStateChanged: false, has float/zoom window *****
04-12 01:10:46.807  3590  8837 D TransitionControllerExtImpl: NFW_send RECOMPUTE_FOCUS in finishTransition
04-12 01:10:46.807  3590  3795 D WindowManager: NFW_findFocusedWindowIfNeeded:null mCurrentFocus:null
04-12 01:10:46.807  8730  8905 D BufferQueueProducer: [VRI[Launcher]#776(BLAST Consumer)776](id:221a0000092f,api:1,p:8730,c:8730) disconnect: api 1
04-12 01:10:46.807  8338  8381 D ShellTaskOrganizer: onTransitionFinish, isRecent:false
04-12 01:10:46.807  8338  8381 V WindowManagerShell: Track 0 became idle
04-12 01:10:46.807  8338  8381 V WindowManagerShell: All active transition animations finished
04-12 01:10:46.807  8730  8905 D BufferQueueProducer: [VRI[Launcher]#776(BLAST Consumer)776](id:221a0000092f,api:1,p:8730,c:8730) connect: api=1 producerControlledByApp=true
04-12 01:10:46.807 15031 15220 I Quality-ScreenOnOffLogProcessor: withInScreenOnOffRange mIsScreenOn:true refTime:1775927446295 mRecentScreenOnTime:1775927242814 mRecentScreenOffTime:1775927165884
04-12 01:10:46.807  3590  3796 D InsetsSourceProvider: updateSourceFrameForServerVisibility mandatorySystemGestures EMPTY_RECT
04-12 01:10:46.807  3590  3796 D VRR [OPlusRefreshRatePolicy]: setRefreshRatePolicy policy=POLICY_SYSTEM, refreshRate=120, statusOn=false
04-12 01:10:46.807  3590  3796 D VRR [OPlusRefreshRatePolicy]: setRefreshRatePolicy policy=POLICY_SYSTEM, refreshRate=90, statusOn=true
04-12 01:10:46.807  3590  3796 W SettingsProvider: notifyForSettingsChange delay for adfr_policy_change, value: 26870, delta: 0, lastNotifyTimestamp: 924507971, minInterval: 10
04-12 01:10:46.807  3590  3875 D VRR [OPlusRefreshRateService]:  setDirectorStates [flag: 1, state: 0, directorStateOff: 0]
04-12 01:10:46.807  3590  3796 D RefreshRate: Refresh rate changing from 120.00001 to 90.0,maxRefreshRate=90.0 FOR:{
04-12 01:10:46.807  3590  3796 D RefreshRate:     | COURSE[; Win preferred rateId=0, appReqFirst=false, data= RateData{} ;win name:Splash Screen com.binance.monitor]
04-12 01:10:46.807  3590  3796 D RefreshRate:     | VOTES[PRIORITY_WINDOW_REQUEST -> Vote{mRefreshRate=90.0, mMinRefreshRate=90.0, mRequestSource=null};]
04-12 01:10:46.807  3590  3796 D RefreshRate:     | TIME:2026-04-11 17:10:46}
04-12 01:10:46.807  3590  3796 D DisplayModeDirector: setAppRequest displayId : 0  modeId: 3  requestedRefreshRate: 0.0  requestedMinRefreshRateRange: 0.0  requestedMaxRefreshRateRange: 90.0
04-12 01:10:46.807  2399  8068 D VRR [RefreshRateDirector]: updateState mState = 1
04-12 01:10:46.808  3590  3795 D DisplayManagerServiceExtImpl: scheduleTraversalLocked intraversal=false
04-12 01:10:46.808  3590  3795 D DisplayManagerService: MSG_REQUEST_TRAVERSAL pendingCompleted=false
04-12 01:10:46.808  3590  3796 D DisplayManagerService: performTraversalInternal pendingTraversal
04-12 01:10:46.808  3590  3796 D DisplayDevice: setLayerStackLocked id=local:4630946685746860179 token=android.os.BinderProxy@fdd71ea stack=0->0
04-12 01:10:46.808  3590  3875 D LocalDisplayAdapter: setDesiredDisplayModeSpecsAsync: display unique id = local:4630946685746860179, display mode specs = defaultMode=2 allowGroupSwitching=false primaryRanges=physical: (0.0 120.0) render:  (0.0 90.0) appRequestRanges=physical: (0.0 120.0) render:  (0.0 90.0) idleScreenRefreshRate=null
04-12 01:10:46.808  2399  8068 D SurfaceFlinger: VRR [SurfaceFlinger] setDesiredDisplayModeSpecs, from process 3590, 2, 0, primaryRanges = [ 0.000000, 120.000000, 0.000000, 90.000000 ], appRequestRanges = [ 0.000000, 120.000000, 0.000000 90.000000 ]
04-12 01:10:46.808  3590  3796 I TaskOrganizerController: onTaskInfoChanged taskid 13212 config { mBounds=Rect(0, 0 - 1264, 2780) mAppBounds=Rect(0, 0 - 1264, 2780) mMaxBounds=Rect(0, 0 - 1264, 2780) mDisplayRotation=ROTATION_0 mWindowingMode=fullscreen mActivityType=standard mAlwaysOnTop=undefined mRotation=ROTATION_0}
04-12 01:10:46.808  2399  2399 I RefreshRateSelector: Display 4630946685746860179 policy changed
04-12 01:10:46.808  2399  2399 I RefreshRateSelector: Previous: {defaultModeId=0, allowGroupSwitching=false, primaryRanges={physical=[120.00 Hz, 120.00 Hz], render=[120.00 Hz, 120.00 Hz]}, appRequestRanges={physical=[120.00 Hz, 120.00 Hz], render=[120.00 Hz, 120.00 Hz]} idleScreenConfig=nullptr}
04-12 01:10:46.808  2399  2399 I RefreshRateSelector: Current:  DisplayManagerPolicy{defaultModeId=2, allowGroupSwitching=false, primaryRanges={physical=[0.00 Hz, 120.00 Hz], render=[0.00 Hz, 90.00 Hz]}, appRequestRanges={physical=[0.00 Hz, 120.00 Hz], render=[0.00 Hz, 90.00 Hz]} idleScreenConfig=nullptr}
04-12 01:10:46.808  2399  2399 I RefreshRateSelector: 0 mode changes were performed under the previous policy
04-12 01:10:46.808  2399  2399 D SurfaceFlinger: VRR [SurfaceFlinger] applyRefreshRateSelectorPolicy: 2 (90.00 Hz), policy: {defaultModeId=2, allowGroupSwitching=false, primaryRanges={physical=[0.00 Hz, 120.00 Hz], render=[0.00 Hz, 90.00 Hz]}, appRequestRanges={physical=[0.00 Hz, 120.00 Hz], render=[0.00 Hz, 90.00 Hz]} idleScreenConfig=nullptr}
04-12 01:10:46.808  2399  2399 D SurfaceFlinger: VRR [SurfaceFlinger] setDesiredActiveMode: displayId: 4630946685746860179, renderRate: 90, vsyncRate: 90, event: 1
04-12 01:10:46.808  2399  2399 D DisplayModeController: setDesiredMode 4630946685746860179 {mode={fps=90.00 Hz, modePtr={id=2, vsyncRate=90.00 Hz, peakRefreshRate=90.00 Hz}}, emitEvent=true, force=false}
04-12 01:10:46.808  3590  3872 D OplusFeatureDMR[display=0]: onConfigChanged threadId=70 threadName=OplusDisplayWorkHandler physicalDisplayId=4630946685746860179 modeId=0  
04-12 01:10:46.808  2399  3162 D VRR [OTI]: handleIdle from 0 to 0
04-12 01:10:46.808  2399  3162 D VRR [OTI-HW]: isStateReady 0
04-12 01:10:46.808  3590  3796 D OplusFlexibleDragToSplitAnimController: visibleFlexibleTaskInfos delete:13212
04-12 01:10:46.808  2399  3162 D VRR [OTI-HW]: keep rate.
04-12 01:10:46.808  3590  3796 E FlexibleWindowManagerService: notifyTaskObserverToAttachController not need to notify!
04-12 01:10:46.808  3590  3796 I FlexibleWindowManagerService: onFlexibleWindowTaskInfoChanged, return for cur task not embedded
04-12 01:10:46.808  3590  3796 I TaskOrganizerController: onTaskInfoChanged taskid 1 config { mBounds=Rect(0, 0 - 1264, 2780) mAppBounds=Rect(0, 0 - 1264, 2780) mMaxBounds=Rect(0, 0 - 1264, 2780) mDisplayRotation=ROTATION_0 mWindowingMode=fullscreen mActivityType=home mAlwaysOnTop=undefined mRotation=ROTATION_0}
04-12 01:10:46.808  8338  8381 D ShellTaskOrganizerExt: visibleFlexibleTaskInfos delete:13212
04-12 01:10:46.808  8338  8381 D ShellTaskOrganizerExt: isOnCanvas size:0
04-12 01:10:46.808  8338  8381 D ShellTaskOrganizerExt: isOnThreeFlexibleCanvas size:0
04-12 01:10:46.808  3590  3796 D OplusFlexibleDragToSplitAnimController: visibleFlexibleTaskInfos delete:1
04-12 01:10:46.808  3590  3796 E FlexibleWindowManagerService: notifyTaskObserverToAttachController not need to notify!
04-12 01:10:46.808  3590  3796 I FlexibleWindowManagerService: onFlexibleWindowTaskInfoChanged, return for cur task not embedded
04-12 01:10:46.808  8338  8381 D ShellTaskOrganizerExt: visibleFlexibleTaskInfos delete:1
04-12 01:10:46.808  8338  8381 D ShellTaskOrganizerExt: isOnCanvas size:0
04-12 01:10:46.808  8338  8381 D ShellTaskOrganizerExt: isOnThreeFlexibleCanvas size:0
04-12 01:10:46.809  3590  3796 D InsetsSourceProvider: updateSourceFrameForServerVisibility mandatorySystemGestures EMPTY_RECT
04-12 01:10:46.810  2399  2399 I HWC2    : [0] setActiveConfigWithConstraints[2]
04-12 01:10:46.810  2181  7371 I SDM     : SDMDisplayIris::SetActiveConfigToIrisWrapper: SetActiveConfigToIrisWrapper [2] on id_: 0
04-12 01:10:46.810  2181  7371 W SDM     : SDMDisplayIris::SetActiveConfigToIrisWrapper: HWC SetActiveConfig [2], switch to [1264x2780@90]
04-12 01:10:46.810  2181  7371 I SDM     : SDMDisplayIris::SetActiveConfigToIrisWrapper: SetActiveConfigToIrisWrapper [2] on id_: 0
04-12 01:10:46.810  2181  7371 W SDM     : SDMDisplayIris::SetActiveConfigToIrisWrapper: HWC SetActiveConfig [2], switch to [1264x2780@90]
04-12 01:10:46.810  2181  7371 W SDM     : HWDeviceDRM::GetSupportedBitClkRate: Requested rate not supported: 1012000000
04-12 01:10:46.810  2181  7371 I SDM     : HWDeviceDRM::UpdateMixerAttributes: Mixer WxH 1264x2780-1 for Peripheral
04-12 01:10:46.810  2181  7371 I CwbService: CwbService::notifyConfigChange: display:0, config:2 size:4, sec.size():0
04-12 01:10:46.811  2181  2437 D SDM     : HWDeviceDRM::SetupAtomic: APUIR: m_isswitchfps 2
04-12 01:10:46.818  3590  3872 D OplusFeatureDMR[display=0]: onConfigChanged threadId=70 threadName=OplusDisplayWorkHandler physicalDisplayId=4630946685746860179 modeId=2  
04-12 01:10:46.818  3590  3795 I DisplayDeviceRepository: Display device changed render timings: "内置屏幕", renderFrameRate=90.0, presentationDeadlineNanos=14111110, appVsyncOffsetNanos=6555557, frameRateOverrides=[]
04-12 01:10:46.818  3590  3795 D LogicalDisplayExt: set displayInfo flag FLAG_ROTATES_WITH_CONTENT
04-12 01:10:46.818  3590  3795 D DisplayManagerService: Delivering display event: displayId=0, event=EVENT_DISPLAY_REFRESH_RATE_CHANGED
04-12 01:10:46.818  3590  3793 D WindowManager: DeferredDisplayUpdater: partially applying DisplayInfo(1264 x 2780) immediately
04-12 01:10:46.818  2399  3162 D VRR [OTI-HW]: isStateReady 0
04-12 01:10:46.818  2399  3162 D VRR [OTI-HW]: keep rate.
04-12 01:10:46.818  3590  8793 D Transition: finishTransaction-onCommitted syncId=27634
04-12 01:10:46.818  3590  3590 E OplusGestureAnimationManagerPolicy: mScreenHeight:2780 mScreenWidth:1264 mRotation:0
04-12 01:10:46.818  3590  3793 D OplusVFXScreenEffectFeature: notifySFCompatWindowStateChange entered false
04-12 01:10:46.818  3590  3793 D FSS_FoldScreenBlackCoverController: displayChangeToOn, dc:Display{#0 state=ON size=1264x2780 ROTATION_0}
04-12 01:10:46.818  2399  3197 D [PREVIEW]: SF obtain preview_adapter: 0
04-12 01:10:46.818  2399  3197 D [PREVIEW]: TabletPreviewAdapter::parallel world 0
04-12 01:10:46.819  3590  3793 D InsetsSourceProvider: updateSourceFrameForServerVisibility mandatorySystemGestures EMPTY_RECT
04-12 01:10:46.819  2399  2399 I DispPerfService: updateLayerMask 0
04-12 01:10:46.819  2384 29043 D AudioBoost: audioSchedBoost, pid=2384, tid=29043, enable=1, ret=0
04-12 01:10:46.819  2384 29043 D AudioFlingerExtImpl: AudioFlingerExtImpl oplusSetParameters: keyvalue screen_state=on
04-12 01:10:46.819  2384 29043 D DeviceHalAidl: [default] setParameters: parameters: "screen_state=on"
04-12 01:10:46.819  2128  2153 I PAL: ResourceManager: setParameter: 11709: Screen State:1
04-12 01:10:46.819  2384 29043 D DeviceHalAidl: [usb] setParameters: parameters: "screen_state=on"
04-12 01:10:46.819  2128  2153 D AHAL_Module: updateScreenState: usb: 1
04-12 01:10:46.819  2384 29043 D DeviceHalAidl: [r_submix] setParameters: parameters: "screen_state=on"
04-12 01:10:46.819  2128  2153 D AHAL_Module: updateScreenState: r_submix: 1
04-12 01:10:46.819  2384 29043 D DeviceHalAidl: [bluetooth] setParameters: parameters: "screen_state=on"
04-12 01:10:46.819  2128  2153 D AHAL_Module: updateScreenState: bluetooth: 1
04-12 01:10:46.819  2384 29043 D DeviceHalAidl: [binaural_record] setParameters: parameters: "screen_state=on"
04-12 01:10:46.819  2128  2153 D AHAL_Module: updateScreenState: bluetooth: 1
04-12 01:10:46.820  2384 29043 D DeviceHalAidl: [virtual] setParameters: parameters: "screen_state=on"
04-12 01:10:46.820  2128  2153 D AHAL_Module: updateScreenState: stub: 1
04-12 01:10:46.820  2181  2437 D SDM     : HWDeviceDRM::SetupAtomic: APUIR: m_isswitchfps 1
04-12 01:10:46.820  2384 29043 D AudioBoost: audioSchedBoost, pid=2384, tid=29043, enable=0, ret=0
04-12 01:10:46.821  8338  8338 I KeyguardDisplayManager: onDisplayChanged displayId: 0
04-12 01:10:46.821  8338  8338 I SystemUi--Keyguard: KeyguardDisplayManagerExImpl-->orientationChanged=false, presentationDisplayChanged=false, lastPresentationWidth=0, lastPresentationHeight=0, lastPresentationDensity=0
04-12 01:10:46.830  2181  2437 D SDM     : HWDeviceDRM::SetupAtomic: APUIR: m_isswitchfps 0
04-12 01:10:46.832 28409 28409 D DesktopModeFlags: Toggle override initialized to: OVERRIDE_UNSET
04-12 01:10:46.833 28409 28409 I binance.monitor: hiddenapi: Accessing hidden method Landroid/view/ViewGroup;->makeOptionalFitsSystemWindows()V (runtime_flags=0, domain=platform, api=unsupported) from Landroidx/appcompat/widget/ViewUtils; (domain=app) using reflection: allowed
04-12 01:10:46.834  3590  8793 I ActivityManager: Background started FGS: Allowed [callingPackage: com.binance.monitor; callingUid: 10512; uidState: TOP ; uidBFSL: [BFSL]; intent: Intent { act=com.binance.monitor.action.BOOTSTRAP xflg=0x4 cmp=com.binance.monitor/.service.MonitorService mCallingUid=10512 }; code:PROC_STATE_TOP; tempAllowListReason:<null>; allowWiu:12; targetSdkVersion:34; callerTargetSdkVersion:34; startForegroundCount:0; bindFromPackage:null: isBindService:false]
04-12 01:10:46.835 14034 15457 I ConferenceScene: onForegroundServiceStateChanged 28409 10512 0 fg_stateMachinesuid is null
04-12 01:10:46.835  2187  2298 E PERFHAL-PERFCTRL: PERFHAL-PERFCTRL: chk_core_online_poll_loop() 748: poll() has timed out for /sys/kernel/msm_performance/events/cpu_hotplug
04-12 01:10:46.835  2187  2298 E PERFHAL-PERFCTRL: PERFHAL-PERFCTRL: chk_core_online_poll_loop() 743: Block on poll()
04-12 01:10:46.842 28409 28409 D ActivityThread: ComponentInfo{com.binance.monitor/com.binance.monitor.ui.main.MainActivity} checkFinished=false 2
04-12 01:10:46.842 28409 28409 D ResourcesManagerExtImpl: applyConfigurationToAppResourcesLocked app.getDisplayId() return callback.displayId:0
04-12 01:10:46.845  3590  3830 W UserAwareMgr: process owner is not matched: 10, threadName: HwUiTask, pid: 28409,tid=28454,owner=fg1
04-12 01:10:46.846  3590  3830 W UserAwareMgr: process owner is not matched: 10, threadName: HwUiTask, pid: 28409,tid=28455,owner=fg1
04-12 01:10:46.846 28409 28409 D WindowManager: Add to mViews: com.android.internal.policy.DecorView{112785d I.E...... R.....I. 0,0-0,0 alpha=1.0 viewInfo = }[MainActivity],pkg= com.binance.monitor
04-12 01:10:46.846 28409 28448 D ExtensionsLoader: createInstance(64bit) : createExtendedFactory
04-12 01:10:46.847 28409 28448 D ExtensionsLoader: Opened libhwuiextimpl.so
04-12 01:10:46.847 28409 28448 D skia    : setRusSupported enable 0
04-12 01:10:46.847  3590  3830 W UserAwareMgr: process owner is not matched: 10, threadName: RenderThread, pid: 28409,tid=28448,owner=fg1
04-12 01:10:46.847  3590  8847 E SchedAssist: ofbCfgFrameTask tid(28448) failed with error=No such file or directory
04-12 01:10:46.848  3590  8847 I WindowManager: addWindow: New client android.os.BinderProxy@9f1499a : window=Window{74572cb u0 com.binance.monitor/com.binance.monitor.ui.main.MainActivity}
04-12 01:10:46.849 28409 28409 D ViewRootImplExtImpl: onDisplayChanged -1 for VRI android.view.ViewRootImpl@a833d59
04-12 01:10:46.850 28409 28409 D ResourcesManagerExtImpl: applyConfigurationToAppResourcesLocked app.getDisplayId() return callback.displayId:0
04-12 01:10:46.851 28409 28409 E OplusBracketLog: [OplusViewMirrorManager] updateHostViewRootIfNeeded, not support android.view.ViewRootImpl@a833d59
04-12 01:10:46.851  3590  3796 I TaskOrganizerController: onTaskInfoChanged taskid 13212 config { mBounds=Rect(0, 0 - 1264, 2780) mAppBounds=Rect(0, 0 - 1264, 2780) mMaxBounds=Rect(0, 0 - 1264, 2780) mDisplayRotation=ROTATION_0 mWindowingMode=fullscreen mActivityType=standard mAlwaysOnTop=undefined mRotation=ROTATION_0}
04-12 01:10:46.852  3590  3796 D OplusFlexibleDragToSplitAnimController: visibleFlexibleTaskInfos delete:13212
04-12 01:10:46.852  3590  3796 E FlexibleWindowManagerService: notifyTaskObserverToAttachController not need to notify!
04-12 01:10:46.852  3590  3796 I FlexibleWindowManagerService: onFlexibleWindowTaskInfoChanged, return for cur task not embedded
04-12 01:10:46.852  8338  8381 D ShellTaskOrganizerExt: visibleFlexibleTaskInfos delete:13212
04-12 01:10:46.852  8338  8381 D ShellTaskOrganizerExt: isOnCanvas size:0
04-12 01:10:46.852  8338  8381 D ShellTaskOrganizerExt: isOnThreeFlexibleCanvas size:0
04-12 01:10:46.856 28409 28409 D WindowOnBackDispatcher:  predictive settings is disabled for com.binance.monitor
04-12 01:10:46.856 28409 28409 D WindowOnBackDispatcher:  predictive settings is disabled for com.binance.monitor
04-12 01:10:46.856  3590  8847 D CoreBackPreview: Window{74572cb u0 com.binance.monitor/com.binance.monitor.ui.main.MainActivity}: Setting back callback OnBackInvokedCallbackInfo{mCallback=android.window.IOnBackInvokedCallback$Stub$Proxy@dc49c1, mPriority=0, mIsAnimationCallback=false, mOverrideBehavior=0}
04-12 01:10:46.864  3438  4039 D QmiClient: qmiServiceEventCallback recv msg id 47
04-12 01:10:46.864  3438  4039 D QmiClient: enter -mServiceType 10 onQmiServiceEventCallback msgId 47
04-12 01:10:46.864  3438  4039 D QmiClient: onQmiServiceEventCallback - enter. msgId=47
04-12 01:10:46.864  3438  3488 D OttProxy: handleMessage msg is 3001
04-12 01:10:46.864 28409 28409 D ViewRootImplExtImpl: wrapConfigInfoIntoFlags rotation=0, smallestScreenWidthDp=0, residentWS=false, scenario=0, bounds=Rect(0, 0 - 1264, 2780), relayoutAsync=false, flags=0, newFlags=1457520640, title=com.binance.monitor/com.binance.monitor.ui.main.MainActivity
04-12 01:10:46.864 14034 14677 D SubsysRadioIndication[1]: radioLinkLatencyInfoInd
04-12 01:10:46.864  3590  8847 V WindowManager: Relayout Window{74572cb u0 com.binance.monitor/com.binance.monitor.ui.main.MainActivity}: viewVisibility=0, oldvis=4, req=1264x2780 , apr = 0, vsysui=, x=0, y=0
04-12 01:10:46.864 14034 14677 D SubsysRadioIndication[1]: notify enter
04-12 01:10:46.864  3590  8847 I WindowManager: Window{74572cb u0 com.binance.monitor/com.binance.monitor.ui.main.MainActivity} state from NO_SURFACE to DRAW_PENDING; reason: resetDrawState
04-12 01:10:46.864 14034 14034 D NetworkService[1]: handleMessage what:1008
04-12 01:10:46.864 14034 14034 D NetworkService[1]: EVENT_REG_LINK_LATENCY_INFO_CHANGE ulLatency:14695
04-12 01:10:46.865  3590  8847 D InsetsSourceProvider: updateSourceFrameForServerVisibility mandatorySystemGestures EMPTY_RECT
04-12 01:10:46.865  3590  8847 D InsetsSourceProvider: updateSourceFrameForServerVisibility mandatorySystemGestures EMPTY_RECT
04-12 01:10:46.865  3590  8847 D WindowManager: NFW_findFocusedWindowIfNeeded:Window{74572cb u0 com.binance.monitor/com.binance.monitor.ui.main.MainActivity} mCurrentFocus:null
04-12 01:10:46.865  3590  8847 V WindowManager: Changing focus from null to Window{74572cb u0 com.binance.monitor/com.binance.monitor.ui.main.MainActivity},diplayid=0
04-12 01:10:46.865  3590  3875 D VRR [OPlusSurfaceFlingerController]:  setComplexSceneEnable : false
04-12 01:10:46.866  3590  8847 D Theia.NoFocusWindow: FocusWindowErrorScene cancelCheckFreezeScreen
04-12 01:10:46.866  3590  8847 W TheiaWindowMonitor: [check] focusedWindow is null or enable is false
04-12 01:10:46.866 28409 28409 D VRI[MainActivity]: relayoutWindow result, sizeChanged:true, surfaceControlChanged:true, transformHintChanged:false, mSurfaceSize:Point(1264, 2780), mLastSurfaceSize:Point(0, 0), mWidth:-1, mHeight:-1, requestedWidth:1264, requestedHeight:2780, transformHint:0, installOrientation:0, displayRotation:0, isSurfaceValid:true, attr.flag:-2122252032, tmpFrames:ClientWindowFrames{frame=[0,0][1264,2780] display=[0,0][1264,2780] parentFrame=[0,0][0,0]}, relayoutAsync:false, mSyncSeqId:0
04-12 01:10:46.866 28409 28409 W VRI[MainActivity]: updateBlastSurfaceIfNeeded, surfaceSize:Point(1264, 2780), lastSurfaceSize:Point(0, 0), format:-3, blastBufferQueue:null
04-12 01:10:46.866 28409 28409 D BufferQueueConsumer: [](id:6ef900000000,api:0,p:-1,c:28409) connect: controlledByApp=false
04-12 01:10:46.867 28409 28409 D BufferQueueConsumer: [VRI[MainActivity]#0(BLAST Consumer)0](id:6ef900000000,api:0,p:-1,c:28409) setMaxAcquiredBufferCount: 2
04-12 01:10:46.867 28409 28448 D BufferQueueProducer: [VRI[MainActivity]#0(BLAST Consumer)0](id:6ef900000000,api:1,p:28409,c:28409) connect: api=1 producerControlledByApp=true
04-12 01:10:46.868  3590  3875 D VRR [OPlusRefreshRateService]: handleConfigIdChange physicalDisplayId: 4630946685746860179 configId: 2 renderPeriod: 11111111
04-12 01:10:46.868  3590  3875 D VRR [OPlusGameStatusManager]: updateGameState mOSyncFeatureSwitch: false mIsGamePolicy: false
04-12 01:10:46.868  3590  3875 D VRR [OPlusGameStatusManager]: updateGameAccelerationStatus pkgName: com.binance.monitor mOSyncFeatureSwitch: false mIsGamePolicy: false mHeartStop: false mHasFlickerRisk: false mForceAcceleration: false mToastReady: false enable: false
04-12 01:10:46.868  3590  3875 D VRR [OPlusExternalRefreshRateManager]:  Display refreshrate :90 , Switch to OTI-HW 
04-12 01:10:46.868  2399  3162 D VRR [OTI-HW]: isStateReady 0
04-12 01:10:46.868  2399  3162 D VRR [OTI-HW]: keep rate.
04-12 01:10:46.873  3590  3796 D SurfaceComposerClient: Transaction::apply InputWindowCommands.focusRequests timestamp=924508030036752, windowName=74572cb com.binance.monitor/com.binance.monitor.ui.main.MainActivity
04-12 01:10:46.875 28409 28409 I SurfaceControl:  setExtendedRangeBrightness sc=Surface(name=com.binance.monitor/com.binance.monitor.ui.main.MainActivity)/@0x8bf383a,currentBufferRatio=1.0,desiredRatio=1.0
04-12 01:10:46.883 28409 28448 I AdrenoUtils: <ReadGpuID:366>: Reading chip ID through GSL
04-12 01:10:46.885  2399  3200 D SurfaceFlinger: updateWinowInfo=1, setFocusedWindow timestamp=924508030036752, windowName=74572cb com.binance.monitor/com.binance.monitor.ui.main.MainActivity
04-12 01:10:46.885  3590  8793 I InputDispatcher: NFW_setFocusedWindow, 74572cb com.binance.monitor/com.binance.monitor.ui.main.MainActivity on display 0, same as the previous:0
04-12 01:10:46.893 28409 28448 D BLASTBufferQueue: [VRI[MainActivity]#0](f:0,a:1) acquireNextBufferLocked size=1264x2780 mFrameNumber=1 applyTransaction=true mTimestamp=924508056747169(auto) mPendingTransactions.size=0 graphicBufferId=122015725912067 transform=0
04-12 01:10:46.894 28409 28448 D VRI[MainActivity]: Received frameCommittedCallback lastAttemptedDrawFrameNum=1 didProduceBuffer=true syncBuffer=false
04-12 01:10:46.894  2399  3197 I ClientCache: add: Cache owner=0xb400007e71b203a0
04-12 01:10:46.894 28409 28448 D ExtensionsLoader: createInstance(64bit) : createExtendedFactory
04-12 01:10:46.894 28409 28448 D ExtensionsLoader: Opened libSchedAssistExtImpl.so
04-12 01:10:46.894 28409 28409 D VRI[MainActivity]: draw finished. seqId=0
04-12 01:10:46.894  3590  8793 I WindowManager: Window{74572cb u0 com.binance.monitor/com.binance.monitor.ui.main.MainActivity} state from DRAW_PENDING to COMMIT_DRAW_PENDING; reason: finishDrawingLocked
04-12 01:10:46.895  3590  3796 D InsetsSourceProvider: updateSourceFrameForServerVisibility mandatorySystemGestures EMPTY_RECT
04-12 01:10:46.895  3590  3796 D InsetsSourceProvider: updateSourceFrameForServerVisibility mandatorySystemGestures EMPTY_RECT
04-12 01:10:46.895  3590  3796 I WindowManager: Window{74572cb u0 com.binance.monitor/com.binance.monitor.ui.main.MainActivity} state from COMMIT_DRAW_PENDING to READY_TO_SHOW; reason: commitFinishDrawingLocked
04-12 01:10:46.895  3590  3796 D CoreBackPreview:  return markWindowHasDrawn mComposed: false  mWaitTransition: false
04-12 01:10:46.895  3590  3796 D ActivityTaskManager: Finish StartingWindow: ActivityRecord{184254410 u0 com.binance.monitor/.ui.main.MainActivity t13212}first real window is shown
04-12 01:10:46.895  3590  3796 D ActivityTaskManager: removeStartingWindowAnimation starting ActivityRecord{184254410 u0 com.binance.monitor/.ui.main.MainActivity t13212} startingWindow=null ,startingView=com.android.server.wm.StartingSurfaceController$StartingSurface@54e2eec,Callers=com.android.server.wm.ActivityRecord.removeStartingWindow:3386 com.android.server.wm.ActivityRecord.onFirstWindowDrawn:8055 com.android.server.wm.WindowState.performShowLocked:4933 com.android.server.wm.WindowStateAnimator.commitFinishDrawingLocked:403 com.android.server.wm.DisplayContent.lambda$new$8:1154 
04-12 01:10:46.895  3590  3796 D OplusStartingWindowManager: interceptRemoveStartingWindow: packageName=com.binance.monitor,  componentName=com.binance.monitor/.ui.main.MainActivity, isSnapshot=false, startingSurfaceRunnable=null, isDrawCompleted=false, hasSurfaceView=false, inTransition=false
04-12 01:10:46.895  3590  3796 D OplusSplitScreenDnDUI: notifyRemoveStartingWindow isSpitScreenDrag = false mDropTargetSurface = null StartingWindowpkgName = com.binance.monitor DragPkg = null isLauncherResume = false
04-12 01:10:46.895  3590  3796 D OplusStartingWindowManager: interceptRemoveStartingWindow: hasSplashWindowFlag() return false for activity=ActivityRecord{184254410 u0 com.binance.monitor/.ui.main.MainActivity t13212}
04-12 01:10:46.895  3590  3796 D TaskOrganizerController: TaskOrganizerController.removeStartingWindow: call wmshell to removeStartingWindow Task{1b70458 #13212 type=standard A=10512:com.binance.monitor}null
04-12 01:10:46.896  8543  9893 I iopgp   : Iopgp: TRANSACTION_IOPGP_ON_ACTIVITY_LAUNCH_FINISHED sequence_id = 1217 timestamp_nanos = 924508059483158
04-12 01:10:46.896  3590  3796 I Quality : LaunchTime2.0: com.binance.monitor/.ui.main.MainActivity 1 394 com.android.shell 21 57
04-12 01:10:46.896  3590  8480 I OPM     : handleNotifyLaunchTime : com.binance.monitor, :393
04-12 01:10:46.896  3590  3796 D QuickBackInputPolicy: setAppLaunchEndTime update timePair=Pair{ActivityRecord{184254410 u0 com.binance.monitor/.ui.main.MainActivity t13212} 924508060}
04-12 01:10:46.896  3590  3796 I WindowManager: Window{74572cb u0 com.binance.monitor/com.binance.monitor.ui.main.MainActivity} state from READY_TO_SHOW to HAS_DRAWN; reason: performShowLocked
04-12 01:10:46.897  3590  3796 D InsetsSourceProvider: updateSourceFrameForServerVisibility mandatorySystemGestures EMPTY_RECT
04-12 01:10:46.897  3590  3796 D InsetsSourceProvider: updateSourceFrameForServerVisibility mandatorySystemGestures EMPTY_RECT
04-12 01:10:46.897  3590  3792 I ActivityTaskManager: Displayed com.binance.monitor/.ui.main.MainActivity for user 0: +401ms
04-12 01:10:46.897  2013  2036 E statsd  : Gauge Stats puller failed for tag: 150134 at 974662311334229
04-12 01:10:46.897  2013  2036 I statsd  : An anomaly (104840000001) (48)0x10000->10512[I] (48)0x20000->com.binance.monitor[S] (48)0x30000->3[I]  has occurred! Informing subscribers.
04-12 01:10:46.897  3590  3830 I UserAwareMgr: event is already released: SceneEvent{id=5007, maxWorkDurationMs=200, caller='[android]', eventFlags=256, fbPriority=1, keyThreads=[KeyThread{name=binder, owner=android, schedPolicy=ux, priority=HEAVY, maxThreadCount=16}], vipBinderGroup=null}, callingPid: 3590, appPid: 0
04-12 01:10:46.897  3590  3796 D CoreBackPreview:  return markWindowHasDrawn mComposed: false  mWaitTransition: false
04-12 01:10:46.908  3590  8793 I InputDispatcher: updateFocusedWindow, 74572cb com.binance.monitor/com.binance.monitor.ui.main.MainActivity on display 0, reason: Window became focusable. Previous reason: NOT_VISIBLE, result:   FocusedWindows:
04-12 01:10:46.908  3590  8793 I InputDispatcher:     displayId=0, name='74572cb com.binance.monitor/com.binance.monitor.ui.main.MainActivity'
04-12 01:10:46.917 10330 10351 I ostats_tpd: stats_write, records atomId:100100, event_id:903, cpu:1, values: 903-0-1-213-(cpu-1-0-1)-26-0-1
04-12 01:10:46.917 10385 10443 I ThermalEngine: VIRTUAL-CPU-L-PID, Update received trip sensor cpu-1-0-1 92300
04-12 01:10:46.917 10330 10351 I ostats_tpd: stats_write, records atomId:100100, event_id:903, cpu:3, values: 903-0-1-10614-(cpu-1-0-1)-26-0-1
04-12 01:10:46.918  3590  3875 D VRR [OPlusSAManager]: updateAutoMinfps for 4630946685746860179 with nits: 96.458, mHistOK true, mAmbientOK true, mCctOK true, mIrOK true, mBrightnessOK true, isPkgOK true, SA min fps: 89
04-12 01:10:46.918  2399  3197 I VRR-[OPlusRefreshRateSelector]: updateAutoMode success, display 0, mode 0, fakeframe 1, min fps: 1
04-12 01:10:46.918  2181  2532 I SDM     : DisplayBuiltIn::SetQSyncMode: VRR + update qsync mode 0 minfps 00C08181
04-12 01:10:46.919  2181  2437 E SDM     : DRMConnector::Perform: Connector 68: Setting Qsync min fps 12616065
04-12 01:10:46.929  2181  7371 E CwbService: Panel not support apl read or getDisplayPanelAplValue timeout 10ms.
04-12 01:10:46.929  2258  2258 D SensorFeature: name=ssc_screenshot_info ,index = 22
04-12 01:10:46.929  2258  2258 D SensorFeature: write 39 bytes:974662321819212,974662332930323,29155,0
04-12 01:10:46.937 10385 10645 I ThermalEngine: ACTION: CPU - Setting CPU[6] to 4
04-12 01:10:46.947 10385 10645 I ThermalEngine: ACTION: CPU - Setting CPU[6] to 3
04-12 01:10:46.958 10385 10645 I ThermalEngine: ACTION: CPU - Setting CPU[6] to 4
04-12 01:10:46.964 28409 28421 I binance.monitor: Compiler allocated 7246KB to compile void android.view.ViewRootImpl.performTraversals()
04-12 01:10:46.968 10385 10645 I ThermalEngine: ACTION: CPU - Setting CPU[6] to 2
04-12 01:10:46.978 10385 10645 I ThermalEngine: ACTION: CPU - Setting CPU[6] to 4
04-12 01:10:46.988 10385 10645 I ThermalEngine: ACTION: CPU - Setting CPU[6] to 3
04-12 01:10:46.998 10385 10645 I ThermalEngine: ACTION: CPU - Setting CPU[6] to 4
04-12 01:10:47.008 10385 10645 I ThermalEngine: ACTION: CPU - Setting CPU[6] to 3
