--------- beginning of main
04-12 01:10:43.954  2727  3986 D QmiClient: qmiServiceEventCallback recv msg id 1099
04-12 01:10:43.954  3438  3988 D QmiClient: qmiServiceEventCallback recv msg id 1099
04-12 01:10:43.955  2727  3986 D QmiClient: enter -mServiceType 4 onQmiServiceEventCallback msgId 1099
04-12 01:10:43.955  3438  3988 D QmiClient: enter -mServiceType 4 onQmiServiceEventCallback msgId 1099
04-12 01:10:43.955  2727  3986 D QmiClient: onQmiServiceEventCallback - enter. msgId=1099
04-12 01:10:43.955  2727  3986 D QmiVsClientEvent: QosPeriodReportInd MSG IND data_len 2052
04-12 01:10:43.955  2727  3986 D QmiVsClientEvent: qmiVsClientNotifyQosPeriodReportIndEvent - RADIO_EVENT_QOS_PERIOD_REPORT_NOTIFY_IND
04-12 01:10:43.955  3438  3988 D QmiClient: onQmiServiceEventCallback - enter. msgId=1099
04-12 01:10:43.955  2727  2826 D VsProxy : handleMessage msg is 2420
04-12 01:10:43.955  3438  3988 D QmiVsClientEvent: QosPeriodReportInd MSG IND data_len 2052
04-12 01:10:43.955  3438  3988 D QmiVsClientEvent: qmiVsClientNotifyQosPeriodReportIndEvent - RADIO_EVENT_QOS_PERIOD_REPORT_NOTIFY_IND
04-12 01:10:43.955  2727  2826 D VsProxy : handleQosPeriodReportInd for instance 0 data_len 145
04-12 01:10:43.955  3438  3485 D VsProxy : handleMessage msg is 2420
04-12 01:10:43.955  3438  3485 D VsProxy : handleQosPeriodReportInd for instance 1 data_len 203
04-12 01:10:43.955 14034 14677 D SubsysRadioIndication[1]: radioQosPeriodReportInd result [8, -88, -2, -73, -28, 14, 18, 14, 8, -65, -3, -73, -28, 14, 16, 1, 32, 53, 40, 1, 72, 1, 26, 13, 8, -65, -3, -73, -28, 14, 16, 1, 40, 2, 56, -90, 5, 34, 12, 8, -20, -25, -74, -28, 14, 16, 4, 24, 1, 32, 3, 58, 81, 8, -99, -4, -73, -28, 14, 16, 5, 24, -98, -23, 30, 32, -54, 1, 40, -91, -1, -1, -1, -1, -1, -1, -1, -1, 1, 48, -13, -1, -1, -1, -1, -1, -1, -1, -1, 1, 64, -93, -1, -1, -1, -1, -1, -1, -1, -1, 1, 72, -92, -1, -1, -1, -1, -1, -1, -1, -1, 1, 80, -99, -1, -1, -1, -1, -1, -1, -1, -1, 1, 88, -99, -1, -1, -1, -1, -1, -1, -1, -1, 1, 66, 31, 8, -92, -16, -74, -28, 14, 16, 5, 24, 2, 34, 19, 8, -98, -23, 30, 16, -54, 1, 24, 41, 32, 13, 40, -126, -128, -52, -67, 21, 48, 2, 90, 0, 98, 10, 8, -27, -47, -77, -28, 14, 16, 3, 24, 5, 122, 20, 8, -122, -4, -73, -28, 14, 16, -1, -1, 1, 24, -1, -1, 1, 32, -1, -1, -1, -1, 15]
04-12 01:10:43.955 14034 23781 D SubsysRadioIndication[0]: radioQosPeriodReportInd result [8, -88, -2, -73, -28, 14, 34, 12, 8, -20, -25, -74, -28, 14, 16, 4, 24, 1, 32, 3, 58, 61, 8, -74, -10, -73, -28, 14, 16, 5, 24, -64, -92, 38, 32, -22, 6, 40, -91, -1, -1, -1, -1, -1, -1, -1, -1, 1, 48, -10, -1, -1, -1, -1, -1, -1, -1, -1, 1, 56, 11, 64, -92, -1, -1, -1, -1, -1, -1, -1, -1, 1, 72, -91, -1, -1, -1, -1, -1, -1, -1, -1, 1, 66, 29, 8, -36, -85, -116, -28, 14, 16, 5, 34, 19, 8, -64, -92, 38, 16, -22, 6, 24, 78, 32, 13, 40, -117, -32, -94, -93, 2, 48, 2, 90, 0, 98, 10, 8, -83, -91, -116, -28, 14, 16, 3, 24, 5, 122, 15, 8, -30, -89, -116, -28, 14, 16, -18, 1, 24, -21, 1, 32, -42, 8]
04-12 01:10:43.955 14034 14034 D NetworkService[1]: handleMessage what:1005
04-12 01:10:43.955 14034 14034 D RadioAtomTracker: parseQosPeriodData ModemQos:CellularQosInfo1{5G, 504990/202, EndcState=2, Band=41, DLBW=13, Rsrp=-91, Rsrq=-13, Snr=0, SvcStatus=3, ULPDCPNumDataPdu=1, ULPDCPNumDropPdu=0, ULPDCPTput=53, ULRLCNumDataPdu=1, ULRLCNumRetxPdu=0, ULGrant=0, ULBSR=0, ULBler=1, DLPDCPNumDataPdu=2, DLPDCPTput=678, DLRLCNumDataPdu=1, DLRLCNumRetxPdu=0, DLRLCNumDropPdu=0, DLMACPaddingBytes=0, DLPdcpNumMissToUppPdu=0, DLBler=0, RlfCount=0, CellChangeCount=0, IsRedirectionOccur=0, IsDualSimConflict=0, Latency=5, Sub1RrcState=1, Sub2RrcState=3, RachCount=0, CalcPower=32767, Mtpl=32767, PathLoss=-1, CellLoad=0}
04-12 01:10:43.955 14034 14034 D NetworkService[1]: EVENT_REG_QOS_PERIOD_REPORT_IND_CHANGED ENTER
04-12 01:10:43.955 14034 14034 D NetworkService[0]: handleMessage what:1005
04-12 01:10:43.955 14034 14034 D RadioAtomTracker: parseQosPeriodData ModemQos:CellularQosInfo2{5G, 627264/874, EndcState=0, Band=78, DLBW=13, Rsrp=-91, Rsrq=-10, Snr=11, SvcStatus=3, ULPDCPNumDataPdu=-1, ULPDCPNumDropPdu=-1, ULPDCPTput=-1, ULRLCNumDataPdu=-1, ULRLCNumRetxPdu=-1, ULGrant=-1, ULBSR=-1, ULBler=-1, DLPDCPNumDataPdu=-1, DLPDCPTput=-1, DLRLCNumDataPdu=-1, DLRLCNumRetxPdu=-1, DLRLCNumDropPdu=-1, DLMACPaddingBytes=-1, DLPdcpNumMissToUppPdu=-1, DLBler=-1, RlfCount=0, CellChangeCount=0, IsRedirectionOccur=0, IsDualSimConflict=0, Latency=0, Sub1RrcState=1, Sub2RrcState=3, RachCount=0, CalcPower=238, Mtpl=235, PathLoss=1110, CellLoad=0}
04-12 01:10:43.955 14034 14034 D NetworkService[0]: EVENT_REG_QOS_PERIOD_REPORT_IND_CHANGED ENTER
04-12 01:10:43.955 14034 14034 D AtomModemKpiInfo: handleMessage what:1001
04-12 01:10:43.955 14034 14034 D AtomModemKpiInfo: analyseQosInfo success
04-12 01:10:44.001  2113 20704 I sensors-hal: handle_oplus_wise_rgb_event:189, high_pwm_light:lux 194.6,cct 6090.5,brl/algo/ir 1368.0/2.0/25.3,pwm/dc 0.0/0.0,rgbc 7467.787109/5598.021973/3203.022705/15527.712891,ts 974659241812060,cnt 5062,flag 29145
04-12 01:10:44.001  2113 25475 I sensors-hal: handle_oplus_wise_rgb_event:161, wise_rgb: (5064)(cct, lux, ir)[6090.55, 194.56, 25.265329] (r, g, b, c)[7470.28, 5606.82, 3196.40, 15525.38]                 (pwm, hbm, brl, algo)[0.0 0.0 1368.0 2.0], flag 94681
--------- beginning of system
04-12 01:10:44.064  3590  7163 V WindowManager: Relayout Window{3de7201 u0 com.binance.monitor}: viewVisibility=0, oldvis=0, req=315x429 , apr = 0, vsysui=, x=42, y=420
04-12 01:10:44.064 27079 27079 I SurfaceControl:  setExtendedRangeBrightness sc=Surface(name=)/@0xaaadcab,currentBufferRatio=1.0,desiredRatio=1.0
04-12 01:10:44.065  3590  7163 D InsetsSourceProvider: updateSourceFrameForServerVisibility mandatorySystemGestures EMPTY_RECT
04-12 01:10:44.066  3590  7163 D InsetsSourceProvider: updateSourceFrameForServerVisibility mandatorySystemGestures EMPTY_RECT
04-12 01:10:44.097 28293 28293 W dumpsys : Thread Pool max thread count is 0. Cannot cache binder as linkToDeath cannot be implemented. serviceName: gfxinfo
04-12 01:10:44.098  3590  7163 D ActivityManager: freezer override set to true
04-12 01:10:44.098  3590  7335 D ActivityManager: reportOneUidFrozenStateChanged uid 10211 frozen = false
04-12 01:10:44.099  3590  7163 D ActivityManager: sync unfroze 29272 com.android.packageinstaller for 19
04-12 01:10:44.099  3590  7163 D ActivityManager: sync unfroze 6694 com.oplus.trafficmonitor for 19
04-12 01:10:44.100  3590  7163 D ActivityManager: sync unfroze 24380 com.google.android.webview:webview_service for 19
04-12 01:10:44.100  3590  7163 D ActivityManager: sync unfroze 18240 com.android.DeviceAsWebcam for 19
04-12 01:10:44.100  3590  7163 D ActivityManager: sync unfroze 19138 com.heytap.htms:sysintegrity for 19
04-12 01:10:44.101  3590  7163 D ActivityManager: sync unfroze 18923 com.heytap.htms for 19
04-12 01:10:44.101  3590  7163 D ActivityManager: sync unfroze 21974 com.android.calllogbackup for 19
04-12 01:10:44.101  3590  7163 D ActivityManager: sync unfroze 699 com.android.cellbroadcastreceiver.module for 19
04-12 01:10:44.101  3590  7163 D ActivityManager: sync unfroze 24966 com.android.providers.calendar for 19
04-12 01:10:44.103  3590  7163 D ActivityManager: sync unfroze 27799 com.coloros.alarmclock for 19
04-12 01:10:44.103  3590  7163 D ActivityManager: sync unfroze 26319 com.oplus.safecenter for 19
04-12 01:10:44.103  3590  7163 D ActivityManager: sync unfroze 26218 com.android.keychain for 19
04-12 01:10:44.103  3590  7163 D ActivityManager: sync unfroze 18466 com.oplus.romupdate for 19
04-12 01:10:44.103  3590  7163 D ActivityManager: sync unfroze 15448 com.coloros.alarmclock:clockWidget for 19
04-12 01:10:44.104  3590  7163 D ActivityManager: sync unfroze 21890 com.android.permissioncontroller for 19
04-12 01:10:44.104  3590  7163 D ActivityManager: sync unfroze 12901 com.oplus.securitypermission for 19
04-12 01:10:44.105  3590  7163 D ActivityManager: sync unfroze 22499 com.oplus.securitypermission for 19
04-12 01:10:44.105  3590  7163 D ActivityManager: sync unfroze 11382 com.oplus.notificationmanager for 19
04-12 01:10:44.106  3590  7163 D ActivityManager: sync unfroze 9565 com.android.incallui for 19
04-12 01:10:44.106  3590  7163 D ActivityManager: sync unfroze 29183 com.android.mms for 19
04-12 01:10:44.107  3590  7163 D ActivityManager: sync unfroze 2096 com.microsoft.appmanager for 19
04-12 01:10:44.107  3590  7163 D ActivityManager: sync unfroze 5090 com.google.android.projection.gearhead:shared for 19
04-12 01:10:44.107  3590  7163 D ActivityManager: sync unfroze 9864 com.ted.number for 19
04-12 01:10:44.109  3590  7163 D ActivityManager: sync unfroze 12014 com.android.contacts for 19
04-12 01:10:44.109  3590  7163 D ActivityManager: freezer override callers: 28293/2000 com.android.server.am.ActivityManagerService$GraphicsBinder.dump:2380 android.os.Binder.doDump:1085 android.os.Binder.dump:1075 android.os.Binder.onTransact:945 android.os.Binder.execTransactInternal:1444 
04-12 01:10:44.109  3590  7335 D ActivityManager: reportOneUidFrozenStateChanged uid 10265 frozen = false
04-12 01:10:44.109  3590  7335 D ActivityManager: reportOneUidFrozenStateChanged uid 10276 frozen = false
04-12 01:10:44.109  3590  7335 D ActivityManager: reportOneUidFrozenStateChanged uid 10202 frozen = false
04-12 01:10:44.109  3590  7335 D ActivityManager: reportOneUidFrozenStateChanged uid 10294 frozen = false
04-12 01:10:44.109  3590  7335 D ActivityManager: reportOneUidFrozenStateChanged uid 10186 frozen = false
04-12 01:10:44.109  3590  7335 D ActivityManager: reportOneUidFrozenStateChanged uid 10284 frozen = false
04-12 01:10:44.110  3590  7335 D ActivityManager: reportOneUidFrozenStateChanged uid 99901000 frozen = false
04-12 01:10:44.110  3590  7335 D ActivityManager: reportOneUidFrozenStateChanged uid 10114 frozen = false
04-12 01:10:44.110  3590  7335 D ActivityManager: reportOneUidFrozenStateChanged uid 10264 frozen = false
04-12 01:10:44.110  3590  7335 D ActivityManager: reportOneUidFrozenStateChanged uid 10120 frozen = false
04-12 01:10:44.110  3590  7335 D ActivityManager: reportOneUidFrozenStateChanged uid 10103 frozen = false
04-12 01:10:44.115  3590  7163 D ActivityManager: freezer override set to false
04-12 01:10:44.115  3590  7163 D ActivityManager: Async freezing 29272 com.android.packageinstaller
04-12 01:10:44.115  3590  7163 D ActivityManager: Async freezing 6694 com.oplus.trafficmonitor
04-12 01:10:44.116  3590  7163 D ActivityManager: Async freezing 24380 com.google.android.webview:webview_service
04-12 01:10:44.116  3590  7163 D ActivityManager: Async freezing 18240 com.android.DeviceAsWebcam
04-12 01:10:44.116  3590  7163 D ActivityManager: Async freezing 19138 com.heytap.htms:sysintegrity
04-12 01:10:44.116  3590  7163 D ActivityManager: Async freezing 18923 com.heytap.htms
04-12 01:10:44.116  3590  7163 D ActivityManager: Async freezing 21974 com.android.calllogbackup
04-12 01:10:44.116  3590  7163 D ActivityManager: Async freezing 699 com.android.cellbroadcastreceiver.module
04-12 01:10:44.116  3590  7163 D ActivityManager: Async freezing 24966 com.android.providers.calendar
04-12 01:10:44.116  3590  7163 D ActivityManager: Async freezing 27799 com.coloros.alarmclock
04-12 01:10:44.116  3590  7163 D ActivityManager: Async freezing 26319 com.oplus.safecenter
04-12 01:10:44.116  3590  7163 D ActivityManager: Async freezing 26218 com.android.keychain
04-12 01:10:44.116  3590  7163 D ActivityManager: Async freezing 18466 com.oplus.romupdate
04-12 01:10:44.116  3590  7163 D ActivityManager: Async freezing 15448 com.coloros.alarmclock:clockWidget
04-12 01:10:44.116  3590  7163 D ActivityManager: Async freezing 21890 com.android.permissioncontroller
04-12 01:10:44.116  3590  7163 D ActivityManager: Async freezing 12901 com.oplus.securitypermission
04-12 01:10:44.116  3590  7163 D ActivityManager: Async freezing 22499 com.oplus.securitypermission
04-12 01:10:44.116  3590  7163 D ActivityManager: Async freezing 11382 com.oplus.notificationmanager
04-12 01:10:44.116 15448 15448 D ClockTag_AlarmClockApplication: onTrimMemory: 40
04-12 01:10:44.116  3590  7163 D ActivityManager: Async freezing 9565 com.android.incallui
04-12 01:10:44.116  3590  7163 D ActivityManager: Async freezing 29183 com.android.mms
04-12 01:10:44.116  3590  7163 D ActivityManager: Async freezing 2096 com.microsoft.appmanager
04-12 01:10:44.117  3590  7163 D ActivityManager: Async freezing 5090 com.google.android.projection.gearhead:shared
04-12 01:10:44.117  3590  7163 D ActivityManager: Async freezing 9864 com.ted.number
04-12 01:10:44.117  3590  7163 D ActivityManager: Async freezing 12014 com.android.contacts
04-12 01:10:44.117  3590  7163 D ActivityManager: freezer override callers: 28293/2000 com.android.server.am.ActivityManagerService$GraphicsBinder.dump:2386 android.os.Binder.doDump:1085 android.os.Binder.dump:1075 android.os.Binder.onTransact:945 android.os.Binder.execTransactInternal:1444 
04-12 01:10:44.119 27799 27799 D ClockTag_AlarmClockApplication: onTrimMemory: 40
04-12 01:10:44.119 29183 29183 I MessagingApp: BugleApplication onTrimMemory level = 40
04-12 01:10:44.163  2181  2506 I SDM     : DisplayBuiltIn::IdlePowerCollapse: IPC received, disabling partial update for one frame
04-12 01:10:44.189 28319 28319 W dumpsys : Thread Pool max thread count is 0. Cannot cache binder as linkToDeath cannot be implemented. serviceName: batterystats
04-12 01:10:44.190  3590  7163 E BatteryStatsImplExtImpl: collectCheckinFile 1 0
04-12 01:10:44.196  3590  3848 E BluetoothPowerStatsCollector: Cannot acquire BluetoothActivityEnergyInfo
04-12 01:10:44.196  3590  3848 E BluetoothPowerStatsCollector: java.util.concurrent.ExecutionException: java.lang.RuntimeException: error: 9
04-12 01:10:44.196  3590  3848 E BluetoothPowerStatsCollector: 	at java.util.concurrent.CompletableFuture.reportGet(CompletableFuture.java:372)
04-12 01:10:44.196  3590  3848 E BluetoothPowerStatsCollector: 	at java.util.concurrent.CompletableFuture.get(CompletableFuture.java:2072)
04-12 01:10:44.196  3590  3848 E BluetoothPowerStatsCollector: 	at com.android.server.power.stats.BluetoothPowerStatsCollector.collectBluetoothActivityInfo(BluetoothPowerStatsCollector.java:192)
04-12 01:10:44.196  3590  3848 E BluetoothPowerStatsCollector: 	at com.android.server.power.stats.BluetoothPowerStatsCollector.collectStats(BluetoothPowerStatsCollector.java:155)
04-12 01:10:44.196  3590  3848 E BluetoothPowerStatsCollector: 	at com.android.server.power.stats.PowerStatsCollector.collectAndDeliverStats(PowerStatsCollector.java:176)
04-12 01:10:44.196  3590  3848 E BluetoothPowerStatsCollector: 	at com.android.server.power.stats.PowerStatsCollector$$ExternalSyntheticLambda0.run(D8$$SyntheticClass:0)
04-12 01:10:44.196  3590  3848 E BluetoothPowerStatsCollector: 	at android.os.Handler.handleCallback(Handler.java:1027)
04-12 01:10:44.196  3590  3848 E BluetoothPowerStatsCollector: 	at android.os.Handler.dispatchMessage(Handler.java:108)
04-12 01:10:44.196  3590  3848 E BluetoothPowerStatsCollector: 	at android.os.Looper.loopOnce(Looper.java:302)
04-12 01:10:44.196  3590  3848 E BluetoothPowerStatsCollector: 	at android.os.Looper.loop(Looper.java:412)
04-12 01:10:44.196  3590  3848 E BluetoothPowerStatsCollector: 	at android.os.HandlerThread.run(HandlerThread.java:85)
04-12 01:10:44.196  3590  3848 E BluetoothPowerStatsCollector: Caused by: java.lang.RuntimeException: error: 9
04-12 01:10:44.196  3590  3848 E BluetoothPowerStatsCollector: 	at com.android.server.power.stats.BluetoothPowerStatsCollector$1.onBluetoothActivityEnergyInfoError(BluetoothPowerStatsCollector.java:181)
04-12 01:10:44.196  3590  3848 E BluetoothPowerStatsCollector: 	at android.bluetooth.BluetoothAdapter$OnBluetoothActivityEnergyInfoProxy.lambda$onError$2(BluetoothAdapter.java:1097)
04-12 01:10:44.196  3590  3848 E BluetoothPowerStatsCollector: 	at android.bluetooth.BluetoothAdapter$OnBluetoothActivityEnergyInfoProxy$$ExternalSyntheticLambda0.run(D8$$SyntheticClass:0)
04-12 01:10:44.196  3590  3848 E BluetoothPowerStatsCollector: 	at com.android.server.SystemServerInitThreadPool$$ExternalSyntheticLambda0.execute(D8$$SyntheticClass:0)
04-12 01:10:44.196  3590  3848 E BluetoothPowerStatsCollector: 	at android.bluetooth.BluetoothAdapter$OnBluetoothActivityEnergyInfoProxy.onError(BluetoothAdapter.java:1097)
04-12 01:10:44.196  3590  3848 E BluetoothPowerStatsCollector: 	at android.bluetooth.BluetoothAdapter.requestControllerActivityEnergyInfo(BluetoothAdapter.java:2938)
04-12 01:10:44.196  3590  3848 E BluetoothPowerStatsCollector: 	at com.android.server.power.stats.BatteryStatsImpl$BluetoothStatsRetrieverImpl.requestControllerActivityEnergyInfo(BatteryStatsImpl.java:503)
04-12 01:10:44.196  3590  3848 E BluetoothPowerStatsCollector: 	at com.android.server.power.stats.BluetoothPowerStatsCollector.collectBluetoothActivityInfo(BluetoothPowerStatsCollector.java:170)
04-12 01:10:44.196  3590  3848 E BluetoothPowerStatsCollector: 	... 8 more
04-12 01:10:44.198  2123  2123 E WifiHAL : wifi_get_cached_scan_results: Wifi Cached Scan Result not supported by driver
04-12 01:10:44.199  3590  7894 E WifiStaIfaceAidlImpl: getCachedScanData failed with service-specific exception: android.os.ServiceSpecificException:  (code 4)
04-12 01:10:44.199  3590  3848 D WifiPowerStatsCollector: collectWifiActivityInfo: duration : 0 rx : 28 tx : 181 scan : 618 idleDuration : 513 interval : 72684
04-12 01:10:44.211  1905  8136 E TetherController: property_get sys.radio.data.modem_share_flag return 0, 1!
04-12 01:10:44.215 14034 14034 D RadioMessenger: handleMessage Request msgid 2220
04-12 01:10:44.215 14034 14034 D RadioMessenger: handleSetSyncWithAp: -1, syncFlag: 1
04-12 01:10:44.215 14034 14034 D QtiRadioService: setSyncWithAp
04-12 01:10:44.215 14034 14034 D RadioProxyJ[0]: [105377915]> setSyncWithAp syncFlag:1
04-12 01:10:44.215  2727  2793 D RadioService: setSyncWithAp with instance 0
04-12 01:10:44.215  2727  2793 D VendorService: VendorService::setSyncWithAp
04-12 01:10:44.215  2727  2826 D QmiVsClient: setSyncWithAp - enter
04-12 01:10:44.215  2727  2826 E QmiVsClient: sendAsyncRequest QMI_VS_SET_SYNC_WITH_AP_REQ_MSG_V01 ret 0
04-12 01:10:44.215  2727  2826 D VsProxy : handleMessage msg is 4001
04-12 01:10:44.215  2727  2826 D RadioProxy: setSyncWithAp : response cb for instance 0
04-12 01:10:44.216  2727  2727 D RadioServiceResponse: RadioServiceResponse::setSyncWithApResponse
04-12 01:10:44.216 14034 14677 D SubsysRadioResponse: setSyncWithApResponse info.error = 0
04-12 01:10:44.216 14034 14677 D RadioProxyJ[0]: [105377915]< setSyncWithApResponse 
04-12 01:10:44.216 14034 14034 D MessengerResponseHandler: handleMessage Response msgid 210
04-12 01:10:44.216  2727  3986 D QmiClient: qmiServiceEventCallback recv msg id 1085
04-12 01:10:44.216  2727  3986 D QmiClient: enter -mServiceType 4 onQmiServiceEventCallback msgId 1085
04-12 01:10:44.216  2727  3986 D QmiClient: onQmiServiceEventCallback - enter. msgId=1085
04-12 01:10:44.216  2727  3986 D QmiVsClientEvent: qmiVsClientNotifyNecEvent - RADIO_EVENT_NEC_IND
04-12 01:10:44.216  2727  2826 D VsProxy : handleMessage msg is 2403
04-12 01:10:44.216  2727  2826 D VsProxy : handleNecInd for instance 0
04-12 01:10:44.216 14034 14677 D SubsysRadioIndication[0]: radioNecInd 
04-12 01:10:44.216 14034 14034 D ModemChannel: handleMessage what:102
04-12 01:10:44.216 14034 14034 D ModemChannel: handleNecEvent
04-12 01:10:44.216  3590  7163 D TelephonyManager: requestModemActivityInfo: Sending result to app: ModemActivityInfo{ mTimestamp=974659630 mSleepTimeMs=158674139 mIdleTimeMs=6690703 mActivityStatsTechSpecificInfo=[{mRat=UNKNOWN,mFrequencyRange=UNKNOWN,mTxTimeMs[]=[169169, 150146, 216740, 161199, 162555],mRxTimeMs=405876060}]}
04-12 01:10:44.216 13839 14679 D OplusGameImsReg: receive handle Message:MSG_NEC_DATA_IND_SIM1
04-12 01:10:44.216 13839 14676 D SubsysCallManager: handleMessage what:102
04-12 01:10:44.216 13839 14676 D SubsysCallManager: parseMdmInfoData len:392
04-12 01:10:44.216 13839 14676 D SubsysCallManager: onMdmEvent moduleId:6,eventId:4
04-12 01:10:44.216 13839 14676 D ModemDataAnalysis: phoneId = 0, moduleId = 6, onEvent...4, version = 0, size:380
04-12 01:10:44.216  8498  8797 I ModemAci: [ModemActivityInfo] [LO, DA]:{ stamp=974659630 duration=20 sleepTMs=11734 idleTMs=382 rxTMs=8234 5gRxTMs=0 txTMs=[0, 0, 0, 0, 0, 0, 0, 0] 5gTxTMs=[0, 0, 1, 15, 263061, 283057, 209987, 256054] rrc10sC[]=[0, 0] rrc20sC[]=[0, 0] rrcMore20sC[]=[0, 0] rrcC[]=[0, 0] rrcT[]=[0, 0] saRrc10sC[]=[0, 0] saRrc20sC[]=[0, 0] saRrcMore20sC[]=[0, 0] saRrcC[]=[0, 0] saRrcT[]=[0, 21] endcActT[]=[0, 0] wifiRrcT[]=[0, 0] csChgC[]=[0, 0] psChgC[]=[0, 0] iRatC[]=[0, 0] cellUpdC[]=[0, 0] handOverC[]=[0, 0] nwSrchC[]=[0, 0] nwSrchT[]=[0, 0] psRegT[]=[21, 21] csRegT[]=[21, 21] psNoRegT[]=[0, 0] csNoRegT[]=[0, 0] sigGrid0T[]=[0, 0] gpsTMs=104 wlanTMs=0 sim15gTxTMs[]=[0, 0, 0, 0, 1135, 1329, 1090, 2080] sim25gTxTMs[]=[0, 0, 1, 15, 261926, 281728, 208897, 253974] techTMs[]=[0, 0, 0, 0, 0, 0, 0, 0, 548] saActT[]=[0, 21] lteHoC[]=[0, 0] saHoC[]=[0, 0]}
04-12 01:10:44.217 10250 21598 I midasd  : OplusObrainService::notifyEventString eventId:11 strParam:{"5gRxTimeMs":0,"5gTxTimeMs":[],"idleTimeMs":382,"lteRrcC":[0,0],"lteRrcT":[0,0],"nrRrcC":[0,0],"nrRrcT":[0,21],"rxTimeMs":8234,"sleepTimeMs":11734,"timestamp":1775927444216,"txTimeMs":[0,0,0,0,0,0,0,0]}
04-12 01:10:44.217 13839 14694 E AMC     : [P-ooslimited_deep/0] execute failed in triggers[0]:[nwsrcht:0][nwsrcht:0]
04-12 01:10:44.217 13839 14694 E AMC     : [P-ooslimited_deep/1] execute failed in triggers[0]:[nwsrcht:0][nwsrcht:0]
04-12 01:10:44.217 13839 14694 E AMC     : [P-mpss_reset/0] execute failed in triggers[0]:[sleept:11][sleept:955]
04-12 01:10:44.217 13839 14694 E AMC     : [P-mpss_reset/1] execute failed in triggers[0]:[sleept:11][sleept:955]
04-12 01:10:44.217 13839 14694 E AMC     : [P-pidnetdisable_recovery] execute failed in triggers[0]:[sleept:11][sleept:955, pidnetdisable:null]
04-12 01:10:44.217 13839 14694 E AMC     : [P-standby_5gbackoff/0] execute failed in triggers[0]:[sleept:11][inactive:false, sleept:470]
04-12 01:10:44.217 13839 14694 E AMC     : [P-standby_5gbackoff/1] execute failed in triggers[0]:[sleept:11][inactive:false, sleept:470]
04-12 01:10:44.217 15031 15272 I OplusObrain: OplusObrainClientInvoke.nativeGetTelephonyInfo
04-12 01:10:44.217 15031 15272 I OplusObrain: OplusObrainClientInvoke.nativeGetTrafficTypeInfoForNetworkType networkType 0
04-12 01:10:44.231  3590  3848 D BatteryExternalStatsWorker: begin updateExternalStatsSync reason=reset flag:255
04-12 01:10:44.231  2247  2247 I android.hardware.power.stats-impl.oplus: subSystem data{ name:adsp, totalSleepCount:78470603, totalSleepTime:694637509}
04-12 01:10:44.232  2247  2247 I android.hardware.power.stats-impl.oplus: subSystem data{ name:adsp_island, totalSleepCount:2677643, totalSleepTime:124823035}
04-12 01:10:44.232  2247  2247 I android.hardware.power.stats-impl.oplus: subSystem data{ name:apss, totalSleepCount:5572279, totalSleepTime:143746262}
04-12 01:10:44.232  2247  2247 I android.hardware.power.stats-impl.oplus: subSystem data{ name:cdsp, totalSleepCount:5060, totalSleepTime:964031988}
04-12 01:10:44.232  2247  2247 I android.hardware.power.stats-impl.oplus: subSystem data{ name:mpss, totalSleepCount:6553059, totalSleepTime:388754757}
04-12 01:10:44.232  2247  2247 I android.hardware.power.stats-impl.oplus: subSystem data{ name:vlow, totalSleepCount:1329850, totalSleepTime:33638388}
04-12 01:10:44.232  2247  2247 I android.hardware.power.stats-impl.oplus: subSystem data{ name:vmin, totalSleepCount:546364, totalSleepTime:42427694}
04-12 01:10:44.233  2123  2123 E WifiHAL : wifi_get_cached_scan_results: Wifi Cached Scan Result not supported by driver
04-12 01:10:44.233  3590  7894 E WifiStaIfaceAidlImpl: getCachedScanData failed with service-specific exception: android.os.ServiceSpecificException:  (code 4)
04-12 01:10:44.242  2181  2506 I SDM     : DisplayBuiltIn::IdlePowerCollapse: IPC received, disabling partial update for one frame
04-12 01:10:44.248  2181  7371 E CwbService: Panel not support apl read or getDisplayPanelAplValue timeout 10ms.
04-12 01:10:44.248  2258  2258 D SensorFeature: name=ssc_screenshot_info ,index = 22
04-12 01:10:44.248  2258  2258 D SensorFeature: write 39 bytes:974659600108762,974659652122303,29146,0
04-12 01:10:44.249 28324 28324 W dumpsys : Thread Pool max thread count is 0. Cannot cache binder as linkToDeath cannot be implemented. serviceName: battery
04-12 01:10:44.249  3590  8849 I OplusBatteryService: dumpInternal args is : unplug
04-12 01:10:44.249  2280  2280 D ChargerInfo: getInfo: type: 0x1, update: 1
04-12 01:10:44.249  2280  2306 D ChargerInfo: chargerInfoUpdateThread: update start
04-12 01:10:44.250  2280  2306 D ChargerInfo: enableTx: path(/proc/wireless/enable_tx): not exist
04-12 01:10:44.250  2280  2306 D ChargerInfo: wlsAdapterPower: path(/sys/class/oplus_chg/wireless/max_w_power): not exist
04-12 01:10:44.250  2280  2306 D ChargerInfo: unknown: path(/sys/class/oplus_chg/ac/online) and backupPath(/sys/class/power_supply/ac/online) not exist
04-12 01:10:44.250  2280  2306 D ChargerInfo: unknown: path(/sys/class/oplus_chg/ac/online) and backupPath(/sys/class/power_supply/ac/online) not exist
04-12 01:10:44.251  2280  2306 D ChargerInfo: get_ui_charge_icon_type: [0 0] [0 0] 1
04-12 01:10:44.251  2280  2306 D ChargerInfo: unknown: path(/sys/class/oplus_chg/ac/online) and backupPath(/sys/class/power_supply/ac/online) not exist
04-12 01:10:44.251  2280  2306 D ChargerInfo: unknown: path(/sys/class/oplus_chg/ac/online) and backupPath(/sys/class/power_supply/ac/online) not exist
04-12 01:10:44.251  2280  2306 E ChargerInfo: SingleHyperPath not found
04-12 01:10:44.251  2280  2306 D ChargerInfo: chargerInfoUpdateThread: update end
04-12 01:10:44.251  2280  2306 D ChargerInfo: chargerInfoUpdateThread: update wait
04-12 01:10:44.251  2280  2280 D ChargerInfo: enableTx: path(/proc/wireless/enable_tx): not exist
04-12 01:10:44.251  2280  2280 D ChargerInfo: wlsAdapterPower: path(/sys/class/oplus_chg/wireless/max_w_power): not exist
04-12 01:10:44.251  2280  2280 D ChargerInfo: getInfo: {"Update":{"batteryFcc":5604,"batteryRm":4746,"bddLeakCurr":0,"bmsStatus":0,"bypassChgStatus":2,"chargeTimeRemaining":0,"cpaPower":2,"enableTx":"0","fastCharge":0,"isSupportSpeedCharge":0,"notifyCode":1048704,"otgOnline":1,"ppsChargePower":0,"ppsCharging":0,"shortCHwStatus":0,"shortIcOtpStatus":0,"uiIconType":0,"uiPower":0,"usbStatus":0,"wlsAdapterPower":0}}
04-12 01:10:44.257  1344  7979 E android.system.suspend-service: Error opening wakeup34/name for wakeup34: Permission denied
04-12 01:10:44.257  1344  7979 E android.system.suspend-service: Error opening wakeup34/active_count for wakeup34: Permission denied
04-12 01:10:44.257  1344  7979 E android.system.suspend-service: Error opening wakeup34/last_change_ms for wakeup34: Permission denied
04-12 01:10:44.257  1344  7979 E android.system.suspend-service: Error opening wakeup34/max_time_ms for wakeup34: Permission denied
04-12 01:10:44.257  1344  7979 E android.system.suspend-service: Error opening wakeup34/total_time_ms for wakeup34: Permission denied
04-12 01:10:44.257  1344  7979 E android.system.suspend-service: Error opening wakeup34/active_time_ms for wakeup34: Permission denied
04-12 01:10:44.257  1344  7979 E android.system.suspend-service: Error opening wakeup34/event_count for wakeup34: Permission denied
04-12 01:10:44.257  1344  7979 E android.system.suspend-service: Error opening wakeup34/expire_count for wakeup34: Permission denied
04-12 01:10:44.257  1344  7979 E android.system.suspend-service: Error opening wakeup34/prevent_suspend_time_ms for wakeup34: Permission denied
04-12 01:10:44.257  1344  7979 E android.system.suspend-service: Error opening wakeup34/wakeup_count for wakeup34: Permission denied
04-12 01:10:44.259  1344  7979 E android.system.suspend-service: Error opening wakeup55/name for wakeup55: Permission denied
04-12 01:10:44.259  1344  7979 E android.system.suspend-service: Error opening wakeup55/active_count for wakeup55: Permission denied
04-12 01:10:44.259  1344  7979 E android.system.suspend-service: Error opening wakeup55/last_change_ms for wakeup55: Permission denied
04-12 01:10:44.259  1344  7979 E android.system.suspend-service: Error opening wakeup55/max_time_ms for wakeup55: Permission denied
04-12 01:10:44.259  1344  7979 E android.system.suspend-service: Error opening wakeup55/total_time_ms for wakeup55: Permission denied
04-12 01:10:44.259  1344  7979 E android.system.suspend-service: Error opening wakeup55/active_time_ms for wakeup55: Permission denied
04-12 01:10:44.259  1344  7979 E android.system.suspend-service: Error opening wakeup55/event_count for wakeup55: Permission denied
04-12 01:10:44.259  1344  7979 E android.system.suspend-service: Error opening wakeup55/expire_count for wakeup55: Permission denied
04-12 01:10:44.259  1344  7979 E android.system.suspend-service: Error opening wakeup55/prevent_suspend_time_ms for wakeup55: Permission denied
04-12 01:10:44.259  1344  7979 E android.system.suspend-service: Error opening wakeup55/wakeup_count for wakeup55: Permission denied
04-12 01:10:44.259  1344  7979 E android.system.suspend-service: Error opening wakeup63/name for wakeup63: Permission denied
04-12 01:10:44.259  1344  7979 E android.system.suspend-service: Error opening wakeup63/active_count for wakeup63: Permission denied
04-12 01:10:44.259  1344  7979 E android.system.suspend-service: Error opening wakeup63/last_change_ms for wakeup63: Permission denied
04-12 01:10:44.259  1344  7979 E android.system.suspend-service: Error opening wakeup63/max_time_ms for wakeup63: Permission denied
04-12 01:10:44.259  1344  7979 E android.system.suspend-service: Error opening wakeup63/total_time_ms for wakeup63: Permission denied
04-12 01:10:44.259  1344  7979 E android.system.suspend-service: Error opening wakeup63/active_time_ms for wakeup63: Permission denied
04-12 01:10:44.259  1344  7979 E android.system.suspend-service: Error opening wakeup63/event_count for wakeup63: Permission denied
04-12 01:10:44.259  1344  7979 E android.system.suspend-service: Error opening wakeup63/expire_count for wakeup63: Permission denied
04-12 01:10:44.259  1344  7979 E android.system.suspend-service: Error opening wakeup63/prevent_suspend_time_ms for wakeup63: Permission denied
04-12 01:10:44.259  1344  7979 E android.system.suspend-service: Error opening wakeup63/wakeup_count for wakeup63: Permission denied
04-12 01:10:44.259  1344  7979 E android.system.suspend-service: Error opening wakeup41/name for wakeup41: Permission denied
04-12 01:10:44.259  1344  7979 E android.system.suspend-service: Error opening wakeup41/active_count for wakeup41: Permission denied
04-12 01:10:44.259  1344  7979 E android.system.suspend-service: Error opening wakeup41/last_change_ms for wakeup41: Permission denied
04-12 01:10:44.259  1344  7979 E android.system.suspend-service: Error opening wakeup41/max_time_ms for wakeup41: Permission denied
04-12 01:10:44.259  1344  7979 E android.system.suspend-service: Error opening wakeup41/total_time_ms for wakeup41: Permission denied
04-12 01:10:44.259  1344  7979 E android.system.suspend-service: Error opening wakeup41/active_time_ms for wakeup41: Permission denied
04-12 01:10:44.259  1344  7979 E android.system.suspend-service: Error opening wakeup41/event_count for wakeup41: Permission denied
04-12 01:10:44.259  1344  7979 E android.system.suspend-service: Error opening wakeup41/expire_count for wakeup41: Permission denied
04-12 01:10:44.259  1344  7979 E android.system.suspend-service: Error opening wakeup41/prevent_suspend_time_ms for wakeup41: Permission denied
04-12 01:10:44.259  1344  7979 E android.system.suspend-service: Error opening wakeup41/wakeup_count for wakeup41: Permission denied
04-12 01:10:44.267  2113 25475 I sensors-hal: handle_oplus_wise_rgb_event:161, wise_rgb: (5069)(cct, lux, ir)[6189.53, 195.12, 23.479591] (r, g, b, c)[7462.80, 5609.02, 3194.19, 15544.03]                 (pwm, hbm, brl, algo)[0.0 0.0 1368.0 2.0], flag 94682
04-12 01:10:44.273  3590  3848 D BatteryExternalStatsWorker: end updateExternalStatsSync
04-12 01:10:44.324  3590  8849 I ActivityManager: Force stopping com.binance.monitor appid=10512 user=0: from pid 28329
04-12 01:10:44.325  3590  3830 W UserAwareMgr: top app is killed
04-12 01:10:44.325  3590  3830 I UserAwareMgr: process killed: {pkgName='com.binance.monitor', serviceName='', procName=com.binance.monitor, pid=27079, uid=10512, appId=0, owner='null', flags='tp|fg2', renderTid=27132, hwuiTids=[27139, 27140], glTids=null, threadInfos=null, mVideoActivityList=[], mStates=0}
04-12 01:10:44.325  3590  3830 I UserAwareMgr: handleProcessKilled, pkgName: com.binance.monitor, pid: 27079
04-12 01:10:44.325  3590  8849 I ActivityManager: Killing 27079:com.binance.monitor/u0a512 (adj 0): stop com.binance.monitor due to from pid 28329
04-12 01:10:44.325  3590  3590 D NotificationService--OplusNotificationManagerServiceExtImpl: onUidGone : uid = [10512],diePkg = [com.binance.monitor],clear all notification; mExpFeature: false
04-12 01:10:44.326  3590  3590 D NotificationListeners: notifyRemovedLocked: com.binance.monitor shouldDelayRemove
04-12 01:10:44.326  3590  3590 D NotificationListeners: notifyRemovedLocked: com.binance.monitor shouldDelayRemove
04-12 01:10:44.326  3590  3590 E NotificationRecordLogger: Unexpected reason: 10020 with surface 0
04-12 01:10:44.326  3590  3590 D NotificationService--OplusNotificationManagerServiceExtImpl: notifyDelayRemovedLocked,reason:10020 isGroup:false
04-12 01:10:44.327  3590  3590 D NotificationGroupType: maybeUngroupOplus:after all cleared
04-12 01:10:44.327  3590  3590 D NotificationService--OplusNotificationManagerServiceExtImpl: notifyDelayRemovedLocked,PackageName:com.android.launcher
04-12 01:10:44.327  3590  3590 D NotificationService--OplusNotificationManagerServiceExtImpl: notifyDelayRemovedLocked,PackageName:com.android.systemui
04-12 01:10:44.328  3590  8849 W ForegroundServiceTypeLoggerModule: FGS stop call for: 10512 has no types!
04-12 01:10:44.328  3590  3792 D SensorServiceExtImpl: notifyApplicationLaunchStage processName=com.binance.monitor, uid=10512, pid=27079, stage=-1
04-12 01:10:44.329  8730 10138 W OPLUS_LOG_LOAD: ==LOGS PROG INFO, prog(com.android.launcher) ==
04-12 01:10:44.329  8730 10138 I NotificationListener: onNotificationRemovedTogether
04-12 01:10:44.329  8730  8730 D NotificationListener: MSG_ON_NOTIFICATION_DELAY_REMOVED_TOGETHER
04-12 01:10:44.329  3590  8777 I OplusHansManager : onUidGone(), 10512 com.binance.monitor exit SM
04-12 01:10:44.329  3590  8777 I OplusHansManager : onUidGone(), 10512 com.binance.monitor alarm removed
04-12 01:10:44.329 13839 14674 D OplusLinkBoostSceneManager: sceneStateUpdate: 5023,com.binance.monitor,switch:[false, true, true, false]
04-12 01:10:44.329 13839 14674 D OplusLinkBoostGame: onSceneUpdated: 5023,com.binance.monitor,switchOn: false
04-12 01:10:44.329 13839 14674 D OplusLinkBoostMeeting: onSceneUpdated: 5023,com.binance.monitor,switchOn: true
04-12 01:10:44.329 13839 14674 D OplusLinkBoostCommon: onSceneUpdated: 5023,com.binance.monitor
04-12 01:10:44.329 13839 14674 D OplusLinkBoostConcert: onSceneUpdated: 5023,com.binance.monitor,switchOn: true,rus:true
04-12 01:10:44.329 14034 15457 I ConferenceScene: onForegroundServiceStateChanged 27079 10512 0 fg_stateMachinesuid is null
04-12 01:10:44.329  8338  9280 W OPLUS_LOG_LOAD: ==LOGS PROG INFO, prog(com.android.systemui) ==
04-12 01:10:44.329  8338  9280 I SystemUi--QuickSettings: OplusFgsManagerController-->onForegroundStateChanged: com.binance.monitor 0 false 2
04-12 01:10:44.329  8338  9280 I SystemUi--QuickSettings: OplusFgsManagerController-->onForegroundStateChanged numPackagesAfter: 1
04-12 01:10:44.329 14034 15457 D ActivityAdapter: ugc uid gone, uid=10512
04-12 01:10:44.329  2013  2036 E statsd  : Predicate 1508000004 dropping data for dimension key (100234)0x10000->10512[I] 
04-12 01:10:44.330 15031 15220 D ShellSubscriberWorkerThread: the first 8 bytes empty, and RestData length > 8 
04-12 01:10:44.330  2013  2036 E statsd  : Predicate 1508000004 dropping data for dimension key (100234)0x10000->10512[I] 
04-12 01:10:44.330  8338  9070 I NotificationListener: onNotificationRemovedTogether
04-12 01:10:44.330  8338  8338 D NotificationListener: MSG_ON_NOTIFICATION_DELAY_REMOVED_TOGETHER
04-12 01:10:44.330  6374  6407 I metis_v2_AppDiedObserver: shortcutAppDiedCallback, fenceKey = app_died_shortcut
04-12 01:10:44.330  8338  8338 I SystemUi--Notification: OplusLiveAlertNotificationsRepository-->removeLiveAlert: 0|com.binance.monitor|9001|null|10512
04-12 01:10:44.330  8338  8338 I PluginSeedling--Track: RequestHandler-->notificationRemoved 0|com.binance.monitor|9001|null|10512
04-12 01:10:44.330  3590  8480 I OPM     : handleUidGone uid: 10512, disabled: false
04-12 01:10:44.330  8338  8338 I SystemUi--Notification: OplusLiveAlertNotificationsRepository-->onRankingApplied
04-12 01:10:44.330  8338  8338 E NotifCollection: No notification to remove with key 0|com.binance.monitor|9001|null|10512 reason=10020:unknown
04-12 01:10:44.331  6374  6458 D HLog-UpMgr: [metis]CheckWhetherUploadBody Mgr:com.oplus.sdp.y9.c@30c88f
04-12 01:10:44.331  6374  6458 D HLog-MultiConfigManage: [metis]checkAllPushTask
04-12 01:10:44.331  6374  6458 D HLog-MultiConfigManage: [metis]checkAllPushTask existPushInfo : 
04-12 01:10:44.331  8338  8430 I SystemUi--QuickSettings: OplusSeparateQSPrivacyManager-->onNumberOfPackagesChanged numPackages 1
04-12 01:10:44.331  8337  9773 V OsAgent : broadcastSystemEvent - 7
04-12 01:10:44.331  2782  5326 D HoloAudio::SpecailizerPLService_Aidl: callClient:clientID:1 exist:1, event:18, isOneWay:0
04-12 01:10:44.331  2782  5326 D HoloAudio::SpecailizerPLService_Aidl: getMssEnable --- com.binance.monitor[0]
04-12 01:10:44.332  3590  7998 I Osense-FloatWindowComplexScene: getNoSharedData pid=13839,result=[Bundle[{isExitWindow=true, isFocused=false, floatWindowType=3, taskId=-1, pkgName=com.binance.monitor, isVisible=true, pid=27079, uid=10512, type=2, hwuiTaskThreads=[27139, 27140], renderThreadTid=27132, activityName=null, isEnter=false}]]
04-12 01:10:44.332  3590  7998 I [UAH_CLIENT]: uahRuleCtl, ruleId:206, status:5
04-12 01:10:44.332  3590  8480 I OPM     : handleAppExit info: ApplicationExitInfo(timestamp=2026/4/12 01:10 pid=27079 realUid=10512 packageUid=10512 definingUid=10512 user=0 process=com.binance.monitor reason=10 (USER REQUESTED) subreason=21 (FORCE STOP) status=0 importance=100 pss=0.00 rss=0.00 description=stop com.binance.monitor due to from pid 28329 state=empty trace=null
04-12 01:10:44.332  3590  8849 W ActivityTaskManager: Force removing ActivityRecord{91663841 u0 com.binance.monitor/.ui.main.MainActivity t13211 f}}: app died, no saved state
04-12 01:10:44.332  3590  3875 D VRR [OPlusSurfaceFlingerController]:  setComplexSceneEnable : false
04-12 01:10:44.332 13839 13365 D UserAppScenarioEvent: mComplexSceneObserver eventId: 4, bundle: [Bundle[mParcelledData.dataSize=472]]
04-12 01:10:44.333 13839 14694 D AMC     : [TriggerForeground] handleFloatWindowStateChanged on:false
04-12 01:10:44.333  8338  8381 V WindowManagerShell: Transition requested (#27633): android.os.BinderProxy@c56229d TransitionRequestInfo { type = CLOSE, triggerTask = TaskInfo{userId=0 taskId=13211 effectiveUid=10512 displayId=0 isRunning=false baseIntent=Intent { flg=0x10000000 cmp=com.binance.monitor/.ui.main.MainActivity mCallingUid=2000 } baseActivity=null topActivity=null origActivity=null realActivity=ComponentInfo{com.binance.monitor/com.binance.monitor.ui.main.MainActivity}
04-12 01:10:44.333  8338  8381 V WindowManagerShell:  numActivities=0 lastActiveTime=974588960 supportsSplitScreenMultiWindow=true supportsMultiWindow=true supportsPocketStudioMultiWindow=true isInFlexibleEmbedded = false uid = -1 pid = -1 resizeMode=1 isResizeable=true minWidth=-1 minHeight=-1 defaultMinSize=220 token=WCT{android.window.IWindowContainerToken$Stub$Proxy@1a6c312} topActivityType=1 pictureInPictureParams=null shouldDockBigOverlays=false launchIntoPipHostTaskId=-1 lastParentTaskIdBeforePip=-1 displayCutoutSafeInsets=Rect(0, 0 - 0, 0)
04-12 01:10:44.333  8338  8381 V WindowManagerShell:  topActivityInfo=null launchCookies=[] positionInParent=Point(0, 0) parentTaskId=-1 isFocused=true isVisible=true isVisibleRequested=true isTopActivityNoDisplay=false isSleeping=false locusId=null displayAreaFeatureId=1 isTopActivityTransparent=false isActivityStackTransparent=true lastNonFullscreenBounds=Rect(330, 828 - 935, 2092) capturedLink=null capturedLinkTimestamp=0 requestedVisibleTypes=-9 topActivityRequestOpenInBrowserEducationTimestamp=0
04-12 01:10:44.333  8338  8381 V WindowManagerShell:  appCompatTaskInfo=AppCompatTaskInfo { topActivityInSizeCompat=false topActivityInOplusCompatMode=false eligibleForLetterboxEducation= false isLetterboxEducationEnabled= false isLetterboxDoubleTapEnabled= false eligibleForUserAspectRatioButton= false topActivityBoundsLetterboxed= false isFromLetterboxDoubleTap= false topActivityLetterboxVerticalPosition= -1 topActivityLetterboxHorizontalPosition= -1 topActivityLetterboxWidth=-1 topActivityLetterboxHeight=-1 topActivityAppBounds=Rect(0, 0 - 0, 0) isUserFullscreenOverrideEnabled=false isSystemFullscreenOverrideEnabled=false hasMinAspectRatioOverride=false topActivityLetterboxBounds=null cameraCompatTaskInfo=CameraCompatTaskInfo { freeformCameraCompatMode=undefined}} topActivityMainWindowFrame=null topActivityLetterboxInsets=Rect(0, 0 - 0, 0)
04-12 01:10:44.333  8338  8381 V WindowManagerShell:  mOplusExtraBundle = Bundle[mParcelledData.dataSize=1172]}, pipChange = null, remoteTransition = null, displayChange = null, flags = 0, debugId = 27633 }
04-12 01:10:44.333  3590  3872 D OplusFeatureUIR: Receive float window scene changed eventId = 4 bundleList.size = 1 mFloatWindowApps [] mCurrentPkg com.binance.monitor
04-12 01:10:44.333  3590  8849 D ActivityTaskManager: removeAppToken: ActivityRecord{91663841 u0 com.binance.monitor/.ui.main.MainActivity t13211 f}} delayed=true parent=Task{84c1c7 #13211 type=standard A=10512:com.binance.monitor} animating=true Callers=com.android.server.wm.DisplayContent.removeAppToken:1759 com.android.server.wm.ActivityRecord.removeFromHistory:4970 com.android.server.wm.ActivityRecord.handleAppDied:5329 com.android.server.wm.WindowProcessController.handleAppDied:1709 
04-12 01:10:44.333  3590  8849 D WindowManager: NFW_findFocusedWindowIfNeeded:null mCurrentFocus:Window{559612b u0 com.binance.monitor/com.binance.monitor.ui.main.MainActivity}
04-12 01:10:44.333  3590  3795 D BatteryStatsImplExtImpl: pausedBatteryLevel:100 activityFocusedTimeInMin:1
04-12 01:10:44.333  3590  8849 V WindowManager: Changing focus from Window{559612b u0 com.binance.monitor/com.binance.monitor.ui.main.MainActivity} to null,diplayid=0
04-12 01:10:44.334  3590  7959 D BackgroundInstallControlService: Package event received: 0
04-12 01:10:44.334  3590  8849 D FlexibleWindowManagerService: [resetSiblingEmbeddedTasksToFullScreen]size of embedded tasks is illegal
04-12 01:10:44.334  3590  7998 I [UAH_CLIENT]: UahEventAcquire, cmdid:0, pkg:com.android.launcher, identity:com.android.server.wm
04-12 01:10:44.334  3590  8849 I OplusAccessController: enter isIgnoreAppSwitchActivity
04-12 01:10:44.334  3590  8849 I OplusAccessController: enter isIgnoreAppSwitchActivity and intent != null
04-12 01:10:44.334  3590  8849 I OplusAccessController: enter isIgnoreAppSwitchActivity and componentName != null
04-12 01:10:44.334  3590  8849 I OplusAccessController: enter isIgnoreAppSwitchActivity and packageName&activity is not Empty
04-12 01:10:44.334  3590  8849 I OplusHansManager : front pkg: com.android.launcher, uid: 10214, prev pkg: com.binance.monitor, prev uid: 10512
04-12 01:10:44.334  3590  8849 D RefreshRate: boostRefreshId choose max:currentRefreshRate:90.0 targetRefreshRate:120.0 mCurrentPickRate:90.0
04-12 01:10:44.334  3590  8849 D RefreshRate: Trigger app switch boost, ar=ActivityRecord{75462386 u0 com.android.launcher/.Launcher t2},currDisplayRate=90.0,boostId=3
04-12 01:10:44.334  3590  8849 D RefreshRate: setDisplayConfigSpecs complete: targetMode={id=1, width=1264, height=2780, fps=120.00001, vsync=120.00001, synthetic=false, alternativeRefreshRates=[60.000004, 90.0], supportedHdrTypes=[1, 2, 3, 4]},srcMode={id=1, width=1264, height=2780, fps=120.00001, vsync=120.00001, synthetic=false, alternativeRefreshRates=[60.000004, 90.0], supportedHdrTypes=[1, 2, 3, 4]},sfModId=0,rate=120.00001
04-12 01:10:44.334  3590  8849 D RefreshRate: Refresh rate changing from 90.0 to 120.00001,maxRefreshRate=120.00001 FOR:{
04-12 01:10:44.334  3590  8849 D RefreshRate:     | COURSE[Trigger app switch boost, ar=ActivityRecord{75462386 u0 com.android.launcher/.Launcher t2},currDisplayRate=90.0,boostId=3setDisplayConfigSpecs complete: targetMode={id=1, width=1264, height=2780, fps=120.00001, vsync=120.00001, synthetic=false, alternativeRefreshRates=[60.000004, 90.0], supportedHdrTypes=[1, 2, 3, 4]},srcMode={id=1, width=1264, height=2780, fps=120.00001, vsync=120.00001, synthetic=false, alternativeRefreshRates=[60.000004, 90.0], supportedHdrTypes=[1, 2, 3, 4]},sfModId=0,rate=120.00001]
04-12 01:10:44.334  3590  8849 D RefreshRate:     | VOTES[PRIORITY_START_ANIMATION_BOOST -> Vote{mRefreshRate=120.0, mMinRefreshRate=120.0, mRequestSource=null};PRIORITY_WINDOW_REQUEST -> Vote{mRefreshRate=90.0, mMinRefreshRate=90.0, mRequestSource=null};]
04-12 01:10:44.334  3590  8849 D RefreshRate:     | TIME:2026-04-11 17:10:44}
04-12 01:10:44.334  3590  8619 W SurfaceFlingerPuller: Failed to pull atom 150134 from surfaceflinger. Success is 0, binder status is EX_NONE
04-12 01:10:44.335  3590  3875 D RefreshRate: do setDisplayConfigSpecs  
04-12 01:10:44.335  3590  8849 D RefreshRate: startAppSwitchBoost targetMode={id=1, width=1264, height=2780, fps=120.00001, vsync=120.00001, synthetic=false, alternativeRefreshRates=[60.000004, 90.0], supportedHdrTypes=[1, 2, 3, 4]} record=ActivityRecord{75462386 u0 com.android.launcher/.Launcher t2}: votes=PRIORITY_START_ANIMATION_BOOST -> Vote{mRefreshRate=120.0, mMinRefreshRate=120.0, mRequestSource=null};PRIORITY_WINDOW_REQUEST -> Vote{mRefreshRate=90.0, mMinRefreshRate=90.0, mRequestSource=null};
04-12 01:10:44.335  3590  8849 D ActivityTaskManager: setAppVisibility(Token{e95e916 ActivityRecord{75462386 u0 com.android.launcher/.Launcher t2}}, visible=true):  visible=false mVisibleRequested=false
04-12 01:10:44.335  2399  2620 D SurfaceFlinger: VRR [SurfaceFlinger] setDesiredDisplayModeSpecs, from process 3590, 0, 0, primaryRanges = [ 120.000008, 120.000008, 120.000008, 120.000008 ], appRequestRanges = [ 120.000008, 120.000008, 120.000008 120.000008 ]
04-12 01:10:44.335  3590  8849 D WindowManager: NFW_setClientVisible:ActivityRecord{75462386 u0 com.android.launcher/.Launcher t2} clientVisible:true
04-12 01:10:44.335  2399  2399 I RefreshRateSelector: Display 4630946685746860179 policy changed
04-12 01:10:44.335  2399  2399 I RefreshRateSelector: Previous: {defaultModeId=2, allowGroupSwitching=false, primaryRanges={physical=[0.00 Hz, 120.00 Hz], render=[0.00 Hz, 90.00 Hz]}, appRequestRanges={physical=[0.00 Hz, 120.00 Hz], render=[0.00 Hz, 90.00 Hz]} idleScreenConfig=nullptr}
04-12 01:10:44.335  2399  2399 I RefreshRateSelector: Current:  DisplayManagerPolicy{defaultModeId=0, allowGroupSwitching=false, primaryRanges={physical=[120.00 Hz, 120.00 Hz], render=[120.00 Hz, 120.00 Hz]}, appRequestRanges={physical=[120.00 Hz, 120.00 Hz], render=[120.00 Hz, 120.00 Hz]} idleScreenConfig=nullptr}
04-12 01:10:44.335  2399  2399 I RefreshRateSelector: 1 mode changes were performed under the previous policy
04-12 01:10:44.335  2399  2399 D SurfaceFlinger: VRR [SurfaceFlinger] applyRefreshRateSelectorPolicy: 0 (120.00 Hz), policy: {defaultModeId=0, allowGroupSwitching=false, primaryRanges={physical=[120.00 Hz, 120.00 Hz], render=[120.00 Hz, 120.00 Hz]}, appRequestRanges={physical=[120.00 Hz, 120.00 Hz], render=[120.00 Hz, 120.00 Hz]} idleScreenConfig=nullptr}
04-12 01:10:44.335  2399  2399 D SurfaceFlinger: VRR [SurfaceFlinger] setDesiredActiveMode: displayId: 4630946685746860179, renderRate: 120, vsyncRate: 120, event: 1
04-12 01:10:44.335  2399  2399 D DisplayModeController: setDesiredMode 4630946685746860179 {mode={fps=120.00 Hz, modePtr={id=0, vsyncRate=120.00 Hz, peakRefreshRate=120.00 Hz}}, emitEvent=true, force=false}
04-12 01:10:44.335  3590  8849 D ActivityTaskManager: setVisibility(Token{e95e916 ActivityRecord{75462386 u0 com.android.launcher/.Launcher t2}}, visible=true) defer commitVisibility for transition collecting
04-12 01:10:44.335  8730 10138 D VRI[Launcher]: dispatchAppVisibility visible:true mUpcomingWindowFocus:false
04-12 01:10:44.335  2399  3162 D VRR [OTI]: handleIdle from 1 to 0
04-12 01:10:44.335  2399  3162 D VRR [OTI-HW]: isStateReady 0
04-12 01:10:44.335  2399  3162 D VRR [OTI-HW]: keep rate.
04-12 01:10:44.335  3590  3875 D DisplayModeDirector: setAppRequest displayId : 0  modeId: 1  requestedRefreshRate: 120.00001  requestedMinRefreshRateRange: 120.00001  requestedMaxRefreshRateRange: 120.00001
04-12 01:10:44.335  3590  8777 W OplusHansManager : Failed to notify phone app uid : not register
04-12 01:10:44.335  3590  8849 D ActivityTaskManager: onWindowFocusChanged Task{735fad8 #2 type=undefined I=com.android.launcher/.Launcher} would transfer to compact
04-12 01:10:44.335  3590  3830 I UserAwareMgr: handleTopAppChanged: com.android.launcher, pid: 8730, uid: 10214
04-12 01:10:44.335  3590  8849 D ActivityTaskManager: NFW_setLastResumedActivityUncheckLocked:true r:ActivityRecord{75462386 u0 com.android.launcher/.Launcher t2} currentFocus:null
