04-11 22:14:23.127  8338  8381 V WindowManagerShell:  OplusTransitionExtendedInfo{mTmpFinishT=null, mInOplusCompatMode=false, mIsProcessRunning=false, mHasMismatchBoundsTarget=false, mRecentsController=null, mRemoteTransition=null, mIsTranslucentActivityToHome=false, mAvoidInterceptKeyEventToHome=false, mIsFromHome=false, mParentLeash=null, mBackAnimClosingLeash=null, mIsOplusAnimRes=false, mKeepBgForContinuous=false, mIsBalAllow=true, mTaskNotInRecent=false, mIsPredictiveBackAnim=false, mIsMergedWithPredictive=false, mIsLaunchFromSpruce=false, mIsLaunchFromDrive=false, mGlobalSearchPageSwitch=false, mNeedNoAlphaGlobalSearchScene=false, mAssistScreenShowing=false, mSwipeUpBrowserScreenShowing=false, mUserIdTransition=0
04-11 22:14:23.127  8338  8381 V WindowManagerShell: , mInRemoteScene=false, mInPreReady=false, mPreStart=false, mToken=null, mAbortByRemoteFromHome=false, mShellApplyToken=null, mRequestTransitionTaskId=13207, mAbortTransitionOnShell=0, mStartFromShortcut=false, mRemovedTaskId=-1, mTransitionInterruptType=0, mMergeSecondTaskId=-1, mTaskIdStartFromRecents=0, mTransitionId=27559, mCanUseSpringSlideAnim=false, mTransitionLaunchFrom=0, mFoldChangeType=-1, mAnimStartingPosition=[0, 0, 0, 0], mIsOpeningStkDialogActivity=false, mSecondaryHomeToFrontWhenUnFolding=false, mIsNeedApplyStartTForEmbedded=false
04-11 22:14:23.127  8338  8381 V WindowManagerShell: , mNeedCanvasExitAnim=false, mMergeSecondTaskAnimation=false, mIsLaunchUnityStart=false, mIsLaunchFromAssistantByDefault=false, mSkipRemoteTransitionfalse, mIsStartFromKeyguard=false flags=0x0, mWCT=null, mIsOpenMergeToInValidPredictive=false, mPromoteTaskWhenKeyguard-1, mRootLayerZOrderArray={}}]}
04-11 22:14:23.127  3590  3796 D InsetsSourceProvider: updateSourceFrameForServerVisibility mandatorySystemGestures EMPTY_RECT
04-11 22:14:23.127  8338  8381 V WindowManagerShell: Playing animation for (#27559) android.os.BinderProxy@d65c872@0
04-11 22:14:23.127  8338  8381 V ShellRecents: RecentsTransitionHandler.startAnimation: no controller found
04-11 22:14:23.127  8338  8381 V WindowManagerShell: start OnePuttTransition animation, info = {id=27559 t=OPEN f=0x0 trk=0 r=[0@Point(0, 0)] c=[{m=OPEN f=NONE leash=Surface(name=Task=13207)/@0x5cc60a3 sb=Rect(0, 0 - 1264, 2780) eb=Rect(0, 0 - 1264, 2780) epz=Point(1264, 2780) d=0 taskParent=-1},{m=TO_BACK f=SHOW_WALLPAPER leash=Surface(name=Task=1)/@0xe88ffa0 sb=Rect(0, 0 - 1264, 2780) eb=Rect(0, 0 - 1264, 2780) epz=Point(1264, 2780) d=0 taskParent=-1}] 
04-11 22:14:23.127  8338  8381 V WindowManagerShell: extendInfo=[
04-11 22:14:23.127  8338  8381 V WindowManagerShell:  OplusTransitionExtendedInfo{mTmpFinishT=null, mInOplusCompatMode=false, mIsProcessRunning=false, mHasMismatchBoundsTarget=false, mRecentsController=null, mRemoteTransition=null, mIsTranslucentActivityToHome=false, mAvoidInterceptKeyEventToHome=false, mIsFromHome=false, mParentLeash=null, mBackAnimClosingLeash=null, mIsOplusAnimRes=false, mKeepBgForContinuous=false, mIsBalAllow=true, mTaskNotInRecent=false, mIsPredictiveBackAnim=false, mIsMergedWithPredictive=false, mIsLaunchFromSpruce=false, mIsLaunchFromDrive=false, mGlobalSearchPageSwitch=false, mNeedNoAlphaGlobalSearchScene=false, mAssistScreenShowing=false, mSwipeUpBrowserScreenShowing=false, mUserIdTransition=0
04-11 22:14:23.127  8338  8381 V WindowManagerShell: , mInRemoteScene=false, mInPreReady=false, mPreStart=false, mToken=null, mAbortByRemoteFromHome=false, mShellApplyToken=null, mRequestTransitionTaskId=13207, mAbortTransitionOnShell=0, mStartFromShortcut=false, mRemovedTaskId=-1, mTransitionInterruptType=0, mMergeSecondTaskId=-1, mTaskIdStartFromRecents=0, mTransitionId=27559, mCanUseSpringSlideAnim=false, mTransitionLaunchFrom=0, mFoldChangeType=-1, mAnimStartingPosition=[0, 0, 0, 0], mIsOpeningStkDialogActivity=false, mSecondaryHomeToFrontWhenUnFolding=false, mIsNeedApplyStartTForEmbedded=false
04-11 22:14:23.127  8338  8381 V WindowManagerShell: , mNeedCanvasExitAnim=false, mMergeSecondTaskAnimation=false, mIsLaunchUnityStart=false, mIsLaunchFromAssistantByDefault=false, mSkipRemoteTransitionfalse, mIsStartFromKeyguard=false flags=0x0, mWCT=null, mIsOpenMergeToInValidPredictive=false, mPromoteTaskWhenKeyguard-1, mRootLayerZOrderArray={}}]}
04-11 22:14:23.127  8338  8381 V WindowManagerShell: Transition doesn't have explicit remote, search filters for match for {id=27559 t=OPEN f=0x0 trk=0 r=[0@Point(0, 0)] c=[{m=OPEN f=NONE leash=Surface(name=Task=13207)/@0x5cc60a3 sb=Rect(0, 0 - 1264, 2780) eb=Rect(0, 0 - 1264, 2780) epz=Point(1264, 2780) d=0 taskParent=-1},{m=TO_BACK f=SHOW_WALLPAPER leash=Surface(name=Task=1)/@0xe88ffa0 sb=Rect(0, 0 - 1264, 2780) eb=Rect(0, 0 - 1264, 2780) epz=Point(1264, 2780) d=0 taskParent=-1}] 
04-11 22:14:23.127  8338  8381 V WindowManagerShell: extendInfo=[
04-11 22:14:23.127  8338  8381 V WindowManagerShell:  OplusTransitionExtendedInfo{mTmpFinishT=null, mInOplusCompatMode=false, mIsProcessRunning=false, mHasMismatchBoundsTarget=false, mRecentsController=null, mRemoteTransition=null, mIsTranslucentActivityToHome=false, mAvoidInterceptKeyEventToHome=false, mIsFromHome=false, mParentLeash=null, mBackAnimClosingLeash=null, mIsOplusAnimRes=false, mKeepBgForContinuous=false, mIsBalAllow=true, mTaskNotInRecent=false, mIsPredictiveBackAnim=false, mIsMergedWithPredictive=false, mIsLaunchFromSpruce=false, mIsLaunchFromDrive=false, mGlobalSearchPageSwitch=false, mNeedNoAlphaGlobalSearchScene=false, mAssistScreenShowing=false, mSwipeUpBrowserScreenShowing=false, mUserIdTransition=0
04-11 22:14:23.127  8338  8381 V WindowManagerShell: , mInRemoteScene=false, mInPreReady=false, mPreStart=false, mToken=null, mAbortByRemoteFromHome=false, mShellApplyToken=null, mRequestTransitionTaskId=13207, mAbortTransitionOnShell=0, mStartFromShortcut=false, mRemovedTaskId=-1, mTransitionInterruptType=0, mMergeSecondTaskId=-1, mTaskIdStartFromRecents=0, mTransitionId=27559, mCanUseSpringSlideAnim=false, mTransitionLaunchFrom=0, mFoldChangeType=-1, mAnimStartingPosition=[0, 0, 0, 0], mIsOpeningStkDialogActivity=false, mSecondaryHomeToFrontWhenUnFolding=false, mIsNeedApplyStartTForEmbedded=false
04-11 22:14:23.127  8338  8381 V WindowManagerShell: , mNeedCanvasExitAnim=false, mMergeSecondTaskAnimation=false, mIsLaunchUnityStart=false, mIsLaunchFromAssistantByDefault=false, mSkipRemoteTransitionfalse, mIsStartFromKeyguard=false flags=0x0, mWCT=null, mIsOpenMergeToInValidPredictive=false, mPromoteTaskWhenKeyguard-1, mRootLayerZOrderArray={}}]}
04-11 22:14:23.127  3590  3796 D FlexibleWindowManagerService: onFlexibleWindowTaskAppeared: task = 13207, visible = true
04-11 22:14:23.127  3590  3796 D OplusFlexibleWindowMinimizedManagerHelper: onTaskAppered taskInfo:13207
04-11 22:14:23.127  3590  3796 D OplusFlexibleDragToSplitAnimController: visibleFlexibleTaskInfos delete:13207
04-11 22:14:23.127  8338  8381 V WindowManagerShell:  Checking filter Pair{{types=[] flags=0x0] notFlags=0x100 checks=[{atype=home independent=true modes=[OPEN,TO_FRONT] flags=NONE mustBeTask=false order=TOP topActivity=ComponentInfo{com.android.launcher/com.android.launcher.Launcher} launchCookie=null windowingMode=undefined},{atype=standard independent=true modes=[CLOSE,TO_BACK] flags=NONE mustBeTask=false order=ANY topActivity=null launchCookie=null windowingMode=undefined}]} RemoteTransition { remoteTransition = android.window.IRemoteTransition$Stub$Proxy@a5bfc11, appThread = android.app.IApplicationThread$Stub$Proxy@61db176, debugName = QuickstepLaunchHome }}
04-11 22:14:23.127  8338  8381 V WindowManagerShell:  Delegate animation for (#27559) to null
04-11 22:14:23.128  3590  3796 E FlexibleWindowManagerService: notifyTaskObserverToAttachController not need to notify!
04-11 22:14:23.128  3590  3796 D FlexibleWindowManagerService: should not dispatch appeared task Task{bd04f01 #13207 type=standard A=10512:com.binance.monitor}
04-11 22:14:23.128  8338  8381 V WindowManagerShell: start default transition animation, info = {id=27559 t=OPEN f=0x0 trk=0 r=[0@Point(0, 0)] c=[{m=OPEN f=NONE leash=Surface(name=Task=13207)/@0x5cc60a3 sb=Rect(0, 0 - 1264, 2780) eb=Rect(0, 0 - 1264, 2780) epz=Point(1264, 2780) d=0 taskParent=-1},{m=TO_BACK f=SHOW_WALLPAPER leash=Surface(name=Task=1)/@0xe88ffa0 sb=Rect(0, 0 - 1264, 2780) eb=Rect(0, 0 - 1264, 2780) epz=Point(1264, 2780) d=0 taskParent=-1}] 
04-11 22:14:23.128  8338  8381 V WindowManagerShell: extendInfo=[
04-11 22:14:23.128  8338  8381 V WindowManagerShell:  OplusTransitionExtendedInfo{mTmpFinishT=null, mInOplusCompatMode=false, mIsProcessRunning=false, mHasMismatchBoundsTarget=false, mRecentsController=null, mRemoteTransition=null, mIsTranslucentActivityToHome=false, mAvoidInterceptKeyEventToHome=false, mIsFromHome=false, mParentLeash=null, mBackAnimClosingLeash=null, mIsOplusAnimRes=false, mKeepBgForContinuous=false, mIsBalAllow=true, mTaskNotInRecent=false, mIsPredictiveBackAnim=false, mIsMergedWithPredictive=false, mIsLaunchFromSpruce=false, mIsLaunchFromDrive=false, mGlobalSearchPageSwitch=false, mNeedNoAlphaGlobalSearchScene=false, mAssistScreenShowing=false, mSwipeUpBrowserScreenShowing=false, mUserIdTransition=0
04-11 22:14:23.128  8338  8381 V WindowManagerShell: , mInRemoteScene=false, mInPreReady=false, mPreStart=false, mToken=null, mAbortByRemoteFromHome=false, mShellApplyToken=null, mRequestTransitionTaskId=13207, mAbortTransitionOnShell=0, mStartFromShortcut=false, mRemovedTaskId=-1, mTransitionInterruptType=0, mMergeSecondTaskId=-1, mTaskIdStartFromRecents=0, mTransitionId=27559, mCanUseSpringSlideAnim=false, mTransitionLaunchFrom=0, mFoldChangeType=-1, mAnimStartingPosition=[0, 0, 0, 0], mIsOpeningStkDialogActivity=false, mSecondaryHomeToFrontWhenUnFolding=false, mIsNeedApplyStartTForEmbedded=false
04-11 22:14:23.128  8338  8381 V WindowManagerShell: , mNeedCanvasExitAnim=false, mMergeSecondTaskAnimation=false, mIsLaunchUnityStart=false, mIsLaunchFromAssistantByDefault=false, mSkipRemoteTransitionfalse, mIsStartFromKeyguard=false flags=0x0, mWCT=null, mIsOpenMergeToInValidPredictive=false, mPromoteTaskWhenKeyguard-1, mRootLayerZOrderArray={}}]}
04-11 22:14:23.128  8338  8381 V WindowManagerShell: loadAnimation: anim=android.view.animation.AnimationSet@20e75cc animAttr=0x13 type=OPEN isEntrance=false
04-11 22:14:23.129  8338  8381 V WindowManagerShell: loadAnimation: anim=android.view.animation.AnimationSet@9322b8 animAttr=0x12 type=OPEN isEntrance=true
04-11 22:14:23.129  8338  8381 V WindowManagerShell:  animated by com.android.wm.shell.transition.DefaultTransitionHandler@423c8cd
04-11 22:14:23.131  3590  8837 I BLASTSyncEngine: onCommitted syncId: 27559, timeout: false ran: false
04-11 22:14:23.166  3590  8837 D FlexibleTaskController: isFullToFlexibleAnimating: false
04-11 22:14:23.166  3590  8837 D WindowManager: rotation(ROTATION_0) no changed  displayId = 0, lastOrientation = 1
04-11 22:14:23.166  3590  8837 I TaskOrganizerController: onTaskInfoChanged taskid 13207 config { mBounds=Rect(0, 0 - 1264, 2780) mAppBounds=Rect(0, 0 - 1264, 2780) mMaxBounds=Rect(0, 0 - 1264, 2780) mDisplayRotation=ROTATION_0 mWindowingMode=fullscreen mActivityType=standard mAlwaysOnTop=undefined mRotation=ROTATION_0}
04-11 22:14:23.166  3590  8837 D OplusFlexibleDragToSplitAnimController: visibleFlexibleTaskInfos delete:13207
04-11 22:14:23.166  3590  8837 E FlexibleWindowManagerService: notifyTaskObserverToAttachController not need to notify!
04-11 22:14:23.166  3590  8837 I FlexibleWindowManagerService: onFlexibleWindowTaskInfoChanged, return for cur task not embedded
04-11 22:14:23.166  3590  8837 E OplusDexOptimizeManager: pkgSetting or primaryCpuAbi is null for package: com.binance.monitor
04-11 22:14:23.167  3590  8837 D OplusFeatureColorMode: ColorMode getColorMode =0
04-11 22:14:23.167  3590  8837 D ColorDisplayServiceExtImpl: getWCGVersion1App, packageName=com.binance.monitor, sSupportWCG1 = true, sSupportWCG3 = false, nRet = 0
04-11 22:14:23.167  3590  8837 D ActivityTaskManager: onWindowFocusChanged Task{bd04f01 #13207 type=standard A=10512:com.binance.monitor} would transfer to compact
04-11 22:14:23.167  3590  3830 I UserAwareMgr: handleTopAppChanged: com.binance.monitor, pid: 4461, uid: 10512
04-11 22:14:23.167  3590  8480 I OPM-WakePreloadPolicy: remove preload pkg = com.binance.monitor, reason = app launch
04-11 22:14:23.167  3590  8837 D ActivityTaskManager: NFW_setLastResumedActivityUncheckLocked:true r:ActivityRecord{237774347 u0 com.binance.monitor/.ui.main.MainActivity t13207} currentFocus:null
04-11 22:14:23.167  3590  8837 D WindowManager: NFW_findFocusedWindowIfNeeded:null mCurrentFocus:null
04-11 22:14:23.167  3590  8837 D FlexibleTaskController: onTaskFocusChanged prevTask:Task{735fad8 #2 type=undefined I=com.android.launcher/.Launcher} ,currentTask:Task{bd04f01 #13207 type=standard A=10512:com.binance.monitor}, reason: realStartActivityLocked - onActivityStateChanged
04-11 22:14:23.167  3590  8837 D OplusFlexibleDCSManager: onNextPkgChanged pkg = com.binance.monitor
04-11 22:14:23.167  3590  8480 I OPM     : handlePackageLaunched pkg: com.binance.monitor, uid: 10512, pid: 4461
04-11 22:14:23.167  3590  8480 D OPM     : preload hitted!
04-11 22:14:23.169  3590  8837 D OplusVisibleTasks:  notifyTaskFocusChange no need.
04-11 22:14:23.169  3590  8837 I OplusAppSwitchManagerService: appswitch hasProcess ActivityRecord{237774347 u0 com.binance.monitor/.ui.main.MainActivity t13207}
04-11 22:14:23.169  3590  8837 I OplusJoystickManager: handleApplicationSwitch deprecated!
04-11 22:14:23.169  3590  8837 I GameManagerServiceExt-GameManagerServiceExt: on FG change: com.android.launcher|com.binance.monitor
04-11 22:14:23.170  3590  8837 I OplusAppSwitchManagerService: appswitch hasProcess ActivityRecord{237774347 u0 com.binance.monitor/.ui.main.MainActivity t13207}
04-11 22:14:23.171  3590  8591 D OplusEapManager: mTargetExitName :com.android.launcher
04-11 22:14:23.171  3590  8591 D OplusAppSwitchRuleInfo: generateAppEnterInfo - launch_source_type =  , launch_source_traceid = 
04-11 22:14:23.171  3590  3795 D OplusBatteryManager: getPsyBatteryRm: 4878
04-11 22:14:23.171  3590  3795 D BatteryStatsImplExtImpl: resumedUid:10512 resumedBatteryLevel:100  resumedPackage:com.binance.monitor  resumedBatteryRealtimeCapacity:4878
04-11 22:14:23.171  3590  8591 D OplusAppSwitchRuleInfo: generateAppEnterInfo - launch_source_type =  , launch_source_traceid = 
04-11 22:14:23.171  3590  8591 D OplusAppSwitchRuleInfo: generateAppEnterInfo - launch_source_type =  , launch_source_traceid = 
04-11 22:14:23.171  3590  8591 D OplusAppSwitchRuleInfo: generateAppEnterInfo - launch_source_type =  , launch_source_traceid = 
04-11 22:14:23.171  3590  8591 D OplusAppSwitchRuleInfo: generateAppEnterInfo - launch_source_type =  , launch_source_traceid = 
04-11 22:14:23.171  3590  8591 D OplusAppSwitchRuleInfo: generateAppEnterInfo - launch_source_type =  , launch_source_traceid = 
04-11 22:14:23.171  3590  8591 I OPM     : home scene change to false
04-11 22:14:23.171  3590  8591 D OplusEapManager: mTargetEnterName :com.binance.monitor
04-11 22:14:23.171  3590  8591 D OplusAppSwitchRuleInfo: generateAppEnterInfo - launch_source_type =  , launch_source_traceid = 
04-11 22:14:23.171  3590  3795 D FlexibleTaskController: check task which not have enough child, isInSingleWhiteList:false isCloneTask:false
04-11 22:14:23.171  3590  8591 D OplusAppSwitchRuleInfo: generateAppEnterInfo - launch_source_type =  , launch_source_traceid = 
04-11 22:14:23.171  3590  8591 D OplusAppSwitchRuleInfo: generateAppEnterInfo - launch_source_type =  , launch_source_traceid = 
04-11 22:14:23.171  3590  8591 D OplusAppSwitchRuleInfo: generateAppEnterInfo - launch_source_type =  , launch_source_traceid = 
04-11 22:14:23.171  3590  8591 D OplusAppSwitchRuleInfo: generateActivityEnterInfo - launch_source_type =  , launch_source_traceid = 
04-11 22:14:23.171  3590  8591 D OplusAppSwitchRuleInfo: generateActivityEnterInfo - launch_source_type =  , launch_source_traceid = 
04-11 22:14:23.171  3590  8591 D OplusAppSwitchRuleInfo: generateActivityEnterInfo - launch_source_type =  , launch_source_traceid = 
04-11 22:14:23.171  3590  3848 E OplusThermalStats: Error getting package info: com.binance.monitor
04-11 22:14:23.171  3590  3875 D VRR [OPlusRefreshRateService]: handleFrontAppChange pkgName: com.binance.monitor
04-11 22:14:23.171  3590  7959 D BackgroundInstallControlService: Package event received: 0
04-11 22:14:23.171  3590  3872 D OplusAppSwitchListener: App Activity Change
04-11 22:14:23.172  3590  3872 D OplusAppSwitchListener: Detect com.android.launcher switch to background
04-11 22:14:23.172  3590  3872 D OplusFeatureReduceBrightness: onAppExit , info = com.android.launcher
04-11 22:14:23.172  3590  3875 D VRR [OPlusSAManager]: updateAutoMinfps for 4630946685746860179 with nits: 94.817, mHistOK true, mAmbientOK true, mCctOK true, mIrOK true, mBrightnessOK true, isPkgOK true, SA min fps: 119
04-11 22:14:23.174  3590  9766 E KernelCpuUidFreqTimeReader: Negative delta from freq time for uid: 10194, delta: -15
--------- beginning of main
04-11 22:14:23.174  6374  6445 W metis_v2_OifaceBindUtils: bindTask
04-11 22:14:23.174  3590  3872 D OplusAppSwitchListener: Detect com.binance.monitor switch to foreground
04-11 22:14:23.174  3590  3872 W OplusFeatureGlobalLimitBrightness: switch to display normal mode 
04-11 22:14:23.175  2113  2113 I sensors-hal: send_sync_sensor_request:472, wait for notification of response
04-11 22:14:23.175  3590  3862 D OplusBiometricsDisplayHelper: isFold: false, isUnblockByFp: null
04-11 22:14:23.175  3590  9766 I OStatsManager_Calc: add screen power pkgName = com.android.launcher, uid = 10214, power = 35656.84812001884, is Fg = true, fore size = 1, mScale = 1.0
04-11 22:14:23.175  3590  9766 I OStatsManager_Calc: noteBeforePkgSwitch change = true, curTime = 964078580, com.binance.monitor, fg = false
04-11 22:14:23.175  3590  9766 I OStatsManager_OplusBatteryStatsManager: updateStateTime: PkgName = com.binance.monitor, uid = 10512, state to fg, mForegroundCnt = 1, isFg = true
04-11 22:14:23.175  3590  9766 I OStatsManager_OplusBatteryStatsManager: notePkgForeground [com.android.launcher10214, com.binance.monitor10512], uid = 10512, pid = 4461, pkgName = com.binance.monitor
04-11 22:14:23.175 14011 14036 I Athena  : AthenaDynamicReceiver: pre_app:com.android.launcher, next_app:com.binance.monitor(10512|4461)
04-11 22:14:23.175 12992 13889 I DeepThinker: IntentManager: onIntentProduced 1
04-11 22:14:23.175 12992 13889 I DeepThinker: IntentManager: dispatchIntents 1
04-11 22:14:23.175 15757 15775 W Battery : AppSwitchDetectorV2: OnAppSwitchObserver: onAppExit , info = OplusAppExitInfo = {  targetName = com.android.launcher hasResumingActivity = true resumingPackageName = com.binance.monitor resumingActivityName = com.binance.monitor.ui.main.MainActivity resumingWindowMode = 1 isResumingMultiApp = false isResumingFirstStart = true extension = Bundle[mParcelledData.dataSize=584]} lastReg=1775916343986
04-11 22:14:23.175 15757 15775 W Battery : AppSwitchManager: onAppSwitch: [m4.o$d@5fc51d5]
04-11 22:14:23.175  6374  6443 D SceneSDK.1.0.4-SNAPSHOT.6374.DeepThinkerAppSwitchAbility: onAppSwitchEvent: AppSwitchEvent(timeStamp=1775916863173, eventType=2, targetName=com.android.launcher, firstStart=false, multiApp=false, windowMode=0, resumingPackageName=com.binance.monitor, resumingActivityName=com.binance.monitor.ui.main.MainActivity, isResumingMultiApp=false, isResumingFirstStart=true)
04-11 22:14:23.175  6374  6443 I ContextAware_AppRecommendAdapter: receive app recommend from AppSwitchEvent(eventId=2, switchInfo=AppSwitchInfo(targetName=com.android.launcher, firstStart=false, multiApp=false, windowMode=0, resumingPackageName=com.binance.monitor, resumingActivityName=com.binance.monitor.ui.main.MainActivity, isResumingFirstStart=true, isResumingMultiApp=false))
04-11 22:14:23.175  6374  6443 I ContextAware_AppRecentAdapter: click enter:com.binance.monitor
04-11 22:14:23.175 15757 15775 W Battery : ThermalControlUtils: mForegroundPkg=com.binance.monitor mLastWindowMode=1
04-11 22:14:23.175  2113  2034 I sensors-hal: qsh_conn_resp_cb:793, resp_value = 0 for oplus_rotation_detect 
04-11 22:14:23.175  2113  2113 I sensors-hal: send_sync_sensor_request:478, takes 0 ms to receive the response with 0
04-11 22:14:23.176  4461  4461 D CompactWindowAppManager: initCompactApplicationInfo CompactMode: , NormalMode: 
04-11 22:14:23.176  6374  6445 E metis_v2_JenaHandlerManager: local thread match
04-11 22:14:23.176  2113  2113 I sensors-hal: ~qsh_qmi:68, ~qsh_qmi
04-11 22:14:23.176  2113  2113 I sensors-hal: activate:135, qti.sensor.rotation/1782 en=0 completed
04-11 22:14:23.176  6374  6445 E metis_v2_JenaHandlerManager: local thread match
04-11 22:14:23.176  3590  8790 D SensorServiceExtImpl: setLastEventStateForDisable reset the mRecentEvent handle = 1782
04-11 22:14:23.176  3590  8790 D SensorServiceExtImpl: disable reset the lastEvent handle = 1782 in disable
04-11 22:14:23.176  6374  6443 I ContextAware_AppRecommendAlgorithm: After sort is [AppOrder{pkg='com.binance.monitor', score=55.62225', hourWeight=0.0749782', dayWeight=0.9}, AppOrder{pkg='com.tencent.mm', score=3.7267', hourWeight=0.08406114', dayWeight=1.0}, AppOrder{pkg='com.mobilecodex.nativeapp', score=1.8084121', hourWeight=0.17721519', dayWeight=0.1}, AppOrder{pkg='com.binance.dev', score=0.6117914', hourWeight=0.11253197', dayWeight=0.9}, AppOrder{pkg='net.metaquotes.metatrader5', score=0.19580111', hourWeight=0.11518325', dayWeight=0.5}, AppOrder{pkg='com.xunmeng.pinduoduo', score=0.17270955', hourWeight=0.07964602', dayWeight=0.2}, AppOrder{pkg='com.xingin.xhs', score=0.14074433', hourWeight=0.067857146', dayWeight=0.7}, AppOrder{pkg='com.smzdm.client.android', score=0.085566156', hourWeight=0.09210526', dayWeight=0.2}, AppOrder{pkg='com.taobao.idlefish', score=0.0751003', hourWeight=0.2777778', dayWeight=0.4}, AppOrder{pkg='com.jin10', score=0.038438343', hourWeight=0.13333334', dayWeight=0.4}, AppOrder{pkg='com.microsoft.emmx', score=0.019488152', hourWeight=0.08163265', dayWeight=0.3}, AppOrder{pkg='com.ss.android.ugc.aweme', score=0.012314422', hourWeight=0.05', dayWeight=0.2}, AppOrder{pkg='com.tencent.mobileqq', score=0.009668351', hourWeight=0.4375', dayWeight=0.4}, AppOrder{pkg='com.eg.android.AlipayGphone', score=0.0059544584', hourWeight=0.125', dayWeight=0.2}, AppOrder{pkg='com.greenpoint.android.mc10086.activity', score=0.004871791', hourWeight=0.25', dayWeight=0.3}, AppOrder{pkg='com.jingdong.app.mall', score=0.003164881', hourWeight=0.04347826', dayWeight=0.1}, AppOrder{pkg='com.netease.mail', score=0.0028884958', hourWeight=0.07692308', dayWeight=0.1}, AppOrder{pkg='com.autonavi.minimap', score=0.0020372903', hourWeight=0.023076924', dayWeight=0.2}, AppOrder{pkg='com.taobao.taobao', score=0.0014378121', hourWeight=0.02', dayWeight=0.1}, AppOrder{pkg='com.follow.clash', score=9.2929474E-4', hourWeight=0.11111111', dayWeight=0.1}, AppOrder{pkg='com.ai.obc.cbn.app', score=4.2909806E-4', hourWeight=0.02', dayWeight=0.1}, AppOrder{pkg='com.sdu.didi.psnger', score=4.078502E-4', hourWeight=0.02', dayWeight=0.1}, AppOrder{pkg='com.v2ray.ang', score=3.5468882E-4', hourWeight=0.02', dayWeight=0.1}, AppOrder{pkg='com.coloros.codebook', score=3.4578762E-4', hourWeight=0.02', dayWeight=0.1}, AppOrder{pkg='com.crcc.tjt', score=3.4474838E-4', hourWeight=0.02', dayWeight=0.1}, AppOrder{pkg='com.dianping.v1', score=3.4315838E-4', hourWeight=0.02', dayWeight=0.1}, AppOrder{pkg='com.sankuai.meituan', score=3.0097723E-4', hourWeight=0.02', dayWeight=0.1}, AppOrder{pkg='com.github.kr328.clash', score=2.8337058E-4', hourWeight=0.02', dayWeight=0.1}, AppOrder{pkg='com.eastmoney.android.berlin', score=2.807134E-4', hourWeight=0.02', dayWeight=0.1}, AppOrder{pkg='com.oplus.multiapp', score=2.7333625E-4', hourWeight=0.02', dayWeight=0.1}, AppOrder{pkg='com.ct.client', score=2.404818E-4', hourWeight=0.02', dayWeight=0.1}, AppOrder{pkg='air.tv.douyu.android', score=2.4017817E-4', hourWeight=0.02', dayWeight=0.1}, AppOrder{pkg='com.icbc', score=2.3171447E-4', hourWeight=0.02', dayWeight=0.1}, AppOrder{pkg='com.heytap.browser', score=1.7660986E-4', hourWeight=0.02', dayWeight=0.1}, AppOrder{pkg='com.coloros.calculator', score=1.5887868E-4', hourWeight=0.02', dayWeight=0.1}, AppOrder{pkg='com.garmin.android.apps.connectmobile', score=1.5649016E-4', hourWeight=0.02', dayWeight=0.1}, AppOrder{pkg='com.larus.nova', score=1.531801E-4', hourWeight=0.02', dayWeight=0.1}, AppOrder{pkg='com.wm.dmall', score=1.506647E-4', hourWeight=0.02', dayWeight=0.1}, AppOrder{pkg='com.android.vending', score=1.4754817E-4', hourWeight=0.02', dayWeight=0.1}, AppOrder{pkg='com.oplus.notificationmanager', score=8.451406E-5', hourWeight=0.02', dayWeight=0.1}, AppOrder{pkg='com.apkpure.aegon', score=8.333127E-5', hourWeight=0.02', dayWeight=0.1}, AppOrder{pkg='com.oplus.appdetail', score=8.305334E-5', hourWeight=0.02', dayWeight=0.1}, AppOrder{pkg='com.boohee.one', score=7.896047E-5', hourWeight=0.02', day[1/2] 
04-11 22:14:23.176  6374  6443 I ContextAware_AppRecommendAlgorithm: Weight=0.1}, AppOrder{pkg='com.duxiaoman.wallet', score=7.1781484E-5', hourWeight=0.02', dayWeight=0.1}, AppOrder{pkg='com.jd.jrapp', score=6.868712E-5', hourWeight=0.02', dayWeight=0.1}, AppOrder{pkg='com.chinamobile.mcloud', score=6.8102585E-5', hourWeight=0.02', dayWeight=0.1}, AppOrder{pkg='com.qidian.QDReader', score=6.3459294E-5', hourWeight=0.02', dayWeight=0.1}, AppOrder{pkg='cn.wps.moffice_eng', score=5.7696703E-5', hourWeight=0.02', dayWeight=0.1}, AppOrder{pkg='cn.gov.tax.its', score=5.5629447E-5', hourWeight=0.02', dayWeight=0.1}, AppOrder{pkg='com.baidu.BaiduMap', score=5.5558583E-5', hourWeight=0.02', dayWeight=0.1}, AppOrder{pkg='cmb.pb', score=5.5140477E-5', hourWeight=0.02', dayWeight=0.1}, AppOrder{pkg='com.oplus.battery', score=4.9007114E-5', hourWeight=0.02', dayWeight=0.1}, AppOrder{pkg='com.heytap.market', score=4.060439E-5', hourWeight=0.25', dayWeight=0.1}, AppOrder{pkg='com.youdao.dict', score=3.728006E-5', hourWeight=0.02', dayWeight=0.1}, AppOrder{pkg='com.citiccard.mobilebank', score=3.1077205E-5', hourWeight=0.02', dayWeight=0.1}, AppOrder{pkg='com.ex3ndr.happy', score=2.9395054E-5', hourWeight=0.02', dayWeight=0.1}, AppOrder{pkg='windinfo.android', score=2.931835E-5', hourWeight=0.02', dayWeight=0.1}, AppOrder{pkg='com.mutangtech.qianji', score=2.4521072E-5', hourWeight=0.02', dayWeight=0.1}, AppOrder{pkg='com.bankofbeijing.mobilebanking', score=2.3405497E-5', hourWeight=0.02', dayWeight=0.1}, AppOrder{pkg='com.google.android.youtube', score=2.0907282E-5', hourWeight=0.02', dayWeight=0.1}, AppOrder{pkg='com.cs_credit_bank', score=1.9166184E-5', hourWeight=0.02', dayWeight=0.1}, AppOrder{pkg='com.github.android', score=1.6862308E-5', hourWeight=0.02', dayWeight=0.1}, AppOrder{pkg='com.android.phone', score=1.6772006E-5', hourWeight=0.02', dayWeight=0.1}, AppOrder{pkg='io.legado.app.release', score=1.525269E-5', hourWeight=0.02', dayWeight=0.1}, AppOrder{pkg='com.oplus.blacklistapp', score=1.5150379E-5', hourWeight=0.02', dayWeight=0.1}, AppOrder{pkg='tv.danmaku.bili', score=1.4434535E-5', hourWeight=0.02', dayWeight=0.1}, AppOrder{pkg='com.oplus.wallpapers', score=1.3441979E-5', hourWeight=0.02', dayWeight=0.1}, AppOrder{pkg='ctrip.android.view', score=1.28028505E-5', hourWeight=0.02', dayWeight=0.1}, AppOrder{pkg='com.lb.app_manager', score=1.1191637E-5', hourWeight=0.02', dayWeight=0.1}, AppOrder{pkg='com.oplus.wirelesssettings', score=1.0643078E-5', hourWeight=0.02', dayWeight=0.1}, AppOrder{pkg='com.heytap.mydevices', score=8.854165E-6', hourWeight=0.02', dayWeight=0.1}, AppOrder{pkg='com.lolaage.tbulu.tools', score=8.438898E-6', hourWeight=0.02', dayWeight=0.1}, AppOrder{pkg='com.youdao.translator', score=7.790202E-6', hourWeight=0.02', dayWeight=0.1}, AppOrder{pkg='com.unionpay', score=7.783847E-6', hourWeight=0.02', dayWeight=0.1}, AppOrder{pkg='com.oplus.encryption', score=7.600293E-6', hourWeight=0.02', dayWeight=0.1}, AppOrder{pkg='com.cgbchina.xpt', score=6.8544105E-6', hourWeight=0.02', dayWeight=0.1}, AppOrder{pkg='com.oplus.trafficmonitor', score=4.6749456E-6', hourWeight=0.02', dayWeight=0.1}, AppOrder{pkg='com.coloros.sceneservice', score=4.6582845E-6', hourWeight=0.02', dayWeight=0.1}, AppOrder{pkg='com.openai.chatgpt', score=4.597712E-6', hourWeight=0.02', dayWeight=0.1}, AppOrder{pkg='com.android.photopicker', score=3.8982794E-6', hourWeight=0.02', dayWeight=0.1}, AppOrder{pkg='com.wansu.motocircle', score=2.9038113E-6', hourWeight=0.02', dayWeight=0.1}, AppOrder{pkg='com.pingan.carowner', score=1.9680197E-6', hourWeight=0.02', dayWeight=0.1}, AppOrder{pkg='com.netease.cloudmusic', score=1.9680197E-6', hourWeight=0.02', dayWeight=0.1}, AppOrder{pkg='net.thunderbird.android', score=9.881118E-7', hourWeight=0.02', dayWeight=0.1}, AppOrder{pkg='com.lietou.mishu', score=9.881118E-7', hourWeight=0.02', dayWeight=0.1}][2/2] 
04-11 22:14:23.176  6374 14230 D SceneSDK.1.0.4-SNAPSHOT.6374.DeepThinkerAppSwitchAbility: onAppSwitchEvent: AppSwitchEvent(timeStamp=1775916863175, eventType=1, targetName=com.binance.monitor, firstStart=true, multiApp=false, windowMode=1, resumingPackageName=, resumingActivityName=, isResumingMultiApp=false, isResumingFirstStart=false)
04-11 22:14:23.176  6374 14230 I metis_v2_AppSwitchDataCollector: AppEnterEvent =  com.binance.monitor, windowMode = 1,firstStart = true
04-11 22:14:23.176  6374 14230 W metis_v2_AppSwitchDataCollector: fenceKey = com.oplus.metis:TOP_APPLICATION, getExits = [], getEnters = [] packageName = com.binance.monitor
04-11 22:14:23.177  2013  2036 W statsd  : StatsPullerManager: Unknown tagId 150146
04-11 22:14:23.177  2013  2036 E statsd  : Stats puller failed for tag: 150146 at 964078584752299
04-11 22:14:23.177  4461  4461 V Configuration: Updating configuration, locales updated from [] to [zh_CN]
04-11 22:14:23.177  2399  9261 I OplusPerfCollect: OplusPerfCollect onPullAtom
04-11 22:14:23.177  2399  9261 I OplusPerfCollect: OplusPerfCollect OplusVrrInfoRecord clear
04-11 22:14:23.177 12992 13864 I DeepThinker: EventFountainDispatcher: dispatchSpecificIntents 1
04-11 22:14:23.177 12992 13864 I DeepThinker: EventFountainDispatcher: dispatchSpecificIntents com.pantanal.action.APPS_LIST
04-11 22:14:23.177  2013  2036 I statsd  : An anomaly (104240000001) (42)0x10000->10512[I] (42)0x20000->com.binance.monitor[S] (42)0x30000->.ui.main.MainActivity[S]  has occurred! Informing subscribers.
04-11 22:14:23.177  4461  4461 D OplusScrollToTopManager: setIsInWhiteList false
04-11 22:14:23.177  8337  9773 V OsAgent : broadcastSystemEvent - 7
04-11 22:14:23.177  6374  6443 I ContextAware_AppRecommendDispatch: dispatch app event with app_recommend_event
04-11 22:14:23.177  3590  8837 D SensorService: 15 active sensors
04-11 22:14:23.177  6374 14230 W metis_v2_AppSwitchDataCollector: pid = 4461, cachePid=32471
04-11 22:14:23.177 15757 15775 W Battery : ThermalControllerCenter: mSafetyState=00000,  mSafetyTestConfigList=01111,10111,11011,11101,11110,00111,01011,01101,01110,10011,10101,10110,11001,11010,11100,11111
04-11 22:14:23.177 15757 15775 W Battery : ThermalControlConfig: mNonBigVersionOtaPeriodVal=2
04-11 22:14:23.177 15757 15775 W Battery : ThermalControllHandler: tempLevel=[0],userMode=2,gameUserMode=-1,appType=-1,envTempType=0,appStates=[],appSwitchSafetyMode=true,split=[],float={},full=[com.binance.monitor], tempGear=[0],configItemName=common_config
04-11 22:14:23.177  4461  4461 D OplusViewDebugManager: OplusViewDebugManager Constructor android.view.debug.OplusViewDebugManager@a1548f0 [mHasViewDebugProperty true] [mHasMsgDebugProperty false] [DEBUG false] [EXTRAINFOENABLE false] [LIGHT_OS false]
04-11 22:14:23.177 15757 15775 W Battery : StateManager: getAppType com.binance.monitor, last=1775916863177
04-11 22:14:23.177  2013  2036 W statsd  : StatsPullerManager: Unknown tagId 150146
04-11 22:14:23.177  2013  2036 E statsd  : Gauge Stats puller failed for tag: 150146 at 964078585758705
04-11 22:14:23.177  2013  2036 I statsd  : An anomaly (119840000001) (100198)0x10000->com.binance.monitor[S] (100198)0x20000->10512[I]  has occurred! Informing subscribers.
04-11 22:14:23.178  2013  2036 E statsd  : Predicate 1508000004 dropping data for dimension key (100234)0x10000->10512[I] 
04-11 22:14:23.178  2088  2428 I sscrpcd : vendor/qcom/proprietary/adsprpc/src/apps_std_imp.c:1023: Successfully opened file /mnt/vendor/persist/sensors/registry/fstempfile
04-11 22:14:23.178  6374  6443 I ContextAware_AppRecallManager: app recommend fire count:70
04-11 22:14:23.178  6374  6443 D SceneSDK.1.0.4-SNAPSHOT.6374.DeepThinkerAppSwitchAbility: onAppSwitchEvent: AppSwitchEvent(timeStamp=1775916863175, eventType=1, targetName=com.binance.monitor, firstStart=true, multiApp=false, windowMode=1, resumingPackageName=, resumingActivityName=, isResumingMultiApp=false, isResumingFirstStart=false)
04-11 22:14:23.178  6374  6443 I ContextAware_AppRecommendAdapter: receive app recommend from AppSwitchEvent(eventId=1, switchInfo=AppSwitchInfo(targetName=com.binance.monitor, firstStart=true, multiApp=false, windowMode=1, resumingPackageName=, resumingActivityName=, isResumingFirstStart=false, isResumingMultiApp=false))
04-11 22:14:23.178 15031 15069 I OplusObrain: OplusObrainClientInvoke.nativeGetTelephonyInfo
04-11 22:14:23.178  6374 14230 E metis_v2_JenaAdapter: getIndividualByIndividualName individualName is empty
04-11 22:14:23.178 15757 16090 W Battery : ThermalControllHandler: MSG_THERMAL_CONTROL_CATEGORY_CHANGED
04-11 22:14:23.178 15031 15069 I OplusObrain: OplusObrainClientInvoke.nativeGetTrafficTypeInfoForNetworkType networkType 0
04-11 22:14:23.178  4461  4461 D CompatChangeReporter: Compat change id reported: 242716250; UID 10512; state: ENABLED
04-11 22:14:23.179 15757 10339 W Battery : AppSceneCenter: PerfPolicy not enable!
04-11 22:14:23.179 15031 15069 I OplusObrain: OplusObrainClientInvoke.getAllTopAppInfos
04-11 22:14:23.179  3590  8837 D SensorService: ~SensorEventConnection(0xb40000723618e600)
04-11 22:14:23.179  3590  8790 D FlexibleTaskController: check task which not have enough child, isInSingleWhiteList:false isCloneTask:false
04-11 22:14:23.179 10250 16912 D midasd  : PowerFactors is null 
04-11 22:14:23.179 10250 16917 I midasd  : app forground called:com.binance.monitor
04-11 22:14:23.179  2278  2278 I CameraMidasService: getExplorerInfo The size of ExplorerInfo is 240 ,The size of ExplorerInfo is 0, The memory size of ExplorerInfo is 0
04-11 22:14:23.179 10250 16912 D midasd  : getExplorerInfo is null 
04-11 22:14:23.179  6374 14230 I metis_v2_AppSwitchDataCollector:  set isNotifiedTVCast
04-11 22:14:23.180  6374 14230 E metis_v2_FactManager: There is no subModel: com.oplus.linker
04-11 22:14:23.180  6374 14230 I metis_v2_AppSwitchDataCollector: Skip call fire
04-11 22:14:23.180  2088  2428 I sscrpcd : vendor/qcom/proprietary/adsprpc/src/apps_std_imp.c:1023: Successfully opened file /mnt/vendor/persist/sensors/registry/fstempfile
04-11 22:14:23.182  2088  2428 I sscrpcd : vendor/qcom/proprietary/adsprpc/src/apps_std_imp.c:1023: Successfully opened file /mnt/vendor/persist/sensors/registry/fstempfile
04-11 22:14:23.183  4461  4461 W libc    : Access denied finding property "ro.odm.prev.product.name"
04-11 22:14:23.183  8338  8397 D AdfrV32FrameRateUtils: animationVelocityCalculator: nullbounds: 0 0 1264 2780
04-11 22:14:23.183  8338  8397 D AdfrV32FrameRateUtils: animationVelocityCalculator: nullbounds: 0 0 1264 2780
04-11 22:14:23.184  2088  2428 I sscrpcd : vendor/qcom/proprietary/adsprpc/src/apps_std_imp.c:1023: Successfully opened file /mnt/vendor/persist/sensors/registry/fstempfile
04-11 22:14:23.185  2088  2428 I sscrpcd : vendor/qcom/proprietary/adsprpc/src/apps_std_imp.c:1023: Successfully opened file /mnt/vendor/persist/sensors/registry/fstempfile
04-11 22:14:23.187  6374  4546 I ContextAware_AppSortAlgorithmManager: sortForAppRecommendChange sendMessage
04-11 22:14:23.187  2088  2428 I sscrpcd : vendor/qcom/proprietary/adsprpc/src/apps_std_imp.c:1023: Successfully opened file /mnt/vendor/persist/sensors/registry/fstempfile
04-11 22:14:23.190  2088  2428 I sscrpcd : vendor/qcom/proprietary/adsprpc/src/apps_std_imp.c:1023: Successfully opened file /mnt/vendor/persist/sensors/registry/fstempfile
04-11 22:14:23.193  2088  2428 I sscrpcd : vendor/qcom/proprietary/adsprpc/src/apps_std_imp.c:1023: Successfully opened file /mnt/vendor/persist/sensors/registry/fstempfile
04-11 22:14:23.194  6374  8229 I ContextAware_AppDispatcher: dispatch app list:67,Total packages:com.binance.monitor,com.tencent.mm,com.mobilecodex.nativeapp,com.binance.dev,net.metaquotes.metatrader5,com.xunmeng.pinduoduo,com.xingin.xhs,com.smzdm.client.android,com.taobao.idlefish,com.jin10,com.microsoft.emmx,com.ss.android.ugc.aweme,com.tencent.mobileqq,com.eg.android.AlipayGphone,com.greenpoint.android.mc10086.activity,com.jingdong.app.mall,com.netease.mail,com.autonavi.minimap,com.taobao.taobao,com.follow.clash,com.ai.obc.cbn.app,com.sdu.didi.psnger,com.v2ray.ang,com.crcc.tjt,com.dianping.v1,com.sankuai.meituan,com.github.kr328.clash,com.eastmoney.android.berlin,com.ct.client,air.tv.douyu.android,com.icbc,com.heytap.browser,com.coloros.calculator,com.garmin.android.apps.connectmobile,com.larus.nova,com.wm.dmall,com.android.vending,com.apkpure.aegon,com.boohee.one,com.duxiaoman.wallet,com.jd.jrapp,com.qidian.QDReader,cn.wps.moffice_eng,cn.gov.tax.its,com.baidu.BaiduMap,cmb.pb,com.heytap.market,com.youdao.dict,com.citiccard.mobilebank,windinfo.android,com.mutangtech.qianji,com.bankofbeijing.mobilebanking,com.google.android.youtube,com.cs_credit_bank,com.github.android,io.legado.app.release,tv.danmaku.bili,ctrip.android.view,com.lolaage.tbulu.tools,com.youdao.translator,com.unionpay,com.cgbchina.xpt,com.openai.chatgpt,com.pingan.carowner,com.netease.cloudmusic,net.thunderbird.android,com.lietou.mishu
04-11 22:14:23.195  6374  8229 I metis_v2_BreenoSwitchSettingObserver: panta-sugg-getMasterSwitchStatus from cache:true
04-11 22:14:23.195  2088  2428 I sscrpcd : vendor/qcom/proprietary/adsprpc/src/apps_std_imp.c:1023: Successfully opened file /mnt/vendor/persist/sensors/registry/fstempfile
04-11 22:14:23.200  6374  8229 I ContextAware_CardChannelHandler: [breeno-launcher]no card, release not send
04-11 22:14:23.200  8338  8397 D AdfrV32FrameRateUtils: animationVelocityCalculator: nullbounds: 0 0 1264 2780
04-11 22:14:23.200  8338  8397 D AdfrV32FrameRateUtils: animationVelocityCalculator: nullbounds: 0 0 1264 2780
04-11 22:14:23.204  6374  8229 I ContextAware_CardChannelHandler: [subscription2x4-launcher]no card, release not send
04-11 22:14:23.207  6374  8229 I ContextAware_CardChannelHandler: [subscription2x2-launcher]no card, release not send
04-11 22:14:23.207  6374  8229 I metis_v2_BreenoSwitchSettingObserver: panta-sugg-getMasterSwitchStatus from cache:true
04-11 22:14:23.210  8730  9060 I SystemUiProxy: SystemUiProxy#getRecentTasks isInGoRecentsAnim: false
04-11 22:14:23.210  3590  8790 D ActivityTaskManager: Skipping, invisible task: Task{735fad8 #2 type=undefined I=com.android.launcher/.Launcher}
04-11 22:14:23.210  6374  8229 I ContextAware_CardChannelHandler: [breeno-launcher_2x4]no card, release not send
04-11 22:14:23.211  3590  8790 D ActivityTaskManager: after skip size:8,pre-Filtered:com.binance.monitor # com.mobilecodex.nativeapp # com.tencent.mm # com.android.contacts # com.coloros.filemanager # com.tencent.mm # com.xingin.xhs # com.ss.android.ugc.aweme # 
04-11 22:14:23.212  3590  8790 D LockSettingsService: [getSeparateProfileChallengeEnabled] userId = 999
04-11 22:14:23.217  8338  8397 D AdfrV32FrameRateUtils: animationVelocityCalculator: nullbounds: 0 0 1264 2780
04-11 22:14:23.217  8338  8397 D AdfrV32FrameRateUtils: animationVelocityCalculator: nullbounds: 0 0 1264 2780
04-11 22:14:23.228  2181 26958 E CwbService: Panel not support apl read or getDisplayPanelAplValue timeout 10ms.
04-11 22:14:23.228  2258  2258 D SensorFeature: name=ssc_screenshot_info ,index = 22
04-11 22:14:23.228  2258  2258 D SensorFeature: write 37 bytes:964078623895060,964078632228393,246,0
04-11 22:14:23.233  8338  8397 D AdfrV32FrameRateUtils: animationVelocityCalculator: nullbounds: 0 0 1264 2780
04-11 22:14:23.233  8338  8397 D AdfrV32FrameRateUtils: animationVelocityCalculator: nullbounds: 0 0 1264 2780
04-11 22:14:23.250  8338  8397 D AdfrV32FrameRateUtils: animationVelocityCalculator: nullbounds: 0 0 1264 2780
04-11 22:14:23.250  8338  8397 D AdfrV32FrameRateUtils: animationVelocityCalculator: nullbounds: 0 0 1264 2780
04-11 22:14:23.265  4461  4461 D nativeloader: Configuring clns-9 for other apk /data/app/~~bQ7duEYc3vA_j7ml_oRm9A==/com.binance.monitor-p1ddSVk0gjHcLWUXh99oMQ==/base.apk. target_sdk_version=34, uses_libraries=, library_path=/data/app/~~bQ7duEYc3vA_j7ml_oRm9A==/com.binance.monitor-p1ddSVk0gjHcLWUXh99oMQ==/lib/arm64, permitted_path=/data:/mnt/expand:/data/user/0/com.binance.monitor
04-11 22:14:23.266  8338  8397 D AdfrV32FrameRateUtils: animationVelocityCalculator: nullbounds: 0 0 1264 2780
04-11 22:14:23.267  8338  8397 D AdfrV32FrameRateUtils: animationVelocityCalculator: nullbounds: 0 0 1264 2780
04-11 22:14:23.269  4461  4461 I binance.monitor: AssetManager2(0xb400007246ca0428) locale list changing from [] to [zh-CN]
04-11 22:14:23.279  4461  4461 V GraphicsEnvironment: Currently set values for:
04-11 22:14:23.279  4461  4461 V GraphicsEnvironment:   angle_gl_driver_selection_pkgs=[]
04-11 22:14:23.279  4461  4461 V GraphicsEnvironment:   angle_gl_driver_selection_values=[]
04-11 22:14:23.279  4461  4461 V GraphicsEnvironment: com.binance.monitor is not listed in per-application setting
04-11 22:14:23.279  4461  4461 V GraphicsEnvironment: ANGLE allowlist from config: 
04-11 22:14:23.280  4461  4461 V GraphicsEnvironment: com.binance.monitor is not listed in ANGLE allowlist or settings, returning default
04-11 22:14:23.280  4461  4461 V GraphicsEnvironment: Updatable production driver is not supported on the device.
04-11 22:14:23.281  4461  4461 D ResourcesManagerExtImpl: applyConfigurationToAppResourcesLocked app.getDisplayId() return callback.displayId:-1
04-11 22:14:23.283  8338  8397 D AdfrV32FrameRateUtils: animationVelocityCalculator: nullbounds: 0 0 1264 2780
04-11 22:14:23.283  8338  8397 D AdfrV32FrameRateUtils: animationVelocityCalculator: nullbounds: 0 0 1264 2780
04-11 22:14:23.286  4461  4461 D OplusGraphicsEvent: OplusGraphicsEventListener create now!
04-11 22:14:23.287  4461  4461 D OplusGraphicsEvent: addEventListener success!
04-11 22:14:23.287  4461  4461 E [UAH_CLIENT]: uahInit enter
04-11 22:14:23.287  4461  4461 W binance.monitor: AIBinder_linkToDeath is being called with a non-null cookie and no onUnlink callback set. This might not be intended. AIBinder_DeathRecipient_setOnUnlinked should be called first.
04-11 22:14:23.287  2303 29466 I UrccFramework-halservice: Urcc::init is called 
04-11 22:14:23.288  4461  4461 I [UAH_CLIENT]: UahGetFeatureStatus enter
04-11 22:14:23.300  8338  8397 D AdfrV32FrameRateUtils: animationVelocityCalculator: nullbounds: 0 0 1264 2780
04-11 22:14:23.300  8338  8397 D AdfrV32FrameRateUtils: animationVelocityCalculator: nullbounds: 0 0 1264 2780
04-11 22:14:23.302 12992 12992 V DeepThinker: BroadcastReceiverWrapper: onReceive, start dispatch android.intent.action.ACTION_POWER_DISCONNECTED
04-11 22:14:23.302 12992 12992 V DeepThinker: BroadcastReceiverWrapper: onReceive, finish dispatch android.intent.action.ACTION_POWER_DISCONNECTED  category : null  Time consuming : 0 ms
04-11 22:14:23.306  8986  9153 I 8986PAS[16002114][f26f602].BaseResourceCollectManger_Travel: notifyResourceChange:10119
04-11 22:14:23.307  8986  4225 E 8986PAS[16002114][f26f602].ResourceTrigger: checkResourceValid, can not find policy for this resourceId 10119 is not exist
04-11 22:14:23.307  6307  6307 D baidu_location_service: cancelOfflineDataDownloading
04-11 22:14:23.308 11891 11960 D OplusLog_DeviceKit_com.oplus.linker: [SynergyDeviceManager-244736775] queryOriginalDeviceList from: com.oplus.linker, 6, com.oplus.linker.datalayer.local.LocalDbRepositoryDelegate$getSynergyDeviceInfoWithProperty$2$1@9164632
04-11 22:14:23.308 11891 23908 D OplusLog_DeviceKit_com.oplus.linker: [SynergyDeviceManager-244736775] queryOriginalDeviceList from: com.oplus.linker, 6, com.oplus.linker.datalayer.local.LocalDbRepositoryDelegate$getSynergyDeviceInfoWithProperty$2$1@48b4f83
04-11 22:14:23.309 11891 11961 D OplusLog_DeviceKit_com.oplus.linker: [OpDeviceServiceClient-244736775] queryOriginalDeviceList onResult: []
04-11 22:14:23.310 11891 11934 D OplusLog_DeviceKit_com.oplus.linker: [OpDeviceServiceClient-244736775] queryOriginalDeviceList onResult: []
04-11 22:14:23.310  6374  6407 I metis_v2_KnowledgeManager: fire, needDelay:false isProcessStart: false
04-11 22:14:23.310  6374  6407 I metis_v2_KnowledgeManager: fire: power_connected_fire_count
04-11 22:14:23.310  6374  4200 I ContextAware_DailyStatisticsRecorder: Increase context change count: power_connected_fire_count, value: 1
04-11 22:14:23.311  6374  6445 I metis_v2_JenaHandlerHelper: default fire
04-11 22:14:23.311  6374  6445 W metis_v2_KnowledgeManager: Fire: isEmergency is false  debugFireMode = false
04-11 22:14:23.311  6374  6445 W metis_v2_KnowledgeManager: Fire: isGameMode or isRestrainFireMode is true,delay time:600000
04-11 22:14:23.313 25257 25257 D BoundBrokerSvc: onRebind: Intent { act=com.google.android.gms.common.telemetry.service.START dat=chimera-action:/... xflg=0x4 cmp=com.google.android.gms/.chimera.PersistentApiService mCallingUid=10257 }
04-11 22:14:23.316  8338  8397 D AdfrV32FrameRateUtils: animationVelocityCalculator: nullbounds: 0 0 1264 2780
04-11 22:14:23.317  8338  8397 D AdfrV32FrameRateUtils: animationVelocityCalculator: nullbounds: 0 0 1264 2780
04-11 22:14:23.333  8338  8397 D AdfrV32FrameRateUtils: animationVelocityCalculator: nullbounds: 0 0 1264 2780
04-11 22:14:23.333  8338  8397 D AdfrV32FrameRateUtils: animationVelocityCalculator: nullbounds: 0 0 1264 2780
04-11 22:14:23.350  8338  8397 D AdfrV32FrameRateUtils: animationVelocityCalculator: nullbounds: 0 0 1264 2780
04-11 22:14:23.350  8338  8397 D AdfrV32FrameRateUtils: animationVelocityCalculator: nullbounds: 0 0 1264 2780
04-11 22:14:23.359  3590  8790 W PackageManager: package com.binance.monitor uid 10512 pid 4461 call SetEnabledSetting(com.binance.monitor component = com.binance.monitor.launcher.IconFinancialAlias, 1, 0)
04-11 22:14:23.360  3590  8790 W PackageManager: package com.binance.monitor uid 10512 pid 4461 call SetEnabledSetting(com.binance.monitor component = com.binance.monitor.launcher.IconVintageAlias, 2, 0)
04-11 22:14:23.360  3590  8790 W PackageManager: package com.binance.monitor uid 10512 pid 4461 call SetEnabledSetting(com.binance.monitor component = com.binance.monitor.launcher.IconBinanceAlias, 2, 0)
04-11 22:14:23.360  3590  8790 W PackageManager: package com.binance.monitor uid 10512 pid 4461 call SetEnabledSetting(com.binance.monitor component = com.binance.monitor.launcher.IconTradingViewAlias, 2, 0)
04-11 22:14:23.360  3590  8790 W PackageManager: package com.binance.monitor uid 10512 pid 4461 call SetEnabledSetting(com.binance.monitor component = com.binance.monitor.launcher.IconLightAlias, 2, 0)
04-11 22:14:23.366  8338  8397 D AdfrV32FrameRateUtils: animationVelocityCalculator: nullbounds: 0 0 1264 2780
04-11 22:14:23.367  8338  8397 D AdfrV32FrameRateUtils: animationVelocityCalculator: nullbounds: 0 0 1264 2780
04-11 22:14:23.369  4461  4461 I binance.monitor: ThrowNoClassDefFoundError when open swordfish
04-11 22:14:23.369  4461  4461 I binance.monitor: ThrowNoClassDefFoundError when open swordfish
04-11 22:14:23.369  4461  4461 I binance.monitor: ThrowNoClassDefFoundError when open swordfish
04-11 22:14:23.369  4461  4461 I binance.monitor: ThrowNoClassDefFoundError when open swordfish
04-11 22:14:23.369  4461  4461 I binance.monitor: ThrowNoClassDefFoundError when open swordfish
04-11 22:14:23.369  4461  4461 I binance.monitor: ThrowNoClassDefFoundError when open swordfish
04-11 22:14:23.369  4461  4461 I binance.monitor: ThrowNoClassDefFoundError when open swordfish
04-11 22:14:23.369  4461  4461 I binance.monitor: ThrowNoClassDefFoundError when open swordfish
04-11 22:14:23.370  4461  4461 I binance.monitor: ThrowNoClassDefFoundError when open swordfish
04-11 22:14:23.370  4461  4461 I binance.monitor: ThrowNoClassDefFoundError when open swordfish
04-11 22:14:23.370  4461  4461 I binance.monitor: ThrowNoClassDefFoundError when open swordfish
04-11 22:14:23.370  4461  4461 I binance.monitor: ThrowNoClassDefFoundError when open swordfish
04-11 22:14:23.370  4461  4461 I binance.monitor: ThrowNoClassDefFoundError when open swordfish
04-11 22:14:23.370  4461  4461 I binance.monitor: ThrowNoClassDefFoundError when open swordfish
04-11 22:14:23.375  2113 20704 I sensors-hal: handle_oplus_wise_rgb_event:189, high_pwm_light:lux 180.7,cct 5807.6,brl/algo/ir 1357.0/2.0/19.2,pwm/dc 0.0/0.0,rgbc 6766.930176/5069.898438/2767.765137/14122.901367,ts 964078617459033,cnt 31237,flag 246
04-11 22:14:23.375  2113 31710 I sensors-hal: handle_oplus_wise_rgb_event:161, wise_rgb: (31235)(cct, lux, ir)[5807.61, 180.68, 19.222754] (r, g, b, c)[6783.55, 5075.77, 2758.93, 14119.79]                 (pwm, hbm, brl, algo)[0.0 0.0 1357.0 2.0], flag 246
04-11 22:14:23.375  3590  9788 I AICCTModule: SensorFilter: brightness threshold 1.2 screenNit is 94.817 ave enviroment lux is 173.03288 luxForNit 93.37706demarcationPoint200.0 result is false
04-11 22:14:23.375  3590  9788 I AICCTModule: SensorFilter: findSecondNearestValue, sensorValue: 5728.754 nearestMaxValue:5711.4497 secondNearestValue: 5711.4497
04-11 22:14:23.375  3590  9788 I AICCTModule: SensorFilter: findSecondNearestValue, sensorValue: 173.45335 nearestMaxValue:173.46724 secondNearestValue: 173.46724
