04-11 22:14:23.376  3590  8790 I ActivityManager: Flag disabled. Ignoring finishAttachApplication from uid: 10512. pid: 4461
04-11 22:14:23.377  3590  8790 I [UAH_CLIENT]: UahEventAcquire, cmdid:2, pkg:none, identity:OplusActivityManagerServiceEnhance
04-11 22:14:23.378  2391 26619 D GpuServiceExtImpl: getRUSWhiteList  size 2
04-11 22:14:23.378  4461  4461 I HWUI    : SupportApps size 2
04-11 22:14:23.379  4461  4461 D ExtensionsLoader: createInstance(64bit) : createExtendedFactory
04-11 22:14:23.379  4461  4461 D ExtensionsLoader: Opened libSchedAssistExtImpl.so
04-11 22:14:23.379  4461  4461 E SchedAssist: open sharedFd failed with error=Permission denied
04-11 22:14:23.379  4461  4461 E SchedAssist: open sharedFd failed with error=Permission denied
04-11 22:14:23.379  4461  4461 E SchedAssist: open sharedFd failed with error=Permission denied
04-11 22:14:23.379  4461  4574 D ExtensionsLoader: createInstance(64bit) : createExtendedFactory
04-11 22:14:23.379  4461  4574 D ExtensionsLoader: Opened libSchedAssistExtImpl.so
04-11 22:14:23.379  4461  4574 I DisplayManager: Choreographer implicitly registered for the refresh rate.
04-11 22:14:23.380  4461  4461 I binance.monitor: AssetManager2(0xb400007246ca0a28) locale list changing from [] to [zh-CN]
04-11 22:14:23.380  4461  4461 D ResourcesManagerExtImpl: applyConfigurationToAppResourcesLocked app.getDisplayId() return callback.displayId:0
04-11 22:14:23.383  8338  8397 D AdfrV32FrameRateUtils: animationVelocityCalculator: nullbounds: 0 0 1264 2780
04-11 22:14:23.384  8338  8397 D AdfrV32FrameRateUtils: animationVelocityCalculator: nullbounds: 0 0 1264 2780
04-11 22:14:23.384  4461  4574 D colorx  : I can't find colorx layer , let's enumerate colorx layers first.
04-11 22:14:23.387  4461  4461 D AppCompatDelegate: Checking for metadata for AppLocalesMetadataHolderService : Service not found
04-11 22:14:23.387  4461  4461 I binance.monitor: AssetManager2(0xb400007246ca0d28) locale list changing from [] to [zh-CN]
04-11 22:14:23.388  2226  2226 I qspmHal : enter getGpuProf at: 2095370140
04-11 22:14:23.388  2226  2226 I qspmHal : PID 4461 from GFX matched.
04-11 22:14:23.388  2226  2226 I qspmHal : gpuProfName:com.binance.monitor-gpu - gpu prof_info.path:/data/vendor/gaming/com.binance.monitor-gpu
04-11 22:14:23.388  2226  2226 E qspmHal : GPU profile file NOT found !!
04-11 22:14:23.388  4461  4574 I AdrenoVK-0: ===== BEGIN DUMP OF OVERRIDDEN SETTINGS =====
04-11 22:14:23.388  4461  4574 I AdrenoVK-0: ===== END DUMP OF OVERRIDDEN SETTINGS =====
04-11 22:14:23.390  4461  4461 E ashmem  : Pinning is deprecated since Android Q. Please use trim or other methods.
04-11 22:14:23.390  4461  4574 D qdgralloc: Fetching IMapper5 from QtiMapper5
04-11 22:14:23.395  4461  4461 E OplusPredictiveBackController:  NoSuchMethodException 
04-11 22:14:23.395  4461  4461 E OplusPredictiveBackController:  NoSuchMethodException 
04-11 22:14:23.395  4461  4461 E OplusPredictiveBackController:  NoSuchMethodException 
04-11 22:14:23.395  4461  4461 D OplusPredictiveBackController: initPredictiveBackConfig for com.binance.monitor.ui.main.MainActivity@e3565b0 initPredictiveBackConfig mShouldInterceptKeyEvent false
04-11 22:14:23.395  4461  4461 D WindowOnBackDispatcher:  predictive settings is disabled for com.binance.monitor
04-11 22:14:23.395  4461  4574 I SnapAlloc: Graphics lib is available
04-11 22:14:23.397  4461  4461 I oplus.android.OplusFrameworkFactoryImpl: Unknow feature:IOplusTextViewRTLUtilForUG
04-11 22:14:23.400  4461  4461 D ScrollOptimizationHelper: can't find the config file for optimizaiton
04-11 22:14:23.400  4461  4461 D ScrollOptimizationHelper: will not debug for debug is false
04-11 22:14:23.400  8338  8397 D AdfrV32FrameRateUtils: animationVelocityCalculator: nullbounds: 0 0 1264 2780
04-11 22:14:23.400  8338  8397 D AdfrV32FrameRateUtils: animationVelocityCalculator: nullbounds: 0 0 1264 2780
04-11 22:14:23.400  4461  4574 I Adreno-UNKNOWN: Using previously loaded IMapper library.
04-11 22:14:23.402  4461  4574 I AdrenoVK-0: QUALCOMM build          : d9c51359ee, Ib0a60ffc99
04-11 22:14:23.402  4461  4574 I AdrenoVK-0: Build Date              : 12/19/25
04-11 22:14:23.402  4461  4574 I AdrenoVK-0: Shader Compiler Version : E031.47.18.44
04-11 22:14:23.402  4461  4574 I AdrenoVK-0: Local Branch            : 
04-11 22:14:23.402  4461  4574 I AdrenoVK-0: Remote Branch           : refs/tags/AU_LINUX_ANDROID_LA.VENDOR.15.4.0.11.00.00.1088.837
04-11 22:14:23.402  4461  4574 I AdrenoVK-0: Remote Branch           : NONE
04-11 22:14:23.402  4461  4574 I AdrenoVK-0: Reconstruct Branch      : NOTHING
04-11 22:14:23.402  4461  4574 I AdrenoVK-0: Build Config            : S P 18.0.0 AArch64
04-11 22:14:23.402  4461  4574 I AdrenoVK-0: Driver Path             : /vendor/lib64/hw/vulkan.adreno.so
04-11 22:14:23.402  4461  4574 I AdrenoVK-0: Driver Version          : 0800.67
04-11 22:14:23.402  4461  4574 I AdrenoVK-0: PFP                     : 0x01500081
04-11 22:14:23.402  4461  4574 I AdrenoVK-0: ME                      : 0x01500022
04-11 22:14:23.402  4461  4574 I AdrenoVK-0: Application Name    : android framework
04-11 22:14:23.402  4461  4574 I AdrenoVK-0: Process Name        : com.binance.monitor
04-11 22:14:23.402  4461  4574 I AdrenoVK-0: Application Version : 0x00000000
04-11 22:14:23.402  4461  4574 I AdrenoVK-0: Engine Name         : android framework
04-11 22:14:23.402  4461  4574 I AdrenoVK-0: Engine Version      : 0x00000000
04-11 22:14:23.402  4461  4574 I AdrenoVK-0: Api Version         : 0x00401000
04-11 22:14:23.404  4461  4574 D ExtensionsLoader: createInstance(64bit) : createExtendedFactory
04-11 22:14:23.405  4461  4574 D ExtensionsLoader: Opened libeglextimpl.so
04-11 22:14:23.405  4461  4574 D PreCache: [IPreCacheRus]loadRUSConfigs#102 failed to transact: -22 prc:com.binance.monitor
04-11 22:14:23.405  4461  4461 E OplusCustomizeRestrictionManager: sInstance is null, start a new sInstance
04-11 22:14:23.416  8338  8397 D AdfrV32FrameRateUtils: animationVelocityCalculator: nullbounds: 0 0 1264 2780
04-11 22:14:23.417  8338  8397 D AdfrV32FrameRateUtils: set frameRate in trantion end, leash=Surface(name=Task=1)/@0xe88ffa0, transaction=android.view.SurfaceControl$Transaction@c85a9a9, precisionType=2, typeId=20101, typeEnable=false
04-11 22:14:23.417  8338  8397 D AdfrV32FrameRateUtils: animationVelocityCalculator: nullbounds: 0 0 1264 2780
04-11 22:14:23.417  8338  8397 D AdfrV32FrameRateUtils: set frameRate in trantion end, leash=Surface(name=Task=13207)/@0x5cc60a3, transaction=android.view.SurfaceControl$Transaction@c85a9a9, precisionType=2, typeId=20101, typeEnable=false
04-11 22:14:23.417  8338  8381 D OplusShellTransition: DefaultTransitionHandler#onAnimFinish=> transition=android.os.BinderProxy@d65c872, backAnimContinue=false
04-11 22:14:23.417  8338  8381 V WindowManagerShell: Transition animation finished (aborted=false), notifying core (#27559) android.os.BinderProxy@d65c872@0
04-11 22:14:23.417  8338  8381 D SplitScreen-->AppLockManager: setStartFromSafeControl mStartFromSafeControl=false
04-11 22:14:23.417  8338  8381 D ShellTaskOrganizerExt: adjust change for exiting mini task: -1
04-11 22:14:23.418  3590  8790 D Transition: finishTransition ar ActivityRecord{75462386 u0 com.android.launcher/.Launcher t2}, isVisibleRequested=false, state=PAUSED, visibleAtTransitionEndTokens={WallpaperWindowToken{3abc1ac showWhenLocked=false}, ActivityRecord{237774347 u0 com.binance.monitor/.ui.main.MainActivity t13207}}, this=TransitionRecord{5c7f38 id=27559 track=0 type=OPEN flags=0x0 state=2 c=[
04-11 22:14:23.418  3590  8790 D Transition:    ChangeInfo{3756b11 container=Display{#0 state=ON size=1264x2780 ROTATION_0} flags=0x0}
04-11 22:14:23.418  3590  8790 D Transition:    ChangeInfo{58a8daf container=Task{1b9ad4c #1 type=home} flags=0x10}
04-11 22:14:23.418  3590  8790 D Transition:    ChangeInfo{fc3f476 container=WallpaperWindowToken{3abc1ac showWhenLocked=false} flags=0x0}
04-11 22:14:23.418  3590  8790 D Transition:    ChangeInfo{42f3a77 container=ActivityRecord{75462386 u0 com.android.launcher/.Launcher t2} flags=0x0}
04-11 22:14:23.418  3590  8790 D Transition:    ChangeInfo{af656e4 container=Task{735fad8 #2 type=undefined I=com.android.launcher/.Launcher} flags=0x10}
04-11 22:14:23.418  3590  8790 D Transition:    ChangeInfo{1b4a74d container=DefaultTaskDisplayArea@136308155 flags=0x0}
04-11 22:14:23.418  3590  8790 D Transition:    ChangeInfo{772e202 container=WallpaperWindowToken{a06f6f8 showWhenLocked=true} flags=0x0}
04-11 22:14:23.418  3590  8790 D Transition:    ChangeInfo{1a8318e container=Task{bd04f01 #13207 type=standard A=10512:com.binance.monitor} flags=0x10}
04-11 22:14:23.418  3590  8790 D Transition:    ChangeInfo{c530713 container=ActivityRecord{237774347 u0 com.binance.monitor/.ui.main.MainActivity t13207} flags=0x0}
04-11 22:14:23.418  3590  8790 D Transition: ]
04-11 22:14:23.418  3590  8790 D Transition: }
04-11 22:14:23.419  3590  8790 D ActivityTaskManager: commitVisibility: ActivityRecord{75462386 u0 com.android.launcher/.Launcher t2}: visible=false visibleRequested=false, isInTransition=false 
04-11 22:14:23.419  3590  8790 D WindowManager: NFW_setClientVisible:ActivityRecord{75462386 u0 com.android.launcher/.Launcher t2} clientVisible:false
04-11 22:14:23.419  8730 10137 D VRI[Launcher]: dispatchAppVisibility visible:false mUpcomingWindowFocus:false
04-11 22:14:23.419  3590  8790 D Transition: finishTransition ar ActivityRecord{237774347 u0 com.binance.monitor/.ui.main.MainActivity t13207}, isVisibleRequested=true, state=RESUMED, visibleAtTransitionEndTokens={WallpaperWindowToken{3abc1ac showWhenLocked=false}, ActivityRecord{237774347 u0 com.binance.monitor/.ui.main.MainActivity t13207}}, this=TransitionRecord{5c7f38 id=27559 track=0 type=OPEN flags=0x0 state=2 c=[
04-11 22:14:23.419  3590  8790 D Transition:    ChangeInfo{3756b11 container=Display{#0 state=ON size=1264x2780 ROTATION_0} flags=0x0}
04-11 22:14:23.419  3590  8790 D Transition:    ChangeInfo{58a8daf container=Task{1b9ad4c #1 type=home} flags=0x10}
04-11 22:14:23.419  3590  8790 D Transition:    ChangeInfo{fc3f476 container=WallpaperWindowToken{3abc1ac showWhenLocked=false} flags=0x0}
04-11 22:14:23.419  3590  8790 D Transition:    ChangeInfo{42f3a77 container=ActivityRecord{75462386 u0 com.android.launcher/.Launcher t2} flags=0x0}
04-11 22:14:23.419  3590  8790 D Transition:    ChangeInfo{af656e4 container=Task{735fad8 #2 type=undefined I=com.android.launcher/.Launcher} flags=0x10}
04-11 22:14:23.419  3590  8790 D Transition:    ChangeInfo{1b4a74d container=DefaultTaskDisplayArea@136308155 flags=0x0}
04-11 22:14:23.419  3590  8790 D Transition:    ChangeInfo{772e202 container=WallpaperWindowToken{a06f6f8 showWhenLocked=true} flags=0x0}
04-11 22:14:23.419  3590  8790 D Transition:    ChangeInfo{1a8318e container=Task{bd04f01 #13207 type=standard A=10512:com.binance.monitor} flags=0x10}
04-11 22:14:23.419  3590  8790 D Transition:    ChangeInfo{c530713 container=ActivityRecord{237774347 u0 com.binance.monitor/.ui.main.MainActivity t13207} flags=0x0}
04-11 22:14:23.419  3590  8790 D Transition: ]
04-11 22:14:23.419  3590  8790 D Transition: }
04-11 22:14:23.419  8730  8905 D HWUI    : SkiaVulkanPipeline::setSurface: this=0xb4000071ed47fcc0, surface=NULL
04-11 22:14:23.419  3590  8790 D WindowManager: NFW_setClientVisible:WallpaperWindowToken{3abc1ac showWhenLocked=false} clientVisible:false
04-11 22:14:23.419  3590  3829 D WallpaperControllerExtImpl: screenshot + id = 54 userId = 0
04-11 22:14:23.419  3590  8790 I OplusAppSwitchManagerService:  handleAppVisible , r = ActivityRecord{237774347 u0 com.binance.monitor/.ui.main.MainActivity t13207}
04-11 22:14:23.420  3590  8790 D OplusTransitionController: finishTransition, transition: TransitionRecord{5c7f38 id=27559 track=0 type=OPEN flags=0x0 state=4 c=[
04-11 22:14:23.420  3590  8790 D OplusTransitionController:    ChangeInfo{3756b11 container=Display{#0 state=ON size=1264x2780 ROTATION_0} flags=0x0}
04-11 22:14:23.420  3590  8790 D OplusTransitionController:    ChangeInfo{58a8daf container=Task{1b9ad4c #1 type=home} flags=0x10}
04-11 22:14:23.420  3590  8790 D OplusTransitionController:    ChangeInfo{fc3f476 container=WallpaperWindowToken{3abc1ac showWhenLocked=false} flags=0x0}
04-11 22:14:23.420  3590  8790 D OplusTransitionController:    ChangeInfo{42f3a77 container=ActivityRecord{75462386 u0 com.android.launcher/.Launcher t2} flags=0x0}
04-11 22:14:23.420  3590  8790 D OplusTransitionController:    ChangeInfo{af656e4 container=Task{735fad8 #2 type=undefined I=com.android.launcher/.Launcher} flags=0x10}
04-11 22:14:23.420  3590  8790 D OplusTransitionController:    ChangeInfo{1b4a74d container=DefaultTaskDisplayArea@136308155 flags=0x0}
04-11 22:14:23.420  3590  8790 D OplusTransitionController:    ChangeInfo{772e202 container=WallpaperWindowToken{a06f6f8 showWhenLocked=true} flags=0x0}
04-11 22:14:23.420  3590  8790 D OplusTransitionController:    ChangeInfo{1a8318e container=Task{bd04f01 #13207 type=standard A=10512:com.binance.monitor} flags=0x10}
04-11 22:14:23.420  3590  8790 D OplusTransitionController:    ChangeInfo{c530713 container=ActivityRecord{237774347 u0 com.binance.monitor/.ui.main.MainActivity t13207} flags=0x0}
04-11 22:14:23.420  3590  8790 D OplusTransitionController: ]
04-11 22:14:23.420  3590  8790 D OplusTransitionController: }
04-11 22:14:23.420  8730  8905 D BufferQueueProducer: [VRI[Launcher]#771(BLAST Consumer)771](id:221a00000924,api:1,p:8730,c:8730) disconnect: api 1
04-11 22:14:23.420  3590  8790 D FlexibleTaskTransitionController:  finishTransition pendingRecentToFlexibleTask:null,isRotationTransition:false ,pendingRecentToFlexible:null ,transition:TransitionRecord{5c7f38 id=27559 track=0 type=OPEN flags=0x0 state=4 c=[
04-11 22:14:23.420  3590  8790 D FlexibleTaskTransitionController:    ChangeInfo{3756b11 container=Display{#0 state=ON size=1264x2780 ROTATION_0} flags=0x0}
04-11 22:14:23.420  3590  8790 D FlexibleTaskTransitionController:    ChangeInfo{58a8daf container=Task{1b9ad4c #1 type=home} flags=0x10}
04-11 22:14:23.420  3590  8790 D FlexibleTaskTransitionController:    ChangeInfo{fc3f476 container=WallpaperWindowToken{3abc1ac showWhenLocked=false} flags=0x0}
04-11 22:14:23.420  3590  8790 D FlexibleTaskTransitionController:    ChangeInfo{42f3a77 container=ActivityRecord{75462386 u0 com.android.launcher/.Launcher t2} flags=0x0}
04-11 22:14:23.420  3590  8790 D FlexibleTaskTransitionController:    ChangeInfo{af656e4 container=Task{735fad8 #2 type=undefined I=com.android.launcher/.Launcher} flags=0x10}
04-11 22:14:23.420  3590  8790 D FlexibleTaskTransitionController:    ChangeInfo{1b4a74d container=DefaultTaskDisplayArea@136308155 flags=0x0}
04-11 22:14:23.420  3590  8790 D FlexibleTaskTransitionController:    ChangeInfo{772e202 container=WallpaperWindowToken{a06f6f8 showWhenLocked=true} flags=0x0}
04-11 22:14:23.420  3590  8790 D FlexibleTaskTransitionController:    ChangeInfo{1a8318e container=Task{bd04f01 #13207 type=standard A=10512:com.binance.monitor} flags=0x10}
04-11 22:14:23.420  3590  8790 D FlexibleTaskTransitionController:    ChangeInfo{c530713 container=ActivityRecord{237774347 u0 com.binance.monitor/.ui.main.MainActivity t13207} flags=0x0}
04-11 22:14:23.420  3590  8790 D FlexibleTaskTransitionController: ]
04-11 22:14:23.420  3590  8790 D FlexibleTaskTransitionController: }
04-11 22:14:23.420  8730  8905 D BufferQueueProducer: [VRI[Launcher]#771(BLAST Consumer)771](id:221a00000924,api:1,p:8730,c:8730) connect: api=1 producerControlledByApp=true
04-11 22:14:23.420  3590  8790 D RefreshRate: ***** request traversal for refresh rate change, reason is highTempRefreshRateChanged: false, windowRefreshRateChanged: true, flexibleWindowStateChanged: false, has float/zoom window *****
04-11 22:14:23.420  3590  8790 D TransitionControllerExtImpl: NFW_send RECOMPUTE_FOCUS in finishTransition
04-11 22:14:23.420  3590  3795 D WindowManager: NFW_findFocusedWindowIfNeeded:null mCurrentFocus:null
04-11 22:14:23.420  8338  8381 D ShellTaskOrganizer: onTransitionFinish, isRecent:false
04-11 22:14:23.421  8338  8381 V WindowManagerShell: Track 0 became idle
04-11 22:14:23.421  8338  8381 V WindowManagerShell: All active transition animations finished
04-11 22:14:23.421  3590  3796 D InsetsSourceProvider: updateSourceFrameForServerVisibility mandatorySystemGestures EMPTY_RECT
04-11 22:14:23.421  3590  3796 D VRR [OPlusRefreshRatePolicy]: setRefreshRatePolicy policy=POLICY_SYSTEM, refreshRate=120, statusOn=false
04-11 22:14:23.421  3590  3796 D VRR [OPlusRefreshRatePolicy]: setRefreshRatePolicy policy=POLICY_SYSTEM, refreshRate=90, statusOn=true
04-11 22:14:23.421  3590  3796 W SettingsProvider: notifyForSettingsChange delay for adfr_policy_change, value: 26746, delta: 0, lastNotifyTimestamp: 915050699, minInterval: 10
04-11 22:14:23.421  3590  3796 D RefreshRate: Refresh rate changing from 120.00001 to 90.0,maxRefreshRate=90.0 FOR:{
04-11 22:14:23.421  3590  3796 D RefreshRate:     | COURSE[; Win preferred rateId=0, appReqFirst=false, data= RateData{} ;win name:Splash Screen com.binance.monitor]
04-11 22:14:23.421  3590  3796 D RefreshRate:     | VOTES[PRIORITY_WINDOW_REQUEST -> Vote{mRefreshRate=90.0, mMinRefreshRate=90.0, mRequestSource=null};]
04-11 22:14:23.421  3590  3796 D RefreshRate:     | TIME:2026-04-11 14:14:23}
04-11 22:14:23.421  3590  3875 D VRR [OPlusRefreshRateService]:  setDirectorStates [flag: 1, state: 0, directorStateOff: 0]
04-11 22:14:23.421  3590  7289 I OplusBinderProxy: pb uid: 10345 pid: 9059 desc: android.database.IContentObserver/2
04-11 22:14:23.421  3590  3796 D DisplayModeDirector: setAppRequest displayId : 0  modeId: 3  requestedRefreshRate: 0.0  requestedMinRefreshRateRange: 0.0  requestedMaxRefreshRateRange: 90.0
04-11 22:14:23.421 15031 15220 I Quality-ScreenOnOffLogProcessor: withInScreenOnOffRange mIsScreenOn:true refTime:1775916862903 mRecentScreenOnTime:1775916343908 mRecentScreenOffTime:1775916301586
04-11 22:14:23.422  3590  3795 D DisplayManagerServiceExtImpl: scheduleTraversalLocked intraversal=false
04-11 22:14:23.422  3590  3795 D DisplayManagerService: MSG_REQUEST_TRAVERSAL pendingCompleted=false
04-11 22:14:23.422  2399  2621 D VRR [RefreshRateDirector]: updateState mState = 1
04-11 22:14:23.422  3590  3796 D DisplayManagerService: performTraversalInternal pendingTraversal
04-11 22:14:23.422  3590  3796 D DisplayDevice: setLayerStackLocked id=local:4630946685746860179 token=android.os.BinderProxy@fdd71ea stack=0->0
04-11 22:14:23.422  3590  3875 D LocalDisplayAdapter: setDesiredDisplayModeSpecsAsync: display unique id = local:4630946685746860179, display mode specs = defaultMode=2 allowGroupSwitching=false primaryRanges=physical: (0.0 120.0) render:  (0.0 90.0) appRequestRanges=physical: (0.0 120.0) render:  (0.0 90.0) idleScreenRefreshRate=null
04-11 22:14:23.422  2399  2621 D SurfaceFlinger: VRR [SurfaceFlinger] setDesiredDisplayModeSpecs, from process 3590, 2, 0, primaryRanges = [ 0.000000, 120.000000, 0.000000, 90.000000 ], appRequestRanges = [ 0.000000, 120.000000, 0.000000 90.000000 ]
04-11 22:14:23.422  3590  3796 I TaskOrganizerController: onTaskInfoChanged taskid 13207 config { mBounds=Rect(0, 0 - 1264, 2780) mAppBounds=Rect(0, 0 - 1264, 2780) mMaxBounds=Rect(0, 0 - 1264, 2780) mDisplayRotation=ROTATION_0 mWindowingMode=fullscreen mActivityType=standard mAlwaysOnTop=undefined mRotation=ROTATION_0}
04-11 22:14:23.422  2399  2399 I RefreshRateSelector: Display 4630946685746860179 policy changed
04-11 22:14:23.422  2399  2399 I RefreshRateSelector: Previous: {defaultModeId=0, allowGroupSwitching=false, primaryRanges={physical=[120.00 Hz, 120.00 Hz], render=[120.00 Hz, 120.00 Hz]}, appRequestRanges={physical=[120.00 Hz, 120.00 Hz], render=[120.00 Hz, 120.00 Hz]} idleScreenConfig=nullptr}
04-11 22:14:23.422  2399  2399 I RefreshRateSelector: Current:  DisplayManagerPolicy{defaultModeId=2, allowGroupSwitching=false, primaryRanges={physical=[0.00 Hz, 120.00 Hz], render=[0.00 Hz, 90.00 Hz]}, appRequestRanges={physical=[0.00 Hz, 120.00 Hz], render=[0.00 Hz, 90.00 Hz]} idleScreenConfig=nullptr}
04-11 22:14:23.422  2399  2399 I RefreshRateSelector: 0 mode changes were performed under the previous policy
04-11 22:14:23.422  2399  2399 D SurfaceFlinger: VRR [SurfaceFlinger] applyRefreshRateSelectorPolicy: 2 (90.00 Hz), policy: {defaultModeId=2, allowGroupSwitching=false, primaryRanges={physical=[0.00 Hz, 120.00 Hz], render=[0.00 Hz, 90.00 Hz]}, appRequestRanges={physical=[0.00 Hz, 120.00 Hz], render=[0.00 Hz, 90.00 Hz]} idleScreenConfig=nullptr}
04-11 22:14:23.422  2399  2399 D SurfaceFlinger: VRR [SurfaceFlinger] setDesiredActiveMode: displayId: 4630946685746860179, renderRate: 90, vsyncRate: 90, event: 1
04-11 22:14:23.422  2399  2399 D DisplayModeController: setDesiredMode 4630946685746860179 {mode={fps=90.00 Hz, modePtr={id=2, vsyncRate=90.00 Hz, peakRefreshRate=90.00 Hz}}, emitEvent=true, force=false}
04-11 22:14:23.422  3590  3796 D OplusFlexibleDragToSplitAnimController: visibleFlexibleTaskInfos delete:13207
04-11 22:14:23.422  3590  3796 E FlexibleWindowManagerService: notifyTaskObserverToAttachController not need to notify!
04-11 22:14:23.422  3590  3872 D OplusFeatureDMR[display=0]: onConfigChanged threadId=70 threadName=OplusDisplayWorkHandler physicalDisplayId=4630946685746860179 modeId=0  
04-11 22:14:23.422  3590  3796 I FlexibleWindowManagerService: onFlexibleWindowTaskInfoChanged, return for cur task not embedded
04-11 22:14:23.422  2399  3162 D VRR [OTI]: handleIdle from 1 to 0
04-11 22:14:23.422  2399  3162 D VRR [OTI-HW]: isStateReady 0
04-11 22:14:23.422  2399  3162 D VRR [OTI-HW]: keep rate.
04-11 22:14:23.422  2399  3162 D VRR [OTI-ADFR]: targetRate change from 60 to 0
04-11 22:14:23.422  2399  3162 D VRR [RefreshRateDirector]: requestRefreshRateByOti insert [ oti-adfr, {fps=0, modePtr={id=0, vsyncRate=120.00 Hz, peakRefreshRate=120.00 Hz}} ]
04-11 22:14:23.422  2399  3162 W VRR-[OPlusRefreshRateSelector]: SetConfigChangePending now, dismiss setIdleModeExternal
04-11 22:14:23.422  3590  3796 I TaskOrganizerController: onTaskInfoChanged taskid 1 config { mBounds=Rect(0, 0 - 1264, 2780) mAppBounds=Rect(0, 0 - 1264, 2780) mMaxBounds=Rect(0, 0 - 1264, 2780) mDisplayRotation=ROTATION_0 mWindowingMode=fullscreen mActivityType=home mAlwaysOnTop=undefined mRotation=ROTATION_0}
04-11 22:14:23.422  3590  3796 D OplusFlexibleDragToSplitAnimController: visibleFlexibleTaskInfos delete:1
04-11 22:14:23.422  3590  3796 E FlexibleWindowManagerService: notifyTaskObserverToAttachController not need to notify!
04-11 22:14:23.422  3590  3796 I FlexibleWindowManagerService: onFlexibleWindowTaskInfoChanged, return for cur task not embedded
04-11 22:14:23.422  8338  8381 D ShellTaskOrganizerExt: visibleFlexibleTaskInfos delete:13207
04-11 22:14:23.422  8338  8381 D ShellTaskOrganizerExt: isOnCanvas size:0
04-11 22:14:23.422  8338  8381 D ShellTaskOrganizerExt: isOnThreeFlexibleCanvas size:0
04-11 22:14:23.422  8338  8381 D ShellTaskOrganizerExt: visibleFlexibleTaskInfos delete:1
04-11 22:14:23.422  8338  8381 D ShellTaskOrganizerExt: isOnCanvas size:0
04-11 22:14:23.422  8338  8381 D ShellTaskOrganizerExt: isOnThreeFlexibleCanvas size:0
04-11 22:14:23.423  2187  2257 E PERFHAL-OPTSHANDLER: PERFHAL-OPTSHANDLER: unsupported() 909: Error: This resource is not supported
04-11 22:14:23.423  2187  2257 E PERFHAL-RESOURCEQS: PERFHAL-RESOURCEQS: RemoveAndApply() 299: Failed to reset optimization here [18, 41]
04-11 22:14:23.423  2187  2257 I [UAH_CLIENT]: UahRelease, handle:607962
04-11 22:14:23.423  2187  2257 I [UAH_CLIENT]: UahPlatformResAcquire
04-11 22:14:23.423  2187  2257 I [UAH_CLIENT]: UahEventAcquire, cmdid:-3, pkg:2399 11030, identity:qcom-perfd
04-11 22:14:23.423  2187  2257 E PERFHAL-RESOURCEQS: PERFHAL-RESOURCEQS: AddAndApply() 130: Resource with major=18, minor=41 not supported
04-11 22:14:23.423  3590  3796 D InsetsSourceProvider: updateSourceFrameForServerVisibility mandatorySystemGestures EMPTY_RECT
04-11 22:14:23.425  3590  3642 I system_server: Background concurrent mark compact GC freed 106MB AllocSpace bytes, 557(13MB) LOS objects, 39% free,147MB(M:137MB,L:9932KB)/243MB, paused 29.021ms,7.741ms total 469.977ms
04-11 22:14:23.425  3590  3643 I BpBinder: onLastStrongRef automatically unlinking death recipients: 
04-11 22:14:23.430  2399  2399 I VRR [AVT]: setFrameRate with [0, reset]
04-11 22:14:23.430  2399  2399 D VRR-[OPlusVSyncReactor]: Set Avt Period and update immediately with period 0.
04-11 22:14:23.430  2399  2399 I VRR-[OPlusRefreshRateSelector]: updateDispTePeriod magic_mode: 5a878000, fps: 120
04-11 22:14:23.430  2399  2399 I HWC2    : [0] setActiveConfigWithConstraints[2]
04-11 22:14:23.431  2181 26958 I SDM     : HWDeviceDRM::OPlusGetHighPrecisionFps: VRR +  OPlusGetHighPrecisionFps: 8880128
04-11 22:14:23.431  3590  9134 D Transition: finishTransaction-onCommitted syncId=27559
04-11 22:14:23.431  2181 26958 I SDM     : DisplayBuiltIn::SetQSyncMode: VRR + update qsync mode 0 high_precision_fps 00878000
04-11 22:14:23.431  2181 23599 I SDM     : SDMDisplayIris::SetActiveConfigToIrisWrapper: SetActiveConfigToIrisWrapper [2] on id_: 0
04-11 22:14:23.431  2181 23599 W SDM     : SDMDisplayIris::SetActiveConfigToIrisWrapper: HWC SetActiveConfig [2], switch to [1264x2780@90]
04-11 22:14:23.431  2399  2399 I DispPerfService: updateLayerMask 0
04-11 22:14:23.431  2181 23599 I SDM     : SDMDisplayIris::SetActiveConfigToIrisWrapper: SetActiveConfigToIrisWrapper [2] on id_: 0
04-11 22:14:23.431  2181 23599 W SDM     : SDMDisplayIris::SetActiveConfigToIrisWrapper: HWC SetActiveConfig [2], switch to [1264x2780@90]
04-11 22:14:23.431  2181 23599 W SDM     : HWDeviceDRM::GetSupportedBitClkRate: Requested rate not supported: 1012000000
04-11 22:14:23.431  2181 23599 I SDM     : HWDeviceDRM::UpdateMixerAttributes: Mixer WxH 1264x2780-1 for Peripheral
04-11 22:14:23.431  2181 23599 I CwbService: CwbService::notifyConfigChange: display:0, config:2 size:4, sec.size():0
04-11 22:14:23.432  2187  2257 E PERFHAL-OPTSHANDLER: PERFHAL-OPTSHANDLER: unsupported() 909: Error: This resource is not supported
04-11 22:14:23.432  2187  2257 E PERFHAL-RESOURCEQS: PERFHAL-RESOURCEQS: RemoveAndApply() 299: Failed to reset optimization here [18, 41]
04-11 22:14:23.432  2187  2257 I [UAH_CLIENT]: UahRelease, handle:607970
04-11 22:14:23.432  2181  2437 I SDM     : HWDeviceDRM::OPlusGetHighPrecisionFps: VRR +  OPlusGetHighPrecisionFps: 8880128
04-11 22:14:23.432  2187  2257 I [UAH_CLIENT]: UahPlatformResAcquire
04-11 22:14:23.432  2181  2437 I SDM     : HWDeviceDRM::OPlusGetHighPrecisionFps: VRR +  OPlusGetHighPrecisionFps: 8880128
04-11 22:14:23.432  2187  2257 I [UAH_CLIENT]: UahEventAcquire, cmdid:-3, pkg:2399 11031, identity:qcom-perfd
04-11 22:14:23.432  2181  2437 E SDM     : DRMConnector::Perform: Connector 68: Setting high_precision_fps 8880128
04-11 22:14:23.432  2181  2437 D SDM     : HWDeviceDRM::SetupAtomic: APUIR: m_isswitchfps 2
04-11 22:14:23.432  2187  2257 E PERFHAL-RESOURCEQS: PERFHAL-RESOURCEQS: AddAndApply() 130: Resource with major=18, minor=41 not supported
04-11 22:14:23.435  4461  4461 D OplusInputMethodUtil: init sDebug to false, init sDebugIme to false, init sAlwaysOn to false
04-11 22:14:23.435  4461  4461 D OplusInputMethodUtil: updateDebugToClass InputMethodManager.DEBUG = false
04-11 22:14:23.435  4461  4461 D OplusInputMethodUtil: updateDebugToClass ImeFocusController.DEBUG = false
04-11 22:14:23.435  4461  4461 D OplusInputMethodUtil: updateDebugToClass OnBackInvokedDispatcher.DEBUG = false
04-11 22:14:23.435  4461  4461 D OplusInputMethodUtil: updateDebugToClass InsetsController.DEBUG = false
04-11 22:14:23.435  4461  4461 D OplusInputMethodUtil: updateDebugToClass BaseInputConnection.DEBUG = false
04-11 22:14:23.439  3438  4039 D QmiClient: qmiServiceEventCallback recv msg id 47
04-11 22:14:23.439  3438  4039 D QmiClient: enter -mServiceType 10 onQmiServiceEventCallback msgId 47
04-11 22:14:23.439  3438  4039 D QmiClient: onQmiServiceEventCallback - enter. msgId=47
04-11 22:14:23.439  3438  3488 D OttProxy: handleMessage msg is 3001
04-11 22:14:23.439 14034  6711 D SubsysRadioIndication[1]: radioLinkLatencyInfoInd
04-11 22:14:23.439 14034  6711 D SubsysRadioIndication[1]: notify enter
04-11 22:14:23.439 14034 14034 D NetworkService[1]: handleMessage what:1008
04-11 22:14:23.439 14034 14034 D NetworkService[1]: EVENT_REG_LINK_LATENCY_INFO_CHANGE ulLatency:-1
04-11 22:14:23.441  3590  3644 W System  : A resource failed to call release. 
04-11 22:14:23.447  3590  3872 D OplusFeatureDMR[display=0]: onConfigChanged threadId=70 threadName=OplusDisplayWorkHandler physicalDisplayId=4630946685746860179 modeId=2  
04-11 22:14:23.447  3590  3795 I DisplayDeviceRepository: Display device changed render timings: "内置屏幕", renderFrameRate=90.0, presentationDeadlineNanos=14111110, appVsyncOffsetNanos=6555557, frameRateOverrides=[]
04-11 22:14:23.447  3590  3795 D LogicalDisplayExt: set displayInfo flag FLAG_ROTATES_WITH_CONTENT
04-11 22:14:23.447  3590  3795 D DisplayManagerService: Delivering display event: displayId=0, event=EVENT_DISPLAY_REFRESH_RATE_CHANGED
04-11 22:14:23.447  2399  3162 D VRR [OTI-HW]: isStateReady 0
04-11 22:14:23.447  2399  3162 D VRR [OTI-HW]: keep rate.
04-11 22:14:23.447  3590  3590 E OplusGestureAnimationManagerPolicy: mScreenHeight:2780 mScreenWidth:1264 mRotation:0
04-11 22:14:23.448  3590  3793 D WindowManager: DeferredDisplayUpdater: partially applying DisplayInfo(1264 x 2780) immediately
04-11 22:14:23.448  2384 19259 D AudioBoost: audioSchedBoost, pid=2384, tid=19259, enable=1, ret=0
04-11 22:14:23.448  3590  3795 I OplusBinderProxy: pb uid: 10345 pid: 9059 desc: android.hardware.display.IDisplayManagerCallback/1
04-11 22:14:23.448  2384 19259 D AudioFlingerExtImpl: AudioFlingerExtImpl oplusSetParameters: keyvalue screen_state=on
04-11 22:14:23.448  2384 19259 D DeviceHalAidl: [default] setParameters: parameters: "screen_state=on"
04-11 22:14:23.448  3590  3793 D OplusVFXScreenEffectFeature: notifySFCompatWindowStateChange entered false
04-11 22:14:23.448  3590  3793 D FSS_FoldScreenBlackCoverController: displayChangeToOn, dc:Display{#0 state=ON size=1264x2780 ROTATION_0}
04-11 22:14:23.448  2399  2621 D [PREVIEW]: SF obtain preview_adapter: 0
04-11 22:14:23.448  2399  2621 D [PREVIEW]: TabletPreviewAdapter::parallel world 0
04-11 22:14:23.448  2181  2437 D SDM     : HWDeviceDRM::SetupAtomic: APUIR: m_isswitchfps 1
04-11 22:14:23.448  2128  4423 W OPLUS_LOG_LOAD: ==LOGS PROG INFO, prog(audiohalservice.qti) ==
04-11 22:14:23.448  2128  4423 I PAL: ResourceManager: setParameter: 11709: Screen State:1
04-11 22:14:23.448  2384 19259 D DeviceHalAidl: [usb] setParameters: parameters: "screen_state=on"
04-11 22:14:23.448  2128  4423 D AHAL_Module: updateScreenState: usb: 1
04-11 22:14:23.448  3590  3793 D InsetsSourceProvider: updateSourceFrameForServerVisibility mandatorySystemGestures EMPTY_RECT
04-11 22:14:23.448  2384 19259 D DeviceHalAidl: [r_submix] setParameters: parameters: "screen_state=on"
04-11 22:14:23.448  2128  4423 D AHAL_Module: updateScreenState: r_submix: 1
04-11 22:14:23.448  2384 19259 D DeviceHalAidl: [bluetooth] setParameters: parameters: "screen_state=on"
04-11 22:14:23.448  2128  4423 D AHAL_Module: updateScreenState: bluetooth: 1
04-11 22:14:23.448  2384 19259 D DeviceHalAidl: [binaural_record] setParameters: parameters: "screen_state=on"
04-11 22:14:23.448  2128  4423 D AHAL_Module: updateScreenState: bluetooth: 1
04-11 22:14:23.448  3590  3795 I OplusBinderProxy: pb uid: 99910345 pid: 20201 desc: android.hardware.display.IDisplayManagerCallback/1
04-11 22:14:23.448  2384 19259 D DeviceHalAidl: [virtual] setParameters: parameters: "screen_state=on"
04-11 22:14:23.448  2128  4423 D AHAL_Module: updateScreenState: stub: 1
04-11 22:14:23.448  3590  3795 I OplusBinderProxy: pb uid: 10345 pid: 27994 desc: android.hardware.display.IDisplayManagerCallback/1
04-11 22:14:23.449  2384 19259 D AudioBoost: audioSchedBoost, pid=2384, tid=19259, enable=0, ret=0
04-11 22:14:23.449  8338  8338 I KeyguardDisplayManager: onDisplayChanged displayId: 0
04-11 22:14:23.449  8338  8338 I SystemUi--Keyguard: KeyguardDisplayManagerExImpl-->orientationChanged=false, presentationDisplayChanged=false, lastPresentationWidth=0, lastPresentationHeight=0, lastPresentationDensity=0
04-11 22:14:23.465  4461  4461 D DesktopModeFlags: Toggle override initialized to: OVERRIDE_UNSET
04-11 22:14:23.467  4461  4461 I binance.monitor: hiddenapi: Accessing hidden method Landroid/view/ViewGroup;->makeOptionalFitsSystemWindows()V (runtime_flags=0, domain=platform, api=unsupported) from Landroidx/appcompat/widget/ViewUtils; (domain=app) using reflection: allowed
04-11 22:14:23.467  3590  8837 I ActivityManager: Background started FGS: Allowed [callingPackage: com.binance.monitor; callingUid: 10512; uidState: TOP ; uidBFSL: [BFSL]; intent: Intent { act=com.binance.monitor.action.BOOTSTRAP xflg=0x4 cmp=com.binance.monitor/.service.MonitorService mCallingUid=10512 }; code:PROC_STATE_TOP; tempAllowListReason:<null>; allowWiu:12; targetSdkVersion:34; callerTargetSdkVersion:34; startForegroundCount:0; bindFromPackage:null: isBindService:false]
04-11 22:14:23.468 14034 15457 I ConferenceScene: onForegroundServiceStateChanged 4461 10512 0 fg_stateMachinesuid is null
04-11 22:14:23.475  4461  4461 D ActivityThread: ComponentInfo{com.binance.monitor/com.binance.monitor.ui.main.MainActivity} checkFinished=false 2
04-11 22:14:23.475  4461  4461 D ResourcesManagerExtImpl: applyConfigurationToAppResourcesLocked app.getDisplayId() return callback.displayId:0
04-11 22:14:23.475  2181  2437 D SDM     : HWDeviceDRM::SetupAtomic: APUIR: m_isswitchfps 0
04-11 22:14:23.478  2280  2331 D BatteryChargeControl: bcc get no support from charging protocol
04-11 22:14:23.480  3590  3830 W UserAwareMgr: process owner is not matched: 10, threadName: HwUiTask, pid: 4461,tid=4598,owner=fg1
04-11 22:14:23.480  3590  3830 W UserAwareMgr: process owner is not matched: 10, threadName: HwUiTask, pid: 4461,tid=4599,owner=fg1
04-11 22:14:23.480  4461  4461 D WindowManager: Add to mViews: com.android.internal.policy.DecorView{112785d I.E...... R.....I. 0,0-0,0 alpha=1.0 viewInfo = }[MainActivity],pkg= com.binance.monitor
04-11 22:14:23.480  4461  4574 D ExtensionsLoader: createInstance(64bit) : createExtendedFactory
04-11 22:14:23.482  4461  4574 D ExtensionsLoader: Opened libhwuiextimpl.so
04-11 22:14:23.483  4461  4574 D skia    : setRusSupported enable 0
04-11 22:14:23.483  3590  3830 W UserAwareMgr: process owner is not matched: 10, threadName: RenderThread, pid: 4461,tid=4574,owner=fg1
04-11 22:14:23.483  3590  9025 E SchedAssist: ofbCfgFrameTask tid(4574) failed with error=Try again
04-11 22:14:23.484  3590  9025 I WindowManager: addWindow: New client android.os.BinderProxy@8295a80 : window=Window{22eb8b9 u0 com.binance.monitor/com.binance.monitor.ui.main.MainActivity}
04-11 22:14:23.485  4461  4461 D ViewRootImplExtImpl: onDisplayChanged -1 for VRI android.view.ViewRootImpl@a833d59
04-11 22:14:23.486  4461  4461 D ResourcesManagerExtImpl: applyConfigurationToAppResourcesLocked app.getDisplayId() return callback.displayId:0
04-11 22:14:23.486  3590  3796 I TaskOrganizerController: onTaskInfoChanged taskid 13207 config { mBounds=Rect(0, 0 - 1264, 2780) mAppBounds=Rect(0, 0 - 1264, 2780) mMaxBounds=Rect(0, 0 - 1264, 2780) mDisplayRotation=ROTATION_0 mWindowingMode=fullscreen mActivityType=standard mAlwaysOnTop=undefined mRotation=ROTATION_0}
04-11 22:14:23.486  3590  3796 D OplusFlexibleDragToSplitAnimController: visibleFlexibleTaskInfos delete:13207
04-11 22:14:23.486  3590  3796 E FlexibleWindowManagerService: notifyTaskObserverToAttachController not need to notify!
04-11 22:14:23.486  3590  3796 I FlexibleWindowManagerService: onFlexibleWindowTaskInfoChanged, return for cur task not embedded
04-11 22:14:23.487  8338  8381 D ShellTaskOrganizerExt: visibleFlexibleTaskInfos delete:13207
04-11 22:14:23.487  8338  8381 D ShellTaskOrganizerExt: isOnCanvas size:0
04-11 22:14:23.487  8338  8381 D ShellTaskOrganizerExt: isOnThreeFlexibleCanvas size:0
04-11 22:14:23.487  4461  4461 E OplusBracketLog: [OplusViewMirrorManager] updateHostViewRootIfNeeded, not support android.view.ViewRootImpl@a833d59
04-11 22:14:23.492  4461  4461 D WindowOnBackDispatcher:  predictive settings is disabled for com.binance.monitor
04-11 22:14:23.492  4461  4461 D WindowOnBackDispatcher:  predictive settings is disabled for com.binance.monitor
04-11 22:14:23.492  3590  9025 D CoreBackPreview: Window{22eb8b9 u0 com.binance.monitor/com.binance.monitor.ui.main.MainActivity}: Setting back callback OnBackInvokedCallbackInfo{mCallback=android.window.IOnBackInvokedCallback$Stub$Proxy@b37245f, mPriority=0, mIsAnimationCallback=false, mOverrideBehavior=0}
04-11 22:14:23.497  3590  3875 D VRR [OPlusRefreshRateService]: handleConfigIdChange physicalDisplayId: 4630946685746860179 configId: 2 renderPeriod: 11111111
04-11 22:14:23.497  3590  3875 D VRR [OPlusGameStatusManager]: updateGameState mOSyncFeatureSwitch: false mIsGamePolicy: false
04-11 22:14:23.497  3590  3875 D VRR [OPlusGameStatusManager]: updateGameAccelerationStatus pkgName: com.binance.monitor mOSyncFeatureSwitch: false mIsGamePolicy: false mHeartStop: false mHasFlickerRisk: false mForceAcceleration: false mToastReady: false enable: false
04-11 22:14:23.497  3590  3875 D VRR [OPlusExternalRefreshRateManager]:  Display refreshrate :90 , Switch to OTI-HW 
04-11 22:14:23.497  2399  3162 D VRR [OTI-HW]: isStateReady 0
04-11 22:14:23.497  2399  3162 D VRR [OTI-HW]: keep rate.
04-11 22:14:23.508  4461  4461 D ViewRootImplExtImpl: wrapConfigInfoIntoFlags rotation=0, smallestScreenWidthDp=0, residentWS=false, scenario=0, bounds=Rect(0, 0 - 1264, 2780), relayoutAsync=false, flags=0, newFlags=1457520640, title=com.binance.monitor/com.binance.monitor.ui.main.MainActivity
04-11 22:14:23.508  3590  9025 V WindowManager: Relayout Window{22eb8b9 u0 com.binance.monitor/com.binance.monitor.ui.main.MainActivity}: viewVisibility=0, oldvis=4, req=1264x2780 , apr = 0, vsysui=, x=0, y=0
04-11 22:14:23.508  3590  9025 I WindowManager: Window{22eb8b9 u0 com.binance.monitor/com.binance.monitor.ui.main.MainActivity} state from NO_SURFACE to DRAW_PENDING; reason: resetDrawState
04-11 22:14:23.509  3590  9025 D InsetsSourceProvider: updateSourceFrameForServerVisibility mandatorySystemGestures EMPTY_RECT
04-11 22:14:23.509  3590  9025 D InsetsSourceProvider: updateSourceFrameForServerVisibility mandatorySystemGestures EMPTY_RECT
04-11 22:14:23.509  3590  9025 D WindowManager: NFW_findFocusedWindowIfNeeded:Window{22eb8b9 u0 com.binance.monitor/com.binance.monitor.ui.main.MainActivity} mCurrentFocus:null
04-11 22:14:23.509  3590  9025 V WindowManager: Changing focus from null to Window{22eb8b9 u0 com.binance.monitor/com.binance.monitor.ui.main.MainActivity},diplayid=0
04-11 22:14:23.510  3590  3875 D VRR [OPlusSurfaceFlingerController]:  setComplexSceneEnable : false
04-11 22:14:23.510  3590  9025 D Theia.NoFocusWindow: FocusWindowErrorScene cancelCheckFreezeScreen
04-11 22:14:23.510  3590  9025 W TheiaWindowMonitor: [check] focusedWindow is null or enable is false
04-11 22:14:23.511  4461  4461 D VRI[MainActivity]: relayoutWindow result, sizeChanged:true, surfaceControlChanged:true, transformHintChanged:false, mSurfaceSize:Point(1264, 2780), mLastSurfaceSize:Point(0, 0), mWidth:-1, mHeight:-1, requestedWidth:1264, requestedHeight:2780, transformHint:0, installOrientation:0, displayRotation:0, isSurfaceValid:true, attr.flag:-2122252032, tmpFrames:ClientWindowFrames{frame=[0,0][1264,2780] display=[0,0][1264,2780] parentFrame=[0,0][0,0]}, relayoutAsync:false, mSyncSeqId:0
04-11 22:14:23.511  4461  4461 W VRI[MainActivity]: updateBlastSurfaceIfNeeded, surfaceSize:Point(1264, 2780), lastSurfaceSize:Point(0, 0), format:-3, blastBufferQueue:null
04-11 22:14:23.511  4461  4461 D BufferQueueConsumer: [](id:116d00000000,api:0,p:-1,c:4461) connect: controlledByApp=false
04-11 22:14:23.511  4461  4461 D BufferQueueConsumer: [VRI[MainActivity]#0(BLAST Consumer)0](id:116d00000000,api:0,p:-1,c:4461) setMaxAcquiredBufferCount: 2
04-11 22:14:23.511  4461  4574 D BufferQueueProducer: [VRI[MainActivity]#0(BLAST Consumer)0](id:116d00000000,api:1,p:4461,c:4461) connect: api=1 producerControlledByApp=true
04-11 22:14:23.519  3590  3796 D SurfaceComposerClient: Transaction::apply InputWindowCommands.focusRequests timestamp=915050788486714, windowName=22eb8b9 com.binance.monitor/com.binance.monitor.ui.main.MainActivity
04-11 22:14:23.519  4461  4461 I SurfaceControl:  setExtendedRangeBrightness sc=Surface(name=com.binance.monitor/com.binance.monitor.ui.main.MainActivity)/@0x8bf383a,currentBufferRatio=1.0,desiredRatio=1.0
04-11 22:14:23.529  4461  4574 I AdrenoUtils: <ReadGpuID:366>: Reading chip ID through GSL
04-11 22:14:23.531  2399  3200 D SurfaceFlinger: updateWinowInfo=1, setFocusedWindow timestamp=915050788486714, windowName=22eb8b9 com.binance.monitor/com.binance.monitor.ui.main.MainActivity
04-11 22:14:23.531  3590  9134 I InputDispatcher: NFW_setFocusedWindow, 22eb8b9 com.binance.monitor/com.binance.monitor.ui.main.MainActivity on display 0, same as the previous:0
04-11 22:14:23.541  4461  4574 D BLASTBufferQueue: [VRI[MainActivity]#0](f:0,a:1) acquireNextBufferLocked size=1264x2780 mFrameNumber=1 applyTransaction=true mTimestamp=915050818709578(auto) mPendingTransactions.size=0 graphicBufferId=19159849107459 transform=0
04-11 22:14:23.541  4461  4574 D VRI[MainActivity]: Received frameCommittedCallback lastAttemptedDrawFrameNum=1 didProduceBuffer=true syncBuffer=false
04-11 22:14:23.541  2399  3197 I ClientCache: add: Cache owner=0xb400007e71b1e6e0
04-11 22:14:23.541  4461  4574 D ExtensionsLoader: createInstance(64bit) : createExtendedFactory
04-11 22:14:23.542  4461  4574 D ExtensionsLoader: Opened libSchedAssistExtImpl.so
04-11 22:14:23.542  4461  4461 D VRI[MainActivity]: draw finished. seqId=0
04-11 22:14:23.542  3590  9025 I WindowManager: Window{22eb8b9 u0 com.binance.monitor/com.binance.monitor.ui.main.MainActivity} state from DRAW_PENDING to COMMIT_DRAW_PENDING; reason: finishDrawingLocked
04-11 22:14:23.542  3590  3796 D InsetsSourceProvider: updateSourceFrameForServerVisibility mandatorySystemGestures EMPTY_RECT
04-11 22:14:23.542  3590  3796 D InsetsSourceProvider: updateSourceFrameForServerVisibility mandatorySystemGestures EMPTY_RECT
04-11 22:14:23.542  3590  3796 I WindowManager: Window{22eb8b9 u0 com.binance.monitor/com.binance.monitor.ui.main.MainActivity} state from COMMIT_DRAW_PENDING to READY_TO_SHOW; reason: commitFinishDrawingLocked
04-11 22:14:23.542  3590  3796 D CoreBackPreview:  return markWindowHasDrawn mComposed: false  mWaitTransition: false
04-11 22:14:23.542  3590  3796 D ActivityTaskManager: Finish StartingWindow: ActivityRecord{237774347 u0 com.binance.monitor/.ui.main.MainActivity t13207}first real window is shown
04-11 22:14:23.543  3590  3796 D ActivityTaskManager: removeStartingWindowAnimation starting ActivityRecord{237774347 u0 com.binance.monitor/.ui.main.MainActivity t13207} startingWindow=null ,startingView=com.android.server.wm.StartingSurfaceController$StartingSurface@1138962,Callers=com.android.server.wm.ActivityRecord.removeStartingWindow:3386 com.android.server.wm.ActivityRecord.onFirstWindowDrawn:8055 com.android.server.wm.WindowState.performShowLocked:4933 com.android.server.wm.WindowStateAnimator.commitFinishDrawingLocked:403 com.android.server.wm.DisplayContent.lambda$new$8:1154 
04-11 22:14:23.543  3590  3796 D OplusStartingWindowManager: interceptRemoveStartingWindow: packageName=com.binance.monitor,  componentName=com.binance.monitor/.ui.main.MainActivity, isSnapshot=false, startingSurfaceRunnable=null, isDrawCompleted=false, hasSurfaceView=false, inTransition=false
04-11 22:14:23.543  3590  3796 D OplusSplitScreenDnDUI: notifyRemoveStartingWindow isSpitScreenDrag = false mDropTargetSurface = null StartingWindowpkgName = com.binance.monitor DragPkg = null isLauncherResume = false
04-11 22:14:23.543  3590  3796 D OplusStartingWindowManager: interceptRemoveStartingWindow: hasSplashWindowFlag() return false for activity=ActivityRecord{237774347 u0 com.binance.monitor/.ui.main.MainActivity t13207}
04-11 22:14:23.543  3590  3796 D TaskOrganizerController: TaskOrganizerController.removeStartingWindow: call wmshell to removeStartingWindow Task{bd04f01 #13207 type=standard A=10512:com.binance.monitor}null
04-11 22:14:23.543  8543  9893 I iopgp   : Iopgp: TRANSACTION_IOPGP_ON_ACTIVITY_LAUNCH_FINISHED sequence_id = 1210 timestamp_nanos = 915050821346401
04-11 22:14:23.544  3590  3796 I Quality : LaunchTime2.0: com.binance.monitor/.ui.main.MainActivity 1 438 com.android.shell 26 67
04-11 22:14:23.544  3590  8480 I OPM     : handleNotifyLaunchTime : com.binance.monitor, :435
04-11 22:14:23.544  3590  3796 D QuickBackInputPolicy: setAppLaunchEndTime update timePair=Pair{ActivityRecord{237774347 u0 com.binance.monitor/.ui.main.MainActivity t13207} 915050821}
04-11 22:14:23.544  3590  3796 I WindowManager: Window{22eb8b9 u0 com.binance.monitor/com.binance.monitor.ui.main.MainActivity} state from READY_TO_SHOW to HAS_DRAWN; reason: performShowLocked
04-11 22:14:23.544  3590  3796 D InsetsSourceProvider: updateSourceFrameForServerVisibility mandatorySystemGestures EMPTY_RECT
04-11 22:14:23.544  3590  3796 D InsetsSourceProvider: updateSourceFrameForServerVisibility mandatorySystemGestures EMPTY_RECT
04-11 22:14:23.544  2013  2036 E statsd  : Gauge Stats puller failed for tag: 150134 at 964078958907716
04-11 22:14:23.545  3590  3792 I ActivityTaskManager: Displayed com.binance.monitor/.ui.main.MainActivity for user 0: +445ms
04-11 22:14:23.545  2013  2036 I statsd  : An anomaly (104840000001) (48)0x10000->10512[I] (48)0x20000->com.binance.monitor[S] (48)0x30000->3[I]  has occurred! Informing subscribers.
04-11 22:14:23.545  3590  3830 I UserAwareMgr: event is already released: SceneEvent{id=5007, maxWorkDurationMs=200, caller='[android]', eventFlags=256, fbPriority=1, keyThreads=[KeyThread{name=binder, owner=android, schedPolicy=ux, priority=HEAVY, maxThreadCount=16}], vipBinderGroup=null}, callingPid: 3590, appPid: 0
04-11 22:14:23.548  3590  3875 D VRR [OPlusSAManager]: updateAutoMinfps for 4630946685746860179 with nits: 94.817, mHistOK true, mAmbientOK true, mCctOK true, mIrOK true, mBrightnessOK true, isPkgOK true, SA min fps: 89
04-11 22:14:23.548  2399  8068 I VRR-[OPlusRefreshRateSelector]: updateAutoMode success, display 0, mode 0, fakeframe 1, min fps: 1
04-11 22:14:23.548  2181 26958 I SDM     : DisplayBuiltIn::SetQSyncMode: VRR + update qsync mode 0 minfps 00C08181
04-11 22:14:23.553  3590  3796 D CoreBackPreview:  return markWindowHasDrawn mComposed: false  mWaitTransition: false
04-11 22:14:23.553  2181  2437 E SDM     : DRMConnector::Perform: Connector 68: Setting Qsync min fps 12616065
04-11 22:14:23.559 10330 10351 I ostats_tpd: stats_write, records atomId:100100, event_id:903, cpu:1, values: 903-0-1-213-(cpu-1-0-1)-26-0-1
04-11 22:14:23.559 10385 10443 I ThermalEngine: VIRTUAL-CPU-L-PID, Update received trip sensor cpu-1-0-1 92300
04-11 22:14:23.559 10330 10351 I ostats_tpd: stats_write, records atomId:100100, event_id:903, cpu:0, values: 903-0-1-10614-(cpu-1-0-1)-26-0-1
04-11 22:14:23.566  3590  3647 I InputDispatcher: updateFocusedWindow, 22eb8b9 com.binance.monitor/com.binance.monitor.ui.main.MainActivity on display 0, reason: Window became focusable. Previous reason: NOT_VISIBLE, result:   FocusedWindows:
04-11 22:14:23.566  3590  3647 I InputDispatcher:     displayId=0, name='22eb8b9 com.binance.monitor/com.binance.monitor.ui.main.MainActivity'
04-11 22:14:23.567  2181 23599 E CwbService: Panel not support apl read or getDisplayPanelAplValue timeout 10ms.
04-11 22:14:23.567  2258  2258 D SensorFeature: name=ssc_screenshot_info ,index = 22
04-11 22:14:23.567  2258  2258 D SensorFeature: write 37 bytes:964078920318028,964078971378237,247,0
04-11 22:14:23.569 10385 10645 I ThermalEngine: ACTION: CPU - Setting CPU[6] to 4
04-11 22:14:23.580 10385 10645 I ThermalEngine: ACTION: CPU - Setting CPU[6] to 3
04-11 22:14:23.590 10385 10645 I ThermalEngine: ACTION: CPU - Setting CPU[6] to 4
04-11 22:14:23.592  4461  4477 I binance.monitor: Compiler allocated 7246KB to compile void android.view.ViewRootImpl.performTraversals()
04-11 22:14:23.600 10385 10645 I ThermalEngine: ACTION: CPU - Setting CPU[6] to 3
04-11 22:14:23.620 10385 10645 I ThermalEngine: ACTION: CPU - Setting CPU[6] to 5
04-11 22:14:23.630 10385 10645 I ThermalEngine: ACTION: CPU - Setting CPU[6] to 3
04-11 22:14:23.638  2727  3986 D QmiClient: qmiServiceEventCallback recv msg id 1099
04-11 22:14:23.638  2727  3986 D QmiClient: enter -mServiceType 4 onQmiServiceEventCallback msgId 1099
04-11 22:14:23.638  2727  3986 D QmiClient: onQmiServiceEventCallback - enter. msgId=1099
04-11 22:14:23.638  2727  3986 D QmiVsClientEvent: QosPeriodReportInd MSG IND data_len 2052
04-11 22:14:23.638  2727  3986 D QmiVsClientEvent: qmiVsClientNotifyQosPeriodReportIndEvent - RADIO_EVENT_QOS_PERIOD_REPORT_NOTIFY_IND
04-11 22:14:23.638  2727  2826 D VsProxy : handleMessage msg is 2420
04-11 22:14:23.638  2727  2826 D VsProxy : handleQosPeriodReportInd for instance 0 data_len 145
