04-11 22:14:32.318 30658  4159 I m.heytap.market: AssetManager2(0xb4000070956f7b28) locale list changing from [] to [zh-CN]
04-11 22:14:32.319 30658  4159 I m.heytap.market: AssetManager2(0xb4000070956f7e28) locale list changing from [] to [zh-CN]
04-11 22:14:32.320 30658  4159 I m.heytap.market: AssetManager2(0xb4000070956f8128) locale list changing from [] to [zh-CN]
04-11 22:14:32.322 30658  4159 I m.heytap.market: AssetManager2(0xb4000070956f8428) locale list changing from [] to [zh-CN]
04-11 22:14:32.324  8338  8338 E LockScreenNotificationDispatcherImp: updateNotificationListOnKg size:0
04-11 22:14:32.326  8338  8338 W SystemUi--Notification: OplusNotificationGroupExtImpl-->setChildrenExpanded: groupHeader is null
04-11 22:14:32.326 30658  4159 I m.heytap.market: AssetManager2(0xb4000070956f8728) locale list changing from [] to [zh-CN]
04-11 22:14:32.326  8338  8338 I SystemUi--Notification: LockScreenNotificationDispatcherImp-->updateNotificationListOnKg resultCode: 0
04-11 22:14:32.333 30658  4159 I m.heytap.market: AssetManager2(0xb4000070956f8a28) locale list changing from [] to [zh-CN]
04-11 22:14:32.335 30658  4159 I m.heytap.market: AssetManager2(0xb4000072164f8028) locale list changing from [] to [zh-CN]
04-11 22:14:32.337 30658  4159 I m.heytap.market: AssetManager2(0xb4000072164f8328) locale list changing from [] to [zh-CN]
04-11 22:14:32.340  3438  4039 D QmiClient: qmiServiceEventCallback recv msg id 47
04-11 22:14:32.340  3438  4039 D QmiClient: enter -mServiceType 10 onQmiServiceEventCallback msgId 47
04-11 22:14:32.340  3438  4039 D QmiClient: onQmiServiceEventCallback - enter. msgId=47
04-11 22:14:32.340  3438  3488 D OttProxy: handleMessage msg is 3001
04-11 22:14:32.340 14034  6711 D SubsysRadioIndication[1]: radioLinkLatencyInfoInd
04-11 22:14:32.340 14034  6711 D SubsysRadioIndication[1]: notify enter
04-11 22:14:32.340 14034 14034 D NetworkService[1]: handleMessage what:1008
04-11 22:14:32.340 14034 14034 D NetworkService[1]: EVENT_REG_LINK_LATENCY_INFO_CHANGE ulLatency:9705
04-11 22:14:32.345 30658  4159 I m.heytap.market: AssetManager2(0xb4000072164f8628) locale list changing from [] to [zh-CN]
04-11 22:14:32.347 30658  4159 I m.heytap.market: AssetManager2(0xb4000072164f8928) locale list changing from [] to [zh-CN]
04-11 22:14:32.350 30658  4159 I m.heytap.market: AssetManager2(0xb4000072164f8c28) locale list changing from [] to [zh-CN]
04-11 22:14:32.352 30658  4159 I m.heytap.market: AssetManager2(0xb4000072164f8f28) locale list changing from [] to [zh-CN]
04-11 22:14:32.381 30658  4159 I m.heytap.market: AssetManager2(0xb4000070bd588a28) locale list changing from [] to [zh-CN]
04-11 22:14:32.384 30658  4159 I m.heytap.market: AssetManager2(0xb4000072164f9828) locale list changing from [] to [zh-CN]
04-11 22:14:32.387 30658  4159 I m.heytap.market: AssetManager2(0xb4000072164f9b28) locale list changing from [] to [zh-CN]
04-11 22:14:32.391 30658  4159 I m.heytap.market: AssetManager2(0xb4000072164f9e28) locale list changing from [] to [zh-CN]
04-11 22:14:32.391 30658  4159 I OplusThemeResources: checkUpdate shouldReload
04-11 22:14:32.391 30658  4159 I OplusThemeZipFile: clear
04-11 22:14:32.391  2727  3986 D QmiClient: qmiServiceEventCallback recv msg id 1099
04-11 22:14:32.391  3438  3988 D QmiClient: qmiServiceEventCallback recv msg id 1099
04-11 22:14:32.391  3438  3988 D QmiClient: enter -mServiceType 4 onQmiServiceEventCallback msgId 1099
04-11 22:14:32.391  2727  3986 D QmiClient: enter -mServiceType 4 onQmiServiceEventCallback msgId 1099
04-11 22:14:32.391  2727  3986 D QmiClient: onQmiServiceEventCallback - enter. msgId=1099
04-11 22:14:32.391  3438  3988 D QmiClient: onQmiServiceEventCallback - enter. msgId=1099
04-11 22:14:32.391  2727  3986 D QmiVsClientEvent: QosPeriodReportInd MSG IND data_len 2052
04-11 22:14:32.391  3438  3988 D QmiVsClientEvent: QosPeriodReportInd MSG IND data_len 2052
04-11 22:14:32.391  3438  3988 D QmiVsClientEvent: qmiVsClientNotifyQosPeriodReportIndEvent - RADIO_EVENT_QOS_PERIOD_REPORT_NOTIFY_IND
04-11 22:14:32.391  2727  3986 D QmiVsClientEvent: qmiVsClientNotifyQosPeriodReportIndEvent - RADIO_EVENT_QOS_PERIOD_REPORT_NOTIFY_IND
04-11 22:14:32.391  2727  2826 D VsProxy : handleMessage msg is 2420
04-11 22:14:32.391  3438  3485 D VsProxy : handleMessage msg is 2420
04-11 22:14:32.391  3438  3485 D VsProxy : handleQosPeriodReportInd for instance 1 data_len 225
04-11 22:14:32.391  2727  2826 D VsProxy : handleQosPeriodReportInd for instance 0 data_len 145
04-11 22:14:32.392 14034  6711 D SubsysRadioIndication[1]: radioQosPeriodReportInd result [8, -3, -33, -78, -33, 14, 18, 19, 8, -52, -33, -78, -33, 14, 16, 11, 32, -19, 29, 40, 11, 56, -110, 3, 64, -4, 3, 26, 13, 8, -123, -33, -78, -33, 14, 16, 31, 40, 17, 56, -24, 110, 34, 12, 8, -113, -67, -78, -33, 14, 16, 4, 24, 1, 32, 3, 58, 83, 8, -117, -33, -78, -33, 14, 16, 5, 24, -98, -23, 30, 32, -54, 1, 40, -94, -1, -1, -1, -1, -1, -1, -1, -1, 1, 48, -12, -1, -1, -1, -1, -1, -1, -1, -1, 1, 56, 2, 64, -94, -1, -1, -1, -1, -1, -1, -1, -1, 1, 72, -94, -1, -1, -1, -1, -1, -1, -1, -1, 1, 80, -92, -1, -1, -1, -1, -1, -1, -1, -1, 1, 88, -101, -1, -1, -1, -1, -1, -1, -1, -1, 1, 66, 46, 8, -125, -39, -78, -33, 14, 16, 5, 24, 2, 34, 19, 8, -98, -23, 30, 16, -54, 1, 24, 41, 32, 13, 40, -126, -128, -52, -67, 21, 48, 2, 34, 13, 8, -54, -58, 9, 16, -32, 5, 24, 28, 32, 6, 48, 1, 90, 0, 98, 10, 8, -85, -61, -79, -33, 14, 16, 3, 24, 5, 122, 20, 8, -101, -35, -78, -33, 14, 16, -1, -1, 1, 24, -1, -1, 1, 32, -1, -1, -1, -1, 15]
04-11 22:14:32.392 14034   947 D SubsysRadioIndication[0]: radioQosPeriodReportInd result [8, -3, -33, -78, -33, 14, 34, 12, 8, -113, -67, -78, -33, 14, 16, 4, 24, 1, 32, 3, 58, 61, 8, -6, -34, -78, -33, 14, 16, 5, 24, -64, -92, 38, 32, -22, 6, 40, -98, -1, -1, -1, -1, -1, -1, -1, -1, 1, 48, -12, -1, -1, -1, -1, -1, -1, -1, -1, 1, 56, 1, 64, -102, -1, -1, -1, -1, -1, -1, -1, -1, 1, 72, -98, -1, -1, -1, -1, -1, -1, -1, -1, 1, 66, 29, 8, -75, -61, -80, -34, 14, 16, 5, 34, 19, 8, -64, -92, 38, 16, -22, 6, 24, 78, 32, 13, 40, -117, -32, -94, -93, 2, 48, 2, 90, 0, 98, 10, 8, -62, -67, -80, -34, 14, 16, 3, 24, 5, 122, 15, 8, -102, -66, -80, -34, 14, 16, -122, 2, 24, -21, 1, 32, -12, 8]
04-11 22:14:32.392 14034 14034 D NetworkService[1]: handleMessage what:1005
04-11 22:14:32.392 14034 14034 D RadioAtomTracker: parseQosPeriodData ModemQos:CellularQosInfo1{5G, 504990/202, EndcState=2, Band=41, DLBW=13, Rsrp=-94, Rsrq=-12, Snr=2, SvcStatus=3, ULPDCPNumDataPdu=11, ULPDCPNumDropPdu=0, ULPDCPTput=3821, ULRLCNumDataPdu=11, ULRLCNumRetxPdu=0, ULGrant=402, ULBSR=508, ULBler=0, DLPDCPNumDataPdu=17, DLPDCPTput=14184, DLRLCNumDataPdu=31, DLRLCNumRetxPdu=0, DLRLCNumDropPdu=0, DLMACPaddingBytes=0, DLPdcpNumMissToUppPdu=0, DLBler=0, RlfCount=0, CellChangeCount=0, IsRedirectionOccur=0, IsDualSimConflict=0, Latency=9, Sub1RrcState=1, Sub2RrcState=3, RachCount=0, CalcPower=32767, Mtpl=32767, PathLoss=-1, CellLoad=0}
04-11 22:14:32.392 14034 14034 D NetworkService[1]: EVENT_REG_QOS_PERIOD_REPORT_IND_CHANGED ENTER
04-11 22:14:32.392 14034 14034 D NetworkService[0]: handleMessage what:1005
04-11 22:14:32.392 14034 14034 D RadioAtomTracker: parseQosPeriodData ModemQos:CellularQosInfo2{5G, 627264/874, EndcState=0, Band=78, DLBW=13, Rsrp=-98, Rsrq=-12, Snr=1, SvcStatus=3, ULPDCPNumDataPdu=-1, ULPDCPNumDropPdu=-1, ULPDCPTput=-1, ULRLCNumDataPdu=-1, ULRLCNumRetxPdu=-1, ULGrant=-1, ULBSR=-1, ULBler=-1, DLPDCPNumDataPdu=-1, DLPDCPTput=-1, DLRLCNumDataPdu=-1, DLRLCNumRetxPdu=-1, DLRLCNumDropPdu=-1, DLMACPaddingBytes=-1, DLPdcpNumMissToUppPdu=-1, DLBler=-1, RlfCount=0, CellChangeCount=0, IsRedirectionOccur=0, IsDualSimConflict=0, Latency=0, Sub1RrcState=1, Sub2RrcState=3, RachCount=0, CalcPower=262, Mtpl=235, PathLoss=1140, CellLoad=0}
04-11 22:14:32.392 14034 14034 D NetworkService[0]: EVENT_REG_QOS_PERIOD_REPORT_IND_CHANGED ENTER
04-11 22:14:32.392 14034 14034 D AtomModemKpiInfo: handleMessage what:1001
04-11 22:14:32.392 14034 14034 D AtomModemKpiInfo: analyseQosInfo success
04-11 22:14:32.393 30658  4159 I m.heytap.market: AssetManager2(0xb4000072164fa128) locale list changing from [] to [zh-CN]
04-11 22:14:32.395 30658  4159 I m.heytap.market: AssetManager2(0xb4000072164fa428) locale list changing from [] to [zh-CN]
04-11 22:14:32.398 14034 15313 D CommonApp-264-10512: transport layer data is invalid
04-11 22:14:32.398 14034 15313 D CommonApp-265-10512: commonScoreStrategy scenarios 5 mdnsScore=0
04-11 22:14:32.398 14034 15313 D CommonApp-265-10512: notifyScoreChange appScene COMMON score 100
04-11 22:14:32.398 14034 15313 D ScorePolicy: handleScoreChanged: []
04-11 22:14:32.398 14034 15313 D ScorePolicy: handleScoreChanged: []
04-11 22:14:32.398 14034 15313 D ScorePolicy: handleScoreChanged: []
04-11 22:14:32.400 30658  4159 I m.heytap.market: AssetManager2(0xb4000072164fa728) locale list changing from [] to [zh-CN]
04-11 22:14:32.402 30658  4159 I m.heytap.market: AssetManager2(0xb4000072164faa28) locale list changing from [] to [zh-CN]
04-11 22:14:32.407 30658  4159 I m.heytap.market: AssetManager2(0xb4000072164f9528) locale list changing from [] to [zh-CN]
04-11 22:14:32.413 30658  4159 I m.heytap.market: AssetManager2(0xb4000070f973e328) locale list changing from [] to [zh-CN]
04-11 22:14:32.417 30658  4159 I m.heytap.market: AssetManager2(0xb4000070f973e628) locale list changing from [] to [zh-CN]
04-11 22:14:32.418 30658  4159 I m.heytap.market: AssetManager2(0xb4000070f973e028) locale list changing from [] to [zh-CN]
04-11 22:14:32.419 30658  4159 I m.heytap.market: AssetManager2(0xb4000070f973ef28) locale list changing from [] to [zh-CN]
04-11 22:14:32.422 30658  4159 I m.heytap.market: AssetManager2(0xb4000070f973f228) locale list changing from [] to [zh-CN]
04-11 22:14:32.424 30658  4159 I m.heytap.market: AssetManager2(0xb4000070f973f528) locale list changing from [] to [zh-CN]
04-11 22:14:32.426 30658  4159 I m.heytap.market: AssetManager2(0xb4000070f973f828) locale list changing from [] to [zh-CN]
04-11 22:14:32.428 30658  4159 I m.heytap.market: AssetManager2(0xb4000070f973ec28) locale list changing from [] to [zh-CN]
04-11 22:14:32.429 30658  4159 I m.heytap.market: AssetManager2(0xb4000070f9740128) locale list changing from [] to [zh-CN]
04-11 22:14:32.431 30658  4159 I m.heytap.market: AssetManager2(0xb4000070f9740428) locale list changing from [] to [zh-CN]
04-11 22:14:32.433 30658  4159 I m.heytap.market: AssetManager2(0xb4000070f9740728) locale list changing from [] to [zh-CN]
04-11 22:14:32.434 30658  4159 I m.heytap.market: AssetManager2(0xb4000070f9740a28) locale list changing from [] to [zh-CN]
04-11 22:14:32.436 30658  4159 I m.heytap.market: AssetManager2(0xb4000070f9740d28) locale list changing from [] to [zh-CN]
04-11 22:14:32.437 30658  4159 I m.heytap.market: AssetManager2(0xb4000070e90d2028) locale list changing from [] to [zh-CN]
04-11 22:14:32.439 30658  4159 I m.heytap.market: AssetManager2(0xb4000070e90d2328) locale list changing from [] to [zh-CN]
04-11 22:14:32.441 30658  4159 I m.heytap.market: AssetManager2(0xb4000070e90d2628) locale list changing from [] to [zh-CN]
04-11 22:14:32.442 30658  4159 I m.heytap.market: AssetManager2(0xb4000070e90d2928) locale list changing from [] to [zh-CN]
04-11 22:14:32.443 30658  4159 I m.heytap.market: AssetManager2(0xb4000070e90d2c28) locale list changing from [] to [zh-CN]
04-11 22:14:32.444 30658  4159 I m.heytap.market: AssetManager2(0xb4000070e90d2f28) locale list changing from [] to [zh-CN]
04-11 22:14:32.445 30658  4159 I m.heytap.market: AssetManager2(0xb4000070e90d3228) locale list changing from [] to [zh-CN]
04-11 22:14:32.446 30658  4159 I m.heytap.market: AssetManager2(0xb4000070e90d3528) locale list changing from [] to [zh-CN]
04-11 22:14:32.446 30658  4159 I m.heytap.market: AssetManager2(0xb4000070e90d3828) locale list changing from [] to [zh-CN]
04-11 22:14:32.450 30658  4159 I m.heytap.market: AssetManager2(0xb4000070e90d3b28) locale list changing from [] to [zh-CN]
04-11 22:14:32.454 30658  4159 I m.heytap.market: AssetManager2(0xb4000070f973fe28) locale list changing from [] to [zh-CN]
04-11 22:14:32.460 30658  4159 V Configuration: Updating configuration, locales updated from [zh_CN,en_US] to [en_US,zh_CN]
04-11 22:14:32.460 30658  4159 V Resources: Updating configuration with selected locales [en-US]
04-11 22:14:32.460 30658  4159 I m.heytap.market: AssetManager2(0xb4000070e90d4128) locale list changing from [] to [en-US]
04-11 22:14:32.461 30658  4159 I LocaleConfig: parseLocaleConfig: resourceName=com.openai.chatgpt:xml/_generated_res_locale_config
04-11 22:14:32.461 30658  4159 I LocaleConfig: parseLocaleConfig: mLocales=[de,hi,en_US,pt,lt,hr,lv,ar_XB,hu,hy,uk,ur,mk,ml,mn,id,mr,ms,el,is,it,am,my,es,fr_CA,zh,et,ar,pt_PT,vi,nb,ja,fa,ro,nl,fi,ru,bg,en_XA,bn,fr,bs,ka,sk,sl,so,ca,sq,sr,kk,kn,sv,ko,sw,zh_HK,zh_TW,pt_BR,es_ES,ta,gu,cs,pa,te,th,tl,pl,da,tr] defaultLocale=en-US
04-11 22:14:32.462 30658  4159 I m.heytap.market: AssetManager2(0xb4000070e90d4a28) locale list changing from [] to [zh-CN]
04-11 22:14:32.462 30658  4159 I m.heytap.market: AssetManager2(0xb4000070e90d4d28) locale list changing from [] to [zh-CN]
04-11 22:14:32.466 30658  4159 I m.heytap.market: AssetManager2(0xb4000070e4481028) locale list changing from [] to [zh-CN]
04-11 22:14:32.471 30658  4159 I m.heytap.market: AssetManager2(0xb4000070e90d4728) locale list changing from [] to [zh-CN]
04-11 22:14:32.473 30658  4159 I m.heytap.market: AssetManager2(0xb4000070e4481928) locale list changing from [] to [zh-CN]
04-11 22:14:32.474 30658  4159 I m.heytap.market: AssetManager2(0xb4000070e4481c28) locale list changing from [] to [zh-CN]
04-11 22:14:32.480 30658  4159 I m.heytap.market: AssetManager2(0xb4000070e4481628) locale list changing from [] to [zh-CN]
04-11 22:14:32.483  2280  2331 D BatteryChargeControl: bcc get no support from charging protocol
04-11 22:14:32.484 30658  4159 I m.heytap.market: AssetManager2(0xb4000070e4482528) locale list changing from [] to [zh-CN]
04-11 22:14:32.486 30658  4159 I m.heytap.market: AssetManager2(0xb4000070e4482228) locale list changing from [] to [zh-CN]
04-11 22:14:32.487 30658  4159 I m.heytap.market: AssetManager2(0xb4000070e4482e28) locale list changing from [] to [zh-CN]
04-11 22:14:32.494 30658  4159 I m.heytap.market: AssetManager2(0xb4000070e4483128) locale list changing from [] to [zh-CN]
04-11 22:14:32.497 30658  4159 I m.heytap.market: AssetManager2(0xb4000070e4483428) locale list changing from [] to [zh-CN]
04-11 22:14:32.498 30658  4159 I m.heytap.market: AssetManager2(0xb4000070e4483728) locale list changing from [] to [zh-CN]
04-11 22:14:32.498  3590  8282 I Osense-BaseDecisionMaker: notifySceneToAthenaPolicy: SCENE_RES_IO_PSI, bundle: Bundle[{ioLevel=3}]
04-11 22:14:32.498  3590  8282 I Osense-BaseDecisionMaker: scene: SCENE_RES_IO_PSI, excutingPolicy: reentrant
04-11 22:14:32.498  3590  8282 D Osense-BaseDecisionMaker: invoke reentrant policy
04-11 22:14:32.499  8770  8788 V OCAM_Performance: onOsenseEventSceneChanged, event: 112
04-11 22:14:32.499  8770  8788 V OCAM_Performance: onOsenseEventSceneChanged, [extra] startTime: 1775916872498
04-11 22:14:32.499  8770  8788 V OCAM_Performance: onOsenseEventSceneChanged, [extra] currentAvailmem: 3126
04-11 22:14:32.499  8770  8788 V OCAM_Performance: onOsenseEventSceneChanged, [extra] killTriggerMem: 2000
04-11 22:14:32.499  8770  8788 V OCAM_Performance: onOsenseEventSceneChanged, [extra] ioLevel: 3
04-11 22:14:32.499  8770  8788 V OCAM_Performance: onOsenseEventSceneChanged, event: 104
04-11 22:14:32.499  8770  8788 W OCAM_Performance: onOsenseEventSceneChanged, high I/O pressure
04-11 22:14:32.499  8770  8788 V OCAM_Performance: onOsenseEventSceneChanged, [extra] startTime: 1775916872498
04-11 22:14:32.499  8770  8803 D OCAM_Performance: onOsenseEventSceneChanged, pressure IO eventStateType: 2, startTime: 1775916872498, currentAvailmem: 3126, killTriggerMem: 2000, ioLevel: 3
04-11 22:14:32.501  3438  3988 D QmiClient: qmiServiceEventCallback recv msg id 1110
04-11 22:14:32.501  3438  3988 D QmiClient: enter -mServiceType 4 onQmiServiceEventCallback msgId 1110
04-11 22:14:32.501  3438  3988 D QmiClient: onQmiServiceEventCallback - enter. msgId=1110
04-11 22:14:32.501  3438  3988 D QmiVsClientEvent: qmiVsClientNotifyNrcaInfoChangeEvent - RADIO_EVENT_NRCA_INFO_IND
04-11 22:14:32.501  3438  3485 D VsProxy : handleMessage msg is 2429
04-11 22:14:32.501  3438  3485 D VsProxy : handleNrcaInfoChangeInd for instance 1
04-11 22:14:32.501  3438  3438 D VendorService: NrcaInfoChangeInd numCarriers 2
04-11 22:14:32.501 14034   947 D SubsysRadioIndication[1]: radioNrcaInfoChangeInd nrcaInfo.numCarriers: 2
04-11 22:14:32.502  8406  8406 W Settings: Setting airplane_mode_on has moved from android.provider.Settings.System to android.provider.Settings.Global, returning read-only value.
04-11 22:14:32.504 30658  4159 I m.heytap.market: AssetManager2(0xb4000070e4483a28) locale list changing from [] to [zh-CN]
04-11 22:14:32.514 30658  4159 I m.heytap.market: AssetManager2(0xb4000070e4482b28) locale list changing from [] to [zh-CN]
04-11 22:14:32.516 30658  4159 I m.heytap.market: AssetManager2(0xb4000070e45de328) locale list changing from [] to [zh-CN]
04-11 22:14:32.521 30658  4159 I m.heytap.market: AssetManager2(0xb4000070e45de628) locale list changing from [] to [zh-CN]
04-11 22:14:32.525 30658  4159 I m.heytap.market: AssetManager2(0xb4000070e45de928) locale list changing from [] to [zh-CN]
04-11 22:14:32.528 30658  4159 I m.heytap.market: AssetManager2(0xb4000070e45dec28) locale list changing from [] to [zh-CN]
04-11 22:14:32.533 30658  4159 I m.heytap.market: AssetManager2(0xb4000070e45de028) locale list changing from [] to [zh-CN]
04-11 22:14:32.538 30658  4159 I m.heytap.market: AssetManager2(0xb4000070e45df528) locale list changing from [] to [zh-CN]
04-11 22:14:32.546 30658  4159 I m.heytap.market: AssetManager2(0xb4000070e45dfb28) locale list changing from [] to [zh-CN]
04-11 22:14:32.548 30658  4159 I m.heytap.market: AssetManager2(0xb4000070e45dfe28) locale list changing from [] to [zh-CN]
04-11 22:14:32.551 30658  4159 I m.heytap.market: AssetManager2(0xb4000070e45e0128) locale list changing from [] to [zh-CN]
04-11 22:14:32.552 30658  4159 I m.heytap.market: AssetManager2(0xb4000070e45e0428) locale list changing from [] to [zh-CN]
04-11 22:14:32.555 30658  4159 I m.heytap.market: AssetManager2(0xb4000070e45e0728) locale list changing from [] to [zh-CN]
04-11 22:14:32.558 30658  4159 I m.heytap.market: AssetManager2(0xb4000070e45e0a28) locale list changing from [] to [zh-CN]
04-11 22:14:32.561 30658  4159 I m.heytap.market: AssetManager2(0xb4000070e45e0d28) locale list changing from [] to [zh-CN]
04-11 22:14:32.565 30658  4159 I m.heytap.market: AssetManager2(0xb4000070e45df828) locale list changing from [] to [zh-CN]
04-11 22:14:32.566 30658  4159 I m.heytap.market: AssetManager2(0xb4000070e116d628) locale list changing from [] to [zh-CN]
04-11 22:14:32.568 30658  4159 I m.heytap.market: AssetManager2(0xb4000070e116d928) locale list changing from [] to [zh-CN]
04-11 22:14:32.571 30658  4159 I m.heytap.market: AssetManager2(0xb4000070e116d328) locale list changing from [] to [zh-CN]
04-11 22:14:32.572 30658  4159 I m.heytap.market: AssetManager2(0xb4000070e116e228) locale list changing from [] to [zh-CN]
04-11 22:14:32.574 30658  4159 I m.heytap.market: AssetManager2(0xb4000070e116e528) locale list changing from [] to [zh-CN]
04-11 22:14:32.576 30658  4159 I m.heytap.market: AssetManager2(0xb4000070e116e828) locale list changing from [] to [zh-CN]
04-11 22:14:32.581 30658  4159 I m.heytap.market: AssetManager2(0xb4000070e116eb28) locale list changing from [] to [zh-CN]
04-11 22:14:32.586 30658  4159 I m.heytap.market: AssetManager2(0xb4000070e116ee28) locale list changing from [] to [zh-CN]
04-11 22:14:32.587 30658  4159 I m.heytap.market: AssetManager2(0xb4000070e116df28) locale list changing from [] to [zh-CN]
04-11 22:14:32.591 30658  4159 I m.heytap.market: AssetManager2(0xb4000070e116f728) locale list changing from [] to [zh-CN]
04-11 22:14:32.598 30658  4159 I m.heytap.market: AssetManager2(0xb4000070e116fa28) locale list changing from [] to [zh-CN]
04-11 22:14:32.598  2258  2258 D SensorFeature: name=ssc_screenshot_info ,index = 22
04-11 22:14:32.598  2258  2258 D SensorFeature: write 37 bytes:964087650168598,964088011991775,275,0
04-11 22:14:32.599  3590  7333 D FusionLightNextGen: process end reported = 1, mode: 0, cnt: 527600, lux 172.0, cct 5760.3, r/g/b/c: 6595.6/4829.9/2652.1/13607.1, R/G/B: 10.0/15.0/20.0, bri 1357.0, match 1.00, ir 0.017350, conf 5.0, ts 964087935962054
04-11 22:14:32.599  2113 31710 I sensors-hal: handle_oplus_wise_rgb_event:161, wise_rgb: (31390)(cct, lux, ir)[5772.22, 171.50, 18.890867] (r, g, b, c)[6593.07, 4807.90, 2652.12, 13595.45]                 (pwm, hbm, brl, algo)[0.0 0.0 1357.0 2.0], flag 275
04-11 22:14:32.599  3590  9788 I AICCTModule: SensorFilter: brightness threshold 1.2 screenNit is 94.817 ave enviroment lux is 170.24414 luxForNit 93.21294demarcationPoint200.0 result is false
04-11 22:14:32.600  3590  9788 I AICCTModule: SensorFilter: findSecondNearestValue, sensorValue: 5738.483 nearestMaxValue:5736.6777 secondNearestValue: 5736.6777
04-11 22:14:32.600  3590  9788 I AICCTModule: SensorFilter: findSecondNearestValue, sensorValue: 170.5343 nearestMaxValue:170.38837 secondNearestValue: 170.38837
04-11 22:14:32.600 30658  4159 I m.heytap.market: AssetManager2(0xb4000070e116fd28) locale list changing from [] to [zh-CN]
04-11 22:14:32.600 30658  4159 I m.heytap.market: AssetManager2(0xb4000070d5eed028) locale list changing from [] to [zh-CN]
04-11 22:14:32.601 30658  4159 I m.heytap.market: AssetManager2(0xb4000070d5eed328) locale list changing from [] to [zh-CN]
04-11 22:14:32.602 30658  4159 I m.heytap.market: AssetManager2(0xb4000070d5eed628) locale list changing from [] to [zh-CN]
04-11 22:14:32.605 30658  4159 I m.heytap.market: AssetManager2(0xb4000070d5eed928) locale list changing from [] to [zh-CN]
04-11 22:14:32.608 30658  4159 I m.heytap.market: AssetManager2(0xb4000070d5eedc28) locale list changing from [] to [zh-CN]
04-11 22:14:32.611 30658  4159 I m.heytap.market: AssetManager2(0xb4000070d5eee228) locale list changing from [] to [zh-CN]
04-11 22:14:32.614 30658  4159 I m.heytap.market: AssetManager2(0xb4000070d5eee828) locale list changing from [] to [zh-CN]
04-11 22:14:32.615 30658  4159 I m.heytap.market: AssetManager2(0xb4000070d5eeeb28) locale list changing from [] to [zh-CN]
04-11 22:14:32.616 30658  4159 I m.heytap.market: AssetManager2(0xb4000070d5eeee28) locale list changing from [] to [zh-CN]
04-11 22:14:32.617 30658  4159 I m.heytap.market: AssetManager2(0xb4000070d5eef128) locale list changing from [] to [zh-CN]
04-11 22:14:32.618 30658  4159 I m.heytap.market: AssetManager2(0xb4000070d5eef428) locale list changing from [] to [zh-CN]
04-11 22:14:32.620 30658  4159 I m.heytap.market: AssetManager2(0xb4000070d5eefa28) locale list changing from [] to [zh-CN]
04-11 22:14:32.626 30658  4159 I m.heytap.market: AssetManager2(0xb4000070d12ba028) locale list changing from [] to [zh-CN]
04-11 22:14:32.628 30658  4159 I m.heytap.market: AssetManager2(0xb4000070d5eefd28) locale list changing from [] to [zh-CN]
04-11 22:14:32.633 30658  4159 I m.heytap.market: AssetManager2(0xb4000070d12ba928) locale list changing from [] to [zh-CN]
04-11 22:14:32.634 30658  4159 I m.heytap.market: AssetManager2(0xb4000070d12bac28) locale list changing from [] to [zh-CN]
04-11 22:14:32.635 30658  4159 I m.heytap.market: AssetManager2(0xb4000070d12baf28) locale list changing from [] to [zh-CN]
04-11 22:14:32.636 30658  4159 I m.heytap.market: AssetManager2(0xb4000070d12bb228) locale list changing from [] to [zh-CN]
04-11 22:14:32.636 13839 14674 D UlPriorityPolicyForeground: match: config has not com.binance.monitor
04-11 22:14:32.641 30658  4159 I m.heytap.market: AssetManager2(0xb4000070d12bb528) locale list changing from [] to [zh-CN]
04-11 22:14:32.643 30658  4159 I m.heytap.market: AssetManager2(0xb4000070d12bb828) locale list changing from [] to [zh-CN]
04-11 22:14:32.644 30658  4159 I m.heytap.market: AssetManager2(0xb4000070d12bbe28) locale list changing from [] to [zh-CN]
04-11 22:14:32.647 30658  4159 I m.heytap.market: AssetManager2(0xb4000070d12bc128) locale list changing from [] to [zh-CN]
04-11 22:14:32.649 30658  4159 I m.heytap.market: AssetManager2(0xb4000070d12bbb28) locale list changing from [] to [zh-CN]
04-11 22:14:32.652 30658  4159 I m.heytap.market: AssetManager2(0xb4000070d12bca28) locale list changing from [] to [zh-CN]
04-11 22:14:32.658 30658  4159 I m.heytap.market: AssetManager2(0xb4000070d12bc728) locale list changing from [] to [zh-CN]
04-11 22:14:32.660 30658  4159 I m.heytap.market: AssetManager2(0xb4000070c7068328) locale list changing from [] to [zh-CN]
04-11 22:14:32.661 30658  4159 I m.heytap.market: AssetManager2(0xb4000070c7068628) locale list changing from [] to [zh-CN]
04-11 22:14:32.665 30658  4159 I m.heytap.market: AssetManager2(0xb4000070c7068928) locale list changing from [] to [zh-CN]
04-11 22:14:32.667 30658  4159 I m.heytap.market: AssetManager2(0xb4000070c7068c28) locale list changing from [] to [zh-CN]
04-11 22:14:32.668 30658  4159 I m.heytap.market: AssetManager2(0xb4000070c7068f28) locale list changing from [] to [zh-CN]
04-11 22:14:32.669 30658  4159 I m.heytap.market: AssetManager2(0xb4000070c7069228) locale list changing from [] to [zh-CN]
04-11 22:14:32.672  2181  2506 I SDM     : DisplayBuiltIn::IdlePowerCollapse: IPC received, disabling partial update for one frame
04-11 22:14:32.674 30658  4159 I m.heytap.market: AssetManager2(0xb4000070c7068028) locale list changing from [] to [zh-CN]
04-11 22:14:32.675 30658  4159 I m.heytap.market: AssetManager2(0xb4000070c7069b28) locale list changing from [] to [zh-CN]
04-11 22:14:32.680 30658  4159 I m.heytap.market: AssetManager2(0xb4000070c7069e28) locale list changing from [] to [zh-CN]
04-11 22:14:32.682 30658  4159 I m.heytap.market: AssetManager2(0xb4000070c706a128) locale list changing from [] to [zh-CN]
04-11 22:14:32.688  3590  7344 W OPLUS_LOG_LOAD: ==LOGS PROG INFO, prog(system_server) ==
04-11 22:14:32.688  3590  7344 V AlarmManager: sending alarm Alarm{d337cac type 1 origWhen 1775916872688 whenElapsed 964088102 android} uid 1000 whenElapsed 964088102 windowLength 0 maxWhenElapsed 964088102 repeatInterval 0 action null component null tag StorgaeBandInfoAlarmTag flags 0x9 procName system_server
04-11 22:14:32.688  3590 10338 E OplusStorageUFSBandwidth: storage_io_metrics_path is /proc/oplus_storage/io_metrics/forever/
04-11 22:14:32.688  3590 10338 E OplusStorageUFSBandwidth: Bandwidth - Read: 59.50 MB/s, Write: 1.50 MB/s
04-11 22:14:32.688  3590 10338 E OplusStorageUFSBandwidth: Task time: 0ms
04-11 22:14:32.689  3590 10338 E OplusStorageUFSBandwidth: Alarm set to trigger in 10 seconds
04-11 22:14:32.691 30658  4159 I m.heytap.market: AssetManager2(0xb4000070c706a428) locale list changing from [] to [zh-CN]
04-11 22:14:32.692 30658  4159 I m.heytap.market: AssetManager2(0xb4000070c706a728) locale list changing from [] to [zh-CN]
04-11 22:14:32.693 30658  4159 I LocaleConfig: parseLocaleConfig: resourceName=com.deepseek.chat:xml/_generated_res_locale_config
04-11 22:14:32.693 30658  4159 I LocaleConfig: parseLocaleConfig: mLocales=[de,hi,fil,hr,hu,zh__#Hans,hy,zh__#Hant,uk,ur,mk,id,mr,ms,el,en,it,am,my,es,fr_CA,he,et,ar,pt_PT,vi,nb,ja,az,fa,ro,nl,be,fi,ru,bg,bn,fr,ka,sk,es_US,sl,ca,sr,kk,km,kn,sv,ko,sw,zh_HK,pt_BR,ta,cs,pa,te,th,pl,da,es_419,tr] defaultLocale=en
04-11 22:14:32.697 30658  4159 I m.heytap.market: AssetManager2(0xb4000070c706aa28) locale list changing from [] to [zh-CN]
04-11 22:14:32.700 30658  4159 I m.heytap.market: AssetManager2(0xb4000070c706ad28) locale list changing from [] to [zh-CN]
04-11 22:14:32.704 30658  4159 I m.heytap.market: AssetManager2(0xb4000070c7069828) locale list changing from [] to [zh-CN]
04-11 22:14:32.706 30658  4159 I m.heytap.market: AssetManager2(0xb4000070c71f7628) locale list changing from [] to [zh-CN]
04-11 22:14:32.708 30658  4159 I m.heytap.market: AssetManager2(0xb4000070c71f7928) locale list changing from [] to [zh-CN]
04-11 22:14:32.709 30658  4159 I m.heytap.market: AssetManager2(0xb4000070c71f7c28) locale list changing from [] to [zh-CN]
04-11 22:14:32.712 30658  4159 I m.heytap.market: AssetManager2(0xb4000070c71f7f28) locale list changing from [] to [zh-CN]
04-11 22:14:32.714 30658  4159 I m.heytap.market: AssetManager2(0xb4000070c71f8228) locale list changing from [] to [zh-CN]
04-11 22:14:32.719 30658  4159 I m.heytap.market: AssetManager2(0xb4000070c71f8528) locale list changing from [] to [zh-CN]
04-11 22:14:32.722  3590  8790 I OplusBinderProxy: pb uid: 99910345 pid: 24118 desc: com.android.internal.telephony.IPhoneStateListener/10
04-11 22:14:32.722  8406  8406 D OplusTelephonyController: onSignalStrengthChanged: SignalStrength=SignalStrength:{mCdma=CellSignalStrengthCdma: cdmaDbm=2147483647 cdmaEcio=2147483647 evdoDbm=2147483647 evdoEcio=2147483647 evdoSnr=2147483647 level=0,mGsm=CellSignalStrengthGsm: rssi=2147483647 ber=2147483647 mTa=2147483647 mLevel=0,mWcdma=CellSignalStrengthWcdma: ss=2147483647 ber=2147483647 rscp=2147483647 ecno=2147483647 level=0,mTdscdma=CellSignalStrengthTdscdma: rssi=2147483647 ber=2147483647 rscp=2147483647 level=0,mLte=CellSignalStrengthLte: rssi=2147483647 rsrp=2147483647 rsrq=2147483647 rssnr=2147483647 cqiTableIndex=2147483647 cqi=2147483647 ta=2147483647 level=0 parametersUseForLevel=0,mNr=CellSignalStrengthNr:{ csiRsrp = 2147483647 csiRsrq = 2147483647 csiCqiTableIndex = 2147483647 csiCqiReport = [] ssRsrp = -97 ssRsrq = -12 ssSinr = 4 level = 4 parametersUseForLevel = 0 timingAdvance = 2147483647 },primary=CellSignalStrengthNr}
04-11 22:14:32.722  3590  8790 I OplusBinderProxy: pb uid: 99910345 pid: 20201 desc: com.android.internal.telephony.IPhoneStateListener/10
04-11 22:14:32.722  3590  8790 I OplusBinderProxy: pb uid: 99910345 pid: 20201 desc: com.android.internal.telephony.IPhoneStateListener/10
04-11 22:14:32.723 14034 14034 D SubsysEventListenerManager-SubsysTelephonyCallback[0]: onSignalStrengthsChanged
04-11 22:14:32.723  8406  8866 D OplusImsPhoneCallTrackerImpl: slowstart -- start 
04-11 22:14:32.723 30658  4159 I m.heytap.market: AssetManager2(0xb4000070c71f8828) locale list changing from [] to [zh-CN]
04-11 22:14:32.723  8406  8866 D OplusImsPhoneCallTrackerImpl: slowstart lte rsrp: 2147483647, snr: 2147483647,sigLevel: 0
04-11 22:14:32.723  8406  8866 D OplusImsPhoneCallTrackerImpl: slowstart nr  rsrp: -97,  snr: 4, sigLevel: 2
04-11 22:14:32.723  8406  8866 D OplusImsPhoneCallTrackerImpl: slowstart bitpercent: 50,lastbitPercent: 50
04-11 22:14:32.723  8406  8866 D OplusImsPhoneCallTrackerImpl: slowstart invalid percent ,cur:50,last:50
04-11 22:14:32.723  8406  8866 D OplusImsPhoneCallTrackerImpl: slowstart -- start 
04-11 22:14:32.723  8406  8866 D OplusImsPhoneCallTrackerImpl: slowstart lte rsrp: 2147483647, snr: 2147483647,sigLevel: 0
04-11 22:14:32.723  8406  8866 D OplusImsPhoneCallTrackerImpl: slowstart nr  rsrp: -97,  snr: 4, sigLevel: 2
04-11 22:14:32.723  8406  8866 D OplusImsPhoneCallTrackerImpl: slowstart bitpercent: 50,lastbitPercent: 50
04-11 22:14:32.723  8406  8866 D OplusImsPhoneCallTrackerImpl: slowstart invalid percent ,cur:50,last:50
04-11 22:14:32.724  8338  8520 I SystemUi--Statusbar: MobileConnectionRepositoryImpl-->subId:2 isSoftSimCard:false slotId:0
04-11 22:14:32.725 30658  4159 I m.heytap.market: AssetManager2(0xb4000070c71f8e28) locale list changing from [] to [zh-CN]
04-11 22:14:32.726 30658  4159 I m.heytap.market: AssetManager2(0xb4000070c71f9128) locale list changing from [] to [zh-CN]
04-11 22:14:32.728 30658  4159 I m.heytap.market: AssetManager2(0xb4000070c71f7328) locale list changing from [] to [zh-CN]
04-11 22:14:32.728 30658  4159 I m.heytap.market: AssetManager2(0xb4000070c71f9a28) locale list changing from [] to [zh-CN]
04-11 22:14:32.732 30658  4159 I m.heytap.market: AssetManager2(0xb4000070c71f9d28) locale list changing from [] to [zh-CN]
04-11 22:14:32.736 30658  4159 I m.heytap.market: AssetManager2(0xb4000070ba5af028) locale list changing from [] to [zh-CN]
04-11 22:14:32.738 30658  4159 I m.heytap.market: AssetManager2(0xb4000070ba5af328) locale list changing from [] to [zh-CN]
04-11 22:14:32.739 30658  4159 I m.heytap.market: AssetManager2(0xb4000070ba5af628) locale list changing from [] to [zh-CN]
04-11 22:14:32.740 30658  4159 I m.heytap.market: AssetManager2(0xb4000070ba5afc28) locale list changing from [] to [zh-CN]
04-11 22:14:32.745 30658  4159 I m.heytap.market: AssetManager2(0xb4000070ba5aff28) locale list changing from [] to [zh-CN]
04-11 22:14:32.749 30658  4159 I m.heytap.market: AssetManager2(0xb4000070ba5b0528) locale list changing from [] to [zh-CN]
04-11 22:14:32.752 30658  4159 I m.heytap.market: AssetManager2(0xb4000070ba5b0828) locale list changing from [] to [zh-CN]
04-11 22:14:32.754 30658  4159 I m.heytap.market: AssetManager2(0xb4000070ba5b0e28) locale list changing from [] to [zh-CN]
04-11 22:14:32.755  4461  4544 D OplusScrollToTopManager: com.binance.monitor/com.binance.monitor.ui.main.MainActivity,This com.android.internal.policy.DecorView{112785d I.E...... R......D 0,0-1264,2780 aid=0 alpha=1.0 viewInfo = }[MainActivity] change focus to false
04-11 22:14:32.756 30658  4159 I m.heytap.market: AssetManager2(0xb4000070ba5b1128) locale list changing from [] to [zh-CN]
04-11 22:14:32.757 30658  4159 I m.heytap.market: AssetManager2(0xb4000070ba5b1428) locale list changing from [] to [zh-CN]
04-11 22:14:32.758 30658  4159 I m.heytap.market: AssetManager2(0xb4000070ba5b1728) locale list changing from [] to [zh-CN]
04-11 22:14:32.758 30658  4159 I m.heytap.market: AssetManager2(0xb4000070ba5b1a28) locale list changing from [] to [zh-CN]
04-11 22:14:32.760 30658  4159 I m.heytap.market: AssetManager2(0xb4000070ba5b1d28) locale list changing from [] to [zh-CN]
04-11 22:14:32.761 30658  4159 I m.heytap.market: AssetManager2(0xb4000070ba5b0b28) locale list changing from [] to [zh-CN]
04-11 22:14:32.763 30658  4159 I m.heytap.market: AssetManager2(0xb4000070b48ab628) locale list changing from [] to [zh-CN]
04-11 22:14:32.764 30658  4159 I m.heytap.market: AssetManager2(0xb4000070b48ab928) locale list changing from [] to [zh-CN]
04-11 22:14:32.768 30658  4159 I m.heytap.market: AssetManager2(0xb4000070b48abc28) locale list changing from [] to [zh-CN]
04-11 22:14:32.769 30658  4159 I m.heytap.market: AssetManager2(0xb4000070b48abf28) locale list changing from [] to [zh-CN]
04-11 22:14:32.769 30658  4159 I m.heytap.market: AssetManager2(0xb4000070b48ac228) locale list changing from [] to [zh-CN]
04-11 22:14:32.774 30658  4159 I m.heytap.market: AssetManager2(0xb4000070b48ac828) locale list changing from [] to [zh-CN]
04-11 22:14:32.775 30658  4159 I m.heytap.market: AssetManager2(0xb4000070b48acb28) locale list changing from [] to [zh-CN]
04-11 22:14:32.787 30658  4159 I m.heytap.market: AssetManager2(0xb4000070b48ace28) locale list changing from [] to [zh-CN]
04-11 22:14:32.790 30658  4159 I m.heytap.market: AssetManager2(0xb4000070b48ad128) locale list changing from [] to [zh-CN]
04-11 22:14:32.791 30658  4159 I m.heytap.market: AssetManager2(0xb4000070b48ac528) locale list changing from [] to [zh-CN]
04-11 22:14:32.792 30658  4159 I m.heytap.market: AssetManager2(0xb4000070b48ada28) locale list changing from [] to [zh-CN]
04-11 22:14:32.795 30658  4159 I m.heytap.market: AssetManager2(0xb4000070b48add28) locale list changing from [] to [zh-CN]
04-11 22:14:32.801  3590  8475 I OplusHansManager : addToManagedMap(), uid=10095, targetId=1, mSceneCombo.getTargetFlags()=5
04-11 22:14:32.801  3590  8475 I OplusHansManager : addToManagedMap(), uid=10095, pkgName=com.coloros.codebook, can enter SM
04-11 22:14:32.801  3590  8475 I OplusHansManager : addToManagedMap(), uid=10096, targetId=1, mSceneCombo.getTargetFlags()=5
04-11 22:14:32.801  3590  8475 I OplusHansManager : addToManagedMap(), uid=10107, targetId=1, mSceneCombo.getTargetFlags()=5
04-11 22:14:32.801  3590  8475 I OplusHansManager : addToManagedMap(), uid=10107, pkgName=com.heytap.market, can enter SM
04-11 22:14:32.801  3590  8475 I OplusHansManager : addToManagedMap(), uid=10108, targetId=1, mSceneCombo.getTargetFlags()=5
04-11 22:14:32.801  3590  8475 I OplusHansManager : addToManagedMap(), uid=10108, pkgName=com.oplus.appdetail, can enter SM
04-11 22:14:32.801  3590  8475 I OplusHansManager : addToManagedMap(), uid=10119, targetId=1, mSceneCombo.getTargetFlags()=5
04-11 22:14:32.801  3590  8475 I OplusHansManager : addToManagedMap(), uid=10119, pkgName=com.heytap.openid, can enter SM
04-11 22:14:32.801  3590  8472 I OplusHansManager : uid=10095, pkg=com.coloros.codebook enter SM
04-11 22:14:32.801  3590  8475 I OplusHansManager : addToManagedMap(), uid=10130, targetId=1, mSceneCombo.getTargetFlags()=5
04-11 22:14:32.801  3590  8475 I OplusHansManager : addToManagedMap(), uid=10136, targetId=1, mSceneCombo.getTargetFlags()=5
04-11 22:14:32.801  3590  8475 I OplusHansManager : addToManagedMap(), uid=10149, targetId=1, mSceneCombo.getTargetFlags()=5
04-11 22:14:32.801  3590  8475 I OplusHansManager : addToManagedMap(), uid=10149, pkgName=com.oplus.aiunit, can enter SM
04-11 22:14:32.801  3590  8475 I OplusHansManager : addToManagedMap(), uid=10155, targetId=1, mSceneCombo.getTargetFlags()=5
04-11 22:14:32.801  3590  8475 I OplusHansManager : addToManagedMap(), uid=10161, targetId=1, mSceneCombo.getTargetFlags()=5
04-11 22:14:32.801  3590  8472 I OplusHansManager : uid=10095, pkg=com.coloros.codebook R enter(), D stay=15716
04-11 22:14:32.801  3590  8475 I OplusHansManager : addToManagedMap(), uid=10167, targetId=1, mSceneCombo.getTargetFlags()=5
04-11 22:14:32.801  3590  8472 I OplusHansManager : uid=10107, pkg=com.heytap.market enter SM
04-11 22:14:32.801  3590  8472 I OplusHansManager : uid=10107, pkg=com.heytap.market R enter(), D stay=9688
04-11 22:14:32.801  3590  8475 I OplusHansManager : addToManagedMap(), uid=10168, targetId=1, mSceneCombo.getTargetFlags()=5
04-11 22:14:32.801  3590  8472 I OplusHansManager : uid=10108, pkg=com.oplus.appdetail enter SM
04-11 22:14:32.802  3590  8475 I OplusHansManager : addToManagedMap(), uid=10168, pkgName=com.oplus.remotecontrol, can enter SM
04-11 22:14:32.802  3590  8472 I OplusHansManager : uid=10108, pkg=com.oplus.appdetail R enter(), D stay=96421
04-11 22:14:32.802  3590  8475 I OplusHansManager : addToManagedMap(), uid=10173, targetId=1, mSceneCombo.getTargetFlags()=5
04-11 22:14:32.802  3590  8475 I OplusHansManager : addToManagedMap(), uid=10173, pkgName=com.nearme.instant.platform, can enter SM
04-11 22:14:32.802  3590  8472 I OplusHansManager : uid=10119, pkg=com.heytap.openid enter SM
04-11 22:14:32.802  3590  8472 I OplusHansManager : uid=10119, pkg=com.heytap.openid R enter(), D stay=9687
04-11 22:14:32.802  3590  8475 I OplusHansManager : addToManagedMap(), uid=10178, targetId=1, mSceneCombo.getTargetFlags()=5
04-11 22:14:32.802  3590  8475 I OplusHansManager : addToManagedMap(), uid=10179, targetId=1, mSceneCombo.getTargetFlags()=5
04-11 22:14:32.802  3590  8472 I OplusHansManager : uid=10149, pkg=com.oplus.aiunit enter SM
04-11 22:14:32.802  3590  8475 I OplusHansManager : addToManagedMap(), uid=10188, targetId=1, mSceneCombo.getTargetFlags()=5
04-11 22:14:32.802  3590  8472 I OplusHansManager : uid=10149, pkg=com.oplus.aiunit R enter(), D stay=14854
04-11 22:14:32.802  3590  8472 I OplusHansManager : uid=10168, pkg=com.oplus.remotecontrol enter SM
04-11 22:14:32.802  3590  8475 I OplusHansManager : addToManagedMap(), uid=10188, pkgName=com.coloros.weather.service, can enter SM
04-11 22:14:32.802  3590  8472 I OplusHansManager : uid=10168, pkg=com.oplus.remotecontrol R enter(), D stay=125928
04-11 22:14:32.802  3590  8475 I OplusHansManager : addToManagedMap(), uid=10190, targetId=1, mSceneCombo.getTargetFlags()=5
04-11 22:14:32.802  3590  8472 I OplusHansManager : uid=10173, pkg=com.nearme.instant.platform enter SM
04-11 22:14:32.802  3590  8475 I OplusHansManager : addToManagedMap(), uid=10191, targetId=1, mSceneCombo.getTargetFlags()=5
04-11 22:14:32.802  3590  8475 I OplusHansManager : addToManagedMap(), uid=10191, pkgName=com.coloros.securityguard, can enter SM
04-11 22:14:32.802  3590  8475 I OplusHansManager : addToManagedMap(), uid=10192, targetId=1, mSceneCombo.getTargetFlags()=5
04-11 22:14:32.802  3590  8475 I OplusHansManager : addToManagedMap(), uid=10199, targetId=1, mSceneCombo.getTargetFlags()=5
04-11 22:14:32.802  3590  8472 I OplusHansManager : uid=10173, pkg=com.nearme.instant.platform R enter(), D stay=9687
04-11 22:14:32.802  3590  8475 I OplusHansManager : addToManagedMap(), uid=10199, pkgName=com.oplus.stdsp, can enter SM
04-11 22:14:32.802  3590  8475 I OplusHansManager : addToManagedMap(), uid=10201, targetId=1, mSceneCombo.getTargetFlags()=5
04-11 22:14:32.802  3590  8475 I OplusHansManager : addToManagedMap(), uid=10218, targetId=1, mSceneCombo.getTargetFlags()=5
04-11 22:14:32.802  3590  8475 I OplusHansManager : addToManagedMap(), uid=10241, targetId=1, mSceneCombo.getTargetFlags()=5
04-11 22:14:32.802  3590  8475 I OplusHansManager : addToManagedMap(), uid=10245, targetId=1, mSceneCombo.getTargetFlags()=5
04-11 22:14:32.802  3590  8475 I OplusHansManager : addToManagedMap(), uid=10253, targetId=1, mSceneCombo.getTargetFlags()=5
04-11 22:14:32.802  3590  8475 I OplusHansManager : addToManagedMap(), uid=10260, targetId=1, mSceneCombo.getTargetFlags()=5
04-11 22:14:32.802  3590  8472 I OplusHansManager : uid=10188, pkg=com.coloros.weather.service enter SM
04-11 22:14:32.802  3590  8475 I OplusHansManager : addToManagedMap(), uid=10298, targetId=1, mSceneCombo.getTargetFlags()=5
04-11 22:14:32.802  3590  8475 I OplusHansManager : addToManagedMap(), uid=10298, pkgName=com.coloros.calendar, can enter SM
04-11 22:14:32.802  3590  8475 I OplusHansManager : addToManagedMap(), uid=10301, targetId=1, mSceneCombo.getTargetFlags()=5
04-11 22:14:32.802  3590  8472 I OplusHansManager : uid=10188, pkg=com.coloros.weather.service R enter(), D stay=10381
04-11 22:14:32.802  3590  8475 I OplusHansManager : addToManagedMap(), uid=10301, pkgName=com.finshell.wallet, can enter SM
04-11 22:14:32.802  3590  8475 I OplusHansManager : addToManagedMap(), uid=10313, targetId=1, mSceneCombo.getTargetFlags()=5
04-11 22:14:32.802  3590  8472 I OplusHansManager : uid=10191, pkg=com.coloros.securityguard enter SM
04-11 22:14:32.802  3590  8475 I OplusHansManager : addToManagedMap(), uid=10318, targetId=1, mSceneCombo.getTargetFlags()=5
04-11 22:14:32.802  3590  8475 I OplusHansManager : addToManagedMap(), uid=10318, pkgName=com.coloros.weather2, can enter SM
04-11 22:14:32.802  3590  8472 I OplusHansManager : uid=10191, pkg=com.coloros.securityguard R enter(), D stay=10357
04-11 22:14:32.802  3590  8475 I OplusHansManager : addToManagedMap(), uid=10319, targetId=1, mSceneCombo.getTargetFlags()=5
04-11 22:14:32.802  3590  8475 I OplusHansManager : addToManagedMap(), uid=10327, targetId=1, mSceneCombo.getTargetFlags()=5
04-11 22:14:32.802  3590  8472 I OplusHansManager : uid=10199, pkg=com.oplus.stdsp enter SM
04-11 22:14:32.802  3590  8472 I OplusHansManager : uid=10199, pkg=com.oplus.stdsp R enter(), D stay=100550
04-11 22:14:32.802  3590  8472 I OplusHansManager : uid=10298, pkg=com.coloros.calendar enter SM
04-11 22:14:32.802  3590  8472 I OplusHansManager : uid=10298, pkg=com.coloros.calendar R enter(), D stay=9688
04-11 22:14:32.802  3590  8472 I OplusHansManager : uid=10301, pkg=com.finshell.wallet enter SM
04-11 22:14:32.802  3590  8472 I OplusHansManager : uid=10301, pkg=com.finshell.wallet R enter(), D stay=9688
04-11 22:14:32.802  3590  8472 I OplusHansManager : uid=10318, pkg=com.coloros.weather2 enter SM
04-11 22:14:32.802  3590  8472 I OplusHansManager : uid=10318, pkg=com.coloros.weather2 R enter(), D stay=10381
04-11 22:14:32.802  3590  8475 I OplusHansManager : addToManagedMap(), uid=10338, targetId=1, mSceneCombo.getTargetFlags()=5
04-11 22:14:32.805 30658  4159 I m.heytap.market: AssetManager2(0xb4000070af42d028) locale list changing from [] to [zh-CN]
04-11 22:14:32.810 30658  4159 I m.heytap.market: AssetManager2(0xb4000070af42d328) locale list changing from [] to [zh-CN]
04-11 22:14:32.812 30658  4159 I m.heytap.market: AssetManager2(0xb4000070af42d628) locale list changing from [] to [zh-CN]
04-11 22:14:32.817  2113 20704 I sensors-hal: handle_oplus_wise_rgb_event:189, high_pwm_light:lux 173.5,cct 5781.7,brl/algo/ir 1357.0/2.0/18.4,pwm/dc 0.0/0.0,rgbc 6637.939453/4838.702637/2660.949219/13649.083984,ts 964088014051221,cnt 31397,flag 65811
04-11 22:14:32.817  2113 31710 I sensors-hal: handle_oplus_wise_rgb_event:161, wise_rgb: (31395)(cct, lux, ir)[5781.72, 173.53, 18.399158] (r, g, b, c)[6620.49, 4829.90, 2652.12, 13684.06]                 (pwm, hbm, brl, algo)[0.0 0.0 1357.0 2.0], flag 275
04-11 22:14:32.822 30658  4159 I m.heytap.market: AssetManager2(0xb4000070af42d928) locale list changing from [] to [zh-CN]
04-11 22:14:32.827 30658  4159 I m.heytap.market: AssetManager2(0xb4000070af42df28) locale list changing from [] to [zh-CN]
04-11 22:14:32.828  4461  4544 D OplusScrollToTopManager: com.binance.monitor/com.binance.monitor.ui.account.AccountStatsBridgeActivity,This com.android.internal.policy.DecorView{d00f795 V.E...... R....... 0,0-1264,2780 aid=1 alpha=1.0 viewInfo = }[AccountStatsBridgeActivity] change focus to true
04-11 22:14:32.831 30658  4159 I m.heytap.market: AssetManager2(0xb4000070af42e228) locale list changing from [] to [zh-CN]
04-11 22:14:32.833 30658  4159 I m.heytap.market: AssetManager2(0xb4000070af42eb28) locale list changing from [] to [zh-CN]
04-11 22:14:32.837 30658  4159 I m.heytap.market: AssetManager2(0xb4000070af42ee28) locale list changing from [] to [zh-CN]
04-11 22:14:32.839 30658  4159 I m.heytap.market: AssetManager2(0xb4000070af42f128) locale list changing from [] to [zh-CN]
04-11 22:14:32.845 30658  4159 I m.heytap.market: AssetManager2(0xb4000070af42f428) locale list changing from [] to [zh-CN]
04-11 22:14:32.850 30658  4159 I m.heytap.market: AssetManager2(0xb4000070af42fa28) locale list changing from [] to [zh-CN]
04-11 22:14:32.855 30658  4159 I m.heytap.market: AssetManager2(0xb4000070af42fd28) locale list changing from [] to [zh-CN]
04-11 22:14:32.857  3590  7389 W Binder  : Outgoing transactions from this process must be FLAG_ONEWAY
04-11 22:14:32.857  3590  7389 W Binder  : java.lang.Throwable
04-11 22:14:32.857  3590  7389 W Binder  : 	at android.os.BinderProxy.transact(BinderProxy.java:639)
04-11 22:14:32.857  3590  7389 W Binder  : 	at android.content.ContentProviderProxy.insert(ContentProviderNative.java:587)
04-11 22:14:32.857  3590  7389 W Binder  : 	at android.content.ContentProviderClient.insert(ContentProviderClient.java:347)
04-11 22:14:32.857  3590  7389 W Binder  : 	at android.content.ContentProviderClient.insert(ContentProviderClient.java:336)
04-11 22:14:32.857  3590  7389 W Binder  : 	at com.oplus.util.OplusStatisticsImpl.insert(OplusStatisticsImpl.java:307)
04-11 22:14:32.857  3590  7389 W Binder  : 	at com.oplus.util.OplusStatisticsImpl.sendDataToDCS(OplusStatisticsImpl.java:287)
04-11 22:14:32.857  3590  7389 W Binder  : 	at com.oplus.util.OplusStatisticsImpl.flushInternal(OplusStatisticsImpl.java:264)
04-11 22:14:32.857  3590  7389 W Binder  : 	at com.oplus.util.OplusStatisticsImpl.lambda$setDelayFlushJobIfNeed$4(OplusStatisticsImpl.java:211)
04-11 22:14:32.857  3590  7389 W Binder  : 	at com.oplus.util.OplusStatisticsImpl.$r8$lambda$4UYTp2NCu6Rml69JNqEuK7o54SI(Unknown Source:0)
04-11 22:14:32.857  3590  7389 W Binder  : 	at com.oplus.util.OplusStatisticsImpl$$ExternalSyntheticLambda5.run(D8$$SyntheticClass:0)
04-11 22:14:32.857  3590  7389 W Binder  : 	at java.util.concurrent.Executors$RunnableAdapter.call(Executors.java:524)
04-11 22:14:32.857  3590  7389 W Binder  : 	at java.util.concurrent.FutureTask.run(FutureTask.java:343)
04-11 22:14:32.857  3590  7389 W Binder  : 	at java.util.concurrent.ScheduledThreadPoolExecutor$ScheduledFutureTask.run(ScheduledThreadPoolExecutor.java:348)
04-11 22:14:32.857  3590  7389 W Binder  : 	at java.util.concurrent.ThreadPoolExecutor.runWorker(ThreadPoolExecutor.java:1156)
04-11 22:14:32.857  3590  7389 W Binder  : 	at java.util.concurrent.ThreadPoolExecutor$Worker.run(ThreadPoolExecutor.java:651)
04-11 22:14:32.857  3590  7389 W Binder  : 	at java.lang.Thread.run(Thread.java:1119)
04-11 22:14:32.858 30658  4159 I m.heytap.market: AssetManager2(0xb4000070af57c028) locale list changing from [] to [zh-CN]
04-11 22:14:32.865 30658  4159 I m.heytap.market: AssetManager2(0xb4000070af57c328) locale list changing from [] to [zh-CN]
04-11 22:14:32.875 30658  4159 I m.heytap.market: AssetManager2(0xb4000070af57c628) locale list changing from [] to [zh-CN]
04-11 22:14:32.879 30658  4159 I m.heytap.market: AssetManager2(0xb4000070af57c928) locale list changing from [] to [zh-CN]
04-11 22:14:32.890 30658  4159 I m.heytap.market: AssetManager2(0xb4000070af42e828) locale list changing from [] to [zh-CN]
04-11 22:14:32.891 30658  4159 I m.heytap.market: AssetManager2(0xb4000070af57d228) locale list changing from [] to [zh-CN]
04-11 22:14:32.898 30658  4159 I m.heytap.market: AssetManager2(0xb4000070af57cf28) locale list changing from [] to [zh-CN]
04-11 22:14:32.906 30658  4159 I m.heytap.market: AssetManager2(0xb4000070af57db28) locale list changing from [] to [zh-CN]
04-11 22:14:32.914 30658  4159 I m.heytap.market: AssetManager2(0xb4000070af57e128) locale list changing from [] to [zh-CN]
04-11 22:14:32.923 30658  4159 I m.heytap.market: AssetManager2(0xb4000070af57e728) locale list changing from [] to [zh-CN]
04-11 22:14:32.925 30658  4159 I m.heytap.market: AssetManager2(0xb4000070af57ed28) locale list changing from [] to [zh-CN]
