04-11 22:14:23.638 14034  6711 D SubsysRadioIndication[0]: radioQosPeriodReportInd result [8, -52, -101, -78, -33, 14, 34, 12, 8, -2, -21, -79, -33, 14, 16, 4, 24, 1, 32, 3, 58, 61, 8, -123, -112, -78, -33, 14, 16, 5, 24, -64, -92, 38, 32, -22, 6, 40, -96, -1, -1, -1, -1, -1, -1, -1, -1, 1, 48, -11, -1, -1, -1, -1, -1, -1, -1, -1, 1, 56, 3, 64, -101, -1, -1, -1, -1, -1, -1, -1, -1, 1, 72, -96, -1, -1, -1, -1, -1, -1, -1, -1, 1, 66, 29, 8, -75, -61, -80, -34, 14, 16, 5, 34, 19, 8, -64, -92, 38, 16, -22, 6, 24, 78, 32, 13, 40, -117, -32, -94, -93, 2, 48, 2, 90, 0, 98, 10, 8, -62, -67, -80, -34, 14, 16, 3, 24, 5, 122, 15, 8, -102, -66, -80, -34, 14, 16, -122, 2, 24, -21, 1, 32, -12, 8]
04-11 22:14:23.639 14034 14034 D NetworkService[0]: handleMessage what:1005
04-11 22:14:23.639 14034 14034 D RadioAtomTracker: parseQosPeriodData ModemQos:CellularQosInfo2{5G, 627264/874, EndcState=0, Band=78, DLBW=13, Rsrp=-96, Rsrq=-11, Snr=3, SvcStatus=3, ULPDCPNumDataPdu=-1, ULPDCPNumDropPdu=-1, ULPDCPTput=-1, ULRLCNumDataPdu=-1, ULRLCNumRetxPdu=-1, ULGrant=-1, ULBSR=-1, ULBler=-1, DLPDCPNumDataPdu=-1, DLPDCPTput=-1, DLRLCNumDataPdu=-1, DLRLCNumRetxPdu=-1, DLRLCNumDropPdu=-1, DLMACPaddingBytes=-1, DLPdcpNumMissToUppPdu=-1, DLBler=-1, RlfCount=0, CellChangeCount=0, IsRedirectionOccur=0, IsDualSimConflict=0, Latency=0, Sub1RrcState=1, Sub2RrcState=3, RachCount=0, CalcPower=262, Mtpl=235, PathLoss=1140, CellLoad=0}
04-11 22:14:23.639 14034 14034 D NetworkService[0]: EVENT_REG_QOS_PERIOD_REPORT_IND_CHANGED ENTER
04-11 22:14:23.639 14034 14034 D AtomModemKpiInfo: handleMessage what:1001
04-11 22:14:23.639 14034 14034 D AtomModemKpiInfo: analyseQosInfo success
04-11 22:14:23.641 10385 10645 I ThermalEngine: ACTION: CPU - Setting CPU[6] to 4
04-11 22:14:23.651 10385 10645 I ThermalEngine: ACTION: CPU - Setting CPU[6] to 3
04-11 22:14:23.661 10385 10645 I ThermalEngine: ACTION: CPU - Setting CPU[6] to 5
04-11 22:14:23.671 10385 10645 I ThermalEngine: ACTION: CPU - Setting CPU[6] to 3
04-11 22:14:23.681 10385 10645 I ThermalEngine: ACTION: CPU - Setting CPU[6] to 4
04-11 22:14:23.712 10385 10645 I ThermalEngine: ACTION: CPU - Setting CPU[6] to 3
04-11 22:14:23.722 10385 10645 I ThermalEngine: ACTION: CPU - Setting CPU[6] to 4
04-11 22:14:23.732 10385 10645 I ThermalEngine: ACTION: CPU - Setting CPU[6] to 2
04-11 22:14:23.742 10385 10645 I ThermalEngine: ACTION: CPU - Setting CPU[6] to 3
04-11 22:14:23.762 14034 14034 D SubsysEventListenerManager-SubsysTelephonyCallback[1]: onSignalStrengthsChanged
04-11 22:14:23.762  8338  8338 D Tile.OplusCellularTile: refreshState: tile not listening, ignore
04-11 22:14:23.763  8338  8520 I SystemUi--Statusbar: MobileConnectionRepositoryImpl-->subId:1 isSoftSimCard:false slotId:1
04-11 22:14:23.768  4461  4461 D WindowManager: Add to mViews: android.widget.FrameLayout{4a34642 V.E...... ......I. 0,0-0,0 #7f080211 app:id/rootFloating alpha=1.0 viewInfo = },pkg= null
04-11 22:14:23.768  4461  4574 D skia    : setRusSupported enable 0
04-11 22:14:23.768 10385 10443 I ThermalEngine: VIRTUAL-CPU-L-PID, Update received trip sensor cpu-1-0-1 79900
04-11 22:14:23.769 10385 10645 I ThermalEngine: ACTION: CPU - Setting CPU[6] to 0
04-11 22:14:23.770  3590  3647 I WindowManager: addWindow: New client android.os.BinderProxy@a19656b : window=Window{2ff0d61 u0 com.binance.monitor}
04-11 22:14:23.771  4461  4461 D ViewRootImplExtImpl: onDisplayChanged -1 for VRI android.view.ViewRootImpl@4474c89
04-11 22:14:23.777  4461  4461 D VRI[MainActivity]: onFocusEvent true
04-11 22:14:23.779  3590  3647 W ForegroundServiceTypeLoggerModule: Foreground service start for UID: 10512 does not have any types
04-11 22:14:23.779  8338 10145 I SystemUi--QuickSettings: OplusFgsManagerController-->onForegroundStateChanged: com.binance.monitor 0 true 1
04-11 22:14:23.780  8338 10145 I SystemUi--QuickSettings: OplusFgsManagerController-->onForegroundStateChanged numPackagesAfter: 2
04-11 22:14:23.780 14034 15457 I ConferenceScene: onForegroundServiceStateChanged 4461 10512 1 fg_stateMachinesuid is null
04-11 22:14:23.780  8338  8430 I SystemUi--QuickSettings: OplusSeparateQSPrivacyManager-->onNumberOfPackagesChanged numPackages 2
04-11 22:14:23.780  3590  3836 D NotificationService--OplusNotificationFixHelper: fixAppIcon: pkg=com.binance.monitor
04-11 22:14:23.780  3590  3836 D NotificationService--OplusNotificationFixHelper: fixAppIcon: appIcon = null, pkg = com.binance.monitor
04-11 22:14:23.782  2113 31716 I sensors-hal: handle_sns_std_sensor_event:114, oplus rgb_rear sample: (cct, lux, ir, x, y)[5674, 8, 17, 328, 359]
04-11 22:14:23.782  2113 31716 I sensors-hal: handle_sns_std_sensor_event:116, oplus rgb_rear sample: (r, g, b, c w)[384, 784, 157, 14, 0]
04-11 22:14:23.784  4461  4608 D libc-netbsd: [oplusDnsOpenProxy]: __netdClientDispatch.connect errno = 111
04-11 22:14:23.784  4461  4606 D libc-netbsd: [oplusDnsOpenProxy]: __netdClientDispatch.connect errno = 111
04-11 22:14:23.784  4461  4606 D DNS_CACHE: oplus_oplus_getaddrinfo_proxy open dns proxy failed, use android flow: 10512
04-11 22:14:23.784  4461  4608 D DNS_CACHE: oplus_oplus_getaddrinfo_proxy open dns proxy failed, use android flow: 10512
04-11 22:14:23.786 28141 28333 I GoLog   : from udp:127.0.0.1:57707 accepted udp:114.114.114.114:53 [socks -> dns-out]
04-11 22:14:23.787 28141 28333 I GoLog   : from udp:127.0.0.1:45485 accepted udp:114.114.114.114:53 [socks -> dns-out]
04-11 22:14:23.787 10385 10548 I ThermalEngine: VIRTUAL-CPU-L-PID, Update received trip sensor cpu-1-1-1 92300
04-11 22:14:23.787 10330 10351 I ostats_tpd: stats_write, records atomId:100100, event_id:903, cpu:0, values: 903-0-1-213-(cpu-1-1-1)-28-0-1
04-11 22:14:23.787 10330 10351 I ostats_tpd: stats_write, records atomId:100100, event_id:903, cpu:1, values: 903-0-1-10614-(cpu-1-1-1)-28-0-1
04-11 22:14:23.792  3590  8777 I OplusHansManager : FastFreeze enter, freeze uids: []
04-11 22:14:23.793  3590  8777 I OplusHansManager : enter FastFreezer, frontApp: 10512, frozen uids: [], important uids: {10295=input, 10296=exemptionFromFreezer-{10296}, 10397=vpn}, reason: skip-frame
04-11 22:14:23.796  4461  4461 E OplusBracketLog: [OplusViewMirrorManager] updateHostViewRootIfNeeded, not support android.view.ViewRootImpl@4474c89
04-11 22:14:23.796  4461  4461 D WindowOnBackDispatcher:  predictive settings is disabled for com.binance.monitor
04-11 22:14:23.796  4461  4461 D WindowOnBackDispatcher:  predictive settings is disabled for com.binance.monitor
04-11 22:14:23.796  3590  3647 D CoreBackPreview: Window{2ff0d61 u0 com.binance.monitor}: Setting back callback OnBackInvokedCallbackInfo{mCallback=android.window.IOnBackInvokedCallback$Stub$Proxy@7d10a5e, mPriority=0, mIsAnimationCallback=false, mOverrideBehavior=0}
04-11 22:14:23.796  3590  9025 V WindowManager: Relayout Window{2ff0d61 u0 com.binance.monitor}: viewVisibility=0, oldvis=0, req=315x422 , apr = 0, vsysui=, x=42, y=420
04-11 22:14:23.796  3590  9025 I WindowManager: Window{2ff0d61 u0 com.binance.monitor} state from NO_SURFACE to DRAW_PENDING; reason: resetDrawState
04-11 22:14:23.797  3590  9025 D InsetsSourceProvider: updateSourceFrameForServerVisibility mandatorySystemGestures EMPTY_RECT
04-11 22:14:23.797  3590  9025 D InsetsSourceProvider: updateSourceFrameForServerVisibility mandatorySystemGestures EMPTY_RECT
04-11 22:14:23.797  3590  9025 D WindowManager: NFW_findFocusedWindowIfNeeded:Window{22eb8b9 u0 com.binance.monitor/com.binance.monitor.ui.main.MainActivity} mCurrentFocus:Window{22eb8b9 u0 com.binance.monitor/com.binance.monitor.ui.main.MainActivity}
04-11 22:14:23.798  4461  4461 D BufferQueueConsumer: [](id:116d00000001,api:0,p:-1,c:4461) connect: controlledByApp=false
04-11 22:14:23.798  4461  4461 D BufferQueueConsumer: [VRI[]#1(BLAST Consumer)1](id:116d00000001,api:0,p:-1,c:4461) setMaxAcquiredBufferCount: 2
04-11 22:14:23.798  4461  4574 D BufferQueueProducer: [VRI[]#1(BLAST Consumer)1](id:116d00000001,api:1,p:4461,c:4461) connect: api=1 producerControlledByApp=true
04-11 22:14:23.799  4461  4461 I SurfaceControl:  setExtendedRangeBrightness sc=Surface(name=)/@0xadc21f0,currentBufferRatio=1.0,desiredRatio=1.0
04-11 22:14:23.800  4461  4574 D BLASTBufferQueue: [VRI[]#1](f:0,a:1) acquireNextBufferLocked size=315x422 mFrameNumber=1 applyTransaction=true mTimestamp=915051078636245(auto) mPendingTransactions.size=0 graphicBufferId=19159849107461 transform=0
04-11 22:14:23.800  4461  4574 D VRI[]   : Received frameCommittedCallback lastAttemptedDrawFrameNum=1 didProduceBuffer=true syncBuffer=false
04-11 22:14:23.801  4461  4461 D VRI[]   : draw finished. seqId=0
04-11 22:14:23.801  3590  9025 I WindowManager: Window{2ff0d61 u0 com.binance.monitor} state from DRAW_PENDING to COMMIT_DRAW_PENDING; reason: finishDrawingLocked
04-11 22:14:23.801  4461  4461 W VRI[MainActivity]: handleResized, msg:, frameChanged:false, configChanged:false, displayChanged:false, attachedFrameChanged:false, compatScaleChanged:false, pendingDragResizing=false
04-11 22:14:23.801  3590  3796 D InsetsSourceProvider: updateSourceFrameForServerVisibility mandatorySystemGestures EMPTY_RECT
04-11 22:14:23.801  3590  3796 D InsetsSourceProvider: updateSourceFrameForServerVisibility mandatorySystemGestures EMPTY_RECT
04-11 22:14:23.801  3590  3796 I WindowManager: Window{2ff0d61 u0 com.binance.monitor} state from COMMIT_DRAW_PENDING to READY_TO_SHOW; reason: commitFinishDrawingLocked
04-11 22:14:23.801  4461  4461 I DynamicFramerate [FRTCConfigManager]: initFrameRateConfig: 
04-11 22:14:23.801  4461  4461 I DynamicFramerate [FRTCConfigManager]: 	levelsFor120hz: [120, 90, 72, 60]
04-11 22:14:23.801  4461  4461 I DynamicFramerate [FRTCConfigManager]: 	thresholdsFor120hz: [1080, 300, 200]
04-11 22:14:23.801  4461  4461 I DynamicFramerate [FRTCConfigManager]: 	levelsFor90hz: [90]
04-11 22:14:23.801  4461  4461 I DynamicFramerate [FRTCConfigManager]: 	thresholdsFor90hz: []
04-11 22:14:23.801  4461  4461 I DynamicFramerate [FRTCConfigManager]: FRTCConfigManager: FRTC_CAPABILITY = 360, package name = com.binance.monitor, WINDOW_ANIMATION_SPEED_RATE = 10, SCROLL_ANIMATION_SPEED_RATE = 20, PACKAGE_ENABLE = false
04-11 22:14:23.801  4461  4461 I DynamicFramerate [DynamicFrameRateController]: init info: mPackageName = com.binance.monitor, mIsEnabled = false
04-11 22:14:23.801  3590  3796 I WindowManager: Window{2ff0d61 u0 com.binance.monitor} state from READY_TO_SHOW to HAS_DRAWN; reason: performShowLocked
04-11 22:14:23.803  4461  4615 D libc-netbsd: [oplusDnsOpenProxy]: __netdClientDispatch.connect errno = 111
04-11 22:14:23.803  4461  4615 D DNS_CACHE: oplus_oplus_getaddrinfo_proxy open dns proxy failed, use android flow: 10512
04-11 22:14:23.805  3590  7380 D InputMethodManagerService: isSecurity: attribute.packageName = com.binance.monitor mCurMethodId = com.sohu.inputmethod.sogou/.SogouIME isSecurity = false ( enable = true needShow = false inBlackList = false isExist = true )
04-11 22:14:23.805  3590  7380 I ImeTracker: com.binance.monitor:19d30a63: onRequestHide at ORIGIN_SERVER reason HIDE_UNSPECIFIED_WINDOW fromUser false
04-11 22:14:23.807  3590  3647 I ImeTracker: system_server:699a8a1a: onRequestHide at ORIGIN_SERVER reason IME_REQUESTED_CHANGED_LISTENER fromUser false
04-11 22:14:23.807  3590  7380 I ImeTracker: system_server:699a8a1a: onCancelled at PHASE_SERVER_SHOULD_HIDE
04-11 22:14:23.808  3590  3796 D InsetsSourceProvider: updateSourceFrameForServerVisibility mandatorySystemGestures EMPTY_RECT
04-11 22:14:23.808  3590  3830 I UserAwareMgr: handleFgAppChanged, pkgName: com.binance.monitor, pid: 4461, isVisible: true, fgAppType: FG2
04-11 22:14:23.808  3590  3830 I UserAwareMgr: fg app status not changed, beforeVisible: true, currentVisible: true
04-11 22:14:23.808  3590  7998 I Osense-FloatWindowComplexScene: getNoSharedData pid=13839,result=[Bundle[{isExitWindow=false, isFocused=false, taskId=2, pkgName=com.android.launcher, isVisible=true, pid=8730, uid=10214, type=1, hwuiTaskThreads=[9163, 9164], renderThreadTid=8905, activityName=com.android.launcher/.Launcher, isEnter=false}];Bundle[{isExitWindow=false, isFocused=false, taskId=13207, pkgName=com.binance.monitor, isVisible=true, pid=4461, uid=10512, type=1, hwuiTaskThreads=[4598, 4599], renderThreadTid=4574, activityName=com.binance.monitor/.ui.main.MainActivity, isEnter=false}];Bundle[{isExitWindow=false, isFocused=true, floatWindowType=3, taskId=-1, pkgName=com.binance.monitor, isVisible=true, pid=4461, uid=10512, type=2, hwuiTaskThreads=[4598, 4599], renderThreadTid=4574, activityName=null, isEnter=false}]]
04-11 22:14:23.808  3590  3872 D OplusFeatureUIR: Receive float window scene changed eventId = 3 bundleList.size = 3 mFloatWindowApps [com.binance.monitor] mCurrentPkg com.binance.monitor
04-11 22:14:23.808 13839 30905 D UserAppScenarioEvent: mComplexSceneObserver eventId: 3, bundle: [Bundle[mParcelledData.dataSize=500], Bundle[mParcelledData.dataSize=516], Bundle[mParcelledData.dataSize=472]]
04-11 22:14:23.808  3590  7998 I [UAH_CLIENT]: uahRuleCtl, ruleId:206, status:2
04-11 22:14:23.808  3590  3830 W QosScheduler: executeSceneQosStrategy failed! qos feature no enable
04-11 22:14:23.809 13839 14694 D AMC     : [TriggerForeground] handleFloatWindowStateChanged on:true
04-11 22:14:23.809  3590  3875 D VRR [OPlusSurfaceFlingerController]:  setComplexSceneEnable : true
04-11 22:14:23.809  3590  3795 D PendingIntent: getActivity use FLAG_CANCEL_CURRENT, packageName = android
04-11 22:14:23.810  8338  8338 I SystemUi--Notification: OplusLiveAlertNotificationsRepository-->onNotificationChannelModified: android 0 “交易终端”正在其他应用的上层显示内容 1
04-11 22:14:23.814  3590  3795 D NotificationService--OplusNotificationFixHelper: fixAppIcon: pkg=android
04-11 22:14:23.814  3590  3795 D NotificationService--OplusNotificationFixHelper: fixAppIcon: appIcon = null, pkg = android
04-11 22:14:23.814  3590  3795 D NotificationService--NotificationRecord: isSupportRearLight , isRearLight = false mLedRM = false isMultilLed = false
04-11 22:14:23.814  3590  3795 I OplusStatusBarManagerServiceEnhance:  getTopIsFullscreen mTopIsFullscreen: false
04-11 22:14:23.814  3590  3590 D NotificationService--OplusNotificationManagerServiceExtImpl: isForwardToAssistants: false, case : Is in mMcsNotInterceptPkgList or is isSystemApp
04-11 22:14:23.814  3590  3590 D NotificationService: This application enqueue notifications is not need postDelayed
04-11 22:14:23.816  3590  3830 W QosSceneRecognizer[NotificationScene]: get pid failed while enterNotificationScene, processInfos is null! uid: -1
04-11 22:14:23.816  8338  8338 I SystemUi--Notification: OplusLiveAlertNotificationsRepository-->onRankingApplied
04-11 22:14:23.818  4461  4574 D VRI[MainActivity]: Received frameCommittedCallback lastAttemptedDrawFrameNum=3 didProduceBuffer=true syncBuffer=false
04-11 22:14:23.818  4461  4461 D VRI[MainActivity]: draw finished. seqId=0
04-11 22:14:23.819  3590  3796 D InsetsSourceProvider: updateSourceFrameForServerVisibility mandatorySystemGestures EMPTY_RECT
04-11 22:14:23.819  3590  3796 D InsetsSourceProvider: updateSourceFrameForServerVisibility mandatorySystemGestures EMPTY_RECT
04-11 22:14:23.820  2181 26958 I SDM     : PartialUpdateSrcSplit::SetCwbRoiForNonPU: CWB ROI Rect(754.000000 49.000000 794.000000 119.000000)
04-11 22:14:23.828 10385 10645 I ThermalEngine: ACTION: CPU - Setting CPU[6] to 5
04-11 22:14:23.829  8338  8338 E LockScreenNotificationDispatcherImp: updateNotificationListOnKg size:0
04-11 22:14:23.829  3590  9025 D NotificationService--OplusNotificationFixHelper: fixAppIcon: pkg=com.binance.monitor
04-11 22:14:23.829  3590  9025 D NotificationService--OplusNotificationFixHelper: fixAppIcon: appIcon = null, pkg = com.binance.monitor
04-11 22:14:23.830  4461  4461 D InsetsController: hide(ime(), fromIme=false)
04-11 22:14:23.830  4461  4461 I ImeTracker: com.binance.monitor:19d30a63: onCancelled at PHASE_CLIENT_ALREADY_HIDDEN
04-11 22:14:23.830  8338  8338 I SystemUi--Notification: LockScreenNotificationDispatcherImp-->updateNotificationListOnKg resultCode: 0
04-11 22:14:23.831  8338  8338 W SystemUi--Common: SubsetBitmapDrawable-->[isValid] innerBitmap?.isRecycled=null
04-11 22:14:23.831  4461  4574 D VRI[]   : Received frameCommittedCallback lastAttemptedDrawFrameNum=2 didProduceBuffer=false syncBuffer=false
04-11 22:14:23.831  4461  4461 D VRI[]   : draw finished. seqId=0
04-11 22:14:23.831  3590  3796 D InsetsSourceProvider: updateSourceFrameForServerVisibility mandatorySystemGestures EMPTY_RECT
04-11 22:14:23.832  3590  3796 D InsetsSourceProvider: updateSourceFrameForServerVisibility mandatorySystemGestures EMPTY_RECT
04-11 22:14:23.833 10385 10548 I ThermalEngine: VIRTUAL-CPU-L-PID, Update received trip sensor cpu-1-1-1 79900
04-11 22:14:23.833 10385 10645 I ThermalEngine: ACTION: CPU - Setting CPU[6] to 0
04-11 22:14:23.840  3590  7998 D JobSchedulerServiceExtImpl: updateOsenseRestrictMode for 1 false false
04-11 22:14:23.840  3590  8280 I Osense-BaseDecisionMaker: notifySceneToAthenaPolicy: SCENE_ACTIVITY_IDLE, bundle: Bundle[{scene=SCENE_ACTIVITY_IDLE}]
04-11 22:14:23.841  8730  8730 I SplitScreenManager: Attached Launcher#cbc0fb1 ON_STOP
04-11 22:14:23.841  8730  8730 I AutofillManager: onInvisibleForAutofill(): expiringResponse
04-11 22:14:23.841  8730  8730 W LauncherClient[u0]: isConnected false because mOverlay is null
04-11 22:14:23.842  3590  3830 I UserAwareMgr: handleAppChangedToBg, pkgName: com.android.launcher, pid: 8730
04-11 22:14:23.842  8730  8730 D AnimSeqTimeStamp: resetLastLaunchTaskTime
04-11 22:14:23.842  8730  8853 I ImeTracker: com.android.launcher:29b6ef64: onRequestHide at ORIGIN_CLIENT reason HIDE_SOFT_INPUT fromUser false
04-11 22:14:23.842  8730  8853 I ImeTracker: com.android.launcher:29b6ef64: onFailed at PHASE_CLIENT_VIEW_SERVED
04-11 22:14:23.843  3590  9134 D OplusStartingWindowManager: skip remove starting window for activity = ActivityRecord{75462386 u0 com.android.launcher/.Launcher t2} ,ar != topActivityContainsStartingWindow on activityStopped
04-11 22:14:23.844  8337  9773 V OsAgent : broadcastSystemEvent - 7
04-11 22:14:23.844  3590  7959 D BackgroundInstallControlService: Package event received: 0
04-11 22:14:23.844  8338  8706 D LocalImageResolver: Couldn't use ImageDecoder for drawable, falling back to non-resized load.
04-11 22:14:23.845  3590  9766 I OStatsManager_Calc: add screen power pkgName = com.binance.monitor, uid = 10512, power = 102.32190498709679, is Fg = true, fore size = 2, mScale = 1.0
04-11 22:14:23.845  3590  8210 D OsenseCommonUtils: /dev/memcg/apps/uid_10214/memory.app_score not exist
04-11 22:14:23.845  3590  9766 I OStatsManager_Calc: noteBeforePkgSwitch change = false, curTime = 964079259, com.android.launcher, fg = true
04-11 22:14:23.845  3590  9766 I OStatsManager_OplusBatteryStatsManager: updateStateTime: PkgName = com.android.launcher, uid = 10214, state to bg, mForegroundCnt = 0, isFg = false
04-11 22:14:23.845  3590  9766 I OStatsManager_OplusBatteryStatsManager: notePkgBackground [com.binance.monitor10512], uid = 10214, pid = 8730, pkgName = com.android.launcher
04-11 22:14:23.845  8337  9773 V OsAgent : broadcastSystemEvent - 7
04-11 22:14:23.845  8337  9773 V OsAgent : broadcastSystemEvent - 7
04-11 22:14:23.845  8337  9773 V OsAgent : broadcastSystemEvent - 7
04-11 22:14:23.845  8337  9773 V OsAgent : broadcastSystemEvent - 7
04-11 22:14:23.845  8337  9773 V OsAgent : broadcastSystemEvent - 7
04-11 22:14:23.845  8337  9773 V OsAgent : broadcastSystemEvent - 7
04-11 22:14:23.845 13847 14731 D OplusAtlas.OplusAudioScene: callback success event:atlas_event_on_foreground_activities_changed eventInfo:pid:8730,uid:10214,hasForegroundActivities:0
04-11 22:14:23.845 13847 14731 D MssPanelHelper: FOREGROUND_ACTIVITIES_CHANGED package: com.android.launcher hasForegroundActivities: 0
04-11 22:14:23.846  8338  8338 D OplusNotificationDateTimeView: setTime mSettingTimeMillis 1775916863813, mSettingLocalDateTime 2026-04-11T22:14:00.813
04-11 22:14:23.848  8338  8706 D LocalImageResolver: Couldn't use ImageDecoder for drawable, falling back to non-resized load.
04-11 22:14:23.848  8338  8338 D OplusNotificationDateTimeView: setTime mSettingTimeMillis 1775916863813, mSettingLocalDateTime 2026-04-11T22:14:00.813
04-11 22:14:23.850  8338  8706 D LocalImageResolver: Couldn't use ImageDecoder for drawable, falling back to non-resized load.
04-11 22:14:23.850  8338  8338 D OplusNotificationDateTimeView: setTime mSettingTimeMillis 1775916863813, mSettingLocalDateTime 2026-04-11T22:14:00.813
04-11 22:14:23.850  2181 23599 E CwbService: Panel not support apl read or getDisplayPanelAplValue timeout 10ms.
04-11 22:14:23.851  2258  2258 D SensorFeature: name=ssc_screenshot_info ,index = 22
04-11 22:14:23.851  2258  2258 D SensorFeature: write 37 bytes:964079243450407,964079254561518,248,0
04-11 22:14:23.851  8338  8338 I SystemUi--Notification: OplusNotificationTempla-->resolveContentMargin: marginTop=112 isChildInGroup=false hasSubtitle=true params.topMargin=112
04-11 22:14:23.851  8338  8338 W SystemUi--Notification: OplusNotificationGroupExtImpl-->setChildrenExpanded: groupHeader is null
04-11 22:14:23.861  8338  8338 I PluginSeedling--Track: RequestHandler-->notificationAdded 0|android|0|com.android.server.wm.AlertWindowNotification - com.binance.monitor|1000 postTime: 1775916863814
04-11 22:14:23.861  8338  8338 E LockScreenNotificationDispatcherImp: updateNotificationListOnKg size:0
04-11 22:14:23.864  8338  8338 I SystemUi--Notification: NotificationStackScrollLayoutExtImpl-->bind scrollGridCount 3 o.visibleChildrenCount 4 o.childCount 8
04-11 22:14:23.864  8338  8338 I SystemUi--Notification: SeparatePanelAnimation-->updateVisibleChildCount change, currentChildCount: 4 totalCount 5
04-11 22:14:23.865  8338  8338 W SystemUi--Notification: OplusNotificationGroupExtImpl-->setChildrenExpanded: groupHeader is null
04-11 22:14:23.865  8338  8338 I SystemUi--Notification: LockScreenNotificationDispatcherImp-->updateNotificationListOnKg resultCode: 0
04-11 22:14:23.887  2280  2323 D vendor.oplus.hardware.charger-V10-service: ret_value:128, read content:,259,259,4425,4424,0,100,100,1,1,1048704,428,5041,100,1,4480,600,500,0,0,9500,0,0,1,0,2,1,0,0,4,5868,96,0,4878,4878,0,0,0,0,0,0
04-11 22:14:23.887  2280  2323 D vendor.oplus.hardware.charger-V10-service: gmtime: 2026-04-11-22-14-23
04-11 22:14:23.887  2280  2323 D vendor.oplus.hardware.charger-V10-service: usb_online:1, ac_online:-2147483648, wireless_online:-2147483648
04-11 22:14:23.905  8338  8422 D HWUI    : RenderProxy::destroy: this=0xb4000070b81fa000, mContext=0xb40000722608bec0
04-11 22:14:23.906  8338  8546 D HWUI    : SkiaVulkanPipeline::setSurface: this=0xb40000708bf80780, surface=NULL
04-11 22:14:23.906  8338  8546 D BufferQueueProducer: [VRI[monitor]#20176(BLAST Consumer)20176](id:209200004ed9,api:1,p:8338,c:8338) disconnect: api 1
04-11 22:14:23.907  8338  8422 D ViewRootImplExtImpl: wrapConfigInfoIntoFlags rotation=0, smallestScreenWidthDp=361, residentWS=false, scenario=0, bounds=Rect(0, 0 - 1264, 2780), relayoutAsync=false, flags=0, newFlags=1457532192, title=Splash Screen com.binance.monitor
04-11 22:14:23.907  3590  3647 V WindowManager: Relayout Window{84f60ea u0 Splash Screen com.binance.monitor}: viewVisibility=8, oldvis=0, req=1264x2780 , apr = 0, vsysui=
04-11 22:14:23.908  3590  3647 D InsetsSourceProvider: updateSourceFrameForServerVisibility mandatorySystemGestures EMPTY_RECT
04-11 22:14:23.908  3590  3647 D InsetsSourceProvider: updateSourceFrameForServerVisibility mandatorySystemGestures EMPTY_RECT
04-11 22:14:23.908  3590  3797 D SurfaceAnimationRunner: onAnimationStart:Surface(name=Surface(name=84f60ea Splash Screen com.binance.monitor)/@0xf671e57 - animation-leash of window_animation)/@0x8709d44
04-11 22:14:23.908  3590  3647 D WindowManager: NFW_findFocusedWindowIfNeeded:Window{22eb8b9 u0 com.binance.monitor/com.binance.monitor.ui.main.MainActivity} mCurrentFocus:Window{22eb8b9 u0 com.binance.monitor/com.binance.monitor.ui.main.MainActivity}
04-11 22:14:23.909  8338  8422 W WindowOnBackDispatcher: sendCancelIfRunning: isInProgress=false callback=android.view.ViewRootImpl$$ExternalSyntheticLambda13@a26e37a
04-11 22:14:23.909  8338  9280 D BLASTBufferQueue: [VRI[monitor]#20176](f:0,a:1) destructor()
04-11 22:14:23.909  8338  9280 D BufferQueueConsumer: [VRI[monitor]#20176(BLAST Consumer)20176](id:209200004ed9,api:0,p:-1,c:8338) disconnect
04-11 22:14:23.909  3590  9134 D CoreBackPreview: Window{84f60ea u0 Splash Screen com.binance.monitor EXITING}: Setting back callback null
04-11 22:14:23.909  3590  9025 D WindowManager: NFW_findFocusedWindowIfNeeded:Window{22eb8b9 u0 com.binance.monitor/com.binance.monitor.ui.main.MainActivity} mCurrentFocus:Window{22eb8b9 u0 com.binance.monitor/com.binance.monitor.ui.main.MainActivity}
04-11 22:14:23.909  3590  9025 D InsetsSourceProvider: updateSourceFrameForServerVisibility mandatorySystemGestures EMPTY_RECT
04-11 22:14:23.909  3590  9025 D InsetsSourceProvider: updateSourceFrameForServerVisibility mandatorySystemGestures EMPTY_RECT
04-11 22:14:23.981  8337  9773 V OsAgent : broadcastSystemEvent - 7
04-11 22:14:23.981  8337  9773 V OsAgent : broadcastSystemEvent - 7
04-11 22:14:23.986 25257 25271 I FontLog : (REDACTED) Received query %s, URI %s
04-11 22:14:23.986 25257 25271 I FontLog : (REDACTED) Query [%s] resolved to %s
04-11 22:14:23.990 25257 25271 I FontLog : (REDACTED) Fetch %s end status %s
04-11 22:14:23.992 25257 25661 I FontLog : (REDACTED) Pulling font file for id = %d, cache size = %d
04-11 22:14:23.997 25257 25661 I FontLog : (REDACTED) Pulling font file for id = %d, cache size = %d
04-11 22:14:24.021  2113 31710 I sensors-hal: handle_oplus_wise_rgb_event:161, wise_rgb: (31240)(cct, lux, ir)[5754.13, 172.98, 19.698977] (r, g, b, c)[6598.06, 4834.30, 2647.70, 13574.46]                 (pwm, hbm, brl, algo)[0.0 0.0 1357.0 2.0], flag 248
04-11 22:14:24.048  3590  3875 D VRR [OPlusSAManager]: updateAutoMinfps for 4630946685746860179 with nits: 94.817, mHistOK true, mAmbientOK true, mCctOK true, mIrOK true, mBrightnessOK true, isPkgOK true, SA min fps: 89
04-11 22:14:24.048  2399  3197 I VRR-[OPlusRefreshRateSelector]: updateAutoMode success, display 0, mode 0, fakeframe 1, min fps: 1
04-11 22:14:24.048  2181 26958 I SDM     : DisplayBuiltIn::SetQSyncMode: VRR + update qsync mode 0 minfps 00C08181
04-11 22:14:24.053  2181  2437 E SDM     : DRMConnector::Perform: Connector 68: Setting Qsync min fps 12616065
04-11 22:14:24.063  3590  3797 D SurfaceAnimationRunner: onAnimationEnd:Surface(name=Surface(name=84f60ea Splash Screen com.binance.monitor)/@0xf671e57 - animation-leash of window_animation)/@0x8709d44
04-11 22:14:24.064  3590  3796 I WindowStateExtImpl: onSurfaceShowChange show = false mPackageName = com.binance.monitor parentPkgName = com.binance.monitor
04-11 22:14:24.064  3590  3796 I WindowManager: Window{84f60ea u0 Splash Screen com.binance.monitor EXITING} state from HAS_DRAWN to NO_SURFACE; reason: destroySurface
04-11 22:14:24.064  3590  3796 D InsetsSourceProvider: updateSourceFrameForServerVisibility mandatorySystemGestures EMPTY_RECT
04-11 22:14:24.065  3590  3796 D InsetsSourceProvider: updateSourceFrameForServerVisibility mandatorySystemGestures EMPTY_RECT
04-11 22:14:24.075  3590  3796 D InsetsSourceProvider: updateSourceFrameForServerVisibility mandatorySystemGestures EMPTY_RECT
04-11 22:14:24.089  4461  4615 D libc-netbsd: [oplusDnsOpenProxy]: __netdClientDispatch.connect errno = 111
04-11 22:14:24.089  4461  4608 D libc-netbsd: [oplusDnsOpenProxy]: __netdClientDispatch.connect errno = 111
04-11 22:14:24.089  4461  4606 D libc-netbsd: [oplusDnsOpenProxy]: __netdClientDispatch.connect errno = 111
04-11 22:14:24.091 14034 15346 D NetworkService[1]: getIfIndexByNetid netId:265,ifName:tun0,ifIndex:99
04-11 22:14:24.091 14034 15346 D NetworkService[0]: getIfIndexByNetid netId:265,ifName:tun0,ifIndex:99
04-11 22:14:24.120 14034 15457 D AppSenseConfig: getIgnoreAppList: [com.android.launcher, com.android.contacts, com.oplus.wirelesssettings, com.coloros.alarmclock, com.coloros.calculator, com.coloros.calendar, com.coloros.phonemanager, com.android.settings, com.android.phone, com.oplus.nas, com.oplus.nhs, com.oplus.appdetail, com.android.permissioncontroller, com.oplus.pscanvas, com.oplus.autotest.test.ctp, com.android.systemui, com.android.systemui.overlay.fingerprint.anim.fy, com.android.systemui.overlay.fingerprint.anim.qy, com.android.systemui.overlay.fingerprint.anim.sw, com.android.systemui.overlay.fingerprint.anim.xw, com.android.systemui.overlay.fingerprint.anim.ccyh, com.android.systemui.overlay.fingerprint.anim.halo, com.android.systemui.overlay.fingerprint.anim.jslz, com.android.systemui.overlay.fingerprint.anim.none, com.android.systemui.overlay.fingerprint.anim.xklc]
04-11 22:14:24.120 14034 15457 D AppSenseConfig: getIgnoreAppList: [com.android.launcher, com.android.contacts, com.oplus.wirelesssettings, com.coloros.alarmclock, com.coloros.calculator, com.coloros.calendar, com.coloros.phonemanager, com.android.settings, com.android.phone, com.oplus.nas, com.oplus.nhs, com.oplus.appdetail, com.android.permissioncontroller, com.oplus.pscanvas, com.oplus.autotest.test.ctp, com.android.systemui, com.android.systemui.overlay.fingerprint.anim.fy, com.android.systemui.overlay.fingerprint.anim.qy, com.android.systemui.overlay.fingerprint.anim.sw, com.android.systemui.overlay.fingerprint.anim.xw, com.android.systemui.overlay.fingerprint.anim.ccyh, com.android.systemui.overlay.fingerprint.anim.halo, com.android.systemui.overlay.fingerprint.anim.jslz, com.android.systemui.overlay.fingerprint.anim.none, com.android.systemui.overlay.fingerprint.anim.xklc]
04-11 22:14:24.120 14034 15457 D AppSenseConfig: getIgnoreAppList: [com.android.launcher, com.android.contacts, com.oplus.wirelesssettings, com.coloros.alarmclock, com.coloros.calculator, com.coloros.calendar, com.coloros.phonemanager, com.android.settings, com.android.phone, com.oplus.nas, com.oplus.nhs, com.oplus.appdetail, com.android.permissioncontroller, com.oplus.pscanvas, com.oplus.autotest.test.ctp, com.android.systemui, com.android.systemui.overlay.fingerprint.anim.fy, com.android.systemui.overlay.fingerprint.anim.qy, com.android.systemui.overlay.fingerprint.anim.sw, com.android.systemui.overlay.fingerprint.anim.xw, com.android.systemui.overlay.fingerprint.anim.ccyh, com.android.systemui.overlay.fingerprint.anim.halo, com.android.systemui.overlay.fingerprint.anim.jslz, com.android.systemui.overlay.fingerprint.anim.none, com.android.systemui.overlay.fingerprint.anim.xklc]
04-11 22:14:24.120 14034 15457 D ActivityAdapter: taskChange: pre: 0, cur: 1, changed:true
04-11 22:14:24.120 14034 15457 D ActivityAdapter: notifyActivityQuery: [com.binance.monitor; com.binance.monitor.ui.main.MainActivity; 1; COMMON; 10512]
04-11 22:14:24.120 14034 15457 D OPlusFrontAppManager: useAdapterResult, pkg=com.binance.monitor,activity=com.binance.monitor.ui.main.MainActivity,result=true
04-11 22:14:24.120 14034 15457 D OPlusFrontAppManager: decide -->> [com.binance.monitor; com.binance.monitor.ui.main.MainActivity; 1; COMMON; 10512]
04-11 22:14:24.120 14034 15457 D ConferenceScene: pkg:com.binance.monitor, activity:com.binance.monitor.ui.main.MainActivity, appSense:COMMON
04-11 22:14:24.120 14034 15457 D NetworkUtils: list1 size 1,list2 size0
04-11 22:14:24.120 14034 15297 D CellMap/GameLatencyMapService: handleAppSceneChange: [{pkgName:com.binance.monitor,activityName:,winMode:1,event:COMMON,type:0,subEvent:0,pid:4461,uid:10512}]
04-11 22:14:24.120 14034 15313 D Subsys-ScoreAppManager: handleMessage what:2
04-11 22:14:24.120 14034 14034 D AtomHighLoadSenseInfo: handleMessage what:1000
04-11 22:14:24.120 14034 15313 D Subsys-ScoreAppManager: EVENT_ID_APP_SENSE_CHANGE  onFrontActivityChanged
04-11 22:14:24.120 14034 15297 D CellMap/QoeMapService: handleAppSceneChange: [{pkgName:com.binance.monitor,activityName:,winMode:1,event:COMMON,type:0,subEvent:0,pid:4461,uid:10512}]
04-11 22:14:24.120 14034 15297 D CellMap/QoeMapService: handleAppSceneChange update: 0
04-11 22:14:24.120 14034 15313 D Subsys-ScoreAppManager: appSceneChange fgAppUnits size 1 fgAppUnits [{pkgName:com.binance.monitor,activityName:,winMode:1,event:COMMON,type:0,subEvent:0,pid:4461,uid:10512}] mLastNetworkList[264, 265]
04-11 22:14:24.120 14034 15313 D Subsys-ScoreAppManager: createApp
04-11 22:14:24.120  3590  3795 D AppSenseClient: handleMessage: 100
04-11 22:14:24.120 14034 14034 D AtomHighLoadSenseInfo: handleAppSenseChanged original mode:{live:0,video:0,voice call:0,video call:0,live host:0,meeting:0}
04-11 22:14:24.120 14034 15313 D CommonApp-264-10512: init22
04-11 22:14:24.120 14034 14034 D AtomHighLoadSenseInfo: handleAppSenseChanged appInfoUnit:{pkgName:com.binance.monitor,activityName:,winMode:1,event:COMMON,type:0,subEvent:0,pid:4461,uid:10512}
04-11 22:14:24.120  3590  3795 D AppSenseClient: handleSenseEvent appInfoUnits: {pkgName:com.binance.monitor,activityName:com.binance.monitor.ui.main.MainActivity,winMode:1,event:COMMON,type:0,subEvent:0,pid:4461,uid:10512},
04-11 22:14:24.120 14034 14034 D AtomNetworkScoreInfo: handleMessage: 1006
04-11 22:14:24.120 14034 14034 D AtomNetworkScoreInfo: top app size: 1
04-11 22:14:24.120 14034 14034 D AtomNetworkScoreInfo: Front app state: 1
04-11 22:14:24.120  3590  3795 D AppSenseClient: handleSenseEvent clients: 1
04-11 22:14:24.120  3590  3795 D AppSenseClient: handleSenseEvent clientId: 224279445
04-11 22:14:24.120 14034 14034 D AtomModemKpiInfo: handleMessage what:1000
04-11 22:14:24.120 14034 15313 D NetworkService[0]: getIfIndexByNetid netId:264,ifName:rmnet_data4,ifIndex:31
04-11 22:14:24.120  8498  8498 D AppSenseClient: handleMessage: 100
04-11 22:14:24.120 14034 14034 D SceneService: handleMessage what:1004
04-11 22:14:24.120  3590  3795 D AppSenseClient: notifyAppEvent: pkgName: com.binance.monitor,activityName:com.binance.monitor.ui.main.MainActivity;state: 1;event: COMMON;type: 0;subEvent: 0;pid: 4461;uid: 10512
04-11 22:14:24.121 14034 14034 D SceneService: notifyAppSceneChanged original mode:{live:0,video:0,voice call:0,video call:0,live host:0,game:0,meeting:0,news:0,file transfer:0},appInfoUnit:[{pkgName:com.binance.monitor,activityName:,winMode:1,event:COMMON,type:0,subEvent:0,pid:4461,uid:10512}]
04-11 22:14:24.121 14034 14034 D ExtremeCommService: handleMessage what:1012
04-11 22:14:24.121 14034 14034 D ExtremeCommService: updateAppInfo appInfoUnit: com.binance.monitor, winMode:1
04-11 22:14:24.121  8406  8866 D AppSenseClient: handleMessage: 100
04-11 22:14:24.121  3590  3795 D AppSenseClient: notifyAppChanges: [{pkgName:com.binance.monitor,activityName:com.binance.monitor.ui.main.MainActivity,winMode:1,event:COMMON,type:0,subEvent:0,pid:4461,uid:10512}]
04-11 22:14:24.121  8498  8498 D AppSenseClient: handleSenseEvent appInfoUnits: {pkgName:com.binance.monitor,activityName:com.binance.monitor.ui.main.MainActivity,winMode:1,event:COMMON,type:0,subEvent:0,pid:4461,uid:10512},
04-11 22:14:24.121 14034 14034 D FrontAppsEvent: receive msg:1001
04-11 22:14:24.121 14034 14034 D FrontAppsEvent: onAppSceneUpdate, infoList:[{pkgName:com.binance.monitor,activityName:,winMode:1,event:COMMON,type:0,subEvent:0,pid:4461,uid:10512}]
04-11 22:14:24.121  8498  8498 D AppSenseClient: handleSenseEvent clients: 1
04-11 22:14:24.121  8498  8498 D AppSenseClient: handleSenseEvent clientId: 74017188
04-11 22:14:24.121  8406  8866 D AppSenseClient: handleSenseEvent appInfoUnits: {pkgName:com.binance.monitor,activityName:com.binance.monitor.ui.main.MainActivity,winMode:1,event:COMMON,type:0,subEvent:0,pid:4461,uid:10512},
04-11 22:14:24.121  8498  8498 D AppSenseClient: notifyAppEvent: pkgName: com.binance.monitor,activityName:com.binance.monitor.ui.main.MainActivity;state: 1;event: COMMON;type: 0;subEvent: 0;pid: 4461;uid: 10512
04-11 22:14:24.121  8406  8866 D AppSenseClient: handleSenseEvent clients: 1
04-11 22:14:24.121  8406  8866 D AppSenseClient: handleSenseEvent clientId: 101737326
04-11 22:14:24.121  8498  8498 D AppSenseClient: notifyAppChanges: [{pkgName:com.binance.monitor,activityName:com.binance.monitor.ui.main.MainActivity,winMode:1,event:COMMON,type:0,subEvent:0,pid:4461,uid:10512}]
04-11 22:14:24.121  8498  8498 D NhsAppSenseListener: onAppEvent enter
04-11 22:14:24.121  8406  8866 D AppSenseClient: notifyAppEvent: pkgName: com.binance.monitor,activityName:com.binance.monitor.ui.main.MainActivity;state: 1;event: COMMON;type: 0;subEvent: 0;pid: 4461;uid: 10512
04-11 22:14:24.121  8498  8498 D NhsAppSenseListener: new event: event=0, state=1, pkg=com.binance.monitor, type=0, subEvent=0
04-11 22:14:24.121  8498  8498 D NhsAppSenseListener: onAppChanged, app list size: 1
04-11 22:14:24.121  8406  8866 D AppSenseClient: notifyAppChanges: [{pkgName:com.binance.monitor,activityName:com.binance.monitor.ui.main.MainActivity,winMode:1,event:COMMON,type:0,subEvent:0,pid:4461,uid:10512}]
04-11 22:14:24.121 14034 15313 D NetworkService[0]: getIfIndexByNetid netId:264,ifName:rmnet_data4,ifIndex:31
04-11 22:14:24.121 14034 15313 D CommonApp-264-10512: BaseApp init, mNetId 264 mIfIndex 31 network 264
04-11 22:14:24.121 14034 15313 D CommonApp-264-10512: network 264 capability [ Transports: CELLULAR Capabilities: SUPL&XCAP&INTERNET&NOT_RESTRICTED&TRUSTED&NOT_VPN&VALIDATED&NOT_ROAMING&FOREGROUND&NOT_CONGESTED&NOT_SUSPENDED&NOT_VCN_MANAGED&BIP&NOT_BANDWIDTH_CONSTRAINED LinkUpBandwidth>=4809Kbps LinkDnBandwidth>=4809Kbps Specifier: <TelephonyNetworkSpecifier [mSubId = 1]> SubscriptionIds: {1} UnderlyingNetworks: Null] subId 1
04-11 22:14:24.121 14034 15457 D AppSenseService: notifySenseEvent: {pkgName:com.binance.monitor,activityName:com.binance.monitor.ui.main.MainActivity,winMode:1,event:COMMON,type:0,subEvent:0,pid:4461,uid:10512},
04-11 22:14:24.121 13839 14411 D AppSenseClient: handleMessage: 100
04-11 22:14:24.121 13839 14411 D AppSenseClient: handleSenseEvent appInfoUnits: {pkgName:com.binance.monitor,activityName:com.binance.monitor.ui.main.MainActivity,winMode:1,event:COMMON,type:0,subEvent:0,pid:4461,uid:10512},
04-11 22:14:24.121 13839 14411 D AppSenseClient: handleSenseEvent clients: 1
04-11 22:14:24.121 13839 14411 D AppSenseClient: handleSenseEvent clientId: 106466519
04-11 22:14:24.121 13839 14411 D AppSenseClient: notifyAppEvent: pkgName: com.binance.monitor,activityName:com.binance.monitor.ui.main.MainActivity;state: 1;event: COMMON;type: 0;subEvent: 0;pid: 4461;uid: 10512
04-11 22:14:24.121 13839 14411 D AppSenseClient: notifyAppChanges: [{pkgName:com.binance.monitor,activityName:com.binance.monitor.ui.main.MainActivity,winMode:1,event:COMMON,type:0,subEvent:0,pid:4461,uid:10512}]
04-11 22:14:24.121 13839 14411 D NAS-DataSceneEvent: onAppEvent enter
04-11 22:14:24.121 13839 14411 D NAS-DataSceneEvent: new event: event=0, state=1, pkg=com.binance.monitor, type=0, subEvent=0
04-11 22:14:24.121 13839 14411 D NAS-DataSceneEvent: onAppChanged, app list size: 1
04-11 22:14:24.121 13839 14411 D NAS-DataSceneEvent: updateAppSenseChange [{pkgName:com.binance.monitor,activityName:com.binance.monitor.ui.main.MainActivity,winMode:1,event:COMMON,type:0,subEvent:0,pid:4461,uid:10512}]
04-11 22:14:24.121 13839 14674 D OplusLinkBoostSceneManager: handleAppSceneChange: live broadcast off
04-11 22:14:24.122 13839 14698 E OplusNetlinkConnect: parse rsp msg failed!Message missing required fields: header
04-11 22:14:24.123 14034 15313 D CommonApp-264-10512: choiceScoreWay
04-11 22:14:24.123 14034 15313 D CommonApp-264-10512: useTraditionalScore
04-11 22:14:24.123 14034 15313 D CommonApp-264-10512: initState
04-11 22:14:24.123 14034 15313 D CommonApp-264-10512: createScenarios
04-11 22:14:24.123 14034 15313 D CommonApp-264-10512: init end
04-11 22:14:24.123 14034 15313 D Subsys-ScoreAppManager: createApp
04-11 22:14:24.123 14034 15313 D CommonApp-265-10512: init22
04-11 22:14:24.123 14034 15313 D NetworkService[0]: getIfIndexByNetid netId:265,ifName:tun0,ifIndex:99
04-11 22:14:24.123 14034 15313 D NetworkService[0]: getIfIndexByNetid netId:265,ifName:tun0,ifIndex:99
04-11 22:14:24.123 14034 15313 D CommonApp-265-10512: BaseApp init, mNetId 265 mIfIndex 99 network 265
04-11 22:14:24.123  8406 10560 E PhoneInterfaceManager: getServiceStateForSlot retuning null for invalid slotIndex=-1
04-11 22:14:24.123 14034 15313 D CommonApp-265-10512: choiceScoreWay
04-11 22:14:24.123 14034 15313 D CommonApp-265-10512: useTraditionalScore
04-11 22:14:24.123 14034 15313 D CommonApp-265-10512: initState
04-11 22:14:24.123 14034 15313 D CommonApp-265-10512: createScenarios
04-11 22:14:24.123 14034 15313 D CommonApp-265-10512: init end
04-11 22:14:24.123 14034 15313 D Subsys-ScoreAppManager: unit: {pkgName:com.binance.monitor,activityName:,winMode:1,event:COMMON,type:0,subEvent:0,pid:4461,uid:10512}
04-11 22:14:24.123 14034 15313 D CommonApp-265-10512: CommonState enter
04-11 22:14:24.123 14034 15313 D CommonApp-264-10512: CommonState enter
04-11 22:14:24.123 14034 15313 D CommonApp-264-10512: DefaultState EVENT_INIT_STATE_COMPLETE
04-11 22:14:24.123 14034 15313 D CommonApp-264-10512: startDataCollection
04-11 22:14:24.123 14034 15313 D CommonApp-264-10512: current network is cellular
04-11 22:14:24.123 14034 15313 D STS-ModemDataCollection-1: ModemDataCollection, mSlotId = 1
04-11 22:14:24.123 14034 15313 D RadioProxyJ[1]: [105377410]> setQosConfig enabled:1 config:[1]
04-11 22:14:24.123 14034 15313 D NetworkService[1]: registerEventRegistrants eventId:25,what:44,obj:null,messenger:null,handler:Handler (com.oplus.sense.netscore.n0) {ee7bfd1}
04-11 22:14:24.123 14034 15313 D ModemStuckAnalyse1: ModemStuckAnalyse, mSlotId = 1
04-11 22:14:24.123 14034 15313 D NetlinkUtils: sendToKernel byteBuffer:java.nio.HeapByteBuffer[pos=32 lim=32 cap=32],nlmsg_pid:14034,nlmsg_type:45,cmdType:1,type:9,nla_len:12
04-11 22:14:24.123  3438  3485 D QmiVsClient: setQosConfig - enter
04-11 22:14:24.123 14034 15313 D NetlinkUtils: sendTransportScoreInfo result:true
04-11 22:14:24.123 14034 15313 D Subsys-ScoreAppManager: handleMessage what:40
04-11 22:14:24.123 14034 15313 D Subsys-ScoreAppManager: EVENT_SCORE_STATE_INFOtrue
04-11 22:14:24.123 14034 15313 D CommonApp-265-10512: DefaultState EVENT_INIT_STATE_COMPLETE
04-11 22:14:24.123 14034 15313 D CommonApp-265-10512: startDataCollection
04-11 22:14:24.123 14034 15313 D CommonApp-265-10512: current network isn't cellular,not need enable modem report
04-11 22:14:24.123  3438  3485 E QmiVsClient: sendAsyncRequest QMI_VS_SET_QOS_CONFIG_REQ_MSG_V01 ret 0
04-11 22:14:24.123 14034 15313 D ScorePolicyManager: handleMessage: SCORE_STATE_CHANGEtrue
04-11 22:14:24.124  3438  3485 D VsProxy : handleMessage msg is 4001
04-11 22:14:24.124  3438  3485 D RadioProxy: setQosConfig : response cb for instance 1
04-11 22:14:24.124 14034  6711 D RadioProxyJ[1]: [105377410]< setQosConfigResponse 
04-11 22:14:24.138  8730  8787 D OplusScrollToTopManager: com.android.launcher/com.android.launcher.Launcher,This com.android.internal.policy.DecorView{f8402b8 I.E...... R.....ID 0,0-1264,2780 aid=15 alpha=1.0 viewInfo = }[Launcher] change focus to false
04-11 22:14:24.171 13839 14674 I TcpSyn  : updateFrontUidsToKernel, uids = [10512]
04-11 22:14:24.210 14034 15313 D CommonApp-264-10512: transport layer data is invalid
04-11 22:14:24.210 14034 15313 D CommonApp-265-10512: transport layer data is invalid
04-11 22:14:24.211 14034 15313 D ScorePolicy: handleScoreChanged: []
04-11 22:14:24.211 14034 15313 D ScorePolicy: handleScoreChanged: []
04-11 22:14:24.211 14034 15313 D ScorePolicy: handleScoreChanged: []
04-11 22:14:24.249  2181  2506 I SDM     : DisplayBuiltIn::IdlePowerCollapse: IPC received, disabling partial update for one frame
04-11 22:14:24.256  2181 26958 E CwbService: Panel not support apl read or getDisplayPanelAplValue timeout 10ms.
04-11 22:14:24.256  2258  2258 D SensorFeature: name=ssc_screenshot_info ,index = 22
04-11 22:14:24.256  2258  2258 D SensorFeature: write 37 bytes:964079609030059,964079660097299,249,0
04-11 22:14:24.288  2113 20704 I sensors-hal: handle_oplus_wise_rgb_event:189, high_pwm_light:lux 171.9,cct 5702.2,brl/algo/ir 1357.0/2.0/20.1,pwm/dc 0.0/0.0,rgbc 6560.666992/4799.095703/2638.866455/13539.481445,ts 964079627893669,cnt 31247,flag 249
04-11 22:14:24.288  2113 31710 I sensors-hal: handle_oplus_wise_rgb_event:161, wise_rgb: (31245)(cct, lux, ir)[5702.17, 171.91, 20.141178] (r, g, b, c)[6590.58, 4803.50, 2638.87, 13530.15]                 (pwm, hbm, brl, algo)[0.0 0.0 1357.0 2.0], flag 249
04-11 22:14:24.308  3590  3830 W QosScheduler: executeSceneQosStrategy failed! qos feature no enable
04-11 22:14:24.308 13839 14674 D OplusLinkBoostSceneManager: handleAppSceneChange: live broadcast off
04-11 22:14:24.308 15757 15772 W Battery : UadListener: onSceneStateChange, sceneId=19, type=7, windowinfos=[SceneListenerWindowInfo{mWindowMode=1, mPkgName=com.binance.monitor, mUid=10512, mPid=4461, mIsGame=false, mIsCamera=false, mIsMiniFloat=false, mIsFocused=true}, SceneListenerWindowInfo{mWindowMode=2, mPkgName=com.binance.monitor, mUid=10512, mPid=4461, mIsGame=false, mIsCamera=false, mIsMiniFloat=false, mIsFocused=true}]
04-11 22:14:24.309  7586  7586 W OplusGameOptManager: getService fail.vendor.oplus.hardware.gameopt.IGameOptHalService/default
04-11 22:14:24.310  7586  7586 W OplusGameOptManager: getService fail.vendor.oplus.hardware.gameopt.IGameOptHalService/default
04-11 22:14:24.347  6374  6458 D HLog-HLog: [metis]updateMemoryCache existPushInfo : 
04-11 22:14:24.347  6374  6458 D HLog-UpMgr: [metis]配置是否有变更 : true
04-11 22:14:24.347  6374  6458 D HLog-HLog: [metis]findCurrentTraceDto existPushInfo : 
04-11 22:14:24.347  6374  6458 D HLog-UpMgr: [metis]检查配置是否有更新 !
04-11 22:14:24.379  3438  4039 D QmiClient: qmiServiceEventCallback recv msg id 47
04-11 22:14:24.379  3438  4039 D QmiClient: enter -mServiceType 10 onQmiServiceEventCallback msgId 47
04-11 22:14:24.379  3438  4039 D QmiClient: onQmiServiceEventCallback - enter. msgId=47
04-11 22:14:24.379  3438  3488 D OttProxy: handleMessage msg is 3001
04-11 22:14:24.379 14034  6711 D SubsysRadioIndication[1]: radioLinkLatencyInfoInd
04-11 22:14:24.379 14034  6711 D SubsysRadioIndication[1]: notify enter
04-11 22:14:24.379 14034 14034 D NetworkService[1]: handleMessage what:1008
04-11 22:14:24.379 14034 14034 D NetworkService[1]: EVENT_REG_LINK_LATENCY_INFO_CHANGE ulLatency:13840
04-11 22:14:24.479  2280  2331 D BatteryChargeControl: bcc get no support from charging protocol
04-11 22:14:24.492  3590  7894 E WifiScoringParams: Invalid frequency(-1), using 5G as default rssi array
04-11 22:14:24.493  3590  7899 E OplusWifiLimitScanForApp: PackageName is null
04-11 22:14:24.493 21807 21826 W MTS_NetworkMonitor: [m]event:0 is not EVENT_WIFI_LINK_QUALITY
04-11 22:14:24.493 14034 14034 D VendorWifiService: onEvent event:0,action:1
04-11 22:14:24.497  2013  2036 I statsd  : An anomaly (103940000001) (39)0x2018001->1010[I] (39)0x20000->1[I]  has occurred! Informing subscribers.
04-11 22:14:24.540  8338  8338 D Tile.OplusCellularTile: refreshState: tile not listening, ignore
04-11 22:14:24.541 14034 14034 D SubsysEventListenerManager-SubsysTelephonyCallback[1]: onDataActivity
04-11 22:14:24.541 14034 14034 D DataService[1]: onDataActivity direction:3
04-11 22:14:24.541  8338  8520 I SystemUi--Statusbar: MobileConnectionRepositoryImpl-->subId:1 isSoftSimCard:false slotId:1
04-11 22:14:24.558  2258  2258 D SensorFeature: name=ssc_screenshot_info ,index = 22
04-11 22:14:24.558  2258  2258 D SensorFeature: write 37 bytes:964079609030059,964079971737715,250,0
04-11 22:14:24.558  2113  2241 I sensors-hal: get_display_brightness:825, light_iface: set screenshot_info [964079609030059,964079971737715,250,0]
04-11 22:14:24.559  3590  7333 D FusionLightNextGen: process end reported = 1, mode: 0, cnt: 527570, lux 171.2, cct 5726.9, r/g/b/c: 6585.6/4810.1/2636.7/13555.8, R/G/B: 10.0/15.0/20.0, bri 1357.0, match 1.00, ir 0.017641, conf 5.0, ts 964079938749241
04-11 22:14:24.559  2113 31710 I sensors-hal: handle_oplus_wise_rgb_event:161, wise_rgb: (31250)(cct, lux, ir)[5816.34, 171.51, 19.248150] (r, g, b, c)[6578.12, 4807.90, 2643.28, 13544.15]                 (pwm, hbm, brl, algo)[0.0 0.0 1357.0 2.0], flag 250
04-11 22:14:24.582  3590  9788 I AICCTModule: SensorFilter: brightness threshold 1.2 screenNit is 94.817 ave enviroment lux is 171.26276 luxForNit 93.27303demarcationPoint200.0 result is false
04-11 22:14:24.582  3590  9788 I AICCTModule: SensorFilter: findSecondNearestValue, sensorValue: 5711.4497 nearestMaxValue:5726.936 secondNearestValue: 5726.936
04-11 22:14:24.582  3590  9788 I AICCTModule: SensorFilter: findSecondNearestValue, sensorValue: 173.46724 nearestMaxValue:172.21367 secondNearestValue: 172.21367
04-11 22:14:24.622 13839 14674 D UlPriorityPolicyForeground: match: config has not com.binance.monitor
04-11 22:14:24.641  2181  2506 I SDM     : DisplayBuiltIn::IdlePowerCollapse: IPC received, disabling partial update for one frame
04-11 22:14:24.679  3590  7344 V AlarmManager: sending alarm Alarm{9439ec8 type 1 origWhen 1775916864679 whenElapsed 964080093 android} uid 1000 whenElapsed 964080093 windowLength 0 maxWhenElapsed 964080093 repeatInterval 0 action null component null tag StorgaeBandInfoAlarmTag flags 0x9 procName system_server
04-11 22:14:24.679  3590 10338 E OplusStorageUFSBandwidth: storage_io_metrics_path is /proc/oplus_storage/io_metrics/forever/
04-11 22:14:24.680  3590 10338 E OplusStorageUFSBandwidth: Bandwidth - Read: 22.99 MB/s, Write: 0.50 MB/s
04-11 22:14:24.680  3590 10338 E OplusStorageUFSBandwidth: Task time: 1ms
04-11 22:14:24.681  3590 10338 E OplusStorageUFSBandwidth: Alarm set to trigger in 10 seconds
04-11 22:14:24.698  2399  3162 D VRR [OTI]: handleIdle from 0 to 1
04-11 22:14:24.698  2399  3162 D VRR [OTI-HW]: isStateReady 0
04-11 22:14:24.698  2399  3162 D VRR [OTI-HW]: keep rate.
04-11 22:14:24.729 28141 28306 I GoLog   : from tcp:127.0.0.1:47720 accepted tcp:43.155.214.62:443 [socks >> proxy]
