04-11 12:51:40.595 D/ActivityAdapter(14034): notifyActivityQuery: [com.binance.monitor; com.binance.monitor.ui.main.MainActivity; 1; COMMON; 10512]
04-11 12:51:40.595 D/OPlusFrontAppManager(14034): useAdapterResult, pkg=com.binance.monitor,activity=com.binance.monitor.ui.main.MainActivity,result=true
04-11 12:51:40.595 D/OPlusFrontAppManager(14034): decide -->> [com.binance.monitor; com.binance.monitor.ui.main.MainActivity; 1; COMMON; 10512]
04-11 12:51:40.595 D/ActivityAdapter(14034): notifyActivityQuery: [com.binance.monitor; com.binance.monitor.ui.main.MainActivity; 1; COMMON; 10512]
04-11 12:51:40.596 D/OPlusFrontAppManager(14034): useAdapterResult, pkg=com.binance.monitor,activity=com.binance.monitor.ui.main.MainActivity,result=true
04-11 12:51:40.596 D/OPlusFrontAppManager(14034): decide -->> [com.binance.monitor; com.binance.monitor.ui.main.MainActivity; 1; COMMON; 10512]
04-11 12:51:40.596 D/ConferenceScene(14034): pkg:com.binance.monitor, activity:com.binance.monitor.ui.main.MainActivity, appSense:COMMON
04-11 12:51:40.596 D/ConferenceScene(14034): pkg:com.mobilecodex.nativeapp, activity:com.mobilecodex.nativeapp.MainActivity, appSense:COMMON
04-11 12:51:40.596 D/Subsys-ScoreAppManager(14034): handleMessage what:2
04-11 12:51:40.596 D/Subsys-ScoreAppManager(14034): EVENT_ID_APP_SENSE_CHANGE  onFrontActivityChanged
04-11 12:51:40.596 D/AtomHighLoadSenseInfo(14034): handleMessage what:1000
04-11 12:51:40.596 D/AtomHighLoadSenseInfo(14034): handleAppSenseChanged original mode:{live:0,video:0,voice call:0,video call:0,live host:0,meeting:0}
04-11 12:51:40.596 D/Subsys-ScoreAppManager(14034): appSceneChange fgAppUnits size 1 fgAppUnits [{pkgName:com.binance.monitor,activityName:,winMode:1,event:COMMON,type:0,subEvent:0,pid:15451,uid:10512}] mLastNetworkList[255, 264]
04-11 12:51:40.596 D/AtomHighLoadSenseInfo(14034): handleAppSenseChanged appInfoUnit:{pkgName:com.binance.monitor,activityName:,winMode:1,event:COMMON,type:0,subEvent:0,pid:15451,uid:10512}
04-11 12:51:40.596 D/CommonApp-255-10515(14034): destory
04-11 12:51:40.596 D/CommonApp-255-10515(14034): stopDataCollection
04-11 12:51:40.596 D/CommonApp-255-10515(14034): current network isn't cellular,not need disable modem report
04-11 12:51:40.596 D/CellMap/GameLatencyMapService(14034): handleAppSceneChange: [{pkgName:com.binance.monitor,activityName:,winMode:1,event:COMMON,type:0,subEvent:0,pid:15451,uid:10512}]
04-11 12:51:40.596 D/CellMap/QoeMapService(14034): handleAppSceneChange: [{pkgName:com.binance.monitor,activityName:,winMode:1,event:COMMON,type:0,subEvent:0,pid:15451,uid:10512}]
04-11 12:51:40.596 D/CellMap/QoeMapService(14034): handleAppSceneChange update: 0
04-11 12:51:40.596 D/CommonApp-255-10515(14034): Remaining data save time: 0
04-11 12:51:40.596 D/AppSenseClient( 3590): handleMessage: 100
04-11 12:51:40.596 D/Subsys-ScoreAppManager(14034): createApp
04-11 12:51:40.596 D/AppSenseClient( 3590): handleSenseEvent appInfoUnits: {pkgName:com.binance.monitor,activityName:com.binance.monitor.ui.main.MainActivity,winMode:1,event:COMMON,type:0,subEvent:0,pid:15451,uid:10512},
04-11 12:51:40.596 D/AtomNetworkScoreInfo(14034): handleMessage: 1006
04-11 12:51:40.596 D/AppSenseClient( 3590): handleSenseEvent clients: 1
04-11 12:51:40.596 D/AppSenseClient( 3590): handleSenseEvent clientId: 224279445
04-11 12:51:40.596 D/AtomNetworkScoreInfo(14034): top app size: 1
04-11 12:51:40.596 D/AtomNetworkScoreInfo(14034): Front app state: 1
04-11 12:51:40.596 D/AtomModemKpiInfo(14034): handleMessage what:1000
04-11 12:51:40.596 D/AppSenseClient( 3590): notifyAppEvent: pkgName: com.binance.monitor,activityName:com.binance.monitor.ui.main.MainActivity;state: 1;event: COMMON;type: 0;subEvent: 0;pid: 15451;uid: 10512
04-11 12:51:40.596 D/AppSenseClient( 3590): notifyAppEvent: pkgName: com.mobilecodex.nativeapp,activityName:com.mobilecodex.nativeapp.MainActivity;state: 0;event: COMMON;type: 0;subEvent: 0;pid: 21078;uid: 10515
04-11 12:51:40.596 D/SceneService(14034): handleMessage what:1004
04-11 12:51:40.596 D/AppSenseClient( 3590): notifyAppChanges: [{pkgName:com.binance.monitor,activityName:com.binance.monitor.ui.main.MainActivity,winMode:1,event:COMMON,type:0,subEvent:0,pid:15451,uid:10512}]
04-11 12:51:40.596 D/SceneService(14034): notifyAppSceneChanged original mode:{live:0,video:0,voice call:0,video call:0,live host:0,game:0,meeting:0,news:0,file transfer:0},appInfoUnit:[{pkgName:com.binance.monitor,activityName:,winMode:1,event:COMMON,type:0,subEvent:0,pid:15451,uid:10512}]
04-11 12:51:40.596 D/ExtremeCommService(14034): handleMessage what:1012
04-11 12:51:40.596 D/ExtremeCommService(14034): updateAppInfo appInfoUnit: com.binance.monitor, winMode:1
04-11 12:51:40.596 D/FrontAppsEvent(14034): receive msg:1001
04-11 12:51:40.596 D/FrontAppsEvent(14034): onAppSceneUpdate, infoList:[{pkgName:com.binance.monitor,activityName:,winMode:1,event:COMMON,type:0,subEvent:0,pid:15451,uid:10512}]
04-11 12:51:40.596 D/CommonApp-255-10512(14034): init22
04-11 12:51:40.596 D/AppSenseClient( 8406): handleMessage: 100
04-11 12:51:40.596 D/NetworkService[0](14034): getIfIndexByNetid netId:255,ifName:tun0,ifIndex:97
04-11 12:51:40.596 D/AppSenseClient( 8498): handleMessage: 100
04-11 12:51:40.596 D/AppSenseClient( 8406): handleSenseEvent appInfoUnits: {pkgName:com.binance.monitor,activityName:com.binance.monitor.ui.main.MainActivity,winMode:1,event:COMMON,type:0,subEvent:0,pid:15451,uid:10512},
04-11 12:51:40.596 D/NetworkService[0](14034): getIfIndexByNetid netId:255,ifName:tun0,ifIndex:97
04-11 12:51:40.596 D/AppSenseClient( 8406): handleSenseEvent clients: 1
04-11 12:51:40.596 D/AppSenseClient( 8406): handleSenseEvent clientId: 101737326
04-11 12:51:40.596 D/AppSenseClient( 8498): handleSenseEvent appInfoUnits: {pkgName:com.binance.monitor,activityName:com.binance.monitor.ui.main.MainActivity,winMode:1,event:COMMON,type:0,subEvent:0,pid:15451,uid:10512},
04-11 12:51:40.596 D/CommonApp-255-10512(14034): BaseApp init, mNetId 255 mIfIndex 97 network 255
04-11 12:51:40.596 D/AppSenseClient( 8498): handleSenseEvent clients: 1
04-11 12:51:40.596 D/AppSenseClient( 8406): notifyAppEvent: pkgName: com.binance.monitor,activityName:com.binance.monitor.ui.main.MainActivity;state: 1;event: COMMON;type: 0;subEvent: 0;pid: 15451;uid: 10512
04-11 12:51:40.596 D/AppSenseClient( 8498): handleSenseEvent clientId: 74017188
04-11 12:51:40.596 D/AppSenseClient( 8406): notifyAppEvent: pkgName: com.mobilecodex.nativeapp,activityName:com.mobilecodex.nativeapp.MainActivity;state: 0;event: COMMON;type: 0;subEvent: 0;pid: 21078;uid: 10515
04-11 12:51:40.596 D/AppSenseClient( 8406): notifyAppChanges: [{pkgName:com.binance.monitor,activityName:com.binance.monitor.ui.main.MainActivity,winMode:1,event:COMMON,type:0,subEvent:0,pid:15451,uid:10512}]
04-11 12:51:40.596 D/AppSenseClient( 8498): notifyAppEvent: pkgName: com.binance.monitor,activityName:com.binance.monitor.ui.main.MainActivity;state: 1;event: COMMON;type: 0;subEvent: 0;pid: 15451;uid: 10512
04-11 12:51:40.596 D/AppSenseClient( 8498): notifyAppEvent: pkgName: com.mobilecodex.nativeapp,activityName:com.mobilecodex.nativeapp.MainActivity;state: 0;event: COMMON;type: 0;subEvent: 0;pid: 21078;uid: 10515
04-11 12:51:40.596 D/AppSenseClient( 8498): notifyAppChanges: [{pkgName:com.binance.monitor,activityName:com.binance.monitor.ui.main.MainActivity,winMode:1,event:COMMON,type:0,subEvent:0,pid:15451,uid:10512}]
04-11 12:51:40.596 D/NhsAppSenseListener( 8498): onAppEvent enter
04-11 12:51:40.596 D/NhsAppSenseListener( 8498): new event: event=0, state=1, pkg=com.binance.monitor, type=0, subEvent=0
04-11 12:51:40.596 D/NhsAppSenseListener( 8498): onAppEvent enter
04-11 12:51:40.596 D/NhsAppSenseListener( 8498): new event: event=0, state=0, pkg=com.mobilecodex.nativeapp, type=0, subEvent=0
04-11 12:51:40.596 D/NhsAppSenseListener( 8498): onAppChanged, app list size: 1
04-11 12:51:40.596 E/PhoneInterfaceManager( 8406): getServiceStateForSlot retuning null for invalid slotIndex=-1
04-11 12:51:40.597 D/CommonApp-255-10512(14034): choiceScoreWay
04-11 12:51:40.597 D/CommonApp-255-10512(14034): useTraditionalScore
04-11 12:51:40.597 D/CommonApp-255-10512(14034): initState
04-11 12:51:40.597 D/CommonApp-255-10512(14034): createScenarios
04-11 12:51:40.597 D/CommonApp-255-10512(14034): init end
04-11 12:51:40.597 D/CommonApp-264-10515(14034): destory
04-11 12:51:40.597 D/CommonApp-264-10515(14034): stopDataCollection
04-11 12:51:40.597 D/CommonApp-264-10515(14034): modemQosReportStop
04-11 12:51:40.597 D/AppSenseService(14034): notifySenseEvent: {pkgName:com.binance.monitor,activityName:com.binance.monitor.ui.main.MainActivity,winMode:1,event:COMMON,type:0,subEvent:0,pid:15451,uid:10512},
04-11 12:51:40.597 D/RadioProxyJ[1](14034): [105375436]> setQosConfig enabled:0 config:[0]
04-11 12:51:40.597 D/AppSenseClient(13839): handleMessage: 100
04-11 12:51:40.597 D/AppSenseClient(13839): handleSenseEvent appInfoUnits: {pkgName:com.binance.monitor,activityName:com.binance.monitor.ui.main.MainActivity,winMode:1,event:COMMON,type:0,subEvent:0,pid:15451,uid:10512},
04-11 12:51:40.597 D/NetworkService[1](14034): unregisterEventRegistrants eventId:25,messenger:null,handler:Handler (com.oplus.sense.netscore.n0) {b894a6b}
04-11 12:51:40.597 D/AppSenseClient(13839): handleSenseEvent clients: 1
04-11 12:51:40.597 D/AppSenseClient(13839): handleSenseEvent clientId: 106466519
04-11 12:51:40.597 D/AppSenseClient(13839): notifyAppEvent: pkgName: com.binance.monitor,activityName:com.binance.monitor.ui.main.MainActivity;state: 1;event: COMMON;type: 0;subEvent: 0;pid: 15451;uid: 10512
04-11 12:51:40.597 D/NetlinkUtils(14034): sendToKernel byteBuffer:java.nio.HeapByteBuffer[pos=32 lim=32 cap=32],nlmsg_pid:14034,nlmsg_type:45,cmdType:1,type:10,nla_len:12
04-11 12:51:40.597 D/AppSenseClient(13839): notifyAppEvent: pkgName: com.mobilecodex.nativeapp,activityName:com.mobilecodex.nativeapp.MainActivity;state: 0;event: COMMON;type: 0;subEvent: 0;pid: 21078;uid: 10515
04-11 12:51:40.597 D/AppSenseClient(13839): notifyAppChanges: [{pkgName:com.binance.monitor,activityName:com.binance.monitor.ui.main.MainActivity,winMode:1,event:COMMON,type:0,subEvent:0,pid:15451,uid:10512}]
04-11 12:51:40.597 D/QmiVsClient( 3438): setQosConfig - enter
04-11 12:51:40.597 D/NAS-DataSceneEvent(13839): onAppEvent enter
04-11 12:51:40.597 D/NAS-DataSceneEvent(13839): new event: event=0, state=1, pkg=com.binance.monitor, type=0, subEvent=0
04-11 12:51:40.597 D/NAS-DataSceneEvent(13839): onAppEvent enter
04-11 12:51:40.597 D/NAS-DataSceneEvent(13839): new event: event=0, state=0, pkg=com.mobilecodex.nativeapp, type=0, subEvent=0
04-11 12:51:40.597 D/NAS-DataSceneEvent(13839): onAppChanged, app list size: 1
04-11 12:51:40.597 E/QmiVsClient( 3438): sendAsyncRequest QMI_VS_SET_QOS_CONFIG_REQ_MSG_V01 ret 0
04-11 12:51:40.597 D/NAS-DataSceneEvent(13839): updateAppSenseChange [{pkgName:com.binance.monitor,activityName:com.binance.monitor.ui.main.MainActivity,winMode:1,event:COMMON,type:0,subEvent:0,pid:15451,uid:10512}]
04-11 12:51:40.597 D/OplusLinkBoostSceneManager(13839): handleAppSceneChange: live broadcast off
04-11 12:51:40.597 D/NetlinkUtils(14034): sendTransportScoreInfo result:true
04-11 12:51:40.597 D/CommonApp-264-10515(14034): Remaining data save time: 0
04-11 12:51:40.597 D/Subsys-ScoreAppManager(14034): createApp
04-11 12:51:40.597 D/CommonApp-264-10512(14034): init22
04-11 12:51:40.597 D/NetworkService[0](14034): getIfIndexByNetid netId:264,ifName:rmnet_data4,ifIndex:31
04-11 12:51:40.597 D/NetworkService[0](14034): getIfIndexByNetid netId:264,ifName:rmnet_data4,ifIndex:31
04-11 12:51:40.598 D/CommonApp-264-10512(14034): BaseApp init, mNetId 264 mIfIndex 31 network 264
04-11 12:51:40.598 E/OplusNetlinkConnect(13839): parse rsp msg failed!Message missing required fields: header
04-11 12:51:40.598 D/CommonApp-264-10512(14034): network 264 capability [ Transports: CELLULAR Capabilities: SUPL&XCAP&INTERNET&NOT_RESTRICTED&TRUSTED&NOT_VPN&VALIDATED&NOT_ROAMING&FOREGROUND&NOT_CONGESTED&NOT_SUSPENDED&NOT_VCN_MANAGED&BIP&NOT_BANDWIDTH_CONSTRAINED LinkUpBandwidth>=4797Kbps LinkDnBandwidth>=4797Kbps Specifier: <TelephonyNetworkSpecifier [mSubId = 1]> SubscriptionIds: {1} UnderlyingNetworks: Null] subId 1
04-11 12:51:40.598 D/VsProxy ( 3438): handleMessage msg is 4001
04-11 12:51:40.598 D/RadioProxy( 3438): setQosConfig : response cb for instance 1
04-11 12:51:40.598 D/RadioProxyJ[1](14034): [105375436]< setQosConfigResponse 
04-11 12:51:40.599 D/CommonApp-264-10512(14034): choiceScoreWay
04-11 12:51:40.599 D/CommonApp-264-10512(14034): useTraditionalScore
04-11 12:51:40.599 D/CommonApp-264-10512(14034): initState
04-11 12:51:40.599 D/CommonApp-264-10512(14034): createScenarios
04-11 12:51:40.599 D/CommonApp-264-10512(14034): init end
04-11 12:51:40.599 D/Subsys-ScoreAppManager(14034): unit: {pkgName:com.binance.monitor,activityName:,winMode:1,event:COMMON,type:0,subEvent:0,pid:15451,uid:10512}
04-11 12:51:40.599 D/CommonApp-264-10512(14034): CommonState enter
04-11 12:51:40.599 D/CommonApp-264-10515(14034): CommonState exit
04-11 12:51:40.599 D/CommonApp-255-10512(14034): CommonState enter
04-11 12:51:40.599 D/CommonApp-255-10515(14034): CommonState exit
04-11 12:51:40.599 D/CommonApp-255-10512(14034): DefaultState EVENT_INIT_STATE_COMPLETE
04-11 12:51:40.599 D/CommonApp-255-10512(14034): startDataCollection
04-11 12:51:40.599 D/CommonApp-255-10512(14034): current network isn't cellular,not need enable modem report
04-11 12:51:40.600 D/NetlinkUtils(14034): sendToKernel byteBuffer:java.nio.HeapByteBuffer[pos=32 lim=32 cap=32],nlmsg_pid:14034,nlmsg_type:45,cmdType:1,type:9,nla_len:12
04-11 12:51:40.600 D/NetlinkUtils(14034): sendTransportScoreInfo result:true
04-11 12:51:40.600 D/CommonApp-264-10512(14034): DefaultState EVENT_INIT_STATE_COMPLETE
04-11 12:51:40.600 D/CommonApp-264-10512(14034): startDataCollection
04-11 12:51:40.600 D/CommonApp-264-10512(14034): current network is cellular
04-11 12:51:40.600 D/STS-ModemDataCollection-1(14034): ModemDataCollection, mSlotId = 1
04-11 12:51:40.600 D/RadioProxyJ[1](14034): [105375437]> setQosConfig enabled:1 config:[1]
04-11 12:51:40.600 D/NetworkService[1](14034): registerEventRegistrants eventId:25,what:44,obj:null,messenger:null,handler:Handler (com.oplus.sense.netscore.n0) {65963db}
04-11 12:51:40.600 D/ModemStuckAnalyse1(14034): ModemStuckAnalyse, mSlotId = 1
04-11 12:51:40.600 D/QmiVsClient( 3438): setQosConfig - enter
04-11 12:51:40.600 E/QmiVsClient( 3438): sendAsyncRequest QMI_VS_SET_QOS_CONFIG_REQ_MSG_V01 ret 0
04-11 12:51:40.600 D/VsProxy ( 3438): handleMessage msg is 4001
04-11 12:51:40.600 D/RadioProxy( 3438): setQosConfig : response cb for instance 1
04-11 12:51:40.600 D/RadioProxyJ[1](14034): [105375437]< setQosConfigResponse 
04-11 12:51:40.631 D/OplusScrollToTopManager(21078): com.mobilecodex.nativeapp/com.mobilecodex.nativeapp.MainActivity,This com.android.internal.policy.DecorView{a377460 I.E...... R.....ID 0,0-1264,2780 aid=0 alpha=1.0 viewInfo = }[MainActivity] change focus to false
04-11 12:51:40.636 I/SDM     ( 2181): DisplayBuiltIn::IdlePowerCollapse: IPC received, disabling partial update for one frame
04-11 12:51:40.641 E/CwbService( 2181): Panel not support apl read or getDisplayPanelAplValue timeout 10ms.
04-11 12:51:40.641 D/SensorFeature( 2258): name=ssc_screenshot_info ,index = 22
04-11 12:51:40.642 D/SensorFeature( 2258): write 39 bytes:930315993945426,930316044927770,33483,0
04-11 12:51:40.665 I/TcpSyn  (13839): updateFrontUidsToKernel, uids = [10512]
04-11 12:51:40.683 I/sensors-hal( 2113): handle_oplus_wise_rgb_event:189, high_pwm_light:lux 195.8,cct 6371.3,brl/algo/ir 1361.0/2.0/42.6,pwm/dc 0.0/0.0,rgbc 8820.808594/5943.361328/3805.658691/17131.535156,ts 930316024515118,cnt 56920,flag 33483
04-11 12:51:40.683 I/sensors-hal( 2113): handle_oplus_wise_rgb_event:161, wise_rgb: (56921)(cct, lux, ir)[6371.25, 195.81, 42.647015] (r, g, b, c)[8843.24, 5960.96, 3825.53, 17150.19]                 (pwm, hbm, brl, algo)[0.0 0.0 1361.0 2.0], flag 99019
04-11 12:51:40.719 V/AlarmManager( 3590): sending alarm Alarm{91568be type 1 origWhen 1775883100719 whenElapsed 930316133 android} uid 1000 whenElapsed 930316133 windowLength 0 maxWhenElapsed 930316133 repeatInterval 0 action null component null tag StorgaeBandInfoAlarmTag flags 0x9 procName system_server
04-11 12:51:40.719 E/OplusStorageUFSBandwidth( 3590): storage_io_metrics_path is /proc/oplus_storage/io_metrics/forever/
04-11 12:51:40.719 E/OplusStorageUFSBandwidth( 3590): Bandwidth - Read: 1.50 MB/s, Write: 1.00 MB/s
04-11 12:51:40.719 E/OplusStorageUFSBandwidth( 3590): Task time: 0ms
04-11 12:51:40.721 E/OplusStorageUFSBandwidth( 3590): Alarm set to trigger in 10 seconds
04-11 12:51:40.726 I/AICCTModule( 3590): SensorFilter: brightness threshold 1.2 screenNit is 95.362 ave enviroment lux is 128.33806 luxForNit 90.22653demarcationPoint200.0 result is false
04-11 12:51:40.726 I/AICCTModule( 3590): SensorFilter: findSecondNearestValue, sensorValue: 5485.3433 nearestMaxValue:5474.248 secondNearestValue: 6421.2417
04-11 12:51:40.726 I/AICCTModule( 3590): SensorFilter: findSecondNearestValue, sensorValue: 136.33917 nearestMaxValue:135.12053 secondNearestValue: 129.78938
04-11 12:51:40.726 D/AICCTModule( 3590): AICurveModel: findPointWithLuxForSmartByX lux218.15439
04-11 12:51:40.726 I/AICCTModule( 3590): AICurveModel: findPointByX x:13.413264, rightPoint:Point:(13.42, 5587.479, 5587.479)
04-11 12:51:40.726 I/AICCTModule( 3590): AICurveModel: StablePoints has no dragSplineLine
04-11 12:51:40.726 I/AICCTModule( 3590): AICurveModel: findPointByY y:5332.446, rightPoint:Point:(12.82, 5332.446, 5332.446)
04-11 12:51:40.726 I/AICCTModule( 3590): AICurveModel: findPointByY y:5332.446, rightPoint:Point:(12.82, 5332.446, 5332.446)
04-11 12:51:40.726 I/AICCTModule( 3590): AICurveModel: findPointByY y:5332.446, rightPoint:Point:(12.82, 5332.446, 5332.446)
04-11 12:51:40.726 I/AICCTModule( 3590): AICurveModel: StablePoints y1Left:5332.446, y2Left:0.0, leftY:5332.446
04-11 12:51:40.726 I/AICCTModule( 3590): AICurveModel: findPointByY y:5332.446, rightPoint:Point:(12.82, 5332.446, 5332.446)
04-11 12:51:40.726 I/AICCTModule( 3590): AICurveModel: findPointByY y:5332.446, rightPoint:Point:(12.82, 5332.446, 5332.446)
04-11 12:51:40.726 I/AICCTModule( 3590): AICurveModel: getNextPoint isLargeChange, 6432.0396, 5587.479
04-11 12:51:40.726 I/AICCTModule( 3590): AICurveModel: handleUpdateCCT cct change from:(5505.639648,5332.445801)->(6432.039551,5587.479004),curPoint(6432.039551,5587.479004),stablePoint=LeftLarge(5505.6396,5332.446)-RightLarge(5505.6396,5332.446),LeftSmall(5505.6396,5332.446)-RightSmall(5505.6396,5332.446),TLSmall(5505.6396,5332.446)-TRSmall(5505.6396,5332.446)
04-11 12:51:40.726 I/AICCTModule( 3590): AICurveModel: onTargetCCTChange cct change to 5587.479
04-11 12:51:40.818 I/OplusHansManager ( 3590): FastFreeze exit, unfreeze uids: []
04-11 12:51:40.818 I/OplusHansManager ( 3590): exit FastFreezer, unfreeze uids: [] thaw: [], reason: exitFF
04-11 12:51:40.818 I/OplusHansManager ( 3590): notify state machine event=FF_EXIT to uids=[10512, 10295, 10397, 10515]
04-11 12:51:40.825 W/QosScheduler( 3590): executeSceneQosStrategy failed! qos feature no enable
04-11 12:51:40.826 W/Battery (15757): UadListener: onSceneStateChange, sceneId=19, type=7, windowinfos=[SceneListenerWindowInfo{mWindowMode=2, mPkgName=com.binance.monitor, mUid=10512, mPid=15451, mIsGame=false, mIsCamera=false, mIsMiniFloat=false, mIsFocused=true}, SceneListenerWindowInfo{mWindowMode=1, mPkgName=com.binance.monitor, mUid=10512, mPid=15451, mIsGame=false, mIsCamera=false, mIsMiniFloat=false, mIsFocused=true}]
04-11 12:51:40.826 D/OplusLinkBoostSceneManager(13839): handleAppSceneChange: live broadcast off
04-11 12:51:40.827 W/OplusGameOptManager( 7586): getService fail.vendor.oplus.hardware.gameopt.IGameOptHalService/default
04-11 12:51:40.827 W/OplusGameOptManager( 7586): getService fail.vendor.oplus.hardware.gameopt.IGameOptHalService/default
04-11 12:51:40.870 D/BatteryChargeControl( 2280): bcc get no support from charging protocol
04-11 12:51:40.880 I/SDM     ( 2181): DisplayBuiltIn::IdlePowerCollapse: IPC received, disabling partial update for one frame
04-11 12:51:40.926 E/CwbService( 2181): Panel not support apl read or getDisplayPanelAplValue timeout 10ms.
04-11 12:51:40.926 D/SensorFeature( 2258): name=ssc_screenshot_info ,index = 22
04-11 12:51:40.926 D/SensorFeature( 2258): write 39 bytes:930316319028638,930316330139749,33484,0
04-11 12:51:40.932 W/ServiceManagerCppClient( 4482): Waited one second for SystemClearService (is service started? Number of threads started in the threadpool: 16. Are binder threads started and available?)
04-11 12:51:40.932 W/ServiceManagerCppClient( 4482): Waited one second for SystemClearService (is service started? Number of threads started in the threadpool: 16. Are binder threads started and available?)
04-11 12:51:40.933 W/libc    ( 1254): Unable to set property "ctl.interface_start" to "aidl/SystemClearService": PROP_ERROR_HANDLE_CONTROL_MESSAGE (0x20)
04-11 12:51:40.933 W/libc    ( 1254): Unable to set property "ctl.interface_start" to "aidl/SystemClearService": PROP_ERROR_HANDLE_CONTROL_MESSAGE (0x20)
04-11 12:51:40.950 I/sensors-hal( 2113): handle_oplus_wise_rgb_event:161, wise_rgb: (56926)(cct, lux, ir)[6414.79, 197.00, 42.352043] (r, g, b, c)[8865.66, 5976.36, 3823.32, 17234.11]                 (pwm, hbm, brl, algo)[0.0 0.0 1361.0 2.0], flag 99020
04-11 12:51:41.021 D/QmiClient( 3438): qmiServiceEventCallback recv msg id 47
04-11 12:51:41.021 D/QmiClient( 3438): enter -mServiceType 10 onQmiServiceEventCallback msgId 47
04-11 12:51:41.021 D/QmiClient( 3438): onQmiServiceEventCallback - enter. msgId=47
04-11 12:51:41.021 D/OttProxy( 3438): handleMessage msg is 3001
04-11 12:51:41.021 D/SubsysRadioIndication[1](14034): radioLinkLatencyInfoInd
04-11 12:51:41.021 D/SubsysRadioIndication[1](14034): notify enter
04-11 12:51:41.021 D/NetworkService[1](14034): handleMessage what:1008
04-11 12:51:41.021 D/NetworkService[1](14034): EVENT_REG_LINK_LATENCY_INFO_CHANGE ulLatency:-1
04-11 12:51:41.080 I/SDM     ( 2181): DisplayBuiltIn::IdlePowerCollapse: IPC received, disabling partial update for one frame
04-11 12:51:41.097 D/UlPriorityPolicyForeground(13839): match: config has not com.binance.monitor
04-11 12:51:41.130 D/NotificationService--OplusNotificationFixHelper( 3590): fixAppIcon: pkg=com.binance.monitor
04-11 12:51:41.130 D/NotificationService--OplusNotificationFixHelper( 3590): fixAppIcon: appIcon = null, pkg = com.binance.monitor
04-11 12:51:41.131 D/NotificationService--NotificationRecord( 3590): isSupportRearLight , isRearLight = false mLedRM = false isMultilLed = false
04-11 12:51:41.131 I/OplusStatusBarManagerServiceEnhance( 3590):  getTopIsFullscreen mTopIsFullscreen: false
04-11 12:51:41.131 W/ActivityManager( 3590): Permission Denial: getTopApplicationInfo from pid=15451, uid=10512 requires oplus.permission.OPLUS_COMPONENT_SAFE
04-11 12:51:41.131 E/OplusNotificationCenter( 3590): getForegroundApplication exception
04-11 12:51:41.131 D/NotificationService--OplusNotificationManagerServiceExtImpl( 3590): isForwardToAssistants: true, case : Is local notification
04-11 12:51:41.131 D/NotificationService( 3590): This application enqueue notifications is need postDelayed mcsAssistantDelayTime: 50
04-11 12:51:41.166 I/ChainTrace(15451): stream type=syncBootstrap gapMs=-1 refreshMarket=true
04-11 12:51:41.166 I/ChainTrace(15451): market_apply symbol=BTCUSDT closeTime=1775883119999 fetchMs=-1 triggerToApplyMs=-1
04-11 12:51:41.166 I/ChainTrace(15451): market_apply symbol=XAUUSDT closeTime=1775883119999 fetchMs=-1 triggerToApplyMs=-1
04-11 12:51:41.166 I/ChainTrace(15451): repo_kline symbol=BTCUSDT closeTime=1775883119999 applyToRepoMs=0
04-11 12:51:41.166 I/ChainTrace(15451): repo_kline symbol=XAUUSDT closeTime=1775883119999 applyToRepoMs=0
04-11 12:51:41.169 I/ChainTrace(15451): main_render symbol=BTCUSDT closeTime=1775883059999 repoToMainMs=-1 triggerToMainMs=-1
04-11 12:51:41.185 I/SystemUi--Notification( 8338): OplusLiveAlertNotificationsRepository-->onRankingApplied
04-11 12:51:41.191 I/PluginSeedling--Track( 8338): RequestHandler-->notificationUpdated 0|com.binance.monitor|9001|null|10512 postTime: 1775883101130
04-11 12:51:41.191 E/LockScreenNotificationDispatcherImp( 8338): updateNotificationListOnKg size:0
04-11 12:51:41.192 W/SystemUi--Notification( 8338): OplusNotificationGroupExtImpl-->setChildrenExpanded: groupHeader is null
04-11 12:51:41.192 I/SystemUi--Notification( 8338): LockScreenNotificationDispatcherImp-->updateNotificationListOnKg resultCode: 0
04-11 12:51:41.202 D/LocalImageResolver( 8338): Couldn't use ImageDecoder for drawable, falling back to non-resized load.
04-11 12:51:41.202 D/LocalImageResolver( 8338): Couldn't use ImageDecoder for drawable, falling back to non-resized load.
04-11 12:51:41.203 D/OplusNotificationDateTimeView( 8338): setTime mSettingTimeMillis 1775883101128, mSettingLocalDateTime 2026-04-11T12:51:00.128
04-11 12:51:41.203 D/LocalImageResolver( 8338): Couldn't use ImageDecoder for drawable, falling back to non-resized load.
04-11 12:51:41.213 E/CwbService( 2181): Panel not support apl read or getDisplayPanelAplValue timeout 10ms.
04-11 12:51:41.213 D/SensorFeature( 2258): name=ssc_screenshot_info ,index = 22
04-11 12:51:41.213 D/SensorFeature( 2258): write 39 bytes:930316605793482,930316616904593,33485,0
04-11 12:51:41.213 D/OplusNotificationDateTimeView( 8338): setTime mSettingTimeMillis 1775883101128, mSettingLocalDateTime 2026-04-11T12:51:00.128
04-11 12:51:41.214 D/OplusNotificationDateTimeView( 8338): setTime mSettingTimeMillis 1775883101128, mSettingLocalDateTime 2026-04-11T12:51:00.128
04-11 12:51:41.214 I/SystemUi--Notification( 8338): OplusNotificationTempla-->resolveContentMargin: marginTop=112 isChildInGroup=false hasSubtitle=true params.topMargin=112
04-11 12:51:41.214 W/SystemUi--Notification( 8338): OplusNotificationGroupExtImpl-->setChildrenExpanded: groupHeader is null
04-11 12:51:41.216 I/sensors-hal( 2113): handle_oplus_wise_rgb_event:189, high_pwm_light:lux 197.8,cct 6398.7,brl/algo/ir 1361.0/2.0/42.2,pwm/dc 0.0/0.0,rgbc 8888.086914/5989.553223/3838.770752/17273.734375,ts 930316590792045,cnt 56930,flag 33485
04-11 12:51:41.217 I/sensors-hal( 2113): handle_oplus_wise_rgb_event:161, wise_rgb: (56931)(cct, lux, ir)[6398.70, 197.77, 42.232796] (r, g, b, c)[8883.10, 5985.15, 3840.98, 17243.43]                 (pwm, hbm, brl, algo)[0.0 0.0 1361.0 2.0], flag 99021
04-11 12:51:41.224 E/LockScreenNotificationDispatcherImp( 8338): updateNotificationListOnKg size:0
04-11 12:51:41.225 W/SystemUi--Notification( 8338): OplusNotificationGroupExtImpl-->setChildrenExpanded: groupHeader is null
04-11 12:51:41.225 I/SystemUi--Notification( 8338): LockScreenNotificationDispatcherImp-->updateNotificationListOnKg resultCode: 0
04-11 12:51:41.261 D/CommonApp-264-10512(14034): transport layer data is invalid
04-11 12:51:41.262 D/CommonApp-255-10512(14034): commonScoreStrategy scenarios 3 mTLD.uplink_packets + mTLD.downlink_packets > 10 avgRtt28
04-11 12:51:41.262 D/CommonApp-255-10512(14034): notifyScoreChange appScene COMMON score 100
04-11 12:51:41.262 D/CommonApp-255-10512(14034): needNotify 77777
04-11 12:51:41.262 D/ScorePolicy(14034): handleScoreChanged: [mInstanceId: -1 mPolicyId: 3342338 mLevel: 2 mValue: 100 mTechnology: 2 mNetId: 255 mUid: 10512 mPeriod: 0 mThreshold: 0 mBadReasonType: 0 mBadReason: 0 mScene: 0 mCBClientId: 0]
04-11 12:51:41.262 D/ScorePolicy(14034): handleScoreChanged: [mInstanceId: -1 mPolicyId: 3342340 mLevel: 1 mValue: 100 mTechnology: 2 mNetId: 255 mUid: 10512 mPeriod: 0 mThreshold: 0 mBadReasonType: 0 mBadReason: 0 mScene: 0 mCBClientId: 0]
04-11 12:51:41.262 D/ScorePolicy(14034): handleScoreChanged: []
04-11 12:51:41.262 D/ScoreClient(14034): notifyScoreChange2457667 1001
04-11 12:51:41.262 D/ScoreClient(14034): notifyScoreChange268075477 1006
04-11 12:51:41.262 D/ScoreClient(14034): notifyScoreChange172017572 1
04-11 12:51:41.262 D/ScoreClient(14034): notifyScoreChange235975006 1
04-11 12:51:41.262 D/AtomHighLoadSenseInfo(14034): handleMessage what:1001
04-11 12:51:41.262 D/ScoreClient(14034): notifyScoreChange236195522 1008
04-11 12:51:41.262 D/AtomHighLoadSenseInfo(14034): handleScoreChanged results:[mInstanceId: -1 mPolicyId: 3342338 mLevel: 2 mValue: 100 mTechnology: 2 mNetId: 255 mUid: 10512 mPeriod: 0 mThreshold: 0 mBadReasonType: 0 mBadReason: 0 mScene: 0 mCBClientId: 2457667]
04-11 12:51:41.262 D/ScoreLoader(14034): clinetId 51262116 [mInstanceId: -1 mPolicyId: 3342340 mLevel: 1 mValue: 100 mTechnology: 2 mNetId: 255 mUid: 10512 mPeriod: 0 mThreshold: 0 mBadReasonType: 0 mBadReason: 0 mScene: 0 mCBClientId: 39376926]
04-11 12:51:41.262 D/ExtremeCommService(14034): handleMessage what:1006
04-11 12:51:41.262 D/ExtremeCommService(14034): EVENT_NETWORK_QUALITY_CHANGE score level:2
04-11 12:51:41.262 D/NetworkScoreEvent(14034): update event
04-11 12:51:41.262 D/RegStateTracker(14034): Received scoreresult[mInstanceId: -1 mPolicyId: 3342340 mLevel: 1 mValue: 100 mTechnology: 2 mNetId: 255 mUid: 10512 mPeriod: 0 mThreshold: 0 mBadReasonType: 0 mBadReason: 0 mScene: 0 mCBClientId: 235975006]
04-11 12:51:41.262 D/AtomNetworkScoreInfo(14034): handleMessage: 1008
04-11 12:51:41.262 D/AtomNetworkScoreInfo(14034): Received scoreresult[mInstanceId: -1 mPolicyId: 3342340 mLevel: 1 mValue: 100 mTechnology: 2 mNetId: 255 mUid: 10512 mPeriod: 0 mThreshold: 0 mBadReasonType: 0 mBadReason: 0 mScene: 0 mCBClientId: 236195522]
04-11 12:51:41.262 D/ScoreLoader(14034): clinetId 5475375 [mInstanceId: -1 mPolicyId: 3342338 mLevel: 2 mValue: 100 mTechnology: 2 mNetId: 255 mUid: 10512 mPeriod: 0 mThreshold: 0 mBadReasonType: 0 mBadReason: 0 mScene: 0 mCBClientId: 219934186, mInstanceId: -1 mPolicyId: 3342338 mLevel: 2 mValue: 100 mTechnology: 2 mNetId: 255 mUid: 10512 mPeriod: 0 mThreshold: 0 mBadReasonType: 0 mBadReason: 0 mScene: 0 mCBClientId: 79861825, mInstanceId: -1 mPolicyId: 3342338 mLevel: 2 mValue: 100 mTechnology: 2 mNetId: 255 mUid: 10512 mPeriod: 0 mThreshold: 0 mBadReasonType: 0 mBadReason: 0 mScene: 0 mCBClientId: 190672651, mInstanceId: -1 mPolicyId: 3342338 mLevel: 2 mValue: 100 mTechnology: 2 mNetId: 255 mUid: 10512 mPeriod: 0 mThreshold: 0 mBadReasonType: 0 mBadReason: 0 mScene: 0 mCBClientId: 58006050, mInstanceId: -1 mPolicyId: 3342338 mLevel: 2 mValue: 100 mTechnology: 2 mNetId: 255 mUid: 10512 mPeriod: 0 mThreshold: 0 mBadReasonType: 0 mBadReason: 0 mScene: 0 mCBClientId: 64307998, mInstanceId: -1 mPolicyId: 3342340 mLevel: 1 mValue: 100 mTechnology: 2 mNetId: 255 mUid: 10512 mPeriod: 0 mThreshold: 0 mBadReasonType: 0 mBadReason: 0 mScene: 0 mCBClientId: 73361374, mInstanceId: -1 mPolicyId: 3342340 mLevel: 1 mValue: 100 mTechnology: 2 mNetId: 255 mUid: 10512 mPeriod: 0 mThreshold: 0 mBadReasonType: 0 mBadReason: 0 mScene: 0 mCBClientId: 263796602, mInstanceId: -1 mPolicyId: 3342340 mLevel: 1 mValue: 100 mTechnology: 2 mNetId: 255 mUid: 10512 mPeriod: 0 mThreshold: 0 mBadReasonType: 0 mBadReason: 0 mScene: 0 mCBClientId: 128379457, mInstanceId: -1 mPolicyId: 3342340 mLevel: 1 mValue: 100 mTechnology: 2 mNetId: 255 mUid: 10512 mPeriod: 0 mThreshold: 0 mBadReasonType: 0 mBadReason: 0 mScene: 0 mCBClientId: 183644090, mInstanceId: -1 mPolicyId: 3342340 mLevel: 1 mValue: 100 mTechnology: 2 mNetId: 255 mUid: 10512 mPeriod: 0 mThreshold: 0 mBadReasonType: 0 mBadReason: 0 mScene: 0 mCBClientId: 71781513, mInstanceId: -1 mPolicyId: 3342340 mLevel: 1 mValue: 100 mTechnology: 2 mNetId: 255 mUid: 10512 mPeriod: 0 mThreshold: 0 mBadReasonType: 0 mBadReason: 0 mScene: 0 mCBClientId: 119001807, mInstanceId: -1 mPolicyId: 3342340 mLevel: 1 mValue: 100 mTechnology: 2 mNetId: 255 mUid: 10512 mPeriod: 0 mThreshold: 0 mBadReasonType: 0 mBadReason: 0 mScene: 0 mCBClientId: 159917397, mInstanceId: -1 mPolicyId: 3342340 mLevel: 1 mValue: 100 mTechnology: 2 mNetId: 255 mUid: 10512 mPeriod: 0 mThreshold: 0 mBadReasonType: 0 mBadReason: 0 mScene: 0 mCBClientId: 253278887]
04-11 12:51:41.262 D/ScoreLoader(14034): clinetId 18804689 [mInstanceId: -1 mPolicyId: 3342340 mLevel: 1 mValue: 100 mTechnology: 2 mNetId: 255 mUid: 10512 mPeriod: 0 mThreshold: 0 mBadReasonType: 0 mBadReason: 0 mScene: 0 mCBClientId: 162591356, mInstanceId: -1 mPolicyId: 3342340 mLevel: 1 mValue: 100 mTechnology: 2 mNetId: 255 mUid: 10512 mPeriod: 0 mThreshold: 0 mBadReasonType: 0 mBadReason: 0 mScene: 0 mCBClientId: 3198911]
04-11 12:51:41.262 D/OplusRecoveryEventData(13839): onScoreChanged mInstanceId: -1 mPolicyId: 3342338 mLevel: 2 mValue: 100 mTechnology: 2 mNetId: 255 mUid: 10512 mPeriod: 0 mThreshold: 0 mBadReasonType: 0 mBadReason: 0 mScene: 0 mCBClientId: 219934186
04-11 12:51:41.262 D/OLK-NAS (13839): get score result     mInstanceId: -1 mPolicyId: 3342340 mLevel: 1 mValue: 100 mTechnology: 2 mNetId: 255 mUid: 10512 mPeriod: 0 mThreshold: 0 mBadReasonType: 0 mBadReason: 0 mScene: 0 mCBClientId: 128379457
04-11 12:51:41.262 D/SmartStrategyCooperateMachine(13839): now score is 100
04-11 12:51:41.262 D/OLK-NAS (13839): networkScoreChange networkId: 255 better = true, score = 100
04-11 12:51:41.262 D/OplusL3Monitor( 3590): network=255, score=100, onScoreChanged result = mInstanceId: -1 mPolicyId: 3342340 mLevel: 1 mValue: 100 mTechnology: 2 mNetId: 255 mUid: 10512 mPeriod: 0 mThreshold: 0 mBadReasonType: 0 mBadReason: 0 mScene: 0 mCBClientId: 3198911, screen= true
04-11 12:51:41.263 E/SmartDataSwitchStateManager(13839): null network score or unexpected tech
04-11 12:51:41.264 I/ChainTrace(15451): floating_update symbol=BTCUSDT closeTime=1775883059999 repoToFloatingUpdateMs=-1
04-11 12:51:41.265 I/ChainTrace(15451): floating_render symbol=BTCUSDT closeTime=1775883059999 updateToRenderMs=1 repoToFloatingRenderMs=-1 triggerToFloatingRenderMs=-1
04-11 12:51:41.267 I/SDM     ( 2181): DisplayBuiltIn::IdlePowerCollapse: IPC received, disabling partial update for one frame
04-11 12:51:41.269 D/VRR [OPlusSurfaceFlingerController]( 3590):  setComplexSceneEnable : true
04-11 12:51:41.269 I/[UAH_CLIENT]( 3590): uahRuleCtl, ruleId:206, status:3
04-11 12:51:41.269 I/SurfaceControl(15451):  setExtendedRangeBrightness sc=Surface(name=)/@0x13e3f08,currentBufferRatio=1.0,desiredRatio=1.0
04-11 12:51:41.269 D/BufferQueueProducer(15451): [VRI[]#1(BLAST Consumer)1](id:3c5b00000001,api:1,p:15451,c:15451) disconnect: api 1
04-11 12:51:41.269 V/WindowManager( 3590): Relayout Window{90677e4 u0 com.binance.monitor}: viewVisibility=0, oldvis=0, req=315x429 , apr = 0, vsysui=, x=42, y=420
04-11 12:51:41.269 D/BufferQueueProducer(15451): [VRI[]#1(BLAST Consumer)1](id:3c5b00000001,api:1,p:15451,c:15451) connect: api=1 producerControlledByApp=true
04-11 12:51:41.269 D/InsetsSourceProvider( 3590): updateSourceFrameForServerVisibility mandatorySystemGestures EMPTY_RECT
04-11 12:51:41.269 D/InsetsSourceProvider( 3590): updateSourceFrameForServerVisibility mandatorySystemGestures EMPTY_RECT
04-11 12:51:41.271 D/BLASTBufferQueue(15451): [VRI[]#1](f:0,a:2) producer disconnected before acquireNextBufferLocked
04-11 12:51:41.279 W/VRI[]   (15451): handleResized abandoned!
04-11 12:51:41.281 D/OplusScrollToTopManager(15451): com.binance.monitor/com.binance.monitor.ui.main.MainActivity,This com.android.internal.policy.DecorView{112785d V.E...... R....... 0,0-1264,2780 aid=0 alpha=1.0 viewInfo = }[MainActivity] change focus to true
04-11 12:51:41.289 W/QosScheduler( 3590): executeSceneQosStrategy failed! qos feature no enable
04-11 12:51:41.305 W/QosScheduler( 3590): executeSceneQosStrategy failed! qos feature no enable
04-11 12:51:41.369 I/SDM     ( 2181): DisplayBuiltIn::IdlePowerCollapse: IPC received, disabling partial update for one frame
04-11 12:51:41.433 I/Osense-BaseDecisionMaker( 3590): notifySceneToAthenaPolicy: SCENE_IDLE_RECOVER, bundle: Bundle[{scene=SCENE_IDLE_RECOVER}]
04-11 12:51:41.434 I/Osense-BaseDecisionMaker( 3590): scene: SCENE_IDLE_RECOVER, excutingPolicy: respreload
04-11 12:51:41.434 D/Osense-BaseDecisionMaker( 3590): invoke process preload policy
04-11 12:51:41.434 I/Osense-BaseDecisionMaker( 3590): scene: SCENE_IDLE_RECOVER, excutingPolicy: clear
04-11 12:51:41.434 D/Osense-BaseDecisionMaker( 3590): invoke clear policy,type: unforbid
04-11 12:51:41.434 I/OsenseKillAction( 3590): KillAction: skip reason: non-low-mem-req, req_id=57666, enable=true, scene=SCENE_IDLE_RECOVER, type=unforbid, cchOnly=false, appcare=0, bloM=false, bloP=false
04-11 12:51:41.553 E/CwbService( 2181): Panel not support apl read or getDisplayPanelAplValue timeout 10ms.
04-11 12:51:41.553 D/SensorFeature( 2258): name=ssc_screenshot_info ,index = 22
04-11 12:51:41.553 D/SensorFeature( 2258): write 39 bytes:930316904874592,930316955968499,33486,0
04-11 12:51:41.554 D/FusionLightNextGen( 3590): process end reported = 1, mode: 0, cnt: 402325, lux 130.6, cct 7304.2, r/g/b/c: 8833.3/5983.0/3829.9/17210.8, R/G/B: 167.0/157.0/137.0, bri 1361.0, match 0.78, ir 0.051671, conf 5.0, ts 930316868411941
04-11 12:51:41.568 I/SDM     ( 2181): DisplayBuiltIn::IdlePowerCollapse: IPC received, disabling partial update for one frame
04-11 12:51:41.615 D/QmiClient( 2727): qmiServiceEventCallback recv msg id 1099
04-11 12:51:41.616 D/QmiClient( 3438): qmiServiceEventCallback recv msg id 1099
04-11 12:51:41.616 D/QmiClient( 2727): enter -mServiceType 4 onQmiServiceEventCallback msgId 1099
04-11 12:51:41.616 D/QmiClient( 2727): onQmiServiceEventCallback - enter. msgId=1099
04-11 12:51:41.616 D/QmiVsClientEvent( 2727): QosPeriodReportInd MSG IND data_len 2052
04-11 12:51:41.616 D/QmiClient( 3438): enter -mServiceType 4 onQmiServiceEventCallback msgId 1099
04-11 12:51:41.616 D/QmiVsClientEvent( 2727): qmiVsClientNotifyQosPeriodReportIndEvent - RADIO_EVENT_QOS_PERIOD_REPORT_NOTIFY_IND
04-11 12:51:41.616 D/Osense-BaseDecisionMaker( 3590): notifyDelayedSceneToPolicy
04-11 12:51:41.616 D/QmiClient( 3438): onQmiServiceEventCallback - enter. msgId=1099
04-11 12:51:41.616 D/QmiVsClientEvent( 3438): QosPeriodReportInd MSG IND data_len 2052
04-11 12:51:41.616 D/QmiVsClientEvent( 3438): qmiVsClientNotifyQosPeriodReportIndEvent - RADIO_EVENT_QOS_PERIOD_REPORT_NOTIFY_IND
04-11 12:51:41.616 D/VsProxy ( 3438): handleMessage msg is 2420
04-11 12:51:41.616 D/VsProxy ( 3438): handleQosPeriodReportInd for instance 1 data_len 213
04-11 12:51:41.616 D/VsProxy ( 2727): handleMessage msg is 2420
04-11 12:51:41.616 D/VsProxy ( 2727): handleQosPeriodReportInd for instance 0 data_len 145
04-11 12:51:41.616 D/SubsysRadioIndication[1](14034): radioQosPeriodReportInd result [8, -27, -59, -91, -49, 14, 18, 21, 8, -60, -60, -91, -49, 14, 16, 57, 32, -93, -124, 1, 40, 57, 56, -7, 1, 64, 122, 72, 1, 26, 14, 8, -118, -59, -91, -49, 14, 16, 69, 40, 54, 56, -118, -10, 2, 34, 12, 8, -84, -69, -57, -50, 14, 16, 4, 24, 1, 32, 3, 58, 83, 8, -18, -61, -91, -49, 14, 16, 5, 24, -98, -23, 30, 32, -54, 1, 40, -93, -1, -1, -1, -1, -1, -1, -1, -1, 1, 48, -12, -1, -1, -1, -1, -1, -1, -1, -1, 1, 56, 3, 64, -92, -1, -1, -1, -1, -1, -1, -1, -1, 1, 72, -95, -1, -1, -1, -1, -1, -1, -1, -1, 1, 80, -91, -1, -1, -1, -1, -1, -1, -1, -1, 1, 88, -92, -1, -1, -1, -1, -1, -1, -1, -1, 1, 66, 31, 8, -101, -22, -108, -49, 14, 16, 5, 24, 2, 34, 19, 8, -98, -23, 30, 16, -54, 1, 24, 41, 32, 13, 40, -126, -128, -52, -67, 21, 48, 2, 90, 0, 98, 10, 8, -85, -54, -73, -50, 14, 16, 3, 24, 5, 122, 20, 8, -124, -59, -91, -49, 14, 16, -1, -1, 1, 24, -1, -1, 1, 32, -1, -1, -1, -1, 15]
04-11 12:51:41.616 D/SubsysRadioIndication[0](14034): radioQosPeriodReportInd result [8, -27, -59, -91, -49, 14, 34, 12, 8, -84, -69, -57, -50, 14, 16, 4, 24, 1, 32, 3, 58, 61, 8, -96, -69, -91, -49, 14, 16, 5, 24, -64, -92, 38, 32, -22, 6, 40, -99, -1, -1, -1, -1, -1, -1, -1, -1, 1, 48, -11, -1, -1, -1, -1, -1, -1, -1, -1, 1, 56, 4, 64, -100, -1, -1, -1, -1, -1, -1, -1, -1, 1, 72, -99, -1, -1, -1, -1, -1, -1, -1, -1, 1, 66, 29, 8, -57, -20, -92, -50, 14, 16, 5, 34, 19, 8, -64, -92, 38, 16, -22, 6, 24, 78, 32, 13, 40, -117, -32, -94, -93, 2, 48, 2, 90, 0, 98, 10, 8, -41, -26, -92, -50, 14, 16, 3, 24, 5, 122, 15, 8, -8, -24, -92, -50, 14, 16, -52, 2, 24, -21, 1, 32, -90, 9]
04-11 12:51:41.616 D/NetworkService[1](14034): handleMessage what:1005
04-11 12:51:41.616 D/RadioAtomTracker(14034): parseQosPeriodData ModemQos:CellularQosInfo1{5G, 504990/202, EndcState=2, Band=41, DLBW=13, Rsrp=-93, Rsrq=-12, Snr=3, SvcStatus=3, ULPDCPNumDataPdu=57, ULPDCPNumDropPdu=0, ULPDCPTput=16931, ULRLCNumDataPdu=57, ULRLCNumRetxPdu=0, ULGrant=249, ULBSR=122, ULBler=1, DLPDCPNumDataPdu=54, DLPDCPTput=47882, DLRLCNumDataPdu=69, DLRLCNumRetxPdu=0, DLRLCNumDropPdu=0, DLMACPaddingBytes=0, DLPdcpNumMissToUppPdu=0, DLBler=0, RlfCount=0, CellChangeCount=0, IsRedirectionOccur=0, IsDualSimConflict=0, Latency=0, Sub1RrcState=1, Sub2RrcState=3, RachCount=0, CalcPower=32767, Mtpl=32767, PathLoss=-1, CellLoad=0}
04-11 12:51:41.617 D/NetworkService[1](14034): EVENT_REG_QOS_PERIOD_REPORT_IND_CHANGED ENTER
04-11 12:51:41.617 D/NetworkService[0](14034): handleMessage what:1005
04-11 12:51:41.617 D/RadioAtomTracker(14034): parseQosPeriodData ModemQos:CellularQosInfo2{5G, 627264/874, EndcState=0, Band=78, DLBW=13, Rsrp=-99, Rsrq=-11, Snr=4, SvcStatus=3, ULPDCPNumDataPdu=-1, ULPDCPNumDropPdu=-1, ULPDCPTput=-1, ULRLCNumDataPdu=-1, ULRLCNumRetxPdu=-1, ULGrant=-1, ULBSR=-1, ULBler=-1, DLPDCPNumDataPdu=-1, DLPDCPTput=-1, DLRLCNumDataPdu=-1, DLRLCNumRetxPdu=-1, DLRLCNumDropPdu=-1, DLMACPaddingBytes=-1, DLPdcpNumMissToUppPdu=-1, DLBler=-1, RlfCount=0, CellChangeCount=0, IsRedirectionOccur=0, IsDualSimConflict=0, Latency=0, Sub1RrcState=1, Sub2RrcState=3, RachCount=0, CalcPower=332, Mtpl=235, PathLoss=1190, CellLoad=0}
04-11 12:51:41.617 D/NetworkService[0](14034): EVENT_REG_QOS_PERIOD_REPORT_IND_CHANGED ENTER
04-11 12:51:41.617 D/AtomModemKpiInfo(14034): handleMessage what:1001
04-11 12:51:41.617 D/AtomModemKpiInfo(14034): analyseQosInfo success
04-11 12:51:41.662 W/QosScheduler( 3590): executeSceneQosStrategy failed! qos feature no enable
04-11 12:51:41.668 I/SDM     ( 2181): DisplayBuiltIn::IdlePowerCollapse: IPC received, disabling partial update for one frame
04-11 12:51:41.708 D/gaia-GaiaConnectChecker(13843): start connect check++
04-11 12:51:41.714 I/MMKV    (27449): <MMKV_IO.cpp:456::writeActualSize> [mmkv.default] increase sequence to 540323, crc 2044119398, actualSize 940
04-11 12:51:41.730 I/ostats_tpd(10330): stats_write, records atomId:100100, event_id:903, cpu:0, values: 903-0-1-213-(cpu-1-1-1)-28-0-1
04-11 12:51:41.730 I/ThermalEngine(10385): VIRTUAL-CPU-L-PID, Update received trip sensor cpu-1-1-1 92300
04-11 12:51:41.731 I/ostats_tpd(10330): stats_write, records atomId:100100, event_id:903, cpu:0, values: 903-0-1-10614-(cpu-1-1-1)-28-0-1
04-11 12:51:41.754 I/sensors-hal( 2113): handle_oplus_wise_rgb_event:161, wise_rgb: (56936)(cct, lux, ir)[6412.60, 198.18, 42.440357] (r, g, b, c)[8885.59, 6007.15, 3834.36, 17313.37]                 (pwm, hbm, brl, algo)[0.0 0.0 1361.0 2.0], flag 33486
04-11 12:51:41.790 D/NotificationCenter(  424): NotificationCenterService-->onDestroy: 
04-11 12:51:41.811 I/ThermalEngine(10385): VIRTUAL-CPU-L-PID, Update received trip sensor cpu-1-1-1 79100
04-11 12:51:41.852 I/ThermalEngine(10385): VIRTUAL-CPU-L-PID, Update received trip sensor cpu-1-1-1 92300
04-11 12:51:41.852 I/ostats_tpd(10330): stats_write, records atomId:100100, event_id:903, cpu:0, values: 903-0-1-213-(cpu-1-1-1)-28-0-1
04-11 12:51:41.852 I/ostats_tpd(10330): stats_write, records atomId:100100, event_id:903, cpu:0, values: 903-0-1-213-(cpu-1-1-1)-28-0-1
04-11 12:51:41.868 I/SDM     ( 2181): DisplayBuiltIn::IdlePowerCollapse: IPC received, disabling partial update for one frame
04-11 12:51:41.870 D/BatteryChargeControl( 2280): bcc get no support from charging protocol
04-11 12:51:41.908 D/RadioMessenger(14034): handleMessage Request msgid 2220
04-11 12:51:41.908 D/RadioMessenger(14034): handleSetSyncWithAp: -1, syncFlag: 1
04-11 12:51:41.908 D/QtiRadioService(14034): setSyncWithAp
04-11 12:51:41.908 D/RadioProxyJ[0](14034): [105375438]> setSyncWithAp syncFlag:1
04-11 12:51:41.909 D/RadioService( 2727): setSyncWithAp with instance 0
04-11 12:51:41.909 D/VendorService( 2727): VendorService::setSyncWithAp
04-11 12:51:41.909 E/PhoneInterfaceManager( 8406): queryModemActivityInfo: invalid response
04-11 12:51:41.909 D/TelephonyManager( 8406): requestModemActivityInfo: Sending result to app: ModemActivityInfo{ mTimestamp=930305288 mSleepTimeMs=144561727 mIdleTimeMs=6187188 mActivityStatsTechSpecificInfo=[{mRat=UNKNOWN,mFrequencyRange=UNKNOWN,mTxTimeMs[]=[169169, 149977, 216053, 160511, 160661],mRxTimeMs=390896325}]}
04-11 12:51:41.909 D/QmiVsClient( 2727): setSyncWithAp - enter
04-11 12:51:41.909 E/QmiVsClient( 2727): sendAsyncRequest QMI_VS_SET_SYNC_WITH_AP_REQ_MSG_V01 ret 0
04-11 12:51:41.909 D/VsProxy ( 2727): handleMessage msg is 4001
04-11 12:51:41.909 D/RadioProxy( 2727): setSyncWithAp : response cb for instance 0
04-11 12:51:41.909 D/RadioServiceResponse( 2727): RadioServiceResponse::setSyncWithApResponse
04-11 12:51:41.910 D/SubsysRadioResponse(14034): setSyncWithApResponse info.error = 0
04-11 12:51:41.910 D/RadioProxyJ[0](14034): [105375438]< setSyncWithApResponse 
04-11 12:51:41.910 D/QmiClient( 2727): qmiServiceEventCallback recv msg id 1085
04-11 12:51:41.910 D/MessengerResponseHandler(14034): handleMessage Response msgid 210
04-11 12:51:41.910 D/QmiClient( 2727): enter -mServiceType 4 onQmiServiceEventCallback msgId 1085
04-11 12:51:41.910 D/QmiClient( 2727): onQmiServiceEventCallback - enter. msgId=1085
04-11 12:51:41.910 D/QmiVsClientEvent( 2727): qmiVsClientNotifyNecEvent - RADIO_EVENT_NEC_IND
04-11 12:51:41.910 D/VsProxy ( 2727): handleMessage msg is 2403
04-11 12:51:41.910 D/VsProxy ( 2727): handleNecInd for instance 0
04-11 12:51:41.910 D/SubsysRadioIndication[0](14034): radioNecInd 
04-11 12:51:41.910 D/ModemChannel(14034): handleMessage what:102
04-11 12:51:41.910 D/ModemChannel(14034): handleNecEvent
04-11 12:51:41.910 D/OplusGameImsReg(13839): receive handle Message:MSG_NEC_DATA_IND_SIM1
04-11 12:51:41.911 D/SubsysCallManager(13839): handleMessage what:102
04-11 12:51:41.911 D/SubsysCallManager(13839): parseMdmInfoData len:392
04-11 12:51:41.911 D/SubsysCallManager(13839): onMdmEvent moduleId:6,eventId:4
04-11 12:51:41.911 I/ModemAci( 8498): [ModemActivityInfo] [LO, DA]:{ stamp=930317325 duration=12 sleepTMs=6730 idleTMs=256 rxTMs=5051 5gRxTMs=0 txTMs=[0, 0, 0, 0, 0, 0, 0, 0] 5gTxTMs=[0, 0, 0, 5, 241774, 266641, 202384, 246270] rrc10sC[]=[0, 0] rrc20sC[]=[0, 0] rrcMore20sC[]=[0, 0] rrcC[]=[0, 0] rrcT[]=[0, 0] saRrc10sC[]=[0, 0] saRrc20sC[]=[0, 0] saRrcMore20sC[]=[0, 0] saRrcC[]=[0, 0] saRrcT[]=[0, 12] endcActT[]=[0, 0] wifiRrcT[]=[0, 0] csChgC[]=[0, 0] psChgC[]=[0, 0] iRatC[]=[0, 0] cellUpdC[]=[0, 0] handOverC[]=[0, 0] nwSrchC[]=[0, 0] nwSrchT[]=[0, 0] psRegT[]=[12, 12] csRegT[]=[12, 12] psNoRegT[]=[0, 0] csNoRegT[]=[0, 0] sigGrid0T[]=[0, 0] gpsTMs=41 wlanTMs=0 sim15gTxTMs[]=[0, 0, 0, 0, 1133, 1313, 964, 1997] sim25gTxTMs[]=[0, 0, 0, 5, 240641, 265328, 201420, 244273] techTMs[]=[0, 0, 0, 0, 0, 0, 0, 0, 303] saActT[]=[0, 12] lteHoC[]=[0, 0] saHoC[]=[0, 0]}
04-11 12:51:41.911 D/ModemDataAnalysis(13839): phoneId = 0, moduleId = 6, onEvent...4, version = 0, size:380
04-11 12:51:41.911 D/TelephonyManager( 8406): requestModemActivityInfo: Sending result to app: ModemActivityInfo{ mTimestamp=930317324 mSleepTimeMs=144568457 mIdleTimeMs=6187444 mActivityStatsTechSpecificInfo=[{mRat=UNKNOWN,mFrequencyRange=UNKNOWN,mTxTimeMs[]=[169169, 149977, 216053, 160511, 160661],mRxTimeMs=390901376}]}
04-11 12:51:41.911 I/midasd  (10250): OplusObrainService::notifyEventString eventId:11 strParam:{"5gRxTimeMs":0,"5gTxTimeMs":[],"idleTimeMs":256,"lteRrcC":[0,0],"lteRrcT":[0,0],"nrRrcC":[0,0],"nrRrcT":[0,12],"rxTimeMs":5051,"sleepTimeMs":6730,"timestamp":1775883101911,"txTimeMs":[0,0,0,0,0,0,0,0]}
04-11 12:51:41.912 E/AMC     (13839): [P-ooslimited_deep/0] execute failed in triggers[0]:[nwsrcht:0][nwsrcht:0]
04-11 12:51:41.912 E/AMC     (13839): [P-ooslimited_deep/1] execute failed in triggers[0]:[nwsrcht:0][nwsrcht:0]
04-11 12:51:41.912 E/AMC     (13839): [P-mpss_reset/0] execute failed in triggers[0]:[sleept:6][sleept:833]
04-11 12:51:41.912 I/OplusObrain(15031): OplusObrainClientInvoke.nativeGetTelephonyInfo
04-11 12:51:41.912 E/AMC     (13839): [P-mpss_reset/1] execute failed in triggers[0]:[sleept:6][sleept:833]
04-11 12:51:41.912 E/AMC     (13839): [P-pidnetdisable_recovery] execute failed in triggers[0]:[sleept:6][pidnetdisable:null]
04-11 12:51:41.912 I/AMC     (13839): [P-standby_5gbackoff/0] execute single in triggers[0]:[sleept:6][sleept:427] successfully!
04-11 12:51:41.912 I/OplusObrain(15031): OplusObrainClientInvoke.nativeGetTrafficTypeInfoForNetworkType networkType 0
04-11 12:51:41.914 I/AMC     (13839): [P-standby_5gbackoff/0] execute check triggers[0]:[call, oos, inactive, charge, sleept, endcactt, screen] logical:and
04-11 12:51:41.914 E/AMC     (13839): [P-standby_5gbackoff/0] execute failed check triggers[0]:[sleept:6][inactive:false, charge:true, endcactt:0, screen:true]
04-11 12:51:41.914 I/AMC     (13839): [P-standby_5gbackoff/1] execute single in triggers[0]:[sleept:6][sleept:427] successfully!
04-11 12:51:41.916 I/AMC     (13839): [P-standby_5gbackoff/1] execute check triggers[0]:[call, oos, inactive, charge, sleept, endcactt, screen] logical:and
04-11 12:51:41.916 E/AMC     (13839): [P-standby_5gbackoff/1] execute failed check triggers[0]:[sleept:6][inactive:false, charge:true, endcactt:0, screen:true]
04-11 12:51:41.925 I/sensors-hal( 2113): handle_sns_std_sensor_event:114, oplus rgb_rear sample: (cct, lux, ir, x, y)[9262, 30, 252, 266, 333]
04-11 12:51:41.925 I/sensors-hal( 2113): handle_sns_std_sensor_event:116, oplus rgb_rear sample: (r, g, b, c w)[1218, 2422, 473, 612, 0]
04-11 12:51:41.926 I/AICCTModule( 3590): SensorFilter: brightness threshold 1.2 screenNit is 95.362 ave enviroment lux is 130.80116 luxForNit 90.4475demarcationPoint200.0 result is false
