04-11 12:51:39.622 I/ActivityManager( 3590): Start proc 15451:com.binance.monitor/u0a512 for next-top-activity {com.binance.monitor/com.binance.monitor.ui.main.MainActivity}
04-11 12:51:39.622 W/ContextImpl( 3590): Calling a method in the system process without a qualified user: android.app.ContextImpl.sendBroadcast:1281 com.qualcomm.qti.Performance$SendGameLaunchBroadcast.run:292 java.lang.Thread.run:1119 <bottom of call stack> <bottom of call stack> 
04-11 12:51:39.622 I/OPM     ( 3590): handleProcessStart : ProcessRecord{4e7187e 15451:com.binance.monitor/u0a512}
04-11 12:51:39.622 I/ActivityManager( 3590): ProcessObserver broadcast disabled
04-11 12:51:39.622 I/OStatsManager_OplusBatteryStatsManager( 3590): updateStateTime: PkgName = com.binance.monitor, uid = 10512, state to bg, mForegroundCnt = 0, isFg = false
04-11 12:51:39.622 I/MemoryOperationUtils( 3590): add 15451 to com.binance.monitor
04-11 12:51:39.624 D/BLASTBufferQueue( 8338): [VRI[monitor]#19810](f:0,a:1) acquireNextBufferLocked size=1264x2780 mFrameNumber=1 applyTransaction=true mTimestamp=882458998031282(auto) mPendingTransactions.size=0 graphicBufferId=35811437815544 transform=0
04-11 12:51:39.624 D/VRI[monitor]( 8338): Received frameCommittedCallback lastAttemptedDrawFrameNum=1 didProduceBuffer=true syncBuffer=false
04-11 12:51:39.624 D/VRI[monitor]( 8338): draw finished. seqId=0
04-11 12:51:39.625 D/WindowManager( 3590): onSyncFinishedDrawing: Window{37b771 u0 Splash Screen com.binance.monitor}
04-11 12:51:39.625 I/WindowManager( 3590): finishDrawing skipLayout:false,syncSeqId=0,mPrepareSyncSeqId=0 Window{37b771 u0 Splash Screen com.binance.monitor} com.android.server.wm.WindowManagerService.finishDrawingWindow:3217 com.android.server.wm.Session.finishDrawing:399 android.view.IWindowSession$Stub.onTransact:793 
04-11 12:51:39.625 I/WindowManager( 3590): Window{37b771 u0 Splash Screen com.binance.monitor} state from DRAW_PENDING to COMMIT_DRAW_PENDING; reason: finishDrawingLocked
04-11 12:51:39.625 D/InsetsSourceProvider( 3590): updateSourceFrameForServerVisibility mandatorySystemGestures EMPTY_RECT
04-11 12:51:39.625 D/InsetsSourceProvider( 3590): updateSourceFrameForServerVisibility mandatorySystemGestures EMPTY_RECT
04-11 12:51:39.625 I/WindowManager( 3590): Window{37b771 u0 Splash Screen com.binance.monitor} state from COMMIT_DRAW_PENDING to READY_TO_SHOW; reason: commitFinishDrawingLocked
04-11 12:51:39.625 D/ActivityTaskManager( 3590): onStartingWindowDrawn: app=null, mStartingData=SplashScreenStartingData{6924dd7 removeAfterTransaction= 0}, finishing=false,mLaunchedFromBubble=false, mVisibleRequested=true, mDisplayContent=Display{#0 state=ON size=1264x2780 ROTATION_0}, isZoomMode=false
04-11 12:51:39.625 D/ActivityTaskManager( 3590): commitVisibility: ActivityRecord{190405286 u0 com.binance.monitor/.ui.main.MainActivity t13175}: visible=true visibleRequested=true, isInTransition=true 
04-11 12:51:39.626 I/WindowManager( 3590): Window{37b771 u0 Splash Screen com.binance.monitor} state from READY_TO_SHOW to HAS_DRAWN; reason: performShowLocked
04-11 12:51:39.626 I/WindowStateExtImpl( 3590): onSurfaceShowChange show = true mPackageName = com.binance.monitor parentPkgName = com.binance.monitor
04-11 12:51:39.626 D/CoreBackPreview( 3590):  return markWindowHasDrawn mComposed: false  mWaitTransition: false
04-11 12:51:39.626 E/OplusAppQuickStart_AppQuickStartController( 3590): not start from launcher transition:27151
04-11 12:51:39.626 D/Transition( 3590): collectOrderChanges onTopTasksEnd: [Task{5162094 #13175 type=standard A=10512:com.binance.monitor}], reportedOnTop:null, mOnTopTasksStart: [Task{5162094 #13175 type=standard A=10512:com.binance.monitor}], TDA child: [Task{2ae848 #3 type=undefined}, Task{59d6dd0 #13088 type=standard A=10306:com.binance.dev}, Task{100415c #13133 type=standard A=10397:com.v2ray.ang}, Task{1abb46b #12626 type=standard A=10345:com.tencent.mm}, Task{1b9ad4c #1 type=home}, Task{7fffd36 #13163 type=standard A=10515:com.mobilecodex.nativeapp}, Task{5162094 #13175 type=standard A=10512:com.binance.monitor}]
04-11 12:51:39.626 W/SQLiteLog(10249): (28) double-quoted string literal: "com.binance.monitor"
04-11 12:51:39.626 D/OplusFlexibleActivityTransitionManager( 3590): fixTransitType type result:1, targets: [ChangeInfo{709dc63 container=Task{5162094 #13175 type=standard A=10512:com.binance.monitor} flags=0x10}, ChangeInfo{7eb3060 container=Task{7fffd36 #13163 type=standard A=10515:com.mobilecodex.nativeapp} flags=0x10}]
04-11 12:51:39.627 D/OplusTransitionAnimationManager( 3590): activityRecordCount0fullScreenArBeHindStartingWindow null
04-11 12:51:39.627 D/OplusTransitionAnimationManager( 3590): activityRecordCount0fullScreenArBeHindStartingWindow null
04-11 12:51:39.627 D/QuickBackInputPolicy( 3590): resetInputInterceptState for remoteTransition: false
04-11 12:51:39.627 D/OplusTransitionController( 3590): onTransactionReady, transition: 27151, info: {id=27151 t=OPEN f=0x0 trk=0 r=[0@Point(0, 0)] c=[{WCT{RemoteToken{31b2406 Task{5162094 #13175 type=standard A=10512:com.binance.monitor}}} m=OPEN f=NONE leash=Surface(name=Task=13175)/@0x6b3dbbf sb=Rect(0, 0 - 1264, 2780) eb=Rect(0, 0 - 1264, 2780) epz=Point(1264, 2780) d=0 taskParent=-1},{WCT{RemoteToken{29945be Task{7fffd36 #13163 type=standard A=10515:com.mobilecodex.nativeapp}}} m=TO_BACK f=NONE leash=Surface(name=Task=13163)/@0x591c010 sb=Rect(0, 0 - 1264, 2780) eb=Rect(0, 0 - 1264, 2780) epz=Point(1264, 2780) d=0 taskParent=-1}] 
04-11 12:51:39.627 D/OplusTransitionController( 3590): extendInfo=[
04-11 12:51:39.627 D/OplusTransitionController( 3590):  OplusTransitionExtendedInfo{mTmpFinishT=null, mInOplusCompatMode=false, mIsProcessRunning=false, mHasMismatchBoundsTarget=false, mRecentsController=null, mRemoteTransition=null, mIsTranslucentActivityToHome=false, mAvoidInterceptKeyEventToHome=false, mIsFromHome=false, mParentLeash=null, mBackAnimClosingLeash=null, mIsOplusAnimRes=false, mKeepBgForContinuous=false, mIsBalAllow=true, mTaskNotInRecent=false, mIsPredictiveBackAnim=false, mIsMergedWithPredictive=false, mIsLaunchFromSpruce=false, mIsLaunchFromDrive=false, mGlobalSearchPageSwitch=false, mNeedNoAlphaGlobalSearchScene=false, mAssistScreenShowing=false, mSwipeUpBrowserScreenShowing=false, mUserIdTransition=0
04-11 12:51:39.627 D/OplusTransitionController( 3590): , mInRemoteScene=false, mInPreReady=false, mPreStart=false, mToken=null, mAbortByRemoteFromHome=false, mShellApplyToken=null, mRequestTransitionTaskId=13175, mAbortTransitionOnShell=0, mStartFromShortcut=false, mRemovedTaskId=-1, mTransitionInterruptType=0, mMergeSecondTaskId=-1, mTaskIdStartFromRecents=0, mTransitionId=27151, mCanUseSpringSlideAnim=false, mTransitionLaunchFrom=0, mFoldChangeType=-1, mAnimStartingPosition=[0, 0, 0, 0], mIsOpeningStkDialogActivity=false, mSecondaryHomeToFrontWhenUnFolding=false, mIsNeedApplyStartTForEmbedded=false
04-11 12:51:39.627 D/OplusTransitionController( 3590): , mNeedCanvasExitAnim=false, mMergeSecondTaskAnimation=false, mIsLaunchUnityStart=false, mIsLaunchFromAssistantByDefault=false, mSkipRemoteTransitionfalse, mIsStartFromKeyguard=false flags=0x0, mWCT=null, mIsOpenMergeToInValidPredictive=false, mPromoteTaskWhenKeyguard-1, mRootLayerZOrderArray={}}]}, targets : [ChangeInfo{709dc63 container=Task{5162094 #13175 type=standard A=10512:com.binance.monitor} flags=0x10}, ChangeInfo{7eb3060 container=Task{7fffd36 #13163 type=standard A=10515:com.mobilecodex.nativeapp} flags=0x10}], participants: {Task{5162094 #13175 type=standard A=10512:com.binance.monitor}, ActivityRecord{190405286 u0 com.binance.monitor/.ui.main.MainActivity t13175}, ActivityRecord{223848952 u0 com.mobilecodex.nativeapp/.MainActivity t13163}}
04-11 12:51:39.628 W/WindowManager( 3590): captureTaskSnapshot mSnapshotMode= 0 source=Task{7fffd36 #13163 type=standard A=10515:com.mobilecodex.nativeapp}
04-11 12:51:39.628 I/Quality-ScreenOnOffLogProcessor(15031): withInScreenOnOffRange mIsScreenOn:true refTime:1775883099609 mRecentScreenOnTime:1775878373956 mRecentScreenOffTime:1775878373425
04-11 12:51:39.628 D/TaskSnapshotControllerExtImpl( 3590): createTaskSnapshot isCompatMode:false, isCompactWindow:false
04-11 12:51:39.628 W/AbsAppSnapshotControllerExtImpl( 3590): updateExcludeLayers, addExcludeLayerList is null or empty, return excludeLayers
04-11 12:51:39.628 I/InputDispatcher( 3590): updateFocusedWindow,  on display 0, reason: NO_WINDOW, result:   FocusedWindows: <none>
04-11 12:51:39.628 V/WindowManagerShell( 8338): onTransitionReady(transaction=15418935204125)
04-11 12:51:39.628 D/VRI[MainActivity](21078): onFocusEvent false
04-11 12:51:39.629 V/WindowManagerShell( 8338): onTransitionReady (#27151) android.os.BinderProxy@8c43f80: {id=27151 t=OPEN f=0x0 trk=0 r=[0@Point(0, 0)] c=[
04-11 12:51:39.629 V/WindowManagerShell( 8338):         {m=OPEN f=NONE leash=Surface(name=Task=13175)/@0x74980c sb=Rect(0, 0 - 1264, 2780) eb=Rect(0, 0 - 1264, 2780) epz=Point(1264, 2780) d=0 taskParent=-1},
04-11 12:51:39.629 V/WindowManagerShell( 8338):         {m=TO_BACK f=NONE leash=Surface(name=Task=13163)/@0xd409555 sb=Rect(0, 0 - 1264, 2780) eb=Rect(0, 0 - 1264, 2780) epz=Point(1264, 2780) d=0 taskParent=-1}
04-11 12:51:39.629 V/WindowManagerShell( 8338):     ] 
04-11 12:51:39.629 V/WindowManagerShell( 8338): extendInfo=[
04-11 12:51:39.629 V/WindowManagerShell( 8338):  OplusTransitionExtendedInfo{mTmpFinishT=null, mInOplusCompatMode=false, mIsProcessRunning=false, mHasMismatchBoundsTarget=false, mRecentsController=null, mRemoteTransition=null, mIsTranslucentActivityToHome=false, mAvoidInterceptKeyEventToHome=false, mIsFromHome=false, mParentLeash=null, mBackAnimClosingLeash=null, mIsOplusAnimRes=false, mKeepBgForContinuous=false, mIsBalAllow=true, mTaskNotInRecent=false, mIsPredictiveBackAnim=false, mIsMergedWithPredictive=false, mIsLaunchFromSpruce=false, mIsLaunchFromDrive=false, mGlobalSearchPageSwitch=false, mNeedNoAlphaGlobalSearchScene=false, mAssistScreenShowing=false, mSwipeUpBrowserScreenShowing=false, mUserIdTransition=0
04-11 12:51:39.629 V/WindowManagerShell( 8338): , mInRemoteScene=false, mInPreReady=false, mPreStart=false, mToken=null, mAbortByRemoteFromHome=false, mShellApplyToken=null, mRequestTransitionTaskId=13175, mAbortTransitionOnShell=0, mStartFromShortcut=false, mRemovedTaskId=-1, mTransitionInterruptType=0, mMergeSecondTaskId=-1, mTaskIdStartFromRecents=0, mTransitionId=27151, mCanUseSpringSlideAnim=false, mTransitionLaunchFrom=0, mFoldChangeType=-1, mAnimStartingPosition=[0, 0, 0, 0], mIsOpeningStkDialogActivity=false, mSecondaryHomeToFrontWhenUnFolding=false, mIsNeedApplyStartTForEmbedded=false
04-11 12:51:39.629 V/WindowManagerShell( 8338): , mNeedCanvasExitAnim=false, mMergeSecondTaskAnimation=false, mIsLaunchUnityStart=false, mIsLaunchFromAssistantByDefault=false, mSkipRemoteTransitionfalse, mIsStartFromKeyguard=false flags=0x0, mWCT=null, mIsOpenMergeToInValidPredictive=false, mPromoteTaskWhenKeyguard-1, mRootLayerZOrderArray={}}]}
04-11 12:51:39.629 D/OplusShellTransition( 8338): dispatchReady, active:(#27151) android.os.BinderProxy@8c43f80@0, isSync=false, track:com.android.wm.shell.transition.Transitions$Track@f3fa59b
04-11 12:51:39.629 E/PERFHAL-PERFCTRL( 2187): PERFHAL-PERFCTRL: chk_core_online_poll_loop() 748: poll() has timed out for /sys/kernel/msm_performance/events/cpu_hotplug
04-11 12:51:39.629 E/PERFHAL-PERFCTRL( 2187): PERFHAL-PERFCTRL: chk_core_online_poll_loop() 743: Block on poll()
04-11 12:51:39.629 D/OplusShellTransition( 8338): Abort transition (#27151) android.os.BinderProxy@8c43f80@0 WMCore requested. reason: 0; abortTransition: false
04-11 12:51:39.629 V/WindowManagerShell( 8338): Playing animation for (#27151) android.os.BinderProxy@8c43f80@0
04-11 12:51:39.629 V/ShellRecents( 8338): RecentsTransitionHandler.startAnimation: no controller found
04-11 12:51:39.629 V/WindowManagerShell( 8338): start OnePuttTransition animation, info = {id=27151 t=OPEN f=0x0 trk=0 r=[0@Point(0, 0)] c=[{m=OPEN f=NONE leash=Surface(name=Task=13175)/@0x74980c sb=Rect(0, 0 - 1264, 2780) eb=Rect(0, 0 - 1264, 2780) epz=Point(1264, 2780) d=0 taskParent=-1},{m=TO_BACK f=NONE leash=Surface(name=Task=13163)/@0xd409555 sb=Rect(0, 0 - 1264, 2780) eb=Rect(0, 0 - 1264, 2780) epz=Point(1264, 2780) d=0 taskParent=-1}] 
04-11 12:51:39.629 V/WindowManagerShell( 8338): extendInfo=[
04-11 12:51:39.629 V/WindowManagerShell( 8338):  OplusTransitionExtendedInfo{mTmpFinishT=null, mInOplusCompatMode=false, mIsProcessRunning=false, mHasMismatchBoundsTarget=false, mRecentsController=null, mRemoteTransition=null, mIsTranslucentActivityToHome=false, mAvoidInterceptKeyEventToHome=false, mIsFromHome=false, mParentLeash=null, mBackAnimClosingLeash=null, mIsOplusAnimRes=false, mKeepBgForContinuous=false, mIsBalAllow=true, mTaskNotInRecent=false, mIsPredictiveBackAnim=false, mIsMergedWithPredictive=false, mIsLaunchFromSpruce=false, mIsLaunchFromDrive=false, mGlobalSearchPageSwitch=false, mNeedNoAlphaGlobalSearchScene=false, mAssistScreenShowing=false, mSwipeUpBrowserScreenShowing=false, mUserIdTransition=0
04-11 12:51:39.629 V/WindowManagerShell( 8338): , mInRemoteScene=false, mInPreReady=false, mPreStart=false, mToken=null, mAbortByRemoteFromHome=false, mShellApplyToken=null, mRequestTransitionTaskId=13175, mAbortTransitionOnShell=0, mStartFromShortcut=false, mRemovedTaskId=-1, mTransitionInterruptType=0, mMergeSecondTaskId=-1, mTaskIdStartFromRecents=0, mTransitionId=27151, mCanUseSpringSlideAnim=false, mTransitionLaunchFrom=0, mFoldChangeType=-1, mAnimStartingPosition=[0, 0, 0, 0], mIsOpeningStkDialogActivity=false, mSecondaryHomeToFrontWhenUnFolding=false, mIsNeedApplyStartTForEmbedded=false
04-11 12:51:39.629 V/WindowManagerShell( 8338): , mNeedCanvasExitAnim=false, mMergeSecondTaskAnimation=false, mIsLaunchUnityStart=false, mIsLaunchFromAssistantByDefault=false, mSkipRemoteTransitionfalse, mIsStartFromKeyguard=false flags=0x0, mWCT=null, mIsOpenMergeToInValidPredictive=false, mPromoteTaskWhenKeyguard-1, mRootLayerZOrderArray={}}]}
04-11 12:51:39.629 D/FlexibleTaskTransitionHandler( 8338):  performAnimation transition:android.os.BinderProxy@8c43f80 ,info:{id=27151 t=OPEN f=0x0 trk=0 r=[0@Point(0, 0)] c=[{m=OPEN f=NONE leash=Surface(name=Task=13175)/@0x74980c sb=Rect(0, 0 - 1264, 2780) eb=Rect(0, 0 - 1264, 2780) epz=Point(1264, 2780) d=0 taskParent=-1},{m=TO_BACK f=NONE leash=Surface(name=Task=13163)/@0xd409555 sb=Rect(0, 0 - 1264, 2780) eb=Rect(0, 0 - 1264, 2780) epz=Point(1264, 2780) d=0 taskParent=-1}] 
04-11 12:51:39.629 D/FlexibleTaskTransitionHandler( 8338): extendInfo=[
04-11 12:51:39.629 D/FlexibleTaskTransitionHandler( 8338):  OplusTransitionExtendedInfo{mTmpFinishT=null, mInOplusCompatMode=false, mIsProcessRunning=false, mHasMismatchBoundsTarget=false, mRecentsController=null, mRemoteTransition=null, mIsTranslucentActivityToHome=false, mAvoidInterceptKeyEventToHome=false, mIsFromHome=false, mParentLeash=null, mBackAnimClosingLeash=null, mIsOplusAnimRes=false, mKeepBgForContinuous=false, mIsBalAllow=true, mTaskNotInRecent=false, mIsPredictiveBackAnim=false, mIsMergedWithPredictive=false, mIsLaunchFromSpruce=false, mIsLaunchFromDrive=false, mGlobalSearchPageSwitch=false, mNeedNoAlphaGlobalSearchScene=false, mAssistScreenShowing=false, mSwipeUpBrowserScreenShowing=false, mUserIdTransition=0
04-11 12:51:39.629 D/FlexibleTaskTransitionHandler( 8338): , mInRemoteScene=false, mInPreReady=false, mPreStart=false, mToken=null, mAbortByRemoteFromHome=false, mShellApplyToken=null, mRequestTransitionTaskId=13175, mAbortTransitionOnShell=0, mStartFromShortcut=false, mRemovedTaskId=-1, mTransitionInterruptType=0, mMergeSecondTaskId=-1, mTaskIdStartFromRecents=0, mTransitionId=27151, mCanUseSpringSlideAnim=false, mTransitionLaunchFrom=0, mFoldChangeType=-1, mAnimStartingPosition=[0, 0, 0, 0], mIsOpeningStkDialogActivity=false, mSecondaryHomeToFrontWhenUnFolding=false, mIsNeedApplyStartTForEmbedded=false
04-11 12:51:39.629 D/FlexibleTaskTransitionHandler( 8338): , mNeedCanvasExitAnim=false, mMergeSecondTaskAnimation=false, mIsLaunchUnityStart=false, mIsLaunchFromAssistantByDefault=false, mSkipRemoteTransitionfalse, mIsStartFromKeyguard=false flags=0x0, mWCT=null, mIsOpenMergeToInValidPredictive=false, mPromoteTaskWhenKeyguard-1, mRootLayerZOrderArray={}}]}
04-11 12:51:39.629 D/FlexibleTaskTransitionHandler( 8338):  no need handler this transitionInfo: {id=27151 t=OPEN f=0x0 trk=0 r=[0@Point(0, 0)] c=[{m=OPEN f=NONE leash=Surface(name=Task=13175)/@0x74980c sb=Rect(0, 0 - 1264, 2780) eb=Rect(0, 0 - 1264, 2780) epz=Point(1264, 2780) d=0 taskParent=-1},{m=TO_BACK f=NONE leash=Surface(name=Task=13163)/@0xd409555 sb=Rect(0, 0 - 1264, 2780) eb=Rect(0, 0 - 1264, 2780) epz=Point(1264, 2780) d=0 taskParent=-1}] 
04-11 12:51:39.629 D/FlexibleTaskTransitionHandler( 8338): extendInfo=[
04-11 12:51:39.629 D/FlexibleTaskTransitionHandler( 8338):  OplusTransitionExtendedInfo{mTmpFinishT=null, mInOplusCompatMode=false, mIsProcessRunning=false, mHasMismatchBoundsTarget=false, mRecentsController=null, mRemoteTransition=null, mIsTranslucentActivityToHome=false, mAvoidInterceptKeyEventToHome=false, mIsFromHome=false, mParentLeash=null, mBackAnimClosingLeash=null, mIsOplusAnimRes=false, mKeepBgForContinuous=false, mIsBalAllow=true, mTaskNotInRecent=false, mIsPredictiveBackAnim=false, mIsMergedWithPredictive=false, mIsLaunchFromSpruce=false, mIsLaunchFromDrive=false, mGlobalSearchPageSwitch=false, mNeedNoAlphaGlobalSearchScene=false, mAssistScreenShowing=false, mSwipeUpBrowserScreenShowing=false, mUserIdTransition=0
04-11 12:51:39.629 D/FlexibleTaskTransitionHandler( 8338): , mInRemoteScene=false, mInPreReady=false, mPreStart=false, mToken=null, mAbortByRemoteFromHome=false, mShellApplyToken=null, mRequestTransitionTaskId=13175, mAbortTransitionOnShell=0, mStartFromShortcut=false, mRemovedTaskId=-1, mTransitionInterruptType=0, mMergeSecondTaskId=-1, mTaskIdStartFromRecents=0, mTransitionId=27151, mCanUseSpringSlideAnim=false, mTransitionLaunchFrom=0, mFoldChangeType=-1, mAnimStartingPosition=[0, 0, 0, 0], mIsOpeningStkDialogActivity=false, mSecondaryHomeToFrontWhenUnFolding=false, mIsNeedApplyStartTForEmbedded=false
04-11 12:51:39.629 D/FlexibleTaskTransitionHandler( 8338): , mNeedCanvasExitAnim=false, mMergeSecondTaskAnimation=false, mIsLaunchUnityStart=false, mIsLaunchFromAssistantByDefault=false, mSkipRemoteTransitionfalse, mIsStartFromKeyguard=false flags=0x0, mWCT=null, mIsOpenMergeToInValidPredictive=false, mPromoteTaskWhenKeyguard-1, mRootLayerZOrderArray={}}]}
04-11 12:51:39.630 V/WindowManagerShell( 8338): Transition doesn't have explicit remote, search filters for match for {id=27151 t=OPEN f=0x0 trk=0 r=[0@Point(0, 0)] c=[{m=OPEN f=NONE leash=Surface(name=Task=13175)/@0x74980c sb=Rect(0, 0 - 1264, 2780) eb=Rect(0, 0 - 1264, 2780) epz=Point(1264, 2780) d=0 taskParent=-1},{m=TO_BACK f=NONE leash=Surface(name=Task=13163)/@0xd409555 sb=Rect(0, 0 - 1264, 2780) eb=Rect(0, 0 - 1264, 2780) epz=Point(1264, 2780) d=0 taskParent=-1}] 
04-11 12:51:39.630 V/WindowManagerShell( 8338): extendInfo=[
04-11 12:51:39.630 V/WindowManagerShell( 8338):  OplusTransitionExtendedInfo{mTmpFinishT=null, mInOplusCompatMode=false, mIsProcessRunning=false, mHasMismatchBoundsTarget=false, mRecentsController=null, mRemoteTransition=null, mIsTranslucentActivityToHome=false, mAvoidInterceptKeyEventToHome=false, mIsFromHome=false, mParentLeash=null, mBackAnimClosingLeash=null, mIsOplusAnimRes=false, mKeepBgForContinuous=false, mIsBalAllow=true, mTaskNotInRecent=false, mIsPredictiveBackAnim=false, mIsMergedWithPredictive=false, mIsLaunchFromSpruce=false, mIsLaunchFromDrive=false, mGlobalSearchPageSwitch=false, mNeedNoAlphaGlobalSearchScene=false, mAssistScreenShowing=false, mSwipeUpBrowserScreenShowing=false, mUserIdTransition=0
04-11 12:51:39.630 V/WindowManagerShell( 8338): , mInRemoteScene=false, mInPreReady=false, mPreStart=false, mToken=null, mAbortByRemoteFromHome=false, mShellApplyToken=null, mRequestTransitionTaskId=13175, mAbortTransitionOnShell=0, mStartFromShortcut=false, mRemovedTaskId=-1, mTransitionInterruptType=0, mMergeSecondTaskId=-1, mTaskIdStartFromRecents=0, mTransitionId=27151, mCanUseSpringSlideAnim=false, mTransitionLaunchFrom=0, mFoldChangeType=-1, mAnimStartingPosition=[0, 0, 0, 0], mIsOpeningStkDialogActivity=false, mSecondaryHomeToFrontWhenUnFolding=false, mIsNeedApplyStartTForEmbedded=false
04-11 12:51:39.630 V/WindowManagerShell( 8338): , mNeedCanvasExitAnim=false, mMergeSecondTaskAnimation=false, mIsLaunchUnityStart=false, mIsLaunchFromAssistantByDefault=false, mSkipRemoteTransitionfalse, mIsStartFromKeyguard=false flags=0x0, mWCT=null, mIsOpenMergeToInValidPredictive=false, mPromoteTaskWhenKeyguard-1, mRootLayerZOrderArray={}}]}
04-11 12:51:39.630 V/WindowManagerShell( 8338):  Checking filter Pair{{types=[] flags=0x0] notFlags=0x100 checks=[{atype=home independent=true modes=[OPEN,TO_FRONT] flags=NONE mustBeTask=false order=TOP topActivity=ComponentInfo{com.android.launcher/com.android.launcher.Launcher} launchCookie=null windowingMode=undefined},{atype=standard independent=true modes=[CLOSE,TO_BACK] flags=NONE mustBeTask=false order=ANY topActivity=null launchCookie=null windowingMode=undefined}]} RemoteTransition { remoteTransition = android.window.IRemoteTransition$Stub$Proxy@a5bfc11, appThread = android.app.IApplicationThread$Stub$Proxy@61db176, debugName = QuickstepLaunchHome }}
04-11 12:51:39.630 V/WindowManagerShell( 8338):  Delegate animation for (#27151) to null
04-11 12:51:39.630 V/WindowManagerShell( 8338): start default transition animation, info = {id=27151 t=OPEN f=0x0 trk=0 r=[0@Point(0, 0)] c=[{m=OPEN f=NONE leash=Surface(name=Task=13175)/@0x74980c sb=Rect(0, 0 - 1264, 2780) eb=Rect(0, 0 - 1264, 2780) epz=Point(1264, 2780) d=0 taskParent=-1},{m=TO_BACK f=NONE leash=Surface(name=Task=13163)/@0xd409555 sb=Rect(0, 0 - 1264, 2780) eb=Rect(0, 0 - 1264, 2780) epz=Point(1264, 2780) d=0 taskParent=-1}] 
04-11 12:51:39.630 V/WindowManagerShell( 8338): extendInfo=[
04-11 12:51:39.630 V/WindowManagerShell( 8338):  OplusTransitionExtendedInfo{mTmpFinishT=null, mInOplusCompatMode=false, mIsProcessRunning=false, mHasMismatchBoundsTarget=false, mRecentsController=null, mRemoteTransition=null, mIsTranslucentActivityToHome=false, mAvoidInterceptKeyEventToHome=false, mIsFromHome=false, mParentLeash=null, mBackAnimClosingLeash=null, mIsOplusAnimRes=false, mKeepBgForContinuous=false, mIsBalAllow=true, mTaskNotInRecent=false, mIsPredictiveBackAnim=false, mIsMergedWithPredictive=false, mIsLaunchFromSpruce=false, mIsLaunchFromDrive=false, mGlobalSearchPageSwitch=false, mNeedNoAlphaGlobalSearchScene=false, mAssistScreenShowing=false, mSwipeUpBrowserScreenShowing=false, mUserIdTransition=0
04-11 12:51:39.630 V/WindowManagerShell( 8338): , mInRemoteScene=false, mInPreReady=false, mPreStart=false, mToken=null, mAbortByRemoteFromHome=false, mShellApplyToken=null, mRequestTransitionTaskId=13175, mAbortTransitionOnShell=0, mStartFromShortcut=false, mRemovedTaskId=-1, mTransitionInterruptType=0, mMergeSecondTaskId=-1, mTaskIdStartFromRecents=0, mTransitionId=27151, mCanUseSpringSlideAnim=false, mTransitionLaunchFrom=0, mFoldChangeType=-1, mAnimStartingPosition=[0, 0, 0, 0], mIsOpeningStkDialogActivity=false, mSecondaryHomeToFrontWhenUnFolding=false, mIsNeedApplyStartTForEmbedded=false
04-11 12:51:39.630 V/WindowManagerShell( 8338): , mNeedCanvasExitAnim=false, mMergeSecondTaskAnimation=false, mIsLaunchUnityStart=false, mIsLaunchFromAssistantByDefault=false, mSkipRemoteTransitionfalse, mIsStartFromKeyguard=false flags=0x0, mWCT=null, mIsOpenMergeToInValidPredictive=false, mPromoteTaskWhenKeyguard-1, mRootLayerZOrderArray={}}]}
04-11 12:51:39.630 D/FSS_OplusFoldSwitchStateObserver( 8338): cancelAnimationIfNeedWhenFolding: foldChangeType = -1
04-11 12:51:39.630 W/OplusShellTransition( 8338): no system app in targets, skip loading oplus animation.
04-11 12:51:39.630 V/WindowManagerShell( 8338): loadAnimation: anim=android.view.animation.AnimationSet@cbc3f37 animAttr=0x9 type=OPEN isEntrance=false
04-11 12:51:39.630 I/binance.monitor(15451): isSwordfishLaunchAppEnabled_ 1 isSwordfishInstallAppEnabled_ 1
04-11 12:51:39.631 I/binance.monitor(15451): Late-enabling -Xcheck:jni
04-11 12:51:39.631 I/ndroid.systemui( 8338): AssetManager2(0xb40000706bb43e28) locale list changing from [] to [zh-CN]
04-11 12:51:39.633 D/TaskSnapshotCache( 3590): putSnapshot mRunningCache top= ActivityRecord{223848952 u0 com.mobilecodex.nativeapp/.MainActivity t13163}, mTaskId=13163, snapshot=TaskSnapshot{ mId=1775883099628 mCaptureTime=930315047175114 mTopActivityComponent=com.mobilecodex.nativeapp/.MainActivity mSnapshot=android.hardware.HardwareBuffer@ad474db (1264x2780) mColorSpace=sRGB IEC61966-2.1 (id=0, model=RGB) mOrientation=1 mRotation=0 mTaskSize=Point(1264, 2780) mOplusCompatMode=false mTopActivityBounds=[0,0][1264,2780] mHasDimLayer=false mContentInsets=[0,140][0,0] mLetterboxInsets=[0,0][0,0] mIsLowResolution=false mIsRealSnapshot=true mWindowingMode=1 mAppearance=8 mIsTranslucent=false mHasImeSurface=false mInternalReferences=2 mUiMode=21, mAppIdMap size= 2
04-11 12:51:39.633 V/WindowManager( 3590): Sent Transition (#27151) createdAt=04-11 12:51:39.600 via request=TransitionRequestInfo { type = OPEN, triggerTask = TaskInfo{userId=0 taskId=13175 effectiveUid=10512 displayId=0 isRunning=true baseIntent=Intent { flg=0x10000000 cmp=com.binance.monitor/.ui.main.MainActivity mCallingUid=2000 } baseActivity=ComponentInfo{com.binance.monitor/com.binance.monitor.ui.main.MainActivity} topActivity=ComponentInfo{com.binance.monitor/com.binance.monitor.ui.main.MainActivity} origActivity=null realActivity=ComponentInfo{com.binance.monitor/com.binance.monitor.ui.main.MainActivity}
04-11 12:51:39.633 V/WindowManager( 3590):  numActivities=1 lastActiveTime=930315023 supportsSplitScreenMultiWindow=true supportsMultiWindow=true supportsPocketStudioMultiWindow=true isInFlexibleEmbedded = false uid = 10512 pid = 0 resizeMode=1 isResizeable=true minWidth=-1 minHeight=-1 defaultMinSize=220 token=WCT{RemoteToken{31b2406 Task{5162094 #13175 type=standard A=10512:com.binance.monitor}}} topActivityType=1 pictureInPictureParams=null shouldDockBigOverlays=false launchIntoPipHostTaskId=-1 lastParentTaskIdBeforePip=-1 displayCutoutSafeInsets=Rect(0, 140 - 0, 0)
04-11 12:51:39.633 V/WindowManager( 3590):  topActivityInfo=ActivityInfo{a2c5ac7 com.binance.monitor.ui.main.MainActivity} launchCookies=[] positionInParent=Point(0, 0) parentTaskId=-1 isFocused=false isVisible=false isVisibleRequested=false isTopActivityNoDisplay=false isSleeping=false locusId=null displayAreaFeatureId=1 isTopActivityTransparent=false isActivityStackTransparent=false lastNonFullscreenBounds=Rect(330, 828 - 935, 2092) capturedLink=null capturedLinkTimestamp=0 requestedVisibleTypes=-9 topActivityRequestOpenInBrowserEducationTimestamp=0
04-11 12:51:39.633 V/WindowManager( 3590):  appCompatTaskInfo=AppCompatTaskInfo { topActivityInSizeCompat=false topActivityInOplusCompatMode=false eligibleForLetterboxEducation= false isLetterboxEducationEnabled= false isLetterboxDoubleTapEnabled= false eligibleForUserAspectRatioButton= false topActivityBoundsLetterboxed= false isFromLetterboxDoubleTap= false topActivityLetterboxVerticalPosition= -1 topActivityLetterboxHorizontalPosition= -1 topActivityLetterboxWidth=-1 topActivityLetterboxHeight=-1 topActivityAppBounds=Rect(0, 140 - 1264, 2780) isUserFullscreenOverrideEnabled=false isSystemFullscreenOverrideEnabled=false hasMinAspectRatioOverride=false topActivityLetterboxBounds=null cameraCompatTaskInfo=CameraCompatTaskInfo { freeformCameraCompatMode=inactive}} topActivityMainWindowFrame=null topActivityLetterboxInsets=Rect(0, 0 - 0, 0)
04-11 12:51:39.633 V/WindowManager( 3590):  mOplusExtraBundle = Bundle[{androidx.flexible.taskFrame=Rect(0, 0 - 0, 0), androidx.flexible.Alpha=1.0, androidx.activity.task.attach.blur=0, androidx.activity.LaunchInsensible=0, androidx.activity.LaunchCornerRadius=0, key_flexible_task_state=0, topActivitySupportAppInnerSplit=false, key_flexible_task_animating_type=-1, key_flexible_task_root_activity_processname=com.binance.monitor, androidx.activity.LaunchScenario=0, is_oplus_clone_task=false, flexible_super_mini_state=false, topRunningActivityHash=190405286, androidx.activity.LaunchScale=1.0, androidx.activity.LaunchShadowRadius=0, is_transient_hide_for_task_info=false, key_flexible_task_root_activity_pid=0, key_flexible_task_root_activity_uid=10512}]}, pipChange = null, remoteTransition = null, displayChange = null, flags = 0, debugId = 27151 }
04-11 12:51:39.633 V/WindowManager( 3590):     startWCT=WindowContainerTransaction { changes= {} hops= [] errorCallbackToken=null taskFragmentOrganizer=null }
04-11 12:51:39.633 V/WindowManager( 3590):     info={id=27151 t=OPEN f=0x0 trk=0 r=[0@Point(0, 0)] c=[
04-11 12:51:39.633 V/WindowManager( 3590):         {WCT{RemoteToken{31b2406 Task{5162094 #13175 type=standard A=10512:com.binance.monitor}}} m=OPEN f=NONE leash=Surface(name=Task=13175)/@0x6b3dbbf sb=Rect(0, 0 - 1264, 2780) eb=Rect(0, 0 - 1264, 2780) epz=Point(1264, 2780) d=0 taskParent=-1},
04-11 12:51:39.633 V/WindowManager( 3590):         {WCT{RemoteToken{29945be Task{7fffd36 #13163 type=standard A=10515:com.mobilecodex.nativeapp}}} m=TO_BACK f=NONE leash=Surface(name=Task=13163)/@0x591c010 sb=Rect(0, 0 - 1264, 2780) eb=Rect(0, 0 - 1264, 2780) epz=Point(1264, 2780) d=0 taskParent=-1}
04-11 12:51:39.633 V/WindowManager( 3590):     ] 
04-11 12:51:39.633 V/WindowManager( 3590): extendInfo=[
04-11 12:51:39.633 V/WindowManager( 3590):  OplusTransitionExtendedInfo{mTmpFinishT=null, mInOplusCompatMode=false, mIsProcessRunning=false, mHasMismatchBoundsTarget=false, mRecentsController=null, mRemoteTransition=null, mIsTranslucentActivityToHome=false, mAvoidInterceptKeyEventToHome=false, mIsFromHome=false, mParentLeash=null, mBackAnimClosingLeash=null, mIsOplusAnimRes=false, mKeepBgForContinuous=false, mIsBalAllow=true, mTaskNotInRecent=false, mIsPredictiveBackAnim=false, mIsMergedWithPredictive=false, mIsLaunchFromSpruce=false, mIsLaunchFromDrive=false, mGlobalSearchPageSwitch=false, mNeedNoAlphaGlobalSearchScene=false, mAssistScreenShowing=false, mSwipeUpBrowserScreenShowing=false, mUserIdTransition=0
04-11 12:51:39.633 V/WindowManager( 3590): , mInRemoteScene=false, mInPreReady=false, mPreStart=false, mToken=null, mAbortByRemoteFromHome=false, mShellApplyToken=null, mRequestTransitionTaskId=13175, mAbortTransitionOnShell=0, mStartFromShortcut=false, mRemovedTaskId=-1, mTransitionInterruptType=0, mMergeSecondTaskId=-1, mTaskIdStartFromRecents=0, mTransitionId=27151, mCanUseSpringSlideAnim=false, mTransitionLaunchFrom=0, mFoldChangeType=-1, mAnimStartingPosition=[0, 0, 0, 0], mIsOpeningStkDialogActivity=false, mSecondaryHomeToFrontWhenUnFolding=false, mIsNeedApplyStartTForEmbedded=false
04-11 12:51:39.633 V/WindowManager( 3590): , mNeedCanvasExitAnim=false, mMergeSecondTaskAnimation=false, mIsLaunchUnityStart=false, mIsLaunchFromAssistantByDefault=false, mSkipRemoteTransitionfalse, mIsStartFromKeyguard=false flags=0x0, mWCT=null, mIsOpenMergeToInValidPredictive=false, mPromoteTaskWhenKeyguard-1, mRootLayerZOrderArray={}}]}
04-11 12:51:39.634 D/InsetsSourceProvider( 3590): updateSourceFrameForServerVisibility mandatorySystemGestures EMPTY_RECT
04-11 12:51:39.634 D/FlexibleWindowManagerService( 3590): onFlexibleWindowTaskAppeared: task = 13175, visible = true
04-11 12:51:39.635 D/OplusFlexibleWindowMinimizedManagerHelper( 3590): onTaskAppered taskInfo:13175
04-11 12:51:39.635 D/OplusFlexibleDragToSplitAnimController( 3590): visibleFlexibleTaskInfos delete:13175
04-11 12:51:39.635 E/FlexibleWindowManagerService( 3590): notifyTaskObserverToAttachController not need to notify!
04-11 12:51:39.635 D/FlexibleWindowManagerService( 3590): should not dispatch appeared task Task{5162094 #13175 type=standard A=10512:com.binance.monitor}
04-11 12:51:39.635 I/ndroid.systemui( 8338): AssetManager2(0xb4000070664a4828) locale list changing from [] to [zh-CN]
04-11 12:51:39.635 W/OPLUS_LOG_LOAD( 8730): ==LOGS PROG INFO, prog(com.android.launcher) ==
04-11 12:51:39.635 W/System.err( 8730): java.lang.NoSuchFieldException: No field mSnapshotBundle in class Landroid/window/TaskSnapshot; (declaration of 'android.window.TaskSnapshot' appears in /system/framework/framework.jar!classes5.dex)
04-11 12:51:39.635 W/System.err( 8730): 	at java.lang.Class.getDeclaredField(Native Method)
04-11 12:51:39.635 W/System.err( 8730): 	at com.oplus.basecommon.util.ReflectUtil.getFieldValue(SourceFile:4)
04-11 12:51:39.635 W/System.err( 8730): 	at com.oplus.basecommon.util.ReflectUtil.getFieldValue(SourceFile:1)
04-11 12:51:39.635 W/System.err( 8730): 	at com.oplus.basecommon.util.ReflectUtil.getRefBundle(Unknown Source:0)
04-11 12:51:39.635 W/System.err( 8730): 	at com.android.systemui.shared.recents.model.ThumbnailData.<init>(SourceFile:31)
04-11 12:51:39.635 W/System.err( 8730): 	at com.android.systemui.shared.system.TaskStackChangeListeners$Impl.lambda$handleMessage$1(Unknown Source:22)
04-11 12:51:39.635 W/System.err( 8730): 	at com.android.systemui.shared.system.TaskStackChangeListeners$Impl.b(Unknown Source:0)
04-11 12:51:39.635 W/System.err( 8730): 	at com.android.systemui.shared.system.l.run(Unknown Source:6)
04-11 12:51:39.635 W/System.err( 8730): 	at com.android.quickstep.OplusTaskThumbnailCacheImpl.callTaskSnapshotChanged(Unknown Source:62)
04-11 12:51:39.635 W/System.err( 8730): 	at com.android.systemui.shared.system.TaskStackChangeListeners$Impl.handleMessage(Unknown Source:632)
04-11 12:51:39.635 W/System.err( 8730): 	at android.os.Handler.dispatchMessage(Handler.java:111)
04-11 12:51:39.635 W/System.err( 8730): 	at android.os.Looper.loopOnce(Looper.java:302)
04-11 12:51:39.635 W/System.err( 8730): 	at android.os.Looper.loop(Looper.java:412)
04-11 12:51:39.635 W/System.err( 8730): 	at com.android.launcher.monitor.exception.MainThreadExceptionMonitor.startWatching$lambda$2(Unknown Source:14)
04-11 12:51:39.635 W/System.err( 8730): 	at com.android.launcher.monitor.exception.MainThreadExceptionMonitor.a(Unknown Source:0)
04-11 12:51:39.635 W/System.err( 8730): 	at com.android.launcher.batchdrag.g.run(Unknown Source:92)
04-11 12:51:39.635 W/System.err( 8730): 	at android.os.Handler.handleCallback(Handler.java:1027)
04-11 12:51:39.635 W/System.err( 8730): 	at android.os.Handler.dispatchMessage(Handler.java:108)
04-11 12:51:39.635 W/System.err( 8730): 	at android.os.Looper.loopOnce(Looper.java:302)
04-11 12:51:39.635 W/System.err( 8730): 	at android.os.Looper.loop(Looper.java:412)
04-11 12:51:39.635 W/System.err( 8730): 	at android.app.ActivityThread.main(ActivityThread.java:9998)
04-11 12:51:39.635 W/System.err( 8730): 	at java.lang.reflect.Method.invoke(Native Method)
04-11 12:51:39.635 W/System.err( 8730): 	at com.android.internal.os.RuntimeInit$MethodAndArgsCaller.run(RuntimeInit.java:613)
04-11 12:51:39.635 W/System.err( 8730): 	at com.android.internal.os.ZygoteInit.main(ZygoteInit.java:1074)
04-11 12:51:39.635 I/SystemUiProxy( 8730): SystemUiProxy#getRecentTasks isInGoRecentsAnim: false
04-11 12:51:39.635 D/OplusShellTransition( 8338): default transition handler transfer value refresh rate rect:Rect(0, 0 - 1264, 2780)
04-11 12:51:39.635 D/OplusShellTransition( 8338): startAnimation transitionToken=android.os.BinderProxy@8c43f80
04-11 12:51:39.636 D/AdfrV32FrameRateUtils( 8338): getAnimationVelocityCalculator, leash=Surface(name=Task=13163)/@0xd409555, transaction=android.view.SurfaceControl$Transaction@c85a9a9, typeId=20101, typeEnable=false
04-11 12:51:39.636 I/SystemUi--NavBar( 8338): NavigationBarGestureExImpl-->oplusAllowSystemGestureIgnoringBarVisibility isOplusFlagAllowBackGestureIgnoreVisibilityState = false isGestureMisTouchPreventionEnable = true
04-11 12:51:39.636 W/OplusShellTransition( 8338): no system app in targets, skip loading oplus animation.
04-11 12:51:39.636 V/WindowManagerShell( 8338): loadAnimation: anim=android.view.animation.AnimationSet@6f84a09 animAttr=0x8 type=OPEN isEntrance=true
04-11 12:51:39.636 D/OplusShellTransition( 8338): default transition handler transfer value refresh rate rect:Rect(0, 0 - 1264, 2780)
04-11 12:51:39.636 D/OplusShellTransition( 8338): startAnimation transitionToken=android.os.BinderProxy@8c43f80
04-11 12:51:39.636 D/AdfrV32FrameRateUtils( 8338): getAnimationVelocityCalculator, leash=Surface(name=Task=13175)/@0x74980c, transaction=android.view.SurfaceControl$Transaction@c85a9a9, typeId=20101, typeEnable=false
04-11 12:51:39.636 D/OplusShellTransition( 8338): addBackgroundColorOnTask, , isTaskLevelTransition = true, hasBgAlready = false
04-11 12:51:39.637 V/WindowManagerShell( 8338):  animated by com.android.wm.shell.transition.DefaultTransitionHandler@423c8cd
04-11 12:51:39.637 D/OplusShellTransition( 8338): dispatchTransition, animated mHandler: com.android.wm.shell.transition.DefaultTransitionHandler@423c8cd
04-11 12:51:39.637 D/ShellTaskOrganizer( 8338): Task appeared taskId=13175, parentTaskId=-1, taskVisibility=true
04-11 12:51:39.637 D/AdfrV32FrameRateUtils( 8338): animationVelocityCalculator: nullbounds: 0 0 1264 2780
04-11 12:51:39.637 D/ShellTaskOrganizerExt( 8338): visibleFlexibleTaskInfos delete:13175
04-11 12:51:39.637 D/ShellTaskOrganizerExt( 8338): isOnCanvas size:0
04-11 12:51:39.637 D/ShellTaskOrganizerExt( 8338): isOnThreeFlexibleCanvas size:0
04-11 12:51:39.637 D/AdfrV32FrameRateUtils( 8338): animationVelocityCalculator: nullbounds: 0 0 1264 2780
04-11 12:51:39.637 D/ActivityTaskManager( 3590): Skipping, invisible task: Task{735fad8 #2 type=undefined I=com.android.launcher/.Launcher}
04-11 12:51:39.637 D/ActivityTaskManager( 3590): after skip size:7,pre-Filtered:com.binance.monitor # com.mobilecodex.nativeapp # com.tencent.mm # com.ss.android.ugc.aweme # com.v2ray.ang # com.smzdm.client.android # com.binance.dev # 
04-11 12:51:39.639 I/BLASTSyncEngine( 3590): onCommitted syncId: 27151, timeout: false ran: false
04-11 12:51:39.646 D/AdfrV32FrameRateUtils( 8338): animationVelocityCalculator: nullbounds: 0 0 1264 2780
04-11 12:51:39.646 D/AdfrV32FrameRateUtils( 8338): animationVelocityCalculator: nullbounds: 0 0 1264 2780
04-11 12:51:39.649 E/binance.monitor(15451): Unknown bits set in runtime_flags: 0x40000000
04-11 12:51:39.649 I/binance.monitor(15451): Using CollectorTypeCMC GC.
04-11 12:51:39.652 I/adbd    (23001): jdwp connection from 15451
04-11 12:51:39.654 D/nativeloader(15451): Load libframework-connectivity-tiramisu-jni.so using APEX ns com_android_tethering for caller /apex/com.android.tethering/javalib/framework-connectivity-t.jar: ok
04-11 12:51:39.656 W/libc    (15451): Access denied finding property "persist.vendor.sys.activitylog"
04-11 12:51:39.656 I/OneTrace(15451): Mark active for pid=15451? true
04-11 12:51:39.656 D/cutils-dev(15451): otrace_set_tracing_enabled? true tag:0
04-11 12:51:39.656 D/cutils-dev(15451): properties changed in otrace_seq_number_changed!
04-11 12:51:39.657 D/AdfrV32FrameRateUtils( 8338): animationVelocityCalculator: nullbounds: 0 0 1264 2780
04-11 12:51:39.658 D/AdfrV32FrameRateUtils( 8338): animationVelocityCalculator: nullbounds: 0 0 1264 2780
04-11 12:51:39.658 D/SensorServiceExtImpl( 3590): notifyApplicationLaunchStage processName=com.binance.monitor, uid=10512, pid=15451, stage=1
04-11 12:51:39.659 D/SplitScreenAppReader( 3590): SPLIT_TOUCH support check:com.binance.monitor = false
04-11 12:51:39.659 D/RGBNormalizeServer( 3590): OplusRGBNormalize feature enabled ? true
04-11 12:51:39.659 D/ResourcesManagerCache( 3590): For package com.binance.monitor we got cacheList [null] appInfoExt is null ? false hasFeature ? false
04-11 12:51:39.661 D/FlexibleTaskController( 3590): isFullToFlexibleAnimating: false
04-11 12:51:39.661 D/WindowManager( 3590): rotation(ROTATION_0) no changed  displayId = 0, lastOrientation = 1
04-11 12:51:39.661 I/TaskOrganizerController( 3590): onTaskInfoChanged taskid 13175 config { mBounds=Rect(0, 0 - 1264, 2780) mAppBounds=Rect(0, 0 - 1264, 2780) mMaxBounds=Rect(0, 0 - 1264, 2780) mDisplayRotation=ROTATION_0 mWindowingMode=fullscreen mActivityType=standard mAlwaysOnTop=undefined mRotation=ROTATION_0}
04-11 12:51:39.661 D/OplusFlexibleDragToSplitAnimController( 3590): visibleFlexibleTaskInfos delete:13175
04-11 12:51:39.661 E/FlexibleWindowManagerService( 3590): notifyTaskObserverToAttachController not need to notify!
04-11 12:51:39.661 I/FlexibleWindowManagerService( 3590): onFlexibleWindowTaskInfoChanged, return for cur task not embedded
04-11 12:51:39.661 E/OplusDexOptimizeManager( 3590): pkgSetting or primaryCpuAbi is null for package: com.binance.monitor
04-11 12:51:39.661 D/OplusFeatureColorMode( 3590): ColorMode getColorMode =0
04-11 12:51:39.661 D/ColorDisplayServiceExtImpl( 3590): getWCGVersion1App, packageName=com.binance.monitor, sSupportWCG1 = true, sSupportWCG3 = false, nRet = 0
04-11 12:51:39.661 D/ShellTaskOrganizerExt( 8338): visibleFlexibleTaskInfos delete:13175
04-11 12:51:39.661 D/ShellTaskOrganizerExt( 8338): isOnCanvas size:0
04-11 12:51:39.661 D/ShellTaskOrganizerExt( 8338): isOnThreeFlexibleCanvas size:0
04-11 12:51:39.661 D/ActivityTaskManager( 3590): onWindowFocusChanged Task{5162094 #13175 type=standard A=10512:com.binance.monitor} would transfer to compact
04-11 12:51:39.661 I/UserAwareMgr( 3590): handleTopAppChanged: com.binance.monitor, pid: 15451, uid: 10512
04-11 12:51:39.661 I/OPM-WakePreloadPolicy( 3590): remove preload pkg = com.binance.monitor, reason = app launch
04-11 12:51:39.661 I/OPM     ( 3590): handlePackageLaunched pkg: com.binance.monitor, uid: 10512, pid: 15451
04-11 12:51:39.661 D/ActivityTaskManager( 3590): NFW_setLastResumedActivityUncheckLocked:true r:ActivityRecord{190405286 u0 com.binance.monitor/.ui.main.MainActivity t13175} currentFocus:null
04-11 12:51:39.661 D/WindowManager( 3590): NFW_findFocusedWindowIfNeeded:null mCurrentFocus:null
04-11 12:51:39.661 D/FlexibleTaskController( 3590): onTaskFocusChanged prevTask:Task{7fffd36 #13163 type=standard A=10515:com.mobilecodex.nativeapp} ,currentTask:Task{5162094 #13175 type=standard A=10512:com.binance.monitor}, reason: realStartActivityLocked - onActivityStateChanged
04-11 12:51:39.661 D/OplusFlexibleDCSManager( 3590): onNextPkgChanged pkg = com.binance.monitor
04-11 12:51:39.661 D/OPM     ( 3590): preload hitted!
04-11 12:51:39.661 D/OplusVisibleTasks( 3590):  notifyTaskFocusChange no need.
04-11 12:51:39.661 I/OplusAppSwitchManagerService( 3590): appswitch hasProcess ActivityRecord{190405286 u0 com.binance.monitor/.ui.main.MainActivity t13175}
04-11 12:51:39.661 I/[UAH_CLIENT]( 3590): UahEventAcquire, cmdid:0, pkg:com.binance.monitor, identity:com.android.server.wm
04-11 12:51:39.661 I/OplusJoystickManager( 3590): handleApplicationSwitch deprecated!
04-11 12:51:39.661 I/GameManagerServiceExt-GameManagerServiceExt( 3590): on FG change: com.mobilecodex.nativeapp|com.binance.monitor
04-11 12:51:39.662 I/OplusAppSwitchManagerService( 3590): appswitch hasProcess ActivityRecord{190405286 u0 com.binance.monitor/.ui.main.MainActivity t13175}
04-11 12:51:39.662 W/QosScheduler( 3590): executeSceneQosStrategy failed! qos feature no enable
04-11 12:51:39.661 D/OplusAtlas.OplusAudioScene(13847): callback success event:atlas_event_on_foreground_activities_changed eventInfo:pid:15451,uid:10512,hasForegroundActivities:1
04-11 12:51:39.662 V/OsAgent ( 8337): broadcastSystemEvent - 7
04-11 12:51:39.663 D/MssPanelHelper(13847): FOREGROUND_ACTIVITIES_CHANGED package: com.binance.monitor hasForegroundActivities: 1
04-11 12:51:39.663 D/HoloAudio::SpecailizerPLService_Aidl( 2782): callClient:clientID:1 exist:1, event:18, isOneWay:0
04-11 12:51:39.663 D/HoloAudio::SpecailizerPLService_Aidl( 2782): getMssEnable --- com.binance.monitor[0]
04-11 12:51:39.663 D/FlexibleTaskController( 3590): check task which not have enough child, isInSingleWhiteList:false isCloneTask:false
04-11 12:51:39.663 E/OplusThermalStats( 3590): Error getting package info: com.binance.monitor
04-11 12:51:39.663 D/BackgroundInstallControlService( 3590): Package event received: 0
04-11 12:51:39.664 E/statsd  ( 2013): Stats puller failed for tag: 150134 at 930315077364801
04-11 12:51:39.664 D/AudioBoost( 2384): audioSchedBoost, pid=2384, tid=13894, enable=1, ret=0
04-11 12:51:39.664 I/OplusPerfCollect( 2399): OplusPerfCollect onPullAtom
04-11 12:51:39.664 I/OplusPerfCollect( 2399): OplusPerfCollect OplusVrrInfoRecord clear
04-11 12:51:39.664 D/AudioFlingerExtImpl( 2384): AudioFlingerExtImpl oplusSetParameters: keyvalue onForegroundActivitiesChanged=com.binance.monitor:foreground:1|10512:15451
04-11 12:51:39.664 D/AudioFlingerExtImpl( 2384): updateForegroundInfo, mapInf mForegroundMap(2)|[com.binance.monitor]=1|[com.mobilecodex.nativeapp]=1, uidPidMapInf mForegroundUidPidMap(2)|[10512]=15451|[10515]=21078
04-11 12:51:39.664 D/AudioBoost( 2384): audioSchedBoost, pid=2384, tid=13894, enable=0, ret=0
04-11 12:51:39.664 D/OplusAppSwitchListener( 3590): App Activity Change
04-11 12:51:39.665 D/OplusAppSwitchListener( 3590): Detect com.mobilecodex.nativeapp switch to background
04-11 12:51:39.665 D/OplusFeatureReduceBrightness( 3590): onAppExit , info = com.mobilecodex.nativeapp
04-11 12:51:39.665 D/OplusAppSwitchListener( 3590): Detect com.binance.monitor switch to foreground
04-11 12:51:39.665 D/OplusEapManager( 3590): mTargetExitName :com.mobilecodex.nativeapp
04-11 12:51:39.665 D/VRR [OPlusRefreshRateService]( 3590): handleFrontAppChange pkgName: null
04-11 12:51:39.665 D/OplusAppSwitchRuleInfo( 3590): generateAppEnterInfo - launch_source_type =  , launch_source_traceid = 
04-11 12:51:39.665 D/OplusAppSwitchRuleInfo( 3590): generateAppEnterInfo - launch_source_type =  , launch_source_traceid = 
04-11 12:51:39.665 D/OplusAppSwitchRuleInfo( 3590): generateAppEnterInfo - launch_source_type =  , launch_source_traceid = 
04-11 12:51:39.665 D/OplusAppSwitchRuleInfo( 3590): generateAppEnterInfo - launch_source_type =  , launch_source_traceid = 
04-11 12:51:39.665 W/Battery (15757): AppSwitchDetectorV2: OnAppSwitchObserver: onAppExit , info = OplusAppExitInfo = {  targetName = com.mobilecodex.nativeapp hasResumingActivity = true resumingPackageName = com.binance.monitor resumingActivityName = com.binance.monitor.ui.main.MainActivity resumingWindowMode = 1 isResumingMultiApp = false isResumingFirstStart = true extension = Bundle[mParcelledData.dataSize=612]} lastReg=1775865613607
04-11 12:51:39.665 W/Battery (15757): AppSwitchManager: onAppSwitch: [m4.o$d@5fc51d5]
04-11 12:51:39.665 D/OplusAppSwitchRuleInfo( 3590): generateAppEnterInfo - launch_source_type =  , launch_source_traceid = 
04-11 12:51:39.665 D/OplusAppSwitchRuleInfo( 3590): generateAppEnterInfo - launch_source_type =  , launch_source_traceid = 
04-11 12:51:39.665 D/OplusLatencyOptimizerManager( 3590): enter pkg: com.binance.monitor isPrevBlackAppTop: false mIsBlackAppTop: false
04-11 12:51:39.665 D/VRR [OPlusRefreshRateService]( 3590): handleFrontAppChange pkgName: com.binance.monitor
04-11 12:51:39.665 D/OplusEapManager( 3590): mTargetEnterName :com.binance.monitor
04-11 12:51:39.665 D/OplusAppSwitchRuleInfo( 3590): generateAppEnterInfo - launch_source_type =  , launch_source_traceid = 
04-11 12:51:39.665 D/VRR [OPlusSAManager]( 3590): updateAutoMinfps for 4630946685746860179 with nits: 97.918304, mHistOK true, mAmbientOK true, mCctOK true, mIrOK true, mBrightnessOK true, isPkgOK true, SA min fps: 89
04-11 12:51:39.665 D/OplusAppSwitchRuleInfo( 3590): generateAppEnterInfo - launch_source_type =  , launch_source_traceid = 
04-11 12:51:39.665 D/OplusAppSwitchRuleInfo( 3590): generateAppEnterInfo - launch_source_type =  , launch_source_traceid = 
04-11 12:51:39.665 D/OplusAppSwitchRuleInfo( 3590): generateAppEnterInfo - launch_source_type =  , launch_source_traceid = 
04-11 12:51:39.665 D/OplusAppSwitchRuleInfo( 3590): generateActivityEnterInfo - launch_source_type =  , launch_source_traceid = 
04-11 12:51:39.665 D/OplusAppSwitchRuleInfo( 3590): generateActivityEnterInfo - launch_source_type =  , launch_source_traceid = 
04-11 12:51:39.665 D/OplusAppSwitchRuleInfo( 3590): generateActivityEnterInfo - launch_source_type =  , launch_source_traceid = 
04-11 12:51:39.665 I/PluginSeedling--Origin( 8338): LiveAlertInteractorImpl-->notifyEntryDataChanged ENTRY_STATUS_BAR, result:, noe: false
04-11 12:51:39.666 I/PluginSeedling--Origin( 8338): LiveAlertInteractorImpl-->notifyEntryDataChanged ENTRY_NOTIFICATION, result:, noe: false
04-11 12:51:39.666 I/PluginSeedling--Notification( 8338): NotificationRepository-->onDataChanged, []
04-11 12:51:39.666 I/statsd  ( 2013): An anomaly (104240000001) (42)0x10000->10512[I] (42)0x20000->com.binance.monitor[S] (42)0x30000->.ui.main.MainActivity[S]  has occurred! Informing subscribers.
04-11 12:51:39.666 W/Battery (15757): ThermalControlUtils: mForegroundPkg=com.binance.monitor mLastWindowMode=1
04-11 12:51:39.666 W/Battery (15757): StateManager: getAppType com.binance.monitor, last=1775882838451
04-11 12:51:39.666 W/Battery (15757): ThermalControllerCenter: mSafetyState=10000,  mSafetyTestConfigList=01111,10111,11011,11101,11110,00111,01011,01101,01110,10011,10101,10110,11001,11010,11100,11111
04-11 12:51:39.666 W/Battery (15757): ThermalControlConfig: mNonBigVersionOtaPeriodVal=2
04-11 12:51:39.666 W/Battery (15757): ThermalControllHandler: tempLevel=[2],userMode=2,gameUserMode=-1,appType=-1,envTempType=0,appStates=[],appSwitchSafetyMode=true,split=[],float={},full=[com.binance.monitor], tempGear=[2],configItemName=common_config
04-11 12:51:39.666 W/Battery (15757): StateManager: getAppType com.binance.monitor, last=1775882838451
04-11 12:51:39.666 D/midasd  (10250): PowerFactors is null 
04-11 12:51:39.666 I/CameraMidasService( 2278): getExplorerInfo The size of ExplorerInfo is 240 ,The size of ExplorerInfo is 0, The memory size of ExplorerInfo is 0
04-11 12:51:39.666 D/midasd  (10250): getExplorerInfo is null 
04-11 12:51:39.666 E/statsd  ( 2013): Predicate 1508000004 dropping data for dimension key (100234)0x10000->10512[I] 
