04-11 12:51:48.246 D/InetDiagMessage( 3590): Destroyed 0 sockets, proto=IPPROTO_TCP, family=AF_INET, states=14
04-11 12:51:48.248 D/InetDiagMessage( 3590): Destroyed 0 sockets, proto=IPPROTO_TCP, family=AF_INET6, states=14
04-11 12:51:48.248 D/InetDiagMessage( 3590): Destroyed live tcp sockets for uids={10439} in 4ms
04-11 12:51:48.251 D/InetDiagMessage( 3590): Destroyed 0 sockets, proto=IPPROTO_TCP, family=AF_INET, states=14
04-11 12:51:48.253 D/InetDiagMessage( 3590): Destroyed 0 sockets, proto=IPPROTO_TCP, family=AF_INET6, states=14
04-11 12:51:48.253 D/InetDiagMessage( 3590): Destroyed live tcp sockets for uids={10177} in 4ms
04-11 12:51:48.255 D/InetDiagMessage( 3590): Destroyed 0 sockets, proto=IPPROTO_TCP, family=AF_INET, states=14
04-11 12:51:48.256 D/InetDiagMessage( 3590): Destroyed 0 sockets, proto=IPPROTO_TCP, family=AF_INET6, states=14
04-11 12:51:48.256 D/InetDiagMessage( 3590): Destroyed live tcp sockets for uids={10294} in 3ms
04-11 12:51:48.257 D/InetDiagMessage( 3590): Destroyed 0 sockets, proto=IPPROTO_TCP, family=AF_INET, states=14
04-11 12:51:48.259 D/InetDiagMessage( 3590): Destroyed 0 sockets, proto=IPPROTO_TCP, family=AF_INET6, states=14
04-11 12:51:48.259 D/InetDiagMessage( 3590): Destroyed live tcp sockets for uids={10276} in 3ms
04-11 12:51:48.260 D/InetDiagMessage( 3590): Destroyed 0 sockets, proto=IPPROTO_TCP, family=AF_INET, states=14
04-11 12:51:48.261 D/InetDiagMessage( 3590): Destroyed 0 sockets, proto=IPPROTO_TCP, family=AF_INET6, states=14
04-11 12:51:48.261 D/InetDiagMessage( 3590): Destroyed live tcp sockets for uids={10264} in 3ms
04-11 12:51:48.263 D/InetDiagMessage( 3590): Destroyed 0 sockets, proto=IPPROTO_TCP, family=AF_INET, states=14
04-11 12:51:48.264 D/InetDiagMessage( 3590): Destroyed 0 sockets, proto=IPPROTO_TCP, family=AF_INET6, states=14
04-11 12:51:48.264 D/InetDiagMessage( 3590): Destroyed live tcp sockets for uids={10202} in 2ms
04-11 12:51:48.266 D/InetDiagMessage( 3590): Destroyed 0 sockets, proto=IPPROTO_TCP, family=AF_INET, states=14
04-11 12:51:48.267 D/InetDiagMessage( 3590): Destroyed 0 sockets, proto=IPPROTO_TCP, family=AF_INET6, states=14
04-11 12:51:48.267 D/InetDiagMessage( 3590): Destroyed live tcp sockets for uids={10176} in 3ms
04-11 12:51:48.271 D/SensorFeature( 2258): name=ssc_screenshot_info ,index = 22
04-11 12:51:48.271 D/SensorFeature( 2258): write 39 bytes:930323013312559,930323685510631,33506,0
04-11 12:51:48.301 I/SDM     ( 2181): DisplayBuiltIn::IdlePowerCollapse: IPC received, disabling partial update for one frame
04-11 12:51:48.417 I/sensors-hal( 2113): handle_oplus_wise_rgb_event:189, high_pwm_light:lux 199.9,cct 6552.2,brl/algo/ir 1361.0/2.0/41.7,pwm/dc 0.0/0.0,rgbc 8905.529297/6066.540039/3896.164795/17441.578125,ts 930323643412254,cnt 57040,flag 33506
04-11 12:51:48.418 I/sensors-hal( 2113): handle_oplus_wise_rgb_event:161, wise_rgb: (57041)(cct, lux, ir)[6552.22, 199.92, 41.659031] (r, g, b, c)[8920.48, 6064.34, 3893.96, 17439.25]                 (pwm, hbm, brl, algo)[0.0 0.0 1361.0 2.0], flag 33506
04-11 12:51:48.430 D/CommonApp-264-10512(14034): transport layer data is invalid
04-11 12:51:48.432 D/CommonApp-255-10512(14034): commonScoreStrategy scenarios 5 mdnsScore=0
04-11 12:51:48.432 D/CommonApp-255-10512(14034): notifyScoreChange appScene COMMON score 100
04-11 12:51:48.432 D/ScorePolicy(14034): handleScoreChanged: []
04-11 12:51:48.432 D/ScorePolicy(14034): handleScoreChanged: []
04-11 12:51:48.432 D/ScorePolicy(14034): handleScoreChanged: []
04-11 12:51:48.462 D/ActivityManager( 3590): freezing 23510 com.tencent.soter.soterserver
04-11 12:51:48.464 D/ActivityManager( 3590): Freeze process 23510, not check file locks
04-11 12:51:48.464 D/ActivityManager( 3590): reportOneUidFrozenStateChanged uid 10249 frozen = true
04-11 12:51:48.469 D/InetDiagMessage( 3590): Destroyed 0 sockets, proto=IPPROTO_TCP, family=AF_INET, states=14
04-11 12:51:48.472 D/InetDiagMessage( 3590): Destroyed 0 sockets, proto=IPPROTO_TCP, family=AF_INET6, states=14
04-11 12:51:48.472 D/InetDiagMessage( 3590): Destroyed live tcp sockets for uids={10249} in 7ms
04-11 12:51:48.573 D/SensorFeature( 2258): name=ssc_screenshot_info ,index = 22
04-11 12:51:48.573 D/SensorFeature( 2258): write 39 bytes:930323013312559,930323986478340,33507,0
04-11 12:51:48.638 E/PERFHAL-PERFCTRL( 2187): PERFHAL-PERFCTRL: chk_core_online_poll_loop() 748: poll() has timed out for /sys/kernel/msm_performance/events/cpu_hotplug
04-11 12:51:48.638 E/PERFHAL-PERFCTRL( 2187): PERFHAL-PERFCTRL: chk_core_online_poll_loop() 743: Block on poll()
04-11 12:51:48.683 I/sensors-hal( 2113): handle_oplus_wise_rgb_event:161, wise_rgb: (57046)(cct, lux, ir)[6539.54, 200.61, 42.380447] (r, g, b, c)[8858.19, 6015.95, 3889.54, 17308.70]                 (pwm, hbm, brl, algo)[0.0 0.0 1361.0 2.0], flag 33507
04-11 12:51:48.700 D/QmiClient( 2727): qmiServiceEventCallback recv msg id 1099
04-11 12:51:48.700 D/QmiClient( 2727): enter -mServiceType 4 onQmiServiceEventCallback msgId 1099
04-11 12:51:48.700 D/QmiClient( 2727): onQmiServiceEventCallback - enter. msgId=1099
04-11 12:51:48.700 D/QmiVsClientEvent( 2727): QosPeriodReportInd MSG IND data_len 2052
04-11 12:51:48.700 D/QmiVsClientEvent( 2727): qmiVsClientNotifyQosPeriodReportIndEvent - RADIO_EVENT_QOS_PERIOD_REPORT_NOTIFY_IND
04-11 12:51:48.700 D/QmiClient( 3438): qmiServiceEventCallback recv msg id 1099
04-11 12:51:48.700 D/QmiClient( 3438): enter -mServiceType 4 onQmiServiceEventCallback msgId 1099
04-11 12:51:48.700 D/QmiClient( 3438): onQmiServiceEventCallback - enter. msgId=1099
04-11 12:51:48.700 D/QmiVsClientEvent( 3438): QosPeriodReportInd MSG IND data_len 2052
04-11 12:51:48.700 D/QmiVsClientEvent( 3438): qmiVsClientNotifyQosPeriodReportIndEvent - RADIO_EVENT_QOS_PERIOD_REPORT_NOTIFY_IND
04-11 12:51:48.700 D/VsProxy ( 2727): handleMessage msg is 2420
04-11 12:51:48.700 D/VsProxy ( 2727): handleQosPeriodReportInd for instance 0 data_len 145
04-11 12:51:48.701 D/SubsysRadioIndication[0](14034): radioQosPeriodReportInd result [8, -115, -3, -91, -49, 14, 34, 12, 8, -84, -69, -57, -50, 14, 16, 4, 24, 1, 32, 3, 58, 61, 8, -82, -11, -91, -49, 14, 16, 5, 24, -64, -92, 38, 32, -22, 6, 40, -100, -1, -1, -1, -1, -1, -1, -1, -1, 1, 48, -11, -1, -1, -1, -1, -1, -1, -1, -1, 1, 56, 5, 64, -100, -1, -1, -1, -1, -1, -1, -1, -1, 1, 72, -100, -1, -1, -1, -1, -1, -1, -1, -1, 1, 66, 29, 8, -57, -20, -92, -50, 14, 16, 5, 34, 19, 8, -64, -92, 38, 16, -22, 6, 24, 78, 32, 13, 40, -117, -32, -94, -93, 2, 48, 2, 90, 0, 98, 10, 8, -41, -26, -92, -50, 14, 16, 3, 24, 5, 122, 15, 8, -8, -24, -92, -50, 14, 16, -52, 2, 24, -21, 1, 32, -90, 9]
04-11 12:51:48.702 D/VsProxy ( 3438): handleMessage msg is 2420
04-11 12:51:48.702 D/VsProxy ( 3438): handleQosPeriodReportInd for instance 1 data_len 202
04-11 12:51:48.702 D/NetworkService[0](14034): handleMessage what:1005
04-11 12:51:48.702 D/RadioAtomTracker(14034): parseQosPeriodData ModemQos:CellularQosInfo2{5G, 627264/874, EndcState=0, Band=78, DLBW=13, Rsrp=-100, Rsrq=-11, Snr=5, SvcStatus=3, ULPDCPNumDataPdu=-1, ULPDCPNumDropPdu=-1, ULPDCPTput=-1, ULRLCNumDataPdu=-1, ULRLCNumRetxPdu=-1, ULGrant=-1, ULBSR=-1, ULBler=-1, DLPDCPNumDataPdu=-1, DLPDCPTput=-1, DLRLCNumDataPdu=-1, DLRLCNumRetxPdu=-1, DLRLCNumDropPdu=-1, DLMACPaddingBytes=-1, DLPdcpNumMissToUppPdu=-1, DLBler=-1, RlfCount=0, CellChangeCount=0, IsRedirectionOccur=0, IsDualSimConflict=0, Latency=0, Sub1RrcState=1, Sub2RrcState=3, RachCount=0, CalcPower=332, Mtpl=235, PathLoss=1190, CellLoad=0}
04-11 12:51:48.702 D/NetworkService[0](14034): EVENT_REG_QOS_PERIOD_REPORT_IND_CHANGED ENTER
04-11 12:51:48.702 D/AtomModemKpiInfo(14034): handleMessage what:1001
04-11 12:51:48.703 D/AtomModemKpiInfo(14034): analyseQosInfo success
04-11 12:51:48.703 D/SubsysRadioIndication[1](14034): radioQosPeriodReportInd result [8, -115, -3, -91, -49, 14, 18, 16, 8, -99, -5, -91, -49, 14, 16, 5, 32, -80, 16, 40, 5, 56, -87, 1, 26, 13, 8, -15, -4, -91, -49, 14, 16, 3, 40, 17, 56, -55, 97, 34, 12, 8, -84, -69, -57, -50, 14, 16, 4, 24, 1, 32, 3, 58, 83, 8, -2, -5, -91, -49, 14, 16, 5, 24, -98, -23, 30, 32, -54, 1, 40, -93, -1, -1, -1, -1, -1, -1, -1, -1, 1, 48, -12, -1, -1, -1, -1, -1, -1, -1, -1, 1, 56, 2, 64, -93, -1, -1, -1, -1, -1, -1, -1, -1, 1, 72, -97, -1, -1, -1, -1, -1, -1, -1, -1, 1, 80, -93, -1, -1, -1, -1, -1, -1, -1, -1, 1, 88, -96, -1, -1, -1, -1, -1, -1, -1, -1, 1, 66, 31, 8, -101, -22, -108, -49, 14, 16, 5, 24, 2, 34, 19, 8, -98, -23, 30, 16, -54, 1, 24, 41, 32, 13, 40, -126, -128, -52, -67, 21, 48, 2, 90, 0, 98, 10, 8, -85, -54, -73, -50, 14, 16, 3, 24, 5, 122, 15, 8, -94, -4, -91, -49, 14, 16, -25, 1, 24, -11, 1, 32, -22, 8]
04-11 12:51:48.703 D/NetworkService[1](14034): handleMessage what:1005
04-11 12:51:48.703 D/RadioAtomTracker(14034): parseQosPeriodData ModemQos:CellularQosInfo1{5G, 504990/202, EndcState=2, Band=41, DLBW=13, Rsrp=-93, Rsrq=-12, Snr=2, SvcStatus=3, ULPDCPNumDataPdu=5, ULPDCPNumDropPdu=0, ULPDCPTput=2096, ULRLCNumDataPdu=5, ULRLCNumRetxPdu=0, ULGrant=169, ULBSR=0, ULBler=0, DLPDCPNumDataPdu=17, DLPDCPTput=12489, DLRLCNumDataPdu=3, DLRLCNumRetxPdu=0, DLRLCNumDropPdu=0, DLMACPaddingBytes=0, DLPdcpNumMissToUppPdu=0, DLBler=0, RlfCount=0, CellChangeCount=0, IsRedirectionOccur=0, IsDualSimConflict=0, Latency=10, Sub1RrcState=1, Sub2RrcState=3, RachCount=0, CalcPower=231, Mtpl=245, PathLoss=1130, CellLoad=0}
04-11 12:51:48.703 D/NetworkService[1](14034): EVENT_REG_QOS_PERIOD_REPORT_IND_CHANGED ENTER
04-11 12:51:48.703 D/AtomModemKpiInfo(14034): handleMessage what:1001
04-11 12:51:48.703 D/AtomModemKpiInfo(14034): analyseQosInfo success
04-11 12:51:48.721 W/OPLUS_LOG_LOAD( 3590): ==LOGS PROG INFO, prog(system_server) ==
04-11 12:51:48.721 V/AlarmManager( 3590): sending alarm Alarm{f166325 type 1 origWhen 1775883108721 whenElapsed 930324135 android} uid 1000 whenElapsed 930324135 windowLength 0 maxWhenElapsed 930324135 repeatInterval 0 action null component null tag StorgaeBandInfoAlarmTag flags 0x9 procName system_server
04-11 12:51:48.722 E/OplusStorageUFSBandwidth( 3590): storage_io_metrics_path is /proc/oplus_storage/io_metrics/forever/
04-11 12:51:48.723 E/OplusStorageUFSBandwidth( 3590): Bandwidth - Read: 1.00 MB/s, Write: 0.50 MB/s
04-11 12:51:48.723 E/OplusStorageUFSBandwidth( 3590): Task time: 1ms
04-11 12:51:48.725 E/OplusStorageUFSBandwidth( 3590): Alarm set to trigger in 10 seconds
04-11 12:51:48.726 I/AICCTModule( 3590): SensorFilter: brightness threshold 1.2 screenNit is 95.362 ave enviroment lux is 129.1003 luxForNit 90.29576demarcationPoint200.0 result is false
04-11 12:51:48.727 I/AICCTModule( 3590): SensorFilter: findSecondNearestValue, sensorValue: 7274.386 nearestMaxValue:7252.1313 secondNearestValue: 7252.1313
04-11 12:51:48.727 I/AICCTModule( 3590): SensorFilter: findSecondNearestValue, sensorValue: 129.17085 nearestMaxValue:129.07446 secondNearestValue: 128.54727
04-11 12:51:48.815 D/osense.compress( 3590): com.google.android.gms do shrink, target ratio = 70, final ratio = 90, cur ratio = 50
04-11 12:51:48.874 D/SensorFeature( 2258): name=ssc_screenshot_info ,index = 22
04-11 12:51:48.874 D/SensorFeature( 2258): write 39 bytes:930323013312559,930324287882246,33508,0
04-11 12:51:48.875 D/BatteryChargeControl( 2280): bcc get no support from charging protocol
04-11 12:51:48.926 I/SDM     ( 2181): DisplayBuiltIn::IdlePowerCollapse: IPC received, disabling partial update for one frame
04-11 12:51:48.938 I/SDM     ( 2181): DisplayBuiltIn::IdlePowerCollapse: IPC received, disabling partial update for one frame
04-11 12:51:48.940 W/ServiceManagerCppClient( 4482): Waited one second for SystemClearService (is service started? Number of threads started in the threadpool: 16. Are binder threads started and available?)
04-11 12:51:48.941 W/ServiceManagerCppClient( 4482): Waited one second for SystemClearService (is service started? Number of threads started in the threadpool: 16. Are binder threads started and available?)
04-11 12:51:48.943 W/libc    ( 1254): Unable to set property "ctl.interface_start" to "aidl/SystemClearService": PROP_ERROR_HANDLE_CONTROL_MESSAGE (0x20)
04-11 12:51:48.943 W/libc    ( 1254): Unable to set property "ctl.interface_start" to "aidl/SystemClearService": PROP_ERROR_HANDLE_CONTROL_MESSAGE (0x20)
04-11 12:51:48.946 I/ChainTrace(15451): account_render phase=build_overview account=7400048@ICMarketsSC-MT5-6 durationMs=4 trades=1113 positions=6 curves=5717
04-11 12:51:48.947 I/sensors-hal( 2113): handle_oplus_wise_rgb_event:189, high_pwm_light:lux 196.7,cct 6543.7,brl/algo/ir 1361.0/2.0/42.4,pwm/dc 0.0/0.0,rgbc 8661.336914/5864.175293/3770.339600/16891.427734,ts 930324253957879,cnt 57050,flag 33508
04-11 12:51:48.947 I/sensors-hal( 2113): handle_oplus_wise_rgb_event:161, wise_rgb: (57051)(cct, lux, ir)[6543.67, 196.74, 42.387852] (r, g, b, c)[8653.86, 5870.77, 3768.13, 16877.44]                 (pwm, hbm, brl, algo)[0.0 0.0 1361.0 2.0], flag 33508
04-11 12:51:48.949 I/SDM     ( 2181): DisplayBuiltIn::IdlePowerCollapse: IPC received, disabling partial update for one frame
04-11 12:51:48.950 I/ChainTrace(15451): account_render phase=bind_overview_and_filters account=7400048@ICMarketsSC-MT5-6 durationMs=3 trades=1113 positions=6 curves=5717
04-11 12:51:48.959 I/SDM     ( 2181): DisplayBuiltIn::IdlePowerCollapse: IPC received, disabling partial update for one frame
04-11 12:51:48.961 I/ChainTrace(15451): account_render phase=render_returns_table account=7400048@ICMarketsSC-MT5-6 durationMs=11 trades=1113 positions=6 curves=5717
04-11 12:51:48.966 I/ChainTrace(15451): account_render phase=apply_curve_range account=7400048@ICMarketsSC-MT5-6 durationMs=5 trades=1113 positions=6 curves=5717
04-11 12:51:48.970 I/SDM     ( 2181): DisplayBuiltIn::IdlePowerCollapse: IPC received, disabling partial update for one frame
04-11 12:51:48.981 I/SDM     ( 2181): DisplayBuiltIn::IdlePowerCollapse: IPC received, disabling partial update for one frame
04-11 12:51:48.992 I/SDM     ( 2181): DisplayBuiltIn::IdlePowerCollapse: IPC received, disabling partial update for one frame
04-11 12:51:49.007 D/ShellSubscriberWorkerThread(15031): the first 8 bytes empty, and RestData length > 8 
04-11 12:51:49.015 I/ChainTrace(15451): account_render phase=refresh_trade_stats account=7400048@ICMarketsSC-MT5-6 durationMs=49 trades=1113 positions=6 curves=5717
04-11 12:51:49.016 I/ChainTrace(15451): account_render phase=refresh_positions account=7400048@ICMarketsSC-MT5-6 durationMs=1 trades=1113 positions=6 curves=5717
04-11 12:51:49.021 D/QmiClient( 3438): qmiServiceEventCallback recv msg id 47
04-11 12:51:49.021 D/QmiClient( 3438): enter -mServiceType 10 onQmiServiceEventCallback msgId 47
04-11 12:51:49.021 D/QmiClient( 3438): onQmiServiceEventCallback - enter. msgId=47
04-11 12:51:49.021 D/OttProxy( 3438): handleMessage msg is 3001
04-11 12:51:49.022 D/SubsysRadioIndication[1](14034): radioLinkLatencyInfoInd
04-11 12:51:49.022 D/SubsysRadioIndication[1](14034): notify enter
04-11 12:51:49.022 I/ChainTrace(15451): account_render phase=refresh_trades account=7400048@ICMarketsSC-MT5-6 durationMs=6 trades=1113 positions=6 curves=5717
04-11 12:51:49.022 I/ChainTrace(15451): account_render phase=apply_snapshot_total account=7400048@ICMarketsSC-MT5-6 durationMs=102 trades=1113 positions=6 curves=5717
04-11 12:51:49.022 D/NetworkService[1](14034): handleMessage what:1008
04-11 12:51:49.022 D/NetworkService[1](14034): EVENT_REG_LINK_LATENCY_INFO_CHANGE ulLatency:10648
04-11 12:51:49.154 I/ChainTrace(15451): stream type=syncEvent gapMs=979 refreshMarket=true
04-11 12:51:49.166 I/SDM     ( 2181): DisplayBuiltIn::IdlePowerCollapse: IPC received, disabling partial update for one frame
04-11 12:51:49.167 I/SurfaceControl(15451):  setExtendedRangeBrightness sc=Surface(name=)/@0x13e3f08,currentBufferRatio=1.0,desiredRatio=1.0
04-11 12:51:49.167 V/WindowManager( 3590): Relayout Window{90677e4 u0 com.binance.monitor}: viewVisibility=0, oldvis=0, req=315x429 , apr = 0, vsysui=, x=42, y=420
04-11 12:51:49.167 D/InsetsSourceProvider( 3590): updateSourceFrameForServerVisibility mandatorySystemGestures EMPTY_RECT
04-11 12:51:49.168 D/InsetsSourceProvider( 3590): updateSourceFrameForServerVisibility mandatorySystemGestures EMPTY_RECT
04-11 12:51:49.235 D/ActivityManager( 3590): Freezer deadlock watchdog
04-11 12:51:49.252 E/CwbService( 2181): Panel not support apl read or getDisplayPanelAplValue timeout 10ms.
04-11 12:51:49.253 D/SensorFeature( 2258): name=ssc_screenshot_info ,index = 22
04-11 12:51:49.253 D/SensorFeature( 2258): write 39 bytes:930324601385527,930324655316360,33509,0
04-11 12:51:49.255 I/sensors-hal( 2113): handle_oplus_wise_rgb_event:161, wise_rgb: (57056)(cct, lux, ir)[6435.44, 193.22, 42.289909] (r, g, b, c)[8741.07, 5934.56, 3810.07, 17070.93]                 (pwm, hbm, brl, algo)[0.0 0.0 1361.0 2.0], flag 33509
04-11 12:51:49.265 I/SDM     ( 2181): DisplayBuiltIn::IdlePowerCollapse: IPC received, disabling partial update for one frame
04-11 12:51:49.454 D/CommonApp-264-10512(14034): transport layer data is invalid
04-11 12:51:49.456 D/CommonApp-255-10512(14034): commonScoreStrategy scenarios 5 mdnsScore=0
04-11 12:51:49.456 D/CommonApp-255-10512(14034): notifyScoreChange appScene COMMON score 100
04-11 12:51:49.456 D/ScorePolicy(14034): handleScoreChanged: []
04-11 12:51:49.456 D/ScorePolicy(14034): handleScoreChanged: []
04-11 12:51:49.456 D/ScorePolicy(14034): handleScoreChanged: []
04-11 12:51:49.460 W/Settings( 3590): Setting notification_bubbles has moved from android.provider.Settings.Global to android.provider.Settings.Secure, returning read-only value.
04-11 12:51:49.461 W/Settings( 3590): Setting apply_ramping_ringer has moved from android.provider.Settings.Global to android.provider.Settings.System, returning read-only value.
04-11 12:51:49.464 W/SettingsStatsUtil( 3590): Can not parse value to float: +network
04-11 12:51:49.467 W/SettingsStatsUtil( 3590): Can not parse value to float: +network
04-11 12:51:49.480 I/sensors-hal( 2113): handle_oplus_wise_rgb_event:189, high_pwm_light:lux 197.6,cct 6466.0,brl/algo/ir 1361.0/2.0/41.8,pwm/dc 0.0/0.0,rgbc 8810.842773/5974.156250/3832.148438/17182.820312,ts 930324654194024,cnt 57060,flag 33509
04-11 12:51:49.480 I/sensors-hal( 2113): handle_oplus_wise_rgb_event:161, wise_rgb: (57061)(cct, lux, ir)[6466.02, 197.64, 41.772923] (r, g, b, c)[8823.30, 5987.35, 3836.56, 17189.81]                 (pwm, hbm, brl, algo)[0.0 0.0 1361.0 2.0], flag 33509
04-11 12:51:49.480 D/FusionLightNextGen( 3590): process end reported = 1, mode: 0, cnt: 402355, lux 123.3, cct 7210.9, r/g/b/c: 8636.4/5855.4/3754.9/16833.1, R/G/B: 167.0/161.0/146.0, bri 1361.0, match 1.00, ir 0.053061, conf 5.0, ts 930324676336004
04-11 12:51:49.492 D/OplusCellularNetworkConfig( 8406): getDnsQueryPriority value=http://pdns.dnspod.cn
04-11 12:51:49.492 D/NetworkService[0](14034): getActiveNetworks networkList size:1
04-11 12:51:49.492 D/SubsysThreadPool(14034): execute task
04-11 12:51:49.495 D/libc-netbsd(14034): [oplusDnsOpenProxy]: __netdClientDispatch.connect errno = 111
04-11 12:51:49.495 D/DNS_CACHE(14034): oplus_oplus_getaddrinfo_proxy open dns proxy failed, use android flow: 1000
04-11 12:51:49.556 D/SensorFeature( 2258): name=ssc_screenshot_info ,index = 22
04-11 12:51:49.556 D/SensorFeature( 2258): write 39 bytes:930324601385527,930324968162558,33510,0
04-11 12:51:49.747 I/sensors-hal( 2113): handle_oplus_wise_rgb_event:161, wise_rgb: (57066)(cct, lux, ir)[6516.44, 198.24, 42.070938] (r, g, b, c)[8843.24, 6015.95, 3854.22, 17262.08]                 (pwm, hbm, brl, algo)[0.0 0.0 1361.0 2.0], flag 33510
04-11 12:51:49.778 D/QmiClient( 2727): qmiServiceEventCallback recv msg id 1099
04-11 12:51:49.778 D/QmiClient( 2727): enter -mServiceType 4 onQmiServiceEventCallback msgId 1099
04-11 12:51:49.778 D/QmiClient( 2727): onQmiServiceEventCallback - enter. msgId=1099
04-11 12:51:49.778 D/QmiVsClientEvent( 2727): QosPeriodReportInd MSG IND data_len 2052
04-11 12:51:49.778 D/QmiVsClientEvent( 2727): qmiVsClientNotifyQosPeriodReportIndEvent - RADIO_EVENT_QOS_PERIOD_REPORT_NOTIFY_IND
04-11 12:51:49.779 D/VsProxy ( 2727): handleMessage msg is 2420
04-11 12:51:49.779 D/VsProxy ( 2727): handleQosPeriodReportInd for instance 0 data_len 145
04-11 12:51:49.779 D/QmiClient( 3438): qmiServiceEventCallback recv msg id 1099
04-11 12:51:49.779 D/QmiClient( 3438): enter -mServiceType 4 onQmiServiceEventCallback msgId 1099
04-11 12:51:49.779 D/QmiClient( 3438): onQmiServiceEventCallback - enter. msgId=1099
04-11 12:51:49.779 D/QmiVsClientEvent( 3438): QosPeriodReportInd MSG IND data_len 2052
04-11 12:51:49.779 D/QmiVsClientEvent( 3438): qmiVsClientNotifyQosPeriodReportIndEvent - RADIO_EVENT_QOS_PERIOD_REPORT_NOTIFY_IND
04-11 12:51:49.779 D/VsProxy ( 3438): handleMessage msg is 2420
04-11 12:51:49.780 D/VsProxy ( 3438): handleQosPeriodReportInd for instance 1 data_len 212
04-11 12:51:49.780 D/SubsysRadioIndication[0](14034): radioQosPeriodReportInd result [8, -60, -123, -90, -49, 14, 34, 12, 8, -84, -69, -57, -50, 14, 16, 4, 24, 1, 32, 3, 58, 61, 8, -82, -11, -91, -49, 14, 16, 5, 24, -64, -92, 38, 32, -22, 6, 40, -100, -1, -1, -1, -1, -1, -1, -1, -1, 1, 48, -11, -1, -1, -1, -1, -1, -1, -1, -1, 1, 56, 5, 64, -100, -1, -1, -1, -1, -1, -1, -1, -1, 1, 72, -100, -1, -1, -1, -1, -1, -1, -1, -1, 1, 66, 29, 8, -57, -20, -92, -50, 14, 16, 5, 34, 19, 8, -64, -92, 38, 16, -22, 6, 24, 78, 32, 13, 40, -117, -32, -94, -93, 2, 48, 2, 90, 0, 98, 10, 8, -41, -26, -92, -50, 14, 16, 3, 24, 5, 122, 15, 8, -8, -24, -92, -50, 14, 16, -52, 2, 24, -21, 1, 32, -90, 9]
04-11 12:51:49.780 D/SubsysRadioIndication[1](14034): radioQosPeriodReportInd result [8, -60, -123, -90, -49, 14, 18, 19, 8, -20, -126, -90, -49, 14, 16, 12, 32, -29, 33, 40, 12, 56, -123, 3, 64, -62, 2, 26, 15, 8, -105, -125, -90, -49, 14, 16, 20, 40, 6, 56, -20, 22, 72, 4, 34, 12, 8, -84, -69, -57, -50, 14, 16, 4, 24, 1, 32, 3, 58, 83, 8, -74, -124, -90, -49, 14, 16, 5, 24, -98, -23, 30, 32, -54, 1, 40, -93, -1, -1, -1, -1, -1, -1, -1, -1, 1, 48, -12, -1, -1, -1, -1, -1, -1, -1, -1, 1, 56, 3, 64, -93, -1, -1, -1, -1, -1, -1, -1, -1, 1, 72, -94, -1, -1, -1, -1, -1, -1, -1, -1, 1, 80, -93, -1, -1, -1, -1, -1, -1, -1, -1, 1, 88, -94, -1, -1, -1, -1, -1, -1, -1, -1, 1, 66, 31, 8, -101, -22, -108, -49, 14, 16, 5, 24, 2, 34, 19, 8, -98, -23, 30, 16, -54, 1, 24, 41, 32, 13, 40, -126, -128, -52, -67, 21, 48, 2, 90, 0, 98, 10, 8, -85, -54, -73, -50, 14, 16, 3, 24, 5, 122, 20, 8, -20, -126, -90, -49, 14, 16, -1, -1, 1, 24, -1, -1, 1, 32, -1, -1, -1, -1, 15]
04-11 12:51:49.780 D/NetworkService[0](14034): handleMessage what:1005
04-11 12:51:49.780 D/RadioAtomTracker(14034): parseQosPeriodData ModemQos:CellularQosInfo2{5G, 627264/874, EndcState=0, Band=78, DLBW=13, Rsrp=-100, Rsrq=-11, Snr=5, SvcStatus=3, ULPDCPNumDataPdu=-1, ULPDCPNumDropPdu=-1, ULPDCPTput=-1, ULRLCNumDataPdu=-1, ULRLCNumRetxPdu=-1, ULGrant=-1, ULBSR=-1, ULBler=-1, DLPDCPNumDataPdu=-1, DLPDCPTput=-1, DLRLCNumDataPdu=-1, DLRLCNumRetxPdu=-1, DLRLCNumDropPdu=-1, DLMACPaddingBytes=-1, DLPdcpNumMissToUppPdu=-1, DLBler=-1, RlfCount=0, CellChangeCount=0, IsRedirectionOccur=0, IsDualSimConflict=0, Latency=0, Sub1RrcState=1, Sub2RrcState=3, RachCount=0, CalcPower=332, Mtpl=235, PathLoss=1190, CellLoad=0}
04-11 12:51:49.781 D/NetworkService[0](14034): EVENT_REG_QOS_PERIOD_REPORT_IND_CHANGED ENTER
04-11 12:51:49.781 D/NetworkService[1](14034): handleMessage what:1005
04-11 12:51:49.781 D/RadioAtomTracker(14034): parseQosPeriodData ModemQos:CellularQosInfo1{5G, 504990/202, EndcState=2, Band=41, DLBW=13, Rsrp=-93, Rsrq=-12, Snr=3, SvcStatus=3, ULPDCPNumDataPdu=12, ULPDCPNumDropPdu=0, ULPDCPTput=4323, ULRLCNumDataPdu=12, ULRLCNumRetxPdu=0, ULGrant=389, ULBSR=322, ULBler=0, DLPDCPNumDataPdu=6, DLPDCPTput=2924, DLRLCNumDataPdu=20, DLRLCNumRetxPdu=0, DLRLCNumDropPdu=0, DLMACPaddingBytes=0, DLPdcpNumMissToUppPdu=0, DLBler=4, RlfCount=0, CellChangeCount=0, IsRedirectionOccur=0, IsDualSimConflict=0, Latency=10, Sub1RrcState=1, Sub2RrcState=3, RachCount=0, CalcPower=32767, Mtpl=32767, PathLoss=-1, CellLoad=0}
04-11 12:51:49.781 D/NetworkService[1](14034): EVENT_REG_QOS_PERIOD_REPORT_IND_CHANGED ENTER
04-11 12:51:49.781 D/AtomModemKpiInfo(14034): handleMessage what:1001
04-11 12:51:49.781 D/AtomModemKpiInfo(14034): analyseQosInfo success
04-11 12:51:49.859 D/SensorFeature( 2258): name=ssc_screenshot_info ,index = 22
04-11 12:51:49.859 D/SensorFeature( 2258): write 39 bytes:930324601385527,930325272204120,33511,0
04-11 12:51:49.876 D/BatteryChargeControl( 2280): bcc get no support from charging protocol
04-11 12:51:49.926 I/sensors-hal( 2113): handle_sns_std_sensor_event:114, oplus rgb_rear sample: (cct, lux, ir, x, y)[9251, 29, 255, 266, 333]
04-11 12:51:49.926 I/sensors-hal( 2113): handle_sns_std_sensor_event:116, oplus rgb_rear sample: (r, g, b, c w)[1194, 2374, 462, 607, 0]
04-11 12:51:49.927 I/AICCTModule( 3590): SensorFilter: brightness threshold 1.2 screenNit is 95.362 ave enviroment lux is 124.87506 luxForNit 89.90207demarcationPoint200.0 result is false
04-11 12:51:49.927 I/AICCTModule( 3590): SensorFilter: findSecondNearestValue, sensorValue: 7252.1313 nearestMaxValue:7210.8755 secondNearestValue: 7210.8755
04-11 12:51:49.927 I/AICCTModule( 3590): SensorFilter: findSecondNearestValue, sensorValue: 128.54727 nearestMaxValue:128.54727 secondNearestValue: 128.1058
04-11 12:51:49.942 W/ServiceManagerCppClient( 4482): Waited one second for SystemClearService (is service started? Number of threads started in the threadpool: 16. Are binder threads started and available?)
04-11 12:51:49.942 W/ServiceManagerCppClient( 4482): Waited one second for SystemClearService (is service started? Number of threads started in the threadpool: 16. Are binder threads started and available?)
04-11 12:51:49.944 W/libc    ( 1254): Unable to set property "ctl.interface_start" to "aidl/SystemClearService": PROP_ERROR_HANDLE_CONTROL_MESSAGE (0x20)
04-11 12:51:49.944 W/libc    ( 1254): Unable to set property "ctl.interface_start" to "aidl/SystemClearService": PROP_ERROR_HANDLE_CONTROL_MESSAGE (0x20)
04-11 12:51:49.993 I/SDM     ( 2181): DisplayBuiltIn::IdlePowerCollapse: IPC received, disabling partial update for one frame
04-11 12:51:50.013 I/sensors-hal( 2113): handle_oplus_wise_rgb_event:189, high_pwm_light:lux 198.3,cct 6483.9,brl/algo/ir 1361.0/2.0/42.3,pwm/dc 0.0/0.0,rgbc 8863.168945/6029.146484/3867.467773/17325.019531,ts 930325231100587,cnt 57070,flag 33511
04-11 12:51:50.016 I/sensors-hal( 2113): handle_oplus_wise_rgb_event:161, wise_rgb: (57071)(cct, lux, ir)[6483.92, 198.32, 42.274078] (r, g, b, c)[8855.69, 6004.95, 3856.43, 17280.73]                 (pwm, hbm, brl, algo)[0.0 0.0 1361.0 2.0], flag 33511
04-11 12:51:50.021 D/QmiClient( 3438): qmiServiceEventCallback recv msg id 47
04-11 12:51:50.022 D/QmiClient( 3438): enter -mServiceType 10 onQmiServiceEventCallback msgId 47
04-11 12:51:50.022 D/QmiClient( 3438): onQmiServiceEventCallback - enter. msgId=47
04-11 12:51:50.022 D/OttProxy( 3438): handleMessage msg is 3001
04-11 12:51:50.022 D/SubsysRadioIndication[1](14034): radioLinkLatencyInfoInd
04-11 12:51:50.023 D/SubsysRadioIndication[1](14034): notify enter
04-11 12:51:50.023 D/NetworkService[1](14034): handleMessage what:1008
04-11 12:51:50.023 D/NetworkService[1](14034): EVENT_REG_LINK_LATENCY_INFO_CHANGE ulLatency:7903
04-11 12:51:50.029 D/vendor.oplus.hardware.charger-V10-service( 2280): ret_value:120, read content:,289,289,4343,4329,13,94,96,1,1,0,494,5022,96,1,4480,600,500,0,0,9500,0,0,1,0,2,0,0,0,1,5868,96,0,4724,5046,0,0,0,0,0,0
04-11 12:51:50.029 D/vendor.oplus.hardware.charger-V10-service( 2280): gmtime: 2026-04-11-12-51-50
04-11 12:51:50.030 D/vendor.oplus.hardware.charger-V10-service( 2280): usb_online:1, ac_online:-2147483648, wireless_online:-2147483648
04-11 12:51:50.106 I/OplusCpuLimitManager( 3590): OplusCpuHighLoad: request instant cpu load
04-11 12:51:50.107 E/OsenseCommonUtils( 3590): write /dev/memcg/memory.force_shrink_file failed
04-11 12:51:50.107 E/OsenseCommonUtils( 3590): java.io.IOException: write failed: EBUSY (Device or resource busy)
04-11 12:51:50.107 E/OsenseCommonUtils( 3590): 	at libcore.io.IoBridge.write(IoBridge.java:651)
04-11 12:51:50.107 E/OsenseCommonUtils( 3590): 	at java.io.FileOutputStream.write(FileOutputStream.java:436)
04-11 12:51:50.107 E/OsenseCommonUtils( 3590): 	at sun.nio.cs.StreamEncoder.writeBytes(StreamEncoder.java:233)
04-11 12:51:50.107 E/OsenseCommonUtils( 3590): 	at sun.nio.cs.StreamEncoder.implFlushBuffer(StreamEncoder.java:309)
04-11 12:51:50.107 E/OsenseCommonUtils( 3590): 	at sun.nio.cs.StreamEncoder.implFlush(StreamEncoder.java:313)
04-11 12:51:50.107 E/OsenseCommonUtils( 3590): 	at sun.nio.cs.StreamEncoder.flush(StreamEncoder.java:153)
04-11 12:51:50.107 E/OsenseCommonUtils( 3590): 	at java.io.OutputStreamWriter.flush(OutputStreamWriter.java:248)
04-11 12:51:50.107 E/OsenseCommonUtils( 3590): 	at com.android.server.oplus.osense.utils.OsenseCommonUtils.writeFile(OsenseCommonUtils.java:154)
04-11 12:51:50.107 E/OsenseCommonUtils( 3590): 	at com.android.server.am.OplusOsenseCompressAction.doGlobalShrink(OplusOsenseCompressAction.java:1887)
04-11 12:51:50.107 E/OsenseCommonUtils( 3590): 	at com.android.server.am.OplusOsenseCompressAction.-$$Nest$mdoGlobalShrink(Unknown Source:0)
04-11 12:51:50.107 E/OsenseCommonUtils( 3590): 	at com.android.server.am.OplusOsenseCompressAction$CompressHandler.handleMessage(OplusOsenseCompressAction.java:1335)
04-11 12:51:50.107 E/OsenseCommonUtils( 3590): 	at android.os.Handler.dispatchMessage(Handler.java:115)
04-11 12:51:50.107 E/OsenseCommonUtils( 3590): 	at android.os.Looper.loopOnce(Looper.java:302)
04-11 12:51:50.107 E/OsenseCommonUtils( 3590): 	at android.os.Looper.loop(Looper.java:412)
04-11 12:51:50.107 E/OsenseCommonUtils( 3590): 	at android.os.HandlerThread.run(HandlerThread.java:85)
04-11 12:51:50.107 E/OsenseCommonUtils( 3590): Caused by: android.system.ErrnoException: write failed: EBUSY (Device or resource busy)
04-11 12:51:50.107 E/OsenseCommonUtils( 3590): 	at libcore.io.Linux.writeBytes(Native Method)
04-11 12:51:50.107 E/OsenseCommonUtils( 3590): 	at libcore.io.Linux.write(Linux.java:336)
04-11 12:51:50.107 E/OsenseCommonUtils( 3590): 	at libcore.io.ForwardingOs.write(ForwardingOs.java:948)
04-11 12:51:50.107 E/OsenseCommonUtils( 3590): 	at libcore.io.BlockGuardOs.write(BlockGuardOs.java:448)
04-11 12:51:50.107 E/OsenseCommonUtils( 3590): 	at libcore.io.IoBridge.write(IoBridge.java:646)
04-11 12:51:50.107 E/OsenseCommonUtils( 3590): 	... 14 more
04-11 12:51:50.108 I/OplusCpuLimitManager( 3590): OplusCpuHighLoad: release instant cpu load
04-11 12:51:50.162 D/SensorFeature( 2258): name=ssc_screenshot_info ,index = 22
04-11 12:51:50.162 D/SensorFeature( 2258): write 39 bytes:930324601385527,930325574729850,33512,0
