04-11 12:51:45.328 D/InetDiagMessage( 3590): Destroyed live tcp sockets for uids={20515} in 4ms
04-11 12:51:45.329 D/ProfileInstaller(15451): Installing profile for com.binance.monitor
04-11 12:51:45.333 I/ficationmanager(  424): Explicit concurrent mark compact GC freed 360KB AllocSpace bytes, 0(0B) LOS objects, 65% free,2177KB(M:525KB,L:1652KB)/6273KB, paused 133us,966us total 30.650ms
04-11 12:51:45.336 E/CwbService( 2181): Panel not support apl read or getDisplayPanelAplValue timeout 10ms.
04-11 12:51:45.337 D/SensorFeature( 2258): name=ssc_screenshot_info ,index = 22
04-11 12:51:45.337 D/SensorFeature( 2258): write 39 bytes:930320725460997,930320739726362,33497,0
04-11 12:51:45.347 I/ficationmanager(  424): Explicit concurrent mark compact GC freed 116KB AllocSpace bytes, 0(0B) LOS objects, 65% free,2157KB(M:505KB,L:1652KB)/6253KB, paused 73us,580us total 11.647ms
04-11 12:51:45.358 D/CommonApp-264-10512(14034): transport layer data is invalid
04-11 12:51:45.358 D/CommonApp-255-10512(14034): commonScoreStrategy scenarios low package
04-11 12:51:45.358 D/ScorePolicy(14034): handleScoreChanged: []
04-11 12:51:45.358 D/ScorePolicy(14034): handleScoreChanged: []
04-11 12:51:45.358 D/ScorePolicy(14034): handleScoreChanged: []
04-11 12:51:45.422 I/SDM     ( 2181): DisplayBuiltIn::IdlePowerCollapse: IPC received, disabling partial update for one frame
04-11 12:51:45.481 D/FusionLightNextGen( 3590): process end reported = 1, mode: 0, cnt: 402340, lux 130.1, cct 7238.5, r/g/b/c: 8947.9/6062.1/3898.4/17446.2, R/G/B: 167.0/161.0/145.0, bri 1361.0, match 1.00, ir 0.052364, conf 5.0, ts 930320744194701
04-11 12:51:45.482 I/sensors-hal( 2113): handle_oplus_wise_rgb_event:161, wise_rgb: (56991)(cct, lux, ir)[6530.84, 200.60, 41.612381] (r, g, b, c)[8970.32, 6064.34, 3911.62, 17460.23]                 (pwm, hbm, brl, algo)[0.0 0.0 1361.0 2.0], flag 33497
04-11 12:51:45.509 I/SDM     ( 2181): DisplayBuiltIn::IdlePowerCollapse: IPC received, disabling partial update for one frame
04-11 12:51:45.618 I/OplusHansManager ( 3590): uid=10515, pkg=com.mobilecodex.nativeapp F enter(), M stay=3
04-11 12:51:45.621 I/OplusHansManager ( 3590): freeze uid: 10515 com.mobilecodex.nativeapp pids: [21078] scene: LcdOn
04-11 12:51:45.621 I/OStatsManager_OplusBatteryStatsManager( 3590): updateStateTime: PkgName = com.mobilecodex.nativeapp, uid = 10515, state to em, mForegroundCnt = 0, isFg = false
04-11 12:51:45.622 I/OplusHansManager ( 3590): p_BC uid=10515 pkg=com.mobilecodex.nativeapp
04-11 12:51:45.622 I/OplusBinderProxy( 3590): proxyBinder uid: 10515 pkg: com.mobilecodex.nativeapp proxy: true calling: OFreezer
04-11 12:51:45.622 I/LocationFreezeProc( 3590): will freezeLocationProcess for com.mobilecodex.nativeapp, 10515, true, false
04-11 12:51:45.622 I/LocationFreezeProc( 3590): Executing freeze operation for com.mobilecodex.nativeapp, 10515, true, false
04-11 12:51:45.622 W/LocationFreezeProc( 3590): Do nothing for the app is not record!
04-11 12:51:45.622 I/OplusHansManager ( 3590): p_gps: uid 10515 result false
04-11 12:51:45.622 D/OplusHansManager ( 3590): onUidHansStateChanged: uid = 10515, isFreeze = true, frozenStatus = 0
04-11 12:51:45.622 E/        ( 1905): destroyAllSocketForUid:10515
04-11 12:51:45.628 D/OAppNetControlService( 3590): Hans update:[10515=true][0|0] blackList:[10310, 10500, 10515]
04-11 12:51:45.635 E/PERFHAL-PERFCTRL( 2187): PERFHAL-PERFCTRL: chk_core_online_poll_loop() 748: poll() has timed out for /sys/kernel/msm_performance/events/cpu_hotplug
04-11 12:51:45.635 E/PERFHAL-PERFCTRL( 2187): PERFHAL-PERFCTRL: chk_core_online_poll_loop() 743: Block on poll()
04-11 12:51:45.655 D/QmiClient( 3438): qmiServiceEventCallback recv msg id 1099
04-11 12:51:45.656 D/QmiClient( 2727): qmiServiceEventCallback recv msg id 1099
04-11 12:51:45.656 D/QmiClient( 3438): enter -mServiceType 4 onQmiServiceEventCallback msgId 1099
04-11 12:51:45.656 D/QmiClient( 2727): enter -mServiceType 4 onQmiServiceEventCallback msgId 1099
04-11 12:51:45.656 D/QmiClient( 3438): onQmiServiceEventCallback - enter. msgId=1099
04-11 12:51:45.656 D/QmiClient( 2727): onQmiServiceEventCallback - enter. msgId=1099
04-11 12:51:45.656 D/QmiVsClientEvent( 3438): QosPeriodReportInd MSG IND data_len 2052
04-11 12:51:45.656 D/QmiVsClientEvent( 2727): QosPeriodReportInd MSG IND data_len 2052
04-11 12:51:45.656 D/QmiVsClientEvent( 3438): qmiVsClientNotifyQosPeriodReportIndEvent - RADIO_EVENT_QOS_PERIOD_REPORT_NOTIFY_IND
04-11 12:51:45.656 D/QmiVsClientEvent( 2727): qmiVsClientNotifyQosPeriodReportIndEvent - RADIO_EVENT_QOS_PERIOD_REPORT_NOTIFY_IND
04-11 12:51:45.656 D/VsProxy ( 3438): handleMessage msg is 2420
04-11 12:51:45.657 D/VsProxy ( 2727): handleMessage msg is 2420
04-11 12:51:45.657 D/VsProxy ( 3438): handleQosPeriodReportInd for instance 1 data_len 209
04-11 12:51:45.657 D/VsProxy ( 2727): handleQosPeriodReportInd for instance 0 data_len 145
04-11 12:51:45.657 D/SubsysRadioIndication[1](14034): radioQosPeriodReportInd result [8, -83, -27, -91, -49, 14, 18, 18, 8, -59, -28, -91, -49, 14, 16, 4, 32, -56, 1, 40, 4, 56, -87, 1, 72, 1, 26, 13, 8, -87, -27, -91, -49, 14, 16, 6, 40, 7, 56, -14, 3, 34, 12, 8, -84, -69, -57, -50, 14, 16, 4, 24, 1, 32, 3, 58, 83, 8, -20, -28, -91, -49, 14, 16, 5, 24, -98, -23, 30, 32, -54, 1, 40, -92, -1, -1, -1, -1, -1, -1, -1, -1, 1, 48, -12, -1, -1, -1, -1, -1, -1, -1, -1, 1, 56, 3, 64, -92, -1, -1, -1, -1, -1, -1, -1, -1, 1, 72, -95, -1, -1, -1, -1, -1, -1, -1, -1, 1, 80, -93, -1, -1, -1, -1, -1, -1, -1, -1, 1, 88, -95, -1, -1, -1, -1, -1, -1, -1, -1, 1, 66, 31, 8, -101, -22, -108, -49, 14, 16, 5, 24, 2, 34, 19, 8, -98, -23, 30, 16, -54, 1, 24, 41, 32, 13, 40, -126, -128, -52, -67, 21, 48, 2, 90, 0, 98, 10, 8, -85, -54, -73, -50, 14, 16, 3, 24, 5, 122, 20, 8, -59, -28, -91, -49, 14, 16, -1, -1, 1, 24, -1, -1, 1, 32, -1, -1, -1, -1, 15]
04-11 12:51:45.658 D/NetworkService[1](14034): handleMessage what:1005
04-11 12:51:45.658 D/RadioAtomTracker(14034): parseQosPeriodData ModemQos:CellularQosInfo1{5G, 504990/202, EndcState=2, Band=41, DLBW=13, Rsrp=-92, Rsrq=-12, Snr=3, SvcStatus=3, ULPDCPNumDataPdu=4, ULPDCPNumDropPdu=0, ULPDCPTput=200, ULRLCNumDataPdu=4, ULRLCNumRetxPdu=0, ULGrant=169, ULBSR=0, ULBler=1, DLPDCPNumDataPdu=7, DLPDCPTput=498, DLRLCNumDataPdu=6, DLRLCNumRetxPdu=0, DLRLCNumDropPdu=0, DLMACPaddingBytes=0, DLPdcpNumMissToUppPdu=0, DLBler=0, RlfCount=0, CellChangeCount=0, IsRedirectionOccur=0, IsDualSimConflict=0, Latency=5, Sub1RrcState=1, Sub2RrcState=3, RachCount=0, CalcPower=32767, Mtpl=32767, PathLoss=-1, CellLoad=0}
04-11 12:51:45.658 D/NetworkService[1](14034): EVENT_REG_QOS_PERIOD_REPORT_IND_CHANGED ENTER
04-11 12:51:45.658 D/SubsysRadioIndication[0](14034): radioQosPeriodReportInd result [8, -83, -27, -91, -49, 14, 34, 12, 8, -84, -69, -57, -50, 14, 16, 4, 24, 1, 32, 3, 58, 61, 8, -51, -31, -91, -49, 14, 16, 5, 24, -64, -92, 38, 32, -22, 6, 40, -98, -1, -1, -1, -1, -1, -1, -1, -1, 1, 48, -11, -1, -1, -1, -1, -1, -1, -1, -1, 1, 56, 5, 64, -98, -1, -1, -1, -1, -1, -1, -1, -1, 1, 72, -98, -1, -1, -1, -1, -1, -1, -1, -1, 1, 66, 29, 8, -57, -20, -92, -50, 14, 16, 5, 34, 19, 8, -64, -92, 38, 16, -22, 6, 24, 78, 32, 13, 40, -117, -32, -94, -93, 2, 48, 2, 90, 0, 98, 10, 8, -41, -26, -92, -50, 14, 16, 3, 24, 5, 122, 15, 8, -8, -24, -92, -50, 14, 16, -52, 2, 24, -21, 1, 32, -90, 9]
04-11 12:51:45.658 D/AtomModemKpiInfo(14034): handleMessage what:1001
04-11 12:51:45.658 D/AtomModemKpiInfo(14034): analyseQosInfo success
04-11 12:51:45.658 D/NetworkService[0](14034): handleMessage what:1005
04-11 12:51:45.658 D/RadioAtomTracker(14034): parseQosPeriodData ModemQos:CellularQosInfo2{5G, 627264/874, EndcState=0, Band=78, DLBW=13, Rsrp=-98, Rsrq=-11, Snr=5, SvcStatus=3, ULPDCPNumDataPdu=-1, ULPDCPNumDropPdu=-1, ULPDCPTput=-1, ULRLCNumDataPdu=-1, ULRLCNumRetxPdu=-1, ULGrant=-1, ULBSR=-1, ULBler=-1, DLPDCPNumDataPdu=-1, DLPDCPTput=-1, DLRLCNumDataPdu=-1, DLRLCNumRetxPdu=-1, DLRLCNumDropPdu=-1, DLMACPaddingBytes=-1, DLPdcpNumMissToUppPdu=-1, DLBler=-1, RlfCount=0, CellChangeCount=0, IsRedirectionOccur=0, IsDualSimConflict=0, Latency=0, Sub1RrcState=1, Sub2RrcState=3, RachCount=0, CalcPower=332, Mtpl=235, PathLoss=1190, CellLoad=0}
04-11 12:51:45.658 D/NetworkService[0](14034): EVENT_REG_QOS_PERIOD_REPORT_IND_CHANGED ENTER
04-11 12:51:45.658 D/AtomModemKpiInfo(14034): handleMessage what:1001
04-11 12:51:45.658 D/AtomModemKpiInfo(14034): analyseQosInfo success
04-11 12:51:45.660 D/SensorServiceExtImpl( 3590): notifyApplicationLaunchStage processName=com.binance.monitor, uid=10512, pid=15451, stage=0
04-11 12:51:45.697 E/CwbService( 2181): Panel not support apl read or getDisplayPanelAplValue timeout 10ms.
04-11 12:51:45.697 D/SensorFeature( 2258): name=ssc_screenshot_info ,index = 22
04-11 12:51:45.697 D/SensorFeature( 2258): write 39 bytes:930321047093497,930321100126362,33498,0
04-11 12:51:45.704 I/SDM     ( 2181): DisplayBuiltIn::IdlePowerCollapse: IPC received, disabling partial update for one frame
04-11 12:51:45.748 I/sensors-hal( 2113): handle_oplus_wise_rgb_event:189, high_pwm_light:lux 200.7,cct 6523.9,brl/algo/ir 1361.0/2.0/41.6,pwm/dc 0.0/0.0,rgbc 8940.414062/6068.739258/3904.994629/17506.847656,ts 930321088522462,cnt 57000,flag 99034
04-11 12:51:45.749 I/sensors-hal( 2113): handle_oplus_wise_rgb_event:161, wise_rgb: (56996)(cct, lux, ir)[6523.88, 200.65, 41.613976] (r, g, b, c)[8945.40, 6053.34, 3902.79, 17457.90]                 (pwm, hbm, brl, algo)[0.0 0.0 1361.0 2.0], flag 33498
04-11 12:51:45.801 I/SDM     ( 2181): DisplayBuiltIn::IdlePowerCollapse: IPC received, disabling partial update for one frame
04-11 12:51:45.872 D/BatteryChargeControl( 2280): bcc get no support from charging protocol
04-11 12:51:45.926 I/sensors-hal( 2113): handle_sns_std_sensor_event:114, oplus rgb_rear sample: (cct, lux, ir, x, y)[9277, 26, 254, 266, 333]
04-11 12:51:45.926 I/sensors-hal( 2113): handle_sns_std_sensor_event:116, oplus rgb_rear sample: (r, g, b, c w)[1047, 2088, 405, 532, 0]
04-11 12:51:45.937 W/ServiceManagerCppClient( 4482): Waited one second for SystemClearService (is service started? Number of threads started in the threadpool: 16. Are binder threads started and available?)
04-11 12:51:45.937 W/ServiceManagerCppClient( 4482): Waited one second for SystemClearService (is service started? Number of threads started in the threadpool: 16. Are binder threads started and available?)
04-11 12:51:45.939 W/libc    ( 1254): Unable to set property "ctl.interface_start" to "aidl/SystemClearService": PROP_ERROR_HANDLE_CONTROL_MESSAGE (0x20)
04-11 12:51:45.939 W/libc    ( 1254): Unable to set property "ctl.interface_start" to "aidl/SystemClearService": PROP_ERROR_HANDLE_CONTROL_MESSAGE (0x20)
04-11 12:51:45.966 W/SettingsProvider( 3590): notifyForSettingsChange delay for eyeprotect_display_cct, value: 5884, delta: 0, lastNotifyTimestamp: 882465340, minInterval: 10
04-11 12:51:46.001 I/SDM     ( 2181): DisplayBuiltIn::IdlePowerCollapse: IPC received, disabling partial update for one frame
04-11 12:51:46.081 I/SDM     ( 2181): DisplayBuiltIn::IdlePowerCollapse: IPC received, disabling partial update for one frame
04-11 12:51:46.088 E/CwbService( 2181): Panel not support apl read or getDisplayPanelAplValue timeout 10ms.
04-11 12:51:46.088 D/SensorFeature( 2258): name=ssc_screenshot_info ,index = 22
04-11 12:51:46.093 D/SensorFeature( 2258): write 39 bytes:930321436625580,930321490907716,33499,0
04-11 12:51:46.095 I/sensors-hal( 2113): handle_oplus_wise_rgb_event:161, wise_rgb: (57001)(cct, lux, ir)[6588.55, 201.33, 41.112316] (r, g, b, c)[8898.05, 6046.74, 3891.75, 17420.60]                 (pwm, hbm, brl, algo)[0.0 0.0 1361.0 2.0], flag 131072
04-11 12:51:46.096 D/QmiClient( 3438): qmiServiceEventCallback recv msg id 47
04-11 12:51:46.096 D/QmiClient( 3438): enter -mServiceType 10 onQmiServiceEventCallback msgId 47
04-11 12:51:46.096 D/QmiClient( 3438): onQmiServiceEventCallback - enter. msgId=47
04-11 12:51:46.096 D/OttProxy( 3438): handleMessage msg is 3001
04-11 12:51:46.096 D/SubsysRadioIndication[1](14034): radioLinkLatencyInfoInd
04-11 12:51:46.096 D/SubsysRadioIndication[1](14034): notify enter
04-11 12:51:46.096 D/NetworkService[1](14034): handleMessage what:1008
04-11 12:51:46.096 D/NetworkService[1](14034): EVENT_REG_LINK_LATENCY_INFO_CHANGE ulLatency:9636
04-11 12:51:46.185 I/ChainTrace(15451): stream type=syncEvent gapMs=1028 refreshMarket=true
04-11 12:51:46.262 D/ExtremeCommService(14034): handleMessage what:1011
04-11 12:51:46.295 I/sensors-hal( 2113): handle_oplus_wise_rgb_event:161, wise_rgb: (57006)(cct, lux, ir)[6607.37, 200.22, 41.355824] (r, g, b, c)[8905.53, 6048.94, 3893.96, 17408.94]                 (pwm, hbm, brl, algo)[0.0 0.0 1361.0 2.0], flag 99035
04-11 12:51:46.363 D/SensorFeature( 2258): name=ssc_screenshot_info ,index = 22
04-11 12:51:46.363 D/SensorFeature( 2258): write 39 bytes:930321436625580,930321775403393,33500,0
04-11 12:51:46.364 I/sensors-hal( 2113): get_display_brightness:825, light_iface: set screenshot_info [930321436625580,930321775403393,33500,0]
04-11 12:51:46.371 D/ActivityManager( 3590): freezing 472 com.android.permissioncontroller
04-11 12:51:46.372 D/ActivityManager( 3590): Freeze process 472, not check file locks
04-11 12:51:46.373 D/ActivityManager( 3590): reportOneUidFrozenStateChanged uid 10284 frozen = true
04-11 12:51:46.376 D/InetDiagMessage( 3590): Destroyed 0 sockets, proto=IPPROTO_TCP, family=AF_INET, states=14
04-11 12:51:46.378 D/InetDiagMessage( 3590): Destroyed 0 sockets, proto=IPPROTO_TCP, family=AF_INET6, states=14
04-11 12:51:46.378 D/InetDiagMessage( 3590): Destroyed live tcp sockets for uids={10284} in 5ms
04-11 12:51:46.382 D/CommonApp-264-10512(14034): transport layer data is invalid
04-11 12:51:46.383 D/CommonApp-255-10512(14034): commonScoreStrategy scenarios low package
04-11 12:51:46.383 D/ScorePolicy(14034): handleScoreChanged: []
04-11 12:51:46.383 D/ScorePolicy(14034): handleScoreChanged: []
04-11 12:51:46.383 D/ScorePolicy(14034): handleScoreChanged: []
04-11 12:51:46.437 I/SDM     ( 2181): DisplayBuiltIn::IdlePowerCollapse: IPC received, disabling partial update for one frame
04-11 12:51:46.474 V/OsAgent ( 8337): broadcastSystemEvent - 7
04-11 12:51:46.528 I/AICCTModule( 3590): SensorFilter: brightness threshold 1.2 screenNit is 95.362 ave enviroment lux is 130.67531 luxForNit 90.43642demarcationPoint200.0 result is false
04-11 12:51:46.528 I/AICCTModule( 3590): SensorFilter: findSecondNearestValue, sensorValue: 7244.902 nearestMaxValue:7238.54 secondNearestValue: 7238.54
04-11 12:51:46.528 I/AICCTModule( 3590): SensorFilter: findSecondNearestValue, sensorValue: 131.17844 nearestMaxValue:131.44394 secondNearestValue: 131.44394
04-11 12:51:46.548 I/sensors-hal( 2113): handle_oplus_wise_rgb_event:189, high_pwm_light:lux 199.2,cct 6516.1,brl/algo/ir 1361.0/2.0/43.0,pwm/dc 0.0/0.0,rgbc 8880.611328/6057.741699/3896.164795/17390.292969,ts 930321744368712,cnt 57010,flag 33500
04-11 12:51:46.549 I/sensors-hal( 2113): handle_oplus_wise_rgb_event:161, wise_rgb: (57011)(cct, lux, ir)[6516.08, 199.21, 42.981495] (r, g, b, c)[8915.50, 6042.34, 3896.16, 17383.30]                 (pwm, hbm, brl, algo)[0.0 0.0 1361.0 2.0], flag 99036
04-11 12:51:46.624 D/IHansComunication(16527): HANS sendMessageToKernel: threadId = 511992380480, netLinkSetup = 1, type = FROZEN_TRANS, targetUid = 10515, pkgCmd = PKG_CMD_MAX
04-11 12:51:46.659 D/QmiClient( 2727): qmiServiceEventCallback recv msg id 1099
04-11 12:51:46.659 D/QmiClient( 2727): enter -mServiceType 4 onQmiServiceEventCallback msgId 1099
04-11 12:51:46.660 D/QmiClient( 2727): onQmiServiceEventCallback - enter. msgId=1099
04-11 12:51:46.660 D/QmiVsClientEvent( 2727): QosPeriodReportInd MSG IND data_len 2052
04-11 12:51:46.660 D/QmiVsClientEvent( 2727): qmiVsClientNotifyQosPeriodReportIndEvent - RADIO_EVENT_QOS_PERIOD_REPORT_NOTIFY_IND
04-11 12:51:46.660 D/QmiClient( 3438): qmiServiceEventCallback recv msg id 1099
04-11 12:51:46.660 D/QmiClient( 3438): enter -mServiceType 4 onQmiServiceEventCallback msgId 1099
04-11 12:51:46.660 D/QmiClient( 3438): onQmiServiceEventCallback - enter. msgId=1099
04-11 12:51:46.660 D/QmiVsClientEvent( 3438): QosPeriodReportInd MSG IND data_len 2052
04-11 12:51:46.660 D/QmiVsClientEvent( 3438): qmiVsClientNotifyQosPeriodReportIndEvent - RADIO_EVENT_QOS_PERIOD_REPORT_NOTIFY_IND
04-11 12:51:46.660 D/VsProxy ( 2727): handleMessage msg is 2420
04-11 12:51:46.660 D/VsProxy ( 2727): handleQosPeriodReportInd for instance 0 data_len 145
04-11 12:51:46.660 D/VsProxy ( 3438): handleMessage msg is 2420
04-11 12:51:46.660 D/VsProxy ( 3438): handleQosPeriodReportInd for instance 1 data_len 206
04-11 12:51:46.661 D/SubsysRadioIndication[0](14034): radioQosPeriodReportInd result [8, -103, -19, -91, -49, 14, 34, 12, 8, -84, -69, -57, -50, 14, 16, 4, 24, 1, 32, 3, 58, 61, 8, -51, -31, -91, -49, 14, 16, 5, 24, -64, -92, 38, 32, -22, 6, 40, -98, -1, -1, -1, -1, -1, -1, -1, -1, 1, 48, -11, -1, -1, -1, -1, -1, -1, -1, -1, 1, 56, 5, 64, -98, -1, -1, -1, -1, -1, -1, -1, -1, 1, 72, -98, -1, -1, -1, -1, -1, -1, -1, -1, 1, 66, 29, 8, -57, -20, -92, -50, 14, 16, 5, 34, 19, 8, -64, -92, 38, 16, -22, 6, 24, 78, 32, 13, 40, -117, -32, -94, -93, 2, 48, 2, 90, 0, 98, 10, 8, -41, -26, -92, -50, 14, 16, 3, 24, 5, 122, 15, 8, -8, -24, -92, -50, 14, 16, -52, 2, 24, -21, 1, 32, -90, 9]
04-11 12:51:46.661 D/SubsysRadioIndication[1](14034): radioQosPeriodReportInd result [8, -103, -19, -91, -49, 14, 18, 15, 8, -12, -21, -91, -49, 14, 16, 4, 32, -80, 1, 40, 4, 72, 1, 26, 13, 8, -41, -20, -91, -49, 14, 16, 12, 40, 10, 56, -101, 5, 34, 12, 8, -84, -69, -57, -50, 14, 16, 4, 24, 1, 32, 3, 58, 83, 8, -46, -20, -91, -49, 14, 16, 5, 24, -98, -23, 30, 32, -54, 1, 40, -92, -1, -1, -1, -1, -1, -1, -1, -1, 1, 48, -12, -1, -1, -1, -1, -1, -1, -1, -1, 1, 56, 3, 64, -92, -1, -1, -1, -1, -1, -1, -1, -1, 1, 72, -94, -1, -1, -1, -1, -1, -1, -1, -1, 1, 80, -93, -1, -1, -1, -1, -1, -1, -1, -1, 1, 88, -95, -1, -1, -1, -1, -1, -1, -1, -1, 1, 66, 31, 8, -101, -22, -108, -49, 14, 16, 5, 24, 2, 34, 19, 8, -98, -23, 30, 16, -54, 1, 24, 41, 32, 13, 40, -126, -128, -52, -67, 21, 48, 2, 90, 0, 98, 10, 8, -85, -54, -73, -50, 14, 16, 3, 24, 5, 122, 20, 8, -59, -28, -91, -49, 14, 16, -1, -1, 1, 24, -1, -1, 1, 32, -1, -1, -1, -1, 15]
04-11 12:51:46.661 D/NetworkService[0](14034): handleMessage what:1005
04-11 12:51:46.661 D/RadioAtomTracker(14034): parseQosPeriodData ModemQos:CellularQosInfo2{5G, 627264/874, EndcState=0, Band=78, DLBW=13, Rsrp=-98, Rsrq=-11, Snr=5, SvcStatus=3, ULPDCPNumDataPdu=-1, ULPDCPNumDropPdu=-1, ULPDCPTput=-1, ULRLCNumDataPdu=-1, ULRLCNumRetxPdu=-1, ULGrant=-1, ULBSR=-1, ULBler=-1, DLPDCPNumDataPdu=-1, DLPDCPTput=-1, DLRLCNumDataPdu=-1, DLRLCNumRetxPdu=-1, DLRLCNumDropPdu=-1, DLMACPaddingBytes=-1, DLPdcpNumMissToUppPdu=-1, DLBler=-1, RlfCount=0, CellChangeCount=0, IsRedirectionOccur=0, IsDualSimConflict=0, Latency=0, Sub1RrcState=1, Sub2RrcState=3, RachCount=0, CalcPower=332, Mtpl=235, PathLoss=1190, CellLoad=0}
04-11 12:51:46.661 D/NetworkService[0](14034): EVENT_REG_QOS_PERIOD_REPORT_IND_CHANGED ENTER
04-11 12:51:46.661 D/NetworkService[1](14034): handleMessage what:1005
04-11 12:51:46.661 D/RadioAtomTracker(14034): parseQosPeriodData ModemQos:CellularQosInfo1{5G, 504990/202, EndcState=2, Band=41, DLBW=13, Rsrp=-92, Rsrq=-12, Snr=3, SvcStatus=3, ULPDCPNumDataPdu=4, ULPDCPNumDropPdu=0, ULPDCPTput=176, ULRLCNumDataPdu=4, ULRLCNumRetxPdu=0, ULGrant=0, ULBSR=0, ULBler=1, DLPDCPNumDataPdu=10, DLPDCPTput=667, DLRLCNumDataPdu=12, DLRLCNumRetxPdu=0, DLRLCNumDropPdu=0, DLMACPaddingBytes=0, DLPdcpNumMissToUppPdu=0, DLBler=0, RlfCount=0, CellChangeCount=0, IsRedirectionOccur=0, IsDualSimConflict=0, Latency=9, Sub1RrcState=1, Sub2RrcState=3, RachCount=0, CalcPower=32767, Mtpl=32767, PathLoss=-1, CellLoad=0}
04-11 12:51:46.661 D/NetworkService[1](14034): EVENT_REG_QOS_PERIOD_REPORT_IND_CHANGED ENTER
04-11 12:51:46.661 D/AtomModemKpiInfo(14034): handleMessage what:1001
04-11 12:51:46.661 D/AtomModemKpiInfo(14034): analyseQosInfo success
04-11 12:51:46.704 I/SDM     ( 2181): DisplayBuiltIn::IdlePowerCollapse: IPC received, disabling partial update for one frame
04-11 12:51:46.710 E/CwbService( 2181): Panel not support apl read or getDisplayPanelAplValue timeout 10ms.
04-11 12:51:46.710 D/SensorFeature( 2258): name=ssc_screenshot_info ,index = 22
04-11 12:51:46.710 D/SensorFeature( 2258): write 39 bytes:930322057972455,930322112125267,33501,0
04-11 12:51:46.719 V/AlarmManager( 3590): sending alarm Alarm{c458454 type 1 origWhen 1775883106719 whenElapsed 930322133 android} uid 1000 whenElapsed 930322133 windowLength 0 maxWhenElapsed 930322133 repeatInterval 0 action null component null tag StorgaeBandInfoAlarmTag flags 0x9 procName system_server
04-11 12:51:46.720 E/OplusStorageUFSBandwidth( 3590): storage_io_metrics_path is /proc/oplus_storage/io_metrics/forever/
04-11 12:51:46.721 E/OplusStorageUFSBandwidth( 3590): Bandwidth - Read: 0.50 MB/s, Write: 1.00 MB/s
04-11 12:51:46.721 E/OplusStorageUFSBandwidth( 3590): Task time: 1ms
04-11 12:51:46.723 E/OplusStorageUFSBandwidth( 3590): Alarm set to trigger in 10 seconds
04-11 12:51:46.815 D/FusionLightNextGen( 3590): process end reported = 1, mode: 0, cnt: 402345, lux 129.1, cct 7377.4, r/g/b/c: 8908.0/6046.7/3911.6/17399.6, R/G/B: 167.0/161.0/146.0, bri 1361.0, match 1.00, ir 0.052782, conf 5.0, ts 930322099479129
04-11 12:51:46.816 I/sensors-hal( 2113): handle_oplus_wise_rgb_event:161, wise_rgb: (57016)(cct, lux, ir)[6496.77, 199.89, 41.966492] (r, g, b, c)[8908.02, 6046.74, 3911.62, 17399.62]                 (pwm, hbm, brl, algo)[0.0 0.0 1361.0 2.0], flag 99037
04-11 12:51:46.873 D/BatteryChargeControl( 2280): bcc get no support from charging protocol
04-11 12:51:46.878 D/WM-DelayedWorkTracker(22644): Scheduling work 007dba8a-d283-4a2a-98a3-0f2000bb3e90
04-11 12:51:46.878 D/WM-GreedyScheduler(22644): Starting tracking for 007dba8a-d283-4a2a-98a3-0f2000bb3e90
04-11 12:51:46.879 D/WM-ConstraintTracker(22644): c: initial state = true
04-11 12:51:46.879 D/WM-BrdcstRcvrCnstrntTrc(22644): c: registering receiver
04-11 12:51:46.881 D/WM-GreedyScheduler(22644): Constraints met: Scheduling work ID WorkGenerationalId(workSpecId=007dba8a-d283-4a2a-98a3-0f2000bb3e90, generation=0)
04-11 12:51:46.882 D/WM-Processor(22644): s: processing WorkGenerationalId(workSpecId=007dba8a-d283-4a2a-98a3-0f2000bb3e90, generation=0)
04-11 12:51:46.883 D/WM-WorkerWrapper(22644): Starting work for com.oplus.oss.bussiness.localapp.work.LocalAppOneTimeWorker
04-11 12:51:46.884 I/DMP-AppInitializer(22644): isAppAvailable for work, caller: null
04-11 12:51:46.884 I/DMP-OFreezeProtectWorker(22644): takeProtectionFromFrozen, no need to protect
04-11 12:51:46.884 I/DMP-AbstractWorker(22644): parseData, resource: localApp, method1:onReceive, work: completeKeywordIndexWork, extras: Bundle[{action=android.intent.action.PACKAGE_REPLACED, package=com.binance.monitor}], initIndexCount:5000
04-11 12:51:46.884 I/DMP-AbstractWorker(22644): doWork started, resource: localApp, method3:onReceive, work:Work{mWorkName=completeKeywordIndexWork, mWorkTerm=long, mReportId=false, mCreate=Create{mIndexStatus=null, mQueryTime=0, mInterval=0, mDeletedDocs=null, mNeedRebuildFlag=0, mIndexCheckFlag=false, mDrop=Drop{mCount=4, mInterval=10000, mDelay=60000}, mHighTemperature=38, mMinPower=null, mScreen=null, mDeletedConditions=null}, mEntry=null, mMoreBatch=MoreBatch{mPowerConsumed=2, mHighTemperatureValue=0, mLowTemperatureValue=0, mPower=[full|charging], mScreen=null, mTemperatureConsumed=0}, mChained=true, mInitialDelay=10, mWorkOneTimeLimit=0}
04-11 12:51:46.886 I/DMP-PowerUtils(22644): getHoraeTemperature:29
04-11 12:51:46.886 I/DMP-AbstractWorker(22644): dispatchWork: completeKeywordIndexWork for [localApp]
04-11 12:51:46.886 I/DMP-SAUWorkConfigManager(22644): sau work config not found
04-11 12:51:46.887 I/DMP-PowerUtils(22644): getHoraeTemperature:29
04-11 12:51:46.887 I/DMP-AbstractWorker(22644): doCompleteKeywordIndex work for [localApp]
04-11 12:51:46.888 I/DMP-AbstractWorker(22644): No data need do complete keyword index for [localApp]
04-11 12:51:46.888 I/DMP-AbstractWorker(22644): setIndexFailCount method:onReceive, count:0, all:onReceive=0,dailyTask=0,rearrange=0
04-11 12:51:46.891 I/DMP-AbstractWorker(22644): doWork finished, resource: localApp, method5:onReceive, work:Work{mWorkName=completeKeywordIndexWork, mWorkTerm=long, mReportId=false, mCreate=Create{mIndexStatus=null, mQueryTime=0, mInterval=0, mDeletedDocs=null, mNeedRebuildFlag=0, mIndexCheckFlag=false, mDrop=Drop{mCount=4, mInterval=10000, mDelay=60000}, mHighTemperature=38, mMinPower=null, mScreen=null, mDeletedConditions=null}, mEntry=null, mMoreBatch=MoreBatch{mPowerConsumed=2, mHighTemperatureValue=0, mLowTemperatureValue=0, mPower=[full|charging], mScreen=null, mTemperatureConsumed=0}, mChained=true, mInitialDelay=10, mWorkOneTimeLimit=0}
04-11 12:51:46.891 I/DMP-IndexEventManager(22644): addEvent:InternalIndexEvent{mEvent=null, mEventTime=null, mEventData=null, mEventDropReason=null, mResource=null, mWork=null, mWorkId=007dba8a-d283-4a2a-98a3-0f2000bb3e90, mWorkTime=1775883106, mCursorSize=null, mResult=0}
04-11 12:51:46.892 I/DMP-IndexEventManager(22644): addInternalEvent:result=0 workId=007dba8a-d283-4a2a-98a3-0f2000bb3e90 workTime=1775883106
04-11 12:51:46.894 I/DMP-IndexEventManager(22644): addInternalEvent update:0
04-11 12:51:46.894 I/DMP-IndexEventManager(22644): addInternalEvent insert:48295
04-11 12:51:46.894 I/DMP-FrozenHelper(22644): deleteKeepRequest, no more quest
04-11 12:51:46.895 I/WM-WorkerWrapper(22644): Worker result SUCCESS for Work [ id=007dba8a-d283-4a2a-98a3-0f2000bb3e90, tags={ com.oplus.oss.bussiness.localapp.work.LocalAppOneTimeWorker,localApp_onReceive__OneTimeWork,completeKeywordIndexWork } ]
04-11 12:51:46.895 D/WM-Processor(22644): s 007dba8a-d283-4a2a-98a3-0f2000bb3e90 executed; reschedule = false
04-11 12:51:46.895 D/WM-GreedyScheduler(22644): Stopping tracking for WorkGenerationalId(workSpecId=007dba8a-d283-4a2a-98a3-0f2000bb3e90, generation=0)
04-11 12:51:46.901 D/WM-GreedyScheduler(22644): Cancelling work ID 007dba8a-d283-4a2a-98a3-0f2000bb3e90
04-11 12:51:46.902 D/WM-BrdcstRcvrCnstrntTrc(22644): c: unregistering receiver
04-11 12:51:46.908 W/PackageManager( 3590): package com.oplus.dmp uid 10137 pid 22644 call SetEnabledSetting(com.oplus.dmp component = androidx.work.impl.background.systemalarm.RescheduleReceiver, 2, 0)
04-11 12:51:46.909 I/Finsky  (17276): [2] acgh.onStartJob(128): SCH: job service start with id 9695.
04-11 12:51:46.909 D/WM-PackageManagerHelper(22644): androidx.work.impl.background.systemalarm.RescheduleReceiver disabled
04-11 12:51:46.913 I/Finsky  (17276): [849] kzh.a(256): SCH: Satisfied jobs for 9695 are: 12-1
04-11 12:51:46.914 I/Finsky  (17276): [866] zmh.accept(450): SCH: Job 12-1 starting
04-11 12:51:46.914 I/Finsky  (17276): [2] ContentSyncJob.h(14): [ContentSync] job started
04-11 12:51:46.938 W/ServiceManagerCppClient( 4482): Waited one second for SystemClearService (is service started? Number of threads started in the threadpool: 16. Are binder threads started and available?)
04-11 12:51:46.938 W/ServiceManagerCppClient( 4482): Waited one second for SystemClearService (is service started? Number of threads started in the threadpool: 16. Are binder threads started and available?)
04-11 12:51:46.940 W/libc    ( 1254): Unable to set property "ctl.interface_start" to "aidl/SystemClearService": PROP_ERROR_HANDLE_CONTROL_MESSAGE (0x20)
04-11 12:51:46.940 W/libc    ( 1254): Unable to set property "ctl.interface_start" to "aidl/SystemClearService": PROP_ERROR_HANDLE_CONTROL_MESSAGE (0x20)
04-11 12:51:46.978 I/Finsky  (17276): [867] lgm.f(41): Completed 0 account content syncs with 0 successful.
04-11 12:51:46.978 I/Finsky  (17276): [2] ContentSyncJob.a(14): [ContentSync] Installation state replication succeeded.
04-11 12:51:46.978 I/Finsky  (17276): [2] acem.r(83): SCH: jobFinished: 12-1. TimeElapsed: 64ms.
04-11 12:51:46.981 I/Finsky  (17276): [734] pis.accept(67): SCH: Scheduling phonesky job Id: 1-1337, CT: 1775840548968, Constraints: [{ L: 43155435, D: 86355435, C: 1, I: 1, N: 1 }]
04-11 12:51:46.981 I/Finsky  (17276): [734] pis.accept(67): SCH: Scheduling phonesky job Id: 34-17, CT: 1775807149623, Constraints: [{ L: 79199893, D: 1375199893, C: 1, I: 1, N: 1 }]
04-11 12:51:46.981 I/Finsky  (17276): [734] pis.accept(67): SCH: Scheduling phonesky job Id: 34-19, CT: 1775807150729, Constraints: [{ L: 604800000, D: 2591998905, C: 1, I: 1, N: 1 }]
04-11 12:51:46.982 I/Finsky  (17276): [731] jyn.apply(28): SCH: Scheduling 1 system job(s)
04-11 12:51:46.982 I/Finsky  (17276): [731] aceh.d(88): SCH: Scheduling system job Id: 9700, L: 597421, D: 43797421, C: false, I: false, N: 1
04-11 12:51:46.983 I/Finsky  (17276): [866] acgh.a(26): SCH: job service finished with id 9695.
04-11 12:51:46.985 I/Finsky  (17276): [2] voq.onTrimMemory(13): Memory trim requested to level 40
04-11 12:51:46.985 I/Finsky  (17276): [2] vop.accept(93): Flushing in-memory image cache
04-11 12:51:46.985 I/Finsky:background(17409): [2] voq.onTrimMemory(13): Memory trim requested to level 40
04-11 12:51:47.012 D/SensorFeature( 2258): name=ssc_screenshot_info ,index = 22
04-11 12:51:47.012 D/SensorFeature( 2258): write 39 bytes:930322057972455,930322425335528,33502,0
04-11 12:51:47.054 D/QmiClient( 3438): qmiServiceEventCallback recv msg id 47
04-11 12:51:47.054 D/QmiClient( 3438): enter -mServiceType 10 onQmiServiceEventCallback msgId 47
04-11 12:51:47.054 D/QmiClient( 3438): onQmiServiceEventCallback - enter. msgId=47
04-11 12:51:47.055 D/OttProxy( 3438): handleMessage msg is 3001
04-11 12:51:47.056 D/SubsysRadioIndication[1](14034): radioLinkLatencyInfoInd
04-11 12:51:47.056 D/SubsysRadioIndication[1](14034): notify enter
04-11 12:51:47.056 D/NetworkService[1](14034): handleMessage what:1008
04-11 12:51:47.056 D/NetworkService[1](14034): EVENT_REG_LINK_LATENCY_INFO_CHANGE ulLatency:9514
04-11 12:51:47.084 I/sensors-hal( 2113): handle_oplus_wise_rgb_event:189, high_pwm_light:lux 197.9,cct 6496.2,brl/algo/ir 1361.0/2.0/42.4,pwm/dc 0.0/0.0,rgbc 8850.710938/5998.352051/3854.222900/17299.378906,ts 930322398891004,cnt 57020,flag 33502
04-11 12:51:47.084 I/sensors-hal( 2113): handle_oplus_wise_rgb_event:161, wise_rgb: (57021)(cct, lux, ir)[6496.19, 197.89, 42.407051] (r, g, b, c)[8840.74, 5996.15, 3858.64, 17308.70]                 (pwm, hbm, brl, algo)[0.0 0.0 1361.0 2.0], flag 99038
04-11 12:51:47.116 I/ChainTrace(15451): stream type=heartbeat gapMs=930 refreshMarket=false
04-11 12:51:47.298 I/SmartDataSwitchStateManager(13839): handle message:7
04-11 12:51:47.299 I/SmartDataSwitchSM(13839): [DisableState]Handle msg: 2
04-11 12:51:47.299 I/SmartDataSwitchSM(13839): [DisableState]handle state change, reason:DataScoreLow
04-11 12:51:47.302 I/SDM     ( 2181): DisplayBuiltIn::IdlePowerCollapse: IPC received, disabling partial update for one frame
04-11 12:51:47.314 D/SensorFeature( 2258): name=ssc_screenshot_info ,index = 22
04-11 12:51:47.314 D/SensorFeature( 2258): write 39 bytes:930322057972455,930322726903705,33503,0
04-11 12:51:47.347 I/sensors-hal( 2113): handle_oplus_wise_rgb_event:161, wise_rgb: (57026)(cct, lux, ir)[6534.73, 198.61, 42.102417] (r, g, b, c)[8870.64, 6018.15, 3880.71, 17343.67]                 (pwm, hbm, brl, algo)[0.0 0.0 1361.0 2.0], flag 99039
04-11 12:51:47.350 I/SDM     ( 2181): DisplayBuiltIn::IdlePowerCollapse: IPC received, disabling partial update for one frame
04-11 12:51:47.406 D/CommonApp-264-10512(14034): transport layer data is invalid
04-11 12:51:47.407 D/CommonApp-255-10512(14034): commonScoreStrategy scenarios low package
04-11 12:51:47.407 D/ScorePolicy(14034): handleScoreChanged: []
04-11 12:51:47.407 D/ScorePolicy(14034): handleScoreChanged: []
04-11 12:51:47.407 D/ScorePolicy(14034): handleScoreChanged: []
04-11 12:51:47.437 I/SDM     ( 2181): DisplayBuiltIn::IdlePowerCollapse: IPC received, disabling partial update for one frame
04-11 12:51:47.657 I/SDM     ( 2181): DisplayBuiltIn::IdlePowerCollapse: IPC received, disabling partial update for one frame
04-11 12:51:47.666 E/CwbService( 2181): Panel not support apl read or getDisplayPanelAplValue timeout 10ms.
04-11 12:51:47.666 D/SensorFeature( 2258): name=ssc_screenshot_info ,index = 22
04-11 12:51:47.667 D/SensorFeature( 2258): write 39 bytes:930323013312559,930323067665528,33504,0
04-11 12:51:47.670 I/AICCTModule( 3590): SensorFilter: brightness threshold 1.2 screenNit is 95.362 ave enviroment lux is 129.12267 luxForNit 90.29779demarcationPoint200.0 result is false
04-11 12:51:47.670 I/AICCTModule( 3590): SensorFilter: findSecondNearestValue, sensorValue: 7238.54 nearestMaxValue:7274.386 secondNearestValue: 7274.386
04-11 12:51:47.670 I/AICCTModule( 3590): SensorFilter: findSecondNearestValue, sensorValue: 131.44394 nearestMaxValue:129.17085 secondNearestValue: 129.17085
04-11 12:51:47.696 D/QmiClient( 3438): qmiServiceEventCallback recv msg id 1099
04-11 12:51:47.696 D/QmiClient( 3438): enter -mServiceType 4 onQmiServiceEventCallback msgId 1099
04-11 12:51:47.696 D/QmiClient( 3438): onQmiServiceEventCallback - enter. msgId=1099
04-11 12:51:47.696 D/QmiVsClientEvent( 3438): QosPeriodReportInd MSG IND data_len 2052
04-11 12:51:47.696 D/QmiVsClientEvent( 3438): qmiVsClientNotifyQosPeriodReportIndEvent - RADIO_EVENT_QOS_PERIOD_REPORT_NOTIFY_IND
04-11 12:51:47.696 D/VsProxy ( 3438): handleMessage msg is 2420
04-11 12:51:47.696 D/QmiClient( 2727): qmiServiceEventCallback recv msg id 1099
04-11 12:51:47.696 D/QmiClient( 2727): enter -mServiceType 4 onQmiServiceEventCallback msgId 1099
04-11 12:51:47.696 D/QmiClient( 2727): onQmiServiceEventCallback - enter. msgId=1099
04-11 12:51:47.696 D/VsProxy ( 3438): handleQosPeriodReportInd for instance 1 data_len 202
04-11 12:51:47.696 D/QmiVsClientEvent( 2727): QosPeriodReportInd MSG IND data_len 2052
04-11 12:51:47.696 D/QmiVsClientEvent( 2727): qmiVsClientNotifyQosPeriodReportIndEvent - RADIO_EVENT_QOS_PERIOD_REPORT_NOTIFY_IND
04-11 12:51:47.697 D/VsProxy ( 2727): handleMessage msg is 2420
04-11 12:51:47.697 D/VsProxy ( 2727): handleQosPeriodReportInd for instance 0 data_len 145
04-11 12:51:47.697 D/SubsysRadioIndication[1](14034): radioQosPeriodReportInd result [8, -92, -11, -91, -49, 14, 18, 16, 8, -108, -12, -91, -49, 14, 16, 8, 32, -124, 3, 40, 8, 56, -92, 1, 26, 13, 8, -26, -13, -91, -49, 14, 16, 2, 40, 2, 56, -40, 1, 34, 12, 8, -84, -69, -57, -50, 14, 16, 4, 24, 1, 32, 3, 58, 83, 8, -91, -14, -91, -49, 14, 16, 5, 24, -98, -23, 30, 32, -54, 1, 40, -92, -1, -1, -1, -1, -1, -1, -1, -1, 1, 48, -12, -1, -1, -1, -1, -1, -1, -1, -1, 1, 56, 3, 64, -92, -1, -1, -1, -1, -1, -1, -1, -1, 1, 72, -96, -1, -1, -1, -1, -1, -1, -1, -1, 1, 80, -92, -1, -1, -1, -1, -1, -1, -1, -1, 1, 88, -94, -1, -1, -1, -1, -1, -1, -1, -1, 1, 66, 31, 8, -101, -22, -108, -49, 14, 16, 5, 24, 2, 34, 19, 8, -98, -23, 30, 16, -54, 1, 24, 41, 32, 13, 40, -126, -128, -52, -67, 21, 48, 2, 90, 0, 98, 10, 8, -85, -54, -73, -50, 14, 16, 3, 24, 5, 122, 15, 8, -65, -15, -91, -49, 14, 16, -23, 1, 24, -11, 1, 32, -32, 8]
04-11 12:51:47.697 D/SubsysRadioIndication[0](14034): radioQosPeriodReportInd result [8, -92, -11, -91, -49, 14, 34, 12, 8, -84, -69, -57, -50, 14, 16, 4, 24, 1, 32, 3, 58, 61, 8, -51, -31, -91, -49, 14, 16, 5, 24, -64, -92, 38, 32, -22, 6, 40, -98, -1, -1, -1, -1, -1, -1, -1, -1, 1, 48, -11, -1, -1, -1, -1, -1, -1, -1, -1, 1, 56, 5, 64, -98, -1, -1, -1, -1, -1, -1, -1, -1, 1, 72, -98, -1, -1, -1, -1, -1, -1, -1, -1, 1, 66, 29, 8, -57, -20, -92, -50, 14, 16, 5, 34, 19, 8, -64, -92, 38, 16, -22, 6, 24, 78, 32, 13, 40, -117, -32, -94, -93, 2, 48, 2, 90, 0, 98, 10, 8, -41, -26, -92, -50, 14, 16, 3, 24, 5, 122, 15, 8, -8, -24, -92, -50, 14, 16, -52, 2, 24, -21, 1, 32, -90, 9]
04-11 12:51:47.698 D/NetworkService[1](14034): handleMessage what:1005
04-11 12:51:47.698 D/RadioAtomTracker(14034): parseQosPeriodData ModemQos:CellularQosInfo1{5G, 504990/202, EndcState=2, Band=41, DLBW=13, Rsrp=-92, Rsrq=-12, Snr=3, SvcStatus=3, ULPDCPNumDataPdu=8, ULPDCPNumDropPdu=0, ULPDCPTput=388, ULRLCNumDataPdu=8, ULRLCNumRetxPdu=0, ULGrant=164, ULBSR=0, ULBler=0, DLPDCPNumDataPdu=2, DLPDCPTput=216, DLRLCNumDataPdu=2, DLRLCNumRetxPdu=0, DLRLCNumDropPdu=0, DLMACPaddingBytes=0, DLPdcpNumMissToUppPdu=0, DLBler=0, RlfCount=0, CellChangeCount=0, IsRedirectionOccur=0, IsDualSimConflict=0, Latency=9, Sub1RrcState=1, Sub2RrcState=3, RachCount=0, CalcPower=233, Mtpl=245, PathLoss=1120, CellLoad=0}
04-11 12:51:47.698 D/NetworkService[1](14034): EVENT_REG_QOS_PERIOD_REPORT_IND_CHANGED ENTER
04-11 12:51:47.698 D/NetworkService[0](14034): handleMessage what:1005
04-11 12:51:47.698 D/RadioAtomTracker(14034): parseQosPeriodData ModemQos:CellularQosInfo2{5G, 627264/874, EndcState=0, Band=78, DLBW=13, Rsrp=-98, Rsrq=-11, Snr=5, SvcStatus=3, ULPDCPNumDataPdu=-1, ULPDCPNumDropPdu=-1, ULPDCPTput=-1, ULRLCNumDataPdu=-1, ULRLCNumRetxPdu=-1, ULGrant=-1, ULBSR=-1, ULBler=-1, DLPDCPNumDataPdu=-1, DLPDCPTput=-1, DLRLCNumDataPdu=-1, DLRLCNumRetxPdu=-1, DLRLCNumDropPdu=-1, DLMACPaddingBytes=-1, DLPdcpNumMissToUppPdu=-1, DLBler=-1, RlfCount=0, CellChangeCount=0, IsRedirectionOccur=0, IsDualSimConflict=0, Latency=0, Sub1RrcState=1, Sub2RrcState=3, RachCount=0, CalcPower=332, Mtpl=235, PathLoss=1190, CellLoad=0}
04-11 12:51:47.698 D/NetworkService[0](14034): EVENT_REG_QOS_PERIOD_REPORT_IND_CHANGED ENTER
04-11 12:51:47.698 D/AtomModemKpiInfo(14034): handleMessage what:1001
04-11 12:51:47.698 D/AtomModemKpiInfo(14034): analyseQosInfo success
04-11 12:51:47.875 D/BatteryChargeControl( 2280): bcc get no support from charging protocol
04-11 12:51:47.881 I/sensors-hal( 2113): handle_oplus_wise_rgb_event:189, high_pwm_light:lux 197.9,cct 6458.9,brl/algo/ir 1361.0/2.0/42.3,pwm/dc 0.0/0.0,rgbc 8830.776367/5982.954102/3843.185547/17257.417969,ts 930323054934337,cnt 57030,flag 33504
04-11 12:51:47.881 I/sensors-hal( 2113): handle_oplus_wise_rgb_event:161, wise_rgb: (57031)(cct, lux, ir)[6458.89, 197.94, 42.269394] (r, g, b, c)[8840.74, 5993.95, 3849.81, 17245.76]                 (pwm, hbm, brl, algo)[0.0 0.0 1361.0 2.0], flag 33504
04-11 12:51:47.912 I/AppsFilter( 3590): interaction: PackageSetting{520312a com.android.microdroid.empty_payload/10286} -> PackageSetting{9b73bbd com.oplus.dmp/10137} BLOCKED
04-11 12:51:47.913 I/AppsFilter( 3590): interaction: PackageSetting{b4cd6c4 com.binance.monitor/10512} -> PackageSetting{9b73bbd com.oplus.dmp/10137} BLOCKED
04-11 12:51:47.913 I/AppsFilter( 3590): interaction: PackageSetting{8e835f6 com.oplus.locationproxy/10171} -> PackageSetting{9b73bbd com.oplus.dmp/10137} BLOCKED
04-11 12:51:47.913 I/AppsFilter( 3590): interaction: PackageSetting{d941df7 com.android.certinstaller/10226} -> PackageSetting{9b73bbd com.oplus.dmp/10137} BLOCKED
04-11 12:51:47.913 I/AppsFilter( 3590): interaction: PackageSetting{d3c3464 com.oplus.location/10244} -> PackageSetting{9b73bbd com.oplus.dmp/10137} BLOCKED
04-11 12:51:47.917 D/BootPressureHolder( 3590):  clear delayed queue records for com.oplus.dmp
04-11 12:51:47.920 D/BootPressureHolder( 3590):  clear delayed queue records for com.oplus.dmp
04-11 12:51:47.920 D/BootPressureHolder( 3590):  clear delayed queue records for com.oplus.dmp
04-11 12:51:47.927 I/VibrationEffectConvertor( 3590): onInputMethodListUpdated received, info.size = 3
04-11 12:51:47.927 I/VibrationEffectConvertor( 3590): userid = 0, packageName = com.sohu.inputmethod.sogou
04-11 12:51:47.927 I/VibrationEffectConvertor( 3590): userid = 0, packageName = com.baidu.input_oppo
04-11 12:51:47.927 I/VibrationEffectConvertor( 3590): userid = 0, packageName = com.oplus.securitykeyboard
04-11 12:51:47.927 I/sensors-hal( 2113): handle_sns_std_sensor_event:114, oplus rgb_rear sample: (cct, lux, ir, x, y)[9235, 29, 257, 267, 333]
04-11 12:51:47.927 I/sensors-hal( 2113): handle_sns_std_sensor_event:116, oplus rgb_rear sample: (r, g, b, c w)[1167, 2317, 451, 596, 0]
04-11 12:51:47.936 V/AccessibilityManagerService( 3590): onUserStateChangedLocked for user 0 with forceUpdate: false mEnabledServices = [] mCrashedServices = [] hasMagnificationConnection=false
04-11 12:51:47.936 W/MagnificationConnectionManager( 3590): requestConnection duplicated request: connect=false, mConnectionState=DISCONNECTED
04-11 12:51:47.938 I/OplusBinderProxy( 3590): pb uid: 10515 pid: 21078 desc: android.view.accessibility.IAccessibilityManagerClient/4
04-11 12:51:47.939 W/ServiceManagerCppClient( 4482): Waited one second for SystemClearService (is service started? Number of threads started in the threadpool: 16. Are binder threads started and available?)
04-11 12:51:47.939 W/ServiceManagerCppClient( 4482): Waited one second for SystemClearService (is service started? Number of threads started in the threadpool: 16. Are binder threads started and available?)
04-11 12:51:47.941 W/libc    ( 1254): Unable to set property "ctl.interface_start" to "aidl/SystemClearService": PROP_ERROR_HANDLE_CONTROL_MESSAGE (0x20)
04-11 12:51:47.941 W/libc    ( 1254): Unable to set property "ctl.interface_start" to "aidl/SystemClearService": PROP_ERROR_HANDLE_CONTROL_MESSAGE (0x20)
04-11 12:51:47.942 W/Searchables( 3590): No web search activity found
04-11 12:51:47.943 W/VoiceInteractionManager( 3590): no available voice recognition services found for user 0
04-11 12:51:47.970 D/SensorFeature( 2258): name=ssc_screenshot_info ,index = 22
04-11 12:51:47.970 D/SensorFeature( 2258): write 39 bytes:930323013312559,930323382931882,33505,0
04-11 12:51:47.995 D/NotificationService--OplusNotificationFixHelper( 3590): fixAppIcon: pkg=com.v2ray.ang
04-11 12:51:47.995 D/NotificationService--OplusNotificationFixHelper( 3590): fixAppIcon: appIcon = null, pkg = com.v2ray.ang
04-11 12:51:47.995 D/NotificationService--NotificationRecord( 3590): isSupportRearLight , isRearLight = false mLedRM = false isMultilLed = false
04-11 12:51:47.996 I/OplusStatusBarManagerServiceEnhance( 3590):  getTopIsFullscreen mTopIsFullscreen: false
04-11 12:51:47.996 W/ActivityManager( 3590): Permission Denial: getTopApplicationInfo from pid=18198, uid=10397 requires oplus.permission.OPLUS_COMPONENT_SAFE
04-11 12:51:47.996 E/OplusNotificationCenter( 3590): getForegroundApplication exception
04-11 12:51:47.997 D/NotificationService--OplusNotificationManagerServiceExtImpl( 3590): isForwardToAssistants: true, case : Is local notification
04-11 12:51:47.997 D/NotificationService( 3590): This application enqueue notifications is need postDelayed mcsAssistantDelayTime: 50
04-11 12:51:48.021 D/QmiClient( 3438): qmiServiceEventCallback recv msg id 47
04-11 12:51:48.021 D/QmiClient( 3438): enter -mServiceType 10 onQmiServiceEventCallback msgId 47
04-11 12:51:48.021 D/QmiClient( 3438): onQmiServiceEventCallback - enter. msgId=47
04-11 12:51:48.022 D/OttProxy( 3438): handleMessage msg is 3001
04-11 12:51:48.022 D/SubsysRadioIndication[1](14034): radioLinkLatencyInfoInd
04-11 12:51:48.022 D/SubsysRadioIndication[1](14034): notify enter
04-11 12:51:48.023 D/NetworkService[1](14034): handleMessage what:1008
04-11 12:51:48.023 D/NetworkService[1](14034): EVENT_REG_LINK_LATENCY_INFO_CHANGE ulLatency:10216
04-11 12:51:48.060 I/SystemUi--Notification( 8338): OplusLiveAlertNotificationsRepository-->onRankingApplied
04-11 12:51:48.066 I/PluginSeedling--Track( 8338): RequestHandler-->notificationUpdated 0|com.v2ray.ang|1|null|10397 postTime: 1775883107995
04-11 12:51:48.067 E/LockScreenNotificationDispatcherImp( 8338): updateNotificationListOnKg size:0
04-11 12:51:48.072 W/SystemUi--Notification( 8338): OplusNotificationGroupExtImpl-->setChildrenExpanded: groupHeader is null
04-11 12:51:48.073 I/SystemUi--Notification( 8338): LockScreenNotificationDispatcherImp-->updateNotificationListOnKg resultCode: 0
04-11 12:51:48.078 I/OplusTouchDaemon( 3289): ts_run_service: shellback temperature updated 29 (29432)
04-11 12:51:48.098 D/LocalImageResolver( 8338): Couldn't use ImageDecoder for drawable, falling back to non-resized load.
04-11 12:51:48.100 D/OplusNotificationDateTimeView( 8338): setTime mSettingTimeMillis 1775883107992, mSettingLocalDateTime 2026-04-11T12:51:00.992
04-11 12:51:48.109 D/LocalImageResolver( 8338): Couldn't use ImageDecoder for drawable, falling back to non-resized load.
04-11 12:51:48.112 D/OplusNotificationDateTimeView( 8338): setTime mSettingTimeMillis 1775883107992, mSettingLocalDateTime 2026-04-11T12:51:00.992
04-11 12:51:48.117 D/LocalImageResolver( 8338): Couldn't use ImageDecoder for drawable, falling back to non-resized load.
04-11 12:51:48.118 D/OplusNotificationDateTimeView( 8338): setTime mSettingTimeMillis 1775883107992, mSettingLocalDateTime 2026-04-11T12:51:00.992
04-11 12:51:48.124 I/SystemUi--Notification( 8338): OplusNotificationTempla-->resolveContentMargin: marginTop=112 isChildInGroup=false hasSubtitle=true params.topMargin=112
04-11 12:51:48.127 W/SystemUi--Notification( 8338): OplusNotificationGroupExtImpl-->setChildrenExpanded: groupHeader is null
04-11 12:51:48.127 E/LockScreenNotificationDispatcherImp( 8338): updateNotificationListOnKg size:0
04-11 12:51:48.132 W/SystemUi--Notification( 8338): OplusNotificationGroupExtImpl-->setChildrenExpanded: groupHeader is null
04-11 12:51:48.132 I/SystemUi--Notification( 8338): LockScreenNotificationDispatcherImp-->updateNotificationListOnKg resultCode: 0
04-11 12:51:48.140 D/libc-netbsd(15451): [oplusDnsOpenProxy]: __netdClientDispatch.connect errno = 111
04-11 12:51:48.140 D/DNS_CACHE(15451): oplus_oplus_getaddrinfo_proxy open dns proxy failed, use android flow: 10512
04-11 12:51:48.142 D/libc-netbsd(15451): [oplusDnsOpenProxy]: __netdClientDispatch.connect errno = 111
04-11 12:51:48.147 I/sensors-hal( 2113): handle_oplus_wise_rgb_event:161, wise_rgb: (57036)(cct, lux, ir)[6495.04, 198.03, 42.508091] (r, g, b, c)[8843.24, 6000.55, 3849.81, 17273.73]                 (pwm, hbm, brl, algo)[0.0 0.0 1361.0 2.0], flag 33505
04-11 12:51:48.147 D/FusionLightNextGen( 3590): process end reported = 1, mode: 0, cnt: 402350, lux 128.1, cct 7210.4, r/g/b/c: 8880.6/6020.3/3871.9/17294.7, R/G/B: 167.0/161.0/146.0, bri 1361.0, match 1.00, ir 0.053701, conf 5.0, ts 930323365777306
04-11 12:51:48.148 I/GoLog   (18198): from tcp:127.0.0.1:58984 accepted tcp:43.155.214.62:443 [socks >> proxy]
04-11 12:51:48.175 I/ChainTrace(15451): stream type=heartbeat gapMs=1060 refreshMarket=false
04-11 12:51:48.189 D/gaia-GaiaConnectChecker(13843): start connect check++
04-11 12:51:48.196 W/OPLUS_LOG_LOAD(17904): ==LOGS PROG INFO, prog(com.oplus.camera) ==
04-11 12:51:48.196 I/APS_ALOG(17904): flushRoutine g_immediateFlush=0 g_pendingCount=0 g_oobCount=0
04-11 12:51:48.214 D/ActivityManager( 3590): freezing 27799 com.coloros.alarmclock
04-11 12:51:48.218 D/ActivityManager( 3590): freezing 12677 com.google.android.webview:webview_service
04-11 12:51:48.220 D/ActivityManager( 3590): Freeze process 12677, not check file locks
04-11 12:51:48.220 D/ActivityManager( 3590): freezing 14376 com.android.rkpdapp
04-11 12:51:48.221 D/ActivityManager( 3590): Freeze process 14376, not check file locks
04-11 12:51:48.222 D/ActivityManager( 3590): freezing 16103 com.oplus.aiwriter
04-11 12:51:48.223 D/ActivityManager( 3590): Freeze process 16103, not check file locks
04-11 12:51:48.223 D/ActivityManager( 3590): freezing 17796 com.coloros.ocs.opencapabilityservice:ocs
04-11 12:51:48.224 D/ActivityManager( 3590): Freeze process 17796, not check file locks
04-11 12:51:48.224 D/ActivityManager( 3590): freezing 15448 com.coloros.alarmclock:clockWidget
04-11 12:51:48.225 D/ActivityManager( 3590): Freeze process 15448, not check file locks
04-11 12:51:48.225 D/ActivityManager( 3590): freezing 21483 com.android.cellbroadcastreceiver.module
04-11 12:51:48.226 D/ActivityManager( 3590): Freeze process 21483, not check file locks
04-11 12:51:48.226 D/ActivityManager( 3590): freezing 22292 com.google.android.projection.gearhead:shared
04-11 12:51:48.228 D/ActivityManager( 3590): Freeze process 22292, not check file locks
04-11 12:51:48.228 D/ActivityManager( 3590): freezing 27126 com.android.providers.calendar
04-11 12:51:48.228 D/ActivityManager( 3590): Freeze process 27126, not check file locks
04-11 12:51:48.228 D/ActivityManager( 3590): freezing 27201 com.heytap.htms:kit_hlog
04-11 12:51:48.229 D/ActivityManager( 3590): freezing 10944 com.heytap.htms
04-11 12:51:48.231 D/ActivityManager( 3590): freezing 27289 com.heytap.htms:sysintegrity
04-11 12:51:48.232 D/ActivityManager( 3590): Freeze process 27289, not check file locks
04-11 12:51:48.232 D/ActivityManager( 3590): reportOneUidFrozenStateChanged uid 10265 frozen = true
04-11 12:51:48.232 D/ActivityManager( 3590): reportOneUidFrozenStateChanged uid 10290 frozen = true
04-11 12:51:48.232 D/ActivityManager( 3590): reportOneUidFrozenStateChanged uid 10439 frozen = true
04-11 12:51:48.232 D/ActivityManager( 3590): reportOneUidFrozenStateChanged uid 10177 frozen = true
04-11 12:51:48.232 D/ActivityManager( 3590): reportOneUidFrozenStateChanged uid 10294 frozen = true
04-11 12:51:48.232 D/ActivityManager( 3590): reportOneUidFrozenStateChanged uid 10276 frozen = true
04-11 12:51:48.232 D/ActivityManager( 3590): reportOneUidFrozenStateChanged uid 10264 frozen = true
04-11 12:51:48.232 D/ActivityManager( 3590): reportOneUidFrozenStateChanged uid 10202 frozen = true
04-11 12:51:48.232 D/ActivityManager( 3590): reportOneUidFrozenStateChanged uid 10176 frozen = true
04-11 12:51:48.236 D/InetDiagMessage( 3590): Destroyed 0 sockets, proto=IPPROTO_TCP, family=AF_INET, states=14
04-11 12:51:48.238 D/InetDiagMessage( 3590): Destroyed 0 sockets, proto=IPPROTO_TCP, family=AF_INET6, states=14
04-11 12:51:48.238 D/InetDiagMessage( 3590): Destroyed live tcp sockets for uids={10265} in 6ms
04-11 12:51:48.241 D/InetDiagMessage( 3590): Destroyed 0 sockets, proto=IPPROTO_TCP, family=AF_INET, states=14
04-11 12:51:48.244 D/InetDiagMessage( 3590): Destroyed 0 sockets, proto=IPPROTO_TCP, family=AF_INET6, states=14
04-11 12:51:48.244 D/InetDiagMessage( 3590): Destroyed live tcp sockets for uids={10290} in 6ms
