04-15 16:47:41.220 11607 11607 E InputEventReceiver: channel 'ClientState{b324afc mUid=10518 mPid=25240 mSelfReportedDisplayId=0}' ~ Publisher closed input channel or an error occurred. events=0x9
04-15 16:47:41.221  3590  8838 D SnapshotCache: removeRunningEntry id: 13656, callers=com.android.server.wm.SnapshotCache.onAppDied:101 com.android.server.wm.AbsAppSnapshotController.onAppDied:769 com.android.server.wm.SnapshotController.onAppDied:102 
04-15 16:47:41.221  3590  3795 D DisplayManagerService: Delivering display event: displayId=0, event=EVENT_DISPLAY_REFRESH_RATE_CHANGED
04-15 16:47:41.221  2181  2437 D SDM     : HWDeviceDRM::SetupAtomic: APUIR: m_isswitchfps 0
04-15 16:47:41.221  8730  8730 W System.err: 	at java.lang.Class.getDeclaredField(Native Method)
04-15 16:47:41.221  8730  8730 W System.err: 	at com.oplus.basecommon.util.ReflectUtil.getFieldValue(SourceFile:4)
04-15 16:47:41.221  8730  8730 W System.err: 	at com.oplus.basecommon.util.ReflectUtil.getFieldValue(SourceFile:1)
04-15 16:47:41.221  8730  8730 W System.err: 	at com.oplus.basecommon.util.ReflectUtil.getRefBundle(Unknown Source:0)
04-15 16:47:41.221  8730  8730 W System.err: 	at com.android.systemui.shared.recents.model.ThumbnailData.<init>(SourceFile:31)
04-15 16:47:41.221  8730  8730 W System.err: 	at com.android.systemui.shared.system.TaskStackChangeListeners$Impl.lambda$handleMessage$1(Unknown Source:22)
04-15 16:47:41.221  8730  8730 W System.err: 	at com.android.systemui.shared.system.TaskStackChangeListeners$Impl.b(Unknown Source:0)
04-15 16:47:41.221  8730  8730 W System.err: 	at com.android.systemui.shared.system.l.run(Unknown Source:6)
04-15 16:47:41.221  8730  8730 W System.err: 	at com.android.quickstep.OplusTaskThumbnailCacheImpl.callTaskSnapshotChanged(Unknown Source:62)
04-15 16:47:41.221  8730  8730 W System.err: 	at com.android.systemui.shared.system.TaskStackChangeListeners$Impl.handleMessage(Unknown Source:632)
04-15 16:47:41.221  8730  8730 W System.err: 	at android.os.Handler.dispatchMessage(Handler.java:111)
04-15 16:47:41.221  8730  8730 W System.err: 	at android.os.Looper.loopOnce(Looper.java:302)
04-15 16:47:41.221  8730  8730 W System.err: 	at android.os.Looper.loop(Looper.java:412)
04-15 16:47:41.221  8730  8730 W System.err: 	at com.android.launcher.monitor.exception.MainThreadExceptionMonitor.startWatching$lambda$2(Unknown Source:14)
04-15 16:47:41.221  8730  8730 W System.err: 	at com.android.launcher.monitor.exception.MainThreadExceptionMonitor.a(Unknown Source:0)
04-15 16:47:41.221  8730  8730 W System.err: 	at com.android.launcher.batchdrag.g.run(Unknown Source:92)
04-15 16:47:41.221  8730  8730 W System.err: 	at android.os.Handler.handleCallback(Handler.java:1027)
04-15 16:47:41.221  8730  8730 W System.err: 	at android.os.Handler.dispatchMessage(Handler.java:108)
04-15 16:47:41.221  8730  8730 W System.err: 	at android.os.Looper.loopOnce(Looper.java:302)
04-15 16:47:41.221  8730  8730 W System.err: 	at android.os.Looper.loop(Looper.java:412)
04-15 16:47:41.221  8730  8730 W System.err: 	at android.app.ActivityThread.main(ActivityThread.java:9998)
04-15 16:47:41.221  8730  8730 W System.err: 	at java.lang.reflect.Method.invoke(Native Method)
04-15 16:47:41.221  8730  8730 W System.err: 	at com.android.internal.os.RuntimeInit$MethodAndArgsCaller.run(RuntimeInit.java:613)
04-15 16:47:41.221  8730  8730 W System.err: 	at com.android.internal.os.ZygoteInit.main(ZygoteInit.java:1074)
04-15 16:47:41.222  3590  3590 E OplusGestureAnimationManagerPolicy: mScreenHeight:2780 mScreenWidth:1264 mRotation:0
04-15 16:47:41.222  3590  8838 D QuickBackInputPolicy: hasMultiChildrenInTask: false
04-15 16:47:41.222  3590  8838 D WindowManager: NFW_findFocusedWindowIfNeeded:Window{763c9b2 u0 com.android.launcher/com.android.launcher.Launcher} mCurrentFocus:Window{763c9b2 u0 com.android.launcher/com.android.launcher.Launcher}
04-15 16:47:41.222  3590  8838 D InsetsSourceProvider: updateSourceFrameForServerVisibility mandatorySystemGestures EMPTY_RECT
04-15 16:47:41.222  3590  8838 D InsetsSourceProvider: updateSourceFrameForServerVisibility mandatorySystemGestures EMPTY_RECT
04-15 16:47:41.222  8730  8730 I PantaCard.Lnch.InstantCard:  100335&1000001&1_sid=536877599_rk=ea6994,setAllowCardRefreshable refreshable:false[sdk:v1.3.122-1545084,seed-plugin:v16.1.126-d5777f7c,app:v16.4.22] [OplusLauncher|com.android.launcher|2.0.44-25e9612]
04-15 16:47:41.222  8730  8730 D CardView: 0x1081e1 io.iftech.quickapp.box setRefreshable false , completeRequestLayout false , completeRefresh false 
04-15 16:47:41.222  8730  9060 I SystemUiProxy: SystemUiProxy#getRecentTasks isInGoRecentsAnim: false
04-15 16:47:41.222  8730  8730 E [OPLUS_AFS_CONFIG]: Failed to open AFS config file: /proc/oplus_afs_config/afs_config
04-15 16:47:41.222  8730  8730 E AFS_CONFIG: Failed to get scene config
04-15 16:47:41.222  8730  8730 E OplusAfsManager: afsConfigSceneConfigGet sceneType is null
04-15 16:47:41.222  3590  3795 W ActivityManager: setHasOverlayUi called on unknown pid: 25240
04-15 16:47:41.223  3590  3795 W ActivityManager: setHasOverlayUi called on unknown pid: 25240
04-15 16:47:41.222 13059 13059 I adbd    : Remote process closed the socket (on MSG_PEEK)
04-15 16:47:41.223  3590  3590 D NotificationService--OplusBreathLights:  updateLightsStateLocked 
04-15 16:47:41.223  3590  8838 D ActivityTaskManager: Skipping, invisible task: Task{735fad8 #2 type=undefined I=com.android.launcher/.Launcher}
04-15 16:47:41.223  3590  7380 D InputMethodManagerService: isSecurity: attribute.packageName = com.android.launcher mCurMethodId = com.sohu.inputmethod.sogou/.SogouIME isSecurity = false ( enable = true needShow = false inBlackList = false isExist = true )
04-15 16:47:41.223  3590  7380 I ImeTracker: com.android.launcher:debf7d88: onRequestHide at ORIGIN_SERVER reason HIDE_UNSPECIFIED_WINDOW fromUser false
04-15 16:47:41.223  3590  8838 D ActivityTaskManager: after skip size:9,pre-Filtered:com.binance.monitor # com.tencent.mm # com.taobao.idlefish # net.metaquotes.metatrader5 # com.binance.dev # com.netease.mail # com.xingin.xhs # com.sdu.didi.psnger # com.autonavi.minimap # 
04-15 16:47:41.223 24820 24846 D ClockTag_WidgetUtils: hasAlreadyAddedWorldClockWidget false
04-15 16:47:41.223  8338  8338 I KeyguardDisplayManager: onDisplayChanged displayId: 0
04-15 16:47:41.223  8338  8338 I SystemUi--Keyguard: KeyguardDisplayManagerExImpl-->orientationChanged=false, presentationDisplayChanged=false, lastPresentationWidth=0, lastPresentationHeight=0, lastPresentationDensity=0
04-15 16:47:41.224  2384 11239 D AudioBoost: audioSchedBoost, pid=2384, tid=11239, enable=1, ret=0
04-15 16:47:41.224  2384 11239 D AudioFlingerExtImpl: AudioFlingerExtImpl oplusSetParameters: keyvalue screen_state=on
04-15 16:47:41.224  2384 11239 D DeviceHalAidl: [default] setParameters: parameters: "screen_state=on"
04-15 16:47:41.224  8730  8730 D InsetsController: hide(ime(), fromIme=false)
04-15 16:47:41.224  8730  8730 I ImeTracker: com.android.launcher:debf7d88: onCancelled at PHASE_CLIENT_ALREADY_HIDDEN
04-15 16:47:41.224  2128  9377 W OPLUS_LOG_LOAD: ==LOGS PROG INFO, prog(audiohalservice.qti) ==
04-15 16:47:41.224  2128  9377 I PAL: ResourceManager: setParameter: 11709: Screen State:1
04-15 16:47:41.224  2384 11239 D DeviceHalAidl: [usb] setParameters: parameters: "screen_state=on"
04-15 16:47:41.224  2128  9377 D AHAL_Module: updateScreenState: usb: 1
04-15 16:47:41.224  2384 11239 D DeviceHalAidl: [r_submix] setParameters: parameters: "screen_state=on"
04-15 16:47:41.224  2128  9377 D AHAL_Module: updateScreenState: r_submix: 1
04-15 16:47:41.224  2384 11239 D DeviceHalAidl: [bluetooth] setParameters: parameters: "screen_state=on"
04-15 16:47:41.224  2128  9377 D AHAL_Module: updateScreenState: bluetooth: 1
04-15 16:47:41.224  2384 11239 D DeviceHalAidl: [binaural_record] setParameters: parameters: "screen_state=on"
04-15 16:47:41.224  2128  9377 D AHAL_Module: updateScreenState: bluetooth: 1
04-15 16:47:41.224  2384 11239 D DeviceHalAidl: [virtual] setParameters: parameters: "screen_state=on"
04-15 16:47:41.224  2128  9377 D AHAL_Module: updateScreenState: stub: 1
04-15 16:47:41.224  3590  3590 D NotificationService--OplusBreathLights:  scheduleLightsOffTimeoutLocked 
04-15 16:47:41.225  3590  8793 D OplusWallpaperAnimationManager: cancelSurfaceAnimation reason: play_animation, isAnimating: false, by window: Window{763c9b2 u0 com.android.launcher/com.android.launcher.Launcher}
04-15 16:47:41.225  3590  8793 D OplusWallpaperAnimationManager: startScaleAnimation frame: Rect(0, 0 - 1264, 2780) parentFrame: Rect(0, 0 - 1264, 2780) from: 1.2 to: 1.0 duration: 1000 mTargetZoom: -1.0 targetZoom: -1.0 by window: Window{763c9b2 u0 com.android.launcher/com.android.launcher.Launcher}
04-15 16:47:41.225  3590  3793 D WindowManager: DeferredDisplayUpdater: partially applying DisplayInfo(1264 x 2780) immediately
04-15 16:47:41.225  2384 11239 D AudioBoost: audioSchedBoost, pid=2384, tid=11239, enable=0, ret=0
04-15 16:47:41.225  3590  3793 D OplusVFXScreenEffectFeature: notifySFCompatWindowStateChange entered false
04-15 16:47:41.226  3590  3793 D FSS_FoldScreenBlackCoverController: displayChangeToOn, dc:Display{#0 state=ON size=1264x2780 ROTATION_0}
04-15 16:47:41.226  2399  2620 D [PREVIEW]: SF obtain preview_adapter: 0
04-15 16:47:41.226  2399  2620 D [PREVIEW]: TabletPreviewAdapter::parallel world 0
04-15 16:47:41.226  2014  2014 I Zygote  : Process 25240 exited due to signal 9 (Killed)
04-15 16:47:41.226  3590  3793 D InsetsSourceProvider: updateSourceFrameForServerVisibility mandatorySystemGestures EMPTY_RECT
04-15 16:47:41.226 24820 24846 D ClockTag_Utils: isKeyguardLock: false
04-15 16:47:41.226 24820 24846 D ClockTag_WidgetStartUtils: Starting handleAlarmFix
04-15 16:47:41.226  3590  3590 D NotificationGroupType: maybeUngroupOplus:after all cleared
04-15 16:47:41.227  3590  3797 D OplusWallpaperSurfaceAnimation: setAnimationState curState: INITIALIZED
04-15 16:47:41.227  3590  3797 D OplusWallpaperAnimationManager: onAnimationStart
04-15 16:47:41.227  3590  3797 D OplusWallpaperAnimationManager: setSkipUpdateWallpaperPosition skip: true, wallpaper: Window{18929f3 u0 com.android.systemui.wallpapers.ImageWallpaper}
04-15 16:47:41.227  3590  3797 D OplusWallpaperSurfaceAnimation: setAnimationState curState: STARTED
04-15 16:47:41.227 24820 24846 D ClockTag_ActivityNativeUtils: getCurrentUser currentUserID: 0
04-15 16:47:41.227 24820 24846 D ClockTag_Utils: isMainProcessRunning:com.coloros.alarmclock;400
04-15 16:47:41.227  8338  8338 I SystemUi--Notification: OplusLiveAlertNotificationsRepository-->removeLiveAlert: 0|android|0|com.android.server.wm.AlertWindowNotification - com.binance.monitor|1000
04-15 16:47:41.227 24820 24846 D ClockTag_WidgetStartUtils: Finished handleAlarmFix
04-15 16:47:41.227 24820 24846 D ClockTag_WidgetStartUtils: Starting handleClockWidgetUpdate
04-15 16:47:41.227  8338  8338 I PluginSeedling--Track: RequestHandler-->notificationRemoved 0|android|0|com.android.server.wm.AlertWindowNotification - com.binance.monitor|1000
04-15 16:47:41.227  8338  8338 I SystemUi--Notification: OplusLiveAlertNotificationsRepository-->onRankingApplied
04-15 16:47:41.228  3590  8832 I ImeTracker: system_server:f3a63482: onRequestHide at ORIGIN_SERVER reason IME_REQUESTED_CHANGED_LISTENER fromUser false
04-15 16:47:41.228  3590  7380 I ImeTracker: system_server:f3a63482: onCancelled at PHASE_SERVER_SHOULD_HIDE
04-15 16:47:41.228  3590  3796 D InsetsSourceProvider: updateSourceFrameForServerVisibility mandatorySystemGestures EMPTY_RECT
04-15 16:47:41.229  3590  7381 I system_server: AssetManager2(0xb400006faf106f28) locale list changing from [] to [zh-CN]
04-15 16:47:41.229 24820 24853 D ClockTag_AlarmUtils: startFixAlarm nearly:1776233079030;1776242861229
04-15 16:47:41.229 24820 24853 D ClockTag_AlarmUtils: startFixAlarm return, result this period is fixed
04-15 16:47:41.229  8338  8338 I SystemUi--Notification: OplusLiveAlertNotificationsRepository-->onNotificationChannelModified: android 0 “交易终端”正在其他应用的上层显示内容 3
04-15 16:47:41.229 24820 24846 I WeatherS_WeatherServiceVersionUtils: serviceVersionCode16022000
04-15 16:47:41.229 24820 24846 D ClockTag_ClockWidget.ClockWidgetManager: updateWeatherInterval:180000
04-15 16:47:41.229 24820 24846 D ClockTag_WidgetStartUtils: visible no need update weather
04-15 16:47:41.231  3590  3838 I libprocessgroup: Removed cgroup /sys/fs/cgroup/apps/uid_10518/pid_25240
04-15 16:47:41.231  8338  8338 E LockScreenNotificationDispatcherImp: updateNotificationListOnKg size:0
04-15 16:47:41.232 24820 24846 D ClockTag_WidgetStartUtils: Finished handleClockWidgetUpdate
04-15 16:47:41.233  8338  8338 I SystemUi--Notification: NotificationStackScrollLayoutExtImpl-->bind scrollGridCount 3 o.visibleChildrenCount 2 o.childCount 6
04-15 16:47:41.233  8338  8338 I SystemUi--Notification: SeparatePanelAnimation-->updateVisibleChildCount change, currentChildCount: 4 totalCount 3
04-15 16:47:41.233  8338  8338 I SystemUi--Notification: LockScreenNotificationDispatcherImp-->updateNotificationListOnKg resultCode: 0
04-15 16:47:41.234 24820 24820 D ClockTag_ClockWidget.ClockWidgetWeatherService: ClockWidgetWeatherService onCreate:
04-15 16:47:41.234 24820 24820 D ClockTag_ClockWidget.ClockWidgetWeatherService: ClockWidgetWeatherService registerAll
04-15 16:47:41.234 24820 24820 D ClockTag_ClockWidget.ClockWidgetWeatherService: registerWeatherCityObserver
04-15 16:47:41.235 24820 24820 D ClockTag_ClockWidget.ClockWidgetWeatherService: registerLocationResultNotifyObserver
04-15 16:47:41.235 24820 24820 D ClockTag_ClockWidget.ClockWidgetWeatherService: ClockWidgetWeatherService onStartCommand
04-15 16:47:41.235 24820 24820 D ClockTag_ClockWidget.ClockWidgetWeatherService: checkConfigChanged:true
04-15 16:47:41.235 24820 24820 D ClockTag_ClockWidgetState: system config, dual clock:1, split screen:0, color:-1/false, screenDisplayModel:0
04-15 16:47:41.235 24820 24820 D ClockTag_ClockWidgetState: systemDualClock:1
04-15 16:47:41.235 24820 24820 D ClockTag_ClockWidgetState: systemSplitScreenMode:false
04-15 16:47:41.235 24820 24820 D ClockTag_ClockWidgetState: systemWallpaperColor:-1/false
04-15 16:47:41.236 24820 24820 D ClockTag_ClockWidgetUtils: supportLandWidget false
04-15 16:47:41.236 24820 24846 I ClockTag_ClockWidget.ClockWidgetManager: isRPlus = false
04-15 16:47:41.236 24820 24846 D ClockTag_ClockWidget.BaseWidgetViewHelper: getLocalWeatherInfo isCommonWeatherServiceExist is true
04-15 16:47:41.236 24820 25547 D ClockTag_ClockWidget.BaseWidgetViewHelper: requestDoubleWeatherInfo methodName=getDoubleCityWeatherDataAndUpdate isNeed=false
04-15 16:47:41.236 24820 24846 D ClockTag_ClockWidget.BaseWidgetViewHelper: getResidentWeatherInfo isCommonWeatherServiceExist=true 
04-15 16:47:41.236 24820 24820 D ClockTag_FoldScreenUtils: haveFold:false
04-15 16:47:41.236 24820 25547 I WeatherS_WeatherBaseDataTask: Service has not started, bind update Service.
04-15 16:47:41.236 24820 24846 D ClockTag_ClockWidget.BaseWidgetViewHelper: getCurClockType isDoubleClockOpened:true,localWeatherEntity:WeatherEntity{mDegree='23', mType='56', mDescription='多云', mCentigrade='°', mTimeZone='8.0', mParentCityCode='', mLocationResultCode='410000', sunriseTime='1776202620000', sunsetTime='1776250380000'},residentWeatherEntity:WeatherEntity{mDegree='23', mType='56', mDescription='多云', mCentigrade='°', mTimeZone='8.0', mParentCityCode='00399190116413', mLocationResultCode='0', sunriseTime='1776202620000', sunsetTime='1776250320000'}
04-15 16:47:41.236 24820 25547 I WeatherS_WeatherServiceManager: bindUpdateService false
04-15 16:47:41.236 24820 24820 D ClockTag_ClockWidgetUtils: supportMultiWallpaper: false
04-15 16:47:41.236 24820 24846 D ClockTag_ClockWidget.BaseWidgetViewHelper: supportNewDoubleClock:1
04-15 16:47:41.236 24820 24846 D ClockTag_ClockWidget.BaseWidgetViewHelper: isSameTimezone:8.0
04-15 16:47:41.236 24820 24846 D ClockTag_ClockWidget.BaseWidgetViewHelper: getCurClockType is same timezone:
04-15 16:47:41.236 24820 24846 D ClockTag_ClockWidget.BaseWidgetViewHelper: getCurClockType is same timezone:
04-15 16:47:41.236 24820 24846 D ClockTag_ClockWidget.ClockWidgetManager: init clock type:1->1
04-15 16:47:41.236 24820 24846 D ClockTag_ClockWidget.BaseWidgetViewHelper: getLocalWeatherInfo isCommonWeatherServiceExist is true
04-15 16:47:41.236 24820 24846 D ClockTag_OplusDateUtils: isTimeMillisDayTime -- hour = 16 sunriseTime:1776202620000 sunsetTime:1776250380000
04-15 16:47:41.236 24820 24846 D ClockTag_WeatherResUtil: getOpWeatherIcon -- index:56 OP_WEATHER_ICON_LENGTH:71 correctWeatherIndex:56
04-15 16:47:41.236 24820 24846 D ClockTag_ClockWidget.ClockWidgetManager: mLocalWeatherInfo = 多云  23‎°
04-15 16:47:41.237  2399  2399 E BpTransactionCompletedListener: Failed to transact (-32)
04-15 16:47:41.237 24820 24846 D ClockTag_ClockWidget.ClockWidgetManager: updateTimeAndDateInfo lunar:二月廿八
04-15 16:47:41.237 24820 24846 D ClockTag_ClockWidget.ClockWidgetManager: updateLocalData type:false weather:false time:true force:true
04-15 16:47:41.237 24820 24846 D ClockTag_WidgetUpdateHelper: start update all widgets
04-15 16:47:41.237 24820 24846 D ClockTag_WidgetUpdateHelper: skip update widget (cached absent): class com.coloros.widget.smallweather.OppoWeather
04-15 16:47:41.237 24820 24846 D ClockTag_WidgetUpdateHelper: skip update widget (cached absent): class com.coloros.widget.smallweather.OppoWeatherSingle
04-15 16:47:41.237 24820 24846 D ClockTag_WidgetUpdateHelper: getWidgetIds: class com.coloros.widget.smallweather.OppoWeatherMultiVertical
04-15 16:47:41.237 24820 24846 D ClockTag_WidgetUpdateHelper: getWidgetViewProxy:560
04-15 16:47:41.237 24820 24846 D ClockTag_WidgetUpdateHelper: updateWidget: [I@321c7ef class com.coloros.widget.smallweather.OppoWeatherMultiVertical
04-15 16:47:41.237 24820 24846 D ClockTag_WidgetUpdateHelper: relayoutAllWidget :[7]
04-15 16:47:41.237 24820 24846 D ClockTag_ClockWidget.BaseClockWidget: relayoutWidget mLastClockType = 1 isClockAllOverTheme =false
04-15 16:47:41.237 24820 24846 D ClockTag_ClockWidgetUtils: supportLandWidget false
04-15 16:47:41.237 24820 24846 D ClockTag_ClockWidget.ClockWidgetManager: getIntentToStartApp action=com.oplus.alarmclock.AlarmClock category=null
04-15 16:47:41.237 24820 24846 D ClockTag_ClockWidgetState: systemWallpaperColor:-1/false
04-15 16:47:41.238 24820 24846 D ClockTag_ClockWidget.ClockWidgetManager: updateTextColor -- str = -1/false, colors size = 2
04-15 16:47:41.238 24820 24846 D ClockTag_ClockWidget.ClockWidgetManager: updateTextColor, color: ffffffff, mDrawTextShadow = false, mCurDividerLineColor = 4dffffff
04-15 16:47:41.238 24820 24846 D ClockTag_ClockWidget.BaseClockWidget: updateTextViewColor color = -1
04-15 16:47:41.238 24820 24846 D ClockTag_CommonUtil: isAddZero language:zh
04-15 16:47:41.238 24820 24846 D ClockTag_ClockWidget.BaseClockWidget: updateTimeFormat:HH
04-15 16:47:41.238 24820 24846 D ClockTag_ClockWidget.BaseClockWidget: updateDataFormat dataFormat=MMMd日  EEE
04-15 16:47:41.238 24820 24846 D ClockTag_ClockWidget.BaseClockWidget: updateDataFormat:MMMd日  EEE
04-15 16:47:41.238 29902 29925 W OplusExSystemServiceHelper: checkOplusExSystemService intent getComponent is null
04-15 16:47:41.239 24820 24846 D ClockTag_DeviceUtils: isDisableWeatherTemperature false
04-15 16:47:41.239 24820 24846 D ClockTag_ClockWidget.BaseClockWidget: localWeatherInfo = 23‎°‎
04-15 16:47:41.240  3590  7381 I system_server: AssetManager2(0xb400006faf107228) locale list changing from [] to [zh-CN]
04-15 16:47:41.240 24820 24846 D ClockTag_ClockWidget.BaseClockWidget: TextSize ratio:1.0;false
04-15 16:47:41.240 24820 24846 D ClockTag_WidgetUpdateHelper: relayoutAllWidgets widgetIds: [7] remoteView:android.widget.RemoteViews@f4172e8
04-15 16:47:41.240 24820 24846 I AppWidgetManager: updateAppWidgetIds, mPackageName: com.coloros.alarmclock, appWidgetIds: [7], views:android.widget.RemoteViews@f4172e8
04-15 16:47:41.241  3590  7163 D AppWidgetServiceImpl: updateAppWidgetIds remoteViews = android.widget.RemoteViews@9608f18
04-15 16:47:41.241  3590  7163 D AppWidgetServiceImpl: action size = 34
04-15 16:47:41.241  3590  7163 I AppWidgetServiceImpl: lookupWidgetLocked widgetId=7, uid=10294, packageName=com.coloros.alarmclock, mWidgets.size=1
04-15 16:47:41.241  3590  7163 I AppWidgetServiceImpl: isDifferentPackageFromProvider provider.id=ProviderId{user:0, app:10294, cmp:ComponentInfo{com.coloros.alarmclock/com.coloros.widget.smallweather.OppoWeatherMultiVertical}}, provider.id.componentName=ComponentInfo{com.coloros.alarmclock/com.coloros.widget.smallweather.OppoWeatherMultiVertical}, packageName=com.coloros.alarmclock, providerpackgename=com.coloros.alarmclock
04-15 16:47:41.241  3590  7163 I AppWidgetServiceImpl: updateViews: 1504215 widget:AppWidgetId{7:Host{HostId{user:0, app:10214, hostId:1024, pkg:com.android.launcher}}:Provider{ProviderId{user:0, app:10294, cmp:ComponentInfo{com.coloros.alarmclock/com.coloros.widget.smallweather.OppoWeatherMultiVertical}}}}
04-15 16:47:41.241  3590  7937 I AppWidgetServiceImpl: handleNotifyUpdateAppWidget,appWidgetId: 7,packageName:com.coloros.alarmclock
04-15 16:47:41.241 24820 24820 I WeatherS_WeatherServiceManager: onServiceConnected
04-15 16:47:41.241  3590  7937 D AppWidgetServiceImpl: Trying to notify widget update for package com.coloros.alarmclock with widget id: 7 callbacks:com.android.internal.appwidget.IAppWidgetHost$Stub$Proxy@75b84c4
04-15 16:47:41.241 24820 24846 D ClockTag_WidgetUpdateHelper: relayoutAllWidgets finished
04-15 16:47:41.241 24820 24846 D ClockTag_WidgetUpdateHelper: skip update widget (cached absent): class com.coloros.widget.smallweather.OppoWeatherVertical
04-15 16:47:41.241 24820 24846 D ClockTag_WidgetUpdateHelper: skip update widget (cached absent): class com.coloros.widget.smallweather.OnePlusWidget
04-15 16:47:41.241 24820 24846 D ClockTag_WidgetUpdateHelper: skip update widget (cached absent): class com.coloros.widget.smallweather.OppoWeatherInterimLunar
04-15 16:47:41.241 24820 24846 D ClockTag_WidgetUpdateHelper: end update all widgets
04-15 16:47:41.241 24820 24883 I WeatherS_WeatherBaseDataTask: executeRequest getDoubleCityWeatherDataAndUpdate
04-15 16:47:41.241  8730  8730 D AppWidgetHostView: inflateAsync(rvToApply), appWidgetId: 7
04-15 16:47:41.242 29902 30022 E WeatherS_PrivacyStatementExport: isAgreed1
04-15 16:47:41.243 29902 30022 W WeatherS_ApkSignedCheck: checkCertificateWhiteList: has safe componentcom.coloros.alarmclock
04-15 16:47:41.243 29902 30022 E WeatherS_WeatherCommonServiceProxy: getLocationCityInfo
04-15 16:47:41.243 29902 30022 D WeatherS_PoolManager:  thread: Thread[pool-1-thread-6,5,main]
04-15 16:47:41.243  3590  7381 I system_server: AssetManager2(0xb400006faf107528) locale list changing from [] to [zh-CN]
04-15 16:47:41.243 29902 30022 E WeatherS_WeatherCommonServiceProxy: getTimeZoneOfAttendCity
04-15 16:47:41.243 29902 30022 D WeatherS_PoolManager:  thread: Thread[pool-1-thread-7,5,main]
04-15 16:47:41.244 29902 30022 E WeatherS_WeatherCommonServiceProxy: getOneAttentCityWeatherInfoList
04-15 16:47:41.244 29902 30022 D WeatherS_PoolManager:  thread: Thread[pool-1-thread-8,5,main]
04-15 16:47:41.244 29902 31973 I WeatherS_WeatherCommonServiceProxy: parseWeatherToAttentWeatherInfo currentTemp: 23
04-15 16:47:41.244 29902 31973 I WeatherS_SharedUtil: tryCheckLocWeatherAndSend sLastSendResult is 202.
04-15 16:47:41.244 29902 30022 I WeatherS_WeatherCommonServiceProxy: getLocationCityAndUpdate  temp = 23 多云 56
04-15 16:47:41.244 29902 30022 E WeatherS_WeatherCommonServiceProxy: getLocationCityAndUpdate  needUpdateWeatherInfo = false, isCallFromWeatherApp = false
04-15 16:47:41.244 29902 30022 I WeatherS_WeatherCommonServiceProxy: getResidentCity list size: 1
04-15 16:47:41.245 29902 30022 I WeatherS_WeatherCommonServiceProxy: resident data temp -> 23
04-15 16:47:41.245 29902 30022 I WeatherS_WeatherCommonServiceProxy: getDoubleCityData temp: 23 weatherType:56 weatherDesc:多云
04-15 16:47:41.245 29902 30022 I WeatherS_WeatherCommonServiceProxy: getDoubleCityData temp: 23 weatherType:56 weatherDesc:多云
04-15 16:47:41.245 29902 30022 D WeatherS_PoolManager:  thread: Thread[pool-3-thread-6,5,main]
04-15 16:47:41.245 24820 24883 I WeatherS_WeatherBaseDataTask: after doRequestFromWeatherService getDoubleCityWeatherDataAndUpdate result {"data":[{"cityCode":"00399850116307","cityNameEn":"海淀区","cityNameLocal":"海淀区","isDayTime":true,"locationResultCode":410000,"period":4,"sunriseTime":1776202620000,"sunsetTime":1776250380000,"temp":"23","tempUnit":"°","timeZone":"8.0","weatherDesc":"多云","weatherType":56},{"cityCode":"00398490116288","cityNameEn":"丰台区","cityNameLocal":"丰台区","isDayTime":true,"locationResultCode":0,"parentCityCode":"00399190116413","period":4,"sunriseTime":1776202620000,"sunsetTime":1776250320000,"temp":"23","tempUnit":"°","timeZone":"8.0","weatherDesc":"多云","weatherType":56}],"errorCode":0,"mRequestID":"1776242861236"}true
04-15 16:47:41.246 29902 31974 I WeatherS_ResidentCityApi: update resident city success:false
04-15 16:47:41.246 24820 24883 I WeatherS_WeatherBaseDataTask:  doRequestFromWeatherService getDoubleCityWeatherDataAndUpdate response data true
04-15 16:47:41.246 24820 24883 D ClockTag_ClockWidget.BaseWidgetViewHelper: locationWeather: 23;410000;8.0
04-15 16:47:41.246 24820 24883 I WeatherS_WeatherServiceManager: unBindUpdateService true
04-15 16:47:41.246 24820 24846 I ClockTag_ClockWidget.ClockWidgetManager: isRPlus = false
04-15 16:47:41.246 24820 24846 D ClockTag_ClockWidget.BaseWidgetViewHelper: getLocalWeatherInfo isCommonWeatherServiceExist is true
04-15 16:47:41.246 24820 24846 D ClockTag_ClockWidget.BaseWidgetViewHelper: getResidentWeatherInfo isCommonWeatherServiceExist=true 
04-15 16:47:41.246 24820 24846 D ClockTag_ClockWidget.BaseWidgetViewHelper: getCurClockType isDoubleClockOpened:true,localWeatherEntity:WeatherEntity{mDegree='23', mType='56', mDescription='多云', mCentigrade='°', mTimeZone='8.0', mParentCityCode='', mLocationResultCode='410000', sunriseTime='1776202620000', sunsetTime='1776250380000'},residentWeatherEntity:WeatherEntity{mDegree='23', mType='56', mDescription='多云', mCentigrade='°', mTimeZone='8.0', mParentCityCode='00399190116413', mLocationResultCode='0', sunriseTime='1776202620000', sunsetTime='1776250320000'}
04-15 16:47:41.246 24820 24846 D ClockTag_ClockWidget.BaseWidgetViewHelper: supportNewDoubleClock:1
04-15 16:47:41.246 24820 24846 D ClockTag_ClockWidget.BaseWidgetViewHelper: isSameTimezone:8.0
04-15 16:47:41.246 24820 24846 D ClockTag_ClockWidget.BaseWidgetViewHelper: getCurClockType is same timezone:
04-15 16:47:41.246 24820 24846 D ClockTag_ClockWidget.BaseWidgetViewHelper: getCurClockType is same timezone:
04-15 16:47:41.246 24820 24846 D ClockTag_ClockWidget.ClockWidgetManager: init clock type:1->1
04-15 16:47:41.246 24820 24846 D ClockTag_ClockWidget.BaseWidgetViewHelper: getLocalWeatherInfo isCommonWeatherServiceExist is true
04-15 16:47:41.246 24820 24846 D ClockTag_OplusDateUtils: isTimeMillisDayTime -- hour = 16 sunriseTime:1776202620000 sunsetTime:1776250380000
04-15 16:47:41.246 24820 24846 D ClockTag_WeatherResUtil: getOpWeatherIcon -- index:56 OP_WEATHER_ICON_LENGTH:71 correctWeatherIndex:56
04-15 16:47:41.246 24820 24846 D ClockTag_ClockWidget.ClockWidgetManager: mLocalWeatherInfo = 多云  23‎°
04-15 16:47:41.246 24820 24846 D ClockTag_ClockWidget.ClockWidgetManager: updateTimeAndDateInfo lunar:二月廿八
04-15 16:47:41.246 24820 24846 D ClockTag_ClockWidget.ClockWidgetManager: updateLocalData type:false weather:false time:false force:true
04-15 16:47:41.246 24820 24846 D ClockTag_WidgetUpdateHelper: start update all widgets
04-15 16:47:41.246 24820 24846 D ClockTag_WidgetUpdateHelper: skip update widget (cached absent): class com.coloros.widget.smallweather.OppoWeather
04-15 16:47:41.246 24820 24846 D ClockTag_WidgetUpdateHelper: skip update widget (cached absent): class com.coloros.widget.smallweather.OppoWeatherSingle
04-15 16:47:41.246 24820 24846 D ClockTag_WidgetUpdateHelper: getWidgetIds: class com.coloros.widget.smallweather.OppoWeatherMultiVertical
04-15 16:47:41.247 24820 24846 D ClockTag_WidgetUpdateHelper: getWidgetViewProxy:560
04-15 16:47:41.247 24820 24846 D ClockTag_WidgetUpdateHelper: updateWidget: [I@ba3c7a6 class com.coloros.widget.smallweather.OppoWeatherMultiVertical
04-15 16:47:41.247 24820 24846 D ClockTag_WidgetUpdateHelper: relayoutAllWidget :[7]
04-15 16:47:41.247 24820 24846 D ClockTag_ClockWidget.BaseClockWidget: relayoutWidget mLastClockType = 1 isClockAllOverTheme =false
04-15 16:47:41.247 24820 24846 D ClockTag_ClockWidgetUtils: supportLandWidget false
04-15 16:47:41.247 24820 24846 D ClockTag_ClockWidget.ClockWidgetManager: getIntentToStartApp action=com.oplus.alarmclock.AlarmClock category=null
04-15 16:47:41.247 24820 24846 D ClockTag_ClockWidgetState: systemWallpaperColor:-1/false
04-15 16:47:41.247 24820 24846 D ClockTag_ClockWidget.ClockWidgetManager: updateTextColor -- str = -1/false, colors size = 2
04-15 16:47:41.247 24820 24846 D ClockTag_ClockWidget.ClockWidgetManager: updateTextColor, color: ffffffff, mDrawTextShadow = false, mCurDividerLineColor = 4dffffff
04-15 16:47:41.247 24820 24846 D ClockTag_ClockWidget.BaseClockWidget: updateTextViewColor color = -1
04-15 16:47:41.247 24820 24846 D ClockTag_CommonUtil: isAddZero language:zh
04-15 16:47:41.247 24820 24846 D ClockTag_ClockWidget.BaseClockWidget: updateTimeFormat:HH
04-15 16:47:41.247 24820 24846 D ClockTag_ClockWidget.BaseClockWidget: updateDataFormat dataFormat=MMMd日  EEE
04-15 16:47:41.247 24820 24846 D ClockTag_ClockWidget.BaseClockWidget: updateDataFormat:MMMd日  EEE
04-15 16:47:41.247 24820 24846 D ClockTag_DeviceUtils: isDisableWeatherTemperature false
04-15 16:47:41.248 24820 24846 D ClockTag_ClockWidget.BaseClockWidget: localWeatherInfo = 23‎°‎
04-15 16:47:41.248  3590  7380 I VibrationEffectConvertor: onInputMethodListUpdated received, info.size = 3
04-15 16:47:41.248  3590  7380 I VibrationEffectConvertor: userid = 0, packageName = com.sohu.inputmethod.sogou
04-15 16:47:41.248  3590  7380 I VibrationEffectConvertor: userid = 0, packageName = com.baidu.input_oppo
04-15 16:47:41.248  3590  7380 I VibrationEffectConvertor: userid = 0, packageName = com.oplus.securitykeyboard
04-15 16:47:41.248 24820 24846 D ClockTag_ClockWidget.BaseClockWidget: TextSize ratio:1.0;false
04-15 16:47:41.248 24820 24846 D ClockTag_WidgetUpdateHelper: relayoutAllWidgets widgetIds: [7] remoteView:android.widget.RemoteViews@53dd983
04-15 16:47:41.248 24820 24846 I AppWidgetManager: updateAppWidgetIds, mPackageName: com.coloros.alarmclock, appWidgetIds: [7], views:android.widget.RemoteViews@53dd983
04-15 16:47:41.248  3590  8837 D AppWidgetServiceImpl: updateAppWidgetIds remoteViews = android.widget.RemoteViews@d8e9f9a
04-15 16:47:41.248  3590  8837 D AppWidgetServiceImpl: action size = 34
04-15 16:47:41.248  3590  8837 I AppWidgetServiceImpl: lookupWidgetLocked widgetId=7, uid=10294, packageName=com.coloros.alarmclock, mWidgets.size=1
04-15 16:47:41.248  3590  8837 I AppWidgetServiceImpl: isDifferentPackageFromProvider provider.id=ProviderId{user:0, app:10294, cmp:ComponentInfo{com.coloros.alarmclock/com.coloros.widget.smallweather.OppoWeatherMultiVertical}}, provider.id.componentName=ComponentInfo{com.coloros.alarmclock/com.coloros.widget.smallweather.OppoWeatherMultiVertical}, packageName=com.coloros.alarmclock, providerpackgename=com.coloros.alarmclock
04-15 16:47:41.248  3590  8837 I AppWidgetServiceImpl: updateViews: 91689163 widget:AppWidgetId{7:Host{HostId{user:0, app:10214, hostId:1024, pkg:com.android.launcher}}:Provider{ProviderId{user:0, app:10294, cmp:ComponentInfo{com.coloros.alarmclock/com.coloros.widget.smallweather.OppoWeatherMultiVertical}}}}
04-15 16:47:41.248 24820 24846 D ClockTag_WidgetUpdateHelper: relayoutAllWidgets finished
04-15 16:47:41.248  3590  7937 I AppWidgetServiceImpl: handleNotifyUpdateAppWidget,appWidgetId: 7,packageName:com.coloros.alarmclock
04-15 16:47:41.248  3590  7937 D AppWidgetServiceImpl: Trying to notify widget update for package com.coloros.alarmclock with widget id: 7 callbacks:com.android.internal.appwidget.IAppWidgetHost$Stub$Proxy@75b84c4
04-15 16:47:41.248 24820 24846 D ClockTag_WidgetUpdateHelper: skip update widget (cached absent): class com.coloros.widget.smallweather.OppoWeatherVertical
04-15 16:47:41.248 24820 24846 D ClockTag_WidgetUpdateHelper: skip update widget (cached absent): class com.coloros.widget.smallweather.OnePlusWidget
04-15 16:47:41.248 24820 24846 D ClockTag_WidgetUpdateHelper: skip update widget (cached absent): class com.coloros.widget.smallweather.OppoWeatherInterimLunar
04-15 16:47:41.248 24820 24846 D ClockTag_WidgetUpdateHelper: end update all widgets
04-15 16:47:41.249  8730  8730 D AppWidgetHostView: inflateAsync(rvToApply), appWidgetId: 7
04-15 16:47:41.253 22592 15613 I com.oplus.metis: Explicit concurrent mark compact GC freed 840KB AllocSpace bytes, 9(180KB) LOS objects, 50% free,13MB(M:9977KB,L:4212KB)/27MB, paused 130us,568us total 36.008ms
04-15 16:47:41.253 22592 15613 W metis_v2_AppSwitchDataCollector: fenceKey = com.oplus.metis:TOP_APPLICATION, getExits = [], getEnters = [] packageName = com.android.launcher
04-15 16:47:41.253 22592 15613 W metis_v2_AppSwitchDataCollector: pid = 8730, cachePid=8730
04-15 16:47:41.253 22592 15613 I metis_v2_AppSwitchDataCollector:  set isNotifiedTVCast
04-15 16:47:41.254 22592 15613 E metis_v2_FactManager: There is no subModel: com.oplus.linker
04-15 16:47:41.254 22592 15613 I metis_v2_AppSwitchDataCollector: Skip call fire
04-15 16:47:41.256  6347  6397 I MMKV    : <MMKV_IO.cpp:456::writeActualSize> [mmkv.default] increase sequence to 548097, crc 1473360733, actualSize 939
04-15 16:47:41.258 30638 30957 I JPEG_JNI: EnterExeTask  controller.background_task_controller process {"client":"infer"}
04-15 16:47:41.258 30638 30957 I JPEG_JNI: LeaveExeTask  module controller.background_task_controller 
04-15 16:47:41.258 30638 30957 I JPEG_JNI:  func process  
04-15 16:47:41.258 30638 30957 I JPEG_JNI:  input {"client":"infer"} 
04-15 16:47:41.258 30638 30957 I JPEG_JNI:  ret {}
04-15 16:47:41.260  3590  3875 D VRR [OPlusRefreshRateService]: handleConfigIdChange physicalDisplayId: 4630946685746860179 configId: 0 renderPeriod: 8333333
04-15 16:47:41.260  3590  3875 D VRR [OPlusGameStatusManager]: updateGameState mOSyncFeatureSwitch: false mIsGamePolicy: false
04-15 16:47:41.260  3590  3875 D VRR [OPlusGameStatusManager]: updateGameAccelerationStatus pkgName: com.android.launcher mOSyncFeatureSwitch: false mIsGamePolicy: false mHeartStop: false mHasFlickerRisk: false mForceAcceleration: false mToastReady: false enable: false
04-15 16:47:41.260  2399  3162 D VRR [OTI-HW]: isStateReady 0
04-15 16:47:41.260  2399  3162 D VRR [OTI-HW]: keep rate.
04-15 16:47:41.310  3590  3875 D VRR [OPlusSAManager]: updateAutoMinfps for 4630946685746860179 with nits: 105.465, mHistOK true, mAmbientOK true, mCctOK true, mIrOK true, mBrightnessOK true, isPkgOK true, SA min fps: 119
04-15 16:47:41.310  2399  2620 I VRR-[OPlusRefreshRateSelector]: updateAutoMode success, display 0, mode 0, fakeframe 1, min fps: 1
04-15 16:47:41.310  2181 23599 I SDM     : DisplayBuiltIn::SetQSyncMode: VRR + update qsync mode 0 minfps 00C08181
04-15 16:47:41.313  2181  2437 E SDM     : DRMConnector::Perform: Connector 68: Setting Qsync min fps 12616065
04-15 16:47:41.359 30638 30957 I JPEG_JNI: EnterExeTask  controller.background_task_controller process {"client":"infer"}
04-15 16:47:41.359 30638 30957 I JPEG_JNI: LeaveExeTask  module controller.background_task_controller 
04-15 16:47:41.359 30638 30957 I JPEG_JNI:  func process  
04-15 16:47:41.359 30638 30957 I JPEG_JNI:  input {"client":"infer"} 
04-15 16:47:41.359 30638 30957 I JPEG_JNI:  ret {}
04-15 16:47:41.384  2113 29982 I sensors-hal: handle_sns_std_sensor_event:114, oplus rgb_rear sample: (cct, lux, ir, x, y)[5841, 0, 117, 318, 480]
04-15 16:47:41.384  2113 29982 I sensors-hal: handle_sns_std_sensor_event:116, oplus rgb_rear sample: (r, g, b, c w)[6491, 12814, 1852, 1507, 0]
04-15 16:47:41.389  8730  8730 I PantaCard.Lnch.InstantCard:  100335&1000001&1_sid=536877599_rk=ea6994,onVisible: 100335&1000001&1, engine is null: false[sdk:v1.3.122-1545084,seed-plugin:v16.1.126-d5777f7c,app:v16.4.22] [OplusLauncher|com.android.launcher|2.0.44-25e9612]
04-15 16:47:41.389  8730  8730 I PantaCard.Lnch.InstantCardEngine:  100335&1000001&1_sid=536877599_rk=ea6994,onCardVisible, cardTag: 100335&1000001&1, last code: 200[sdk:v1.3.122-1545084,seed-plugin:v16.1.126-d5777f7c,app:v16.4.22]
04-15 16:47:41.389  8730  8730 D RootView: 0x1081e1 io.iftech.quickapp.box not allow refresh. 
04-15 16:47:41.391  8730   481 D PantaCard.Lnch.CardViewInfo:  getUTraceIntentContext,serviceId:536877599,cardViewInfo:731958267,extraData == null[sdk:v1.3.122-1545084,seed-plugin:v16.1.126-d5777f7c,app:v16.4.22]
04-15 16:47:41.392  8730   481 I PantaCard.Lnch.InstantCard:  100335&1000001&1_sid=536877599_rk=ea6994,begin to load with bundle: 100335&1000001&1,cardInfo:CardViewInfo[entrance:[launcher,type=2,hostId=1], serviceId:536877599, cardType:100335, hostId:1, cardId:1000001, cardCategory:INSTANT, cardSize:1, sizeList:[1], instantUri:hap://widget/io.iftech.quickapp.box/card/springFestivalCalendar2x2?__RPK_VER__=133&cardType=100335&cardId=1000001, width:498, height:498, isRecommend:false, isDragging:false, initDataSize:0, policyName:, uTraceIntentContext:null, extraDataToEngineList.size:null, serviceInfo:null, extraBundle:Bundle[{}], cardLaunchInterceptor:null, cardBlurHandler:com.android.launcher3.card.CardBlurHandlerImpl@86ba6a9, allowReceiveUIDataBackground:false, isLocalCard:falsecardUiDataLen:null][sdk:v1.3.122-1545084,seed-plugin:v16.1.126-d5777f7c,app:v16.4.22]
04-15 16:47:41.392  8730   481 I PantaCard.Lnch.InstantCard:  100335&1000001&1_sid=536877599_rk=ea6994, begin to load,update instantUri to hap://widget/io.iftech.quickapp.box/card/springFestivalCalendar2x2?__RPK_VER__=133&cardType=100335&cardId=1000001[sdk:v1.3.122-1545084,seed-plugin:v16.1.126-d5777f7c,app:v16.4.22]
04-15 16:47:41.392  8730   481 W PantaCard.Lnch.InstantCard:  100335&1000001&1_sid=536877599_rk=ea6994,initEngine do nothing,because cardEngine is not null.[sdk:v1.3.122-1545084,seed-plugin:v16.1.126-d5777f7c,app:v16.4.22]
04-15 16:47:41.392  8730   481 D PantaCard.Lnch.InstantCard:  100335&1000001&1_sid=536877599_rk=ea6994,instantEngineCallback : null.[sdk:v1.3.122-1545084,seed-plugin:v16.1.126-d5777f7c,app:v16.4.22]
04-15 16:47:41.392  8730   481 I PantaCard.Lnch.InstantCard:  100335&1000001&1_sid=536877599_rk=ea6994,getCardSize: 100335&1000001&1 realContainerWidth: 498 realContainerHeight: 498 realDesignSize: 0realDesignWidth: -1[sdk:v1.3.122-1545084,seed-plugin:v16.1.126-d5777f7c,app:v16.4.22]
04-15 16:47:41.392  8730   481 I PantaCard.Lnch.InstantCardEngine:  100335&1000001&1_sid=536877599_rk=ea6994,checkCardClient begin,curStatus = 1[sdk:v1.3.122-1545084,seed-plugin:v16.1.126-d5777f7c,app:v16.4.22]
04-15 16:47:41.392  8730   481 I PantaCard.Lnch.InstantCardEngine:  100335&1000001&1_sid=536877599_rk=ea6994,InstantAppCardClient init already succeeded[sdk:v1.3.122-1545084,seed-plugin:v16.1.126-d5777f7c,app:v16.4.22]
04-15 16:47:41.392  8730   481 I PantaCard.Lnch.InstantCardEngine:  100335&1000001&1_sid=536877599_rk=ea6994,obtainView: load hap://widget/io.iftech.quickapp.box/card/springFestivalCalendar2x2?__RPK_VER__=133&cardType=100335&cardId=1000001, status = 1, cardTag:100335&1000001&1[sdk:v1.3.122-1545084,seed-plugin:v16.1.126-d5777f7c,app:v16.4.22]
04-15 16:47:41.392  8730   481 I PantaCard.Lnch.InstantCardEngine:  100335&1000001&1_sid=536877599_rk=ea6994,createInstantCard cardTag:100335&1000001&1 already created,do nothing.[sdk:v1.3.122-1545084,seed-plugin:v16.1.126-d5777f7c,app:v16.4.22]
04-15 16:47:41.392  8730   481 I PantaCard.Lnch.InstantCardEngine:  100335&1000001&1_sid=536877599_rk=ea6994,callRenderBackResult lastCode:200, uri:hap://widget/io.iftech.quickapp.box/card/springFestivalCalendar2x2?__RPK_VER__=133&cardType=100335&cardId=1000001, hasLoaded:true, sizeData:CardDesignSize(width=498, height=498, configDesign=0, cardDesignWidth=-1)[sdk:v1.3.122-1545084,seed-plugin:v16.1.126-d5777f7c,app:v16.4.22]
04-15 16:47:41.392  8730   481 I PantaCard.Lnch.InstantCardEngine:  100335&1000001&1_sid=536877599_rk=ea6994,obtainView: renderSucceed, onRenderSuccess directly, changeVisibilityManually= trueinterceptorInstantCardReload = true[sdk:v1.3.122-1545084,seed-plugin:v16.1.126-d5777f7c,app:v16.4.22]
04-15 16:47:41.392  8730  8730 I PantaCard.Lnch.InstantCardEngine:  100335&1000001&1_sid=536877599_rk=ea6994,onRenderSuccess: cardTag: 100335&1000001&1, serviceId: null[sdk:v1.3.122-1545084,seed-plugin:v16.1.126-d5777f7c,app:v16.4.22]
04-15 16:47:41.392  8730  8730 I PantaCard.Lnch.CardLoadTrackEvent:  100335&1000001&2 loadSuccess loadFinish:true[sdk:v1.3.122-1545084,seed-plugin:v16.1.126-d5777f7c,app:v16.4.22]
04-15 16:47:41.392  8730  8730 I PantaCard.Lnch.TimeOutLoadCallback:  100335&1000001&1, onSuccess called[sdk:v1.3.122-1545084,seed-plugin:v16.1.126-d5777f7c,app:v16.4.22]
04-15 16:47:41.418  2181 23599 E CwbService: Panel not support apl read or getDisplayPanelAplValue timeout 10ms.
04-15 16:47:41.418  2258  2258 D SensorFeature: name=ssc_screenshot_info ,index = 22
04-15 16:47:41.418  2258  2258 D SensorFeature: write 41 bytes:1290076813661844,1290076821995177,11244,0
04-15 16:47:41.460 30638 30957 I JPEG_JNI: EnterExeTask  controller.background_task_controller process {"client":"infer"}
04-15 16:47:41.460 30638 30957 I JPEG_JNI: LeaveExeTask  module controller.background_task_controller 
04-15 16:47:41.460 30638 30957 I JPEG_JNI:  func process  
04-15 16:47:41.460 30638 30957 I JPEG_JNI:  input {"client":"infer"} 
04-15 16:47:41.460 30638 30957 I JPEG_JNI:  ret {}
04-15 16:47:41.560 30638 30957 I JPEG_JNI: EnterExeTask  controller.background_task_controller process {"client":"infer"}
04-15 16:47:41.561 30638 30957 I JPEG_JNI: LeaveExeTask  module controller.background_task_controller 
04-15 16:47:41.561 30638 30957 I JPEG_JNI:  func process  
04-15 16:47:41.561 30638 30957 I JPEG_JNI:  input {"client":"infer"} 
04-15 16:47:41.561 30638 30957 I JPEG_JNI:  ret {}
04-15 16:47:41.581  3590  8006 D OplusWifiPowerWakeupStats: IPV4_TCP_Packet wake up count 20
04-15 16:47:41.581  3590  8006 D OplusWifiPower_WakeupIp: com.v2ray.ang(43.155.214.***) wakeup host
04-15 16:47:41.598  3590  7344 V AlarmManager: sending alarm Alarm{363eea7 type 1 origWhen 1776242861598 whenElapsed 1290077012 android} uid 1000 whenElapsed 1290077012 windowLength 0 maxWhenElapsed 1290077012 repeatInterval 0 action null component null tag StorgaeBandInfoAlarmTag flags 0x9 procName system_server
04-15 16:47:41.598  3590 10338 E OplusStorageUFSBandwidth: storage_io_metrics_path is /proc/oplus_storage/io_metrics/forever/
04-15 16:47:41.599  3590 10338 E OplusStorageUFSBandwidth: Bandwidth - Read: 21.49 MB/s, Write: 0.50 MB/s
04-15 16:47:41.599  3590 10338 E OplusStorageUFSBandwidth: Task time: 1ms
04-15 16:47:41.599 14034 15132 D RadioProxyJ[0]: [105469127]> getRRCStatus
04-15 16:47:41.599 14034 15132 D RadioProxyJ[1]: [105469128]> getRRCStatus
04-15 16:47:41.599  2727  2862 D QmiNasClient: getRRCStatus - enter
04-15 16:47:41.599  3438  3493 D QmiNasClient: getRRCStatus - enter
04-15 16:47:41.600  3438  3975 D QmiNasClient: getRRCStatus callback - enter
04-15 16:47:41.600  3438  3975 D QmiNasClient: getRRCStatus result.rsp.rrcStatusInfo.rrcStatus = 0
04-15 16:47:41.600  2727  3977 D QmiNasClient: getRRCStatus callback - enter
04-15 16:47:41.600  2727  3977 D QmiNasClient: getRRCStatus result.rsp.rrcStatusInfo.rrcStatus = 0
04-15 16:47:41.600  3438  3493 D NasProxy: handleMessage msg is 4001
04-15 16:47:41.600  3438  3493 D RadioProxy: getRRCStatus : response cb for instance 1
04-15 16:47:41.600  2727  2862 D NasProxy: handleMessage msg is 4001
04-15 16:47:41.600  2727  2862 D RadioProxy: getRRCStatus : response cb for instance 0
04-15 16:47:41.601 14034 14677 D RadioProxyJ[0]: [105469127]< getRRCStatusResponse 0
04-15 16:47:41.601 14034 25134 D RadioProxyJ[1]: [105469128]< getRRCStatusResponse 0
04-15 16:47:41.601 14034 15132 D CoexRfService: report RRC state:false
04-15 16:47:41.601  3590 10338 E OplusStorageUFSBandwidth: Alarm set to trigger in 10 seconds
04-15 16:47:41.661 30638 30957 I JPEG_JNI: EnterExeTask  controller.background_task_controller process {"client":"infer"}
04-15 16:47:41.662 30638 30957 I JPEG_JNI: LeaveExeTask  module controller.background_task_controller 
04-15 16:47:41.662 30638 30957 I JPEG_JNI:  func process  
04-15 16:47:41.662 30638 30957 I JPEG_JNI:  input {"client":"infer"} 
04-15 16:47:41.662 30638 30957 I JPEG_JNI:  ret {}
04-15 16:47:41.701  2181 23599 E CwbService: Panel not support apl read or getDisplayPanelAplValue timeout 10ms.
04-15 16:47:41.702  2258  2258 D SensorFeature: name=ssc_screenshot_info ,index = 22
04-15 16:47:41.702  2258  2258 D SensorFeature: write 41 bytes:1290077097135334,1290077105468667,11245,0
04-15 16:47:41.715  3590  3830 W QosScheduler: executeSceneQosStrategy failed! qos feature no enable
04-15 16:47:41.716 13839 14674 D OplusLinkBoostSceneManager: handleAppSceneChange empty
04-15 16:47:41.716 15757 16102 W Battery : UadListener: onSceneStateChange, sceneId=19, type=7, windowinfos=[SceneListenerWindowInfo{mWindowMode=1, mPkgName=com.android.launcher, mUid=10214, mPid=8730, mIsGame=false, mIsCamera=false, mIsMiniFloat=false, mIsFocused=true}]
04-15 16:47:41.717 22359 22359 W OplusGameOptManager: getService fail.vendor.oplus.hardware.gameopt.IGameOptHalService/default
04-15 16:47:41.718 22359 22359 W OplusGameOptManager: getService fail.vendor.oplus.hardware.gameopt.IGameOptHalService/default
04-15 16:47:41.762  2113 28543 I sensors-hal: handle_oplus_wise_rgb_event:189, high_pwm_light:lux 390.1,cct 4588.3,brl/algo/ir 1426.0/2.0/51.5,pwm/dc 0.0/0.0,rgbc 18421.830078/11749.028320/6584.541016/33352.347656,ts 1290077079043686,cnt 4500,flag 11245
04-15 16:47:41.762  2113 29965 I sensors-hal: handle_oplus_wise_rgb_event:161, wise_rgb: (4500)(cct, lux, ir)[4588.28, 390.09, 51.456669] (r, g, b, c)[18421.83, 11749.03, 6584.54, 33352.35]                 (pwm, hbm, brl, algo)[0.0 0.0 1426.0 2.0], flag 11245
04-15 16:47:41.762 30638 30957 I JPEG_JNI: EnterExeTask  controller.background_task_controller process {"client":"infer"}
04-15 16:47:41.763 30638 30957 I JPEG_JNI: LeaveExeTask  module controller.background_task_controller 
04-15 16:47:41.763 30638 30957 I JPEG_JNI:  func process  
04-15 16:47:41.763 30638 30957 I JPEG_JNI:  input {"client":"infer"} 
04-15 16:47:41.763 30638 30957 I JPEG_JNI:  ret {}
04-15 16:47:41.811  3590  3875 D VRR [OPlusSAManager]: updateAutoMinfps for 4630946685746860179 with nits: 105.465, mHistOK true, mAmbientOK true, mCctOK true, mIrOK true, mBrightnessOK true, isPkgOK true, SA min fps: 119
04-15 16:47:41.811  2181  2181 I SDM     : DisplayBuiltIn::SetQSyncMode: VRR + update qsync mode 0 minfps 00C08181
04-15 16:47:41.811  2399  2620 I VRR-[OPlusRefreshRateSelector]: updateAutoMode success, display 0, mode 0, fakeframe 1, min fps: 1
04-15 16:47:41.812  2181  2437 E SDM     : DRMConnector::Perform: Connector 68: Setting Qsync min fps 12616065
04-15 16:47:41.863 30638 30957 I JPEG_JNI: EnterExeTask  controller.background_task_controller process {"client":"infer"}
04-15 16:47:41.864 30638 30957 I JPEG_JNI: LeaveExeTask  module controller.background_task_controller 
04-15 16:47:41.864 30638 30957 I JPEG_JNI:  func process  
04-15 16:47:41.864 30638 30957 I JPEG_JNI:  input {"client":"infer"} 
04-15 16:47:41.864 30638 30957 I JPEG_JNI:  ret {}
04-15 16:47:41.867 14034 15313 D CommonApp-288-10518: commonScoreStrategy scenarios low package
04-15 16:47:41.868 14034 15313 D CommonApp-291-10518: transport layer data is invalid
04-15 16:47:41.868 14034 15313 D ScorePolicy: handleScoreChanged: []
04-15 16:47:41.868 14034 15313 D ScorePolicy: handleScoreChanged: []
04-15 16:47:41.868 14034 15313 D ScorePolicy: handleScoreChanged: []
04-15 16:47:41.895 15031 15220 I Quality-ScreenOnOffLogProcessor: withInScreenOnOffRange mIsScreenOn:true refTime:1776242861395 mRecentScreenOnTime:1776242807518 mRecentScreenOffTime:1776242756788
04-15 16:47:41.896  8730  8730 I PantaCard.Lnch.InstantCard:  100335&1000001&1_sid=536877599_rk=ea6994,setAllowCardRefreshable refreshable:true[sdk:v1.3.122-1545084,seed-plugin:v16.1.126-d5777f7c,app:v16.4.22] [OplusLauncher|com.android.launcher|2.0.44-25e9612]
04-15 16:47:41.896  8730  8730 D CardView: 0x1081e1 io.iftech.quickapp.box setRefreshable true. refresh pending action
04-15 16:47:41.896  8730  8730 D CardView: 0x1081e1 io.iftech.quickapp.box setRefreshable true , completeRequestLayout false , completeRefresh false 
04-15 16:47:41.896  8730  8730 E [OPLUS_AFS_CONFIG]: Failed to open AFS config file: /proc/oplus_afs_config/afs_config
04-15 16:47:41.896  8730  8730 E AFS_CONFIG: Failed to get scene config
04-15 16:47:41.896  8730  8730 E OplusAfsManager: afsConfigSceneConfigGet sceneType is null
04-15 16:47:41.896  8730  9260 W Page    : setState : 3 (CAS: 2 -> 3)
04-15 16:47:41.896  8730  8730 E IJankManager: latencySceneEnd unknown scene 2 mScene:-1
04-15 16:47:41.896  8730  9077 D RemoteAnimationRunnerCompat: animationFinishedCallback start, transition id: 34132, multiOpenId: -1, isPredictiveBackBlockablAnim: false, mFinishCallback: android.window.IRemoteTransitionFinishedCallback$Stub$Proxy@8af7fad, mMultiRemoteCallback: null
04-15 16:47:41.897  8730  9260 W CardMonitor: {hash: 1081e1, url: hap://widget/io.iftech.quickapp.box/card/springFestivalCalendar2x2, action: onShow, engine: 10.4.1, versionCode: 129, versionName: 1.0.129, minPlatformVer: 1080, engineChange: false, js_tid: 1953}
04-15 16:47:41.897  8730  8730 I [UAH_CLIENT]: UahRelease, handle:750274
04-15 16:47:41.897  8730  1953 I JsConsole: ### App Framework ### 页面(8) "onShow"
