04-15 16:47:42.410 31992 31992 I binance.monitor: ThrowNoClassDefFoundError when open swordfish
04-15 16:47:42.410 31992 31992 I binance.monitor: ThrowNoClassDefFoundError when open swordfish
04-15 16:47:42.410 31992 31992 I binance.monitor: ThrowNoClassDefFoundError when open swordfish
04-15 16:47:42.410 31992 31992 I binance.monitor: ThrowNoClassDefFoundError when open swordfish
04-15 16:47:42.410 31992 31992 I binance.monitor: ThrowNoClassDefFoundError when open swordfish
04-15 16:47:42.410 31992 31992 I binance.monitor: ThrowNoClassDefFoundError when open swordfish
04-15 16:47:42.410 31992 31992 I binance.monitor: ThrowNoClassDefFoundError when open swordfish
04-15 16:47:42.410 31992 31992 I binance.monitor: ThrowNoClassDefFoundError when open swordfish
04-15 16:47:42.410 31992 31992 I binance.monitor: ThrowNoClassDefFoundError when open swordfish
04-15 16:47:42.414  8338  8397 D AdfrV32FrameRateUtils: animationVelocityCalculator: nullbounds: 0 0 1264 2780
04-15 16:47:42.414  8338  8397 D AdfrV32FrameRateUtils: animationVelocityCalculator: nullbounds: 0 0 1264 2780
04-15 16:47:42.417  3590  8832 I ActivityManager: Flag disabled. Ignoring finishAttachApplication from uid: 10518. pid: 31992
04-15 16:47:42.418  3590  8832 I [UAH_CLIENT]: UahEventAcquire, cmdid:2, pkg:none, identity:OplusActivityManagerServiceEnhance
04-15 16:47:42.419  2391  2391 D GpuServiceExtImpl: getRUSWhiteList  size 2
04-15 16:47:42.419 31992 31992 I HWUI    : SupportApps size 2
04-15 16:47:42.419 31992 31992 D ExtensionsLoader: createInstance(64bit) : createExtendedFactory
04-15 16:47:42.420 31992 31992 D ExtensionsLoader: Opened libSchedAssistExtImpl.so
04-15 16:47:42.420 31992 32066 D ExtensionsLoader: createInstance(64bit) : createExtendedFactory
04-15 16:47:42.420 31992 31992 E SchedAssist: open sharedFd failed with error=Permission denied
04-15 16:47:42.420 31992 31992 E SchedAssist: open sharedFd failed with error=Permission denied
04-15 16:47:42.420 31992 31992 E SchedAssist: open sharedFd failed with error=Permission denied
04-15 16:47:42.421 31992 32066 D ExtensionsLoader: Opened libSchedAssistExtImpl.so
04-15 16:47:42.421 31992 32066 I DisplayManager: Choreographer implicitly registered for the refresh rate.
04-15 16:47:42.422 31992 31992 I binance.monitor: AssetManager2(0xb400007246ca0a28) locale list changing from [] to [zh-CN]
04-15 16:47:42.422 31992 31992 D ResourcesManagerExtImpl: applyConfigurationToAppResourcesLocked app.getDisplayId() return callback.displayId:0
04-15 16:47:42.422  8338  8397 D AdfrV32FrameRateUtils: animationVelocityCalculator: nullbounds: 0 0 1264 2780
04-15 16:47:42.422  8338  8397 D AdfrV32FrameRateUtils: animationVelocityCalculator: nullbounds: 0 0 1264 2780
04-15 16:47:42.427 31992 32066 D colorx  : I can't find colorx layer , let's enumerate colorx layers first.
04-15 16:47:42.427 31992 31992 D AppCompatDelegate: Checking for metadata for AppLocalesMetadataHolderService : Service not found
04-15 16:47:42.428 31992 31992 I binance.monitor: AssetManager2(0xb400007246ca0d28) locale list changing from [] to [zh-CN]
04-15 16:47:42.429 31992 31992 E ashmem  : Pinning is deprecated since Android Q. Please use trim or other methods.
04-15 16:47:42.430  8338  8397 D AdfrV32FrameRateUtils: animationVelocityCalculator: nullbounds: 0 0 1264 2780
04-15 16:47:42.431  8338  8397 D AdfrV32FrameRateUtils: animationVelocityCalculator: nullbounds: 0 0 1264 2780
04-15 16:47:42.433 31992 31992 E OplusPredictiveBackController:  NoSuchMethodException 
04-15 16:47:42.433 31992 31992 E OplusPredictiveBackController:  NoSuchMethodException 
04-15 16:47:42.433 31992 31992 E OplusPredictiveBackController:  NoSuchMethodException 
04-15 16:47:42.433 31992 31992 D OplusPredictiveBackController: initPredictiveBackConfig for com.binance.monitor.ui.main.MainActivity@7d81c29 initPredictiveBackConfig mShouldInterceptKeyEvent false
04-15 16:47:42.434  2226  2226 I qspmHal : enter getGpuProf at: -1873598111
04-15 16:47:42.434 31992 31992 D WindowOnBackDispatcher:  predictive settings is disabled for com.binance.monitor
04-15 16:47:42.434  2226  2226 I qspmHal : Coudn't match the GFX PID 31992 to AT PID 31997. Checking in local cache.
04-15 16:47:42.434  2226  2226 I qspmHal : Found the GFX PID in cache
04-15 16:47:42.434  2226  2226 I qspmHal : PID 31992 from GFX matched.
04-15 16:47:42.434  2226  2226 I qspmHal : gpuProfName:com.binance.monitor-gpu - gpu prof_info.path:/data/vendor/gaming/com.binance.monitor-gpu
04-15 16:47:42.434  2226  2226 E qspmHal : GPU profile file NOT found !!
04-15 16:47:42.434 31992 32066 I AdrenoVK-0: ===== BEGIN DUMP OF OVERRIDDEN SETTINGS =====
04-15 16:47:42.434 31992 32066 I AdrenoVK-0: ===== END DUMP OF OVERRIDDEN SETTINGS =====
04-15 16:47:42.434  3590  7998 I [UAH_CLIENT]: UahEventAcquire, cmdid:2, pkg:none, identity:com.android.server.wm
04-15 16:47:42.434  3590  8838 D WindowManager: NFW_setClientVisible:ActivityRecord{57381663 u0 com.binance.monitor/.ui.host.MainHostActivity clientVisible:true
04-15 16:47:42.434  3590  8838 V GrammaticalInflectionUtils: AttributionSource: android.content.AttributionSource@1a5dab44 does not have READ_SYSTEM_GRAMMATICAL_GENDER permission.
04-15 16:47:42.435  3590  8838 D OplusCompatModeManagerService: getRequestedConfigurationOrientation  res:1,req:1,config.old:0,config.new:0,ActivityRecord{57381663 u0 com.binance.monitor/.ui.host.MainHostActivity t-1}
04-15 16:47:42.435  3590  8838 D OplusCompatModeManagerService:  onPreActivityRecordConfigurationChanged {0.0 ?mcc??mnc ?localeList ?layoutDir ?swdp ?wdp ?hdp ?density ?lsize ?long ?ldr ?wideColorGamut ?orien ?uimode ?night ?touch ?keyb/?/? ?nav/? winConfig={ mBounds=Rect(0, 0 - 0, 0) mAppBounds=null mMaxBounds=Rect(0, 0 - 0, 0) mDisplayRotation=undefined mWindowingMode=undefined mActivityType=undefined mAlwaysOnTop=undefined mRotation=undefined} ?fontWeightAdjustmentmThemeChanged= 0, mThemeChangedFlags= 0, mFlipFont= 0, mScenario= -1, mAccessibleChanged= 0, mUxIconConfig= 0, mMaterialColor= ffffffffffffffff, mUserId= -1, mFontUserId= -1, mFontVariationSettings= ffffffff, mFoldingAngle = -1.0, mIconPackName= , mDarkModeBackgroundMaxL= -1.0, mDarkModeDialogBgMaxL= -1.0, mDarkModeForegroundMinL= -1.0, mOplusConfigType= 0, mOplusChangedConfigs= 0, OpSans= -1, mBurmeseFontFlag= -1, mFlag= 0, mExtraFlag= 0, mFlexibleActivitySuitable= -1, mPuttDisplayFlag= -1}
04-15 16:47:42.435  3590  8838 D OplusCompatModeManagerService:  disable:true,valid:false,computeReq:1,isGameRatio:false
04-15 16:47:42.435  3590  8838 D OplusCompatModeManagerService:  getOverrideMinAspectRatioForCompatMode: 0.0 getRawOverrideMinAspectRatioForCompatMode: 0.0
04-15 16:47:42.435  3590  8838 D OplusCompatModeManagerService:  ar : ActivityRecord{57381663 u0 com.binance.monitor/.ui.host.MainHostActivity t-1} displayId:-1 inCompatMode: false
04-15 16:47:42.435  3590  8838 D OplusCompatModeManagerService: isDefaultDisplay true oldRect: Rect(0, 0 - 0, 0) newRect Rect(0, 0 - 0, 0)
04-15 16:47:42.435  3590  8838 D OplusCompatModeManagerService: reloadCompactRatio mParWorldContainer.isEnabledParallelWindow(pkg):false,mParWorldContainer.isDisabledCompactWindow:false,isUIAutoLayout:false, isFullOrientation: false
04-15 16:47:42.435  3590  8838 D FlexibleTaskController: isSupportFlexibleWindow target = com.binance.monitor/.ui.host.MainHostActivity callPkg = FlexibleTaskController support = true ,caller = 3590
04-15 16:47:42.435  3590  8838 D ActivityStarterExtImpl: checkOpMode: 3
04-15 16:47:42.435  3590  8838 D FlexibleWindowManagerService: isIgnoreAppearedAcrossTask:false
04-15 16:47:42.435  3590  8838 D ActivityStarterExtImpl: setForceUpdateWindow, targetTask = Task{2132308 #13657 type=standard A=10518:com.binance.monitor} r = ActivityRecord{57381663 u0 com.binance.monitor/.ui.host.MainHostActivity t-1} notFinish =false
04-15 16:47:42.435  3590  8838 D FlexibleWindowManagerService: isIgnoreAppearedAcrossTask:false
04-15 16:47:42.435  3590  8838 D FlexibleTaskController: adjustOptionsForFlexibleTask skip adjust options reason:4
04-15 16:47:42.435  3590  8838 I InsensibleTaskController: adjustOptionsForInsensibleTask targetTask is resuse so not pureInsensibleOptions
04-15 16:47:42.435  3590  8838 D FlexibleTaskController: isSupportFlexibleWindow target = com.binance.monitor/.ui.host.MainHostActivity callPkg = FlexibleTaskController support = true ,caller = 3590
04-15 16:47:42.435  3590  8838 D FlexibleWindowManagerService: no reused task found for ActivityRecord{57381663 u0 com.binance.monitor/.ui.host.MainHostActivity t-1}
04-15 16:47:42.435  3590  8838 D ActivityStarterExtImpl: isLaunchingRootActivity = false
04-15 16:47:42.435  3590  8838 D ActivityStarterExtImpl: resume targetTask isVisibleRequested is true or in SkipCheckedList, need resume:targetTask=Task{2132308 #13657 type=standard A=10518:com.binance.monitor}
04-15 16:47:42.435  3590  8480 I OPM     : handleActivityStart : ActivityRecord{57381663 u0 com.binance.monitor/.ui.host.MainHostActivity t-1}
04-15 16:47:42.435  3590  8838 D OplusCompatModeManagerService: getRequestedConfigurationOrientation  res:1,req:1,config.old:0,config.new:1,ActivityRecord{57381663 u0 com.binance.monitor/.ui.host.MainHostActivity t13657}
04-15 16:47:42.435  3590  8838 D OplusCompatModeManagerService:  onPreActivityRecordConfigurationChanged {1.15 ??mcc??mnc [zh_CN,en_US] ldltr sw361dp w361dp h794dp 560dpi nrml long hdr widecg port night finger -keyb/v/h -nav/h winConfig={ mBounds=Rect(0, 0 - 1264, 2780) mAppBounds=Rect(0, 0 - 1264, 2780) mMaxBounds=Rect(0, 0 - 1264, 2780) mDisplayRotation=ROTATION_0 mWindowingMode=fullscreen mActivityType=standard mAlwaysOnTop=undefined mRotation=ROTATION_0} as.10 s.14339 fontWeightAdjustment=0mThemeChanged= 1, mThemeChangedFlags= 1, mFlipFont= 0, mScenario= 0, mAccessibleChanged= -1, mUxIconConfig= 1e177014640920, mMaterialColor= 100040017, mUserId= 0, mFontUserId= 0, mFontVariationSettings= 11d7, mFoldingAngle = -1.0, mIconPackName= , mDarkModeBackgroundMaxL= 8.0, mDarkModeDialogBgMaxL= 27.0, mDarkModeForegroundMinL= 100.0, mOplusConfigType= 1, mOplusChangedConfigs= 0, OpSans= -1, mBurmeseFontFlag= 2, mFlag= 0, mExtraFlag= 0, mFlexibleActivitySuitable= -1, mPuttDisplayFlag= -1}
04-15 16:47:42.435  3590  8838 D OplusCompatModeManagerService:  disable:true,valid:false,computeReq:1,isGameRatio:false
04-15 16:47:42.435  3590  8838 D OplusCompatModeManagerService:  getOverrideMinAspectRatioForCompatMode: 0.0 getRawOverrideMinAspectRatioForCompatMode: 0.0
04-15 16:47:42.435  3590  8838 D OplusCompatModeManagerService:  ar : ActivityRecord{57381663 u0 com.binance.monitor/.ui.host.MainHostActivity t13657} displayId:0 inCompatMode: false
04-15 16:47:42.435  3590  8838 D OplusCompatModeManagerService: isDefaultDisplay true oldRect: Rect(0, 0 - 0, 0) newRect Rect(0, 0 - 1264, 2780)
04-15 16:47:42.435  3590  8838 D OplusCompatModeManagerService: reloadCompactRatio mParWorldContainer.isEnabledParallelWindow(pkg):false,mParWorldContainer.isDisabledCompactWindow:false,isUIAutoLayout:false, isFullOrientation: false
04-15 16:47:42.436 31992 32066 D qdgralloc: Fetching IMapper5 from QtiMapper5
04-15 16:47:42.436  3590  8838 D SecondaryPageStartupPolicy: checkSecondaryPageStartupStatus not support sourcePackage=com.binance.monitor
04-15 16:47:42.436  3590  8838 D OplusStartingWindowManager: we don't revise window flags for third app
04-15 16:47:42.436  3590  8838 D ActivityTaskManager: validateStartingWindowTheme:  Pkg=com.binance.monitor, Translucent=false, Floating=false, ShowWallpaper=false, Disable=false, LaunchSource=4, Prev=ActivityRecord{154006266 u0 com.binance.monitor/.ui.main.MainActivity t13657}, LaunchedFromPackage=com.binance.monitor
04-15 16:47:42.436  3590  8838 D ActivityTaskManager: addStartingWindow for ActivityRecord{57381663 u0 com.binance.monitor/.ui.host.MainHostActivity t13657}, mainWin=null, state=INITIALIZING, isKeyguardLocked=false, isKeyguardGoingAway=false
04-15 16:47:42.436  3590  8838 D ActivityTaskManager: getStartingWindowType: , newTask=false, taskSwitch=false, processRunning=true, allowTaskSnapshot=true, activityCreated=false, activityAllDrawn=false, snapshot exist: false
04-15 16:47:42.436  3590  8838 D ActivityRecordExtImpl: handleStartingWindowForCompactWindow origin type:0, adjustType : 0
04-15 16:47:42.436  3590  8838 D ActivityTaskManager: Moving existing StartingWindow Window{f199e26 u0 Splash Screen com.binance.monitor} from ActivityRecord{154006266 u0 com.binance.monitor/.ui.main.MainActivity t13657} to ActivityRecord{57381663 u0 com.binance.monitor/.ui.host.MainHostActivity t13657}
04-15 16:47:42.436  3590  8838 D ActivityTaskManager: Removing StartingWindow Window{f199e26 u0 Splash Screen com.binance.monitor} from ActivityRecord{154006266 u0 com.binance.monitor/.ui.main.MainActivity t13657}
04-15 16:47:42.436  3590  8838 D WindowManager: NFW_findFocusedWindowIfNeeded:null mCurrentFocus:null
04-15 16:47:42.436  3590  8838 D ActivityTaskManager: skip transferStartingWindow  from: ActivityRecord{154006266 u0 com.binance.monitor/.ui.main.MainActivity t13657}
04-15 16:47:42.436  3590  8838 D OplusWindowAnimationManager: applyNoAnimationForResumed resumed: ActivityRecord{154006266 u0 com.binance.monitor/.ui.main.MainActivity t13657}
04-15 16:47:42.436  3590  8838 D ActivityTrigger: ActivityTrigger activityPauseTrigger 
04-15 16:47:42.437  3590  8838 D InsetsSourceProvider: updateSourceFrameForServerVisibility mandatorySystemGestures EMPTY_RECT
04-15 16:47:42.437  8338  8381 V WindowManagerShell: Transition requested (#34134): android.os.BinderProxy@1f02030 TransitionRequestInfo { type = OPEN, triggerTask = TaskInfo{userId=0 taskId=13657 effectiveUid=10518 displayId=0 isRunning=true baseIntent=Intent { flg=0x10000000 cmp=com.binance.monitor/.ui.main.MainActivity mCallingUid=2000 } baseActivity=ComponentInfo{com.binance.monitor/com.binance.monitor.ui.main.MainActivity} topActivity=ComponentInfo{com.binance.monitor/com.binance.monitor.ui.host.MainHostActivity} origActivity=null realActivity=ComponentInfo{com.binance.monitor/com.binance.monitor.ui.main.MainActivity}
04-15 16:47:42.437  8338  8381 V WindowManagerShell:  numActivities=2 lastActiveTime=1290077850 supportsSplitScreenMultiWindow=true supportsMultiWindow=true supportsPocketStudioMultiWindow=true isInFlexibleEmbedded = false uid = 10518 pid = 0 resizeMode=1 isResizeable=true minWidth=-1 minHeight=-1 defaultMinSize=220 token=WCT{android.window.IWindowContainerToken$Stub$Proxy@22c84a9} topActivityType=1 pictureInPictureParams=null shouldDockBigOverlays=false launchIntoPipHostTaskId=-1 lastParentTaskIdBeforePip=-1 displayCutoutSafeInsets=Rect(0, 0 - 0, 0)
04-15 16:47:42.437  8338  8381 V WindowManagerShell:  topActivityInfo=ActivityInfo{1162a2e com.binance.monitor.ui.host.MainHostActivity} launchCookies=[] positionInParent=Point(0, 0) parentTaskId=-1 isFocused=true isVisible=true isVisibleRequested=true isTopActivityNoDisplay=false isSleeping=false locusId=null displayAreaFeatureId=1 isTopActivityTransparent=false isActivityStackTransparent=false lastNonFullscreenBounds=Rect(330, 828 - 935, 2092) capturedLink=null capturedLinkTimestamp=0 requestedVisibleTypes=-9 topActivityRequestOpenInBrowserEducationTimestamp=0
04-15 16:47:42.437  8338  8381 V WindowManagerShell:  appCompatTaskInfo=AppCompatTaskInfo { topActivityInSizeCompat=false topActivityInOplusCompatMode=false eligibleForLetterboxEducation= false isLetterboxEducationEnabled= false isLetterboxDoubleTapEnabled= false eligibleForUserAspectRatioButton= false topActivityBoundsLetterboxed= false isFromLetterboxDoubleTap= false topActivityLetterboxVerticalPosition= -1 topActivityLetterboxHorizontalPosition= -1 topActivityLetterboxWidth=-1 topActivityLetterboxHeight=-1 topActivityAppBounds=Rect(0, 140 - 1264, 2780) isUserFullscreenOverrideEnabled=false isSystemFullscreenOverrideEnabled=false hasMinAspectRatioOverride=false topActivityLetterboxBounds=null cameraCompatTaskInfo=CameraCompatTaskInfo { freeformCameraCompatMode=inactive}} topActivityMainWindowFrame=null topActivityLetterboxInsets=Rect(0, 0 - 0, 0)
04-15 16:47:42.437  8338  8381 V WindowManagerShell:  mOplusExtraBundle = Bundle[mParcelledData.dataSize=1468]}, pipChange = null, remoteTransition = null, displayChange = null, flags = 0, debugId = 34134 }
04-15 16:47:42.437  3590  8838 D InsetsSourceProvider: updateSourceFrameForServerVisibility mandatorySystemGestures EMPTY_RECT
04-15 16:47:42.437  8338  8381 D ShellSplitScreen: logExit: no-op, mLoggerSessionId is null
04-15 16:47:42.437  3590  8838 I TaskOrganizerController: onTaskInfoChanged taskid 1 config { mBounds=Rect(0, 0 - 1264, 2780) mAppBounds=Rect(0, 0 - 1264, 2780) mMaxBounds=Rect(0, 0 - 1264, 2780) mDisplayRotation=ROTATION_0 mWindowingMode=fullscreen mActivityType=home mAlwaysOnTop=undefined mRotation=ROTATION_0}
04-15 16:47:42.437  3590  8838 D OplusFlexibleDragToSplitAnimController: visibleFlexibleTaskInfos delete:1
04-15 16:47:42.438  3590  8838 E FlexibleWindowManagerService: notifyTaskObserverToAttachController not need to notify!
04-15 16:47:42.438  3590  8838 I FlexibleWindowManagerService: onFlexibleWindowTaskInfoChanged, return for cur task not embedded
04-15 16:47:42.438  3590  8838 I TaskOrganizerController: onTaskInfoChanged taskid 13657 config { mBounds=Rect(0, 0 - 1264, 2780) mAppBounds=Rect(0, 0 - 1264, 2780) mMaxBounds=Rect(0, 0 - 1264, 2780) mDisplayRotation=ROTATION_0 mWindowingMode=fullscreen mActivityType=standard mAlwaysOnTop=undefined mRotation=ROTATION_0}
04-15 16:47:42.438  3590  8838 D OplusFlexibleDragToSplitAnimController: visibleFlexibleTaskInfos delete:13657
04-15 16:47:42.438  3590  8838 E FlexibleWindowManagerService: notifyTaskObserverToAttachController not need to notify!
04-15 16:47:42.438  3590  8838 I FlexibleWindowManagerService: onFlexibleWindowTaskInfoChanged, return for cur task not embedded
04-15 16:47:42.438  3590  8838 I ActivityTaskManager: START u0 {flg=0x24000000 xflg=0x4 cmp=com.binance.monitor/.ui.host.MainHostActivity (has extras) mCallingUid=10518} with LAUNCH_MULTIPLE from uid 10518 (sr=154006266) (BAL_ALLOW_VISIBLE_WINDOW (callingUid has visible window)) result code=0
04-15 16:47:42.438  8338  8381 D ShellTaskOrganizerExt: visibleFlexibleTaskInfos delete:1
04-15 16:47:42.438  8338  8381 D ShellTaskOrganizerExt: isOnCanvas size:0
04-15 16:47:42.438  8338  8381 D ShellTaskOrganizerExt: isOnThreeFlexibleCanvas size:0
04-15 16:47:42.438  8338  8381 D ShellTaskOrganizerExt: visibleFlexibleTaskInfos delete:13657
04-15 16:47:42.438  8338  8381 D ShellTaskOrganizerExt: isOnCanvas size:0
04-15 16:47:42.438 31992 31992 D ActivityClient: activity finished by caller: android.app.Activity.finish:7644 android.app.Activity.finish:7661 com.binance.monitor.ui.main.MainActivity.onCreate:21 android.app.Activity.performCreate:9400 android.app.Activity.performCreate:9372 android.app.Instrumentation.callActivityOnCreate:1541 android.app.ActivityThread.performLaunchActivity:4628 android.app.ActivityThread.handleLaunchActivity:4851 android.app.servertransaction.LaunchActivityItem.execute:242 android.app.servertransaction.TransactionExecutor.executeNonLifecycleItem:138 
04-15 16:47:42.438  8338  8381 D ShellTaskOrganizerExt: isOnThreeFlexibleCanvas size:0
04-15 16:47:42.439  8338  8397 D AdfrV32FrameRateUtils: animationVelocityCalculator: nullbounds: 0 0 1264 2780
04-15 16:47:42.439  8338  8397 D AdfrV32FrameRateUtils: animationVelocityCalculator: nullbounds: 0 0 1264 2780
04-15 16:47:42.439 31992 31992 I oplus.android.OplusFrameworkFactoryImpl: Unknow feature:IOplusTextViewRTLUtilForUG
04-15 16:47:42.441 31992 31992 D DesktopModeFlags: Toggle override initialized to: OVERRIDE_UNSET
04-15 16:47:42.444 31992 32066 I SnapAlloc: Graphics lib is available
04-15 16:47:42.445 31992 31992 D ActivityThread: ComponentInfo{com.binance.monitor/com.binance.monitor.ui.main.MainActivity} checkFinished=true 1
04-15 16:47:42.446 31992 31992 D ActivityThread: ComponentInfo{com.binance.monitor/com.binance.monitor.ui.main.MainActivity} checkFinished=true 1
04-15 16:47:42.446  3590  8832 I OplusAccessController: enter isIgnoreAppSwitchActivity
04-15 16:47:42.446  3590  8832 I OplusAccessController: enter isIgnoreAppSwitchActivity and intent != null
04-15 16:47:42.446  3590  8832 I OplusAccessController: enter isIgnoreAppSwitchActivity and componentName != null
04-15 16:47:42.446  3590  8832 I OplusAccessController: enter isIgnoreAppSwitchActivity and packageName&activity is not Empty
04-15 16:47:42.446  3590  8832 D ActivityTaskManager: setAppVisibility(Token{7028aa1 ActivityRecord{154006266 u0 com.binance.monitor/.ui.main.MainActivity t13657 f}}}, visible=false):  visible=true mVisibleRequested=true
04-15 16:47:42.446  3590  7959 D BackgroundInstallControlService: Package event received: 0
04-15 16:47:42.446  3590  8832 D ActivityTaskManager: setVisibility(Token{7028aa1 ActivityRecord{154006266 u0 com.binance.monitor/.ui.main.MainActivity t13657 f}}}, visible=false) defer commitVisibility for transition collecting
04-15 16:47:42.447  3590  8832 D RefreshRate: don't do app switch boost,arDisplayId:0 mDisplayId:0 currentSettingMode:0 hasAppSwitchBoostPriority:true is supportRefreshRateSwitch:true
04-15 16:47:42.447  3590  8832 I ActivityTaskManager: The Process com.binance.monitor Already Exists in BG. So sending its PID: 31992
04-15 16:47:42.447  2013  2036 E statsd  : Stats puller failed for tag: 150134 at 1290077860815073
04-15 16:47:42.447  3590  8832 D FlexibleTaskController: isFullToFlexibleAnimating: false
04-15 16:47:42.447  3590  8832 D WindowManager: rotation(ROTATION_0) no changed  displayId = 0, lastOrientation = 1
04-15 16:47:42.447  3590  8832 I TaskOrganizerController: onTaskInfoChanged taskid 13657 config { mBounds=Rect(0, 0 - 1264, 2780) mAppBounds=Rect(0, 0 - 1264, 2780) mMaxBounds=Rect(0, 0 - 1264, 2780) mDisplayRotation=ROTATION_0 mWindowingMode=fullscreen mActivityType=standard mAlwaysOnTop=undefined mRotation=ROTATION_0}
04-15 16:47:42.447  8338  8397 D AdfrV32FrameRateUtils: animationVelocityCalculator: nullbounds: 0 0 1264 2780
04-15 16:47:42.447  3590  8832 D OplusVisibleTasks:  notifyTasksNumChange no need to notify.
04-15 16:47:42.447  3590  8832 D OplusFlexibleDragToSplitAnimController: visibleFlexibleTaskInfos delete:13657
04-15 16:47:42.447  3590  8832 E FlexibleWindowManagerService: notifyTaskObserverToAttachController not need to notify!
04-15 16:47:42.447  3590  8832 I FlexibleWindowManagerService: onFlexibleWindowTaskInfoChanged, return for cur task not embedded
04-15 16:47:42.447  3590  8832 E OplusDexOptimizeManager: pkgSetting or primaryCpuAbi is null for package: com.binance.monitor
04-15 16:47:42.447  3590  8832 D OplusFeatureColorMode: ColorMode getColorMode =0
04-15 16:47:42.447  3590  8832 D ColorDisplayServiceExtImpl: getWCGVersion1App, packageName=com.binance.monitor, sSupportWCG1 = true, sSupportWCG3 = false, nRet = 0
04-15 16:47:42.447  8338  8381 D ShellTaskOrganizerExt: visibleFlexibleTaskInfos delete:13657
04-15 16:47:42.447  8338  8381 D ShellTaskOrganizerExt: isOnCanvas size:0
04-15 16:47:42.447  8338  8381 D ShellTaskOrganizerExt: isOnThreeFlexibleCanvas size:0
04-15 16:47:42.447  8338  8397 D AdfrV32FrameRateUtils: animationVelocityCalculator: nullbounds: 0 0 1264 2780
04-15 16:47:42.447  3590  8480 I OPM     : handlePackageLaunched pkg: com.binance.monitor, uid: 10518, pid: 31992
04-15 16:47:42.448  3590  8832 D ActivityTaskManager: NFW_setLastResumedActivityUncheckLocked:true r:ActivityRecord{57381663 u0 com.binance.monitor/.ui.host.MainHostActivity t13657} currentFocus:null
04-15 16:47:42.448  3590  8832 D WindowManager: NFW_findFocusedWindowIfNeeded:null mCurrentFocus:null
04-15 16:47:42.448 31992 32023 D ColorModeChangeItem: preExecute mColorMode=0
04-15 16:47:42.448  3590  8591 D OplusAppSwitchRuleInfo: generateActivityEnterInfo - launch_source_type =  , launch_source_traceid = 
04-15 16:47:42.448  3590  8591 D OplusAppSwitchRuleInfo: generateActivityEnterInfo - launch_source_type =  , launch_source_traceid = 
04-15 16:47:42.448  2013  2036 E statsd  : Stats puller failed for tag: 150134 at 1290077862402104
04-15 16:47:42.448  2013  2036 I statsd  : An anomaly (104240000001) (42)0x10000->10518[I] (42)0x20000->com.binance.monitor[S] (42)0x30000->.ui.host.MainHostActivity[S]  has occurred! Informing subscribers.
04-15 16:47:42.448  3590  8832 D InsetsSourceProvider: updateSourceFrameForServerVisibility mandatorySystemGestures EMPTY_RECT
04-15 16:47:42.449  3590  7959 D BackgroundInstallControlService: Package event received: 0
04-15 16:47:42.449  3590  8832 D WindowManager: onSyncFinishedDrawing: Window{f199e26 u0 Splash Screen com.binance.monitor}
04-15 16:47:42.449  3590  8832 E OplusAppQuickStart_AppQuickStartController: not start from launcher transition:34134
04-15 16:47:42.449  3590  8832 D Transition: collectOrderChanges onTopTasksEnd: [Task{2132308 #13657 type=standard A=10518:com.binance.monitor}], reportedOnTop:null, mOnTopTasksStart: [Task{2132308 #13657 type=standard A=10518:com.binance.monitor}], TDA child: [Task{2ae848 #3 type=undefined}, Task{27ab287 #13593 type=standard A=10359:com.autonavi.minimap}, Task{7c2b3b8 #13594 type=standard A=10362:com.sdu.didi.psnger nonResizable}, Task{c79fbfc #13599 type=standard A=10339:com.xingin.xhs}, Task{5a86dae #13617 type=standard A=10471:com.netease.mail}, Task{f7dd502 #13598 type=standard A=10306:com.binance.dev}, Task{2e6ca9a #13638 type=standard A=10469:net.metaquotes.metatrader5}, Task{cd010fc #13636 type=standard A=10337:com.taobao.idlefish}, Task{1113bb8 #13597 type=standard A=10345:com.tencent.mm}, Task{1b9ad4c #1 type=home}, Task{2132308 #13657 type=standard A=10518:com.binance.monitor}]
04-15 16:47:42.449  3590  8832 D OplusFlexibleActivityTransitionManager: fixTransitType type result:1, targets: [ChangeInfo{95f207a container=ActivityRecord{57381663 u0 com.binance.monitor/.ui.host.MainHostActivity t13657} flags=0x0}, ChangeInfo{1c2302b container=ActivityRecord{154006266 u0 com.binance.monitor/.ui.main.MainActivity t13657 f}} flags=0x0}]
04-15 16:47:42.449 31992 32066 I Adreno-UNKNOWN: Using previously loaded IMapper library.
04-15 16:47:42.449  3590  8832 D OplusTransitionAnimationManager: activityRecordCount1fullScreenArBeHindStartingWindow null
04-15 16:47:42.449  3590  8832 D OplusTransitionAnimationManager: activityRecordCount1fullScreenArBeHindStartingWindow null
04-15 16:47:42.450  3590  8832 D OplusTransitionAnimationManager: Transition abort due to no main window, id: 34134, ActivityRecord{154006266 u0 com.binance.monitor/.ui.main.MainActivity t13657 f}}
04-15 16:47:42.450  3590  8832 D OplusTransitionAnimationManager: Transition id = 34134 will abort on wmshell, reason: 2
04-15 16:47:42.450  3590  8832 D QuickBackInputPolicy: resetInputInterceptState for remoteTransition: false
04-15 16:47:42.450  3590  8832 D OplusTransitionController: onTransactionReady, transition: 34134, info: {id=34134 t=OPEN f=0x0 trk=0 r=[0@Point(0, 0)] c=[{m=OPEN f=STARTING_WINDOW_TRANSFER|FILLS_TASK|IS_BEHIND_STARTING_WINDOW leash=Surface(name=ActivityRecord{57381663 u0 com.binance.monitor/.ui.host.MainHostActivity t13657})/@0xeb1b621 sb=Rect(0, 0 - 0, 0) eb=Rect(0, 0 - 1264, 2780) epz=Point(1264, 2780) d=-1->0 r=-1->0:-1 bc=fffef7ff component=com.binance.monitor/.ui.host.MainHostActivity},{m=CLOSE f=FILLS_TASK|IS_BEHIND_STARTING_WINDOW|IS_OCCLUDED leash=Surface(name=ActivityRecord{154006266 u0 com.binance.monitor/.ui.main.MainActivity t13657})/@0x5aeca46 sb=Rect(0, 0 - 1264, 2780) eb=Rect(0, 0 - 1264, 2780) epz=Point(1264, 2780) d=0 bc=fffef7ff component=com.binance.monitor/.ui.main.MainActivity}] 
04-15 16:47:42.450  3590  8832 D OplusTransitionController: extendInfo=[
04-15 16:47:42.450  3590  8832 D OplusTransitionController:  OplusTransitionExtendedInfo{mTmpFinishT=null, mInOplusCompatMode=false, mIsProcessRunning=false, mHasMismatchBoundsTarget=false, mRecentsController=null, mRemoteTransition=null, mIsTranslucentActivityToHome=false, mAvoidInterceptKeyEventToHome=false, mIsFromHome=false, mParentLeash=null, mBackAnimClosingLeash=null, mIsOplusAnimRes=false, mKeepBgForContinuous=false, mIsBalAllow=false, mTaskNotInRecent=false, mIsPredictiveBackAnim=false, mIsMergedWithPredictive=false, mIsLaunchFromSpruce=false, mIsLaunchFromDrive=false, mGlobalSearchPageSwitch=false, mNeedNoAlphaGlobalSearchScene=false, mAssistScreenShowing=false, mSwipeUpBrowserScreenShowing=false, mUserIdTransition=-1
04-15 16:47:42.450  3590  8832 D OplusTransitionController: , mInRemoteScene=false, mInPreReady=false, mPreStart=false, mToken=null, mAbortByRemoteFromHome=false, mShellApplyToken=null, mRequestTransitionTaskId=13657, mAbortTransitionOnShell=2, mStartFromShortcut=false, mRemovedTaskId=-1, mTransitionInterruptType=0, mMergeSecondTaskId=-1, mTaskIdStartFromRecents=0, mTransitionId=34134, mCanUseSpringSlideAnim=false, mTransitionLaunchFrom=0, mFoldChangeType=-1, mAnimStartingPosition=[0, 0, 0, 0], mIsOpeningStkDialogActivity=false, mSecondaryHomeToFrontWhenUnFolding=false, mIsNeedApplyStartTForEmbedded=false
04-15 16:47:42.450  3590  8832 D OplusTransitionController: , mNeedCanvasExitAnim=false, mMergeSecondTaskAnimation=false, mIsLaunchUnityStart=false, mIsLaunchFromAssistantByDefault=false, mSkipRemoteTransitionfalse, mIsStartFromKeyguard=false flags=0x0, mWCT=null, mIsOpenMergeToInValidPredictive=false, mPromoteTaskWhenKeyguard-1, mRootLayerZOrderArray={}}]}, targets : [ChangeInfo{95f207a container=ActivityRecord{57381663 u0 com.binance.monitor/.ui.host.MainHostActivity t13657} flags=0x0}, ChangeInfo{1c2302b container=ActivityRecord{154006266 u0 com.binance.monitor/.ui.main.MainActivity t13657 f}} flags=0x0}], participants: {ActivityRecord{57381663 u0 com.binance.monitor/.ui.host.MainHostActivity t13657}, ActivityRecord{154006266 u0 com.binance.monitor/.ui.main.MainActivity t13657 f}}, Window{f199e26 u0 Splash Screen com.binance.monitor}}
04-15 16:47:42.450 15031 15220 I Quality-ScreenOnOffLogProcessor: withInScreenOnOffRange mIsScreenOn:true refTime:1776242862438 mRecentScreenOnTime:1776242807518 mRecentScreenOffTime:1776242756788
04-15 16:47:42.450  3590  3792 V WindowManager: Sent Transition (#34134) createdAt=04-15 16:47:42.435 via request=TransitionRequestInfo { type = OPEN, triggerTask = TaskInfo{userId=0 taskId=13657 effectiveUid=10518 displayId=0 isRunning=true baseIntent=Intent { flg=0x10000000 cmp=com.binance.monitor/.ui.main.MainActivity mCallingUid=2000 } baseActivity=ComponentInfo{com.binance.monitor/com.binance.monitor.ui.main.MainActivity} topActivity=ComponentInfo{com.binance.monitor/com.binance.monitor.ui.host.MainHostActivity} origActivity=null realActivity=ComponentInfo{com.binance.monitor/com.binance.monitor.ui.main.MainActivity}
04-15 16:47:42.450  3590  3792 V WindowManager:  numActivities=2 lastActiveTime=1290077850 supportsSplitScreenMultiWindow=true supportsMultiWindow=true supportsPocketStudioMultiWindow=true isInFlexibleEmbedded = false uid = 10518 pid = 0 resizeMode=1 isResizeable=true minWidth=-1 minHeight=-1 defaultMinSize=220 token=WCT{RemoteToken{690008b Task{2132308 #13657 type=standard A=10518:com.binance.monitor}}} topActivityType=1 pictureInPictureParams=null shouldDockBigOverlays=false launchIntoPipHostTaskId=-1 lastParentTaskIdBeforePip=-1 displayCutoutSafeInsets=Rect(0, 0 - 0, 0)
04-15 16:47:42.450  3590  3792 V WindowManager:  topActivityInfo=ActivityInfo{efd44d2 com.binance.monitor.ui.host.MainHostActivity} launchCookies=[] positionInParent=Point(0, 0) parentTaskId=-1 isFocused=true isVisible=true isVisibleRequested=true isTopActivityNoDisplay=false isSleeping=false locusId=null displayAreaFeatureId=1 isTopActivityTransparent=false isActivityStackTransparent=false lastNonFullscreenBounds=Rect(330, 828 - 935, 2092) capturedLink=null capturedLinkTimestamp=0 requestedVisibleTypes=-9 topActivityRequestOpenInBrowserEducationTimestamp=0
04-15 16:47:42.450  3590  3792 V WindowManager:  appCompatTaskInfo=AppCompatTaskInfo { topActivityInSizeCompat=false topActivityInOplusCompatMode=false eligibleForLetterboxEducation= false isLetterboxEducationEnabled= false isLetterboxDoubleTapEnabled= false eligibleForUserAspectRatioButton= false topActivityBoundsLetterboxed= false isFromLetterboxDoubleTap= false topActivityLetterboxVerticalPosition= -1 topActivityLetterboxHorizontalPosition= -1 topActivityLetterboxWidth=-1 topActivityLetterboxHeight=-1 topActivityAppBounds=Rect(0, 140 - 1264, 2780) isUserFullscreenOverrideEnabled=false isSystemFullscreenOverrideEnabled=false hasMinAspectRatioOverride=false topActivityLetterboxBounds=null cameraCompatTaskInfo=CameraCompatTaskInfo { freeformCameraCompatMode=inactive}} topActivityMainWindowFrame=null topActivityLetterboxInsets=Rect(0, 0 - 0, 0)
04-15 16:47:42.450  3590  3792 V WindowManager:  mOplusExtraBundle = Bundle[{androidx.flexible.taskFrame=Rect(0, 0 - 0, 0), androidx.flexible.Alpha=1.0, androidx.activity.task.attach.blur=0, androidx.activity.LaunchInsensible=0, androidx.activity.LaunchCornerRadius=0, key_flexible_task_state=0, topActivitySupportAppInnerSplit=false, key_flexible_task_animating_type=-1, key_flexible_task_root_activity_processname=com.binance.monitor, androidx.activity.LaunchScenario=0, is_oplus_clone_task=false, flexible_super_mini_state=false, topRunningActivityHash=57381663, androidx.activity.LaunchScale=1.0, androidx.activity.LaunchShadowRadius=0, is_transient_hide_for_task_info=false, key_flexible_task_root_activity_pid=31992, key_flexible_task_root_activity_uid=10518}]}, pipChange = null, remoteTransition = null, displayChange = null, flags = 0, debugId = 34134 }
04-15 16:47:42.450  3590  3792 V WindowManager:     startWCT=WindowContainerTransaction { changes= {} hops= [] errorCallbackToken=null taskFragmentOrganizer=null }
04-15 16:47:42.450  8338  9280 V WindowManagerShell: onTransitionReady(transaction=15418935863510)
04-15 16:47:42.450  3590  3792 V WindowManager:     info={id=34134 t=OPEN f=0x0 trk=0 r=[0@Point(0, 0)] c=[
04-15 16:47:42.450  3590  3792 V WindowManager:         {m=OPEN f=STARTING_WINDOW_TRANSFER|FILLS_TASK|IS_BEHIND_STARTING_WINDOW leash=Surface(name=ActivityRecord{57381663 u0 com.binance.monitor/.ui.host.MainHostActivity t13657})/@0xeb1b621 sb=Rect(0, 0 - 0, 0) eb=Rect(0, 0 - 1264, 2780) epz=Point(1264, 2780) d=-1->0 r=-1->0:-1 component=com.binance.monitor/.ui.host.MainHostActivity opt={t=CUSTOM enterResId=0 changeResId=0 exitResId=0 mUserId=0}},
04-15 16:47:42.450  3590  3792 V WindowManager:         {m=CLOSE f=FILLS_TASK|IS_BEHIND_STARTING_WINDOW|IS_OCCLUDED leash=Surface(name=ActivityRecord{154006266 u0 com.binance.monitor/.ui.main.MainActivity t13657})/@0x5aeca46 sb=Rect(0, 0 - 1264, 2780) eb=Rect(0, 0 - 1264, 2780) epz=Point(1264, 2780) d=0 component=com.binance.monitor/.ui.main.MainActivity opt={t=CUSTOM enterResId=0 changeResId=0 exitResId=0 mUserId=0}}
04-15 16:47:42.450  3590  3792 V WindowManager:     ] 
04-15 16:47:42.450  3590  3792 V WindowManager: extendInfo=[
04-15 16:47:42.450  3590  3792 V WindowManager:  OplusTransitionExtendedInfo{mTmpFinishT=null, mInOplusCompatMode=false, mIsProcessRunning=false, mHasMismatchBoundsTarget=false, mRecentsController=null, mRemoteTransition=null, mIsTranslucentActivityToHome=false, mAvoidInterceptKeyEventToHome=false, mIsFromHome=false, mParentLeash=null, mBackAnimClosingLeash=null, mIsOplusAnimRes=false, mKeepBgForContinuous=false, mIsBalAllow=false, mTaskNotInRecent=false, mIsPredictiveBackAnim=false, mIsMergedWithPredictive=false, mIsLaunchFromSpruce=false, mIsLaunchFromDrive=false, mGlobalSearchPageSwitch=false, mNeedNoAlphaGlobalSearchScene=false, mAssistScreenShowing=false, mSwipeUpBrowserScreenShowing=false, mUserIdTransition=-1
04-15 16:47:42.450  3590  3792 V WindowManager: , mInRemoteScene=false, mInPreReady=false, mPreStart=false, mToken=null, mAbortByRemoteFromHome=false, mShellApplyToken=null, mRequestTransitionTaskId=13657, mAbortTransitionOnShell=2, mStartFromShortcut=false, mRemovedTaskId=-1, mTransitionInterruptType=0, mMergeSecondTaskId=-1, mTaskIdStartFromRecents=0, mTransitionId=34134, mCanUseSpringSlideAnim=false, mTransitionLaunchFrom=0, mFoldChangeType=-1, mAnimStartingPosition=[0, 0, 0, 0], mIsOpeningStkDialogActivity=false, mSecondaryHomeToFrontWhenUnFolding=false, mIsNeedApplyStartTForEmbedded=false
04-15 16:47:42.450  3590  3792 V WindowManager: , mNeedCanvasExitAnim=false, mMergeSecondTaskAnimation=false, mIsLaunchUnityStart=false, mIsLaunchFromAssistantByDefault=false, mSkipRemoteTransitionfalse, mIsStartFromKeyguard=false flags=0x0, mWCT=null, mIsOpenMergeToInValidPredictive=false, mPromoteTaskWhenKeyguard-1, mRootLayerZOrderArray={}}]}
04-15 16:47:42.450 31992 31992 I DynamicFramerate [FRTCConfigManager]: initFrameRateConfig: 
04-15 16:47:42.450 31992 31992 I DynamicFramerate [FRTCConfigManager]: 	levelsFor120hz: [120, 90, 72, 60]
04-15 16:47:42.450 31992 31992 I DynamicFramerate [FRTCConfigManager]: 	thresholdsFor120hz: [1080, 300, 200]
04-15 16:47:42.450 31992 31992 I DynamicFramerate [FRTCConfigManager]: 	levelsFor90hz: [90]
04-15 16:47:42.450 31992 31992 I DynamicFramerate [FRTCConfigManager]: 	thresholdsFor90hz: []
04-15 16:47:42.450  3590  3795 D FlexibleTaskController: check task which not have enough child, isInSingleWhiteList:false isCloneTask:false
04-15 16:47:42.450 31992 31992 I DynamicFramerate [FRTCConfigManager]: FRTCConfigManager: FRTC_CAPABILITY = 360, package name = com.binance.monitor, WINDOW_ANIMATION_SPEED_RATE = 10, SCROLL_ANIMATION_SPEED_RATE = 20, PACKAGE_ENABLE = false
04-15 16:47:42.450 31992 31992 I DynamicFramerate [DynamicFrameRateController]: init info: mPackageName = com.binance.monitor, mIsEnabled = false
04-15 16:47:42.450  8338  8381 V WindowManagerShell: onTransitionReady (#34134) android.os.BinderProxy@1f02030: {id=34134 t=OPEN f=0x0 trk=0 r=[0@Point(0, 0)] c=[
04-15 16:47:42.450  8338  8381 V WindowManagerShell:         {m=OPEN f=STARTING_WINDOW_TRANSFER|FILLS_TASK|IS_BEHIND_STARTING_WINDOW leash=Surface(name=ActivityRecord{57381663 u0 com.binance.monitor/.ui.host.MainHostActivity t13657})/@0x4de29cf sb=Rect(0, 0 - 0, 0) eb=Rect(0, 0 - 1264, 2780) epz=Point(1264, 2780) d=-1->0 r=-1->0:-1 component=com.binance.monitor/.ui.host.MainHostActivity opt={t=CUSTOM enterResId=0 changeResId=0 exitResId=0 mUserId=0}},
04-15 16:47:42.450  8338  8381 V WindowManagerShell:         {m=CLOSE f=FILLS_TASK|IS_BEHIND_STARTING_WINDOW|IS_OCCLUDED leash=Surface(name=ActivityRecord{154006266 u0 com.binance.monitor/.ui.main.MainActivity t13657})/@0x86f0f5c sb=Rect(0, 0 - 1264, 2780) eb=Rect(0, 0 - 1264, 2780) epz=Point(1264, 2780) d=0 component=com.binance.monitor/.ui.main.MainActivity opt={t=CUSTOM enterResId=0 changeResId=0 exitResId=0 mUserId=0}}
04-15 16:47:42.450  8338  8381 V WindowManagerShell:     ] 
04-15 16:47:42.450  8338  8381 V WindowManagerShell: extendInfo=[
04-15 16:47:42.450  8338  8381 V WindowManagerShell:  OplusTransitionExtendedInfo{mTmpFinishT=null, mInOplusCompatMode=false, mIsProcessRunning=false, mHasMismatchBoundsTarget=false, mRecentsController=null, mRemoteTransition=null, mIsTranslucentActivityToHome=false, mAvoidInterceptKeyEventToHome=false, mIsFromHome=false, mParentLeash=null, mBackAnimClosingLeash=null, mIsOplusAnimRes=false, mKeepBgForContinuous=false, mIsBalAllow=false, mTaskNotInRecent=false, mIsPredictiveBackAnim=false, mIsMergedWithPredictive=false, mIsLaunchFromSpruce=false, mIsLaunchFromDrive=false, mGlobalSearchPageSwitch=false, mNeedNoAlphaGlobalSearchScene=false, mAssistScreenShowing=false, mSwipeUpBrowserScreenShowing=false, mUserIdTransition=-1
04-15 16:47:42.450  8338  8381 V WindowManagerShell: , mInRemoteScene=false, mInPreReady=false, mPreStart=false, mToken=null, mAbortByRemoteFromHome=false, mShellApplyToken=null, mRequestTransitionTaskId=13657, mAbortTransitionOnShell=2, mStartFromShortcut=false, mRemovedTaskId=-1, mTransitionInterruptType=0, mMergeSecondTaskId=-1, mTaskIdStartFromRecents=0, mTransitionId=34134, mCanUseSpringSlideAnim=false, mTransitionLaunchFrom=0, mFoldChangeType=-1, mAnimStartingPosition=[0, 0, 0, 0], mIsOpeningStkDialogActivity=false, mSecondaryHomeToFrontWhenUnFolding=false, mIsNeedApplyStartTForEmbedded=false
04-15 16:47:42.450  8338  8381 V WindowManagerShell: , mNeedCanvasExitAnim=false, mMergeSecondTaskAnimation=false, mIsLaunchUnityStart=false, mIsLaunchFromAssistantByDefault=false, mSkipRemoteTransitionfalse, mIsStartFromKeyguard=false flags=0x0, mWCT=null, mIsOpenMergeToInValidPredictive=false, mPromoteTaskWhenKeyguard-1, mRootLayerZOrderArray={}}]}
04-15 16:47:42.450  8338  8381 D OplusShellTransition: dispatchReady, active:(#34134) android.os.BinderProxy@1f02030@0, isSync=false, track:com.android.wm.shell.transition.Transitions$Track@f3fa59b
04-15 16:47:42.450  3590  8832 I [UAH_CLIENT]: UahEventAcquire, cmdid:2, pkg:none, identity:OplusActivityManagerServiceEnhance
04-15 16:47:42.450  8338  8381 D OplusShellTransition: Abort transition (#34134) android.os.BinderProxy@1f02030@0 WMCore requested. reason: 2; abortTransition: true
04-15 16:47:42.451  8338  8381 D OplusShellTransition: RemoteTransitionHandlerabortPrereadyTransition:  pendingRemote: null; isInPreready: false
04-15 16:47:42.451  8338  8381 V WindowManagerShell: Transition was merged: (#34134) android.os.BinderProxy@1f02030@0 into (#34133) android.os.BinderProxy@7cee46@0
04-15 16:47:42.451  8338  8381 D OplusShellTransition: Transition was merged: (#34134) android.os.BinderProxy@1f02030@0 into (#34133) android.os.BinderProxy@7cee46@0
04-15 16:47:42.451 31992 31992 D ResourcesManagerExtImpl: applyConfigurationToAppResourcesLocked app.getDisplayId() return callback.displayId:0
04-15 16:47:42.452 31992 32066 I AdrenoVK-0: QUALCOMM build          : d9c51359ee, Ib0a60ffc99
04-15 16:47:42.452 31992 32066 I AdrenoVK-0: Build Date              : 12/19/25
04-15 16:47:42.452 31992 32066 I AdrenoVK-0: Shader Compiler Version : E031.47.18.44
04-15 16:47:42.452 31992 32066 I AdrenoVK-0: Local Branch            : 
04-15 16:47:42.452 31992 32066 I AdrenoVK-0: Remote Branch           : refs/tags/AU_LINUX_ANDROID_LA.VENDOR.15.4.0.11.00.00.1088.837
04-15 16:47:42.452 31992 32066 I AdrenoVK-0: Remote Branch           : NONE
04-15 16:47:42.452 31992 32066 I AdrenoVK-0: Reconstruct Branch      : NOTHING
04-15 16:47:42.452 31992 32066 I AdrenoVK-0: Build Config            : S P 18.0.0 AArch64
04-15 16:47:42.452 31992 32066 I AdrenoVK-0: Driver Path             : /vendor/lib64/hw/vulkan.adreno.so
04-15 16:47:42.452 31992 32066 I AdrenoVK-0: Driver Version          : 0800.67
04-15 16:47:42.452 31992 32066 I AdrenoVK-0: PFP                     : 0x01500081
04-15 16:47:42.452 31992 32066 I AdrenoVK-0: ME                      : 0x01500022
04-15 16:47:42.452 31992 32066 I AdrenoVK-0: Application Name    : android framework
04-15 16:47:42.452 31992 32066 I AdrenoVK-0: Process Name        : com.binance.monitor
04-15 16:47:42.452 31992 32066 I AdrenoVK-0: Application Version : 0x00000000
04-15 16:47:42.452 31992 32066 I AdrenoVK-0: Engine Name         : android framework
04-15 16:47:42.452 31992 32066 I AdrenoVK-0: Engine Version      : 0x00000000
04-15 16:47:42.452 31992 32066 I AdrenoVK-0: Api Version         : 0x00401000
04-15 16:47:42.452 31992 31992 E OplusPredictiveBackController:  NoSuchMethodException 
04-15 16:47:42.453 31992 31992 E OplusPredictiveBackController:  NoSuchMethodException 
04-15 16:47:42.453 31992 31992 E OplusPredictiveBackController:  NoSuchMethodException 
04-15 16:47:42.453 31992 31992 D OplusPredictiveBackController: initPredictiveBackConfig for com.binance.monitor.ui.host.MainHostActivity@47d990e initPredictiveBackConfig mShouldInterceptKeyEvent false
04-15 16:47:42.453 31992 31992 D WindowOnBackDispatcher:  predictive settings is disabled for com.binance.monitor
04-15 16:47:42.454 31992 32066 D ExtensionsLoader: createInstance(64bit) : createExtendedFactory
04-15 16:47:42.455 31992 32066 D ExtensionsLoader: Opened libeglextimpl.so
04-15 16:47:42.455 31992 31992 I binance.monitor: hiddenapi: Accessing hidden method Landroid/view/ViewGroup;->makeOptionalFitsSystemWindows()V (runtime_flags=0, domain=platform, api=unsupported) from Landroidx/appcompat/widget/ViewUtils; (domain=app) using reflection: allowed
04-15 16:47:42.455 31992 32066 D PreCache: [IPreCacheRus]loadRUSConfigs#102 failed to transact: -22 prc:com.binance.monitor
04-15 16:47:42.456  8338  8397 D AdfrV32FrameRateUtils: animationVelocityCalculator: nullbounds: 0 0 1264 2780
04-15 16:47:42.456  8338  8397 D AdfrV32FrameRateUtils: set frameRate in trantion end, leash=Surface(name=Task=1)/@0x5fa783d, transaction=android.view.SurfaceControl$Transaction@c85a9a9, precisionType=2, typeId=20101, typeEnable=false
04-15 16:47:42.456  8338  8397 D AdfrV32FrameRateUtils: animationVelocityCalculator: nullbounds: 0 0 1264 2780
04-15 16:47:42.456  8338  8397 D AdfrV32FrameRateUtils: set frameRate in trantion end, leash=Surface(name=Task=13657)/@0xebe1594, transaction=android.view.SurfaceControl$Transaction@c85a9a9, precisionType=2, typeId=20101, typeEnable=false
04-15 16:47:42.456  8338  8381 D OplusShellTransition: DefaultTransitionHandler#onAnimFinish=> transition=android.os.BinderProxy@7cee46, backAnimContinue=false
04-15 16:47:42.456  8338  8381 V WindowManagerShell: Transition animation finished (aborted=false), notifying core (#34133) android.os.BinderProxy@7cee46@0
04-15 16:47:42.456  8338  8381 D SplitScreen-->AppLockManager: setStartFromSafeControl mStartFromSafeControl=false
04-15 16:47:42.456  8338  8381 D ShellTaskOrganizerExt: adjust change for exiting mini task: -1
04-15 16:47:42.457  3590  8838 D Transition: finishTransition ar ActivityRecord{75462386 u0 com.android.launcher/.Launcher t2}, isVisibleRequested=false, state=PAUSED, visibleAtTransitionEndTokens={WallpaperWindowToken{3abc1ac showWhenLocked=false}, ActivityRecord{154006266 u0 com.binance.monitor/.ui.main.MainActivity t13657 f}}}, this=TransitionRecord{93a79a3 id=34133 track=0 type=OPEN flags=0x0 state=2 c=[
04-15 16:47:42.457  3590  8838 D Transition:    ChangeInfo{607a4a0 container=Display{#0 state=ON size=1264x2780 ROTATION_0} flags=0x0}
04-15 16:47:42.457  3590  8838 D Transition:    ChangeInfo{1fbdae5 container=Task{1b9ad4c #1 type=home} flags=0x10}
04-15 16:47:42.457  3590  8838 D Transition:    ChangeInfo{c4239dc container=Task{2132308 #13657 type=standard A=10518:com.binance.monitor} flags=0x10}
04-15 16:47:42.457  3590  8838 D Transition:    ChangeInfo{92a0859 container=WallpaperWindowToken{3abc1ac showWhenLocked=false} flags=0x0}
04-15 16:47:42.457  3590  8838 D Transition:    ChangeInfo{346dc1e container=ActivityRecord{75462386 u0 com.android.launcher/.Launcher t2} flags=0x0}
04-15 16:47:42.457  3590  8838 D Transition:    ChangeInfo{9710cff container=Task{735fad8 #2 type=undefined I=com.android.launcher/.Launcher} flags=0x10}
04-15 16:47:42.457  3590  8838 D Transition:    ChangeInfo{3526acc container=DefaultTaskDisplayArea@136308155 flags=0x0}
04-15 16:47:42.457  3590  8838 D Transition:    ChangeInfo{c69d115 container=ActivityRecord{154006266 u0 com.binance.monitor/.ui.main.MainActivity t13657 f}} flags=0x0}
04-15 16:47:42.457  3590  8838 D Transition:    ChangeInfo{2009c2a container=WallpaperWindowToken{a06f6f8 showWhenLocked=true} flags=0x0}
04-15 16:47:42.457  3590  8838 D Transition: ]
04-15 16:47:42.457  3590  8838 D Transition: }
04-15 16:47:42.457  3590  8838 D ActivityTaskManager: commitVisibility: ActivityRecord{75462386 u0 com.android.launcher/.Launcher t2}: visible=false visibleRequested=false, isInTransition=false 
04-15 16:47:42.457  3590  8838 D WindowManager: NFW_setClientVisible:ActivityRecord{75462386 u0 com.android.launcher/.Launcher t2} clientVisible:false
04-15 16:47:42.457  8730  9030 D VRI[Launcher]: dispatchAppVisibility visible:false mUpcomingWindowFocus:false
04-15 16:47:42.458  3590  8838 D Transition: finishTransition ar ActivityRecord{154006266 u0 com.binance.monitor/.ui.main.MainActivity t13657 f}}, isVisibleRequested=false, state=STOPPING, visibleAtTransitionEndTokens={WallpaperWindowToken{3abc1ac showWhenLocked=false}, ActivityRecord{154006266 u0 com.binance.monitor/.ui.main.MainActivity t13657 f}}}, this=TransitionRecord{93a79a3 id=34133 track=0 type=OPEN flags=0x0 state=2 c=[
04-15 16:47:42.458  3590  8838 D Transition:    ChangeInfo{607a4a0 container=Display{#0 state=ON size=1264x2780 ROTATION_0} flags=0x0}
04-15 16:47:42.458  3590  8838 D Transition:    ChangeInfo{1fbdae5 container=Task{1b9ad4c #1 type=home} flags=0x10}
04-15 16:47:42.458  3590  8838 D Transition:    ChangeInfo{c4239dc container=Task{2132308 #13657 type=standard A=10518:com.binance.monitor} flags=0x10}
04-15 16:47:42.458  3590  8838 D Transition:    ChangeInfo{92a0859 container=WallpaperWindowToken{3abc1ac showWhenLocked=false} flags=0x0}
04-15 16:47:42.458  3590  8838 D Transition:    ChangeInfo{346dc1e container=ActivityRecord{75462386 u0 com.android.launcher/.Launcher t2} flags=0x0}
04-15 16:47:42.458  3590  8838 D Transition:    ChangeInfo{9710cff container=Task{735fad8 #2 type=undefined I=com.android.launcher/.Launcher} flags=0x10}
04-15 16:47:42.458  3590  8838 D Transition:    ChangeInfo{3526acc container=DefaultTaskDisplayArea@136308155 flags=0x0}
04-15 16:47:42.458  3590  8838 D Transition:    ChangeInfo{c69d115 container=ActivityRecord{154006266 u0 com.binance.monitor/.ui.main.MainActivity t13657 f}} flags=0x0}
04-15 16:47:42.458  3590  8838 D Transition:    ChangeInfo{2009c2a container=WallpaperWindowToken{a06f6f8 showWhenLocked=true} flags=0x0}
04-15 16:47:42.458  3590  8838 D Transition: ]
04-15 16:47:42.458  3590  8838 D Transition: }
04-15 16:47:42.458  3590  8838 D WindowManager: NFW_setClientVisible:WallpaperWindowToken{3abc1ac showWhenLocked=false} clientVisible:false
04-15 16:47:42.458  8730  8905 D HWUI    : SkiaVulkanPipeline::setSurface: this=0xb4000071ed47fcc0, surface=NULL
04-15 16:47:42.458  3590  8838 I OplusAppSwitchManagerService:  handleAppVisible , r = ActivityRecord{154006266 u0 com.binance.monitor/.ui.main.MainActivity t13657 f}}
