04-15 16:47:41.897  8730  9077 D RemoteAnimRunnerExt: setPredictiveBackAnimPair, id: 34132, active: false, previous id: -1
04-15 16:47:41.897  8730  9077 W RemoteAnimRunnerExt: setPredictiveBackBlockablAnimPair, miss matching id for inactive
04-15 16:47:41.897  8730  9077 D RemoteAnimationRunnerCompat: animationFinishedCallback call, transition id: 34132, needMergeT: false, mergeTransition: null
04-15 16:47:41.897  8730 31233 D RemoteAnimFrameRateManager: setFrameRateTarget velocity: -2 , frame rate result : false , dynamicFrameRateType : 2
04-15 16:47:41.897  8338  9279 D OplusShellTransition: RemoteTransitionHandlerandroid.os.BinderProxy@be71b17, onTransitionFinished thread=179, true
04-15 16:47:41.897  8338  8381 D OplusShellTransition: RemoteTransitionHandlerandroid.os.BinderProxy@be71b17, onTransitionFinished, finishTransaction.mNativeObject=-5476376657569221760, thread=37
04-15 16:47:41.898  8338  8381 V WindowManagerShell: Transition animation finished (aborted=false), notifying core (#34132) android.os.BinderProxy@be71b17@0
04-15 16:47:41.898  8338  8381 D SplitScreen-->AppLockManager: setStartFromSafeControl mStartFromSafeControl=false
04-15 16:47:41.898  8730  1963 D CardView: refreshable postAtFrontOfQueue
04-15 16:47:41.898  8338  8381 D ShellTaskOrganizerExt: adjust change for exiting mini task: -1
04-15 16:47:41.899  3590  8838 D Transition: finishTransition ar ActivityRecord{57070052 u0 com.binance.monitor/.ui.host.MainHostActivity t13656 f} isExiting}, isVisibleRequested=false, state=DESTROYED, visibleAtTransitionEndTokens={WallpaperWindowToken{3abc1ac showWhenLocked=false}, ActivityRecord{75462386 u0 com.android.launcher/.Launcher t2}}, this=TransitionRecord{d56ce43 id=34132 track=0 type=CLOSE flags=0x0 state=2 c=[
04-15 16:47:41.899  3590  8838 D Transition:    ChangeInfo{ba06cc0 container=Display{#0 state=ON size=1264x2780 ROTATION_0} flags=0x0}
04-15 16:47:41.899  3590  8838 D Transition:    ChangeInfo{344ba9d container=Task{1b9ad4c #1 type=home} flags=0x30}
04-15 16:47:41.899  3590  8838 D Transition:    ChangeInfo{f0fdf9 container=ActivityRecord{57070052 u0 com.binance.monitor/.ui.host.MainHostActivity t13656 f} isExiting} flags=0x0}
04-15 16:47:41.899  3590  8838 D Transition:    ChangeInfo{4a912e3 container=WallpaperWindowToken{3abc1ac showWhenLocked=false} flags=0x0}
04-15 16:47:41.899  3590  8838 D Transition:    ChangeInfo{b94313e container=ActivityRecord{75462386 u0 com.android.launcher/.Launcher t2} flags=0x0}
04-15 16:47:41.899  3590  8838 D Transition:    ChangeInfo{90e0b9f container=Task{735fad8 #2 type=undefined I=com.android.launcher/.Launcher} flags=0x30}
04-15 16:47:41.899  3590  8838 D Transition:    ChangeInfo{e7f94ec container=DefaultTaskDisplayArea@136308155 flags=0x0}
04-15 16:47:41.899  3590  8838 D Transition:    ChangeInfo{78d7b12 container=Task{a5a0283 #13656 type=standard A=10518:com.binance.monitor} flags=0x0}
04-15 16:47:41.899  3590  8838 D Transition: ]
04-15 16:47:41.899  3590  8838 D Transition: }
04-15 16:47:41.899  3590  8838 D ActivityTaskManager: commitVisibility: ActivityRecord{57070052 u0 com.binance.monitor/.ui.host.MainHostActivity t13656 f} isExiting}: visible=false visibleRequested=false, isInTransition=false 
04-15 16:47:41.900  3590  8838 D WindowManager: NFW_setClientVisible:ActivityRecord{57070052 u0 com.binance.monitor/.ui.host.MainHostActivity t13656 f} isExiting} clientVisible:false
04-15 16:47:41.900  3590  8838 E IPCThreadState: Binder transaction failure. id: 450681445, BR_*: 29189, error: -22 (Invalid argument)
04-15 16:47:41.900  8730  1953 D JsConsole: [object Object]
04-15 16:47:41.900  3590  8838 W ActivityManager: pid 3590 system sent binder code 7 with flags 1 to frozen apps and got error -32
04-15 16:47:41.900  8730  1953 D JsConsole: dateChinese 二月廿八
04-15 16:47:41.901  8730  1953 W RemoteSubPackageManager: use cacheRemoteSubPackageInfo
04-15 16:47:41.901  3590  8838 W WindowManager: Exception thrown during dispatchAppVisibility Window{ab8e53f u0 com.binance.monitor/com.binance.monitor.ui.host.MainHostActivity EXITING}
04-15 16:47:41.901  3590  8838 W WindowManager: android.os.DeadObjectException
04-15 16:47:41.901  3590  8838 W WindowManager: 	at android.os.BinderProxy.transactNative(Native Method)
04-15 16:47:41.901  3590  8838 W WindowManager: 	at android.os.BinderProxy.transact(BinderProxy.java:685)
04-15 16:47:41.901  3590  8838 W WindowManager: 	at android.view.IWindow$Stub$Proxy.dispatchAppVisibility(IWindow.java:609)
04-15 16:47:41.901  3590  8838 W WindowManager: 	at com.android.server.wm.WindowState.sendAppVisibilityToClients(WindowState.java:3644)
04-15 16:47:41.901  3590  8838 W WindowManager: 	at com.android.server.wm.WindowContainer.sendAppVisibilityToClients(WindowContainer.java:1499)
04-15 16:47:41.901  3590  8838 W WindowManager: 	at com.android.server.wm.WindowToken.setClientVisible(WindowToken.java:427)
04-15 16:47:41.901  3590  8838 W WindowManager: 	at com.android.server.wm.ActivityRecord.setClientVisible(ActivityRecord.java:8317)
04-15 16:47:41.901  3590  8838 W WindowManager: 	at com.android.server.wm.ActivityRecord.commitVisibility(ActivityRecord.java:6830)
04-15 16:47:41.901  3590  8838 W WindowManager: 	at com.android.server.wm.Transition.finishTransition(Transition.java:1700)
04-15 16:47:41.901  3590  8838 W WindowManager: 	at com.android.server.wm.TransitionController.finishTransition(TransitionController.java:1171)
04-15 16:47:41.901  3590  8838 W WindowManager: 	at com.android.server.wm.WindowOrganizerController.finishTransition(WindowOrganizerController.java:595)
04-15 16:47:41.901  3590  8838 W WindowManager: 	at android.window.IWindowOrganizerController$Stub.onTransact(IWindowOrganizerController.java:376)
04-15 16:47:41.901  3590  8838 W WindowManager: 	at com.android.server.wm.WindowOrganizerController.onTransact(WindowOrganizerController.java:238)
04-15 16:47:41.901  3590  8838 W WindowManager: 	at android.os.Binder.execTransactInternal(Binder.java:1444)
04-15 16:47:41.901  3590  8838 W WindowManager: 	at android.os.Binder.execTransact(Binder.java:1378)
04-15 16:47:41.901  3590  8838 W Process : Unable to open /proc/25240/status
04-15 16:47:41.901  3590  8838 I WindowManager: Window{ab8e53f u0 com.binance.monitor/com.binance.monitor.ui.host.MainHostActivity EXITING} state from HAS_DRAWN to DRAW_PENDING; reason: resetDrawState
04-15 16:47:41.901  3590  8838 D Transition: finishTransition ar ActivityRecord{75462386 u0 com.android.launcher/.Launcher t2}, isVisibleRequested=true, state=RESUMED, visibleAtTransitionEndTokens={WallpaperWindowToken{3abc1ac showWhenLocked=false}, ActivityRecord{75462386 u0 com.android.launcher/.Launcher t2}}, this=TransitionRecord{d56ce43 id=34132 track=0 type=CLOSE flags=0x0 state=2 c=[
04-15 16:47:41.901  3590  8838 D Transition:    ChangeInfo{ba06cc0 container=Display{#0 state=ON size=1264x2780 ROTATION_0} flags=0x0}
04-15 16:47:41.901  3590  8838 D Transition:    ChangeInfo{344ba9d container=Task{1b9ad4c #1 type=home} flags=0x30}
04-15 16:47:41.901  3590  8838 D Transition:    ChangeInfo{f0fdf9 container=ActivityRecord{57070052 u0 com.binance.monitor/.ui.host.MainHostActivity t13656 f} isExiting} flags=0x0}
04-15 16:47:41.901  3590  8838 D Transition:    ChangeInfo{4a912e3 container=WallpaperWindowToken{3abc1ac showWhenLocked=false} flags=0x0}
04-15 16:47:41.901  3590  8838 D Transition:    ChangeInfo{b94313e container=ActivityRecord{75462386 u0 com.android.launcher/.Launcher t2} flags=0x0}
04-15 16:47:41.901  3590  8838 D Transition:    ChangeInfo{90e0b9f container=Task{735fad8 #2 type=undefined I=com.android.launcher/.Launcher} flags=0x30}
04-15 16:47:41.901  3590  8838 D Transition:    ChangeInfo{e7f94ec container=DefaultTaskDisplayArea@136308155 flags=0x0}
04-15 16:47:41.901  3590  8838 D Transition:    ChangeInfo{78d7b12 container=Task{a5a0283 #13656 type=standard A=10518:com.binance.monitor} flags=0x0}
04-15 16:47:41.901  3590  8838 D Transition: ]
04-15 16:47:41.901  3590  8838 D Transition: }
04-15 16:47:41.901  3590  8838 I OplusAppSwitchManagerService:  handleAppVisible , r = ActivityRecord{75462386 u0 com.android.launcher/.Launcher t2}
04-15 16:47:41.901  3590  3829 D WallpaperControllerExtImpl: screenshot + id = 54 userId = 0
04-15 16:47:41.902  3590  8838 D QuickBackInputPolicy: hasMultiChildrenInTask: false
04-15 16:47:41.902  3590  8838 D WindowManager: NFW_findFocusedWindowIfNeeded:Window{763c9b2 u0 com.android.launcher/com.android.launcher.Launcher} mCurrentFocus:Window{763c9b2 u0 com.android.launcher/com.android.launcher.Launcher}
04-15 16:47:41.902  3590  8838 D InsetsSourceProvider: updateSourceFrameForServerVisibility mandatorySystemGestures EMPTY_RECT
04-15 16:47:41.902  3590  8838 D InsetsSourceProvider: updateSourceFrameForServerVisibility mandatorySystemGestures EMPTY_RECT
04-15 16:47:41.903  3590  8838 I TaskOrganizerController: onTaskInfoChanged taskid 13656 config { mBounds=Rect(0, 0 - 1264, 2780) mAppBounds=Rect(0, 0 - 1264, 2780) mMaxBounds=Rect(0, 0 - 1264, 2780) mDisplayRotation=ROTATION_0 mWindowingMode=fullscreen mActivityType=standard mAlwaysOnTop=undefined mRotation=ROTATION_0}
04-15 16:47:41.903  3590  8838 D OplusFlexibleDragToSplitAnimController: visibleFlexibleTaskInfos delete:13656
04-15 16:47:41.903  3590  8838 E FlexibleWindowManagerService: notifyTaskObserverToAttachController not need to notify!
04-15 16:47:41.903  3590  8838 I FlexibleWindowManagerService: onFlexibleWindowTaskInfoChanged, return for cur task not embedded
04-15 16:47:41.903  8337  9773 V OsAgent : broadcastSystemEvent - 7
04-15 16:47:41.903  8337  9773 V OsAgent : broadcastSystemEvent - 7
04-15 16:47:41.903  3590  8838 D ActivityTaskManager: removeAppToken: ActivityRecord{57070052 u0 com.binance.monitor/.ui.host.MainHostActivity t13656 f}} delayed=false parent=Task{a5a0283 #13656 type=standard A=10518:com.binance.monitor} animating=false Callers=com.android.server.wm.ActivityRecord.removeImmediately:5344 com.android.server.wm.WindowToken.removeIfPossible:267 com.android.server.wm.WindowToken.handleCompleteDeferredRemoval:273 com.android.server.wm.WindowContainer.handleCompleteDeferredRemoval:1646 
04-15 16:47:41.903  3590  8838 D QuickBackInputPolicy: hasMultiChildrenInTask: false
04-15 16:47:41.903  3590  8838 D WindowManager: NFW_findFocusedWindowIfNeeded:Window{763c9b2 u0 com.android.launcher/com.android.launcher.Launcher} mCurrentFocus:Window{763c9b2 u0 com.android.launcher/com.android.launcher.Launcher}
04-15 16:47:41.903  3590  8838 D InsetsSourceProvider: updateSourceFrameForServerVisibility mandatorySystemGestures EMPTY_RECT
04-15 16:47:41.903  3590  8837 D Transition: finishTransaction-onCommitted syncId=34132
04-15 16:47:41.904  3590  8838 D InsetsSourceProvider: updateSourceFrameForServerVisibility mandatorySystemGestures EMPTY_RECT
04-15 16:47:41.904  3590  8838 I WindowManager: Window{ab8e53f u0 com.binance.monitor/com.binance.monitor.ui.host.MainHostActivity EXITING} state from DRAW_PENDING to NO_SURFACE; reason: destroySurface
04-15 16:47:41.904  3590  8838 D InsetsSourceProvider: updateSourceFrameForServerVisibility mandatorySystemGestures EMPTY_RECT
04-15 16:47:41.904  3590  8838 D InsetsSourceProvider: updateSourceFrameForServerVisibility mandatorySystemGestures EMPTY_RECT
04-15 16:47:41.904  8730  1953 D JsConsole: new day false 16
04-15 16:47:41.908  3590  8838 D OplusMirageWindowManagerService: onTaskRemoved displayid:0 taskId:13656 callers:com.android.server.wm.MirageWindowManagerExtImpl.onTaskRemoved:47 com.android.server.wm.TaskDisplayArea.removeChildTask:391 com.android.server.wm.TaskDisplayArea.removeChild:380 com.android.server.wm.WindowContainer.removeImmediately:1098 com.android.server.wm.TaskFragment.removeImmediately:3767 
04-15 16:47:41.908  3590  8838 I OplusScreenSecurityMask: onStackRemoved task = Task{a5a0283 #13656 type=standard A=10518:com.binance.monitor} record = null displayId = 0
04-15 16:47:41.908  3590  8838 D OplusAlwaysAliveManager: removing: 13656, ComponentInfo{com.binance.monitor/com.binance.monitor.ui.main.MainActivity}
04-15 16:47:41.909  3590  8838 D OplusTransitionController: finishTransition, transition: TransitionRecord{d56ce43 id=34132 track=0 type=CLOSE flags=0x0 state=4 c=[
04-15 16:47:41.909  3590  8838 D OplusTransitionController:    ChangeInfo{ba06cc0 container=Display{#0 state=ON size=1264x2780 ROTATION_0} flags=0x0}
04-15 16:47:41.909  3590  8838 D OplusTransitionController:    ChangeInfo{344ba9d container=Task{1b9ad4c #1 type=home} flags=0x30}
04-15 16:47:41.909  3590  8838 D OplusTransitionController:    ChangeInfo{f0fdf9 container=ActivityRecord{57070052 u0 com.binance.monitor/.ui.host.MainHostActivity t-1 f}} flags=0x0}
04-15 16:47:41.909  3590  8838 D OplusTransitionController:    ChangeInfo{4a912e3 container=WallpaperWindowToken{3abc1ac showWhenLocked=false} flags=0x0}
04-15 16:47:41.909  3590  8838 D OplusTransitionController:    ChangeInfo{b94313e container=ActivityRecord{75462386 u0 com.android.launcher/.Launcher t2} flags=0x0}
04-15 16:47:41.909  3590  8838 D OplusTransitionController:    ChangeInfo{90e0b9f container=Task{735fad8 #2 type=undefined I=com.android.launcher/.Launcher} flags=0x30}
04-15 16:47:41.909  3590  8838 D OplusTransitionController:    ChangeInfo{e7f94ec container=DefaultTaskDisplayArea@136308155 flags=0x0}
04-15 16:47:41.909  3590  8838 D OplusTransitionController:    ChangeInfo{78d7b12 container=Task{a5a0283 #13656 type=standard A=10518:com.binance.monitor} flags=0x0}
04-15 16:47:41.909  3590  8838 D OplusTransitionController: ]
04-15 16:47:41.909  3590  8838 D OplusTransitionController: }
04-15 16:47:41.910  3590  8838 D FlexibleTaskTransitionController:  finishTransition pendingRecentToFlexibleTask:null,isRotationTransition:false ,pendingRecentToFlexible:null ,transition:TransitionRecord{d56ce43 id=34132 track=0 type=CLOSE flags=0x0 state=4 c=[
04-15 16:47:41.910  3590  8838 D FlexibleTaskTransitionController:    ChangeInfo{ba06cc0 container=Display{#0 state=ON size=1264x2780 ROTATION_0} flags=0x0}
04-15 16:47:41.910  3590  8838 D FlexibleTaskTransitionController:    ChangeInfo{344ba9d container=Task{1b9ad4c #1 type=home} flags=0x30}
04-15 16:47:41.910  3590  8838 D FlexibleTaskTransitionController:    ChangeInfo{f0fdf9 container=ActivityRecord{57070052 u0 com.binance.monitor/.ui.host.MainHostActivity t-1 f}} flags=0x0}
04-15 16:47:41.910  3590  8838 D FlexibleTaskTransitionController:    ChangeInfo{4a912e3 container=WallpaperWindowToken{3abc1ac showWhenLocked=false} flags=0x0}
04-15 16:47:41.910  3590  8838 D FlexibleTaskTransitionController:    ChangeInfo{b94313e container=ActivityRecord{75462386 u0 com.android.launcher/.Launcher t2} flags=0x0}
04-15 16:47:41.910  3590  8838 D FlexibleTaskTransitionController:    ChangeInfo{90e0b9f container=Task{735fad8 #2 type=undefined I=com.android.launcher/.Launcher} flags=0x30}
04-15 16:47:41.910  3590  8838 D FlexibleTaskTransitionController:    ChangeInfo{e7f94ec container=DefaultTaskDisplayArea@136308155 flags=0x0}
04-15 16:47:41.910  3590  8838 D FlexibleTaskTransitionController:    ChangeInfo{78d7b12 container=Task{a5a0283 #13656 type=standard A=10518:com.binance.monitor} flags=0x0}
04-15 16:47:41.910  3590  8838 D FlexibleTaskTransitionController: ]
04-15 16:47:41.910  3590  8838 D FlexibleTaskTransitionController: }
04-15 16:47:41.910  3590  8838 D TransitionControllerExtImpl: NFW_send RECOMPUTE_FOCUS in finishTransition
04-15 16:47:41.910  8338  8381 D ShellTaskOrganizer: onTransitionFinish, isRecent:false
04-15 16:47:41.910  8338  8381 V WindowManagerShell: Track 0 became idle
04-15 16:47:41.910  8338  8381 V WindowManagerShell: All active transition animations finished
04-15 16:47:41.910  8338  8381 D ShellTaskOrganizerExt: visibleFlexibleTaskInfos delete:13656
04-15 16:47:41.910  8338  8381 D ShellTaskOrganizerExt: isOnCanvas size:0
04-15 16:47:41.910  8338  8381 D ShellTaskOrganizerExt: isOnThreeFlexibleCanvas size:0
04-15 16:47:41.910  8730 10137 I TaskStackChangeListeners: onTaskRemoved(), cur=13656
04-15 16:47:41.910  8338  8381 D ZoomController: onTaskRemoved
04-15 16:47:41.910  8730 10137 I TaskStackChangeListeners: onTaskRemoved(), cur=13656
04-15 16:47:41.910  8338  8381 D ZoomController: onTaskRemoved
04-15 16:47:41.911  3590  3796 D OplusFlexibleWindowMinimizedManagerHelper: onTaskVanished taskInfo:13656 task:Task{a5a0283 #13656 type=standard A=10518:com.binance.monitor}
04-15 16:47:41.911  3590  3796 D OplusFlexibleDragToSplitAnimController: visibleFlexibleTaskInfos delete:13656
04-15 16:47:41.911  8338  8381 D ShellTaskOrganizer: Task vanished taskId=13656
04-15 16:47:41.912  8338  8381 D ShellTaskOrganizerExt: visibleFlexibleTaskInfos delete:13656
04-15 16:47:41.912  8338  8381 D ShellTaskOrganizerExt: isOnCanvas size:0
04-15 16:47:41.912  8338  8381 D ShellTaskOrganizerExt: isOnThreeFlexibleCanvas size:0
04-15 16:47:41.912  3590  3796 D FlexibleTaskController: no need releaseFlexibleCaptionView or destroyFlexibleDragLeash when non-caption-view-task vanished, task=Task{a5a0283 #13656 type=standard A=10518:com.binance.monitor}
04-15 16:47:41.912  3590  3796 D FlexibleWindowManagerService: notifyFlexibleTaskVanish taskId : 13656 is not taskEmbedded
04-15 16:47:41.912  3590  3796 D FlexibleWindowManagerService: onFlexibleWindowTaskVanished: task = 13656,size:0
04-15 16:47:41.912  3590  3796 D OplusFlexibleWindowMinimizedManagerHelper: onTaskVanished taskInfo:13656 task:Task{a5a0283 #13656 type=standard A=10518:com.binance.monitor}
04-15 16:47:41.912  3590  3796 D OplusFlexibleDragToSplitAnimController: visibleFlexibleTaskInfos delete:13656
04-15 16:47:41.912  3590  3796 D FlexibleTaskController: no need releaseFlexibleCaptionView or destroyFlexibleDragLeash when non-caption-view-task vanished, task=Task{a5a0283 #13656 type=standard A=10518:com.binance.monitor}
04-15 16:47:41.912  3590  3796 D FlexibleWindowManagerService: notifyFlexibleTaskVanish taskId : 13656 is not taskEmbedded
04-15 16:47:41.912  3590  3796 D FlexibleWindowManagerService: onFlexibleWindowTaskVanished: task = 13656,size:0
04-15 16:47:41.912  3590  3796 D InsetsSourceProvider: updateSourceFrameForServerVisibility mandatorySystemGestures EMPTY_RECT
04-15 16:47:41.912  3590  3875 D VRR [OPlusRefreshRateService]:  setDirectorStates [flag: 1, state: 0, directorStateOff: 0]
04-15 16:47:41.912  3590  3795 D QuickBackInputPolicy: hasMultiChildrenInTask: false
04-15 16:47:41.913  3590  3795 D WindowManager: NFW_findFocusedWindowIfNeeded:Window{763c9b2 u0 com.android.launcher/com.android.launcher.Launcher} mCurrentFocus:Window{763c9b2 u0 com.android.launcher/com.android.launcher.Launcher}
04-15 16:47:41.913  8338  8381 D FlexibleSeekBarManager: removeAlpha for taskId=13656
04-15 16:47:41.913  2399  2620 D VRR [RefreshRateDirector]: updateState mState = 1
04-15 16:47:41.920  2399  2399 E BpTransactionCompletedListener: Failed to transact (-32)
04-15 16:47:41.935  2280  2331 D BatteryChargeControl: bcc get no support from charging protocol
04-15 16:47:41.964 30638 30957 I JPEG_JNI: EnterExeTask  controller.background_task_controller process {"client":"infer"}
04-15 16:47:41.966 30638 30957 I JPEG_JNI: LeaveExeTask  module controller.background_task_controller 
04-15 16:47:41.966 30638 30957 I JPEG_JNI:  func process  
04-15 16:47:41.966 30638 30957 I JPEG_JNI:  input {"client":"infer"} 
04-15 16:47:41.966 30638 30957 I JPEG_JNI:  ret {}
04-15 16:47:41.990  2181  2181 E CwbService: Panel not support apl read or getDisplayPanelAplValue timeout 10ms.
04-15 16:47:41.991  2258  2258 D SensorFeature: name=ssc_screenshot_info ,index = 22
04-15 16:47:41.991  2258  2258 D SensorFeature: write 41 bytes:1290077385464396,1290077393797729,11246,0
04-15 16:47:42.028  2113 29965 I sensors-hal: handle_oplus_wise_rgb_event:161, wise_rgb: (4505)(cct, lux, ir)[4551.85, 387.25, 51.690983] (r, g, b, c)[18395.24, 11816.52, 6584.54, 33498.51]                 (pwm, hbm, brl, algo)[0.0 0.0 1426.0 2.0], flag 11246
04-15 16:47:42.034  2280  2323 D vendor.oplus.hardware.charger-V10-service: ret_value:122, read content:,325,318,4402,4401,-174,93,95,1,1,0,494,4948,95,1,4480,600,500,0,0,9500,7,0,1,0,2,0,0,0,1,5868,96,0,4878,5270,0,0,0,0,0,0
04-15 16:47:42.034  2280  2323 D vendor.oplus.hardware.charger-V10-service: gmtime: 2026-04-15-16-47-42
04-15 16:47:42.035  2280  2323 D vendor.oplus.hardware.charger-V10-service: usb_online:1, ac_online:-2147483648, wireless_online:-2147483648
04-15 16:47:42.067 30638 30957 I JPEG_JNI: EnterExeTask  controller.background_task_controller process {"client":"infer"}
04-15 16:47:42.068 30638 30957 I JPEG_JNI: LeaveExeTask  module controller.background_task_controller 
04-15 16:47:42.068 30638 30957 I JPEG_JNI:  func process  
04-15 16:47:42.068 30638 30957 I JPEG_JNI:  input {"client":"infer"} 
04-15 16:47:42.068 30638 30957 I JPEG_JNI:  ret {}
04-15 16:47:42.120  2123  2123 E WifiHAL : wifi_get_cached_scan_results: Wifi Cached Scan Result not supported by driver
04-15 16:47:42.120  3590  7894 E WifiStaIfaceAidlImpl: getCachedScanData failed with service-specific exception: android.os.ServiceSpecificException:  (code 4)
04-15 16:47:42.122  3590  8007 D OplusWifiResidenceRecognition: No available relateBssidList
04-15 16:47:42.122  3590  8007 D OplusWifiRoamingUtils: No related better BSSID.
04-15 16:47:42.122 14034 14034 D VendorWifiService: onEvent event:9,action:1
04-15 16:47:42.124  3590  8007 D ScorerUtils: isLowTraffic: txTputKBps=0, rxTputKBps=0
04-15 16:47:42.125  3590  8007 D OplusWifiPower_TriggerCenter: mComponentCallback: wifistat
04-15 16:47:42.125  3590  8007 D OplusWifiResidenceRecognition: No available relateBssidList
04-15 16:47:42.130  3590  7998 I [UAH_CLIENT]: UahEventAcquire, cmdid:2, pkg:none, identity:com.android.server.wm
04-15 16:47:42.130  3590  7163 E system_server: No package ID 7f found for resource ID 0x7f11022d.
04-15 16:47:42.130  3590  7163 W ActivityTaskManager: callingPackage for (uid=2000, pid=31984) has no WPC
04-15 16:47:42.131  3590  7163 D WindowManager: NFW_setClientVisible:ActivityRecord{154006266 u0 com.binance.monitor/.ui.main.MainActivity clientVisible:true
04-15 16:47:42.131  3590  7163 V GrammaticalInflectionUtils: AttributionSource: android.content.AttributionSource@1a5dab44 does not have READ_SYSTEM_GRAMMATICAL_GENDER permission.
04-15 16:47:42.131  3590  7163 D OplusCompatModeManagerService: getRequestedConfigurationOrientation  res:1,req:1,config.old:0,config.new:0,ActivityRecord{154006266 u0 com.binance.monitor/.ui.main.MainActivity t-1}
04-15 16:47:42.131  3590  7163 D OplusCompatModeManagerService:  onPreActivityRecordConfigurationChanged {0.0 ?mcc??mnc ?localeList ?layoutDir ?swdp ?wdp ?hdp ?density ?lsize ?long ?ldr ?wideColorGamut ?orien ?uimode ?night ?touch ?keyb/?/? ?nav/? winConfig={ mBounds=Rect(0, 0 - 0, 0) mAppBounds=null mMaxBounds=Rect(0, 0 - 0, 0) mDisplayRotation=undefined mWindowingMode=undefined mActivityType=undefined mAlwaysOnTop=undefined mRotation=undefined} ?fontWeightAdjustmentmThemeChanged= 0, mThemeChangedFlags= 0, mFlipFont= 0, mScenario= -1, mAccessibleChanged= 0, mUxIconConfig= 0, mMaterialColor= ffffffffffffffff, mUserId= -1, mFontUserId= -1, mFontVariationSettings= ffffffff, mFoldingAngle = -1.0, mIconPackName= , mDarkModeBackgroundMaxL= -1.0, mDarkModeDialogBgMaxL= -1.0, mDarkModeForegroundMinL= -1.0, mOplusConfigType= 0, mOplusChangedConfigs= 0, OpSans= -1, mBurmeseFontFlag= -1, mFlag= 0, mExtraFlag= 0, mFlexibleActivitySuitable= -1, mPuttDisplayFlag= -1}
04-15 16:47:42.131  3590  7163 D OplusCompatModeManagerService:  disable:true,valid:false,computeReq:1,isGameRatio:false
04-15 16:47:42.131  3590  7163 D OplusCompatModeManagerService:  getOverrideMinAspectRatioForCompatMode: 0.0 getRawOverrideMinAspectRatioForCompatMode: 0.0
04-15 16:47:42.131  3590  7163 D OplusCompatModeManagerService:  ar : ActivityRecord{154006266 u0 com.binance.monitor/.ui.main.MainActivity t-1} displayId:-1 inCompatMode: false
04-15 16:47:42.131  3590  7163 D OplusCompatModeManagerService: isDefaultDisplay true oldRect: Rect(0, 0 - 0, 0) newRect Rect(0, 0 - 0, 0)
04-15 16:47:42.131  3590  7163 D OplusCompatModeManagerService: reloadCompactRatio mParWorldContainer.isEnabledParallelWindow(pkg):false,mParWorldContainer.isDisabledCompactWindow:false,isUIAutoLayout:false, isFullOrientation: false
04-15 16:47:42.132  3590  7163 D FlexibleTaskController: isSupportFlexibleWindow target = com.binance.monitor/.ui.main.MainActivity callPkg = FlexibleTaskController support = true ,caller = 3590
04-15 16:47:42.132  3590  7163 D ActivityStarterExtImpl: do not intercept for realCallingAppIsSystemApp or CallingAppIsSystemApp
04-15 16:47:42.132  3590  3830 E QosSceneRecognizer[ActivityStartScene]: notifyActivityStart get launchedFromUid failed through AppManager! launchedFromPackage: com.android.shell, pkg: com.binance.monitor
04-15 16:47:42.132  3590  7163 D FlexibleWindowManagerService: isIgnoreAppearedAcrossTask:false
04-15 16:47:42.132  3590  7163 D FlexibleWindowManagerService: isIgnoreAppearedAcrossTask:false
04-15 16:47:42.133  3590  7163 D FlexibleTaskController: findSourceTaskForFreeForm: sourceRecord = null ,realCallingPid:31984 ,launchFromZoomMode:false ,prevTopTask:Task{735fad8 #2 type=undefined I=com.android.launcher/.Launcher}
04-15 16:47:42.133  3590  7163 D FlexibleTaskController: findSourceTaskForFreeForm: the caller is not a flexible freeform window application and does not have a zoom windowMode startup parameter
04-15 16:47:42.133  3590  7163 D FlexibleTaskController: adjustOptionsForFlexibleTask not allow options follow process task's options, reason:9 ,reusedOptions:null
04-15 16:47:42.133  3590  7163 D FlexibleTaskController: isSupportFlexibleWindow target = com.binance.monitor/.ui.main.MainActivity callPkg = FlexibleTaskController support = true ,caller = 3590
04-15 16:47:42.133  3590  7163 D FlexibleWindowManagerService: no reused task found for ActivityRecord{154006266 u0 com.binance.monitor/.ui.main.MainActivity t-1}
04-15 16:47:42.133  3590  8480 I OPM     : handleActivityStart : ActivityRecord{154006266 u0 com.binance.monitor/.ui.main.MainActivity t-1}
04-15 16:47:42.137  3590  7163 D OplusCompatModeManagerService: getRequestedConfigurationOrientation  res:1,req:1,config.old:0,config.new:1,ActivityRecord{154006266 u0 com.binance.monitor/.ui.main.MainActivity t13657}
04-15 16:47:42.137  3590  7163 D OplusCompatModeManagerService:  onPreActivityRecordConfigurationChanged {1.15 ??mcc??mnc [zh_CN,en_US] ldltr sw361dp w361dp h794dp 560dpi nrml long hdr widecg port night finger -keyb/v/h -nav/h winConfig={ mBounds=Rect(0, 0 - 1264, 2780) mAppBounds=Rect(0, 0 - 1264, 2780) mMaxBounds=Rect(0, 0 - 1264, 2780) mDisplayRotation=ROTATION_0 mWindowingMode=fullscreen mActivityType=standard mAlwaysOnTop=undefined mRotation=ROTATION_0} as.10 s.14339 fontWeightAdjustment=0mThemeChanged= 1, mThemeChangedFlags= 1, mFlipFont= 0, mScenario= 0, mAccessibleChanged= -1, mUxIconConfig= 1e177014640920, mMaterialColor= 100040017, mUserId= 0, mFontUserId= 0, mFontVariationSettings= 11d7, mFoldingAngle = -1.0, mIconPackName= , mDarkModeBackgroundMaxL= 8.0, mDarkModeDialogBgMaxL= 27.0, mDarkModeForegroundMinL= 100.0, mOplusConfigType= 1, mOplusChangedConfigs= 0, OpSans= -1, mBurmeseFontFlag= 2, mFlag= 0, mExtraFlag= 0, mFlexibleActivitySuitable= -1, mPuttDisplayFlag= -1}
04-15 16:47:42.137  3590  7163 D OplusCompatModeManagerService:  disable:true,valid:false,computeReq:1,isGameRatio:false
04-15 16:47:42.137  3590  7163 D OplusCompatModeManagerService:  getOverrideMinAspectRatioForCompatMode: 0.0 getRawOverrideMinAspectRatioForCompatMode: 0.0
04-15 16:47:42.137  3590  7163 D OplusCompatModeManagerService:  ar : ActivityRecord{154006266 u0 com.binance.monitor/.ui.main.MainActivity t13657} displayId:0 inCompatMode: false
04-15 16:47:42.137  3590  7163 D OplusCompatModeManagerService: isDefaultDisplay true oldRect: Rect(0, 0 - 0, 0) newRect Rect(0, 0 - 1264, 2780)
04-15 16:47:42.137  3590  7163 D OplusCompatModeManagerService: reloadCompactRatio mParWorldContainer.isEnabledParallelWindow(pkg):false,mParWorldContainer.isDisabledCompactWindow:false,isUIAutoLayout:false, isFullOrientation: false
04-15 16:47:42.138  3590  7163 D SecondaryPageStartupPolicy: checkSecondaryPageStartupStatus not support sourcePackage=com.android.shell
04-15 16:47:42.138  3590  7163 D OplusStartingWindowManager: we don't revise window flags for third app
04-15 16:47:42.138  3590  7163 D ActivityTaskManager: validateStartingWindowTheme:  Pkg=com.binance.monitor, Translucent=false, Floating=false, ShowWallpaper=false, Disable=false, LaunchSource=4, Prev=null, LaunchedFromPackage=com.android.shell
04-15 16:47:42.138  3590  7163 D OplusAlwaysAliveManager: save launch theme 0x7f11022d for Task{2132308 #13657 type=standard A=10518:com.binance.monitor}, act=com.android.server.wm.OplusAlwaysAliveManager@b38ce16
04-15 16:47:42.138  3590  7163 D ActivityTaskManager: addStartingWindow for ActivityRecord{154006266 u0 com.binance.monitor/.ui.main.MainActivity t13657}, mainWin=null, state=INITIALIZING, isKeyguardLocked=false, isKeyguardGoingAway=false
04-15 16:47:42.138  3590  7163 D ActivityTaskManager: getStartingWindowType: , newTask=true, taskSwitch=true, processRunning=false, allowTaskSnapshot=true, activityCreated=false, activityAllDrawn=false, snapshot exist: false
04-15 16:47:42.138  3590  7163 D ActivityRecordExtImpl: handleStartingWindowForCompactWindow origin type:2, adjustType : 2
04-15 16:47:42.139  3590  7163 D TaskOrganizerController: TaskOrganizerController.addStartingWindow: call wmshell to addStartingWindow:ActivityRecord{154006266 u0 com.binance.monitor/.ui.main.MainActivity t13657}
04-15 16:47:42.139  3590  7163 D ActivityTrigger: ActivityTrigger activityPauseTrigger 
04-15 16:47:42.139  8338  8422 D PhoneStartingWindowTypeAlgorithm: preferredStartingWindowType newTask=true, taskSwitch=true, processRunning=false, allowTaskSnapshot=true, activityCreated=false, isSolidColorSplashScreen=false, legacySplashScreen=false, activityDrawn=false, windowless=false, topIsHome=false
04-15 16:47:42.140  3590  7998 I [UAH_CLIENT]: UahEventAcquire, cmdid:1, pkg:com.binance.monitor, identity:com.android.server.wm
04-15 16:47:42.142  3590  8420 V GrammaticalInflectionUtils: AttributionSource: android.content.AttributionSource@1a5dab44 does not have READ_SYSTEM_GRAMMATICAL_GENDER permission.
04-15 16:47:42.143  3590  7163 D ActivityTaskManager: notifyTaskRemoved, task: Task{a5a0283 #13656 type=standard A=10518:com.binance.monitor} trace:com.android.server.wm.RecentTasks.removeForAddTask:1888 com.android.server.wm.RecentTasks.add:1377 com.android.server.wm.ActivityStarter.startActivityInner:3039 com.android.server.wm.ActivityStarter.startActivityUnchecked:2174 com.android.server.wm.ActivityStarter.executeRequest:1924 
04-15 16:47:42.143  8338  8422 D OplusShellStartingWindowManager: getReviseStartingWindowType not support, windowInfo is null
04-15 16:47:42.143  3590  7163 D ActivityTaskManager: notifyTaskAdded, task: Task{2132308 #13657 type=standard A=10518:com.binance.monitor} trace:com.android.server.wm.RecentTasks.add:1392 com.android.server.wm.ActivityStarter.startActivityInner:3039 com.android.server.wm.ActivityStarter.startActivityUnchecked:2174 com.android.server.wm.ActivityStarter.executeRequest:1924 com.android.server.wm.ActivityStarter.execute:1012 
04-15 16:47:42.144  3590  7163 D osense.compress: notifyActivityLaunched pkgName = com.binance.monitor, userId = 0
04-15 16:47:42.144  8338  8381 V WindowManagerShell: Transition requested (#34133): android.os.BinderProxy@7cee46 TransitionRequestInfo { type = OPEN, triggerTask = TaskInfo{userId=0 taskId=13657 effectiveUid=10518 displayId=0 isRunning=true baseIntent=Intent { flg=0x10000000 cmp=com.binance.monitor/.ui.main.MainActivity mCallingUid=2000 } baseActivity=ComponentInfo{com.binance.monitor/com.binance.monitor.ui.main.MainActivity} topActivity=ComponentInfo{com.binance.monitor/com.binance.monitor.ui.main.MainActivity} origActivity=null realActivity=ComponentInfo{com.binance.monitor/com.binance.monitor.ui.main.MainActivity}
04-15 16:47:42.144  8338  8381 V WindowManagerShell:  numActivities=1 lastActiveTime=1290077557 supportsSplitScreenMultiWindow=true supportsMultiWindow=true supportsPocketStudioMultiWindow=true isInFlexibleEmbedded = false uid = 10518 pid = 0 resizeMode=1 isResizeable=true minWidth=-1 minHeight=-1 defaultMinSize=220 token=WCT{android.window.IWindowContainerToken$Stub$Proxy@5eef807} topActivityType=1 pictureInPictureParams=null shouldDockBigOverlays=false launchIntoPipHostTaskId=-1 lastParentTaskIdBeforePip=-1 displayCutoutSafeInsets=Rect(0, 140 - 0, 0)
04-15 16:47:42.144  8338  8381 V WindowManagerShell:  topActivityInfo=ActivityInfo{2bbed34 com.binance.monitor.ui.main.MainActivity} launchCookies=[] positionInParent=Point(0, 0) parentTaskId=-1 isFocused=false isVisible=false isVisibleRequested=false isTopActivityNoDisplay=false isSleeping=false locusId=null displayAreaFeatureId=1 isTopActivityTransparent=false isActivityStackTransparent=false lastNonFullscreenBounds=Rect(330, 828 - 935, 2092) capturedLink=null capturedLinkTimestamp=0 requestedVisibleTypes=-9 topActivityRequestOpenInBrowserEducationTimestamp=0
04-15 16:47:42.144  8338  8381 V WindowManagerShell:  appCompatTaskInfo=AppCompatTaskInfo { topActivityInSizeCompat=false topActivityInOplusCompatMode=false eligibleForLetterboxEducation= false isLetterboxEducationEnabled= false isLetterboxDoubleTapEnabled= false eligibleForUserAspectRatioButton= false topActivityBoundsLetterboxed= false isFromLetterboxDoubleTap= false topActivityLetterboxVerticalPosition= -1 topActivityLetterboxHorizontalPosition= -1 topActivityLetterboxWidth=-1 topActivityLetterboxHeight=-1 topActivityAppBounds=Rect(0, 140 - 1264, 2780) isUserFullscreenOverrideEnabled=false isSystemFullscreenOverrideEnabled=false hasMinAspectRatioOverride=false topActivityLetterboxBounds=null cameraCompatTaskInfo=CameraCompatTaskInfo { freeformCameraCompatMode=inactive}} topActivityMainWindowFrame=null topActivityLetterboxInsets=Rect(0, 0 - 0, 0)
04-15 16:47:42.144  8338  8381 V WindowManagerShell:  mOplusExtraBundle = Bundle[mParcelledData.dataSize=1468]}, pipChange = null, remoteTransition = null, displayChange = null, flags = 0, debugId = 34133 }
04-15 16:47:42.144  8338  8381 D ShellSplitScreen: logExit: no-op, mLoggerSessionId is null
04-15 16:47:42.144  8730  8730 I PantaCard.Lnch.InstantCard:  100335&1000001&1_sid=536877599_rk=ea6994,onInvisible: 100335&1000001&1, engine is null: false[sdk:v1.3.122-1545084,seed-plugin:v16.1.126-d5777f7c,app:v16.4.22] [OplusLauncher|com.android.launcher|2.0.44-25e9612]
04-15 16:47:42.144  8730  8730 I PantaCard.Lnch.InstantCardEngine:  100335&1000001&1_sid=536877599_rk=ea6994,onCardInVisible, cardTag: 100335&1000001&1, last code: 200[sdk:v1.3.122-1545084,seed-plugin:v16.1.126-d5777f7c,app:v16.4.22]
04-15 16:47:42.144  8730  8730 W Page    : setState : 2 (CAS: 3 -> 2)
04-15 16:47:42.144  8730  8730 W CardMonitor: {hash: 1081e1, url: hap://widget/io.iftech.quickapp.box/card/springFestivalCalendar2x2, action: onHide, engine: 10.4.1, versionCode: 129, versionName: 1.0.129, minPlatformVer: 1080, engineChange: false, js_tid: 1953}
04-15 16:47:42.145  3590  7163 I ActivityTaskManager: START u0 {flg=0x10000000 xflg=0x4 cmp=com.binance.monitor/.ui.main.MainActivity mCallingUid=2000} with LAUNCH_MULTIPLE from uid 2000 (BAL_ALLOW_PERMISSION (START_ACTIVITIES_FROM_BACKGROUND permission granted)) result code=0
04-15 16:47:42.145  8730  8730 I SplitScreenManager: Attached Launcher#cbc0fb1 ON_PAUSE
04-15 16:47:42.145  8730  8730 W LauncherClient[u0]: isConnected false because mOverlay is null
04-15 16:47:42.145  8730  8730 D AnimSeqTimeStamp: resetLastLaunchTaskTime
04-15 16:47:42.145  8730  8730 W RootView: 0x1081e1 io.iftech.quickapp.box setCurrentPageVisible : false, attach : true , childCount : 1
04-15 16:47:42.145  3590  8832 I OplusAccessController: enter isIgnoreAppSwitchActivity
04-15 16:47:42.145  3590  8832 I OplusAccessController: enter isIgnoreAppSwitchActivity and intent != null
04-15 16:47:42.145  3590  8832 I OplusAccessController: enter isIgnoreAppSwitchActivity and componentName != null
04-15 16:47:42.145  3590  8832 I OplusAccessController: enter isIgnoreAppSwitchActivity and packageName&activity is not Empty
04-15 16:47:42.146  3590  8832 I AppsFilter: interaction: PackageSetting{a57efb7 com.android.microdroid.empty_payload/10286} -> PackageSetting{da16b76 com.binance.monitor/10518} BLOCKED
04-15 16:47:42.146  8730  1953 I JsConsole: ### App Framework ### 页面(8) "onHide"
04-15 16:47:42.146  3590  8832 I AppsFilter: interaction: PackageSetting{7960842 com.oplus.locationproxy/10171} -> PackageSetting{da16b76 com.binance.monitor/10518} BLOCKED
04-15 16:47:42.146  3590  8832 I AppsFilter: interaction: PackageSetting{671d053 com.android.certinstaller/10226} -> PackageSetting{da16b76 com.binance.monitor/10518} BLOCKED
04-15 16:47:42.146  3590  8832 I AppsFilter: interaction: PackageSetting{f212d90 com.oplus.location/10244} -> PackageSetting{da16b76 com.binance.monitor/10518} BLOCKED
04-15 16:47:42.146  3590  8832 I OplusHansManager : front pkg: com.binance.monitor, uid: 10518, prev pkg: com.android.launcher, prev uid: 10214
04-15 16:47:42.146  3590  8832 D RefreshRate: boostRefreshId choose max:currentRefreshRate:120.00001 targetRefreshRate:60.0 mCurrentPickRate:120.00001
04-15 16:47:42.146  3590  8832 D RefreshRate: Trigger app switch boost, ar=ActivityRecord{154006266 u0 com.binance.monitor/.ui.main.MainActivity t13657},currDisplayRate=120.00001,boostId=3
04-15 16:47:42.146  3590  8832 D RefreshRate: setDisplayConfigSpecs complete: targetMode={id=1, width=1264, height=2780, fps=120.00001, vsync=120.00001, synthetic=false, alternativeRefreshRates=[60.000004, 90.0], supportedHdrTypes=[1, 2, 3, 4]},srcMode={id=1, width=1264, height=2780, fps=120.00001, vsync=120.00001, synthetic=false, alternativeRefreshRates=[60.000004, 90.0], supportedHdrTypes=[1, 2, 3, 4]},sfModId=0,rate=120.00001
04-15 16:47:42.146  3590  8832 D RefreshRate: startAppSwitchBoost targetMode={id=1, width=1264, height=2780, fps=120.00001, vsync=120.00001, synthetic=false, alternativeRefreshRates=[60.000004, 90.0], supportedHdrTypes=[1, 2, 3, 4]} record=ActivityRecord{154006266 u0 com.binance.monitor/.ui.main.MainActivity t13657}: votes=PRIORITY_START_ANIMATION_BOOST -> Vote{mRefreshRate=120.0, mMinRefreshRate=120.0, mRequestSource=null};PRIORITY_WINDOW_REQUEST -> Vote{mRefreshRate=120.0, mMinRefreshRate=120.0, mRequestSource=null};
04-15 16:47:42.146  3590  3875 D RefreshRate: do setDisplayConfigSpecs  
04-15 16:47:42.146  3590  7998 D JobSchedulerServiceExtImpl: updateOsenseRestrictMode for 1 true false
04-15 16:47:42.146  2399  8068 D SurfaceFlinger: VRR [SurfaceFlinger] setDesiredDisplayModeSpecs, from process 3590, 0, 0, primaryRanges = [ 120.000008, 120.000008, 120.000008, 120.000008 ], appRequestRanges = [ 120.000008, 120.000008, 120.000008 120.000008 ]
04-15 16:47:42.147  3590  8475 D NativeFreezeManager: freezeForAppSwitchScene mAppLaunchFzDxEnable enter, mFgAppPkgname com.binance.monitor
04-15 16:47:42.147  2399  2399 I RefreshRateSelector: Display 4630946685746860179 policy changed
04-15 16:47:42.147  2399  2399 I RefreshRateSelector: Previous: {defaultModeId=0, allowGroupSwitching=false, primaryRanges={physical=[0.00 Hz, 120.00 Hz], render=[0.00 Hz, 120.00 Hz]}, appRequestRanges={physical=[0.00 Hz, 120.00 Hz], render=[0.00 Hz, 120.00 Hz]} idleScreenConfig=nullptr}
04-15 16:47:42.147  2399  2399 I RefreshRateSelector: Current:  DisplayManagerPolicy{defaultModeId=0, allowGroupSwitching=false, primaryRanges={physical=[120.00 Hz, 120.00 Hz], render=[120.00 Hz, 120.00 Hz]}, appRequestRanges={physical=[120.00 Hz, 120.00 Hz], render=[120.00 Hz, 120.00 Hz]} idleScreenConfig=nullptr}
04-15 16:47:42.147  2399  2399 I RefreshRateSelector: 0 mode changes were performed under the previous policy
04-15 16:47:42.147  3590  8832 V SensorManager: call sensorServiceCommonInterface name: setScreenShotDisable
04-15 16:47:42.147  2399  2399 D SurfaceFlinger: VRR [SurfaceFlinger] applyRefreshRateSelectorPolicy: 0 (120.00 Hz), policy: {defaultModeId=0, allowGroupSwitching=false, primaryRanges={physical=[120.00 Hz, 120.00 Hz], render=[120.00 Hz, 120.00 Hz]}, appRequestRanges={physical=[120.00 Hz, 120.00 Hz], render=[120.00 Hz, 120.00 Hz]} idleScreenConfig=nullptr}
04-15 16:47:42.147  3590  8832 D SensorServiceExtImpl: sensorServiceCommonInterface funcName = setScreenShotDisable, flag = 0, status = 0
04-15 16:47:42.147  2399  2399 D SurfaceFlinger: VRR [SurfaceFlinger] setDesiredActiveMode: displayId: 4630946685746860179, renderRate: 120, vsyncRate: 120, event: 1
04-15 16:47:42.147  2399  2399 D DisplayModeController: setDesiredMode 4630946685746860179 {mode={fps=120.00 Hz, modePtr={id=0, vsyncRate=120.00 Hz, peakRefreshRate=120.00 Hz}}, emitEvent=true, force=false}
04-15 16:47:42.147  8338  8422 D OplusShellStartingWindowManager: adjustSuggestedWindowType originType: 1, wi: StartingWindowInfo{taskId=13657 targetActivityInfo=null displayId=0 topActivityType=1 preferredStartingWindowType=8b mainWindowLayoutParams=null splashScreenThemeResId 7f11022d, exi: OplusStartingWindowExtendedInfo{mAppToken=android.os.BinderProxy@289a8d2, mSupportSplashScreenPreview=false, mIsSystemApp=false, mIsExceptionListApp=false, mPreviewBitmap=null, mShouldDrawBackground=false, mForceLightMode=false, mForceNightMode=false, mNotSupportNightMode=false, mForcePreview=false, mForceBigIcon=false, mQuickStartingSurface=null, mForceSolidColorSplash=false}
04-15 16:47:42.147  8338  8422 D OplusShellStartingWindowManager: adjustSuggestedWindowType: skip no-system app and no-exception list app
04-15 16:47:42.147  3590  7998 I [UAH_CLIENT]: UahEventAcquire, cmdid:1, pkg:com.binance.monitor, identity:com.android.server.wm
04-15 16:47:42.147  2399  3162 D VRR [OTI]: handleIdle from 0 to 0
04-15 16:47:42.147  2399  3162 D VRR [OTI-HW]: isStateReady 0
04-15 16:47:42.147  2399  3162 D VRR [OTI-HW]: keep rate.
04-15 16:47:42.147  3590  3875 D DisplayModeDirector: setAppRequest displayId : 0  modeId: 1  requestedRefreshRate: 120.00001  requestedMinRefreshRateRange: 120.00001  requestedMaxRefreshRateRange: 120.00001
04-15 16:47:42.147  3590  3872 D OplusFeatureDMR[display=0]: onConfigChanged threadId=70 threadName=OplusDisplayWorkHandler physicalDisplayId=4630946685746860179 modeId=0  
04-15 16:47:42.147  3590  8832 D ActivityTaskManager: setAppVisibility(Token{7028aa1 ActivityRecord{154006266 u0 com.binance.monitor/.ui.main.MainActivity t13657}}, visible=true):  visible=false mVisibleRequested=false
04-15 16:47:42.147  3590  8832 D ActivityTaskManager: setVisibility(Token{7028aa1 ActivityRecord{154006266 u0 com.binance.monitor/.ui.main.MainActivity t13657}}, visible=true) defer commitVisibility for transition collecting
04-15 16:47:42.147  3590  8832 V SensorManager: call sensorServiceCommonInterface name: setScreenShotDisable
04-15 16:47:42.147  3590  8832 D SensorServiceExtImpl: sensorServiceCommonInterface funcName = setScreenShotDisable, flag = 0, status = 0
04-15 16:47:42.147  3590  8832 D ActivityTaskManager: setAppVisibility(Token{e95e916 ActivityRecord{75462386 u0 com.android.launcher/.Launcher t2}}, visible=false):  visible=true mVisibleRequested=true
04-15 16:47:42.147  3590  7998 I [UAH_CLIENT]: UahEventAcquire, cmdid:1, pkg:com.binance.monitor, identity:com.android.server.wm
04-15 16:47:42.147  3590  8777 D OplusHansManager : onUidHansStateChanged: uid = 10518, isFreeze = false, frozenStatus = 0
04-15 16:47:42.147  3590  8832 D ActivityTaskManager: setVisibility(Token{e95e916 ActivityRecord{75462386 u0 com.android.launcher/.Launcher t2}}, visible=false) defer commitVisibility for transition collecting
04-15 16:47:42.147  3590  7996 D osense-blo: [0, false] [0, false] [0, false] 
04-15 16:47:42.147  3590  8279 I Osense-BaseDecisionMaker: notifySceneToAthenaPolicy: SCENE_APP_SWITCH, bundle: Bundle[{prevPkgName=com.android.launcher, curUid=10518, isGame=false, curPkgName=com.binance.monitor, prevUid=10214}]
04-15 16:47:42.147  3590  8480 I OPM-Process: resume pkg: com.binance.monitor, uid:10518, prev pkg: com.android.launcher, prev uid: 10214
04-15 16:47:42.147  3590  8279 I Osense-BaseDecisionMaker: scene: SCENE_APP_SWITCH, excutingPolicy: freezer
04-15 16:47:42.147  3590  8279 D Osense-BaseDecisionMaker: invoke freezer policy,type: fast
04-15 16:47:42.147  3590  7959 D BackgroundInstallControlService: Package event received: 0
04-15 16:47:42.148  3590  8832 D InsetsSourceProvider: updateSourceFrameForServerVisibility mandatorySystemGestures EMPTY_RECT
04-15 16:47:42.148  3590  8832 D InsetsSourceProvider: updateSourceFrameForServerVisibility mandatorySystemGestures EMPTY_RECT
04-15 16:47:42.148  3590  8832 D DisplayModeDirector: setAppRequest displayId : 0  modeId: 1  requestedRefreshRate: 0.0  requestedMinRefreshRateRange: 0.0  requestedMaxRefreshRateRange: 120.00001
04-15 16:47:42.148  3590  8777 I OplusHansManager : FastFreeze enter, freeze uids: []
04-15 16:47:42.148  3590  8777 I OplusHansManager : enter FastFreezer, frontApp: 10518, frozen uids: [], important uids: {10295=input, 10296=exemptionFromFreezer-{10296}, 10397=vpn}, reason: osense
04-15 16:47:42.148  3590  3875 D VRR [OPlusRefreshRateService]:  setDirectorStates [flag: 1, state: 1, directorStateOff: 1]
04-15 16:47:42.148  2399  8068 D VRR [RefreshRateDirector]: updateState mState = 0
04-15 16:47:42.148  8338  8381 D WindowManagerShell: setLauncherKeepClearAreaHeight: visible=false, height=266
04-15 16:47:42.148  8338  8381 D ZoomController: onTaskMovedToFront, task id:13657
04-15 16:47:42.148  8338  8381 I ZoomUiController: FloatHandle-isFloatHandleShow mPackageName = null
04-15 16:47:42.149  8338  8423 D ShellStartingWindow: getWindowAttrs SplashScreenWindowAttrs{ mWindowBgResId: 7f070079, mWindowBgColor: 0, mWindowBgImage: false, mSplashScreenIcon: false, mBrandingImage: false, mIconBgColor: 0, uiMode: 0}
04-15 16:47:42.149  8338  8423 I ShellStartingWindow: makeSplashScreenContentView themeBGColor: ff0e1a2f, isDark: true, last config hash: 1822101690
04-15 16:47:42.149  3590  3796 D InsetsSourceProvider: updateSourceFrameForServerVisibility mandatorySystemGestures EMPTY_RECT
04-15 16:47:42.150  2013  2036 E statsd  : Stats puller failed for tag: 150134 at 1290077560987729
04-15 16:47:42.150  8338  8422 D WindowManager: Add to mViews: android.widget.FrameLayout{8dcbc59 V.E...... ......I. 0,0-0,0 alpha=1.0 viewInfo = },pkg= com.binance.monitor
04-15 16:47:42.151  3590  7380 I VibrationEffectConvertor: onInputMethodListUpdated received, info.size = 3
04-15 16:47:42.151  3590  7380 I VibrationEffectConvertor: userid = 0, packageName = com.sohu.inputmethod.sogou
04-15 16:47:42.151  3590  7380 I VibrationEffectConvertor: userid = 0, packageName = com.baidu.input_oppo
04-15 16:47:42.151  3590  7380 I VibrationEffectConvertor: userid = 0, packageName = com.oplus.securitykeyboard
04-15 16:47:42.149  8543 24139 I iopgp   : Iopgp: TRANSACTION_IOPGP_PRELOAD Sequence_id = 1670 pkg_name = com.binance.monitor uid = 10518 size = 1 isProfile = 1
04-15 16:47:42.152  3590  8777 I OplusHansManager : onUidActive() update stay time, uid=10518, pkgName=com.binance.monitor, U stay=51
04-15 16:47:42.152  8337  9773 V OsAgent : broadcastSystemEvent - 7
04-15 16:47:42.152  2013  2036 E statsd  : Predicate 1508000004 dropping data for dimension key (100234)0x10000->10518[I] 
04-15 16:47:42.152  8338  8546 D skia    : setRusSupported enable 0
04-15 16:47:42.153  3590  8816 D OPM     : notifyPreloadResult com.binance.monitor, type: 2, success: true, res: 0
04-15 16:47:42.154  2014  2014 D Zygote  : Forked child process 31992
04-15 16:47:42.155  3590  3837 I ActivityManager: Start proc 31992:com.binance.monitor/u0a518 for next-top-activity {com.binance.monitor/com.binance.monitor.ui.main.MainActivity}
04-15 16:47:42.155  3590  8480 I OPM     : handleProcessStart : ProcessRecord{730ecd9 31992:com.binance.monitor/u0a518}
04-15 16:47:42.155  3590 31993 W ContextImpl: Calling a method in the system process without a qualified user: android.app.ContextImpl.sendBroadcast:1281 com.qualcomm.qti.Performance$SendGameLaunchBroadcast.run:292 java.lang.Thread.run:1119 <bottom of call stack> <bottom of call stack> 
04-15 16:47:42.155  8338  8423 D ShellStartingWindow: inconsize = 560
04-15 16:47:42.156  3590  9766 I OStatsManager_OplusBatteryStatsManager: updateStateTime: PkgName = com.binance.monitor, uid = 10518, state to bg, mForegroundCnt = 0, isFg = false
04-15 16:47:42.156  3590  3844 V GrammaticalInflectionUtils: AttributionSource: android.content.AttributionSource@59931feb does not have READ_SYSTEM_GRAMMATICAL_GENDER permission.
04-15 16:47:42.156  3590  8837 I AppSnapshotController: attachStartingWindow, win = Window{f199e26 u0 Splash Screen com.binance.monitor}, shouldAppSnapshot = false
04-15 16:47:42.156  3590  3793 I ActivityManager: ProcessObserver broadcast disabled
04-15 16:47:42.156  3590  8837 D ActivityTaskManager: attachStartingWindow: mStartingData=SplashScreenStartingData{851cbb9 removeAfterTransaction= 0}, mAssociatedTask=null, mStartingWindow=Window{f199e26 u0 Splash Screen com.binance.monitor}
04-15 16:47:42.156  3590  3844 D CompatChangeReporter: Compat change id reported: 151861875; UID 10255; state: ENABLED
04-15 16:47:42.156  3590  8837 D WindowManager: attachImeScreenshotOnTargetIfNeeded, mImeHiding = false, requestedVisibleTypes = -9
04-15 16:47:42.157  3590  7167 I MemoryOperationUtils: add 31992 to com.binance.monitor
04-15 16:47:42.157  3590  8837 I WindowManager: addWindow: New client android.os.BinderProxy@335ed81 : window=Window{f199e26 u0 Splash Screen com.binance.monitor}
04-15 16:47:42.157  3590  8837 D FlexibleTaskController: isFullToFlexibleAnimating: false
04-15 16:47:42.157  3590  8837 D WindowManager: rotation(ROTATION_0) no changed  displayId = 0, lastOrientation = 1
