04-15 16:47:43.757  3590  8832 V WindowManager: Relayout Window{86d8583 u0 com.binance.monitor}: viewVisibility=0, oldvis=0, req=315x422 , apr = 0, vsysui=, x=42, y=420
04-15 16:47:43.757 31992 31992 I SurfaceControl:  setExtendedRangeBrightness sc=Surface(name=)/@0xad10a48,currentBufferRatio=1.0,desiredRatio=1.0
04-15 16:47:43.757  3590  3875 D VRR [OPlusSurfaceFlingerController]:  setComplexSceneEnable : true
04-15 16:47:43.757  3590  7998 I [UAH_CLIENT]: uahRuleCtl, ruleId:206, status:3
04-15 16:47:43.758  3590  8832 D InsetsSourceProvider: updateSourceFrameForServerVisibility mandatorySystemGestures EMPTY_RECT
04-15 16:47:43.759  3590  8832 D InsetsSourceProvider: updateSourceFrameForServerVisibility mandatorySystemGestures EMPTY_RECT
04-15 16:47:43.776  3590  8832 D NotificationService--OplusNotificationFixHelper: fixAppIcon: pkg=com.binance.monitor
04-15 16:47:43.776  3590  8832 D NotificationService--OplusNotificationFixHelper: fixAppIcon: appIcon = null, pkg = com.binance.monitor
04-15 16:47:43.776  3590  8832 D NotificationService--NotificationRecord: isSupportRearLight , isRearLight = false mLedRM = false isMultilLed = false
04-15 16:47:43.777  3590  8832 I OplusStatusBarManagerServiceEnhance:  getTopIsFullscreen mTopIsFullscreen: false
04-15 16:47:43.777  3590  8832 W ActivityManager: Permission Denial: getTopApplicationInfo from pid=31992, uid=10518 requires oplus.permission.OPLUS_COMPONENT_SAFE
04-15 16:47:43.777  3590  8832 E OplusNotificationCenter: getForegroundApplication exception
04-15 16:47:43.777  3590  3590 D NotificationService--OplusNotificationManagerServiceExtImpl: isForwardToAssistants: true, case : Is local notification
04-15 16:47:43.777  3590  3590 D NotificationService: This application enqueue notifications is need postDelayed mcsAssistantDelayTime: 50
04-15 16:47:43.780 30638 30957 I JPEG_JNI: EnterExeTask  controller.background_task_controller process {"client":"infer"}
04-15 16:47:43.780 30638 30957 I JPEG_JNI: LeaveExeTask  module controller.background_task_controller 
04-15 16:47:43.780 30638 30957 I JPEG_JNI:  func process  
04-15 16:47:43.780 30638 30957 I JPEG_JNI:  input {"client":"infer"} 
04-15 16:47:43.780 30638 30957 I JPEG_JNI:  ret {}
04-15 16:47:43.789  3590  3830 W QosScheduler: executeSceneQosStrategy failed! qos feature no enable
04-15 16:47:43.830  8338  8338 I SystemUi--Notification: OplusLiveAlertNotificationsRepository-->onRankingApplied
04-15 16:47:43.833  3590  3830 W QosScheduler: executeSceneQosStrategy failed! qos feature no enable
04-15 16:47:43.833  8338  8338 I PluginSeedling--Track: RequestHandler-->notificationUpdated 0|com.binance.monitor|9001|null|10518 postTime: 1776242863776
04-15 16:47:43.834  8338  8338 E LockScreenNotificationDispatcherImp: updateNotificationListOnKg size:0
04-15 16:47:43.835  8338  8338 W SystemUi--Notification: OplusNotificationGroupExtImpl-->setChildrenExpanded: groupHeader is null
04-15 16:47:43.835  8338  8338 I SystemUi--Notification: LockScreenNotificationDispatcherImp-->updateNotificationListOnKg resultCode: 0
04-15 16:47:43.845  8338  8706 D LocalImageResolver: Couldn't use ImageDecoder for drawable, falling back to non-resized load.
04-15 16:47:43.845  8338  8706 D LocalImageResolver: Couldn't use ImageDecoder for drawable, falling back to non-resized load.
04-15 16:47:43.846  8338  8338 D OplusNotificationDateTimeView: setTime mSettingTimeMillis 1776242863775, mSettingLocalDateTime 2026-04-15T16:47:00.775
04-15 16:47:43.846  8338  8706 D LocalImageResolver: Couldn't use ImageDecoder for drawable, falling back to non-resized load.
04-15 16:47:43.849 31992 32044 D OplusScrollToTopManager: com.binance.monitor/com.binance.monitor.ui.host.MainHostActivity,This com.android.internal.policy.DecorView{f1706d3 V.E...... R....... 0,0-1264,2780 aid=0 alpha=1.0 viewInfo = }[MainHostActivity] change focus to true
04-15 16:47:43.856  2113 28543 I sensors-hal: handle_oplus_wise_rgb_event:189, high_pwm_light:lux 363.5,cct 4440.8,brl/algo/ir 1426.0/2.0/53.5,pwm/dc 0.0/0.0,rgbc 17682.699219/11051.256836/6182.585938/31574.251953,ts 1290079108852905,cnt 4530,flag 11252
04-15 16:47:43.856  8338  8338 D OplusNotificationDateTimeView: setTime mSettingTimeMillis 1776242863775, mSettingLocalDateTime 2026-04-15T16:47:00.775
04-15 16:47:43.857  2113 29965 I sensors-hal: handle_oplus_wise_rgb_event:161, wise_rgb: (4530)(cct, lux, ir)[4440.81, 363.50, 53.525818] (r, g, b, c)[17682.70, 11051.26, 6182.59, 31574.25]                 (pwm, hbm, brl, algo)[0.0 0.0 1426.0 2.0], flag 11252
04-15 16:47:43.857  8338  8338 D OplusNotificationDateTimeView: setTime mSettingTimeMillis 1776242863775, mSettingLocalDateTime 2026-04-15T16:47:00.775
04-15 16:47:43.857  8338  8338 I SystemUi--Notification: OplusNotificationTempla-->resolveContentMargin: marginTop=112 isChildInGroup=false hasSubtitle=true params.topMargin=112
04-15 16:47:43.858  8338  8338 W SystemUi--Notification: OplusNotificationGroupExtImpl-->setChildrenExpanded: groupHeader is null
04-15 16:47:43.866  2181  2506 I SDM     : DisplayBuiltIn::IdlePowerCollapse: IPC received, disabling partial update for one frame
04-15 16:47:43.867  8338  8338 E LockScreenNotificationDispatcherImp: updateNotificationListOnKg size:0
04-15 16:47:43.868  8338  8338 W SystemUi--Notification: OplusNotificationGroupExtImpl-->setChildrenExpanded: groupHeader is null
04-15 16:47:43.869  8338  8338 I SystemUi--Notification: LockScreenNotificationDispatcherImp-->updateNotificationListOnKg resultCode: 0
04-15 16:47:43.881 30638 30957 I JPEG_JNI: EnterExeTask  controller.background_task_controller process {"client":"infer"}
04-15 16:47:43.881 30638 30957 I JPEG_JNI: LeaveExeTask  module controller.background_task_controller 
04-15 16:47:43.881 30638 30957 I JPEG_JNI:  func process  
04-15 16:47:43.881 30638 30957 I JPEG_JNI:  input {"client":"infer"} 
04-15 16:47:43.881 30638 30957 I JPEG_JNI:  ret {}
04-15 16:47:43.906  3590  8832 D NotificationService--OplusNotificationFixHelper: fixAppIcon: pkg=com.v2ray.ang
04-15 16:47:43.906  3590  8832 D NotificationService--OplusNotificationFixHelper: fixAppIcon: appIcon = null, pkg = com.v2ray.ang
04-15 16:47:43.906  3590  8832 D NotificationService--NotificationRecord: isSupportRearLight , isRearLight = false mLedRM = false isMultilLed = false
04-15 16:47:43.906  3590  8832 I OplusStatusBarManagerServiceEnhance:  getTopIsFullscreen mTopIsFullscreen: false
04-15 16:47:43.906  3590  8832 W ActivityManager: Permission Denial: getTopApplicationInfo from pid=21203, uid=10397 requires oplus.permission.OPLUS_COMPONENT_SAFE
04-15 16:47:43.907  3590  8832 E OplusNotificationCenter: getForegroundApplication exception
04-15 16:47:43.907  3590  3590 D NotificationService--OplusNotificationManagerServiceExtImpl: isForwardToAssistants: true, case : Is local notification
04-15 16:47:43.907  3590  3590 D NotificationService: This application enqueue notifications is need postDelayed mcsAssistantDelayTime: 50
04-15 16:47:43.915 14034 15313 D CommonApp-291-10518: transport layer data is invalid
04-15 16:47:43.915  3590  8007 D OplusL3Monitor: linkIndex=105, networkId=0, ignore
04-15 16:47:43.915 14034 15313 D CommonApp-288-10518: commonScoreStrategy scenarios 3 mTLD.uplink_packets + mTLD.downlink_packets > 10 avgRtt27
04-15 16:47:43.915 14034 15313 D CommonApp-288-10518: notifyScoreChange appScene COMMON score 93
04-15 16:47:43.915 14034 15313 D CommonApp-288-10518: needNotify 77777
04-15 16:47:43.916 14034 15313 D ScorePolicy: handleScoreChanged: [mInstanceId: -1 mPolicyId: 3342338 mLevel: 2 mValue: 93 mTechnology: 2 mNetId: 288 mUid: 10518 mPeriod: 0 mThreshold: 0 mBadReasonType: 0 mBadReason: 0 mScene: 0 mCBClientId: 0]
04-15 16:47:43.916 14034 15313 D ScorePolicy: handleScoreChanged: [mInstanceId: -1 mPolicyId: 3342340 mLevel: 1 mValue: 93 mTechnology: 2 mNetId: 288 mUid: 10518 mPeriod: 0 mThreshold: 0 mBadReasonType: 0 mBadReason: 0 mScene: 0 mCBClientId: 0]
04-15 16:47:43.916 14034 15313 D ScorePolicy: handleScoreChanged: []
04-15 16:47:43.916 14034 15313 D ScoreClient: notifyScoreChange2457667 1001
04-15 16:47:43.916 14034 15313 D ScoreClient: notifyScoreChange268075477 1006
04-15 16:47:43.916 14034 15313 D ScoreClient: notifyScoreChange172017572 1
04-15 16:47:43.916 14034 15313 D ScoreClient: notifyScoreChange235975006 1
04-15 16:47:43.916 14034 14034 D AtomHighLoadSenseInfo: handleMessage what:1001
04-15 16:47:43.916 14034 15313 D ScoreClient: notifyScoreChange236195522 1008
04-15 16:47:43.916 14034 14034 D AtomHighLoadSenseInfo: handleScoreChanged results:[mInstanceId: -1 mPolicyId: 3342338 mLevel: 2 mValue: 93 mTechnology: 2 mNetId: 288 mUid: 10518 mPeriod: 0 mThreshold: 0 mBadReasonType: 0 mBadReason: 0 mScene: 0 mCBClientId: 2457667]
04-15 16:47:43.916 14034 15313 D ScoreLoader: clinetId 51262116 [mInstanceId: -1 mPolicyId: 3342340 mLevel: 1 mValue: 93 mTechnology: 2 mNetId: 288 mUid: 10518 mPeriod: 0 mThreshold: 0 mBadReasonType: 0 mBadReason: 0 mScene: 0 mCBClientId: 39376926]
04-15 16:47:43.916 14034 14034 D ExtremeCommService: handleMessage what:1006
04-15 16:47:43.916 14034 14034 D ExtremeCommService: EVENT_NETWORK_QUALITY_CHANGE score level:2
04-15 16:47:43.916 14034 14034 D NetworkScoreEvent: update event
04-15 16:47:43.916 14034 14034 D RegStateTracker: Received scoreresult[mInstanceId: -1 mPolicyId: 3342340 mLevel: 1 mValue: 93 mTechnology: 2 mNetId: 288 mUid: 10518 mPeriod: 0 mThreshold: 0 mBadReasonType: 0 mBadReason: 0 mScene: 0 mCBClientId: 235975006]
04-15 16:47:43.916 14034 14034 D AtomNetworkScoreInfo: handleMessage: 1008
04-15 16:47:43.916 14034 14034 D AtomNetworkScoreInfo: Received scoreresult[mInstanceId: -1 mPolicyId: 3342340 mLevel: 1 mValue: 93 mTechnology: 2 mNetId: 288 mUid: 10518 mPeriod: 0 mThreshold: 0 mBadReasonType: 0 mBadReason: 0 mScene: 0 mCBClientId: 236195522]
04-15 16:47:43.916 14034 15313 D ScoreLoader: clinetId 5475375 [mInstanceId: -1 mPolicyId: 3342338 mLevel: 2 mValue: 93 mTechnology: 2 mNetId: 288 mUid: 10518 mPeriod: 0 mThreshold: 0 mBadReasonType: 0 mBadReason: 0 mScene: 0 mCBClientId: 219934186, mInstanceId: -1 mPolicyId: 3342338 mLevel: 2 mValue: 93 mTechnology: 2 mNetId: 288 mUid: 10518 mPeriod: 0 mThreshold: 0 mBadReasonType: 0 mBadReason: 0 mScene: 0 mCBClientId: 79861825, mInstanceId: -1 mPolicyId: 3342338 mLevel: 2 mValue: 93 mTechnology: 2 mNetId: 288 mUid: 10518 mPeriod: 0 mThreshold: 0 mBadReasonType: 0 mBadReason: 0 mScene: 0 mCBClientId: 190672651, mInstanceId: -1 mPolicyId: 3342338 mLevel: 2 mValue: 93 mTechnology: 2 mNetId: 288 mUid: 10518 mPeriod: 0 mThreshold: 0 mBadReasonType: 0 mBadReason: 0 mScene: 0 mCBClientId: 58006050, mInstanceId: -1 mPolicyId: 3342338 mLevel: 2 mValue: 93 mTechnology: 2 mNetId: 288 mUid: 10518 mPeriod: 0 mThreshold: 0 mBadReasonType: 0 mBadReason: 0 mScene: 0 mCBClientId: 64307998, mInstanceId: -1 mPolicyId: 3342340 mLevel: 1 mValue: 93 mTechnology: 2 mNetId: 288 mUid: 10518 mPeriod: 0 mThreshold: 0 mBadReasonType: 0 mBadReason: 0 mScene: 0 mCBClientId: 73361374, mInstanceId: -1 mPolicyId: 3342340 mLevel: 1 mValue: 93 mTechnology: 2 mNetId: 288 mUid: 10518 mPeriod: 0 mThreshold: 0 mBadReasonType: 0 mBadReason: 0 mScene: 0 mCBClientId: 263796602, mInstanceId: -1 mPolicyId: 3342340 mLevel: 1 mValue: 93 mTechnology: 2 mNetId: 288 mUid: 10518 mPeriod: 0 mThreshold: 0 mBadReasonType: 0 mBadReason: 0 mScene: 0 mCBClientId: 128379457, mInstanceId: -1 mPolicyId: 3342340 mLevel: 1 mValue: 93 mTechnology: 2 mNetId: 288 mUid: 10518 mPeriod: 0 mThreshold: 0 mBadReasonType: 0 mBadReason: 0 mScene: 0 mCBClientId: 183644090, mInstanceId: -1 mPolicyId: 3342340 mLevel: 1 mValue: 93 mTechnology: 2 mNetId: 288 mUid: 10518 mPeriod: 0 mThreshold: 0 mBadReasonType: 0 mBadReason: 0 mScene: 0 mCBClientId: 71781513, mInstanceId: -1 mPolicyId: 3342340 mLevel: 1 mValue: 93 mTechnology: 2 mNetId: 288 mUid: 10518 mPeriod: 0 mThreshold: 0 mBadReasonType: 0 mBadReason: 0 mScene: 0 mCBClientId: 119001807, mInstanceId: -1 mPolicyId: 3342340 mLevel: 1 mValue: 93 mTechnology: 2 mNetId: 288 mUid: 10518 mPeriod: 0 mThreshold: 0 mBadReasonType: 0 mBadReason: 0 mScene: 0 mCBClientId: 159917397, mInstanceId: -1 mPolicyId: 3342340 mLevel: 1 mValue: 93 mTechnology: 2 mNetId: 288 mUid: 10518 mPeriod: 0 mThreshold: 0 mBadReasonType: 0 mBadReason: 0 mScene: 0 mCBClientId: 253278887]
04-15 16:47:43.916 14034 15313 D ScoreLoader: clinetId 18804689 [mInstanceId: -1 mPolicyId: 3342340 mLevel: 1 mValue: 93 mTechnology: 2 mNetId: 288 mUid: 10518 mPeriod: 0 mThreshold: 0 mBadReasonType: 0 mBadReason: 0 mScene: 0 mCBClientId: 162591356, mInstanceId: -1 mPolicyId: 3342340 mLevel: 1 mValue: 93 mTechnology: 2 mNetId: 288 mUid: 10518 mPeriod: 0 mThreshold: 0 mBadReasonType: 0 mBadReason: 0 mScene: 0 mCBClientId: 3198911]
04-15 16:47:43.916 13839 14682 D OplusRecoveryEventData: onScoreChanged mInstanceId: -1 mPolicyId: 3342338 mLevel: 2 mValue: 93 mTechnology: 2 mNetId: 288 mUid: 10518 mPeriod: 0 mThreshold: 0 mBadReasonType: 0 mBadReason: 0 mScene: 0 mCBClientId: 219934186
04-15 16:47:43.916  3590  8007 D OplusL3Monitor: network=288, score=93, onScoreChanged result = mInstanceId: -1 mPolicyId: 3342340 mLevel: 1 mValue: 93 mTechnology: 2 mNetId: 288 mUid: 10518 mPeriod: 0 mThreshold: 0 mBadReasonType: 0 mBadReason: 0 mScene: 0 mCBClientId: 3198911, screen= true
04-15 16:47:43.916 13839 14682 D OLK-NAS : get score result     mInstanceId: -1 mPolicyId: 3342340 mLevel: 1 mValue: 93 mTechnology: 2 mNetId: 288 mUid: 10518 mPeriod: 0 mThreshold: 0 mBadReasonType: 0 mBadReason: 0 mScene: 0 mCBClientId: 128379457
04-15 16:47:43.916 13839 14682 D OLK-NAS : networkScoreChange networkId: 288 better = false, score = 93
04-15 16:47:43.916 13839 14671 D SmartStrategyCooperateMachine: now score is 93
04-15 16:47:43.916 13839 14712 E SmartDataSwitchStateManager: null network score or unexpected tech
04-15 16:47:43.935  2280  2331 D BatteryChargeControl: bcc get no support from charging protocol
04-15 16:47:43.960  8338  8338 I SystemUi--Notification: OplusLiveAlertNotificationsRepository-->onRankingApplied
04-15 16:47:43.967  8338  8338 I PluginSeedling--Track: RequestHandler-->notificationUpdated 0|com.v2ray.ang|1|null|10397 postTime: 1776242863906
04-15 16:47:43.967  8338  8338 E LockScreenNotificationDispatcherImp: updateNotificationListOnKg size:0
04-15 16:47:43.969  8338  8338 W SystemUi--Notification: OplusNotificationGroupExtImpl-->setChildrenExpanded: groupHeader is null
04-15 16:47:43.969  8338  8338 I SystemUi--Notification: LockScreenNotificationDispatcherImp-->updateNotificationListOnKg resultCode: 0
04-15 16:47:43.972  1311  1311 E KeymasterUtils: IKMHal_sendCmd failed with rsp_header->status: -28
04-15 16:47:43.972  1311  1311 E KeyMasterHalDevice: abort_operation
04-15 16:47:43.972  1311  1311 E KeyMasterHalDevice: ret: -28
04-15 16:47:43.975 21203 18470 I GoLog   : from tcp:127.0.0.1:39860 accepted tcp:43.155.214.62:443 [socks >> proxy]
04-15 16:47:43.982 30638 30957 I JPEG_JNI: EnterExeTask  controller.background_task_controller process {"client":"infer"}
04-15 16:47:43.982 30638 30957 I JPEG_JNI: LeaveExeTask  module controller.background_task_controller 
04-15 16:47:43.982 30638 30957 I JPEG_JNI:  func process  
04-15 16:47:43.982 30638 30957 I JPEG_JNI:  input {"client":"infer"} 
04-15 16:47:43.982 30638 30957 I JPEG_JNI:  ret {}
04-15 16:47:43.989  8338  8706 D LocalImageResolver: Couldn't use ImageDecoder for drawable, falling back to non-resized load.
04-15 16:47:43.989  8338  8706 D LocalImageResolver: Couldn't use ImageDecoder for drawable, falling back to non-resized load.
04-15 16:47:43.990  8338  8338 D OplusNotificationDateTimeView: setTime mSettingTimeMillis 1776242863904, mSettingLocalDateTime 2026-04-15T16:47:00.904
04-15 16:47:43.990  8338  8706 D LocalImageResolver: Couldn't use ImageDecoder for drawable, falling back to non-resized load.
04-15 16:47:44.000  8338  8338 D OplusNotificationDateTimeView: setTime mSettingTimeMillis 1776242863904, mSettingLocalDateTime 2026-04-15T16:47:00.904
04-15 16:47:44.001  8338  8338 D OplusNotificationDateTimeView: setTime mSettingTimeMillis 1776242863904, mSettingLocalDateTime 2026-04-15T16:47:00.904
04-15 16:47:44.001  8338  8338 I SystemUi--Notification: OplusNotificationTempla-->resolveContentMargin: marginTop=112 isChildInGroup=false hasSubtitle=true params.topMargin=112
04-15 16:47:44.003  8338  8338 W SystemUi--Notification: OplusNotificationGroupExtImpl-->setChildrenExpanded: groupHeader is null
04-15 16:47:44.011  8338  8338 E LockScreenNotificationDispatcherImp: updateNotificationListOnKg size:0
04-15 16:47:44.012  8338  8338 W SystemUi--Notification: OplusNotificationGroupExtImpl-->setChildrenExpanded: groupHeader is null
04-15 16:47:44.013  8338  8338 I SystemUi--Notification: LockScreenNotificationDispatcherImp-->updateNotificationListOnKg resultCode: 0
04-15 16:47:44.082 30638 30957 I JPEG_JNI: EnterExeTask  controller.background_task_controller process {"client":"infer"}
04-15 16:47:44.083 30638 30957 I JPEG_JNI: LeaveExeTask  module controller.background_task_controller 
04-15 16:47:44.083 30638 30957 I JPEG_JNI:  func process  
04-15 16:47:44.083 30638 30957 I JPEG_JNI:  input {"client":"infer"} 
04-15 16:47:44.083 30638 30957 I JPEG_JNI:  ret {}
04-15 16:47:44.089  2181  2506 I SDM     : DisplayBuiltIn::IdlePowerCollapse: IPC received, disabling partial update for one frame
04-15 16:47:44.095  2181 23599 E CwbService: Panel not support apl read or getDisplayPanelAplValue timeout 10ms.
04-15 16:47:44.095  2258  2258 D SensorFeature: name=ssc_screenshot_info ,index = 22
04-15 16:47:44.095  2258  2258 D SensorFeature: write 41 bytes:1290079447885072,1290079498966947,11253,0
04-15 16:47:44.120  2399  3162 D VRR [OTI]: handleIdle from 0 to 1
04-15 16:47:44.120  2399  3162 D VRR [OTI-HW]: isStateReady 0
04-15 16:47:44.120  2399  3162 D VRR [OTI-HW]: keep rate.
04-15 16:47:44.123  2113 29965 I sensors-hal: handle_oplus_wise_rgb_event:161, wise_rgb: (4535)(cct, lux, ir)[4439.45, 363.57, 53.373592] (r, g, b, c)[17657.77, 11035.85, 6184.79, 31543.93]                 (pwm, hbm, brl, algo)[0.0 0.0 1426.0 2.0], flag 11253
04-15 16:47:44.123  3590  7333 D FusionLightNextGen: process end reported = 1, mode: 0, cnt: 134460, lux 361.3, cct 4452.8, r/g/b/c: 17662.8/11031.4/6184.8/31534.6, R/G/B: 15.0/20.0/31.0, bri 1426.0, match 1.00, ir 0.053241, conf 5.0, ts 1290079486160614
04-15 16:47:44.148  3590  8279 D Osense-BaseDecisionMaker: notifyDelayedSceneToPolicy
04-15 16:47:44.184 30638 30957 I JPEG_JNI: EnterExeTask  controller.background_task_controller process {"client":"infer"}
04-15 16:47:44.185 30638 30957 I JPEG_JNI: LeaveExeTask  module controller.background_task_controller 
04-15 16:47:44.185 30638 30957 I JPEG_JNI:  func process  
04-15 16:47:44.185 30638 30957 I JPEG_JNI:  input {"client":"infer"} 
04-15 16:47:44.185 30638 30957 I JPEG_JNI:  ret {}
04-15 16:47:44.208  3590  3830 W QosScheduler: executeSceneQosStrategy failed! qos feature no enable
04-15 16:47:44.241  6347  6397 I MMKV    : <MMKV_IO.cpp:456::writeActualSize> [mmkv.default] increase sequence to 548098, crc 345600693, actualSize 939
04-15 16:47:44.285 30638 30957 I JPEG_JNI: EnterExeTask  controller.background_task_controller process {"client":"infer"}
04-15 16:47:44.286 30638 30957 I JPEG_JNI: LeaveExeTask  module controller.background_task_controller 
04-15 16:47:44.286 30638 30957 I JPEG_JNI:  func process  
04-15 16:47:44.286 30638 30957 I JPEG_JNI:  input {"client":"infer"} 
04-15 16:47:44.286 30638 30957 I JPEG_JNI:  ret {}
04-15 16:47:44.334 29878 29878 D NotificationCenter: NotificationCenterService-->onDestroy: 
04-15 16:47:44.336  3590  8793 D ActivityManager: Async freezing 29878 com.oplus.notificationmanager
04-15 16:47:44.387 30638 30957 I JPEG_JNI: EnterExeTask  controller.background_task_controller process {"client":"infer"}
04-15 16:47:44.388 30638 30957 I JPEG_JNI: LeaveExeTask  module controller.background_task_controller 
04-15 16:47:44.388 30638 30957 I JPEG_JNI:  func process  
04-15 16:47:44.388 30638 30957 I JPEG_JNI:  input {"client":"infer"} 
04-15 16:47:44.388 30638 30957 I JPEG_JNI:  ret {}
04-15 16:47:44.396  2258  2258 D SensorFeature: name=ssc_screenshot_info ,index = 22
04-15 16:47:44.396  2258  2258 D SensorFeature: write 41 bytes:1290079447885072,1290079809950176,11254,0
04-15 16:47:44.398  2113 28543 I sensors-hal: handle_oplus_wise_rgb_event:189, high_pwm_light:lux 362.8,cct 4441.1,brl/algo/ir 1426.0/2.0/53.5,pwm/dc 0.0/0.0,rgbc 17672.726562/11040.252930/6204.674805/31483.279297,ts 1290079730977176,cnt 4540,flag 11254
04-15 16:47:44.398  2113 29965 I sensors-hal: handle_oplus_wise_rgb_event:161, wise_rgb: (4540)(cct, lux, ir)[4441.11, 362.81, 53.518124] (r, g, b, c)[17672.73, 11040.25, 6204.67, 31483.28]                 (pwm, hbm, brl, algo)[0.0 0.0 1426.0 2.0], flag 11254
04-15 16:47:44.417  2181  2506 I SDM     : DisplayBuiltIn::IdlePowerCollapse: IPC received, disabling partial update for one frame
04-15 16:47:44.488 30638 30957 I JPEG_JNI: EnterExeTask  controller.background_task_controller process {"client":"infer"}
04-15 16:47:44.488 30638 30957 I JPEG_JNI: LeaveExeTask  module controller.background_task_controller 
04-15 16:47:44.488 30638 30957 I JPEG_JNI:  func process  
04-15 16:47:44.488 30638 30957 I JPEG_JNI:  input {"client":"infer"} 
04-15 16:47:44.488 30638 30957 I JPEG_JNI:  ret {}
04-15 16:47:44.589 30638 30957 I JPEG_JNI: EnterExeTask  controller.background_task_controller process {"client":"infer"}
04-15 16:47:44.589 30638 30957 I JPEG_JNI: LeaveExeTask  module controller.background_task_controller 
04-15 16:47:44.589 30638 30957 I JPEG_JNI:  func process  
04-15 16:47:44.589 30638 30957 I JPEG_JNI:  input {"client":"infer"} 
04-15 16:47:44.589 30638 30957 I JPEG_JNI:  ret {}
04-15 16:47:44.600 14034 15132 D RadioProxyJ[0]: [105469129]> getRRCStatus
04-15 16:47:44.601 14034 15132 D RadioProxyJ[1]: [105469130]> getRRCStatus
04-15 16:47:44.601  2727  2862 D QmiNasClient: getRRCStatus - enter
04-15 16:47:44.601  3438  3493 D QmiNasClient: getRRCStatus - enter
04-15 16:47:44.602  2727  3977 D QmiNasClient: getRRCStatus callback - enter
04-15 16:47:44.602  2727  3977 D QmiNasClient: getRRCStatus result.rsp.rrcStatusInfo.rrcStatus = 0
04-15 16:47:44.602  3438  3975 D QmiNasClient: getRRCStatus callback - enter
04-15 16:47:44.602  3438  3975 D QmiNasClient: getRRCStatus result.rsp.rrcStatusInfo.rrcStatus = 0
04-15 16:47:44.602  3438  3493 D NasProxy: handleMessage msg is 4001
04-15 16:47:44.602  2727  2862 D NasProxy: handleMessage msg is 4001
04-15 16:47:44.602  2727  2862 D RadioProxy: getRRCStatus : response cb for instance 0
04-15 16:47:44.602  3438  3493 D RadioProxy: getRRCStatus : response cb for instance 1
04-15 16:47:44.602 14034 14677 D RadioProxyJ[0]: [105469129]< getRRCStatusResponse 0
04-15 16:47:44.603 14034 25134 D RadioProxyJ[1]: [105469130]< getRRCStatusResponse 0
04-15 16:47:44.603 14034 15132 D CoexRfService: report RRC state:false
04-15 16:47:44.657  2113 29965 I sensors-hal: handle_oplus_wise_rgb_event:161, wise_rgb: (4545)(cct, lux, ir)[4431.73, 364.03, 53.413494] (r, g, b, c)[17700.15, 11055.66, 6191.42, 31574.25]                 (pwm, hbm, brl, algo)[0.0 0.0 1426.0 2.0], flag 11254
04-15 16:47:44.689 30638 30957 I JPEG_JNI: EnterExeTask  controller.background_task_controller process {"client":"infer"}
04-15 16:47:44.690 30638 30957 I JPEG_JNI: LeaveExeTask  module controller.background_task_controller 
04-15 16:47:44.690 30638 30957 I JPEG_JNI:  func process  
04-15 16:47:44.690 30638 30957 I JPEG_JNI:  input {"client":"infer"} 
04-15 16:47:44.690 30638 30957 I JPEG_JNI:  ret {}
04-15 16:47:44.698  2258  2258 D SensorFeature: name=ssc_screenshot_info ,index = 22
04-15 16:47:44.698  2258  2258 D SensorFeature: write 41 bytes:1290079447885072,1290080111390332,11255,0
04-15 16:47:44.764 31992 31992 I SurfaceControl:  setExtendedRangeBrightness sc=Surface(name=)/@0xad10a48,currentBufferRatio=1.0,desiredRatio=1.0
04-15 16:47:44.764  3590  8793 V WindowManager: Relayout Window{86d8583 u0 com.binance.monitor}: viewVisibility=0, oldvis=0, req=315x422 , apr = 0, vsysui=, x=42, y=420
04-15 16:47:44.765  3590  8793 D InsetsSourceProvider: updateSourceFrameForServerVisibility mandatorySystemGestures EMPTY_RECT
04-15 16:47:44.766  3590  8793 D InsetsSourceProvider: updateSourceFrameForServerVisibility mandatorySystemGestures EMPTY_RECT
04-15 16:47:44.785  3590  9788 I AICCTModule: SensorFilter: brightness threshold 1.4 screenNit is 105.465 ave enviroment lux is 362.14462 luxForNit 105.99182demarcationPoint200.0 result is false
04-15 16:47:44.785  3590  9788 I AICCTModule: SensorFilter: findSecondNearestValue, sensorValue: 4549.7393 nearestMaxValue:4455.53 secondNearestValue: 4455.53
04-15 16:47:44.785  3590  9788 I AICCTModule: SensorFilter: findSecondNearestValue, sensorValue: 366.23328 nearestMaxValue:362.1446 secondNearestValue: 362.1446
04-15 16:47:44.791 30638 30957 I JPEG_JNI: EnterExeTask  controller.background_task_controller process {"client":"infer"}
04-15 16:47:44.792 30638 30957 I JPEG_JNI: LeaveExeTask  module controller.background_task_controller 
04-15 16:47:44.792 30638 30957 I JPEG_JNI:  func process  
04-15 16:47:44.792 30638 30957 I JPEG_JNI:  input {"client":"infer"} 
04-15 16:47:44.792 30638 30957 I JPEG_JNI:  ret {}
04-15 16:47:44.867  2181  2506 I SDM     : DisplayBuiltIn::IdlePowerCollapse: IPC received, disabling partial update for one frame
04-15 16:47:44.893 30638 30957 I JPEG_JNI: EnterExeTask  controller.background_task_controller process {"client":"infer"}
04-15 16:47:44.894 30638 30957 I JPEG_JNI: LeaveExeTask  module controller.background_task_controller 
04-15 16:47:44.894 30638 30957 I JPEG_JNI:  func process  
04-15 16:47:44.894 30638 30957 I JPEG_JNI:  input {"client":"infer"} 
04-15 16:47:44.894 30638 30957 I JPEG_JNI:  ret {}
04-15 16:47:44.907  3590  7998 I [UAH_CLIENT]: UahEventAcquire, cmdid:2, pkg:none, identity:com.android.server.wm
04-15 16:47:44.907  3590  8793 W ActivityTaskManager: callingPackage for (uid=2000, pid=32130) has no WPC
04-15 16:47:44.908  3590  8793 D WindowManager: NFW_setClientVisible:ActivityRecord{246176623 u0 com.binance.monitor/.ui.host.MainHostActivity clientVisible:true
04-15 16:47:44.908  3590  8793 V GrammaticalInflectionUtils: AttributionSource: android.content.AttributionSource@1a5dab44 does not have READ_SYSTEM_GRAMMATICAL_GENDER permission.
04-15 16:47:44.908  3590  8793 D OplusCompatModeManagerService: getRequestedConfigurationOrientation  res:1,req:1,config.old:0,config.new:0,ActivityRecord{246176623 u0 com.binance.monitor/.ui.host.MainHostActivity t-1}
04-15 16:47:44.908  3590  8793 D OplusCompatModeManagerService:  onPreActivityRecordConfigurationChanged {0.0 ?mcc??mnc ?localeList ?layoutDir ?swdp ?wdp ?hdp ?density ?lsize ?long ?ldr ?wideColorGamut ?orien ?uimode ?night ?touch ?keyb/?/? ?nav/? winConfig={ mBounds=Rect(0, 0 - 0, 0) mAppBounds=null mMaxBounds=Rect(0, 0 - 0, 0) mDisplayRotation=undefined mWindowingMode=undefined mActivityType=undefined mAlwaysOnTop=undefined mRotation=undefined} ?fontWeightAdjustmentmThemeChanged= 0, mThemeChangedFlags= 0, mFlipFont= 0, mScenario= -1, mAccessibleChanged= 0, mUxIconConfig= 0, mMaterialColor= ffffffffffffffff, mUserId= -1, mFontUserId= -1, mFontVariationSettings= ffffffff, mFoldingAngle = -1.0, mIconPackName= , mDarkModeBackgroundMaxL= -1.0, mDarkModeDialogBgMaxL= -1.0, mDarkModeForegroundMinL= -1.0, mOplusConfigType= 0, mOplusChangedConfigs= 0, OpSans= -1, mBurmeseFontFlag= -1, mFlag= 0, mExtraFlag= 0, mFlexibleActivitySuitable= -1, mPuttDisplayFlag= -1}
04-15 16:47:44.908  3590  8793 D OplusCompatModeManagerService:  disable:true,valid:false,computeReq:1,isGameRatio:false
04-15 16:47:44.908  3590  8793 D OplusCompatModeManagerService:  getOverrideMinAspectRatioForCompatMode: 0.0 getRawOverrideMinAspectRatioForCompatMode: 0.0
04-15 16:47:44.908  3590  8793 D OplusCompatModeManagerService:  ar : ActivityRecord{246176623 u0 com.binance.monitor/.ui.host.MainHostActivity t-1} displayId:-1 inCompatMode: false
04-15 16:47:44.908  3590  8793 D OplusCompatModeManagerService: isDefaultDisplay true oldRect: Rect(0, 0 - 0, 0) newRect Rect(0, 0 - 0, 0)
04-15 16:47:44.908  3590  8793 D OplusCompatModeManagerService: reloadCompactRatio mParWorldContainer.isEnabledParallelWindow(pkg):false,mParWorldContainer.isDisabledCompactWindow:false,isUIAutoLayout:false, isFullOrientation: false
04-15 16:47:44.908  3590  8793 D FlexibleTaskController: isSupportFlexibleWindow target = com.binance.monitor/.ui.host.MainHostActivity callPkg = FlexibleTaskController support = true ,caller = 3590
04-15 16:47:44.908  3590  8793 D ActivityStarterExtImpl: do not intercept for realCallingAppIsSystemApp or CallingAppIsSystemApp
04-15 16:47:44.908  3590  3830 E QosSceneRecognizer[ActivityStartScene]: notifyActivityStart get launchedFromUid failed through AppManager! launchedFromPackage: com.android.shell, pkg: com.binance.monitor
04-15 16:47:44.909  3590  8793 D FlexibleWindowManagerService: isIgnoreAppearedAcrossTask:false
04-15 16:47:44.909  3590  8793 D ActivityStarterExtImpl: setForceUpdateWindow, targetTask = Task{2132308 #13657 type=standard A=10518:com.binance.monitor} r = ActivityRecord{246176623 u0 com.binance.monitor/.ui.host.MainHostActivity t-1} notFinish =false
04-15 16:47:44.909  3590  8793 D FlexibleWindowManagerService: isIgnoreAppearedAcrossTask:false
04-15 16:47:44.909  3590  8793 D FlexibleTaskController: findSourceTaskForFreeForm: sourceRecord = null ,realCallingPid:32130 ,launchFromZoomMode:false ,prevTopTask:Task{2132308 #13657 type=standard A=10518:com.binance.monitor}
04-15 16:47:44.909  3590  8793 D FlexibleTaskController: findSourceTaskForFreeForm: the caller is not a flexible freeform window application and does not have a zoom windowMode startup parameter
04-15 16:47:44.909  3590  8793 D FlexibleTaskController: adjustOptionsForFlexibleTask not allow options follow process task's options, reason:9 ,reusedOptions:null
04-15 16:47:44.909  3590  8793 I TaskFragmentExtImpl: reset pause in recents anim for mTaskFragment: Task{2132308 #13657 type=standard A=10518:com.binance.monitor}
04-15 16:47:44.909  3590  8793 D FlexibleTaskController: isSupportFlexibleWindow target = com.binance.monitor/.ui.host.MainHostActivity callPkg = FlexibleTaskController support = true ,caller = 3590
04-15 16:47:44.909  3590  8793 D FlexibleTaskController: shouldKeepFlexibleTask flexibleTask not active.
04-15 16:47:44.909  3590  8793 D ActivityStarterExtImpl: isLaunchingRootActivity = false
04-15 16:47:44.909  3590  8793 D ActivityStarterExtImpl: resume targetTask isVisibleRequested is true or in SkipCheckedList, need resume:targetTask=Task{2132308 #13657 type=standard A=10518:com.binance.monitor}
04-15 16:47:44.909  3590  8480 I OPM     : handleActivityStart : ActivityRecord{246176623 u0 com.binance.monitor/.ui.host.MainHostActivity t-1}
04-15 16:47:44.911  3590  8793 E Transition: Aborting Transition mSyncId=34135, caller=com.android.server.wm.OplusTransitionUtil.abortTransitionImmediately:104 com.android.server.wm.OplusTransitionController.abortTransitionImmediately:117 com.android.server.wm.ActivityStarterExtImpl.abortTransitionImmediately:1812 
04-15 16:47:44.911  3590  8793 D OplusTransitionController: hookOnAbort, transition: TransitionRecord{f39515a id=34135 track=0 type=OPEN flags=0x0 state=0 c=[
04-15 16:47:44.911  3590  8793 D OplusTransitionController:    ChangeInfo{7cd3f8b container=ActivityRecord{246176623 u0 com.binance.monitor/.ui.host.MainHostActivity t-1} flags=0x0}
04-15 16:47:44.911  3590  8793 D OplusTransitionController: ]
04-15 16:47:44.911  3590  8793 D OplusTransitionController: }
04-15 16:47:44.911  3590  8793 E OplusAppQuickStart_AppQuickStartController: not start from launcher transition:34135
04-15 16:47:44.912  3590  8793 D KEYLOG_PhoneWindowManager: setKeyguardOccludedLw occluded=false,false,false
04-15 16:47:44.912  3590  8793 D KEYLOG_PhoneWindowManager: setKeyguardOccludedLw occluded=false,false,false
04-15 16:47:44.912  8338 25352 D KeyguardService: setOccluded(false)
04-15 16:47:44.912  8338 25352 D KeyguardService: setOccluded: false, animate= false
04-15 16:47:44.912  8338 25352 D KeyguardViewMediator: setOccluded(false)
04-15 16:47:44.912  8338 25352 D KeyguardViewMediator: setOccluded false
04-15 16:47:44.912  8338 25352 D KeyguardService: setOccluded(false)
04-15 16:47:44.912  8338 25352 D KeyguardService: setOccluded: false, animate= false
04-15 16:47:44.912  8338  8338 D KeyguardViewMediator: handleSetOccluded(false)
04-15 16:47:44.912  8338 25352 D KeyguardViewMediator: setOccluded(false)
04-15 16:47:44.912  8338 25352 D KeyguardViewMediator: setOccluded false
04-15 16:47:44.912  8338  8338 D NotificationShadeWindowController: setIsAboutToOccluded:false, needApply:false
04-15 16:47:44.912  8338  8338 D KeyguardViewMediator: isOccluded=false,mPowerGestureIntercepted=false
04-15 16:47:44.912  8338  8338 I SystemUi--Keyguard: ChargingAnimationImpl-->onKeyguardOccludeChange occluded= false
04-15 16:47:44.912  3590  8793 I ActivityTaskManager: START u0 {flg=0x34000000 xflg=0x4 cmp=com.binance.monitor/.ui.host.MainHostActivity (has extras) mCallingUid=2000} with LAUNCH_MULTIPLE from uid 2000 (BAL_ALLOW_PERMISSION (START_ACTIVITIES_FROM_BACKGROUND permission granted)) result code=3
04-15 16:47:44.913  8338  8338 I SystemUi--Keyguard: OplusKeyguardBottomAreaController-->updateBottomAreaElementUi: reason=onKeyguardOccludeChange(false), isKgdGlideTipShowing=false, isKeyguardVisible=false
04-15 16:47:44.913  8338  8381 D WindowManagerShell: onActivityRestartAttempt: topActivity=ComponentInfo{com.binance.monitor/com.binance.monitor.ui.host.MainHostActivity}, wasVisible=true
04-15 16:47:44.914  8338  8338 I SystemUi--Keyguard: KeyguardSignatureView-->hideSignature reason=isKeyguardInvisible
04-15 16:47:44.914  8338  8338 D KeyguardViewMediator: KeyguardViewMediator queue processing message: SET_OCCLUDED
04-15 16:47:44.914  8338  8338 D KeyguardViewMediator: handleSetOccluded(false)
04-15 16:47:44.914  8338  8338 D NotificationShadeWindowController: setIsAboutToOccluded:false, needApply:false
04-15 16:47:44.914  8338  8338 D KeyguardViewMediator: isOccluded=false,mPowerGestureIntercepted=false
04-15 16:47:44.914  8338  8338 I SystemUi--Keyguard: ChargingAnimationImpl-->onKeyguardOccludeChange occluded= false
04-15 16:47:44.915  8338  8338 I SystemUi--Keyguard: OplusKeyguardBottomAreaController-->updateBottomAreaElementUi: reason=onKeyguardOccludeChange(false), isKgdGlideTipShowing=false, isKeyguardVisible=false
04-15 16:47:44.915  8338  8338 I SystemUi--Keyguard: KeyguardSignatureView-->hideSignature reason=isKeyguardInvisible
04-15 16:47:44.915  8338  8338 D KeyguardViewMediator: KeyguardViewMediator queue processing message: SET_OCCLUDED
04-15 16:47:44.923  2113 28543 I sensors-hal: handle_oplus_wise_rgb_event:189, high_pwm_light:lux 364.8,cct 4423.9,brl/algo/ir 1426.0/2.0/53.4,pwm/dc 0.0/0.0,rgbc 17732.566406/11079.870117/6195.839355/31627.902344,ts 1290080075688739,cnt 4550,flag 11255
04-15 16:47:44.923  2113 29965 I sensors-hal: handle_oplus_wise_rgb_event:161, wise_rgb: (4550)(cct, lux, ir)[4423.92, 364.83, 53.439758] (r, g, b, c)[17732.57, 11079.87, 6195.84, 31627.90]                 (pwm, hbm, brl, algo)[0.0 0.0 1426.0 2.0], flag 11255
04-15 16:47:44.935  2280  2331 D BatteryChargeControl: bcc get no support from charging protocol
04-15 16:47:44.939 14034 15313 D CommonApp-291-10518: transport layer data is invalid
04-15 16:47:44.939 14034 15313 D CommonApp-288-10518: commonScoreStrategy scenarios 5 mdnsScore=0
04-15 16:47:44.939 14034 15313 D CommonApp-288-10518: notifyScoreChange appScene COMMON score 93
04-15 16:47:44.939 14034 15313 D ScorePolicy: handleScoreChanged: []
04-15 16:47:44.939 14034 15313 D ScorePolicy: handleScoreChanged: []
04-15 16:47:44.939 14034 15313 D ScorePolicy: handleScoreChanged: []
04-15 16:47:44.976  1311  1311 E KeymasterUtils: IKMHal_sendCmd failed with rsp_header->status: -28
04-15 16:47:44.976  1311  1311 E KeyMasterHalDevice: abort_operation
04-15 16:47:44.976  1311  1311 E KeyMasterHalDevice: ret: -28
04-15 16:47:44.986  1311  1311 E KeymasterUtils: IKMHal_sendCmd failed with rsp_header->status: -28
04-15 16:47:44.986  1311  1311 E KeyMasterHalDevice: abort_operation
04-15 16:47:44.986  1311  1311 E KeyMasterHalDevice: ret: -28
04-15 16:47:44.994 30638 30957 I JPEG_JNI: EnterExeTask  controller.background_task_controller process {"client":"infer"}
04-15 16:47:44.995 30638 30957 I JPEG_JNI: LeaveExeTask  module controller.background_task_controller 
04-15 16:47:44.995 30638 30957 I JPEG_JNI:  func process  
04-15 16:47:44.995 30638 30957 I JPEG_JNI:  input {"client":"infer"} 
04-15 16:47:44.995 30638 30957 I JPEG_JNI:  ret {}
04-15 16:47:44.996  1311  1311 E KeymasterUtils: IKMHal_sendCmd failed with rsp_header->status: -28
04-15 16:47:44.996  1311  1311 E KeyMasterHalDevice: abort_operation
04-15 16:47:44.996  1311  1311 E KeyMasterHalDevice: ret: -28
04-15 16:47:44.996  1311  1311 E KeymasterUtils: IKMHal_sendCmd failed with rsp_header->status: -28
04-15 16:47:44.996  1311  1311 E KeyMasterHalDevice: abort_operation
04-15 16:47:44.996  1311  1311 E KeyMasterHalDevice: ret: -28
04-15 16:47:45.006  1311  1311 E KeymasterUtils: IKMHal_sendCmd failed with rsp_header->status: -28
04-15 16:47:45.006  1311  1311 E KeyMasterHalDevice: abort_operation
04-15 16:47:45.006  1311  1311 E KeyMasterHalDevice: ret: -28
04-15 16:47:45.015  1311  1311 E KeymasterUtils: IKMHal_sendCmd failed with rsp_header->status: -28
04-15 16:47:45.015  1311  1311 E KeyMasterHalDevice: abort_operation
04-15 16:47:45.015  1311  1311 E KeyMasterHalDevice: ret: -28
04-15 16:47:45.033  2181  2506 I SDM     : DisplayBuiltIn::IdlePowerCollapse: IPC received, disabling partial update for one frame
04-15 16:47:45.038  1311  1311 E KeymasterUtils: IKMHal_sendCmd failed with rsp_header->status: -28
04-15 16:47:45.038  1311  1311 E KeyMasterHalDevice: abort_operation
04-15 16:47:45.038  1311  1311 E KeyMasterHalDevice: ret: -28
04-15 16:47:45.039  2181  2181 E CwbService: Panel not support apl read or getDisplayPanelAplValue timeout 10ms.
04-15 16:47:45.039  2258  2258 D SensorFeature: name=ssc_screenshot_info ,index = 22
04-15 16:47:45.039  2258  2258 D SensorFeature: write 41 bytes:1290080391999290,1290080443265540,11256,0
04-15 16:47:45.046  1311  1311 E KeymasterUtils: IKMHal_sendCmd failed with rsp_header->status: -28
04-15 16:47:45.046  1311  1311 E KeyMasterHalDevice: abort_operation
04-15 16:47:45.046  1311  1311 E KeyMasterHalDevice: ret: -28
04-15 16:47:45.054  1311  1311 E KeymasterUtils: IKMHal_sendCmd failed with rsp_header->status: -28
04-15 16:47:45.054  1311  1311 E KeyMasterHalDevice: abort_operation
04-15 16:47:45.054  1311  1311 E KeyMasterHalDevice: ret: -28
04-15 16:47:45.062  1311  1311 E KeymasterUtils: IKMHal_sendCmd failed with rsp_header->status: -28
04-15 16:47:45.062  1311  1311 E KeyMasterHalDevice: abort_operation
04-15 16:47:45.062  1311  1311 E KeyMasterHalDevice: ret: -28
04-15 16:47:45.084 31992 31992 I ChainTrace: chart_pull phase=start symbol=BTCUSDT interval=15m request=1 durationMs=0 itemCount=1046
04-15 16:47:45.084 31992 31992 D ActivityThread: ComponentInfo{com.binance.monitor/com.binance.monitor.ui.host.MainHostActivity} checkFinished=false 4
04-15 16:47:45.084 31992 31992 D ResourcesManagerExtImpl: applyConfigurationToAppResourcesLocked app.getDisplayId() return callback.displayId:0
04-15 16:47:45.086 31992 32138 D libc-netbsd: [oplusDnsOpenProxy]: __netdClientDispatch.connect errno = 111
04-15 16:47:45.086 31992 32138 D DNS_CACHE: oplus_oplus_getaddrinfo_proxy open dns proxy failed, use android flow: 10518
04-15 16:47:45.087 31992 32138 D libc-netbsd: [oplusDnsOpenProxy]: __netdClientDispatch.connect errno = 111
04-15 16:47:45.090 21203 21382 I GoLog   : from tcp:127.0.0.1:39874 accepted tcp:43.155.214.62:443 [socks >> proxy]
04-15 16:47:45.095 30638 30957 I JPEG_JNI: EnterExeTask  controller.background_task_controller process {"client":"infer"}
04-15 16:47:45.095 30638 30957 I JPEG_JNI: LeaveExeTask  module controller.background_task_controller 
04-15 16:47:45.095 30638 30957 I JPEG_JNI:  func process  
04-15 16:47:45.095 30638 30957 I JPEG_JNI:  input {"client":"infer"} 
04-15 16:47:45.095 30638 30957 I JPEG_JNI:  ret {}
04-15 16:47:45.097  1311  1311 E KeymasterUtils: IKMHal_sendCmd failed with rsp_header->status: -28
04-15 16:47:45.097  1311  1311 E KeyMasterHalDevice: abort_operation
04-15 16:47:45.098  1311  1311 E KeyMasterHalDevice: ret: -28
04-15 16:47:45.105  1311  1311 E KeymasterUtils: IKMHal_sendCmd failed with rsp_header->status: -28
04-15 16:47:45.105  1311  1311 E KeyMasterHalDevice: abort_operation
04-15 16:47:45.105  1311  1311 E KeyMasterHalDevice: ret: -28
04-15 16:47:45.128  2123  2123 E WifiHAL : wifi_get_cached_scan_results: Wifi Cached Scan Result not supported by driver
04-15 16:47:45.128  3590  7894 E WifiStaIfaceAidlImpl: getCachedScanData failed with service-specific exception: android.os.ServiceSpecificException:  (code 4)
04-15 16:47:45.130 14034 14034 D VendorWifiService: onEvent event:9,action:1
04-15 16:47:45.130  3590  8007 D OplusWifiResidenceRecognition: No available relateBssidList
04-15 16:47:45.130  3590  8007 D OplusWifiRoamingUtils: No related better BSSID.
04-15 16:47:45.133  3590  8007 D ScorerUtils: isLowTraffic: txTputKBps=8, rxTputKBps=21
04-15 16:47:45.133  3590  8007 D OplusWifiPower_TriggerCenter: mComponentCallback: wifistat
04-15 16:47:45.133  3590  8007 D OplusWifiResidenceRecognition: No available relateBssidList
04-15 16:47:45.180 31992 31992 D ViewRootImplExtImpl: wrapConfigInfoIntoFlags rotation=0, smallestScreenWidthDp=361, residentWS=false, scenario=0, bounds=Rect(0, 0 - 1264, 2780), relayoutAsync=true, flags=0, newFlags=1457532192, title=com.binance.monitor/com.binance.monitor.ui.host.MainHostActivity
04-15 16:47:45.180 31992 31992 D VRI[MainHostActivity]: relayoutWindow result, sizeChanged:false, surfaceControlChanged:false, transformHintChanged:false, mSurfaceSize:Point(1264, 2780), mLastSurfaceSize:Point(1264, 2780), mWidth:1264, mHeight:2780, requestedWidth:1264, requestedHeight:2780, transformHint:0, installOrientation:0, displayRotation:0, isSurfaceValid:true, attr.flag:-2122252032, tmpFrames:ClientWindowFrames{frame=[0,0][1264,2780] display=[0,0][1264,2780] parentFrame=[0,0][1264,2780]}, relayoutAsync:true, mSyncSeqId:0
04-15 16:47:45.180 31992 31992 W VRI[MainHostActivity]: updateBlastSurfaceIfNeeded, surfaceSize:Point(1264, 2780), lastSurfaceSize:Point(1264, 2780), format:-3, blastBufferQueue:android.graphics.BLASTBufferQueue@18d9251
04-15 16:47:45.181  3590  7163 V WindowManager: Relayout Window{3a0e3a6 u0 com.binance.monitor/com.binance.monitor.ui.host.MainHostActivity}: viewVisibility=0, oldvis=0, req=1264x2780 , apr = 0, vsysui=, x=0, y=0
04-15 16:47:45.181  3590  7163 D InsetsSourceProvider: updateSourceFrameForServerVisibility mandatorySystemGestures EMPTY_RECT
04-15 16:47:45.181  3590  7163 D InsetsSourceProvider: updateSourceFrameForServerVisibility mandatorySystemGestures EMPTY_RECT
04-15 16:47:45.181  3590  7163 I TaskOrganizerController: onTaskInfoChanged taskid 13657 config { mBounds=Rect(0, 0 - 1264, 2780) mAppBounds=Rect(0, 0 - 1264, 2780) mMaxBounds=Rect(0, 0 - 1264, 2780) mDisplayRotation=ROTATION_0 mWindowingMode=fullscreen mActivityType=standard mAlwaysOnTop=undefined mRotation=ROTATION_0}
04-15 16:47:45.182  3590  7163 D OplusFlexibleDragToSplitAnimController: visibleFlexibleTaskInfos delete:13657
04-15 16:47:45.182  3590  7163 E FlexibleWindowManagerService: notifyTaskObserverToAttachController not need to notify!
04-15 16:47:45.182  3590  7163 I FlexibleWindowManagerService: onFlexibleWindowTaskInfoChanged, return for cur task not embedded
04-15 16:47:45.182  8338  8381 W OPLUS_LOG_LOAD: ==LOGS PROG INFO, prog(com.android.systemui) ==
04-15 16:47:45.182  8338  8381 D ShellTaskOrganizerExt: visibleFlexibleTaskInfos delete:13657
04-15 16:47:45.182  8338  8381 D ShellTaskOrganizerExt: isOnCanvas size:0
04-15 16:47:45.182  8338  8381 D ShellTaskOrganizerExt: isOnThreeFlexibleCanvas size:0
04-15 16:47:45.184 31992 31992 I SurfaceControl:  setExtendedRangeBrightness sc=Surface(name=com.binance.monitor/com.binance.monitor.ui.host.MainHostActivity)/@0x5318273,currentBufferRatio=1.0,desiredRatio=1.0
04-15 16:47:45.189 31992 31992 I SurfaceControl:  setExtendedRangeBrightness sc=Surface(name=)/@0xad10a48,currentBufferRatio=1.0,desiredRatio=1.0
04-15 16:47:45.189  3590  7163 V WindowManager: Relayout Window{86d8583 u0 com.binance.monitor}: viewVisibility=0, oldvis=0, req=315x422 , apr = 0, vsysui=, x=42, y=420
04-15 16:47:45.189  3590  7163 D InsetsSourceProvider: updateSourceFrameForServerVisibility mandatorySystemGestures EMPTY_RECT
04-15 16:47:45.189  2113 29965 I sensors-hal: handle_oplus_wise_rgb_event:161, wise_rgb: (4555)(cct, lux, ir)[4408.74, 362.62, 54.554668] (r, g, b, c)[17727.58, 11049.06, 6180.38, 31592.91]                 (pwm, hbm, brl, algo)[0.0 0.0 1426.0 2.0], flag 11256
04-15 16:47:45.190  3590  7163 D InsetsSourceProvider: updateSourceFrameForServerVisibility mandatorySystemGestures EMPTY_RECT
04-15 16:47:45.196 30638 30957 I JPEG_JNI: EnterExeTask  controller.background_task_controller process {"client":"infer"}
04-15 16:47:45.196 30638 30957 I JPEG_JNI: LeaveExeTask  module controller.background_task_controller 
04-15 16:47:45.196 30638 30957 I JPEG_JNI:  func process  
04-15 16:47:45.196 30638 30957 I JPEG_JNI:  input {"client":"infer"} 
04-15 16:47:45.196 30638 30957 I JPEG_JNI:  ret {}
04-15 16:47:45.202  3590  7163 I BLASTSyncEngine: onCommitted syncId: 34135, timeout: false ran: false
04-15 16:47:45.219  1311  1311 E KeymasterUtils: IKMHal_sendCmd failed with rsp_header->status: -28
04-15 16:47:45.219  1311  1311 E KeyMasterHalDevice: abort_operation
04-15 16:47:45.219  1311  1311 E KeyMasterHalDevice: ret: -28
04-15 16:47:45.228  1311  1311 E KeymasterUtils: IKMHal_sendCmd failed with rsp_header->status: -28
04-15 16:47:45.228  1311  1311 E KeyMasterHalDevice: abort_operation
04-15 16:47:45.228  1311  1311 E KeyMasterHalDevice: ret: -28
04-15 16:47:45.229 31992 32083 I ChainTrace: stream type=syncBootstrap gapMs=-1 refreshMarket=true
04-15 16:47:45.229 31992 32083 I ChainTrace: market_apply symbol=BTCUSDT closeTime=1776242879999 fetchMs=-1 triggerToApplyMs=-1
04-15 16:47:45.229 31992 32083 I ChainTrace: market_apply symbol=XAUUSDT closeTime=1776242879999 fetchMs=-1 triggerToApplyMs=-1
04-15 16:47:45.229 31992 32083 I ChainTrace: repo_kline symbol=BTCUSDT closeTime=1776242879999 applyToRepoMs=0
04-15 16:47:45.229 31992 32083 I ChainTrace: repo_kline symbol=XAUUSDT closeTime=1776242879999 applyToRepoMs=0
04-15 16:47:45.230 31992 32083 I ChainTrace: stream type=syncEvent gapMs=1 refreshMarket=true
04-15 16:47:45.233 21203 21382 I GoLog   : from tcp:127.0.0.1:39878 accepted tcp:43.155.214.62:443 [socks >> proxy]
04-15 16:47:45.236 31992 32018 W binance.monitor: Cleared Reference was only reachable from finalizer (only reported once)
04-15 16:47:45.293 31992 31992 I ChainTrace: floating_update symbol=BTCUSDT closeTime=1776242819999 repoToFloatingUpdateMs=-1
04-15 16:47:45.294 31992 31992 I ChainTrace: floating_render symbol=BTCUSDT closeTime=1776242819999 updateToRenderMs=1 repoToFloatingRenderMs=-1 triggerToFloatingRenderMs=-1
04-15 16:47:45.296 30638 30957 I JPEG_JNI: EnterExeTask  controller.background_task_controller process {"client":"infer"}
04-15 16:47:45.297 30638 30957 I JPEG_JNI: LeaveExeTask  module controller.background_task_controller 
04-15 16:47:45.297 30638 30957 I JPEG_JNI:  func process  
04-15 16:47:45.297 30638 30957 I JPEG_JNI:  input {"client":"infer"} 
04-15 16:47:45.297 30638 30957 I JPEG_JNI:  ret {}
04-15 16:47:45.306  1311  1311 E KeymasterUtils: IKMHal_sendCmd failed with rsp_header->status: -28
04-15 16:47:45.306  1311  1311 E KeyMasterHalDevice: abort_operation
04-15 16:47:45.306  1311  1311 E KeyMasterHalDevice: ret: -28
04-15 16:47:45.316  1311  1311 E KeymasterUtils: IKMHal_sendCmd failed with rsp_header->status: -28
04-15 16:47:45.316  1311  1311 E KeyMasterHalDevice: abort_operation
04-15 16:47:45.316  1311  1311 E KeyMasterHalDevice: ret: -28
04-15 16:47:45.322  2181 23599 E CwbService: Panel not support apl read or getDisplayPanelAplValue timeout 10ms.
04-15 16:47:45.322  2258  2258 D SensorFeature: name=ssc_screenshot_info ,index = 22
04-15 16:47:45.322  2258  2258 D SensorFeature: write 41 bytes:1290080714869429,1290080725980540,11257,0
04-15 16:47:45.325  1311  1311 E KeymasterUtils: IKMHal_sendCmd failed with rsp_header->status: -28
04-15 16:47:45.325  1311  1311 E KeyMasterHalDevice: abort_operation
04-15 16:47:45.325  1311  1311 E KeyMasterHalDevice: ret: -28
04-15 16:47:45.334  1311  1311 E KeymasterUtils: IKMHal_sendCmd failed with rsp_header->status: -28
04-15 16:47:45.334  1311  1311 E KeyMasterHalDevice: abort_operation
04-15 16:47:45.334  1311  1311 E KeyMasterHalDevice: ret: -28
04-15 16:47:45.344  1311  1311 E KeymasterUtils: IKMHal_sendCmd failed with rsp_header->status: -28
04-15 16:47:45.344  1311  1311 E KeyMasterHalDevice: abort_operation
04-15 16:47:45.344  1311  1311 E KeyMasterHalDevice: ret: -28
04-15 16:47:45.353  1311  1311 E KeymasterUtils: IKMHal_sendCmd failed with rsp_header->status: -28
04-15 16:47:45.353  1311  1311 E KeyMasterHalDevice: abort_operation
04-15 16:47:45.353  1311  1311 E KeyMasterHalDevice: ret: -28
04-15 16:47:45.355  3590  7163 V WindowManager: Relayout Window{86d8583 u0 com.binance.monitor}: viewVisibility=0, oldvis=0, req=315x422 , apr = 0, vsysui=, x=42, y=420
04-15 16:47:45.355 31992 31992 I SurfaceControl:  setExtendedRangeBrightness sc=Surface(name=)/@0xad10a48,currentBufferRatio=1.0,desiredRatio=1.0
04-15 16:47:45.355  3590  7163 D InsetsSourceProvider: updateSourceFrameForServerVisibility mandatorySystemGestures EMPTY_RECT
