04-09 15:58:02.542 W/.oplus.dmp:main(14706): AIBinder_linkToDeath is being called with a non-null cookie and no onUnlink callback set. This might not be intended. AIBinder_DeathRecipient_setOnUnlinked should be called first.
04-09 15:58:02.542 D/OplusActivityManager(14706): get AMS extension: android.os.BinderProxy@3a84ab8
04-09 15:58:02.543 E/SchedAssist(14706): open sharedFd failed with error=Permission denied
04-09 15:58:02.543 I/DynamicFramerate [FRTCConfigManager](14706): initFrameRateConfig: 
04-09 15:58:02.543 I/DynamicFramerate [FRTCConfigManager](14706): 	levelsFor120hz: [120, 90, 72, 60]
04-09 15:58:02.543 I/DynamicFramerate [FRTCConfigManager](14706): 	thresholdsFor120hz: [1080, 300, 200]
04-09 15:58:02.543 I/DynamicFramerate [FRTCConfigManager](14706): 	levelsFor90hz: [90]
04-09 15:58:02.543 I/DynamicFramerate [FRTCConfigManager](14706): 	thresholdsFor90hz: []
04-09 15:58:02.543 I/DynamicFramerate [FRTCConfigManager](14706): FRTCConfigManager: FRTC_CAPABILITY = 360, package name = com.oplus.dmp, WINDOW_ANIMATION_SPEED_RATE = 10, SCROLL_ANIMATION_SPEED_RATE = 20, PACKAGE_ENABLE = false
04-09 15:58:02.543 I/DynamicFramerate [DynamicFrameRateController](14706): init info: mPackageName = com.oplus.dmp, mIsEnabled = false
04-09 15:58:02.544 I/AC_SDK_AMS_AcAccountManager(14706): init config={"appId":"30776537","appKey":"aa4c223576ff4281818225fdd054c8b2","isHost":false,"isOpHeytap":false,"timeout":6000}
04-09 15:58:02.544 I/AC_SDK_AMS_AcAccountManager(14706): accountManager not null = true ,invoke method = init
04-09 15:58:02.544 I/AC_SDK_AMS_AcAccountManager(14706): getClient,appId=30776537
04-09 15:58:02.544 I/AC_SDK_AMS_AcAccountManager(14706): accountManager not null = true ,invoke method = getClient
04-09 15:58:02.544 I/DMP-AsyncInitHelp(14706): com.oplus.oss.initialization.i doAsyncInit init cost time : 11
04-09 15:58:02.544 D/SplitScreenAppReader( 3590): SPLIT_TOUCH support check:com.oplus.romupdate = false
04-09 15:58:02.544 D/ActivityTaskManagerServiceExtImpl( 3590): preBindApplication record is null
04-09 15:58:02.544 I/DMP-WorkNode(14706): COMPONENTS init finish: true
04-09 15:58:02.544 D/RGBNormalizeServer( 3590): OplusRGBNormalize feature enabled ? true
04-09 15:58:02.544 D/ResourcesManagerCache( 3590): For package com.oplus.romupdate we got cacheList [null] appInfoExt is null ? false hasFeature ? false
04-09 15:58:02.544 I/DMP-ChunkConfig(14706): init, resource: settings, path: settings/100/, fileName: ChunkConfig.json
04-09 15:58:02.546 I/DMP-DatabaseHelper(14706): getDatabaseHelper by :1
04-09 15:58:02.546 I/DMP-DatabaseHelper(14706): getDbVersion, resource:settings, version:100, internalVer:2, rusInternalVer:0
04-09 15:58:02.546 I/DMP-DatabaseHelper(14706): DatabaseHelper resID:1, version:167903332
04-09 15:58:02.547 V/OsAgent ( 8337): broadcastSystemEvent - 7
04-09 15:58:02.547 D/nativeloader(14706): Load /product/priv-app/dmp/dmp.apk!/lib/arm64-v8a/libdalib.so using class loader ns product-clns-9 (caller=/product/priv-app/dmp/dmp.apk!classes3.dex): ok
04-09 15:58:02.547 D/SurfaceSyncGroup(14752): preCreateSurfaceSyncGroupTimerThread
04-09 15:58:02.548 D/CompactWindowAppManager(14752): initCompactApplicationInfo CompactMode: , NormalMode: 
04-09 15:58:02.548 D/nativeloader(14706): Load /product/priv-app/dmp/dmp.apk!/lib/arm64-v8a/libheytaplog.so using class loader ns product-clns-9 (caller=<unknown>): ok
04-09 15:58:02.549 V/Configuration(14752): Updating configuration, locales updated from [] to [zh_CN]
04-09 15:58:02.549 D/OplusScrollToTopManager(14752): setIsInWhiteList false
04-09 15:58:02.549 D/OplusViewDebugManager(14752): OplusViewDebugManager Constructor android.view.debug.OplusViewDebugManager@641bd33 [mHasViewDebugProperty true] [mHasMsgDebugProperty false] [DEBUG false] [EXTRAINFOENABLE false] [LIGHT_OS false]
04-09 15:58:02.550 I/NLogWriter(14706): loganProtocolStatus: clogan_init,-1010
04-09 15:58:02.550 W/libc    (14752): Access denied finding property "ro.odm.prev.product.name"
04-09 15:58:02.551 D/ApplicationLoaders(14752): Returning zygote-cached class loader: /system/framework/org.apache.http.legacy.jar
04-09 15:58:02.553 D/WM-SystemJobScheduler(14706): Reconciling jobs
04-09 15:58:02.555 D/nativeloader(14752): InitLlndkLibrariesProduct: libEGL.so:libGLESv1_CM.so:libGLESv2.so:libGLESv3.so:libRS.so:libandroid_net.so:libapexsupport.so:libavf.so:libbinder_ndk.so:libc.so:libcgrouprc.so:libclang_rt.asan-aarch64-android.so:libclang_rt.asan-arm-android.so:libclang_rt.hwasan-aarch64-android.so:libcom.android.tethering.connectivity_native.so:libdl.so:libft2.so:liblog.so:libm.so:libmediandk.so:libnativewindow.so:libneuralnetworks.so:libselinux.so:libsync.so:libvendorsupport.so:libvndksupport.so:libvulkan.so
04-09 15:58:02.555 D/nativeloader(14752): Configuring product-clns-9 for unbundled product apk /product/app/RomUpdate/RomUpdate.apk. target_sdk_version=36, uses_libraries=, library_path=/product/app/RomUpdate/lib/arm64:/product/lib64:/system/product/lib64, permitted_path=/data:/mnt/expand:/data/user_de/0/com.oplus.romupdate:/product/lib64:/system/product/lib64
04-09 15:58:02.555 D/WM-ForceStopRunnable(14706): Found unfinished work, scheduling it.
04-09 15:58:02.556 D/nativeloader(14752): InitVndkspLibrariesProduct: VNDK is deprecated with product
04-09 15:58:02.557 E/FileStrategy(14706): java.io.IOException: Read-only file system
04-09 15:58:02.557 I/NLogWriter(14706): loganProtocolStatus: clogan_open,-2010
04-09 15:58:02.558 D/WM-PackageManagerHelper(14706): Skipping component enablement for androidx.work.impl.background.systemalarm.RescheduleReceiver
04-09 15:58:02.560 E/FileStrategy(14706): java.io.IOException: Read-only file system
04-09 15:58:02.560 I/oplus.romupdate(14752): AssetManager2(0xb400007246ca0728) locale list changing from [] to [zh-CN]
04-09 15:58:02.563 V/GraphicsEnvironment(14752): Currently set values for:
04-09 15:58:02.563 V/GraphicsEnvironment(14752):   angle_gl_driver_selection_pkgs=[]
04-09 15:58:02.563 V/GraphicsEnvironment(14752):   angle_gl_driver_selection_values=[]
04-09 15:58:02.563 V/GraphicsEnvironment(14752): com.oplus.romupdate is not listed in per-application setting
04-09 15:58:02.563 V/GraphicsEnvironment(14752): ANGLE allowlist from config: 
04-09 15:58:02.563 V/GraphicsEnvironment(14752): com.oplus.romupdate is not listed in ANGLE allowlist or settings, returning default
04-09 15:58:02.563 E/KeymasterUtils( 1311): IKMHal_sendCmd failed with rsp_header->status: -28
04-09 15:58:02.563 E/KeyMasterHalDevice( 1311): abort_operation
04-09 15:58:02.563 E/KeyMasterHalDevice( 1311): ret: -28
04-09 15:58:02.563 D/ResourcesManagerExtImpl(14752): applyConfigurationToAppResourcesLocked app.getDisplayId() return callback.displayId:-1
04-09 15:58:02.568 E/ashmem  (14752): Pinning is deprecated since Android Q. Please use trim or other methods.
04-09 15:58:02.570 D/UpdateApplication(14752): log switch:false
04-09 15:58:02.570 I/AppFeatureCache(14752): enableAppFeatureCache
04-09 15:58:02.570 I/AppFeatureCache(14752): clearCursorInCache
04-09 15:58:02.570 I/AppFeatureCache(14752): invalidateAppFeatureCache run in
04-09 15:58:02.571 I/AppFeatureCache(14752): invalidateAppFeatureCache size: 5
04-09 15:58:02.572 D/OplusActivityManager(14752): get AMS extension: android.os.BinderProxy@8e48b87
04-09 15:58:02.573 E/KeymasterUtils( 1311): IKMHal_sendCmd failed with rsp_header->status: -28
04-09 15:58:02.573 E/KeyMasterHalDevice( 1311): abort_operation
04-09 15:58:02.573 E/KeyMasterHalDevice( 1311): ret: -28
04-09 15:58:02.573 I/RUSApplication(14752): log switch=false
04-09 15:58:02.575 I/ActivityManager( 3590): Flag disabled. Ignoring finishAttachApplication from uid: 10186. pid: 14752
04-09 15:58:02.579 I/DMP-RUSResolver(14706): getConfigFromRUS failed, count:0
04-09 15:58:02.579 I/DMP-RUSManager(14706): updateAssetsAndRemoteConfig: no update
04-09 15:58:02.587 D/SensorFeature( 2258): name=ssc_screenshot_info ,index = 22
04-09 15:58:02.587 D/SensorFeature( 2258): write 39 bytes:768698825022627,768699192057106,28864,0
04-09 15:58:02.589 I/sensors-hal( 2113): handle_oplus_wise_rgb_event:189, high_pwm_light:lux 219.8,cct 5328.8,brl/algo/ir 1380.0/2.0/10.9,pwm/dc 0.0/0.0,rgbc 7824.813965/5950.497559/2962.677246/16403.371094,ts 768699087780185,cnt 15664,flag 28864
04-09 15:58:02.589 I/sensors-hal( 2113): handle_oplus_wise_rgb_event:161, wise_rgb: (15664)(cct, lux, ir)[5328.77, 219.78, 10.870145] (r, g, b, c)[7824.81, 5950.50, 2962.68, 16403.37]                 (pwm, hbm, brl, algo)[0.0 0.0 1380.0 2.0], flag 28864
04-09 15:58:02.594 I/DMP-ConfigManager(14706): initResourceIndexConfig for resource: gallery,id:2
04-09 15:58:02.594 I/DAlib_native::DAlib_JNI(14706): dict_folder:/data/user/0/com.oplus.dmp/files/da/dadict
04-09 15:58:02.595 I/DAlib_native::CmdManager(14706): [CmdManager] has [12] commands
04-09 15:58:02.595 I/DAlib_native::data_manager(14706): load dict[/data/user/0/com.oplus.dmp/files/da/dadict/data/synonym/synonym_dict.fasttrie] type [fasttrie] successfully
04-09 15:58:02.595 I/DMP-ResourceConfig(14706): init, resource: gallery, version: 100, path: gallery/100/, fileName: ResourceConfig.json
04-09 15:58:02.595 I/DAlib_native::plaintext_dict_handler:(14706): setting_syndict_handler : load [/data/user/0/com.oplus.dmp/files/da/dadict/data/synonym/setting_syndict.txt] succeed
04-09 15:58:02.595 I/DAlib_native::data_manager(14706): load dict[/data/user/0/com.oplus.dmp/files/da/dadict/data/synonym/setting_syndict.txt] type [plaintext_syn] successfully
04-09 15:58:02.595 I/DAlib_native::plaintext_dict_handler:(14706): setting_syndict_handler : load [/data/user/0/com.oplus.dmp/files/da/dadict/data/synonym/self_syndict.txt] succeed
04-09 15:58:02.595 I/DAlib_native::data_manager(14706): load dict[/data/user/0/com.oplus.dmp/files/da/dadict/data/synonym/self_syndict.txt] type [plaintext_syn] successfully
04-09 15:58:02.595 I/DMP-IndexConfig(14706): init, resource: gallery, version: 100, path: gallery/100/, fileName: IndexConfig.json
04-09 15:58:02.596 I/DMP-ChunkConfig(14706): init, resource: gallery, path: gallery/100/, fileName: ChunkConfig.json
04-09 15:58:02.596 I/DAlib_native::plaintext_dict_handler:(14706): setting_syndict_handler : load [/data/user/0/com.oplus.dmp/files/da/dadict/data/synonym/generated_file_syn.txt] succeed
04-09 15:58:02.596 I/DAlib_native::data_manager(14706): load dict[/data/user/0/com.oplus.dmp/files/da/dadict/data/synonym/generated_file_syn.txt] type [plaintext_syn] successfully
04-09 15:58:02.596 I/DAlib_native::data_manager(14706): load dict[/data/user/0/com.oplus.dmp/files/da/dadict/data/album/album_dict.fasttrie] type [fasttrie] successfully
04-09 15:58:02.596 I/DMP-DatabaseHelper(14706): getDatabaseHelper by :2
04-09 15:58:02.596 I/DMP-DatabaseHelper(14706): getDbVersion, resource:gallery, version:205, internalVer:0, rusInternalVer:0
04-09 15:58:02.596 I/DMP-DatabaseHelper(14706): DatabaseHelper resID:2, version:167772365
04-09 15:58:02.599 I/DAlib_native::PinyinConverter(14706): load data successfully
04-09 15:58:02.599 I/DAlib_native::PinyinDictHandler(14706): pinyinconverter: load [/data/user/0/com.oplus.dmp/files/da/dadict/data/pinyin] succ
04-09 15:58:02.599 I/DAlib_native::data_manager(14706): load dict[/data/user/0/com.oplus.dmp/files/da/dadict/data/pinyin] type [pinyin] successfully
04-09 15:58:02.599 I/DAlib_native::jieba_dict_handler(14706): start load jieba_dict
04-09 15:58:02.599 I/DAlib_native::DictTrie(14706): start init DictTrie
04-09 15:58:02.604 I/DMP-ConfigManager(14706): initResourceIndexConfig for resource: recorder,id:3
04-09 15:58:02.604 I/DMP-ResourceConfig(14706): init, resource: recorder, version: 101, path: recorder/101/, fileName: ResourceConfig.json
04-09 15:58:02.605 I/DMP-IndexConfig(14706): init, resource: recorder, version: 101, path: recorder/101/, fileName: IndexConfig.json
04-09 15:58:02.605 W/DMP-JsonFileReader(14706): assetManager.list:IndexConfig.json,ResourceConfig.json,fileName:ChunkConfig.json
04-09 15:58:02.605 I/DMP-JsonFileReader(14706): readAssetsFile skipped, file not exist in assets, relativePath: recorder/101/, fileName: ChunkConfig.json
04-09 15:58:02.605 I/DMP-ChunkConfig(14706): init, resource: recorder, path: recorder/101/, fileName: ChunkConfig.json
04-09 15:58:02.605 I/DMP-DatabaseHelper(14706): getDatabaseHelper by :3
04-09 15:58:02.605 I/DMP-DatabaseHelper(14706): getDbVersion, resource:recorder, version:101, internalVer:2, rusInternalVer:0
04-09 15:58:02.605 I/DMP-DatabaseHelper(14706): DatabaseHelper resID:3, version:167903333
04-09 15:58:02.609 I/DAlib_native::DictTrie.hpp(14706): hit dat_cache!
04-09 15:58:02.610 I/DMP-ConfigManager(14706): initResourceIndexConfig for resource: file,id:4
04-09 15:58:02.610 I/DMP-ResourceConfig(14706): init, resource: file, version: 100, path: file/100/, fileName: ResourceConfig.json
04-09 15:58:02.611 I/DMP-IndexConfig(14706): init, resource: file, version: 100, path: file/100/, fileName: IndexConfig.json
04-09 15:58:02.611 I/DMP-ChunkConfig(14706): init, resource: file, path: file/100/, fileName: ChunkConfig.json
04-09 15:58:02.611 I/DMP-DatabaseHelper(14706): getDatabaseHelper by :4
04-09 15:58:02.612 I/DMP-DatabaseHelper(14706): getDbVersion, resource:file, version:100, internalVer:3, rusInternalVer:0
04-09 15:58:02.612 I/DMP-DatabaseHelper(14706): DatabaseHelper resID:4, version:167968868
04-09 15:58:02.617 I/DAlib_native::DictTrie(14706): init DictTrie end
04-09 15:58:02.621 E/DMP-DatabaseHelper(14706): checkIndexConfig re-create db, resource:file, configMd5:601a0d16ce9482e4d1dbd19593630180, dbMd5:03160b7703b06403966a84bec57aa5b3
04-09 15:58:02.621 I/DMP-ConfigManager(14706): initResourceIndexConfig for resource: calendar,id:5
04-09 15:58:02.622 I/DMP-ResourceConfig(14706): init, resource: calendar, version: 100, path: calendar/100/, fileName: ResourceConfig.json
04-09 15:58:02.622 I/DMP-IndexConfig(14706): init, resource: calendar, version: 100, path: calendar/100/, fileName: IndexConfig.json
04-09 15:58:02.622 I/DMP-ChunkConfig(14706): init, resource: calendar, path: calendar/100/, fileName: ChunkConfig.json
04-09 15:58:02.623 I/DMP-DatabaseHelper(14706): getDatabaseHelper by :5
04-09 15:58:02.623 I/DMP-DatabaseHelper(14706): getDbVersion, resource:calendar, version:201, internalVer:0, rusInternalVer:0
04-09 15:58:02.623 I/DMP-DatabaseHelper(14706): DatabaseHelper resID:5, version:167772361
04-09 15:58:02.629 I/DMP-ConfigManager(14706): initResourceIndexConfig for resource: localApp,id:6
04-09 15:58:02.629 I/DMP-ResourceConfig(14706): init, resource: localApp, version: 100, path: localapp/100/, fileName: ResourceConfig.json
04-09 15:58:02.630 I/DMP-IndexConfig(14706): init, resource: localApp, version: 100, path: localapp/100/, fileName: IndexConfig.json
04-09 15:58:02.630 W/DMP-JsonFileReader(14706): assetManager.list:IndexConfig.json,ResourceConfig.json,fileName:ChunkConfig.json
04-09 15:58:02.630 I/DMP-JsonFileReader(14706): readAssetsFile skipped, file not exist in assets, relativePath: localapp/100/, fileName: ChunkConfig.json
04-09 15:58:02.630 I/DMP-ChunkConfig(14706): init, resource: localApp, path: localapp/100/, fileName: ChunkConfig.json
04-09 15:58:02.630 I/DMP-DatabaseHelper(14706): getDatabaseHelper by :6
04-09 15:58:02.630 I/DMP-DatabaseHelper(14706): getDbVersion, resource:localApp, version:130, internalVer:0, rusInternalVer:0
04-09 15:58:02.630 I/DMP-DatabaseHelper(14706): DatabaseHelper resID:6, version:167772290
04-09 15:58:02.639 I/DMP-ConfigManager(14706): initResourceIndexConfig for resource: calendarTodo,id:7
04-09 15:58:02.640 I/DMP-ResourceConfig(14706): init, resource: calendarTodo, version: 100, path: calendartodo/100/, fileName: ResourceConfig.json
04-09 15:58:02.640 I/DMP-IndexConfig(14706): init, resource: calendarTodo, version: 100, path: calendartodo/100/, fileName: IndexConfig.json
04-09 15:58:02.641 I/DMP-ChunkConfig(14706): init, resource: calendarTodo, path: calendartodo/100/, fileName: ChunkConfig.json
04-09 15:58:02.641 I/DMP-DatabaseHelper(14706): getDatabaseHelper by :7
04-09 15:58:02.641 I/DMP-DatabaseHelper(14706): getDbVersion, resource:calendarTodo, version:100, internalVer:0, rusInternalVer:0
04-09 15:58:02.641 I/DMP-DatabaseHelper(14706): DatabaseHelper resID:7, version:167772260
04-09 15:58:02.645 E/DMP-DatabaseHelper(14706): checkIndexConfig re-create db, resource:calendarTodo, configMd5:acdb62b2ca4b54c5d0639bbb836462ed, dbMd5:c622d3d7264ef2c668a9c30f41e2518e
04-09 15:58:02.645 I/DMP-ConfigManager(14706): initResourceIndexConfig for resource: standard_data#flight,id:8
04-09 15:58:02.646 I/DMP-ResourceConfig(14706): init, resource: standard_data#flight, version: 100, path: standard_data#flight/100/, fileName: ResourceConfig.json
04-09 15:58:02.646 I/DMP-IndexConfig(14706): init, resource: standard_data#flight, version: 100, path: standard_data#flight/100/, fileName: IndexConfig.json
04-09 15:58:02.647 W/DMP-JsonFileReader(14706): assetManager.list:IndexConfig.json,ResourceConfig.json,fileName:ChunkConfig.json
04-09 15:58:02.647 I/DMP-JsonFileReader(14706): readAssetsFile skipped, file not exist in assets, relativePath: standard_data#flight/100/, fileName: ChunkConfig.json
04-09 15:58:02.647 I/DMP-ChunkConfig(14706): init, resource: standard_data#flight, path: standard_data#flight/100/, fileName: ChunkConfig.json
04-09 15:58:02.647 I/DMP-ConfigManager(14706): initResourceIndexConfig for resource: standard_data#train,id:9
04-09 15:58:02.647 I/DMP-ResourceConfig(14706): init, resource: standard_data#train, version: 100, path: standard_data#train/100/, fileName: ResourceConfig.json
04-09 15:58:02.648 I/DMP-IndexConfig(14706): init, resource: standard_data#train, version: 100, path: standard_data#train/100/, fileName: IndexConfig.json
04-09 15:58:02.649 W/DMP-JsonFileReader(14706): assetManager.list:IndexConfig.json,ResourceConfig.json,fileName:ChunkConfig.json
04-09 15:58:02.649 I/DMP-JsonFileReader(14706): readAssetsFile skipped, file not exist in assets, relativePath: standard_data#train/100/, fileName: ChunkConfig.json
04-09 15:58:02.649 I/DMP-ChunkConfig(14706): init, resource: standard_data#train, path: standard_data#train/100/, fileName: ChunkConfig.json
04-09 15:58:02.649 I/DMP-ConfigManager(14706): initResourceIndexConfig for resource: standard_data#hotel,id:10
04-09 15:58:02.649 I/DMP-ResourceConfig(14706): init, resource: standard_data#hotel, version: 100, path: standard_data#hotel/100/, fileName: ResourceConfig.json
04-09 15:58:02.650 I/DMP-IndexConfig(14706): init, resource: standard_data#hotel, version: 100, path: standard_data#hotel/100/, fileName: IndexConfig.json
04-09 15:58:02.650 W/DMP-JsonFileReader(14706): assetManager.list:IndexConfig.json,ResourceConfig.json,fileName:ChunkConfig.json
04-09 15:58:02.650 I/DMP-JsonFileReader(14706): readAssetsFile skipped, file not exist in assets, relativePath: standard_data#hotel/100/, fileName: ChunkConfig.json
04-09 15:58:02.650 I/DMP-ChunkConfig(14706): init, resource: standard_data#hotel, path: standard_data#hotel/100/, fileName: ChunkConfig.json
04-09 15:58:02.650 I/DMP-AsyncInitHelp(14706): com.oplus.oss.initialization.j doAsyncInit init cost time : 117
04-09 15:58:02.650 I/DMP-WorkNode(14706): CONFIG init finish: true
04-09 15:58:02.684 D/CommonApp-234-10512(14034): transport layer data is invalid
04-09 15:58:02.686 D/CommonApp-235-10512(14034): commonScoreStrategy scenarios low package
04-09 15:58:02.686 D/ScorePolicy(14034): handleScoreChanged: []
04-09 15:58:02.686 D/ScorePolicy(14034): handleScoreChanged: []
04-09 15:58:02.686 D/ScorePolicy(14034): handleScoreChanged: []
04-09 15:58:02.686 D/OplusL3Monitor( 3590): linkIndex=90, networkId=0, ignore
04-09 15:58:02.686 I/DAlib_native::jieba_dict_handler(14706): load jieba_dict finished
04-09 15:58:02.686 I/DAlib_native::data_manager(14706): load dict[/data/user/0/com.oplus.dmp/files/da/dadict/data/jieba_dict] type [jieba] successfully
04-09 15:58:02.686 I/DAlib_native::StNormalize(14706): init st_normalize success
04-09 15:58:02.686 I/DAlib_native::StManager(14706): st_name: StNormalizeName res:1
04-09 15:58:02.686 W/DAlib_native::StJiebaSegmentCommonSearchName(14706): init st_Segment success
04-09 15:58:02.686 I/DAlib_native::StManager(14706): st_name: StJiebaSegmentCommonSearchName res:1
04-09 15:58:02.687 I/DAlib_native::StManager(14706): st_name: StOutput res:1
04-09 15:58:02.688 I/DAlib_native::StJiebaSegmentSettingSearch(14706): init st_segment success
04-09 15:58:02.688 I/DAlib_native::StManager(14706): st_name: StJiebaSegmentGallerySearchName res:1
04-09 15:58:02.688 W/DAlib_native::StDate(14706): init st_date success
04-09 15:58:02.688 I/DAlib_native::StManager(14706): st_name: StDate res:1
04-09 15:58:02.688 I/DAlib_native::StManager(14706): st_name: StAlbum res:1
04-09 15:58:02.688 I/DAlib_native::StManager(14706): st_name: StOmit res:1
04-09 15:58:02.688 I/DAlib_native::StJiebaSelfQuery:(14706): init st_segment success
04-09 15:58:02.688 I/DAlib_native::StManager(14706): st_name: StJiebaSelfQueryName res:1
04-09 15:58:02.688 I/DAlib_native::StSegmentIndex(14706): init st_segment success
04-09 15:58:02.688 I/DAlib_native::StManager(14706): st_name: StJiebaSegmentIndexName res:1
04-09 15:58:02.688 I/DAlib_native::StSegmentNoStopWord(14706): init st_segment success
04-09 15:58:02.688 I/DAlib_native::StManager(14706): st_name: StJiebaSegmentNoStopWordName res:1
04-09 15:58:02.688 I/DAlib_native::StSegmentNoStopIndex(14706): init st_segment success
04-09 15:58:02.688 I/DAlib_native::StManager(14706): st_name: StJiebaSegmentNoStopIndexName res:1
04-09 15:58:02.688 I/DAlib_native::StManager(14706): st_name: StPinyin res:1
04-09 15:58:02.688 I/DAlib_native::StJiebaSettingQuery:(14706): init st_segment success
04-09 15:58:02.688 I/DAlib_native::StManager(14706): st_name: StJiebaSettingQueryName res:1
04-09 15:58:02.688 W/DAlib_native::StJiebaSegmentPlaintextSynName(14706): init st_Segment success
04-09 15:58:02.688 I/DAlib_native::StManager(14706): st_name: StJiebaSegmentPlaintextSynName res:1
04-09 15:58:02.688 I/DAlib_native::StSegment(14706): init st_segment success
04-09 15:58:02.688 I/DAlib_native::StManager(14706): st_name: StJiebaSegmentName res:1
04-09 15:58:02.697 I/DMP-AsyncInitHelp(14706): com.oplus.oss.initialization.k doAsyncInit init cost time : 164
04-09 15:58:02.697 I/DMP-WorkNode(14706): DA init finish: true
04-09 15:58:02.697 I/DMP-ConfigManager(14706): initExternalConfigs for:[com.coloros.note#attachment, com.oplus.aimemory#collectionDonate_Collection, com.coloros.gallery3d#media_index, com.coloros.note#note, com.oplus.aimemory#donate_AIMemory, com.coloros.note#todo, com.coloros.filemanager#third_app_file, com.oplus.aimemory#billsDonate_Bills]
04-09 15:58:02.730 I/SDM     ( 2181): DisplayBuiltIn::IdlePowerCollapse: IPC received, disabling partial update for one frame
04-09 15:58:02.739 I/DMP-AsyncInitHelp(14706): com.oplus.oss.initialization.h doAsyncInit init cost time : 42
04-09 15:58:02.739 I/DMP-AppInitializer(14706): onInitFinished:true
04-09 15:58:02.739 I/DMP-AppInitializer(14706): get app status success,when get status by waiting
04-09 15:58:02.740 I/MMKV    (14706): Disable checkProcessMode()
04-09 15:58:02.740 I/DMP-IndexProvider(14706): Process index init succeed
04-09 15:58:02.740 I/DMP-Dispatcher(14706): dispatchWork, method[onChange], resource[null], extras[Bundle[{values=[1000008035], uri=content://media/external/file}]]
04-09 15:58:02.740 I/DMP-Dispatcher(14706): need clear all work
04-09 15:58:02.740 I/DMP-WorkManagerFactory(14706): cancel all workManager work
04-09 15:58:02.740 I/DMP-Dispatcher(14706): clear all work done
04-09 15:58:02.741 I/DMP-DMPInfo(14706): query aiask support true
04-09 15:58:02.741 I/DMP-CrashChecker(14706): onInitFinished
04-09 15:58:02.741 I/DMP-FrozenHelper(14706): deleteKeepRequest, no more quest
04-09 15:58:02.741 I/DMP-WorkNode(14706): BUSINESS init finish: true
04-09 15:58:02.741 D/nativeloader(14706): Load /product/priv-app/dmp/dmp.apk!/lib/arm64-v8a/libmmkv.so using class loader ns product-clns-9 (caller=/product/priv-app/dmp/dmp.apk!classes3.dex): ok
04-09 15:58:02.789 I/ChainTrace( 6825): stream type=heartbeat gapMs=1013 refreshMarket=false
04-09 15:58:02.823 I/sensors-hal( 2113): handle_oplus_wise_rgb_event:161, wise_rgb: (15669)(cct, lux, ir)[5268.28, 219.69, 11.969000] (r, g, b, c)[7909.54, 6014.29, 2989.17, 16517.61]                 (pwm, hbm, brl, algo)[0.0 0.0 1380.0 2.0], flag 28864
04-09 15:58:02.824 I/AICCTModule( 3590): SensorFilter: brightness threshold 1.4 screenNit is 98.252 ave enviroment lux is 205.38588 luxForNit 95.33475demarcationPoint200.0 result is false
04-09 15:58:02.824 I/AICCTModule( 3590): SensorFilter: findSecondNearestValue, sensorValue: 5357.533 nearestMaxValue:5358.8975 secondNearestValue: 5358.8975
04-09 15:58:02.824 I/AICCTModule( 3590): SensorFilter: findSecondNearestValue, sensorValue: 205.14702 nearestMaxValue:204.966 secondNearestValue: 204.966
04-09 15:58:02.889 D/SensorFeature( 2258): name=ssc_screenshot_info ,index = 22
04-09 15:58:02.889 D/SensorFeature( 2258): write 39 bytes:768698825022627,768699493106064,28865,0
04-09 15:58:02.903 I/vendor.qti.bluetooth@1.0-ibs_handler( 2103): ProcessIbsCmd: Received IBS_WAKE_IND: 0xFD
04-09 15:58:02.903 D/vendor.qti.bluetooth@1.0-ibs_handler( 2103): SerialClockVote: vote for UART CLK ON
04-09 15:58:02.903 D/vendor.qti.bluetooth@1.0-wake_lock( 2103): Acquire wakelock is acquired 
04-09 15:58:02.903 I/vendor.qti.bluetooth@1.0-ibs_handler( 2103): ProcessIbsCmd: Writing IBS_WAKE_ACK
04-09 15:58:02.944 I/vendor.qti.bluetooth@1.0-ibs_handler( 2103): ProcessIbsCmd: Received IBS_SLEEP_IND: 0xFE
04-09 15:58:02.944 D/vendor.qti.bluetooth@1.0-ibs_handler( 2103): SerialClockVote: vote for UART CLK OFF
04-09 15:58:02.952 I/vendor.qti.bluetooth@1.0-ibs_handler( 2103): ProcessIbsCmd: Received IBS_WAKE_IND: 0xFD
04-09 15:58:02.952 D/vendor.qti.bluetooth@1.0-ibs_handler( 2103): SerialClockVote: vote for UART CLK ON
04-09 15:58:02.952 I/vendor.qti.bluetooth@1.0-ibs_handler( 2103): ProcessIbsCmd: Writing IBS_WAKE_ACK
04-09 15:58:02.955 D/OplusHansManager ( 3590): 25497/1002 to 23359/10344 | android.bluetooth.le.IScannerCallback | 2 reason default_unfreezeForKernel
04-09 15:58:02.964 D/BatteryChargeControl( 2280): bcc get no support from charging protocol
04-09 15:58:03.021 I/vendor.qti.bluetooth@1.0-ibs_handler( 2103): ProcessIbsCmd: Received IBS_SLEEP_IND: 0xFE
04-09 15:58:03.021 D/vendor.qti.bluetooth@1.0-ibs_handler( 2103): SerialClockVote: vote for UART CLK OFF
04-09 15:58:03.090 I/sensors-hal( 2113): handle_oplus_wise_rgb_event:189, high_pwm_light:lux 219.1,cct 5292.9,brl/algo/ir 1380.0/2.0/12.3,pwm/dc 0.0/0.0,rgbc 7917.017090/6003.293457/3002.415039/16515.275391,ts 768699433105185,cnt 15674,flag 28865
04-09 15:58:03.090 I/sensors-hal( 2113): handle_oplus_wise_rgb_event:161, wise_rgb: (15674)(cct, lux, ir)[5292.89, 219.07, 12.335586] (r, g, b, c)[7917.02, 6003.29, 3002.42, 16515.28]                 (pwm, hbm, brl, algo)[0.0 0.0 1380.0 2.0], flag 28865
04-09 15:58:03.090 D/FusionLightNextGen( 3590): process end reported = 1, mode: 0, cnt: 440360, lux 204.4, cct 5353.1, r/g/b/c: 7839.8/5959.3/2956.1/16412.7, R/G/B: 71.0/68.0/60.0, bri 1380.0, match 1.00, ir 0.010116, conf 5.0, ts 768699477385185
04-09 15:58:03.171 D/vendor.qti.bluetooth@1.0-wake_lock( 2103): Release wakelock is released 
04-09 15:58:03.191 D/SensorFeature( 2258): name=ssc_screenshot_info ,index = 22
04-09 15:58:03.191 D/SensorFeature( 2258): write 39 bytes:768698825022627,768699795007887,28866,0
04-09 15:58:03.233 I/APS_ALOG( 5836): flushRoutine g_immediateFlush=0 g_pendingCount=0 g_oobCount=0
04-09 15:58:03.320 E/WifiHAL ( 2123): wifi_get_cached_scan_results: Wifi Cached Scan Result not supported by driver
04-09 15:58:03.321 E/WifiStaIfaceAidlImpl( 3590): getCachedScanData failed with service-specific exception: android.os.ServiceSpecificException:  (code 4)
04-09 15:58:03.326 D/VendorWifiService(14034): onEvent event:9,action:1
04-09 15:58:03.336 D/ScorerUtils( 3590): isLowTraffic: txTputKBps=0, rxTputKBps=3
04-09 15:58:03.337 D/OplusWifiPower_TriggerCenter( 3590): mComponentCallback: wifistat
04-09 15:58:03.357 I/sensors-hal( 2113): handle_oplus_wise_rgb_event:161, wise_rgb: (15679)(cct, lux, ir)[5318.03, 218.75, 11.570444] (r, g, b, c)[7912.03, 5974.70, 2973.72, 16517.61]                 (pwm, hbm, brl, algo)[0.0 0.0 1380.0 2.0], flag 28866
04-09 15:58:03.494 D/SensorFeature( 2258): name=ssc_screenshot_info ,index = 22
04-09 15:58:03.494 D/SensorFeature( 2258): write 39 bytes:768698825022627,768700098000908,28867,0
04-09 15:58:03.527 D/osense.compress( 3590): com.tencent.mm_u999 do shrink, target ratio = 89, final ratio = 90, cur ratio = 84
04-09 15:58:03.623 I/sensors-hal( 2113): handle_oplus_wise_rgb_event:189, high_pwm_light:lux 219.2,cct 5283.1,brl/algo/ir 1380.0/2.0/12.2,pwm/dc 0.0/0.0,rgbc 7917.017090/5996.693359/2991.376709/16526.931641,ts 768700032634352,cnt 15684,flag 28867
04-09 15:58:03.623 I/sensors-hal( 2113): handle_oplus_wise_rgb_event:161, wise_rgb: (15684)(cct, lux, ir)[5283.12, 219.17, 12.185141] (r, g, b, c)[7917.02, 5996.69, 2991.38, 16526.93]                 (pwm, hbm, brl, algo)[0.0 0.0 1380.0 2.0], flag 28867
04-09 15:58:03.709 D/CommonApp-234-10512(14034): transport layer data is invalid
04-09 15:58:03.709 D/CommonApp-235-10512(14034): commonScoreStrategy scenarios low package
04-09 15:58:03.709 D/ScorePolicy(14034): handleScoreChanged: []
04-09 15:58:03.709 D/ScorePolicy(14034): handleScoreChanged: []
04-09 15:58:03.709 D/ScorePolicy(14034): handleScoreChanged: []
04-09 15:58:03.797 D/SensorFeature( 2258): name=ssc_screenshot_info ,index = 22
04-09 15:58:03.797 D/SensorFeature( 2258): write 39 bytes:768698825022627,768700400673043,28868,0
04-09 15:58:03.815 I/ChainTrace( 6825): stream type=syncEvent gapMs=1026 refreshMarket=true
04-09 15:58:03.825 I/SDM     ( 2181): DisplayBuiltIn::IdlePowerCollapse: IPC received, disabling partial update for one frame
04-09 15:58:03.835 I/SDM     ( 2181): DisplayBuiltIn::IdlePowerCollapse: IPC received, disabling partial update for one frame
04-09 15:58:03.846 I/SDM     ( 2181): DisplayBuiltIn::IdlePowerCollapse: IPC received, disabling partial update for one frame
04-09 15:58:03.852 I/SurfaceControl( 6825):  setExtendedRangeBrightness sc=Surface(name=)/@0x51f69f9,currentBufferRatio=1.0,desiredRatio=1.0
04-09 15:58:03.852 V/WindowManager( 3590): Relayout Window{f71f005 u0 com.binance.monitor}: viewVisibility=0, oldvis=0, req=315x379 , apr = 0, vsysui=, x=-1885, y=1068
04-09 15:58:03.852 D/InsetsSourceProvider( 3590): updateSourceFrameForServerVisibility mandatorySystemGestures EMPTY_RECT
04-09 15:58:03.853 D/InsetsSourceProvider( 3590): updateSourceFrameForServerVisibility mandatorySystemGestures EMPTY_RECT
04-09 15:58:03.890 I/sensors-hal( 2113): handle_oplus_wise_rgb_event:161, wise_rgb: (15689)(cct, lux, ir)[5291.17, 218.95, 12.477166] (r, g, b, c)[7849.73, 5946.10, 2967.09, 16415.03]                 (pwm, hbm, brl, algo)[0.0 0.0 1380.0 2.0], flag 28868
04-09 15:58:03.897 W/OPLUS_LOG_LOAD( 3590): ==LOGS PROG INFO, prog(system_server) ==
04-09 15:58:03.897 V/AlarmManager( 3590): sending alarm Alarm{51c8119 type 1 origWhen 1775721483897 whenElapsed 768700502 android} uid 1000 whenElapsed 768700502 windowLength 0 maxWhenElapsed 768700502 repeatInterval 0 action null component null tag StorgaeBandInfoAlarmTag flags 0x9 procName system_server
04-09 15:58:03.897 E/OplusStorageUFSBandwidth( 3590): storage_io_metrics_path is /proc/oplus_storage/io_metrics/forever/
04-09 15:58:03.898 E/OplusStorageUFSBandwidth( 3590): Bandwidth - Read: 43.46 MB/s, Write: 0.00 MB/s
04-09 15:58:03.898 E/OplusStorageUFSBandwidth( 3590): Task time: 1ms
04-09 15:58:03.903 E/OplusStorageUFSBandwidth( 3590): Alarm set to trigger in 10 seconds
04-09 15:58:03.951 I/SDM     ( 2181): DisplayBuiltIn::IdlePowerCollapse: IPC received, disabling partial update for one frame
04-09 15:58:03.965 D/BatteryChargeControl( 2280): bcc get no support from charging protocol
04-09 15:58:04.022 I/AICCTModule( 3590): SensorFilter: brightness threshold 1.4 screenNit is 98.252 ave enviroment lux is 203.87111 luxForNit 95.24362demarcationPoint200.0 result is false
04-09 15:58:04.022 I/AICCTModule( 3590): SensorFilter: findSecondNearestValue, sensorValue: 5358.8975 nearestMaxValue:5353.099 secondNearestValue: 5353.099
04-09 15:58:04.022 I/AICCTModule( 3590): SensorFilter: findSecondNearestValue, sensorValue: 204.966 nearestMaxValue:205.38588 secondNearestValue: 204.42876
04-09 15:58:04.132 I/SDM     ( 2181): DisplayBuiltIn::IdlePowerCollapse: IPC received, disabling partial update for one frame
04-09 15:58:04.140 E/CwbService( 2181): Panel not support apl read or getDisplayPanelAplValue timeout 10ms.
04-09 15:58:04.140 D/SensorFeature( 2258): name=ssc_screenshot_info ,index = 22
04-09 15:58:04.140 D/SensorFeature( 2258): write 39 bytes:768700679700908,768700733810543,28869,0
04-09 15:58:04.155 I/sensors-hal( 2113): handle_oplus_wise_rgb_event:189, high_pwm_light:lux 219.1,cct 5344.5,brl/algo/ir 1380.0/2.0/10.6,pwm/dc 0.0/0.0,rgbc 7842.258301/5952.697266/2960.469482/16387.050781,ts 768700676101904,cnt 15694,flag 28869
04-09 15:58:04.156 I/sensors-hal( 2113): handle_oplus_wise_rgb_event:161, wise_rgb: (15694)(cct, lux, ir)[5344.54, 219.12, 10.646193] (r, g, b, c)[7842.26, 5952.70, 2960.47, 16387.05]                 (pwm, hbm, brl, algo)[0.0 0.0 1380.0 2.0], flag 28869
04-09 15:58:04.422 I/sensors-hal( 2113): handle_sns_std_sensor_event:114, oplus rgb_rear sample: (cct, lux, ir, x, y)[5169, 76, 21, 342, 382]
04-09 15:58:04.422 I/sensors-hal( 2113): handle_sns_std_sensor_event:116, oplus rgb_rear sample: (r, g, b, c w)[4177, 8607, 1387, 186, 0]
04-09 15:58:04.443 D/SensorFeature( 2258): name=ssc_screenshot_info ,index = 22
04-09 15:58:04.443 D/SensorFeature( 2258): write 39 bytes:768700679700908,768701046828407,28870,0
04-09 15:58:04.447 I/sensors-hal( 2113): handle_oplus_wise_rgb_event:161, wise_rgb: (15699)(cct, lux, ir)[5332.57, 219.46, 11.045838] (r, g, b, c)[7839.77, 5961.50, 2958.26, 16419.69]                 (pwm, hbm, brl, algo)[0.0 0.0 1380.0 2.0], flag 28870
04-09 15:58:04.447 D/FusionLightNextGen( 3590): process end reported = 1, mode: 0, cnt: 440365, lux 202.9, cct 5399.8, r/g/b/c: 7822.3/5915.3/2964.9/16359.1, R/G/B: 71.0/68.0/60.0, bri 1380.0, match 1.00, ir 0.010185, conf 5.0, ts 768700998399821
04-09 15:58:04.689 I/sensors-hal( 2113): handle_oplus_wise_rgb_event:189, high_pwm_light:lux 219.3,cct 5271.7,brl/algo/ir 1380.0/2.0/11.9,pwm/dc 0.0/0.0,rgbc 7912.033203/5998.893555/2986.961182/16505.949219,ts 768701032478675,cnt 15704,flag 28870
04-09 15:58:04.690 I/sensors-hal( 2113): handle_oplus_wise_rgb_event:161, wise_rgb: (15704)(cct, lux, ir)[5271.68, 219.33, 11.872672] (r, g, b, c)[7912.03, 5998.89, 2986.96, 16505.95]                 (pwm, hbm, brl, algo)[0.0 0.0 1380.0 2.0], flag 28870
04-09 15:58:04.703 I/ChainTrace( 6825): stream type=syncEvent gapMs=888 refreshMarket=true
04-09 15:58:04.703 I/ChainTrace( 6825): market_apply symbol=XAUUSDT closeTime=1775721539999 fetchMs=-1 triggerToApplyMs=-1
04-09 15:58:04.703 I/ChainTrace( 6825): repo_kline symbol=XAUUSDT closeTime=1775721539999 applyToRepoMs=0
04-09 15:58:04.719 D/vendor.oplus.hardware.charger-V10-service( 2280): ret_value:122, read content:,294,294,4052,4050,-172,64,65,1,1,0,494,4955,65,1,4480,600,500,0,0,9500,0,0,1,0,2,0,0,0,1,5868,89,0,3194,5026,0,0,0,0,0,0
04-09 15:58:04.719 D/vendor.oplus.hardware.charger-V10-service( 2280): gmtime: 2026-04-09-15-58-04
04-09 15:58:04.719 D/vendor.oplus.hardware.charger-V10-service( 2280): usb_online:1, ac_online:-2147483648, wireless_online:-2147483648
04-09 15:58:04.732 D/CommonApp-234-10512(14034): transport layer data is invalid
04-09 15:58:04.732 D/CommonApp-235-10512(14034): commonScoreStrategy scenarios low package
04-09 15:58:04.732 D/ScorePolicy(14034): handleScoreChanged: []
04-09 15:58:04.732 D/ScorePolicy(14034): handleScoreChanged: []
04-09 15:58:04.732 D/ScorePolicy(14034): handleScoreChanged: []
04-09 15:58:04.745 D/SensorFeature( 2258): name=ssc_screenshot_info ,index = 22
04-09 15:58:04.745 D/SensorFeature( 2258): write 39 bytes:768700679700908,768701349216324,28871,0
04-09 15:58:04.832 I/SDM     ( 2181): DisplayBuiltIn::IdlePowerCollapse: IPC received, disabling partial update for one frame
04-09 15:58:04.841 I/SurfaceControl( 6825):  setExtendedRangeBrightness sc=Surface(name=)/@0x51f69f9,currentBufferRatio=1.0,desiredRatio=1.0
04-09 15:58:04.842 V/WindowManager( 3590): Relayout Window{f71f005 u0 com.binance.monitor}: viewVisibility=0, oldvis=0, req=315x379 , apr = 0, vsysui=, x=-1885, y=1068
04-09 15:58:04.842 D/InsetsSourceProvider( 3590): updateSourceFrameForServerVisibility mandatorySystemGestures EMPTY_RECT
04-09 15:58:04.843 D/InsetsSourceProvider( 3590): updateSourceFrameForServerVisibility mandatorySystemGestures EMPTY_RECT
04-09 15:58:04.940 I/SDM     ( 2181): DisplayBuiltIn::IdlePowerCollapse: IPC received, disabling partial update for one frame
04-09 15:58:04.956 I/sensors-hal( 2113): handle_oplus_wise_rgb_event:161, wise_rgb: (15709)(cct, lux, ir)[5303.48, 217.65, 12.861845] (r, g, b, c)[7867.18, 5979.10, 2995.79, 16419.69]                 (pwm, hbm, brl, algo)[0.0 0.0 1380.0 2.0], flag 28871
04-09 15:58:04.965 D/BatteryChargeControl( 2280): bcc get no support from charging protocol
04-09 15:58:05.080 I/SDM     ( 2181): DisplayBuiltIn::IdlePowerCollapse: IPC received, disabling partial update for one frame
04-09 15:58:05.084 E/CwbService( 2181): Panel not support apl read or getDisplayPanelAplValue timeout 10ms.
04-09 15:58:05.085 D/SensorFeature( 2258): name=ssc_screenshot_info ,index = 22
04-09 15:58:05.085 D/SensorFeature( 2258): write 39 bytes:768701623746480,768701678068876,28872,0
04-09 15:58:05.222 I/sensors-hal( 2113): handle_oplus_wise_rgb_event:189, high_pwm_light:lux 219.3,cct 5312.8,brl/algo/ir 1380.0/2.0/12.3,pwm/dc 0.0/0.0,rgbc 7899.573730/5970.295898/2995.791748/16524.599609,ts 768701620902373,cnt 15714,flag 28872
04-09 15:58:05.223 I/sensors-hal( 2113): handle_oplus_wise_rgb_event:161, wise_rgb: (15714)(cct, lux, ir)[5312.82, 219.34, 12.259765] (r, g, b, c)[7899.57, 5970.30, 2995.79, 16524.60]                 (pwm, hbm, brl, algo)[0.0 0.0 1380.0 2.0], flag 28872
04-09 15:58:05.223 I/AICCTModule( 3590): SensorFilter: brightness threshold 1.4 screenNit is 98.252 ave enviroment lux is 204.4789 luxForNit 95.28046demarcationPoint200.0 result is false
04-09 15:58:05.224 I/AICCTModule( 3590): SensorFilter: findSecondNearestValue, sensorValue: 5353.099 nearestMaxValue:5336.814 secondNearestValue: 5336.814
04-09 15:58:05.224 I/AICCTModule( 3590): SensorFilter: findSecondNearestValue, sensorValue: 204.42876 nearestMaxValue:204.4789 secondNearestValue: 204.4789
04-09 15:58:05.227 D/gaia-GaiaConnectChecker(13843): start connect check++
04-09 15:58:05.372 E/PERFHAL-PERFCTRL( 2187): PERFHAL-PERFCTRL: chk_core_online_poll_loop() 748: poll() has timed out for /sys/kernel/msm_performance/events/cpu_hotplug
04-09 15:58:05.372 E/PERFHAL-PERFCTRL( 2187): PERFHAL-PERFCTRL: chk_core_online_poll_loop() 743: Block on poll()
04-09 15:58:05.387 D/SensorFeature( 2258): name=ssc_screenshot_info ,index = 22
04-09 15:58:05.387 D/SensorFeature( 2258): write 39 bytes:768701623746480,768701991073720,28873,0
04-09 15:58:05.436 D/RadioProxyJ[0](14034): [73184]> getRRCStatus
04-09 15:58:05.436 D/RadioProxyJ[1](14034): [73185]> getRRCStatus
04-09 15:58:05.437 D/QmiNasClient( 2727): getRRCStatus - enter
04-09 15:58:05.437 D/QmiNasClient( 3438): getRRCStatus - enter
04-09 15:58:05.438 D/QmiNasClient( 3438): getRRCStatus callback - enter
04-09 15:58:05.438 D/QmiNasClient( 3438): getRRCStatus result.rsp.rrcStatusInfo.rrcStatus = 0
04-09 15:58:05.438 D/QmiNasClient( 2727): getRRCStatus callback - enter
04-09 15:58:05.438 D/QmiNasClient( 2727): getRRCStatus result.rsp.rrcStatusInfo.rrcStatus = 0
04-09 15:58:05.439 D/NasProxy( 2727): handleMessage msg is 4001
04-09 15:58:05.439 D/NasProxy( 3438): handleMessage msg is 4001
04-09 15:58:05.439 D/RadioProxy( 3438): getRRCStatus : response cb for instance 1
04-09 15:58:05.439 D/RadioProxy( 2727): getRRCStatus : response cb for instance 0
04-09 15:58:05.439 D/RadioProxyJ[0](14034): [73184]< getRRCStatusResponse 0
04-09 15:58:05.439 D/RadioProxyJ[1](14034): [73185]< getRRCStatusResponse 0
04-09 15:58:05.440 D/CoexRfService(14034): report RRC state:false
04-09 15:58:05.489 I/sensors-hal( 2113): handle_oplus_wise_rgb_event:161, wise_rgb: (15719)(cct, lux, ir)[5279.83, 219.11, 12.632653] (r, g, b, c)[7907.05, 6001.09, 3000.21, 16531.59]                 (pwm, hbm, brl, algo)[0.0 0.0 1380.0 2.0], flag 28873
04-09 15:58:05.671 I/SDM     ( 2181): DisplayBuiltIn::IdlePowerCollapse: IPC received, disabling partial update for one frame
04-09 15:58:05.693 D/SensorFeature( 2258): name=ssc_screenshot_info ,index = 22
04-09 15:58:05.694 D/SensorFeature( 2258): write 39 bytes:768701623746480,768702296436167,28874,0
04-09 15:58:05.705 I/vendor.qti.bluetooth@1.0-ibs_handler( 2103): ProcessIbsCmd: Received IBS_WAKE_IND: 0xFD
04-09 15:58:05.706 D/vendor.qti.bluetooth@1.0-ibs_handler( 2103): SerialClockVote: vote for UART CLK ON
04-09 15:58:05.706 D/vendor.qti.bluetooth@1.0-wake_lock( 2103): Acquire wakelock is acquired 
04-09 15:58:05.706 I/vendor.qti.bluetooth@1.0-ibs_handler( 2103): ProcessIbsCmd: Writing IBS_WAKE_ACK
04-09 15:58:05.709 W/OPLUS_LOG_LOAD(11972): ==LOGS PROG INFO, prog(com.heytap.accessory) ==
04-09 15:58:05.709 W/PTC.DISC.FusionProvider(11972): [FusionBleDiscover]current device: **:D3:B9:14 rssi is -103, minRssi is -100, ignore it
04-09 15:58:05.746 I/vendor.qti.bluetooth@1.0-ibs_handler( 2103): ProcessIbsCmd: Received IBS_SLEEP_IND: 0xFE
04-09 15:58:05.746 D/vendor.qti.bluetooth@1.0-ibs_handler( 2103): SerialClockVote: vote for UART CLK OFF
04-09 15:58:05.755 I/sensors-hal( 2113): handle_oplus_wise_rgb_event:189, high_pwm_light:lux 217.8,cct 5321.1,brl/algo/ir 1380.0/2.0/11.6,pwm/dc 0.0/0.0,rgbc 7936.953125/6018.691895/3013.453369/16582.884766,ts 768702231013102,cnt 15724,flag 28874
04-09 15:58:05.755 D/FusionLightNextGen( 3590): process end reported = 1, mode: 0, cnt: 440370, lux 204.3, cct 5357.3, r/g/b/c: 7849.7/5959.3/2962.7/16419.7, R/G/B: 71.0/68.0/60.0, bri 1380.0, match 1.00, ir 0.010423, conf 5.0, ts 768702275293102
04-09 15:58:05.756 I/sensors-hal( 2113): handle_oplus_wise_rgb_event:161, wise_rgb: (15724)(cct, lux, ir)[5321.12, 217.80, 11.614121] (r, g, b, c)[7936.95, 6018.69, 3013.45, 16582.88]                 (pwm, hbm, brl, algo)[0.0 0.0 1380.0 2.0], flag 28874
04-09 15:58:05.756 D/CommonApp-234-10512(14034): transport layer data is invalid
04-09 15:58:05.758 D/CommonApp-235-10512(14034): commonScoreStrategy scenarios low package
04-09 15:58:05.758 D/ScorePolicy(14034): handleScoreChanged: []
04-09 15:58:05.758 D/OplusL3Monitor( 3590): linkIndex=90, networkId=0, ignore
04-09 15:58:05.758 D/ScorePolicy(14034): handleScoreChanged: []
04-09 15:58:05.758 D/ScorePolicy(14034): handleScoreChanged: []
04-09 15:58:05.764 I/vendor.qti.bluetooth@1.0-ibs_handler( 2103): ProcessIbsCmd: Received IBS_WAKE_IND: 0xFD
04-09 15:58:05.764 D/vendor.qti.bluetooth@1.0-ibs_handler( 2103): SerialClockVote: vote for UART CLK ON
04-09 15:58:05.765 I/vendor.qti.bluetooth@1.0-ibs_handler( 2103): ProcessIbsCmd: Writing IBS_WAKE_ACK
04-09 15:58:05.767 I/ChainTrace( 6825): stream type=syncEvent gapMs=1064 refreshMarket=false
04-09 15:58:05.781 W/PTC.DISC.FusionProvider(11972): [FusionBleDiscover]current device: **:72:47:FD rssi is -101, minRssi is -100, ignore it
04-09 15:58:05.781 D/OplusHansManager ( 3590): 25497/1002 to 23359/10344 | android.bluetooth.le.IScannerCallback | 2 reason default_unfreezeForKernel
04-09 15:58:05.820 I/vendor.qti.bluetooth@1.0-ibs_handler( 2103): ProcessIbsCmd: Received IBS_SLEEP_IND: 0xFE
04-09 15:58:05.820 D/vendor.qti.bluetooth@1.0-ibs_handler( 2103): SerialClockVote: vote for UART CLK OFF
04-09 15:58:05.833 D/OplusCellularNetworkConfig( 8406): getDnsQueryPriority value=http://pdns.dnspod.cn
04-09 15:58:05.833 D/NetworkService[0](14034): getActiveNetworks networkList size:1
04-09 15:58:05.833 D/SubsysThreadPool(14034): execute task
04-09 15:58:05.835 D/libc-netbsd(14034): [oplusDnsOpenProxy]: __netdClientDispatch.connect errno = 111
04-09 15:58:05.835 D/DNS_CACHE(14034): oplus_oplus_getaddrinfo_proxy open dns proxy failed, use android flow: 1000
04-09 15:58:05.898 V/AlarmManager( 3590): sending alarm Alarm{7342cdb type 1 origWhen 1775721485898 whenElapsed 768702503 android} uid 1000 whenElapsed 768702503 windowLength 0 maxWhenElapsed 768702503 repeatInterval 0 action null component null tag StorgaeBandInfoAlarmTag flags 0x9 procName system_server
04-09 15:58:05.899 E/OplusStorageUFSBandwidth( 3590): storage_io_metrics_path is /proc/oplus_storage/io_metrics/forever/
04-09 15:58:05.900 E/OplusStorageUFSBandwidth( 3590): Bandwidth - Read: 0.00 MB/s, Write: 1.00 MB/s
04-09 15:58:05.900 E/OplusStorageUFSBandwidth( 3590): Task time: 1ms
04-09 15:58:05.902 E/OplusStorageUFSBandwidth( 3590): Alarm set to trigger in 10 seconds
04-09 15:58:05.935 I/SDM     ( 2181): DisplayBuiltIn::IdlePowerCollapse: IPC received, disabling partial update for one frame
04-09 15:58:05.945 I/SDM     ( 2181): DisplayBuiltIn::IdlePowerCollapse: IPC received, disabling partial update for one frame
04-09 15:58:05.956 I/SDM     ( 2181): DisplayBuiltIn::IdlePowerCollapse: IPC received, disabling partial update for one frame
04-09 15:58:05.966 D/BatteryChargeControl( 2280): bcc get no support from charging protocol
04-09 15:58:05.967 I/SDM     ( 2181): DisplayBuiltIn::IdlePowerCollapse: IPC received, disabling partial update for one frame
04-09 15:58:05.970 D/vendor.qti.bluetooth@1.0-wake_lock( 2103): Release wakelock is released 
04-09 15:58:05.978 I/SDM     ( 2181): DisplayBuiltIn::IdlePowerCollapse: IPC received, disabling partial update for one frame
04-09 15:58:05.989 I/SDM     ( 2181): DisplayBuiltIn::IdlePowerCollapse: IPC received, disabling partial update for one frame
04-09 15:58:05.995 D/SensorFeature( 2258): name=ssc_screenshot_info ,index = 22
04-09 15:58:05.995 D/SensorFeature( 2258): write 39 bytes:768701623746480,768702599784396,28875,0
04-09 15:58:06.000 I/SDM     ( 2181): DisplayBuiltIn::IdlePowerCollapse: IPC received, disabling partial update for one frame
04-09 15:58:06.023 I/sensors-hal( 2113): handle_oplus_wise_rgb_event:161, wise_rgb: (15729)(cct, lux, ir)[5324.57, 218.68, 11.759142] (r, g, b, c)[7889.61, 5976.90, 2967.09, 16463.98]                 (pwm, hbm, brl, algo)[0.0 0.0 1380.0 2.0], flag 28875
04-09 15:58:06.048 I/ThermalEngine(10385): VIRTUAL-CPU-L-PID, Update received trip sensor cpu-1-1-1 92300
04-09 15:58:06.048 I/ostats_tpd(10330): stats_write, records atomId:100100, event_id:903, cpu:0, values: 903-0-1-213-(cpu-1-1-1)-28-0-1
04-09 15:58:06.048 I/ostats_tpd(10330): stats_write, records atomId:100100, event_id:903, cpu:0, values: 903-0-1-10614-(cpu-1-1-1)-28-0-1
04-09 15:58:06.059 I/ThermalEngine(10385): ACTION: CPU - Setting CPU[6] to 3
04-09 15:58:06.069 I/ThermalEngine(10385): ACTION: CPU - Setting CPU[6] to 0
04-09 15:58:06.080 I/ThermalEngine(10385): ACTION: CPU - Setting CPU[6] to 4
04-09 15:58:06.088 I/ThermalEngine(10385): VIRTUAL-CPU-L-PID, Update received trip sensor cpu-1-1-1 79900
04-09 15:58:06.088 I/ThermalEngine(10385): ACTION: CPU - Setting CPU[6] to 0
04-09 15:58:06.099 I/ThermalEngine(10385): VIRTUAL-CPU-L-PID, Update received trip sensor cpu-1-1-1 92300
04-09 15:58:06.099 I/ostats_tpd(10330): stats_write, records atomId:100100, event_id:903, cpu:0, values: 903-0-1-213-(cpu-1-1-1)-28-0-1
04-09 15:58:06.099 I/ostats_tpd(10330): stats_write, records atomId:100100, event_id:903, cpu:5, values: 903-0-1-10614-(cpu-1-1-1)-28-0-1
04-09 15:58:06.109 I/ThermalEngine(10385): ACTION: CPU - Setting CPU[6] to 4
04-09 15:58:06.120 I/ThermalEngine(10385): ACTION: CPU - Setting CPU[6] to 0
04-09 15:58:06.121 I/ThermalEngine(10385): VIRTUAL-CPU-L-PID, Update received trip sensor cpu-1-1-1 79900
04-09 15:58:06.132 I/ostats_tpd(10330): stats_write, records atomId:100100, event_id:903, cpu:0, values: 903-0-1-213-(cpu-1-1-1)-28-0-1
04-09 15:58:06.132 I/ThermalEngine(10385): VIRTUAL-CPU-L-PID, Update received trip sensor cpu-1-1-1 92300
04-09 15:58:06.132 I/ostats_tpd(10330): stats_write, records atomId:100100, event_id:903, cpu:0, values: 903-0-1-10614-(cpu-1-1-1)-28-0-1
04-09 15:58:06.143 I/ThermalEngine(10385): ACTION: CPU - Setting CPU[6] to 4
04-09 15:58:06.153 I/ThermalEngine(10385): ACTION: CPU - Setting CPU[6] to 0
04-09 15:58:06.155 I/ThermalEngine(10385): VIRTUAL-CPU-L-PID, Update received trip sensor cpu-1-1-1 79900
04-09 15:58:06.163 I/ThermalEngine(10385): VIRTUAL-CPU-L-PID, Update received trip sensor cpu-1-1-1 92300
04-09 15:58:06.163 I/ostats_tpd(10330): stats_write, records atomId:100100, event_id:903, cpu:0, values: 903-0-1-213-(cpu-1-1-1)-28-0-1
04-09 15:58:06.164 I/ostats_tpd(10330): stats_write, records atomId:100100, event_id:903, cpu:5, values: 903-0-1-10614-(cpu-1-1-1)-28-0-1
04-09 15:58:06.246 I/ThermalEngine(10385): VIRTUAL-CPU-L-PID, Update received trip sensor cpu-1-1-1 79500
04-09 15:58:06.247 I/ChainTrace( 6825): chart_pull phase=start symbol=BTCUSDT interval=15m request=13 durationMs=0 itemCount=13566
04-09 15:58:06.253 D/libc-netbsd( 6825): [oplusDnsOpenProxy]: __netdClientDispatch.connect errno = 111
04-09 15:58:06.253 D/DNS_CACHE( 6825): oplus_oplus_getaddrinfo_proxy open dns proxy failed, use android flow: 10512
04-09 15:58:06.255 D/SensorFeature( 2258): name=ssc_screenshot_info ,index = 22
04-09 15:58:06.255 D/SensorFeature( 2258): write 39 bytes:768701623746480,768702859935959,28876,0
04-09 15:58:06.270 I/GoLog   (25334): from udp:127.0.0.1:36231 accepted udp:114.114.114.114:53 [socks -> dns-out]
04-09 15:58:06.272 I/GoLog   (25334): from DNS accepted udp:8.8.8.8:53 [dns-module -> proxy]
