04-09 15:59:29.726 I/AICCTModule( 3590): SensorFilter: findSecondNearestValue, sensorValue: 199.1556 nearestMaxValue:199.6358 secondNearestValue: 199.6358
04-09 15:59:29.726 W/OplusAddVideoThumbnail(11108): isInsertThumbnail2Video() the caller = com.android.providers.media.module,uri = content://media/external_primary/file/1000008037
04-09 15:59:29.726 W/OplusAddVideoThumbnail(11108): isInsertThumbnail2Video() mimeType is not video 
04-09 15:59:29.726 D/MediaProvider(11108): updateInternal cacheThumbnail uri = content://media/external_primary/file/1000008037,count = 1,retPending = 0
04-09 15:59:29.727 D/OplusThumbnailUtils(11108): cacheThumbnail() cacheThumbnailByUri uri=content://media/external_primary/file/1000008037,priority=100,path=/storage/emulated/0/codex_after_accounttap2.png
04-09 15:59:29.727 D/OplusCacheThumbnail(11108): cacheThumbnailByUri() filePath = /storage/emulated/0/codex_after_accounttap2.png ,uri = content://media/external_primary/file/1000008037
04-09 15:59:29.728 I/ContextAware_DaemonObserver(24527): onChangeImpl, wait together.
04-09 15:59:29.728 I/ContextAware_DailyStatisticsRecorder(24527): Increase context change count: dmp_change_count, value: 1
04-09 15:59:29.729 I/MediaProvider(11108): End Intent { act=android.intent.action.MEDIA_SCANNER_SCAN_FILE dat=file:///... flg=0x1400010 cmp=com.android.providers.media.module/com.android.providers.media.MediaService }
04-09 15:59:29.729 D/OplusThumbnailUtils(11108): cacheThumbnail() cacheThumbnailByUri uri=content://media/external_primary/images/media/1000008037,priority=300,path=/storage/emulated/0/codex_after_accounttap2.png
04-09 15:59:29.729 D/OplusCacheThumbnail(11108): cacheThumbnailByUri() filePath = /storage/emulated/0/codex_after_accounttap2.png ,uri = content://media/external_primary/images/media/1000008037
04-09 15:59:29.732 D/WM-SystemJobScheduler(11108): Scheduling work ID 20ce3f4f-d6b0-47ff-9ed2-78ad2ff2e645Job ID 6529
04-09 15:59:29.732 I/t_app_installer(15935): isSwordfishLaunchAppEnabled_ 1 isSwordfishInstallAppEnabled_ 1
04-09 15:59:29.732 E/t_app_installer(15935): Unknown bits set in runtime_flags: 0x40000000
04-09 15:59:29.732 I/t_app_installer(15935): Using CollectorTypeCMC GC.
04-09 15:59:29.734 I/SDM     ( 2181): DisplayBuiltIn::IdlePowerCollapse: IPC received, disabling partial update for one frame
04-09 15:59:29.735 E/t_app_installer(15935): Not starting debugger since process cannot load the jdwp agent.
04-09 15:59:29.737 D/nativeloader(15935): Load libframework-connectivity-tiramisu-jni.so using APEX ns com_android_tethering for caller /apex/com.android.tethering/javalib/framework-connectivity-t.jar: ok
04-09 15:59:29.739 W/libc    (15935): Access denied finding property "persist.vendor.sys.activitylog"
04-09 15:59:29.739 I/OneTrace(15935): Mark active for pid=15935? true
04-09 15:59:29.739 D/cutils-dev(15935): otrace_set_tracing_enabled? true tag:0
04-09 15:59:29.739 D/cutils-dev(15935): properties changed in otrace_seq_number_changed!
04-09 15:59:29.741 D/SplitScreenAppReader( 3590): SPLIT_TOUCH support check:com.android.vending = true
04-09 15:59:29.741 D/ActivityTaskManagerServiceExtImpl( 3590): preBindApplication record is null
04-09 15:59:29.741 D/RGBNormalizeServer( 3590): OplusRGBNormalize feature enabled ? true
04-09 15:59:29.741 D/ResourcesManagerCache( 3590): For package com.android.vending we got cacheList [null] appInfoExt is null ? false hasFeature ? false
04-09 15:59:29.743 I/vendor.qti.bluetooth@1.0-ibs_handler( 2103): ProcessIbsCmd: Received IBS_SLEEP_IND: 0xFE
04-09 15:59:29.743 D/vendor.qti.bluetooth@1.0-ibs_handler( 2103): SerialClockVote: vote for UART CLK OFF
04-09 15:59:29.745 D/vendor.oplus.hardware.charger-V10-service( 2280): ret_value:122, read content:,294,294,4053,4053,-185,64,65,1,1,0,494,4965,65,1,4480,600,500,0,0,9500,0,0,1,0,2,0,0,0,1,5868,89,0,3200,5026,0,0,0,0,0,0
04-09 15:59:29.745 D/vendor.oplus.hardware.charger-V10-service( 2280): gmtime: 2026-04-09-15-59-29
04-09 15:59:29.745 D/vendor.oplus.hardware.charger-V10-service( 2280): usb_online:1, ac_online:-2147483648, wireless_online:-2147483648
04-09 15:59:29.746 D/CompactWindowAppManager(15935): initCompactApplicationInfo CompactMode: , NormalMode: 
04-09 15:59:29.746 V/Configuration(15935): Updating configuration, locales updated from [] to [zh_CN]
04-09 15:59:29.746 D/OplusScrollToTopManager(15935): setIsInWhiteList true
04-09 15:59:29.747 D/OplusViewDebugManager(15935): OplusViewDebugManager Constructor android.view.debug.OplusViewDebugManager@641bd33 [mHasViewDebugProperty true] [mHasMsgDebugProperty false] [DEBUG false] [EXTRAINFOENABLE false] [LIGHT_OS false]
04-09 15:59:29.747 D/CompatChangeReporter(15935): Compat change id reported: 242716250; UID 10261; state: ENABLED
04-09 15:59:29.748 W/libc    (15935): Access denied finding property "ro.odm.prev.product.name"
04-09 15:59:29.749 D/ApplicationLoaders(15935): Returning zygote-cached class loader: /system/framework/org.apache.http.legacy.jar
04-09 15:59:29.749 D/ApplicationLoaders(15935): Returning zygote-cached class loader: /system_ext/framework/androidx.window.extensions.jar
04-09 15:59:29.749 D/ApplicationLoaders(15935): Returning zygote-cached class loader: /system_ext/framework/androidx.window.sidecar.jar
04-09 15:59:29.755 V/WindowManager( 3590): Relayout Window{f71f005 u0 com.binance.monitor}: viewVisibility=0, oldvis=0, req=315x379 , apr = 0, vsysui=, x=-1885, y=1068
04-09 15:59:29.755 I/SurfaceControl( 6825):  setExtendedRangeBrightness sc=Surface(name=)/@0x51f69f9,currentBufferRatio=1.0,desiredRatio=1.0
04-09 15:59:29.755 D/InsetsSourceProvider( 3590): updateSourceFrameForServerVisibility mandatorySystemGestures EMPTY_RECT
04-09 15:59:29.756 D/InsetsSourceProvider( 3590): updateSourceFrameForServerVisibility mandatorySystemGestures EMPTY_RECT
04-09 15:59:29.767 D/nativeloader(15935): Configuring clns-9 for other apk /data/app/~~w4mSpeMfooEbSj45vWRFyg==/com.android.vending-hSk5LxC4ZP6SQa-ghZECBw==/base.apk. target_sdk_version=34, uses_libraries=, library_path=/data/app/~~w4mSpeMfooEbSj45vWRFyg==/com.android.vending-hSk5LxC4ZP6SQa-ghZECBw==/lib/arm64:/data/app/~~w4mSpeMfooEbSj45vWRFyg==/com.android.vending-hSk5LxC4ZP6SQa-ghZECBw==/base.apk!/lib/arm64-v8a, permitted_path=/data:/mnt/expand:/data/user/0/com.android.vending
04-09 15:59:29.779 I/t_app_installer(15935): AssetManager2(0xb400007246ca0728) locale list changing from [] to [zh-CN]
04-09 15:59:29.784 V/GraphicsEnvironment(15935): Currently set values for:
04-09 15:59:29.784 V/GraphicsEnvironment(15935):   angle_gl_driver_selection_pkgs=[]
04-09 15:59:29.784 V/GraphicsEnvironment(15935):   angle_gl_driver_selection_values=[]
04-09 15:59:29.784 V/GraphicsEnvironment(15935): com.android.vending is not listed in per-application setting
04-09 15:59:29.784 V/GraphicsEnvironment(15935): ANGLE allowlist from config: 
04-09 15:59:29.784 V/GraphicsEnvironment(15935): com.android.vending is not listed in ANGLE allowlist or settings, returning default
04-09 15:59:29.785 D/ResourcesManagerExtImpl(15935): applyConfigurationToAppResourcesLocked app.getDisplayId() return callback.displayId:-1
04-09 15:59:29.789 I/Finsky:instant_app_inst(15935): [2] lbv.i(82): Process created at version: 40.1.20-23 [0] [PR] 614033715
04-09 15:59:29.793 I/ActivityManager( 3590): Flag disabled. Ignoring finishAttachApplication from uid: 10261. pid: 15935
04-09 15:59:29.793 E/ANDR-PERF-CLIENT-SYS(15935): death recipent object is fine
04-09 15:59:29.793 W/t_app_installer(15935): AIBinder_linkToDeath is being called with a non-null cookie and no onUnlink callback set. This might not be intended. AIBinder_DeathRecipient_setOnUnlinked should be called first.
04-09 15:59:29.794 D/OplusActivityManager(15935): get AMS extension: android.os.BinderProxy@307825
04-09 15:59:29.805 E/ashmem  (15935): Pinning is deprecated since Android Q. Please use trim or other methods.
04-09 15:59:29.823 I/PlayCommon(15935): [635] aqji.j(30): Preparing logs for uploading
04-09 15:59:29.827 D/CompatChangeReporter(15935): Compat change id reported: 247079863; UID 10261; state: ENABLED
04-09 15:59:29.828 W/JobScheduler( 3590): Job didn't exist in JobStore: #com.android.vending/165064389
04-09 15:59:29.829 I/PlayCommon(15935): [635] aqji.j(191): Connecting to server for timestamp: https://play.googleapis.com/play/log/timestamp
04-09 15:59:29.831 I/DpmTcmClient(15935): RegisterTcmMonitor from: $Proxy3
04-09 15:59:29.831 D/tcmd    ( 2702): DpmCom :there are 1 file descriptor(s) with events pending
04-09 15:59:29.831 D/libc-netbsd(15935): [oplusDnsOpenProxy]: __netdClientDispatch.connect errno = 111
04-09 15:59:29.831 D/DNS_CACHE(15935): oplus_oplus_getaddrinfo_proxy open dns proxy failed, use android flow: 10261
04-09 15:59:29.831 D/tcmd    ( 2702): DpmCom : 1 events pending, handling 1 for 22
04-09 15:59:29.831 D/tcmd    ( 2702): DpmCom :fd '22' is processing events [callback:0x6175781b40, data:0xb400007279a65280]
04-09 15:59:29.832 D/tcmd    ( 2702): LipcTcmServerPollEventHandler fd 22 -> nfd 9
04-09 15:59:29.832 D/tcmd    ( 2702): DpmCom::addComEventHandler fd 9, ComEventCallback 0x0, void* 0xb400007279a65280, ComCloseCallback 0x6175781b48, events 1
04-09 15:59:29.832 D/tcmd    ( 2702): waiting on events (-1ms)
04-09 15:59:29.833 D/libc-netbsd(15935): [oplusDnsOpenProxy]: __netdClientDispatch.connect errno = 111
04-09 15:59:29.839 I/GoLog   (25334): from tcp:127.0.0.1:56756 accepted tcp:216.239.36.223:443 [socks >> proxy]
04-09 15:59:29.877 D/OplusCacheThumbnail(11108): CacheThumbnailTask run() fd = {ParcelFileDescriptor: java.io.FileDescriptor@34a64d1} ,uri= content://media/external_primary/file/1000008037,mPath = null,caller = com.android.providers.media.module
04-09 15:59:29.895 D/vendor.qti.bluetooth@1.0-wake_lock( 2103): Release wakelock is released 
04-09 15:59:29.931 E/WifiHAL ( 2123): wifi_get_cached_scan_results: Wifi Cached Scan Result not supported by driver
04-09 15:59:29.931 I/SDM     ( 2181): DisplayBuiltIn::IdlePowerCollapse: IPC received, disabling partial update for one frame
04-09 15:59:29.932 E/WifiStaIfaceAidlImpl( 3590): getCachedScanData failed with service-specific exception: android.os.ServiceSpecificException:  (code 4)
04-09 15:59:29.939 E/CwbService( 2181): Panel not support apl read or getDisplayPanelAplValue timeout 10ms.
04-09 15:59:29.939 D/SensorFeature( 2258): name=ssc_screenshot_info ,index = 22
04-09 15:59:29.939 D/SensorFeature( 2258): write 39 bytes:768786481813739,768786532625823,29137,0
04-09 15:59:29.939 D/VendorWifiService(14034): onEvent event:9,action:1
04-09 15:59:29.945 D/ScorerUtils( 3590): isLowTraffic: txTputKBps=0, rxTputKBps=0
