--------- beginning of main
04-09 16:00:22.858 I/ThermalEngine(10385): VIRTUAL-CPU-L-PID, Update received trip sensor cpu-1-1-1 79900
04-09 16:00:22.858 I/ThermalEngine(10385): ACTION: CPU - Setting CPU[6] to 0
04-09 16:00:22.866 I/ostats_tpd(10330): stats_write, records atomId:100100, event_id:903, cpu:0, values: 903-0-1-213-(cpu-1-1-1)-28-0-1
04-09 16:00:22.866 I/ThermalEngine(10385): VIRTUAL-CPU-L-PID, Update received trip sensor cpu-1-1-1 92300
04-09 16:00:22.866 I/ostats_tpd(10330): stats_write, records atomId:100100, event_id:903, cpu:0, values: 903-0-1-10614-(cpu-1-1-1)-28-0-1
04-09 16:00:22.877 I/ThermalEngine(10385): ACTION: CPU - Setting CPU[6] to 4
04-09 16:00:22.887 I/ThermalEngine(10385): ACTION: CPU - Setting CPU[6] to 0
04-09 16:00:22.891 I/ThermalEngine(10385): VIRTUAL-CPU-L-PID, Update received trip sensor cpu-1-1-1 79900
04-09 16:00:22.894 I/SDM     ( 2181): DisplayBuiltIn::IdlePowerCollapse: IPC received, disabling partial update for one frame
04-09 16:00:22.899 I/ostats_tpd(10330): stats_write, records atomId:100100, event_id:903, cpu:0, values: 903-0-1-213-(cpu-1-1-1)-28-0-1
04-09 16:00:22.899 I/ThermalEngine(10385): VIRTUAL-CPU-L-PID, Update received trip sensor cpu-1-1-1 92300
04-09 16:00:22.900 I/ostats_tpd(10330): stats_write, records atomId:100100, event_id:903, cpu:0, values: 903-0-1-10614-(cpu-1-1-1)-28-0-1
04-09 16:00:22.902 E/CwbService( 2181): Panel not support apl read or getDisplayPanelAplValue timeout 10ms.
04-09 16:00:22.902 D/SensorFeature( 2258): name=ssc_screenshot_info ,index = 22
04-09 16:00:22.902 D/SensorFeature( 2258): write 39 bytes:768839444131948,768839496614917,29303,0
04-09 16:00:22.910 I/ThermalEngine(10385): ACTION: CPU - Setting CPU[6] to 4
04-09 16:00:22.913 D/vendor.qti.bluetooth@1.0-wake_lock( 2103): Release wakelock is released 
04-09 16:00:22.920 I/ThermalEngine(10385): ACTION: CPU - Setting CPU[6] to 0
04-09 16:00:22.926 I/ThermalEngine(10385): VIRTUAL-CPU-L-PID, Update received trip sensor cpu-1-1-1 79900
04-09 16:00:22.930 I/ostats_tpd(10330): stats_write, records atomId:100100, event_id:903, cpu:0, values: 903-0-1-213-(cpu-1-1-1)-28-0-1
04-09 16:00:22.930 I/ThermalEngine(10385): VIRTUAL-CPU-L-PID, Update received trip sensor cpu-1-1-1 92700
04-09 16:00:22.930 I/ostats_tpd(10330): stats_write, records atomId:100100, event_id:903, cpu:0, values: 903-0-1-10614-(cpu-1-1-1)-28-0-1
04-09 16:00:22.940 I/ThermalEngine(10385): ACTION: CPU - Setting CPU[6] to 3
04-09 16:00:22.950 I/ThermalEngine(10385): ACTION: CPU - Setting CPU[6] to 0
04-09 16:00:22.973 D/CommonApp-234-10512(14034): transport layer data is invalid
04-09 16:00:22.973 I/ThermalEngine(10385): VIRTUAL-CPU-L-PID, Update received trip sensor cpu-1-1-1 79100
04-09 16:00:22.973 D/CommonApp-235-10512(14034): commonScoreStrategy scenarios 1
04-09 16:00:22.973 D/CommonApp-235-10512(14034): notifyScoreChange appScene COMMON score 100
04-09 16:00:22.973 D/ScorePolicy(14034): handleScoreChanged: []
04-09 16:00:22.973 D/ScorePolicy(14034): handleScoreChanged: []
04-09 16:00:22.973 D/ScorePolicy(14034): handleScoreChanged: []
04-09 16:00:23.016 D/ShellSubscriberWorkerThread(15031): the first 8 bytes empty, and RestData length > 8 
04-09 16:00:23.042 I/sensors-hal( 2113): handle_oplus_wise_rgb_event:189, high_pwm_light:lux 215.7,cct 5318.4,brl/algo/ir 1380.0/2.0/9.6,pwm/dc 0.0/0.0,rgbc 7702.707520/5816.308594/2889.824219/16144.590820,ts 768839474551441,cnt 18194,flag 29303
04-09 16:00:23.042 I/sensors-hal( 2113): handle_oplus_wise_rgb_event:161, wise_rgb: (18194)(cct, lux, ir)[5318.40, 215.75, 9.586047] (r, g, b, c)[7702.71, 5816.31, 2889.82, 16144.59]                 (pwm, hbm, brl, algo)[0.0 0.0 1380.0 2.0], flag 29303
04-09 16:00:23.043 D/FusionLightNextGen( 3590): process end reported = 1, mode: 0, cnt: 440885, lux 197.4, cct 5408.9, r/g/b/c: 7702.7/5820.7/2907.5/16139.9, R/G/B: 80.0/76.0/67.0, bri 1380.0, match 1.00, ir 0.008468, conf 5.0, ts 768839485621441
04-09 16:00:23.053 W/InputDispatcherExtImpl( 3590): channel 734657f com.binance.monitor/com.binance.monitor.ui.chart.MarketChartActivity MotionEvent action_down is in interception region {[homegesture_displayid_0][0.000000,2703.000000][1264.000000,2780.000000],}, x: 798.000000, y: 2708.000000, key: homegesture_displayid_0, displayid: 0, DispatchRegion: {[homegesture_displayid_0][0.000000,2703.000000][1264.000000,2780.000000],}
04-09 16:00:23.053 D/VRR [OTI]( 2399): handleIdle from 1 to 0
04-09 16:00:23.053 D/VRR [OTI-HW]( 2399): isStateReady 0
04-09 16:00:23.053 D/VRR [OTI-HW]( 2399): keep rate.
04-09 16:00:23.053 D/GestureLog_OplusMultiPointerDetector( 3590): onTouchEvent------>start, mCurNumPointers=1, mCurrStatus=0 mIsDownIntervalTimeout=true, action=0 downTime=727719981 deviceId=-1
04-09 16:00:23.053 I/[UAH_CLIENT]( 3590): UahEventAcquire, cmdid:37, pkg:none, identity:OplusUAwareInputHelper
04-09 16:00:23.054 D/UAH-UahAdaptHelper( 3590): adaptSetNotification identity = OplusUAwareInputHelpersrc = 1000 , type 0 ,p1 = -1 ,p2 = -1 ,p3 = -1 ,p4 =
04-09 16:00:23.054 W/OPLUS_LOG_LOAD( 8730): ==LOGS PROG INFO, prog(com.android.launcher) ==
04-09 16:00:23.054 D/AnimSeqTimeStamp( 8730): getTimeGapToLastStartAppTime: 727719982
04-09 16:00:23.054 I/[UAH_CLIENT]( 3590): uahRuleCtl, ruleId:1000, status:0
04-09 16:00:23.054 D/UAH-UahAdaptHelper( 3590): adaptSetNotification identity = OplusUAwareInputHelpersrc = 1000 , type 1 ,p1 = -1 ,p2 = -1 ,p3 = -1 ,p4 =
04-09 16:00:23.054 I/[UAH_CLIENT]( 3590): uahRuleCtl, ruleId:1000, status:1
04-09 16:00:23.054 D/MultiStateCallback( 8730): raw caller: com.android.quickstep.GestureState.<init>:17
04-09 16:00:23.054 D/OplusBaseTouchInteractionService( 8730): onInputEvent-isReverseGestureAnimationRunning: false, null. null, isInheritForReverseAnim = false, continuePreviousGesture = false
--------- beginning of system
04-09 16:00:23.054 D/PowerManagerService( 3590): userActivityNoUpdateLocked: groupId=0, eventTime=727719981, event=touch, flags=0x0, uid=1000
04-09 16:00:23.054 I/SystemUi--NavBar( 8338): SideGestureDetector-->isInvalidEvent:false ,isMisTouchInvalidEvent = false  ,disableCui:false  ,ev:MotionEvent { action=ACTION_DOWN, actionButton=0, id[0]=0, x[0]=798.0, y[0]=2708.0, toolType[0]=TOOL_TYPE_FINGER, buttonState=0, classification=NONE, metaState=0, flags=0x0, edgeFlags=0x0, pointerCount=1, historySize=0, eventTime=727719981, downTime=727719981, deviceId=-1, source=0x1002, displayId=0, eventId=-1042499678 }
04-09 16:00:23.054 I/SystemUi--NavBar( 8338): NoBackGesture-->display_id_0 Start gesture: MotionEvent { action=ACTION_DOWN, actionButton=0, id[0]=0, x[0]=798.0, y[0]=2708.0, toolType[0]=TOOL_TYPE_FINGER, buttonState=0, classification=NONE, metaState=0, flags=0x0, edgeFlags=0x0, pointerCount=1, historySize=0, eventTime=727719981, downTime=727719981, deviceId=-1, source=0x1002, displayId=0, eventId=-1042499678 } ,mRotation = 0
04-09 16:00:23.054 D/PowerManagerService( 3590): userActivityNoUpdateLocked: groupId=0, eventTime=727719981, event=touch, flags=0x0, uid=1000
04-09 16:00:23.054 I/SystemUi--NavBar( 8338): NoBackGesture-->display_id_0 bottomGestureAreaHeight = 77  mDisplaySize.y = 2780 x = 798.0 y = 2708.0
04-09 16:00:23.054 I/SystemUi--NavBar( 8338): NoBackGesture-->display_id_0 Not in side gesture area
04-09 16:00:23.054 D/PowerManagerService( 3590): userActivityNoUpdateLocked: groupId=0, eventTime=727719981, event=touch, flags=0x0, uid=1000
04-09 16:00:23.054 D/PowerManagerService( 3590): userActivityNoUpdateLocked: groupId=0, eventTime=727719981, event=touch, flags=0x0, uid=1000
04-09 16:00:23.054 I/SystemUi--NavBar( 8338): SideGestureDetector-->isInvalidEvent:false ,isMisTouchInvalidEvent = false  ,disableCui:false  ,ev:MotionEvent { action=ACTION_UP, actionButton=0, id[0]=0, x[0]=798.0, y[0]=2708.0, toolType[0]=TOOL_TYPE_FINGER, buttonState=0, classification=NONE, metaState=0, flags=0x0, edgeFlags=0x0, pointerCount=1, historySize=0, eventTime=727719981, downTime=727719981, deviceId=-1, source=0x1002, displayId=0, eventId=-974814732 }
04-09 16:00:23.054 I/SystemUi--NavBar( 8338): NoBackGesture-->gestureBar animation: gestureBarNotHide = false, isCorrectHomeHandle = true
04-09 16:00:23.054 D/OplusBaseInputConsumerController( 8730): shouldRecreate: mIsCreateFailed: false, mAllowRecreate: true
04-09 16:00:23.055 W/OplusBaseTouchInteractionService[u0]( 8730): onInputEvent(), ACTION_DOWN, Consumer=TYPE_OTHER_ACTIVITY
04-09 16:00:23.055 I/PantaCard.Lnch.InstantCard( 8730):  100335&1000001&1_sid=536877599_rk=ea6994,setAllowCardRefreshable refreshable:false[sdk:v1.3.122-1545084,seed-plugin:v16.1.126-d5777f7c,app:v16.4.22] [OplusLauncher|com.android.launcher|2.0.44-25e9612]
04-09 16:00:23.055 D/CardView( 8730): 0x1081e1 io.iftech.quickapp.box setRefreshable false , completeRequestLayout false , completeRefresh false 
04-09 16:00:23.055 E/[OPLUS_AFS_CONFIG]( 8730): Failed to open AFS config file: /proc/oplus_afs_config/afs_config
04-09 16:00:23.055 E/AFS_CONFIG( 8730): Failed to get scene config
04-09 16:00:23.055 E/OplusAfsManager( 8730): afsConfigSceneConfigGet sceneType is null
04-09 16:00:23.055 I/[UAH_CLIENT]( 8730): UahEventAcquire, cmdid:426, pkg:none, identity:GpuBoost
04-09 16:00:23.055 D/AnimSeqTimeStamp( 8730): getTimeGapToLastStartAppTime: 727719983
04-09 16:00:23.055 I/[UAH_CLIENT]( 8730): UahRelease, handle:426
04-09 16:00:23.055 E/[OPLUS_AFS_CONFIG]( 8730): Failed to open AFS config file: /proc/oplus_afs_config/afs_config
04-09 16:00:23.055 E/AFS_CONFIG( 8730): Failed to get scene config
04-09 16:00:23.055 E/OplusAfsManager( 8730): afsConfigSceneConfigGet sceneType is null
04-09 16:00:23.055 D/OtherActivityInputConsumer( 8730): removeListener, mActiveCallbacks == null ? true
04-09 16:00:23.055 E/[OPLUS_AFS_CONFIG]( 8730): Failed to open AFS config file: /proc/oplus_afs_config/afs_config
04-09 16:00:23.055 E/AFS_CONFIG( 8730): Failed to get scene config
04-09 16:00:23.055 E/OplusAfsManager( 8730): afsConfigSceneConfigGet sceneType is null
04-09 16:00:23.055 I/[UAH_CLIENT]( 8730): UahRelease, handle:426
04-09 16:00:23.056 D/LauncherProxyService( 8338): notifyInjectEvent
04-09 16:00:23.056 I/SystemUi--NavBar( 8338): SideGestureDetector-->isInvalidEvent:true ,isMisTouchInvalidEvent = false  ,disableCui:false  ,ev:MotionEvent { action=ACTION_DOWN, actionButton=0, id[0]=0, x[0]=798.0, y[0]=2708.0, toolType[0]=TOOL_TYPE_FINGER, buttonState=0, classification=NONE, metaState=0, flags=0x0, edgeFlags=0x0, pointerCount=1, historySize=0, eventTime=727719981, downTime=727719980, deviceId=-1, source=0x1002, displayId=0, eventId=-1042499678 }
04-09 16:00:23.056 D/GestureLog_OplusMultiPointerDetector( 3590): onTouchEvent------>start, mCurNumPointers=1, mCurrStatus=0 mIsDownIntervalTimeout=false, action=0 downTime=727719980 deviceId=-1
04-09 16:00:23.056 D/PowerManagerService( 3590): userActivityNoUpdateLocked: groupId=0, eventTime=727719981, event=touch, flags=0x0, uid=1000
04-09 16:00:23.056 I/[UAH_CLIENT]( 3590): UahEventAcquire, cmdid:37, pkg:none, identity:OplusUAwareInputHelper
04-09 16:00:23.056 I/SystemUi--NavBar( 8338): SideGestureDetector-->isInvalidEvent:true ,isMisTouchInvalidEvent = false  ,disableCui:false  ,ev:MotionEvent { action=ACTION_UP, actionButton=0, id[0]=0, x[0]=798.0, y[0]=2708.0, toolType[0]=TOOL_TYPE_FINGER, buttonState=0, classification=NONE, metaState=0, flags=0x0, edgeFlags=0x0, pointerCount=1, historySize=0, eventTime=727719981, downTime=727719980, deviceId=-1, source=0x1002, displayId=0, eventId=-974814732 }
04-09 16:00:23.056 D/AnimSeqTimeStamp( 8730): getTimeGapToLastStartAppTime: 727719984
04-09 16:00:23.057 E/IJankManager( 6825): slideSceneEnd unknown scene 1000 mScene:-1
04-09 16:00:23.057 D/PowerManagerService( 3590): userActivityNoUpdateLocked: groupId=0, eventTime=727719981, event=touch, flags=0x0, uid=1000
04-09 16:00:23.057 D/PowerManagerService( 3590): userActivityNoUpdateLocked: groupId=0, eventTime=727719981, event=touch, flags=0x0, uid=1000
04-09 16:00:23.057 D/PowerManagerService( 3590): userActivityNoUpdateLocked: groupId=0, eventTime=727719981, event=touch, flags=0x0, uid=1000
04-09 16:00:23.057 D/UAH-UahAdaptHelper( 3590): adaptSetNotification identity = OplusUAwareInputHelpersrc = 1000 , type 0 ,p1 = -1 ,p2 = -1 ,p3 = -1 ,p4 =
04-09 16:00:23.057 I/[UAH_CLIENT]( 3590): uahRuleCtl, ruleId:1000, status:0
04-09 16:00:23.057 D/UAH-UahAdaptHelper( 3590): adaptSetNotification identity = OplusUAwareInputHelpersrc = 1000 , type 1 ,p1 = -1 ,p2 = -1 ,p3 = -1 ,p4 =
04-09 16:00:23.057 I/[UAH_CLIENT]( 3590): uahRuleCtl, ruleId:1000, status:1
04-09 16:00:23.057 D/OplusViewDragTouchViewHelper( 6825): dispatchTouchView action = 1
04-09 16:00:23.057 D/ViewRootImplExtImpl( 6825): the up motion event handled by client, just return
04-09 16:00:23.058 I/[UAH_CLIENT]( 3590): UahEventAcquire, cmdid:2, pkg:none, identity:com.android.server.wm
04-09 16:00:23.058 D/WindowManager( 3590): NFW_setClientVisible:ActivityRecord{266610199 u0 com.binance.monitor/.ui.account.AccountStatsBridgeActivity clientVisible:true
04-09 16:00:23.058 V/GrammaticalInflectionUtils( 3590): AttributionSource: android.content.AttributionSource@1020978a does not have READ_SYSTEM_GRAMMATICAL_GENDER permission.
04-09 16:00:23.058 D/OplusCompatModeManagerService( 3590): getRequestedConfigurationOrientation  res:1,req:1,config.old:0,config.new:0,ActivityRecord{266610199 u0 com.binance.monitor/.ui.account.AccountStatsBridgeActivity t-1}
04-09 16:00:23.058 D/OplusCompatModeManagerService( 3590):  onPreActivityRecordConfigurationChanged {0.0 ?mcc??mnc ?localeList ?layoutDir ?swdp ?wdp ?hdp ?density ?lsize ?long ?ldr ?wideColorGamut ?orien ?uimode ?night ?touch ?keyb/?/? ?nav/? winConfig={ mBounds=Rect(0, 0 - 0, 0) mAppBounds=null mMaxBounds=Rect(0, 0 - 0, 0) mDisplayRotation=undefined mWindowingMode=undefined mActivityType=undefined mAlwaysOnTop=undefined mRotation=undefined} ?fontWeightAdjustmentmThemeChanged= 0, mThemeChangedFlags= 0, mFlipFont= 0, mScenario= -1, mAccessibleChanged= 0, mUxIconConfig= 0, mMaterialColor= ffffffffffffffff, mUserId= -1, mFontUserId= -1, mFontVariationSettings= ffffffff, mFoldingAngle = -1.0, mIconPackName= , mDarkModeBackgroundMaxL= -1.0, mDarkModeDialogBgMaxL= -1.0, mDarkModeForegroundMinL= -1.0, mOplusConfigType= 0, mOplusChangedConfigs= 0, OpSans= -1, mBurmeseFontFlag= -1, mFlag= 0, mExtraFlag= 0, mFlexibleActivitySuitable= -1, mPuttDisplayFlag= -1}
04-09 16:00:23.058 D/OplusCompatModeManagerService( 3590):  disable:true,valid:false,computeReq:1,isGameRatio:false
04-09 16:00:23.058 D/OplusCompatModeManagerService( 3590):  getOverrideMinAspectRatioForCompatMode: 0.0 getRawOverrideMinAspectRatioForCompatMode: 0.0
04-09 16:00:23.058 D/OplusCompatModeManagerService( 3590):  ar : ActivityRecord{266610199 u0 com.binance.monitor/.ui.account.AccountStatsBridgeActivity t-1} displayId:-1 inCompatMode: false
04-09 16:00:23.058 D/OplusCompatModeManagerService( 3590): isDefaultDisplay true oldRect: Rect(0, 0 - 0, 0) newRect Rect(0, 0 - 0, 0)
04-09 16:00:23.058 D/OplusCompatModeManagerService( 3590): reloadCompactRatio mParWorldContainer.isEnabledParallelWindow(pkg):false,mParWorldContainer.isDisabledCompactWindow:false,isUIAutoLayout:false, isFullOrientation: false
04-09 16:00:23.059 D/FlexibleTaskController( 3590): isSupportFlexibleWindow target = com.binance.monitor/.ui.account.AccountStatsBridgeActivity callPkg = FlexibleTaskController support = true ,caller = 3590
04-09 16:00:23.059 D/ActivityStarterExtImpl( 3590): checkOpMode: 3
04-09 16:00:23.059 W/QosScheduler( 3590): executeSceneQosStrategy failed! qos feature no enable
04-09 16:00:23.059 D/FlexibleWindowManagerService( 3590): isIgnoreAppearedAcrossTask:false
04-09 16:00:23.059 D/ActivityStarterExtImpl( 3590): setForceUpdateWindow, targetTask = Task{cb85077 #12920 type=standard A=10512:com.binance.monitor} r = ActivityRecord{266610199 u0 com.binance.monitor/.ui.account.AccountStatsBridgeActivity t-1} notFinish =false
04-09 16:00:23.059 D/FlexibleWindowManagerService( 3590): isIgnoreAppearedAcrossTask:false
04-09 16:00:23.059 D/FlexibleTaskController( 3590): adjustOptionsForFlexibleTask skip adjust options reason:4
04-09 16:00:23.059 I/InsensibleTaskController( 3590): adjustOptionsForInsensibleTask targetTask is resuse so not pureInsensibleOptions
04-09 16:00:23.059 D/FlexibleTaskController( 3590): isSupportFlexibleWindow target = com.binance.monitor/.ui.account.AccountStatsBridgeActivity callPkg = FlexibleTaskController support = true ,caller = 3590
04-09 16:00:23.059 D/FlexibleWindowManagerService( 3590): no reused task found for ActivityRecord{266610199 u0 com.binance.monitor/.ui.account.AccountStatsBridgeActivity t-1}
04-09 16:00:23.059 D/ActivityStarterExtImpl( 3590): isLaunchingRootActivity = false
04-09 16:00:23.059 D/ActivityStarterExtImpl( 3590): resume targetTask isVisibleRequested is true or in SkipCheckedList, need resume:targetTask=Task{cb85077 #12920 type=standard A=10512:com.binance.monitor}
04-09 16:00:23.059 I/OPM     ( 3590): handleActivityStart : ActivityRecord{266610199 u0 com.binance.monitor/.ui.account.AccountStatsBridgeActivity t-1}
04-09 16:00:23.060 D/ActivityTrigger( 3590): ActivityTrigger activityPauseTrigger 
04-09 16:00:23.061 V/WindowManagerShell( 8338): Transition requested (#23209): android.os.BinderProxy@d09c357 TransitionRequestInfo { type = OPEN, triggerTask = TaskInfo{userId=0 taskId=12920 effectiveUid=10512 displayId=0 isRunning=true baseIntent=Intent { act=android.intent.action.MAIN cat=[android.intent.category.LAUNCHER] flg=0x10200000 cmp=com.binance.monitor/.launcher.IconFinancialAlias mCallingUid=10214 } baseActivity=ComponentInfo{com.binance.monitor/com.binance.monitor.ui.main.MainActivity} topActivity=ComponentInfo{com.binance.monitor/com.binance.monitor.ui.account.AccountStatsBridgeActivity} origActivity=ComponentInfo{com.binance.monitor/com.binance.monitor.launcher.IconFinancialAlias} realActivity=ComponentInfo{com.binance.monitor/com.binance.monitor.ui.main.MainActivity}
04-09 16:00:23.061 V/WindowManagerShell( 8338):  numActivities=3 lastActiveTime=768839665 supportsSplitScreenMultiWindow=true supportsMultiWindow=true supportsPocketStudioMultiWindow=true isInFlexibleEmbedded = false uid = 10512 pid = 6825 resizeMode=1 isResizeable=true minWidth=-1 minHeight=-1 defaultMinSize=220 token=WCT{android.window.IWindowContainerToken$Stub$Proxy@2f6de44} topActivityType=1 pictureInPictureParams=null shouldDockBigOverlays=false launchIntoPipHostTaskId=-1 lastParentTaskIdBeforePip=-1 displayCutoutSafeInsets=Rect(0, 0 - 0, 0)
04-09 16:00:23.061 V/WindowManagerShell( 8338):  topActivityInfo=ActivityInfo{76d8b2d com.binance.monitor.ui.account.AccountStatsBridgeActivity} launchCookies=[android.os.BinderProxy@263372d, android.os.BinderProxy@63689d4, android.os.BinderProxy@df925a2] positionInParent=Point(0, 0) parentTaskId=-1 isFocused=true isVisible=true isVisibleRequested=true isTopActivityNoDisplay=false isSleeping=false locusId=null displayAreaFeatureId=1 isTopActivityTransparent=false isActivityStackTransparent=false lastNonFullscreenBounds=Rect(330, 828 - 935, 2092) capturedLink=null capturedLinkTimestamp=0 requestedVisibleTypes=-9 topActivityRequestOpenInBrowserEducationTimestamp=0
04-09 16:00:23.061 V/WindowManagerShell( 8338):  appCompatTaskInfo=AppCompatTaskInfo { topActivityInSizeCompat=false topActivityInOplusCompatMode=false eligibleForLetterboxEducation= false isLetterboxEducationEnabled= false isLetterboxDoubleTapEnabled= false eligibleForUserAspectRatioButton= false topActivityBoundsLetterboxed= false isFromLetterboxDoubleTap= false topActivityLetterboxVerticalPosition= -1 topActivityLetterboxHorizontalPosition= -1 topActivityLetterboxWidth=-1 topActivityLetterboxHeight=-1 topActivityAppBounds=Rect(0, 140 - 1264, 2780) isUserFullscreenOverrideEnabled=false isSystemFullscreenOverrideEnabled=false hasMinAspectRatioOverride=false topActivityLetterboxBounds=null cameraCompatTaskInfo=CameraCompatTaskInfo { freeformCameraCompatMode=inactive}} topActivityMainWindowFrame=null topActivityLetterboxInsets=Rect(0, 0 - 0, 0)
04-09 16:00:23.061 V/WindowManagerShell( 8338):  mOplusExtraBundle = Bundle[mParcelledData.dataSize=1540]}, pipChange = null, remoteTransition = null, displayChange = null, flags = 0, debugId = 23209 }
04-09 16:00:23.061 D/ShellSplitScreen( 8338): logExit: no-op, mLoggerSessionId is null
04-09 16:00:23.062 I/ActivityTaskManager( 3590): START u0 {flg=0x20020000 xflg=0x4 cmp=com.binance.monitor/.ui.account.AccountStatsBridgeActivity mCallingUid=10512} with LAUNCH_MULTIPLE from uid 10512 (sr=116339672) (BAL_ALLOW_VISIBLE_WINDOW (callingUid has visible window)) result code=3
04-09 16:00:23.062 D/WindowManagerShell( 8338): onActivityRestartAttempt: topActivity=ComponentInfo{com.binance.monitor/com.binance.monitor.ui.account.AccountStatsBridgeActivity}, wasVisible=false
04-09 16:00:23.063 I/TaskOrganizerController( 3590): onTaskInfoChanged taskid 12920 config { mBounds=Rect(0, 0 - 1264, 2780) mAppBounds=Rect(0, 0 - 1264, 2780) mMaxBounds=Rect(0, 0 - 1264, 2780) mDisplayRotation=ROTATION_0 mWindowingMode=fullscreen mActivityType=standard mAlwaysOnTop=undefined mRotation=ROTATION_0}
04-09 16:00:23.063 D/OplusFlexibleDragToSplitAnimController( 3590): visibleFlexibleTaskInfos delete:12920
04-09 16:00:23.063 E/FlexibleWindowManagerService( 3590): notifyTaskObserverToAttachController not need to notify!
04-09 16:00:23.063 I/FlexibleWindowManagerService( 3590): onFlexibleWindowTaskInfoChanged, return for cur task not embedded
04-09 16:00:23.063 D/ShellTaskOrganizerExt( 8338): visibleFlexibleTaskInfos delete:12920
04-09 16:00:23.063 D/ShellTaskOrganizerExt( 8338): isOnCanvas size:0
04-09 16:00:23.063 D/ShellTaskOrganizerExt( 8338): isOnThreeFlexibleCanvas size:0
04-09 16:00:23.064 I/OplusAccessController( 3590): enter isIgnoreAppSwitchActivity
04-09 16:00:23.064 I/OplusAccessController( 3590): enter isIgnoreAppSwitchActivity and intent != null
04-09 16:00:23.064 I/OplusAccessController( 3590): enter isIgnoreAppSwitchActivity and componentName != null
04-09 16:00:23.064 I/OplusAccessController( 3590): enter isIgnoreAppSwitchActivity and packageName&activity is not Empty
04-09 16:00:23.064 D/BackgroundInstallControlService( 3590): Package event received: 0
04-09 16:00:23.064 D/RefreshRate( 3590): boostRefreshId choose max:currentRefreshRate:90.0 targetRefreshRate:60.0 mCurrentPickRate:90.0
04-09 16:00:23.064 D/RefreshRate( 3590): Trigger app switch boost, ar=ActivityRecord{123011440 u0 com.binance.monitor/.ui.account.AccountStatsBridgeActivity t12920},currDisplayRate=90.0,boostId=1
04-09 16:00:23.064 D/RefreshRate( 3590): setDisplayConfigSpecs complete: targetMode={id=3, width=1264, height=2780, fps=90.0, vsync=90.0, synthetic=false, alternativeRefreshRates=[60.000004, 120.00001, 120.00001], supportedHdrTypes=[1, 2, 3, 4]},srcMode={id=3, width=1264, height=2780, fps=90.0, vsync=90.0, synthetic=false, alternativeRefreshRates=[60.000004, 120.00001, 120.00001], supportedHdrTypes=[1, 2, 3, 4]},sfModId=2,rate=90.0
04-09 16:00:23.064 D/RefreshRate( 3590): startAppSwitchBoost targetMode={id=3, width=1264, height=2780, fps=90.0, vsync=90.0, synthetic=false, alternativeRefreshRates=[60.000004, 120.00001, 120.00001], supportedHdrTypes=[1, 2, 3, 4]} record=ActivityRecord{123011440 u0 com.binance.monitor/.ui.account.AccountStatsBridgeActivity t12920}: votes=PRIORITY_START_ANIMATION_BOOST -> Vote{mRefreshRate=90.0, mMinRefreshRate=90.0, mRequestSource=null};PRIORITY_WINDOW_REQUEST -> Vote{mRefreshRate=90.0, mMinRefreshRate=90.0, mRequestSource=null};
04-09 16:00:23.064 D/RefreshRate( 3590): do setDisplayConfigSpecs  
04-09 16:00:23.064 D/ActivityTaskManager( 3590): setAppVisibility(Token{1770d6e ActivityRecord{123011440 u0 com.binance.monitor/.ui.account.AccountStatsBridgeActivity t12920}}, visible=true):  visible=false mVisibleRequested=false
04-09 16:00:23.064 D/SurfaceFlinger( 2399): VRR [SurfaceFlinger] setDesiredDisplayModeSpecs, from process 3590, 2, 0, primaryRanges = [ 90.000000, 90.000000, 90.000000, 90.000000 ], appRequestRanges = [ 90.000000, 90.000000, 90.000000 90.000000 ]
04-09 16:00:23.064 W/SurfaceFlingerPuller( 3590): Failed to pull atom 150134 from surfaceflinger. Success is 0, binder status is EX_NONE
04-09 16:00:23.064 I/RefreshRateSelector( 2399): Display 4630946685746860179 policy changed
04-09 16:00:23.064 I/RefreshRateSelector( 2399): Previous: {defaultModeId=2, allowGroupSwitching=false, primaryRanges={physical=[0.00 Hz, 120.00 Hz], render=[0.00 Hz, 90.00 Hz]}, appRequestRanges={physical=[0.00 Hz, 120.00 Hz], render=[0.00 Hz, 90.00 Hz]} idleScreenConfig=nullptr}
04-09 16:00:23.064 I/RefreshRateSelector( 2399): Current:  DisplayManagerPolicy{defaultModeId=2, allowGroupSwitching=false, primaryRanges={physical=[90.00 Hz, 90.00 Hz], render=[90.00 Hz, 90.00 Hz]}, appRequestRanges={physical=[90.00 Hz, 90.00 Hz], render=[90.00 Hz, 90.00 Hz]} idleScreenConfig=nullptr}
04-09 16:00:23.064 I/RefreshRateSelector( 2399): 1 mode changes were performed under the previous policy
04-09 16:00:23.064 E/statsd  ( 2013): Stats puller failed for tag: 150134 at 768839668908875
04-09 16:00:23.064 D/WindowManager( 3590): NFW_setClientVisible:ActivityRecord{123011440 u0 com.binance.monitor/.ui.account.AccountStatsBridgeActivity t12920} clientVisible:true
04-09 16:00:23.064 D/SurfaceFlinger( 2399): VRR [SurfaceFlinger] applyRefreshRateSelectorPolicy: 2 (90.00 Hz), policy: {defaultModeId=2, allowGroupSwitching=false, primaryRanges={physical=[90.00 Hz, 90.00 Hz], render=[90.00 Hz, 90.00 Hz]}, appRequestRanges={physical=[90.00 Hz, 90.00 Hz], render=[90.00 Hz, 90.00 Hz]} idleScreenConfig=nullptr}
04-09 16:00:23.064 D/SurfaceFlinger( 2399): VRR [SurfaceFlinger] setDesiredActiveMode: displayId: 4630946685746860179, renderRate: 90, vsyncRate: 90, event: 1
04-09 16:00:23.064 D/DisplayModeController( 2399): setDesiredMode 4630946685746860179 {mode={fps=90.00 Hz, modePtr={id=2, vsyncRate=90.00 Hz, peakRefreshRate=90.00 Hz}}, emitEvent=true, force=false}
04-09 16:00:23.064 D/VRR [OTI]( 2399): handleIdle from 0 to 0
04-09 16:00:23.064 D/OplusFeatureDMR[display=0]( 3590): onConfigChanged threadId=70 threadName=OplusDisplayWorkHandler physicalDisplayId=4630946685746860179 modeId=2  
04-09 16:00:23.064 D/VRR [OTI-HW]( 2399): isStateReady 0
04-09 16:00:23.064 D/VRR [OTI-HW]( 2399): keep rate.
04-09 16:00:23.064 D/DisplayModeDirector( 3590): setAppRequest displayId : 0  modeId: 3  requestedRefreshRate: 90.0  requestedMinRefreshRateRange: 90.0  requestedMaxRefreshRateRange: 90.0
04-09 16:00:23.064 D/ActivityTaskManager( 3590): setVisibility(Token{1770d6e ActivityRecord{123011440 u0 com.binance.monitor/.ui.account.AccountStatsBridgeActivity t12920}}, visible=true) defer commitVisibility for transition collecting
04-09 16:00:23.064 D/VRI[AccountStatsBridgeActivity]( 6825): dispatchAppVisibility visible:true mUpcomingWindowFocus:false
04-09 16:00:23.065 I/OPM     ( 3590): handlePackageLaunched pkg: com.binance.monitor, uid: 10512, pid: 6825
04-09 16:00:23.065 D/ActivityTaskManager( 3590): NFW_setLastResumedActivityUncheckLocked:true r:ActivityRecord{123011440 u0 com.binance.monitor/.ui.account.AccountStatsBridgeActivity t12920} currentFocus:Window{734657f u0 com.binance.monitor/com.binance.monitor.ui.chart.MarketChartActivity}
04-09 16:00:23.065 D/WindowManager( 3590): NFW_findFocusedWindowIfNeeded:null mCurrentFocus:Window{734657f u0 com.binance.monitor/com.binance.monitor.ui.chart.MarketChartActivity}
04-09 16:00:23.065 V/WindowManager( 3590): Changing focus from Window{734657f u0 com.binance.monitor/com.binance.monitor.ui.chart.MarketChartActivity} to null,diplayid=0
04-09 16:00:23.065 D/ActivityTaskManager( 3590): setAppVisibility(Token{fd84a16 ActivityRecord{116339672 u0 com.binance.monitor/.ui.chart.MarketChartActivity t12920}}, visible=false):  visible=true mVisibleRequested=true
04-09 16:00:23.065 D/ActivityTaskManager( 3590): setVisibility(Token{fd84a16 ActivityRecord{116339672 u0 com.binance.monitor/.ui.chart.MarketChartActivity t12920}}, visible=false) defer commitVisibility for transition collecting
04-09 16:00:23.065 D/OplusAppSwitchRuleInfo( 3590): generateActivityEnterInfo - launch_source_type =  , launch_source_traceid = 
04-09 16:00:23.065 D/OplusAppSwitchRuleInfo( 3590): generateActivityEnterInfo - launch_source_type =  , launch_source_traceid = 
04-09 16:00:23.066 D/FlexibleTaskController( 3590): isFullToFlexibleAnimating: false
04-09 16:00:23.066 D/WindowManager( 3590): rotation(ROTATION_0) no changed  displayId = 0, lastOrientation = 1
04-09 16:00:23.066 I/TaskOrganizerController( 3590): onTaskInfoChanged taskid 12920 config { mBounds=Rect(0, 0 - 1264, 2780) mAppBounds=Rect(0, 0 - 1264, 2780) mMaxBounds=Rect(0, 0 - 1264, 2780) mDisplayRotation=ROTATION_0 mWindowingMode=fullscreen mActivityType=standard mAlwaysOnTop=undefined mRotation=ROTATION_0}
04-09 16:00:23.066 D/OplusFlexibleDragToSplitAnimController( 3590): visibleFlexibleTaskInfos delete:12920
04-09 16:00:23.066 E/FlexibleWindowManagerService( 3590): notifyTaskObserverToAttachController not need to notify!
04-09 16:00:23.066 I/FlexibleWindowManagerService( 3590): onFlexibleWindowTaskInfoChanged, return for cur task not embedded
04-09 16:00:23.066 D/ShellTaskOrganizerExt( 8338): visibleFlexibleTaskInfos delete:12920
04-09 16:00:23.066 D/ShellTaskOrganizerExt( 8338): isOnCanvas size:0
04-09 16:00:23.066 D/ShellTaskOrganizerExt( 8338): isOnThreeFlexibleCanvas size:0
04-09 16:00:23.066 D/OplusFeatureColorMode( 3590): ColorMode getColorMode =0
04-09 16:00:23.066 D/ColorDisplayServiceExtImpl( 3590): getWCGVersion1App, packageName=com.binance.monitor, sSupportWCG1 = true, sSupportWCG3 = false, nRet = 0
04-09 16:00:23.066 D/InsetsSourceProvider( 3590): updateSourceFrameForServerVisibility mandatorySystemGestures EMPTY_RECT
04-09 16:00:23.067 D/DisplayModeDirector( 3590): setAppRequest displayId : 0  modeId: 3  requestedRefreshRate: 0.0  requestedMinRefreshRateRange: 0.0  requestedMaxRefreshRateRange: 90.0
04-09 16:00:23.067 D/VRR [OPlusRefreshRateService]( 3590):  setDirectorStates [flag: 1, state: 1, directorStateOff: 1]
04-09 16:00:23.067 D/VRR [RefreshRateDirector]( 2399): updateState mState = 0
04-09 16:00:23.067 D/BatteryChargeControl( 2280): bcc get no support from charging protocol
04-09 16:00:23.067 D/ColorModeChangeItem( 6825): preExecute mColorMode=0
04-09 16:00:23.067 D/InsetsSourceProvider( 3590): updateSourceFrameForServerVisibility mandatorySystemGestures EMPTY_RECT
04-09 16:00:23.067 D/BackgroundInstallControlService( 3590): Package event received: 0
04-09 16:00:23.068 E/statsd  ( 2013): Stats puller failed for tag: 150134 at 768839672716375
04-09 16:00:23.068 I/OplusPerfCollect( 2399): OplusPerfCollect onPullAtom
04-09 16:00:23.068 I/OplusPerfCollect( 2399): OplusPerfCollect OplusVrrInfoRecord clear
04-09 16:00:23.068 D/FlexibleTaskController( 3590): not in list
04-09 16:00:23.068 I/statsd  ( 2013): An anomaly (104240000001) (42)0x10000->10512[I] (42)0x20000->com.binance.monitor[S] (42)0x30000->.ui.account.AccountStatsBridgeActivity[S]  has occurred! Informing subscribers.
04-09 16:00:23.068 E/midasd  (10250): getTotalFlipsFromSf mCurFrameCount: 10039306
04-09 16:00:23.068 I/midasd  (10250): DisplayAgent updateDisplayDevInfo getRenderFps mFps:90 mRenderFps:3 mWidth:1264 mHeight:2780
04-09 16:00:23.069 W/ProcessStats( 3590): Tracking association SourceState{d07d094 system/1000 BFgs #1051648} whose proc state 4 is better than process ProcessState{703b9ec com.android.wallpaper.livepicker:wallpaperService/10256 pkg=com.android.wallpaper.livepicker} proc state 5 (0 skipped)
04-09 16:00:23.072 D/VRI[AccountStatsBridgeActivity]( 6825): setWindowStopped stopped:false
04-09 16:00:23.074 D/SurfaceComposerClient( 3590): Transaction::apply InputWindowCommands.focusRequests timestamp=727719995335519, windowName=<null>
04-09 16:00:23.074 I/BpBinder( 2399): onLastStrongRef automatically unlinking death recipients: 
04-09 16:00:23.075 D/ActivityThread( 6825): ComponentInfo{com.binance.monitor/com.binance.monitor.ui.account.AccountStatsBridgeActivity} checkFinished=false 2
04-09 16:00:23.075 D/ResourcesManagerExtImpl( 6825): applyConfigurationToAppResourcesLocked app.getDisplayId() return callback.displayId:0
04-09 16:00:23.086 D/SurfaceFlinger( 2399): updateWinowInfo=1, setFocusedWindow timestamp=727719995335519, windowName=<null>
04-09 16:00:23.087 I/InputDispatcher( 3590): updateFocusedWindow,  on display 0, reason: NO_WINDOW, result:   FocusedWindows: <none>
04-09 16:00:23.087 I/InputDispatcher( 3590): NFW_setFocusedWindow, <null> on display 0, same as the previous:1
04-09 16:00:23.087 D/InputDispatcher( 3590): setFocusedWindow <null> on display 0 ignored, reason: already focused
04-09 16:00:23.092 I/resRelease( 3590): policy type is 1
04-09 16:00:23.158 I/SDM     ( 2181): DisplayBuiltIn::IdlePowerCollapse: IPC received, disabling partial update for one frame
04-09 16:00:23.176 W/dumpsys (16554): Thread Pool max thread count is 0. Cannot cache binder as linkToDeath cannot be implemented. serviceName: activity
04-09 16:00:23.177 D/ViewRootImplExtImpl(29239): markOnDumpStart, intervalTime from last scheduleTraversals is 768839782
04-09 16:00:23.178 I/OplusSystemUINavigationGesture(29239): dump systemGestureExclusionChanged = com.coloros.filemanager ,rect = SkRegion()
04-09 16:00:23.178 D/ViewExtraInfo(29239): ViewExtraInfoHelper : android.view.debug.OplusViewExtraInfoHelper@6c548cf
04-09 16:00:23.179 I/SystemUiProxy( 8730): SystemUiProxy#getRecentTasks isInGoRecentsAnim: false
04-09 16:00:23.179 D/ViewRootImplExtImpl( 8730): markOnDumpStart, intervalTime from last scheduleTraversals is 768839784
04-09 16:00:23.180 I/OplusSystemUINavigationGesture( 8730): dump systemGestureExclusionChanged = com.android.launcher ,rect = SkRegion()
04-09 16:00:23.180 D/ActivityTaskManager( 3590): Skipping, invisible task: Task{735fad8 #2 type=undefined I=com.android.launcher/.Launcher}
04-09 16:00:23.180 D/ActivityTaskManager( 3590): after skip size:17,pre-Filtered:com.binance.monitor # com.microsoft.emmx # com.tencent.mm # com.binance.dev # com.icbc # com.coloros.filemanager # com.tencent.mm # com.xingin.xhs # windinfo.android # com.taobao.taobao # com.coloros.calculator # com.google.android.gms # com.google.android.gms # com.crcc.tjt # io.legado.app.release # com.smzdm.client.android # com.follow.clash # 
04-09 16:00:23.185 D/ViewExtraInfo( 8730): ViewExtraInfoHelper : android.view.debug.OplusViewExtraInfoHelper@7e4099c
04-09 16:00:23.188 D/ShortcutService( 3590): Getting shortcuts for launcher= com.android.launcheruserId=0 pkg=null
04-09 16:00:23.188 D/ShortcutService( 3590): Adjust clone flag for: com.android.launcher
04-09 16:00:23.238 I/SDM     ( 2181): DisplayBuiltIn::IdlePowerCollapse: IPC received, disabling partial update for one frame
04-09 16:00:23.244 E/CwbService( 2181): Panel not support apl read or getDisplayPanelAplValue timeout 10ms.
04-09 16:00:23.244 D/SensorFeature( 2258): name=ssc_screenshot_info ,index = 22
04-09 16:00:23.244 D/SensorFeature( 2258): write 39 bytes:768839788081167,768839839080594,29304,0
04-09 16:00:23.250 I/APS_ALOG( 5836): flushRoutine g_immediateFlush=0 g_pendingCount=0 g_oobCount=0
04-09 16:00:23.255 D/VRI[MarketChartActivity]( 6825): onFocusEvent false
04-09 16:00:23.256 D/libc-netbsd( 6825): [oplusDnsOpenProxy]: __netdClientDispatch.connect errno = 111
04-09 16:00:23.256 D/DNS_CACHE( 6825): oplus_oplus_getaddrinfo_proxy open dns proxy failed, use android flow: 10512
04-09 16:00:23.256 D/libc-netbsd( 6825): [oplusDnsOpenProxy]: __netdClientDispatch.connect errno = 111
04-09 16:00:23.270 I/GoLog   (25334): from tcp:127.0.0.1:59410 accepted tcp:43.155.214.62:443 [socks >> proxy]
04-09 16:00:23.289 D/ViewRootImplExtImpl( 6825): wrapConfigInfoIntoFlags rotation=0, smallestScreenWidthDp=361, residentWS=false, scenario=0, bounds=Rect(0, 0 - 1264, 2780), relayoutAsync=false, flags=0, newFlags=1457532192, title=com.binance.monitor/com.binance.monitor.ui.account.AccountStatsBridgeActivity
04-09 16:00:23.290 V/WindowManager( 3590): Relayout Window{ea64b15 u0 com.binance.monitor/com.binance.monitor.ui.account.AccountStatsBridgeActivity}: viewVisibility=0, oldvis=8, req=1264x2780 , apr = 0, vsysui=, x=0, y=0
04-09 16:00:23.290 I/WindowManager( 3590): Window{ea64b15 u0 com.binance.monitor/com.binance.monitor.ui.account.AccountStatsBridgeActivity} state from NO_SURFACE to DRAW_PENDING; reason: resetDrawState
04-09 16:00:23.290 D/InsetsSourceProvider( 3590): updateSourceFrameForServerVisibility mandatorySystemGestures EMPTY_RECT
04-09 16:00:23.291 D/InsetsSourceProvider( 3590): updateSourceFrameForServerVisibility mandatorySystemGestures EMPTY_RECT
04-09 16:00:23.291 D/WindowManager( 3590): NFW_findFocusedWindowIfNeeded:Window{ea64b15 u0 com.binance.monitor/com.binance.monitor.ui.account.AccountStatsBridgeActivity} mCurrentFocus:null
04-09 16:00:23.291 D/WindowManager( 3590): attachImeScreenshotOnTargetIfNeeded, mImeHiding = false, requestedVisibleTypes = -9
04-09 16:00:23.291 D/VRR [OPlusSurfaceFlingerController]( 3590):  setComplexSceneEnable : true
04-09 16:00:23.292 I/[UAH_CLIENT]( 3590): uahRuleCtl, ruleId:206, status:3
04-09 16:00:23.292 V/WindowManager( 3590): Changing focus from null to Window{ea64b15 u0 com.binance.monitor/com.binance.monitor.ui.account.AccountStatsBridgeActivity},diplayid=0
04-09 16:00:23.292 D/Theia.NoFocusWindow( 3590): FocusWindowErrorScene cancelCheckFreezeScreen
04-09 16:00:23.292 W/TheiaWindowMonitor( 3590): [check] focusedWindow is null or enable is false
04-09 16:00:23.293 D/VRI[AccountStatsBridgeActivity]( 6825): relayoutWindow result, sizeChanged:false, surfaceControlChanged:true, transformHintChanged:false, mSurfaceSize:Point(1264, 2780), mLastSurfaceSize:Point(1264, 2780), mWidth:1264, mHeight:2780, requestedWidth:1264, requestedHeight:2780, transformHint:0, installOrientation:0, displayRotation:0, isSurfaceValid:true, attr.flag:-2122252032, tmpFrames:ClientWindowFrames{frame=[0,0][1264,2780] display=[0,0][1264,2780] parentFrame=[0,0][0,0]}, relayoutAsync:false, mSyncSeqId:0
04-09 16:00:23.293 W/VRI[AccountStatsBridgeActivity]( 6825): updateBlastSurfaceIfNeeded, surfaceSize:Point(1264, 2780), lastSurfaceSize:Point(1264, 2780), format:-3, blastBufferQueue:null
04-09 16:00:23.293 D/BufferQueueConsumer( 6825): [](id:1aa90000000d,api:0,p:-1,c:6825) connect: controlledByApp=false
04-09 16:00:23.293 D/BufferQueueConsumer( 6825): [VRI[AccountStatsBridgeActivity]#13(BLAST Consumer)13](id:1aa90000000d,api:0,p:-1,c:6825) setMaxAcquiredBufferCount: 2
04-09 16:00:23.294 D/BufferQueueProducer( 6825): [VRI[AccountStatsBridgeActivity]#13(BLAST Consumer)13](id:1aa90000000d,api:1,p:6825,c:6825) connect: api=1 producerControlledByApp=true
04-09 16:00:23.296 D/SurfaceComposerClient( 3590): Transaction::apply InputWindowCommands.focusRequests timestamp=727720221122915, windowName=ea64b15 com.binance.monitor/com.binance.monitor.ui.account.AccountStatsBridgeActivity
04-09 16:00:23.298 I/SurfaceControl( 6825):  setExtendedRangeBrightness sc=Surface(name=com.binance.monitor/com.binance.monitor.ui.account.AccountStatsBridgeActivity)/@0x1cc1b4c,currentBufferRatio=1.0,desiredRatio=1.0
04-09 16:00:23.308 D/SurfaceFlinger( 2399): updateWinowInfo=1, setFocusedWindow timestamp=727720221122915, windowName=ea64b15 com.binance.monitor/com.binance.monitor.ui.account.AccountStatsBridgeActivity
04-09 16:00:23.308 I/InputDispatcher( 3590): NFW_setFocusedWindow, ea64b15 com.binance.monitor/com.binance.monitor.ui.account.AccountStatsBridgeActivity on display 0, same as the previous:0
04-09 16:00:23.309 I/sensors-hal( 2113): handle_oplus_wise_rgb_event:161, wise_rgb: (18199)(cct, lux, ir)[5363.52, 215.94, 9.429110] (r, g, b, c)[7782.45, 5877.90, 2933.98, 16305.45]                 (pwm, hbm, brl, algo)[0.0 0.0 1380.0 2.0], flag 29304
04-09 16:00:23.337 D/BLASTBufferQueue( 6825): [VRI[AccountStatsBridgeActivity]#13](f:0,a:1) acquireNextBufferLocked size=1264x2780 mFrameNumber=1 applyTransaction=true mTimestamp=727720264589633(auto) mPendingTransactions.size=0 graphicBufferId=29313151795278 transform=0
04-09 16:00:23.337 D/VRI[AccountStatsBridgeActivity]( 6825): Received frameCommittedCallback lastAttemptedDrawFrameNum=1 didProduceBuffer=true syncBuffer=false
04-09 16:00:23.337 D/VRI[AccountStatsBridgeActivity]( 6825): draw finished. seqId=0
04-09 16:00:23.337 D/WindowManager( 3590): onSyncFinishedDrawing: Window{ea64b15 u0 com.binance.monitor/com.binance.monitor.ui.account.AccountStatsBridgeActivity}
04-09 16:00:23.337 I/WindowManager( 3590): finishDrawing skipLayout:false,syncSeqId=0,mPrepareSyncSeqId=0 Window{ea64b15 u0 com.binance.monitor/com.binance.monitor.ui.account.AccountStatsBridgeActivity} com.android.server.wm.WindowManagerService.finishDrawingWindow:3217 com.android.server.wm.Session.finishDrawing:399 android.view.IWindowSession$Stub.onTransact:793 
04-09 16:00:23.337 I/WindowManager( 3590): Window{ea64b15 u0 com.binance.monitor/com.binance.monitor.ui.account.AccountStatsBridgeActivity} state from DRAW_PENDING to COMMIT_DRAW_PENDING; reason: finishDrawingLocked
04-09 16:00:23.337 D/InsetsSourceProvider( 3590): updateSourceFrameForServerVisibility mandatorySystemGestures EMPTY_RECT
04-09 16:00:23.338 D/ViewRootImplExtImpl( 6825): markOnDumpStart, intervalTime from last scheduleTraversals is 768839943
04-09 16:00:23.338 D/InsetsSourceProvider( 3590): updateSourceFrameForServerVisibility mandatorySystemGestures EMPTY_RECT
04-09 16:00:23.338 I/OplusSystemUINavigationGesture( 6825): dump systemGestureExclusionChanged = com.binance.monitor ,rect = SkRegion()
04-09 16:00:23.338 I/WindowManager( 3590): Window{ea64b15 u0 com.binance.monitor/com.binance.monitor.ui.account.AccountStatsBridgeActivity} state from COMMIT_DRAW_PENDING to READY_TO_SHOW; reason: commitFinishDrawingLocked
04-09 16:00:23.338 D/CoreBackPreview( 3590):  return markWindowHasDrawn mComposed: false  mWaitTransition: false
04-09 16:00:23.338 D/ActivityTaskManager( 3590): Clearing startingData for activity=ActivityRecord{123011440 u0 com.binance.monitor/.ui.account.AccountStatsBridgeActivity t12920} mStartingData=null mStartingSurface=null
04-09 16:00:23.338 D/ActivityTaskManager( 3590): commitVisibility: ActivityRecord{123011440 u0 com.binance.monitor/.ui.account.AccountStatsBridgeActivity t12920}: visible=true visibleRequested=true, isInTransition=true 
04-09 16:00:23.338 D/CoreBackPreview( 3590):  return markWindowHasDrawn mComposed: false  mWaitTransition: false
04-09 16:00:23.338 D/ActivityTaskManager( 3590): Clearing startingData for activity=ActivityRecord{123011440 u0 com.binance.monitor/.ui.account.AccountStatsBridgeActivity t12920} mStartingData=null mStartingSurface=null
04-09 16:00:23.339 I/WindowManager( 3590): Window{ea64b15 u0 com.binance.monitor/com.binance.monitor.ui.account.AccountStatsBridgeActivity} state from READY_TO_SHOW to HAS_DRAWN; reason: performShowLocked
04-09 16:00:23.339 D/CoreBackPreview( 3590):  return markWindowHasDrawn mComposed: false  mWaitTransition: false
04-09 16:00:23.339 E/OplusAppQuickStart_AppQuickStartController( 3590): not start from launcher transition:23209
04-09 16:00:23.339 D/Transition( 3590): collectOrderChanges onTopTasksEnd: [Task{cb85077 #12920 type=standard A=10512:com.binance.monitor}], reportedOnTop:null, mOnTopTasksStart: [Task{cb85077 #12920 type=standard A=10512:com.binance.monitor}], TDA child: [Task{6d50de4 #12744 type=standard A=10299:io.legado.app.release}, Task{2ae848 #3 type=undefined}, Task{555bdde #12693 type=standard A=10500:com.follow.clash}, Task{d1820f7 #12749 type=standard A=10408:com.crcc.tjt}, Task{2712f2e #12800 type=standard A=10257:com.google.android.gms}, Task{bac1d6 #12824 type=standard A=10293:com.coloros.calculator}, Task{66d13b0 #12860 type=standard A=10340:com.taobao.taobao}, Task{b93224d #12867 type=standard A=10312:windinfo.android}, Task{ab06a5f #12717 type=standard A=10339:com.xingin.xhs}, Task{d965ac7 #12738 type=standard A=99910345:com.tencent.mm}, Task{9f2b2e1 #12906 type=standard A=10296:com.coloros.filemanager}, Task{82ca662 #12925 type=standard A=10350:com.icbc}, Task{4ab5b56 #12916 type=standard A=10306:com.binance.dev}, Task{1abb46b #12626 type=standard A=10345:com.tencent.mm}, Task{9568b66 #12931 type=standard A=10366:com.microsoft.emmx}, Task{1b9ad4c #1 type=home}, Task{cb85077 #12920 type=standard A=10512:com.binance.monitor}]
04-09 16:00:23.339 D/OplusFlexibleActivityTransitionManager( 3590): fixTransitType type result:1, targets: [ChangeInfo{3ccdc7e container=ActivityRecord{123011440 u0 com.binance.monitor/.ui.account.AccountStatsBridgeActivity t12920} flags=0x0}, ChangeInfo{dc75df container=ActivityRecord{116339672 u0 com.binance.monitor/.ui.chart.MarketChartActivity t12920} flags=0x0}]
04-09 16:00:23.340 D/OplusTransitionAnimationManager( 3590): activityRecordCount1fullScreenArBeHindStartingWindow null
04-09 16:00:23.340 D/OplusTransitionAnimationManager( 3590): activityRecordCount1fullScreenArBeHindStartingWindow null
04-09 16:00:23.340 D/QuickBackInputPolicy( 3590): resetInputInterceptState for remoteTransition: false
04-09 16:00:23.340 D/OplusTransitionController( 3590): onTransactionReady, transition: 23209, info: {id=23209 t=OPEN f=0x0 trk=0 r=[0@Point(0, 0)] c=[{m=TO_FRONT f=FILLS_TASK leash=Surface(name=ActivityRecord{123011440 u0 com.binance.monitor/.ui.account.AccountStatsBridgeActivity t12920})/@0x1611def sb=Rect(0, 0 - 1264, 2780) eb=Rect(0, 0 - 1264, 2780) epz=Point(1264, 2780) d=0 bc=fffef7ff component=com.binance.monitor/.ui.account.AccountStatsBridgeActivity opt={t=FROM_STYLE mUserId=0}},{m=TO_BACK f=FILLS_TASK leash=Surface(name=ActivityRecord{116339672 u0 com.binance.monitor/.ui.chart.MarketChartActivity t12920})/@0x6d35e49 sb=Rect(0, 0 - 1264, 2780) eb=Rect(0, 0 - 1264, 2780) epz=Point(1264, 2780) d=0 bc=fffef7ff component=com.binance.monitor/.ui.chart.MarketChartActivity opt={t=FROM_STYLE mUserId=0}}] 
04-09 16:00:23.340 D/OplusTransitionController( 3590): extendInfo=[
04-09 16:00:23.340 D/OplusTransitionController( 3590):  OplusTransitionExtendedInfo{mTmpFinishT=null, mInOplusCompatMode=false, mIsProcessRunning=false, mHasMismatchBoundsTarget=false, mRecentsController=null, mRemoteTransition=null, mIsTranslucentActivityToHome=false, mAvoidInterceptKeyEventToHome=false, mIsFromHome=false, mParentLeash=null, mBackAnimClosingLeash=null, mIsOplusAnimRes=false, mKeepBgForContinuous=false, mIsBalAllow=false, mTaskNotInRecent=false, mIsPredictiveBackAnim=false, mIsMergedWithPredictive=false, mIsLaunchFromSpruce=false, mIsLaunchFromDrive=false, mGlobalSearchPageSwitch=false, mNeedNoAlphaGlobalSearchScene=false, mAssistScreenShowing=false, mSwipeUpBrowserScreenShowing=false, mUserIdTransition=-1
04-09 16:00:23.340 D/OplusTransitionController( 3590): , mInRemoteScene=false, mInPreReady=false, mPreStart=false, mToken=null, mAbortByRemoteFromHome=false, mShellApplyToken=null, mRequestTransitionTaskId=12920, mAbortTransitionOnShell=0, mStartFromShortcut=false, mRemovedTaskId=-1, mTransitionInterruptType=0, mMergeSecondTaskId=-1, mTaskIdStartFromRecents=0, mTransitionId=23209, mCanUseSpringSlideAnim=false, mTransitionLaunchFrom=0, mFoldChangeType=-1, mAnimStartingPosition=[0, 0, 0, 0], mIsOpeningStkDialogActivity=false, mSecondaryHomeToFrontWhenUnFolding=false, mIsNeedApplyStartTForEmbedded=false
04-09 16:00:23.340 D/OplusTransitionController( 3590): , mNeedCanvasExitAnim=false, mMergeSecondTaskAnimation=false, mIsLaunchUnityStart=false, mIsLaunchFromAssistantByDefault=false, mSkipRemoteTransitionfalse, mIsStartFromKeyguard=false flags=0x0, mWCT=null, mIsOpenMergeToInValidPredictive=false, mPromoteTaskWhenKeyguard-1, mRootLayerZOrderArray={}}]}, targets : [ChangeInfo{3ccdc7e container=ActivityRecord{123011440 u0 com.binance.monitor/.ui.account.AccountStatsBridgeActivity t12920} flags=0x0}, ChangeInfo{dc75df container=ActivityRecord{116339672 u0 com.binance.monitor/.ui.chart.MarketChartActivity t12920} flags=0x0}], participants: {ActivityRecord{116339672 u0 com.binance.monitor/.ui.chart.MarketChartActivity t12920}, ActivityRecord{123011440 u0 com.binance.monitor/.ui.account.AccountStatsBridgeActivity t12920}, ActivityRecord{266610199 u0 com.binance.monitor/.ui.account.AccountStatsBridgeActivity t-1}}
04-09 16:00:23.340 I/Quality-ScreenOnOffLogProcessor(15031): withInScreenOnOffRange mIsScreenOn:true refTime:1775721623061 mRecentScreenOnTime:1775720253936 mRecentScreenOffTime:1775720248450
04-09 16:00:23.341 D/ViewRootImplExtImpl( 6825): markOnDumpStart, intervalTime from last scheduleTraversals is 768839946
04-09 16:00:23.341 I/OplusSystemUINavigationGesture( 6825): dump systemGestureExclusionChanged = com.binance.monitor ,rect = SkRegion()
04-09 16:00:23.341 V/WindowManagerShell( 8338): onTransitionReady(transaction=15418934814549)
04-09 16:00:23.341 V/WindowManager( 3590): Sent Transition (#23209) createdAt=04-09 16:00:23.059 via request=TransitionRequestInfo { type = OPEN, triggerTask = TaskInfo{userId=0 taskId=12920 effectiveUid=10512 displayId=0 isRunning=true baseIntent=Intent { act=android.intent.action.MAIN cat=[android.intent.category.LAUNCHER] flg=0x10200000 cmp=com.binance.monitor/.launcher.IconFinancialAlias mCallingUid=10214 } baseActivity=ComponentInfo{com.binance.monitor/com.binance.monitor.ui.main.MainActivity} topActivity=ComponentInfo{com.binance.monitor/com.binance.monitor.ui.account.AccountStatsBridgeActivity} origActivity=ComponentInfo{com.binance.monitor/com.binance.monitor.launcher.IconFinancialAlias} realActivity=ComponentInfo{com.binance.monitor/com.binance.monitor.ui.main.MainActivity}
