04-09 16:00:23.834 D/AppSenseClient( 8498): handleMessage: 100
04-09 16:00:23.834 D/AppSenseClient( 8498): handleSenseEvent appInfoUnits: {pkgName:com.binance.monitor,activityName:com.binance.monitor.ui.account.AccountStatsBridgeActivity,winMode:1,event:COMMON,type:0,subEvent:0,pid:6825,uid:10512},
04-09 16:00:23.834 D/AppSenseClient( 8406): handleSenseEvent appInfoUnits: {pkgName:com.binance.monitor,activityName:com.binance.monitor.ui.account.AccountStatsBridgeActivity,winMode:1,event:COMMON,type:0,subEvent:0,pid:6825,uid:10512},
04-09 16:00:23.834 D/AppSenseClient( 8498): handleSenseEvent clients: 1
04-09 16:00:23.834 D/AppSenseClient( 8406): handleSenseEvent clients: 1
04-09 16:00:23.834 D/AppSenseClient( 8498): handleSenseEvent clientId: 74017188
04-09 16:00:23.834 D/AppSenseService(14034): notifySenseEvent: {pkgName:com.binance.monitor,activityName:com.binance.monitor.ui.account.AccountStatsBridgeActivity,winMode:1,event:COMMON,type:0,subEvent:0,pid:6825,uid:10512},
04-09 16:00:23.834 D/AppSenseClient( 8406): handleSenseEvent clientId: 101737326
04-09 16:00:23.834 D/AppSenseClient( 8498): notifyAppChanges: [{pkgName:com.binance.monitor,activityName:com.binance.monitor.ui.account.AccountStatsBridgeActivity,winMode:1,event:COMMON,type:0,subEvent:0,pid:6825,uid:10512}]
04-09 16:00:23.834 D/AppSenseClient( 8406): notifyAppChanges: [{pkgName:com.binance.monitor,activityName:com.binance.monitor.ui.account.AccountStatsBridgeActivity,winMode:1,event:COMMON,type:0,subEvent:0,pid:6825,uid:10512}]
04-09 16:00:23.834 D/NhsAppSenseListener( 8498): onAppChanged, app list size: 1
04-09 16:00:23.834 D/AppSenseClient( 3590): handleMessage: 100
04-09 16:00:23.834 D/AppSenseClient( 3590): handleSenseEvent appInfoUnits: {pkgName:com.binance.monitor,activityName:com.binance.monitor.ui.account.AccountStatsBridgeActivity,winMode:1,event:COMMON,type:0,subEvent:0,pid:6825,uid:10512},
04-09 16:00:23.834 D/AppSenseClient( 3590): handleSenseEvent clients: 1
04-09 16:00:23.834 D/AppSenseClient( 3590): handleSenseEvent clientId: 224279445
04-09 16:00:23.834 D/AppSenseClient(13839): handleMessage: 100
04-09 16:00:23.834 D/AppSenseClient( 3590): notifyAppChanges: [{pkgName:com.binance.monitor,activityName:com.binance.monitor.ui.account.AccountStatsBridgeActivity,winMode:1,event:COMMON,type:0,subEvent:0,pid:6825,uid:10512}]
04-09 16:00:23.834 D/AppSenseClient(13839): handleSenseEvent appInfoUnits: {pkgName:com.binance.monitor,activityName:com.binance.monitor.ui.account.AccountStatsBridgeActivity,winMode:1,event:COMMON,type:0,subEvent:0,pid:6825,uid:10512},
04-09 16:00:23.834 D/AppSenseClient(13839): handleSenseEvent clients: 1
04-09 16:00:23.834 D/AppSenseClient(13839): handleSenseEvent clientId: 106466519
04-09 16:00:23.834 D/AppSenseClient(13839): notifyAppChanges: [{pkgName:com.binance.monitor,activityName:com.binance.monitor.ui.account.AccountStatsBridgeActivity,winMode:1,event:COMMON,type:0,subEvent:0,pid:6825,uid:10512}]
04-09 16:00:23.834 D/NAS-DataSceneEvent(13839): onAppChanged, app list size: 1
04-09 16:00:23.834 D/NAS-DataSceneEvent(13839): updateAppSenseChange [{pkgName:com.binance.monitor,activityName:com.binance.monitor.ui.account.AccountStatsBridgeActivity,winMode:1,event:COMMON,type:0,subEvent:0,pid:6825,uid:10512}]
04-09 16:00:23.835 D/OplusLinkBoostSceneManager(13839): handleAppSceneChange: live broadcast off
04-09 16:00:23.835 E/OplusNetlinkConnect(13839): parse rsp msg failed!Message missing required fields: header
04-09 16:00:23.852 E/CwbService( 2181): Panel not support apl read or getDisplayPanelAplValue timeout 10ms.
04-09 16:00:23.853 D/SensorFeature( 2258): name=ssc_screenshot_info ,index = 22
04-09 16:00:23.853 D/SensorFeature( 2258): write 39 bytes:768840435427452,768840446538563,29306,0
04-09 16:00:23.915 I/SDM     ( 2181): DisplayBuiltIn::IdlePowerCollapse: IPC received, disabling partial update for one frame
04-09 16:00:23.997 D/CommonApp-234-10512(14034): transport layer data is invalid
04-09 16:00:23.997 D/CommonApp-235-10512(14034): commonScoreStrategy scenarios 1
04-09 16:00:23.997 D/CommonApp-235-10512(14034): notifyScoreChange appScene COMMON score 100
04-09 16:00:23.998 D/OplusL3Monitor( 3590): linkIndex=90, networkId=0, ignore
04-09 16:00:23.998 D/ScorePolicy(14034): handleScoreChanged: []
04-09 16:00:23.998 D/ScorePolicy(14034): handleScoreChanged: []
04-09 16:00:23.998 D/ScorePolicy(14034): handleScoreChanged: []
04-09 16:00:24.053 W/OPLUS_LOG_LOAD( 3590): ==LOGS PROG INFO, prog(system_server) ==
04-09 16:00:24.053 V/AlarmManager( 3590): sending alarm Alarm{ba11063 type 1 origWhen 1775721624054 whenElapsed 768840658 android} uid 1000 whenElapsed 768840658 windowLength 0 maxWhenElapsed 768840658 repeatInterval 0 action null component null tag StorgaeBandInfoAlarmTag flags 0x9 procName system_server
04-09 16:00:24.054 E/OplusStorageUFSBandwidth( 3590): storage_io_metrics_path is /proc/oplus_storage/io_metrics/forever/
04-09 16:00:24.056 E/OplusStorageUFSBandwidth( 3590): Bandwidth - Read: 8.49 MB/s, Write: 0.50 MB/s
04-09 16:00:24.056 E/OplusStorageUFSBandwidth( 3590): Task time: 2ms
04-09 16:00:24.062 E/OplusStorageUFSBandwidth( 3590): Alarm set to trigger in 10 seconds
04-09 16:00:24.067 D/BatteryChargeControl( 2280): bcc get no support from charging protocol
04-09 16:00:24.148 D/LocationManagerService( 3590): network provider added registration from 1000/android[OplusLBS]/1B15ED95 -> Request[@+1s0ms BALANCED, WorkSource{1000 android}] permissionLevel: 2 permitted: true
04-09 16:00:24.148 V/LocationManagerService( 3590): network provider package android permitted = true
04-09 16:00:24.149 I/OplusLocationStatistics( 3590): startRequesting
04-09 16:00:24.149 I/LocationRequestStatistics( 3590): startRequesting, PackageProviderKey = PackageProviderKey: network: android: OplusLBS
04-09 16:00:24.149 V/OplusLocationBlacklistUtil( 3590): block status: android = false
04-09 16:00:24.152 E/AppOps  ( 3590): attributionTag OplusLBS not declared in manifest of android
04-09 16:00:24.152 D/LocationManagerService( 3590): network provider request changed to ProviderRequest[@+1s0ms, WorkSource{1000 android}]
04-09 16:00:24.152 W/LocationFreezeProc( 3590): ignore LocationRequest 1000/android
04-09 16:00:24.152 I/OplusLocationStatistics( 3590): recordNlpNavigatingStarted
04-09 16:00:24.158 I/PCDR-pcdr_lte_nr_pingpong_opt[0](13839): handleCellInfoChange compoundIdStr:460_11_405526_1698132610
04-09 16:00:24.159 W/Settings( 8406): Setting airplane_mode_on has moved from android.provider.Settings.System to android.provider.Settings.Global, returning read-only value.
04-09 16:00:24.159 I/metis_v2_MetroAwarenessCollector(24527): onCellInfoChanged: cell size=1
04-09 16:00:24.159 D/HLog-UpMgr(24527): [metis]CheckWhetherUploadBody Mgr:com.oplus.sdp.y9.c@f7b271c
04-09 16:00:24.159 D/HLog-MultiConfigManage(24527): [metis]checkAllPushTask
04-09 16:00:24.159 D/HLog-MultiConfigManage(24527): [metis]checkAllPushTask existPushInfo : 
04-09 16:00:24.159 I/ContextAware_DailyStatisticsRecorder(24527): Increase context change count: metro_cell_count, value: 1
04-09 16:00:24.159 I/ContextAware_DailyStatisticsRecorder(24527): Increase context change count: metro_cell_cost_time_ms, value: 0
04-09 16:00:24.163 E/FileStrategy(24527): java.io.IOException: Read-only file system
04-09 16:00:24.163 W/Settings( 8406): Setting airplane_mode_on has moved from android.provider.Settings.System to android.provider.Settings.Global, returning read-only value.
04-09 16:00:24.163 I/NLogWriter(24527): loganProtocolStatus: clogan_open,-2010
04-09 16:00:24.163 D/SubsysEventListenerManager-SubsysTelephonyCallback[1](14034): onCellInfoChanged
04-09 16:00:24.163 I/PCDR-pcdr_lte_nr_pingpong_opt[1](13839): handleCellInfoChange compoundIdStr:460_00_2097161_5683769345
04-09 16:00:24.163 D/CellChangeEvent(14034): update event
04-09 16:00:24.163 D/PolicyHandler(14034): updateEventContext trigger event Event{mEventName=CellChangeEvent,mNickName=cellchange,mEventVal=true,mDefaultVal=false,mId=-1,mDefaultId=-1,mInstanceId=0,mUseNameId=false}
04-09 16:00:24.163 D/CellMap/CellMonitor(14034): handleCellChange: [CellInfoNr:{ mRegistered=YES mTimeStamp=768840767518719ns mCellConnectionStatus=0 CellIdentityNr:{ mPci = 702 mTac = 2097161 mNrArfcn = 504990 mBands = [41] mMcc = 460 mMnc = 00 mNci = 5683769345 mAlphaLong = 中国移动 mAlphaShort = 中国移动 mAdditionalPlmns = {} } CellSignalStrengthNr:{ csiRsrp = 2147483647 csiRsrq = 2147483647 csiCqiTableIndex = 2147483647 csiCqiReport = [] ssRsrp = -73 ssRsrq = -10 ssSinr = 23 level = 3 parametersUseForLevel = 0 timingAdvance = 2147483647 } }]
04-09 16:00:24.163 D/CellMap/CellMonitor(14034): handleAllSubCellChange slotId: 1, cellInfo: [CellInfoNr:{ mRegistered=YES mTimeStamp=768840767518719ns mCellConnectionStatus=0 CellIdentityNr:{ mPci = 702 mTac = 2097161 mNrArfcn = 504990 mBands = [41] mMcc = 460 mMnc = 00 mNci = 5683769345 mAlphaLong = 中国移动 mAlphaShort = 中国移动 mAdditionalPlmns = {} } CellSignalStrengthNr:{ csiRsrp = 2147483647 csiRsrq = 2147483647 csiCqiTableIndex = 2147483647 csiCqiReport = [] ssRsrp = -73 ssRsrq = -10 ssSinr = 23 level = 3 parametersUseForLevel = 0 timingAdvance = 2147483647 } }]
04-09 16:00:24.163 D/TimerEvent(14034): TimerEvent reset to false
04-09 16:00:24.163 D/AtomAction(14034): startAction
04-09 16:00:24.163 E/MetricsAction(14034): startMetricsCollect no metrics data id 54502
04-09 16:00:24.163 D/AtomMetricsApp(14034): doAction mPrimaryRuleExpireTime <= 0
04-09 16:00:24.163 D/PolicyHandler(14034): updateEventContext mEventList Event{mEventName=TimerEvent,mNickName=timer,mEventVal=false,mDefaultVal=false,mId=-1,mDefaultId=-1,mInstanceId=0,mUseNameId=false}
04-09 16:00:24.163 D/LocationTransport(24085): get the LocationTransport Instance
04-09 16:00:24.163 D/LocationTransport(24085): get the LocationTransport Instance
04-09 16:00:24.163 I/OplusLocationStatistics( 3590): NLP update locatin successed.
04-09 16:00:24.164 I/OplusLocationStatistics( 3590): setNlpRequestDuration: 11
04-09 16:00:24.164 I/LocationManagerService( 3590): incoming location [Location[network 39.91****,116.25**** hAcc=35.0 et=+8d21h34m0s768ms]]
04-09 16:00:24.164 E/AppOps  ( 3590): attributionTag OplusLBS not declared in manifest of android
04-09 16:00:24.164 I/LocationManagerService( 3590): incoming location [Location[network 39.91****,116.25**** hAcc=35.0 et=+8d21h34m0s768ms]]
04-09 16:00:24.164 I/LocationRequestStatistics( 3590): deliverLocation, PackageProviderKey = PackageProviderKey: network: android: OplusLBS
04-09 16:00:24.164 E/AppOps  ( 3590): attributionTag OplusLBS not declared in manifest of android
04-09 16:00:24.164 W/LocationFreezeProc( 3590): removeLocationRequest [android.location.LocationManager$LocationListenerTransport@16d5d19]
04-09 16:00:24.164 I/LocationFreezeProc( 3590): Remove: Don't find the app's name, do nothing! [android.location.LocationManager$LocationListenerTransport@16d5d19]
04-09 16:00:24.165 D/SubsysLocationManager(14034): onLocationChanged(passive)
04-09 16:00:24.165 D/GeoFenceDetectionService-ConcertSyncService(14034): handleMessage what:2004
04-09 16:00:24.165 D/GeoFenceDetectionService-ConcertSyncService(14034): Location changed too small, distance:0.0
04-09 16:00:24.165 D/GeoFenceDetectionService-AttractionSyncService(14034): handleMessage what:2004
04-09 16:00:24.165 D/GeoFenceDetectionService-AttractionSyncService(14034): Location changed too small, distance:0.0
04-09 16:00:24.165 D/GeoFenceDetectionService-AirportSyncService(14034): handleMessage what:2004
04-09 16:00:24.165 D/GeoFenceDetectionService-AirportSyncService(14034): Location changed too small, distance:0.0
04-09 16:00:24.165 D/BorderPortEvent(14034): onLocationChanged location.
04-09 16:00:24.165 D/BorderPortEvent(14034): checkIsBorderPort cloub policy:false
04-09 16:00:24.165 D/SubsysThreadPool(14034): execute task
04-09 16:00:24.165 D/AtomPassiveLocationInfo(14034): handleMessage what:1
04-09 16:00:24.165 D/ExitGarageFilterEventImpl(14034): handleMessage what:1
04-09 16:00:24.165 D/ExitGarageFilterEventImpl(14034): onLocationChanged
04-09 16:00:24.165 D/ExitGarageFilterEventImpl(14034): handleMessage what:1
04-09 16:00:24.165 D/ExitGarageFilterEventImpl(14034): onLocationChanged
04-09 16:00:24.165 D/GeoFenceDetectionService-ConcertSyncService(14034): handleMessage what:2004
04-09 16:00:24.165 D/GeoFenceDetectionService-ConcertSyncService(14034): Location changed too small, distance:0.0
04-09 16:00:24.165 D/GeoFenceDetectionService-AttractionSyncService(14034): handleMessage what:2004
04-09 16:00:24.165 D/GeoFenceDetectionService-AttractionSyncService(14034): Location changed too small, distance:0.0
04-09 16:00:24.165 D/GeoFenceDetectionService-AirportSyncService(14034): handleMessage what:2004
04-09 16:00:24.165 D/GeoFenceDetectionService-AirportSyncService(14034): Location changed too small, distance:0.0
04-09 16:00:24.165 D/GpsService(14034): onLocationChanged
04-09 16:00:24.165 V/LocationManagerService( 3590): passive provider registration 10188/com.coloros.weather.service/F58C6840 dropped delivery - too close
04-09 16:00:24.165 E/AppOps  ( 3590): attributionTag OplusLBS not declared in manifest of android
04-09 16:00:24.165 D/BorderPortEvent(14034): check cloud border port result false
04-09 16:00:24.165 V/LocationManagerService( 3590): passive provider registration 10113/com.oplus.metis/D9E85B32 dropped delivery - too close
04-09 16:00:24.165 V/LocationManagerService( 3590): passive provider registration 1000/android[SensorNotificationService]/67EBFBFC dropped delivery - too close
04-09 16:00:24.165 E/AppOps  ( 3590): attributionTag OplusLBS not declared in manifest of android
04-09 16:00:24.165 I/OplusLocationStatistics( 3590): stopRequesting
04-09 16:00:24.165 I/LocationRequestStatistics( 3590): stopRequesting, PackageProviderKey = PackageProviderKey: network: android: OplusLBS
04-09 16:00:24.166 D/LocationManagerService( 3590): network provider removed registration from 1000/android[OplusLBS]/1B15ED95
04-09 16:00:24.166 W/LocationFreezeProc( 3590): remove [network]'s Location Request[android.location.LocationManager$LocationListenerTransport@16d5d19] Done from 1000/android[OplusLBS]/1B15ED95
04-09 16:00:24.166 D/LocationManagerService( 3590): network provider request changed to ProviderRequest[OFF]
04-09 16:00:24.166 I/OplusLocationStatistics( 3590): recordNlpNavigatingStopped
04-09 16:00:24.166 I/OplusLocationStatistics( 3590): Nlp locaiton has update or Error has recored! Do nothing
04-09 16:00:24.166 I/GnssAidl( 2109): ===> injectLocation line 239 
04-09 16:00:24.166 I/5111PAS[16002114][f26f602].PhoneStateInfoCollector_Travel( 5111): onLocationChanged: 
04-09 16:00:24.166 D/CellMap/GridLocationManager(14034): handleLocationChange location provider is: network
04-09 16:00:24.166 I/5111PAS[16002114][f26f602].PhoneStateInfoCollector_Travel( 5111): , mock = false, provider = network, time = 2026-04-09 16:00:24
04-09 16:00:24.166 I/LocationRequestStatistics( 3590): deliverLocation, PackageProviderKey = PackageProviderKey: network: android: GnssService
04-09 16:00:24.166 D/OplusLocationAidl(16233): injectLocation: injectLocation()
04-09 16:00:24.166 D/QcomLocationAidlImpl(16233): injectLocation: enter default injectLocation()
04-09 16:00:24.166 D/vendor.oplus.hardware.location_aidl-service(16233): checkAndLoopSuid: location_oplus_injectLocation]: checkAndLoopSuid sOplusLocConn = 0xb400007a3b4a4000, sIsLoopupSuid = 0!
04-09 16:00:24.166 D/vendor.oplus.hardware.location_aidl-service(16233): execute: Task[injectLocation] will be run!
04-09 16:00:24.166 D/vendor.oplus.hardware.location_aidl-service(16233): sendInjectLocationRequest: Send inject location request
04-09 16:00:24.166 D/vendor.oplus.hardware.location_aidl-service(16233): sendInjectLocationRequest: [sendInjectLocationRequest]: location inject req [399056865, 1162495135, 0.000000, 0]
04-09 16:00:24.166 I/LocSvc_api_v02( 2109): ---> locClientSendReq line 2409 QMI_LOC_INJECT_POSITION_REQ_V02
04-09 16:00:24.166 D/vendor.oplus.hardware.location_aidl-service(16233): waitForAck: location_oplus: Wait request[50] ack for [2] sec, pid = 16233
04-09 16:00:24.166 I/5111PAS[16002114][f26f602].ScheduleTaskManager_Travel( 5111): doRemoveAlarmTaskLock: timestamp = ****-04-09 15:**:**
04-09 16:00:24.167 I/5111PAS[16002114][f26f602].ScheduleTaskManager_Travel( 5111): doAddAlarmTaskLock: timestamp = ****-04-09 16:**:**
04-09 16:00:24.167 D/vendor.oplus.hardware.location_aidl-service(16233): respCb: Response callback received: 0 99
04-09 16:00:24.167 I/5111PAS[16002114][f26f602].ScheduleTaskManager_Travel( 5111): addAlarmTask task = ScheduleTask{mTaskId=2, mPolicyId=20000, mTimeStampMillis=****-04-09 16:**:**}, isNeedAlign = true
04-09 16:00:24.168 I/5111PAS[16002114][f26f602].ScheduleTaskManager( 5111): addAlarmTask alarm size=8
04-09 16:00:24.168 I/LocSvc_ApiV02( 2109): <--- globalRespCb line 288 QMI_LOC_INJECT_POSITION_REQ_V02
04-09 16:00:24.168 I/5111PAS[16002114][f26f602].PhoneStateInfoCollector_Travel( 5111): updateLocationData: 
04-09 16:00:24.168 I/5111PAS[16002114][f26f602].PhoneStateInfoCollector_Travel( 5111): updateLocationData -> updateLocationCache
04-09 16:00:24.171 I/5111PAS[16002114][f26f602].PhoneStateInfoCollector_Travel( 5111): reportLocation, earthquake_warning status = 0
04-09 16:00:24.171 I/5111PAS[16002114][f26f602].PhoneStateInfoCollector_Travel( 5111): reportLocation, earthquake_warning is not open, return
04-09 16:00:24.171 I/5111PAS[16002114][f26f602].BaseResourceCollectManger_Travel( 5111): notifyResourceChange:10009
04-09 16:00:24.171 I/5111PAS[16002114][f26f602].ResourceTrigger( 5111): resourceOnChange, resourceId is 10009
04-09 16:00:24.171 I/5111PAS[16002114][f26f602].ResourceTrigger( 5111): startAlign
04-09 16:00:24.178 E/LoganThread( 5111): HLog_File_com_coloros_sceneservice_2026_03_10_16.dog3被删除
04-09 16:00:24.181 D/HLog    ( 5111): model -> strm == NULL
04-09 16:00:24.186 I/SDM     ( 2181): DisplayBuiltIn::IdlePowerCollapse: IPC received, disabling partial update for one frame
04-09 16:00:24.189 E/CwbService( 2181): Panel not support apl read or getDisplayPanelAplValue timeout 10ms.
04-09 16:00:24.189 D/SensorFeature( 2258): name=ssc_screenshot_info ,index = 22
04-09 16:00:24.189 D/SensorFeature( 2258): write 39 bytes:768840732154135,768840783627156,29307,0
04-09 16:00:24.267 D/vendor.oplus.hardware.location_aidl-service(16233): eventCb: Received QMI indication with length 42
04-09 16:00:24.267 D/vendor.oplus.hardware.location_aidl-service(16233): eventCb: Event[0] msg_id=899, ts=14761830929798
04-09 16:00:24.267 D/vendor.oplus.hardware.location_aidl-service(16233): eventCb: Received inject location ap message ID 899
04-09 16:00:24.267 D/vendor.oplus.hardware.location_aidl-service(16233): sendSensorUsageRequest: Send oplus sensor usage request
04-09 16:00:24.267 D/vendor.oplus.hardware.location_aidl-service(16233): waitForAck: location_oplus: Got signal from ACK
04-09 16:00:24.267 D/vendor.oplus.hardware.location_aidl-service(16233): injectLocationTask: location_oplus_injectLocationTask]: location fence inject location request operation ret = 12
04-09 16:00:24.268 D/vendor.oplus.hardware.location_aidl-service(16233): respCb: Response callback received: 0 99
04-09 16:00:24.303 E/WifiHAL ( 2123): wifi_get_cached_scan_results: Wifi Cached Scan Result not supported by driver
04-09 16:00:24.303 E/WifiStaIfaceAidlImpl( 3590): getCachedScanData failed with service-specific exception: android.os.ServiceSpecificException:  (code 4)
04-09 16:00:24.305 D/VendorWifiService(14034): onEvent event:9,action:1
04-09 16:00:24.307 D/OplusWifiPower_TriggerCenter( 3590): mComponentCallback: wifistat
04-09 16:00:24.335 D/UlPriorityPolicyForeground(13839): match: config has not com.binance.monitor
04-09 16:00:24.390 I/sensors-hal( 2113): handle_oplus_wise_rgb_event:161, wise_rgb: (18209)(cct, lux, ir)[5365.22, 218.52, 8.860497] (r, g, b, c)[7745.07, 5853.71, 2911.90, 16230.85]                 (pwm, hbm, brl, algo)[0.0 0.0 1380.0 2.0], flag 29307
04-09 16:00:24.391 D/FusionLightNextGen( 3590): process end reported = 1, mode: 0, cnt: 440890, lux 198.9, cct 5413.1, r/g/b/c: 7720.2/5831.7/2905.3/16207.5, R/G/B: 80.0/76.0/67.0, bri 1380.0, match 1.00, ir 0.007050, conf 5.0, ts 768840774034879
04-09 16:00:24.422 I/sensors-hal( 2113): handle_sns_std_sensor_event:114, oplus rgb_rear sample: (cct, lux, ir, x, y)[5132, 75, 21, 343, 384]
04-09 16:00:24.422 I/sensors-hal( 2113): handle_sns_std_sensor_event:116, oplus rgb_rear sample: (r, g, b, c w)[4121, 8493, 1348, 180, 0]
04-09 16:00:24.427 I/ThermalEngine(10385): VIRTUAL-CPU-L-PID, Update received trip sensor cpu-1-0-1 92300
04-09 16:00:24.427 I/ostats_tpd(10330): stats_write, records atomId:100100, event_id:903, cpu:0, values: 903-0-1-213-(cpu-1-0-1)-26-0-1
04-09 16:00:24.427 I/ostats_tpd(10330): stats_write, records atomId:100100, event_id:903, cpu:0, values: 903-0-1-10614-(cpu-1-0-1)-26-0-1
04-09 16:00:24.438 I/ThermalEngine(10385): ACTION: CPU - Setting CPU[6] to 3
04-09 16:00:24.448 I/ThermalEngine(10385): ACTION: CPU - Setting CPU[6] to 0
04-09 16:00:24.460 I/ThermalEngine(10385): VIRTUAL-CPU-L-PID, Update received trip sensor cpu-1-0-1 79900
04-09 16:00:24.461 D/OplusScrollToTopManager( 6825): com.binance.monitor/com.binance.monitor.ui.chart.MarketChartActivity,This com.android.internal.policy.DecorView{eda4ae2 I.E...... R......D 0,0-1264,2780 aid=2 alpha=1.0 viewInfo = }[MarketChartActivity] change focus to false
04-09 16:00:24.490 D/SensorFeature( 2258): name=ssc_screenshot_info ,index = 22
04-09 16:00:24.490 D/SensorFeature( 2258): write 39 bytes:768840732154135,768841094425906,29308,0
04-09 16:00:24.526 D/OplusScrollToTopManager( 6825): com.binance.monitor/com.binance.monitor.ui.account.AccountStatsBridgeActivity,This com.android.internal.policy.DecorView{13382af V.E...... R....... 0,0-1264,2780 aid=1 alpha=1.0 viewInfo = }[AccountStatsBridgeActivity] change focus to true
04-09 16:00:24.595 I/SDM     ( 2181): DisplayBuiltIn::IdlePowerCollapse: IPC received, disabling partial update for one frame
04-09 16:00:24.619 I/ChainTrace( 6825): stream type=heartbeat gapMs=1046 refreshMarket=false
04-09 16:00:24.623 I/AICCTModule( 3590): SensorFilter: brightness threshold 1.2 screenNit is 98.252 ave enviroment lux is 198.85266 luxForNit 94.92581demarcationPoint200.0 result is false
04-09 16:00:24.623 I/AICCTModule( 3590): SensorFilter: findSecondNearestValue, sensorValue: 5416.137 nearestMaxValue:5413.322 secondNearestValue: 5413.322
04-09 16:00:24.623 I/AICCTModule( 3590): SensorFilter: findSecondNearestValue, sensorValue: 199.11095 nearestMaxValue:198.85266 secondNearestValue: 198.85266
04-09 16:00:24.642 I/sensors-hal( 2113): handle_oplus_wise_rgb_event:189, high_pwm_light:lux 215.7,cct 5354.8,brl/algo/ir 1380.0/2.0/8.8,pwm/dc 0.0/0.0,rgbc 7722.643066/5840.506348/2896.447266/16191.216797,ts 768841040624618,cnt 18214,flag 29308
04-09 16:00:24.642 I/sensors-hal( 2113): handle_oplus_wise_rgb_event:161, wise_rgb: (18214)(cct, lux, ir)[5354.81, 215.74, 8.793255] (r, g, b, c)[7722.64, 5840.51, 2896.45, 16191.22]                 (pwm, hbm, brl, algo)[0.0 0.0 1380.0 2.0], flag 29308
04-09 16:00:24.754 D/vendor.oplus.hardware.charger-V10-service( 2280): ret_value:122, read content:,295,295,4050,4043,-191,64,65,1,1,0,494,4957,65,1,4480,600,500,0,0,9500,0,0,1,0,2,0,0,0,1,5868,89,0,3202,5026,0,0,0,0,0,0
04-09 16:00:24.754 D/vendor.oplus.hardware.charger-V10-service( 2280): gmtime: 2026-04-09-16-00-24
04-09 16:00:24.755 D/vendor.oplus.hardware.charger-V10-service( 2280): usb_online:1, ac_online:-2147483648, wireless_online:-2147483648
04-09 16:00:24.831 I/SDM     ( 2181): DisplayBuiltIn::IdlePowerCollapse: IPC received, disabling partial update for one frame
04-09 16:00:24.837 E/CwbService( 2181): Panel not support apl read or getDisplayPanelAplValue timeout 10ms.
04-09 16:00:24.837 D/SensorFeature( 2258): name=ssc_screenshot_info ,index = 22
04-09 16:00:24.837 D/SensorFeature( 2258): write 39 bytes:768841376723198,768841430837781,29309,0
04-09 16:00:24.911 I/sensors-hal( 2113): handle_oplus_wise_rgb_event:161, wise_rgb: (18219)(cct, lux, ir)[5357.75, 216.54, 8.830665] (r, g, b, c)[7720.15, 5833.91, 2909.69, 16181.89]                 (pwm, hbm, brl, algo)[0.0 0.0 1380.0 2.0], flag 29309
04-09 16:00:25.025 D/CommonApp-234-10512(14034): transport layer data is invalid
04-09 16:00:25.025 D/CommonApp-235-10512(14034): commonScoreStrategy scenarios 1
04-09 16:00:25.025 D/CommonApp-235-10512(14034): notifyScoreChange appScene COMMON score 100
04-09 16:00:25.025 D/ScorePolicy(14034): handleScoreChanged: []
04-09 16:00:25.026 D/ScorePolicy(14034): handleScoreChanged: []
04-09 16:00:25.026 D/ScorePolicy(14034): handleScoreChanged: []
04-09 16:00:25.056 I/PantaCard.Lnch.InstantCard( 8730):  100335&1000001&1_sid=536877599_rk=ea6994,setAllowCardRefreshable refreshable:true[sdk:v1.3.122-1545084,seed-plugin:v16.1.126-d5777f7c,app:v16.4.22] [OplusLauncher|com.android.launcher|2.0.44-25e9612]
04-09 16:00:25.056 D/CardView( 8730): 0x1081e1 io.iftech.quickapp.box setRefreshable true , completeRequestLayout false , completeRefresh true 
04-09 16:00:25.057 D/CardView( 8730): refreshable postAtFrontOfQueue
04-09 16:00:25.060 W/QosScheduler( 3590): executeSceneQosStrategy failed! qos feature no enable
04-09 16:00:25.068 D/BatteryChargeControl( 2280): bcc get no support from charging protocol
04-09 16:00:25.141 D/SensorFeature( 2258): name=ssc_screenshot_info ,index = 22
04-09 16:00:25.141 D/SensorFeature( 2258): write 39 bytes:768841376723198,768841743842364,29310,0
04-09 16:00:25.173 I/sensors-hal( 2113): handle_oplus_wise_rgb_event:189, high_pwm_light:lux 217.8,cct 5362.4,brl/algo/ir 1380.0/2.0/9.3,pwm/dc 0.0/0.0,rgbc 7742.578613/5838.306641/2927.354492/16219.193359,ts 768841695267952,cnt 18224,flag 29310
04-09 16:00:25.174 I/sensors-hal( 2113): handle_oplus_wise_rgb_event:161, wise_rgb: (18224)(cct, lux, ir)[5362.42, 217.83, 9.336511] (r, g, b, c)[7742.58, 5838.31, 2927.35, 16219.19]                 (pwm, hbm, brl, algo)[0.0 0.0 1380.0 2.0], flag 29310
04-09 16:00:25.231 D/gaia-GaiaConnectChecker(13843): start connect check++
04-09 16:00:25.444 D/SensorFeature( 2258): name=ssc_screenshot_info ,index = 22
04-09 16:00:25.444 D/SensorFeature( 2258): write 39 bytes:768841376723198,768842047177989,29311,0
04-09 16:00:25.446 I/sensors-hal( 2113): handle_oplus_wise_rgb_event:161, wise_rgb: (18229)(cct, lux, ir)[5317.81, 215.31, 9.557515] (r, g, b, c)[7722.64, 5844.91, 2914.11, 16142.26]                 (pwm, hbm, brl, algo)[0.0 0.0 1380.0 2.0], flag 29311
04-09 16:00:25.510 I/SDM     ( 2181): DisplayBuiltIn::IdlePowerCollapse: IPC received, disabling partial update for one frame
04-09 16:00:25.537 I/ChainTrace( 6825): stream type=syncEvent gapMs=918 refreshMarket=true
04-09 16:00:25.540 I/vendor.qti.bluetooth@1.0-ibs_handler( 2103): ProcessIbsCmd: Received IBS_WAKE_IND: 0xFD
04-09 16:00:25.540 D/vendor.qti.bluetooth@1.0-ibs_handler( 2103): SerialClockVote: vote for UART CLK ON
04-09 16:00:25.540 D/vendor.qti.bluetooth@1.0-wake_lock( 2103): Acquire wakelock is acquired 
04-09 16:00:25.540 I/vendor.qti.bluetooth@1.0-ibs_handler( 2103): ProcessIbsCmd: Writing IBS_WAKE_ACK
04-09 16:00:25.542 W/PTC.DISC.FusionProvider(11972): [FusionBleDiscover]current device: **:72:47:FD rssi is -107, minRssi is -100, ignore it
04-09 16:00:25.549 V/WindowManager( 3590): Relayout Window{f71f005 u0 com.binance.monitor}: viewVisibility=0, oldvis=0, req=315x379 , apr = 0, vsysui=, x=-1885, y=1068
04-09 16:00:25.549 I/SurfaceControl( 6825):  setExtendedRangeBrightness sc=Surface(name=)/@0x51f69f9,currentBufferRatio=1.0,desiredRatio=1.0
04-09 16:00:25.549 D/InsetsSourceProvider( 3590): updateSourceFrameForServerVisibility mandatorySystemGestures EMPTY_RECT
04-09 16:00:25.550 D/InsetsSourceProvider( 3590): updateSourceFrameForServerVisibility mandatorySystemGestures EMPTY_RECT
04-09 16:00:25.565 D/VRR [OTI]( 2399): handleIdle from 0 to 1
04-09 16:00:25.565 D/VRR [OTI-HW]( 2399): isStateReady 0
04-09 16:00:25.565 D/VRR [OTI-HW]( 2399): keep rate.
04-09 16:00:25.581 D/NotificationService--OplusNotificationFixHelper( 3590): fixAppIcon: pkg=com.v2ray.ang
04-09 16:00:25.581 D/NotificationService--OplusNotificationFixHelper( 3590): fixAppIcon: appIcon = null, pkg = com.v2ray.ang
04-09 16:00:25.581 I/vendor.qti.bluetooth@1.0-ibs_handler( 2103): ProcessIbsCmd: Received IBS_SLEEP_IND: 0xFE
04-09 16:00:25.581 D/vendor.qti.bluetooth@1.0-ibs_handler( 2103): SerialClockVote: vote for UART CLK OFF
04-09 16:00:25.581 D/NotificationService--NotificationRecord( 3590): isSupportRearLight , isRearLight = false mLedRM = false isMultilLed = false
04-09 16:00:25.582 I/OplusStatusBarManagerServiceEnhance( 3590):  getTopIsFullscreen mTopIsFullscreen: false
04-09 16:00:25.582 W/ActivityManager( 3590): Permission Denial: getTopApplicationInfo from pid=25334, uid=10397 requires oplus.permission.OPLUS_COMPONENT_SAFE
04-09 16:00:25.582 E/OplusNotificationCenter( 3590): getForegroundApplication exception
04-09 16:00:25.583 D/NotificationService--OplusNotificationManagerServiceExtImpl( 3590): isForwardToAssistants: true, case : Is local notification
04-09 16:00:25.583 D/NotificationService( 3590): This application enqueue notifications is need postDelayed mcsAssistantDelayTime: 50
04-09 16:00:25.607 I/vendor.qti.bluetooth@1.0-ibs_handler( 2103): ProcessIbsCmd: Received IBS_WAKE_IND: 0xFD
04-09 16:00:25.607 D/vendor.qti.bluetooth@1.0-ibs_handler( 2103): SerialClockVote: vote for UART CLK ON
04-09 16:00:25.607 I/vendor.qti.bluetooth@1.0-ibs_handler( 2103): ProcessIbsCmd: Writing IBS_WAKE_ACK
04-09 16:00:25.610 W/PTC.DISC.FusionProvider(11972): [FusionBleDiscover]current device: **:72:47:FD rssi is -104, minRssi is -100, ignore it
04-09 16:00:25.643 I/SystemUi--Notification( 8338): OplusLiveAlertNotificationsRepository-->onRankingApplied
04-09 16:00:25.646 I/SDM     ( 2181): DisplayBuiltIn::IdlePowerCollapse: IPC received, disabling partial update for one frame
04-09 16:00:25.649 I/PluginSeedling--Track( 8338): RequestHandler-->notificationUpdated 0|com.v2ray.ang|1|null|10397 postTime: 1775721625581
04-09 16:00:25.649 E/LockScreenNotificationDispatcherImp( 8338): updateNotificationListOnKg size:0
04-09 16:00:25.653 W/SystemUi--Notification( 8338): OplusNotificationGroupExtImpl-->setChildrenExpanded: groupHeader is null
04-09 16:00:25.653 I/SystemUi--Notification( 8338): LockScreenNotificationDispatcherImp-->updateNotificationListOnKg resultCode: 0
04-09 16:00:25.658 I/vendor.qti.bluetooth@1.0-ibs_handler( 2103): ProcessIbsCmd: Received IBS_SLEEP_IND: 0xFE
04-09 16:00:25.658 D/vendor.qti.bluetooth@1.0-ibs_handler( 2103): SerialClockVote: vote for UART CLK OFF
04-09 16:00:25.680 D/LocalImageResolver( 8338): Couldn't use ImageDecoder for drawable, falling back to non-resized load.
04-09 16:00:25.682 D/OplusNotificationDateTimeView( 8338): setTime mSettingTimeMillis 1775721625577, mSettingLocalDateTime 2026-04-09T16:00:00.577
04-09 16:00:25.689 D/LocalImageResolver( 8338): Couldn't use ImageDecoder for drawable, falling back to non-resized load.
04-09 16:00:25.690 D/OplusNotificationDateTimeView( 8338): setTime mSettingTimeMillis 1775721625577, mSettingLocalDateTime 2026-04-09T16:00:00.577
04-09 16:00:25.695 D/LocalImageResolver( 8338): Couldn't use ImageDecoder for drawable, falling back to non-resized load.
04-09 16:00:25.695 D/OplusNotificationDateTimeView( 8338): setTime mSettingTimeMillis 1775721625577, mSettingLocalDateTime 2026-04-09T16:00:00.577
04-09 16:00:25.699 I/SystemUi--Notification( 8338): OplusNotificationTempla-->resolveContentMargin: marginTop=112 isChildInGroup=false hasSubtitle=true params.topMargin=112
04-09 16:00:25.700 W/SystemUi--Notification( 8338): OplusNotificationGroupExtImpl-->setChildrenExpanded: groupHeader is null
04-09 16:00:25.704 E/LockScreenNotificationDispatcherImp( 8338): updateNotificationListOnKg size:0
04-09 16:00:25.708 W/SystemUi--Notification( 8338): OplusNotificationGroupExtImpl-->setChildrenExpanded: groupHeader is null
04-09 16:00:25.708 I/SystemUi--Notification( 8338): LockScreenNotificationDispatcherImp-->updateNotificationListOnKg resultCode: 0
04-09 16:00:25.783 I/SDM     ( 2181): DisplayBuiltIn::IdlePowerCollapse: IPC received, disabling partial update for one frame
04-09 16:00:25.792 E/CwbService( 2181): Panel not support apl read or getDisplayPanelAplValue timeout 10ms.
04-09 16:00:25.793 D/SensorFeature( 2258): name=ssc_screenshot_info ,index = 22
04-09 16:00:25.793 D/SensorFeature( 2258): write 39 bytes:768842331749083,768842386081531,29312,0
04-09 16:00:25.795 I/SDM     ( 2181): DisplayBuiltIn::IdlePowerCollapse: IPC received, disabling partial update for one frame
04-09 16:00:25.796 D/FusionLightNextGen( 3590): process end reported = 1, mode: 0, cnt: 440895, lux 199.6, cct 5365.6, r/g/b/c: 7804.9/5884.5/2929.6/16310.1, R/G/B: 80.0/76.0/67.0, bri 1380.0, match 1.00, ir 0.008964, conf 5.0, ts 768842283508473
04-09 16:00:25.797 I/AICCTModule( 3590): SensorFilter: brightness threshold 1.2 screenNit is 98.252 ave enviroment lux is 199.6499 luxForNit 94.97728demarcationPoint200.0 result is false
04-09 16:00:25.797 I/AICCTModule( 3590): SensorFilter: findSecondNearestValue, sensorValue: 5413.322 nearestMaxValue:5405.3228 secondNearestValue: 5405.3228
04-09 16:00:25.797 I/AICCTModule( 3590): SensorFilter: findSecondNearestValue, sensorValue: 198.85266 nearestMaxValue:198.43858 secondNearestValue: 198.43858
04-09 16:00:25.808 D/vendor.qti.bluetooth@1.0-wake_lock( 2103): Release wakelock is released 
04-09 16:00:25.941 D/OplusCellularNetworkConfig( 8406): getDnsQueryPriority value=http://pdns.dnspod.cn
04-09 16:00:25.941 D/NetworkService[0](14034): getActiveNetworks networkList size:1
04-09 16:00:25.941 D/SubsysThreadPool(14034): execute task
04-09 16:00:25.943 D/libc-netbsd(14034): [oplusDnsOpenProxy]: __netdClientDispatch.connect errno = 111
04-09 16:00:25.944 D/DNS_CACHE(14034): oplus_oplus_getaddrinfo_proxy open dns proxy failed, use android flow: 1000
04-09 16:00:25.996 I/sensors-hal( 2113): handle_oplus_wise_rgb_event:161, wise_rgb: (18234)(cct, lux, ir)[5322.84, 217.32, 10.574483] (r, g, b, c)[7794.91, 5873.50, 2929.56, 16277.48]                 (pwm, hbm, brl, algo)[0.0 0.0 1380.0 2.0], flag 29312
04-09 16:00:25.996 I/sensors-hal( 2113): handle_oplus_wise_rgb_event:189, high_pwm_light:lux 217.3,cct 5322.8,brl/algo/ir 1380.0/2.0/10.6,pwm/dc 0.0/0.0,rgbc 7794.910645/5873.503906/2929.562256/16277.477539,ts 768842328679931,cnt 18234,flag 29312
04-09 16:00:26.044 D/CommonApp-234-10512(14034): transport layer data is invalid
04-09 16:00:26.044 D/CommonApp-235-10512(14034): commonScoreStrategy scenarios 1
04-09 16:00:26.044 D/CommonApp-235-10512(14034): notifyScoreChange appScene COMMON score 100
04-09 16:00:26.044 D/OplusL3Monitor( 3590): linkIndex=90, networkId=0, ignore
04-09 16:00:26.044 D/ScorePolicy(14034): handleScoreChanged: []
04-09 16:00:26.044 D/ScorePolicy(14034): handleScoreChanged: []
04-09 16:00:26.044 D/ScorePolicy(14034): handleScoreChanged: []
04-09 16:00:26.056 V/AlarmManager( 3590): sending alarm Alarm{734bca7 type 1 origWhen 1775721626056 whenElapsed 768842661 android} uid 1000 whenElapsed 768842661 windowLength 0 maxWhenElapsed 768842661 repeatInterval 0 action null component null tag StorgaeBandInfoAlarmTag flags 0x9 procName system_server
04-09 16:00:26.057 E/OplusStorageUFSBandwidth( 3590): storage_io_metrics_path is /proc/oplus_storage/io_metrics/forever/
04-09 16:00:26.058 E/OplusStorageUFSBandwidth( 3590): Bandwidth - Read: 0.50 MB/s, Write: 1.00 MB/s
04-09 16:00:26.058 E/OplusStorageUFSBandwidth( 3590): Task time: 1ms
04-09 16:00:26.061 E/OplusStorageUFSBandwidth( 3590): Alarm set to trigger in 10 seconds
04-09 16:00:26.063 I/ChainTrace( 6825): chart_pull phase=load_done symbol=BTCUSDT interval=15m request=22 durationMs=4783 itemCount=13500
04-09 16:00:26.069 D/BatteryChargeControl( 2280): bcc get no support from charging protocol
04-09 16:00:26.094 D/SensorFeature( 2258): name=ssc_screenshot_info ,index = 22
04-09 16:00:26.094 D/SensorFeature( 2258): write 39 bytes:768842331749083,768842699060645,29313,0
04-09 16:00:26.100 D/ShellSubscriberWorkerThread(15031): the first 8 bytes empty, and RestData length > 8 
04-09 16:00:26.108 I/ostats_tpd(10330): stats_write, records atomId:100100, event_id:903, cpu:0, values: 903-0-1-213-(cpu-1-0-1)-26-0-1
04-09 16:00:26.108 I/ThermalEngine(10385): VIRTUAL-CPU-L-PID, Update received trip sensor cpu-1-0-1 92300
04-09 16:00:26.108 I/ostats_tpd(10330): stats_write, records atomId:100100, event_id:903, cpu:0, values: 903-0-1-10614-(cpu-1-0-1)-26-0-1
04-09 16:00:26.115 I/ThermalEngine(10385): VIRTUAL-CPU-L-PID, Update received trip sensor cpu-1-0-1 79900
04-09 16:00:26.129 I/ostats_tpd(10330): stats_write, records atomId:100100, event_id:903, cpu:0, values: 903-0-1-213-(cpu-1-0-1)-26-0-1
04-09 16:00:26.129 I/ThermalEngine(10385): VIRTUAL-CPU-L-PID, Update received trip sensor cpu-1-0-1 92300
04-09 16:00:26.129 I/ostats_tpd(10330): stats_write, records atomId:100100, event_id:903, cpu:0, values: 903-0-1-10614-(cpu-1-0-1)-26-0-1
04-09 16:00:26.140 I/ThermalEngine(10385): ACTION: CPU - Setting CPU[6] to 3
04-09 16:00:26.150 I/ThermalEngine(10385): ACTION: CPU - Setting CPU[6] to 0
04-09 16:00:26.160 I/ThermalEngine(10385): ACTION: CPU - Setting CPU[6] to 3
04-09 16:00:26.170 I/ThermalEngine(10385): ACTION: CPU - Setting CPU[6] to 0
04-09 16:00:26.181 I/ThermalEngine(10385): ACTION: CPU - Setting CPU[6] to 3
04-09 16:00:26.191 I/ThermalEngine(10385): ACTION: CPU - Setting CPU[6] to 0
04-09 16:00:26.211 I/ThermalEngine(10385): ACTION: CPU - Setting CPU[6] to 2
04-09 16:00:26.221 I/ThermalEngine(10385): ACTION: CPU - Setting CPU[6] to 3
04-09 16:00:26.232 I/ThermalEngine(10385): ACTION: CPU - Setting CPU[6] to 0
04-09 16:00:26.242 I/sensors-hal( 2113): handle_oplus_wise_rgb_event:161, wise_rgb: (18239)(cct, lux, ir)[5282.65, 214.86, 10.800904] (r, g, b, c)[7742.58, 5858.11, 2905.28, 16228.52]                 (pwm, hbm, brl, algo)[0.0 0.0 1380.0 2.0], flag 29313
04-09 16:00:26.252 I/ThermalEngine(10385): ACTION: CPU - Setting CPU[6] to 3
04-09 16:00:26.262 I/ThermalEngine(10385): ACTION: CPU - Setting CPU[6] to 0
04-09 16:00:26.304 I/ThermalEngine(10385): VIRTUAL-CPU-L-PID, Update received trip sensor cpu-1-0-1 79900
04-09 16:00:26.315 E/WifiHAL ( 2123): wifi_get_cached_scan_results: Wifi Cached Scan Result not supported by driver
04-09 16:00:26.315 E/WifiStaIfaceAidlImpl( 3590): getCachedScanData failed with service-specific exception: android.os.ServiceSpecificException:  (code 4)
04-09 16:00:26.317 D/VendorWifiService(14034): onEvent event:9,action:1
04-09 16:00:26.325 E/TetherController( 1905): property_get sys.radio.data.modem_share_flag return 0, 1!
04-09 16:00:26.334 V/NetworkPolicy( 3590): updateNetworkEnabledNL() return
04-09 16:00:26.334 V/NetworkPolicy( 3590): updateNotificationsNL not process
04-09 16:00:26.335 V/MonthTrafficAlert(13839): getWarningNotification subId:1 numWarningNotificaion:2
04-09 16:00:26.378 V/MonthTrafficAlert(13839): getWarningNotification subId:2 numWarningNotificaion:0
04-09 16:00:26.384 I/ChainTrace( 6825): chart_pull phase=ui_applied symbol=BTCUSDT interval=15m request=22 durationMs=5104 itemCount=13500
04-09 16:00:26.396 D/SensorFeature( 2258): name=ssc_screenshot_info ,index = 22
04-09 16:00:26.396 D/SensorFeature( 2258): write 39 bytes:768842331749083,768842999642833,29314,0
04-09 16:00:26.422 I/sensors-hal( 2113): handle_sns_std_sensor_event:114, oplus rgb_rear sample: (cct, lux, ir, x, y)[5175, 76, 21, 342, 382]
04-09 16:00:26.422 I/sensors-hal( 2113): handle_sns_std_sensor_event:116, oplus rgb_rear sample: (r, g, b, c w)[4136, 8523, 1380, 181, 0]
04-09 16:00:26.507 I/sensors-hal( 2113): handle_oplus_wise_rgb_event:189, high_pwm_light:lux 215.9,cct 5332.0,brl/algo/ir 1380.0/2.0/9.7,pwm/dc 0.0/0.0,rgbc 7745.070801/5844.906738/2907.485596/16242.506836,ts 768842939235400,cnt 18244,flag 29314
04-09 16:00:26.507 I/sensors-hal( 2113): handle_oplus_wise_rgb_event:161, wise_rgb: (18244)(cct, lux, ir)[5331.96, 215.87, 9.744297] (r, g, b, c)[7745.07, 5844.91, 2907.49, 16242.51]                 (pwm, hbm, brl, algo)[0.0 0.0 1380.0 2.0], flag 29314
04-09 16:00:26.514 E/PERFHAL-PERFCTRL( 2187): PERFHAL-PERFCTRL: chk_core_online_poll_loop() 748: poll() has timed out for /sys/kernel/msm_performance/events/cpu_hotplug
04-09 16:00:26.514 E/PERFHAL-PERFCTRL( 2187): PERFHAL-PERFCTRL: chk_core_online_poll_loop() 743: Block on poll()
04-09 16:00:26.570 I/ChainTrace( 6825): stream type=syncEvent gapMs=1032 refreshMarket=true
04-09 16:00:26.581 D/healthd ( 2110): system healthd: battery l=65 v=4033 t=29.5 h=2 st=2 c=106 fc=6100000 cc=439 chg=u
04-09 16:00:26.582 I/SurfaceControl( 6825):  setExtendedRangeBrightness sc=Surface(name=)/@0x51f69f9,currentBufferRatio=1.0,desiredRatio=1.0
04-09 16:00:26.583 V/WindowManager( 3590): Relayout Window{f71f005 u0 com.binance.monitor}: viewVisibility=0, oldvis=0, req=315x379 , apr = 0, vsysui=, x=-1885, y=1068
04-09 16:00:26.583 D/InsetsSourceProvider( 3590): updateSourceFrameForServerVisibility mandatorySystemGestures EMPTY_RECT
04-09 16:00:26.584 D/InsetsSourceProvider( 3590): updateSourceFrameForServerVisibility mandatorySystemGestures EMPTY_RECT
04-09 16:00:26.587 D/ChargerInfo( 2280): getInfo: type: 0x1, update: 1
04-09 16:00:26.587 D/ChargerInfo( 2280): chargerInfoUpdateThread: update start
04-09 16:00:26.589 D/ChargerInfo( 2280): enableTx: path(/proc/wireless/enable_tx): not exist
04-09 16:00:26.589 D/ChargerInfo( 2280): wlsAdapterPower: path(/sys/class/oplus_chg/wireless/max_w_power): not exist
04-09 16:00:26.589 D/ChargerInfo( 2280): unknown: path(/sys/class/oplus_chg/ac/online) and backupPath(/sys/class/power_supply/ac/online) not exist
04-09 16:00:26.589 D/ChargerInfo( 2280): unknown: path(/sys/class/oplus_chg/ac/online) and backupPath(/sys/class/power_supply/ac/online) not exist
04-09 16:00:26.590 D/osense.compress( 3590): com.android.mms do shrink, target ratio = 89, final ratio = 90, cur ratio = 84
04-09 16:00:26.590 D/ChargerInfo( 2280): get_ui_charge_icon_type: [0 0] [0 0] 1
04-09 16:00:26.590 D/ChargerInfo( 2280): unknown: path(/sys/class/oplus_chg/ac/online) and backupPath(/sys/class/power_supply/ac/online) not exist
04-09 16:00:26.590 D/ChargerInfo( 2280): unknown: path(/sys/class/oplus_chg/ac/online) and backupPath(/sys/class/power_supply/ac/online) not exist
04-09 16:00:26.590 E/ChargerInfo( 2280): SingleHyperPath not found
04-09 16:00:26.590 D/ChargerInfo( 2280): chargerInfoUpdateThread: update end
04-09 16:00:26.590 D/ChargerInfo( 2280): chargerInfoUpdateThread: update wait
04-09 16:00:26.590 D/ChargerInfo( 2280): enableTx: path(/proc/wireless/enable_tx): not exist
04-09 16:00:26.591 D/ChargerInfo( 2280): wlsAdapterPower: path(/sys/class/oplus_chg/wireless/max_w_power): not exist
04-09 16:00:26.591 D/ChargerInfo( 2280): getInfo: {"Update":{"batteryFcc":5738,"batteryRm":3204,"bddLeakCurr":0,"bmsStatus":0,"bypassChgStatus":2,"chargeTimeRemaining":0,"cpaPower":2,"enableTx":"0","fastCharge":0,"isSupportSpeedCharge":0,"notifyCode":0,"otgOnline":1,"ppsChargePower":0,"ppsCharging":0,"shortCHwStatus":0,"shortIcOtpStatus":0,"uiIconType":0,"uiPower":0,"usbStatus":0,"wlsAdapterPower":0}}
04-09 16:00:26.593 D/BatteryStatsImplExtImpl( 3590): mActiveProcesses size = 51
04-09 16:00:26.595 I/SDM     ( 2181): DisplayBuiltIn::IdlePowerCollapse: IPC received, disabling partial update for one frame
04-09 16:00:26.603 D/RadioProxyJ[0](14034): [73279]> getRRCStatus
04-09 16:00:26.604 D/RadioProxyJ[1](14034): [73280]> getRRCStatus
04-09 16:00:26.604 D/QmiNasClient( 2727): getRRCStatus - enter
04-09 16:00:26.604 D/QmiNasClient( 3438): getRRCStatus - enter
04-09 16:00:26.606 D/QmiNasClient( 2727): getRRCStatus callback - enter
04-09 16:00:26.606 D/QmiNasClient( 2727): getRRCStatus result.rsp.rrcStatusInfo.rrcStatus = 0
04-09 16:00:26.606 D/NasProxy( 2727): handleMessage msg is 4001
04-09 16:00:26.606 D/RadioProxy( 2727): getRRCStatus : response cb for instance 0
04-09 16:00:26.606 D/QmiNasClient( 3438): getRRCStatus callback - enter
04-09 16:00:26.606 D/QmiNasClient( 3438): getRRCStatus result.rsp.rrcStatusInfo.rrcStatus = 0
04-09 16:00:26.606 D/NasProxy( 3438): handleMessage msg is 4001
04-09 16:00:26.606 D/RadioProxy( 3438): getRRCStatus : response cb for instance 1
04-09 16:00:26.606 D/RadioProxyJ[0](14034): [73279]< getRRCStatusResponse 0
04-09 16:00:26.606 D/RadioProxyJ[1](14034): [73280]< getRRCStatusResponse 0
04-09 16:00:26.607 D/CoexRfService(14034): report RRC state:false
04-09 16:00:26.684 I/SDM     ( 2181): DisplayBuiltIn::IdlePowerCollapse: IPC received, disabling partial update for one frame
04-09 16:00:26.701 I/SmartDataSwitchStateManager(13839): handle message:7
04-09 16:00:26.701 I/SmartDataSwitchSM(13839): [DisableState]Handle msg: 2
04-09 16:00:26.701 I/SmartDataSwitchSM(13839): [DisableState]handle state change, reason:DataScoreLow
04-09 16:00:26.763 I/SDM     ( 2181): DisplayBuiltIn::IdlePowerCollapse: IPC received, disabling partial update for one frame
04-09 16:00:26.769 E/CwbService( 2181): Panel not support apl read or getDisplayPanelAplValue timeout 10ms.
04-09 16:00:26.770 D/SensorFeature( 2258): name=ssc_screenshot_info ,index = 22
04-09 16:00:26.770 D/SensorFeature( 2258): write 39 bytes:768843309173614,768843363465020,29315,0
04-09 16:00:26.776 I/sensors-hal( 2113): handle_oplus_wise_rgb_event:161, wise_rgb: (18249)(cct, lux, ir)[5333.60, 217.76, 9.461685] (r, g, b, c)[7760.02, 5869.10, 2929.56, 16277.48]                 (pwm, hbm, brl, algo)[0.0 0.0 1380.0 2.0], flag 29315
04-09 16:00:26.822 I/AICCTModule( 3590): SensorFilter: brightness threshold 1.2 screenNit is 98.252 ave enviroment lux is 198.56183 luxForNit 94.90713demarcationPoint200.0 result is false
04-09 16:00:26.822 I/AICCTModule( 3590): SensorFilter: findSecondNearestValue, sensorValue: 5405.3228 nearestMaxValue:5400.715 secondNearestValue: 5400.715
04-09 16:00:26.822 I/AICCTModule( 3590): SensorFilter: findSecondNearestValue, sensorValue: 198.43858 nearestMaxValue:198.56183 secondNearestValue: 198.56183
04-09 16:00:26.897 I/vendor.qti.bluetooth@1.0-ibs_handler( 2103): ProcessIbsCmd: Received IBS_WAKE_IND: 0xFD
04-09 16:00:26.897 D/vendor.qti.bluetooth@1.0-ibs_handler( 2103): SerialClockVote: vote for UART CLK ON
04-09 16:00:26.898 D/vendor.qti.bluetooth@1.0-wake_lock( 2103): Acquire wakelock is acquired 
04-09 16:00:26.898 I/vendor.qti.bluetooth@1.0-ibs_handler( 2103): ProcessIbsCmd: Writing IBS_WAKE_ACK
04-09 16:00:26.901 D/OplusHansManager ( 3590): 25497/1002 to 23359/10344 | android.bluetooth.le.IScannerCallback | 2 reason default_unfreezeForKernel
04-09 16:00:26.953 I/vendor.qti.bluetooth@1.0-ibs_handler( 2103): ProcessIbsCmd: Received IBS_SLEEP_IND: 0xFE
04-09 16:00:26.953 D/vendor.qti.bluetooth@1.0-ibs_handler( 2103): SerialClockVote: vote for UART CLK OFF
04-09 16:00:27.070 D/BatteryChargeControl( 2280): bcc get no support from charging protocol
04-09 16:00:27.070 D/CommonApp-234-10512(14034): transport layer data is invalid
04-09 16:00:27.071 D/CommonApp-235-10512(14034): commonScoreStrategy scenarios low package
04-09 16:00:27.071 D/ScorePolicy(14034): handleScoreChanged: []
04-09 16:00:27.071 D/ScorePolicy(14034): handleScoreChanged: []
04-09 16:00:27.071 D/ScorePolicy(14034): handleScoreChanged: []
04-09 16:00:27.072 D/SensorFeature( 2258): name=ssc_screenshot_info ,index = 22
04-09 16:00:27.072 D/SensorFeature( 2258): write 39 bytes:768843309173614,768843675984603,29316,0
04-09 16:00:27.074 I/sensors-hal( 2113): handle_oplus_wise_rgb_event:189, high_pwm_light:lux 215.7,cct 5335.8,brl/algo/ir 1380.0/2.0/9.6,pwm/dc 0.0/0.0,rgbc 7755.038574/5858.105469/2907.485596/16230.850586,ts 768843572126962,cnt 18254,flag 29316
04-09 16:00:27.075 I/sensors-hal( 2113): handle_oplus_wise_rgb_event:161, wise_rgb: (18254)(cct, lux, ir)[5335.80, 215.70, 9.566840] (r, g, b, c)[7755.04, 5858.11, 2907.49, 16230.85]                 (pwm, hbm, brl, algo)[0.0 0.0 1380.0 2.0], flag 29316
04-09 16:00:27.075 D/FusionLightNextGen( 3590): process end reported = 1, mode: 0, cnt: 440900, lux 200.0, cct 5384.4, r/g/b/c: 7799.9/5897.7/2938.4/16326.4, R/G/B: 80.0/76.0/67.0, bri 1380.0, match 1.00, ir 0.008978, conf 5.0, ts 768843616406962
04-09 16:00:27.104 D/vendor.qti.bluetooth@1.0-wake_lock( 2103): Release wakelock is released 
04-09 16:00:27.308 I/sensors-hal( 2113): handle_oplus_wise_rgb_event:161, wise_rgb: (18259)(cct, lux, ir)[5321.94, 216.38, 9.295250] (r, g, b, c)[7742.58, 5866.90, 2920.73, 16228.52]                 (pwm, hbm, brl, algo)[0.0 0.0 1380.0 2.0], flag 29316
04-09 16:00:27.335 V/MonthTrafficAlert(13839): getWarningNotification subId:1 numWarningNotificaion:2
04-09 16:00:27.337 V/MonthTrafficAlert(13839): getWarningNotification subId:2 numWarningNotificaion:0
04-09 16:00:27.374 D/SensorFeature( 2258): name=ssc_screenshot_info ,index = 22
04-09 16:00:27.374 D/SensorFeature( 2258): write 39 bytes:768843309173614,768843977941374,29317,0
04-09 16:00:27.464 I/SDM     ( 2181): DisplayBuiltIn::IdlePowerCollapse: IPC received, disabling partial update for one frame
04-09 16:00:27.510 I/SDM     ( 2181): DisplayBuiltIn::IdlePowerCollapse: IPC received, disabling partial update for one frame
04-09 16:00:27.535 I/ChainTrace( 6825): stream type=syncEvent gapMs=966 refreshMarket=true
04-09 16:00:27.576 I/sensors-hal( 2113): handle_oplus_wise_rgb_event:189, high_pwm_light:lux 217.1,cct 5351.4,brl/algo/ir 1380.0/2.0/10.2,pwm/dc 0.0/0.0,rgbc 7819.830078/5902.102051/2964.884766/16354.412109,ts 768843917267795,cnt 18264,flag 29317
04-09 16:00:27.576 I/sensors-hal( 2113): handle_oplus_wise_rgb_event:161, wise_rgb: (18264)(cct, lux, ir)[5351.40, 217.11, 10.162527] (r, g, b, c)[7819.83, 5902.10, 2964.88, 16354.41]                 (pwm, hbm, brl, algo)[0.0 0.0 1380.0 2.0], flag 29317
04-09 16:00:27.598 I/SDM     ( 2181): DisplayBuiltIn::IdlePowerCollapse: IPC received, disabling partial update for one frame
