04-09 16:00:23.341 V/WindowManager( 3590):  numActivities=3 lastActiveTime=768839665 supportsSplitScreenMultiWindow=true supportsMultiWindow=true supportsPocketStudioMultiWindow=true isInFlexibleEmbedded = false uid = 10512 pid = 6825 resizeMode=1 isResizeable=true minWidth=-1 minHeight=-1 defaultMinSize=220 token=WCT{RemoteToken{de49eb9 Task{cb85077 #12920 type=standard A=10512:com.binance.monitor}}} topActivityType=1 pictureInPictureParams=null shouldDockBigOverlays=false launchIntoPipHostTaskId=-1 lastParentTaskIdBeforePip=-1 displayCutoutSafeInsets=Rect(0, 0 - 0, 0)
04-09 16:00:23.341 V/WindowManager( 3590):  topActivityInfo=ActivityInfo{14baa0b com.binance.monitor.ui.account.AccountStatsBridgeActivity} launchCookies=[android.os.BinderProxy@eee250d, android.os.BinderProxy@7df1b0f, android.os.BinderProxy@e413361] positionInParent=Point(0, 0) parentTaskId=-1 isFocused=true isVisible=true isVisibleRequested=true isTopActivityNoDisplay=false isSleeping=false locusId=null displayAreaFeatureId=1 isTopActivityTransparent=false isActivityStackTransparent=false lastNonFullscreenBounds=Rect(330, 828 - 935, 2092) capturedLink=null capturedLinkTimestamp=0 requestedVisibleTypes=-9 topActivityRequestOpenInBrowserEducationTimestamp=0
04-09 16:00:23.341 V/WindowManager( 3590):  appCompatTaskInfo=AppCompatTaskInfo { topActivityInSizeCompat=false topActivityInOplusCompatMode=false eligibleForLetterboxEducation= false isLetterboxEducationEnabled= false isLetterboxDoubleTapEnabled= false eligibleForUserAspectRatioButton= false topActivityBoundsLetterboxed= false isFromLetterboxDoubleTap= false topActivityLetterboxVerticalPosition= -1 topActivityLetterboxHorizontalPosition= -1 topActivityLetterboxWidth=-1 topActivityLetterboxHeight=-1 topActivityAppBounds=Rect(0, 140 - 1264, 2780) isUserFullscreenOverrideEnabled=false isSystemFullscreenOverrideEnabled=false hasMinAspectRatioOverride=false topActivityLetterboxBounds=null cameraCompatTaskInfo=CameraCompatTaskInfo { freeformCameraCompatMode=inactive}} topActivityMainWindowFrame=null topActivityLetterboxInsets=Rect(0, 0 - 0, 0)
04-09 16:00:23.341 V/WindowManager( 3590):  mOplusExtraBundle = Bundle[{androidx.flexible.taskFrame=Rect(0, 0 - 0, 0), topOpaqueSystemBarsAppearance=0, androidx.flexible.Alpha=1.0, androidx.activity.task.attach.blur=0, androidx.activity.LaunchInsensible=0, androidx.activity.LaunchCornerRadius=0, key_flexible_task_state=0, topActivitySupportAppInnerSplit=false, key_flexible_task_animating_type=-1, key_flexible_task_root_activity_processname=com.binance.monitor, androidx.activity.LaunchScenario=0, is_oplus_clone_task=false, flexible_super_mini_state=false, topRunningActivityHash=123011440, androidx.activity.LaunchScale=1.0, androidx.activity.LaunchShadowRadius=0, is_transient_hide_for_task_info=false, key_flexible_task_root_activity_pid=6825, key_flexible_task_root_activity_uid=10512}]}, pipChange = null, remoteTransition = null, displayChange = null, flags = 0, debugId = 23209 }
04-09 16:00:23.341 D/InsetsSourceProvider( 3590): updateSourceFrameForServerVisibility mandatorySystemGestures EMPTY_RECT
04-09 16:00:23.341 V/WindowManager( 3590):     startWCT=WindowContainerTransaction { changes= {} hops= [] errorCallbackToken=null taskFragmentOrganizer=null }
04-09 16:00:23.341 V/WindowManager( 3590):     info={id=23209 t=OPEN f=0x0 trk=0 r=[0@Point(0, 0)] c=[
04-09 16:00:23.341 V/WindowManager( 3590):         {m=TO_FRONT f=FILLS_TASK leash=Surface(name=ActivityRecord{123011440 u0 com.binance.monitor/.ui.account.AccountStatsBridgeActivity t12920})/@0x1611def sb=Rect(0, 0 - 1264, 2780) eb=Rect(0, 0 - 1264, 2780) epz=Point(1264, 2780) d=0 component=com.binance.monitor/.ui.account.AccountStatsBridgeActivity opt={t=CUSTOM enterResId=0 changeResId=0 exitResId=0 mUserId=0}},
04-09 16:00:23.341 V/WindowManager( 3590):         {m=TO_BACK f=FILLS_TASK leash=Surface(name=ActivityRecord{116339672 u0 com.binance.monitor/.ui.chart.MarketChartActivity t12920})/@0x6d35e49 sb=Rect(0, 0 - 1264, 2780) eb=Rect(0, 0 - 1264, 2780) epz=Point(1264, 2780) d=0 component=com.binance.monitor/.ui.chart.MarketChartActivity opt={t=CUSTOM enterResId=0 changeResId=0 exitResId=0 mUserId=0}}
04-09 16:00:23.341 V/WindowManager( 3590):     ] 
04-09 16:00:23.341 V/WindowManager( 3590): extendInfo=[
04-09 16:00:23.341 V/WindowManager( 3590):  OplusTransitionExtendedInfo{mTmpFinishT=null, mInOplusCompatMode=false, mIsProcessRunning=false, mHasMismatchBoundsTarget=false, mRecentsController=null, mRemoteTransition=null, mIsTranslucentActivityToHome=false, mAvoidInterceptKeyEventToHome=false, mIsFromHome=false, mParentLeash=null, mBackAnimClosingLeash=null, mIsOplusAnimRes=false, mKeepBgForContinuous=false, mIsBalAllow=false, mTaskNotInRecent=false, mIsPredictiveBackAnim=false, mIsMergedWithPredictive=false, mIsLaunchFromSpruce=false, mIsLaunchFromDrive=false, mGlobalSearchPageSwitch=false, mNeedNoAlphaGlobalSearchScene=false, mAssistScreenShowing=false, mSwipeUpBrowserScreenShowing=false, mUserIdTransition=-1
04-09 16:00:23.341 V/WindowManager( 3590): , mInRemoteScene=false, mInPreReady=false, mPreStart=false, mToken=null, mAbortByRemoteFromHome=false, mShellApplyToken=null, mRequestTransitionTaskId=12920, mAbortTransitionOnShell=0, mStartFromShortcut=false, mRemovedTaskId=-1, mTransitionInterruptType=0, mMergeSecondTaskId=-1, mTaskIdStartFromRecents=0, mTransitionId=23209, mCanUseSpringSlideAnim=false, mTransitionLaunchFrom=0, mFoldChangeType=-1, mAnimStartingPosition=[0, 0, 0, 0], mIsOpeningStkDialogActivity=false, mSecondaryHomeToFrontWhenUnFolding=false, mIsNeedApplyStartTForEmbedded=false
04-09 16:00:23.341 V/WindowManager( 3590): , mNeedCanvasExitAnim=false, mMergeSecondTaskAnimation=false, mIsLaunchUnityStart=false, mIsLaunchFromAssistantByDefault=false, mSkipRemoteTransitionfalse, mIsStartFromKeyguard=false flags=0x0, mWCT=null, mIsOpenMergeToInValidPredictive=false, mPromoteTaskWhenKeyguard-1, mRootLayerZOrderArray={}}]}
04-09 16:00:23.341 V/WindowManagerShell( 8338): onTransitionReady (#23209) android.os.BinderProxy@d09c357: {id=23209 t=OPEN f=0x0 trk=0 r=[0@Point(0, 0)] c=[
04-09 16:00:23.341 V/WindowManagerShell( 8338):         {m=TO_FRONT f=FILLS_TASK leash=Surface(name=ActivityRecord{123011440 u0 com.binance.monitor/.ui.account.AccountStatsBridgeActivity t12920})/@0xbda2862 sb=Rect(0, 0 - 1264, 2780) eb=Rect(0, 0 - 1264, 2780) epz=Point(1264, 2780) d=0 component=com.binance.monitor/.ui.account.AccountStatsBridgeActivity opt={t=CUSTOM enterResId=0 changeResId=0 exitResId=0 mUserId=0}},
04-09 16:00:23.341 V/WindowManagerShell( 8338):         {m=TO_BACK f=FILLS_TASK leash=Surface(name=ActivityRecord{116339672 u0 com.binance.monitor/.ui.chart.MarketChartActivity t12920})/@0x1fd3df3 sb=Rect(0, 0 - 1264, 2780) eb=Rect(0, 0 - 1264, 2780) epz=Point(1264, 2780) d=0 component=com.binance.monitor/.ui.chart.MarketChartActivity opt={t=CUSTOM enterResId=0 changeResId=0 exitResId=0 mUserId=0}}
04-09 16:00:23.341 V/WindowManagerShell( 8338):     ] 
04-09 16:00:23.341 V/WindowManagerShell( 8338): extendInfo=[
04-09 16:00:23.341 V/WindowManagerShell( 8338):  OplusTransitionExtendedInfo{mTmpFinishT=null, mInOplusCompatMode=false, mIsProcessRunning=false, mHasMismatchBoundsTarget=false, mRecentsController=null, mRemoteTransition=null, mIsTranslucentActivityToHome=false, mAvoidInterceptKeyEventToHome=false, mIsFromHome=false, mParentLeash=null, mBackAnimClosingLeash=null, mIsOplusAnimRes=false, mKeepBgForContinuous=false, mIsBalAllow=false, mTaskNotInRecent=false, mIsPredictiveBackAnim=false, mIsMergedWithPredictive=false, mIsLaunchFromSpruce=false, mIsLaunchFromDrive=false, mGlobalSearchPageSwitch=false, mNeedNoAlphaGlobalSearchScene=false, mAssistScreenShowing=false, mSwipeUpBrowserScreenShowing=false, mUserIdTransition=-1
04-09 16:00:23.341 V/WindowManagerShell( 8338): , mInRemoteScene=false, mInPreReady=false, mPreStart=false, mToken=null, mAbortByRemoteFromHome=false, mShellApplyToken=null, mRequestTransitionTaskId=12920, mAbortTransitionOnShell=0, mStartFromShortcut=false, mRemovedTaskId=-1, mTransitionInterruptType=0, mMergeSecondTaskId=-1, mTaskIdStartFromRecents=0, mTransitionId=23209, mCanUseSpringSlideAnim=false, mTransitionLaunchFrom=0, mFoldChangeType=-1, mAnimStartingPosition=[0, 0, 0, 0], mIsOpeningStkDialogActivity=false, mSecondaryHomeToFrontWhenUnFolding=false, mIsNeedApplyStartTForEmbedded=false
04-09 16:00:23.341 V/WindowManagerShell( 8338): , mNeedCanvasExitAnim=false, mMergeSecondTaskAnimation=false, mIsLaunchUnityStart=false, mIsLaunchFromAssistantByDefault=false, mSkipRemoteTransitionfalse, mIsStartFromKeyguard=false flags=0x0, mWCT=null, mIsOpenMergeToInValidPredictive=false, mPromoteTaskWhenKeyguard-1, mRootLayerZOrderArray={}}]}
04-09 16:00:23.341 D/OplusShellTransition( 8338): dispatchReady, active:(#23209) android.os.BinderProxy@d09c357@0, isSync=false, track:com.android.wm.shell.transition.Transitions$Track@f3fa59b
04-09 16:00:23.341 D/OplusShellTransition( 8338): Abort transition (#23209) android.os.BinderProxy@d09c357@0 WMCore requested. reason: 0; abortTransition: false
04-09 16:00:23.341 D/InsetsSourceProvider( 3590): updateSourceFrameForServerVisibility mandatorySystemGestures EMPTY_RECT
04-09 16:00:23.341 V/WindowManagerShell( 8338): Playing animation for (#23209) android.os.BinderProxy@d09c357@0
04-09 16:00:23.341 V/ShellRecents( 8338): RecentsTransitionHandler.startAnimation: no controller found
04-09 16:00:23.341 V/WindowManagerShell( 8338): start OnePuttTransition animation, info = {id=23209 t=OPEN f=0x0 trk=0 r=[0@Point(0, 0)] c=[{m=TO_FRONT f=FILLS_TASK leash=Surface(name=ActivityRecord{123011440 u0 com.binance.monitor/.ui.account.AccountStatsBridgeActivity t12920})/@0xbda2862 sb=Rect(0, 0 - 1264, 2780) eb=Rect(0, 0 - 1264, 2780) epz=Point(1264, 2780) d=0 component=com.binance.monitor/.ui.account.AccountStatsBridgeActivity opt={t=CUSTOM enterResId=0 changeResId=0 exitResId=0 mUserId=0}},{m=TO_BACK f=FILLS_TASK leash=Surface(name=ActivityRecord{116339672 u0 com.binance.monitor/.ui.chart.MarketChartActivity t12920})/@0x1fd3df3 sb=Rect(0, 0 - 1264, 2780) eb=Rect(0, 0 - 1264, 2780) epz=Point(1264, 2780) d=0 component=com.binance.monitor/.ui.chart.MarketChartActivity opt={t=CUSTOM enterResId=0 changeResId=0 exitResId=0 mUserId=0}}] 
04-09 16:00:23.341 V/WindowManagerShell( 8338): extendInfo=[
04-09 16:00:23.341 V/WindowManagerShell( 8338):  OplusTransitionExtendedInfo{mTmpFinishT=null, mInOplusCompatMode=false, mIsProcessRunning=false, mHasMismatchBoundsTarget=false, mRecentsController=null, mRemoteTransition=null, mIsTranslucentActivityToHome=false, mAvoidInterceptKeyEventToHome=false, mIsFromHome=false, mParentLeash=null, mBackAnimClosingLeash=null, mIsOplusAnimRes=false, mKeepBgForContinuous=false, mIsBalAllow=false, mTaskNotInRecent=false, mIsPredictiveBackAnim=false, mIsMergedWithPredictive=false, mIsLaunchFromSpruce=false, mIsLaunchFromDrive=false, mGlobalSearchPageSwitch=false, mNeedNoAlphaGlobalSearchScene=false, mAssistScreenShowing=false, mSwipeUpBrowserScreenShowing=false, mUserIdTransition=-1
04-09 16:00:23.341 V/WindowManagerShell( 8338): , mInRemoteScene=false, mInPreReady=false, mPreStart=false, mToken=null, mAbortByRemoteFromHome=false, mShellApplyToken=null, mRequestTransitionTaskId=12920, mAbortTransitionOnShell=0, mStartFromShortcut=false, mRemovedTaskId=-1, mTransitionInterruptType=0, mMergeSecondTaskId=-1, mTaskIdStartFromRecents=0, mTransitionId=23209, mCanUseSpringSlideAnim=false, mTransitionLaunchFrom=0, mFoldChangeType=-1, mAnimStartingPosition=[0, 0, 0, 0], mIsOpeningStkDialogActivity=false, mSecondaryHomeToFrontWhenUnFolding=false, mIsNeedApplyStartTForEmbedded=false
04-09 16:00:23.341 V/WindowManagerShell( 8338): , mNeedCanvasExitAnim=false, mMergeSecondTaskAnimation=false, mIsLaunchUnityStart=false, mIsLaunchFromAssistantByDefault=false, mSkipRemoteTransitionfalse, mIsStartFromKeyguard=false flags=0x0, mWCT=null, mIsOpenMergeToInValidPredictive=false, mPromoteTaskWhenKeyguard-1, mRootLayerZOrderArray={}}]}
04-09 16:00:23.341 D/FlexibleTaskTransitionHandler( 8338):  performAnimation transition:android.os.BinderProxy@d09c357 ,info:{id=23209 t=OPEN f=0x0 trk=0 r=[0@Point(0, 0)] c=[{m=TO_FRONT f=FILLS_TASK leash=Surface(name=ActivityRecord{123011440 u0 com.binance.monitor/.ui.account.AccountStatsBridgeActivity t12920})/@0xbda2862 sb=Rect(0, 0 - 1264, 2780) eb=Rect(0, 0 - 1264, 2780) epz=Point(1264, 2780) d=0 component=com.binance.monitor/.ui.account.AccountStatsBridgeActivity opt={t=CUSTOM enterResId=0 changeResId=0 exitResId=0 mUserId=0}},{m=TO_BACK f=FILLS_TASK leash=Surface(name=ActivityRecord{116339672 u0 com.binance.monitor/.ui.chart.MarketChartActivity t12920})/@0x1fd3df3 sb=Rect(0, 0 - 1264, 2780) eb=Rect(0, 0 - 1264, 2780) epz=Point(1264, 2780) d=0 component=com.binance.monitor/.ui.chart.MarketChartActivity opt={t=CUSTOM enterResId=0 changeResId=0 exitResId=0 mUserId=0}}] 
04-09 16:00:23.341 D/FlexibleTaskTransitionHandler( 8338): extendInfo=[
04-09 16:00:23.341 D/FlexibleTaskTransitionHandler( 8338):  OplusTransitionExtendedInfo{mTmpFinishT=null, mInOplusCompatMode=false, mIsProcessRunning=false, mHasMismatchBoundsTarget=false, mRecentsController=null, mRemoteTransition=null, mIsTranslucentActivityToHome=false, mAvoidInterceptKeyEventToHome=false, mIsFromHome=false, mParentLeash=null, mBackAnimClosingLeash=null, mIsOplusAnimRes=false, mKeepBgForContinuous=false, mIsBalAllow=false, mTaskNotInRecent=false, mIsPredictiveBackAnim=false, mIsMergedWithPredictive=false, mIsLaunchFromSpruce=false, mIsLaunchFromDrive=false, mGlobalSearchPageSwitch=false, mNeedNoAlphaGlobalSearchScene=false, mAssistScreenShowing=false, mSwipeUpBrowserScreenShowing=false, mUserIdTransition=-1
04-09 16:00:23.341 D/FlexibleTaskTransitionHandler( 8338): , mInRemoteScene=false, mInPreReady=false, mPreStart=false, mToken=null, mAbortByRemoteFromHome=false, mShellApplyToken=null, mRequestTransitionTaskId=12920, mAbortTransitionOnShell=0, mStartFromShortcut=false, mRemovedTaskId=-1, mTransitionInterruptType=0, mMergeSecondTaskId=-1, mTaskIdStartFromRecents=0, mTransitionId=23209, mCanUseSpringSlideAnim=false, mTransitionLaunchFrom=0, mFoldChangeType=-1, mAnimStartingPosition=[0, 0, 0, 0], mIsOpeningStkDialogActivity=false, mSecondaryHomeToFrontWhenUnFolding=false, mIsNeedApplyStartTForEmbedded=false
04-09 16:00:23.341 D/FlexibleTaskTransitionHandler( 8338): , mNeedCanvasExitAnim=false, mMergeSecondTaskAnimation=false, mIsLaunchUnityStart=false, mIsLaunchFromAssistantByDefault=false, mSkipRemoteTransitionfalse, mIsStartFromKeyguard=false flags=0x0, mWCT=null, mIsOpenMergeToInValidPredictive=false, mPromoteTaskWhenKeyguard-1, mRootLayerZOrderArray={}}]}
04-09 16:00:23.342 D/FlexibleTaskTransitionHandler( 8338):  no need handler this transitionInfo: {id=23209 t=OPEN f=0x0 trk=0 r=[0@Point(0, 0)] c=[{m=TO_FRONT f=FILLS_TASK leash=Surface(name=ActivityRecord{123011440 u0 com.binance.monitor/.ui.account.AccountStatsBridgeActivity t12920})/@0xbda2862 sb=Rect(0, 0 - 1264, 2780) eb=Rect(0, 0 - 1264, 2780) epz=Point(1264, 2780) d=0 component=com.binance.monitor/.ui.account.AccountStatsBridgeActivity opt={t=CUSTOM enterResId=0 changeResId=0 exitResId=0 mUserId=0}},{m=TO_BACK f=FILLS_TASK leash=Surface(name=ActivityRecord{116339672 u0 com.binance.monitor/.ui.chart.MarketChartActivity t12920})/@0x1fd3df3 sb=Rect(0, 0 - 1264, 2780) eb=Rect(0, 0 - 1264, 2780) epz=Point(1264, 2780) d=0 component=com.binance.monitor/.ui.chart.MarketChartActivity opt={t=CUSTOM enterResId=0 changeResId=0 exitResId=0 mUserId=0}}] 
04-09 16:00:23.342 D/FlexibleTaskTransitionHandler( 8338): extendInfo=[
04-09 16:00:23.342 D/FlexibleTaskTransitionHandler( 8338):  OplusTransitionExtendedInfo{mTmpFinishT=null, mInOplusCompatMode=false, mIsProcessRunning=false, mHasMismatchBoundsTarget=false, mRecentsController=null, mRemoteTransition=null, mIsTranslucentActivityToHome=false, mAvoidInterceptKeyEventToHome=false, mIsFromHome=false, mParentLeash=null, mBackAnimClosingLeash=null, mIsOplusAnimRes=false, mKeepBgForContinuous=false, mIsBalAllow=false, mTaskNotInRecent=false, mIsPredictiveBackAnim=false, mIsMergedWithPredictive=false, mIsLaunchFromSpruce=false, mIsLaunchFromDrive=false, mGlobalSearchPageSwitch=false, mNeedNoAlphaGlobalSearchScene=false, mAssistScreenShowing=false, mSwipeUpBrowserScreenShowing=false, mUserIdTransition=-1
04-09 16:00:23.342 D/FlexibleTaskTransitionHandler( 8338): , mInRemoteScene=false, mInPreReady=false, mPreStart=false, mToken=null, mAbortByRemoteFromHome=false, mShellApplyToken=null, mRequestTransitionTaskId=12920, mAbortTransitionOnShell=0, mStartFromShortcut=false, mRemovedTaskId=-1, mTransitionInterruptType=0, mMergeSecondTaskId=-1, mTaskIdStartFromRecents=0, mTransitionId=23209, mCanUseSpringSlideAnim=false, mTransitionLaunchFrom=0, mFoldChangeType=-1, mAnimStartingPosition=[0, 0, 0, 0], mIsOpeningStkDialogActivity=false, mSecondaryHomeToFrontWhenUnFolding=false, mIsNeedApplyStartTForEmbedded=false
04-09 16:00:23.342 D/FlexibleTaskTransitionHandler( 8338): , mNeedCanvasExitAnim=false, mMergeSecondTaskAnimation=false, mIsLaunchUnityStart=false, mIsLaunchFromAssistantByDefault=false, mSkipRemoteTransitionfalse, mIsStartFromKeyguard=false flags=0x0, mWCT=null, mIsOpenMergeToInValidPredictive=false, mPromoteTaskWhenKeyguard-1, mRootLayerZOrderArray={}}]}
04-09 16:00:23.342 V/WindowManagerShell( 8338): Transition doesn't have explicit remote, search filters for match for {id=23209 t=OPEN f=0x0 trk=0 r=[0@Point(0, 0)] c=[{m=TO_FRONT f=FILLS_TASK leash=Surface(name=ActivityRecord{123011440 u0 com.binance.monitor/.ui.account.AccountStatsBridgeActivity t12920})/@0xbda2862 sb=Rect(0, 0 - 1264, 2780) eb=Rect(0, 0 - 1264, 2780) epz=Point(1264, 2780) d=0 component=com.binance.monitor/.ui.account.AccountStatsBridgeActivity opt={t=CUSTOM enterResId=0 changeResId=0 exitResId=0 mUserId=0}},{m=TO_BACK f=FILLS_TASK leash=Surface(name=ActivityRecord{116339672 u0 com.binance.monitor/.ui.chart.MarketChartActivity t12920})/@0x1fd3df3 sb=Rect(0, 0 - 1264, 2780) eb=Rect(0, 0 - 1264, 2780) epz=Point(1264, 2780) d=0 component=com.binance.monitor/.ui.chart.MarketChartActivity opt={t=CUSTOM enterResId=0 changeResId=0 exitResId=0 mUserId=0}}] 
04-09 16:00:23.342 V/WindowManagerShell( 8338): extendInfo=[
04-09 16:00:23.342 V/WindowManagerShell( 8338):  OplusTransitionExtendedInfo{mTmpFinishT=null, mInOplusCompatMode=false, mIsProcessRunning=false, mHasMismatchBoundsTarget=false, mRecentsController=null, mRemoteTransition=null, mIsTranslucentActivityToHome=false, mAvoidInterceptKeyEventToHome=false, mIsFromHome=false, mParentLeash=null, mBackAnimClosingLeash=null, mIsOplusAnimRes=false, mKeepBgForContinuous=false, mIsBalAllow=false, mTaskNotInRecent=false, mIsPredictiveBackAnim=false, mIsMergedWithPredictive=false, mIsLaunchFromSpruce=false, mIsLaunchFromDrive=false, mGlobalSearchPageSwitch=false, mNeedNoAlphaGlobalSearchScene=false, mAssistScreenShowing=false, mSwipeUpBrowserScreenShowing=false, mUserIdTransition=-1
04-09 16:00:23.342 V/WindowManagerShell( 8338): , mInRemoteScene=false, mInPreReady=false, mPreStart=false, mToken=null, mAbortByRemoteFromHome=false, mShellApplyToken=null, mRequestTransitionTaskId=12920, mAbortTransitionOnShell=0, mStartFromShortcut=false, mRemovedTaskId=-1, mTransitionInterruptType=0, mMergeSecondTaskId=-1, mTaskIdStartFromRecents=0, mTransitionId=23209, mCanUseSpringSlideAnim=false, mTransitionLaunchFrom=0, mFoldChangeType=-1, mAnimStartingPosition=[0, 0, 0, 0], mIsOpeningStkDialogActivity=false, mSecondaryHomeToFrontWhenUnFolding=false, mIsNeedApplyStartTForEmbedded=false
04-09 16:00:23.342 V/WindowManagerShell( 8338): , mNeedCanvasExitAnim=false, mMergeSecondTaskAnimation=false, mIsLaunchUnityStart=false, mIsLaunchFromAssistantByDefault=false, mSkipRemoteTransitionfalse, mIsStartFromKeyguard=false flags=0x0, mWCT=null, mIsOpenMergeToInValidPredictive=false, mPromoteTaskWhenKeyguard-1, mRootLayerZOrderArray={}}]}
04-09 16:00:23.342 D/ViewRootImplExtImpl( 6825): markOnDumpStart, intervalTime from last scheduleTraversals is 768839946
04-09 16:00:23.342 V/WindowManagerShell( 8338):  Checking filter Pair{{types=[] flags=0x0] notFlags=0x100 checks=[{atype=home independent=true modes=[OPEN,TO_FRONT] flags=NONE mustBeTask=false order=TOP topActivity=ComponentInfo{com.android.launcher/com.android.launcher.Launcher} launchCookie=null windowingMode=undefined},{atype=standard independent=true modes=[CLOSE,TO_BACK] flags=NONE mustBeTask=false order=ANY topActivity=null launchCookie=null windowingMode=undefined}]} RemoteTransition { remoteTransition = android.window.IRemoteTransition$Stub$Proxy@a5bfc11, appThread = android.app.IApplicationThread$Stub$Proxy@61db176, debugName = QuickstepLaunchHome }}
04-09 16:00:23.342 V/WindowManagerShell( 8338):  Delegate animation for (#23209) to null
04-09 16:00:23.342 I/OplusSystemUINavigationGesture( 6825): dump systemGestureExclusionChanged = com.binance.monitor ,rect = SkRegion()
04-09 16:00:23.342 V/WindowManagerShell( 8338): start default transition animation, info = {id=23209 t=OPEN f=0x0 trk=0 r=[0@Point(0, 0)] c=[{m=TO_FRONT f=FILLS_TASK leash=Surface(name=ActivityRecord{123011440 u0 com.binance.monitor/.ui.account.AccountStatsBridgeActivity t12920})/@0xbda2862 sb=Rect(0, 0 - 1264, 2780) eb=Rect(0, 0 - 1264, 2780) epz=Point(1264, 2780) d=0 component=com.binance.monitor/.ui.account.AccountStatsBridgeActivity opt={t=CUSTOM enterResId=0 changeResId=0 exitResId=0 mUserId=0}},{m=TO_BACK f=FILLS_TASK leash=Surface(name=ActivityRecord{116339672 u0 com.binance.monitor/.ui.chart.MarketChartActivity t12920})/@0x1fd3df3 sb=Rect(0, 0 - 1264, 2780) eb=Rect(0, 0 - 1264, 2780) epz=Point(1264, 2780) d=0 component=com.binance.monitor/.ui.chart.MarketChartActivity opt={t=CUSTOM enterResId=0 changeResId=0 exitResId=0 mUserId=0}}] 
04-09 16:00:23.342 V/WindowManagerShell( 8338): extendInfo=[
04-09 16:00:23.342 V/WindowManagerShell( 8338):  OplusTransitionExtendedInfo{mTmpFinishT=null, mInOplusCompatMode=false, mIsProcessRunning=false, mHasMismatchBoundsTarget=false, mRecentsController=null, mRemoteTransition=null, mIsTranslucentActivityToHome=false, mAvoidInterceptKeyEventToHome=false, mIsFromHome=false, mParentLeash=null, mBackAnimClosingLeash=null, mIsOplusAnimRes=false, mKeepBgForContinuous=false, mIsBalAllow=false, mTaskNotInRecent=false, mIsPredictiveBackAnim=false, mIsMergedWithPredictive=false, mIsLaunchFromSpruce=false, mIsLaunchFromDrive=false, mGlobalSearchPageSwitch=false, mNeedNoAlphaGlobalSearchScene=false, mAssistScreenShowing=false, mSwipeUpBrowserScreenShowing=false, mUserIdTransition=-1
04-09 16:00:23.342 V/WindowManagerShell( 8338): , mInRemoteScene=false, mInPreReady=false, mPreStart=false, mToken=null, mAbortByRemoteFromHome=false, mShellApplyToken=null, mRequestTransitionTaskId=12920, mAbortTransitionOnShell=0, mStartFromShortcut=false, mRemovedTaskId=-1, mTransitionInterruptType=0, mMergeSecondTaskId=-1, mTaskIdStartFromRecents=0, mTransitionId=23209, mCanUseSpringSlideAnim=false, mTransitionLaunchFrom=0, mFoldChangeType=-1, mAnimStartingPosition=[0, 0, 0, 0], mIsOpeningStkDialogActivity=false, mSecondaryHomeToFrontWhenUnFolding=false, mIsNeedApplyStartTForEmbedded=false
04-09 16:00:23.342 V/WindowManagerShell( 8338): , mNeedCanvasExitAnim=false, mMergeSecondTaskAnimation=false, mIsLaunchUnityStart=false, mIsLaunchFromAssistantByDefault=false, mSkipRemoteTransitionfalse, mIsStartFromKeyguard=false flags=0x0, mWCT=null, mIsOpenMergeToInValidPredictive=false, mPromoteTaskWhenKeyguard-1, mRootLayerZOrderArray={}}]}
04-09 16:00:23.342 D/FSS_OplusFoldSwitchStateObserver( 8338): cancelAnimationIfNeedWhenFolding: foldChangeType = -1
04-09 16:00:23.342 D/ViewRootImplExtImpl( 6825): markOnDumpStart, intervalTime from last scheduleTraversals is 768839947
04-09 16:00:23.342 I/OplusSystemUINavigationGesture( 6825): dump systemGestureExclusionChanged = com.binance.monitor ,rect = SkRegion()
04-09 16:00:23.342 D/OplusShellTransition( 8338): canCustomizeAppTransition, isGlobalSearchPageSwitch = false, swipeUpBrowserPageSwitch = false, onlyHasTranslucentActivity = false, pkgName = com.binance.monitor
04-09 16:00:23.342 D/OplusShellTransition( 8338): This page has its own override animation, enterResId = 0, closeResId = 0, pkgName = com.binance.monitor
04-09 16:00:23.342 D/OplusShellTransition( 8338): checkAndLoadCustomAnimation packageName =:com.binance.monitor,transit =:2,enter =:false,animResId =:0
04-09 16:00:23.342 D/OplusShellTransition( 8338): canCustomizeAppTransition, isGlobalSearchPageSwitch = false, swipeUpBrowserPageSwitch = false, onlyHasTranslucentActivity = false, pkgName = com.binance.monitor
04-09 16:00:23.342 D/OplusShellTransition( 8338): This page has its own override animation, enterResId = 0, closeResId = 0, pkgName = com.binance.monitor
04-09 16:00:23.342 D/OplusShellTransition( 8338): checkAndLoadCustomAnimation packageName =:com.binance.monitor,transit =:2,enter =:true,animResId =:0
04-09 16:00:23.342 D/OplusShellTransition( 8338): addBackgroundColorOnTask, , isTaskLevelTransition = false, hasBgAlready = false
04-09 16:00:23.343 D/OplusShellTransition( 8338): DefaultTransitionHandler#onAnimFinish=> transition=android.os.BinderProxy@d09c357, backAnimContinue=false
04-09 16:00:23.343 V/WindowManagerShell( 8338): Transition animation finished (aborted=false), notifying core (#23209) android.os.BinderProxy@d09c357@0
04-09 16:00:23.343 D/SplitScreen-->AppLockManager( 8338): setStartFromSafeControl mStartFromSafeControl=false
04-09 16:00:23.343 D/ShellTaskOrganizerExt( 8338): adjust change for exiting mini task: -1
04-09 16:00:23.343 D/ViewExtraInfo( 6825): ViewExtraInfoHelper : android.view.debug.OplusViewExtraInfoHelper@a4b3b71
04-09 16:00:23.344 D/Transition( 3590): finishTransition ar ActivityRecord{116339672 u0 com.binance.monitor/.ui.chart.MarketChartActivity t12920}, isVisibleRequested=false, state=PAUSED, visibleAtTransitionEndTokens={ActivityRecord{123011440 u0 com.binance.monitor/.ui.account.AccountStatsBridgeActivity t12920}}, this=TransitionRecord{9986518 id=23209 track=0 type=OPEN flags=0x0 state=2 c=[
04-09 16:00:23.344 D/Transition( 3590):    ChangeInfo{d408b71 container=Display{#0 state=ON size=1264x2780 ROTATION_0} flags=0x0}
04-09 16:00:23.344 D/Transition( 3590):    ChangeInfo{dc75df container=ActivityRecord{116339672 u0 com.binance.monitor/.ui.chart.MarketChartActivity t12920} flags=0x0}
04-09 16:00:23.344 D/Transition( 3590):    ChangeInfo{3ccdc7e container=ActivityRecord{123011440 u0 com.binance.monitor/.ui.account.AccountStatsBridgeActivity t12920} flags=0x0}
04-09 16:00:23.344 D/Transition( 3590):    ChangeInfo{95dfd56 container=DefaultTaskDisplayArea@136308155 flags=0x0}
04-09 16:00:23.344 D/Transition( 3590):    ChangeInfo{6b941d7 container=Task{cb85077 #12920 type=standard A=10512:com.binance.monitor} flags=0x0}
04-09 16:00:23.344 D/Transition( 3590):    ChangeInfo{23abac4 container=ActivityRecord{266610199 u0 com.binance.monitor/.ui.account.AccountStatsBridgeActivity t-1} flags=0x0}
04-09 16:00:23.344 D/Transition( 3590): ]
04-09 16:00:23.344 D/Transition( 3590): }
04-09 16:00:23.344 D/ActivityTaskManager( 3590): commitVisibility: ActivityRecord{116339672 u0 com.binance.monitor/.ui.chart.MarketChartActivity t12920}: visible=false visibleRequested=false, isInTransition=false 
04-09 16:00:23.344 D/WindowManager( 3590): NFW_setClientVisible:ActivityRecord{116339672 u0 com.binance.monitor/.ui.chart.MarketChartActivity t12920} clientVisible:false
04-09 16:00:23.344 I/WindowManager( 3590): Window{734657f u0 com.binance.monitor/com.binance.monitor.ui.chart.MarketChartActivity} state from HAS_DRAWN to DRAW_PENDING; reason: resetDrawState
04-09 16:00:23.344 D/Transition( 3590): finishTransition ar ActivityRecord{123011440 u0 com.binance.monitor/.ui.account.AccountStatsBridgeActivity t12920}, isVisibleRequested=true, state=RESUMED, visibleAtTransitionEndTokens={ActivityRecord{123011440 u0 com.binance.monitor/.ui.account.AccountStatsBridgeActivity t12920}}, this=TransitionRecord{9986518 id=23209 track=0 type=OPEN flags=0x0 state=2 c=[
04-09 16:00:23.344 D/Transition( 3590):    ChangeInfo{d408b71 container=Display{#0 state=ON size=1264x2780 ROTATION_0} flags=0x0}
04-09 16:00:23.344 D/Transition( 3590):    ChangeInfo{dc75df container=ActivityRecord{116339672 u0 com.binance.monitor/.ui.chart.MarketChartActivity t12920} flags=0x0}
04-09 16:00:23.344 D/Transition( 3590):    ChangeInfo{3ccdc7e container=ActivityRecord{123011440 u0 com.binance.monitor/.ui.account.AccountStatsBridgeActivity t12920} flags=0x0}
04-09 16:00:23.344 D/Transition( 3590):    ChangeInfo{95dfd56 container=DefaultTaskDisplayArea@136308155 flags=0x0}
04-09 16:00:23.344 D/Transition( 3590):    ChangeInfo{6b941d7 container=Task{cb85077 #12920 type=standard A=10512:com.binance.monitor} flags=0x0}
04-09 16:00:23.344 D/Transition( 3590):    ChangeInfo{23abac4 container=ActivityRecord{266610199 u0 com.binance.monitor/.ui.account.AccountStatsBridgeActivity t-1} flags=0x0}
04-09 16:00:23.344 D/Transition( 3590): ]
04-09 16:00:23.344 D/Transition( 3590): }
04-09 16:00:23.344 D/VRI[MarketChartActivity]( 6825): dispatchAppVisibility visible:false mUpcomingWindowFocus:false
04-09 16:00:23.344 I/OplusAppSwitchManagerService( 3590):  handleAppVisible , r = ActivityRecord{123011440 u0 com.binance.monitor/.ui.account.AccountStatsBridgeActivity t12920}
04-09 16:00:23.344 D/OplusTransitionController( 3590): finishTransition, transition: TransitionRecord{9986518 id=23209 track=0 type=OPEN flags=0x0 state=4 c=[
04-09 16:00:23.344 D/OplusTransitionController( 3590):    ChangeInfo{d408b71 container=Display{#0 state=ON size=1264x2780 ROTATION_0} flags=0x0}
04-09 16:00:23.344 D/OplusTransitionController( 3590):    ChangeInfo{dc75df container=ActivityRecord{116339672 u0 com.binance.monitor/.ui.chart.MarketChartActivity t12920} flags=0x0}
04-09 16:00:23.344 D/OplusTransitionController( 3590):    ChangeInfo{3ccdc7e container=ActivityRecord{123011440 u0 com.binance.monitor/.ui.account.AccountStatsBridgeActivity t12920} flags=0x0}
04-09 16:00:23.344 D/OplusTransitionController( 3590):    ChangeInfo{95dfd56 container=DefaultTaskDisplayArea@136308155 flags=0x0}
04-09 16:00:23.344 D/OplusTransitionController( 3590):    ChangeInfo{6b941d7 container=Task{cb85077 #12920 type=standard A=10512:com.binance.monitor} flags=0x0}
04-09 16:00:23.344 D/OplusTransitionController( 3590):    ChangeInfo{23abac4 container=ActivityRecord{266610199 u0 com.binance.monitor/.ui.account.AccountStatsBridgeActivity t-1} flags=0x0}
04-09 16:00:23.344 D/OplusTransitionController( 3590): ]
04-09 16:00:23.344 D/OplusTransitionController( 3590): }
04-09 16:00:23.344 D/FlexibleTaskTransitionController( 3590):  finishTransition pendingRecentToFlexibleTask:null,isRotationTransition:false ,pendingRecentToFlexible:null ,transition:TransitionRecord{9986518 id=23209 track=0 type=OPEN flags=0x0 state=4 c=[
04-09 16:00:23.344 D/FlexibleTaskTransitionController( 3590):    ChangeInfo{d408b71 container=Display{#0 state=ON size=1264x2780 ROTATION_0} flags=0x0}
04-09 16:00:23.344 D/FlexibleTaskTransitionController( 3590):    ChangeInfo{dc75df container=ActivityRecord{116339672 u0 com.binance.monitor/.ui.chart.MarketChartActivity t12920} flags=0x0}
04-09 16:00:23.344 D/FlexibleTaskTransitionController( 3590):    ChangeInfo{3ccdc7e container=ActivityRecord{123011440 u0 com.binance.monitor/.ui.account.AccountStatsBridgeActivity t12920} flags=0x0}
04-09 16:00:23.344 D/FlexibleTaskTransitionController( 3590):    ChangeInfo{95dfd56 container=DefaultTaskDisplayArea@136308155 flags=0x0}
04-09 16:00:23.344 D/FlexibleTaskTransitionController( 3590):    ChangeInfo{6b941d7 container=Task{cb85077 #12920 type=standard A=10512:com.binance.monitor} flags=0x0}
04-09 16:00:23.344 D/FlexibleTaskTransitionController( 3590):    ChangeInfo{23abac4 container=ActivityRecord{266610199 u0 com.binance.monitor/.ui.account.AccountStatsBridgeActivity t-1} flags=0x0}
04-09 16:00:23.344 D/FlexibleTaskTransitionController( 3590): ]
04-09 16:00:23.344 D/FlexibleTaskTransitionController( 3590): }
04-09 16:00:23.345 D/TransitionControllerExtImpl( 3590): NFW_send RECOMPUTE_FOCUS in finishTransition
04-09 16:00:23.345 D/ShellTaskOrganizer( 8338): onTransitionFinish, isRecent:false
04-09 16:00:23.345 V/WindowManagerShell( 8338): Track 0 became idle
04-09 16:00:23.345 V/WindowManagerShell( 8338): All active transition animations finished
04-09 16:00:23.345 V/WindowManagerShell( 8338):  animated by com.android.wm.shell.transition.DefaultTransitionHandler@423c8cd
04-09 16:00:23.345 D/OplusShellTransition( 8338): dispatchTransition, animated mHandler: com.android.wm.shell.transition.DefaultTransitionHandler@423c8cd
04-09 16:00:23.345 V/WindowManagerShell( 8338): Track 0 became idle
04-09 16:00:23.345 V/WindowManagerShell( 8338): All active transition animations finished
04-09 16:00:23.345 D/WindowManager( 3590): NFW_findFocusedWindowIfNeeded:Window{ea64b15 u0 com.binance.monitor/com.binance.monitor.ui.account.AccountStatsBridgeActivity} mCurrentFocus:Window{ea64b15 u0 com.binance.monitor/com.binance.monitor.ui.account.AccountStatsBridgeActivity}
04-09 16:00:23.352 I/BLASTSyncEngine( 3590): onCommitted syncId: 23209, timeout: false ran: false
04-09 16:00:23.352 D/Transition( 3590): finishTransaction-onCommitted syncId=23209
04-09 16:00:23.353 I/InputDispatcher( 3590): updateFocusedWindow, ea64b15 com.binance.monitor/com.binance.monitor.ui.account.AccountStatsBridgeActivity on display 0, reason: Window became focusable. Previous reason: NOT_VISIBLE, result:   FocusedWindows:
04-09 16:00:23.353 I/InputDispatcher( 3590):     displayId=0, name='ea64b15 com.binance.monitor/com.binance.monitor.ui.account.AccountStatsBridgeActivity'
04-09 16:00:23.364 D/RefreshRate( 3590): app switch boost timeout,transition isPlaying:false isInInterruptScene:false
04-09 16:00:23.364 D/InsetsSourceProvider( 3590): updateSourceFrameForServerVisibility mandatorySystemGestures EMPTY_RECT
04-09 16:00:23.364 D/VRR [OPlusRefreshRateService]( 3590):  setDirectorStates [flag: 1, state: 0, directorStateOff: 0]
04-09 16:00:23.364 D/VRR [RefreshRateDirector]( 2399): updateState mState = 1
04-09 16:00:23.422 I/AICCTModule( 3590): SensorFilter: brightness threshold 1.2 screenNit is 98.252 ave enviroment lux is 199.11095 luxForNit 94.94245demarcationPoint200.0 result is false
04-09 16:00:23.422 I/AICCTModule( 3590): SensorFilter: findSecondNearestValue, sensorValue: 5414.2397 nearestMaxValue:5416.137 secondNearestValue: 5416.137
04-09 16:00:23.422 I/AICCTModule( 3590): SensorFilter: findSecondNearestValue, sensorValue: 198.77542 nearestMaxValue:199.11095 secondNearestValue: 199.11095
04-09 16:00:23.456 D/VRI[AccountStatsBridgeActivity]( 6825): onFocusEvent true
04-09 16:00:23.458 I/SDM     ( 2181): DisplayBuiltIn::IdlePowerCollapse: IPC received, disabling partial update for one frame
04-09 16:00:23.511 E/PERFHAL-PERFCTRL( 2187): PERFHAL-PERFCTRL: chk_core_online_poll_loop() 748: poll() has timed out for /sys/kernel/msm_performance/events/cpu_hotplug
04-09 16:00:23.511 E/PERFHAL-PERFCTRL( 2187): PERFHAL-PERFCTRL: chk_core_online_poll_loop() 743: Block on poll()
04-09 16:00:23.512 D/VRI[MarketChartActivity]( 6825): visibilityChanged oldVisibility=true newVisibility=false
04-09 16:00:23.512 D/VRI[MarketChartActivity]( 6825): setWindowStopped stopped:true
04-09 16:00:23.528 D/InputMethodManagerService( 3590): isSecurity: attribute.packageName = com.binance.monitor mCurMethodId = com.sohu.inputmethod.sogou/.SogouIME isSecurity = false ( enable = true needShow = false inBlackList = false isExist = true )
04-09 16:00:23.528 I/ImeTracker( 3590): com.binance.monitor:45877a59: onRequestHide at ORIGIN_SERVER reason HIDE_UNSPECIFIED_WINDOW fromUser false
04-09 16:00:23.528 D/HWUI    ( 6825): RenderProxy::destroy: this=0xb4000070f614cb00, mContext=0xb4000070f5b37e40
04-09 16:00:23.528 D/HWUI    ( 6825): SkiaVulkanPipeline::setSurface: this=0xb400007246c89c00, surface=NULL
04-09 16:00:23.529 D/BufferQueueProducer( 6825): [VRI[MarketChartActivity]#12(BLAST Consumer)12](id:1aa90000000c,api:1,p:6825,c:6825) disconnect: api 1
04-09 16:00:23.529 V/A11yInputMethod( 2673): startInput(): editor=android.view.inputmethod.EditorInfo@8749c72
04-09 16:00:23.529 V/A11yInputMethod( 2673): CALL: doFinishInput
04-09 16:00:23.529 V/A11yInputMethod( 2673): CALL: onFinishInput
04-09 16:00:23.529 D/BLASTBufferQueue( 6825): [VRI[MarketChartActivity]#12](f:0,a:1) destructor()
04-09 16:00:23.529 D/BufferQueueConsumer( 6825): [VRI[MarketChartActivity]#12(BLAST Consumer)12](id:1aa90000000c,api:0,p:-1,c:6825) disconnect
04-09 16:00:23.529 D/ViewRootImplExtImpl( 6825): wrapConfigInfoIntoFlags rotation=0, smallestScreenWidthDp=361, residentWS=false, scenario=0, bounds=Rect(0, 0 - 1264, 2780), relayoutAsync=false, flags=0, newFlags=1457532192, title=com.binance.monitor/com.binance.monitor.ui.chart.MarketChartActivity
04-09 16:00:23.530 E/CwbService( 2181): Panel not support apl read or getDisplayPanelAplValue timeout 10ms.
04-09 16:00:23.530 I/ImeTracker( 3590): system_server:4dec3314: onRequestHide at ORIGIN_SERVER reason IME_REQUESTED_CHANGED_LISTENER fromUser false
04-09 16:00:23.530 D/SensorFeature( 2258): name=ssc_screenshot_info ,index = 22
04-09 16:00:23.530 D/SensorFeature( 2258): write 39 bytes:768840113382712,768840124493823,29305,0
04-09 16:00:23.530 I/ImeTracker( 3590): system_server:4dec3314: onCancelled at PHASE_SERVER_SHOULD_HIDE
04-09 16:00:23.530 V/WindowManager( 3590): Relayout Window{734657f u0 com.binance.monitor/com.binance.monitor.ui.chart.MarketChartActivity}: viewVisibility=8, oldvis=0, req=1264x2780 , apr = 0, vsysui=
04-09 16:00:23.530 D/InsetsSourceProvider( 3590): updateSourceFrameForServerVisibility mandatorySystemGestures EMPTY_RECT
04-09 16:00:23.531 D/InsetsSourceProvider( 3590): updateSourceFrameForServerVisibility mandatorySystemGestures EMPTY_RECT
04-09 16:00:23.531 D/WindowManager( 3590): NFW_findFocusedWindowIfNeeded:Window{ea64b15 u0 com.binance.monitor/com.binance.monitor.ui.account.AccountStatsBridgeActivity} mCurrentFocus:Window{ea64b15 u0 com.binance.monitor/com.binance.monitor.ui.account.AccountStatsBridgeActivity}
04-09 16:00:23.531 D/InsetsSourceProvider( 3590): updateSourceFrameForServerVisibility mandatorySystemGestures EMPTY_RECT
04-09 16:00:23.531 D/VRI[MarketChartActivity]( 6825): relayoutWindow result, sizeChanged:false, surfaceControlChanged:true, transformHintChanged:false, mSurfaceSize:Point(1264, 2780), mLastSurfaceSize:Point(1264, 2780), mWidth:1264, mHeight:2780, requestedWidth:1264, requestedHeight:2780, transformHint:0, installOrientation:0, displayRotation:0, isSurfaceValid:false, attr.flag:-2122252032, tmpFrames:ClientWindowFrames{frame=[0,0][1264,2780] display=[0,0][1264,2780] parentFrame=[0,0][0,0]}, relayoutAsync:false, mSyncSeqId:0
04-09 16:00:23.537 I/WindowManager( 3590): Window{734657f u0 com.binance.monitor/com.binance.monitor.ui.chart.MarketChartActivity} state from DRAW_PENDING to NO_SURFACE; reason: destroySurface
04-09 16:00:23.537 D/BackgroundInstallControlService( 3590): Package event received: 0
04-09 16:00:23.537 D/InsetsController( 6825): hide(ime(), fromIme=false)
04-09 16:00:23.537 I/ImeTracker( 6825): com.binance.monitor:45877a59: onCancelled at PHASE_CLIENT_ALREADY_HIDDEN
04-09 16:00:23.537 D/OplusStartingWindowManager( 3590): skip remove starting window for activity = ActivityRecord{116339672 u0 com.binance.monitor/.ui.chart.MarketChartActivity t12920} ,ar != topActivityContainsStartingWindow on activityStopped
04-09 16:00:23.540 I/Osense-BaseDecisionMaker( 3590): notifySceneToAthenaPolicy: SCENE_ACTIVITY_IDLE, bundle: Bundle[{scene=SCENE_ACTIVITY_IDLE}]
04-09 16:00:23.573 I/ChainTrace( 6825): stream type=syncEvent gapMs=991 refreshMarket=true
04-09 16:00:23.575 I/sensors-hal( 2113): handle_oplus_wise_rgb_event:189, high_pwm_light:lux 217.5,cct 5334.2,brl/algo/ir 1380.0/2.0/9.5,pwm/dc 0.0/0.0,rgbc 7797.402344/5893.302246/2945.015869/16342.754883,ts 768840117951962,cnt 18204,flag 29305
04-09 16:00:23.575 I/sensors-hal( 2113): handle_oplus_wise_rgb_event:161, wise_rgb: (18204)(cct, lux, ir)[5334.22, 217.53, 9.457768] (r, g, b, c)[7797.40, 5893.30, 2945.02, 16342.75]                 (pwm, hbm, brl, algo)[0.0 0.0 1380.0 2.0], flag 29305
04-09 16:00:23.600 D/RadioProxyJ[0](14034): [73277]> getRRCStatus
04-09 16:00:23.600 D/RadioProxyJ[1](14034): [73278]> getRRCStatus
04-09 16:00:23.601 D/QmiNasClient( 2727): getRRCStatus - enter
04-09 16:00:23.601 D/QmiNasClient( 3438): getRRCStatus - enter
04-09 16:00:23.601 D/QmiNasClient( 2727): getRRCStatus callback - enter
04-09 16:00:23.601 D/QmiNasClient( 2727): getRRCStatus result.rsp.rrcStatusInfo.rrcStatus = 0
04-09 16:00:23.601 D/NasProxy( 2727): handleMessage msg is 4001
04-09 16:00:23.601 D/RadioProxy( 2727): getRRCStatus : response cb for instance 0
04-09 16:00:23.601 D/RadioProxyJ[0](14034): [73277]< getRRCStatusResponse 0
04-09 16:00:23.602 D/QmiNasClient( 3438): getRRCStatus callback - enter
04-09 16:00:23.602 D/QmiNasClient( 3438): getRRCStatus result.rsp.rrcStatusInfo.rrcStatus = 0
04-09 16:00:23.602 D/NasProxy( 3438): handleMessage msg is 4001
04-09 16:00:23.602 D/RadioProxy( 3438): getRRCStatus : response cb for instance 1
04-09 16:00:23.602 D/RadioProxyJ[1](14034): [73278]< getRRCStatusResponse 0
04-09 16:00:23.602 D/CoexRfService(14034): report RRC state:false
04-09 16:00:23.612 I/OplusTouchDaemon( 3289): ts_run_service: shellback temperature updated 29 (29508)
04-09 16:00:23.714 I/SDM     ( 2181): DisplayBuiltIn::IdlePowerCollapse: IPC received, disabling partial update for one frame
04-09 16:00:23.716 I/SurfaceControl( 6825):  setExtendedRangeBrightness sc=Surface(name=)/@0x51f69f9,currentBufferRatio=1.0,desiredRatio=1.0
04-09 16:00:23.716 V/WindowManager( 3590): Relayout Window{f71f005 u0 com.binance.monitor}: viewVisibility=0, oldvis=0, req=315x379 , apr = 0, vsysui=, x=-1885, y=1068
04-09 16:00:23.716 D/VRR [OPlusSurfaceFlingerController]( 3590):  setComplexSceneEnable : true
04-09 16:00:23.716 I/[UAH_CLIENT]( 3590): uahRuleCtl, ruleId:206, status:3
04-09 16:00:23.716 D/InsetsSourceProvider( 3590): updateSourceFrameForServerVisibility mandatorySystemGestures EMPTY_RECT
04-09 16:00:23.717 D/InsetsSourceProvider( 3590): updateSourceFrameForServerVisibility mandatorySystemGestures EMPTY_RECT
04-09 16:00:23.793 E/KeymasterUtils( 1311): IKMHal_sendCmd failed with rsp_header->status: -28
04-09 16:00:23.793 E/KeyMasterHalDevice( 1311): abort_operation
04-09 16:00:23.793 E/KeyMasterHalDevice( 1311): ret: -28
04-09 16:00:23.803 E/KeymasterUtils( 1311): IKMHal_sendCmd failed with rsp_header->status: -28
04-09 16:00:23.803 E/KeyMasterHalDevice( 1311): abort_operation
04-09 16:00:23.803 E/KeyMasterHalDevice( 1311): ret: -28
04-09 16:00:23.814 E/KeymasterUtils( 1311): IKMHal_sendCmd failed with rsp_header->status: -28
04-09 16:00:23.814 E/KeyMasterHalDevice( 1311): abort_operation
04-09 16:00:23.814 E/KeyMasterHalDevice( 1311): ret: -28
04-09 16:00:23.815 I/SDM     ( 2181): DisplayBuiltIn::IdlePowerCollapse: IPC received, disabling partial update for one frame
04-09 16:00:23.824 E/KeymasterUtils( 1311): IKMHal_sendCmd failed with rsp_header->status: -28
04-09 16:00:23.824 E/KeyMasterHalDevice( 1311): abort_operation
04-09 16:00:23.824 E/KeyMasterHalDevice( 1311): ret: -28
04-09 16:00:23.830 I/GoLog   (25334): from tcp:127.0.0.1:59426 accepted tcp:43.155.214.62:443 [socks >> proxy]
04-09 16:00:23.831 D/AppSenseConfig(14034): getIgnoreAppList: [com.android.launcher, com.android.contacts, com.oplus.wirelesssettings, com.coloros.alarmclock, com.coloros.calculator, com.coloros.calendar, com.coloros.phonemanager, com.android.settings, com.android.phone, com.oplus.nas, com.oplus.nhs, com.oplus.appdetail, com.android.permissioncontroller, com.oplus.pscanvas, com.oplus.autotest.test.ctp, com.android.systemui, com.android.systemui.overlay.fingerprint.anim.fy, com.android.systemui.overlay.fingerprint.anim.qy, com.android.systemui.overlay.fingerprint.anim.sw, com.android.systemui.overlay.fingerprint.anim.xw, com.android.systemui.overlay.fingerprint.anim.ccyh, com.android.systemui.overlay.fingerprint.anim.halo, com.android.systemui.overlay.fingerprint.anim.jslz, com.android.systemui.overlay.fingerprint.anim.none, com.android.systemui.overlay.fingerprint.anim.xklc]
04-09 16:00:23.831 D/AppSenseConfig(14034): getIgnoreAppList: [com.android.launcher, com.android.contacts, com.oplus.wirelesssettings, com.coloros.alarmclock, com.coloros.calculator, com.coloros.calendar, com.coloros.phonemanager, com.android.settings, com.android.phone, com.oplus.nas, com.oplus.nhs, com.oplus.appdetail, com.android.permissioncontroller, com.oplus.pscanvas, com.oplus.autotest.test.ctp, com.android.systemui, com.android.systemui.overlay.fingerprint.anim.fy, com.android.systemui.overlay.fingerprint.anim.qy, com.android.systemui.overlay.fingerprint.anim.sw, com.android.systemui.overlay.fingerprint.anim.xw, com.android.systemui.overlay.fingerprint.anim.ccyh, com.android.systemui.overlay.fingerprint.anim.halo, com.android.systemui.overlay.fingerprint.anim.jslz, com.android.systemui.overlay.fingerprint.anim.none, com.android.systemui.overlay.fingerprint.anim.xklc]
04-09 16:00:23.831 D/AppSenseConfig(14034): getIgnoreAppList: [com.android.launcher, com.android.contacts, com.oplus.wirelesssettings, com.coloros.alarmclock, com.coloros.calculator, com.coloros.calendar, com.coloros.phonemanager, com.android.settings, com.android.phone, com.oplus.nas, com.oplus.nhs, com.oplus.appdetail, com.android.permissioncontroller, com.oplus.pscanvas, com.oplus.autotest.test.ctp, com.android.systemui, com.android.systemui.overlay.fingerprint.anim.fy, com.android.systemui.overlay.fingerprint.anim.qy, com.android.systemui.overlay.fingerprint.anim.sw, com.android.systemui.overlay.fingerprint.anim.xw, com.android.systemui.overlay.fingerprint.anim.ccyh, com.android.systemui.overlay.fingerprint.anim.halo, com.android.systemui.overlay.fingerprint.anim.jslz, com.android.systemui.overlay.fingerprint.anim.none, com.android.systemui.overlay.fingerprint.anim.xklc]
04-09 16:00:23.831 D/ActivityAdapter(14034): taskChange: pre: 1, cur: 1, changed:true
04-09 16:00:23.832 D/ActivityAdapter(14034): notifyActivityQuery: [com.binance.monitor; com.binance.monitor.ui.account.AccountStatsBridgeActivity; 1; COMMON; 10512]
04-09 16:00:23.832 D/OPlusFrontAppManager(14034): useAdapterResult, pkg=com.binance.monitor,activity=com.binance.monitor.ui.account.AccountStatsBridgeActivity,result=true
04-09 16:00:23.832 D/OPlusFrontAppManager(14034): decide -->> [com.binance.monitor; com.binance.monitor.ui.account.AccountStatsBridgeActivity; 1; COMMON; 10512]
04-09 16:00:23.832 D/ConferenceScene(14034): pkg:com.binance.monitor, activity:com.binance.monitor.ui.account.AccountStatsBridgeActivity, appSense:COMMON
04-09 16:00:23.832 D/ConferenceScene(14034): pkg:com.binance.monitor, activity:com.binance.monitor.ui.chart.MarketChartActivity, appSense:COMMON
04-09 16:00:23.832 D/CellMap/GameLatencyMapService(14034): handleAppSceneChange: [{pkgName:com.binance.monitor,activityName:,winMode:1,event:COMMON,type:0,subEvent:0,pid:6825,uid:10512}]
04-09 16:00:23.832 D/AtomHighLoadSenseInfo(14034): handleMessage what:1000
04-09 16:00:23.832 D/CellMap/QoeMapService(14034): handleAppSceneChange: [{pkgName:com.binance.monitor,activityName:,winMode:1,event:COMMON,type:0,subEvent:0,pid:6825,uid:10512}]
04-09 16:00:23.832 D/AtomHighLoadSenseInfo(14034): handleAppSenseChanged original mode:{live:0,video:0,voice call:0,video call:0,live host:0,meeting:0}
04-09 16:00:23.832 D/CellMap/QoeMapService(14034): handleAppSceneChange update: 0
04-09 16:00:23.832 D/AtomHighLoadSenseInfo(14034): handleAppSenseChanged appInfoUnit:{pkgName:com.binance.monitor,activityName:,winMode:1,event:COMMON,type:0,subEvent:0,pid:6825,uid:10512}
04-09 16:00:23.832 D/AtomNetworkScoreInfo(14034): handleMessage: 1006
04-09 16:00:23.832 D/AtomNetworkScoreInfo(14034): top app size: 1
04-09 16:00:23.832 D/AtomNetworkScoreInfo(14034): Front app state: 1
04-09 16:00:23.832 D/AtomModemKpiInfo(14034): handleMessage what:1000
04-09 16:00:23.832 D/SceneService(14034): handleMessage what:1004
04-09 16:00:23.832 D/SceneService(14034): notifyAppSceneChanged original mode:{live:0,video:0,voice call:0,video call:0,live host:0,game:0,meeting:0,news:0,file transfer:0},appInfoUnit:[{pkgName:com.binance.monitor,activityName:,winMode:1,event:COMMON,type:0,subEvent:0,pid:6825,uid:10512}]
04-09 16:00:23.832 D/ExtremeCommService(14034): handleMessage what:1012
04-09 16:00:23.833 D/ExtremeCommService(14034): updateAppInfo appInfoUnit: com.binance.monitor, winMode:1
04-09 16:00:23.833 D/FrontAppsEvent(14034): receive msg:1001
04-09 16:00:23.833 D/FrontAppsEvent(14034): onAppSceneUpdate, infoList:[{pkgName:com.binance.monitor,activityName:,winMode:1,event:COMMON,type:0,subEvent:0,pid:6825,uid:10512}]
04-09 16:00:23.833 D/Subsys-ScoreAppManager(14034): handleMessage what:2
04-09 16:00:23.833 D/Subsys-ScoreAppManager(14034): EVENT_ID_APP_SENSE_CHANGE  onFrontActivityChanged
04-09 16:00:23.833 D/Subsys-ScoreAppManager(14034): appSceneChange fgAppUnits size 1 fgAppUnits [{pkgName:com.binance.monitor,activityName:,winMode:1,event:COMMON,type:0,subEvent:0,pid:6825,uid:10512}] mLastNetworkList[234, 235]
04-09 16:00:23.833 D/Subsys-ScoreAppManager(14034): createApp
04-09 16:00:23.833 D/Subsys-ScoreAppManager(14034): createApp
04-09 16:00:23.833 D/Subsys-ScoreAppManager(14034): unit: {pkgName:com.binance.monitor,activityName:,winMode:1,event:COMMON,type:0,subEvent:0,pid:6825,uid:10512}
04-09 16:00:23.833 D/CommonApp-234-10512(14034): DefaultState EVENT_SCENARIOS_CHANGE
04-09 16:00:23.833 D/CommonApp-234-10512(14034): scene=COMMON pn=com.binance.monitor
04-09 16:00:23.833 D/CommonApp-235-10512(14034): DefaultState EVENT_SCENARIOS_CHANGE
04-09 16:00:23.833 D/CommonApp-235-10512(14034): scene=COMMON pn=com.binance.monitor
04-09 16:00:23.834 D/AppSenseClient( 8406): handleMessage: 100
