04-09 16:00:27.665 I/SurfaceControl( 6825):  setExtendedRangeBrightness sc=Surface(name=)/@0x51f69f9,currentBufferRatio=1.0,desiredRatio=1.0
04-09 16:00:27.665 V/WindowManager( 3590): Relayout Window{f71f005 u0 com.binance.monitor}: viewVisibility=0, oldvis=0, req=315x379 , apr = 0, vsysui=, x=-1885, y=1068
04-09 16:00:27.665 D/InsetsSourceProvider( 3590): updateSourceFrameForServerVisibility mandatorySystemGestures EMPTY_RECT
04-09 16:00:27.666 D/InsetsSourceProvider( 3590): updateSourceFrameForServerVisibility mandatorySystemGestures EMPTY_RECT
04-09 16:00:27.685 E/CwbService( 2181): Panel not support apl read or getDisplayPanelAplValue timeout 10ms.
04-09 16:00:27.686 D/SensorFeature( 2258): name=ssc_screenshot_info ,index = 22
04-09 16:00:27.686 D/SensorFeature( 2258): write 39 bytes:768844253054499,768844278625124,29318,0
04-09 16:00:27.760 I/SDM     ( 2181): DisplayBuiltIn::IdlePowerCollapse: IPC received, disabling partial update for one frame
04-09 16:00:27.786 D/osense.compress( 3590): com.v2ray.ang do shrink, target ratio = 80, final ratio = 90, cur ratio = 70
04-09 16:00:27.839 I/sensors-hal( 2113): handle_oplus_wise_rgb_event:161, wise_rgb: (18269)(cct, lux, ir)[5275.05, 215.31, 11.492083] (r, g, b, c)[7794.91, 5882.30, 2922.94, 16303.12]                 (pwm, hbm, brl, algo)[0.0 0.0 1380.0 2.0], flag 29318
04-09 16:00:28.024 I/AICCTModule( 3590): SensorFilter: brightness threshold 1.2 screenNit is 98.252 ave enviroment lux is 199.80946 luxForNit 94.98763demarcationPoint200.0 result is false
04-09 16:00:28.024 I/AICCTModule( 3590): SensorFilter: findSecondNearestValue, sensorValue: 5400.715 nearestMaxValue:5404.799 secondNearestValue: 5404.799
04-09 16:00:28.024 I/AICCTModule( 3590): SensorFilter: findSecondNearestValue, sensorValue: 198.56183 nearestMaxValue:198.56183 secondNearestValue: 199.80946
04-09 16:00:28.031 I/SDM     ( 2181): DisplayBuiltIn::IdlePowerCollapse: IPC received, disabling partial update for one frame
04-09 16:00:28.036 E/CwbService( 2181): Panel not support apl read or getDisplayPanelAplValue timeout 10ms.
04-09 16:00:28.037 D/SensorFeature( 2258): name=ssc_screenshot_info ,index = 22
04-09 16:00:28.037 D/SensorFeature( 2258): write 39 bytes:768844575277155,768844629560592,29319,0
04-09 16:00:28.058 V/AlarmManager( 3590): sending alarm Alarm{6a999f type 1 origWhen 1775721628058 whenElapsed 768844663 android} uid 1000 whenElapsed 768844663 windowLength 0 maxWhenElapsed 768844663 repeatInterval 0 action null component null tag StorgaeBandInfoAlarmTag flags 0x9 procName system_server
04-09 16:00:28.059 E/OplusStorageUFSBandwidth( 3590): storage_io_metrics_path is /proc/oplus_storage/io_metrics/forever/
04-09 16:00:28.060 E/OplusStorageUFSBandwidth( 3590): Bandwidth - Read: 0.00 MB/s, Write: 0.50 MB/s
04-09 16:00:28.060 E/OplusStorageUFSBandwidth( 3590): Task time: 1ms
04-09 16:00:28.063 E/OplusStorageUFSBandwidth( 3590): Alarm set to trigger in 10 seconds
04-09 16:00:28.070 D/BatteryChargeControl( 2280): bcc get no support from charging protocol
04-09 16:00:28.094 D/CommonApp-234-10512(14034): transport layer data is invalid
04-09 16:00:28.095 D/CommonApp-235-10512(14034): commonScoreStrategy scenarios low package
04-09 16:00:28.095 D/ScorePolicy(14034): handleScoreChanged: []
04-09 16:00:28.095 D/ScorePolicy(14034): handleScoreChanged: []
04-09 16:00:28.095 D/ScorePolicy(14034): handleScoreChanged: []
04-09 16:00:28.095 D/OplusL3Monitor( 3590): linkIndex=90, networkId=0, ignore
04-09 16:00:28.105 I/sensors-hal( 2113): handle_oplus_wise_rgb_event:189, high_pwm_light:lux 217.0,cct 5327.2,brl/algo/ir 1380.0/2.0/9.7,pwm/dc 0.0/0.0,rgbc 7799.894043/5886.703125/2922.939453/16333.429688,ts 768844571790452,cnt 18274,flag 29319
04-09 16:00:28.106 I/sensors-hal( 2113): handle_oplus_wise_rgb_event:161, wise_rgb: (18274)(cct, lux, ir)[5327.18, 217.02, 9.670341] (r, g, b, c)[7799.89, 5886.70, 2922.94, 16333.43]                 (pwm, hbm, brl, algo)[0.0 0.0 1380.0 2.0], flag 29319
04-09 16:00:28.151 I/vendor.qti.bluetooth@1.0-ibs_handler( 2103): ProcessIbsCmd: Received IBS_WAKE_IND: 0xFD
04-09 16:00:28.151 D/vendor.qti.bluetooth@1.0-ibs_handler( 2103): SerialClockVote: vote for UART CLK ON
04-09 16:00:28.151 D/vendor.qti.bluetooth@1.0-wake_lock( 2103): Acquire wakelock is acquired 
04-09 16:00:28.151 I/vendor.qti.bluetooth@1.0-ibs_handler( 2103): ProcessIbsCmd: Writing IBS_WAKE_ACK
04-09 16:00:28.155 W/OPLUS_LOG_LOAD(11972): ==LOGS PROG INFO, prog(com.heytap.accessory) ==
04-09 16:00:28.155 W/PTC.DISC.FusionProvider(11972): [FusionBleDiscover]current device: **:72:47:FD rssi is -101, minRssi is -100, ignore it
04-09 16:00:28.179 D/osense.compress( 3590): com.google.android.gms do shrink, target ratio = 90, final ratio = 90, cur ratio = 86
04-09 16:00:28.192 I/vendor.qti.bluetooth@1.0-ibs_handler( 2103): ProcessIbsCmd: Received IBS_SLEEP_IND: 0xFE
04-09 16:00:28.192 D/vendor.qti.bluetooth@1.0-ibs_handler( 2103): SerialClockVote: vote for UART CLK OFF
04-09 16:00:28.202 I/vendor.qti.bluetooth@1.0-ibs_handler( 2103): ProcessIbsCmd: Received IBS_WAKE_IND: 0xFD
04-09 16:00:28.202 D/vendor.qti.bluetooth@1.0-ibs_handler( 2103): SerialClockVote: vote for UART CLK ON
04-09 16:00:28.202 I/vendor.qti.bluetooth@1.0-ibs_handler( 2103): ProcessIbsCmd: Writing IBS_WAKE_ACK
04-09 16:00:28.243 I/vendor.qti.bluetooth@1.0-ibs_handler( 2103): ProcessIbsCmd: Received IBS_SLEEP_IND: 0xFE
04-09 16:00:28.243 D/vendor.qti.bluetooth@1.0-ibs_handler( 2103): SerialClockVote: vote for UART CLK OFF
04-09 16:00:28.250 W/OPLUS_LOG_LOAD( 5836): ==LOGS PROG INFO, prog(com.oplus.camera) ==
04-09 16:00:28.250 I/APS_ALOG( 5836): flushRoutine g_immediateFlush=0 g_pendingCount=0 g_oobCount=0
04-09 16:00:28.329 E/WifiHAL ( 2123): wifi_get_cached_scan_results: Wifi Cached Scan Result not supported by driver
04-09 16:00:28.329 E/WifiStaIfaceAidlImpl( 3590): getCachedScanData failed with service-specific exception: android.os.ServiceSpecificException:  (code 4)
04-09 16:00:28.332 E/libEGL  (16625): No entry found in platform lookup table for eglSurfaceAttribMTK
04-09 16:00:28.332 D/ExtensionsLoader(16625): createInstance(64bit) : createExtendedFactory
04-09 16:00:28.332 D/ExtensionsLoader(16625): Opened libguiextimpl.so
04-09 16:00:28.333 D/VendorWifiService(14034): onEvent event:9,action:1
04-09 16:00:28.338 D/SensorFeature( 2258): name=ssc_screenshot_info ,index = 22
04-09 16:00:28.338 D/SensorFeature( 2258): write 39 bytes:768844575277155,768844942527936,29320,0
04-09 16:00:28.339 D/OplusUtils(16625): OplusUtils [84]: 
04-09 16:00:28.342 E/screencap(16625): createInstance(64bit) : createExtendedFactory
04-09 16:00:28.342 E/screencap(16625): createInstance(64bit) : createExtendedFactory
04-09 16:00:28.342 E/screencap(16625): Opened libinputextensionsimpl.so
04-09 16:00:28.342 E/screencap(16625): Opened libinputextensionsimpl.so
04-09 16:00:28.343 D/ScorerUtils( 3590): isLowTraffic: txTputKBps=0, rxTputKBps=1
04-09 16:00:28.343 D/OplusWifiPower_TriggerCenter( 3590): mComponentCallback: wifistat
04-09 16:00:28.343 W/screencap(16625): Thread Pool max thread count is 0. Cannot cache binder as linkToDeath cannot be implemented. serviceName: SurfaceFlingerAIDL
04-09 16:00:28.343 W/BpBinder(16625): Linking to death on android.gui.ISurfaceComposer but there are no threads (yet?) listening to incoming transactions. See ProcessState::startThreadPool and ProcessState::setThreadPoolMaxThreadCount. Generally you should setup the binder threadpool before other initialization steps.
04-09 16:00:28.343 W/ProcessState(16625): Extra binder thread started, but 0 threads requested. Do not use *startThreadPool when zero threads are requested.
04-09 16:00:28.343 D/SurfaceFlinger( 2399): captureDisplayById from pid 0 display 4630946685746860179
04-09 16:00:28.345 E/HwcComposer( 2399): getLuts failed Status(-129, EX_TRANSACTION_FAILED): 'UNKNOWN_TRANSACTION: '
04-09 16:00:28.365 D/qdgralloc(16625): Fetching IMapper5 from QtiMapper5
04-09 16:00:28.373 I/SnapAlloc(16625): Graphics lib is available
04-09 16:00:28.374 I/sensors-hal( 2113): handle_oplus_wise_rgb_event:161, wise_rgb: (18279)(cct, lux, ir)[5318.65, 218.06, 10.226816] (r, g, b, c)[7792.42, 5882.30, 2927.35, 16270.48]                 (pwm, hbm, brl, algo)[0.0 0.0 1380.0 2.0], flag 29320
04-09 16:00:28.374 D/FusionLightNextGen( 3590): process end reported = 1, mode: 0, cnt: 440905, lux 202.5, cct 5388.7, r/g/b/c: 7884.6/5954.9/2967.1/16510.6, R/G/B: 80.0/76.0/67.0, bri 1380.0, match 1.00, ir 0.008427, conf 5.0, ts 768844926888577
04-09 16:00:28.374 D/MediaProvider(11108): insertInternal start, caller = com.android.shell
04-09 16:00:28.375 W/MediaProvider(11108): isAppCloneUserPair for user 0: false
04-09 16:00:28.383 D/MediaProvider(11108): insertAllowingUpsert finish, rowId = 1000008038
04-09 16:00:28.383 D/MediaProvider(11108): insertInternal end
04-09 16:00:28.383 D/OplusFileObserveService(13847): onEvent() file = /storage/emulated/0/codex_after_accounttap3.png, event = 256
04-09 16:00:28.384 I/ContextAware_DailyStatisticsRecorder(24527): Increase context change count: dmp_change_count, value: 1
04-09 16:00:28.393 D/vendor.qti.bluetooth@1.0-wake_lock( 2103): Release wakelock is released 
04-09 16:00:28.422 I/sensors-hal( 2113): handle_sns_std_sensor_event:114, oplus rgb_rear sample: (cct, lux, ir, x, y)[5136, 75, 21, 343, 384]
04-09 16:00:28.422 I/sensors-hal( 2113): handle_sns_std_sensor_event:116, oplus rgb_rear sample: (r, g, b, c w)[4156, 8563, 1361, 183, 0]
04-09 16:00:28.490 I/SDM     ( 2181): DisplayBuiltIn::IdlePowerCollapse: IPC received, disabling partial update for one frame
04-09 16:00:28.521 I/ActivityManager( 3590): Broadcasting: Intent { act=android.intent.action.MEDIA_SCANNER_SCAN_FILE dat=file:///... flg=0x400000 }
04-09 16:00:28.522 I/ActivityManager( 3590): Enqueued broadcast Intent { act=android.intent.action.MEDIA_SCANNER_SCAN_FILE dat=file:///... flg=0x400000 }: 0
04-09 16:00:28.523 W/JobInfo ( 3590): Job 'com.android.providers.media.module/com.android.providers.media.MediaService#-300' has a deadline with no functional constraints. The deadline won't improve job execution latency. Consider removing the deadline.
04-09 16:00:28.524 D/OplusFileObserveService(13847): onEvent() file = /storage/emulated/0/codex_after_accounttap3.png, event = 8
04-09 16:00:28.524 W/OplusFileObserveService(13847): onEvent() CLOSE_WRITE file is not in root dirs, skip.
04-09 16:00:28.525 I/ActivityManager( 3590): Broadcast completed: result=0
04-09 16:00:28.526 I/OplusExSystemServiceHelper( 3590): connected :com.android.providers.media.MediaService
04-09 16:00:28.526 I/MediaProvider(11108): Begin Intent { act=android.intent.action.MEDIA_SCANNER_SCAN_FILE dat=file:///... flg=0x1400010 cmp=com.android.providers.media.module/com.android.providers.media.MediaService }
04-09 16:00:28.528 W/PermissionInjector(11108): applyBatch in invalid type: 2
04-09 16:00:28.530 W/OplusAddVideoThumbnail(11108): isInsertThumbnail2Video() the caller = com.android.providers.media.module,uri = content://media/external_primary/file/1000008038
04-09 16:00:28.530 W/OplusAddVideoThumbnail(11108): isInsertThumbnail2Video() mimeType is not video 
04-09 16:00:28.530 D/MediaProvider(11108): updateInternal cacheThumbnail uri = content://media/external_primary/file/1000008038,count = 1,retPending = 0
04-09 16:00:28.531 D/OplusThumbnailUtils(11108): cacheThumbnail() cacheThumbnailByUri uri=content://media/external_primary/file/1000008038,priority=100,path=/storage/emulated/0/codex_after_accounttap3.png
04-09 16:00:28.531 D/OplusCacheThumbnail(11108): cacheThumbnailByUri() filePath = /storage/emulated/0/codex_after_accounttap3.png ,uri = content://media/external_primary/file/1000008038
04-09 16:00:28.532 I/MediaProvider(11108): End Intent { act=android.intent.action.MEDIA_SCANNER_SCAN_FILE dat=file:///... flg=0x1400010 cmp=com.android.providers.media.module/com.android.providers.media.MediaService }
04-09 16:00:28.533 D/OplusThumbnailUtils(11108): cacheThumbnail() cacheThumbnailByUri uri=content://media/external_primary/images/media/1000008038,priority=300,path=/storage/emulated/0/codex_after_accounttap3.png
04-09 16:00:28.533 D/OplusCacheThumbnail(11108): cacheThumbnailByUri() filePath = /storage/emulated/0/codex_after_accounttap3.png ,uri = content://media/external_primary/images/media/1000008038
04-09 16:00:28.533 I/ContextAware_DaemonObserver(24527): onChangeImpl, wait together.
04-09 16:00:28.533 I/ContextAware_DailyStatisticsRecorder(24527): Increase context change count: dmp_change_count, value: 1
04-09 16:00:28.536 D/WM-SystemJobScheduler(11108): Scheduling work ID df29df47-8b25-4c32-a0fa-f87f0c16a59eJob ID 6530
04-09 16:00:28.576 W/ProcessCpuTracker( 3590): Failed to stat(/proc/16625): android.system.ErrnoException: stat failed: ENOENT (No such file or directory)
04-09 16:00:28.576 W/ProcessCpuTracker( 3590): Skipping unknown process pid 16625
04-09 16:00:28.578 D/ProcessCpuTrackerExtImpl( 3590): mContext is already set, return now! 
04-09 16:00:28.589 D/NotificationService--OplusNotificationFixHelper( 3590): fixAppIcon: pkg=com.v2ray.ang
04-09 16:00:28.589 D/NotificationService--OplusNotificationFixHelper( 3590): fixAppIcon: appIcon = null, pkg = com.v2ray.ang
04-09 16:00:28.590 D/NotificationService--NotificationRecord( 3590): isSupportRearLight , isRearLight = false mLedRM = false isMultilLed = false
04-09 16:00:28.591 I/SDM     ( 2181): DisplayBuiltIn::IdlePowerCollapse: IPC received, disabling partial update for one frame
04-09 16:00:28.591 I/OplusStatusBarManagerServiceEnhance( 3590):  getTopIsFullscreen mTopIsFullscreen: false
04-09 16:00:28.591 W/ActivityManager( 3590): Permission Denial: getTopApplicationInfo from pid=25334, uid=10397 requires oplus.permission.OPLUS_COMPONENT_SAFE
04-09 16:00:28.591 E/OplusNotificationCenter( 3590): getForegroundApplication exception
04-09 16:00:28.592 D/NotificationService--OplusNotificationManagerServiceExtImpl( 3590): isForwardToAssistants: true, case : Is local notification
04-09 16:00:28.592 D/NotificationService( 3590): This application enqueue notifications is need postDelayed mcsAssistantDelayTime: 50
04-09 16:00:28.609 I/ChainTrace( 6825): stream type=syncEvent gapMs=1074 refreshMarket=true
04-09 16:00:28.650 I/SystemUi--Notification( 8338): OplusLiveAlertNotificationsRepository-->onRankingApplied
04-09 16:00:28.658 I/PluginSeedling--Track( 8338): RequestHandler-->notificationUpdated 0|com.v2ray.ang|1|null|10397 postTime: 1775721628589
04-09 16:00:28.658 E/LockScreenNotificationDispatcherImp( 8338): updateNotificationListOnKg size:0
04-09 16:00:28.660 W/SystemUi--Notification( 8338): OplusNotificationGroupExtImpl-->setChildrenExpanded: groupHeader is null
04-09 16:00:28.660 I/SystemUi--Notification( 8338): LockScreenNotificationDispatcherImp-->updateNotificationListOnKg resultCode: 0
04-09 16:00:28.670 I/SDM     ( 2181): DisplayBuiltIn::IdlePowerCollapse: IPC received, disabling partial update for one frame
04-09 16:00:28.672 D/LocalImageResolver( 8338): Couldn't use ImageDecoder for drawable, falling back to non-resized load.
04-09 16:00:28.672 D/OplusNotificationDateTimeView( 8338): setTime mSettingTimeMillis 1775721628586, mSettingLocalDateTime 2026-04-09T16:00:00.586
04-09 16:00:28.674 D/LocalImageResolver( 8338): Couldn't use ImageDecoder for drawable, falling back to non-resized load.
04-09 16:00:28.675 D/OplusNotificationDateTimeView( 8338): setTime mSettingTimeMillis 1775721628586, mSettingLocalDateTime 2026-04-09T16:00:00.586
04-09 16:00:28.677 D/LocalImageResolver( 8338): Couldn't use ImageDecoder for drawable, falling back to non-resized load.
04-09 16:00:28.677 D/OplusNotificationDateTimeView( 8338): setTime mSettingTimeMillis 1775721628586, mSettingLocalDateTime 2026-04-09T16:00:00.586
04-09 16:00:28.678 E/CwbService( 2181): Panel not support apl read or getDisplayPanelAplValue timeout 10ms.
04-09 16:00:28.678 D/SensorFeature( 2258): name=ssc_screenshot_info ,index = 22
04-09 16:00:28.679 D/SensorFeature( 2258): write 39 bytes:768845219099342,768845273210592,29321,0
04-09 16:00:28.680 I/SystemUi--Notification( 8338): OplusNotificationTempla-->resolveContentMargin: marginTop=112 isChildInGroup=false hasSubtitle=true params.topMargin=112
04-09 16:00:28.680 W/SystemUi--Notification( 8338): OplusNotificationGroupExtImpl-->setChildrenExpanded: groupHeader is null
04-09 16:00:28.680 I/sensors-hal( 2113): handle_oplus_wise_rgb_event:189, high_pwm_light:lux 217.1,cct 5290.0,brl/algo/ir 1380.0/2.0/11.0,pwm/dc 0.0/0.0,rgbc 7882.129395/5937.298828/2956.053955/16512.943359,ts 768845171722379,cnt 18284,flag 29321
04-09 16:00:28.680 I/sensors-hal( 2113): handle_oplus_wise_rgb_event:161, wise_rgb: (18284)(cct, lux, ir)[5289.99, 217.13, 11.047742] (r, g, b, c)[7882.13, 5937.30, 2956.05, 16512.94]                 (pwm, hbm, brl, algo)[0.0 0.0 1380.0 2.0], flag 29321
04-09 16:00:28.680 E/LockScreenNotificationDispatcherImp( 8338): updateNotificationListOnKg size:0
04-09 16:00:28.682 W/SystemUi--Notification( 8338): OplusNotificationGroupExtImpl-->setChildrenExpanded: groupHeader is null
04-09 16:00:28.683 I/SystemUi--Notification( 8338): LockScreenNotificationDispatcherImp-->updateNotificationListOnKg resultCode: 0
04-09 16:00:28.705 D/OplusCacheThumbnail(11108): CacheThumbnailTask run() fd = {ParcelFileDescriptor: java.io.FileDescriptor@d352b40} ,uri= content://media/external_primary/file/1000008038,mPath = null,caller = com.android.providers.media.module
04-09 16:00:28.743 V/WindowManager( 3590): Relayout Window{f71f005 u0 com.binance.monitor}: viewVisibility=0, oldvis=0, req=315x379 , apr = 0, vsysui=, x=-1885, y=1068
04-09 16:00:28.744 I/SurfaceControl( 6825):  setExtendedRangeBrightness sc=Surface(name=)/@0x51f69f9,currentBufferRatio=1.0,desiredRatio=1.0
04-09 16:00:28.744 D/InsetsSourceProvider( 3590): updateSourceFrameForServerVisibility mandatorySystemGestures EMPTY_RECT
04-09 16:00:28.745 D/InsetsSourceProvider( 3590): updateSourceFrameForServerVisibility mandatorySystemGestures EMPTY_RECT
