04-09 15:57:54.060 I/OplusObrain(15031): OplusObrainClientInvoke.nativeGetTelephonyInfo
04-09 15:57:54.060 E/AMC     (13839): [P-standby_5gbackoff/0] execute failed in triggers[0]:[sleept:85][inactive:false, sleept:838]
04-09 15:57:54.060 E/AMC     (13839): [P-standby_5gbackoff/1] execute failed in triggers[0]:[sleept:85][inactive:false, sleept:838]
04-09 15:57:54.060 I/OplusObrain(15031): OplusObrainClientInvoke.nativeGetTrafficTypeInfoForNetworkType networkType 0
04-09 15:57:54.061 D/KernelStatsHelper( 3590): getKernelStats start!
04-09 15:57:54.061 D/OplusNetlinkSocket( 3590): handleNetlinkRecvKernelMessage:nlmsghdr:StructNlMsgHdr{ nlmsg_len{3004}, nlmsg_type{43()}, nlmsg_flags{0()}, nlmsg_seq{0}, nlmsg_pid{235282228} }
04-09 15:57:54.061 D/KernelStatsHelper( 3590): get magic :[-1, -1, -1, 77, 65, 71, 73, 67]
04-09 15:57:54.061 D/KernelStatsHelper( 3590): magic matched count:582 data_len:30264
04-09 15:57:54.061 D/OplusNetlinkSocket( 3590): handleNetlinkRecvKernelMessage:nlmsghdr:StructNlMsgHdr{ nlmsg_len{2988}, nlmsg_type{43()}, nlmsg_flags{0()}, nlmsg_seq{0}, nlmsg_pid{235282228} }
04-09 15:57:54.062 D/OplusNetlinkSocket( 3590): handleNetlinkRecvKernelMessage:nlmsghdr:StructNlMsgHdr{ nlmsg_len{2988}, nlmsg_type{43()}, nlmsg_flags{0()}, nlmsg_seq{0}, nlmsg_pid{235282228} }
04-09 15:57:54.062 D/OplusNetlinkSocket( 3590): handleNetlinkRecvKernelMessage:nlmsghdr:StructNlMsgHdr{ nlmsg_len{2988}, nlmsg_type{43()}, nlmsg_flags{0()}, nlmsg_seq{0}, nlmsg_pid{235282228} }
04-09 15:57:54.062 D/OplusNetlinkSocket( 3590): handleNetlinkRecvKernelMessage:nlmsghdr:StructNlMsgHdr{ nlmsg_len{2988}, nlmsg_type{43()}, nlmsg_flags{0()}, nlmsg_seq{0}, nlmsg_pid{235282228} }
04-09 15:57:54.062 D/OplusNetlinkSocket( 3590): handleNetlinkRecvKernelMessage:nlmsghdr:StructNlMsgHdr{ nlmsg_len{2988}, nlmsg_type{43()}, nlmsg_flags{0()}, nlmsg_seq{0}, nlmsg_pid{235282228} }
04-09 15:57:54.062 D/OplusNetlinkSocket( 3590): handleNetlinkRecvKernelMessage:nlmsghdr:StructNlMsgHdr{ nlmsg_len{2988}, nlmsg_type{43()}, nlmsg_flags{0()}, nlmsg_seq{0}, nlmsg_pid{235282228} }
04-09 15:57:54.062 D/OplusNetlinkSocket( 3590): handleNetlinkRecvKernelMessage:nlmsghdr:StructNlMsgHdr{ nlmsg_len{2988}, nlmsg_type{43()}, nlmsg_flags{0()}, nlmsg_seq{0}, nlmsg_pid{235282228} }
04-09 15:57:54.062 D/OplusNetlinkSocket( 3590): handleNetlinkRecvKernelMessage:nlmsghdr:StructNlMsgHdr{ nlmsg_len{2988}, nlmsg_type{43()}, nlmsg_flags{0()}, nlmsg_seq{0}, nlmsg_pid{235282228} }
04-09 15:57:54.062 D/OplusNetlinkSocket( 3590): handleNetlinkRecvKernelMessage:nlmsghdr:StructNlMsgHdr{ nlmsg_len{2988}, nlmsg_type{43()}, nlmsg_flags{0()}, nlmsg_seq{0}, nlmsg_pid{235282228} }
04-09 15:57:54.062 D/OplusNetlinkSocket( 3590): handleNetlinkRecvKernelMessage:nlmsghdr:StructNlMsgHdr{ nlmsg_len{648}, nlmsg_type{43()}, nlmsg_flags{0()}, nlmsg_seq{0}, nlmsg_pid{235282228} }
04-09 15:57:54.062 D/KernelStatsHelper( 3590): data over! check: true
04-09 15:57:54.070 I/SDM     ( 2181): DisplayBuiltIn::IdlePowerCollapse: IPC received, disabling partial update for one frame
04-09 15:57:54.071 D/Zygote  ( 2014): Forked child process 14491
04-09 15:57:54.071 I/ActivityManager( 3590): Start proc 14491:com.coloros.gallery3d/u0a130 for content provider {com.coloros.gallery3d/com.oplus.gallery.openabilitypage.photopicker.GalleryCloudMediaProvider}
04-09 15:57:54.071 D/OplusAppStartupManager( 3590): Now Begin Monitor App StartInfo's Time == 768690676
04-09 15:57:54.071 I/ActivityManager( 3590): ProcessObserver broadcast disabled
04-09 15:57:54.072 I/OStatsManager_OplusBatteryStatsManager( 3590): updateStateTime: PkgName = com.coloros.gallery3d, uid = 10130, state to bg, mForegroundCnt = 0, isFg = false
04-09 15:57:54.072 I/MemoryOperationUtils( 3590): add 14491 to com.coloros.gallery3d
04-09 15:57:54.082 I/loros.gallery3d(14491): isSwordfishLaunchAppEnabled_ 1 isSwordfishInstallAppEnabled_ 1
04-09 15:57:54.082 E/loros.gallery3d(14491): Unknown bits set in runtime_flags: 0x40000000
04-09 15:57:54.082 I/loros.gallery3d(14491): Using CollectorTypeCMC GC.
04-09 15:57:54.085 E/loros.gallery3d(14491): Not starting debugger since process cannot load the jdwp agent.
04-09 15:57:54.085 I/ChainTrace( 6825): stream type=syncEvent gapMs=1333 refreshMarket=true
04-09 15:57:54.086 D/nativeloader(14491): Load libframework-connectivity-tiramisu-jni.so using APEX ns com_android_tethering for caller /apex/com.android.tethering/javalib/framework-connectivity-t.jar: ok
04-09 15:57:54.088 W/libc    (14491): Access denied finding property "persist.vendor.sys.activitylog"
04-09 15:57:54.088 I/OneTrace(14491): Mark active for pid=14491? true
04-09 15:57:54.088 D/cutils-dev(14491): otrace_set_tracing_enabled? true tag:0
04-09 15:57:54.089 D/cutils-dev(14491): properties changed in otrace_seq_number_changed!
04-09 15:57:54.091 D/SplitScreenAppReader( 3590): SPLIT_TOUCH support check:com.coloros.gallery3d = true
04-09 15:57:54.091 D/ActivityTaskManagerServiceExtImpl( 3590): preBindApplication record is null
04-09 15:57:54.091 D/RGBNormalizeServer( 3590): OplusRGBNormalize feature enabled ? true
04-09 15:57:54.091 D/ResourcesManagerCache( 3590): For package com.coloros.gallery3d we got cacheList [null] appInfoExt is null ? false hasFeature ? false
04-09 15:57:54.093 V/OsAgent ( 8337): broadcastSystemEvent - 7
04-09 15:57:54.094 D/SurfaceSyncGroup(14491): preCreateSurfaceSyncGroupTimerThread
04-09 15:57:54.094 D/CompactWindowAppManager(14491): initCompactApplicationInfo CompactMode: , NormalMode: 
04-09 15:57:54.095 V/Configuration(14491): Updating configuration, locales updated from [] to [zh_CN]
04-09 15:57:54.095 D/OplusScrollToTopManager(14491): setIsInWhiteList false
04-09 15:57:54.096 D/OplusViewDebugManager(14491): OplusViewDebugManager Constructor android.view.debug.OplusViewDebugManager@641bd33 [mHasViewDebugProperty true] [mHasMsgDebugProperty false] [DEBUG false] [EXTRAINFOENABLE false] [LIGHT_OS false]
04-09 15:57:54.097 W/libc    (14491): Access denied finding property "ro.odm.prev.product.name"
04-09 15:57:54.098 D/ApplicationLoaders(14491): Returning zygote-cached class loader: /system_ext/framework/androidx.window.extensions.jar
04-09 15:57:54.098 D/ApplicationLoaders(14491): Returning zygote-cached class loader: /system_ext/framework/androidx.window.sidecar.jar
04-09 15:57:54.099 D/nativeloader(14491): Configuring clns-9 for other apk /system/system_ext/framework/vendor.oplus.hardware.cryptoeng-V1.0-java.jar. target_sdk_version=36, uses_libraries=ALL, library_path=/product/priv-app/OppoGallery2/lib/arm64:/product/priv-app/OppoGallery2/OppoGallery2.apk!/lib/arm64-v8a, permitted_path=/data:/mnt/expand:/data/user/0/com.coloros.gallery3d
04-09 15:57:54.099 D/nativeloader(14491): Extending system_exposed_libraries: libbinauralrenderer_wrapper.qti.so:libhoaeffects.qti.so:libsuperNight.oplus.so:libAPSClient-cmd-jni-extension.oplus.so:libsatellite_audio_jni.oplus.so:libortc_so.oplus.so:libsoundtouch.oplus.so:libsoundtouch_jni.oplus.so:libOplusStringJNI-extension.oplus.so:libsatellite_ostx_jni.oplus.so:libapssuspend-jni.oplus.so:libupdateprof.qti.so:libthermalclient.qti.so:libqape.qti.so:libqesdk_ndk_platform.qti.so:liblistenjni.qti.so
04-09 15:57:54.100 D/nativeloader(14491): InitLlndkLibrariesProduct: libEGL.so:libGLESv1_CM.so:libGLESv2.so:libGLESv3.so:libRS.so:libandroid_net.so:libapexsupport.so:libavf.so:libbinder_ndk.so:libc.so:libcgrouprc.so:libclang_rt.asan-aarch64-android.so:libclang_rt.asan-arm-android.so:libclang_rt.hwasan-aarch64-android.so:libcom.android.tethering.connectivity_native.so:libdl.so:libft2.so:liblog.so:libm.so:libmediandk.so:libnativewindow.so:libneuralnetworks.so:libselinux.so:libsync.so:libvendorsupport.so:libvndksupport.so:libvulkan.so
04-09 15:57:54.100 D/nativeloader(14491): Configuring product-clns-10 for unbundled product apk /product/framework/com.oplus.camera.unit.sdk.jar. target_sdk_version=36, uses_libraries=ALL, library_path=/product/priv-app/OppoGallery2/lib/arm64:/product/priv-app/OppoGallery2/OppoGallery2.apk!/lib/arm64-v8a:/product/lib64:/system/product/lib64, permitted_path=/data:/mnt/expand:/data/user/0/com.coloros.gallery3d:/product/lib64:/system/product/lib64
04-09 15:57:54.100 D/nativeloader(14491): Extending system_exposed_libraries: libbinauralrenderer_wrapper.qti.so:libhoaeffects.qti.so:libsuperNight.oplus.so:libAPSClient-cmd-jni-extension.oplus.so:libsatellite_audio_jni.oplus.so:libortc_so.oplus.so:libsoundtouch.oplus.so:libsoundtouch_jni.oplus.so:libOplusStringJNI-extension.oplus.so:libsatellite_ostx_jni.oplus.so:libapssuspend-jni.oplus.so:libupdateprof.qti.so:libthermalclient.qti.so:libqape.qti.so:libqesdk_ndk_platform.qti.so:liblistenjni.qti.so
04-09 15:57:54.100 D/nativeloader(14491): InitVndkspLibrariesProduct: VNDK is deprecated with product
04-09 15:57:54.125 D/nativeloader(14491): Configuring product-clns-11 for unbundled product apk /product/priv-app/OppoGallery2/OppoGallery2.apk. target_sdk_version=36, uses_libraries=libcdsprpc.so:libOpenCL.so:libcdsprpc.so, library_path=/product/priv-app/OppoGallery2/lib/arm64:/product/priv-app/OppoGallery2/OppoGallery2.apk!/lib/arm64-v8a:/product/lib64:/system/product/lib64, permitted_path=/data:/mnt/expand:/data/user/0/com.coloros.gallery3d:/product/lib64:/system/product/lib64
04-09 15:57:54.144 I/loros.gallery3d(14491): AssetManager2(0xb400007246ca0428) locale list changing from [] to [zh-CN]
04-09 15:57:54.147 V/GraphicsEnvironment(14491): Currently set values for:
04-09 15:57:54.147 V/GraphicsEnvironment(14491):   angle_gl_driver_selection_pkgs=[]
04-09 15:57:54.147 V/GraphicsEnvironment(14491):   angle_gl_driver_selection_values=[]
04-09 15:57:54.147 V/GraphicsEnvironment(14491): com.coloros.gallery3d is not listed in per-application setting
04-09 15:57:54.147 V/GraphicsEnvironment(14491): ANGLE allowlist from config: 
04-09 15:57:54.147 V/GraphicsEnvironment(14491): com.coloros.gallery3d is not listed in ANGLE allowlist or settings, returning default
04-09 15:57:54.150 D/ResourcesManagerExtImpl(14491): applyConfigurationToAppResourcesLocked app.getDisplayId() return callback.displayId:-1
04-09 15:57:54.158 W/ModemAci( 8498): [KernelWakeupInfo] failed to update kernel wakeup due to empty map!
04-09 15:57:54.159 I/LinkPower( 3590): [MonitorLeafBpfWakeup] Origin WakeupInfoMain Diff:89s InWakeup:null OutWakeup:null WakeupDuration(ms):null
04-09 15:57:54.159 I/LinkPower( 3590): [MonitorLeafBpfWakeup] Origin WakeupInfoDetails Diff:89s OutImHbWakeup:null OutAlignWakeup:null InKeepWakeup:null ReInWakeup:null ReOutWakeup:null
04-09 15:57:54.200 W/GLog    (14491): use default logger
04-09 15:57:54.205 I/MultiDex(14491): VM with version 2.1.0 has multidex support
04-09 15:57:54.205 I/MultiDex(14491): Installing application
04-09 15:57:54.205 I/MultiDex(14491): VM has multidex support, MultiDex support library is disabled.
04-09 15:57:54.211 I/SurfaceControl( 6825):  setExtendedRangeBrightness sc=Surface(name=)/@0x51f69f9,currentBufferRatio=1.0,desiredRatio=1.0
04-09 15:57:54.211 V/WindowManager( 3590): Relayout Window{f71f005 u0 com.binance.monitor}: viewVisibility=0, oldvis=0, req=315x379 , apr = 0, vsysui=, x=-1885, y=1068
04-09 15:57:54.211 D/InsetsSourceProvider( 3590): updateSourceFrameForServerVisibility mandatorySystemGestures EMPTY_RECT
04-09 15:57:54.212 D/InsetsSourceProvider( 3590): updateSourceFrameForServerVisibility mandatorySystemGestures EMPTY_RECT
04-09 15:57:54.220 E/ashmem  (14491): Pinning is deprecated since Android Q. Please use trim or other methods.
04-09 15:57:54.230 W/PluginRouterRegister(14491):  register interface com.oplus.gallery.basebiz.dfm.ICloudSyncRouterRegister
04-09 15:57:54.231 W/PluginRouterRegister(14491):  register interface com.oplus.gallery.basebiz.dfm.IPictureEditorRouterRegister
04-09 15:57:54.232 W/PluginRouterRegister(14491):  register interface com.oplus.gallery.basebiz.dfm.IVideoEditorRouterRegister
04-09 15:57:54.233 W/PluginRouterRegister(14491):  register interface com.oplus.gallery.basebiz.dfm.ICollageRouterRegister
04-09 15:57:54.233 W/PluginRouterRegister(14491):  register interface com.oplus.gallery.basebiz.dfm.ISharedAlbumRouterRegister
04-09 15:57:54.235 E/CwbService( 2181): Panel not support apl read or getDisplayPanelAplValue timeout 10ms.
04-09 15:57:54.235 D/SensorFeature( 2258): name=ssc_screenshot_info ,index = 22
04-09 15:57:54.235 D/SensorFeature( 2258): write 39 bytes:768690818877144,768690829988255,28838,0
04-09 15:57:54.239 W/DesktopModeFlags(14491): Could not get the current application.
04-09 15:57:54.239 D/DesktopModeFlags(14491): Toggle override initialized to: OVERRIDE_UNSET
04-09 15:57:54.242 W/PluginRouterRegister(14491):  register interface com.oplus.gallery.basebiz.dfm.IPhotoRouterRegister
04-09 15:57:54.242 W/OifaceBindUtils(14491):  bindTask, Thread[singleForegroundTask - BindSmallCore-0,5,main]
04-09 15:57:54.243 D/sysapi-UxThreadUtils(14491): reportKeyThread, threadName: GalleryPreloadThread, eventId: 8011
04-09 15:57:54.243 D/OsenseResManager(14491): uaf enabled=true, uaf key thread enabled=true
04-09 15:57:54.243 D/sysapi-UxThreadUtils(14491): requestSysResource, eventId: 8011
04-09 15:57:54.245 I/loros.gallery3d(14491): AssetManager2(0xb4000071ed541c28) locale list changing from [] to [zh-CN]
04-09 15:57:54.254 W/g_db.ConfigProvider(14491):  onCreate
04-09 15:57:54.260 W/ModemAci( 8498): [AppInfo] failed to update app info due to empty map!
04-09 15:57:54.262 D/OplusGraphicsEvent(14491): OplusGraphicsEventListener create now!
04-09 15:57:54.262 D/OplusGraphicsEvent(14491): addEventListener success!
04-09 15:57:54.262 E/[UAH_CLIENT](14491): uahInit enter
04-09 15:57:54.263 W/loros.gallery3d(14491): AIBinder_linkToDeath is being called with a non-null cookie and no onUnlink callback set. This might not be intended. AIBinder_DeathRecipient_setOnUnlinked should be called first.
04-09 15:57:54.263 I/UrccFramework-halservice( 2303): Urcc::init is called 
04-09 15:57:54.263 I/[UAH_CLIENT](14491): UahGetFeatureStatus enter
04-09 15:57:54.266 I/DictFileProvider(14491): onCreate
04-09 15:57:54.268 I/Channel.Client[1000028]Utils(14491): Utils sIsDebug sync ret: false
04-09 15:57:54.272 I/CardWidget.AppCardWidgetProvider(14491): initCardWidget start,[sdk:v2000005]
04-09 15:57:54.272 I/CardWidget.GlobalDIConfig(14491): initial...start,[sdk:v2000005]
04-09 15:57:54.272 D/OppoUsbEnvironmentSys(14491): getVolumes: sInternalSdDir=/storage/emulated/0
04-09 15:57:54.272 D/OppoUsbEnvironmentSys(14491): getVolumes: sInternalSdDir=/storage/emulated/0
04-09 15:57:54.272 D/OppoUsbEnvironmentSys(14491): update: registerReceiver sVolumeStateReceiver
04-09 15:57:54.273 E/WifiHAL ( 2123): wifi_get_cached_scan_results: Wifi Cached Scan Result not supported by driver
04-09 15:57:54.273 E/WifiStaIfaceAidlImpl( 3590): getCachedScanData failed with service-specific exception: android.os.ServiceSpecificException:  (code 4)
04-09 15:57:54.273 I/CardWidget.GlobalDIConfig(14491): initial...end,[sdk:v2000005]
04-09 15:57:54.274 I/CardWidget.BaseInterfaceLayerProvider(14491): on interface layer initial start,[sdk:v2000005]
04-09 15:57:54.274 I/Channel.Client[1000028]ClientChannel(14491): initClientChannel by Context
04-09 15:57:54.274 E/CardWidget.AppUtils(14491): getMetaInt NameNotFoundException:com.oplus.pantanal.ums,[sdk:v2000005]
04-09 15:57:54.274 I/CardWidget.Utils(14491): isUmsRunCardService, isUmsCardService=false,isUmsSupportCardService=false, isAboveOSVersion14=true,[sdk:v2000005]
04-09 15:57:54.274 I/Channel.Client[1000028].gallery3d.ClientChannel(14491): initClientImpl serverAuthority = [com.oplus.cardservice.repository.provider.CardServiceServerProvider], clientName = [com.oplus.gallery.widgetlib.provider.GalleryCardWidgetProvider], client = [com.oplus.gallery.widgetlib.provider.GalleryCardWidgetProvider@c2158b0]
04-09 15:57:54.274 I/Channel.Client[1000028].gallery3d.WorkHandler(14491): getInstance, instance com.oplus.channel.client.utils.WorkHandler@9a72791
04-09 15:57:54.274 I/CardWidget.BaseInterfaceLayerProvider(14491): provider create and initial ClientChannel: com.oplus.gallery.widgetlib.provider.GalleryCardWidgetProvider,[sdk:v2000005]
04-09 15:57:54.274 D/ActivityThread(14491): Loading provider com.oplus.gallery.database.provider.gallery: com.oplus.gallery.foundation.database.provider.GalleryProvider
04-09 15:57:54.274 I/CardWidget.BaseInterfaceLayerProvider(14491): on interface layer initial end,[sdk:v2000005]
04-09 15:57:54.274 I/CardWidget.AppCardWidgetProvider(14491): initCardWidget end,[sdk:v2000005]
04-09 15:57:54.275 E/Channel.Client[1000028].gallery3d.ChannelClientLogUtil(14491): registerContentObserver error exception:Failed to find provider com.oplus.pantanal.ums.decision for user 0; expected to find a valid ContentProvider for this authority
04-09 15:57:54.276 W/g_db.GalleryProvider(14491):  onCreate
04-09 15:57:54.276 W/g_db.GalleryProvider(14491):  onCreate
04-09 15:57:54.276 W/g_db.CloudProvider(14491):  onCreate
04-09 15:57:54.276 D/ActivityThread(14491): Loading provider com.oplus.gallery.database.provider.cache: com.oplus.gallery.foundation.database.provider.CacheProvider
04-09 15:57:54.276 W/g_db.CacheProvider(14491):  onCreate
04-09 15:57:54.277 D/ActivityThread(14491): Loading provider com.oplus.gallery.database.provider.watermark_master: com.oplus.gallery.foundation.database.provider.WatermarkMasterProvider
04-09 15:57:54.277 W/g_db.CacheProvider(14491):  onCreate
04-09 15:57:54.277 D/VendorWifiService(14034): onEvent event:9,action:1
04-09 15:57:54.278 D/ScorerUtils( 3590): isLowTraffic: txTputKBps=0, rxTputKBps=1
04-09 15:57:54.279 D/OplusWifiPower_TriggerCenter( 3590): mComponentCallback: wifistat
04-09 15:57:54.279 D/OplusNetKit( 3590): in getLpByInterface name from LP: [rmnet_data3]
04-09 15:57:54.279 D/OplusNetKit( 3590): in getLpByInterface name from LP: [rmnet_data4]
04-09 15:57:54.279 D/OplusNetKit( 3590): in getLpByInterface name from LP: [wlan0]
04-09 15:57:54.279 D/OplusNetKit( 3590): oplus_wifi_network check inet by slow arp: /10.36.202.***
04-09 15:57:54.279 D/OplusNetKit( 3590): interface name from LP: [rmnet_data3]
04-09 15:57:54.279 D/OplusNetKit( 3590): interface name from LP: [rmnet_data4]
04-09 15:57:54.279 D/OplusNetKit( 3590): interface name from LP: [wlan0]
04-09 15:57:54.279 D/OplusNetKit( 3590): in getLpByInterface name from LP: [rmnet_data3]
04-09 15:57:54.279 D/OplusNetKit( 3590): in getLpByInterface name from LP: [rmnet_data4]
04-09 15:57:54.279 D/OplusNetKit( 3590): in getLpByInterface name from LP: [wlan0]
04-09 15:57:54.279 D/OplusNetKit( 3590): in getLpByInterface name from LP: [rmnet_data3]
04-09 15:57:54.279 D/OplusNetKit( 3590): in getLpByInterface name from LP: [rmnet_data4]
04-09 15:57:54.279 D/OplusNetKit( 3590): in getLpByInterface name from LP: [wlan0]
04-09 15:57:54.281 I/ActivityManager( 3590): Flag disabled. Ignoring finishAttachApplication from uid: 10130. pid: 14491
04-09 15:57:54.282 E/ANDR-PERF-CLIENT-SYS(14491): death recipent object is fine
04-09 15:57:54.282 W/loros.gallery3d(14491): AIBinder_linkToDeath is being called with a non-null cookie and no onUnlink callback set. This might not be intended. AIBinder_DeathRecipient_setOnUnlinked should be called first.
04-09 15:57:54.282 D/OplusActivityManager(14491): get AMS extension: android.os.BinderProxy@b1d9723
04-09 15:57:54.282 I/OplusTheiaUIMonitorTag(14491): [initPackageInfo] ignore app: com.coloros.gallery3d
04-09 15:57:54.282 E/SchedAssist(14491): open sharedFd failed with error=Permission denied
04-09 15:57:54.283 I/DynamicFramerate [FRTCConfigManager](14491): initFrameRateConfig: 
04-09 15:57:54.283 I/DynamicFramerate [FRTCConfigManager](14491): 	levelsFor120hz: [120, 90, 72, 60]
04-09 15:57:54.283 I/DynamicFramerate [FRTCConfigManager](14491): 	thresholdsFor120hz: [1080, 300, 200]
04-09 15:57:54.283 I/DynamicFramerate [FRTCConfigManager](14491): 	levelsFor90hz: [90]
04-09 15:57:54.283 I/DynamicFramerate [FRTCConfigManager](14491): 	thresholdsFor90hz: []
04-09 15:57:54.283 I/DynamicFramerate [FRTCConfigManager](14491): FRTCConfigManager: FRTC_CAPABILITY = 360, package name = com.coloros.gallery3d, WINDOW_ANIMATION_SPEED_RATE = 10, SCROLL_ANIMATION_SPEED_RATE = 20, PACKAGE_ENABLE = false
04-09 15:57:54.283 I/DynamicFramerate [DynamicFrameRateController](14491): init info: mPackageName = com.coloros.gallery3d, mIsEnabled = false
04-09 15:57:54.283 E/ConfigAbilityWrapper(14491):  getString configAbility is null, configId:default_timeline_day_type
04-09 15:57:54.284 D/OplusArpPeer_euclid_psw( 3590): Do not fill sender ip
04-09 15:57:54.286 I/UMS.CardServiceServerProvider(26985): call, method=pullCommand, arg=com.oplus.gallery.widgetlib.provider.GalleryCardWidgetProvider, extras=Bundle[{key_callingPackage=com.coloros.gallery3d, key_callingPid=14491}] callingPackage=com.coloros.g***d, callingPid=14491, [UMS|com.oplus.pantanal.ums|2.0.42-6d1531a]
04-09 15:57:54.286 I/Channel.Server[1000038].ums.IServerImpl(26985): getCommandList, clientName=com.oplus.gallery.widgetlib.provider.GalleryCardWidgetProvider, clientProxy=null
04-09 15:57:54.286 I/CardService[1006180].CardServiceServerProviderProxy(26985): call: method = pullCommand, callingPackageName = *om.co*oros.*aller*3d, callingPid = 14491
04-09 15:57:54.286 E/FileStrategy(26985): java.io.IOException: Read-only file system
04-09 15:57:54.286 I/Channel.Server[1000038].ums.ChannelServerProvider(26985): call, method=[pullCommand], clientName=[com.oplus.gallery.widgetlib.provider.GalleryCardWidgetProvider], resultCallBackId=[null]
04-09 15:57:54.292 I/sensors-hal( 2113): handle_oplus_wise_rgb_event:161, wise_rgb: (15509)(cct, lux, ir)[5287.75, 218.35, 12.089253] (r, g, b, c)[7827.31, 5954.90, 2973.72, 16431.35]                 (pwm, hbm, brl, algo)[0.0 0.0 1380.0 2.0], flag 28838
04-09 15:57:54.296 W/Channel.Client[1000028].gallery3d.ClientProxy.GalleryCardWidgetProvider(14491): pullCommand, result.byteArray is null
04-09 15:57:54.296 I/Channel.Client[1000028].gallery3d.ClientProxy.GalleryCardWidgetProvider(14491): pullAndRunCommand commandList = []
04-09 15:57:54.313 I/SDM     ( 2181): DisplayBuiltIn::IdlePowerCollapse: IPC received, disabling partial update for one frame
04-09 15:57:54.328 D/PickerSyncController(11108):    Latest ID/Gen=2804a460-59a4-458f-98e0-9af65213f856/1775715846206
04-09 15:57:54.328 D/PickerSyncController(11108):    Cached ID/Gen=2804a460-59a4-458f-98e0-9af65213f856/1775715784279
04-09 15:57:54.328 D/PickerSyncController(11108):    RESULT=SyncRequestParams{type=MEDIA_INCREMENTAL, gen=1775715784279, latest=Bundle[{last_media_sync_generation=1775715846206, media_collection_id=2804a460-59a4-458f-98e0-9af65213f856, account_name=null, account_configuration_intent=null}], pageSize=1000}
04-09 15:57:54.328 I/PickerSyncController(11108): Executing SyncAdd. isLocal: true. authority: com.coloros.gallery3d.photopicker
04-09 15:57:54.328 D/PickerSyncLockManager(11108): Trying to acquire lock com.android.providers.media.photopicker.sync.CloseableReentrantLock@7a6ea41[Unlocked]. Lock Name = CLOUD_PROVIDER_LOCK. Threads that may be waiting to acquire this lock = [] with timeout.
04-09 15:57:54.328 D/CloseableReentrantLock(11108): Successfully acquired lock com.android.providers.media.photopicker.sync.CloseableReentrantLock@7a6ea41[Locked by thread pool-4-thread-2]. Lock Name = CLOUD_PROVIDER_LOCK. Threads that may be waiting to acquire this lock = []
04-09 15:57:54.328 D/CloseableReentrantLock(11108): Successfully released lock com.android.providers.media.photopicker.sync.CloseableReentrantLock@7a6ea41[Unlocked]. Lock Name = CLOUD_PROVIDER_LOCK. Threads that may be waiting to acquire this lock = []
04-09 15:57:54.334 D/PickerSyncLockManager(11108): Trying to acquire lock com.android.providers.media.photopicker.sync.CloseableReentrantLock@7a6ea41[Unlocked]. Lock Name = CLOUD_PROVIDER_LOCK. Threads that may be waiting to acquire this lock = [] with timeout.
04-09 15:57:54.334 D/CloseableReentrantLock(11108): Successfully acquired lock com.android.providers.media.photopicker.sync.CloseableReentrantLock@7a6ea41[Locked by thread pool-4-thread-2]. Lock Name = CLOUD_PROVIDER_LOCK. Threads that may be waiting to acquire this lock = []
04-09 15:57:54.334 D/PickerSyncController(11108): Clearing next page token for key: local_provider:media_add:resume
04-09 15:57:54.334 D/CloseableReentrantLock(11108): Successfully released lock com.android.providers.media.photopicker.sync.CloseableReentrantLock@7a6ea41[Unlocked]. Lock Name = CLOUD_PROVIDER_LOCK. Threads that may be waiting to acquire this lock = []
04-09 15:57:54.335 D/PickerNotificationSender(11108): Sending a notification for media update
04-09 15:57:54.335 D/PickerNotificationSender(11108): Sending a notification for album media update Albums
04-09 15:57:54.335 I/SearchDatabaseUtil(11108): Add media, reset search resume key
04-09 15:57:54.335 I/PickerSyncController(11108): Paged sync successful. QueryArgs: Bundle[{android.provider.extra.SYNC_GENERATION=1775715784279, android.provider.extra.PAGE_SIZE=1000}] Total Rows: 1
04-09 15:57:54.335 I/PickerSyncController(11108): Executing SyncRemove. isLocal: true. authority: com.coloros.gallery3d.photopicker
04-09 15:57:54.335 D/PickerSyncLockManager(11108): Trying to acquire lock com.android.providers.media.photopicker.sync.CloseableReentrantLock@7a6ea41[Unlocked]. Lock Name = CLOUD_PROVIDER_LOCK. Threads that may be waiting to acquire this lock = [] with timeout.
04-09 15:57:54.335 D/CloseableReentrantLock(11108): Successfully acquired lock com.android.providers.media.photopicker.sync.CloseableReentrantLock@7a6ea41[Locked by thread pool-4-thread-2]. Lock Name = CLOUD_PROVIDER_LOCK. Threads that may be waiting to acquire this lock = []
04-09 15:57:54.335 D/CloseableReentrantLock(11108): Successfully released lock com.android.providers.media.photopicker.sync.CloseableReentrantLock@7a6ea41[Unlocked]. Lock Name = CLOUD_PROVIDER_LOCK. Threads that may be waiting to acquire this lock = []
04-09 15:57:54.337 I/PickerDbFacade(11108): RemoveMediaOperation executeInternal, counter = 0, albumCounter = 0
04-09 15:57:54.337 D/PickerSyncLockManager(11108): Trying to acquire lock com.android.providers.media.photopicker.sync.CloseableReentrantLock@7a6ea41[Unlocked]. Lock Name = CLOUD_PROVIDER_LOCK. Threads that may be waiting to acquire this lock = [] with timeout.
04-09 15:57:54.337 D/CloseableReentrantLock(11108): Successfully acquired lock com.android.providers.media.photopicker.sync.CloseableReentrantLock@7a6ea41[Locked by thread pool-4-thread-2]. Lock Name = CLOUD_PROVIDER_LOCK. Threads that may be waiting to acquire this lock = []
04-09 15:57:54.337 D/PickerSyncController(11108): Clearing next page token for key: local_provider:media_remove:resume
04-09 15:57:54.337 D/CloseableReentrantLock(11108): Successfully released lock com.android.providers.media.photopicker.sync.CloseableReentrantLock@7a6ea41[Unlocked]. Lock Name = CLOUD_PROVIDER_LOCK. Threads that may be waiting to acquire this lock = []
04-09 15:57:54.337 I/PickerSyncController(11108): Paged sync successful. QueryArgs: Bundle[{android.provider.extra.SYNC_GENERATION=1775715784279, android.provider.extra.PAGE_SIZE=1000}] Total Rows: 0
04-09 15:57:54.337 I/PickerSyncTracker(11108): Marked sync future complete for work id: 50c19edd-d643-4a94-8497-12c304dd31f0. Future map: {}
04-09 15:57:54.337 I/PSyncWorker(11108): Completed picker proactive sync complete from local provider.
04-09 15:57:54.338 I/WM-WorkerWrapper(11108): Worker result SUCCESS for Work [ id=50c19edd-d643-4a94-8497-12c304dd31f0, tags={ com.android.providers.media.photopicker.sync.ProactiveSyncWorker } ]
04-09 15:57:54.338 D/WM-Processor(11108): Processor 50c19edd-d643-4a94-8497-12c304dd31f0 executed; reschedule = false
04-09 15:57:54.338 D/WM-GreedyScheduler(11108): Stopping tracking for WorkGenerationalId(workSpecId=50c19edd-d643-4a94-8497-12c304dd31f0, generation=0)
04-09 15:57:54.338 D/WM-SystemJobService(11108): 50c19edd-d643-4a94-8497-12c304dd31f0 executed on JobScheduler
04-09 15:57:54.340 D/WM-GreedyScheduler(11108): Cancelling work ID 50c19edd-d643-4a94-8497-12c304dd31f0
04-09 15:57:54.341 D/WM-BrdcstRcvrCnstrntTrc(11108): BatteryNotLowTracker: unregistering receiver
04-09 15:57:54.341 D/nativeloader(14491): Load /product/priv-app/OppoGallery2/OppoGallery2.apk!/lib/arm64-v8a/liboplus_gifdecoder.so using class loader ns product-clns-11 (caller=/my_stock/priv-app/OppoGallery2/OppoGallery2.apk!classes9.dex): ok
04-09 15:57:54.341 D/sysapi-UxThreadUtils(14491): release, eventId: 8011
04-09 15:57:54.343 D/sysapi-LongBgTaskQuotaManager(14491): isSupport = true
04-09 15:57:54.343 D/sysapi-LongBgTaskQuotaManager(14491): [add]     count = 0, requestId = -1, hadRequested = false , TaskDispatcher.run
04-09 15:57:54.343 D/sysapi-LongBgTaskQuotaManager(14491): [add]     startBackgroundRunning
04-09 15:57:54.343 D/sysapi-LongBgTaskQuotaManager(14491): [requestRunningTaskInfo]  requestId: 25 -> -1, resultCode: 10000
04-09 15:57:54.344 W/ThumbnailCache(14491):  [getBitmap] return null when get bitmap from all cache,type:MEMORY_AND_DISK key=LocalMediaCacheKey(path=/local/item/image/4851, dateModifiedInSec=1775703643, mimeType=image/jpeg, cropParams=NoCrop, codecType:null)
04-09 15:57:54.344 W/ThumbnailCache(14491):  [getBitmap] return null when get bitmap from all cache,type:MEMORY_AND_DISK key=LocalMediaCacheKey(path=/local/item/image/4849, dateModifiedInSec=1775697100, mimeType=image/jpeg, cropParams=NoCrop, codecType:null)
04-09 15:57:54.344 E/LocalImageBitmapRequester(14491):  requestSource bitmap is null
04-09 15:57:54.344 E/LocalImageBitmapRequester(14491):  requestSource bitmap is null
04-09 15:57:54.345 W/ThumbnailCache(14491):  [getBitmap] return null when get bitmap from all cache,type:MEMORY_AND_DISK key=LocalMediaCacheKey(path=/local/item/image/4852, dateModifiedInSec=1775703646, mimeType=image/jpeg, cropParams=NoCrop, codecType:null)
04-09 15:57:54.345 W/ThumbnailCache(14491):  [getBitmap] return null when get bitmap from all cache,type:MEMORY_AND_DISK key=LocalMediaCacheKey(path=/local/item/image/4850, dateModifiedInSec=1775698434, mimeType=image/jpeg, cropParams=NoCrop, codecType:null)
04-09 15:57:54.345 E/LocalImageBitmapRequester(14491):  requestSource bitmap is null
04-09 15:57:54.345 E/LocalImageBitmapRequester(14491):  requestSource bitmap is null
04-09 15:57:54.345 W/ThumbnailCache(14491):  [getBitmap] return null when get bitmap from all cache,type:MEMORY_AND_DISK key=LocalMediaCacheKey(path=/local/item/image/4847, dateModifiedInSec=1775227494, mimeType=image/jpeg, cropParams=NoCrop, codecType:null)
04-09 15:57:54.345 E/LocalImageBitmapRequester(14491):  requestSource bitmap is null
04-09 15:57:54.345 W/ThumbnailCache(14491):  [getBitmap] return null when get bitmap from all cache,type:MEMORY_AND_DISK key=LocalMediaCacheKey(path=/local/item/image/4846, dateModifiedInSec=1775563234, mimeType=image/jpeg, cropParams=NoCrop, codecType:null)
04-09 15:57:54.345 W/ThumbnailCache(14491):  [getBitmap] return null when get bitmap from all cache,type:MEMORY_AND_DISK key=LocalMediaCacheKey(path=/local/item/image/4848, dateModifiedInSec=1775196570, mimeType=image/jpeg, cropParams=NoCrop, codecType:null)
04-09 15:57:54.345 E/LocalImageBitmapRequester(14491):  requestSource bitmap is null
04-09 15:57:54.345 E/LocalImageBitmapRequester(14491):  requestSource bitmap is null
04-09 15:57:54.422 I/sensors-hal( 2113): handle_sns_std_sensor_event:114, oplus rgb_rear sample: (cct, lux, ir, x, y)[5150, 76, 21, 343, 383]
04-09 15:57:54.422 I/sensors-hal( 2113): handle_sns_std_sensor_event:116, oplus rgb_rear sample: (r, g, b, c w)[4175, 8597, 1376, 184, 0]
04-09 15:57:54.492 D/CommonApp-234-10512(14034): transport layer data is invalid
04-09 15:57:54.493 D/CommonApp-235-10512(14034): commonScoreStrategy scenarios low package
04-09 15:57:54.493 D/ScorePolicy(14034): handleScoreChanged: []
04-09 15:57:54.493 D/ScorePolicy(14034): handleScoreChanged: []
04-09 15:57:54.493 D/ScorePolicy(14034): handleScoreChanged: []
04-09 15:57:54.570 I/SDM     ( 2181): DisplayBuiltIn::IdlePowerCollapse: IPC received, disabling partial update for one frame
04-09 15:57:54.576 E/CwbService( 2181): Panel not support apl read or getDisplayPanelAplValue timeout 10ms.
04-09 15:57:54.576 D/SensorFeature( 2258): name=ssc_screenshot_info ,index = 22
04-09 15:57:54.576 D/SensorFeature( 2258): write 39 bytes:768691115914193,768691170016172,28839,0
04-09 15:57:54.578 I/sensors-hal( 2113): handle_oplus_wise_rgb_event:189, high_pwm_light:lux 218.7,cct 5300.8,brl/algo/ir 1380.0/2.0/12.6,pwm/dc 0.0/0.0,rgbc 7827.305664/5948.297363/2971.507812/16417.357422,ts 768691090554143,cnt 15514,flag 28839
04-09 15:57:54.579 I/sensors-hal( 2113): handle_oplus_wise_rgb_event:161, wise_rgb: (15514)(cct, lux, ir)[5300.80, 218.69, 12.606758] (r, g, b, c)[7827.31, 5948.30, 2971.51, 16417.36]                 (pwm, hbm, brl, algo)[0.0 0.0 1380.0 2.0], flag 28839
04-09 15:57:54.594 I/vendor.qti.bluetooth@1.0-ibs_handler( 2103): ProcessIbsCmd: Received IBS_WAKE_IND: 0xFD
04-09 15:57:54.594 D/vendor.qti.bluetooth@1.0-ibs_handler( 2103): SerialClockVote: vote for UART CLK ON
04-09 15:57:54.594 D/vendor.qti.bluetooth@1.0-wake_lock( 2103): Acquire wakelock is acquired 
04-09 15:57:54.594 I/vendor.qti.bluetooth@1.0-ibs_handler( 2103): ProcessIbsCmd: Writing IBS_WAKE_ACK
04-09 15:57:54.635 I/vendor.qti.bluetooth@1.0-ibs_handler( 2103): ProcessIbsCmd: Received IBS_SLEEP_IND: 0xFE
04-09 15:57:54.635 D/vendor.qti.bluetooth@1.0-ibs_handler( 2103): SerialClockVote: vote for UART CLK OFF
04-09 15:57:54.644 I/Osense-BaseDecisionMaker( 3590): notifySceneToAthenaPolicy: SCENE_RES_IO_PSI, bundle: Bundle[{ioLevel=3}]
04-09 15:57:54.645 I/Osense-BaseDecisionMaker( 3590): scene: SCENE_RES_IO_PSI, excutingPolicy: reentrant
04-09 15:57:54.645 D/Osense-BaseDecisionMaker( 3590): invoke reentrant policy
04-09 15:57:54.646 V/OCAM_Performance( 5836): onOsenseEventSceneChanged, event: 104
04-09 15:57:54.646 V/OCAM_Performance( 5836): onOsenseEventSceneChanged, [extra] startTime: 1775721474645
04-09 15:57:54.717 D/vendor.oplus.hardware.charger-V10-service( 2280): ret_value:121, read content:,294,294,3996,3995,231,64,65,1,1,0,494,4962,65,1,4480,600,500,0,0,9500,0,0,1,0,2,0,0,0,1,5868,89,0,3194,5026,0,0,0,0,0,0
04-09 15:57:54.717 D/vendor.oplus.hardware.charger-V10-service( 2280): gmtime: 2026-04-09-15-57-54
04-09 15:57:54.717 D/vendor.oplus.hardware.charger-V10-service( 2280): usb_online:1, ac_online:-2147483648, wireless_online:-2147483648
04-09 15:57:54.785 D/vendor.qti.bluetooth@1.0-wake_lock( 2103): Release wakelock is released 
04-09 15:57:54.804 I/ChainTrace( 6825): stream type=syncEvent gapMs=719 refreshMarket=true
04-09 15:57:54.825 I/AICCTModule( 3590): SensorFilter: brightness threshold 1.4 screenNit is 98.252 ave enviroment lux is 204.26982 luxForNit 95.26782demarcationPoint200.0 result is false
04-09 15:57:54.825 I/AICCTModule( 3590): SensorFilter: findSecondNearestValue, sensorValue: 5351.6504 nearestMaxValue:5358.7656 secondNearestValue: 5358.7656
04-09 15:57:54.825 I/AICCTModule( 3590): SensorFilter: findSecondNearestValue, sensorValue: 203.94907 nearestMaxValue:204.26982 secondNearestValue: 204.26982
04-09 15:57:54.825 I/sensors-hal( 2113): handle_oplus_wise_rgb_event:161, wise_rgb: (15519)(cct, lux, ir)[5282.26, 218.30, 12.103628] (r, g, b, c)[7869.67, 5979.10, 2980.34, 16431.35]                 (pwm, hbm, brl, algo)[0.0 0.0 1380.0 2.0], flag 28839
04-09 15:57:54.848 D/SensorFeature( 2258): name=ssc_screenshot_info ,index = 22
04-09 15:57:54.849 D/SensorFeature( 2258): write 39 bytes:768691115914193,768691452592474,28840,0
04-09 15:57:54.922 I/SDM     ( 2181): DisplayBuiltIn::IdlePowerCollapse: IPC received, disabling partial update for one frame
04-09 15:57:54.960 D/BatteryChargeControl( 2280): bcc get no support from charging protocol
04-09 15:57:55.093 I/sensors-hal( 2113): handle_oplus_wise_rgb_event:189, high_pwm_light:lux 219.4,cct 5273.5,brl/algo/ir 1380.0/2.0/11.3,pwm/dc 0.0/0.0,rgbc 7877.145996/5992.293945/2973.715576/16470.978516,ts 768691435588466,cnt 15524,flag 28840
04-09 15:57:55.093 D/FusionLightNextGen( 3590): process end reported = 1, mode: 0, cnt: 440330, lux 203.8, cct 5374.5, r/g/b/c: 7832.3/5959.3/2969.3/16394.0, R/G/B: 71.0/68.0/60.0, bri 1380.0, match 1.00, ir 0.010921, conf 5.0, ts 768691479868466
04-09 15:57:55.093 I/sensors-hal( 2113): handle_oplus_wise_rgb_event:161, wise_rgb: (15524)(cct, lux, ir)[5273.49, 219.38, 11.297925] (r, g, b, c)[7877.15, 5992.29, 2973.72, 16470.98]                 (pwm, hbm, brl, algo)[0.0 0.0 1380.0 2.0], flag 28840
04-09 15:57:55.100 E/OplusArpPeer_euclid_psw( 3590): ARP read failure: android.system.ErrnoException: read failed: EAGAIN (Try again)
04-09 15:57:55.100 E/OplusArpPeer_euclid_psw( 3590):  OplusArpPeer close
04-09 15:57:55.109 D/OplusArpPeer_euclid_psw( 3590): Do not fill sender ip
04-09 15:57:55.178 I/SDM     ( 2181): DisplayBuiltIn::IdlePowerCollapse: IPC received, disabling partial update for one frame
04-09 15:57:55.186 E/CwbService( 2181): Panel not support apl read or getDisplayPanelAplValue timeout 10ms.
04-09 15:57:55.187 D/SensorFeature( 2258): name=ssc_screenshot_info ,index = 22
04-09 15:57:55.187 D/SensorFeature( 2258): write 39 bytes:768691726729453,768691780910755,28841,0
04-09 15:57:55.211 I/SurfaceControl( 6825):  setExtendedRangeBrightness sc=Surface(name=)/@0x51f69f9,currentBufferRatio=1.0,desiredRatio=1.0
04-09 15:57:55.211 V/WindowManager( 3590): Relayout Window{f71f005 u0 com.binance.monitor}: viewVisibility=0, oldvis=0, req=315x379 , apr = 0, vsysui=, x=-1885, y=1068
04-09 15:57:55.211 D/InsetsSourceProvider( 3590): updateSourceFrameForServerVisibility mandatorySystemGestures EMPTY_RECT
04-09 15:57:55.212 D/InsetsSourceProvider( 3590): updateSourceFrameForServerVisibility mandatorySystemGestures EMPTY_RECT
04-09 15:57:55.226 D/gaia-GaiaConnectChecker(13843): start connect check++
04-09 15:57:55.310 I/SDM     ( 2181): DisplayBuiltIn::IdlePowerCollapse: IPC received, disabling partial update for one frame
04-09 15:57:55.359 I/sensors-hal( 2113): handle_oplus_wise_rgb_event:161, wise_rgb: (15529)(cct, lux, ir)[5292.70, 219.60, 11.733517] (r, g, b, c)[7884.62, 5994.49, 2973.72, 16508.28]                 (pwm, hbm, brl, algo)[0.0 0.0 1380.0 2.0], flag 28841
04-09 15:57:55.517 D/CommonApp-234-10512(14034): transport layer data is invalid
04-09 15:57:55.517 D/CommonApp-235-10512(14034): commonScoreStrategy scenarios low package
04-09 15:57:55.518 D/ScorePolicy(14034): handleScoreChanged: []
04-09 15:57:55.518 D/ScorePolicy(14034): handleScoreChanged: []
04-09 15:57:55.518 D/ScorePolicy(14034): handleScoreChanged: []
04-09 15:57:55.522 I/SDM     ( 2181): DisplayBuiltIn::IdlePowerCollapse: IPC received, disabling partial update for one frame
04-09 15:57:55.531 E/CwbService( 2181): Panel not support apl read or getDisplayPanelAplValue timeout 10ms.
04-09 15:57:55.532 D/SensorFeature( 2258): name=ssc_screenshot_info ,index = 22
04-09 15:57:55.532 D/SensorFeature( 2258): write 39 bytes:768692071178723,768692125328203,28842,0
04-09 15:57:55.593 W/SQLiteLog(14491): (28) double-quoted string literal: "0"
04-09 15:57:55.593 W/SQLiteLog(14491): (28) double-quoted string literal: "4"
04-09 15:57:55.593 W/SQLiteLog(14491): (28) double-quoted string literal: "5"
04-09 15:57:55.608 W/TaskDispatcher(14491):  postMigrateTask
04-09 15:57:55.609 D/sysapi-LongBgTaskQuotaManager(14491): [add]     count = 1, requestId = 25, hadRequested = false , RecycleDataManager->WorkHandler.refreshRecycler
04-09 15:57:55.610 D/OplusAppDataMigrateManager( 3590): fixupAppDataInternal parserBundle :PersistableBundle[{userId=0, pkgName=com.coloros.gallery3d, relativePath=stories, flag=2, uuid=, callingAppId=10130, pkgSeInfo=app_data_service_user:privapp:targetSdkVersion=36:partition=product, targetSdkVersion=36}]
04-09 15:57:55.611 I/installd( 2763): installd: oplusCommonInterface
04-09 15:57:55.611 E/installd_migrate( 2763): target not exist: /data/data/com.coloros.gallery3d/stories
04-09 15:57:55.611 E/InstalldExtImpl( 2763): target not exist: /data/data/com.coloros.gallery3d/stories: No such file or directory
04-09 15:57:55.611 E/OplusAppDataMigrateManager( 3590): fail to fixupAppData: com.coloros.gallery3d, 2, com.android.server.pm.Installer$InstallerException: android.os.ServiceSpecificException: target not exist: /data/data/com.coloros.gallery3d/stories (code 2)
04-09 15:57:55.612 D/sysapi-LongBgTaskQuotaManager(14491): [add]     count = 2, requestId = 25, hadRequested = false , TaskDispatcher.postCshotScanTask
04-09 15:57:55.612 D/sysapi-LongBgTaskQuotaManager(14491): [add]     count = 3, requestId = 25, hadRequested = false , DelayRecycleScanner.notifyScan
04-09 15:57:55.612 W/SQLiteLog(14491): (28) double-quoted string literal: "%_tmp"
04-09 15:57:55.612 W/SQLiteLog(14491): (28) double-quoted string literal: "%_quick"
04-09 15:57:55.612 W/SQLiteLog(14491): (28) double-quoted string literal: "%_djquick"
04-09 15:57:55.614 W/SQLiteLog(14491): (28) double-quoted string literal: "image/jpeg"
04-09 15:57:55.614 W/SQLiteLog(14491): (28) double-quoted string literal: "image/heic"
04-09 15:57:55.614 W/SQLiteLog(14491): (28) double-quoted string literal: "image/x-adobe-dng"
04-09 15:57:55.614 W/SQLiteLog(14491): (28) double-quoted string literal: "(?i)(DCIM/Camera/Cshot/)([1-9][0-9]*)/|(DCIM/MyAlbums/[^/]+/Cshot/)([1-9][0-9]*)/|(Pictures/MyCollections/[^/]+/Cshot/)([1-9][0-9]*)/"
04-09 15:57:55.615 D/sysapi-LongBgTaskQuotaManager(14491): [remove]  count = 4, requestId = 25, hadRequested = false , TaskDispatcher.run
04-09 15:57:55.615 D/sysapi-LongBgTaskQuotaManager(14491): [add]     count = 3, requestId = 25, hadRequested = false , TaskDispatcher.onMediaSyncEnd
04-09 15:57:55.615 D/sysapi-LongBgTaskQuotaManager(14491): [add]     count = 4, requestId = 25, hadRequested = false , TaskDispatcher.onMediaSyncEnd
04-09 15:57:55.615 D/sysapi-LongBgTaskQuotaManager(14491): [remove]  count = 5, requestId = 25, hadRequested = false , TaskDispatcher.onMediaSyncEnd
04-09 15:57:55.616 W/ExpandParseManager(14491):  isStopParseTask isRunningForeground = false, temperature = 29.293
04-09 15:57:55.616 D/sysapi-LongBgTaskQuotaManager(14491): [remove]  count = 4, requestId = 25, hadRequested = false , TaskDispatcher.onMediaSyncEnd
04-09 15:57:55.616 D/sysapi-LongBgTaskQuotaManager(14491): [add]     count = 3, requestId = 25, hadRequested = false , ExpandParseManager.handleMessage
04-09 15:57:55.616 W/ExpandParseManager(14491):  isStopParseTask isRunningForeground = false, temperature = 29.293
04-09 15:57:55.616 W/OifaceBindUtils(14491):  bindTask, Thread[ParseHandlerThread,5,main]
04-09 15:57:55.616 W/ExpandParseManager(14491):  isStopParseTask isRunningForeground = false, temperature = 29.293
04-09 15:57:55.618 D/sysapi-LongBgTaskQuotaManager(14491): [remove]  count = 4, requestId = 25, hadRequested = false , DelayRecycleScanner.notifyScan
04-09 15:57:55.621 W/FolderCShot(14491):  updateValidCShot, query CShot cursor is null or empty.
04-09 15:57:55.621 W/SQLiteLog(14491): (28) double-quoted string literal: "image/jpeg"
04-09 15:57:55.621 W/SQLiteLog(14491): (28) double-quoted string literal: "image/heic"
04-09 15:57:55.621 W/SQLiteLog(14491): (28) double-quoted string literal: "image/x-adobe-dng"
04-09 15:57:55.621 W/SQLiteLog(14491): (28) double-quoted string literal: ".+/(DCIM/Camera/|DCIM/MyAlbums/[^/]+/|Pictures/MyCollections/[^/]+/)IMG_\d{8}_\d{6}_\d{3}\..+"
04-09 15:57:55.622 D/MediaProvider(11108): Open with FUSE. FilePath: /storage/emulated/0/codex_main_now.png. Uid: 10130. Media Capabilities Uid: 0. ShouldRedact: false. ShouldTranscode: false. ownerPackageName: com.android.shell
04-09 15:57:55.625 I/sensors-hal( 2113): handle_oplus_wise_rgb_event:189, high_pwm_light:lux 217.8,cct 5265.8,brl/algo/ir 1380.0/2.0/13.0,pwm/dc 0.0/0.0,rgbc 7849.733887/5959.296875/2964.884766/16412.695312,ts 768692068416643,cnt 15534,flag 28842
04-09 15:57:55.625 I/sensors-hal( 2113): handle_oplus_wise_rgb_event:161, wise_rgb: (15534)(cct, lux, ir)[5265.85, 217.77, 12.971630] (r, g, b, c)[7849.73, 5959.30, 2964.88, 16412.70]                 (pwm, hbm, brl, algo)[0.0 0.0 1380.0 2.0], flag 28842
04-09 15:57:55.626 W/ExifTagParser(14491):  getUserCommentByOplusExifInterface, e:Invalid exif format : com.oplus.gallery.foundation.exif.oplus.OplusExifInvalidFormatException: Invalid JPEG format com.oplus.aiunit.vision.jsf.l(OplusExifInterface.java:56)
04-09 15:57:55.626 W/FlatCShot(14491):  updateValidCShot, query CShot cursor is null or empty.
04-09 15:57:55.626 W/SQLiteLog(14491): (28) double-quoted string literal: "(?i)(DCIM/Camera/Cshot/)([1-9][0-9]*)/|(DCIM/MyAlbums/[^/]+/Cshot/)([1-9][0-9]*)/|(Pictures/MyCollections/[^/]+/Cshot/)([1-9][0-9]*)/"
04-09 15:57:55.626 W/SQLiteLog(14491): (28) double-quoted string literal: ".+/(DCIM/Camera/|DCIM/MyAlbums/[^/]+/|Pictures/MyCollections/[^/]+/)IMG_\d{8}_\d{6}_\d{3}\..+"
04-09 15:57:55.626 W/SQLiteLog(14491): (28) double-quoted string literal: "image/jpeg"
04-09 15:57:55.626 W/SQLiteLog(14491): (28) double-quoted string literal: "image/heic"
04-09 15:57:55.626 W/SQLiteLog(14491): (28) double-quoted string literal: "image/x-adobe-dng"
04-09 15:57:55.626 V/OplusImageHdrImpl_Java(14491): loadLibrary
04-09 15:57:55.635 D/nativeloader(14491): Load liboplusImageHdrImpl.so using system ns (caller=/system/framework/oplus-framework.jar): ok
04-09 15:57:55.636 W/ScopedStorageMediaExpandParser(14491):  [modifyTagFlagsForPortraitBlur] tagFlags is invalid
04-09 15:57:55.640 D/nativeloader(14491): Load /product/priv-app/OppoGallery2/OppoGallery2.apk!/lib/arm64-v8a/libgallery_fileextender.so using class loader ns product-clns-11 (caller=/my_stock/priv-app/OppoGallery2/OppoGallery2.apk!classes10.dex): ok
04-09 15:57:55.640 D/ContainerJni(14491): JNI_OnLoad
04-09 15:57:55.640 D/ContainerJni(14491): set rdbuf
04-09 15:57:55.640 E/ContainerJni(14491): setDataSourceFdMode
04-09 15:57:55.640 I/Native  (14491): FileExtendedContainer::version=0.0.1
04-09 15:57:55.640 I/Native  (14491): FdDataBuffer=157
04-09 15:57:55.640 I/Native  (14491): oldFd=157,new fd=158
04-09 15:57:55.640 I/Native  (14491): setFdDataSource rb
04-09 15:57:55.640 I/Native  (14491): fileSize:contentEndPos = 377991 : 377983
04-09 15:57:55.640 I/Native  (14491): need go377983
04-09 15:57:55.640 I/Native  (14491): find extInfo, error,try other data 377983
04-09 15:57:55.640 I/Native  (14491): find extInfo, exifAllSize = 24
04-09 15:57:55.640 I/Native  (14491): isAllLower:false
04-09 15:57:55.640 I/Native  (14491): isAllLower:false
04-09 15:57:55.640 I/Native  (14491): find extInfo, exif data error
04-09 15:57:55.640 D/HWUI    (14491): --- Failed to create image decoder with message 'unimplemented'
04-09 15:57:55.640 E/WatermarkFileOperator(14491):  getPhotoSize, photo size less than 0, return null 
04-09 15:57:55.643 W/ProgressiveModeExifInterface(14491):  convertRationalLatLonToDouble, rationalString or ref is null.
04-09 15:57:55.643 W/ProgressiveModeExifInterface(14491):  convertRationalLatLonToDouble, rationalString or ref is null.
04-09 15:57:55.643 E/ContainerJni(14491): Get extension data failed with code -3
04-09 15:57:55.643 E/ContainerJni(14491): Get extension data failed with code -3
04-09 15:57:55.643 E/ContainerJni(14491): Get extension data failed with code -3
04-09 15:57:55.643 E/ContainerJni(14491): Get extension data failed with code -3
04-09 15:57:55.643 E/ContainerJni(14491): Get extension data failed with code -3
04-09 15:57:55.643 E/ContainerJni(14491): Get extension data failed with code -3
04-09 15:57:55.643 I/Native  (14491): ~FileExtendedContainer
04-09 15:57:55.643 D/FileExtendedContainer(14491): Close file extend container instance success.
04-09 15:57:55.645 W/OifaceBindUtils(14491):  unbindTask, Thread[ParseHandlerThread,5,main]
04-09 15:57:55.646 E/MediaStoreScannerHelper(14491):  scanFileByMediaStoreMulti filePath is null !
04-09 15:57:55.646 W/OifaceBindUtils(14491):  bindTask, Thread[ParseHandlerThread,5,main]
04-09 15:57:55.649 D/sysapi-LongBgTaskQuotaManager(14491): [remove]  count = 3, requestId = 25, hadRequested = false , ExpandParseManager.handleMessage
04-09 15:57:55.650 W/OifaceBindUtils(14491):  bindTask, Thread[singleLongTime - BindSmallCore-0,5,main]
04-09 15:57:55.650 D/sysapi-LongBgTaskQuotaManager(14491): [add]     count = 2, requestId = 25, hadRequested = false , GeoUpdateJob.execute
04-09 15:57:55.650 W/SQLiteLog(14491): (28) double-quoted string literal: "zh-CN"
04-09 15:57:55.657 D/sysapi-LongBgTaskQuotaManager(14491): [remove]  count = 3, requestId = 25, hadRequested = false , GeoUpdateJob.execute end
04-09 15:57:55.685 I/Osense-BaseDecisionMaker( 3590): notifySceneToAthenaPolicy: SCENE_RES_IO_PSI, bundle: Bundle[{ioLevel=3}]
04-09 15:57:55.685 I/Osense-BaseDecisionMaker( 3590): scene: SCENE_RES_IO_PSI, excutingPolicy: reentrant
04-09 15:57:55.685 D/Osense-BaseDecisionMaker( 3590): invoke reentrant policy
04-09 15:57:55.685 V/OCAM_Performance( 5836): onOsenseEventSceneChanged, event: 104
04-09 15:57:55.685 V/OCAM_Performance( 5836): onOsenseEventSceneChanged, [extra] startTime: 1775721475685
04-09 15:57:55.743 E/midasd  (10250): getTotalFlipsFromSf mCurFrameCount: 10038862
04-09 15:57:55.743 I/midasd  (10250): DisplayAgent updateDisplayDevInfo getRenderFps mFps:90 mRenderFps:7 mWidth:1264 mHeight:2780
04-09 15:57:55.787 I/SDM     ( 2181): DisplayBuiltIn::IdlePowerCollapse: IPC received, disabling partial update for one frame
04-09 15:57:55.798 I/resRelease( 3590): policy type is 1
04-09 15:57:55.823 D/OplusCellularNetworkConfig( 8406): getDnsQueryPriority value=http://public1.alidns.com
04-09 15:57:55.823 D/NetworkService[0](14034): getActiveNetworks networkList size:1
04-09 15:57:55.823 D/SubsysThreadPool(14034): execute task
04-09 15:57:55.825 D/libc-netbsd(14034): [oplusDnsOpenProxy]: __netdClientDispatch.connect errno = 111
04-09 15:57:55.825 D/DNS_CACHE(14034): oplus_oplus_getaddrinfo_proxy open dns proxy failed, use android flow: 1000
04-09 15:57:55.833 D/SensorFeature( 2258): name=ssc_screenshot_info ,index = 22
