04-09 15:57:55.833 D/SensorFeature( 2258): write 39 bytes:768692071178723,768692437585859,28843,0
04-09 15:57:55.890 V/AlarmManager( 3590): sending alarm Alarm{e7d80dc type 1 origWhen 1775721475890 whenElapsed 768692495 android} uid 1000 whenElapsed 768692495 windowLength 0 maxWhenElapsed 768692495 repeatInterval 0 action null component null tag StorgaeBandInfoAlarmTag flags 0x9 procName system_server
04-09 15:57:55.891 E/OplusStorageUFSBandwidth( 3590): storage_io_metrics_path is /proc/oplus_storage/io_metrics/forever/
04-09 15:57:55.891 I/ChainTrace( 6825): stream type=syncEvent gapMs=1087 refreshMarket=true
04-09 15:57:55.891 I/sensors-hal( 2113): handle_oplus_wise_rgb_event:161, wise_rgb: (15539)(cct, lux, ir)[5307.55, 218.10, 12.307695] (r, g, b, c)[7807.37, 5937.30, 2953.85, 16342.75]                 (pwm, hbm, brl, algo)[0.0 0.0 1380.0 2.0], flag 28843
04-09 15:57:55.892 E/OplusStorageUFSBandwidth( 3590): Bandwidth - Read: 34.47 MB/s, Write: 1.00 MB/s
04-09 15:57:55.892 E/OplusStorageUFSBandwidth( 3590): Task time: 1ms
04-09 15:57:55.894 E/OplusStorageUFSBandwidth( 3590): Alarm set to trigger in 10 seconds
04-09 15:57:55.937 E/OplusArpPeer_euclid_psw( 3590): ARP read failure: android.system.ErrnoException: read failed: EAGAIN (Try again)
04-09 15:57:55.937 E/OplusArpPeer_euclid_psw( 3590):  OplusArpPeer close
04-09 15:57:55.945 D/OplusArpPeer_euclid_psw( 3590): Do not fill sender ip
04-09 15:57:55.948 I/vendor.qti.bluetooth@1.0-ibs_handler( 2103): ProcessIbsCmd: Received IBS_WAKE_IND: 0xFD
04-09 15:57:55.948 D/vendor.qti.bluetooth@1.0-ibs_handler( 2103): SerialClockVote: vote for UART CLK ON
04-09 15:57:55.948 D/vendor.qti.bluetooth@1.0-wake_lock( 2103): Acquire wakelock is acquired 
04-09 15:57:55.948 I/vendor.qti.bluetooth@1.0-ibs_handler( 2103): ProcessIbsCmd: Writing IBS_WAKE_ACK
04-09 15:57:55.951 D/OplusHansManager ( 3590): 25497/1002 to 23359/10344 | android.bluetooth.le.IScannerCallback | 2 reason default_unfreezeForKernel
04-09 15:57:55.961 D/BatteryChargeControl( 2280): bcc get no support from charging protocol
04-09 15:57:55.988 I/vendor.qti.bluetooth@1.0-ibs_handler( 2103): ProcessIbsCmd: Received IBS_SLEEP_IND: 0xFE
04-09 15:57:55.988 D/vendor.qti.bluetooth@1.0-ibs_handler( 2103): SerialClockVote: vote for UART CLK OFF
04-09 15:57:56.015 I/SDM     ( 2181): DisplayBuiltIn::IdlePowerCollapse: IPC received, disabling partial update for one frame
04-09 15:57:56.022 I/AICCTModule( 3590): SensorFilter: brightness threshold 1.4 screenNit is 98.252 ave enviroment lux is 205.10626 luxForNit 95.3181demarcationPoint200.0 result is false
04-09 15:57:56.022 I/AICCTModule( 3590): SensorFilter: findSecondNearestValue, sensorValue: 5358.7656 nearestMaxValue:5356.646 secondNearestValue: 5356.646
04-09 15:57:56.022 I/AICCTModule( 3590): SensorFilter: findSecondNearestValue, sensorValue: 204.26982 nearestMaxValue:204.26982 secondNearestValue: 204.17262
04-09 15:57:56.042 I/vendor.qti.bluetooth@1.0-ibs_handler( 2103): ProcessIbsCmd: Received IBS_WAKE_IND: 0xFD
04-09 15:57:56.042 D/vendor.qti.bluetooth@1.0-ibs_handler( 2103): SerialClockVote: vote for UART CLK ON
04-09 15:57:56.042 I/vendor.qti.bluetooth@1.0-ibs_handler( 2103): ProcessIbsCmd: Writing IBS_WAKE_ACK
04-09 15:57:56.083 I/vendor.qti.bluetooth@1.0-ibs_handler( 2103): ProcessIbsCmd: Received IBS_SLEEP_IND: 0xFE
04-09 15:57:56.083 D/vendor.qti.bluetooth@1.0-ibs_handler( 2103): SerialClockVote: vote for UART CLK OFF
04-09 15:57:56.113 I/CloudConfig(14491): setEnv:CloudEnv{value=0, cnHost='cloudkit-api-gl.heytapmobi.com', overseasHost='cloudkit-api-gl.heytapmobile.com'}
04-09 15:57:56.113 I/CloudConfig(14491): setParallelFileCount parallelFileCount:4
04-09 15:57:56.113 I/CloudConfig(14491): setMaxWaitFileCount maxWaitFileCount:100
04-09 15:57:56.119 I/CloudSyncManager(14491): ------------application processName: com.coloros.gallery3d   pkg: com.coloros.gallery3d, serviceProcessName:com.coloros.gallery3d
04-09 15:57:56.119 I/ja4     (14491): isMainProcess appPkgName:com.coloros.gallery3d    manifestProc: com.coloros.gallery3d
04-09 15:57:56.119 I/CloudSyncManager(14491): initInApplication setAppContext config
04-09 15:57:56.120 I/CloudKitLog.CloudKitLogUtil(14491): xlog init processName:com.coloros.gallery3d, LEVEL_NONE, isSystemLogOpen:false, null
04-09 15:57:56.122 W/Parcel  (10256): **** enforceInterface() expected 'com.oplus.oiface.IOIfaceService' but read 'com.oppo.oiface.IOIfaceService'
04-09 15:57:56.122 I/IPCThreadState(10256): oneway function results for code 7 on binder at 0xb40000702b05e8a0 will be dropped but finished with status PERMISSION_DENIED
04-09 15:57:56.123 D/CompatChangeReporter( 3590): Compat change id reported: 349487600; UID 10130; state: ENABLED
04-09 15:57:56.123 I/CloudNearLog(14491): init processName:com.coloros.gallery3d businessType:cloudkit, bizSubType:, businessPkg:com.coloros.gallery3d, logPath:/storage/emulated/0/Android/data/com.coloros.gallery3d/cache/CloudKit/log
04-09 15:57:56.128 D/ConnectivityService( 3590): NetReassign [no changes] [c 0] [a 2] [i 2]
04-09 15:57:56.131 I/ja4     (14491): isServiceProcess:com.coloros.gallery3d
04-09 15:57:56.131 I/CloudSyncManager(14491): singleProcess init true
04-09 15:57:56.133 D/OplusUserManagerServiceEnhance( 3590): getMultiSystemUserId  res = -10000
04-09 15:57:56.133 D/OplusMultiUserManager(14491): getMultiSystemUserIdNoCheck res: -10000
04-09 15:57:56.133 I/loros.gallery3d(14491): ThrowNoClassDefFoundError when open swordfish
04-09 15:57:56.133 E/ContainerManagerUtils(14491):  isCurrentContainerUser, can not find class ContainerManager:java.lang.NoClassDefFoundError: Failed resolution of: Lcom/thundersoft/security/ContainerManager;
04-09 15:57:56.135 W/RecycleDataManager(14491):  refreshRecycler
04-09 15:57:56.136 D/ConnectivityService( 3590): requestNetwork for uid/pid:10130/14491 activeRequest: null callbackRequest: 34486 [NetworkRequest [ REQUEST id=34487, [ Capabilities: INTERNET&NOT_RESTRICTED&TRUSTED&NOT_VCN_MANAGED&NOT_BANDWIDTH_CONSTRAINED Uid: 10130 RequestorUid: 10130 RequestorPkg: com.coloros.gallery3d UnderlyingNetworks: Null] ]] callback flags: 0 order: 2147483647 isUidTracked: false declaredMethods: AVAIL|LOST|UNAVAIL|NC
04-09 15:57:56.136 W/SQLiteLog(14491): (28) double-quoted string literal: "%.mediaTrash%"
04-09 15:57:56.137 D/OemPaidWifiNetworkFactory( 3590): got request NetworkRequest [ REQUEST id=34487, [ Capabilities: INTERNET&NOT_RESTRICTED&TRUSTED&NOT_VCN_MANAGED&NOT_BANDWIDTH_CONSTRAINED Uid: 10130 RequestorUid: 10130 RequestorPkg: com.coloros.gallery3d UnderlyingNetworks: Null] ]
04-09 15:57:56.137 D/MultiInternetWifiNetworkFactory( 3590): got request NetworkRequest [ REQUEST id=34487, [ Capabilities: INTERNET&NOT_RESTRICTED&TRUSTED&NOT_VCN_MANAGED&NOT_BANDWIDTH_CONSTRAINED Uid: 10130 RequestorUid: 10130 RequestorPkg: com.coloros.gallery3d UnderlyingNetworks: Null] ]
04-09 15:57:56.137 D/UntrustedWifiNetworkFactory( 3590): got request NetworkRequest [ REQUEST id=34487, [ Capabilities: INTERNET&NOT_RESTRICTED&TRUSTED&NOT_VCN_MANAGED&NOT_BANDWIDTH_CONSTRAINED Uid: 10130 RequestorUid: 10130 RequestorPkg: com.coloros.gallery3d UnderlyingNetworks: Null] ]
04-09 15:57:56.137 D/ConnectivityService( 3590): NetReassign [34487 : null ŌåÆ 235] [c 1] [a 0] [i 0]
04-09 15:57:56.138 D/nativeloader(14491): Load /product/priv-app/OppoGallery2/OppoGallery2.apk!/lib/arm64-v8a/libopluslog.so using class loader ns product-clns-11 (caller=<unknown>): ok
04-09 15:57:56.138 D/sysapi-LongBgTaskQuotaManager(14491): [remove]  count = 2, requestId = 25, hadRequested = false , RecycleDataManager->WorkHandler.refreshRecycler
04-09 15:57:56.140 W/PackageManager( 3590): package com.coloros.gallery3d uid 10130 pid 14491 call SetEnabledSetting(com.coloros.gallery3d component = com.oplus.gallery.framework.abilities.ocloudsync.ui.ShareToCloudAlbumActivity, 2, 0)
04-09 15:57:56.142 E/CloudSyncTriggerReceiver(14491):  [registerReceiver] album sync not enable
04-09 15:57:56.142 W/SQLiteLog(14491): (28) double-quoted string literal: "image/jpeg"
04-09 15:57:56.142 W/SQLiteLog(14491): (28) double-quoted string literal: "image/heic"
04-09 15:57:56.142 W/SQLiteLog(14491): (28) double-quoted string literal: "image/x-adobe-dng"
04-09 15:57:56.142 W/SQLiteLog(14491): (28) double-quoted string literal: "(?i)(DCIM/Camera/Cshot/)([1-9][0-9]*)/|(DCIM/MyAlbums/[^/]+/Cshot/)([1-9][0-9]*)/|(Pictures/MyCollections/[^/]+/Cshot/)([1-9][0-9]*)/"
04-09 15:57:56.142 W/SQLiteLog(14491): (28) double-quoted string literal: ".+/(DCIM/Camera/|DCIM/MyAlbums/[^/]+/|Pictures/MyCollections/[^/]+/)IMG_\d{8}_\d{6}_\d{3}\..+"
04-09 15:57:56.142 W/CloudSyncStatusCache(14491):  putCache’╝īvalue not changed
04-09 15:57:56.142 W/CloudSyncStatusManager(14491):  putCacheAndDealChange, value not changed, return
04-09 15:57:56.142 W/CloudSyncStatusCache(14491):  putCache’╝īvalue not changed
04-09 15:57:56.142 W/CloudSyncStatusManager(14491):  putCacheAndDealChange, value not changed, return
04-09 15:57:56.142 W/CloudSyncStatusCache(14491):  putCache’╝īvalue not changed
04-09 15:57:56.142 W/CloudSyncStatusManager(14491):  putCacheAndDealChange, value not changed, return
04-09 15:57:56.142 E/SlimmingTaskManager(14491):  forceSlimmingIfNeed, album sync is close.
04-09 15:57:56.142 D/sysapi-LongBgTaskQuotaManager(14491): [remove]  count = 1, requestId = 25, hadRequested = false , TaskDispatcher.postCshotScanTask
04-09 15:57:56.142 W/OifaceBindUtils(14491):  bindTask, Thread[track - BindSmallCore-0,5,main]
04-09 15:57:56.142 D/sysapi-LongBgTaskQuotaManager(14491): [remove]  stopBackgroundRunning
04-09 15:57:56.142 W/CloudSyncStatusCache(14491):  putCache’╝īvalue not changed
04-09 15:57:56.142 W/CloudSyncStatusManager(14491):  putCacheAndDealChange, value not changed, return
04-09 15:57:56.170 I/SDM     ( 2181): DisplayBuiltIn::IdlePowerCollapse: IPC received, disabling partial update for one frame
04-09 15:57:56.175 E/CwbService( 2181): Panel not support apl read or getDisplayPanelAplValue timeout 10ms.
04-09 15:57:56.176 D/SensorFeature( 2258): name=ssc_screenshot_info ,index = 22
04-09 15:57:56.176 D/SensorFeature( 2258): write 39 bytes:768692715544973,768692769718515,28844,0
04-09 15:57:56.178 I/sensors-hal( 2113): handle_oplus_wise_rgb_event:189, high_pwm_light:lux 219.1,cct 5320.7,brl/algo/ir 1380.0/2.0/11.5,pwm/dc 0.0/0.0,rgbc 7842.258301/5959.296875/2964.884766/16384.718750,ts 768692689761383,cnt 15544,flag 28844
04-09 15:57:56.178 I/sensors-hal( 2113): handle_oplus_wise_rgb_event:161, wise_rgb: (15544)(cct, lux, ir)[5320.73, 219.07, 11.470181] (r, g, b, c)[7842.26, 5959.30, 2964.88, 16384.72]                 (pwm, hbm, brl, algo)[0.0 0.0 1380.0 2.0], flag 28844
04-09 15:57:56.222 I/SurfaceControl( 6825):  setExtendedRangeBrightness sc=Surface(name=)/@0x51f69f9,currentBufferRatio=1.0,desiredRatio=1.0
04-09 15:57:56.222 V/WindowManager( 3590): Relayout Window{f71f005 u0 com.binance.monitor}: viewVisibility=0, oldvis=0, req=315x379 , apr = 0, vsysui=, x=-1885, y=1068
04-09 15:57:56.223 D/InsetsSourceProvider( 3590): updateSourceFrameForServerVisibility mandatorySystemGestures EMPTY_RECT
04-09 15:57:56.224 D/InsetsSourceProvider( 3590): updateSourceFrameForServerVisibility mandatorySystemGestures EMPTY_RECT
04-09 15:57:56.233 D/vendor.qti.bluetooth@1.0-wake_lock( 2103): Release wakelock is released 
04-09 15:57:56.323 I/SDM     ( 2181): DisplayBuiltIn::IdlePowerCollapse: IPC received, disabling partial update for one frame
04-09 15:57:56.367 E/PERFHAL-PERFCTRL( 2187): PERFHAL-PERFCTRL: chk_core_online_poll_loop() 748: poll() has timed out for /sys/kernel/msm_performance/events/cpu_hotplug
04-09 15:57:56.368 E/PERFHAL-PERFCTRL( 2187): PERFHAL-PERFCTRL: chk_core_online_poll_loop() 743: Block on poll()
04-09 15:57:56.422 I/sensors-hal( 2113): handle_sns_std_sensor_event:114, oplus rgb_rear sample: (cct, lux, ir, x, y)[5178, 76, 21, 342, 382]
04-09 15:57:56.422 I/sensors-hal( 2113): handle_sns_std_sensor_event:116, oplus rgb_rear sample: (r, g, b, c w)[4162, 8582, 1387, 186, 0]
04-09 15:57:56.424 D/RadioProxyJ[0](14034): [73178]> getRRCStatus
04-09 15:57:56.424 D/RadioProxyJ[1](14034): [73179]> getRRCStatus
04-09 15:57:56.425 D/QmiNasClient( 2727): getRRCStatus - enter
04-09 15:57:56.425 D/QmiNasClient( 3438): getRRCStatus - enter
04-09 15:57:56.425 I/sensors-hal( 2113): handle_oplus_wise_rgb_event:161, wise_rgb: (15549)(cct, lux, ir)[5274.37, 218.04, 12.217342] (r, g, b, c)[7879.64, 5970.30, 2978.13, 16426.68]                 (pwm, hbm, brl, algo)[0.0 0.0 1380.0 2.0], flag 28844
04-09 15:57:56.425 D/FusionLightNextGen( 3590): process end reported = 1, mode: 0, cnt: 440335, lux 204.3, cct 5348.1, r/g/b/c: 7872.2/5968.1/2969.3/16443.0, R/G/B: 71.0/68.0/60.0, bri 1380.0, match 1.00, ir 0.010877, conf 5.0, ts 768692812879456
04-09 15:57:56.426 D/QmiNasClient( 3438): getRRCStatus callback - enter
04-09 15:57:56.426 D/QmiNasClient( 3438): getRRCStatus result.rsp.rrcStatusInfo.rrcStatus = 0
04-09 15:57:56.426 D/QmiNasClient( 2727): getRRCStatus callback - enter
04-09 15:57:56.426 D/QmiNasClient( 2727): getRRCStatus result.rsp.rrcStatusInfo.rrcStatus = 0
04-09 15:57:56.427 D/NasProxy( 2727): handleMessage msg is 4001
04-09 15:57:56.427 D/NasProxy( 3438): handleMessage msg is 4001
04-09 15:57:56.427 D/RadioProxy( 3438): getRRCStatus : response cb for instance 1
04-09 15:57:56.427 D/RadioProxy( 2727): getRRCStatus : response cb for instance 0
04-09 15:57:56.427 D/RadioProxyJ[0](14034): [73178]< getRRCStatusResponse 0
04-09 15:57:56.428 D/RadioProxyJ[1](14034): [73179]< getRRCStatusResponse 0
04-09 15:57:56.428 D/CoexRfService(14034): report RRC state:false
04-09 15:57:56.512 I/SDM     ( 2181): DisplayBuiltIn::IdlePowerCollapse: IPC received, disabling partial update for one frame
04-09 15:57:56.521 E/CwbService( 2181): Panel not support apl read or getDisplayPanelAplValue timeout 10ms.
04-09 15:57:56.521 D/SensorFeature( 2258): name=ssc_screenshot_info ,index = 22
04-09 15:57:56.521 D/SensorFeature( 2258): write 39 bytes:768693060093046,768693114315754,28845,0
04-09 15:57:56.541 D/CommonApp-234-10512(14034): transport layer data is invalid
04-09 15:57:56.542 D/CommonApp-235-10512(14034): commonScoreStrategy scenarios low package
04-09 15:57:56.542 D/OplusL3Monitor( 3590): linkIndex=90, networkId=0, ignore
04-09 15:57:56.542 D/ScorePolicy(14034): handleScoreChanged: []
04-09 15:57:56.542 D/ScorePolicy(14034): handleScoreChanged: []
04-09 15:57:56.542 D/ScorePolicy(14034): handleScoreChanged: []
04-09 15:57:56.585 I/SmartDataSwitchStateManager(13839): handle message:7
04-09 15:57:56.585 I/SmartDataSwitchSM(13839): [DisableState]Handle msg: 2
04-09 15:57:56.585 I/SmartDataSwitchSM(13839): [DisableState]handle state change, reason:DataScoreLow
04-09 15:57:56.692 I/sensors-hal( 2113): handle_oplus_wise_rgb_event:189, high_pwm_light:lux 218.7,cct 5305.8,brl/algo/ir 1380.0/2.0/11.7,pwm/dc 0.0/0.0,rgbc 7889.605469/5974.695312/2975.922852/16489.628906,ts 768693057314196,cnt 15554,flag 28845
04-09 15:57:56.693 I/sensors-hal( 2113): handle_oplus_wise_rgb_event:161, wise_rgb: (15554)(cct, lux, ir)[5305.80, 218.71, 11.669993] (r, g, b, c)[7889.61, 5974.70, 2975.92, 16489.63]                 (pwm, hbm, brl, algo)[0.0 0.0 1380.0 2.0], flag 28845
04-09 15:57:56.748 I/ChainTrace( 6825): stream type=heartbeat gapMs=856 refreshMarket=false
04-09 15:57:56.764 E/OplusArpPeer_euclid_psw( 3590): ARP read failure: android.system.ErrnoException: read failed: EAGAIN (Try again)
04-09 15:57:56.764 E/OplusArpPeer_euclid_psw( 3590):  OplusArpPeer close
04-09 15:57:56.823 D/SensorFeature( 2258): name=ssc_screenshot_info ,index = 22
04-09 15:57:56.823 D/SensorFeature( 2258): write 39 bytes:768693060093046,768693427106067,28846,0
04-09 15:57:56.879 I/SDM     ( 2181): DisplayBuiltIn::IdlePowerCollapse: IPC received, disabling partial update for one frame
04-09 15:57:56.959 I/sensors-hal( 2113): handle_oplus_wise_rgb_event:161, wise_rgb: (15559)(cct, lux, ir)[5316.53, 219.31, 11.925747] (r, g, b, c)[7889.61, 5981.29, 2973.72, 16447.67]                 (pwm, hbm, brl, algo)[0.0 0.0 1380.0 2.0], flag 28846
04-09 15:57:56.961 D/BatteryChargeControl( 2280): bcc get no support from charging protocol
04-09 15:57:57.102 V/OCAM_Performance( 5836): onOsenseEventSceneChanged, event: 112
04-09 15:57:57.102 V/OCAM_Performance( 5836): onOsenseEventSceneChanged, [extra] startTime: 1775721477101
04-09 15:57:57.102 V/OCAM_Performance( 5836): onOsenseEventSceneChanged, [extra] currentAvailmem: 2812
04-09 15:57:57.102 V/OCAM_Performance( 5836): onOsenseEventSceneChanged, [extra] killTriggerMem: 2000
04-09 15:57:57.102 V/OCAM_Performance( 5836): onOsenseEventSceneChanged, [extra] ioLevel: 0
04-09 15:57:57.102 D/OCAM_Performance( 5836): onOsenseEventSceneChanged, pressure IO eventStateType: 2, startTime: 1775721477101, currentAvailmem: 2812, killTriggerMem: 2000, ioLevel: 0
04-09 15:57:57.125 D/SensorFeature( 2258): name=ssc_screenshot_info ,index = 22
04-09 15:57:57.125 D/SensorFeature( 2258): write 39 bytes:768693060093046,768693729478671,28847,0
04-09 15:57:57.142 I/vendor.qti.bluetooth@1.0-ibs_handler( 2103): ProcessIbsCmd: Received IBS_WAKE_IND: 0xFD
04-09 15:57:57.142 D/vendor.qti.bluetooth@1.0-ibs_handler( 2103): SerialClockVote: vote for UART CLK ON
04-09 15:57:57.142 D/vendor.qti.bluetooth@1.0-wake_lock( 2103): Acquire wakelock is acquired 
04-09 15:57:57.142 I/vendor.qti.bluetooth@1.0-ibs_handler( 2103): ProcessIbsCmd: Writing IBS_WAKE_ACK
04-09 15:57:57.143 E/MediaTrashedAbnormalDataProcessor(14491):  getRecycledMediaIdToFilePathPairs mediaList.size = 285
04-09 15:57:57.170 I/SDM     ( 2181): DisplayBuiltIn::IdlePowerCollapse: IPC received, disabling partial update for one frame
04-09 15:57:57.180 I/OplusTouchDaemon( 3289): ts_run_service: shellback temperature updated 29 (29293)
04-09 15:57:57.183 I/vendor.qti.bluetooth@1.0-ibs_handler( 2103): ProcessIbsCmd: Received IBS_SLEEP_IND: 0xFE
04-09 15:57:57.183 D/vendor.qti.bluetooth@1.0-ibs_handler( 2103): SerialClockVote: vote for UART CLK OFF
04-09 15:57:57.184 I/vendor.qti.bluetooth@1.0-ibs_handler( 2103): ProcessIbsCmd: Received IBS_WAKE_IND: 0xFD
04-09 15:57:57.184 D/vendor.qti.bluetooth@1.0-ibs_handler( 2103): SerialClockVote: vote for UART CLK ON
04-09 15:57:57.184 I/vendor.qti.bluetooth@1.0-ibs_handler( 2103): ProcessIbsCmd: Writing IBS_WAKE_ACK
04-09 15:57:57.224 I/sensors-hal( 2113): handle_oplus_wise_rgb_event:189, high_pwm_light:lux 218.9,cct 5258.3,brl/algo/ir 1380.0/2.0/11.8,pwm/dc 0.0/0.0,rgbc 7859.701660/5952.697266/2962.677246/16424.353516,ts 768693667936279,cnt 15564,flag 28847
04-09 15:57:57.225 I/sensors-hal( 2113): handle_oplus_wise_rgb_event:161, wise_rgb: (15564)(cct, lux, ir)[5258.31, 218.89, 11.841262] (r, g, b, c)[7859.70, 5952.70, 2962.68, 16424.35]                 (pwm, hbm, brl, algo)[0.0 0.0 1380.0 2.0], flag 28847
04-09 15:57:57.226 I/AICCTModule( 3590): SensorFilter: brightness threshold 1.4 screenNit is 98.252 ave enviroment lux is 205.06538 luxForNit 95.31565demarcationPoint200.0 result is false
04-09 15:57:57.226 I/AICCTModule( 3590): SensorFilter: findSecondNearestValue, sensorValue: 5356.646 nearestMaxValue:5348.123 secondNearestValue: 5348.123
04-09 15:57:57.226 I/AICCTModule( 3590): SensorFilter: findSecondNearestValue, sensorValue: 204.17262 nearestMaxValue:204.32646 secondNearestValue: 204.32646
04-09 15:57:57.227 W/PTC.DISC.FusionProvider(11972): [FusionBleDiscover]current device: **:72:47:FD rssi is -102, minRssi is -100, ignore it
04-09 15:57:57.260 I/vendor.qti.bluetooth@1.0-ibs_handler( 2103): ProcessIbsCmd: Received IBS_SLEEP_IND: 0xFE
04-09 15:57:57.260 D/vendor.qti.bluetooth@1.0-ibs_handler( 2103): SerialClockVote: vote for UART CLK OFF
04-09 15:57:57.288 E/WifiHAL ( 2123): wifi_get_cached_scan_results: Wifi Cached Scan Result not supported by driver
04-09 15:57:57.288 E/WifiStaIfaceAidlImpl( 3590): getCachedScanData failed with service-specific exception: android.os.ServiceSpecificException:  (code 4)
04-09 15:57:57.294 D/VendorWifiService(14034): onEvent event:9,action:1
04-09 15:57:57.303 D/ScorerUtils( 3590): isLowTraffic: txTputKBps=0, rxTputKBps=0
04-09 15:57:57.303 D/OplusWifiPower_TriggerCenter( 3590): mComponentCallback: wifistat
04-09 15:57:57.319 I/SDM     ( 2181): DisplayBuiltIn::IdlePowerCollapse: IPC received, disabling partial update for one frame
04-09 15:57:57.414 D/vendor.qti.bluetooth@1.0-wake_lock( 2103): Release wakelock is released 
04-09 15:57:57.428 D/SensorFeature( 2258): name=ssc_screenshot_info ,index = 22
04-09 15:57:57.428 D/SensorFeature( 2258): write 39 bytes:768693060093046,768694031339973,28848,0
04-09 15:57:57.493 I/sensors-hal( 2113): handle_oplus_wise_rgb_event:161, wise_rgb: (15569)(cct, lux, ir)[5273.80, 219.10, 12.057811] (r, g, b, c)[7884.62, 5972.50, 2980.34, 16445.33]                 (pwm, hbm, brl, algo)[0.0 0.0 1380.0 2.0], flag 28848
04-09 15:57:57.565 D/CommonApp-234-10512(14034): transport layer data is invalid
04-09 15:57:57.566 D/CommonApp-235-10512(14034): commonScoreStrategy scenarios low package
04-09 15:57:57.566 D/ScorePolicy(14034): handleScoreChanged: []
04-09 15:57:57.566 D/ScorePolicy(14034): handleScoreChanged: []
04-09 15:57:57.566 D/ScorePolicy(14034): handleScoreChanged: []
04-09 15:57:57.644 I/sensors-hal( 2113): qsh_conn_event_cb:756, event[0] msg_id=1025, ts=14759015737162, sensor_type = pedometer_minute  Wakeup
04-09 15:57:57.644 E/sensors-hal( 2113): handle_sns_client_event:98, pedometer_minute: report_ts=12803,counter=47412.000000 move_status =[SNS_CMC_STATIONARY] time_gap = 0 run_counter=1711.000000 walk_counter=4528.000000
04-09 15:57:57.648 I/StepApp_StepDataPreHandler(14599): (main)onSensorChanged raw data: step=47412.0 state=3.0 minuteDelta=0.0 timestamp=768694247706018 steprun=1711.0 stepwalk=4528.0 formatted data: step=47412 state=3 timestamp=768694247706018 time=1775721477643 steprun=1711 stepwalk=4528
04-09 15:57:57.649 I/StepApp_StepDataSaver(14599): (O_dfd_151)getNewFixedOffsetStep type is STEP
04-09 15:57:57.649 I/StepApp_StepDataSaver(14599): (O_dfd_151)isRebootCountStep:false	 lastRealTimeStamp = 1775721360000	 bootTimestamp = 1774952783395	 mLastModifiedMinuteTime = 2026-04-09-15-56
04-09 15:57:57.649 I/StepApp_StepDataSaver(14599): (O_dfd_151)calOffSet:sensorStep = 47412	 lastModifiedStep = 47412	 offSet = 0
04-09 15:57:57.649 I/StepApp_StepDataSaver(14599): (O_dfd_151)getNewFixedOffsetStep type is RUN
04-09 15:57:57.650 I/StepApp_StepDataSaver(14599): (O_dfd_151)isRebootCountStep:false	 lastRealTimeStamp = 1775721360000	 bootTimestamp = 1774952783396	 mLastModifiedMinuteTime = 2026-04-09-15-56
04-09 15:57:57.650 I/StepApp_StepDataSaver(14599): (O_dfd_151)calOffSet:sensorStep = 1711	 lastModifiedStep = 1711	 offSet = 0
04-09 15:57:57.650 I/StepApp_StepDataSaver(14599): (O_dfd_151)getNewFixedOffsetStep type is WALK
04-09 15:57:57.650 I/StepApp_StepDataSaver(14599): (O_dfd_151)isRebootCountStep:false	 lastRealTimeStamp = 1775721360000	 bootTimestamp = 1774952783395	 mLastModifiedMinuteTime = 2026-04-09-15-56
04-09 15:57:57.650 I/StepApp_StepDataSaver(14599): (O_dfd_151)calOffSet:sensorStep = 4528	 lastModifiedStep = 4528	 offSet = 0
04-09 15:57:57.731 D/SensorFeature( 2258): name=ssc_screenshot_info ,index = 22
04-09 15:57:57.732 D/SensorFeature( 2258): write 39 bytes:768693060093046,768694334486223,28849,0
04-09 15:57:57.757 I/sensors-hal( 2113): handle_oplus_wise_rgb_event:189, high_pwm_light:lux 218.3,cct 5320.4,brl/algo/ir 1380.0/2.0/12.5,pwm/dc 0.0/0.0,rgbc 7834.782227/5932.898926/2947.223389/16366.068359,ts 768694278145289,cnt 15574,flag 28849
04-09 15:57:57.758 I/sensors-hal( 2113): handle_oplus_wise_rgb_event:161, wise_rgb: (15574)(cct, lux, ir)[5320.40, 218.28, 12.539042] (r, g, b, c)[7834.78, 5932.90, 2947.22, 16366.07]                 (pwm, hbm, brl, algo)[0.0 0.0 1380.0 2.0], flag 28849
04-09 15:57:57.758 D/FusionLightNextGen( 3590): process end reported = 1, mode: 0, cnt: 440340, lux 205.4, cct 5350.8, r/g/b/c: 7912.0/5992.3/2982.5/16526.9, R/G/B: 71.0/68.0/60.0, bri 1380.0, match 1.00, ir 0.010606, conf 5.0, ts 768694322425289
04-09 15:57:57.773 I/ChainTrace( 6825): stream type=syncEvent gapMs=1026 refreshMarket=false
04-09 15:57:57.834 I/OsenseKillAction( 3590): KillAction: [atomic clean] start name=nirvana, requestId=-1, startAvail=2795, startFreeMB=269, purposeAvailMB=-1, purposeFreeMB=390, anonRssTarget=121, minBgCount=18, maxAppCare=79, swapTarget=0, scene=NirvanaLowFree, type=cached, qb=false, cchOnly=true, urgency=false, hoggingCpuPids={}, invalid-cnt=0
04-09 15:57:57.841 I/OsenseKillAction( 3590): KillAction: group process done, total=2ms, firstLoop=1ms, updateProcessInfo=1ms, idleList=0ms, curBg=7
04-09 15:57:57.841 D/OplusAppStartupManager( 3590): prevent restart service, pkgName = com.eg.android.AlipayGphone, scenePriority = -1
04-09 15:57:57.841 D/OplusAppStartupManager( 3590): prevent restart service, pkgName = com.eg.android.AlipayGphone, scenePriority = -1
04-09 15:57:57.842 I/OsenseKillAction( 3590): scanCchEmptyProc: +++++++ start double check +++++++
04-09 15:57:57.842 I/OsenseKillAction( 3590): scanCchEmptyProc: cch check done: killablePss=0kb, killableAnonRss=70mb, time=0ms, candidate cnt: 1
04-09 15:57:57.842 I/OsenseKillAction( 3590): scanNonUiProc: skip scan non ui process for nirvana
04-09 15:57:57.842 I/OsenseKillAction( 3590): scanOomAdj: skip scan oom adj for nirvana
04-09 15:57:57.842 I/OsenseKillAction( 3590): scanAllProc: skip scan all proc for nirvana
04-09 15:57:57.843 I/OsenseKillAction( 3590): KillAction: Kill ProcessInfo{5470:com.google.android.gms/u999a257 oom:CEM/50/965/cch-empty mem:0/70/31 extra:630s/true/false/0/20/false}: Cached(nirvana) 2ms
04-09 15:57:57.843 I/OsenseKillAction( 3590): KillAction: done execute kill, pi2app=0ms, monitor=0ms, kill=2ms, total=2ms, kill cnt=1, local cnt=1
04-09 15:57:57.843 I/OsenseKillAction( 3590): KillAction: [atomic clean] end requestId=-1, endAvail=2795mb, reclaimed: [pss=0mb, anonRss=70mb, swap=31mb, mem=70mb, Rss=191mb], timing: [total=9ms, update=1ms, readMem=3ms, group=2ms, cch=0ms, nonUi=0ms, oomadj=0ms, allProc=0ms, monitor=0ms, kill=2ms], sysinfo: [bgcount=7]
04-09 15:57:57.843 I/OsenseKillAction( 3590): KillAction: 51mb more anonRss to reclaim, 0mb more swapMb to reclaim, <skip> mem guard, cur avail=2795mb, bundle: Bundle[{appcareThreshold=79, bgActivityAppCount=7, minBgCount=18, type=cached, scene=NirvanaLowFree, purposeFreeMB=390}]
04-09 15:57:57.844 I/Osense-BaseDecisionMaker( 3590): notifySceneToAthenaPolicy: SCENE_MEM_RELEASED, bundle: Bundle[{scene=SCENE_MEM_RELEASED}]
04-09 15:57:57.881 I/libprocessgroup( 3590): Removed cgroup /sys/fs/cgroup/apps/uid_99910257/pid_5470
04-09 15:57:57.881 I/ActivityManager( 3590): Death received, pid = 5470, processName = com.google.android.gms for thread android.os.BinderProxy@55e931a
04-09 15:57:57.881 I/Zygote  ( 2014): Process 5470 exited due to signal 9 (Killed)
04-09 15:57:57.881 I/ActivityManager( 3590): Process com.google.android.gms (pid 5470) has died: cch+65 CEM 
04-09 15:57:57.883 W/Athena  ( 3590): athena_optimize: recordTime, mLastDeathTime: 767553
04-09 15:57:57.883 W/Athena  ( 3590): athena_optimize: recordInterval,  intervalTime: 41
04-09 15:57:57.883 E/Athena  ( 3590): athena_optimize: pkg: com.google.android.gms, processName: com.google.android.gmsgetPercentage: 41
04-09 15:57:57.883 E/WindowProcessControllerExtImpl( 3590): shouldMakeAbnormalActivityFinishing, list may empty, mHasActivities: false
04-09 15:57:57.884 D/ShellSubscriberWorkerThread(15031): the first 8 bytes empty, and RestData length > 8 
04-09 15:57:57.884 D/HoloAudio::SpecailizerPLService_Aidl( 2782): callClient:clientID:1 exist:1, event:18, isOneWay:0
04-09 15:57:57.884 D/HoloAudio::SpecailizerPLService_Aidl( 2782): getMssEnable --- com.google.android.gsf[0]
04-09 15:57:57.891 V/AlarmManager( 3590): sending alarm Alarm{18ca472 type 1 origWhen 1775721477892 whenElapsed 768694496 android} uid 1000 whenElapsed 768694496 windowLength 0 maxWhenElapsed 768694496 repeatInterval 0 action null component null tag StorgaeBandInfoAlarmTag flags 0x9 procName system_server
04-09 15:57:57.891 E/OplusStorageUFSBandwidth( 3590): storage_io_metrics_path is /proc/oplus_storage/io_metrics/forever/
04-09 15:57:57.892 E/OplusStorageUFSBandwidth( 3590): Bandwidth - Read: 0.50 MB/s, Write: 0.50 MB/s
04-09 15:57:57.892 E/OplusStorageUFSBandwidth( 3590): Task time: 1ms
04-09 15:57:57.894 E/OplusStorageUFSBandwidth( 3590): Alarm set to trigger in 10 seconds
04-09 15:57:57.948 I/SDM     ( 2181): DisplayBuiltIn::IdlePowerCollapse: IPC received, disabling partial update for one frame
04-09 15:57:57.959 I/SDM     ( 2181): DisplayBuiltIn::IdlePowerCollapse: IPC received, disabling partial update for one frame
04-09 15:57:57.962 D/BatteryChargeControl( 2280): bcc get no support from charging protocol
04-09 15:57:57.970 I/SDM     ( 2181): DisplayBuiltIn::IdlePowerCollapse: IPC received, disabling partial update for one frame
04-09 15:57:57.975 I/ostats_tpd(10330): stats_write, records atomId:100100, event_id:903, cpu:0, values: 903-0-1-213-(cpu-1-1-1)-28-0-1
04-09 15:57:57.975 I/ThermalEngine(10385): VIRTUAL-CPU-L-PID, Update received trip sensor cpu-1-1-1 92300
04-09 15:57:57.975 I/ostats_tpd(10330): stats_write, records atomId:100100, event_id:903, cpu:0, values: 903-0-1-10614-(cpu-1-1-1)-28-0-1
04-09 15:57:57.982 I/SDM     ( 2181): DisplayBuiltIn::IdlePowerCollapse: IPC received, disabling partial update for one frame
04-09 15:57:57.985 I/ThermalEngine(10385): VIRTUAL-CPU-L-PID, Update received trip sensor cpu-1-1-1 79900
04-09 15:57:57.993 I/SDM     ( 2181): DisplayBuiltIn::IdlePowerCollapse: IPC received, disabling partial update for one frame
04-09 15:57:57.993 I/ThermalEngine(10385): VIRTUAL-CPU-L-PID, Update received trip sensor cpu-1-0-1 92300
04-09 15:57:57.993 I/ostats_tpd(10330): stats_write, records atomId:100100, event_id:903, cpu:0, values: 903-0-1-213-(cpu-1-0-1)-26-0-1
04-09 15:57:57.993 I/ostats_tpd(10330): stats_write, records atomId:100100, event_id:903, cpu:4, values: 903-0-1-10614-(cpu-1-0-1)-26-0-1
04-09 15:57:58.004 I/SDM     ( 2181): DisplayBuiltIn::IdlePowerCollapse: IPC received, disabling partial update for one frame
04-09 15:57:58.004 I/ThermalEngine(10385): ACTION: CPU - Setting CPU[6] to 3
04-09 15:57:58.014 I/ThermalEngine(10385): ACTION: CPU - Setting CPU[6] to 0
04-09 15:57:58.015 I/SDM     ( 2181): DisplayBuiltIn::IdlePowerCollapse: IPC received, disabling partial update for one frame
04-09 15:57:58.024 I/ThermalEngine(10385): VIRTUAL-CPU-L-PID, Update received trip sensor cpu-1-0-1 79500
04-09 15:57:58.032 D/SensorFeature( 2258): name=ssc_screenshot_info ,index = 22
04-09 15:57:58.033 D/SensorFeature( 2258): write 39 bytes:768693060093046,768694637382681,28850,0
04-09 15:57:58.033 I/ostats_tpd(10330): stats_write, records atomId:100100, event_id:903, cpu:0, values: 903-0-1-213-(cpu-1-1-1)-28-0-1
04-09 15:57:58.033 I/sensors-hal( 2113): get_display_brightness:825, light_iface: set screenshot_info [768693060093046,768694637382681,28850,0]
04-09 15:57:58.033 I/ThermalEngine(10385): VIRTUAL-CPU-L-PID, Update received trip sensor cpu-1-1-1 92300
04-09 15:57:58.033 I/ostats_tpd(10330): stats_write, records atomId:100100, event_id:903, cpu:0, values: 903-0-1-10614-(cpu-1-1-1)-28-0-1
04-09 15:57:58.035 I/sensors-hal( 2113): handle_oplus_wise_rgb_event:161, wise_rgb: (15579)(cct, lux, ir)[5302.61, 218.55, 11.542040] (r, g, b, c)[7874.65, 5979.10, 2980.34, 16470.98]                 (pwm, hbm, brl, algo)[0.0 0.0 1380.0 2.0], flag 28850
04-09 15:57:58.044 I/ThermalEngine(10385): ACTION: CPU - Setting CPU[6] to 3
04-09 15:57:58.054 I/ThermalEngine(10385): ACTION: CPU - Setting CPU[6] to 0
04-09 15:57:58.064 I/ThermalEngine(10385): ACTION: CPU - Setting CPU[6] to 4
04-09 15:57:58.075 I/ThermalEngine(10385): ACTION: CPU - Setting CPU[6] to 0
04-09 15:57:58.079 I/ThermalEngine(10385): VIRTUAL-CPU-L-PID, Update received trip sensor cpu-1-1-1 79900
04-09 15:57:58.086 I/ostats_tpd(10330): stats_write, records atomId:100100, event_id:903, cpu:0, values: 903-0-1-213-(cpu-1-1-1)-28-0-1
04-09 15:57:58.086 I/ThermalEngine(10385): VIRTUAL-CPU-L-PID, Update received trip sensor cpu-1-1-1 92300
04-09 15:57:58.087 I/ostats_tpd(10330): stats_write, records atomId:100100, event_id:903, cpu:1, values: 903-0-1-213-(cpu-1-1-1)-28-0-1
04-09 15:57:58.107 I/ThermalEngine(10385): ACTION: CPU - Setting CPU[6] to 3
04-09 15:57:58.117 I/ThermalEngine(10385): ACTION: CPU - Setting CPU[6] to 0
04-09 15:57:58.142 W/SQLiteLog(14491): (28) double-quoted string literal: "%.mediaTrash%"
04-09 15:57:58.145 W/SQLiteLog(14491): (28) double-quoted string literal: "%.mediaTrash%"
04-09 15:57:58.177 I/ThermalEngine(10385): VIRTUAL-CPU-L-PID, Update received trip sensor cpu-1-1-1 79900
04-09 15:57:58.232 W/OPLUS_LOG_LOAD( 5836): ==LOGS PROG INFO, prog(com.oplus.camera) ==
04-09 15:57:58.232 I/APS_ALOG( 5836): flushRoutine g_immediateFlush=0 g_pendingCount=0 g_oobCount=0
04-09 15:57:58.246 D/NotificationService--OplusNotificationFixHelper( 3590): fixAppIcon: pkg=com.v2ray.ang
04-09 15:57:58.246 D/NotificationService--OplusNotificationFixHelper( 3590): fixAppIcon: appIcon = null, pkg = com.v2ray.ang
04-09 15:57:58.246 D/NotificationService--NotificationRecord( 3590): isSupportRearLight , isRearLight = false mLedRM = false isMultilLed = false
04-09 15:57:58.247 I/OplusStatusBarManagerServiceEnhance( 3590):  getTopIsFullscreen mTopIsFullscreen: false
04-09 15:57:58.247 W/ActivityManager( 3590): Permission Denial: getTopApplicationInfo from pid=25334, uid=10397 requires oplus.permission.OPLUS_COMPONENT_SAFE
04-09 15:57:58.247 E/OplusNotificationCenter( 3590): getForegroundApplication exception
04-09 15:57:58.248 D/NotificationService--OplusNotificationManagerServiceExtImpl( 3590): isForwardToAssistants: true, case : Is local notification
04-09 15:57:58.248 D/NotificationService( 3590): This application enqueue notifications is need postDelayed mcsAssistantDelayTime: 50
04-09 15:57:58.291 I/sensors-hal( 2113): handle_oplus_wise_rgb_event:189, high_pwm_light:lux 219.2,cct 5307.8,brl/algo/ir 1380.0/2.0/11.2,pwm/dc 0.0/0.0,rgbc 7884.621582/5983.494629/2986.961182/16487.298828,ts 768694634221435,cnt 15584,flag 28850
04-09 15:57:58.292 I/sensors-hal( 2113): handle_oplus_wise_rgb_event:161, wise_rgb: (15584)(cct, lux, ir)[5307.77, 219.19, 11.153413] (r, g, b, c)[7884.62, 5983.49, 2986.96, 16487.30]                 (pwm, hbm, brl, algo)[0.0 0.0 1380.0 2.0], flag 28850
04-09 15:57:58.293 I/AICCTModule( 3590): SensorFilter: brightness threshold 1.4 screenNit is 98.252 ave enviroment lux is 204.89537 luxForNit 95.3055demarcationPoint200.0 result is false
04-09 15:57:58.293 I/AICCTModule( 3590): SensorFilter: findSecondNearestValue, sensorValue: 5348.123 nearestMaxValue:5350.8223 secondNearestValue: 5350.8223
04-09 15:57:58.293 I/AICCTModule( 3590): SensorFilter: findSecondNearestValue, sensorValue: 204.32646 nearestMaxValue:204.89537 secondNearestValue: 204.89537
04-09 15:57:58.306 I/SDM     ( 2181): DisplayBuiltIn::IdlePowerCollapse: IPC received, disabling partial update for one frame
04-09 15:57:58.311 I/SystemUi--Notification( 8338): OplusLiveAlertNotificationsRepository-->onRankingApplied
04-09 15:57:58.323 I/PluginSeedling--Track( 8338): RequestHandler-->notificationUpdated 0|com.v2ray.ang|1|null|10397 postTime: 1775721478246
04-09 15:57:58.323 E/LockScreenNotificationDispatcherImp( 8338): updateNotificationListOnKg size:0
04-09 15:57:58.327 W/SystemUi--Notification( 8338): OplusNotificationGroupExtImpl-->setChildrenExpanded: groupHeader is null
04-09 15:57:58.328 I/SystemUi--Notification( 8338): LockScreenNotificationDispatcherImp-->updateNotificationListOnKg resultCode: 0
04-09 15:57:58.353 D/LocalImageResolver( 8338): Couldn't use ImageDecoder for drawable, falling back to non-resized load.
04-09 15:57:58.354 D/OplusNotificationDateTimeView( 8338): setTime mSettingTimeMillis 1775721478241, mSettingLocalDateTime 2026-04-09T15:57:00.241
04-09 15:57:58.362 D/LocalImageResolver( 8338): Couldn't use ImageDecoder for drawable, falling back to non-resized load.
04-09 15:57:58.363 D/OplusNotificationDateTimeView( 8338): setTime mSettingTimeMillis 1775721478241, mSettingLocalDateTime 2026-04-09T15:57:00.241
04-09 15:57:58.368 D/LocalImageResolver( 8338): Couldn't use ImageDecoder for drawable, falling back to non-resized load.
04-09 15:57:58.368 D/OplusNotificationDateTimeView( 8338): setTime mSettingTimeMillis 1775721478241, mSettingLocalDateTime 2026-04-09T15:57:00.241
04-09 15:57:58.373 I/SystemUi--Notification( 8338): OplusNotificationTempla-->resolveContentMargin: marginTop=112 isChildInGroup=false hasSubtitle=true params.topMargin=112
04-09 15:57:58.374 W/SystemUi--Notification( 8338): OplusNotificationGroupExtImpl-->setChildrenExpanded: groupHeader is null
04-09 15:57:58.376 E/LockScreenNotificationDispatcherImp( 8338): updateNotificationListOnKg size:0
04-09 15:57:58.380 W/SystemUi--Notification( 8338): OplusNotificationGroupExtImpl-->setChildrenExpanded: groupHeader is null
04-09 15:57:58.380 I/SystemUi--Notification( 8338): LockScreenNotificationDispatcherImp-->updateNotificationListOnKg resultCode: 0
04-09 15:57:58.382 I/SDM     ( 2181): DisplayBuiltIn::IdlePowerCollapse: IPC received, disabling partial update for one frame
04-09 15:57:58.386 E/CwbService( 2181): Panel not support apl read or getDisplayPanelAplValue timeout 10ms.
04-09 15:57:58.386 D/SensorFeature( 2258): name=ssc_screenshot_info ,index = 22
04-09 15:57:58.386 D/SensorFeature( 2258): write 39 bytes:768694926232056,768694980370962,28851,0
04-09 15:57:58.422 I/sensors-hal( 2113): handle_sns_std_sensor_event:114, oplus rgb_rear sample: (cct, lux, ir, x, y)[5148, 76, 21, 343, 383]
04-09 15:57:58.422 I/sensors-hal( 2113): handle_sns_std_sensor_event:116, oplus rgb_rear sample: (r, g, b, c w)[4177, 8604, 1374, 186, 0]
04-09 15:57:58.560 I/sensors-hal( 2113): handle_oplus_wise_rgb_event:161, wise_rgb: (15589)(cct, lux, ir)[5316.57, 218.68, 12.249309] (r, g, b, c)[7917.02, 5983.49, 2991.38, 16552.58]                 (pwm, hbm, brl, algo)[0.0 0.0 1380.0 2.0], flag 28851
04-09 15:57:58.589 D/CommonApp-234-10512(14034): transport layer data is invalid
04-09 15:57:58.589 D/CommonApp-235-10512(14034): commonScoreStrategy scenarios low package
04-09 15:57:58.590 D/ScorePolicy(14034): handleScoreChanged: []
04-09 15:57:58.590 D/ScorePolicy(14034): handleScoreChanged: []
04-09 15:57:58.590 D/ScorePolicy(14034): handleScoreChanged: []
04-09 15:57:58.664 I/StepApp_StepProvider(14599): (binder:14599_6)call:package=com.oplus.metis	method=method_call_by_assistantscreen_and_health_from_table_day_step_data	arg=	extras=Bundle[mParcelledData.dataSize=296]	pid=14599
04-09 15:57:58.664 I/StepApp_StepProvider(14599): (binder:14599_6)parserQueryData:queryData=QueryData(uri=content://com.oplus.healthservice.stepprovider/day_statistic, projection=null, selection=day_date=?, selectionArgs=[2026-04-09], sortOrder=null, startPos=null)
04-09 15:57:58.665 I/StepApp_StepProvider(14599): (binder:14599_6)resultListString :[{"date":"2026-04-09","offset":1368,"offsetRun":162,"offsetWalk":987,"step":47412,"stepRun":1711,"stepWalk":4528,"timestamp":0}]
04-09 15:57:58.688 D/SensorFeature( 2258): name=ssc_screenshot_info ,index = 22
04-09 15:57:58.688 D/SensorFeature( 2258): write 39 bytes:768694926232056,768695292436691,28852,0
04-09 15:57:58.689 I/vendor.qti.bluetooth@1.0-ibs_handler( 2103): ProcessIbsCmd: Received IBS_WAKE_IND: 0xFD
04-09 15:57:58.689 D/vendor.qti.bluetooth@1.0-ibs_handler( 2103): SerialClockVote: vote for UART CLK ON
04-09 15:57:58.689 D/vendor.qti.bluetooth@1.0-wake_lock( 2103): Acquire wakelock is acquired 
04-09 15:57:58.689 I/vendor.qti.bluetooth@1.0-ibs_handler( 2103): ProcessIbsCmd: Writing IBS_WAKE_ACK
04-09 15:57:58.716 I/ChainTrace( 6825): stream type=syncEvent gapMs=943 refreshMarket=true
04-09 15:57:58.722 D/OplusHansManager ( 3590): 25497/1002 to 23359/10344 | android.bluetooth.le.IScannerCallback | 2 reason default_unfreezeForKernel
04-09 15:57:58.761 I/vendor.qti.bluetooth@1.0-ibs_handler( 2103): ProcessIbsCmd: Received IBS_SLEEP_IND: 0xFE
04-09 15:57:58.761 D/vendor.qti.bluetooth@1.0-ibs_handler( 2103): SerialClockVote: vote for UART CLK OFF
04-09 15:57:58.776 I/SurfaceControl( 6825):  setExtendedRangeBrightness sc=Surface(name=)/@0x51f69f9,currentBufferRatio=1.0,desiredRatio=1.0
04-09 15:57:58.777 V/WindowManager( 3590): Relayout Window{f71f005 u0 com.binance.monitor}: viewVisibility=0, oldvis=0, req=315x379 , apr = 0, vsysui=, x=-1885, y=1068
04-09 15:57:58.777 D/InsetsSourceProvider( 3590): updateSourceFrameForServerVisibility mandatorySystemGestures EMPTY_RECT
04-09 15:57:58.778 D/InsetsSourceProvider( 3590): updateSourceFrameForServerVisibility mandatorySystemGestures EMPTY_RECT
04-09 15:57:58.795 I/Osense-BaseDecisionMaker( 3590): notifySceneToAthenaPolicy: SCENE_IDLE_RECOVER, bundle: Bundle[{scene=SCENE_IDLE_RECOVER}]
04-09 15:57:58.825 I/sensors-hal( 2113): handle_oplus_wise_rgb_event:189, high_pwm_light:lux 219.0,cct 5265.3,brl/algo/ir 1380.0/2.0/11.8,pwm/dc 0.0/0.0,rgbc 7899.573730/6001.093262/2980.338379/16491.960938,ts 768695234229560,cnt 15594,flag 28852
04-09 15:57:58.825 I/sensors-hal( 2113): handle_oplus_wise_rgb_event:161, wise_rgb: (15594)(cct, lux, ir)[5265.31, 219.04, 11.761853] (r, g, b, c)[7899.57, 6001.09, 2980.34, 16491.96]                 (pwm, hbm, brl, algo)[0.0 0.0 1380.0 2.0], flag 28852
04-09 15:57:58.844 W/Settings( 3590): Setting notification_bubbles has moved from android.provider.Settings.Global to android.provider.Settings.Secure, returning read-only value.
04-09 15:57:58.844 W/Settings( 3590): Setting apply_ramping_ringer has moved from android.provider.Settings.Global to android.provider.Settings.System, returning read-only value.
04-09 15:57:58.846 W/SettingsStatsUtil( 3590): Can not parse value to float: +network
04-09 15:57:58.849 W/SettingsStatsUtil( 3590): Can not parse value to float: +network
04-09 15:57:58.875 I/SDM     ( 2181): DisplayBuiltIn::IdlePowerCollapse: IPC received, disabling partial update for one frame
04-09 15:57:58.912 D/vendor.qti.bluetooth@1.0-wake_lock( 2103): Release wakelock is released 
04-09 15:57:58.962 D/BatteryChargeControl( 2280): bcc get no support from charging protocol
04-09 15:57:58.972 D/ShellSubscriberWorkerThread(15031): the first 8 bytes empty, and RestData length > 8 
04-09 15:57:59.024 I/SDM     ( 2181): DisplayBuiltIn::IdlePowerCollapse: IPC received, disabling partial update for one frame
04-09 15:57:59.031 E/CwbService( 2181): Panel not support apl read or getDisplayPanelAplValue timeout 10ms.
04-09 15:57:59.032 D/SensorFeature( 2258): name=ssc_screenshot_info ,index = 22
04-09 15:57:59.032 D/SensorFeature( 2258): write 39 bytes:768695570323149,768695625020805,28853,0
04-09 15:57:59.091 D/FusionLightNextGen( 3590): process end reported = 1, mode: 0, cnt: 440345, lux 206.7, cct 5421.6, r/g/b/c: 7897.1/6001.1/2998.0/16587.5, R/G/B: 71.0/68.0/60.0, bri 1380.0, match 1.00, ir 0.008920, conf 5.0, ts 768695611152112
04-09 15:57:59.092 I/sensors-hal( 2113): handle_oplus_wise_rgb_event:161, wise_rgb: (15599)(cct, lux, ir)[5313.34, 219.22, 11.745469] (r, g, b, c)[7899.57, 5992.29, 2995.79, 16477.97]                 (pwm, hbm, brl, algo)[0.0 0.0 1380.0 2.0], flag 28853
04-09 15:57:59.335 D/SensorFeature( 2258): name=ssc_screenshot_info ,index = 22
04-09 15:57:59.336 D/SensorFeature( 2258): write 39 bytes:768695570323149,768695938753774,28854,0
04-09 15:57:59.356 I/sensors-hal( 2113): handle_oplus_wise_rgb_event:189, high_pwm_light:lux 219.7,cct 5308.7,brl/algo/ir 1380.0/2.0/11.5,pwm/dc 0.0/0.0,rgbc 7832.290527/5937.298828/2958.261719/16370.731445,ts 768695877678310,cnt 15604,flag 28854
04-09 15:57:59.357 I/sensors-hal( 2113): handle_oplus_wise_rgb_event:161, wise_rgb: (15604)(cct, lux, ir)[5308.67, 219.72, 11.519255] (r, g, b, c)[7832.29, 5937.30, 2958.26, 16370.73]                 (pwm, hbm, brl, algo)[0.0 0.0 1380.0 2.0], flag 28854
04-09 15:57:59.368 E/PERFHAL-PERFCTRL( 2187): PERFHAL-PERFCTRL: chk_core_online_poll_loop() 748: poll() has timed out for /sys/kernel/msm_performance/events/cpu_hotplug
04-09 15:57:59.368 E/PERFHAL-PERFCTRL( 2187): PERFHAL-PERFCTRL: chk_core_online_poll_loop() 743: Block on poll()
04-09 15:57:59.424 I/AICCTModule( 3590): SensorFilter: brightness threshold 1.4 screenNit is 98.252 ave enviroment lux is 206.25227 luxForNit 95.38587demarcationPoint200.0 result is false
04-09 15:57:59.425 I/AICCTModule( 3590): SensorFilter: findSecondNearestValue, sensorValue: 5350.8223 nearestMaxValue:5340.953 secondNearestValue: 5340.953
04-09 15:57:59.425 I/AICCTModule( 3590): SensorFilter: findSecondNearestValue, sensorValue: 204.89537 nearestMaxValue:204.89537 secondNearestValue: 204.40512
04-09 15:57:59.428 D/RadioProxyJ[0](14034): [73180]> getRRCStatus
04-09 15:57:59.429 D/RadioProxyJ[1](14034): [73181]> getRRCStatus
04-09 15:57:59.429 D/QmiNasClient( 2727): getRRCStatus - enter
04-09 15:57:59.429 D/QmiNasClient( 3438): getRRCStatus - enter
04-09 15:57:59.431 D/QmiNasClient( 3438): getRRCStatus callback - enter
04-09 15:57:59.431 D/QmiNasClient( 3438): getRRCStatus result.rsp.rrcStatusInfo.rrcStatus = 0
04-09 15:57:59.431 D/QmiNasClient( 2727): getRRCStatus callback - enter
04-09 15:57:59.431 D/QmiNasClient( 2727): getRRCStatus result.rsp.rrcStatusInfo.rrcStatus = 0
04-09 15:57:59.431 D/NasProxy( 3438): handleMessage msg is 4001
04-09 15:57:59.431 D/NasProxy( 2727): handleMessage msg is 4001
04-09 15:57:59.431 D/RadioProxy( 2727): getRRCStatus : response cb for instance 0
04-09 15:57:59.431 D/RadioProxy( 3438): getRRCStatus : response cb for instance 1
04-09 15:57:59.432 D/RadioProxyJ[1](14034): [73181]< getRRCStatusResponse 0
04-09 15:57:59.432 D/CoexRfService(14034): report RRC state:false
04-09 15:57:59.432 D/RadioProxyJ[0](14034): [73180]< getRRCStatusResponse 0
04-09 15:57:59.613 D/CommonApp-234-10512(14034): transport layer data is invalid
04-09 15:57:59.615 D/CommonApp-235-10512(14034): commonScoreStrategy scenarios low package
04-09 15:57:59.615 D/ScorePolicy(14034): handleScoreChanged: []
04-09 15:57:59.615 D/ScorePolicy(14034): handleScoreChanged: []
04-09 15:57:59.615 D/ScorePolicy(14034): handleScoreChanged: []
04-09 15:57:59.615 D/OplusL3Monitor( 3590): linkIndex=90, networkId=0, ignore
04-09 15:57:59.638 D/SensorFeature( 2258): name=ssc_screenshot_info ,index = 22
04-09 15:57:59.638 D/SensorFeature( 2258): write 39 bytes:768695570323149,768696242446066,28855,0
04-09 15:57:59.641 I/sensors-hal( 2113): handle_oplus_wise_rgb_event:161, wise_rgb: (15609)(cct, lux, ir)[5299.09, 219.08, 11.336469] (r, g, b, c)[7869.67, 5987.89, 2995.79, 16517.61]                 (pwm, hbm, brl, algo)[0.0 0.0 1380.0 2.0], flag 28855
04-09 15:57:59.712 I/SDM     ( 2181): DisplayBuiltIn::IdlePowerCollapse: IPC received, disabling partial update for one frame
04-09 15:57:59.718 D/vendor.oplus.hardware.charger-V10-service( 2280): ret_value:122, read content:,294,294,4048,4047,-112,64,65,1,1,0,494,4952,65,1,4480,600,500,0,0,9500,0,0,1,0,2,0,0,0,1,5868,89,0,3194,5026,0,0,0,0,0,0
04-09 15:57:59.718 D/vendor.oplus.hardware.charger-V10-service( 2280): gmtime: 2026-04-09-15-57-59
04-09 15:57:59.718 D/vendor.oplus.hardware.charger-V10-service( 2280): usb_online:1, ac_online:-2147483648, wireless_online:-2147483648
04-09 15:57:59.737 D/OplusWifiPowerWakeupStats( 3590): IPV4_TCP_Packet wake up count 162
04-09 15:57:59.738 D/OplusWifiPower_WakeupIp( 3590): com.v2ray.ang(43.155.214.***) wakeup host
04-09 15:57:59.739 I/ChainTrace( 6825): stream type=syncEvent gapMs=1023 refreshMarket=true
04-09 15:57:59.770 I/SDM     ( 2181): DisplayBuiltIn::IdlePowerCollapse: IPC received, disabling partial update for one frame
04-09 15:57:59.867 I/SDM     ( 2181): DisplayBuiltIn::IdlePowerCollapse: IPC received, disabling partial update for one frame
04-09 15:57:59.891 I/sensors-hal( 2113): handle_oplus_wise_rgb_event:189, high_pwm_light:lux 219.7,cct 5282.4,brl/algo/ir 1380.0/2.0/11.4,pwm/dc 0.0/0.0,rgbc 7899.573730/6001.093262/2984.753906/16510.611328,ts 768696234202581,cnt 15614,flag 28855
04-09 15:57:59.891 I/sensors-hal( 2113): handle_oplus_wise_rgb_event:161, wise_rgb: (15614)(cct, lux, ir)[5282.38, 219.70, 11.350595] (r, g, b, c)[7899.57, 6001.09, 2984.75, 16510.61]                 (pwm, hbm, brl, algo)[0.0 0.0 1380.0 2.0], flag 28855
04-09 15:57:59.892 V/AlarmManager( 3590): sending alarm Alarm{7c5cd6c type 1 origWhen 1775721479892 whenElapsed 768696497 android} uid 1000 whenElapsed 768696497 windowLength 0 maxWhenElapsed 768696497 repeatInterval 0 action null component null tag StorgaeBandInfoAlarmTag flags 0x9 procName system_server
04-09 15:57:59.893 E/OplusStorageUFSBandwidth( 3590): storage_io_metrics_path is /proc/oplus_storage/io_metrics/forever/
04-09 15:57:59.894 E/OplusStorageUFSBandwidth( 3590): Bandwidth - Read: 0.00 MB/s, Write: 0.50 MB/s
04-09 15:57:59.894 E/OplusStorageUFSBandwidth( 3590): Task time: 1ms
04-09 15:57:59.898 E/OplusStorageUFSBandwidth( 3590): Alarm set to trigger in 10 seconds
04-09 15:57:59.929 D/ProfileInstaller(14491): Installing profile for com.coloros.gallery3d
04-09 15:57:59.962 D/BatteryChargeControl( 2280): bcc get no support from charging protocol
04-09 15:57:59.978 I/SDM     ( 2181): DisplayBuiltIn::IdlePowerCollapse: IPC received, disabling partial update for one frame
04-09 15:57:59.986 E/CwbService( 2181): Panel not support apl read or getDisplayPanelAplValue timeout 10ms.
04-09 15:57:59.986 D/SensorFeature( 2258): name=ssc_screenshot_info ,index = 22
04-09 15:57:59.986 D/SensorFeature( 2258): write 39 bytes:768696525733097,768696579865232,28856,0
04-09 15:58:00.000 V/AlarmManager( 3590): sending alarm Alarm{7e84fca type 3 origWhen 768696605 whenElapsed 768696605 android} uid 1000 whenElapsed 768696605 windowLength 0 maxWhenElapsed 768696605 repeatInterval 0 action null component null tag TIME_TICK flags 0x9 procName system_server
04-09 15:58:00.004 D/CommSceneService( 3590): notify align tick changed state=1
04-09 15:58:00.004 I/CommSceneListener( 3590): on scene=1006 state=1 pId=-1
