04-09 15:58:06.288 I/sensors-hal( 2113): handle_oplus_wise_rgb_event:189, high_pwm_light:lux 219.1,cct 5299.8,brl/algo/ir 1380.0/2.0/12.9,pwm/dc 0.0/0.0,rgbc 7829.797852/5952.697266/2962.677246/16373.062500,ts 768702797742268,cnt 15734,flag 28876
04-09 15:58:06.289 I/sensors-hal( 2113): handle_oplus_wise_rgb_event:161, wise_rgb: (15734)(cct, lux, ir)[5299.80, 219.13, 12.928883] (r, g, b, c)[7829.80, 5952.70, 2962.68, 16373.06]                 (pwm, hbm, brl, algo)[0.0 0.0 1380.0 2.0], flag 28876
04-09 15:58:06.289 I/AICCTModule( 3590): SensorFilter: brightness threshold 1.4 screenNit is 98.252 ave enviroment lux is 204.16068 luxForNit 95.261215demarcationPoint200.0 result is false
04-09 15:58:06.289 I/AICCTModule( 3590): SensorFilter: findSecondNearestValue, sensorValue: 5336.814 nearestMaxValue:5317.8076 secondNearestValue: 5357.2515
04-09 15:58:06.289 I/AICCTModule( 3590): SensorFilter: findSecondNearestValue, sensorValue: 204.4789 nearestMaxValue:204.65323 secondNearestValue: 204.65323
04-09 15:58:06.337 E/WifiHAL ( 2123): wifi_get_cached_scan_results: Wifi Cached Scan Result not supported by driver
04-09 15:58:06.337 E/WifiStaIfaceAidlImpl( 3590): getCachedScanData failed with service-specific exception: android.os.ServiceSpecificException:  (code 4)
04-09 15:58:06.341 I/SDM     ( 2181): DisplayBuiltIn::IdlePowerCollapse: IPC received, disabling partial update for one frame
04-09 15:58:06.344 D/VendorWifiService(14034): onEvent event:9,action:1
04-09 15:58:06.351 D/ScorerUtils( 3590): isLowTraffic: txTputKBps=0, rxTputKBps=5
04-09 15:58:06.351 D/OplusWifiPower_TriggerCenter( 3590): mComponentCallback: wifistat
04-09 15:58:06.352 D/OplusNetKit( 3590): in getLpByInterface name from LP: [rmnet_data3]
04-09 15:58:06.352 D/OplusNetKit( 3590): in getLpByInterface name from LP: [rmnet_data4]
04-09 15:58:06.352 D/OplusNetKit( 3590): in getLpByInterface name from LP: [wlan0]
04-09 15:58:06.352 D/OplusNetKit( 3590): oplus_wifi_network check inet by slow arp: /10.36.202.***
04-09 15:58:06.352 D/OplusNetKit( 3590): interface name from LP: [rmnet_data3]
04-09 15:58:06.352 D/OplusNetKit( 3590): interface name from LP: [rmnet_data4]
04-09 15:58:06.352 D/OplusNetKit( 3590): interface name from LP: [wlan0]
04-09 15:58:06.352 D/OplusNetKit( 3590): in getLpByInterface name from LP: [rmnet_data3]
04-09 15:58:06.352 D/OplusNetKit( 3590): in getLpByInterface name from LP: [rmnet_data4]
04-09 15:58:06.352 D/OplusNetKit( 3590): in getLpByInterface name from LP: [wlan0]
04-09 15:58:06.352 D/OplusNetKit( 3590): in getLpByInterface name from LP: [rmnet_data3]
04-09 15:58:06.352 D/OplusNetKit( 3590): in getLpByInterface name from LP: [rmnet_data4]
04-09 15:58:06.352 D/OplusNetKit( 3590): in getLpByInterface name from LP: [wlan0]
04-09 15:58:06.357 D/OplusArpPeer_euclid_psw( 3590): Do not fill sender ip
04-09 15:58:06.422 I/sensors-hal( 2113): handle_sns_std_sensor_event:114, oplus rgb_rear sample: (cct, lux, ir, x, y)[5148, 75, 21, 343, 383]
04-09 15:58:06.422 I/sensors-hal( 2113): handle_sns_std_sensor_event:116, oplus rgb_rear sample: (r, g, b, c w)[4154, 8561, 1367, 184, 0]
04-09 15:58:06.472 D/connection::usb::device(11972): [usb_device]current proxy server is running
04-09 15:58:06.472 D/connection::usb::device(11972): [usb_device]current ipsync server is running
04-09 15:58:06.590 I/SDM     ( 2181): DisplayBuiltIn::IdlePowerCollapse: IPC received, disabling partial update for one frame
04-09 15:58:06.594 E/CwbService( 2181): Panel not support apl read or getDisplayPanelAplValue timeout 10ms.
04-09 15:58:06.594 D/SensorFeature( 2258): name=ssc_screenshot_info ,index = 22
04-09 15:58:06.595 D/SensorFeature( 2258): write 39 bytes:768703134178771,768703188451115,28877,0
04-09 15:58:06.596 I/SmartDataSwitchStateManager(13839): handle message:7
04-09 15:58:06.597 I/SmartDataSwitchSM(13839): [DisableState]Handle msg: 2
04-09 15:58:06.597 I/sensors-hal( 2113): handle_oplus_wise_rgb_event:161, wise_rgb: (15739)(cct, lux, ir)[5303.21, 217.98, 11.558541] (r, g, b, c)[7824.81, 5948.30, 2956.05, 16377.73]                 (pwm, hbm, brl, algo)[0.0 0.0 1380.0 2.0], flag 28877
04-09 15:58:06.597 I/SmartDataSwitchSM(13839): [DisableState]handle state change, reason:DataScoreLow
04-09 15:58:06.711 I/ChainTrace( 6825): stream type=syncEvent gapMs=943 refreshMarket=true
04-09 15:58:06.743 D/osense.compress( 3590): com.xunmeng.pinduoduo do shrink, target ratio = 90, final ratio = 90, cur ratio = 88
04-09 15:58:06.746 D/libc-netbsd( 6825): [oplusDnsOpenProxy]: __netdClientDispatch.connect errno = 111
04-09 15:58:06.746 D/NetworkService[0](14034): getIfIndexByNetid netId:235,ifName:tun0,ifIndex:90
04-09 15:58:06.746 D/NetworkService[1](14034): getIfIndexByNetid netId:235,ifName:tun0,ifIndex:90
04-09 15:58:06.780 D/CommonApp-234-10512(14034): transport layer data is invalid
04-09 15:58:06.781 D/CommonApp-235-10512(14034): commonScoreStrategy scenarios 5 mdnsScore=0
04-09 15:58:06.781 D/CommonApp-235-10512(14034): init notify
04-09 15:58:06.781 D/CommonApp-235-10512(14034): notifyScoreChange appScene COMMON score 100
04-09 15:58:06.781 D/CommonApp-235-10512(14034): needNotify 77777
04-09 15:58:06.781 D/ScorePolicy(14034): handleScoreChanged: [mInstanceId: -1 mPolicyId: 3342338 mLevel: 2 mValue: 100 mTechnology: 2 mNetId: 235 mUid: 10512 mPeriod: 0 mThreshold: 0 mBadReasonType: 0 mBadReason: 0 mScene: 0 mCBClientId: 0]
04-09 15:58:06.782 D/ScorePolicy(14034): handleScoreChanged: [mInstanceId: -1 mPolicyId: 3342340 mLevel: 1 mValue: 100 mTechnology: 2 mNetId: 235 mUid: 10512 mPeriod: 0 mThreshold: 0 mBadReasonType: 0 mBadReason: 0 mScene: 0 mCBClientId: 0]
04-09 15:58:06.782 D/ScorePolicy(14034): handleScoreChanged: []
04-09 15:58:06.782 D/ScoreClient(14034): notifyScoreChange2457667 1001
04-09 15:58:06.782 D/ScoreClient(14034): notifyScoreChange268075477 1006
04-09 15:58:06.782 D/ScoreClient(14034): notifyScoreChange172017572 1
04-09 15:58:06.782 D/ScoreClient(14034): notifyScoreChange235975006 1
04-09 15:58:06.782 D/AtomHighLoadSenseInfo(14034): handleMessage what:1001
04-09 15:58:06.782 D/ScoreClient(14034): notifyScoreChange236195522 1008
04-09 15:58:06.782 D/AtomHighLoadSenseInfo(14034): handleScoreChanged results:[mInstanceId: -1 mPolicyId: 3342338 mLevel: 2 mValue: 100 mTechnology: 2 mNetId: 235 mUid: 10512 mPeriod: 0 mThreshold: 0 mBadReasonType: 0 mBadReason: 0 mScene: 0 mCBClientId: 2457667]
04-09 15:58:06.782 D/ScoreLoader(14034): clinetId 51262116 [mInstanceId: -1 mPolicyId: 3342340 mLevel: 1 mValue: 100 mTechnology: 2 mNetId: 235 mUid: 10512 mPeriod: 0 mThreshold: 0 mBadReasonType: 0 mBadReason: 0 mScene: 0 mCBClientId: 39376926]
04-09 15:58:06.782 D/ExtremeCommService(14034): handleMessage what:1006
04-09 15:58:06.782 D/ExtremeCommService(14034): EVENT_NETWORK_QUALITY_CHANGE score level:2
04-09 15:58:06.782 D/NetworkScoreEvent(14034): update event
04-09 15:58:06.782 D/RegStateTracker(14034): Received scoreresult[mInstanceId: -1 mPolicyId: 3342340 mLevel: 1 mValue: 100 mTechnology: 2 mNetId: 235 mUid: 10512 mPeriod: 0 mThreshold: 0 mBadReasonType: 0 mBadReason: 0 mScene: 0 mCBClientId: 235975006]
04-09 15:58:06.782 D/AtomNetworkScoreInfo(14034): handleMessage: 1008
04-09 15:58:06.782 D/AtomNetworkScoreInfo(14034): Received scoreresult[mInstanceId: -1 mPolicyId: 3342340 mLevel: 1 mValue: 100 mTechnology: 2 mNetId: 235 mUid: 10512 mPeriod: 0 mThreshold: 0 mBadReasonType: 0 mBadReason: 0 mScene: 0 mCBClientId: 236195522]
04-09 15:58:06.784 D/ScoreLoader(14034): clinetId 5475375 [mInstanceId: -1 mPolicyId: 3342338 mLevel: 2 mValue: 100 mTechnology: 2 mNetId: 235 mUid: 10512 mPeriod: 0 mThreshold: 0 mBadReasonType: 0 mBadReason: 0 mScene: 0 mCBClientId: 219934186, mInstanceId: -1 mPolicyId: 3342338 mLevel: 2 mValue: 100 mTechnology: 2 mNetId: 235 mUid: 10512 mPeriod: 0 mThreshold: 0 mBadReasonType: 0 mBadReason: 0 mScene: 0 mCBClientId: 79861825, mInstanceId: -1 mPolicyId: 3342338 mLevel: 2 mValue: 100 mTechnology: 2 mNetId: 235 mUid: 10512 mPeriod: 0 mThreshold: 0 mBadReasonType: 0 mBadReason: 0 mScene: 0 mCBClientId: 190672651, mInstanceId: -1 mPolicyId: 3342338 mLevel: 2 mValue: 100 mTechnology: 2 mNetId: 235 mUid: 10512 mPeriod: 0 mThreshold: 0 mBadReasonType: 0 mBadReason: 0 mScene: 0 mCBClientId: 58006050, mInstanceId: -1 mPolicyId: 3342338 mLevel: 2 mValue: 100 mTechnology: 2 mNetId: 235 mUid: 10512 mPeriod: 0 mThreshold: 0 mBadReasonType: 0 mBadReason: 0 mScene: 0 mCBClientId: 64307998, mInstanceId: -1 mPolicyId: 3342340 mLevel: 1 mValue: 100 mTechnology: 2 mNetId: 235 mUid: 10512 mPeriod: 0 mThreshold: 0 mBadReasonType: 0 mBadReason: 0 mScene: 0 mCBClientId: 73361374, mInstanceId: -1 mPolicyId: 3342340 mLevel: 1 mValue: 100 mTechnology: 2 mNetId: 235 mUid: 10512 mPeriod: 0 mThreshold: 0 mBadReasonType: 0 mBadReason: 0 mScene: 0 mCBClientId: 263796602, mInstanceId: -1 mPolicyId: 3342340 mLevel: 1 mValue: 100 mTechnology: 2 mNetId: 235 mUid: 10512 mPeriod: 0 mThreshold: 0 mBadReasonType: 0 mBadReason: 0 mScene: 0 mCBClientId: 128379457, mInstanceId: -1 mPolicyId: 3342340 mLevel: 1 mValue: 100 mTechnology: 2 mNetId: 235 mUid: 10512 mPeriod: 0 mThreshold: 0 mBadReasonType: 0 mBadReason: 0 mScene: 0 mCBClientId: 183644090, mInstanceId: -1 mPolicyId: 3342340 mLevel: 1 mValue: 100 mTechnology: 2 mNetId: 235 mUid: 10512 mPeriod: 0 mThreshold: 0 mBadReasonType: 0 mBadReason: 0 mScene: 0 mCBClientId: 71781513, mInstanceId: -1 mPolicyId: 3342340 mLevel: 1 mValue: 100 mTechnology: 2 mNetId: 235 mUid: 10512 mPeriod: 0 mThreshold: 0 mBadReasonType: 0 mBadReason: 0 mScene: 0 mCBClientId: 119001807, mInstanceId: -1 mPolicyId: 3342340 mLevel: 1 mValue: 100 mTechnology: 2 mNetId: 235 mUid: 10512 mPeriod: 0 mThreshold: 0 mBadReasonType: 0 mBadReason: 0 mScene: 0 mCBClientId: 159917397, mInstanceId: -1 mPolicyId: 3342340 mLevel: 1 mValue: 100 mTechnology: 2 mNetId: 235 mUid: 10512 mPeriod: 0 mThreshold: 0 mBadReasonType: 0 mBadReason: 0 mScene: 0 mCBClientId: 253278887]
04-09 15:58:06.784 D/ScoreLoader(14034): clinetId 18804689 [mInstanceId: -1 mPolicyId: 3342340 mLevel: 1 mValue: 100 mTechnology: 2 mNetId: 235 mUid: 10512 mPeriod: 0 mThreshold: 0 mBadReasonType: 0 mBadReason: 0 mScene: 0 mCBClientId: 162591356, mInstanceId: -1 mPolicyId: 3342340 mLevel: 1 mValue: 100 mTechnology: 2 mNetId: 235 mUid: 10512 mPeriod: 0 mThreshold: 0 mBadReasonType: 0 mBadReason: 0 mScene: 0 mCBClientId: 3198911]
04-09 15:58:06.785 D/OplusRecoveryEventData(13839): onScoreChanged mInstanceId: -1 mPolicyId: 3342338 mLevel: 2 mValue: 100 mTechnology: 2 mNetId: 235 mUid: 10512 mPeriod: 0 mThreshold: 0 mBadReasonType: 0 mBadReason: 0 mScene: 0 mCBClientId: 219934186
04-09 15:58:06.785 D/OLK-NAS (13839): get score result     mInstanceId: -1 mPolicyId: 3342340 mLevel: 1 mValue: 100 mTechnology: 2 mNetId: 235 mUid: 10512 mPeriod: 0 mThreshold: 0 mBadReasonType: 0 mBadReason: 0 mScene: 0 mCBClientId: 128379457
04-09 15:58:06.785 D/OLK-NAS (13839): networkScoreChange networkId: 235 better = true, score = 100
04-09 15:58:06.786 D/OplusL3Monitor( 3590): network=235, score=100, onScoreChanged result = mInstanceId: -1 mPolicyId: 3342340 mLevel: 1 mValue: 100 mTechnology: 2 mNetId: 235 mUid: 10512 mPeriod: 0 mThreshold: 0 mBadReasonType: 0 mBadReason: 0 mScene: 0 mCBClientId: 3198911, screen= true
04-09 15:58:06.787 E/SmartDataSwitchStateManager(13839): null network score or unexpected tech
04-09 15:58:06.787 D/SmartStrategyCooperateMachine(13839): now score is 100
04-09 15:58:06.822 I/sensors-hal( 2113): handle_oplus_wise_rgb_event:189, high_pwm_light:lux 219.0,cct 5356.6,brl/algo/ir 1380.0/2.0/11.2,pwm/dc 0.0/0.0,rgbc 7862.193848/5987.894043/3004.622803/16484.966797,ts 768703164767633,cnt 15744,flag 28877
04-09 15:58:06.822 I/sensors-hal( 2113): handle_oplus_wise_rgb_event:161, wise_rgb: (15744)(cct, lux, ir)[5356.63, 219.02, 11.214586] (r, g, b, c)[7862.19, 5987.89, 3004.62, 16484.97]                 (pwm, hbm, brl, algo)[0.0 0.0 1380.0 2.0], flag 28877
04-09 15:58:06.831 I/SDM     ( 2181): DisplayBuiltIn::IdlePowerCollapse: IPC received, disabling partial update for one frame
04-09 15:58:06.896 I/SurfaceControl( 6825):  setExtendedRangeBrightness sc=Surface(name=)/@0x51f69f9,currentBufferRatio=1.0,desiredRatio=1.0
04-09 15:58:06.897 V/WindowManager( 3590): Relayout Window{f71f005 u0 com.binance.monitor}: viewVisibility=0, oldvis=0, req=315x379 , apr = 0, vsysui=, x=-1885, y=1068
04-09 15:58:06.897 D/InsetsSourceProvider( 3590): updateSourceFrameForServerVisibility mandatorySystemGestures EMPTY_RECT
04-09 15:58:06.899 D/InsetsSourceProvider( 3590): updateSourceFrameForServerVisibility mandatorySystemGestures EMPTY_RECT
04-09 15:58:06.922 E/CwbService( 2181): Panel not support apl read or getDisplayPanelAplValue timeout 10ms.
04-09 15:58:06.923 D/SensorFeature( 2258): name=ssc_screenshot_info ,index = 22
04-09 15:58:06.923 D/SensorFeature( 2258): write 39 bytes:768703478359188,768703516224084,28878,0
04-09 15:58:06.966 D/BatteryChargeControl( 2280): bcc get no support from charging protocol
04-09 15:58:06.995 I/SDM     ( 2181): DisplayBuiltIn::IdlePowerCollapse: IPC received, disabling partial update for one frame
04-09 15:58:07.087 I/sensors-hal( 2113): handle_oplus_wise_rgb_event:161, wise_rgb: (15749)(cct, lux, ir)[5263.25, 219.16, 13.119452] (r, g, b, c)[7852.23, 5979.10, 2969.30, 16440.67]                 (pwm, hbm, brl, algo)[0.0 0.0 1380.0 2.0], flag 28878
04-09 15:58:07.087 D/FusionLightNextGen( 3590): process end reported = 1, mode: 0, cnt: 440375, lux 204.3, cct 5383.4, r/g/b/c: 7852.2/5970.3/2978.1/16440.7, R/G/B: 71.0/68.0/60.0, bri 1380.0, match 1.00, ir 0.010666, conf 5.0, ts 768703508585810
04-09 15:58:07.164 E/OplusArpPeer_euclid_psw( 3590): ARP read failure: android.system.ErrnoException: read failed: EAGAIN (Try again)
04-09 15:58:07.164 E/OplusArpPeer_euclid_psw( 3590):  OplusArpPeer close
04-09 15:58:07.175 D/OplusArpPeer_euclid_psw( 3590): Do not fill sender ip
04-09 15:58:07.194 I/GoLog   (25334): from tcp:127.0.0.1:40858 accepted tcp:43.155.214.62:443 [socks >> proxy]
04-09 15:58:07.248 I/vendor.qti.bluetooth@1.0-ibs_handler( 2103): ProcessIbsCmd: Received IBS_WAKE_IND: 0xFD
04-09 15:58:07.248 D/vendor.qti.bluetooth@1.0-ibs_handler( 2103): SerialClockVote: vote for UART CLK ON
04-09 15:58:07.248 D/vendor.qti.bluetooth@1.0-wake_lock( 2103): Acquire wakelock is acquired 
04-09 15:58:07.248 I/vendor.qti.bluetooth@1.0-ibs_handler( 2103): ProcessIbsCmd: Writing IBS_WAKE_ACK
04-09 15:58:07.262 D/NotificationService--OplusNotificationFixHelper( 3590): fixAppIcon: pkg=com.v2ray.ang
04-09 15:58:07.263 D/NotificationService--OplusNotificationFixHelper( 3590): fixAppIcon: appIcon = null, pkg = com.v2ray.ang
04-09 15:58:07.263 D/NotificationService--NotificationRecord( 3590): isSupportRearLight , isRearLight = false mLedRM = false isMultilLed = false
04-09 15:58:07.264 I/OplusStatusBarManagerServiceEnhance( 3590):  getTopIsFullscreen mTopIsFullscreen: false
04-09 15:58:07.264 W/ActivityManager( 3590): Permission Denial: getTopApplicationInfo from pid=25334, uid=10397 requires oplus.permission.OPLUS_COMPONENT_SAFE
04-09 15:58:07.264 E/OplusNotificationCenter( 3590): getForegroundApplication exception
04-09 15:58:07.264 D/NotificationService--OplusNotificationManagerServiceExtImpl( 3590): isForwardToAssistants: true, case : Is local notification
04-09 15:58:07.265 D/NotificationService( 3590): This application enqueue notifications is need postDelayed mcsAssistantDelayTime: 50
04-09 15:58:07.268 I/SDM     ( 2181): DisplayBuiltIn::IdlePowerCollapse: IPC received, disabling partial update for one frame
04-09 15:58:07.271 E/CwbService( 2181): Panel not support apl read or getDisplayPanelAplValue timeout 10ms.
04-09 15:58:07.272 D/SensorFeature( 2258): name=ssc_screenshot_info ,index = 22
04-09 15:58:07.272 D/SensorFeature( 2258): write 39 bytes:768703811661271,768703865825490,28879,0
04-09 15:58:07.288 I/vendor.qti.bluetooth@1.0-ibs_handler( 2103): ProcessIbsCmd: Received IBS_SLEEP_IND: 0xFE
04-09 15:58:07.288 D/vendor.qti.bluetooth@1.0-ibs_handler( 2103): SerialClockVote: vote for UART CLK OFF
04-09 15:58:07.326 I/SystemUi--Notification( 8338): OplusLiveAlertNotificationsRepository-->onRankingApplied
04-09 15:58:07.341 I/PluginSeedling--Track( 8338): RequestHandler-->notificationUpdated 0|com.v2ray.ang|1|null|10397 postTime: 1775721487263
04-09 15:58:07.341 E/LockScreenNotificationDispatcherImp( 8338): updateNotificationListOnKg size:0
04-09 15:58:07.345 W/SystemUi--Notification( 8338): OplusNotificationGroupExtImpl-->setChildrenExpanded: groupHeader is null
04-09 15:58:07.346 I/SystemUi--Notification( 8338): LockScreenNotificationDispatcherImp-->updateNotificationListOnKg resultCode: 0
04-09 15:58:07.352 I/sensors-hal( 2113): handle_oplus_wise_rgb_event:189, high_pwm_light:lux 217.3,cct 5320.5,brl/algo/ir 1380.0/2.0/11.8,pwm/dc 0.0/0.0,rgbc 7849.733887/5957.096680/2973.715576/16433.677734,ts 768703808349039,cnt 15754,flag 28879
04-09 15:58:07.353 I/sensors-hal( 2113): handle_oplus_wise_rgb_event:161, wise_rgb: (15754)(cct, lux, ir)[5320.45, 217.27, 11.779587] (r, g, b, c)[7849.73, 5957.10, 2973.72, 16433.68]                 (pwm, hbm, brl, algo)[0.0 0.0 1380.0 2.0], flag 28879
04-09 15:58:07.376 D/LocalImageResolver( 8338): Couldn't use ImageDecoder for drawable, falling back to non-resized load.
04-09 15:58:07.378 D/OplusNotificationDateTimeView( 8338): setTime mSettingTimeMillis 1775721487259, mSettingLocalDateTime 2026-04-09T15:58:00.259
04-09 15:58:07.385 D/LocalImageResolver( 8338): Couldn't use ImageDecoder for drawable, falling back to non-resized load.
04-09 15:58:07.386 D/OplusNotificationDateTimeView( 8338): setTime mSettingTimeMillis 1775721487259, mSettingLocalDateTime 2026-04-09T15:58:00.259
04-09 15:58:07.389 D/LocalImageResolver( 8338): Couldn't use ImageDecoder for drawable, falling back to non-resized load.
04-09 15:58:07.389 D/OplusNotificationDateTimeView( 8338): setTime mSettingTimeMillis 1775721487259, mSettingLocalDateTime 2026-04-09T15:58:00.259
04-09 15:58:07.393 I/SystemUi--Notification( 8338): OplusNotificationTempla-->resolveContentMargin: marginTop=112 isChildInGroup=false hasSubtitle=true params.topMargin=112
04-09 15:58:07.394 W/SystemUi--Notification( 8338): OplusNotificationGroupExtImpl-->setChildrenExpanded: groupHeader is null
04-09 15:58:07.395 E/LockScreenNotificationDispatcherImp( 8338): updateNotificationListOnKg size:0
04-09 15:58:07.398 W/SystemUi--Notification( 8338): OplusNotificationGroupExtImpl-->setChildrenExpanded: groupHeader is null
04-09 15:58:07.398 I/SystemUi--Notification( 8338): LockScreenNotificationDispatcherImp-->updateNotificationListOnKg resultCode: 0
04-09 15:58:07.423 I/AICCTModule( 3590): SensorFilter: brightness threshold 1.4 screenNit is 98.252 ave enviroment lux is 204.05489 luxForNit 95.25478demarcationPoint200.0 result is false
04-09 15:58:07.423 I/AICCTModule( 3590): SensorFilter: findSecondNearestValue, sensorValue: 5357.2515 nearestMaxValue:5383.4463 secondNearestValue: 5383.4463
04-09 15:58:07.423 I/AICCTModule( 3590): SensorFilter: findSecondNearestValue, sensorValue: 204.65323 nearestMaxValue:204.34543 secondNearestValue: 204.34543
04-09 15:58:07.439 D/vendor.qti.bluetooth@1.0-wake_lock( 2103): Release wakelock is released 
04-09 15:58:07.574 D/SensorFeature( 2258): name=ssc_screenshot_info ,index = 22
04-09 15:58:07.574 D/SensorFeature( 2258): write 39 bytes:768703811661271,768704177905750,28880,0
04-09 15:58:07.621 I/sensors-hal( 2113): handle_oplus_wise_rgb_event:161, wise_rgb: (15759)(cct, lux, ir)[5295.39, 218.89, 12.027164] (r, g, b, c)[7904.56, 5990.09, 2986.96, 16545.58]                 (pwm, hbm, brl, algo)[0.0 0.0 1380.0 2.0], flag 28880
04-09 15:58:07.724 I/SDM     ( 2181): DisplayBuiltIn::IdlePowerCollapse: IPC received, disabling partial update for one frame
04-09 15:58:07.772 I/ChainTrace( 6825): stream type=syncEvent gapMs=1062 refreshMarket=true
04-09 15:58:07.782 D/osense.compress( 3590): com.v2ray.ang do shrink, target ratio = 83, final ratio = 90, cur ratio = 77
04-09 15:58:07.804 D/CommonApp-234-10512(14034): transport layer data is invalid
04-09 15:58:07.805 D/CommonApp-235-10512(14034): commonScoreStrategy scenarios 5 mdnsScore=0
04-09 15:58:07.805 D/CommonApp-235-10512(14034): notifyScoreChange appScene COMMON score 100
04-09 15:58:07.805 D/ScorePolicy(14034): handleScoreChanged: []
04-09 15:58:07.805 D/ScorePolicy(14034): handleScoreChanged: []
04-09 15:58:07.805 D/ScorePolicy(14034): handleScoreChanged: []
04-09 15:58:07.895 W/LOG_FLOWCTRL(14706): ==LOGS OVER PROC QUOTA(300), rows(70) bytes(9512) com.oplus.dmp:main u(0) l(0) t(0) c(0) DROPPED==
04-09 15:58:07.895 D/ProfileInstaller(14706): Skipping profile installation for com.oplus.dmp
04-09 15:58:07.900 V/AlarmManager( 3590): sending alarm Alarm{bf95c53 type 1 origWhen 1775721487900 whenElapsed 768704505 android} uid 1000 whenElapsed 768704505 windowLength 0 maxWhenElapsed 768704505 repeatInterval 0 action null component null tag StorgaeBandInfoAlarmTag flags 0x9 procName system_server
04-09 15:58:07.901 E/OplusStorageUFSBandwidth( 3590): storage_io_metrics_path is /proc/oplus_storage/io_metrics/forever/
04-09 15:58:07.902 E/OplusStorageUFSBandwidth( 3590): Bandwidth - Read: 8.50 MB/s, Write: 0.00 MB/s
04-09 15:58:07.902 E/OplusStorageUFSBandwidth( 3590): Task time: 1ms
04-09 15:58:07.903 E/OplusStorageUFSBandwidth( 3590): Alarm set to trigger in 10 seconds
04-09 15:58:07.906 I/SurfaceControl( 6825):  setExtendedRangeBrightness sc=Surface(name=)/@0x51f69f9,currentBufferRatio=1.0,desiredRatio=1.0
04-09 15:58:07.907 V/WindowManager( 3590): Relayout Window{f71f005 u0 com.binance.monitor}: viewVisibility=0, oldvis=0, req=315x379 , apr = 0, vsysui=, x=-1885, y=1068
04-09 15:58:07.907 D/InsetsSourceProvider( 3590): updateSourceFrameForServerVisibility mandatorySystemGestures EMPTY_RECT
04-09 15:58:07.909 D/InsetsSourceProvider( 3590): updateSourceFrameForServerVisibility mandatorySystemGestures EMPTY_RECT
04-09 15:58:07.967 D/BatteryChargeControl( 2280): bcc get no support from charging protocol
04-09 15:58:07.997 E/OplusArpPeer_euclid_psw( 3590): ARP read failure: android.system.ErrnoException: read failed: EAGAIN (Try again)
04-09 15:58:07.997 E/OplusArpPeer_euclid_psw( 3590):  OplusArpPeer close
04-09 15:58:08.005 E/CwbService( 2181): Panel not support apl read or getDisplayPanelAplValue timeout 10ms.
04-09 15:58:08.006 D/SensorFeature( 2258): name=ssc_screenshot_info ,index = 22
04-09 15:58:08.006 D/SensorFeature( 2258): write 39 bytes:768704544376271,768704598910489,28881,0
04-09 15:58:08.006 D/OplusArpPeer_euclid_psw( 3590): Do not fill sender ip
04-09 15:58:08.007 I/SDM     ( 2181): DisplayBuiltIn::IdlePowerCollapse: IPC received, disabling partial update for one frame
04-09 15:58:08.008 I/sensors-hal( 2113): handle_oplus_wise_rgb_event:189, high_pwm_light:lux 220.1,cct 5308.8,brl/algo/ir 1380.0/2.0/12.0,pwm/dc 0.0/0.0,rgbc 7842.258301/5963.696777/2967.092285/16382.388672,ts 768704463478310,cnt 15764,flag 131072
04-09 15:58:08.008 I/sensors-hal( 2113): handle_oplus_wise_rgb_event:161, wise_rgb: (15764)(cct, lux, ir)[5308.79, 220.07, 11.969637] (r, g, b, c)[7842.26, 5963.70, 2967.09, 16382.39]                 (pwm, hbm, brl, algo)[0.0 0.0 1380.0 2.0], flag 131072
04-09 15:58:08.096 W/OPLUS_LOG_LOAD( 8730): ==LOGS PROG INFO, prog(com.android.launcher) ==
04-09 15:58:08.096 I/UTrace.Sdk.HLogConfigHelper( 8730): [SeedlingSdkFramework|com.android.launcher] checkLogFiles() totalSize=3783469(3.6081972MB) logFiles.size=647 recentFiles={(com_android_launcher_PantaCardSdk_main_ums_2026_03_26_16.dog3,2660),(com_android_launcher_SeedlingSdkFramework_main_ums_2026_03_26_16.dog3,3146),(com_android_launcher_SeedlingSdkFramework_main_ums_2026_03_26_17.dog3,1512),(com_android_launcher_PantaCardSdk_main_ums_2026_03_26_17.dog3,1694),(com_android_launcher_SeedlingSdkFramework_main_ums_2026_03_26_18.dog3,556),(com_android_launcher_PantaCardSdk_main_ums_2026_03_26_18.dog3,556),(com_android_launcher_PantaCardSdk_main_ums_2026_03_26_19.dog3,332),(com_android_launcher_PantaCardSdk_main_ums_2026_03_26_20.dog3,1406),(com_android_launcher_SeedlingSdkFramework_main_ums_2026_03_26_20.dog3,1336),(com_android_launcher_PantaCardSdk_main_ums_2026_03_26_21.dog3,2484),(com_android_launcher_SeedlingSdkFramework_main_ums_2026_04_09_11.dog3,1154),(com_android_launcher_PantaCardSdk_main_ums_2026_04_09_11.dog3,10582),(com_android_launcher_PantaCardSdk_main_ums_2026_04_09_12.dog3,25172),(com_android_launcher_SeedlingSdkFramework_main_ums_2026_04_09_12.dog3,3514),(com_android_launcher_SeedlingSdkFramework_main_ums_2026_04_09_13.dog3,1320),(com_android_launcher_PantaCardSdk_main_ums_2026_04_09_13.dog3,3806),(com_android_launcher_PantaCardSdk_main_ums_2026_04_09_14.dog3,34266),(com_android_launcher_SeedlingSdkFramework_main_ums_2026_04_09_14.dog3,2580),(com_android_launcher_PantaCardSdk_main_ums_2026_04_09_15.dog3,13996),(com_android_launcher_SeedlingSdkFramework_main_ums_2026_04_09_15.dog3,1528)} [SeedlingSdk|com.android.launcher|2.0.40-ebe132d]
04-09 15:58:08.097 E/FileStrategy( 8730): java.io.IOException: Read-only file system
04-09 15:58:08.098 I/UTrace.Sdk.HLogConfigHelper( 8730): [PantaCardSdk|com.android.launcher] checkLogFiles() totalSize=3783469(3.6081972MB) logFiles.size=647 recentFiles={(com_android_launcher_PantaCardSdk_main_ums_2026_03_26_16.dog3,2660),(com_android_launcher_SeedlingSdkFramework_main_ums_2026_03_26_16.dog3,3146),(com_android_launcher_SeedlingSdkFramework_main_ums_2026_03_26_17.dog3,1512),(com_android_launcher_PantaCardSdk_main_ums_2026_03_26_17.dog3,1694),(com_android_launcher_SeedlingSdkFramework_main_ums_2026_03_26_18.dog3,556),(com_android_launcher_PantaCardSdk_main_ums_2026_03_26_18.dog3,556),(com_android_launcher_PantaCardSdk_main_ums_2026_03_26_19.dog3,332),(com_android_launcher_PantaCardSdk_main_ums_2026_03_26_20.dog3,1406),(com_android_launcher_SeedlingSdkFramework_main_ums_2026_03_26_20.dog3,1336),(com_android_launcher_PantaCardSdk_main_ums_2026_03_26_21.dog3,2484),(com_android_launcher_SeedlingSdkFramework_main_ums_2026_04_09_11.dog3,1154),(com_android_launcher_PantaCardSdk_main_ums_2026_04_09_11.dog3,10582),(com_android_launcher_PantaCardSdk_main_ums_2026_04_09_12.dog3,25172),(com_android_launcher_SeedlingSdkFramework_main_ums_2026_04_09_12.dog3,3514),(com_android_launcher_SeedlingSdkFramework_main_ums_2026_04_09_13.dog3,1320),(com_android_launcher_PantaCardSdk_main_ums_2026_04_09_13.dog3,3806),(com_android_launcher_PantaCardSdk_main_ums_2026_04_09_14.dog3,34266),(com_android_launcher_SeedlingSdkFramework_main_ums_2026_04_09_14.dog3,2580),(com_android_launcher_PantaCardSdk_main_ums_2026_04_09_15.dog3,13996),(com_android_launcher_SeedlingSdkFramework_main_ums_2026_04_09_15.dog3,1528)} [OplusLauncher|com.android.launcher|2.0.44-25e9612]
04-09 15:58:08.098 E/FileStrategy( 8730): java.io.IOException: Read-only file system
04-09 15:58:08.212 I/sensors-hal( 2113): handle_oplus_wise_rgb_event:161, wise_rgb: (15769)(cct, lux, ir)[5325.37, 217.50, 11.207972] (r, g, b, c)[7864.69, 5946.10, 2960.47, 16417.36]                 (pwm, hbm, brl, algo)[0.0 0.0 1380.0 2.0], flag 94417
04-09 15:58:08.233 W/OPLUS_LOG_LOAD( 5836): ==LOGS PROG INFO, prog(com.oplus.camera) ==
04-09 15:58:08.233 I/APS_ALOG( 5836): flushRoutine g_immediateFlush=0 g_pendingCount=0 g_oobCount=0
04-09 15:58:08.278 D/[ANTI_EXPANSION]( 2280): mKeyAntiExpansionData :1775717013,1775707079,0,0,16,35,7,13,33,6,31,17,22,8,48,47,0,24,14,2,3,22,14,2,3,10,0,41604,0.C=±.L=108!!!
04-09 15:58:08.279 D/[ANTI_EXPANSION]( 2280): chg_update_anti_expansion_check_thread In progress: [64,false] [1775721488,727585] [13,6],[0,5,17] 116
04-09 15:58:08.308 D/SensorFeature( 2258): name=ssc_screenshot_info ,index = 22
04-09 15:58:08.308 D/SensorFeature( 2258): write 39 bytes:768704544376271,768704912059135,28882,0
04-09 15:58:08.376 E/PERFHAL-PERFCTRL( 2187): PERFHAL-PERFCTRL: chk_core_online_poll_loop() 748: poll() has timed out for /sys/kernel/msm_performance/events/cpu_hotplug
04-09 15:58:08.376 E/PERFHAL-PERFCTRL( 2187): PERFHAL-PERFCTRL: chk_core_online_poll_loop() 743: Block on poll()
04-09 15:58:08.420 I/sensors-hal( 2113): handle_oplus_wise_rgb_event:189, high_pwm_light:lux 218.1,cct 5313.0,brl/algo/ir 1380.0/2.0/11.7,pwm/dc 0.0/0.0,rgbc 7812.354004/5950.497559/2973.715576/16366.068359,ts 768704896693831,cnt 15774,flag 94418
04-09 15:58:08.420 I/sensors-hal( 2113): handle_oplus_wise_rgb_event:161, wise_rgb: (15774)(cct, lux, ir)[5313.04, 218.10, 11.738776] (r, g, b, c)[7812.35, 5950.50, 2973.72, 16366.07]                 (pwm, hbm, brl, algo)[0.0 0.0 1380.0 2.0], flag 94418
04-09 15:58:08.421 D/FusionLightNextGen( 3590): process end reported = 1, mode: 0, cnt: 440380, lux 203.2, cct 5397.9, r/g/b/c: 7812.4/5950.5/2973.7/16366.1, R/G/B: 71.0/68.0/60.0, bri 1380.0, match 1.00, ir 0.011060, conf 5.0, ts 768704896693831
04-09 15:58:08.422 I/sensors-hal( 2113): handle_sns_std_sensor_event:114, oplus rgb_rear sample: (cct, lux, ir, x, y)[5163, 77, 21, 342, 383]
04-09 15:58:08.422 I/sensors-hal( 2113): handle_sns_std_sensor_event:116, oplus rgb_rear sample: (r, g, b, c w)[4231, 8713, 1400, 190, 0]
04-09 15:58:08.440 D/RadioProxyJ[0](14034): [73186]> getRRCStatus
04-09 15:58:08.441 I/vendor.qti.bluetooth@1.0-ibs_handler( 2103): ProcessIbsCmd: Received IBS_WAKE_IND: 0xFD
04-09 15:58:08.441 D/vendor.qti.bluetooth@1.0-ibs_handler( 2103): SerialClockVote: vote for UART CLK ON
04-09 15:58:08.441 D/vendor.qti.bluetooth@1.0-wake_lock( 2103): Acquire wakelock is acquired 
04-09 15:58:08.441 I/vendor.qti.bluetooth@1.0-ibs_handler( 2103): ProcessIbsCmd: Writing IBS_WAKE_ACK
04-09 15:58:08.441 D/RadioProxyJ[1](14034): [73187]> getRRCStatus
04-09 15:58:08.441 D/QmiNasClient( 2727): getRRCStatus - enter
04-09 15:58:08.441 D/QmiNasClient( 3438): getRRCStatus - enter
04-09 15:58:08.443 D/QmiNasClient( 2727): getRRCStatus callback - enter
04-09 15:58:08.443 D/QmiNasClient( 2727): getRRCStatus result.rsp.rrcStatusInfo.rrcStatus = 0
04-09 15:58:08.443 D/QmiNasClient( 3438): getRRCStatus callback - enter
04-09 15:58:08.443 D/NasProxy( 2727): handleMessage msg is 4001
04-09 15:58:08.443 D/QmiNasClient( 3438): getRRCStatus result.rsp.rrcStatusInfo.rrcStatus = 0
04-09 15:58:08.443 D/RadioProxy( 2727): getRRCStatus : response cb for instance 0
04-09 15:58:08.443 D/NasProxy( 3438): handleMessage msg is 4001
04-09 15:58:08.443 D/RadioProxy( 3438): getRRCStatus : response cb for instance 1
04-09 15:58:08.444 D/RadioProxyJ[0](14034): [73186]< getRRCStatusResponse 0
04-09 15:58:08.444 I/OplusTouchDaemon( 3289): ts_run_service: shellback temperature updated 29 (29313)
04-09 15:58:08.444 D/RadioProxyJ[1](14034): [73187]< getRRCStatusResponse 0
04-09 15:58:08.444 D/CoexRfService(14034): report RRC state:false
04-09 15:58:08.465 I/PTC.DISC.AndroidMultiLanServer(11972): Watcher sysNif=[wlan0, tun0], userNif=[wlan0 state=(LISTEN JOIN(F12C4F|16940)), , null], clientNif=[wlan0 state=(LISTEN), , ], tcpServer state=LISTEN, ipv4=**202.229
04-09 15:58:08.481 I/vendor.qti.bluetooth@1.0-ibs_handler( 2103): ProcessIbsCmd: Received IBS_SLEEP_IND: 0xFE
04-09 15:58:08.482 D/vendor.qti.bluetooth@1.0-ibs_handler( 2103): SerialClockVote: vote for UART CLK OFF
04-09 15:58:08.534 I/vendor.qti.bluetooth@1.0-ibs_handler( 2103): ProcessIbsCmd: Received IBS_WAKE_IND: 0xFD
04-09 15:58:08.534 D/vendor.qti.bluetooth@1.0-ibs_handler( 2103): SerialClockVote: vote for UART CLK ON
04-09 15:58:08.534 I/vendor.qti.bluetooth@1.0-ibs_handler( 2103): ProcessIbsCmd: Writing IBS_WAKE_ACK
04-09 15:58:08.576 I/vendor.qti.bluetooth@1.0-ibs_handler( 2103): ProcessIbsCmd: Received IBS_SLEEP_IND: 0xFE
04-09 15:58:08.576 D/vendor.qti.bluetooth@1.0-ibs_handler( 2103): SerialClockVote: vote for UART CLK OFF
04-09 15:58:08.581 D/ActivityManager( 3590): Async freezing 14752 com.oplus.romupdate
04-09 15:58:08.611 D/SensorFeature( 2258): name=ssc_screenshot_info ,index = 22
04-09 15:58:08.611 D/SensorFeature( 2258): write 39 bytes:768704544376271,768705214303614,28883,0
04-09 15:58:08.623 I/AICCTModule( 3590): SensorFilter: brightness threshold 1.4 screenNit is 98.252 ave enviroment lux is 203.2229 luxForNit 95.20391demarcationPoint200.0 result is false
04-09 15:58:08.623 I/AICCTModule( 3590): SensorFilter: findSecondNearestValue, sensorValue: 5383.4463 nearestMaxValue:5382.8623 secondNearestValue: 5382.8623
04-09 15:58:08.623 I/AICCTModule( 3590): SensorFilter: findSecondNearestValue, sensorValue: 204.34543 nearestMaxValue:204.12935 secondNearestValue: 204.12935
04-09 15:58:08.686 I/sensors-hal( 2113): handle_oplus_wise_rgb_event:161, wise_rgb: (15779)(cct, lux, ir)[5319.53, 219.89, 11.114560] (r, g, b, c)[7799.89, 5937.30, 2949.43, 16349.75]                 (pwm, hbm, brl, algo)[0.0 0.0 1380.0 2.0], flag 94419
04-09 15:58:08.727 D/vendor.qti.bluetooth@1.0-wake_lock( 2103): Release wakelock is released 
04-09 15:58:08.730 I/ChainTrace( 6825): stream type=heartbeat gapMs=958 refreshMarket=false
04-09 15:58:08.731 I/SDM     ( 2181): DisplayBuiltIn::IdlePowerCollapse: IPC received, disabling partial update for one frame
04-09 15:58:08.828 E/OplusArpPeer_euclid_psw( 3590): ARP read failure: android.system.ErrnoException: read failed: EAGAIN (Try again)
04-09 15:58:08.828 E/OplusArpPeer_euclid_psw( 3590):  OplusArpPeer close
04-09 15:58:08.828 D/CommonApp-234-10512(14034): transport layer data is invalid
04-09 15:58:08.828 D/CommonApp-235-10512(14034): commonScoreStrategy scenarios 3 mTLD.uplink_packets + mTLD.downlink_packets > 10 avgRtt65
04-09 15:58:08.828 D/OplusL3Monitor( 3590): linkIndex=90, networkId=0, ignore
04-09 15:58:08.828 D/CommonApp-235-10512(14034): notifyScoreChange appScene COMMON score 100
04-09 15:58:08.828 D/ScorePolicy(14034): handleScoreChanged: []
04-09 15:58:08.829 D/ScorePolicy(14034): handleScoreChanged: []
04-09 15:58:08.829 D/ScorePolicy(14034): handleScoreChanged: []
04-09 15:58:08.914 D/SensorFeature( 2258): name=ssc_screenshot_info ,index = 22
04-09 15:58:08.915 D/SensorFeature( 2258): write 39 bytes:768704544376271,768705517711583,28884,0
04-09 15:58:08.953 I/sensors-hal( 2113): handle_oplus_wise_rgb_event:189, high_pwm_light:lux 217.2,cct 5279.0,brl/algo/ir 1380.0/2.0/12.5,pwm/dc 0.0/0.0,rgbc 7834.782227/5957.096680/2962.677246/16366.068359,ts 768705496034508,cnt 15784,flag 94420
04-09 15:58:08.954 I/sensors-hal( 2113): handle_oplus_wise_rgb_event:161, wise_rgb: (15784)(cct, lux, ir)[5279.01, 217.18, 12.525599] (r, g, b, c)[7834.78, 5957.10, 2962.68, 16366.07]                 (pwm, hbm, brl, algo)[0.0 0.0 1380.0 2.0], flag 94420
04-09 15:58:08.968 D/BatteryChargeControl( 2280): bcc get no support from charging protocol
04-09 15:58:09.221 D/SensorFeature( 2258): name=ssc_screenshot_info ,index = 22
04-09 15:58:09.221 D/SensorFeature( 2258): write 39 bytes:768704544376271,768705824478770,28885,0
04-09 15:58:09.224 I/sensors-hal( 2113): handle_oplus_wise_rgb_event:161, wise_rgb: (15789)(cct, lux, ir)[5301.55, 218.23, 11.546044] (r, g, b, c)[7814.85, 5948.30, 2951.64, 16356.74]                 (pwm, hbm, brl, algo)[0.0 0.0 1380.0 2.0], flag 94421
04-09 15:58:09.234 V/AlarmManager( 3590): sending alarm Alarm{132e289 type 0 origWhen 1775721489234 whenElapsed 768705839 com.heytap.mcs} uid 1000 whenElapsed 768705839 windowLength 0 maxWhenElapsed 768705839 repeatInterval 0 action com.heytap.mcs.action component null flags 0x9 procName com.heytap.mcs
04-09 15:58:09.243 E/FileStrategy(24491): java.io.IOException: Read-only file system
04-09 15:58:09.352 E/WifiHAL ( 2123): wifi_get_cached_scan_results: Wifi Cached Scan Result not supported by driver
04-09 15:58:09.352 E/WifiStaIfaceAidlImpl( 3590): getCachedScanData failed with service-specific exception: android.os.ServiceSpecificException:  (code 4)
04-09 15:58:09.357 D/VendorWifiService(14034): onEvent event:9,action:1
04-09 15:58:09.366 D/ScorerUtils( 3590): isLowTraffic: txTputKBps=4, rxTputKBps=34
04-09 15:58:09.367 D/OplusWifiPower_TriggerCenter( 3590): mComponentCallback: wifistat
04-09 15:58:09.523 D/SensorFeature( 2258): name=ssc_screenshot_info ,index = 22
04-09 15:58:09.523 D/SensorFeature( 2258): write 39 bytes:768704544376271,768706127487364,28886,0
04-09 15:58:09.527 I/sensors-hal( 2113): handle_oplus_wise_rgb_event:189, high_pwm_light:lux 219.0,cct 5294.8,brl/algo/ir 1380.0/2.0/12.1,pwm/dc 0.0/0.0,rgbc 7834.782227/5943.897949/2951.638916/16384.718750,ts 768706062788779,cnt 15794,flag 94422
04-09 15:58:09.527 I/sensors-hal( 2113): handle_oplus_wise_rgb_event:161, wise_rgb: (15794)(cct, lux, ir)[5294.84, 218.98, 12.089787] (r, g, b, c)[7834.78, 5943.90, 2951.64, 16384.72]                 (pwm, hbm, brl, algo)[0.0 0.0 1380.0 2.0], flag 94422
04-09 15:58:09.698 I/ChainTrace( 6825): stream type=heartbeat gapMs=967 refreshMarket=false
04-09 15:58:09.720 D/vendor.oplus.hardware.charger-V10-service( 2280): ret_value:121, read content:,294,294,4036,4033,122,64,65,1,1,0,494,4955,65,1,4480,600,500,0,0,9500,0,0,1,0,2,0,0,0,1,5868,89,0,3194,5026,0,0,0,0,0,0
04-09 15:58:09.720 D/vendor.oplus.hardware.charger-V10-service( 2280): gmtime: 2026-04-09-15-58-09
04-09 15:58:09.720 D/vendor.oplus.hardware.charger-V10-service( 2280): usb_online:1, ac_online:-2147483648, wireless_online:-2147483648
04-09 15:58:09.753 I/sensors-hal( 2113): handle_oplus_wise_rgb_event:161, wise_rgb: (15799)(cct, lux, ir)[5287.56, 217.34, 11.815624] (r, g, b, c)[7897.08, 5990.09, 2986.96, 16540.92]                 (pwm, hbm, brl, algo)[0.0 0.0 1380.0 2.0], flag 94422
04-09 15:58:09.753 D/FusionLightNextGen( 3590): process end reported = 1, mode: 0, cnt: 440385, lux 203.9, cct 5349.4, r/g/b/c: 7834.8/5943.9/2951.6/16384.7, R/G/B: 71.0/68.0/60.0, bri 1380.0, match 1.00, ir 0.010238, conf 5.0, ts 768706140732633
04-09 15:58:09.753 I/AICCTModule( 3590): SensorFilter: brightness threshold 1.4 screenNit is 98.252 ave enviroment lux is 203.86815 luxForNit 95.24343demarcationPoint200.0 result is false
04-09 15:58:09.754 I/AICCTModule( 3590): SensorFilter: findSecondNearestValue, sensorValue: 5382.8623 nearestMaxValue:5372.1396 secondNearestValue: 5372.1396
04-09 15:58:09.754 I/AICCTModule( 3590): SensorFilter: findSecondNearestValue, sensorValue: 204.12935 nearestMaxValue:203.86815 secondNearestValue: 203.86815
04-09 15:58:09.826 D/SensorFeature( 2258): name=ssc_screenshot_info ,index = 22
04-09 15:58:09.827 D/SensorFeature( 2258): write 39 bytes:768704544376271,768706430311687,28887,0
04-09 15:58:09.853 D/CommonApp-234-10512(14034): transport layer data is invalid
04-09 15:58:09.854 D/CommonApp-235-10512(14034): commonScoreStrategy scenarios 3 mTLD.uplink_packets + mTLD.downlink_packets > 10 avgRtt77
04-09 15:58:09.854 D/CommonApp-235-10512(14034): notifyScoreChange appScene COMMON score 100
04-09 15:58:09.854 D/ScorePolicy(14034): handleScoreChanged: []
04-09 15:58:09.854 D/ScorePolicy(14034): handleScoreChanged: []
04-09 15:58:09.855 D/ScorePolicy(14034): handleScoreChanged: []
04-09 15:58:09.903 V/AlarmManager( 3590): sending alarm Alarm{ab36aaf type 1 origWhen 1775721489902 whenElapsed 768706507 android} uid 1000 whenElapsed 768706507 windowLength 0 maxWhenElapsed 768706507 repeatInterval 0 action null component null tag StorgaeBandInfoAlarmTag flags 0x9 procName system_server
04-09 15:58:09.905 E/OplusStorageUFSBandwidth( 3590): storage_io_metrics_path is /proc/oplus_storage/io_metrics/forever/
04-09 15:58:09.906 E/OplusStorageUFSBandwidth( 3590): Bandwidth - Read: 0.50 MB/s, Write: 0.50 MB/s
04-09 15:58:09.906 E/OplusStorageUFSBandwidth( 3590): Task time: 1ms
04-09 15:58:09.907 E/OplusStorageUFSBandwidth( 3590): Alarm set to trigger in 10 seconds
04-09 15:58:09.908 I/vendor.qti.bluetooth@1.0-ibs_handler( 2103): ProcessIbsCmd: Received IBS_WAKE_IND: 0xFD
04-09 15:58:09.908 D/vendor.qti.bluetooth@1.0-ibs_handler( 2103): SerialClockVote: vote for UART CLK ON
04-09 15:58:09.908 D/vendor.qti.bluetooth@1.0-wake_lock( 2103): Acquire wakelock is acquired 
04-09 15:58:09.908 I/vendor.qti.bluetooth@1.0-ibs_handler( 2103): ProcessIbsCmd: Writing IBS_WAKE_ACK
04-09 15:58:09.949 I/vendor.qti.bluetooth@1.0-ibs_handler( 2103): ProcessIbsCmd: Received IBS_SLEEP_IND: 0xFE
04-09 15:58:09.949 D/vendor.qti.bluetooth@1.0-ibs_handler( 2103): SerialClockVote: vote for UART CLK OFF
04-09 15:58:09.968 D/BatteryChargeControl( 2280): bcc get no support from charging protocol
04-09 15:58:09.983 I/vendor.qti.bluetooth@1.0-ibs_handler( 2103): ProcessIbsCmd: Received IBS_WAKE_IND: 0xFD
04-09 15:58:09.983 D/vendor.qti.bluetooth@1.0-ibs_handler( 2103): SerialClockVote: vote for UART CLK ON
04-09 15:58:09.983 I/vendor.qti.bluetooth@1.0-ibs_handler( 2103): ProcessIbsCmd: Writing IBS_WAKE_ACK
04-09 15:58:09.987 D/OplusHansManager ( 3590): 25497/1002 to 23359/10344 | android.bluetooth.le.IScannerCallback | 2 reason default_unfreezeForKernel
04-09 15:58:09.987 W/PTC.DISC.FusionProvider(11972): [FusionBleDiscover]current device: **:D3:B9:14 rssi is -102, minRssi is -100, ignore it
04-09 15:58:10.018 I/sensors-hal( 2113): handle_oplus_wise_rgb_event:189, high_pwm_light:lux 217.9,cct 5300.3,brl/algo/ir 1380.0/2.0/11.2,pwm/dc 0.0/0.0,rgbc 7814.846191/5935.098633/2967.092285/16417.357422,ts 768706418524716,cnt 15804,flag 94423
04-09 15:58:10.019 I/sensors-hal( 2113): handle_oplus_wise_rgb_event:161, wise_rgb: (15804)(cct, lux, ir)[5300.32, 217.93, 11.222657] (r, g, b, c)[7814.85, 5935.10, 2967.09, 16417.36]                 (pwm, hbm, brl, algo)[0.0 0.0 1380.0 2.0], flag 94423
04-09 15:58:10.024 I/vendor.qti.bluetooth@1.0-ibs_handler( 2103): ProcessIbsCmd: Received IBS_SLEEP_IND: 0xFE
04-09 15:58:10.024 D/vendor.qti.bluetooth@1.0-ibs_handler( 2103): SerialClockVote: vote for UART CLK OFF
04-09 15:58:10.032 I/vendor.qti.bluetooth@1.0-ibs_handler( 2103): ProcessIbsCmd: Received IBS_WAKE_IND: 0xFD
04-09 15:58:10.032 D/vendor.qti.bluetooth@1.0-ibs_handler( 2103): SerialClockVote: vote for UART CLK ON
04-09 15:58:10.032 I/vendor.qti.bluetooth@1.0-ibs_handler( 2103): ProcessIbsCmd: Writing IBS_WAKE_ACK
04-09 15:58:10.072 I/vendor.qti.bluetooth@1.0-ibs_handler( 2103): ProcessIbsCmd: Received IBS_SLEEP_IND: 0xFE
04-09 15:58:10.072 D/vendor.qti.bluetooth@1.0-ibs_handler( 2103): SerialClockVote: vote for UART CLK OFF
04-09 15:58:10.129 D/SensorFeature( 2258): name=ssc_screenshot_info ,index = 22
04-09 15:58:10.129 D/SensorFeature( 2258): write 39 bytes:768704544376271,768706732955176,28888,0
04-09 15:58:10.223 D/vendor.qti.bluetooth@1.0-wake_lock( 2103): Release wakelock is released 
04-09 15:58:10.274 D/NotificationService--OplusNotificationFixHelper( 3590): fixAppIcon: pkg=com.v2ray.ang
04-09 15:58:10.274 D/NotificationService--OplusNotificationFixHelper( 3590): fixAppIcon: appIcon = null, pkg = com.v2ray.ang
04-09 15:58:10.274 D/NotificationService--NotificationRecord( 3590): isSupportRearLight , isRearLight = false mLedRM = false isMultilLed = false
04-09 15:58:10.275 I/OplusStatusBarManagerServiceEnhance( 3590):  getTopIsFullscreen mTopIsFullscreen: false
04-09 15:58:10.275 W/ActivityManager( 3590): Permission Denial: getTopApplicationInfo from pid=25334, uid=10397 requires oplus.permission.OPLUS_COMPONENT_SAFE
04-09 15:58:10.275 E/OplusNotificationCenter( 3590): getForegroundApplication exception
04-09 15:58:10.275 D/NotificationService--OplusNotificationManagerServiceExtImpl( 3590): isForwardToAssistants: true, case : Is local notification
04-09 15:58:10.275 D/NotificationService( 3590): This application enqueue notifications is need postDelayed mcsAssistantDelayTime: 50
04-09 15:58:10.287 I/sensors-hal( 2113): handle_oplus_wise_rgb_event:161, wise_rgb: (15809)(cct, lux, ir)[5328.75, 219.47, 10.971056] (r, g, b, c)[7827.31, 5963.70, 2971.51, 16403.37]                 (pwm, hbm, brl, algo)[0.0 0.0 1380.0 2.0], flag 94424
04-09 15:58:10.334 I/SystemUi--Notification( 8338): OplusLiveAlertNotificationsRepository-->onRankingApplied
04-09 15:58:10.340 I/PluginSeedling--Track( 8338): RequestHandler-->notificationUpdated 0|com.v2ray.ang|1|null|10397 postTime: 1775721490274
04-09 15:58:10.341 E/LockScreenNotificationDispatcherImp( 8338): updateNotificationListOnKg size:0
04-09 15:58:10.344 I/SDM     ( 2181): DisplayBuiltIn::IdlePowerCollapse: IPC received, disabling partial update for one frame
04-09 15:58:10.345 W/SystemUi--Notification( 8338): OplusNotificationGroupExtImpl-->setChildrenExpanded: groupHeader is null
04-09 15:58:10.346 I/SystemUi--Notification( 8338): LockScreenNotificationDispatcherImp-->updateNotificationListOnKg resultCode: 0
04-09 15:58:10.355 I/SDM     ( 2181): DisplayBuiltIn::IdlePowerCollapse: IPC received, disabling partial update for one frame
04-09 15:58:10.366 I/SDM     ( 2181): DisplayBuiltIn::IdlePowerCollapse: IPC received, disabling partial update for one frame
04-09 15:58:10.370 D/LocalImageResolver( 8338): Couldn't use ImageDecoder for drawable, falling back to non-resized load.
04-09 15:58:10.371 D/OplusNotificationDateTimeView( 8338): setTime mSettingTimeMillis 1775721490269, mSettingLocalDateTime 2026-04-09T15:58:00.269
04-09 15:58:10.377 D/LocalImageResolver( 8338): Couldn't use ImageDecoder for drawable, falling back to non-resized load.
04-09 15:58:10.378 I/SDM     ( 2181): DisplayBuiltIn::IdlePowerCollapse: IPC received, disabling partial update for one frame
04-09 15:58:10.379 D/OplusNotificationDateTimeView( 8338): setTime mSettingTimeMillis 1775721490269, mSettingLocalDateTime 2026-04-09T15:58:00.269
04-09 15:58:10.381 D/LocalImageResolver( 8338): Couldn't use ImageDecoder for drawable, falling back to non-resized load.
04-09 15:58:10.382 D/OplusNotificationDateTimeView( 8338): setTime mSettingTimeMillis 1775721490269, mSettingLocalDateTime 2026-04-09T15:58:00.269
04-09 15:58:10.386 I/SystemUi--Notification( 8338): OplusNotificationTempla-->resolveContentMargin: marginTop=112 isChildInGroup=false hasSubtitle=true params.topMargin=112
04-09 15:58:10.386 W/SystemUi--Notification( 8338): OplusNotificationGroupExtImpl-->setChildrenExpanded: groupHeader is null
04-09 15:58:10.388 I/SDM     ( 2181): DisplayBuiltIn::IdlePowerCollapse: IPC received, disabling partial update for one frame
04-09 15:58:10.393 E/LockScreenNotificationDispatcherImp( 8338): updateNotificationListOnKg size:0
04-09 15:58:10.398 W/SystemUi--Notification( 8338): OplusNotificationGroupExtImpl-->setChildrenExpanded: groupHeader is null
04-09 15:58:10.398 I/SystemUi--Notification( 8338): LockScreenNotificationDispatcherImp-->updateNotificationListOnKg resultCode: 0
04-09 15:58:10.399 I/SDM     ( 2181): DisplayBuiltIn::IdlePowerCollapse: IPC received, disabling partial update for one frame
04-09 15:58:10.411 I/SDM     ( 2181): DisplayBuiltIn::IdlePowerCollapse: IPC received, disabling partial update for one frame
04-09 15:58:10.422 I/sensors-hal( 2113): handle_sns_std_sensor_event:114, oplus rgb_rear sample: (cct, lux, ir, x, y)[5163, 76, 21, 342, 383]
04-09 15:58:10.422 I/sensors-hal( 2113): handle_sns_std_sensor_event:116, oplus rgb_rear sample: (r, g, b, c w)[4169, 8595, 1380, 186, 0]
04-09 15:58:10.431 D/SensorFeature( 2258): name=ssc_screenshot_info ,index = 22
04-09 15:58:10.431 D/SensorFeature( 2258): write 39 bytes:768704544376271,768707034786686,28889,0
04-09 15:58:10.555 I/sensors-hal( 2113): handle_oplus_wise_rgb_event:189, high_pwm_light:lux 218.0,cct 5292.8,brl/algo/ir 1380.0/2.0/11.2,pwm/dc 0.0/0.0,rgbc 7829.797852/5943.897949/2971.507812/16412.695312,ts 768707018303987,cnt 15814,flag 94425
04-09 15:58:10.556 I/sensors-hal( 2113): handle_oplus_wise_rgb_event:161, wise_rgb: (15814)(cct, lux, ir)[5292.79, 218.02, 11.225768] (r, g, b, c)[7829.80, 5943.90, 2971.51, 16412.70]                 (pwm, hbm, brl, algo)[0.0 0.0 1380.0 2.0], flag 94425
04-09 15:58:10.713 I/ChainTrace( 6825): stream type=syncEvent gapMs=1016 refreshMarket=true
04-09 15:58:10.732 D/SensorFeature( 2258): name=ssc_screenshot_info ,index = 22
04-09 15:58:10.732 D/SensorFeature( 2258): write 39 bytes:768704544376271,768707336915697,28890,0
04-09 15:58:10.737 I/SurfaceControl( 6825):  setExtendedRangeBrightness sc=Surface(name=)/@0x51f69f9,currentBufferRatio=1.0,desiredRatio=1.0
04-09 15:58:10.737 V/WindowManager( 3590): Relayout Window{f71f005 u0 com.binance.monitor}: viewVisibility=0, oldvis=0, req=315x379 , apr = 0, vsysui=, x=-1885, y=1068
04-09 15:58:10.738 D/InsetsSourceProvider( 3590): updateSourceFrameForServerVisibility mandatorySystemGestures EMPTY_RECT
04-09 15:58:10.738 D/InsetsSourceProvider( 3590): updateSourceFrameForServerVisibility mandatorySystemGestures EMPTY_RECT
04-09 15:58:10.820 I/sensors-hal( 2113): handle_oplus_wise_rgb_event:161, wise_rgb: (15819)(cct, lux, ir)[5259.31, 218.10, 12.346429] (r, g, b, c)[7842.26, 5950.50, 2969.30, 16403.37]                 (pwm, hbm, brl, algo)[0.0 0.0 1380.0 2.0], flag 94426
04-09 15:58:10.823 I/AICCTModule( 3590): SensorFilter: brightness threshold 1.4 screenNit is 98.252 ave enviroment lux is 203.73659 luxForNit 95.235405demarcationPoint200.0 result is false
04-09 15:58:10.823 I/AICCTModule( 3590): SensorFilter: findSecondNearestValue, sensorValue: 5372.1396 nearestMaxValue:5376.573 secondNearestValue: 5376.573
04-09 15:58:10.823 I/AICCTModule( 3590): SensorFilter: findSecondNearestValue, sensorValue: 203.86815 nearestMaxValue:203.86815 secondNearestValue: 203.73659
04-09 15:58:10.839 I/SDM     ( 2181): DisplayBuiltIn::IdlePowerCollapse: IPC received, disabling partial update for one frame
04-09 15:58:10.880 D/CommonApp-234-10512(14034): transport layer data is invalid
04-09 15:58:10.881 D/CommonApp-235-10512(14034): commonScoreStrategy scenarios 1
04-09 15:58:10.881 D/CommonApp-235-10512(14034): notifyScoreChange appScene COMMON score 100
04-09 15:58:10.881 D/ScorePolicy(14034): handleScoreChanged: []
04-09 15:58:10.881 D/ScorePolicy(14034): handleScoreChanged: []
04-09 15:58:10.881 D/ScorePolicy(14034): handleScoreChanged: []
04-09 15:58:10.969 D/BatteryChargeControl( 2280): bcc get no support from charging protocol
04-09 15:58:11.075 I/SDM     ( 2181): DisplayBuiltIn::IdlePowerCollapse: IPC received, disabling partial update for one frame
04-09 15:58:11.082 E/CwbService( 2181): Panel not support apl read or getDisplayPanelAplValue timeout 10ms.
