--------- beginning of main
04-09 15:59:25.034 W/dumpsys (15870): Thread Pool max thread count is 0. Cannot cache binder as linkToDeath cannot be implemented. serviceName: activity
04-09 15:59:25.036 D/ViewRootImplExtImpl(29239): markOnDumpStart, intervalTime from last scheduleTraversals is 768781641
04-09 15:59:25.036 I/OplusSystemUINavigationGesture(29239): dump systemGestureExclusionChanged = com.coloros.filemanager ,rect = SkRegion()
04-09 15:59:25.037 D/ViewExtraInfo(29239): ViewExtraInfoHelper : android.view.debug.OplusViewExtraInfoHelper@77d2330
04-09 15:59:25.039 W/OPLUS_LOG_LOAD( 8730): ==LOGS PROG INFO, prog(com.android.launcher) ==
04-09 15:59:25.039 I/SystemUiProxy( 8730): SystemUiProxy#getRecentTasks isInGoRecentsAnim: false
04-09 15:59:25.039 D/ViewRootImplExtImpl( 8730): markOnDumpStart, intervalTime from last scheduleTraversals is 768781644
04-09 15:59:25.039 I/OplusSystemUINavigationGesture( 8730): dump systemGestureExclusionChanged = com.android.launcher ,rect = SkRegion()
04-09 15:59:25.044 D/ViewExtraInfo( 8730): ViewExtraInfoHelper : android.view.debug.OplusViewExtraInfoHelper@d84a6c2
04-09 15:59:25.049 D/ViewRootImplExtImpl( 6825): markOnDumpStart, intervalTime from last scheduleTraversals is 768781654
04-09 15:59:25.049 I/OplusSystemUINavigationGesture( 6825): dump systemGestureExclusionChanged = com.binance.monitor ,rect = SkRegion()
04-09 15:59:25.050 D/ViewRootImplExtImpl( 6825): markOnDumpStart, intervalTime from last scheduleTraversals is 768781655
04-09 15:59:25.050 I/OplusSystemUINavigationGesture( 6825): dump systemGestureExclusionChanged = com.binance.monitor ,rect = SkRegion()
04-09 15:59:25.050 D/ViewRootImplExtImpl( 6825): markOnDumpStart, intervalTime from last scheduleTraversals is 768781655
04-09 15:59:25.050 I/OplusSystemUINavigationGesture( 6825): dump systemGestureExclusionChanged = com.binance.monitor ,rect = SkRegion()
04-09 15:59:25.050 D/ViewRootImplExtImpl( 6825): markOnDumpStart, intervalTime from last scheduleTraversals is 768781655
04-09 15:59:25.051 I/OplusSystemUINavigationGesture( 6825): dump systemGestureExclusionChanged = com.binance.monitor ,rect = SkRegion()
04-09 15:59:25.053 D/ViewExtraInfo( 6825): ViewExtraInfoHelper : android.view.debug.OplusViewExtraInfoHelper@de6e1c4
04-09 15:59:25.195 I/sensors-hal( 2113): handle_oplus_wise_rgb_event:189, high_pwm_light:lux 214.5,cct 5315.1,brl/algo/ir 1380.0/2.0/10.1,pwm/dc 0.0/0.0,rgbc 7670.311035/5807.509766/2898.655029/16083.975586,ts 768781558958391,cnt 17144,flag 29122
04-09 15:59:25.196 I/sensors-hal( 2113): handle_oplus_wise_rgb_event:161, wise_rgb: (17144)(cct, lux, ir)[5315.10, 214.55, 10.136740] (r, g, b, c)[7670.31, 5807.51, 2898.66, 16083.98]                 (pwm, hbm, brl, algo)[0.0 0.0 1380.0 2.0], flag 29122
04-09 15:59:25.197 I/AICCTModule( 3590): SensorFilter: brightness threshold 1.2 screenNit is 98.252 ave enviroment lux is 198.44206 luxForNit 94.899445demarcationPoint200.0 result is false
04-09 15:59:25.197 I/AICCTModule( 3590): SensorFilter: findSecondNearestValue, sensorValue: 5379.8345 nearestMaxValue:5391.087 secondNearestValue: 5391.087
04-09 15:59:25.197 I/AICCTModule( 3590): SensorFilter: findSecondNearestValue, sensorValue: 199.68105 nearestMaxValue:199.96136 secondNearestValue: 199.96136
04-09 15:59:25.230 D/gaia-GaiaConnectChecker(13843): start connect check++
04-09 15:59:25.235 D/GestureLog_OplusMultiPointerDetector( 3590): onTouchEvent------>start, mCurNumPointers=1, mCurrStatus=0 mIsDownIntervalTimeout=true, action=0 downTime=727662162 deviceId=-1
04-09 15:59:25.235 D/VRR [OTI]( 2399): handleIdle from 1 to 0
04-09 15:59:25.235 D/VRR [OTI-HW]( 2399): isStateReady 0
04-09 15:59:25.235 D/VRR [OTI-HW]( 2399): keep rate.
04-09 15:59:25.235 I/[UAH_CLIENT]( 3590): UahEventAcquire, cmdid:37, pkg:none, identity:OplusUAwareInputHelper
04-09 15:59:25.235 E/IJankManager( 6825): slideSceneEnd unknown scene 1000 mScene:-1
--------- beginning of system
04-09 15:59:25.235 D/PowerManagerService( 3590): userActivityNoUpdateLocked: groupId=0, eventTime=727662162, event=touch, flags=0x0, uid=1000
04-09 15:59:25.235 D/UAH-UahAdaptHelper( 3590): adaptSetNotification identity = OplusUAwareInputHelpersrc = 1000 , type 0 ,p1 = -1 ,p2 = -1 ,p3 = -1 ,p4 =
04-09 15:59:25.235 I/[UAH_CLIENT]( 3590): uahRuleCtl, ruleId:1000, status:0
04-09 15:59:25.236 D/PowerManagerService( 3590): userActivityNoUpdateLocked: groupId=0, eventTime=727662162, event=touch, flags=0x0, uid=1000
04-09 15:59:25.236 D/UAH-UahAdaptHelper( 3590): adaptSetNotification identity = OplusUAwareInputHelpersrc = 1000 , type 1 ,p1 = -1 ,p2 = -1 ,p3 = -1 ,p4 =
04-09 15:59:25.236 D/PowerManagerService( 3590): userActivityNoUpdateLocked: groupId=0, eventTime=727662162, event=touch, flags=0x0, uid=1000
04-09 15:59:25.236 I/[UAH_CLIENT]( 3590): uahRuleCtl, ruleId:1000, status:1
04-09 15:59:25.236 D/PowerManagerService( 3590): userActivityNoUpdateLocked: groupId=0, eventTime=727662162, event=touch, flags=0x0, uid=1000
04-09 15:59:25.237 D/OplusViewDragTouchViewHelper( 6825): dispatchTouchView action = 1
04-09 15:59:25.237 D/ViewRootImplExtImpl( 6825): the up motion event handled by client, just return
04-09 15:59:25.279 D/SensorFeature( 2258): name=ssc_screenshot_info ,index = 22
04-09 15:59:25.279 D/SensorFeature( 2258): write 39 bytes:768781517315773,768781883454575,29123,0
04-09 15:59:25.432 D/NotificationService--OplusNotificationFixHelper( 3590): fixAppIcon: pkg=com.v2ray.ang
04-09 15:59:25.432 D/NotificationService--OplusNotificationFixHelper( 3590): fixAppIcon: appIcon = null, pkg = com.v2ray.ang
04-09 15:59:25.433 D/NotificationService--NotificationRecord( 3590): isSupportRearLight , isRearLight = false mLedRM = false isMultilLed = false
04-09 15:59:25.434 I/OplusStatusBarManagerServiceEnhance( 3590):  getTopIsFullscreen mTopIsFullscreen: false
04-09 15:59:25.434 W/ActivityManager( 3590): Permission Denial: getTopApplicationInfo from pid=25334, uid=10397 requires oplus.permission.OPLUS_COMPONENT_SAFE
04-09 15:59:25.434 E/OplusNotificationCenter( 3590): getForegroundApplication exception
04-09 15:59:25.434 D/NotificationService--OplusNotificationManagerServiceExtImpl( 3590): isForwardToAssistants: true, case : Is local notification
04-09 15:59:25.434 D/NotificationService( 3590): This application enqueue notifications is need postDelayed mcsAssistantDelayTime: 50
04-09 15:59:25.435 I/SDM     ( 2181): DisplayBuiltIn::IdlePowerCollapse: IPC received, disabling partial update for one frame
04-09 15:59:25.461 I/sensors-hal( 2113): handle_oplus_wise_rgb_event:161, wise_rgb: (17149)(cct, lux, ir)[5317.33, 214.42, 10.068726] (r, g, b, c)[7620.47, 5798.71, 2894.24, 16011.70]                 (pwm, hbm, brl, algo)[0.0 0.0 1380.0 2.0], flag 29123
04-09 15:59:25.496 I/SystemUi--Notification( 8338): OplusLiveAlertNotificationsRepository-->onRankingApplied
04-09 15:59:25.501 I/PluginSeedling--Track( 8338): RequestHandler-->notificationUpdated 0|com.v2ray.ang|1|null|10397 postTime: 1775721565432
04-09 15:59:25.502 E/LockScreenNotificationDispatcherImp( 8338): updateNotificationListOnKg size:0
04-09 15:59:25.505 W/SystemUi--Notification( 8338): OplusNotificationGroupExtImpl-->setChildrenExpanded: groupHeader is null
04-09 15:59:25.506 I/SystemUi--Notification( 8338): LockScreenNotificationDispatcherImp-->updateNotificationListOnKg resultCode: 0
04-09 15:59:25.533 D/LocalImageResolver( 8338): Couldn't use ImageDecoder for drawable, falling back to non-resized load.
04-09 15:59:25.535 D/OplusNotificationDateTimeView( 8338): setTime mSettingTimeMillis 1775721565429, mSettingLocalDateTime 2026-04-09T15:59:00.429
04-09 15:59:25.543 D/LocalImageResolver( 8338): Couldn't use ImageDecoder for drawable, falling back to non-resized load.
04-09 15:59:25.544 D/OplusNotificationDateTimeView( 8338): setTime mSettingTimeMillis 1775721565429, mSettingLocalDateTime 2026-04-09T15:59:00.429
04-09 15:59:25.545 I/vendor.qti.bluetooth@1.0-ibs_handler( 2103): ProcessIbsCmd: Received IBS_WAKE_IND: 0xFD
04-09 15:59:25.545 D/vendor.qti.bluetooth@1.0-ibs_handler( 2103): SerialClockVote: vote for UART CLK ON
04-09 15:59:25.545 D/vendor.qti.bluetooth@1.0-wake_lock( 2103): Acquire wakelock is acquired 
04-09 15:59:25.545 I/vendor.qti.bluetooth@1.0-ibs_handler( 2103): ProcessIbsCmd: Writing IBS_WAKE_ACK
04-09 15:59:25.549 D/LocalImageResolver( 8338): Couldn't use ImageDecoder for drawable, falling back to non-resized load.
04-09 15:59:25.549 D/OplusNotificationDateTimeView( 8338): setTime mSettingTimeMillis 1775721565429, mSettingLocalDateTime 2026-04-09T15:59:00.429
04-09 15:59:25.550 I/ChainTrace( 6825): stream type=heartbeat gapMs=885 refreshMarket=false
04-09 15:59:25.554 I/SystemUi--Notification( 8338): OplusNotificationTempla-->resolveContentMargin: marginTop=112 isChildInGroup=false hasSubtitle=true params.topMargin=112
04-09 15:59:25.554 W/SystemUi--Notification( 8338): OplusNotificationGroupExtImpl-->setChildrenExpanded: groupHeader is null
04-09 15:59:25.556 E/LockScreenNotificationDispatcherImp( 8338): updateNotificationListOnKg size:0
04-09 15:59:25.560 W/SystemUi--Notification( 8338): OplusNotificationGroupExtImpl-->setChildrenExpanded: groupHeader is null
04-09 15:59:25.560 I/SystemUi--Notification( 8338): LockScreenNotificationDispatcherImp-->updateNotificationListOnKg resultCode: 0
04-09 15:59:25.581 D/SensorFeature( 2258): name=ssc_screenshot_info ,index = 22
04-09 15:59:25.581 D/SensorFeature( 2258): write 39 bytes:768781517315773,768782184736189,29124,0
04-09 15:59:25.599 I/vendor.qti.bluetooth@1.0-ibs_handler( 2103): ProcessIbsCmd: Received IBS_SLEEP_IND: 0xFE
04-09 15:59:25.599 D/vendor.qti.bluetooth@1.0-ibs_handler( 2103): SerialClockVote: vote for UART CLK OFF
04-09 15:59:25.603 I/vendor.qti.bluetooth@1.0-ibs_handler( 2103): ProcessIbsCmd: Received IBS_WAKE_IND: 0xFD
04-09 15:59:25.603 D/vendor.qti.bluetooth@1.0-ibs_handler( 2103): SerialClockVote: vote for UART CLK ON
04-09 15:59:25.603 I/vendor.qti.bluetooth@1.0-ibs_handler( 2103): ProcessIbsCmd: Writing IBS_WAKE_ACK
04-09 15:59:25.630 D/CommonApp-234-10512(14034): transport layer data is invalid
04-09 15:59:25.631 D/CommonApp-235-10512(14034): commonScoreStrategy scenarios 1
04-09 15:59:25.631 D/CommonApp-235-10512(14034): notifyScoreChange appScene COMMON score 100
04-09 15:59:25.631 D/ScorePolicy(14034): handleScoreChanged: []
04-09 15:59:25.631 D/ScorePolicy(14034): handleScoreChanged: []
04-09 15:59:25.632 D/ScorePolicy(14034): handleScoreChanged: []
04-09 15:59:25.636 D/VRR [OTI]( 2399): handleIdle from 0 to 1
04-09 15:59:25.637 D/VRR [OTI-HW]( 2399): isStateReady 0
04-09 15:59:25.637 D/VRR [OTI-HW]( 2399): keep rate.
04-09 15:59:25.644 I/vendor.qti.bluetooth@1.0-ibs_handler( 2103): ProcessIbsCmd: Received IBS_SLEEP_IND: 0xFE
04-09 15:59:25.644 D/vendor.qti.bluetooth@1.0-ibs_handler( 2103): SerialClockVote: vote for UART CLK OFF
04-09 15:59:25.725 I/sensors-hal( 2113): handle_oplus_wise_rgb_event:189, high_pwm_light:lux 214.6,cct 5319.4,brl/algo/ir 1380.0/2.0/11.4,pwm/dc 0.0/0.0,rgbc 7635.423828/5807.509766/2878.786133/16018.697266,ts 768782147451568,cnt 17154,flag 29124
04-09 15:59:25.726 I/sensors-hal( 2113): handle_oplus_wise_rgb_event:161, wise_rgb: (17154)(cct, lux, ir)[5319.37, 214.56, 11.445973] (r, g, b, c)[7635.42, 5807.51, 2878.79, 16018.70]                 (pwm, hbm, brl, algo)[0.0 0.0 1380.0 2.0], flag 29124
04-09 15:59:25.726 D/FusionLightNextGen( 3590): process end reported = 1, mode: 0, cnt: 440670, lux 199.9, cct 5413.5, r/g/b/c: 7690.2/5844.9/2909.7/16163.2, R/G/B: 75.0/72.0/63.0, bri 1380.0, match 1.00, ir 0.008215, conf 5.0, ts 768782169591568
04-09 15:59:25.738 I/SDM     ( 2181): DisplayBuiltIn::IdlePowerCollapse: IPC received, disabling partial update for one frame
04-09 15:59:25.774 I/ChainTrace( 6825): chart_pull phase=load_done symbol=BTCUSDT interval=15m request=18 durationMs=4506 itemCount=13500
04-09 15:59:25.794 D/vendor.qti.bluetooth@1.0-wake_lock( 2103): Release wakelock is released 
04-09 15:59:25.805 I/ThermalEngine(10385): VIRTUAL-CPU-L-PID, Update received trip sensor cpu-1-0-1 92300
04-09 15:59:25.805 I/ostats_tpd(10330): stats_write, records atomId:100100, event_id:903, cpu:1, values: 903-0-1-213-(cpu-1-0-1)-26-0-1
04-09 15:59:25.805 I/ostats_tpd(10330): stats_write, records atomId:100100, event_id:903, cpu:4, values: 903-0-1-10614-(cpu-1-0-1)-26-0-1
04-09 15:59:25.815 I/ChainTrace( 6825): chart_pull phase=ui_applied symbol=BTCUSDT interval=15m request=18 durationMs=4548 itemCount=13500
04-09 15:59:25.817 I/ThermalEngine(10385): VIRTUAL-CPU-L-PID, Update received trip sensor cpu-1-0-1 79500
04-09 15:59:25.899 D/OplusCellularNetworkConfig( 8406): getDnsQueryPriority value=http://www.sina.com.cn/generate_204
04-09 15:59:25.899 D/NetworkService[0](14034): getActiveNetworks networkList size:1
04-09 15:59:25.899 D/SubsysThreadPool(14034): execute task
04-09 15:59:25.900 D/libc-netbsd(14034): [oplusDnsOpenProxy]: __netdClientDispatch.connect errno = 111
04-09 15:59:25.900 D/DNS_CACHE(14034): oplus_oplus_getaddrinfo_proxy open dns proxy failed, use android flow: 1000
04-09 15:59:25.904 E/WifiHAL ( 2123): wifi_get_cached_scan_results: Wifi Cached Scan Result not supported by driver
04-09 15:59:25.904 E/WifiStaIfaceAidlImpl( 3590): getCachedScanData failed with service-specific exception: android.os.ServiceSpecificException:  (code 4)
04-09 15:59:25.905 I/SDM     ( 2181): DisplayBuiltIn::IdlePowerCollapse: IPC received, disabling partial update for one frame
04-09 15:59:25.911 D/VendorWifiService(14034): onEvent event:9,action:1
04-09 15:59:25.996 V/AlarmManager( 3590): sending alarm Alarm{d5c6d95 type 1 origWhen 1775721565997 whenElapsed 768782601 android} uid 1000 whenElapsed 768782601 windowLength 0 maxWhenElapsed 768782601 repeatInterval 0 action null component null tag StorgaeBandInfoAlarmTag flags 0x9 procName system_server
04-09 15:59:25.997 E/OplusStorageUFSBandwidth( 3590): storage_io_metrics_path is /proc/oplus_storage/io_metrics/forever/
04-09 15:59:25.998 E/OplusStorageUFSBandwidth( 3590): Bandwidth - Read: 0.00 MB/s, Write: 0.00 MB/s
04-09 15:59:25.998 E/OplusStorageUFSBandwidth( 3590): Task time: 1ms
04-09 15:59:26.001 E/OplusStorageUFSBandwidth( 3590): Alarm set to trigger in 10 seconds
04-09 15:59:26.027 D/BatteryChargeControl( 2280): bcc get no support from charging protocol
04-09 15:59:26.060 I/SDM     ( 2181): DisplayBuiltIn::IdlePowerCollapse: IPC received, disabling partial update for one frame
04-09 15:59:26.066 E/CwbService( 2181): Panel not support apl read or getDisplayPanelAplValue timeout 10ms.
04-09 15:59:26.066 D/SensorFeature( 2258): name=ssc_screenshot_info ,index = 22
04-09 15:59:26.066 D/SensorFeature( 2258): write 39 bytes:768782605874522,768782660116710,29125,0
04-09 15:59:26.270 I/sensors-hal( 2113): handle_oplus_wise_rgb_event:161, wise_rgb: (17159)(cct, lux, ir)[5310.54, 214.67, 10.106047] (r, g, b, c)[7665.33, 5825.11, 2905.28, 16097.96]                 (pwm, hbm, brl, algo)[0.0 0.0 1380.0 2.0], flag 29125
04-09 15:59:26.271 I/AICCTModule( 3590): SensorFilter: brightness threshold 1.2 screenNit is 98.252 ave enviroment lux is 197.44777 luxForNit 94.83598demarcationPoint200.0 result is false
04-09 15:59:26.272 I/AICCTModule( 3590): SensorFilter: findSecondNearestValue, sensorValue: 5391.087 nearestMaxValue:5385.365 secondNearestValue: 5381.1187
04-09 15:59:26.272 I/AICCTModule( 3590): SensorFilter: findSecondNearestValue, sensorValue: 199.96136 nearestMaxValue:199.9318 secondNearestValue: 199.9318
04-09 15:59:26.376 D/SensorFeature( 2258): name=ssc_screenshot_info ,index = 22
04-09 15:59:26.376 D/SensorFeature( 2258): write 39 bytes:768782605874522,768782979099939,29126,0
04-09 15:59:26.423 I/sensors-hal( 2113): handle_sns_std_sensor_event:114, oplus rgb_rear sample: (cct, lux, ir, x, y)[5162, 76, 21, 342, 382]
04-09 15:59:26.423 I/sensors-hal( 2113): handle_sns_std_sensor_event:116, oplus rgb_rear sample: (r, g, b, c w)[4158, 8570, 1380, 181, 0]
04-09 15:59:26.449 E/PERFHAL-PERFCTRL( 2187): PERFHAL-PERFCTRL: chk_core_online_poll_loop() 748: poll() has timed out for /sys/kernel/msm_performance/events/cpu_hotplug
04-09 15:59:26.449 E/PERFHAL-PERFCTRL( 2187): PERFHAL-PERFCTRL: chk_core_online_poll_loop() 743: Block on poll()
04-09 15:59:26.525 I/sensors-hal( 2113): handle_oplus_wise_rgb_event:189, high_pwm_light:lux 214.9,cct 5310.9,brl/algo/ir 1380.0/2.0/11.2,pwm/dc 0.0/0.0,rgbc 7702.707520/5836.106934/2905.278076/16146.921875,ts 768782925073130,cnt 17164,flag 29126
04-09 15:59:26.526 I/sensors-hal( 2113): handle_oplus_wise_rgb_event:161, wise_rgb: (17164)(cct, lux, ir)[5310.94, 214.88, 11.179765] (r, g, b, c)[7702.71, 5836.11, 2905.28, 16146.92]                 (pwm, hbm, brl, algo)[0.0 0.0 1380.0 2.0], flag 29126
04-09 15:59:26.538 D/RadioProxyJ[0](14034): [73238]> getRRCStatus
04-09 15:59:26.538 D/RadioProxyJ[1](14034): [73239]> getRRCStatus
04-09 15:59:26.538 D/QmiNasClient( 2727): getRRCStatus - enter
04-09 15:59:26.539 D/QmiNasClient( 3438): getRRCStatus - enter
04-09 15:59:26.540 D/QmiNasClient( 2727): getRRCStatus callback - enter
04-09 15:59:26.540 D/QmiNasClient( 2727): getRRCStatus result.rsp.rrcStatusInfo.rrcStatus = 0
04-09 15:59:26.540 D/QmiNasClient( 3438): getRRCStatus callback - enter
04-09 15:59:26.540 D/QmiNasClient( 3438): getRRCStatus result.rsp.rrcStatusInfo.rrcStatus = 0
04-09 15:59:26.540 D/NasProxy( 2727): handleMessage msg is 4001
04-09 15:59:26.540 D/NasProxy( 3438): handleMessage msg is 4001
04-09 15:59:26.540 D/RadioProxy( 2727): getRRCStatus : response cb for instance 0
04-09 15:59:26.540 D/RadioProxy( 3438): getRRCStatus : response cb for instance 1
04-09 15:59:26.541 D/RadioProxyJ[0](14034): [73238]< getRRCStatusResponse 0
04-09 15:59:26.541 D/RadioProxyJ[1](14034): [73239]< getRRCStatusResponse 0
04-09 15:59:26.541 D/CoexRfService(14034): report RRC state:false
04-09 15:59:26.582 D/healthd ( 2110): system healthd: battery l=65 v=4052 t=29.4 h=2 st=2 c=-98 fc=6100000 cc=439 chg=u
04-09 15:59:26.589 D/ChargerInfo( 2280): getInfo: type: 0x1, update: 1
04-09 15:59:26.589 D/ChargerInfo( 2280): chargerInfoUpdateThread: update start
04-09 15:59:26.591 D/ChargerInfo( 2280): enableTx: path(/proc/wireless/enable_tx): not exist
04-09 15:59:26.591 D/ChargerInfo( 2280): wlsAdapterPower: path(/sys/class/oplus_chg/wireless/max_w_power): not exist
04-09 15:59:26.591 D/ChargerInfo( 2280): unknown: path(/sys/class/oplus_chg/ac/online) and backupPath(/sys/class/power_supply/ac/online) not exist
04-09 15:59:26.592 D/ChargerInfo( 2280): unknown: path(/sys/class/oplus_chg/ac/online) and backupPath(/sys/class/power_supply/ac/online) not exist
04-09 15:59:26.592 D/ChargerInfo( 2280): get_ui_charge_icon_type: [0 0] [0 0] 1
04-09 15:59:26.592 D/ChargerInfo( 2280): unknown: path(/sys/class/oplus_chg/ac/online) and backupPath(/sys/class/power_supply/ac/online) not exist
04-09 15:59:26.593 D/ChargerInfo( 2280): unknown: path(/sys/class/oplus_chg/ac/online) and backupPath(/sys/class/power_supply/ac/online) not exist
04-09 15:59:26.593 E/ChargerInfo( 2280): SingleHyperPath not found
04-09 15:59:26.593 D/ChargerInfo( 2280): chargerInfoUpdateThread: update end
04-09 15:59:26.593 D/ChargerInfo( 2280): chargerInfoUpdateThread: update wait
04-09 15:59:26.593 D/ChargerInfo( 2280): enableTx: path(/proc/wireless/enable_tx): not exist
04-09 15:59:26.593 D/ChargerInfo( 2280): wlsAdapterPower: path(/sys/class/oplus_chg/wireless/max_w_power): not exist
04-09 15:59:26.593 D/ChargerInfo( 2280): getInfo: {"Update":{"batteryFcc":5738,"batteryRm":3200,"bddLeakCurr":0,"bmsStatus":0,"bypassChgStatus":2,"chargeTimeRemaining":0,"cpaPower":2,"enableTx":"0","fastCharge":0,"isSupportSpeedCharge":0,"notifyCode":0,"otgOnline":1,"ppsChargePower":0,"ppsCharging":0,"shortCHwStatus":0,"shortIcOtpStatus":0,"uiIconType":0,"uiPower":0,"usbStatus":0,"wlsAdapterPower":0}}
04-09 15:59:26.595 D/BatteryStatsImplExtImpl( 3590): mActiveProcesses size = 50
04-09 15:59:26.595 D/BatteryStatsImplExtImpl( 3590): rpmhStats is null or interval time is too short.
04-09 15:59:26.652 I/SmartDataSwitchStateManager(13839): handle message:7
04-09 15:59:26.653 I/SmartDataSwitchSM(13839): [DisableState]Handle msg: 2
04-09 15:59:26.653 I/SmartDataSwitchSM(13839): [DisableState]handle state change, reason:DataScoreLow
04-09 15:59:26.653 D/CommonApp-234-10512(14034): transport layer data is invalid
04-09 15:59:26.654 D/CommonApp-235-10512(14034): commonScoreStrategy scenarios 3 mTLD.uplink_packets + mTLD.downlink_packets > 10 avgRtt138
04-09 15:59:26.654 D/CommonApp-235-10512(14034): notifyScoreChange appScene COMMON score 99
04-09 15:59:26.654 D/ScorePolicy(14034): handleScoreChanged: []
04-09 15:59:26.654 D/ScorePolicy(14034): handleScoreChanged: []
04-09 15:59:26.655 D/ScorePolicy(14034): handleScoreChanged: []
04-09 15:59:26.655 D/OplusL3Monitor( 3590): linkIndex=90, networkId=0, ignore
04-09 15:59:26.659 I/ChainTrace( 6825): stream type=syncEvent gapMs=1109 refreshMarket=true
04-09 15:59:26.672 I/SDM     ( 2181): DisplayBuiltIn::IdlePowerCollapse: IPC received, disabling partial update for one frame
04-09 15:59:26.678 D/SensorFeature( 2258): name=ssc_screenshot_info ,index = 22
04-09 15:59:26.678 D/SensorFeature( 2258): write 39 bytes:768782605874522,768783282988689,29127,0
04-09 15:59:26.684 I/SDM     ( 2181): DisplayBuiltIn::IdlePowerCollapse: IPC received, disabling partial update for one frame
04-09 15:59:26.689 I/SurfaceControl( 6825):  setExtendedRangeBrightness sc=Surface(name=)/@0x51f69f9,currentBufferRatio=1.0,desiredRatio=1.0
04-09 15:59:26.690 V/WindowManager( 3590): Relayout Window{f71f005 u0 com.binance.monitor}: viewVisibility=0, oldvis=0, req=315x379 , apr = 0, vsysui=, x=-1885, y=1068
04-09 15:59:26.690 D/InsetsSourceProvider( 3590): updateSourceFrameForServerVisibility mandatorySystemGestures EMPTY_RECT
04-09 15:59:26.690 D/InsetsSourceProvider( 3590): updateSourceFrameForServerVisibility mandatorySystemGestures EMPTY_RECT
04-09 15:59:26.761 E/TetherController( 1905): property_get sys.radio.data.modem_share_flag return 0, 1!
04-09 15:59:26.772 V/NetworkPolicy( 3590): updateNetworkEnabledNL() return
04-09 15:59:26.772 V/NetworkPolicy( 3590): updateNotificationsNL not process
04-09 15:59:26.773 V/MonthTrafficAlert(13839): getWarningNotification subId:1 numWarningNotificaion:2
04-09 15:59:26.790 I/SDM     ( 2181): DisplayBuiltIn::IdlePowerCollapse: IPC received, disabling partial update for one frame
04-09 15:59:26.793 I/sensors-hal( 2113): handle_oplus_wise_rgb_event:161, wise_rgb: (17169)(cct, lux, ir)[5353.19, 214.14, 9.886181] (r, g, b, c)[7652.87, 5811.91, 2889.82, 16028.02]                 (pwm, hbm, brl, algo)[0.0 0.0 1380.0 2.0], flag 29127
04-09 15:59:26.806 V/MonthTrafficAlert(13839): getWarningNotification subId:2 numWarningNotificaion:0
04-09 15:59:26.925 I/vendor.qti.bluetooth@1.0-ibs_handler( 2103): ProcessIbsCmd: Received IBS_WAKE_IND: 0xFD
04-09 15:59:26.925 D/vendor.qti.bluetooth@1.0-ibs_handler( 2103): SerialClockVote: vote for UART CLK ON
04-09 15:59:26.926 D/vendor.qti.bluetooth@1.0-wake_lock( 2103): Acquire wakelock is acquired 
04-09 15:59:26.926 I/vendor.qti.bluetooth@1.0-ibs_handler( 2103): ProcessIbsCmd: Writing IBS_WAKE_ACK
04-09 15:59:26.966 I/vendor.qti.bluetooth@1.0-ibs_handler( 2103): ProcessIbsCmd: Received IBS_SLEEP_IND: 0xFE
04-09 15:59:26.966 D/vendor.qti.bluetooth@1.0-ibs_handler( 2103): SerialClockVote: vote for UART CLK OFF
04-09 15:59:27.015 I/SDM     ( 2181): DisplayBuiltIn::IdlePowerCollapse: IPC received, disabling partial update for one frame
04-09 15:59:27.021 E/CwbService( 2181): Panel not support apl read or getDisplayPanelAplValue timeout 10ms.
04-09 15:59:27.022 D/SensorFeature( 2258): name=ssc_screenshot_info ,index = 22
04-09 15:59:27.022 D/SensorFeature( 2258): write 39 bytes:768783561181501,768783615475720,29128,0
04-09 15:59:27.027 D/BatteryChargeControl( 2280): bcc get no support from charging protocol
04-09 15:59:27.058 I/sensors-hal( 2113): handle_oplus_wise_rgb_event:189, high_pwm_light:lux 214.6,cct 5333.0,brl/algo/ir 1380.0/2.0/10.0,pwm/dc 0.0/0.0,rgbc 7702.707520/5833.907227/2916.316162/16160.910156,ts 768783569288651,cnt 17174,flag 29128
04-09 15:59:27.059 D/FusionLightNextGen( 3590): process end reported = 1, mode: 0, cnt: 440675, lux 198.0, cct 5384.5, r/g/b/c: 7660.3/5822.9/2898.7/16051.3, R/G/B: 75.0/72.0/63.0, bri 1380.0, match 1.00, ir 0.009913, conf 5.0, ts 768783602498651
04-09 15:59:27.059 I/sensors-hal( 2113): handle_oplus_wise_rgb_event:161, wise_rgb: (17174)(cct, lux, ir)[5333.01, 214.58, 10.029090] (r, g, b, c)[7702.71, 5833.91, 2916.32, 16160.91]                 (pwm, hbm, brl, algo)[0.0 0.0 1380.0 2.0], flag 29128
04-09 15:59:27.117 D/vendor.qti.bluetooth@1.0-wake_lock( 2103): Release wakelock is released 
04-09 15:59:27.295 I/OplusTouchDaemon( 3289): ts_run_service: shellback temperature updated 29 (29508)
04-09 15:59:27.325 D/SensorFeature( 2258): name=ssc_screenshot_info ,index = 22
04-09 15:59:27.325 D/SensorFeature( 2258): write 39 bytes:768783561181501,768783928705876,29129,0
04-09 15:59:27.329 I/sensors-hal( 2113): handle_oplus_wise_rgb_event:161, wise_rgb: (17179)(cct, lux, ir)[5315.55, 215.00, 11.159673] (r, g, b, c)[7740.09, 5855.91, 2938.39, 16165.57]                 (pwm, hbm, brl, algo)[0.0 0.0 1380.0 2.0], flag 29129
04-09 15:59:27.425 I/AICCTModule( 3590): SensorFilter: brightness threshold 1.2 screenNit is 98.252 ave enviroment lux is 197.99147 luxForNit 94.87061demarcationPoint200.0 result is false
04-09 15:59:27.425 I/AICCTModule( 3590): SensorFilter: findSecondNearestValue, sensorValue: 5381.1187 nearestMaxValue:5383.266 secondNearestValue: 5383.266
04-09 15:59:27.425 I/AICCTModule( 3590): SensorFilter: findSecondNearestValue, sensorValue: 199.9318 nearestMaxValue:199.26683 secondNearestValue: 199.26683
04-09 15:59:27.579 I/ChainTrace( 6825): stream type=syncEvent gapMs=920 refreshMarket=true
04-09 15:59:27.629 D/SensorFeature( 2258): name=ssc_screenshot_info ,index = 22
04-09 15:59:27.630 D/SensorFeature( 2258): write 39 bytes:768783561181501,768784232006865,29130,0
04-09 15:59:27.632 I/sensors-hal( 2113): handle_oplus_wise_rgb_event:189, high_pwm_light:lux 213.1,cct 5322.9,brl/algo/ir 1380.0/2.0/11.0,pwm/dc 0.0/0.0,rgbc 7687.755371/5831.707520/2898.655029/16060.662109,ts 768784135263599,cnt 17184,flag 29130
04-09 15:59:27.632 I/sensors-hal( 2113): handle_oplus_wise_rgb_event:161, wise_rgb: (17184)(cct, lux, ir)[5322.92, 213.08, 11.048650] (r, g, b, c)[7687.76, 5831.71, 2898.66, 16060.66]                 (pwm, hbm, brl, algo)[0.0 0.0 1380.0 2.0], flag 29130
04-09 15:59:27.677 D/CommonApp-234-10512(14034): transport layer data is invalid
04-09 15:59:27.677 D/CommonApp-235-10512(14034): commonScoreStrategy scenarios low package
04-09 15:59:27.677 D/ScorePolicy(14034): handleScoreChanged: []
04-09 15:59:27.678 D/ScorePolicy(14034): handleScoreChanged: []
04-09 15:59:27.678 D/ScorePolicy(14034): handleScoreChanged: []
04-09 15:59:27.703 I/SDM     ( 2181): DisplayBuiltIn::IdlePowerCollapse: IPC received, disabling partial update for one frame
04-09 15:59:27.714 I/SurfaceControl( 6825):  setExtendedRangeBrightness sc=Surface(name=)/@0x51f69f9,currentBufferRatio=1.0,desiredRatio=1.0
04-09 15:59:27.714 V/WindowManager( 3590): Relayout Window{f71f005 u0 com.binance.monitor}: viewVisibility=0, oldvis=0, req=315x379 , apr = 0, vsysui=, x=-1885, y=1068
04-09 15:59:27.715 D/InsetsSourceProvider( 3590): updateSourceFrameForServerVisibility mandatorySystemGestures EMPTY_RECT
04-09 15:59:27.716 D/InsetsSourceProvider( 3590): updateSourceFrameForServerVisibility mandatorySystemGestures EMPTY_RECT
04-09 15:59:27.774 V/MonthTrafficAlert(13839): getWarningNotification subId:1 numWarningNotificaion:2
04-09 15:59:27.775 V/MonthTrafficAlert(13839): getWarningNotification subId:2 numWarningNotificaion:0
04-09 15:59:27.785 D/osense.compress( 3590): com.v2ray.ang do shrink, target ratio = 68, final ratio = 90, cur ratio = 46
04-09 15:59:27.811 I/SDM     ( 2181): DisplayBuiltIn::IdlePowerCollapse: IPC received, disabling partial update for one frame
04-09 15:59:27.860 I/sensors-hal( 2113): handle_oplus_wise_rgb_event:161, wise_rgb: (17189)(cct, lux, ir)[5332.14, 214.01, 10.624461] (r, g, b, c)[7690.25, 5851.51, 2911.90, 16179.56]                 (pwm, hbm, brl, algo)[0.0 0.0 1380.0 2.0], flag 29130
04-09 15:59:27.921 E/WifiHAL ( 2123): wifi_get_cached_scan_results: Wifi Cached Scan Result not supported by driver
04-09 15:59:27.921 E/WifiStaIfaceAidlImpl( 3590): getCachedScanData failed with service-specific exception: android.os.ServiceSpecificException:  (code 4)
04-09 15:59:27.926 D/VendorWifiService(14034): onEvent event:9,action:1
04-09 15:59:27.936 D/OplusWifiPower_TriggerCenter( 3590): mComponentCallback: wifistat
04-09 15:59:27.972 I/SDM     ( 2181): DisplayBuiltIn::IdlePowerCollapse: IPC received, disabling partial update for one frame
04-09 15:59:27.977 E/CwbService( 2181): Panel not support apl read or getDisplayPanelAplValue timeout 10ms.
04-09 15:59:27.977 D/SensorFeature( 2258): name=ssc_screenshot_info ,index = 22
04-09 15:59:27.977 D/SensorFeature( 2258): write 39 bytes:768784516517021,768784570589678,29131,0
04-09 15:59:27.998 V/AlarmManager( 3590): sending alarm Alarm{fdbd5e4 type 1 origWhen 1775721567998 whenElapsed 768784603 android} uid 1000 whenElapsed 768784603 windowLength 0 maxWhenElapsed 768784603 repeatInterval 0 action null component null tag StorgaeBandInfoAlarmTag flags 0x9 procName system_server
04-09 15:59:27.999 E/OplusStorageUFSBandwidth( 3590): storage_io_metrics_path is /proc/oplus_storage/io_metrics/forever/
04-09 15:59:28.001 E/OplusStorageUFSBandwidth( 3590): Bandwidth - Read: 0.00 MB/s, Write: 0.50 MB/s
04-09 15:59:28.002 E/OplusStorageUFSBandwidth( 3590): Task time: 3ms
04-09 15:59:28.003 E/OplusStorageUFSBandwidth( 3590): Alarm set to trigger in 10 seconds
04-09 15:59:28.028 D/BatteryChargeControl( 2280): bcc get no support from charging protocol
04-09 15:59:28.125 I/sensors-hal( 2113): handle_oplus_wise_rgb_event:189, high_pwm_light:lux 215.2,cct 5312.1,brl/algo/ir 1380.0/2.0/11.3,pwm/dc 0.0/0.0,rgbc 7680.279785/5800.909668/2880.993652/16055.999023,ts 768784524328234,cnt 17194,flag 29131
04-09 15:59:28.125 I/sensors-hal( 2113): handle_oplus_wise_rgb_event:161, wise_rgb: (17194)(cct, lux, ir)[5312.13, 215.18, 11.299023] (r, g, b, c)[7680.28, 5800.91, 2880.99, 16056.00]                 (pwm, hbm, brl, algo)[0.0 0.0 1380.0 2.0], flag 29131
04-09 15:59:28.176 D/osense.compress( 3590): com.google.android.gms do shrink, target ratio = 90, final ratio = 90, cur ratio = 86
04-09 15:59:28.230 I/vendor.qti.bluetooth@1.0-ibs_handler( 2103): ProcessIbsCmd: Received IBS_WAKE_IND: 0xFD
04-09 15:59:28.230 D/vendor.qti.bluetooth@1.0-ibs_handler( 2103): SerialClockVote: vote for UART CLK ON
04-09 15:59:28.230 D/vendor.qti.bluetooth@1.0-wake_lock( 2103): Acquire wakelock is acquired 
04-09 15:59:28.230 I/vendor.qti.bluetooth@1.0-ibs_handler( 2103): ProcessIbsCmd: Writing IBS_WAKE_ACK
04-09 15:59:28.233 D/OplusHansManager ( 3590): 25497/1002 to 23359/10344 | android.bluetooth.le.IScannerCallback | 2 reason default_unfreezeForKernel
04-09 15:59:28.233 W/OPLUS_LOG_LOAD(11972): ==LOGS PROG INFO, prog(com.heytap.accessory) ==
04-09 15:59:28.233 W/PTC.DISC.FusionProvider(11972): [FusionBleDiscover]current device: **:72:47:FD rssi is -103, minRssi is -100, ignore it
04-09 15:59:28.244 W/OPLUS_LOG_LOAD( 5836): ==LOGS PROG INFO, prog(com.oplus.camera) ==
04-09 15:59:28.244 I/APS_ALOG( 5836): flushRoutine g_immediateFlush=0 g_pendingCount=0 g_oobCount=0
04-09 15:59:28.271 I/vendor.qti.bluetooth@1.0-ibs_handler( 2103): ProcessIbsCmd: Received IBS_SLEEP_IND: 0xFE
04-09 15:59:28.271 D/vendor.qti.bluetooth@1.0-ibs_handler( 2103): SerialClockVote: vote for UART CLK OFF
04-09 15:59:28.280 D/SensorFeature( 2258): name=ssc_screenshot_info ,index = 22
04-09 15:59:28.280 D/SensorFeature( 2258): write 39 bytes:768784516517021,768784883729521,29132,0
04-09 15:59:28.285 I/vendor.qti.bluetooth@1.0-ibs_handler( 2103): ProcessIbsCmd: Received IBS_WAKE_IND: 0xFD
04-09 15:59:28.285 D/vendor.qti.bluetooth@1.0-ibs_handler( 2103): SerialClockVote: vote for UART CLK ON
04-09 15:59:28.285 I/vendor.qti.bluetooth@1.0-ibs_handler( 2103): ProcessIbsCmd: Writing IBS_WAKE_ACK
04-09 15:59:28.312 W/PTC.DISC.FusionProvider(11972): [FusionBleDiscover]current device: **:D3:B9:14 rssi is -102, minRssi is -100, ignore it
04-09 15:59:28.380 I/vendor.qti.bluetooth@1.0-ibs_handler( 2103): ProcessIbsCmd: Received IBS_SLEEP_IND: 0xFE
04-09 15:59:28.380 D/vendor.qti.bluetooth@1.0-ibs_handler( 2103): SerialClockVote: vote for UART CLK OFF
04-09 15:59:28.391 I/sensors-hal( 2113): handle_oplus_wise_rgb_event:161, wise_rgb: (17199)(cct, lux, ir)[5319.61, 213.87, 10.481660] (r, g, b, c)[7625.46, 5800.91, 2896.45, 16004.71]                 (pwm, hbm, brl, algo)[0.0 0.0 1380.0 2.0], flag 29132
04-09 15:59:28.391 D/FusionLightNextGen( 3590): process end reported = 1, mode: 0, cnt: 440680, lux 199.7, cct 5409.6, r/g/b/c: 7750.1/5869.1/2940.6/16221.5, R/G/B: 75.0/72.0/63.0, bri 1380.0, match 1.00, ir 0.010055, conf 5.0, ts 768784868564224
04-09 15:59:28.422 I/sensors-hal( 2113): handle_sns_std_sensor_event:114, oplus rgb_rear sample: (cct, lux, ir, x, y)[5186, 76, 21, 341, 381]
04-09 15:59:28.422 I/sensors-hal( 2113): handle_sns_std_sensor_event:116, oplus rgb_rear sample: (r, g, b, c w)[4177, 8604, 1400, 184, 0]
04-09 15:59:28.439 I/SDM     ( 2181): DisplayBuiltIn::IdlePowerCollapse: IPC received, disabling partial update for one frame
04-09 15:59:28.440 D/NotificationService--OplusNotificationFixHelper( 3590): fixAppIcon: pkg=com.v2ray.ang
04-09 15:59:28.440 D/NotificationService--OplusNotificationFixHelper( 3590): fixAppIcon: appIcon = null, pkg = com.v2ray.ang
04-09 15:59:28.440 D/NotificationService--NotificationRecord( 3590): isSupportRearLight , isRearLight = false mLedRM = false isMultilLed = false
04-09 15:59:28.441 I/OplusStatusBarManagerServiceEnhance( 3590):  getTopIsFullscreen mTopIsFullscreen: false
04-09 15:59:28.441 W/ActivityManager( 3590): Permission Denial: getTopApplicationInfo from pid=25334, uid=10397 requires oplus.permission.OPLUS_COMPONENT_SAFE
04-09 15:59:28.442 E/OplusNotificationCenter( 3590): getForegroundApplication exception
04-09 15:59:28.442 D/NotificationService--OplusNotificationManagerServiceExtImpl( 3590): isForwardToAssistants: true, case : Is local notification
04-09 15:59:28.442 D/NotificationService( 3590): This application enqueue notifications is need postDelayed mcsAssistantDelayTime: 50
04-09 15:59:28.499 I/SystemUi--Notification( 8338): OplusLiveAlertNotificationsRepository-->onRankingApplied
04-09 15:59:28.512 I/PluginSeedling--Track( 8338): RequestHandler-->notificationUpdated 0|com.v2ray.ang|1|null|10397 postTime: 1775721568440
04-09 15:59:28.512 E/LockScreenNotificationDispatcherImp( 8338): updateNotificationListOnKg size:0
04-09 15:59:28.517 W/SystemUi--Notification( 8338): OplusNotificationGroupExtImpl-->setChildrenExpanded: groupHeader is null
04-09 15:59:28.518 I/SystemUi--Notification( 8338): LockScreenNotificationDispatcherImp-->updateNotificationListOnKg resultCode: 0
04-09 15:59:28.530 D/vendor.qti.bluetooth@1.0-wake_lock( 2103): Release wakelock is released 
04-09 15:59:28.541 D/LocalImageResolver( 8338): Couldn't use ImageDecoder for drawable, falling back to non-resized load.
04-09 15:59:28.543 D/OplusNotificationDateTimeView( 8338): setTime mSettingTimeMillis 1775721568437, mSettingLocalDateTime 2026-04-09T15:59:00.437
04-09 15:59:28.548 D/LocalImageResolver( 8338): Couldn't use ImageDecoder for drawable, falling back to non-resized load.
04-09 15:59:28.550 D/OplusNotificationDateTimeView( 8338): setTime mSettingTimeMillis 1775721568437, mSettingLocalDateTime 2026-04-09T15:59:00.437
04-09 15:59:28.554 D/LocalImageResolver( 8338): Couldn't use ImageDecoder for drawable, falling back to non-resized load.
04-09 15:59:28.554 D/OplusNotificationDateTimeView( 8338): setTime mSettingTimeMillis 1775721568437, mSettingLocalDateTime 2026-04-09T15:59:00.437
04-09 15:59:28.558 I/SystemUi--Notification( 8338): OplusNotificationTempla-->resolveContentMargin: marginTop=112 isChildInGroup=false hasSubtitle=true params.topMargin=112
04-09 15:59:28.558 W/SystemUi--Notification( 8338): OplusNotificationGroupExtImpl-->setChildrenExpanded: groupHeader is null
04-09 15:59:28.559 E/LockScreenNotificationDispatcherImp( 8338): updateNotificationListOnKg size:0
04-09 15:59:28.563 W/SystemUi--Notification( 8338): OplusNotificationGroupExtImpl-->setChildrenExpanded: groupHeader is null
04-09 15:59:28.563 I/SystemUi--Notification( 8338): LockScreenNotificationDispatcherImp-->updateNotificationListOnKg resultCode: 0
04-09 15:59:28.583 D/SensorFeature( 2258): name=ssc_screenshot_info ,index = 22
04-09 15:59:28.583 D/SensorFeature( 2258): write 39 bytes:768784516517021,768785186215980,29133,0
04-09 15:59:28.618 D/OplusWifiPowerWakeupStats( 3590): IPV4_TCP_Packet wake up count 170
04-09 15:59:28.619 I/ChainTrace( 6825): stream type=syncEvent gapMs=1040 refreshMarket=true
04-09 15:59:28.619 D/OplusWifiPower_WakeupIp( 3590): com.v2ray.ang(43.155.214.***) wakeup host
04-09 15:59:28.623 I/AICCTModule( 3590): SensorFilter: brightness threshold 1.2 screenNit is 98.252 ave enviroment lux is 199.68144 luxForNit 94.979324demarcationPoint200.0 result is false
04-09 15:59:28.623 I/AICCTModule( 3590): SensorFilter: findSecondNearestValue, sensorValue: 5383.266 nearestMaxValue:5388.58 secondNearestValue: 5388.58
04-09 15:59:28.623 I/AICCTModule( 3590): SensorFilter: findSecondNearestValue, sensorValue: 199.26683 nearestMaxValue:199.1556 secondNearestValue: 199.1556
04-09 15:59:28.659 I/sensors-hal( 2113): handle_oplus_wise_rgb_event:189, high_pwm_light:lux 214.3,cct 5355.1,brl/algo/ir 1380.0/2.0/9.8,pwm/dc 0.0/0.0,rgbc 7670.311035/5827.308105/2911.901123/16042.010742,ts 768785135262453,cnt 17204,flag 29133
04-09 15:59:28.660 I/sensors-hal( 2113): handle_oplus_wise_rgb_event:161, wise_rgb: (17204)(cct, lux, ir)[5355.05, 214.31, 9.751045] (r, g, b, c)[7670.31, 5827.31, 2911.90, 16042.01]                 (pwm, hbm, brl, algo)[0.0 0.0 1380.0 2.0], flag 29133
04-09 15:59:28.702 D/CommonApp-234-10512(14034): transport layer data is invalid
04-09 15:59:28.703 D/CommonApp-235-10512(14034): commonScoreStrategy scenarios low package
04-09 15:59:28.703 D/ScorePolicy(14034): handleScoreChanged: []
04-09 15:59:28.703 D/ScorePolicy(14034): handleScoreChanged: []
04-09 15:59:28.703 D/ScorePolicy(14034): handleScoreChanged: []
04-09 15:59:28.703 D/OplusL3Monitor( 3590): linkIndex=90, networkId=0, ignore
04-09 15:59:28.748 I/SDM     ( 2181): DisplayBuiltIn::IdlePowerCollapse: IPC received, disabling partial update for one frame
04-09 15:59:28.850 W/Settings( 3590): Setting notification_bubbles has moved from android.provider.Settings.Global to android.provider.Settings.Secure, returning read-only value.
04-09 15:59:28.850 W/Settings( 3590): Setting apply_ramping_ringer has moved from android.provider.Settings.Global to android.provider.Settings.System, returning read-only value.
04-09 15:59:28.852 W/SettingsStatsUtil( 3590): Can not parse value to float: +network
04-09 15:59:28.855 W/SettingsStatsUtil( 3590): Can not parse value to float: +network
04-09 15:59:28.927 I/SDM     ( 2181): DisplayBuiltIn::IdlePowerCollapse: IPC received, disabling partial update for one frame
04-09 15:59:28.932 E/CwbService( 2181): Panel not support apl read or getDisplayPanelAplValue timeout 10ms.
04-09 15:59:28.932 D/SensorFeature( 2258): name=ssc_screenshot_info ,index = 22
04-09 15:59:28.932 D/SensorFeature( 2258): write 39 bytes:768785471575979,768785525727386,29134,0
04-09 15:59:28.935 I/sensors-hal( 2113): handle_oplus_wise_rgb_event:161, wise_rgb: (17209)(cct, lux, ir)[5323.21, 215.99, 10.002993] (r, g, b, c)[7755.04, 5875.70, 2933.98, 16214.53]                 (pwm, hbm, brl, algo)[0.0 0.0 1380.0 2.0], flag 29134
04-09 15:59:28.972 D/ShellSubscriberWorkerThread(15031): the first 8 bytes empty, and RestData length > 8 
04-09 15:59:29.029 D/BatteryChargeControl( 2280): bcc get no support from charging protocol
04-09 15:59:29.235 D/SensorFeature( 2258): name=ssc_screenshot_info ,index = 22
04-09 15:59:29.236 D/SensorFeature( 2258): write 39 bytes:768785471575979,768785838674729,29135,0
04-09 15:59:29.239 I/sensors-hal( 2113): handle_oplus_wise_rgb_event:189, high_pwm_light:lux 213.8,cct 5349.3,brl/algo/ir 1380.0/2.0/10.2,pwm/dc 0.0/0.0,rgbc 7625.455566/5796.510254/2905.278076/16014.035156,ts 768785734688911,cnt 17214,flag 29135
04-09 15:59:29.239 I/sensors-hal( 2113): handle_oplus_wise_rgb_event:161, wise_rgb: (17214)(cct, lux, ir)[5349.34, 213.84, 10.184116] (r, g, b, c)[7625.46, 5796.51, 2905.28, 16014.04]                 (pwm, hbm, brl, algo)[0.0 0.0 1380.0 2.0], flag 29135
04-09 15:59:29.452 E/PERFHAL-PERFCTRL( 2187): PERFHAL-PERFCTRL: chk_core_online_poll_loop() 748: poll() has timed out for /sys/kernel/msm_performance/events/cpu_hotplug
04-09 15:59:29.452 E/PERFHAL-PERFCTRL( 2187): PERFHAL-PERFCTRL: chk_core_online_poll_loop() 743: Block on poll()
04-09 15:59:29.459 I/sensors-hal( 2113): handle_oplus_wise_rgb_event:161, wise_rgb: (17219)(cct, lux, ir)[5319.58, 213.86, 10.270641] (r, g, b, c)[7657.85, 5827.31, 2898.66, 16069.99]                 (pwm, hbm, brl, algo)[0.0 0.0 1380.0 2.0], flag 29135
04-09 15:59:29.490 E/libEGL  (15925): No entry found in platform lookup table for eglSurfaceAttribMTK
04-09 15:59:29.490 D/ExtensionsLoader(15925): createInstance(64bit) : createExtendedFactory
04-09 15:59:29.490 D/ExtensionsLoader(15925): Opened libguiextimpl.so
04-09 15:59:29.497 D/OplusUtils(15925): OplusUtils [84]: 
04-09 15:59:29.500 E/screencap(15925): createInstance(64bit) : createExtendedFactory
04-09 15:59:29.500 E/screencap(15925): createInstance(64bit) : createExtendedFactory
04-09 15:59:29.500 E/screencap(15925): Opened libinputextensionsimpl.so
04-09 15:59:29.500 E/screencap(15925): Opened libinputextensionsimpl.so
04-09 15:59:29.501 W/screencap(15925): Thread Pool max thread count is 0. Cannot cache binder as linkToDeath cannot be implemented. serviceName: SurfaceFlingerAIDL
04-09 15:59:29.501 W/BpBinder(15925): Linking to death on android.gui.ISurfaceComposer but there are no threads (yet?) listening to incoming transactions. See ProcessState::startThreadPool and ProcessState::setThreadPoolMaxThreadCount. Generally you should setup the binder threadpool before other initialization steps.
04-09 15:59:29.501 W/ProcessState(15925): Extra binder thread started, but 0 threads requested. Do not use *startThreadPool when zero threads are requested.
04-09 15:59:29.501 D/SurfaceFlinger( 2399): captureDisplayById from pid 0 display 4630946685746860179
04-09 15:59:29.504 E/HwcComposer( 2399): getLuts failed Status(-129, EX_TRANSACTION_FAILED): 'UNKNOWN_TRANSACTION: '
04-09 15:59:29.533 D/qdgralloc(15925): Fetching IMapper5 from QtiMapper5
04-09 15:59:29.537 D/SensorFeature( 2258): name=ssc_screenshot_info ,index = 22
04-09 15:59:29.537 D/SensorFeature( 2258): write 39 bytes:768785471575979,768786142089885,29136,0
04-09 15:59:29.540 D/RadioProxyJ[0](14034): [73240]> getRRCStatus
04-09 15:59:29.540 D/RadioProxyJ[1](14034): [73241]> getRRCStatus
04-09 15:59:29.540 D/QmiNasClient( 2727): getRRCStatus - enter
04-09 15:59:29.540 D/QmiNasClient( 3438): getRRCStatus - enter
04-09 15:59:29.540 I/SnapAlloc(15925): Graphics lib is available
04-09 15:59:29.541 D/QmiNasClient( 2727): getRRCStatus callback - enter
04-09 15:59:29.541 D/QmiNasClient( 2727): getRRCStatus result.rsp.rrcStatusInfo.rrcStatus = 0
04-09 15:59:29.541 D/QmiNasClient( 3438): getRRCStatus callback - enter
04-09 15:59:29.541 D/QmiNasClient( 3438): getRRCStatus result.rsp.rrcStatusInfo.rrcStatus = 0
04-09 15:59:29.541 D/NasProxy( 2727): handleMessage msg is 4001
04-09 15:59:29.541 D/NasProxy( 3438): handleMessage msg is 4001
04-09 15:59:29.541 D/RadioProxy( 2727): getRRCStatus : response cb for instance 0
04-09 15:59:29.541 D/RadioProxy( 3438): getRRCStatus : response cb for instance 1
04-09 15:59:29.541 D/RadioProxyJ[0](14034): [73240]< getRRCStatusResponse 0
04-09 15:59:29.541 D/RadioProxyJ[1](14034): [73241]< getRRCStatusResponse 0
04-09 15:59:29.541 D/CoexRfService(14034): report RRC state:false
04-09 15:59:29.546 D/MediaProvider(11108): insertInternal start, caller = com.android.shell
04-09 15:59:29.547 W/MediaProvider(11108): isAppCloneUserPair for user 0: false
04-09 15:59:29.553 D/MediaProvider(11108): insertAllowingUpsert finish, rowId = 1000008037
04-09 15:59:29.553 D/MediaProvider(11108): insertInternal end
04-09 15:59:29.554 D/OplusFileObserveService(13847): onEvent() file = /storage/emulated/0/codex_after_accounttap2.png, event = 256
04-09 15:59:29.555 I/ContextAware_DailyStatisticsRecorder(24527): Increase context change count: dmp_change_count, value: 1
04-09 15:59:29.555 D/HLog-UpMgr(24527): [metis]CheckWhetherUploadBody Mgr:com.oplus.sdp.y9.c@f7b271c
04-09 15:59:29.555 D/HLog-MultiConfigManage(24527): [metis]checkAllPushTask
04-09 15:59:29.555 D/HLog-MultiConfigManage(24527): [metis]checkAllPushTask existPushInfo : 
04-09 15:59:29.557 D/HLog-HLog(24527): [metis]allDog3sFilsSizeValid maxLimitFile : 1761607680
04-09 15:59:29.557 D/HLog-HLog(24527): [metis]allDog3sFilsSizeValid dogsSize : 29876095
04-09 15:59:29.557 D/HLog-HLog_LoganThread(24527): [metis]current sdkcard size : 25617014784 config min size : 52428800
04-09 15:59:29.558 E/FileStrategy(24527): java.io.IOException: Read-only file system
04-09 15:59:29.606 I/SDM     ( 2181): DisplayBuiltIn::IdlePowerCollapse: IPC received, disabling partial update for one frame
04-09 15:59:29.624 I/ChainTrace( 6825): stream type=syncEvent gapMs=1005 refreshMarket=true
04-09 15:59:29.702 V/AlarmManager( 3590): sending alarm Alarm{8857c6f type 3 origWhen 768763809 whenElapsed 768763809 android} uid 1000 whenElapsed 768763809 windowLength 22498 maxWhenElapsed 768786307 repeatInterval 0 action null component null tag *job.delay* flags 0x0 procName system_server
04-09 15:59:29.703 I/vendor.qti.bluetooth@1.0-ibs_handler( 2103): ProcessIbsCmd: Received IBS_WAKE_IND: 0xFD
04-09 15:59:29.703 D/vendor.qti.bluetooth@1.0-ibs_handler( 2103): SerialClockVote: vote for UART CLK ON
04-09 15:59:29.703 D/vendor.qti.bluetooth@1.0-wake_lock( 2103): Acquire wakelock is acquired 
04-09 15:59:29.703 I/vendor.qti.bluetooth@1.0-ibs_handler( 2103): ProcessIbsCmd: Writing IBS_WAKE_ACK
04-09 15:59:29.706 W/PTC.DISC.FusionProvider(11972): [FusionBleDiscover]current device: **:72:47:FD rssi is -103, minRssi is -100, ignore it
04-09 15:59:29.706 D/RateLimit( 3590): decrementToken , current = 5, offset = 1
04-09 15:59:29.707 V/GrammaticalInflectionUtils( 3590): AttributionSource: android.content.AttributionSource@63d033a5 does not have READ_SYSTEM_GRAMMATICAL_GENDER permission.
04-09 15:59:29.717 I/ActivityManager( 3590): Broadcasting: Intent { act=android.intent.action.MEDIA_SCANNER_SCAN_FILE dat=file:///... flg=0x400000 }
04-09 15:59:29.718 I/ActivityManager( 3590): Enqueued broadcast Intent { act=android.intent.action.MEDIA_SCANNER_SCAN_FILE dat=file:///... flg=0x400000 }: 0
04-09 15:59:29.719 W/JobInfo ( 3590): Job 'com.android.providers.media.module/com.android.providers.media.MediaService#-300' has a deadline with no functional constraints. The deadline won't improve job execution latency. Consider removing the deadline.
04-09 15:59:29.721 I/ActivityManager( 3590): Broadcast completed: result=0
04-09 15:59:29.722 I/OplusExSystemServiceHelper( 3590): connected :com.android.providers.media.MediaService
04-09 15:59:29.722 I/MediaProvider(11108): Begin Intent { act=android.intent.action.MEDIA_SCANNER_SCAN_FILE dat=file:///... flg=0x1400010 cmp=com.android.providers.media.module/com.android.providers.media.MediaService }
04-09 15:59:29.722 D/Zygote  ( 2014): Forked child process 15935
04-09 15:59:29.723 I/ActivityManager( 3590): Start proc 15935:com.android.vending:instant_app_installer/u0a261 for service {com.android.vending/com.google.android.finsky.instantapps.metrics.LogFlushJob}
04-09 15:59:29.723 I/ActivityManager( 3590): ProcessObserver broadcast disabled
04-09 15:59:29.723 D/OplusFileObserveService(13847): onEvent() file = /storage/emulated/0/codex_after_accounttap2.png, event = 8
04-09 15:59:29.723 I/MemoryOperationUtils( 3590): add 15935 to com.android.vending
04-09 15:59:29.723 W/OplusFileObserveService(13847): onEvent() CLOSE_WRITE file is not in root dirs, skip.
04-09 15:59:29.724 D/CommonApp-234-10512(14034): transport layer data is invalid
04-09 15:59:29.724 D/CommonApp-235-10512(14034): commonScoreStrategy scenarios low package
04-09 15:59:29.724 D/ScorePolicy(14034): handleScoreChanged: []
04-09 15:59:29.724 D/ScorePolicy(14034): handleScoreChanged: []
04-09 15:59:29.724 D/ScorePolicy(14034): handleScoreChanged: []
04-09 15:59:29.724 W/PermissionInjector(11108): applyBatch in invalid type: 2
04-09 15:59:29.725 I/sensors-hal( 2113): handle_oplus_wise_rgb_event:189, high_pwm_light:lux 214.7,cct 5300.9,brl/algo/ir 1380.0/2.0/11.7,pwm/dc 0.0/0.0,rgbc 7662.835449/5805.310059/2885.408936/16065.324219,ts 768786090883807,cnt 17224,flag 29136
04-09 15:59:29.725 D/FusionLightNextGen( 3590): process end reported = 1, mode: 0, cnt: 440685, lux 197.9, cct 5362.1, r/g/b/c: 7652.9/5796.5/2876.6/16023.4, R/G/B: 75.0/72.0/63.0, bri 1380.0, match 1.00, ir 0.008995, conf 5.0, ts 768786124093807
04-09 15:59:29.725 I/sensors-hal( 2113): handle_oplus_wise_rgb_event:161, wise_rgb: (17224)(cct, lux, ir)[5300.86, 214.66, 11.747090] (r, g, b, c)[7662.84, 5805.31, 2885.41, 16065.32]                 (pwm, hbm, brl, algo)[0.0 0.0 1380.0 2.0], flag 29136
04-09 15:59:29.726 I/AICCTModule( 3590): SensorFilter: brightness threshold 1.2 screenNit is 98.252 ave enviroment lux is 197.86508 luxForNit 94.86255demarcationPoint200.0 result is false
04-09 15:59:29.726 I/AICCTModule( 3590): SensorFilter: findSecondNearestValue, sensorValue: 5388.58 nearestMaxValue:5387.752 secondNearestValue: 5387.752
