--------- beginning of main
04-09 14:23:56.660 E/CwbService( 2181): Panel not support apl read or getDisplayPanelAplValue timeout 10ms.
04-09 14:23:56.660 D/SensorFeature( 2258): name=ssc_screenshot_info ,index = 22
04-09 14:23:56.661 D/SensorFeature( 2258): write 39 bytes:763053246753578,763053255086911,14107,0
04-09 14:23:56.674 I/sensors-hal( 2113): handle_oplus_wise_rgb_event:189, high_pwm_light:lux 300.9,cct 5604.5,brl/algo/ir 1385.0/2.0/26.8,pwm/dc 0.0/0.0,rgbc 10781.887695/8928.068359/4590.367188/23093.525391,ts 763053223120768,cnt 62471,flag 14107
04-09 14:23:56.674 I/sensors-hal( 2113): handle_oplus_wise_rgb_event:161, wise_rgb: (62473)(cct, lux, ir)[5604.55, 300.91, 26.772902] (r, g, b, c)[10705.44, 8916.33, 4599.20, 23062.43]                 (pwm, hbm, brl, algo)[0.0 0.0 1385.0 2.0], flag 14107
04-09 14:23:56.749 I/PantaCard.Lnch.InstantCard( 8730):  100335&1000001&1_sid=536877599_rk=ea6994,onVisible: 100335&1000001&1, engine is null: false[sdk:v1.3.122-1545084,seed-plugin:v16.1.126-d5777f7c,app:v16.4.22] [OplusLauncher|com.android.launcher|2.0.44-25e9612]
04-09 14:23:56.749 I/PantaCard.Lnch.InstantCardEngine( 8730):  100335&1000001&1_sid=536877599_rk=ea6994,onCardVisible, cardTag: 100335&1000001&1, last code: 200[sdk:v1.3.122-1545084,seed-plugin:v16.1.126-d5777f7c,app:v16.4.22]
04-09 14:23:56.749 D/RootView( 8730): 0x1081e1 io.iftech.quickapp.box not allow refresh. 
04-09 14:23:56.765 W/LauncherJankManager[u0]( 8730): skipReport: JankScene(DESKTOP_SLIDE|8|0|4), reason: snapToHomePage
04-09 14:23:56.765 I/PantaCard.Lnch.InstantCard( 8730):  100335&1000001&1_sid=536877599_rk=ea6994,setAllowCardRefreshable refreshable:true[sdk:v1.3.122-1545084,seed-plugin:v16.1.126-d5777f7c,app:v16.4.22]
04-09 14:23:56.765 D/CardView( 8730): 0x1081e1 io.iftech.quickapp.box setRefreshable true. refresh pending action
04-09 14:23:56.765 D/CardView( 8730): refreshable postAtFrontOfQueue
04-09 14:23:56.765 D/CardView( 8730): 0x1081e1 io.iftech.quickapp.box setRefreshable true , completeRequestLayout false , completeRefresh false 
04-09 14:23:56.765 W/Page    ( 8730): setState : 3 (CAS: 2 -> 3)
04-09 14:23:56.765 E/[OPLUS_AFS_CONFIG]( 8730): Failed to open AFS config file: /proc/oplus_afs_config/afs_config
04-09 14:23:56.765 E/AFS_CONFIG( 8730): Failed to get scene config
04-09 14:23:56.765 E/OplusAfsManager( 8730): afsConfigSceneConfigGet sceneType is null
04-09 14:23:56.765 W/CardMonitor( 8730): {hash: 1081e1, url: hap://widget/io.iftech.quickapp.box/card/springFestivalCalendar2x2, action: onShow, engine: 10.4.1, versionCode: 129, versionName: 1.0.129, minPlatformVer: 1080, engineChange: false, js_tid: 1953}
04-09 14:23:56.765 I/JsConsole( 8730): ### App Framework ### 页面(8) "onShow"
04-09 14:23:56.765 D/PantaCard.Lnch.CardViewInfo( 8730):  getUTraceIntentContext,serviceId:536877599,cardViewInfo:-1317422924,extraData == null[sdk:v1.3.122-1545084,seed-plugin:v16.1.126-d5777f7c,app:v16.4.22]
04-09 14:23:56.765 I/PantaCard.Lnch.InstantCard( 8730):  100335&1000001&1_sid=536877599_rk=ea6994,begin to load with bundle: 100335&1000001&1,cardInfo:CardViewInfo[entrance:[launcher,type=2,hostId=1], serviceId:536877599, cardType:100335, hostId:1, cardId:1000001, cardCategory:INSTANT, cardSize:1, sizeList:[1], instantUri:hap://widget/io.iftech.quickapp.box/card/springFestivalCalendar2x2?__RPK_VER__=129&cardType=100335&cardId=1000001, width:498, height:498, isRecommend:false, isDragging:false, initDataSize:0, policyName:, uTraceIntentContext:null, extraDataToEngineList.size:null, serviceInfo:null, extraBundle:Bundle[{}], cardLaunchInterceptor:null, cardBlurHandler:com.android.launcher3.card.CardBlurHandlerImpl@86ba6a9, allowReceiveUIDataBackground:false, isLocalCard:falsecardUiDataLen:null][sdk:v1.3.122-1545084,seed-plugin:v16.1.126-d5777f7c,app:v16.4.22]
04-09 14:23:56.766 I/PantaCard.Lnch.InstantCard( 8730):  100335&1000001&1_sid=536877599_rk=ea6994, begin to load,update instantUri to hap://widget/io.iftech.quickapp.box/card/springFestivalCalendar2x2?__RPK_VER__=129&cardType=100335&cardId=1000001[sdk:v1.3.122-1545084,seed-plugin:v16.1.126-d5777f7c,app:v16.4.22]
04-09 14:23:56.766 W/PantaCard.Lnch.InstantCard( 8730):  100335&1000001&1_sid=536877599_rk=ea6994,initEngine do nothing,because cardEngine is not null.[sdk:v1.3.122-1545084,seed-plugin:v16.1.126-d5777f7c,app:v16.4.22]
04-09 14:23:56.766 D/PantaCard.Lnch.InstantCard( 8730):  100335&1000001&1_sid=536877599_rk=ea6994,instantEngineCallback : null.[sdk:v1.3.122-1545084,seed-plugin:v16.1.126-d5777f7c,app:v16.4.22]
04-09 14:23:56.766 I/PantaCard.Lnch.InstantCard( 8730):  100335&1000001&1_sid=536877599_rk=ea6994,getCardSize: 100335&1000001&1 realContainerWidth: 498 realContainerHeight: 498 realDesignSize: 0realDesignWidth: -1[sdk:v1.3.122-1545084,seed-plugin:v16.1.126-d5777f7c,app:v16.4.22]
04-09 14:23:56.766 I/PantaCard.Lnch.InstantCardEngine( 8730):  100335&1000001&1_sid=536877599_rk=ea6994,checkCardClient begin,curStatus = 1[sdk:v1.3.122-1545084,seed-plugin:v16.1.126-d5777f7c,app:v16.4.22]
04-09 14:23:56.766 I/PantaCard.Lnch.InstantCardEngine( 8730):  100335&1000001&1_sid=536877599_rk=ea6994,InstantAppCardClient init already succeeded[sdk:v1.3.122-1545084,seed-plugin:v16.1.126-d5777f7c,app:v16.4.22]
04-09 14:23:56.766 I/PantaCard.Lnch.InstantCardEngine( 8730):  100335&1000001&1_sid=536877599_rk=ea6994,obtainView: load hap://widget/io.iftech.quickapp.box/card/springFestivalCalendar2x2?__RPK_VER__=129&cardType=100335&cardId=1000001, status = 1, cardTag:100335&1000001&1[sdk:v1.3.122-1545084,seed-plugin:v16.1.126-d5777f7c,app:v16.4.22]
04-09 14:23:56.766 I/PantaCard.Lnch.InstantCardEngine( 8730):  100335&1000001&1_sid=536877599_rk=ea6994,createInstantCard cardTag:100335&1000001&1 already created,do nothing.[sdk:v1.3.122-1545084,seed-plugin:v16.1.126-d5777f7c,app:v16.4.22]
04-09 14:23:56.766 I/PantaCard.Lnch.InstantCardEngine( 8730):  100335&1000001&1_sid=536877599_rk=ea6994,callRenderBackResult lastCode:200, uri:hap://widget/io.iftech.quickapp.box/card/springFestivalCalendar2x2?__RPK_VER__=129&cardType=100335&cardId=1000001, hasLoaded:true, sizeData:CardDesignSize(width=498, height=498, configDesign=0, cardDesignWidth=-1)[sdk:v1.3.122-1545084,seed-plugin:v16.1.126-d5777f7c,app:v16.4.22]
04-09 14:23:56.766 I/PantaCard.Lnch.InstantCardEngine( 8730):  100335&1000001&1_sid=536877599_rk=ea6994,obtainView: renderSucceed, onRenderSuccess directly, changeVisibilityManually= trueinterceptorInstantCardReload = true[sdk:v1.3.122-1545084,seed-plugin:v16.1.126-d5777f7c,app:v16.4.22]
04-09 14:23:56.768 D/JsConsole( 8730): [object Object]
04-09 14:23:56.768 D/JsConsole( 8730): dateChinese 二月廿二
04-09 14:23:56.769 W/RemoteSubPackageManager( 8730): use cacheRemoteSubPackageInfo
04-09 14:23:56.771 V/OsAgent ( 8337): broadcastSystemEvent - 7
04-09 14:23:56.771 E/FileStrategy( 8730): java.io.IOException: Read-only file system
04-09 14:23:56.772 D/JsConsole( 8730): new day false 14
04-09 14:23:56.782 I/PantaCard.Lnch.InstantCardEngine( 8730):  100335&1000001&1_sid=536877599_rk=ea6994,onRenderSuccess: cardTag: 100335&1000001&1, serviceId: null[sdk:v1.3.122-1545084,seed-plugin:v16.1.126-d5777f7c,app:v16.4.22]
04-09 14:23:56.782 I/PantaCard.Lnch.CardLoadTrackEvent( 8730):  100335&1000001&2 loadSuccess loadFinish:true[sdk:v1.3.122-1545084,seed-plugin:v16.1.126-d5777f7c,app:v16.4.22]
04-09 14:23:56.782 I/PantaCard.Lnch.TimeOutLoadCallback( 8730):  100335&1000001&1, onSuccess called[sdk:v1.3.122-1545084,seed-plugin:v16.1.126-d5777f7c,app:v16.4.22]
--------- beginning of system
04-09 14:23:56.784 W/ProcessStats( 3590): Tracking association SourceState{d07d094 system/1000 BFgs #1038460} whose proc state 4 is better than process ProcessState{703b9ec com.android.wallpaper.livepicker:wallpaperService/10256 pkg=com.android.wallpaper.livepicker} proc state 5 (0 skipped)
04-09 14:23:56.809 I/resRelease( 3590): policy type is 1
04-09 14:23:56.826 I/[UAH_CLIENT]( 3590): UahEventAcquire, cmdid:2, pkg:none, identity:com.android.server.wm
04-09 14:23:56.827 W/ActivityTaskManager( 3590): Permission Denial: starting Intent { flg=0x34000000 xflg=0x4 cmp=com.binance.monitor/.ui.chart.MarketChartActivity (has extras) mCallingUid=2000 } from null (pid=16904, uid=2000) not exported from uid 10512
04-09 14:23:56.827 I/ActivityTaskManager( 3590): START u0 {flg=0x34000000 xflg=0x4 cmp=com.binance.monitor/.ui.chart.MarketChartActivity (has extras) mCallingUid=2000} with LAUNCH_MULTIPLE from uid 2000 result code=0
04-09 14:23:56.869 I/SDM     ( 2181): DisplayBuiltIn::IdlePowerCollapse: IPC received, disabling partial update for one frame
04-09 14:23:57.005 I/SDM     ( 2181): DisplayBuiltIn::IdlePowerCollapse: IPC received, disabling partial update for one frame
04-09 14:23:57.010 E/CwbService( 2181): Panel not support apl read or getDisplayPanelAplValue timeout 10ms.
04-09 14:23:57.010 D/SensorFeature( 2258): name=ssc_screenshot_info ,index = 22
04-09 14:23:57.011 D/SensorFeature( 2258): write 39 bytes:763053553805296,763053605191754,14108,0
04-09 14:23:57.013 I/AICCTModule( 3590): SensorFilter: brightness threshold 1.4 screenNit is 99.087 ave enviroment lux is 296.00247 luxForNit 99.71032demarcationPoint200.0 result is false
04-09 14:23:57.013 I/AICCTModule( 3590): SensorFilter: findSecondNearestValue, sensorValue: 5684.0176 nearestMaxValue:5681.516 secondNearestValue: 5681.516
04-09 14:23:57.013 I/AICCTModule( 3590): SensorFilter: findSecondNearestValue, sensorValue: 295.9174 nearestMaxValue:296.76056 secondNearestValue: 296.76056
04-09 14:23:57.088 I/ActivityManager( 3590): Broadcasting: Intent { act=android.intent.action.MEDIA_SCANNER_SCAN_FILE dat=file:///... flg=0x400000 }
04-09 14:23:57.089 I/ActivityManager( 3590): Enqueued broadcast Intent { act=android.intent.action.MEDIA_SCANNER_SCAN_FILE dat=file:///... flg=0x400000 }: 0
04-09 14:23:57.091 W/JobInfo ( 3590): Job 'com.android.providers.media.module/com.android.providers.media.MediaService#-300' has a deadline with no functional constraints. The deadline won't improve job execution latency. Consider removing the deadline.
04-09 14:23:57.094 D/OplusFileObserveService(13847): onEvent() file = /storage/emulated/0/codex_after_am_start.png, event = 8
04-09 14:23:57.095 W/OplusFileObserveService(13847): onEvent() CLOSE_WRITE file is not in root dirs, skip.
04-09 14:23:57.095 I/ActivityManager( 3590): Broadcast completed: result=0
04-09 14:23:57.095 I/d.process.media( 3606): doSendEvent Start. child_threads:
04-09 14:23:57.095 I/OplusExSystemServiceHelper( 3590): connected :com.android.providers.media.MediaService
04-09 14:23:57.096 I/MediaProvider(11108): Begin Intent { act=android.intent.action.MEDIA_SCANNER_SCAN_FILE dat=file:///... flg=0x1400010 cmp=com.android.providers.media.module/com.android.providers.media.MediaService }
04-09 14:23:57.097 I/d.process.media( 3606): doSendEvent End
04-09 14:23:57.097 E/MtpServer( 3606): got command MTP_OPERATION_GET_OBJECT_PROP_LIST (9805)
04-09 14:23:57.097 E/d.process.media( 3606): MtpBoost skipped as it was called less than 2 seconds ago.
04-09 14:23:57.098 E/MtpServer( 3606): got command MTP_OPERATION_GET_OBJECT_PROP_LIST (9805)
04-09 14:23:57.098 E/d.process.media( 3606): MtpBoost skipped as it was called less than 2 seconds ago.
04-09 14:23:57.108 W/PermissionInjector(11108): applyBatch in invalid type: 2
04-09 14:23:57.110 W/OplusAddVideoThumbnail(11108): isInsertThumbnail2Video() the caller = com.android.providers.media.module,uri = content://media/external_primary/file/1000008032
04-09 14:23:57.110 W/OplusAddVideoThumbnail(11108): isInsertThumbnail2Video() mimeType is not video 
04-09 14:23:57.110 D/MediaProvider(11108): updateInternal cacheThumbnail uri = content://media/external_primary/file/1000008032,count = 1,retPending = 0
04-09 14:23:57.113 D/OplusThumbnailUtils(11108): cacheThumbnail() cacheThumbnailByUri uri=content://media/external_primary/file/1000008032,priority=100,path=/storage/emulated/0/codex_after_am_start.png
04-09 14:23:57.113 D/OplusCacheThumbnail(11108): cacheThumbnailByUri() filePath = /storage/emulated/0/codex_after_am_start.png ,uri = content://media/external_primary/file/1000008032
04-09 14:23:57.114 I/MediaProvider(11108): End Intent { act=android.intent.action.MEDIA_SCANNER_SCAN_FILE dat=file:///... flg=0x1400010 cmp=com.android.providers.media.module/com.android.providers.media.MediaService }
04-09 14:23:57.114 I/ContextAware_DaemonObserver(24527): onChangeImpl, wait together.
04-09 14:23:57.114 D/OplusThumbnailUtils(11108): cacheThumbnail() cacheThumbnailByUri uri=content://media/external_primary/images/media/1000008032,priority=300,path=/storage/emulated/0/codex_after_am_start.png
04-09 14:23:57.114 D/OplusCacheThumbnail(11108): cacheThumbnailByUri() filePath = /storage/emulated/0/codex_after_am_start.png ,uri = content://media/external_primary/images/media/1000008032
04-09 14:23:57.115 I/ContextAware_DailyStatisticsRecorder(24527): Increase context change count: dmp_change_count, value: 1
04-09 14:23:57.121 D/WM-SystemJobScheduler(11108): Scheduling work ID 6da39293-aca6-4cc7-b67a-5ab24b8b3252Job ID 6526
04-09 14:23:57.167 I/ChainTrace(12610): stream type=heartbeat gapMs=1017 refreshMarket=false
04-09 14:23:57.167 D/OplusWifiPowerWakeupStats( 3590): IPV4_TCP_Packet wake up count 517
04-09 14:23:57.169 D/OplusWifiPower_WakeupIp( 3590): com.binance.monitor(43.155.214.***) wakeup host
04-09 14:23:57.170 D/BatteryChargeControl( 2280): bcc get no support from charging protocol
04-09 14:23:57.202 D/gaia-GaiaConnectChecker(13843): start connect check++
04-09 14:23:57.213 I/sensors-hal( 2113): handle_oplus_wise_rgb_event:161, wise_rgb: (62478)(cct, lux, ir)[5653.93, 305.36, 25.694284] (r, g, b, c)[10619.03, 8848.85, 4546.20, 22816.79]                 (pwm, hbm, brl, algo)[0.0 0.0 1385.0 2.0], flag 14108
04-09 14:23:57.213 I/sensors-hal( 2113): handle_oplus_wise_rgb_event:189, high_pwm_light:lux 305.4,cct 5653.9,brl/algo/ir 1385.0/2.0/25.7,pwm/dc 0.0/0.0,rgbc 10745.326172/8922.200195/4599.200684/23018.898438,ts 763053589959987,cnt 62481,flag 79644
04-09 14:23:57.214 D/FusionLightNextGen( 3590): process end reported = 1, mode: 0, cnt: 419490, lux 293.8, cct 5669.1, r/g/b/c: 10745.3/8922.2/4599.2/23018.9, R/G/B: 40.0/52.0/68.0, bri 1385.0, match 1.00, ir 0.027487, conf 5.0, ts 763053589959987
04-09 14:23:57.229 I/SDM     ( 2181): DisplayBuiltIn::IdlePowerCollapse: IPC received, disabling partial update for one frame
04-09 14:23:57.267 D/OplusCacheThumbnail(11108): CacheThumbnailTask run() fd = {ParcelFileDescriptor: java.io.FileDescriptor@a658be7} ,uri= content://media/external_primary/file/1000008032,mPath = null,caller = com.android.providers.media.module
04-09 14:23:57.311 D/SensorFeature( 2258): name=ssc_screenshot_info ,index = 22
04-09 14:23:57.312 D/SensorFeature( 2258): write 39 bytes:763053553805296,763053916172483,14109,0
04-09 14:23:57.371 D/OplusCacheThumbnail(11108): CacheThumbnailTask run() fd = {ParcelFileDescriptor: java.io.FileDescriptor@3d96e3d} ,uri= content://media/external_primary/images/media/1000008032,mPath = null,caller = null
04-09 14:23:57.422 V/AlarmManager( 3590): sending alarm Alarm{5f6cd32 type 1 origWhen 1775715837420 whenElapsed 763054025 android} uid 1000 whenElapsed 763054025 windowLength 0 maxWhenElapsed 763054025 repeatInterval 0 action null component null tag StorgaeBandInfoAlarmTag flags 0x9 procName system_server
04-09 14:23:57.423 E/OplusStorageUFSBandwidth( 3590): storage_io_metrics_path is /proc/oplus_storage/io_metrics/forever/
04-09 14:23:57.424 E/OplusStorageUFSBandwidth( 3590): Bandwidth - Read: 3.99 MB/s, Write: 0.00 MB/s
04-09 14:23:57.424 E/OplusStorageUFSBandwidth( 3590): Task time: 1ms
04-09 14:23:57.425 E/OplusStorageUFSBandwidth( 3590): Alarm set to trigger in 10 seconds
04-09 14:23:57.475 I/sensors-hal( 2113): handle_oplus_wise_rgb_event:161, wise_rgb: (62483)(cct, lux, ir)[5579.28, 299.80, 27.226545] (r, g, b, c)[10748.65, 8904.60, 4575.65, 23043.77]                 (pwm, hbm, brl, algo)[0.0 0.0 1385.0 2.0], flag 14109
04-09 14:23:57.535 D/CommonApp-232-10509(14034): transport layer data is invalid
04-09 14:23:57.535 D/ScorePolicy(14034): handleScoreChanged: []
04-09 14:23:57.535 D/ScorePolicy(14034): handleScoreChanged: []
04-09 14:23:57.535 D/ScorePolicy(14034): handleScoreChanged: []
04-09 14:23:57.558 E/PERFHAL-PERFCTRL( 2187): PERFHAL-PERFCTRL: chk_core_online_poll_loop() 748: poll() has timed out for /sys/kernel/msm_performance/events/cpu_hotplug
04-09 14:23:57.558 E/PERFHAL-PERFCTRL( 2187): PERFHAL-PERFCTRL: chk_core_online_poll_loop() 743: Block on poll()
04-09 14:23:57.613 D/SensorFeature( 2258): name=ssc_screenshot_info ,index = 22
04-09 14:23:57.613 D/SensorFeature( 2258): write 39 bytes:763053553805296,763054217349515,14110,0
04-09 14:23:57.643 I/sensors-hal( 2113): qsh_conn_event_cb:756, event[0] msg_id=1025, ts=14650727734508, sensor_type = pedometer_minute  Wakeup
04-09 14:23:57.643 E/sensors-hal( 2113): handle_sns_client_event:98, pedometer_minute: report_ts=12709,counter=47147.000000 move_status =[SNS_CMC_STATIONARY] time_gap = 0 run_counter=1690.000000 walk_counter=4295.000000
04-09 14:23:57.645 I/StepApp_StepDataPreHandler(14599): (main)onSensorChanged raw data: step=47147.0 state=3.0 minuteDelta=0.0 timestamp=763054247573789 steprun=1690.0 stepwalk=4295.0 formatted data: step=47147 state=3 timestamp=763054247573789 time=1775715837643 steprun=1690 stepwalk=4295
04-09 14:23:57.646 I/StepApp_StepDataSaver(14599): (O_dfd_148)getNewFixedOffsetStep type is STEP
04-09 14:23:57.646 I/StepApp_StepDataSaver(14599): (O_dfd_148)isRebootCountStep:false	 lastRealTimeStamp = 1775715720000	 bootTimestamp = 1774952783395	 mLastModifiedMinuteTime = 2026-04-09-14-22
04-09 14:23:57.646 I/StepApp_StepDataSaver(14599): (O_dfd_148)calOffSet:sensorStep = 47147	 lastModifiedStep = 47147	 offSet = 0
04-09 14:23:57.646 I/StepApp_StepDataSaver(14599): (O_dfd_148)getNewFixedOffsetStep type is RUN
04-09 14:23:57.646 I/StepApp_StepDataSaver(14599): (O_dfd_148)isRebootCountStep:false	 lastRealTimeStamp = 1775715720000	 bootTimestamp = 1774952783395	 mLastModifiedMinuteTime = 2026-04-09-14-22
04-09 14:23:57.646 I/StepApp_StepDataSaver(14599): (O_dfd_148)calOffSet:sensorStep = 1690	 lastModifiedStep = 1690	 offSet = 0
04-09 14:23:57.646 I/StepApp_StepDataSaver(14599): (O_dfd_148)getNewFixedOffsetStep type is WALK
04-09 14:23:57.646 I/StepApp_StepDataSaver(14599): (O_dfd_148)isRebootCountStep:false	 lastRealTimeStamp = 1775715720000	 bootTimestamp = 1774952783395	 mLastModifiedMinuteTime = 2026-04-09-14-22
04-09 14:23:57.646 I/StepApp_StepDataSaver(14599): (O_dfd_148)calOffSet:sensorStep = 4295	 lastModifiedStep = 4295	 offSet = 0
04-09 14:23:57.730 I/SDM     ( 2181): DisplayBuiltIn::IdlePowerCollapse: IPC received, disabling partial update for one frame
04-09 14:23:57.738 I/sensors-hal( 2113): handle_oplus_wise_rgb_event:189, high_pwm_light:lux 305.7,cct 5572.3,brl/algo/ir 1385.0/2.0/27.8,pwm/dc 0.0/0.0,rgbc 10771.916992/8925.134766/4608.034180/23102.853516,ts 763054197653893,cnt 62491,flag 79646
04-09 14:23:57.738 I/sensors-hal( 2113): handle_oplus_wise_rgb_event:161, wise_rgb: (62488)(cct, lux, ir)[5572.33, 305.68, 27.778950] (r, g, b, c)[10715.41, 8860.59, 4560.92, 22916.29]                 (pwm, hbm, brl, algo)[0.0 0.0 1385.0 2.0], flag 14110
04-09 14:23:57.865 E/midasd  (10250): getTotalFlipsFromSf mCurFrameCount: 9942381
04-09 14:23:57.866 I/midasd  (10250): DisplayAgent updateDisplayDevInfo getRenderFps mFps:120 mRenderFps:3 mWidth:1264 mHeight:2780
04-09 14:23:57.868 W/OPLUS_LOG_LOAD(17488): ==LOGS PROG INFO, prog(com.oplus.camera) ==
04-09 14:23:57.868 I/APS_ALOG(17488): flushRoutine g_immediateFlush=0 g_pendingCount=0 g_oobCount=0
04-09 14:23:57.914 D/SensorFeature( 2258): name=ssc_screenshot_info ,index = 22
04-09 14:23:57.914 D/SensorFeature( 2258): write 39 bytes:763053553805296,763054518752796,14111,0
04-09 14:23:58.005 I/sensors-hal( 2113): handle_oplus_wise_rgb_event:161, wise_rgb: (62493)(cct, lux, ir)[5558.27, 303.31, 27.518499] (r, g, b, c)[10675.53, 8878.19, 4560.92, 22931.84]                 (pwm, hbm, brl, algo)[0.0 0.0 1385.0 2.0], flag 14111
