04-09 16:02:08.407 D/KEYLOG_PhoneWindowManagerExtImpl( 3590): checkAddPermission: com.oplus.permission.safe.WINDOW OKAY packageName = com.android.systemui
04-09 16:02:08.408 I/WindowManager( 3590): addWindow: New client android.os.BinderProxy@684615b : window=Window{44ec2d1 u0 OplusFrontCameraPinholeView}
04-09 16:02:08.410 E/APS_CORE( 5836): [ERROR][ LOGIC ] APSClientAdapter.cpp: 1603  app_cmd_executeDeferJob()  params not found
04-09 16:02:08.411 D/ViewRootImplExtImpl( 8338): onDisplayChanged -1 for VRI android.view.ViewRootImpl@28e6601
04-09 16:02:08.414 E/OplusBracketLog( 8338): [OplusViewMirrorManager] updateHostViewRootIfNeeded, not support android.view.ViewRootImpl@28e6601
04-09 16:02:08.414 I/SurfaceView( 8338): 142238013 onAttachedToWindow
04-09 16:02:08.414 D/CompactWindowAppManager(18140): initCompactApplicationInfo CompactMode: , NormalMode: 
04-09 16:02:08.414 D/SurfaceSyncGroup(18140): preCreateSurfaceSyncGroupTimerThread
04-09 16:02:08.414 V/WindowManager( 3590): Relayout Window{44ec2d1 u0 OplusFrontCameraPinholeView}: viewVisibility=0, oldvis=0, req=88x88 , apr = 0, vsysui=, x=588, y=32
04-09 16:02:08.415 I/WindowManager( 3590): Window{44ec2d1 u0 OplusFrontCameraPinholeView} state from NO_SURFACE to DRAW_PENDING; reason: resetDrawState
04-09 16:02:08.415 E/ChiX    ( 2172): [ALWAYS_ON  ][UTILS  ] chithreadmanager.cpp:926 SynchronizeBody() Async_RealTimeMCX_Create: Flush/Sync TimedWait 2147483647/2147483647 ms for hJob: 17179869187 job: 17179869187
04-09 16:02:08.415 D/InsetsSourceProvider( 3590): updateSourceFrameForServerVisibility mandatorySystemGestures EMPTY_RECT
04-09 16:02:08.415 D/OCAM_CaptureDeferUtils( 5836): setDeferJobMaxNumLimit, sDeferJobMaxNum: -1
04-09 16:02:08.415 D/InsetsSourceProvider( 3590): updateSourceFrameForServerVisibility mandatorySystemGestures EMPTY_RECT
04-09 16:02:08.415 D/WindowManager( 3590): NFW_findFocusedWindowIfNeeded:Window{b286cda u0 NotificationShade} mCurrentFocus:Window{b286cda u0 NotificationShade}
04-09 16:02:08.415 I/[VFXEffect]( 2399): SurfaceControlViewHost#594 type[1.000000] id[0.000000] action[1.000000] status[1.000000] params[0.000000]
04-09 16:02:08.417 D/BufferQueueConsumer( 8338): [](id:2092000042bd,api:0,p:-1,c:8338) connect: controlledByApp=false
04-09 16:02:08.417 D/BufferQueueConsumer( 8338): [VRI[OplusFrontCameraPinholeView]#17076(BLAST Consumer)17076](id:2092000042bd,api:0,p:-1,c:8338) setMaxAcquiredBufferCount: 2
04-09 16:02:08.417 I/GoLog   (25334): from tcp:127.0.0.1:35544 accepted tcp:157.255.50.7:443 [socks -> direct]
04-09 16:02:08.418 I/GoLog   (25334): from udp:127.0.0.1:49845 accepted udp:114.114.114.114:53 [socks -> dns-out]
04-09 16:02:08.418 D/OCAM_StrategyEventManager( 5836): addEvent, event: StrategyEvent{IsConsumed:false,EventType:CamStatus,IsPersistent:true,IsAvailable:false,Timestamp:1775721728417,}, isSupport: true
04-09 16:02:08.418 D/BufferQueueProducer( 8338): [VRI[OplusFrontCameraPinholeView]#17076(BLAST Consumer)17076](id:2092000042bd,api:1,p:8338,c:8338) connect: api=1 producerControlledByApp=true
04-09 16:02:08.418 D/OCAM_AlgoPreEventManager( 5836): addEvent, event: StrategyEvent{IsConsumed:false,EventType:CamStatus,IsPersistent:true,IsAvailable:false,Timestamp:1775721728418,}, isSupport: false
04-09 16:02:08.418 D/SurfaceView( 8338): 142238013, SurfaceView[OplusFrontCameraPinholeView], layerid: 265059 createBlastSurfaceControls
04-09 16:02:08.418 D/BufferQueueConsumer( 8338): [](id:2092000042be,api:0,p:-1,c:8338) connect: controlledByApp=false
04-09 16:02:08.419 D/BufferQueueConsumer( 8338): [87a613d SurfaceView[OplusFrontCameraPinholeView]#17077(BLAST Consumer)17077](id:2092000042be,api:0,p:-1,c:8338) setMaxAcquiredBufferCount: 2
04-09 16:02:08.419 I/SurfaceView( 8338): 142238013 visibleChanged -- surfaceCreated 
04-09 16:02:08.419 I/SystemUi--Keyguard( 8338): BaseFrontCameraAnimView-->surface created, attached=true,currentFold=-1,mFoldMode=-1
04-09 16:02:08.419 I/SystemUi--Keyguard( 8338): BaseFrontCameraAnimView-->startAnimation mRunning false
04-09 16:02:08.419 D/OplusStartingWindowManager( 3590): updateRecordSurfaceViewState windowToken = android.os.BinderProxy@684615b, surfaceState = true, attachedToWindow = true, inList = false, win = Window{44ec2d1 u0 OplusFrontCameraPinholeView}
04-09 16:02:08.419 D/SurfaceView( 8338): 142238013 handleSyncNoBuffer
04-09 16:02:08.419 D/SurfaceView( 8338): 142238013 finishedDrawing
04-09 16:02:08.419 D/SurfaceView( 8338): 142238013 performDrawFinished mAttachedToWindow true
04-09 16:02:08.419 V/OCAM_StrategyEventManager( 5836): showAllEvents, event: StrategyEvent{IsConsumed:true,EventType:AppStatus,IsForeground:null,IsPersistent:true,Timeout:5000,Timestamp:1775720388285,}
04-09 16:02:08.419 V/OCAM_StrategyEventManager( 5836): showAllEvents, event: StrategyEvent{IsConsumed:false,EventType:CamStatus,IsPersistent:true,IsSystemCameraClosed:false,IsAvailable:false,Timestamp:1775721728417,}
04-09 16:02:08.419 E/CHIFD   ( 2172): [ERROR][FD     ] camxchinodefd.cpp:11227 GetSensorCaps() Unable to read ChiSensorModeInfo vendor tag
04-09 16:02:08.419 V/OCAM_CaptureDeferStrategyExecutor( 5836): interpretEvent
04-09 16:02:08.419 V/Configuration(18140): Updating configuration, locales updated from [] to [zh_CN]
04-09 16:02:08.420 D/OplusScrollToTopManager(18140): setIsInWhiteList false
04-09 16:02:08.420 D/OplusViewDebugManager(18140): OplusViewDebugManager Constructor android.view.debug.OplusViewDebugManager@641bd33 [mHasViewDebugProperty true] [mHasMsgDebugProperty false] [DEBUG false] [EXTRAINFOENABLE false] [LIGHT_OS false]
04-09 16:02:08.421 I/SurfaceControl( 8338):  setExtendedRangeBrightness sc=Surface(name=OplusFrontCameraPinholeView)/@0x7ea2d32,currentBufferRatio=1.0,desiredRatio=1.0
04-09 16:02:08.421 D/SurfaceView( 8338): 142238013 dispatchDraw mDrawFinished true isAboveParent true (mPrivateFlags & PFLAG_SKIP_DRAW) 128
04-09 16:02:08.422 D/BLASTBufferQueue( 8338): [VRI[OplusFrontCameraPinholeView]#17076](f:0,a:1) acquireNextBufferLocked size=88x88 mFrameNumber=1 applyTransaction=true mTimestamp=727825350096416(auto) mPendingTransactions.size=0 graphicBufferId=35811437723184 transform=0
04-09 16:02:08.422 D/VRI[OplusFrontCameraPinholeView]( 8338): Received frameCommittedCallback lastAttemptedDrawFrameNum=1 didProduceBuffer=true syncBuffer=false
04-09 16:02:08.422 D/VRI[OplusFrontCameraPinholeView]( 8338): draw finished. seqId=0
04-09 16:02:08.422 I/WindowManager( 3590): Window{44ec2d1 u0 OplusFrontCameraPinholeView} state from DRAW_PENDING to COMMIT_DRAW_PENDING; reason: finishDrawingLocked
04-09 16:02:08.422 D/CompatChangeReporter(18140): Compat change id reported: 202956589; UID 10173; state: ENABLED
04-09 16:02:08.423 D/InsetsSourceProvider( 3590): updateSourceFrameForServerVisibility mandatorySystemGestures EMPTY_RECT
04-09 16:02:08.423 D/OCAM_CaptureDeferStrategyExecutor( 5836): interpretEvent, cmd: StrategyCommand{mEventCode:event_pause,mScene:RECEIVE_MSG_CAMERA_OPEN_IN_BACKGROUND,mPackageName:null,mAccessFailedTimeout:0,mbIsTriggeredAgain:false,mbNeedToTriggerAgain:false,mTriggerAgainTimeout:0,mbNeedToExecuteTimeout:false,mExecuteTimeout:0,mbNeedToTriggerAfterStop:false,mAdjacentIdentityList:[]mbBurstShot:false}
04-09 16:02:08.423 D/InsetsSourceProvider( 3590): updateSourceFrameForServerVisibility mandatorySystemGestures EMPTY_RECT
04-09 16:02:08.423 I/WindowManager( 3590): Window{44ec2d1 u0 OplusFrontCameraPinholeView} state from COMMIT_DRAW_PENDING to READY_TO_SHOW; reason: commitFinishDrawingLocked
04-09 16:02:08.423 I/WindowManager( 3590): Window{44ec2d1 u0 OplusFrontCameraPinholeView} state from READY_TO_SHOW to HAS_DRAWN; reason: performShowLocked
04-09 16:02:08.422 D/BufferQueueProducer( 8338): [87a613d SurfaceView[OplusFrontCameraPinholeView]#17077(BLAST Consumer)17077](id:2092000042be,api:2,p:8338,c:8338) connect: api=2 producerControlledByApp=true
04-09 16:02:08.424 I/[VFXEffect]( 2399): SurfaceControlViewHost#594 type[1.000000] id[0.000000] action[1.000000] status[1.000000] params[0.000000]
04-09 16:02:08.425 W/libc    (18140): Access denied finding property "ro.odm.prev.product.name"
04-09 16:02:08.426 D/ApplicationLoaders(18140): Returning zygote-cached class loader: /system/framework/org.apache.http.legacy.jar
04-09 16:02:08.426 D/ApplicationLoaders(18140): Returning zygote-cached class loader: /system_ext/framework/androidx.window.extensions.jar
04-09 16:02:08.426 D/ApplicationLoaders(18140): Returning zygote-cached class loader: /system_ext/framework/androidx.window.sidecar.jar
04-09 16:02:08.427 D/BLASTBufferQueue( 8338): [87a613d SurfaceView[OplusFrontCameraPinholeView]#17077](f:0,a:1) acquireNextBufferLocked size=88x88 mFrameNumber=1 applyTransaction=true mTimestamp=727825353067822(auto) mPendingTransactions.size=0 graphicBufferId=35811437723185 transform=0
04-09 16:02:08.431 W/libc    ( 2172): Access denied finding property "persist.camera.draw.SnapshotPos"
04-09 16:02:08.432 I/[VFXEffect]( 2399): SurfaceControlViewHost#594 type[1.000000] id[0.000000] action[1.000000] status[1.000000] params[0.000000]
04-09 16:02:08.433 W/libc    ( 2172): Access denied finding property "cam.algo.af.version"
04-09 16:02:08.435 D/VRI[OplusFrontCameraPinholeView]( 8338): Received frameCommittedCallback lastAttemptedDrawFrameNum=2 didProduceBuffer=false syncBuffer=false
04-09 16:02:08.435 D/VRI[OplusFrontCameraPinholeView]( 8338): draw finished. seqId=0
04-09 16:02:08.436 I/CwbClient( 3590): setCWBDisplayType set mFeatureID = CWB_RGB_VALUE
04-09 16:02:08.436 D/InsetsSourceProvider( 3590): updateSourceFrameForServerVisibility mandatorySystemGestures EMPTY_RECT
04-09 16:02:08.436 D/OplusBrightnessPhoneStateManager( 3590): LuxEvent{event:MAIN_LUX lux:194.35007} -> LuxEvent{event:MAIN_LUX lux:194.35007}
04-09 16:02:08.436 D/InsetsSourceProvider( 3590): updateSourceFrameForServerVisibility mandatorySystemGestures EMPTY_RECT
04-09 16:02:08.436 W/OplusBrightnessAmbientAdapter[LuxQueueProcess]( 3590): screen on past time is too short, not to get trend list! checkTime = 1200
04-09 16:02:08.437 W/libc    ( 2172): Access denied finding property "cam.algo.af.datadump"
04-09 16:02:08.437 W/libc    ( 2172): Access denied finding property "cam.algo.3a.camxlog.enable"
04-09 16:02:08.437 E/EISEngine( 2172): [ERROR][ChiNode] EISEngine.cpp:408 Initialize() call: EISLibGet()
04-09 16:02:08.438 I/sensors-hal( 2113): handle_sns_std_sensor_event:130, oplus_ambient_light_rear: ts=768945042049833, lux = 76, raw_adc=0, data_cnt 28551
04-09 16:02:08.439 I/LibHIS  ( 2172): gDumpLevel=0,LibCreateEngine,114,11:12:37
04-09 16:02:08.439 I/LibHIS  ( 2172): EngineCreate in. version:5,1,46,262,time=Jan 13 2025-11:12:37.
04-09 16:02:08.439 W/libc    ( 2172): Access denied finding property "cam.algo.AF.Parser.loglevel"
04-09 16:02:08.439 E/AF-Parser( 2172): [OCCE][tuninginterfacehandler.cpp:57 LoadTuningBin()] [CameraAlgo Parser Version]BuildInfo: build at 2024-11-07 20:04:05 Thu on by root, CommitID: 913f175b92cfbc4f64421e20923aa4e94ea65051, Version: unknow
04-09 16:02:08.439 E/LibHIS  ( 2172): Invalid stabilization strength min for defer mode: 0.000000(should between 0.100000 and 0.100000
04-09 16:02:08.439 E/LibHIS  ( 2172): Invalid stabilization strength max for defer mode: 0.667000(should between 0.100000 and 0.100000
04-09 16:02:08.439 E/LibHIS  ( 2172): Invalid Exposure Threshold max: 0 and min: 0(max should be larger than min
04-09 16:02:08.440 E/AF-Parser( 2172): [OCCE][BinParser.cpp:28 buildTuningModeTree()] [CameraAlgo Parser Version] OpGenBin git commit id : 913f175b92cfbc4
04-09 16:02:08.440 E/AF-Parser( 2172): [OCCE][BinParser.cpp:29 buildTuningModeTree()] [CameraAlgo Parser Version] bin file git commit id : 
04-09 16:02:08.440 I/[VFXEffect]( 2399): SurfaceControlViewHost#594 type[1.000000] id[0.000000] action[1.000000] status[1.000000] params[0.000000]
04-09 16:02:08.441 E/AF-Parser( 2172): [OCCE][BinParser.cpp:116 createTree()] type: AdjustROIALLTuning
04-09 16:02:08.441 E/AF-Parser( 2172): [OCCE][BinParser.cpp:116 createTree()] type: MoveDecisionTuning
04-09 16:02:08.441 E/AF-Parser( 2172): [OCCE][BinParser.cpp:116 createTree()] type: PDAFTuning
04-09 16:02:08.441 E/AF-Parser( 2172): [OCCE][BinParser.cpp:116 createTree()] type: TOFTuning
04-09 16:02:08.441 E/AF-Parser( 2172): [OCCE][BinParser.cpp:116 createTree()] type: AECMonitorTuning
04-09 16:02:08.441 E/AF-Parser( 2172): [OCCE][BinParser.cpp:116 createTree()] type: ContrastMonitorTuning
04-09 16:02:08.441 E/AF-Parser( 2172): [OCCE][BinParser.cpp:116 createTree()] type: DepthMonitorTuning
04-09 16:02:08.441 E/AF-Parser( 2172): [OCCE][BinParser.cpp:116 createTree()] type: MotionMonitorTuning
04-09 16:02:08.441 E/AF-Parser( 2172): [OCCE][BinParser.cpp:116 createTree()] type: ROIMonitorTuning
04-09 16:02:08.441 E/AF-Parser( 2172): [OCCE][BinParser.cpp:116 createTree()] type: ROIDataManagerTuning
04-09 16:02:08.441 E/AF-Parser( 2172): [OCCE][BinParser.cpp:116 createTree()] type: CAFFSTuning
04-09 16:02:08.441 E/AF-Parser( 2172): [OCCE][BinParser.cpp:116 createTree()] type: CAFHCTuning
04-09 16:02:08.441 E/AF-Parser( 2172): [OCCE][BinParser.cpp:116 createTree()] type: CAFHSFTuning
04-09 16:02:08.441 E/AF-Parser( 2172): [OCCE][BinParser.cpp:116 createTree()] type: SceneDetectTuning
04-09 16:02:08.441 E/AF-Parser( 2172): [OCCE][BinParser.cpp:116 createTree()] type: ChromatixAFExtension
04-09 16:02:08.441 E/AF-Parser( 2172): [OCCE][BinParser.cpp:116 createTree()] type: ChromatixBAF
04-09 16:02:08.441 E/AF-Parser( 2172): [OCCE][BinParser.cpp:116 createTree()] type: AFAlgoTuning
04-09 16:02:08.441 E/AF-Parser( 2172): [OCCE][BinParser.cpp:116 createTree()] type: HWPDAFConfig
04-09 16:02:08.441 E/AF-Parser( 2172): [OCCE][BinParser.cpp:116 createTree()] type: CAFFVConfigTuning
04-09 16:02:08.441 W/libc    ( 2172): Access denied finding property "cam.algo.3AManager.loglevel"
04-09 16:02:08.441 E/3AManager( 2172): [cam1/req-1][occe3AInterfaceAPI.cpp:37 OCCEInit()] [CameraAlgo Version]BuildTime: 2024-07-05_17:57:08, ChangeID: I2852fe87ada3d30881ab5be3753ca787a84f148a, commitID: ee9661137902e314056d2f9f2bd6d9aef73343ae
04-09 16:02:08.441 E/3AManager( 2172): [cam1/req-1][occe3AInterfaceAPI.cpp:40 OCCEInit()] algo.awb.3as debug enbale:0
04-09 16:02:08.441 E/3AManager( 2172): [cam1/req-1][3AAdapter.cpp:98 getAdapter3AInStance()] camID:1 algoType:2, create instance[13]:0xb4000079e59bb5e0
04-09 16:02:08.441 E/3AManager( 2172): [cam1/req-1][occe3AInterfaceAPI.cpp:49 OCCEInit()] camID:1 algoType:2 count:0
04-09 16:02:08.441 I/MVG     ( 2172): lib_motion_detection.cpp:65 lib_engine_create() libVerion:LibMot-1-1-1-0
04-09 16:02:08.441 I/MVG     ( 2172): Copyright (c) 2020, MVG. All rights reserved.
04-09 16:02:08.441 I/MVG     ( 2172): 
04-09 16:02:08.441 I/MVG     ( 2172): 
04-09 16:02:08.441 I/MVG     ( 2172): engine_motion_detection.cpp:864 engine_create() engine_create returned 0
04-09 16:02:08.441 I/LibHIS  ( 2172): DevisEngineCreate returned 0
04-09 16:02:08.442 I/LibHIS  ( 2172): renderEngine will not be creat!
04-09 16:02:08.442 I/LibHIS  ( 2172): DeVIS configured in real-time mode
04-09 16:02:08.442 I/LibHIS  ( 2172): Input frame size: 1440x1080. Output frame size: 1440x1080.
04-09 16:02:08.442 I/LibHIS  ( 2172): EngineCreate returned 0.engine=0xb4000079b91bc800
04-09 16:02:08.444 W/IS_ALGO ( 2172): IS1026: CM: is_valid_init_input_internal(11719): Invalid Selfie init data. selfie.face_detection_enable is true for at least on sensor but is_face_detection_enabled is false. Face detection data will not be used for selfie distortion prevention
04-09 16:02:08.444 W/IS_ALGO ( 2172): IS1026: CM: is_valid_init_input_internal(11897): Input structs for algorithm initialization are sub-optimal (# errors, # warnings # info) : (0, 0, 1)
04-09 16:02:08.444 W/IS_ALGO ( 2172): IS1026: CM: StandaloneDistortionCorrection(263): LDC is disabled to sensor index 0
04-09 16:02:08.445 E/ChiX    ( 2172): [ERROR][ChiNode] camxmotiongmewrapper.cpp:588 InitializeLib() GME_0 ois_filter_mode 32
04-09 16:02:08.445 E/ChiX    ( 2172): [ERROR][ChiNode] camxmotiongmewrapper.cpp:592 InitializeLib() GME_0 OISOffset 0
04-09 16:02:08.445 W/IS_ALGO ( 2172): IS1026: CM: is_valid_init_input_internal(11719): Invalid Selfie init data. selfie.face_detection_enable is true for at least on sensor but is_face_detection_enabled is false. Face detection data will not be used for selfie distortion prevention
04-09 16:02:08.445 W/IS_ALGO ( 2172): IS1026: CM: is_valid_init_input_internal(11897): Input structs for algorithm initialization are sub-optimal (# errors, # warnings # info) : (0, 0, 1)
04-09 16:02:08.445 E/IS_ALGO ( 2172): IS0003: CM: calc_num_needed_buffers(2642): Invalid is_type: 8
04-09 16:02:08.445 I/OplusCpuLimitManager( 3590): OplusCpuHighLoad: request instant cpu load
04-09 16:02:08.445 I/CV      ( 2172): File: vendor/qcom/proprietary/cv-noship/eva/4.0/src/cpu/platform/android/evaSession.cpp Line: 558 Function: evaGetDebugSettings() Msg: EVA Debug Logs Disabled
04-09 16:02:08.445 I/CV      ( 2172): File: vendor/qcom/proprietary/cv-noship/eva/4.0/src/cpu/platform/android/evaSession.cpp Line: 600 Function: evaGetDebugSettings() Msg: EVA CRC calculation disabled
04-09 16:02:08.445 I/CV      ( 2172): File: vendor/qcom/proprietary/cv-noship/eva/4.0/src/cpu/platform/android/evaSession.cpp Line: 611 Function: evaGetDebugSettings() Msg:  EVA Memory Profile Disabled 
04-09 16:02:08.445 E/OsenseCommonUtils( 3590): write /dev/memcg/memory.force_shrink_file failed
04-09 16:02:08.445 E/OsenseCommonUtils( 3590): java.io.IOException: write failed: EBUSY (Device or resource busy)
04-09 16:02:08.445 E/OsenseCommonUtils( 3590): 	at libcore.io.IoBridge.write(IoBridge.java:651)
04-09 16:02:08.445 E/OsenseCommonUtils( 3590): 	at java.io.FileOutputStream.write(FileOutputStream.java:436)
04-09 16:02:08.445 E/OsenseCommonUtils( 3590): 	at sun.nio.cs.StreamEncoder.writeBytes(StreamEncoder.java:233)
04-09 16:02:08.445 E/OsenseCommonUtils( 3590): 	at sun.nio.cs.StreamEncoder.implFlushBuffer(StreamEncoder.java:309)
04-09 16:02:08.445 E/OsenseCommonUtils( 3590): 	at sun.nio.cs.StreamEncoder.implFlush(StreamEncoder.java:313)
04-09 16:02:08.445 E/OsenseCommonUtils( 3590): 	at sun.nio.cs.StreamEncoder.flush(StreamEncoder.java:153)
04-09 16:02:08.445 E/OsenseCommonUtils( 3590): 	at java.io.OutputStreamWriter.flush(OutputStreamWriter.java:248)
04-09 16:02:08.445 E/OsenseCommonUtils( 3590): 	at com.android.server.oplus.osense.utils.OsenseCommonUtils.writeFile(OsenseCommonUtils.java:154)
04-09 16:02:08.445 E/OsenseCommonUtils( 3590): 	at com.android.server.am.OplusOsenseCompressAction.doGlobalShrink(OplusOsenseCompressAction.java:1887)
04-09 16:02:08.445 E/OsenseCommonUtils( 3590): 	at com.android.server.am.OplusOsenseCompressAction.-$$Nest$mdoGlobalShrink(Unknown Source:0)
04-09 16:02:08.445 E/OsenseCommonUtils( 3590): 	at com.android.server.am.OplusOsenseCompressAction$CompressHandler.handleMessage(OplusOsenseCompressAction.java:1335)
04-09 16:02:08.445 E/OsenseCommonUtils( 3590): 	at android.os.Handler.dispatchMessage(Handler.java:115)
04-09 16:02:08.445 E/OsenseCommonUtils( 3590): 	at android.os.Looper.loopOnce(Looper.java:302)
04-09 16:02:08.445 E/OsenseCommonUtils( 3590): 	at android.os.Looper.loop(Looper.java:412)
04-09 16:02:08.445 E/OsenseCommonUtils( 3590): 	at android.os.HandlerThread.run(HandlerThread.java:85)
04-09 16:02:08.445 E/OsenseCommonUtils( 3590): Caused by: android.system.ErrnoException: write failed: EBUSY (Device or resource busy)
04-09 16:02:08.445 E/OsenseCommonUtils( 3590): 	at libcore.io.Linux.writeBytes(Native Method)
04-09 16:02:08.445 E/OsenseCommonUtils( 3590): 	at libcore.io.Linux.write(Linux.java:336)
04-09 16:02:08.445 E/OsenseCommonUtils( 3590): 	at libcore.io.ForwardingOs.write(ForwardingOs.java:948)
04-09 16:02:08.445 E/OsenseCommonUtils( 3590): 	at libcore.io.BlockGuardOs.write(BlockGuardOs.java:448)
04-09 16:02:08.445 E/OsenseCommonUtils( 3590): 	at libcore.io.IoBridge.write(IoBridge.java:646)
04-09 16:02:08.445 E/OsenseCommonUtils( 3590): 	... 14 more
04-09 16:02:08.445 I/OplusCpuLimitManager( 3590): OplusCpuHighLoad: release instant cpu load
04-09 16:02:08.445 E/OCAM_TriggerStateMachine( 5836): STATE_INIT not support event_pause
04-09 16:02:08.446 E/APS_CORE( 5836): [ERROR][ LOGIC ] APSClientAdapter.cpp: 1603  app_cmd_executeDeferJob()  params not found
04-09 16:02:08.446 I/CV      ( 2172): File: vendor/qcom/proprietary/cv-noship/eva/4.0/src/cpu/platform/android/evaSession.cpp Line: 646 Function: evaGetPresilSettings() Msg: EVA Sync default timeout used. Timeout = 2500 ms
04-09 16:02:08.446 V/OCAM_Performance( 5836): onOsenseEventSceneChanged, event: 112
04-09 16:02:08.446 V/OCAM_Performance( 5836): onOsenseEventSceneChanged, [extra] startTime: 1775721728444
04-09 16:02:08.446 V/OCAM_Performance( 5836): onOsenseEventSceneChanged, [extra] currentAvailmem: 2646
04-09 16:02:08.446 D/OCAM_Performance( 5836): onOsenseEventSceneChanged, pressure IO eventStateType: 2, startTime: 1775721728444, currentAvailmem: 2646, killTriggerMem: 2000, ioLevel: 0
04-09 16:02:08.446 V/OCAM_Performance( 5836): onOsenseEventSceneChanged, [extra] killTriggerMem: 2000
04-09 16:02:08.446 V/OCAM_Performance( 5836): onOsenseEventSceneChanged, [extra] ioLevel: 0
04-09 16:02:08.447 D/CommonApp-234-10509(14034): transport layer data is invalid
04-09 16:02:08.447 W/libc    ( 2172): Access denied finding property "persist.camera.OplusFullsweep"
04-09 16:02:08.447 W/libc    ( 2172): Access denied finding property "persist.camera.OplusManual"
04-09 16:02:08.447 W/libc    ( 2172): Access denied finding property "persist.camera.OplusManual.setRoi"
04-09 16:02:08.448 W/libc    ( 2172): Access denied finding property "persist.camera.OplusAiMoon"
04-09 16:02:08.448 D/CommonApp-235-10509(14034): transport layer data is invalid
04-09 16:02:08.448 D/ScorePolicy(14034): handleScoreChanged: []
04-09 16:02:08.448 D/ScorePolicy(14034): handleScoreChanged: []
04-09 16:02:08.448 D/ScorePolicy(14034): handleScoreChanged: []
04-09 16:02:08.448 D/OCAM_DeferJobController( 5836): executeDeferJob in this scene: RECEIVE_MSG_CAMERA_OPEN_IN_BACKGROUND, result: APP_NOT_SUPPORT_ACTION
04-09 16:02:08.449 I/[VFXEffect]( 2399): SurfaceControlViewHost#594 type[1.000000] id[0.000000] action[1.000000] status[1.000000] params[0.000000]
04-09 16:02:08.450 I/CV      ( 2172): File: vendor/qcom/proprietary/cv-noship/eva/4.0/src/cpu/evaDmm.cpp Line: 1212 Function: evaInitDmm() Msg: evaDmmDumpLevel = 0x00000000
04-09 16:02:08.450 I/CV      ( 2172): File: vendor/qcom/proprietary/cv-noship/eva/4.0/src/cpu/evaDmm.cpp Line: 1215 Function: evaInitDmm() Msg: evaSetEvaHang = 0x00000000
04-09 16:02:08.450 I/CV      ( 2172): File: vendor/qcom/proprietary/cv-noship/eva/4.0/src/cpu/evaDmm.cpp Line: 1283 Function: evaInitDmm() Msg: pDmm->pSession->nHangdumpReplayFreq = 0
04-09 16:02:08.450 E/ALGO_AF ( 2172): [cam1/req-1][haf_fullsweep.cpp:37 Restart()] fullsweep restart
04-09 16:02:08.450 E/ALGO_AF ( 2172): [cam1/req-1][CipoAF.cpp:91 camAFInit()] algo.af.3as debug enbale:0
04-09 16:02:08.450 W/libc    ( 2172): Access denied finding property "cam.algo.oplus.af.pref"
04-09 16:02:08.450 E/3AManager( 2172): [cam1/req-1][camAlgoBase.cpp:247 occeDataInterfaceCreat()] first creat g_pOCCEDataInterface[1] intance 0xb400007a0a5f7d80, instance count 1
04-09 16:02:08.450 I/DMABUFHEAPS( 2172): Using DMA-BUF heap named: qcom,system
04-09 16:02:08.451 I/DMABUFHEAPS( 2172): Using DMA-BUF heap named: qcom,system
04-09 16:02:08.451 I/DMABUFHEAPS( 2172): Using DMA-BUF heap named: qcom,system
04-09 16:02:08.451 I/DMABUFHEAPS( 2172): Using DMA-BUF heap named: qcom,system
04-09 16:02:08.451 I/DMABUFHEAPS( 2172): Using DMA-BUF heap named: qcom,system
04-09 16:02:08.451 I/DMABUFHEAPS( 2172): Using DMA-BUF heap named: qcom,system
04-09 16:02:08.451 I/DMABUFHEAPS( 2172): Using DMA-BUF heap named: qcom,system
04-09 16:02:08.451 I/CV      ( 2172): File: vendor/qcom/proprietary/cv-noship/eva/4.0/src/cpu/evaDmm.cpp Line: 1844 Function: evaInitDmm() Msg: DMM Config for session: mode 4, nonWSrcWid 360, nonWSrcHgt 270, nonWFormat 16388, WSrcWid 480, WSrcHgt 360, WFormat 32785, IntMaxWid 360, IntMaxHgt 272, SGMWid 180, SGMHei 136, AlignTyp 0, DisAliCtl 0, StreamId 0
04-09 16:02:08.451 I/CV      ( 2172): File: vendor/qcom/proprietary/cv-noship/eva/4.0/src/cpu/evaSessionStartStop.cpp Line: 1790 Function: evaStartSession() Msg: hSession: 0xb4000079ccff9e00, nSessionID: 0x291294c8
04-09 16:02:08.456 I/GoLog   (25334): from tcp:127.0.0.1:35568 accepted tcp:106.15.179.166:443 [socks -> direct]
04-09 16:02:08.457 I/[VFXEffect]( 2399): SurfaceControlViewHost#594 type[1.000000] id[0.000000] action[1.000000] status[1.000000] params[0.000000]
04-09 16:02:08.460 E/OplusTouchDaemon( 3289): syna_hbp_main: in_suspend -,sem_wait ret:-1
04-09 16:02:08.460 E/OplusTouchDaemon( 3289): syna_touch_node_handle:FP_PREVENT_MODE_NODE set fingerprint_prevent to 0
04-09 16:02:08.460 D/OplusTouchDaemon( 3289): touchBinder:WRITE FINISH
04-09 16:02:08.460 E/OplusTouchDaemon( 3289): syna_hbp_main: STATE_SCREEN_ON, sem_post_ret:0
04-09 16:02:08.460 E/OplusTouchDaemon( 3289): [OplusTouchDaemon][touchMonitorWakeUp][111]: enter
04-09 16:02:08.460 E/OplusTouchDaemon( 3289): [prevent][oplus_reset_helper_points][5918]: screen state has changed. prevention reset points.
04-09 16:02:08.460 D/OplusTouch( 2270): WRITE SUCCESS! by Binder, get data len[2]
04-09 16:02:08.460 D/OplusTouch( 2270): in_deviceId = 0,in_nodeFlag = 1
04-09 16:02:08.460 D/OplusTouch( 2270): path = /proc/touchpanel/double_tap_enable,len = 256
04-09 16:02:08.460 D/OplusTouch( 2270): path = /proc/touchpanel/double_tap_enable,len = 256
04-09 16:02:08.460 D/OplusTouch( 2270): binder transfer START:flag[1]node[1]deviceId[0]str[]info[]dataLength[256]
04-09 16:02:08.460 W/touchDaemon( 3289): Reached BBinder::getInterfaceDescriptor (this=0xb400007a7880d000). Override?
04-09 16:02:08.460 E/OplusTouchDaemon( 3289): syna_touch_node_handle:Id=0, nodeFlag=1, info=, wrFlag=1, cbsize=128, readlen=128
04-09 16:02:08.460 E/OplusTouchDaemon( 3289): syna_touch_node_handle:DOUBLE_TAP_ENABLE_NODE get gesture_enabled 1
04-09 16:02:08.460 D/OplusTouchDaemon( 3289): touchBinder:WRITE/READ FINISH
04-09 16:02:08.460 D/OplusTouch( 2270): READ SUCCESS! by Binder, get data len[1]
04-09 16:02:08.461 I/AiFilm  ( 3289): algorithm version = 2024.08.22.01 
04-09 16:02:08.461 I/synaLib ( 3289): tcm: STATUS: tcmSetMode: set mode(3).
04-09 16:02:08.461 I/synaLib ( 3289): 
04-09 16:02:08.461 I/synaLib ( 3289): tcm: STATUS: tcmServiceIdleModeChange: tcmMode = 3, tcmServicePreState = 0, tcmState = 1, tsmModeNext = 4
04-09 16:02:08.461 I/synaLib IFP( 3289): ifpConfigModule(255)  subModule(1), size (180) 
04-09 16:02:08.461 I/synaLib IFP( 3289): ifpConfigModule(255)  size match (360) 
04-09 16:02:08.461 W/synaLib ( 3289): tsm: WARNING: tsmStartAcquisition: Here skip the EXIT_DEEP_SLEEP, need to check later why sometimes there is no response
04-09 16:02:08.461 I/synaLib ( 3289): palSensor: STATUS: palSensorSendCmd CMD = 36
04-09 16:02:08.461 I/synaLib ( 3289): palSensor: STATUS: palSensorExecuteCmd: CMD:0x24, payload length: 3
04-09 16:02:08.461 I/synaLib ( 3289): 
04-09 16:02:08.461 D/OplusTouch( 2270): path = /proc/touchpanel/reclining_mode,len = 256
04-09 16:02:08.461 D/OplusTouch( 2270): binder transfer START:flag[2]node[171]deviceId[0]str[]info[]dataLength[102400]
04-09 16:02:08.461 W/touchDaemon( 3289): Reached BBinder::getInterfaceDescriptor (this=0xb400007a7880d000). Override?
04-09 16:02:08.461 E/OplusTouchDaemon( 3289): syna_touch_node_handle:Id=0, nodeFlag=171, info=, wrFlag=2, cbsize=2048, readlen=2048
04-09 16:02:08.461 D/OplusTouchDaemon( 3289): touchBinder:NODE FINISH
04-09 16:02:08.461 D/OplusTouch( 2270): SUPPORT SUCCESS by Binder, get data[1] len[1]
04-09 16:02:08.461 D/ColorTouchNodeManagerService( 3590): isTouchNodeSupport, nodeFlag: 171, dId:0, result:1
04-09 16:02:08.461 I/synaLib ( 3289): palSensor: STATUS: palSensorExecuteCmd: CMD:0x24, response length: 0  reponse data buffer size: 4096
04-09 16:02:08.461 I/synaLib ( 3289): 
04-09 16:02:08.461 I/synaLib ( 3289): palSensor: STATUS: palSensorSendCmd CMD = 5
04-09 16:02:08.461 I/synaLib ( 3289): palSensor: STATUS: palSensorExecuteCmd: CMD:0x05, payload length: 1
04-09 16:02:08.461 I/synaLib ( 3289): 
04-09 16:02:08.461 D/ScreenOffGestureService(24476): writeGestureSDFile closeType = 0 , state = 1, preState =1
04-09 16:02:08.461 D/OplusTouch( 2270): WRITE info len = [1] by Binder
04-09 16:02:08.461 D/OplusTouch( 2270): path = /proc/touchpanel/pocket_prevent_mode,len = 256
04-09 16:02:08.461 D/OplusTouch( 2270): binder transfer START:flag[0]node[194]deviceId[0]str[0]info[0]dataLength[102400]
04-09 16:02:08.461 W/touchDaemon( 3289): Reached BBinder::getInterfaceDescriptor (this=0xb400007a7880d000). Override?
04-09 16:02:08.461 E/OplusTouchDaemon( 3289): syna_touch_node_handle:Id=0, nodeFlag=194, info=0, wrFlag=0, cbsize=2048, readlen=2048
04-09 16:02:08.461 I/OplusTouchDaemon( 3289): Enter touch_healthinfo_record
04-09 16:02:08.461 E/OplusTouchDaemon( 3289): 32884 is not over size!!
04-09 16:02:08.462 E/OplusTouchDaemon( 3289): update_value_count_list str=POCKET_PREVENT_MODE_NODE_0, count=62
04-09 16:02:08.462 I/touch-algo( 3289): [id:0] PocketMode, value:0 
04-09 16:02:08.462 E/OplusTouchDaemon( 3289): [OplusTouchDaemon][syna_touch_node_handle][4765]: syna_touch_node_handle: pocket_prevent_mode set 0, ret=0
04-09 16:02:08.462 I/OplusTouchDaemon( 3289): Enter ts_custom_cfg_exit
04-09 16:02:08.462 V/SystemSensorManagerExtImpl(24476): RegisterListener lay_detect  Non-wakeup type:33171082 delay:66667us by com.oplus.gesture.phonegesture.gestureservice.OplusGestureEngineService$2@4ca1d56 from com.oplus.gesture
04-09 16:02:08.462 D/SensorService( 3590): createSensorEventConnection packageName = com.oplus.gesture.phonegesture.gestureservice.OplusGestureEngineService, opPackageName = com.oplus.gesture, mCurrentOperatingMode = 0, requestedMode = 0
04-09 16:02:08.462 I/OplusTouchDaemon( 3289): Exit ts_custom_cfg_exit
04-09 16:02:08.462 D/OplusTouchDaemon( 3289): touchBinder:WRITE FINISH
04-09 16:02:08.462 D/SensorService( 3590): SensorEventConnection type = 3, client = com.oplus.gesture, listener = com.oplus.gesture.phonegesture.gestureservice.OplusGestureEngineService
04-09 16:02:08.462 W/SensorService( 3590): SensorEventConnection sensor handle=1821, package = com.oplus.gesture.phonegesture.gestureservice.OplusGestureEngineService enable
04-09 16:02:08.462 E/SensorService( 3590): Required app com.oplus.gesture.phonegesture.gestureservice.OplusGestureEngineService, uid 10243, pid 24476
04-09 16:02:08.462 I/synaLib ( 3289): palSensor: STATUS: palSensorExecuteCmd: CMD:0x05, response length: 0  reponse data buffer size: 4
04-09 16:02:08.462 I/synaLib ( 3289): 
04-09 16:02:08.462 I/synaLib ( 3289): palSensor: STATUS: palSensorSendCmd CMD = 36
04-09 16:02:08.462 I/synaLib ( 3289): palSensor: STATUS: palSensorExecuteCmd: CMD:0x24, payload length: 3
04-09 16:02:08.462 I/synaLib ( 3289): 
04-09 16:02:08.463 D/SensorService( 3590): Calling batch handle==1821 flags=0rate=66667000 timeout== 0
04-09 16:02:08.463 D/SensorService( 3590): SensorDevice::batch: ident=0xb4000070668d0a00, handle=0x0000071d, flags=0, period_ns=66667000 timeout=0
04-09 16:02:08.463 D/SensorService( 3590): 	>>> actuating h/w BATCH 0x0000071d 66667000 0
04-09 16:02:08.463 D/OplusTouch( 2270): WRITE SUCCESS! by Binder, get data len[2]
04-09 16:02:08.463 I/sensors-hal( 2113): batch:163, qti.sensor.lay_detect/1821, period=66667000, max_latency=0
04-09 16:02:08.463 I/sensors-hal( 2113): batch:185, qti.sensor.lay_detect/1821, period=66667000, max_latency=0 request completed
04-09 16:02:08.463 I/synaLib ( 3289): palSensor: STATUS: palSensorExecuteCmd: CMD:0x24, response length: 0  reponse data buffer size: 4096
04-09 16:02:08.463 I/synaLib ( 3289): 
04-09 16:02:08.463 I/synaLib IFP( 3289): dozetimeout 0
04-09 16:02:08.463 I/synaLib ( 3289): palSensor: STATUS: palSensorSendCmd CMD = 10
04-09 16:02:08.463 I/synaLib ( 3289): tcm: STATUS: Exit DOZE mode
04-09 16:02:08.463 I/synaLib ( 3289): tcm: STATUS: tcmServiceFlushInputNode: free all object of input device
04-09 16:02:08.463 E/OplusTouchDaemon( 3289): [prevent][oplus_prevention_handle][6075]: screen state has changed. reset thr last points.
04-09 16:02:08.463 E/OplusTouchDaemon( 3289): [prevent][large_judge_pos][1145]: large_judge_pos: index(0) Invalid coordinate point(0 0).
04-09 16:02:08.463 E/OplusTouchDaemon( 3289): [prevent][curved_large_handle_V2][3008]: id:0 pos:8 center_down:1 (0 0)(0 0 0 0) 
04-09 16:02:08.463 E/OplusTouchDaemon( 3289): [prevent][large_judge_pos][1145]: large_judge_pos: index(1) Invalid coordinate point(0 0).
04-09 16:02:08.463 E/OplusTouchDaemon( 3289): [prevent][curved_large_handle_V2][3008]: id:1 pos:8 center_down:1 (0 0)(0 0 0 0) 
04-09 16:02:08.463 E/OplusTouchDaemon( 3289): [prevent][large_judge_pos][1145]: large_judge_pos: index(2) Invalid coordinate point(0 0).
04-09 16:02:08.463 E/OplusTouchDaemon( 3289): [prevent][curved_large_handle_V2][3008]: id:2 pos:8 center_down:1 (0 0)(0 0 0 0) 
04-09 16:02:08.463 E/OplusTouchDaemon( 3289): [prevent][large_judge_pos][1145]: large_judge_pos: index(3) Invalid coordinate point(0 0).
04-09 16:02:08.463 E/OplusTouchDaemon( 3289): [prevent][curved_large_handle_V2][3008]: id:3 pos:8 center_down:1 (0 0)(0 0 0 0) 
04-09 16:02:08.463 E/OplusTouchDaemon( 3289): [prevent][large_judge_pos][1145]: large_judge_pos: index(4) Invalid coordinate point(0 0).
04-09 16:02:08.463 E/OplusTouchDaemon( 3289): [prevent][curved_large_handle_V2][3008]: id:4 pos:8 center_down:1 (0 0)(0 0 0 0) 
04-09 16:02:08.463 E/OplusTouchDaemon( 3289): [prevent][large_judge_pos][1145]: large_judge_pos: index(5) Invalid coordinate point(0 0).
04-09 16:02:08.463 E/OplusTouchDaemon( 3289): [prevent][curved_large_handle_V2][3008]: id:5 pos:8 center_down:1 (0 0)(0 0 0 0) 
04-09 16:02:08.463 E/OplusTouchDaemon( 3289): [prevent][large_judge_pos][1145]: large_judge_pos: index(6) Invalid coordinate point(0 0).
04-09 16:02:08.463 E/OplusTouchDaemon( 3289): [prevent][curved_large_handle_V2][3008]: id:6 pos:8 center_down:1 (0 0)(0 0 0 0) 
04-09 16:02:08.463 E/OplusTouchDaemon( 3289): [prevent][large_judge_pos][1145]: large_judge_pos: index(7) Invalid coordinate point(0 0).
04-09 16:02:08.463 E/OplusTouchDaemon( 3289): [prevent][curved_large_handle_V2][3008]: id:7 pos:8 center_down:1 (0 0)(0 0 0 0) 
04-09 16:02:08.463 D/OplusTouch( 2270): WRITE info len = [1] by Binder
04-09 16:02:08.463 E/OplusTouchDaemon( 3289): [prevent][large_judge_pos][1145]: large_judge_pos: index(8) Invalid coordinate point(0 0).
04-09 16:02:08.463 E/OplusTouchDaemon( 3289): [prevent][curved_large_handle_V2][3008]: id:8 pos:8 center_down:1 (0 0)(0 0 0 0) 
04-09 16:02:08.463 E/OplusTouchDaemon( 3289): [prevent][large_judge_pos][1145]: large_judge_pos: index(9) Invalid coordinate point(0 0).
04-09 16:02:08.463 E/OplusTouchDaemon( 3289): [prevent][curved_large_handle_V2][3008]: id:9 pos:8 center_down:1 (0 0)(0 0 0 0) 
04-09 16:02:08.463 E/OplusTouchDaemon( 3289): [touchEvent][ts_report_touch_data][665]: first touch point id 0 [   0    0    0    0    0    0    0](ignore)
04-09 16:02:08.463 E/OplusTouchDaemon( 3289): [touchEvent][ts_report_touch_data][665]: first touch point id 1 [   0    0    0    0    0    0    0](ignore)
04-09 16:02:08.463 E/OplusTouchDaemon( 3289): [touchEvent][ts_report_touch_data][665]: first touch point id 2 [   0    0    0    0    0    0    0](ignore)
04-09 16:02:08.463 E/OplusTouchDaemon( 3289): [touchEvent][ts_report_touch_data][665]: first touch point id 3 [   0    0    0    0    0    0    0](ignore)
04-09 16:02:08.463 E/OplusTouchDaemon( 3289): [touchEvent][ts_report_touch_data][665]: first touch point id 4 [   0    0    0    0    0    0    0](ignore)
04-09 16:02:08.463 E/OplusTouchDaemon( 3289): [touchEvent][ts_report_touch_data][665]: first touch point id 5 [   0    0    0    0    0    0    0](ignore)
04-09 16:02:08.463 E/OplusTouchDaemon( 3289): [touchEvent][ts_report_touch_data][665]: first touch point id 6 [   0    0    0    0    0    0    0](ignore)
04-09 16:02:08.463 E/OplusTouchDaemon( 3289): [touchEvent][ts_report_touch_data][665]: first touch point id 7 [   0    0    0    0    0    0    0](ignore)
04-09 16:02:08.463 E/OplusTouchDaemon( 3289): [touchEvent][ts_report_touch_data][665]: first touch point id 8 [   0    0    0    0    0    0    0](ignore)
04-09 16:02:08.463 E/OplusTouchDaemon( 3289): [touchEvent][ts_report_touch_data][665]: first touch point id 9 [   0    0    0    0    0    0    0](ignore)
04-09 16:02:08.463 E/OplusTouchDaemon( 3289): [prevent][curved_large_handle_V2][3082]: up id(0) status: 8, 1, 0, 1.
04-09 16:02:08.463 E/OplusTouchDaemon( 3289): [prevent][touchup_judged_V2][2790]: touchup_judged_V2: id(0) short click mistouch.
04-09 16:02:08.463 E/OplusTouchDaemon( 3289): [prevent][curved_large_handle_V2][3164]: reject id:0 for accidental touch.
04-09 16:02:08.463 E/OplusTouchDaemon( 3289): [prevent][curved_large_handle_V2][3082]: up id(1) status: 8, 1, 0, 1.
04-09 16:02:08.463 E/OplusTouchDaemon( 3289): [prevent][touchup_judged_V2][2790]: touchup_judged_V2: id(1) short click mistouch.
04-09 16:02:08.463 E/OplusTouchDaemon( 3289): [prevent][curved_large_handle_V2][3164]: reject id:1 for accidental touch.
04-09 16:02:08.463 E/OplusTouchDaemon( 3289): [prevent][curved_large_handle_V2][3082]: up id(2) status: 8, 1, 0, 1.
04-09 16:02:08.463 E/OplusTouchDaemon( 3289): [prevent][touchup_judged_V2][2790]: touchup_judged_V2: id(2) short click mistouch.
04-09 16:02:08.463 E/OplusTouchDaemon( 3289): [prevent][curved_large_handle_V2][3164]: reject id:2 for accidental touch.
04-09 16:02:08.463 E/OplusTouchDaemon( 3289): [prevent][curved_large_handle_V2][3082]: up id(3) status: 8, 1, 0, 1.
04-09 16:02:08.463 E/OplusTouchDaemon( 3289): [prevent][touchup_judged_V2][2790]: touchup_judged_V2: id(3) short click mistouch.
04-09 16:02:08.463 E/OplusTouchDaemon( 3289): [prevent][curved_large_handle_V2][3164]: reject id:3 for accidental touch.
04-09 16:02:08.463 E/OplusTouchDaemon( 3289): [prevent][curved_large_handle_V2][3082]: up id(4) status: 8, 1, 0, 1.
04-09 16:02:08.463 E/OplusTouchDaemon( 3289): [prevent][touchup_judged_V2][2790]: touchup_judged_V2: id(4) short click mistouch.
04-09 16:02:08.463 E/OplusTouchDaemon( 3289): [prevent][curved_large_handle_V2][3164]: reject id:4 for accidental touch.
04-09 16:02:08.463 E/OplusTouchDaemon( 3289): [prevent][curved_large_handle_V2][3082]: up id(5) status: 8, 1, 0, 1.
04-09 16:02:08.463 E/OplusTouchDaemon( 3289): [prevent][touchup_judged_V2][2790]: touchup_judged_V2: id(5) short click mistouch.
04-09 16:02:08.463 E/OplusTouchDaemon( 3289): [prevent][curved_large_handle_V2][3164]: reject id:5 for accidental touch.
04-09 16:02:08.463 E/OplusTouchDaemon( 3289): [prevent][curved_large_handle_V2][3082]: up id(6) status: 8, 1, 0, 1.
04-09 16:02:08.463 E/OplusTouchDaemon( 3289): [prevent][touchup_judged_V2][2790]: touchup_judged_V2: id(6) short click mistouch.
04-09 16:02:08.463 E/OplusTouchDaemon( 3289): [prevent][curved_large_handle_V2][3164]: reject id:6 for accidental touch.
04-09 16:02:08.463 E/OplusTouchDaemon( 3289): [prevent][curved_large_handle_V2][3082]: up id(7) status: 8, 1, 0, 1.
04-09 16:02:08.463 E/OplusTouchDaemon( 3289): [prevent][touchup_judged_V2][2790]: touchup_judged_V2: id(7) short click mistouch.
04-09 16:02:08.463 E/OplusTouchDaemon( 3289): [prevent][curved_large_handle_V2][3164]: reject id:7 for accidental touch.
04-09 16:02:08.463 E/OplusTouchDaemon( 3289): [prevent][curved_large_handle_V2][3082]: up id(8) status: 8, 1, 0, 1.
04-09 16:02:08.463 E/OplusTouchDaemon( 3289): [prevent][touchup_judged_V2][2790]: touchup_judged_V2: id(8) short click mistouch.
04-09 16:02:08.463 E/OplusTouchDaemon( 3289): [prevent][curved_large_handle_V2][3164]: reject id:8 for accidental touch.
04-09 16:02:08.463 E/OplusTouchDaemon( 3289): [prevent][curved_large_handle_V2][3082]: up id(9) status: 8, 1, 0, 1.
04-09 16:02:08.463 E/OplusTouchDaemon( 3289): [prevent][touchup_judged_V2][2790]: touchup_judged_V2: id(9) short click mistouch.
04-09 16:02:08.463 E/OplusTouchDaemon( 3289): [prevent][curved_large_handle_V2][3164]: reject id:9 for accidental touch.
04-09 16:02:08.463 D/OplusTouch( 2270): path = /proc/touchpanel/palm_to_sleep,len = 256
04-09 16:02:08.463 D/OplusTouch( 2270): binder transfer START:flag[0]node[167]deviceId[0]str[1]info[1]dataLength[102400]
04-09 16:02:08.463 E/OplusTouchDaemon( 3289): [OplusTouchDaemon][ts_callback_touch_event][7657]: fingerprint trigger Up
04-09 16:02:08.463 W/touchDaemon( 3289): Reached BBinder::getInterfaceDescriptor (this=0xb400007a7880d000). Override?
04-09 16:02:08.463 E/OplusTouchDaemon( 3289): syna_touch_node_handle:Id=0, nodeFlag=167, info=1, wrFlag=0, cbsize=2048, readlen=2048
04-09 16:02:08.463 E/OplusTouchDaemon( 3289): syna_touch_node_handle:PALM_TO_SLEEP_IN_LOCK_NODE set to 1.
04-09 16:02:08.463 D/OplusTouchDaemon( 3289): touchBinder:WRITE FINISH
04-09 16:02:08.463 D/OplusTouch( 2270): WRITE SUCCESS! by Binder, get data len[2]
04-09 16:02:08.463 D/OplusTouch( 2270): WRITE info len = [1] by Binder
04-09 16:02:08.463 D/SensorService( 3590): Calling activate on 1821
04-09 16:02:08.463 D/SensorService( 3590): SensorDevice::activate: ident=0xb4000070668d0a00, handle=0x0000071d, enabled=1, count=1
04-09 16:02:08.463 D/SensorService( 3590): enable index=0
04-09 16:02:08.463 D/SensorService( 3590): info.numActiveClients() = 1, info.isActive = 0
04-09 16:02:08.463 D/SensorService( 3590): activateHardware = 1
04-09 16:02:08.463 D/SensorService( 3590): 	>>> actuating h/w activate handle=1821 enabled=1
04-09 16:02:08.463 I/sensors-hal( 2113): activate:116, qti.sensor.lay_detect/1821 en=1
04-09 16:02:08.463 I/sensors-hal( 2113): acquire_qsh_interface:131, acquire_qsh_interface with sensor_id 12 , conn_type 2 
04-09 16:02:08.463 D/OplusTouch( 2270): path = /proc/touchpanel/pocket_prevent_mode,len = 256
04-09 16:02:08.463 D/OplusTouch( 2270): binder transfer START:flag[0]node[194]deviceId[0]str[0]info[0]dataLength[102400]
04-09 16:02:08.463 W/touchDaemon( 3289): Reached BBinder::getInterfaceDescriptor (this=0xb400007a7880d000). Override?
04-09 16:02:08.463 E/OplusTouchDaemon( 3289): syna_touch_node_handle:Id=0, nodeFlag=194, info=0, wrFlag=0, cbsize=2048, readlen=2048
04-09 16:02:08.463 I/OplusTouchDaemon( 3289): Enter touch_healthinfo_record
04-09 16:02:08.463 E/OplusTouchDaemon( 3289): 32957 is not over size!!
04-09 16:02:08.463 E/OplusTouchDaemon( 3289): update_value_count_list str=POCKET_PREVENT_MODE_NODE_0, count=63
04-09 16:02:08.463 I/touch-algo( 3289): [id:0] PocketMode, value:0 
04-09 16:02:08.463 E/OplusTouchDaemon( 3289): [OplusTouchDaemon][syna_touch_node_handle][4765]: syna_touch_node_handle: pocket_prevent_mode set 0, ret=0
04-09 16:02:08.463 I/OplusTouchDaemon( 3289): Enter ts_custom_cfg_exit
04-09 16:02:08.463 I/OplusTouchDaemon( 3289): Exit ts_custom_cfg_exit
04-09 16:02:08.463 D/OplusTouchDaemon( 3289): touchBinder:WRITE FINISH
04-09 16:02:08.463 D/OplusTouch( 2270): WRITE SUCCESS! by Binder, get data len[2]
04-09 16:02:08.464 W/libc    ( 2172): Access denied finding property "cam.algo.awb.version"
04-09 16:02:08.465 I/sensors-hal( 2113): qsh_qmi:41, qsh_qmi
04-09 16:02:08.465 I/sensors-hal( 2113): send_sensor_config_request:570, dt=lay_detect: convert sample_period=0 to batch_period=0
04-09 16:02:08.465 I/sensors-hal( 2113): send_sync_sensor_request:443, send sync request
04-09 16:02:08.465 I/sensors-hal( 2113): send_sync_sensor_request:472, wait for notification of response
04-09 16:02:08.465 W/libc    ( 2172): Access denied finding property "cam.algo.3a.camxlog.enable"
04-09 16:02:08.465 W/libc    ( 2172): Access denied finding property "cam.algo.awb.exposure_type"
04-09 16:02:08.465 W/libc    ( 2172): Access denied finding property "cam.algo.awb.datadump"
04-09 16:02:08.465 W/libc    ( 2172): Access denied finding property "cam.algo.3AManager.loglevel"
04-09 16:02:08.465 E/3AManager( 2172): [cam1/req-1][occe3AInterfaceAPI.cpp:37 OCCEInit()] [CameraAlgo Version]BuildTime: 2024-07-05_17:57:08, ChangeID: I2852fe87ada3d30881ab5be3753ca787a84f148a, commitID: ee9661137902e314056d2f9f2bd6d9aef73343ae
04-09 16:02:08.465 E/3AManager( 2172): [cam1/req-1][occe3AInterfaceAPI.cpp:40 OCCEInit()] algo.awb.3as debug enbale:0
04-09 16:02:08.465 E/3AManager( 2172): [cam1/req-1][3AAdapter.cpp:98 getAdapter3AInStance()] camID:1 algoType:1, create instance[7]:0xb4000079e59bbc20
04-09 16:02:08.465 E/3AManager( 2172): [cam1/req-1][occe3AInterfaceAPI.cpp:49 OCCEInit()] camID:1 algoType:1 count:0
04-09 16:02:08.465 I/[VFXEffect]( 2399): SurfaceControlViewHost#594 type[1.000000] id[0.000000] action[1.000000] status[1.000000] params[0.000000]
04-09 16:02:08.465 I/sensors-hal( 2113): qsh_conn_resp_cb:793, resp_value = 0 for lay_detect 
04-09 16:02:08.466 I/sensors-hal( 2113): send_sync_sensor_request:478, takes 0 ms to receive the response with 0
04-09 16:02:08.466 I/sensors-hal( 2113): activate:135, qti.sensor.lay_detect/1821 en=1 completed
04-09 16:02:08.466 E/ALGO_AWB( 2172): [cam1/req-1][AlgoInterface.cpp:43 camAWBInit()] algo.awb.3as debug enbale:0
04-09 16:02:08.467 W/libc    ( 2172): Access denied finding property "awb.wbcore.inst.enable"
04-09 16:02:08.468 W/libc    ( 2172): Access denied finding property "cam.algo.awb.fix.output"
04-09 16:02:08.468 E/ALGO_AWB( 2172): [cam1/req-1][DtMgr.cpp:69 InitAlgoParam()] [CameraAlgo Version]BuildTime: 2024-12-05_09:45:49, ChangeID: I691b49c0438ccb4247a274143832ea9f3145f504, commitID: 78ac1c89dfd8e9bf5e8406365b320c54a86c1546
04-09 16:02:08.469 I/SystemUi--Keyguard( 8338): OplusWallpaperAnimControllerImpl-->setRemoteWindowScale w=1264 h=2780 hS=1.0 vS=1.0 offset=Point(0, 0) scale=1.0812184 matrix=Matrix{[1.0812184, 0.0, -51.330017][0.0, 1.0812184, -112.893555][0.0, 0.0, 1.0]}
04-09 16:02:08.469 E/ALGO_AWB( 2172): [cam1/req-1][AwbCore.cpp:243 Init()] enter, version buildtime=Dec  5 2024 09:45:53
04-09 16:02:08.471 W/libc    ( 2172): Access denied finding property "awb.purecolor.enable"
04-09 16:02:08.472 I/sensors-hal( 2113): qsh_conn_event_cb:720, SCHED_FIFO(10) for qmi_cbk
04-09 16:02:08.472 E/sensors-hal( 2113): handle_sns_client_event:49, oplus_lay_detect: data = 0, cnt = 811, ts=768945076818947
04-09 16:02:08.472 D/OplusWifiSarManager( 3590): wifisarprop msg=11111000001100101:0:1 sar_idx=11111000001000101:0:1
04-09 16:02:08.472 E/ALGO_AWB( 2172): [cam1/req-1][WbCore.cpp:71 Init()] algo inst[coreType:5] is not exist, return!
04-09 16:02:08.472 E/3AManager( 2172): [cam1/req-1][camAlgoBase.cpp:257 occeDataInterfaceCreat()] already creat g_pOCCEDataInterface[1] intance 0xb400007a0a5f7d80, instance count 2
04-09 16:02:08.472 D/OplusGestureEngineService(24476): onSensorChanged qti.sensor.lay_detect:0.000000:0.000000:0.000000
04-09 16:02:08.472 D/OplusTouch( 2270): path = /proc/touchpanel/reclining_mode,len = 256
04-09 16:02:08.472 D/OplusTouch( 2270): binder transfer START:flag[2]node[171]deviceId[0]str[]info[]dataLength[102400]
04-09 16:02:08.472 W/touchDaemon( 3289): Reached BBinder::getInterfaceDescriptor (this=0xb400007a7880d000). Override?
04-09 16:02:08.472 E/OplusTouchDaemon( 3289): syna_touch_node_handle:Id=0, nodeFlag=171, info=, wrFlag=2, cbsize=2048, readlen=2048
04-09 16:02:08.472 D/OplusTouchDaemon( 3289): touchBinder:NODE FINISH
04-09 16:02:08.472 D/OplusTouch( 2270): SUPPORT SUCCESS by Binder, get data[1] len[1]
04-09 16:02:08.472 D/ColorTouchNodeManagerService( 3590): isTouchNodeSupport, nodeFlag: 171, dId:0, result:1
04-09 16:02:08.473 W/libc    ( 2172): Access denied finding property "cam.algo.ae.version"
04-09 16:02:08.473 W/libc    ( 2172): Access denied finding property "cam.algo.ae.datadump"
04-09 16:02:08.473 D/OplusTouch( 2270): path = /proc/touchpanel1/reclining_mode,len = 256
04-09 16:02:08.473 D/OplusTouch( 2270): binder transfer START:flag[2]node[171]deviceId[1]str[]info[]dataLength[102400]
04-09 16:02:08.473 W/libc    ( 2172): Access denied finding property "cam.algo.3a.camxlog.enable"
04-09 16:02:08.473 W/touchDaemon( 3289): Reached BBinder::getInterfaceDescriptor (this=0xb400007a7880d000). Override?
04-09 16:02:08.473 E/OplusTouchDaemon( 3289): syna_touch_node_handle:Id=1, nodeFlag=171, info=, wrFlag=2, cbsize=2048, readlen=2048
04-09 16:02:08.473 E/OplusTouchDaemon( 3289): syna_touch_node_handle: Invalid deviceId
04-09 16:02:08.473 I/OplusTouchDaemon( 3289): Enter touch_healthinfo_record
04-09 16:02:08.473 E/OplusTouchDaemon( 3289): 33030 is not over size!!
04-09 16:02:08.473 E/OplusTouchDaemon( 3289): update_value_count_list str=invalid_device_id_1, count=422
04-09 16:02:08.473 D/OplusTouchDaemon( 3289): touchBinder:NODE FINISH
04-09 16:02:08.473 D/OplusTouch( 2270): SUPPORT SUCCESS by Binder, get data[-1] len[2]
04-09 16:02:08.473 D/OplusTouch( 2270): WRITE info len = [1] by Binder
04-09 16:02:08.473 D/ColorTouchNodeManagerService( 3590): isTouchNodeSupport, nodeFlag: 171, dId:1, result:-1
04-09 16:02:08.473 D/OplusTouch( 2270): path = /proc/touchpanel/reclining_mode,len = 256
04-09 16:02:08.473 D/OplusTouch( 2270): binder transfer START:flag[0]node[171]deviceId[0]str[0]info[0]dataLength[102400]
04-09 16:02:08.473 W/touchDaemon( 3289): Reached BBinder::getInterfaceDescriptor (this=0xb400007a7880d000). Override?
04-09 16:02:08.473 E/OplusTouchDaemon( 3289): syna_touch_node_handle:Id=0, nodeFlag=171, info=0, wrFlag=0, cbsize=2048, readlen=2048
04-09 16:02:08.473 E/OplusTouchDaemon( 3289): [prevent][proc_touch_reclining_write][6258]: proc_touch_reclining_write: touch_reclining_mode = 0
04-09 16:02:08.473 E/OplusTouchDaemon( 3289): syna_touch_node_handle:TP_RECLINING_MODE_NODE set to 0, ret = 0
04-09 16:02:08.473 D/OplusTouchDaemon( 3289): touchBinder:WRITE FINISH
04-09 16:02:08.473 D/OplusTouch( 2270): WRITE SUCCESS! by Binder, get data len[2]
04-09 16:02:08.473 W/libc    ( 2172): Access denied finding property "cam.algo.3AManager.loglevel"
