04-09 16:02:08.720 W/AppInfo ( 8338): AppInfo create Uri is null
04-09 16:02:08.720 D/JsConsole( 8338): util:getCalendarVersionCode() 调用pkg.getInfo()接口失败,Error="package not found"
04-09 16:02:08.720 D/JsConsole( 8338): calendarVersionCode: 16020002
04-09 16:02:08.720 D/JsConsole( 8338): {"supportJumpDetail":true,"supportGuide":true,"supportQueryStatus":true,"supportJumpXiaobu":true,"supportRepeatSchedule":true,"supportStandarRepeatSchedule":true,"supportPlatform":true,"supportJumpSettings":true,"supportNote":true,"supportPermissionDiv":true}
04-09 16:02:08.721 I/[FACE_HAL][UffMessageQueue]( 3304): [enqueueMessage] enqueue msg total count:1 in position:0 what:100 strwhat:monitor_face_sdk_api when:727835649
04-09 16:02:08.721 I/[FACE_HAL][ReeCmdSdk]( 3304): [bioSendCommand] FACE_TA_CMD_FACECORE_IMAGE_DETECT
04-09 16:02:08.721 I/STFACEUNLOCK( 3304): FaceDetectionClass.cpp(86): try orientation is right
04-09 16:02:08.722 I/STFACEUNLOCK( 3304): FaceDetectionClass.cpp(129): image face orientation is 8
04-09 16:02:08.724 I/GoLog   (25334): from tcp:127.0.0.1:35624 accepted tcp:111.63.90.84:5260 [socks -> direct]
04-09 16:02:08.725 E/STFACEUNLOCK( 3304): FaceUnlockInterFace.cpp(371): overExpose 0.571396
04-09 16:02:08.725 E/STFACEUNLOCK( 3304): FaceUnlockInterFace.cpp(558): FaceUnlockInterFace::CheckFaceInfo fail ret:7
04-09 16:02:08.725 W/STFACEUNLOCK( 3304): face_sdk_api.cpp(544): face_detect failed, ret:7, try to enhanced image brightness!
04-09 16:02:08.726 I/STFACEUNLOCK( 3304): FaceDetectionClass.cpp(86): try orientation is right
04-09 16:02:08.727 I/KeyguardTransitionRepository( 8338): FINISHED transition: TransitionStep(from=DOZING, to=LOCKSCREEN, value=1.0, transitionState=FINISHED, ownerName=FromDozingTransitionInteractor(#listenForDozingToAny,isOccluded:false))
04-09 16:02:08.727 I/STFACEUNLOCK( 3304): FaceDetectionClass.cpp(129): image face orientation is 8
04-09 16:02:08.728 I/SystemUi--Aod( 8338): SmoothTransitionController-->notifyKeyguardTransitionRepositoryStatue:KEYGUARD
04-09 16:02:08.728 I/SystemUi--Aod( 8338): SmoothTransitionController-->updateCurrentUiState, same ui state ignore, KEYGUARD:KEYGUARD
04-09 16:02:08.730 I/STFACEUNLOCK( 3304): FaceUnlockInterFace.cpp(520): face roll info: -91.328133
04-09 16:02:08.730 I/STFACEUNLOCK( 3304): FaceUnlockInterFace.cpp(421): block info: 0
04-09 16:02:08.730 I/[FACE_HAL][UffMessageQueue]( 3304): [enqueueMessage] enqueue msg total count:1 in position:0 what:5 strwhat:FACE_BEGIN_IMPROVE_PERF when:727825658
04-09 16:02:08.730 I/[FACE_HAL][UffMessageQueue]( 3304): [dequeueMessage] dequeue head msg what:5 strwhat:FACE_BEGIN_IMPROVE_PERF when:727825658
04-09 16:02:08.730 I/[FACE_HAL][Perf]( 3304): [doImprovePerf] enable:1, pid:3304, tid:3747, time:1000
04-09 16:02:08.730 I/[FACE_HAL][Perf]( 3304): [setAction] face try to acquire osense hal client !!!
04-09 16:02:08.730 I/[UAH_CLIENT_WRAPPER]( 3304): [UahEventAcquireWrapper] eventId:OSENSE_ACTION_UNLOCK_BOOST, scene:none, identity:biometrics.face, timeout:1000
04-09 16:02:08.730 I/[UAH_CLIENT]( 3304): UahEventAcquire, cmdid:41, pkg:none, identity:biometrics.face
04-09 16:02:08.730 I/[FACE_HAL][Perf]( 3304): [updateBindedCpuMapList] [updateBindedCpuMapList] binded_idx.first(cpu_id): 6; binded_idx.second(nums): 1
04-09 16:02:08.730 I/[FACE_HAL][FaceCore]( 3304): [faceGetCloseEyeState] eye_detect_model: 1
04-09 16:02:08.730 I/[FACE_HAL][UffMessageQueue]( 3304): [enqueueMessage] enqueue msg total count:1 in position:0 what:100 strwhat:monitor_face_sdk_api when:727835658
04-09 16:02:08.730 I/[FACE_HAL][ReeCmdSdk]( 3304): [bioSendCommand] FACE_TA_CMD_FACECORE_EYE_DETECT
04-09 16:02:08.730 I/STFACEUNLOCK( 3304): FaceUnlockInterFace.cpp(520): face roll info: -91.328133
04-09 16:02:08.731 I/[FACE_HAL][FaceCa]( 3304): [sendCommand] ca module:2, cmd:2016 ca time:57728731 cmd_len:872 extra_len:61440 buffer_len:62312
04-09 16:02:08.731 I/DMABUFHEAPS( 3304): Using DMA-BUF heap named: qcom,qseecom
04-09 16:02:08.731 E/ALGO_AWB( 2172): [cam1/req7][SkinCore.cpp:2082 StatsCalc()] FaceAWB: person map s_info_buf is NULL
04-09 16:02:08.732 E/ChiX    ( 2172): [ERROR][CORE   ] metadatamanager.cpp:2768 updateOPMeta() no vendor tag video.rectify.flag
04-09 16:02:08.732 E/Calendar_SubscribeAndNotifyProvider(27434): com.android.systemui is not support app.(SubscribeAndNotifyProvider.kt:131)
04-09 16:02:08.733 I/ChiX    ( 2172): [ALWAYS_ON  ][CORE   ] streamclassifier.cpp:922 StartTakeSnapshot() [OP_EXT] TAKE YUV SNAPSHOT E : frame Id 8, buffers 1, CameraId = 1, size: 640x480, stream 0xb4000079d888d928
04-09 16:02:08.734 E/ChiX    ( 2172): [ERROR][ChiNode] opluscamxchinodesstabgme.cpp:5054 GetviewfinderOverrideOfeCropTag() OplusOfflineReprocess0_com.qti.node.gme0_cam1 Request id 4, cameraId 0, sensorIndex 0, pData is null
04-09 16:02:08.734 E/ChiX    ( 2172): [ERROR][ChiNode] opluscamxchinodesstabgme.cpp:5054 GetviewfinderOverrideOfeCropTag() OplusOfflineReprocess0_com.qti.node.gme0_cam1 Request id 4, cameraId 0, sensorIndex 0, pData is null
04-09 16:02:08.734 E/ChiX    ( 2172): [ERROR][ChiNode] opluscamxchinodesstabgme.cpp:5054 GetviewfinderOverrideOfeCropTag() OplusOfflineReprocess0_com.qti.node.gme0_cam1 Request id 4, cameraId 0, sensorIndex 0, pData is null
04-09 16:02:08.733 D/JsConsole( 8338): querySubscribeAndNotifyStatus接口成功,data={}
04-09 16:02:08.734 D/JsConsole( 8338): 订阅列表为： {} object
04-09 16:02:08.734 D/JsConsole( 8338): 列表总数量： 1
04-09 16:02:08.735 E/ChiX    ( 2172): [ERROR][ChiNode] opluscamxchinodehwcfgofedummy.cpp:589 OplusOverrideOFETuningMode() Get feature type tag failed
04-09 16:02:08.735 E/ChiX    ( 2172): [ERROR][ChiNode] opluscamxchinodehwcfgofedummy.cpp:1086 OplusOverrideOFECustomizeTrigger() Get feature type tag failed
04-09 16:02:08.735 E/ChiX    ( 2172): [ERROR][ChiNode] opluscamxchinodehwcfgofedummy.cpp:1258 OplusOverrideOFECustomizeTrigger() Get camera livephoto enable tag failed
04-09 16:02:08.735 E/ChiX    ( 2172): [ERROR][ChiNode] opluscamxchinodehwcfgofedummy.cpp:1354 OplusOverrideOFECustomizeTrigger() Get bracketMode tag failed
04-09 16:02:08.735 D/JsConsole( 8338): 根据订阅状态过滤后的数据 [{"id":"6","title":"妈妈","description":"","startDate":"1742515200000","timezone":"Asia/Shanghai","allDay":"1","rrule":"FREQ=LUNAR_YEARLY;INTERVAL=1;WKST=SU","organizer":"oplus_new_birthday_default_calendar","displayColor":"#39AFBD","eventLocation":"","eventDuration":86400000,"extendProperties":7,"startTime":1775664000000,"endTime":1775750400000,"accountName":"oplus_new_birthday_default_calendar","accountType":"com.heytap","sourcePkg":"com.android.calendar"}]
04-09 16:02:08.735 D/JsConsole( 8338): 已执行轮播
04-09 16:02:08.735 D/JsConsole( 8338): 轮播索引更新: 1, 时间: 04:02:08 PM
04-09 16:02:08.735 D/JsConsole( 8338): allDayEvents [{"id":6,"title":"妈妈","description":"","startDate":"1742515200000","timezone":"Asia/Shanghai","allDay":1,"rrule":"FREQ=LUNAR_YEARLY;INTERVAL=1;WKST=SU","organizer":"oplus_new_birthday_default_calendar","displayColor":"#39AFBD","eventLocation":"","eventDuration":86400000,"extendProperties":7,"startTime":1775664000000,"endTime":1775750400000,"accountName":"oplus_new_birthday_default_calendar","accountType":"com.heytap","sourcePkg":"com.android.calendar"}]
04-09 16:02:08.735 D/JsConsole( 8338): 当前rotationIndex值为多少 0
04-09 16:02:08.735 D/JsConsole( 8338): 排序后的数据1： [{"id":6,"title":"妈妈","description":"","startDate":"1742515200000","timezone":"Asia/Shanghai","allDay":1,"rrule":"FREQ=LUNAR_YEARLY;INTERVAL=1;WKST=SU","organizer":"oplus_new_birthday_default_calendar","displayColor":"#39AFBD","eventLocation":"","eventDuration":86400000,"extendProperties":7,"startTime":1775664000000,"endTime":1775750400000,"accountName":"oplus_new_birthday_default_calendar","accountType":"com.heytap","sourcePkg":"com.android.calendar"}]
04-09 16:02:08.735 D/JsConsole( 8338): 时间戳比较是否为全天日程 1775664000000 1775664000000 1775750399999 1775750400000
04-09 16:02:08.735 I/[FACE_HAL][FaceCa]( 3304): [afterSendCommandSuccess] ca time:57728731 cmd_len:872 extra_len:61440
04-09 16:02:08.735 E/SmcInvoke_MinkDescriptor( 3304): mem obj with id :39 not found in list
04-09 16:02:08.736 I/[FACE_HAL][UffMessageQueue]( 3304): [enqueueMessage] enqueue msg total count:1 in position:0 what:100 strwhat:monitor_face_sdk_api when:727835663
04-09 16:02:08.736 I/[FACE_HAL][ReeCmdSdk]( 3304): [bioSendCommand] FACE_TA_CMD_FACECORE_QTY_DETECT
04-09 16:02:08.736 I/[FACE_HAL][FaceCa]( 3304): [sendCommand] ca module:2, cmd:2015 ca time:57728736 cmd_len:872 extra_len:61440 buffer_len:62312
04-09 16:02:08.736 I/DMABUFHEAPS( 3304): Using DMA-BUF heap named: qcom,qseecom
04-09 16:02:08.736 D/JsConsole( 8338): timeString 生日 | 1 岁
04-09 16:02:08.736 I/GoLog   (25334): from tcp:127.0.0.1:35620 accepted tcp:3.115.76.228:443 [socks >> proxy]
04-09 16:02:08.736 D/JsConsole( 8338): 时间展示： "生日 | 1 岁" 标题： 妈妈
04-09 16:02:08.736 D/JsConsole( 8338): displayColor: #39AFBD true
04-09 16:02:08.737 D/JsConsole( 8338): numberLocalTrans ----> zh 生日 | 1 岁
04-09 16:02:08.739 I/[FACE_HAL][FaceCa]( 3304): [afterSendCommandSuccess] ca time:57728736 cmd_len:872 extra_len:61440
04-09 16:02:08.739 E/SmcInvoke_MinkDescriptor( 3304): Invalid handle 39
04-09 16:02:08.739 I/[FACE_HAL][UffMessageQueue]( 3304): [enqueueMessage] enqueue msg total count:1 in position:0 what:100 strwhat:monitor_face_sdk_api when:727835667
04-09 16:02:08.739 I/[FACE_HAL][ReeCmdSdk]( 3304): [bioSendCommand] FACE_TA_CMD_FACECORE_LIVENESS_DETECT
04-09 16:02:08.739 I/STFACEUNLOCK( 3304): FaceUnlockInterFace.cpp(520): face roll info: -91.328133
04-09 16:02:08.743 I/OmapiTransport( 1347): Session Timer expired !!
04-09 16:02:08.744 I/android.hardware.secure_element-service.qti( 2250): closeChannel channel number: 1
04-09 16:02:08.744 D/GPQeSE-HAL( 2250): getAtrVendorID vendorId is : 33
04-09 16:02:08.744 I/DMABUFHEAPS( 2250): Using DMA-BUF heap named: qcom,qseecom-ta
04-09 16:02:08.744 E/FileStrategy(27434): java.io.IOException: Read-only file system
04-09 16:02:08.744 I/NLogWriter(27434): loganProtocolStatus: clogan_open,-2010
04-09 16:02:08.746 E/FileStrategy(27434): java.io.IOException: Read-only file system
04-09 16:02:08.747 E/ChiX    ( 2172): [ERROR][CORE   ] metadatamanager.cpp:2768 updateOPMeta() no vendor tag video.rectify.flag
04-09 16:02:08.747 I/ChiX    ( 2172): [ALWAYS_ON  ][CORE   ] metadatamanager.cpp:2963 SetFaceROIInfoAPS() set Face ROI Info with request 3, face num 1
04-09 16:02:08.748 E/STFACEUNLOCK( 3304): FaceHackness2D.cpp(253): FaceHackness2D::HacknessDetectMultiStepGetScore hack score:0.988690
04-09 16:02:08.748 I/[FACE_HAL][FaceCa]( 3304): [sendCommand] ca module:2, cmd:2017 ca time:57728748 cmd_len:872 extra_len:61440 buffer_len:62312
04-09 16:02:08.748 I/DMABUFHEAPS( 3304): Using DMA-BUF heap named: qcom,qseecom
04-09 16:02:08.750 E/ACameraDeviceVendor( 3304): onCaptureStarted: request = 0xb4000079c3d3d4d0
04-09 16:02:08.752 I/ChiX    ( 2172): [ALWAYS_ON  ][CORE   ] streamclassifier.cpp:1030 ResultCallback() YUV SNAPSHOT CALLBACK 3, stream 0xb4000079d888d928, status 0
04-09 16:02:08.752 I/[FACE_HAL][FaceCameraManager]( 3304): [sendMessageAsync] send message start, message->type = 2008
04-09 16:02:08.752 I/[FACE_HAL][UffMessageQueue]( 3304): [enqueueMessage] enqueue msg total count:1 in position:0 what:2008 strwhat:FACE_CAMERA_PROCESS_IMAGE when:727825680
04-09 16:02:08.753 I/ComposerExtn( 2399): SmoMoImpl::NotifyCameraSmoothInfo: Notify Camera Info: enable=1, fps=30, disp_id: 0
04-09 16:02:08.753 I/[FACE_HAL][UffMessageQueue]( 3304): [dequeueMessage] dequeue head msg what:2008 strwhat:FACE_CAMERA_PROCESS_IMAGE when:727825680
04-09 16:02:08.753 I/[FACE_HAL][UffMessageQueue]( 3304): [enqueueMessage] enqueue msg total count:2 in position:1 what:101 strwhat:monitor_doProcessImage when:727835681
04-09 16:02:08.753 I/[FACE_HAL][UffMessageQueue]( 3304): [enqueueMessage] enqueue msg total count:3 in position:0 what:102 strwhat:monitor_doProcessImage when:727829681
04-09 16:02:08.753 E/SmcInvoke_MinkDescriptor( 2250): mem obj with id :15 not found in list
04-09 16:02:08.754 I/[FACE_HAL][FaceCameraManager]( 3304): [wakeImagePolling] mImageWakeReason: 1
04-09 16:02:08.756 I/[FACE_HAL][FaceCa]( 3304): [afterSendCommandSuccess] ca time:57728748 cmd_len:872 extra_len:61440
04-09 16:02:08.756 E/SmcInvoke_MinkDescriptor( 3304): Invalid handle 39
04-09 16:02:08.756 E/[FACE_HAL][QseeCa_dmabuf]( 3304): [sendCommand] send_cmd failed ,ta->status :2
04-09 16:02:08.756 E/[FACE_HAL][QseeCa_dmabuf]( 3304): [sendCommand] exit and find err[2]
04-09 16:02:08.756 E/[FACE_HAL][FaceCa]( 3304): [sendCommand] exit and find err[2]
04-09 16:02:08.756 E/[FACE_HAL][ReeCmdSdk]( 3304): [faceReeLivenessDetect] :263: result:2
04-09 16:02:08.756 E/[FACE_HAL][FaceCore]( 3304): [faceLivenessDetect] failed to detect liveness, errno = 2
04-09 16:02:08.756 E/[FACE_HAL][FaceCore]( 3304): [faceLivenessDetect] exit. errno=2
04-09 16:02:08.756 E/[FACE_HAL][FaceCore]( 3304): [faceAuthImage] :2364: result:2
04-09 16:02:08.756 I/[FACE_HAL][UffMessageQueue]( 3304): [enqueueMessage] enqueue msg total count:1 in position:0 what:6 strwhat:FACE_STOP_IMPROVE_PERF when:727825684
04-09 16:02:08.756 I/[FACE_HAL][FaceCore]( 3304): [faceGetAuthFilterType] auth status HACKER
04-09 16:02:08.756 I/[FACE_HAL][FaceCore]( 3304): [faceAuthProc] image_brightness = 243
04-09 16:02:08.756 I/[FACE_HAL][FaceSession]( 3304): [onAuthenticationFrame] onAuthenticationFrame 
04-09 16:02:08.756 I/[FACE_HAL][UffMessageQueue]( 3304): [dequeueMessage] dequeue head msg what:6 strwhat:FACE_STOP_IMPROVE_PERF when:727825684
04-09 16:02:08.756 I/[FACE_HAL][Perf]( 3304): [doImprovePerf] enable:0, pid:3304, tid:3747, time:0
04-09 16:02:08.756 I/[UAH_CLIENT_WRAPPER]( 3304): [UahReleaseWapper] 506460
04-09 16:02:08.756 I/[UAH_CLIENT]( 3304): UahRelease, handle:506460
04-09 16:02:08.756 I/[FACE_HAL][Perf]( 3304): [stopAction] stopAction, stop osense 
04-09 16:02:08.756 I/[FACE_HAL][FaceSession]( 3304): [onAuthenticationFrame] onAuthenticationFrame 
04-09 16:02:08.756 I/[FACE_HAL][DUMP]( 3304): [saveImage] saveImage clientMode:0, acquiredResult:104, imageCount:2
04-09 16:02:08.756 I/[FACE_HAL][DUMP]( 3304): [getDumpSupport] unsupport dump version, DumpSupport=0 AndroidVersionType=2 FaceTestMode=0
04-09 16:02:08.756 I/[FACE_HAL][DUMP]( 3304): [saveImage] Dump is Disable
04-09 16:02:08.756 D/android.hardware.secure_element-service.qti( 2250): TimedRetryForwarder_release:79 delete me:12970367464662908032
04-09 16:02:08.756 V/BiometricLogger( 3590): Acquired! Modality: 4, User: 0, IsCrypto: false, Action: 2, Client: 1, AcquiredInfo: 1, VendorCode: 1002
04-09 16:02:08.756 I/Osense-PsiDetector( 3590): 2622,155,1251,6655,82,788,675,2696,2679,1206,1304,0,12,10467
04-09 16:02:08.756 V/Biometrics/AcquisitionClient( 3590): Acquired: 1 1002, shouldSend: false
04-09 16:02:08.756 E/NxpTml  ( 2254): Read [hdr]EOF
04-09 16:02:08.756 E/NxpTml  ( 2254): NFCC - Error in I2C Read.....
04-09 16:02:08.756 I/Osense-BaseDecisionMaker( 3590): notifySceneToAthenaPolicy: SCENE_RES_MEM_PSI_NORMAL, bundle: Bundle[{memLevel=3}]
04-09 16:02:08.756 D/BiometricStatusRepositoryImpl( 8338): authenticationState updated: Acquired(biometricSourceType=FACE, requestReason=DeviceEntryAuthentication, acquiredInfo=1)
04-09 16:02:08.756 D/AidlResponseHandler( 3590): skip authentication frame return
04-09 16:02:08.756 D/BiometricStatusRepositoryImpl( 8338): authenticationState updated: Help(biometricSourceType=FACE, helpString=无法捕获准确的人脸数据，请重试。, helpCode=1, requestReason=DeviceEntryAuthentication)
04-09 16:02:08.756 I/OmapiTransport( 1347): (closeChannel) Channel closed
04-09 16:02:08.761 I/SystemUi--Keyguard( 8338): DeviceEntryFaceAuthRepository-->FaceManager, onAuthenticationAcquired acquireInfo = 1
04-09 16:02:08.761 I/SystemUi--Keyguard( 8338): DeviceEntryFaceAuthRepository-->FaceManager, onAuthenticationHelp code = 1 helpStr = 无法捕获准确的人脸数据，请重试。
04-09 16:02:08.762 I/KeyguardUpdateMonitor( 8338): handleFaceHelp msgId: 1, helpString: 无法捕获准确的人脸数据，请重试。
04-09 16:02:08.762 D/LockPatternUtils( 8338): isBiometricAllowedForUser allowed:true isStrongBiometric:true userId:0
04-09 16:02:08.762 D/LockPatternUtils( 8338): isBiometricAllowedForUser allowed:true isStrongBiometric:true userId:0
04-09 16:02:08.764 E/ALGO_AWB( 2172): [cam1/req8][SkinCore.cpp:2082 StatsCalc()] FaceAWB: person map s_info_buf is NULL
04-09 16:02:08.765 E/ChiX    ( 2172): [ERROR][CORE   ] metadatamanager.cpp:2768 updateOPMeta() no vendor tag video.rectify.flag
04-09 16:02:08.765 E/lowmemorykiller( 1248): device memory 671489 free 39722 file 642889
04-09 16:02:08.766 I/ChiX    ( 2172): [ALWAYS_ON  ][CORE   ] streamclassifier.cpp:922 StartTakeSnapshot() [OP_EXT] TAKE YUV SNAPSHOT E : frame Id 9, buffers 1, CameraId = 1, size: 640x480, stream 0xb4000079d888d928
04-09 16:02:08.766 E/ChiX    ( 2172): [ERROR][ChiNode] opluscamxchinodesstabgme.cpp:5054 GetviewfinderOverrideOfeCropTag() OplusOfflineReprocess0_com.qti.node.gme0_cam1 Request id 5, cameraId 0, sensorIndex 0, pData is null
04-09 16:02:08.766 E/ChiX    ( 2172): [ERROR][ChiNode] opluscamxchinodesstabgme.cpp:5054 GetviewfinderOverrideOfeCropTag() OplusOfflineReprocess0_com.qti.node.gme0_cam1 Request id 5, cameraId 0, sensorIndex 0, pData is null
04-09 16:02:08.766 E/ChiX    ( 2172): [ERROR][ChiNode] opluscamxchinodesstabgme.cpp:5054 GetviewfinderOverrideOfeCropTag() OplusOfflineReprocess0_com.qti.node.gme0_cam1 Request id 5, cameraId 0, sensorIndex 0, pData is null
04-09 16:02:08.767 E/ChiX    ( 2172): [ERROR][ChiNode] opluscamxchinodehwcfgofedummy.cpp:589 OplusOverrideOFETuningMode() Get feature type tag failed
04-09 16:02:08.767 E/ChiX    ( 2172): [ERROR][ChiNode] opluscamxchinodehwcfgofedummy.cpp:1086 OplusOverrideOFECustomizeTrigger() Get feature type tag failed
04-09 16:02:08.767 E/ChiX    ( 2172): [ERROR][ChiNode] opluscamxchinodehwcfgofedummy.cpp:1258 OplusOverrideOFECustomizeTrigger() Get camera livephoto enable tag failed
04-09 16:02:08.767 E/ChiX    ( 2172): [ERROR][ChiNode] opluscamxchinodehwcfgofedummy.cpp:1354 OplusOverrideOFECustomizeTrigger() Get bracketMode tag failed
04-09 16:02:08.768 I/SystemUi--Keyguard( 8338): OplusWallpaperAnimControllerImpl-->setRemoteWindowScale w=1264 h=2780 hS=1.0 vS=1.0 offset=Point(0, 0) scale=1.0991995 matrix=Matrix{[1.0991995, 0.0, -62.69409][0.0, 1.0991995, -137.88733][0.0, 0.0, 1.0]}
04-09 16:02:08.772 E/CwbService( 2181): Panel not support apl read or getDisplayPanelAplValue timeout 10ms.
04-09 16:02:08.772 D/SensorFeature( 2258): name=ssc_screenshot_info ,index = 22
04-09 16:02:08.772 D/SensorFeature( 2258): write 39 bytes:768945358342638,768945366675971,29622,0
04-09 16:02:08.774 I/sensors-hal( 2113): handle_sns_client_event:260, accel_sample(cal_available:0): ts=768945228974520 ns; value = [-0.294307, 8.201991, 5.320278], status=3
04-09 16:02:08.778 E/ChiX    ( 2172): [ERROR][CORE   ] metadatamanager.cpp:2768 updateOPMeta() no vendor tag video.rectify.flag
04-09 16:02:08.778 I/ChiX    ( 2172): [ALWAYS_ON  ][CORE   ] metadatamanager.cpp:2963 SetFaceROIInfoAPS() set Face ROI Info with request 4, face num 1
04-09 16:02:08.783 I/ChiX    ( 2172): [ALWAYS_ON  ][CORE   ] streamclassifier.cpp:1030 ResultCallback() YUV SNAPSHOT CALLBACK 4, stream 0xb4000079d888d928, status 0
04-09 16:02:08.783 I/[FACE_HAL][FaceCameraManager]( 3304): [sendMessageAsync] send message start, message->type = 2008
04-09 16:02:08.783 I/[FACE_HAL][UffMessageQueue]( 3304): [enqueueMessage] enqueue msg total count:1 in position:0 what:2008 strwhat:FACE_CAMERA_PROCESS_IMAGE when:727825711
04-09 16:02:08.784 I/[FACE_HAL][UffMessageQueue]( 3304): [dequeueMessage] dequeue head msg what:2008 strwhat:FACE_CAMERA_PROCESS_IMAGE when:727825711
04-09 16:02:08.784 I/[FACE_HAL][UffMessageQueue]( 3304): [enqueueMessage] enqueue msg total count:1 in position:0 what:101 strwhat:monitor_doProcessImage when:727835711
04-09 16:02:08.784 I/[FACE_HAL][UffMessageQueue]( 3304): [enqueueMessage] enqueue msg total count:2 in position:0 what:102 strwhat:monitor_doProcessImage when:727829711
04-09 16:02:08.784 E/ACameraDeviceVendor( 3304): onCaptureStarted: request = 0xb4000079c3d3d4d0
04-09 16:02:08.785 I/[FACE_HAL][FaceCameraManager]( 3304): [wakeImagePolling] mImageWakeReason: 1
04-09 16:02:08.785 I/[FACE_HAL][FaceCameraManager]( 3304): [pollWaitImageTimedMs] wait_image_timed take time 13 ms
04-09 16:02:08.785 I/[FACE_HAL][UffMessageQueue]( 3304): [enqueueMessage] enqueue msg total count:1 in position:0 what:100 strwhat:monitor_face_sdk_api when:727835713
04-09 16:02:08.785 I/[FACE_HAL][ReeCmdSdk]( 3304): [bioSendCommand] FACE_TA_CMD_FACECORE_IMAGE_PREPROCESS
04-09 16:02:08.786 I/[FACE_HAL][UffMessageQueue]( 3304): [enqueueMessage] enqueue msg total count:1 in position:0 what:100 strwhat:monitor_face_sdk_api when:727835714
04-09 16:02:08.786 I/[FACE_HAL][ReeCmdSdk]( 3304): [bioSendCommand] FACE_TA_CMD_FACECORE_IMAGE_DETECT
04-09 16:02:08.786 I/STFACEUNLOCK( 3304): FaceDetectionClass.cpp(86): try orientation is right
04-09 16:02:08.788 I/STFACEUNLOCK( 3304): FaceDetectionClass.cpp(129): image face orientation is 8
04-09 16:02:08.791 E/STFACEUNLOCK( 3304): FaceUnlockInterFace.cpp(371): overExpose 0.574148
04-09 16:02:08.791 E/STFACEUNLOCK( 3304): FaceUnlockInterFace.cpp(558): FaceUnlockInterFace::CheckFaceInfo fail ret:7
04-09 16:02:08.791 W/STFACEUNLOCK( 3304): face_sdk_api.cpp(544): face_detect failed, ret:7, try to enhanced image brightness!
04-09 16:02:08.791 I/STFACEUNLOCK( 3304): FaceDetectionClass.cpp(86): try orientation is right
04-09 16:02:08.791 W/ClockTag_ClockWidget.WidgetLauncherStateReceiver(15448): finish launcher visible broadcast by timeout 5000 ms
04-09 16:02:08.792 I/STFACEUNLOCK( 3304): FaceDetectionClass.cpp(129): image face orientation is 8
04-09 16:02:08.795 I/STFACEUNLOCK( 3304): FaceUnlockInterFace.cpp(520): face roll info: -90.874123
04-09 16:02:08.795 I/STFACEUNLOCK( 3304): FaceUnlockInterFace.cpp(421): block info: 0
04-09 16:02:08.795 I/[FACE_HAL][UffMessageQueue]( 3304): [enqueueMessage] enqueue msg total count:1 in position:0 what:5 strwhat:FACE_BEGIN_IMPROVE_PERF when:727825723
04-09 16:02:08.795 I/[FACE_HAL][UffMessageQueue]( 3304): [dequeueMessage] dequeue head msg what:5 strwhat:FACE_BEGIN_IMPROVE_PERF when:727825723
04-09 16:02:08.795 I/[FACE_HAL][Perf]( 3304): [doImprovePerf] enable:1, pid:3304, tid:3747, time:1000
04-09 16:02:08.795 I/[FACE_HAL][Perf]( 3304): [setAction] face try to acquire osense hal client !!!
04-09 16:02:08.795 I/[UAH_CLIENT_WRAPPER]( 3304): [UahEventAcquireWrapper] eventId:OSENSE_ACTION_UNLOCK_BOOST, scene:none, identity:biometrics.face, timeout:1000
04-09 16:02:08.795 I/[UAH_CLIENT]( 3304): UahEventAcquire, cmdid:41, pkg:none, identity:biometrics.face
04-09 16:02:08.795 I/[FACE_HAL][Perf]( 3304): [updateBindedCpuMapList] [updateBindedCpuMapList] binded_idx.first(cpu_id): 7; binded_idx.second(nums): 1
04-09 16:02:08.795 I/[FACE_HAL][FaceCore]( 3304): [faceGetCloseEyeState] eye_detect_model: 1
04-09 16:02:08.795 I/[FACE_HAL][UffMessageQueue]( 3304): [enqueueMessage] enqueue msg total count:1 in position:0 what:100 strwhat:monitor_face_sdk_api when:727835723
04-09 16:02:08.795 I/[FACE_HAL][ReeCmdSdk]( 3304): [bioSendCommand] FACE_TA_CMD_FACECORE_EYE_DETECT
04-09 16:02:08.795 I/STFACEUNLOCK( 3304): FaceUnlockInterFace.cpp(520): face roll info: -90.874123
04-09 16:02:08.796 I/[FACE_HAL][FaceCa]( 3304): [sendCommand] ca module:2, cmd:2016 ca time:57728796 cmd_len:872 extra_len:61440 buffer_len:62312
04-09 16:02:08.796 I/DMABUFHEAPS( 3304): Using DMA-BUF heap named: qcom,qseecom
04-09 16:02:08.797 I/[FACE_HAL][FaceCa]( 3304): [afterSendCommandSuccess] ca time:57728796 cmd_len:872 extra_len:61440
04-09 16:02:08.797 E/SmcInvoke_MinkDescriptor( 3304): Invalid handle 39
04-09 16:02:08.797 I/[FACE_HAL][UffMessageQueue]( 3304): [enqueueMessage] enqueue msg total count:1 in position:0 what:100 strwhat:monitor_face_sdk_api when:727835725
04-09 16:02:08.797 I/[FACE_HAL][ReeCmdSdk]( 3304): [bioSendCommand] FACE_TA_CMD_FACECORE_QTY_DETECT
04-09 16:02:08.797 I/[FACE_HAL][FaceCa]( 3304): [sendCommand] ca module:2, cmd:2015 ca time:57728797 cmd_len:872 extra_len:61440 buffer_len:62312
04-09 16:02:08.797 I/DMABUFHEAPS( 3304): Using DMA-BUF heap named: qcom,qseecom
04-09 16:02:08.798 E/ALGO_AWB( 2172): [cam1/req9][SkinCore.cpp:2082 StatsCalc()] FaceAWB: person map s_info_buf is NULL
04-09 16:02:08.799 E/ChiX    ( 2172): [ERROR][CORE   ] metadatamanager.cpp:2768 updateOPMeta() no vendor tag video.rectify.flag
04-09 16:02:08.799 I/[FACE_HAL][FaceCa]( 3304): [afterSendCommandSuccess] ca time:57728797 cmd_len:872 extra_len:61440
04-09 16:02:08.799 I/[FACE_HAL][UffMessageQueue]( 3304): [enqueueMessage] enqueue msg total count:1 in position:0 what:100 strwhat:monitor_face_sdk_api when:727835727
04-09 16:02:08.799 I/[FACE_HAL][ReeCmdSdk]( 3304): [bioSendCommand] FACE_TA_CMD_FACECORE_LIVENESS_DETECT
04-09 16:02:08.799 I/STFACEUNLOCK( 3304): FaceUnlockInterFace.cpp(520): face roll info: -90.874123
04-09 16:02:08.799 E/SmcInvoke_MinkDescriptor( 3304): Invalid handle 39
04-09 16:02:08.800 I/ChiX    ( 2172): [ALWAYS_ON  ][CORE   ] streamclassifier.cpp:922 StartTakeSnapshot() [OP_EXT] TAKE YUV SNAPSHOT E : frame Id 10, buffers 1, CameraId = 1, size: 640x480, stream 0xb4000079d888d928
04-09 16:02:08.801 E/ChiX    ( 2172): [ERROR][ChiNode] opluscamxchinodesstabgme.cpp:5054 GetviewfinderOverrideOfeCropTag() OplusOfflineReprocess0_com.qti.node.gme0_cam1 Request id 6, cameraId 0, sensorIndex 0, pData is null
04-09 16:02:08.801 E/ChiX    ( 2172): [ERROR][ChiNode] opluscamxchinodesstabgme.cpp:5054 GetviewfinderOverrideOfeCropTag() OplusOfflineReprocess0_com.qti.node.gme0_cam1 Request id 6, cameraId 0, sensorIndex 0, pData is null
04-09 16:02:08.801 E/ChiX    ( 2172): [ERROR][ChiNode] opluscamxchinodesstabgme.cpp:5054 GetviewfinderOverrideOfeCropTag() OplusOfflineReprocess0_com.qti.node.gme0_cam1 Request id 6, cameraId 0, sensorIndex 0, pData is null
04-09 16:02:08.801 E/ChiX    ( 2172): [ERROR][ChiNode] opluscamxchinodehwcfgofedummy.cpp:589 OplusOverrideOFETuningMode() Get feature type tag failed
04-09 16:02:08.801 E/ChiX    ( 2172): [ERROR][ChiNode] opluscamxchinodehwcfgofedummy.cpp:1086 OplusOverrideOFECustomizeTrigger() Get feature type tag failed
04-09 16:02:08.801 E/ChiX    ( 2172): [ERROR][ChiNode] opluscamxchinodehwcfgofedummy.cpp:1258 OplusOverrideOFECustomizeTrigger() Get camera livephoto enable tag failed
04-09 16:02:08.801 E/ChiX    ( 2172): [ERROR][ChiNode] opluscamxchinodehwcfgofedummy.cpp:1354 OplusOverrideOFECustomizeTrigger() Get bracketMode tag failed
04-09 16:02:08.809 E/STFACEUNLOCK( 3304): FaceHackness2D.cpp(253): FaceHackness2D::HacknessDetectMultiStepGetScore hack score:0.981260
04-09 16:02:08.809 I/[FACE_HAL][FaceCa]( 3304): [sendCommand] ca module:2, cmd:2017 ca time:57728809 cmd_len:872 extra_len:61440 buffer_len:62312
04-09 16:02:08.809 I/DMABUFHEAPS( 3304): Using DMA-BUF heap named: qcom,qseecom
04-09 16:02:08.810 I/[FACE_HAL][FaceCa]( 3304): [afterSendCommandSuccess] ca time:57728809 cmd_len:872 extra_len:61440
04-09 16:02:08.810 E/SmcInvoke_MinkDescriptor( 3304): Invalid handle 39
04-09 16:02:08.810 E/[FACE_HAL][QseeCa_dmabuf]( 3304): [sendCommand] send_cmd failed ,ta->status :2
04-09 16:02:08.810 E/[FACE_HAL][QseeCa_dmabuf]( 3304): [sendCommand] exit and find err[2]
04-09 16:02:08.810 E/[FACE_HAL][FaceCa]( 3304): [sendCommand] exit and find err[2]
04-09 16:02:08.810 E/[FACE_HAL][ReeCmdSdk]( 3304): [faceReeLivenessDetect] :263: result:2
04-09 16:02:08.810 E/[FACE_HAL][FaceCore]( 3304): [faceLivenessDetect] failed to detect liveness, errno = 2
04-09 16:02:08.810 E/[FACE_HAL][FaceCore]( 3304): [faceLivenessDetect] exit. errno=2
04-09 16:02:08.810 E/[FACE_HAL][FaceCore]( 3304): [faceAuthImage] :2364: result:2
04-09 16:02:08.810 I/[FACE_HAL][UffMessageQueue]( 3304): [enqueueMessage] enqueue msg total count:1 in position:0 what:6 strwhat:FACE_STOP_IMPROVE_PERF when:727825738
04-09 16:02:08.810 I/[FACE_HAL][FaceCore]( 3304): [faceGetAuthFilterType] auth status HACKER
04-09 16:02:08.810 I/[FACE_HAL][FaceCore]( 3304): [faceAuthProc] image_brightness = 243
04-09 16:02:08.810 I/[FACE_HAL][FaceSession]( 3304): [onAuthenticationFrame] onAuthenticationFrame 
04-09 16:02:08.810 I/[FACE_HAL][UffMessageQueue]( 3304): [dequeueMessage] dequeue head msg what:6 strwhat:FACE_STOP_IMPROVE_PERF when:727825738
04-09 16:02:08.810 I/[FACE_HAL][Perf]( 3304): [doImprovePerf] enable:0, pid:3304, tid:3747, time:0
04-09 16:02:08.810 I/[UAH_CLIENT_WRAPPER]( 3304): [UahReleaseWapper] 506461
04-09 16:02:08.810 I/[UAH_CLIENT]( 3304): UahRelease, handle:506461
04-09 16:02:08.811 I/[FACE_HAL][FaceSession]( 3304): [onAuthenticationFrame] onAuthenticationFrame 
04-09 16:02:08.811 I/[FACE_HAL][DUMP]( 3304): [saveImage] saveImage clientMode:0, acquiredResult:104, imageCount:3
04-09 16:02:08.811 I/[FACE_HAL][DUMP]( 3304): [getDumpSupport] unsupport dump version, DumpSupport=0 AndroidVersionType=2 FaceTestMode=0
04-09 16:02:08.811 I/[FACE_HAL][DUMP]( 3304): [saveImage] Dump is Disable
04-09 16:02:08.811 I/[FACE_HAL][Perf]( 3304): [stopAction] stopAction, stop osense 
04-09 16:02:08.811 V/BiometricLogger( 3590): Acquired! Modality: 4, User: 0, IsCrypto: false, Action: 2, Client: 1, AcquiredInfo: 2, VendorCode: 1002
04-09 16:02:08.811 V/Biometrics/AcquisitionClient( 3590): Acquired: 2 1002, shouldSend: false
04-09 16:02:08.811 D/BiometricStatusRepositoryImpl( 8338): authenticationState updated: Acquired(biometricSourceType=FACE, requestReason=DeviceEntryAuthentication, acquiredInfo=2)
04-09 16:02:08.811 D/AidlResponseHandler( 3590): skip authentication frame return
04-09 16:02:08.811 D/BiometricStatusRepositoryImpl( 8338): authenticationState updated: Help(biometricSourceType=FACE, helpString=亮度过高，请尝试使用较柔和的亮度。, helpCode=2, requestReason=DeviceEntryAuthentication)
04-09 16:02:08.811 I/SystemUi--Keyguard( 8338): DeviceEntryFaceAuthRepository-->FaceManager, onAuthenticationAcquired acquireInfo = 2
04-09 16:02:08.811 I/SystemUi--Keyguard( 8338): DeviceEntryFaceAuthRepository-->FaceManager, onAuthenticationHelp code = 2 helpStr = 亮度过高，请尝试使用较柔和的亮度。
04-09 16:02:08.811 I/KeyguardUpdateMonitor( 8338): handleFaceHelp msgId: 1, helpString: 无法捕获准确的人脸数据，请重试。
04-09 16:02:08.811 D/LockPatternUtils( 8338): isBiometricAllowedForUser allowed:true isStrongBiometric:true userId:0
04-09 16:02:08.811 D/LockPatternUtils( 8338): isBiometricAllowedForUser allowed:true isStrongBiometric:true userId:0
04-09 16:02:08.812 E/ChiX    ( 2172): [ERROR][CORE   ] metadatamanager.cpp:2768 updateOPMeta() no vendor tag video.rectify.flag
04-09 16:02:08.812 I/ChiX    ( 2172): [ALWAYS_ON  ][CORE   ] metadatamanager.cpp:2963 SetFaceROIInfoAPS() set Face ROI Info with request 5, face num 1
04-09 16:02:08.813 I/GoLog   (25334): from udp:127.0.0.1:39339 accepted udp:142.251.118.99:443 [socks >> proxy]
04-09 16:02:08.816 D/VRR [OPlusSAManager]( 3590): updateAutoMinfps for 4630946685746860179 with nits: 96.595, mHistOK true, mAmbientOK true, mCctOK true, mIrOK true, mBrightnessOK true, isPkgOK true, SA min fps: 0
04-09 16:02:08.816 I/VRR-[OPlusRefreshRateSelector]( 2399): updateAutoMode success, display 0, mode 0, fakeframe 1, min fps: 120
04-09 16:02:08.816 I/SDM     ( 2181): DisplayBuiltIn::SetQSyncMode: VRR + update qsync mode 0 minfps 00C081F8
04-09 16:02:08.817 E/SDM     ( 2181): DRMConnector::Perform: Connector 68: Setting Qsync min fps 12616184
04-09 16:02:08.817 I/ChiX    ( 2172): [ALWAYS_ON  ][CORE   ] streamclassifier.cpp:1030 ResultCallback() YUV SNAPSHOT CALLBACK 5, stream 0xb4000079d888d928, status 0
04-09 16:02:08.817 E/ACameraDeviceVendor( 3304): onCaptureStarted: request = 0xb4000079c3d3d4d0
04-09 16:02:08.818 I/[FACE_HAL][FaceCameraManager]( 3304): [sendMessageAsync] send message start, message->type = 2008
04-09 16:02:08.818 I/[FACE_HAL][UffMessageQueue]( 3304): [enqueueMessage] enqueue msg total count:1 in position:0 what:2008 strwhat:FACE_CAMERA_PROCESS_IMAGE when:727825745
04-09 16:02:08.818 I/[FACE_HAL][UffMessageQueue]( 3304): [dequeueMessage] dequeue head msg what:2008 strwhat:FACE_CAMERA_PROCESS_IMAGE when:727825745
04-09 16:02:08.818 I/[FACE_HAL][UffMessageQueue]( 3304): [enqueueMessage] enqueue msg total count:1 in position:0 what:101 strwhat:monitor_doProcessImage when:727835746
04-09 16:02:08.818 I/[FACE_HAL][UffMessageQueue]( 3304): [enqueueMessage] enqueue msg total count:2 in position:0 what:102 strwhat:monitor_doProcessImage when:727829746
04-09 16:02:08.819 I/[FACE_HAL][FaceCameraManager]( 3304): [wakeImagePolling] mImageWakeReason: 1
04-09 16:02:08.832 E/ALGO_AWB( 2172): [cam1/req10][SkinCore.cpp:2082 StatsCalc()] FaceAWB: person map s_info_buf is NULL
04-09 16:02:08.833 E/ChiX    ( 2172): [ERROR][CORE   ] metadatamanager.cpp:2768 updateOPMeta() no vendor tag video.rectify.flag
04-09 16:02:08.834 I/ChiX    ( 2172): [ALWAYS_ON  ][CORE   ] streamclassifier.cpp:922 StartTakeSnapshot() [OP_EXT] TAKE YUV SNAPSHOT E : frame Id 11, buffers 1, CameraId = 1, size: 640x480, stream 0xb4000079d888d928
04-09 16:02:08.834 E/ChiX    ( 2172): [ERROR][ChiNode] opluscamxchinodesstabgme.cpp:5054 GetviewfinderOverrideOfeCropTag() OplusOfflineReprocess0_com.qti.node.gme0_cam1 Request id 7, cameraId 0, sensorIndex 0, pData is null
04-09 16:02:08.834 E/ChiX    ( 2172): [ERROR][ChiNode] opluscamxchinodesstabgme.cpp:5054 GetviewfinderOverrideOfeCropTag() OplusOfflineReprocess0_com.qti.node.gme0_cam1 Request id 7, cameraId 0, sensorIndex 0, pData is null
04-09 16:02:08.835 E/ChiX    ( 2172): [ERROR][ChiNode] opluscamxchinodesstabgme.cpp:5054 GetviewfinderOverrideOfeCropTag() OplusOfflineReprocess0_com.qti.node.gme0_cam1 Request id 7, cameraId 0, sensorIndex 0, pData is null
04-09 16:02:08.835 E/ChiX    ( 2172): [ERROR][ChiNode] opluscamxchinodehwcfgofedummy.cpp:589 OplusOverrideOFETuningMode() Get feature type tag failed
04-09 16:02:08.835 E/ChiX    ( 2172): [ERROR][ChiNode] opluscamxchinodehwcfgofedummy.cpp:1086 OplusOverrideOFECustomizeTrigger() Get feature type tag failed
04-09 16:02:08.835 E/ChiX    ( 2172): [ERROR][ChiNode] opluscamxchinodehwcfgofedummy.cpp:1258 OplusOverrideOFECustomizeTrigger() Get camera livephoto enable tag failed
04-09 16:02:08.835 E/ChiX    ( 2172): [ERROR][ChiNode] opluscamxchinodehwcfgofedummy.cpp:1354 OplusOverrideOFECustomizeTrigger() Get bracketMode tag failed
04-09 16:02:08.843 I/SystemUi--Keyguard( 8338): OplusWallpaperAnimControllerImpl-->setRemoteWindowScale w=1264 h=2780 hS=1.0 vS=1.0 offset=Point(0, 0) scale=1.0996771 matrix=Matrix{[1.0996771, 0.0, -62.99591][0.0, 1.0996771, -138.55115][0.0, 0.0, 1.0]}
04-09 16:02:08.846 E/ChiX    ( 2172): [ERROR][CORE   ] metadatamanager.cpp:2768 updateOPMeta() no vendor tag video.rectify.flag
04-09 16:02:08.846 I/ChiX    ( 2172): [ALWAYS_ON  ][CORE   ] metadatamanager.cpp:2963 SetFaceROIInfoAPS() set Face ROI Info with request 6, face num 1
04-09 16:02:08.850 I/ChiX    ( 2172): [ALWAYS_ON  ][CORE   ] streamclassifier.cpp:1030 ResultCallback() YUV SNAPSHOT CALLBACK 6, stream 0xb4000079d888d928, status 0
04-09 16:02:08.851 I/[FACE_HAL][FaceCameraManager]( 3304): [sendMessageAsync] send message start, message->type = 2008
04-09 16:02:08.851 I/[FACE_HAL][UffMessageQueue]( 3304): [enqueueMessage] enqueue msg total count:1 in position:0 what:2008 strwhat:FACE_CAMERA_PROCESS_IMAGE when:727825778
04-09 16:02:08.851 I/[FACE_HAL][UffMessageQueue]( 3304): [dequeueMessage] dequeue head msg what:2008 strwhat:FACE_CAMERA_PROCESS_IMAGE when:727825778
04-09 16:02:08.851 I/[FACE_HAL][UffMessageQueue]( 3304): [enqueueMessage] enqueue msg total count:1 in position:0 what:101 strwhat:monitor_doProcessImage when:727835778
04-09 16:02:08.851 I/[FACE_HAL][UffMessageQueue]( 3304): [enqueueMessage] enqueue msg total count:2 in position:0 what:102 strwhat:monitor_doProcessImage when:727829778
04-09 16:02:08.851 E/ACameraDeviceVendor( 3304): onCaptureStarted: request = 0xb4000079c3d3d4d0
04-09 16:02:08.852 I/[FACE_HAL][FaceCameraManager]( 3304): [wakeImagePolling] mImageWakeReason: 1
04-09 16:02:08.852 I/[FACE_HAL][FaceCameraManager]( 3304): [pollWaitImageTimedMs] wait_image_timed take time 26 ms
04-09 16:02:08.852 I/[FACE_HAL][UffMessageQueue]( 3304): [enqueueMessage] enqueue msg total count:1 in position:0 what:100 strwhat:monitor_face_sdk_api when:727835780
04-09 16:02:08.852 I/[FACE_HAL][ReeCmdSdk]( 3304): [bioSendCommand] FACE_TA_CMD_FACECORE_IMAGE_PREPROCESS
04-09 16:02:08.854 I/[FACE_HAL][UffMessageQueue]( 3304): [enqueueMessage] enqueue msg total count:1 in position:0 what:100 strwhat:monitor_face_sdk_api when:727835782
04-09 16:02:08.854 I/[FACE_HAL][ReeCmdSdk]( 3304): [bioSendCommand] FACE_TA_CMD_FACECORE_IMAGE_DETECT
04-09 16:02:08.854 I/STFACEUNLOCK( 3304): FaceDetectionClass.cpp(86): try orientation is right
04-09 16:02:08.855 I/STFACEUNLOCK( 3304): FaceDetectionClass.cpp(129): image face orientation is 8
04-09 16:02:08.858 E/STFACEUNLOCK( 3304): FaceUnlockInterFace.cpp(371): overExpose 0.578593
04-09 16:02:08.858 E/STFACEUNLOCK( 3304): FaceUnlockInterFace.cpp(558): FaceUnlockInterFace::CheckFaceInfo fail ret:7
04-09 16:02:08.858 W/STFACEUNLOCK( 3304): face_sdk_api.cpp(544): face_detect failed, ret:7, try to enhanced image brightness!
04-09 16:02:08.858 I/STFACEUNLOCK( 3304): FaceDetectionClass.cpp(86): try orientation is right
04-09 16:02:08.860 I/STFACEUNLOCK( 3304): FaceDetectionClass.cpp(129): image face orientation is 8
04-09 16:02:08.860 E/lowmemorykiller( 1248): device memory 672155 free 38878 file 644588
04-09 16:02:08.860 I/Osense-PsiDetector( 3590): 2625,151,1221,6655,82,788,676,2673,2687,1213,1304,0,12,10464
04-09 16:02:08.860 I/Osense-BaseDecisionMaker( 3590): notifySceneToAthenaPolicy: SCENE_RES_MEM_PSI_NORMAL, bundle: Bundle[{memLevel=4}]
04-09 16:02:08.860 V/OCAM_Performance( 5836): onOsenseEventSceneChanged, event: 112
04-09 16:02:08.860 V/OCAM_Performance( 5836): onOsenseEventSceneChanged, [extra] startTime: 1775721728860
04-09 16:02:08.860 V/OCAM_Performance( 5836): onOsenseEventSceneChanged, [extra] currentAvailmem: 2625
04-09 16:02:08.860 V/OCAM_Performance( 5836): onOsenseEventSceneChanged, [extra] killTriggerMem: 2000
04-09 16:02:08.860 V/OCAM_Performance( 5836): onOsenseEventSceneChanged, [extra] ioLevel: 3
04-09 16:02:08.860 D/OCAM_Performance( 5836): onOsenseEventSceneChanged, pressure IO eventStateType: 2, startTime: 1775721728860, currentAvailmem: 2625, killTriggerMem: 2000, ioLevel: 3
04-09 16:02:08.861 I/Osense-BaseDecisionMaker( 3590): notifySceneToAthenaPolicy: SCENE_RES_MEM_PSI_LEAK, bundle: Bundle[{memLevel=4}]
04-09 16:02:08.862 I/STFACEUNLOCK( 3304): FaceUnlockInterFace.cpp(520): face roll info: -90.418556
04-09 16:02:08.862 I/STFACEUNLOCK( 3304): FaceUnlockInterFace.cpp(421): block info: 0
04-09 16:02:08.862 I/[FACE_HAL][UffMessageQueue]( 3304): [enqueueMessage] enqueue msg total count:1 in position:0 what:5 strwhat:FACE_BEGIN_IMPROVE_PERF when:727825790
04-09 16:02:08.864 E/lowmemorykiller( 1248): device memory 673775 free 40366 file 644588
04-09 16:02:08.865 E/ALGO_AWB( 2172): [cam1/req11][SkinCore.cpp:2082 StatsCalc()] FaceAWB: person map s_info_buf is NULL
04-09 16:02:08.866 E/ChiX    ( 2172): [ERROR][CORE   ] metadatamanager.cpp:2768 updateOPMeta() no vendor tag video.rectify.flag
04-09 16:02:08.867 I/ChiX    ( 2172): [ALWAYS_ON  ][CORE   ] streamclassifier.cpp:922 StartTakeSnapshot() [OP_EXT] TAKE YUV SNAPSHOT E : frame Id 12, buffers 1, CameraId = 1, size: 640x480, stream 0xb4000079d888d928
04-09 16:02:08.868 E/ChiX    ( 2172): [ERROR][ChiNode] opluscamxchinodesstabgme.cpp:5054 GetviewfinderOverrideOfeCropTag() OplusOfflineReprocess0_com.qti.node.gme0_cam1 Request id 8, cameraId 0, sensorIndex 0, pData is null
04-09 16:02:08.868 E/ChiX    ( 2172): [ERROR][ChiNode] opluscamxchinodesstabgme.cpp:5054 GetviewfinderOverrideOfeCropTag() OplusOfflineReprocess0_com.qti.node.gme0_cam1 Request id 8, cameraId 0, sensorIndex 0, pData is null
04-09 16:02:08.868 E/ChiX    ( 2172): [ERROR][ChiNode] opluscamxchinodesstabgme.cpp:5054 GetviewfinderOverrideOfeCropTag() OplusOfflineReprocess0_com.qti.node.gme0_cam1 Request id 8, cameraId 0, sensorIndex 0, pData is null
04-09 16:02:08.868 E/ChiX    ( 2172): [ERROR][ChiNode] opluscamxchinodehwcfgofedummy.cpp:589 OplusOverrideOFETuningMode() Get feature type tag failed
04-09 16:02:08.869 E/ChiX    ( 2172): [ERROR][ChiNode] opluscamxchinodehwcfgofedummy.cpp:1086 OplusOverrideOFECustomizeTrigger() Get feature type tag failed
04-09 16:02:08.869 E/ChiX    ( 2172): [ERROR][ChiNode] opluscamxchinodehwcfgofedummy.cpp:1258 OplusOverrideOFECustomizeTrigger() Get camera livephoto enable tag failed
04-09 16:02:08.869 E/ChiX    ( 2172): [ERROR][ChiNode] opluscamxchinodehwcfgofedummy.cpp:1354 OplusOverrideOFECustomizeTrigger() Get bracketMode tag failed
04-09 16:02:08.879 V/BiometricLogger( 3590): Acquired! Modality: 4, User: 0, IsCrypto: false, Action: 2, Client: 1, AcquiredInfo: 3, VendorCode: 1002
04-09 16:02:08.879 V/Biometrics/AcquisitionClient( 3590): Acquired: 3 1002, shouldSend: false
04-09 16:02:08.879 D/AidlResponseHandler( 3590): skip authentication frame return
04-09 16:02:08.879 D/BiometricStatusRepositoryImpl( 8338): authenticationState updated: Acquired(biometricSourceType=FACE, requestReason=DeviceEntryAuthentication, acquiredInfo=3)
04-09 16:02:08.879 D/BiometricStatusRepositoryImpl( 8338): authenticationState updated: Help(biometricSourceType=FACE, helpString=亮度不足，请尝试将光线调亮。, helpCode=3, requestReason=DeviceEntryAuthentication)
04-09 16:02:08.881 E/ChiX    ( 2172): [ERROR][CORE   ] metadatamanager.cpp:2768 updateOPMeta() no vendor tag video.rectify.flag
04-09 16:02:08.881 I/ChiX    ( 2172): [ALWAYS_ON  ][CORE   ] metadatamanager.cpp:2963 SetFaceROIInfoAPS() set Face ROI Info with request 7, face num 1
04-09 16:02:08.885 I/ChiX    ( 2172): [ALWAYS_ON  ][CORE   ] streamclassifier.cpp:1030 ResultCallback() YUV SNAPSHOT CALLBACK 7, stream 0xb4000079d888d928, status 0
04-09 16:02:08.886 I/SystemUi--Keyguard( 8338): DeviceEntryFaceAuthRepository-->FaceManager, onAuthenticationAcquired acquireInfo = 3
04-09 16:02:08.886 I/SystemUi--Keyguard( 8338): DeviceEntryFaceAuthRepository-->FaceManager, onAuthenticationHelp code = 3 helpStr = 亮度不足，请尝试将光线调亮。
04-09 16:02:08.886 I/KeyguardUpdateMonitor( 8338): handleFaceHelp msgId: 1, helpString: 无法捕获准确的人脸数据，请重试。
04-09 16:02:08.886 D/LockPatternUtils( 8338): isBiometricAllowedForUser allowed:true isStrongBiometric:true userId:0
04-09 16:02:08.886 D/LockPatternUtils( 8338): isBiometricAllowedForUser allowed:true isStrongBiometric:true userId:0
04-09 16:02:08.899 E/ALGO_AWB( 2172): [cam1/req12][SkinCore.cpp:2082 StatsCalc()] FaceAWB: person map s_info_buf is NULL
04-09 16:02:08.900 E/ChiX    ( 2172): [ERROR][CORE   ] metadatamanager.cpp:2768 updateOPMeta() no vendor tag video.rectify.flag
04-09 16:02:08.901 I/ChiX    ( 2172): [ALWAYS_ON  ][CORE   ] streamclassifier.cpp:922 StartTakeSnapshot() [OP_EXT] TAKE YUV SNAPSHOT E : frame Id 13, buffers 1, CameraId = 1, size: 640x480, stream 0xb4000079d888d928
04-09 16:02:08.903 E/ChiX    ( 2172): [ERROR][ChiNode] opluscamxchinodesstabgme.cpp:5054 GetviewfinderOverrideOfeCropTag() OplusOfflineReprocess0_com.qti.node.gme0_cam1 Request id 9, cameraId 0, sensorIndex 0, pData is null
04-09 16:02:08.903 E/ChiX    ( 2172): [ERROR][ChiNode] opluscamxchinodesstabgme.cpp:5054 GetviewfinderOverrideOfeCropTag() OplusOfflineReprocess0_com.qti.node.gme0_cam1 Request id 9, cameraId 0, sensorIndex 0, pData is null
04-09 16:02:08.903 E/ChiX    ( 2172): [ERROR][ChiNode] opluscamxchinodesstabgme.cpp:5054 GetviewfinderOverrideOfeCropTag() OplusOfflineReprocess0_com.qti.node.gme0_cam1 Request id 9, cameraId 0, sensorIndex 0, pData is null
04-09 16:02:08.904 E/ChiX    ( 2172): [ERROR][ChiNode] opluscamxchinodehwcfgofedummy.cpp:589 OplusOverrideOFETuningMode() Get feature type tag failed
04-09 16:02:08.904 E/ChiX    ( 2172): [ERROR][ChiNode] opluscamxchinodehwcfgofedummy.cpp:1086 OplusOverrideOFECustomizeTrigger() Get feature type tag failed
04-09 16:02:08.904 E/ChiX    ( 2172): [ERROR][ChiNode] opluscamxchinodehwcfgofedummy.cpp:1258 OplusOverrideOFECustomizeTrigger() Get camera livephoto enable tag failed
04-09 16:02:08.904 E/ChiX    ( 2172): [ERROR][ChiNode] opluscamxchinodehwcfgofedummy.cpp:1354 OplusOverrideOFECustomizeTrigger() Get bracketMode tag failed
04-09 16:02:08.916 E/ChiX    ( 2172): [ERROR][CORE   ] metadatamanager.cpp:2768 updateOPMeta() no vendor tag video.rectify.flag
04-09 16:02:08.916 I/ChiX    ( 2172): [ALWAYS_ON  ][CORE   ] metadatamanager.cpp:2963 SetFaceROIInfoAPS() set Face ROI Info with request 8, face num 1
04-09 16:02:08.918 I/SystemUi--Keyguard( 8338): OplusWallpaperAnimControllerImpl-->setRemoteWindowScale w=1264 h=2780 hS=1.0 vS=1.0 offset=Point(0, 0) scale=1.0998883 matrix=Matrix{[1.0998883, 0.0, -63.129395][0.0, 1.0998883, -138.84473][0.0, 0.0, 1.0]}
04-09 16:02:08.920 I/ChiX    ( 2172): [ALWAYS_ON  ][CORE   ] streamclassifier.cpp:1030 ResultCallback() YUV SNAPSHOT CALLBACK 8, stream 0xb4000079d888d928, status 0
04-09 16:02:08.932 E/ALGO_AWB( 2172): [cam1/req13][SkinCore.cpp:2082 StatsCalc()] FaceAWB: person map s_info_buf is NULL
04-09 16:02:08.933 E/ChiX    ( 2172): [ERROR][CORE   ] metadatamanager.cpp:2768 updateOPMeta() no vendor tag video.rectify.flag
04-09 16:02:08.934 I/ChiX    ( 2172): [ALWAYS_ON  ][CORE   ] streamclassifier.cpp:922 StartTakeSnapshot() [OP_EXT] TAKE YUV SNAPSHOT E : frame Id 14, buffers 1, CameraId = 1, size: 640x480, stream 0xb4000079d888d928
04-09 16:02:08.935 E/ChiX    ( 2172): [ERROR][ChiNode] opluscamxchinodesstabgme.cpp:5054 GetviewfinderOverrideOfeCropTag() OplusOfflineReprocess0_com.qti.node.gme0_cam1 Request id 10, cameraId 0, sensorIndex 0, pData is null
04-09 16:02:08.935 E/ChiX    ( 2172): [ERROR][ChiNode] opluscamxchinodesstabgme.cpp:5054 GetviewfinderOverrideOfeCropTag() OplusOfflineReprocess0_com.qti.node.gme0_cam1 Request id 10, cameraId 0, sensorIndex 0, pData is null
04-09 16:02:08.935 E/ChiX    ( 2172): [ERROR][ChiNode] opluscamxchinodesstabgme.cpp:5054 GetviewfinderOverrideOfeCropTag() OplusOfflineReprocess0_com.qti.node.gme0_cam1 Request id 10, cameraId 0, sensorIndex 0, pData is null
04-09 16:02:08.935 E/ChiX    ( 2172): [ERROR][ChiNode] opluscamxchinodehwcfgofedummy.cpp:589 OplusOverrideOFETuningMode() Get feature type tag failed
04-09 16:02:08.935 E/ChiX    ( 2172): [ERROR][ChiNode] opluscamxchinodehwcfgofedummy.cpp:1086 OplusOverrideOFECustomizeTrigger() Get feature type tag failed
04-09 16:02:08.935 E/ChiX    ( 2172): [ERROR][ChiNode] opluscamxchinodehwcfgofedummy.cpp:1258 OplusOverrideOFECustomizeTrigger() Get camera livephoto enable tag failed
04-09 16:02:08.935 E/ChiX    ( 2172): [ERROR][ChiNode] opluscamxchinodehwcfgofedummy.cpp:1354 OplusOverrideOFECustomizeTrigger() Get bracketMode tag failed
04-09 16:02:08.948 E/ChiX    ( 2172): [ERROR][CORE   ] metadatamanager.cpp:2768 updateOPMeta() no vendor tag video.rectify.flag
04-09 16:02:08.948 I/ChiX    ( 2172): [ALWAYS_ON  ][CORE   ] metadatamanager.cpp:2963 SetFaceROIInfoAPS() set Face ROI Info with request 9, face num 1
04-09 16:02:08.951 V/BiometricLogger( 3590): Acquired! Modality: 4, User: 0, IsCrypto: false, Action: 2, Client: 1, AcquiredInfo: 4, VendorCode: 1002
04-09 16:02:08.951 V/Biometrics/AcquisitionClient( 3590): Acquired: 4 1002, shouldSend: false
04-09 16:02:08.951 D/BiometricStatusRepositoryImpl( 8338): authenticationState updated: Acquired(biometricSourceType=FACE, requestReason=DeviceEntryAuthentication, acquiredInfo=4)
04-09 16:02:08.951 V/BiometricLogger( 3590): Authenticated! Modality: 4, User: 0, IsCrypto: false, Client: 1, RequireConfirmation: false, State: 1, Latency: -1, Lux: 201.21338
04-09 16:02:08.951 W/BiometricFrameworkStatsLogger( 3590): found a negative latency : -1
04-09 16:02:08.951 D/BiometricStatusRepositoryImpl( 8338): authenticationState updated: Help(biometricSourceType=FACE, helpString=请将手机拿远一点。, helpCode=4, requestReason=DeviceEntryAuthentication)
04-09 16:02:08.951 V/Biometrics/AuthenticationClient( 3590): onAuthenticated(false), ID:0, Owner: com.android.systemui, isBP: false, listener: com.android.server.biometrics.sensors.ClientMonitorCallbackConverter@560733d, requireConfirmation: false, user: 0, clientMonitor: {[2226] com.android.server.biometrics.sensors.face.aidl.FaceAuthenticationClient, proto=3, owner=com.android.systemui, cookie=0, requestId=84, userId=0}
04-09 16:02:08.951 W/Biometrics/AuthenticationClient( 3590): Allowing background authentication, this is allowed only for platform or test invocations
04-09 16:02:08.951 D/BiometricSchedulerOperation( 3590): [Finished / destroy]: {[2226] com.android.server.biometrics.sensors.face.aidl.FaceAuthenticationClient, proto=3, owner=com.android.systemui, cookie=0, requestId=84, userId=0}
04-09 16:02:08.951 D/BiometricStatusRepositoryImpl( 8338): authenticationState updated: Stopped(biometricSourceType=FACE, requestReason=NotRunning)
04-09 16:02:08.952 I/AuthenticationPolicyService( 3590): AuthenticationStateListener#onAuthenticationFailed
04-09 16:02:08.952 V/SystemSensorManagerExtImpl( 3590): unRegisterListener by com.android.server.biometrics.log.ALSProbe$1@6503b8e
04-09 16:02:08.952 I/AuthenticationPolicyService( 3590): reportAuthAttempt: numFailedAttempts=1, userId=0
04-09 16:02:08.952 W/SensorService( 3590): SensorEventConnection sensor handle=1001, package = com.android.server.biometrics.log.ALSProbe disable
04-09 16:02:08.952 D/AuthenticationPolicyService( 3590): Not locking the device because the device is already locked.
04-09 16:02:08.952 D/FusionLightNextGen( 3590): activate light size = 3, rgb size = 1, ident = 0xb40000706e77c600
04-09 16:02:08.952 D/SensorService( 3590): SensorDevice::activate: ident=0xb40000706e77c600, handle=0x000003e9, enabled=0, count=4
04-09 16:02:08.952 D/SensorService( 3590): disable index=0
04-09 16:02:08.952 D/SensorService( 3590): 	>>> actuating h/w batch 0x000003e9 200000000 0
04-09 16:02:08.952 D/SensorService( 3590): activateHardware = 0
04-09 16:02:08.952 D/SensorService( 3590): SensorDevice::activate: ident=0xb40000706e77c600, handle=0x000006a5, enabled=0, count=5
04-09 16:02:08.952 D/SensorService( 3590): disable index=0
