04-09 16:02:08.180 D/InsetsSourceProvider( 3590): updateSourceFrameForServerVisibility mandatorySystemGestures EMPTY_RECT
04-09 16:02:08.181 D/DisplayManagerService( 3590): performTraversalInternal pendingTraversal
04-09 16:02:08.181 D/DisplayDevice( 3590): setLayerStackLocked id=local:4630946685746860179 token=android.os.BinderProxy@fdd71ea stack=0->0
04-09 16:02:08.181 D/DeviceStateProviderImpl( 3590): keyguard show or sleep: true mLastReportedState 0
04-09 16:02:08.181 D/CoreBackPreview( 3590): Window{b286cda u0 NotificationShade}: Setting back callback OnBackInvokedCallbackInfo{mCallback=android.window.IOnBackInvokedCallback$Stub$Proxy@ff396c1, mPriority=0, mIsAnimationCallback=false, mOverrideBehavior=0}
04-09 16:02:08.181 V/WindowManager( 3590): Relayout Window{b286cda u0 NotificationShade}: viewVisibility=0, oldvis=0, req=1264x2780 , apr = 0, vsysui=, x=0, y=0
04-09 16:02:08.181 D/InsetsSourceProvider( 3590): updateSourceFrameForServerVisibility mandatorySystemGestures EMPTY_RECT
04-09 16:02:08.181 D/InsetsSourceProvider( 3590): updateSourceFrameForServerVisibility mandatorySystemGestures EMPTY_RECT
04-09 16:02:08.181 D/DisplayManagerService( 3590): performTraversalInternal pendingTraversal
04-09 16:02:08.181 D/DisplayDevice( 3590): setLayerStackLocked id=local:4630946685746860179 token=android.os.BinderProxy@fdd71ea stack=0->0
04-09 16:02:08.181 V/DreamService[DozeService]( 8338): detach(): Calling onDreamingStopped()
04-09 16:02:08.181 V/DreamService[DozeService]( 8338): onDreamingStopped()
04-09 16:02:08.182 D/DisplayManagerService( 3590): Delivering display event: displayId=0, event=BASIC_CHANGED
04-09 16:02:08.182 D/OAppNetControlService( 3590): Screens on!
04-09 16:02:08.182 I/WindowManager( 3590): Window{b286cda u0 NotificationShade} state from HAS_DRAWN to DRAW_PENDING; reason: requestDrawIfNeeded
04-09 16:02:08.183 I/WindowManager( 3590): Waiting for drawn Window{b286cda u0 NotificationShade}: removed=false visible=true mHasSurface=true drawState=1
04-09 16:02:08.183 D/OplusWindowAnimationManager( 3590): Is NotificationShade draw check disabled: false, win: Window{b286cda u0 NotificationShade}, clientRotation: 0, isFullscreen: true, requestedWidth: 1264, requestedHeight: 2780, physicalHeight: 2780, physicalWidth: 1264
04-09 16:02:08.183 D/WindowManager( 3590): waitForAllWindowsDrawn displayId=-1,false
04-09 16:02:08.183 D/DisplayManagerService( 3590): MSG_REQUEST_TRAVERSAL pendingCompleted=false
04-09 16:02:08.183 D/WindowManager( 3590): DeferredDisplayUpdater: partially applying DisplayInfo(1264 x 2780) immediately
04-09 16:02:08.183 D/OplusVFXScreenEffectFeature( 3590): notifySFCompatWindowStateChange entered false
04-09 16:02:08.183 D/FSS_FoldScreenBlackCoverController( 3590): displayChangeToOn, dc:Display{#0 state=ON size=1264x2780 ROTATION_0}
04-09 16:02:08.184 V/DreamService[DozeService]( 8338): finish(): mFinished=false
04-09 16:02:08.187 W/VRI[NotificationShade]( 8338): updateBlastSurfaceIfNeeded, surfaceSize:Point(1264, 2780), lastSurfaceSize:Point(1264, 2780), format:-3, blastBufferQueue:android.graphics.BLASTBufferQueue@8d93bd8
04-09 16:02:08.188 V/WindowManager( 3590): Relayout Window{b286cda u0 NotificationShade}: viewVisibility=0, oldvis=0, req=1264x2780 , apr = 0, vsysui=, x=0, y=0
04-09 16:02:08.188 D/WindowManager( 3590): NFW_setClientVisible:WallpaperWindowToken{a06f6f8 showWhenLocked=true} clientVisible:true
04-09 16:02:08.189 D/InsetsSourceProvider( 3590): updateSourceFrameForServerVisibility mandatorySystemGestures EMPTY_RECT
04-09 16:02:08.189 D/InsetsSourceProvider( 3590): updateSourceFrameForServerVisibility mandatorySystemGestures EMPTY_RECT
04-09 16:02:08.189 I/WindowManager( 3590): Waiting for drawn Window{b286cda u0 NotificationShade}: removed=false visible=true mHasSurface=true drawState=1
04-09 16:02:08.189 D/OplusWindowAnimationManager( 3590): Is NotificationShade draw check disabled: false, win: Window{b286cda u0 NotificationShade}, clientRotation: 0, isFullscreen: true, requestedWidth: 1264, requestedHeight: 2780, physicalHeight: 2780, physicalWidth: 1264
04-09 16:02:08.189 D/WindowManager( 3590): NFW_findFocusedWindowIfNeeded:Window{b286cda u0 NotificationShade} mCurrentFocus:Window{b286cda u0 NotificationShade}
04-09 16:02:08.189 D/DisplayManagerService( 3590): Delivering display event: displayId=0, event=EVENT_DISPLAY_STATE_CHANGED
04-09 16:02:08.189 V/AlarmManager( 3590): sending alarm Alarm{9e6c64a type 1 origWhen 1775721726184 whenElapsed 768942789 android} uid 1000 whenElapsed 768942789 windowLength 0 maxWhenElapsed 768942789 repeatInterval 0 action null component null tag StorgaeBandInfoAlarmTag flags 0x9 procName system_server
04-09 16:02:08.189 D/InsetsSourceProvider( 3590): updateSourceFrameForServerVisibility mandatorySystemGestures EMPTY_RECT
04-09 16:02:08.190 I/WindowManager( 3590): Waiting for drawn Window{b286cda u0 NotificationShade}: removed=false visible=true mHasSurface=true drawState=1
04-09 16:02:08.190 D/OplusWindowAnimationManager( 3590): Is NotificationShade draw check disabled: false, win: Window{b286cda u0 NotificationShade}, clientRotation: 0, isFullscreen: true, requestedWidth: 1264, requestedHeight: 2780, physicalHeight: 2780, physicalWidth: 1264
04-09 16:02:08.190 I/WindowManager( 3590): Window{b286cda u0 NotificationShade} state from DRAW_PENDING to COMMIT_DRAW_PENDING; reason: finishDrawingLocked
04-09 16:02:08.191 V/UsbDeviceManager( 3590): onKeyguardStateChanged: isShowing:true secure:true user:0
04-09 16:02:08.191 D/OplusAccessControlManagerService( 3590): onKeyguardStateChanged : true
04-09 16:02:08.193 V/DreamService[DozeService]( 8338): onDestroy()
04-09 16:02:08.193 V/DreamService[DozeService]( 8338): finish(): mFinished=true
04-09 16:02:08.194 W/VRI[NotificationShade]( 8338): handleResized, msg:, frameChanged:false, configChanged:false, displayChanged:false, attachedFrameChanged:false, compatScaleChanged:false, pendingDragResizing=false
04-09 16:02:08.194 D/InsetsSourceProvider( 3590): updateSourceFrameForServerVisibility mandatorySystemGestures EMPTY_RECT
04-09 16:02:08.197 D/CastManagerService(14599): onDisplayChanged.
04-09 16:02:08.197 D/InsetsSourceProvider( 3590): updateSourceFrameForServerVisibility mandatorySystemGestures EMPTY_RECT
04-09 16:02:08.197 I/WindowManager( 3590): Window{b286cda u0 NotificationShade} state from COMMIT_DRAW_PENDING to READY_TO_SHOW; reason: commitFinishDrawingLocked
04-09 16:02:08.197 I/WindowManager( 3590): Window{b286cda u0 NotificationShade} state from READY_TO_SHOW to HAS_DRAWN; reason: performShowLocked
04-09 16:02:08.197 I/WindowManager( 3590): Waiting for drawn Window{b286cda u0 NotificationShade}: removed=false visible=true mHasSurface=true drawState=4
04-09 16:02:08.197 V/BiometricSchedulerOperation( 3590): started: {[2226] com.android.server.biometrics.sensors.face.aidl.FaceAuthenticationClient, proto=3, owner=com.android.systemui, cookie=0, requestId=84, userId=0}, State: 2
04-09 16:02:08.197 D/OplusWindowAnimationManager( 3590): Is NotificationShade draw check disabled: false, win: Window{b286cda u0 NotificationShade}, clientRotation: 0, isFullscreen: true, requestedWidth: 1264, requestedHeight: 2780, physicalHeight: 2780, physicalWidth: 1264
04-09 16:02:08.197 W/KEYLOG_PhoneWindowManager( 3590): All windows drawn on display -1
04-09 16:02:08.197 D/InsetsSourceProvider( 3590): updateSourceFrameForServerVisibility mandatorySystemGestures EMPTY_RECT
04-09 16:02:08.197 D/FSS_FoldScreenBlackCoverController( 3590): finishWindowsDrawn, displayId:-1
04-09 16:02:08.197 D/InsetsSourceProvider( 3590): updateSourceFrameForServerVisibility mandatorySystemGestures EMPTY_RECT
04-09 16:02:08.197 I/WindowManager( 3590): Finished screen turning on...0
04-09 16:02:08.198 D/OplusBatteryManager( 3590): getPsyBatteryRm: 3212
04-09 16:02:08.204 D/DisplayAdapterExt( 3590): sendDisplayDeviceEventLocked event=2,now=768944809,timestamp=768944809 device:[id=local:4630946685746860179,stack=0],isFirst=true,activeMode=1,state=ON,commitState=ON,devInfo:null
04-09 16:02:08.205 D/InsetsSourceProvider( 3590): updateSourceFrameForServerVisibility mandatorySystemGestures EMPTY_RECT
04-09 16:02:08.206 D/InsetsSourceProvider( 3590): updateSourceFrameForServerVisibility mandatorySystemGestures EMPTY_RECT
04-09 16:02:08.208 D/OplusBiometricsDisplayHelper( 3590): isFold: false, isUnblockByFp: null
04-09 16:02:08.208 D/OplusFeaturePanoramicBrightness( 3590): setWindowManagerPolicy mSoftScreenOn changed to true
04-09 16:02:08.208 D/DisplayPowerController[display=0]( 3590): screenTurnedOn state=2 brightnessState=1571.5522 mustNotify=true
04-09 16:02:08.208 D/DpcExtImpl[display=0]( 3590): RECORD:onUpdatePowerState policy:3 state:2 brightness:1571
04-09 16:02:08.208 W/PowerManagerService( 3590): Screen on took 62 ms. groupId = 0
04-09 16:02:08.208 D/OplusPowerManagerHelper( 3590): [onWakeUpFinish]
04-09 16:02:08.208 E/OplusCustomizeRestrictionManagerService( 3590): isBiometricDisabled start
04-09 16:02:08.209 D/OplusPowerManagerHelper( 3590): scheduleNotifyStopDream
04-09 16:02:08.209 D/OplusFeatureAOD( 3590): notifySfUnBlockScreenOn
04-09 16:02:08.209 D/OplusPowerManagerHelper( 3590): handleMessage:102
04-09 16:02:08.209 D/OplusPowerManagerHelper( 3590): MSG_STOP_DEAM
04-09 16:02:08.209 D/VRR [OPlusSAManager]( 3590): updateAutoMinfps for 4630946685746860179 with nits: 96.595, mHistOK true, mAmbientOK true, mCctOK true, mIrOK true, mBrightnessOK true, isPkgOK true, SA min fps: 0
04-09 16:02:08.209 D/VRR [OPlusSurfaceFlingerController]( 3590):  setAvtBackLightConfig : true
04-09 16:02:08.215 E/KernelCpuUidFreqTimeReader( 3590): Negative delta from freq time for uid: 10194, delta: -15
04-09 16:02:08.215 E/KernelCpuUidFreqTimeReader( 3590): Negative delta from freq time for uid: 90000, delta: -245
04-09 16:02:08.215 E/KernelCpuUidFreqTimeReader( 3590): Negative delta from freq time for uid: 90002, delta: -535
04-09 16:02:08.215 E/KernelCpuUidFreqTimeReader( 3590): Negative delta from freq time for uid: 90015, delta: -47
04-09 16:02:08.219 E/AppOps  ( 3590): package client.pid<3304> not found, can't check for attributionTag null
04-09 16:02:08.219 E/AppOps  ( 3590): Bad call made by uid 1047. Package "client.pid<3304>" does not belong to uid 1000.
04-09 16:02:08.220 D/OneHandedController( 8338): setLockedDisabled locked = false, enabled = false ,FeatureEnabled = false
04-09 16:02:08.220 V/NetworkPolicy( 3590): updateNetworkEnabledNL() return
04-09 16:02:08.220 V/NetworkPolicy( 3590): updateNotificationsNL not process
04-09 16:02:08.220 E/AppOps  ( 3590): Cannot getAppOpMode: non-application UID 1000
04-09 16:02:08.226 D/OplusZoomTaskCloneController( 3590): onCameraOpened cameraId =:1, packageName =:client.pid<3304>
04-09 16:02:08.231 D/AlarmWakeupCheck( 3590): SCREEN_ON: CntAlarmWakeup = 0
04-09 16:02:08.231 D/FlexibleTaskController( 3590): check task which not have enough child, isInSingleWhiteList:false isCloneTask:false
04-09 16:02:08.231 I/GameManagerServiceExt-GameManagerTopState( 3590): check top result: RunningState{zoomPkg='', topPkg='com.android.launcher', pid= 8730, isColdStart=false, isSplit=false, isTVListen=false, mTaskId=2}
04-09 16:02:08.231 D/OIM_OplusInputGestureMonitorUtils( 3590): mScreenReceiver action= android.intent.action.SCREEN_ON KeyguardLockedState =true
04-09 16:02:08.240 D/OplusAlarmAdjustment( 3590): MSG_SCREEN_ON, mScreenOnElapsed=768944845 ms
04-09 16:02:08.240 D/OplusAlarmAdjustMap( 3590): removeAlignUid, uid=0, requester=0
04-09 16:02:08.241 I/MR2ServiceImpl( 3590): Updating composite discovery preference | preference: RouteDiscoveryRequest{ preferredFeatures={}, activeScan=false }, active routers: []
04-09 16:02:08.245 W/UserAwareMgr( 3590): addKeyThread, no matched Thread name: OpenRequestBinderThread in event 6004
04-09 16:02:08.245 W/UserAwareMgr( 3590): can not find match thread: CameraOpenConfigThread for process cameraserver_vnd Pid: 2172
04-09 16:02:08.246 D/CommSceneService( 3590): notify screen off changed state=0
04-09 16:02:08.246 E/CommSceneService( 3590): modem stationary state=0 not update, cancel notify!
04-09 16:02:08.246 D/OSysNetControlService( 3590): handle comm scene=1001 state=0 phoneId=-1
04-09 16:02:08.248 D/ActivityManager( 3590): sync unfroze 15518 com.coloros.alarmclock for 7
04-09 16:02:08.250 W/OplusStorageManagerFeature( 3590): mScreenReceiver action:android.intent.action.SCREEN_ON
04-09 16:02:08.250 W/OplusStorageManagerFeature( 3590): turn screenOn, maintPrepared:false
04-09 16:02:08.250 W/OplusStorageManagerFeature( 3590): sendToTarget over,paramStr:0
04-09 16:02:08.251 W/OplusStorageManagerFeature( 3590): Ready to deal actionParam:0
04-09 16:02:08.252 W/OplusStorageManagerFeature( 3590): mScreenReceiver action:android.intent.action.DREAMING_STOPPED
04-09 16:02:08.252 W/OplusStorageManagerFeature( 3590): turn screenOn, maintPrepared:false
04-09 16:02:08.253 D/vold    ( 1322): [storage]aborting idle start
04-09 16:02:08.253 D/vold    ( 1322): [storage]aborting idle start
04-09 16:02:08.253 D/vold    ( 1322): [storage]idle maintenance stopped
04-09 16:02:08.254 W/OplusStorageManagerFeature( 3590): sendToTarget over,paramStr:0
04-09 16:02:08.254 W/OplusStorageManagerFeature( 3590): Ready to deal actionParam:0
04-09 16:02:08.255 D/vold    ( 1322): [storage]idle maintenance stopped
04-09 16:02:08.262 D/SensorDelegate( 3590): PROXIMITY registerListener success
--------- beginning of main
04-09 16:02:08.262 D/SensorService( 3590): Calling batch handle==1001 flags=0rate=200000000 timeout== 0
04-09 16:02:08.262 D/FusionLightSensor( 3590): setDelay ns = 200000000
04-09 16:02:08.262 D/SensorService( 3590): SensorDevice::batch: ident=0xb4000071ed438200, handle=0x000003e9, flags=0, period_ns=200000000 timeout=0
04-09 16:02:08.262 D/SensorService( 3590): SensorDevice::batch: ident=0xb4000071ed438200, handle=0x000006a5, flags=0, period_ns=200000000 timeout=0
04-09 16:02:08.262 D/OplusFeatureTemperatureLimitBrightness( 3590): onCameraOpened, cameraId = 1,packageId = client.pid<3304>
04-09 16:02:08.262 D/SensorService( 3590): Calling activate on 1001
04-09 16:02:08.262 D/FusionLightNextGen( 3590): activate light size = 4, rgb size = 0, ident = 0xb4000071ed438200
04-09 16:02:08.262 D/SensorService( 3590): SensorDevice::activate: ident=0xb4000071ed438200, handle=0x000003e9, enabled=1, count=4
04-09 16:02:08.262 D/SensorService( 3590): enable index=3
04-09 16:02:08.262 D/SensorService( 3590): info.numActiveClients() = 4, info.isActive = 1
04-09 16:02:08.262 D/SensorService( 3590): activateHardware = 0
04-09 16:02:08.262 D/SensorService( 3590): SensorDevice::activate: ident=0xb4000071ed438200, handle=0x000006a5, enabled=1, count=4
04-09 16:02:08.262 D/SensorService( 3590): enable index=3
04-09 16:02:08.262 D/SensorService( 3590): info.numActiveClients() = 4, info.isActive = 1
04-09 16:02:08.262 D/SensorService( 3590): activateHardware = 0
04-09 16:02:08.263 I/AICCTModule( 3590): SensorFilter: needEffectiveImmediately true
04-09 16:02:08.263 V/SystemSensorManagerExtImpl( 3590): RegisterListener OPLUS Fusion RGB Sensor type:33171001 delay:200000us by com.android.server.display.color.eyeprotect.manager.AiCurveManager$2@e184b7f from android
04-09 16:02:08.263 D/SensorService( 3590): enable sensor send lastEvent 1752
04-09 16:02:08.263 I/DisplayDeviceRepositoryExtImpl( 3590): Display device changed committed state: "内置屏幕", ON
04-09 16:02:08.263 D/LogicalDisplayMapper( 3590): Display device changed diff=4
04-09 16:02:08.263 D/LogicalDisplayExt( 3590): set displayInfo flag FLAG_ROTATES_WITH_CONTENT
04-09 16:02:08.263 D/DpcExtImpl[display=0]( 3590): setBrightnessNoAnimation, noAnimation = false
04-09 16:02:08.263 D/DisplayManagerService( 3590): Delivering display event: displayId=0, event=EVENT_DISPLAY_COMMITTED_STATE_CHANGED
04-09 16:02:08.263 D/RateLimit( 3590): decrementToken , current = 5, offset = 1
04-09 16:02:08.263 V/GrammaticalInflectionUtils( 3590): AttributionSource: android.content.AttributionSource@cda5bcfd does not have READ_SYSTEM_GRAMMATICAL_GENDER permission.
04-09 16:02:08.263 D/CompatChangeReporter( 3590): Compat change id reported: 151861875; UID 10173; state: ENABLED
04-09 16:02:08.263 V/NativeCrypto( 9273): Read error: ssl=0xb40000700eb9f088: I/O error during system call, Software caused connection abort
04-09 16:02:08.264 D/RateLimit( 3590): decrementToken , current = 4, offset = 1
04-09 16:02:08.265 D/NativePermissionController( 2384): checkPermission: missing 13 for 10306
04-09 16:02:08.265 I/[VFXEffect]( 2399): SurfaceControlViewHost#594 type[1.000000] id[0.000000] action[1.000000] status[1.000000] params[0.000000]
04-09 16:02:08.266 I/UMS.IntentProvider(26985): panta-sugg(16001126-release): start call method:start_intents, callingPackage=com.android.s***i
04-09 16:02:08.268 W/libc    ( 2172): Access denied finding property "ro.camera.req.fmq.size"
04-09 16:02:08.268 W/libc    ( 2172): Access denied finding property "ro.camera.res.fmq.size"
04-09 16:02:08.268 I/sensors-hal( 2113): qsh_conn_event_cb:720, SCHED_FIFO(10) for qmi_cbk
04-09 16:02:08.268 I/sensors-hal( 2113): qsh_conn_event_cb:756, event[0] msg_id=768, ts=14763827745415, sensor_type = tcs3720 Proximity Sensor Wakeup
04-09 16:02:08.269 D/SensorService( 3590): Calling batch handle==1752 flags=0rate=20000000 timeout== 0
04-09 16:02:08.269 D/SensorService( 3590): SensorDevice::batch: ident=0xb400006f9611e600, handle=0x000006d8, flags=0, period_ns=20000000 timeout=0
04-09 16:02:08.269 D/SensorService( 3590): 	>>> actuating h/w BATCH 0x000006d8 20000000 0
04-09 16:02:08.269 I/sensors-hal( 2113): batch:163, qti.sensor.pocket/1752, period=20000000, max_latency=0
04-09 16:02:08.269 I/sensors-hal( 2113): batch:185, qti.sensor.pocket/1752, period=20000000, max_latency=0 request completed
04-09 16:02:08.269 D/SensorService( 3590): Calling activate on 1752
04-09 16:02:08.269 D/SensorService( 3590): SensorDevice::activate: ident=0xb400006f9611e600, handle=0x000006d8, enabled=1, count=2
04-09 16:02:08.269 D/SensorService( 3590): enable index=1
04-09 16:02:08.269 D/SensorService( 3590): info.numActiveClients() = 2, info.isActive = 1
04-09 16:02:08.269 D/SensorService( 3590): activateHardware = 0
04-09 16:02:08.269 D/SensorService( 3590): 0xb400006f9611e600 addFd fd=1191
04-09 16:02:08.270 V/NativeCrypto( 9273): SSL shutdown failed: ssl=0xb40000700eb9f088: I/O error during system call, Broken pipe
04-09 16:02:08.271 D/CentralSurfaces( 8338): updateIsKeyguard wakeAndUnlocking: false, shouldBeKeyguard: true,isKeyguardShowDelayed:false,isGoingToSleep:false,getScreenState:2,isLaunchTransitionFadingAway:false,keyguardForDozing:false,getDozingRequested:false
04-09 16:02:08.271 V/GestureMonitorController(24476): onDeviceStateChanged
04-09 16:02:08.271 I/SystemUi--Statusbar( 8338): CollapsedSbFragment-->New visibilities calculated internally. StatusBarVisibilityModel(showClock: false showNotificationIcons:false showPrimaryOngoingActivityChip:false showSecondaryOngoingActivityChip:false showSystemInfo:false ) 
04-09 16:02:08.271 I/SystemUi--Statusbar( 8338): CollapsedStatusBarFragmentExImpl-->animate: false, unlockAnimationRunning: false, fadingAway: false, keyguard: true
04-09 16:02:08.271 I/SystemUi--Statusbar( 8338): CollapsedStatusBarFragmentExImpl-->StatusBarVisibilityModelEx: StatusBarVisibilityModelEx(showClock: false showPromptView:false showPrimaryOngoingActivityChip:false showSecondaryOngoingActivityChip:false showNotificationContainer:false showOpName:false showSeedlingContainer:false ), animate: false
04-09 16:02:08.271 I/SystemUi--QuickSettings( 8338): OplusSeparateQSPluginImpl-->shouldHideStatusBar isFullyCollapsed true
04-09 16:02:08.271 I/SystemUi--Statusbar( 8338): CollapsedStatusBarFragmentExImpl-->showClockChanged: false lastModifiedVisibility.showClock: false previousModelEx.showClock: false statusBarFragment?.clockHiddenMode(): 8 clockView?.visibility: 8
04-09 16:02:08.271 I/SystemUi--QuickSettings( 8338): OplusSeparateQSPluginImpl-->shouldHideStatusBar isFullyCollapsed true
04-09 16:02:08.271 I/SystemUi--Statusbar( 8338): CollapsedSbFragment-->New visibilities calculated internally. StatusBarVisibilityModel(showClock: false showNotificationIcons:false showPrimaryOngoingActivityChip:false showSecondaryOngoingActivityChip:false showSystemInfo:false ) 
04-09 16:02:08.271 I/SystemUi--Statusbar( 8338): CollapsedStatusBarFragmentExImpl-->animate: false, unlockAnimationRunning: false, fadingAway: false, keyguard: true
04-09 16:02:08.271 I/SystemUi--Statusbar( 8338): CollapsedStatusBarFragmentExImpl-->StatusBarVisibilityModelEx: StatusBarVisibilityModelEx(showClock: false showPromptView:false showPrimaryOngoingActivityChip:false showSecondaryOngoingActivityChip:false showNotificationContainer:false showOpName:false showSeedlingContainer:false ), animate: false
04-09 16:02:08.271 I/SystemUi--QuickSettings( 8338): OplusSeparateQSPluginImpl-->shouldHideStatusBar isFullyCollapsed true
04-09 16:02:08.271 I/SystemUi--Statusbar( 8338): CollapsedStatusBarFragmentExImpl-->showClockChanged: false lastModifiedVisibility.showClock: false previousModelEx.showClock: false statusBarFragment?.clockHiddenMode(): 8 clockView?.visibility: 8
04-09 16:02:08.271 I/SystemUi--QuickSettings( 8338): OplusSeparateQSPluginImpl-->shouldHideStatusBar isFullyCollapsed true
04-09 16:02:08.271 I/SystemUi--QuickSettings( 8338): OplusQSRootViewController-->setTouchAndAnimationDisabled false
04-09 16:02:08.272 D/SensorService( 3590): createSensorEventConnection packageName = com.android.server.display.color.eyeprotect.manager.AiCurveManager, opPackageName = android, mCurrentOperatingMode = 0, requestedMode = 0
04-09 16:02:08.272 D/SensorService( 3590): SensorEventConnection type = 2, client = com.android.server.display.color.eyeprotect.manager.AiCurveManager, listener = com.android.server.display.color.eyeprotect.manager.AiCurveManager
04-09 16:02:08.272 D/GestureMonitorController(24476): updateScreenOn settingName = oppo_smart_micromsg_pre_acc
04-09 16:02:08.272 W/SensorService( 3590): SensorEventConnection sensor handle=1008, package = com.android.server.display.color.eyeprotect.manager.AiCurveManager enable
04-09 16:02:08.272 E/SensorService( 3590): Required app com.android.server.display.color.eyeprotect.manager.AiCurveManager, uid 1000, pid 3590
04-09 16:02:08.272 E/WeatherS_PrivacyStatementExport(13187): isAgreed1
04-09 16:02:08.272 D/SensorService( 3590): Calling batch handle==1008 flags=0rate=200000000 timeout== 0
04-09 16:02:08.272 D/FusionRGBSensor( 3590): setDelay ns = 200000000
04-09 16:02:08.272 D/SensorService( 3590): SensorDevice::batch: ident=0xb40000707c102e00, handle=0x000003f0, flags=0, period_ns=200000000 timeout=0
04-09 16:02:08.272 D/SensorService( 3590): 	>>> actuating h/w BATCH 0x000003f0 200000000 0
04-09 16:02:08.272 D/SensorService( 3590): SensorDevice::batch: ident=0xb40000707c102e00, handle=0x000006a5, flags=0, period_ns=200000000 timeout=0
04-09 16:02:08.272 D/SensorService( 3590): SensorDevice::batch: ident=0xb40000707c102e00, handle=0x000006cd, flags=0, period_ns=200000000 timeout=0
04-09 16:02:08.272 D/SensorService( 3590): 	>>> actuating h/w BATCH 0x000006cd 200000000 0
04-09 16:02:08.272 I/sensors-hal( 2113): batch:163, qti.sensor.high_pwm_cct/1741, period=200000000, max_latency=0
04-09 16:02:08.272 I/sensors-hal( 2113): batch:185, qti.sensor.high_pwm_cct/1741, period=200000000, max_latency=0 request completed
04-09 16:02:08.272 I/UTrace.Sdk(26985): start, spanName: 910000 [7f0000011775721728215424908338|p_8338_5cc83d4@8560@-1|p_26985_3aa6b6f@665@910000|com.oplus.pantanal.ums]
04-09 16:02:08.272 I/Dpps    ( 2181): DppsServer::HandleDppsClientEvent():1222 Client connection 111 has closed
04-09 16:02:08.272 I/Dpps    ( 2181): DppsServer::RemoveServerClient():443 closed fd 111 poll_idx 2
04-09 16:02:08.272 W/WeatherS_ApkSignedCheck(13187): checkCertificateWhiteList: not in inWhiteListandroid.uid.systemui:10216
04-09 16:02:08.273 D/HWCLightSensor( 2181): Response from sendDPPSCommand: ret=Success
04-09 16:02:08.273 V/GestureState(24476): startStopGesture, mSettingName = oppo_smart_micromsg_pre_acc, mGestureType = 1, mIsStarted = false, mGesturestate false, gestureName = GesturePreAcc, mIsSettingOn = true, mIsScreenOn = true, mIsUnLocked = false, mIsEnabledTop = false, mIsEnabledPhoneState = false, mIsEnabledBroadcast = false
04-09 16:02:08.273 D/ClockTag_ClockProvider(15518): query uri: content://com.coloros.alarmclock.alarmclock/alarm, selection: _id=5
04-09 16:02:08.273 I/WeatherS_WeatherProvider(13187): query option: 56,callingUid: 10216,name: android.uid.systemui:10216
04-09 16:02:08.273 D/GestureState(24476): setting = oppo_smart_micromsg_pre_acc, has been stoped
04-09 16:02:08.273 I/ClockTag_ClockProvider(15518): Alarms.query end: Bundle[{max_alarm_count=450}]
04-09 16:02:08.273 E/WeatherS_LocalUtils(13187): startAutoGetLocalCity bg location permission:true
04-09 16:02:08.273 I/WeatherS_LocalUtils(13187): startGetLocalCityByWeather lastStartLocationServiceTime interval not met elapsedRealtime: 768940432 currentElapsedRealtime: 768944878
04-09 16:02:08.273 I/ClockTag_AlarmUtils(15518): AlarmId:5, Alarm:Alarm{mId=5, mEnabled=true, mHour=17, mMinutes=59, mRepeatSet=32, mTime=0, mLabel='自行车保养骑到荟聚, mAlert=content://media/internal/audio/media/127?title=Cloudscape&canonical=1, mRingName='默认铃声, mSilent=false, mAlertType=2, mDeleteAfterUse=0, mVolume=0, mSnoonzeItem=1, mSelected=false, mVibrate=64, mWorkdaySwitch=0, mHolidaySwitch=0, mOwnerUserId=0, mCloseOncePriTime=0, mCloseOnceTime=0, mEnableAssociate=1, mUUID=4fa753401834423d9b6a7bde2f******, mSnoozeTime=5, mWorkDayType=0, mWorkdayUpdateTime=2025-04-06 21:42:43, mSpecialAlarmDays=#, mDefaultAlarm=0, mRingNum=3, mLoopSwitch=0, mLoopCycleDays=0, mLoopID=-1, mLoopWorkDays=0, mLoopAlarmNumber=0, mLoopDay=1, mLoopRestDays=#, loopList size=0, mRingAbsolutePath=/data/oplus/multimedia/ringtones/Cloudscape.ogg, mGarbSwitch=0}
04-09 16:02:08.273 E/Camera2-FrameProcessorBase( 2747): threadLoop() setting ux state
04-09 16:02:08.274 I/WeatherS_SharedUtil(13187): send not force send and lastSendResult is 202
04-09 16:02:08.274 D/SensorService( 3590): Calling activate on 1008
04-09 16:02:08.274 D/FusionLightNextGen( 3590): activate light size = 4, rgb size = 1, ident = 0xb40000707c102e00
04-09 16:02:08.274 D/SensorService( 3590): SensorDevice::activate: ident=0xb40000707c102e00, handle=0x000003f0, enabled=1, count=1
04-09 16:02:08.274 D/SensorService( 3590): enable index=0
04-09 16:02:08.274 D/SensorService( 3590): info.numActiveClients() = 1, info.isActive = 0
04-09 16:02:08.274 D/SensorService( 3590): activateHardware = 1
04-09 16:02:08.274 D/SensorService( 3590): 	>>> actuating h/w activate handle=1008 enabled=1
04-09 16:02:08.274 D/FusionLightNextGen( 3590): activateInternal mIsRecordingConnection = 1, mIsFusionLightActivated = 1, mIsFusionRGBActivated = 1
04-09 16:02:08.274 D/SensorService( 3590): SensorDevice::activate: ident=0xb40000707c102e00, handle=0x000006a5, enabled=1, count=5
04-09 16:02:08.274 D/SensorService( 3590): enable index=1
04-09 16:02:08.274 D/SensorService( 3590): info.numActiveClients() = 5, info.isActive = 1
04-09 16:02:08.274 D/SensorService( 3590): activateHardware = 0
04-09 16:02:08.274 D/SensorService( 3590): SensorDevice::activate: ident=0xb40000707c102e00, handle=0x000006cd, enabled=1, count=1
04-09 16:02:08.274 D/SensorService( 3590): enable index=0
04-09 16:02:08.274 D/SensorService( 3590): info.numActiveClients() = 1, info.isActive = 0
04-09 16:02:08.274 D/SensorService( 3590): activateHardware = 1
04-09 16:02:08.274 D/SensorService( 3590): 	>>> actuating h/w activate handle=1741 enabled=1
04-09 16:02:08.274 I/UTrace.Lib.UserUnlock(26985): isUnlocked() result=true pkg=com.oplus.pantanal.ums currentTime=768944877 [UMS|com.oplus.pantanal.ums|2.0.42-6d1531a]
04-09 16:02:08.274 I/[VFXEffect]( 2399): SurfaceControlViewHost#594 type[1.000000] id[0.000000] action[1.000000] status[1.000000] params[0.000000]
04-09 16:02:08.274 D/OplusCameraService( 2747): Set async binder(tid: -1 isEnable: 1) successfully.
04-09 16:02:08.274 I/sensors-hal( 2113): activate:116, qti.sensor.high_pwm_cct/1741 en=1
04-09 16:02:08.274 I/sensors-hal( 2113): activate:78, oplus_high_pwm_cct::activate, cct_type 1
04-09 16:02:08.274 I/sensors-hal( 2113): acquire_qsh_interface:131, acquire_qsh_interface with sensor_id 14 , conn_type 2 
04-09 16:02:08.274 D/ClockTag_ActivityNativeUtils(15518): getCurrentUser currentUserID: 0
04-09 16:02:08.274 D/ClockTag_AlarmSchedule(15518): alarm user:0,current user0
04-09 16:02:08.274 D/ClockTag_AlarmSchedule(15518): Get Alarm from cursor: Alarm{mId=5, mEnabled=true, mHour=17, mMinutes=59, mRepeatSet=32, mTime=0, mLabel='自行车保养骑到荟聚, mAlert=content://media/internal/audio/media/127?title=Cloudscape&canonical=1, mRingName='默认铃声, mSilent=false, mAlertType=2, mDeleteAfterUse=0, mVolume=0, mSnoonzeItem=1, mSelected=false, mVibrate=64, mWorkdaySwitch=0, mHolidaySwitch=0, mOwnerUserId=0, mCloseOncePriTime=0, mCloseOnceTime=0, mEnableAssociate=1, mUUID=4fa753401834423d9b6a7bde2f******, mSnoozeTime=5, mWorkDayType=0, mWorkdayUpdateTime=2025-04-06 21:42:43, mSpecialAlarmDays=#, mDefaultAlarm=0, mRingNum=3, mLoopSwitch=0, mLoopCycleDays=0, mLoopID=-1, mLoopWorkDays=0, mLoopAlarmNumber=0, mLoopDay=1, mLoopRestDays=#, loopList size=0, mRingAbsolutePath=/data/oplus/multimedia/ringtones/Cloudscape.ogg, mGarbSwitch=0}
04-09 16:02:08.274 D/ClockTag_ClockProvider(15518): query uri: content://com.coloros.alarmclock.alarmclock/alarm, selection: loopID = -1
04-09 16:02:08.275 I/ClockTag_ClockProvider(15518): Alarms.query end: Bundle[{max_alarm_count=450}]
04-09 16:02:08.275 D/JsConsole( 8338): 🚀 ~ file: 1*1:217 ~ refreshWeatherData定位刷新 [{"city_code":"00399850116307","current_temp":"10","weather_id":6,"weather_index":0,"sunrise_time":"1775684760000","sunset_time":"1775731560000","time_zone":"8.0"}]
04-09 16:02:08.275 D/JsConsole( 8338): 🚀 ~ file: 1*1:308 ~ inits:默认,_instId:4
04-09 16:02:08.275 D/JsConsole( 8338): 🚀 ~ file: 1*1:238 ~ inits ~ new_instId: 默认 {"_instId":4}
04-09 16:02:08.276 D/ClockTag_ClockProvider(15518): query uri: content://com.coloros.alarmclock.alarmclock/alarm, selection: enabled = 1 and loopID = -1
04-09 16:02:08.277 D/NearmeContentResolver( 8338): invokeInner: action=query instanceId=4
04-09 16:02:08.277 D/NearmeContentResolver( 8338): lastCheckTime is 767470580, canExecuteByStepTime key: content://com.oplusos.weather.service.provider.data/quick_card_loc_weather_query
04-09 16:02:08.277 D/NearmeContentResolver( 8338): uri content://com.oplusos.weather.service.provider.data/quick_card_loc_weather
04-09 16:02:08.277 W/RemoteSubPackageManager( 8338): use cacheRemoteSubPackageInfo
04-09 16:02:08.277 D/NearmeContentResolver( 8338): cache providerUriWhitelist: [content://com.oplusos.weather.service.provider.data]  pass: true
04-09 16:02:08.277 D/NearmeContentResolver( 8338): getTask:  task:132451777  instantId:4
04-09 16:02:08.277 D/ContentResolverTask( 8338): executeResolver newUri: content://com.oplusos.weather.service.provider.data/quick_card_loc_weather
04-09 16:02:08.277 I/AONLog  (26059): AONBroadcastReceiver: aon receiver android.intent.action.SCREEN_ON
04-09 16:02:08.277 V/AONLog  (26059): AONBroadcastReceiver: AON screen_on
04-09 16:02:08.278 D/ScreenOffGestureService(24476): mWakeUpArouseReceiver action= android.intent.action.SCREEN_ON mScreenOnByLiftHand = false
04-09 16:02:08.278 D/ScreenOffGestureService(24476): onReceive: LIMIT  = 1775721728278
04-09 16:02:08.278 D/ScreenOffGestureService(24476): mWakeUpArouseRunnable disableWakeUpArouseWork mHasWakeupUnloadAlgDisableFeature = false
04-09 16:02:08.278 I/sensors-hal( 2113): qsh_qmi:41, qsh_qmi
04-09 16:02:08.278 I/sensors-hal( 2113): send_sensor_config_request:570, dt=wise_rgb: convert sample_period=200000000 to batch_period=200000
04-09 16:02:08.278 I/sensors-hal( 2113): send_sync_sensor_request:443, send sync request
04-09 16:02:08.278 I/sensors-hal( 2113): send_sync_sensor_request:472, wait for notification of response
04-09 16:02:08.278 D/AONLog  (26059): AONServiceBinder: handleMessage msgType=5
04-09 16:02:08.278 I/AONLog  (26059): AONServiceBinder: receive screen on...
04-09 16:02:08.278 I/AONLog  (26059): AONServiceBinder: clearRequestArray
04-09 16:02:08.278 I/SystemUi--Notification( 8338): MediaSeedlingControlExImpl-->MEDIA_SEEDLING-->hasSeedlingCard: false, allowMediaPlayerOnLockScreen: false
04-09 16:02:08.279 W/SensorService( 3590): SensorEventConnection sensor handle=1662, package = com.oplus.systemui.keyguard.gesture.OplusDoubleClickSleep$3 disable
04-09 16:02:08.279 D/AppModule(14034): onTriggerHookEvent: eventId=18, pid=14214, uid=1000, pkgName=android
04-09 16:02:08.279 D/SystemState(14034): noteCameraStart,uid=1000, pid=14214
04-09 16:02:08.279 W/libc    ( 2747): Access denied finding property "vendor.debug.is.rioapk"
04-09 16:02:08.279 I/UTrace.Sdk(26985): start() parentCtx=p_8338_5cc83d4@8560@-1 myCtx=UTraceContext(traceID=7f0000011775721728215424908338, current=p_26985_3aa6b6f@665@910000, parent=p_8338_5cc83d4@8560@-1, spanType=1, valid=1, tag=null) UTraceApp.mEnabled=true switchOn=true SdkConfig.isEnabled=true [UMS|com.oplus.pantanal.ums|2.0.42-6d1531a]
04-09 16:02:08.279 W/libc    ( 2747): Access denied finding property "vendor.debug.magnet.enable"
04-09 16:02:08.279 E/cameraserver( 2747): StatusCallbackManager.cpp: 138 notifyDeviceOpened notify device open E.
04-09 16:02:08.279 E/cameraserver( 2747): StatusCallbackManager.cpp: 149 notifyDeviceOpened notify device open X.
04-09 16:02:08.279 I/CameraServiceProxyWrapper( 2747): logOpen: id 1, facing 1, effectiveApiLevel 2, isNdk 0, latencyMs 62
04-09 16:02:08.279 I/SystemUi--Keyguard( 8338): OplusKeyguardBottomAreaController-->updateBottomAreaElementUi: reason=updateWorkProfileState, isKgdGlideTipShowing=false, isKeyguardVisible=true
04-09 16:02:08.279 I/SystemUi--Keyguard( 8338): OplusBiometricAuthContr-->getFpType udfpsBottomPadding 162.5, isStatic = false
04-09 16:02:08.279 D/Utils   ( 2747): Set regular priority for thread (tid 3269)
04-09 16:02:08.279 I/SystemUi--Keyguard( 8338): OplusKeyguardBottomAreaController-->fpType 3, isSupportedFpType true
04-09 16:02:08.279 I/SystemUi--Keyguard( 8338): OplusKeyguardBottomAreaController-->hasLockscreenMagazineTips=false  hasWorkProfile=false  hasLockscreenSignature=true
04-09 16:02:08.279 I/IPCThreadState( 3590): oneway function results for code 10006 on binder at 0xb400007091a7e8a0 will be dropped but finished with status UNKNOWN_TRANSACTION
04-09 16:02:08.279 I/SystemUi--Keyguard( 8338): OplusKeyguardBottomAreaController-->displayMode LockscreenSignature bottomAreaDisplayConfig BottomAreaDisplayConfig(lockscreenSignatureVisible=true, workProfileVisible=false, lockscreenMagazineVisible=false, notificationCapsulePosition=1, glideTipViewPosition=5, affordanceTipViewPosition=1)
04-09 16:02:08.279 I/SystemUi--Keyguard( 8338): OplusBiometricAuthContr-->getFpType udfpsBottomPadding 162.5, isStatic = false
04-09 16:02:08.279 I/SystemUi--Keyguard( 8338): KeyguardSignatureView-->showSignature reason=signatureVisible
04-09 16:02:08.279 I/SystemUi--Keyguard( 8338): OplusKeyguardBottomAreaController-->updateNotificationCapsulePosition 1
04-09 16:02:08.280 I/[FACE_HAL][CameraHelpers]( 3304): [initCamera] openCamera out, id: 1
04-09 16:02:08.281 I/ClockTag_ClockProvider(15518): Alarms.query end: Bundle[{max_alarm_count=450}]
04-09 16:02:08.282 I/CameraDeviceClient( 2747): createStream : stream size is 0 x 0
04-09 16:02:08.282 E/WeatherS_PrivacyStatementExport(13187): isAgreed1
04-09 16:02:08.282 I/[VFXEffect]( 2399): SurfaceControlViewHost#594 type[1.000000] id[0.000000] action[1.000000] status[1.000000] params[0.000000]
04-09 16:02:08.282 W/WeatherS_ApkSignedCheck(13187): checkCertificateWhiteList: not in inWhiteListandroid.uid.systemui:10216
04-09 16:02:08.282 I/WeatherS_WeatherProvider(13187): query option: 57,callingUid: 10216,name: android.uid.systemui:10216
04-09 16:02:08.282 W/OPLUS_LOG_LOAD( 5836): ==LOGS PROG INFO, prog(com.oplus.camera) ==
04-09 16:02:08.282 V/OCAM_CameraAvailableDetector( 5836): onCameraUnavailable, cameraId: 1
04-09 16:02:08.282 I/WeatherS_SharedUtil(13187): send not force send and lastSendResult is 202
04-09 16:02:08.283 D/ClockTag_ClockProvider(15518): query uri: content://com.coloros.alarmclock.alarmclock/alarm, selection: enabled = 1 and garbSwitch = 1
04-09 16:02:08.283 I/ClockTag_ClockProvider(15518): Alarms.query end: Bundle[{max_alarm_count=450}]
04-09 16:02:08.283 D/Utils   ( 2747): Set real time priority for thread (tid 3269)
04-09 16:02:08.283 I/OStatsManager_Calc( 3590): noteCamera: uid = 1000, start = true
04-09 16:02:08.283 D/ClockTag_AiSupportContentProvider(15518): queryAlarmNextRingTime: openAlamSize2alarmSize:7openGarbAlarmSize:0
04-09 16:02:08.283 D/ClockTag_AiSupportContentProvider(15518): nextSchedule:1775901540000
04-09 16:02:08.283 D/ClockTag_AiSupportContentProvider(15518): call: query_alarm_next_ring_time, args: Bundle[EMPTY_PARCEL], result: Bundle[{result=1, alarmSize=7, data=1775901540000, enableAlarmSize=2}]
04-09 16:02:08.283 D/ConvertUtils( 8338): key result type: int
04-09 16:02:08.283 D/ConvertUtils( 8338): key data type: long
04-09 16:02:08.283 D/ConvertUtils( 8338): key alarmSize type: int
04-09 16:02:08.283 D/ConvertUtils( 8338): key enableAlarmSize type: int
04-09 16:02:08.283 D/ConvertUtils( 8338): jsonObject {"result":1,"data":1775901540000,"alarmSize":7,"enableAlarmSize":2}
04-09 16:02:08.283 D/JsConsole( 8338): 下次闹铃--> 2026-04-11 17:59:00 1775901540000 闹铃数量--> 7 data--> {"result":1,"data":1775901540000,"alarmSize":7,"enableAlarmSize":2}
04-09 16:02:08.285 E/[CAM-OEMLAYER] ( 2172): [ERROR][ProviderExt] oemhal3.cpp:484 configure_streams() [CAM-OEMLAYER] HalOp: X
04-09 16:02:08.285 E/[CAM-OEMLAYER] ( 2172): [ERROR][ProviderExt] oemcamera3device.cpp:825 PreConfig() [CAM-OEMLAYER] no find vendor tags com.oplus.is.sdk.camera.package
04-09 16:02:08.285 E/[CAM-OEMLAYER] ( 2172): [ERROR][ProviderExt] performancemanager.cpp:732 InitPackageName() [CAM-OEMLAYER] no find vendor tags com.oplus.is.sdk.camera.package
04-09 16:02:08.285 E/[CAM-OEMLAYER] ( 2172): [ERROR][ProviderExt] oemlayercontext.cpp:1558 SetOperationMode() [CAM-OEMLAYER] Not to config ViewFinderOperationMode
04-09 16:02:08.285 E/[CAM-OEMLAYER] ( 2172): [ERROR][ProviderExt] oemlayercontext.cpp:1607 InitRemapTarget() [CAM-OEMLAYER] ZoomRemapGroupName is NULL
04-09 16:02:08.285 E/[CAM-OEMLAYER] ( 2172): [ERROR][ProviderExt] oemcamera3device.cpp:961 Config() [CAM-OEMLAYER] get vendor tags packageName error!!
04-09 16:02:08.285 I/CamX    ( 2172): [ALWAYS_ON  ] opluscamxhwinterface.cpp:679 LoadOPPackageName() [OP_EXT] mClientPackageName:client.pid<3304> OPCamera: com.oplus.camera,CamEngineerMode: com.oplus.engineercamera m_isThirdAppUseAFMultiWindow 0 m_isScanner:0
04-09 16:02:08.286 D/JsConsole( 8338): 🚀 ~ file: 1*1:261 ~ inits ~ 原数据:默认[{"city_code":"00399850116307","current_temp":"10","weather_id":6,"weather_index":0,"sunrise_time":"1775684760000","sunset_time":"1775731560000","time_zone":"8.0"}]
04-09 16:02:08.286 I/SystemUi--Notification( 8338): MediaSeedlingControlExImpl-->MEDIA_SEEDLING-->hasSeedlingCard: false, allowMediaPlayerOnLockScreen: false
04-09 16:02:08.286 D/JsConsole( 8338): 🚀 ~ file: 1*1:308 ~ 存在天气数据，处理啊
04-09 16:02:08.286 D/JsConsole( 8338): 🚀 ~ file: 1*1:324 ~ 是否是极昼极夜: {"isExtremeDaylight":false}
04-09 16:02:08.286 D/JsConsole( 8338): 🚀 ~ file: 1*1:448 ~ 时间节点 {"dayType":"NORMAL","currentTimeIsToday":true,"todayData":{"city_code":"00399850116307","current_temp":10,"weather_id":6,"weather_index":0,"sunrise_time":"1775684760000","sunset_time":"1775731560000","time_zone":"8.0"},"nowTime":1775721728286,"sunriseTime":"1775684760000","sunsetTime":"1775731560000","currentTimeHH":16,"currentTimeMin":2,"currentMin_num":962,"sunriseMin_num":346,"sunsetMin_num":1126}
04-09 16:02:08.286 D/JsConsole( 8338): ---dayType-111--
04-09 16:02:08.286 D/JsConsole( 8338): 🚀 ~ file: 1*1:368 ~ 设置晴夜、多云夜type: morning
04-09 16:02:08.286 D/JsConsole( 8338): 🚀 ~ file: 1*1:385 ~ pageStatus: {"pageStatus":0,"icon":"light_rain.svg"}
04-09 16:02:08.286 I/UTrace.Sdk.Manager(26985): addTraceInThread() record=UTraceRecordV2(traceID=7f0000011775721728215424908338, current=p_26985_3aa6b6f@665@910000, parent=p_8338_5cc83d4@8560@-1, spanName=com.oplus.pantanal.ums(910000), startTime=1775721728279, endTime=0, status=0, info=, hasError=0, statusCode=0, type=1, spanType=1, tags={}) [UMS|com.oplus.pantanal.ums|2.0.42-6d1531a]
04-09 16:02:08.286 D/AONLog  (26059): IntelPerceptUtils: componentName:ComponentInfo{com.android.launcher/com.android.launcher.Launcher}
04-09 16:02:08.286 D/AONLog  (26059): IntelPerceptUtils: LAUNCHER_UI on top
04-09 16:02:08.287 D/AudioBoost( 2384): audioSchedBoost, pid=2384, tid=8215, enable=1, ret=0
04-09 16:02:08.287 I/AONLog  (26059): IntelPerceptMgr: isSuperPowerSaveFunc:false isScreenOn：true enable：true mLuancherTop:false mFoldingMode:-1
04-09 16:02:08.287 D/AudioFlingerExtImpl( 2384): AudioFlingerExtImpl oplusSetParameters: keyvalue cameraFacing=front
04-09 16:02:08.287 D/DeviceHalAidl( 2384): [default] setParameters: parameters: "cameraFacing=front"
04-09 16:02:08.287 I/CamX    ( 2172): [ALWAYS_ON  ] camxhal3.cpp:1686 configure_streams() HalOp: Begin CONFIG: 0xb4000079f1061250, logicalCameraId: 1, cameraId: 1
04-09 16:02:08.287 I/CamX    ( 2172): [ALWAYS_ON  ] camxhal3.cpp:1764 configure_streams() operation_mode: 0
04-09 16:02:08.287 I/ChiX    ( 2172): [ALWAYS_ON  ][CORE   ] extensionlayerinterface.cpp:96 oplus_initialize_override_session() [OP_EXT] CREATE_SESSION E
04-09 16:02:08.287 E/ChiX    ( 2172): [ERROR][CORE   ] pluginbase.cpp:1030 InitPackageName() no find vendor tags com.oplus.is.sdk.camera.package
04-09 16:02:08.287 E/ChiX    ( 2172): [ERROR][CORE   ] pluginbase.cpp:1365 InitPackageName()  multiCam_3adebug   0 != find_camera_metadata_entry(metadata, tagId, &entry)
04-09 16:02:08.287 I/ChiX    ( 2172): [ALWAYS_ON  ][CORE   ] streamclassifier.cpp:118 ClassifyTargetStream() [OP_EXT] streamType = 0 streamFormat = 35 streamWidth = 640 streamHeight = 480, usage = 3, pid -1, data 0x8c20000
04-09 16:02:08.288 I/ChiX    ( 2172): [ALWAYS_ON  ][CORE   ] pluginbase.cpp:3186 SetMaxFPS() [OP_EXT] :  MaxFPS: 30
04-09 16:02:08.288 E/ChiX    ( 2172): [ERROR][CORE   ] pluginbase.cpp:2231 InitModeDescriptor() Not to config ViewFinderMasterModeStreamInfo
04-09 16:02:08.288 E/ChiX    ( 2172): [ERROR][CORE   ] pluginbase.cpp:2258 InitModeDescriptor() Not to config ViewFinderOperationMode
04-09 16:02:08.288 E/ChiX    ( 2172): [ERROR][CORE   ] pluginbase.cpp:2990 isQCEISEnable() isDisable4K30VideoEIS is not found!
04-09 16:02:08.288 I/ChiX    ( 2172): [ALWAYS_ON  ][CORE   ] pluginbase.cpp:3001 isQCEISEnable() [OP_EXT] : dualscene.master = -1 
04-09 16:02:08.288 I/ChiX    ( 2172): [ALWAYS_ON  ][CORE   ] pluginbase.cpp:3186 SetMaxFPS() [OP_EXT] :  MaxFPS: 30
04-09 16:02:08.288 I/ChiX    ( 2172): [ALWAYS_ON  ][CORE   ] pluginbase.cpp:2651 InitModeDescriptor() [OP_EXT] NeedVideoEis:0 Feature2EIS:1
04-09 16:02:08.288 I/ChiX    ( 2172): [ALWAYS_ON  ][CORE   ] pluginbase.cpp:2846 InitModeDescriptor() [OP_EXT] Final mode descriptor  name: 0 , position type: 2, operation mode: 0x0
04-09 16:02:08.288 E/ChiX    ( 2172): [ERROR][CORE   ] zoomdivisioncontroller.cpp:103 InitZoomController() read PhotoRealtimeEIS originratio failed
04-09 16:02:08.288 E/ChiX    ( 2172): [ERROR][CORE   ] zoomdivisioncontroller.cpp:108 InitZoomController() read PhotoRealtimeEIS targetratio failed
04-09 16:02:08.288 E/WifiHAL ( 2123): wifi_get_cached_scan_results: Wifi Cached Scan Result not supported by driver
04-09 16:02:08.288 E/WifiStaIfaceAidlImpl( 3590): getCachedScanData failed with service-specific exception: android.os.ServiceSpecificException:  (code 4)
04-09 16:02:08.288 D/libc-netbsd( 9273): [oplusDnsOpenProxy]: __netdClientDispatch.connect errno = 111
04-09 16:02:08.288 D/DNS_CACHE( 9273): oplus_oplus_getaddrinfo_proxy open dns proxy failed, use android flow: 10306
04-09 16:02:08.289 D/Zygote  ( 2014): Forked child process 18140
04-09 16:02:08.289 I/sensors-hal( 2113): qsh_conn_resp_cb:793, resp_value = 0 for wise_rgb 
04-09 16:02:08.290 I/sensors-hal( 2113): qsh_conn_event_cb:720, SCHED_FIFO(10) for qmi_cbk
04-09 16:02:08.290 I/sensors-hal( 2113): send_sync_sensor_request:478, takes 11 ms to receive the response with 0
04-09 16:02:08.290 I/sensors-hal( 2113): config_connection:959, light_iface: config_connection type 1, on 1, result 3
04-09 16:02:08.290 I/sensors-hal( 2113): activate:135, qti.sensor.high_pwm_cct/1741 en=1 completed
04-09 16:02:08.290 I/sensors-hal( 2113): qsh_conn_event_cb:756, event[0] msg_id=769, ts=14763828170090, sensor_type = tcs3720 Proximity Sensor Wakeup
04-09 16:02:08.290 I/sensors-hal( 2113): handle_sns_client_event:104, prox_event: ts=768944895254208, raw_adc=70, near_far=0, distance=5.000000, timestamp = 14763828170090
04-09 16:02:08.290 I/PTC.SDK.AppIpc(26651): remote request. true
04-09 16:02:08.290 D/SensorServiceUtils( 3590): sensorEventBufferFlagsHook send new event PROXIMITY = 5.000000
04-09 16:02:08.290 I/[VFXEffect]( 2399): SurfaceControlViewHost#594 type[1.000000] id[0.000000] action[1.000000] status[1.000000] params[0.000000]
04-09 16:02:08.291 D/SensorService( 3590): 0xb4000072361d4e00 removeFd fd=1014
04-09 16:02:08.291 D/SensorService( 3590): SensorDevice::activate: ident=0xb4000072361d4e00, handle=0x0000067e, enabled=0, count=1
04-09 16:02:08.291 D/SensorService( 3590): disable index=0
04-09 16:02:08.291 D/SensorService( 3590): activateHardware = 1
04-09 16:02:08.291 D/SensorService( 3590): 	>>> actuating h/w activate handle=1662 enabled=0
04-09 16:02:08.291 I/MainLooperBlockDetector(25107): com.oplus.assistantscreen.common.helper.ApplicationStateChangeMonitor$ScreenOnOffBroadcastReceiver.onReceive
04-09 16:02:08.291 I/MainLooperBlockDetector(25107): checkMainLooperBlocked: message not updated
04-09 16:02:08.291 I/AstScreen.ApplicationStateChangeMonitor(25107): ScreenOnOffBroadcastReceiver onReceive, startIntent { act=android.intent.action.SCREEN_ON flg=0x58200010 }
04-09 16:02:08.291 I/AstScreen.ApplicationStateChangeMonitor(25107): onScreenOnOff true
04-09 16:02:08.291 I/AstScreen.ApplicationStateChangeMonitor(25107): ScreenOnOffBroadcastReceiver onReceive,   end android.intent.action.SCREEN_ON
04-09 16:02:08.291 I/APS_ALOG( 5836): flushRoutine g_immediateFlush=0 g_pendingCount=0 g_oobCount=0
04-09 16:02:08.293 D/PTC.SDK.ConnectionServiceClientsImpl(26651): getAvailableDevices,[]
04-09 16:02:08.293 I/sensors-hal( 2113): activate:116, qti.sensor.gesture_prox/1662 en=0
04-09 16:02:08.293 I/sensors-hal( 2113): send_sync_sensor_request:443, send sync request
04-09 16:02:08.293 I/sensors-hal( 2113): send_sync_sensor_request:472, wait for notification of response
04-09 16:02:08.293 V/SystemSensorManagerExtImpl( 3590): RegisterListener tcs3720 Proximity Sensor Wakeup type:8 delay:66667us by com.android.server.display.color.eyeprotect.manager.AiCurveManager$2@e184b7f from android
04-09 16:02:08.293 W/SensorService( 3590): SensorEventConnection sensor handle=82, package = com.android.server.display.color.eyeprotect.manager.AiCurveManager enable
04-09 16:02:08.293 E/SensorService( 3590): Required app com.android.server.display.color.eyeprotect.manager.AiCurveManager, uid 1000, pid 3590
04-09 16:02:08.293 I/PTC.SDK.AppIpc(26651): remote request. true
04-09 16:02:08.294 D/AHAL_HFP_QTI( 2128): hfp_set_parameters enter
04-09 16:02:08.295 D/AHAL_HFP_QTI( 2128): hfp_set_parameters Exit
04-09 16:02:08.295 I/PTC.SDK.AppIpc(26651): remote request. true
04-09 16:02:08.295 D/PTC.SDK.ConnectionServiceClientsImpl(26651): getAvailableDevices,[]
04-09 16:02:08.295 D/DeviceStateMonitor(25107): source = BROADCAST_SOURCE_LOCAL; mScreenOff = false , false
04-09 16:02:08.295 E/UMS.CommonUtils(26985): Failed to get meta data for health.fluid.export in com.heytap.health.international
04-09 16:02:08.295 E/UMS.CommonUtils(26985): android.content.pm.PackageManager$NameNotFoundException: com.heytap.health.international
04-09 16:02:08.295 E/UMS.CommonUtils(26985): 	at android.app.ApplicationPackageManager.getApplicationInfoAsUser(ApplicationPackageManager.java:564)
04-09 16:02:08.295 E/UMS.CommonUtils(26985): 	at android.app.ApplicationPackageManager.getApplicationInfo(ApplicationPackageManager.java:547)
04-09 16:02:08.295 E/UMS.CommonUtils(26985): 	at android.app.ApplicationPackageManager.getApplicationInfo(ApplicationPackageManager.java:541)
04-09 16:02:08.295 E/UMS.CommonUtils(26985): 	at com.oplus.ums.common.utils.e.c(Unknown Source:16)
04-09 16:02:08.295 E/UMS.CommonUtils(26985): 	at com.oplus.ums.common.utils.e.d(Unknown Source:46)
04-09 16:02:08.295 E/UMS.CommonUtils(26985): 	at com.oplus.ums.common.entrance.a.a(Unknown Source:41)
04-09 16:02:08.295 E/UMS.CommonUtils(26985): 	at com.oplus.ums.content.intent.IntentProviderManager.checkPackageIsIllegal(Unknown Source:4)
04-09 16:02:08.295 E/UMS.CommonUtils(26985): 	at com.oplus.ums.content.intent.IntentProviderManager.handleReceivedIntent(Unknown Source:16)
04-09 16:02:08.295 E/UMS.CommonUtils(26985): 	at com.oplus.ums.content.intent.IntentProvider.call(Unknown Source:60)
04-09 16:02:08.295 E/UMS.CommonUtils(26985): 	at android.content.ContentProvider$Transport.call(ContentProvider.java:653)
04-09 16:02:08.295 E/UMS.CommonUtils(26985): 	at android.content.ContentProviderNative.onTransact(ContentProviderNative.java:307)
04-09 16:02:08.295 E/UMS.CommonUtils(26985): 	at android.os.Binder.execTransactInternal(Binder.java:1444)
04-09 16:02:08.295 E/UMS.CommonUtils(26985): 	at android.os.Binder.execTransact(Binder.java:1378)
04-09 16:02:08.295 D/PTC.SDK.ConnectionServiceClientsImpl(26651): getAvailableDevices,[]
04-09 16:02:08.295 I/UMS.CommonUtils(26985): health.fluid.export :-1 ,metaValue=-1 Type=int
04-09 16:02:08.296 W/statsd  ( 2013): StatsPullerManager: Unknown tagId 150145
04-09 16:02:08.296 E/statsd  ( 2013): Stats puller failed for tag: 150145 at 768944768165033
04-09 16:02:08.296 W/statsd  ( 2013): StatsPullerManager: Unknown tagId 150145
