04-09 16:02:08.296 E/statsd  ( 2013): Stats puller failed for tag: 150145 at 768944768165033
04-09 16:02:08.296 W/statsd  ( 2013): StatsPullerManager: Unknown tagId 150145
04-09 16:02:08.296 E/statsd  ( 2013): Gauge Stats puller failed for tag: 150145 at 768944768165033
04-09 16:02:08.296 W/statsd  ( 2013): StatsPullerManager: Unknown tagId 150146
04-09 16:02:08.296 E/statsd  ( 2013): Gauge Stats puller failed for tag: 150146 at 768944768165033
04-09 16:02:08.297 D/AHAL_OplusRecord( 2128): setParameters: 1039: mCameraFacingFront 1
04-09 16:02:08.297 D/AHAL_ModulePrimary_OPLUS( 2128): processSetVendorParameters: kvpairs: cameraFacing=front;
04-09 16:02:08.297 D/DeviceHalAidl( 2384): [usb] setParameters: parameters: "cameraFacing=front"
04-09 16:02:08.298 E/ConversionHelperAidl( 2384): Function: parseAndSetVendorParameters Line: 94 Failed 
04-09 16:02:08.298 D/DeviceHalAidl( 2384): [r_submix] setParameters: parameters: "cameraFacing=front"
04-09 16:02:08.298 I/sensors-hal( 2113): qsh_conn_resp_cb:793, resp_value = 0 for gesture_prox 
04-09 16:02:08.298 I/sensors-hal( 2113): send_sync_sensor_request:478, takes 4 ms to receive the response with 0
04-09 16:02:08.298 I/sensors-hal( 2113): qsh_conn_event_cb:756, event[0] msg_id=1025, ts=14763828240321, sensor_type = pocket Oplus_Pocket Sensor Wakeup
04-09 16:02:08.298 I/sensors-hal( 2113): handle_sns_client_event:77, pocket_event: pocket_mode = 5, up_state = 0, count = 2837, ts = 768944898912072
04-09 16:02:08.298 D/AHAL_ModuleRemoteSubmix( 2128): setVendorParameters: parameter count 1, async: 0
04-09 16:02:08.298 D/DeviceHalAidl( 2384): [bluetooth] setParameters: parameters: "cameraFacing=front"
04-09 16:02:08.298 E/ConversionHelperAidl( 2384): Function: parseAndSetVendorParameters Line: 94 Failed 
04-09 16:02:08.298 D/DeviceHalAidl( 2384): [binaural_record] setParameters: parameters: "cameraFacing=front"
04-09 16:02:08.299 I/[VFXEffect]( 2399): SurfaceControlViewHost#594 type[1.000000] id[0.000000] action[1.000000] status[1.000000] params[0.000000]
04-09 16:02:08.299 D/Quality-ScreenOnOffLogProcessor(15031): screenStateChanged: state: DISPLAY_STATE_ON
04-09 16:02:08.302 I/sensors-hal( 2113): ~qsh_qmi:68, ~qsh_qmi
04-09 16:02:08.302 I/sensors-hal( 2113): activate:135, qti.sensor.gesture_prox/1662 en=0 completed
04-09 16:02:08.302 D/SensorServiceExtImpl( 3590): setLastEventStateForDisable reset the mRecentEvent handle = 1662
04-09 16:02:08.302 D/SensorServiceExtImpl( 3590): disable reset the lastEvent handle = 1662 in disable
04-09 16:02:08.303 D/SensorService( 3590): 14 active sensors
04-09 16:02:08.303 D/SensorService( 3590): ~SensorEventConnection(0xb4000072361d4e00)
04-09 16:02:08.303 I/SystemUi--Aod( 8338): AodUpdateManager-->cancel hide alarm
04-09 16:02:08.303 W/SystemUi--Aod( 8338): SmoothTransitionController-->config not support enter aod by display panel feature!
04-09 16:02:08.303 I/SystemUi--Keyguard( 8338): OplusPreventModeExImpl-->Proximity: Event: value =  5.0, type : 33171075
04-09 16:02:08.303 I/SystemUi--Keyguard( 8338): OplusPreventModeExImpl-->SENSOR_TYPE_POCKET: Event: value =  0.0
04-09 16:02:08.303 I/SystemUi--Keyguard( 8338): OplusPreventModeExImpl-->nearOrFar: 2; downOrNot: 0
04-09 16:02:08.303 D/DeviceHalAidl( 2384): [virtual] setParameters: parameters: "cameraFacing=front"
04-09 16:02:08.303 E/WifiHAL ( 2123): wifi_get_cached_scan_results: Wifi Cached Scan Result not supported by driver
04-09 16:02:08.304 E/WifiStaIfaceAidlImpl( 3590): getCachedScanData failed with service-specific exception: android.os.ServiceSpecificException:  (code 4)
04-09 16:02:08.304 D/SensorService( 3590): enable sensor send lastEvent 82
04-09 16:02:08.304 D/SensorService( 3590): Calling batch handle==82 flags=0rate=66667000 timeout== 0
04-09 16:02:08.304 D/SensorService( 3590): SensorDevice::batch: ident=0xb40000707c102e00, handle=0x00000052, flags=0, period_ns=66667000 timeout=0
04-09 16:02:08.304 D/SensorService( 3590): 	>>> actuating h/w BATCH 0x00000052 66667000 0
04-09 16:02:08.304 I/ActivityManager( 3590): Start proc 18140:com.nearme.instant.platform:provider/u0a173 for content provider {com.nearme.instant.platform/com.nearme.instant.card.CardCalendarProxyProvider}
04-09 16:02:08.304 I/sensors-hal( 2113): batch:163, android.sensor.proximity/82, period=66667000, max_latency=0
04-09 16:02:08.304 I/sensors-hal( 2113): send_sensor_config_request:570, dt=proximity: convert sample_period=66667000 to batch_period=66667
04-09 16:02:08.304 I/sensors-hal( 2113): send_sync_sensor_request:443, send sync request
04-09 16:02:08.304 I/ActivityManager( 3590): ProcessObserver broadcast disabled
04-09 16:02:08.304 I/sensors-hal( 2113): send_sync_sensor_request:472, wait for notification of response
04-09 16:02:08.304 I/statsd  ( 2013): An anomaly (102950000001) (100002)0x10000->0[I] (100002)0x20000->2[I]  has occurred! Informing subscribers.
04-09 16:02:08.304 I/OStatsManager_OplusBatteryStatsManager( 3590): updateStateTime: PkgName = com.nearme.instant.platform, uid = 10173, state to bg, mForegroundCnt = 0, isFg = false
04-09 16:02:08.305 E/ConversionHelperAidl( 2384): Function: parseAndSetVendorParameters Line: 94 Failed 
04-09 16:02:08.305 I/MemoryOperationUtils( 3590): add 18140 to inactive
04-09 16:02:08.305 I/sensors-hal( 2113): qsh_conn_resp_cb:793, resp_value = 0 for proximity 
04-09 16:02:08.305 I/sensors-hal( 2113): qsh_conn_event_cb:756, event[0] msg_id=768, ts=14763828423675, sensor_type = tcs3720 Proximity Sensor Wakeup
04-09 16:02:08.305 I/sensors-hal( 2113): send_sync_sensor_request:478, takes 1 ms to receive the response with 0
04-09 16:02:08.305 I/sensors-hal( 2113): batch:185, android.sensor.proximity/82, period=66667000, max_latency=0 request completed
04-09 16:02:08.305 D/SensorService( 3590): Calling activate on 82
04-09 16:02:08.305 D/SensorService( 3590): SensorDevice::activate: ident=0xb40000707c102e00, handle=0x00000052, enabled=1, count=2
04-09 16:02:08.305 D/SensorService( 3590): enable index=0
04-09 16:02:08.305 D/SensorService( 3590): info.numActiveClients() = 2, info.isActive = 1
04-09 16:02:08.305 D/SensorService( 3590): activateHardware = 0
04-09 16:02:08.305 D/SensorService( 3590): 0xb40000707c102e00 addFd fd=1205
04-09 16:02:08.305 V/SystemSensorManagerExtImpl( 3590): RegisterListener stk37600 Oplus RGB Sensor Rear Non-wakeup type:33171052 delay:200000us by com.android.server.display.color.eyeprotect.manager.AiCurveManager$2@e184b7f from android
04-09 16:02:08.305 W/SensorService( 3590): SensorEventConnection sensor handle=1521, package = com.android.server.display.color.eyeprotect.manager.AiCurveManager enable
04-09 16:02:08.305 E/SensorService( 3590): Required app com.android.server.display.color.eyeprotect.manager.AiCurveManager, uid 1000, pid 3590
04-09 16:02:08.306 D/SensorService( 3590): Calling batch handle==1521 flags=0rate=200000000 timeout== 0
04-09 16:02:08.306 D/SensorService( 3590): SensorDevice::batch: ident=0xb40000707c102e00, handle=0x000005f1, flags=0, period_ns=200000000 timeout=0
04-09 16:02:08.306 D/SensorService( 3590): 	>>> actuating h/w BATCH 0x000005f1 200000000 0
04-09 16:02:08.306 D/AudioBoost( 2384): audioSchedBoost, pid=2384, tid=8215, enable=0, ret=0
04-09 16:02:08.306 I/sensors-hal( 2113): batch:163, qti.sensor.rgb_rear/1521, period=200000000, max_latency=0
04-09 16:02:08.306 I/sensors-hal( 2113): batch:185, qti.sensor.rgb_rear/1521, period=200000000, max_latency=0 request completed
04-09 16:02:08.306 W/Settings( 8406): Setting airplane_mode_on has moved from android.provider.Settings.System to android.provider.Settings.Global, returning read-only value.
04-09 16:02:08.307 I/metis_v2_MetroAwarenessCollector(24527): onCellInfoChanged: cell size=1
04-09 16:02:08.307 I/RCS_Service(31791): ServiceManager: receiver action :android.intent.action.SCREEN_ON
04-09 16:02:08.307 I/RCS_Service(31791): RcsKeepAliveManager: onNotifySystemBroadcast-> action:android.intent.action.SCREEN_ON
04-09 16:02:08.307 I/ContextAware_DailyStatisticsRecorder(24527): Increase context change count: metro_cell_count, value: 1
04-09 16:02:08.307 I/ContextAware_DailyStatisticsRecorder(24527): Increase context change count: metro_cell_cost_time_ms, value: 0
04-09 16:02:08.307 I/PCDR-pcdr_lte_nr_pingpong_opt[0](13839): handleCellInfoChange compoundIdStr:460_11_405526_1698132610
04-09 16:02:08.307 I/[VFXEffect]( 2399): SurfaceControlViewHost#594 type[1.000000] id[0.000000] action[1.000000] status[1.000000] params[0.000000]
04-09 16:02:08.307 D/SensorService( 3590): Calling activate on 1521
04-09 16:02:08.307 D/SensorService( 3590): SensorDevice::activate: ident=0xb40000707c102e00, handle=0x000005f1, enabled=1, count=1
04-09 16:02:08.307 D/SensorService( 3590): enable index=0
04-09 16:02:08.307 D/SensorService( 3590): info.numActiveClients() = 1, info.isActive = 0
04-09 16:02:08.307 D/SensorService( 3590): activateHardware = 1
04-09 16:02:08.307 D/SensorService( 3590): 	>>> actuating h/w activate handle=1521 enabled=1
04-09 16:02:08.307 E/5111PAS[16002114][f26f602].SharedPreferenceManager( 5111): getLong error: java.lang.String cannot be cast to java.lang.Long
04-09 16:02:08.307 I/sensors-hal( 2113): activate:116, qti.sensor.rgb_rear/1521 en=1
04-09 16:02:08.307 I/sensors-hal( 2113): acquire_qsh_interface:131, acquire_qsh_interface with sensor_id 3 , conn_type 2 
04-09 16:02:08.307 I/5111PAS[16002114][f26f602].ScreenStateHelper( 5111): ScreenBroadcastReceiver onReceive action:android.intent.action.SCREEN_ON
04-09 16:02:08.308 E/ChiX    ( 2172): [ERROR][CORE   ] chxextensionmodule.cpp:16369 IsVIULLEnabledFromSessionParameter() cameraMode is not found
04-09 16:02:08.308 E/ChiX    ( 2172): [ERROR][CORE   ] chxextensionmodule.cpp:16432 IsVIULLEnabledFromSessionParameter() VIULL is not supported for logicalCamId 1
04-09 16:02:08.308 D/Quality-ScreenOnOffLogProcessor(15031): screenStateInfo: timestamp_millis: 1775721728209
04-09 16:02:08.308 D/Quality-ScreenOnOffLogProcessor(15031): interactive: true
04-09 16:02:08.308 D/Quality-ScreenOnOffLogProcessor(15031): change_latency: 62
04-09 16:02:08.308 D/Quality-ScreenOnOffLogProcessor(15031): change_reason: 1
04-09 16:02:08.308 D/Quality-ScreenOnOffLogProcessor(15031): process_pid: 3590
04-09 16:02:08.308 V/OCAM_EasyAccessController( 5836): pause
04-09 16:02:08.309 I/GoLog   (25334): from udp:127.0.0.1:47419 accepted udp:114.114.114.114:53 [socks -> dns-out]
04-09 16:02:08.309 I/GoLog   (25334): from DNS accepted udp:8.8.8.8:53 [dns-module -> proxy]
04-09 16:02:08.309 I/5111PAS[16002114][f26f602].BaseResourceCollectManger_Travel( 5111): notifyResourceChange:10117
04-09 16:02:08.309 D/OplusWifiBroadCastDispatcher( 3590): mBroadcastReceiver: onReceiver  action=android.net.wifi.RSSI_CHANGED
04-09 16:02:08.311 I/sensors-hal( 2113): qsh_qmi:41, qsh_qmi
04-09 16:02:08.311 I/sensors-hal( 2113): send_sensor_config_request:570, dt=rgb_rear: convert sample_period=0 to batch_period=0
04-09 16:02:08.311 I/sensors-hal( 2113): send_sync_sensor_request:443, send sync request
04-09 16:02:08.311 I/sensors-hal( 2113): send_sync_sensor_request:472, wait for notification of response
04-09 16:02:08.311 I/PTC.APPCORE.EventBroadcastReceiver( 7501): onReceive, action=android.intent.action.SCREEN_ON
04-09 16:02:08.312 I/sensors-hal( 2113): qsh_conn_resp_cb:793, resp_value = 0 for rgb_rear 
04-09 16:02:08.312 I/sensors-hal( 2113): qsh_conn_event_cb:720, SCHED_FIFO(10) for qmi_cbk
04-09 16:02:08.313 I/sensors-hal( 2113): send_sync_sensor_request:478, takes 1 ms to receive the response with 0
04-09 16:02:08.313 I/sensors-hal( 2113): activate:135, qti.sensor.rgb_rear/1521 en=1 completed
04-09 16:02:08.313 D/SensorService( 3590): 0xb40000707c102e00 addFd fd=1205
04-09 16:02:08.313 D/OplusDisplayBrightnessBroadcastReceiver( 3590): onReceive action = android.intent.action.SCREEN_ON , listeners = [com.android.server.display.color.eyeprotect.manager.AiEyeProtectManagerController$ScreenChangedReceiverWithUpgradeUI@4cf668]
04-09 16:02:08.313 I/QImsService( 8551): OplusWifiApmStateMgr : onReceive,wifiSignal: -67
04-09 16:02:08.313 D/OplusDisplayBrightnessBroadcastReceiver( 3590): onReceive action = android.intent.action.TIME_TICK , listeners = [com.android.server.display.feature.ambience.events.event.TimeEvent$TimeChangeReceiver@5d7ccc3, com.android.server.display.color.eyeprotect.manager.AiCurveManager$RhythmBroadcastReceiverWithUpgradeUI@f17c940]
04-09 16:02:08.314 D/NfcService(11357): setReaderMode: uid=1000, packageName: android, flags: 4096
04-09 16:02:08.314 D/AlipayTouchManager(11357): isEnablePollingIfUnlocked: mIsEnablePollingIfUnlocked = false
04-09 16:02:08.314 I/NfcService(11357): setReaderMode called by camera:disable polling.
04-09 16:02:08.314 D/NfcService(11357): MSG_APPLY_SCREEN_STATE 2
04-09 16:02:08.315 D/VRR [OPlusSAManager]( 3590): updateAutoMinfps for 4630946685746860179 with nits: 96.595, mHistOK true, mAmbientOK true, mCctOK true, mIrOK true, mBrightnessOK true, isPkgOK true, SA min fps: 0
04-09 16:02:08.315 I/VRR-[OPlusRefreshRateSelector]( 2399): updateAutoMode success, display 0, mode 0, fakeframe 1, min fps: 120
04-09 16:02:08.315 D/VRR [OPlusHistogram]( 3590): registerCallbacks callbacks: com.oplus.vrr.OPlusSAManager$2@47faac0
04-09 16:02:08.315 D/VRR [OPlusHistogram]( 3590): mFeatureSwitch: true killer: KillerPatternBean{mEnable=false, mSamplerInterval=500, mLowGrayRatio=0.3, mMaxGrayRatio=0.8, mGrayCalcLowBit=0, mGrayCalcHighBit=3, mNitLowLimit=0.0} callbacks: 1 isSampling: false
04-09 16:02:08.315 I/SDM     ( 2181): DisplayBuiltIn::SetQSyncMode: VRR + update qsync mode 0 minfps 00C081F8
04-09 16:02:08.315 D/VRR [OPlusAmbientBrightness]( 3590): registerCallbacks callbacks: com.oplus.vrr.OPlusSAManager$1@e263f9
04-09 16:02:08.315 D/VRR [OPlusColorTemperature]( 3590): registerCallbacks callbacks: com.oplus.vrr.OPlusSAManager$3@6709f3e
04-09 16:02:08.315 D/VRR [OPlusInfrared]( 3590): registerCallbacks callbacks: com.oplus.vrr.OPlusSAManager$4@66ce19f
04-09 16:02:08.315 I/sensors-hal( 2113): qsh_conn_event_cb:756, event[0] msg_id=768, ts=14763828640730, sensor_type = tcs3720 Proximity Sensor Wakeup
04-09 16:02:08.315 D/OplusWifiRssiIssueTracker( 3590): action: android.net.wifi.RSSI_CHANGED
04-09 16:02:08.315 I/oplus_nfc(11357): [INFO] NFA_SetPowerSubStateForScreenState: state:0x2
04-09 16:02:08.315 D/OplusGameFirstManager( 3590): oldAverRssi=-67,rssi=-67,newAverRssi=-67
04-09 16:02:08.315 I/oplus_nfc(11357): [INFO] GKI_getbuf 0xb4000071d31eccb0 44:50
04-09 16:02:08.315 I/[VFXEffect]( 2399): SurfaceControlViewHost#594 type[1.000000] id[0.000000] action[1.000000] status[1.000000] params[0.000000]
04-09 16:02:08.315 I/oplus_nfc(11357): [INFO] NFA got event 0x011A
04-09 16:02:08.315 I/oplus_nfc(11357): [INFO] event: NFA_DM_API_SET_POWER_SUB_STATE_EVT (0x1a)
04-09 16:02:08.315 I/oplus_nfc(11357): [INFO] nfa_dm_set_power_sub_state
04-09 16:02:08.315 I/oplus_nfc(11357): [INFO] NFC_SetPowerSubState
04-09 16:02:08.315 I/oplus_nfc(11357): [INFO] GKI_getbuf 0xb4000070f92dbd10 45:50
04-09 16:02:08.315 I/oplus_nfc(11357): [INFO] nfc_ncif_send_cmd()
04-09 16:02:08.315 I/oplus_nfc(11357): [INFO] NfcAdaptation::HalWrite
04-09 16:02:08.315 I/oplus_nfc(11357): [INFO] NfcNdkAttach : GetEnv failed, ret = -2, env = 0x70f01d6590
04-09 16:02:08.316 E/android.hardware.power.stats-impl.oplus( 2247): HandleFactory::read open charger_input_current_now(/proc/charger/input_current_now) failed! fd: -1 errno: 2
04-09 16:02:08.316 W/android.hardware.power.stats-impl.oplus( 2247): PruneException: Unknown binder exception (2) pruned into EX_TRANSACTION_FAILED
04-09 16:02:08.316 I/android.hardware.nfc-service.nxp( 2254): write
04-09 16:02:08.316 W/midasd  (10250): handleFactory read failed.
04-09 16:02:08.316 I/NxpNciX ( 2254): len =   4 > 20090103
04-09 16:02:08.316 D/WifiPickerTracker( 8338): handleNetworkCapabilitiesChanged network:234
04-09 16:02:08.316 D/midasd  (10250): PowerFactors is null 
04-09 16:02:08.316 I/CameraMidasService( 2278): getExplorerInfo The size of ExplorerInfo is 240 ,The size of ExplorerInfo is 0, The memory size of ExplorerInfo is 0
04-09 16:02:08.316 D/midasd  (10250): getExplorerInfo is null 
04-09 16:02:08.316 D/WifiStatusTracker( 8338): mNetworkCallback onCapabilitiesChanged network:234 mPrimaryNetworkId:234
04-09 16:02:08.316 I/OplusObrain(15031): OplusObrainClientInvoke.nativeGetTrafficTypeInfoForNetworkType networkType 1
04-09 16:02:08.317 I/OplusObrain(15031): OplusObrainClientInvoke.nativeGetTelephonyInfo
04-09 16:02:08.317 E/SDM     ( 2181): DRMConnector::Perform: Connector 68: Setting Qsync min fps 12616184
04-09 16:02:08.317 D/SubsysEventListenerManager-SubsysTelephonyCallback[1](14034): onCellInfoChanged
04-09 16:02:08.317 D/CellChangeEvent(14034): update event
04-09 16:02:08.317 D/PolicyHandler(14034): updateEventContext trigger event Event{mEventName=CellChangeEvent,mNickName=cellchange,mEventVal=true,mDefaultVal=false,mId=-1,mDefaultId=-1,mInstanceId=0,mUseNameId=false}
04-09 16:02:08.317 D/CellMap/CellMonitor(14034): handleCellChange: [CellInfoNr:{ mRegistered=YES mTimeStamp=768944920459877ns mCellConnectionStatus=0 CellIdentityNr:{ mPci = 702 mTac = 2097161 mNrArfcn = 504990 mBands = [41] mMcc = 460 mMnc = 00 mNci = 5683769345 mAlphaLong = 中国移动 mAlphaShort = 中国移动 mAdditionalPlmns = {} } CellSignalStrengthNr:{ csiRsrp = 2147483647 csiRsrq = 2147483647 csiCqiTableIndex = 2147483647 csiCqiReport = [] ssRsrp = -76 ssRsrq = -10 ssSinr = 20 level = 3 parametersUseForLevel = 0 timingAdvance = 2147483647 } }]
04-09 16:02:08.318 W/Settings( 8406): Setting airplane_mode_on has moved from android.provider.Settings.System to android.provider.Settings.Global, returning read-only value.
04-09 16:02:08.318 I/NxpNciR ( 2254): len =   4 > 40090100
04-09 16:02:08.318 I/oplus_nfc(11357): [INFO] GKI_getbuf 0xb400007246ca0a10 44:50
04-09 16:02:08.318 I/WifiPickerTracker( 8338): wifi connected status realConnectedWifiEntry not null: true
04-09 16:02:08.318 I/oplus_nfc(11357): [INFO] nfc_task enter -> nfc_ncif_process_event
04-09 16:02:08.318 I/oplus_nfc(11357): [INFO] NFC received rsp gid:0
04-09 16:02:08.318 I/oplus_nfc(11357): [INFO] unknown revt(0x5012)
04-09 16:02:08.318 I/oplus_nfc(11357): [INFO] GKI_getbuf 0xb4000071e1596a70 45:50
04-09 16:02:08.318 I/oplus_nfc(11357): [INFO] NFA got event 0x0102
04-09 16:02:08.318 I/oplus_nfc(11357): [INFO] event: NFA_DM_API_SET_CONFIG_EVT (0x02)
04-09 16:02:08.318 I/oplus_nfc(11357): [INFO] GKI_getbuf 0xb400007246ca0a10 45:50
04-09 16:02:08.318 I/oplus_nfc(11357): [INFO] nfc_ncif_send_cmd()
04-09 16:02:08.318 I/oplus_nfc(11357): [INFO] NfcAdaptation::HalWrite
04-09 16:02:08.318 I/OplusObrain(15031): OplusObrainClientInvoke.nativeGetTrafficTypeInfoForNetworkType networkType 0
04-09 16:02:08.318 I/PCDR-pcdr_lte_nr_pingpong_opt[1](13839): handleCellInfoChange compoundIdStr:460_00_2097161_5683769345
04-09 16:02:08.319 D/CellMap/CellMonitor(14034): handleAllSubCellChange slotId: 1, cellInfo: [CellInfoNr:{ mRegistered=YES mTimeStamp=768944920459877ns mCellConnectionStatus=0 CellIdentityNr:{ mPci = 702 mTac = 2097161 mNrArfcn = 504990 mBands = [41] mMcc = 460 mMnc = 00 mNci = 5683769345 mAlphaLong = 中国移动 mAlphaShort = 中国移动 mAdditionalPlmns = {} } CellSignalStrengthNr:{ csiRsrp = 2147483647 csiRsrq = 2147483647 csiCqiTableIndex = 2147483647 csiCqiReport = [] ssRsrp = -76 ssRsrq = -10 ssSinr = 20 level = 3 parametersUseForLevel = 0 timingAdvance = 2147483647 } }]
04-09 16:02:08.319 I/oplus_nfc(11357): [INFO] NfcNdkAttach : GetEnv failed, ret = -2, env = 0x70f01d6570
04-09 16:02:08.319 I/android.hardware.nfc-service.nxp( 2254): write
04-09 16:02:08.319 I/SystemUi--Keyguard( 8338): OplusWallpaperAnimControllerImpl-->setRemoteWindowScale w=1264 h=2780 hS=1.0 vS=1.0 offset=Point(0, 0) scale=1.0337541 matrix=Matrix{[1.0337541, 0.0, -21.33258][0.0, 1.0337541, -46.918213][0.0, 0.0, 1.0]}
04-09 16:02:08.319 I/NxpNciX ( 2254): len =   7 > 20020401020100
04-09 16:02:08.319 D/MultiNetworkStatsMonitor( 3590): wifi network 234 nc changed, primary=true, iface=wlan0
04-09 16:02:08.319 D/OplusInterfaceMonitor( 3590): interface:wlan0 primary:true
04-09 16:02:08.322 D/SubsysEventListenerManager(14034): onCapabilitiesChanged
04-09 16:02:08.322 D/DataStateTracker(14034): getCurDataChannel, channel:1
04-09 16:02:08.322 I/PTC.DISC.WifiConnectivityObserver(11972): Receive NetworkCapabilitiesChanged.
04-09 16:02:08.324 W/ContextImpl( 3590): Calling a method in the system process without a qualified user: android.app.ContextImpl.sendBroadcast:1281 com.android.server.camera.OplusCameraStateBroadcast.notifyCameraState:52 com.android.server.camera.CameraServiceProxyExtImpl.extendNotifyCameraState:370 com.android.server.camera.CameraServiceProxy.updateActivityCount:1583 com.android.server.camera.CameraServiceProxy.-$$Nest$mupdateActivityCount:0 
04-09 16:02:08.324 I/[VFXEffect]( 2399): SurfaceControlViewHost#594 type[1.000000] id[0.000000] action[1.000000] status[1.000000] params[0.000000]
04-09 16:02:08.324 I/OplusCameraStateBroadcast( 3590): notifyCameraState packageName:client.pid<3304> cameraState:0 frontcamera:1 cameraId:1
04-09 16:02:08.325 I/NxpNciR ( 2254): len =   5 > 4002020000
04-09 16:02:08.324 D/TAB.NetworkUtils(11607): network onCapabilitiesChanged
04-09 16:02:08.325 I/com.v2ray.ang(25334): StartCore-Manager: Screen on
04-09 16:02:08.325 I/RCS_Service(31791): RegisterSipManager: register, code = 5
04-09 16:02:08.326 I/SystemUi--Statusbar( 8338): NetworkController.WifiSignalController-->handleStatusUpdated state=3 enabled=true connected=true isDefaultNetwork=true rssi=-67 level=4 statusLabel=null isDirty=false
04-09 16:02:08.322 D/DataChannelEvent(14034): getCurDataChannel, channel:1
04-09 16:02:08.326 D/DataChannelEvent(14034): onChanged, update to data channel wifi
04-09 16:02:08.326 I/oplus_nfc(11357): [INFO] GKI_getbuf 0xb400007246dd8f10 44:50
04-09 16:02:08.327 I/oplus_nfc(11357): [INFO] nfc_task enter -> nfc_ncif_process_event
04-09 16:02:08.327 I/oplus_nfc(11357): [INFO] NFC received rsp gid:0
04-09 16:02:08.327 I/oplus_nfc(11357): [INFO] NFC_SET_CONFIG_REVT(0x5002)
04-09 16:02:08.329 I/mydevices[core].AirpodsManager_(32387): (main) action  ->  android.****.action.SCREEN_ON 
04-09 16:02:08.329 I/mydevices[core].AirpodsManager_(32387): (main) screen on 
04-09 16:02:08.330 I/sensors-hal( 2113): qsh_conn_event_cb:720, SCHED_FIFO(10) for qmi_cbk
04-09 16:02:08.330 I/sensors-hal( 2113): handle_sns_client_event:103, device_orient_event: ts=768944929962854, type=0,count = 5380
04-09 16:02:08.330 I/MagicTether( 5202): (REDACTED) [ActiveNetworkTracker] setActiveNetwork: %s
04-09 16:02:08.330 I/MagicTether( 5202): (REDACTED) [TetherService] onActiveNetworkChanged: network=%s isLost=%s
04-09 16:02:08.330 D/FlexibleTaskController( 3590): isFullToFlexibleAnimating: false
04-09 16:02:08.330 D/WindowManager( 3590): rotation(ROTATION_0) no changed  displayId = 0, lastOrientation = 5
04-09 16:02:08.331 D/OplusWifiBroadCastDispatcher( 3590): mBroadcastReceiver: onReceiver  action=oplus.intent.action.camerastate
04-09 16:02:08.331 I/UMS.IntentProviderManager(26985): panta-sugg(16001126-release): checkPackageIsLegal,pkgName:com.android.systemui,pkgNotExistsInWhiteList:false,pkgNotExistsInStaticManagerLocal:false [UMS|com.oplus.pantanal.ums|2.0.42-6d1531a]
04-09 16:02:08.331 I/UMS.IntentProviderManager(26985): panta-sugg(16001126-release): getValidIntent, jsonArray:[{"timestamp":1775721728195,"action":"pantanal.intent.business.app.system.AUDIO_CONTROL_PANEL_SYSTEMUI","flag":2,"instance_id":1775721728195,"serviceInstanceId":"","isSupportMultiInstance":false,"intent_trace_context":"{\"traceID\":\"7f0000011775721728195424808338\",\"current\":\"{\\\"spanID\\\":\\\"p_8338_5cc83d4\\\",\\\"sequence\\\":8563}\",\"parent\":\"{\\\"spanID\\\":\\\"p_8338_5cc83d4\\\",\\\"sequence\\\":8562}\",\"spanType\":2,\"valid\":1}"}]
04-09 16:02:08.331 I/UMS.IntentProviderManager(26985): panta-sugg(16001126-release): getValidIntent, intentKey:pantanal.intent.business.app.system.AUDIO_CONTROL_PANEL_SYSTEMUI, timestamp:1775721728195
04-09 16:02:08.331 I/MagicTether( 5202): [WifiConnectionHandler] Ignoring getWifiConfigurationByNetworkId when checking connected state [CONTEXT service_id=276 ]
04-09 16:02:08.331 I/MagicTether( 5202): [WifiConnectionHandler] No networkId set, can't be connected. [CONTEXT service_id=276 ]
04-09 16:02:08.331 D/CardWidget_TraceHelper( 8338): (ThreadUtil) endNodeTrace traceCtxStr={"traceID":"7f0000011775721728195424808338","current":"{\"spanID\":\"p_8338_5cc83d4\",\"sequence\":8563}","parent":"{\"spanID\":\"p_8338_5cc83d4\",\"sequence\":8562}","spanType":2,"valid":1}
04-09 16:02:08.331 D/CardWidget_TraceHelper( 8338): (ThreadUtil) endNodeTrace traceCtxStr={"traceID":"7f0000011775721728195424808338","current":"{\"spanID\":\"p_8338_5cc83d4\",\"sequence\":8559}","spanType":2,"valid":1}
04-09 16:02:08.331 D/CardWidget_TraceHelper( 8338): (ThreadUtil) endNodeTrace traceCtxStr={"traceID":"7f0000011775721728215424908338","current":"{\"spanID\":\"p_8338_5cc83d4\",\"sequence\":8560}","spanType":1,"valid":1}
04-09 16:02:08.331 I/UTrace.Sdk( 8338): end, completionType: GOAHEAD [7f0000011775721728215424908338|null|p_8338_5cc83d4@8560|com.android.systemui]
04-09 16:02:08.331 I/UMS.IntentProviderManager(26985): panta-sugg(16001126-release): asyncSendIntent start.
04-09 16:02:08.331 I/SG::StaticAndDecisionSdk(26985): sendIntents... parentCtx:UTraceContext(traceID=7f0000011775721728215424908338, current=p_26985_3aa6b6f@665@910000, parent=p_8338_5cc83d4@8560@-1, spanType=1, valid=1, tag=null)
04-09 16:02:08.332 D/SubsysBroadcastManager(14034): onReceive action:oplus.intent.action.camerastate
04-09 16:02:08.332 I/MagicTether( 5202): (REDACTED) [TetherService] TRANSPORT_CELLULAR [%s], TRANSPORT_ETHERNET [%s], TRANSPORT_WIFI [%s]
04-09 16:02:08.332 D/TAB.NetworkUtils(32032): network onCapabilitiesChanged
04-09 16:02:08.332 I/[VFXEffect]( 2399): SurfaceControlViewHost#594 type[1.000000] id[0.000000] action[1.000000] status[1.000000] params[0.000000]
04-09 16:02:08.333 D/cneJni  ( 8646): sendWifiStatus start
04-09 16:02:08.335 W/Parcel  (10256): **** enforceInterface() expected 'com.oplus.oiface.IOIfaceService' but read 'com.oppo.oiface.IOIfaceService'
04-09 16:02:08.336 I/IPCThreadState(10256): oneway function results for code 7 on binder at 0xb40000702b05e8a0 will be dropped but finished with status PERMISSION_DENIED
04-09 16:02:08.336 I/MagicTether( 5202): (REDACTED) [TetherService] setRoles hasActiveNetworkConnection=%s canActiveNetworkBeTethered=%s isConnectedToInstantTether=%s isWifiEnabled=%s isHosting=%s
04-09 16:02:08.336 I/UTrace.Sdk(26985): end, completionType: GOAHEAD [7f0000011775721728215424908338|p_8338_5cc83d4@8560@-1|p_26985_3aa6b6f@665@910000|com.oplus.pantanal.ums]
04-09 16:02:08.337 W/Parcel  (10256): **** enforceInterface() expected 'com.oplus.oiface.IOIfaceService' but read 'com.oppo.oiface.IOIfaceService'
04-09 16:02:08.337 I/IPCThreadState(10256): oneway function results for code 7 on binder at 0xb40000702b05e8a0 will be dropped but finished with status PERMISSION_DENIED
04-09 16:02:08.337 I/5111PAS[16002114][f26f602].weather-DataRequestHelper_Travel( 5111): getRemoteWeatherDataIfNeed updateLocalSummaryWeather
04-09 16:02:08.338 I/SG::IntentProviderHelper(26985): intent intentValue=[{"timestamp":1775721728195,"action":"pantanal.intent.business.app.system.AUDIO_CONTROL_PANEL_SYSTEMUI","flag":2,"instance_id":1775721728195,"serviceInstanceId":"","isSupportMultiInstance":false,"intent_trace_context":"{\"traceID\":\"7f0000011775721728195424808338\",\"current\":\"{\\\"spanID\\\":\\\"p_8338_5cc83d4\\\",\\\"sequence\\\":8563}\",\"parent\":\"{\\\"spanID\\\":\\\"p_8338_5cc83d4\\\",\\\"sequence\\\":8562}\",\"spanType\":2,\"valid\":1}"}]
04-09 16:02:08.338 I/SG::IntentProviderHelper(26985): [saveCacheIntent] Save seedlingIntent to sharedPreferences, the item is : pantanal.intent.business.app.system.AUDIO_CONTROL_PANEL_SYSTEMUI
04-09 16:02:08.338 I/SG::IntentProviderHelper(26985): [filterCacheIntent] filter intent pantanal.intent.business.app.system.AUDIO_CONTROL_PANEL_SYSTEMUI
04-09 16:02:08.338 I/SG::IntentProviderHelper(26985): [saveCacheIntent] save data
04-09 16:02:08.338 I/SG::IntentProviderHelper(26985): [intent_trace] systemIntent stm_get_intent_trace_context_from_ums  action:pantanal.intent.business.app.system.AUDIO_CONTROL_PANEL_SYSTEMUI, contextString: {"traceID":"7f0000011775721728195424808338","current":"{\"spanID\":\"p_8338_5cc83d4\",\"sequence\":8563}","parent":"{\"spanID\":\"p_8338_5cc83d4\",\"sequence\":8562}","spanType":2,"valid":1}
04-09 16:02:08.338 I/UTrace.Sdk(26985): start, spanName: 930000 [7f0000011775721728215424908338|p_26985_3aa6b6f@665@910000|p_26985_3aa6b6f@666@930000|com.oplus.pantanal.ums]
04-09 16:02:08.338 I/SG::IntentProviderHelper(26985): [intent_trace] systemIntent uTraceContext parse result UTraceContext(traceID=7f0000011775721728195424808338, current=p_8338_5cc83d4@8563@-1, parent=p_8338_5cc83d4@8562@-1, spanType=2, valid=1, tag=null) 
04-09 16:02:08.338 I/UTrace.Sdk(26985): start() parentCtx=p_26985_3aa6b6f@665@910000 myCtx=UTraceContext(traceID=7f0000011775721728215424908338, current=p_26985_3aa6b6f@666@930000, parent=p_26985_3aa6b6f@665@910000, spanType=1, valid=1, tag=null) UTraceApp.mEnabled=true switchOn=true SdkConfig.isEnabled=true [UMS|com.oplus.pantanal.ums|2.0.42-6d1531a]
04-09 16:02:08.338 E/SG::IntentProviderHelper(26985): getPendingIntentFromIntentData succeed: null
04-09 16:02:08.338 I/SG::IntentProviderHelper(26985): pendingIntent is null
04-09 16:02:08.338 I/SG::IntentProviderHelper(26985): [sendIntents] send seedlingIntents from sendIntents function.
04-09 16:02:08.340 I/UTrace.Sdk(26985): addTraceTags, tags: {static_mgr_ver=2.0.105-betaa6b0cd2-SNAPSHOT} [7f0000011775721728215424908338|p_26985_3aa6b6f@665@910000|p_26985_3aa6b6f@666@930000|com.oplus.pantanal.ums]
04-09 16:02:08.340 I/SettingImpl(11972): domestic quick device toggle value is 1
04-09 16:02:08.340 I/SG::IntentProviderHelper(26985): start system decision.
04-09 16:02:08.340 I/[VFXEffect]( 2399): SurfaceControlViewHost#594 type[1.000000] id[0.000000] action[1.000000] status[1.000000] params[0.000000]
04-09 16:02:08.340 D/signatureInfo(25734): signing string is
04-09 16:02:08.340 D/signatureInfo(25734): POST
04-09 16:02:08.340 D/signatureInfo(25734): /api/v1/report/
04-09 16:02:08.340 D/signatureInfo(25734): 
04-09 16:02:08.340 D/signatureInfo(25734): x-euler-nonce:233890c1-74e9-4156-976d-621bb3b53221
04-09 16:02:08.340 D/signatureInfo(25734): x-euler-timestamp:1775721728339
04-09 16:02:08.340 D/signatureInfo(25734): 
04-09 16:02:08.340 D/signatureInfo(25734): x-euler-nonce;x-euler-timestamp
04-09 16:02:08.340 D/signatureInfo(25734): 1087108eec98b18b99d58babb0199572b5cd566ca3d64ae9187d2fb2dd971091
04-09 16:02:08.341 W/KeyStoreHigherApiISessionTicketCache(25734): loadServiceSessionTicketInfo: load service ticket from memory.
04-09 16:02:08.341 E/OmkmsAuth(25734): timeStampAuth,time not between begin time with end time.calibratedTime:1775721729,sessionKeyBeginTime:1775718735,sessionKeyEndTime:1775719335
04-09 16:02:08.341 W/SecKitClient(25734): macSign: session ticket time expired,will update session ticket.
04-09 16:02:08.343 I/WeatherS_WeatherBaseDataTask( 5111): Service has not started, bind update Service.
04-09 16:02:08.343 I/WeatherS_WeatherServiceManager( 5111): bindUpdateService false
04-09 16:02:08.344 I/SimInfoUtil(31791): isMepSupport =false,list.size =2
04-09 16:02:08.344 I/SimInfoUtil(31791): isEuiCc =false
04-09 16:02:08.344 I/SimInfoUtil(31791): isEuiCc =false
04-09 16:02:08.345 I/SystemUi--Keyguard( 8338): FrontCameraAnimController-->showFrontCameraAnim
04-09 16:02:08.345 I/SystemUi--Keyguard( 8338): FrontCameraAnimController-->showFrontCameraAnim, anim view not null and stop
04-09 16:02:08.345 D/BaseFrontCameraAnimView( 8338): stopAnimation, running: false, force: true, stayOn: false, fadingOut: false
04-09 16:02:08.345 I/SystemUi--Keyguard( 8338): FrontCameraAnimController-->isHideScreenHoleBorder: false
04-09 16:02:08.346 I/StatisticsTrack( 7501): SP data:0|0|0|0|0|0|0|0|0|0|0|0|0|0|0|8|0|0|0|0|0|0|0|0
04-09 16:02:08.346 I/StatisticsTrack( 7501): key = screen_on_count value = 0|0|0|0|0|0|0|0|0|0|0|0|0|0|0|8|1|0|0|0|0|0|0|0
04-09 16:02:08.347 D/AudioManager(11972): isBluetoothScoOn()=false, calling application:com.heytap.accessory
04-09 16:02:08.348 W/PTC.DISC.NetRegisterCentral(11972): registerLanInfo failed. msg=Inactive desc=wlanAvailable(repeat=0)
04-09 16:02:08.348 I/SystemUi--Keyguard( 8338): FrontCameraPinholeAnimView-->initView
04-09 16:02:08.349 W/KeyStoreHigherApiISessionTicketCache(25734): loadServiceSessionTicketInfo: load service ticket from memory.
04-09 16:02:08.349 E/SessionTicketManagerWbAuthModeImp(25734): checkServiceSessionTicket: checkTimeValidate ,invalid.
04-09 16:02:08.349 I/[VFXEffect]( 2399): SurfaceControlViewHost#594 type[1.000000] id[0.000000] action[1.000000] status[1.000000] params[0.000000]
04-09 16:02:08.349 W/OplusExSystemServiceHelper(13187): checkOplusExSystemService intent getComponent is null
04-09 16:02:08.351 D/libc-netbsd(25734): [oplusDnsOpenProxy]: __netdClientDispatch.connect errno = 111
04-09 16:02:08.351 D/DNS_CACHE(25734): oplus_oplus_getaddrinfo_proxy open dns proxy failed, use android flow: 10099
04-09 16:02:08.352 I/WeatherS_WeatherServiceManager( 5111): onServiceConnected
04-09 16:02:08.353 V/OCAM_Performance( 5836): onOsenseEventSceneChanged, event: 112
04-09 16:02:08.353 V/OCAM_Performance( 5836): onOsenseEventSceneChanged, [extra] startTime: 1775721728341
04-09 16:02:08.353 V/OCAM_Performance( 5836): onOsenseEventSceneChanged, [extra] currentAvailmem: 2699
04-09 16:02:08.353 V/OCAM_Performance( 5836): onOsenseEventSceneChanged, [extra] killTriggerMem: 2000
04-09 16:02:08.353 V/OCAM_Performance( 5836): onOsenseEventSceneChanged, [extra] ioLevel: 2
04-09 16:02:08.354 E/EISEngine( 2172): [ERROR][CORE   ] JSONUtils.cpp:1213 EISJsonInit() 3rd Front SAT keyFrontCount is less than or equal to 0
04-09 16:02:08.354 I/SG::DecisionStoreHelper(26985): get mapping, services: [pantanal.intent.business.app.system.AUDIO_CONTROL_PANEL_SYSTEMUI]
04-09 16:02:08.356 I/WeatherS_WeatherBaseDataTask( 5111): executeRequest updateLocalSummaryWeather
04-09 16:02:08.357 I/SG::DecisionStoreHelper(26985): findServiceInDecision actions[pantanal.intent.business.app.system.AUDIO_CONTROL_PANEL_SYSTEMUI] 
04-09 16:02:08.357 W/Parcel  (10256): **** enforceInterface() expected 'com.oplus.oiface.IOIfaceService' but read 'com.oppo.oiface.IOIfaceService'
04-09 16:02:08.357 I/IPCThreadState(10256): oneway function results for code 7 on binder at 0xb40000702b05e8a0 will be dropped but finished with status PERMISSION_DENIED
04-09 16:02:08.357 I/[VFXEffect]( 2399): SurfaceControlViewHost#594 type[1.000000] id[0.000000] action[1.000000] status[1.000000] params[0.000000]
04-09 16:02:08.357 I/RCS_Service(31791): RegisterSipModule: send register message.
04-09 16:02:08.359 I/5111PAS[16002114][f26f602].ResourceTrigger( 5111): resourceOnChange, resourceId is 10117
04-09 16:02:08.361 I/5111PAS[16002114][f26f602].weather-DataRequestHelper_Travel( 5111): getLocalWeatherDataIfNeed isMustRequest=false
04-09 16:02:08.361 I/SG::DecisionStoreHelper(26985): findServiceInDecision intents[SeedlingIntent(timestamp=1775721728195, action=pantanal.intent.business.app.system.AUDIO_CONTROL_PANEL_SYSTEMUI, flag=2, data=null, options=null, seedlingCardOptions=null, instanceId=1775721728195, uTraceContext=UTraceContext(traceID=7f0000011775721728195424808338, current=p_8338_5cc83d4@8563@-1, parent=p_8338_5cc83d4@8562@-1, spanType=2, valid=1, tag=null), serviceInstanceId=, isSupportMultiInstance=false)] seedlingCacheInfoMap={}
04-09 16:02:08.361 I/SG::DecisionStoreHelper(26985): systemResultInfo: []  notFindIntentList = [pantanal.intent.business.app.system.AUDIO_CONTROL_PANEL_SYSTEMUI]
04-09 16:02:08.361 I/SG::SeedlingDiscover(26985): start find seedling for: [pantanal.intent.business.app.system.AUDIO_CONTROL_PANEL_SYSTEMUI]
04-09 16:02:08.362 I/WeatherS_WeatherBaseDataTask( 5111): Service has not started, bind update Service.
04-09 16:02:08.362 I/WeatherS_WeatherServiceManager( 5111): bindUpdateService false
04-09 16:02:08.362 I/mydevices[ui].LiteCardWidget(19184): (binder:19184_4)createTime 0 get bind device: {"isDarkMode":true,"isShowDescription":true,"instanceId":"100774&1000002&5","errorCode":6,"message":"","agreeMessage":"","lottieConfig":{"speed":1,"loop":false,"autoplay":false,"renderMode":"AUTOMATIC","startFrame":0,"endFrame":0,"progress":0,"source":""},"icon":".\/images\/BT-DEVICE-HEADSET_OFF.svg","name":"MO**TW 3","description":"未连接","type":"BTDEVICE","isBatteryLeft":false,"isBatteryRight":false,"isConnected":false,"powerRing":false,"lottieIcon":"","isCharge":false,"cardDesignSize":10,"isPencilWarning":false,"isBigLang":false}
04-09 16:02:08.363 I/MagicTether( 5202): (REDACTED) [LaunchUtils] Instant Wifi for status account: name: %s | type: %s | isLaunched: %s
04-09 16:02:08.364 I/MagicTether( 5202): (REDACTED) [TidepoolFeatureStatusManager] isInstantHotspotEnabled=%s
04-09 16:02:08.364 I/MagicTether( 5202): (REDACTED) [TidepoolFeatureStatusManager] isInstantWifiEnabled=%s
04-09 16:02:08.364 I/MagicTether( 5202): (REDACTED) [TetherService] startNearbyClientRole: start: %s isInstantHotspotEnabled: %s isInstantWifiEnabled: %s
04-09 16:02:08.364 I/MagicTether( 5202): [TetherService] Stopping Nearby client role [CONTEXT service_id=276 ]
04-09 16:02:08.364 I/MagicTether( 5202): [ClientTetherRole] Client role already stopped [CONTEXT service_id=276 ]
04-09 16:02:08.364 I/WeatherS_WeatherServiceManager( 5111): onServiceConnected
04-09 16:02:08.364 W/Parcel  (10256): **** enforceInterface() expected 'com.oplus.oiface.IOIfaceService' but read 'com.oppo.oiface.IOIfaceService'
04-09 16:02:08.364 I/IPCThreadState(10256): oneway function results for code 7 on binder at 0xb40000702b05e8a0 will be dropped but finished with status PERMISSION_DENIED
04-09 16:02:08.364 I/WeatherS_WeatherBaseDataTask( 5111): executeRequest requestWeatherSummary
04-09 16:02:08.365 I/GoLog   (25334): from tcp:127.0.0.1:35508 accepted tcp:106.15.179.166:443 [socks -> direct]
04-09 16:02:08.365 I/GoLog   (25334): from tcp:127.0.0.1:35514 accepted tcp:106.15.179.166:443 [socks -> direct]
04-09 16:02:08.365 I/[VFXEffect]( 2399): SurfaceControlViewHost#594 type[1.000000] id[0.000000] action[1.000000] status[1.000000] params[0.000000]
04-09 16:02:08.366 E/WeatherS_PrivacyStatementExport(13187): isAgreed1
04-09 16:02:08.367 I/MagicTether( 5202): (REDACTED) [LaunchUtils] Instant Wifi for status account: name: %s | type: %s | isLaunched: %s
04-09 16:02:08.367 I/MagicTether( 5202): (REDACTED) [TidepoolFeatureStatusManager] isInstantHotspotEnabled=%s
04-09 16:02:08.367 E/WeatherS_PrivacyStatementExport(13187): isAgreed1
04-09 16:02:08.367 I/MagicTether( 5202): (REDACTED) [TidepoolFeatureStatusManager] isInstantWifiEnabled=%s
04-09 16:02:08.367 I/MagicTether( 5202): (REDACTED) [TetherService] startNearbyHostRole: start: %s isInstantHotspotEnabled: %s isInstantWifiEnabled: %s
04-09 16:02:08.367 I/MagicTether( 5202): (REDACTED) [TidepoolFeatureStatusManager] isInstantHotspotEnabled=%s
04-09 16:02:08.367 I/MagicTether( 5202): [HostTetherRole] Nearby host role already started [CONTEXT service_id=276 ]
04-09 16:02:08.367 W/WeatherS_ApkSignedCheck(13187): checkCertificateWhiteList: not in inWhiteListcom.coloros.sceneservice
04-09 16:02:08.367 W/WeatherS_ApkSignedCheck(13187): checkCertificateWhiteList: not in inWhiteListcom.coloros.sceneservice
04-09 16:02:08.367 I/WeatherS_WeatherBase(13187): updateLocalSummaryWeather
04-09 16:02:08.367 E/WeatherS_LocalUtils(13187): startAutoGetLocalCity bg location permission:true
04-09 16:02:08.367 I/WeatherS_LocalUtils(13187): startGetLocalCityByWeather lastStartLocationServiceTime interval not met elapsedRealtime: 768940432 currentElapsedRealtime: 768944972
04-09 16:02:08.367 I/WeatherS_WeatherBaseDataTask( 5111): after doRequestFromWeatherService updateLocalSummaryWeather result true
04-09 16:02:08.367 I/WeatherS_WeatherBaseDataTask( 5111):  doRequestFromWeatherService updateLocalSummaryWeather response data true
04-09 16:02:08.367 I/WeatherS_WeatherServiceManager( 5111): unBindUpdateService true
04-09 16:02:08.368 D/ObservableUiData( 8338): hasUpdate : false,  forceNotify: false
04-09 16:02:08.370 D/OCAM_Performance( 5836): onOsenseEventSceneChanged, pressure IO eventStateType: 2, startTime: 1775721728341, currentAvailmem: 2699, killTriggerMem: 2000, ioLevel: 2
04-09 16:02:08.372 I/WeatherS_WeatherBaseDataTask( 5111): after doRequestFromWeatherService requestWeatherSummary result true
04-09 16:02:08.373 I/WeatherS_WeatherBaseDataTask( 5111):  doRequestFromWeatherService requestWeatherSummary response data true
04-09 16:02:08.373 I/5111PAS[16002114][f26f602].weather-DataRequestHelper_Travel( 5111): getLocalWeatherDataIfNeed onSuccess alerts = 0
04-09 16:02:08.373 E/WeatherS_WeatherBaseDataTask( 5111):  Exception 
04-09 16:02:08.373 E/WeatherS_WeatherBaseDataTask( 5111): java.lang.NullPointerException: weather.city.provinceName must not be null
04-09 16:02:08.373 E/WeatherS_WeatherBaseDataTask( 5111): 	at com.oplus.sceneservice.business.weather.WeatherDataParseHelper.i(Unknown Source:37)
04-09 16:02:08.373 E/WeatherS_WeatherBaseDataTask( 5111): 	at com.oplus.sceneservice.business.weather.WeatherDataParseHelper.k(Unknown Source:11)
04-09 16:02:08.373 E/WeatherS_WeatherBaseDataTask( 5111): 	at com.oplus.sceneservice.business.weather.WeatherDataRequestHelper$a.b(Unknown Source:70)
04-09 16:02:08.373 E/WeatherS_WeatherBaseDataTask( 5111): 	at com.oplus.sdp.oj0.b$a.b(Unknown Source:44)
04-09 16:02:08.373 E/WeatherS_WeatherBaseDataTask( 5111): 	at com.oplus.sdp.oj0.b$a.onSuccess(Unknown Source:2)
04-09 16:02:08.373 E/WeatherS_WeatherBaseDataTask( 5111): 	at com.oplus.sdp.qj0.a.e(Unknown Source:4)
04-09 16:02:08.373 E/WeatherS_WeatherBaseDataTask( 5111): 	at com.oplus.sdp.qj0.a.f(Unknown Source:226)
04-09 16:02:08.373 E/WeatherS_WeatherBaseDataTask( 5111): 	at com.oplus.sdp.qj0.a$a.run(Unknown Source:27)
04-09 16:02:08.373 E/WeatherS_WeatherBaseDataTask( 5111): 	at java.util.concurrent.ThreadPoolExecutor.runWorker(ThreadPoolExecutor.java:1156)
04-09 16:02:08.373 E/WeatherS_WeatherBaseDataTask( 5111): 	at java.util.concurrent.ThreadPoolExecutor$Worker.run(ThreadPoolExecutor.java:651)
04-09 16:02:08.373 E/WeatherS_WeatherBaseDataTask( 5111): 	at java.lang.Thread.run(Thread.java:1119)
04-09 16:02:08.373 E/5111PAS[16002114][f26f602].weather-DataRequestHelper_Travel( 5111): getLocalWeatherDataIfNeed onFail weather.city.provinceName must not be null
04-09 16:02:08.373 I/WeatherS_WeatherServiceManager( 5111): unBindUpdateService true
04-09 16:02:08.374 I/libc    (18140): SetHeapTaggingLevel: tag level set to 0
04-09 16:02:08.374 I/[VFXEffect]( 2399): SurfaceControlViewHost#594 type[1.000000] id[0.000000] action[1.000000] status[1.000000] params[0.000000]
04-09 16:02:08.381 I/SG::SeedlingDiscover(26985): local repo found: [pantanal.intent.business.app.system.AUDIO_CONTROL_PANEL_SYSTEMUI],mix data result size: 1
04-09 16:02:08.381 I/SG::ContextState(26985): skip filter,isSystem:true
04-09 16:02:08.381 I/SG::SeedlingDiscover(26985): final results --> [SeedlingCacheInfo(serviceId=268452006, versionCode=1000009, url=com.android.systemui, name=@string:strings.name, subDomain=common, action=pantanal.intent.business.app.system.AUDIO_CONTROL_PANEL_SYSTEMUI, supportEntry=856, supportSize=7,8,9, type=100, platformVersion=3000000, hostName=com.android.systemui, hostComponentName=com.oplus.systemui.seedlingservice.baseservice.SeedlingProvider, minHostVersion=1, cardIds=-1, singleAction=pantanal.intent.business.app.system.AUDIO_CONTROL_PANEL_SYSTEMUI, seedlingType=, useTemplate=, remindControl=1, brandName=null, brandCode=null)]
04-09 16:02:08.381 I/UTrace.Sdk(26985): start, spanName: 930001 [7f0000011775721728215424908338|p_26985_3aa6b6f@666@930000|p_26985_3aa6b6f@669@930001|com.oplus.pantanal.ums]
04-09 16:02:08.381 I/UTrace.Sdk(26985): start() parentCtx=p_26985_3aa6b6f@666@930000 myCtx=UTraceContext(traceID=7f0000011775721728215424908338, current=p_26985_3aa6b6f@669@930001, parent=p_26985_3aa6b6f@666@930000, spanType=1, valid=1, tag=null) UTraceApp.mEnabled=true switchOn=true SdkConfig.isEnabled=true [UMS|com.oplus.pantanal.ums|2.0.42-6d1531a]
04-09 16:02:08.382 I/atform:provider(18140): isSwordfishLaunchAppEnabled_ 1 isSwordfishInstallAppEnabled_ 1
04-09 16:02:08.382 E/atform:provider(18140): Unknown bits set in runtime_flags: 0x40000000
04-09 16:02:08.382 I/atform:provider(18140): Using CollectorTypeCMC GC.
04-09 16:02:08.382 I/[VFXEffect]( 2399): SurfaceControlViewHost#594 type[1.000000] id[0.000000] action[1.000000] status[1.000000] params[0.000000]
04-09 16:02:08.383 I/GoLog   (25334): from udp:127.0.0.1:57436 accepted udp:114.114.114.114:53 [socks -> dns-out]
04-09 16:02:08.385 I/SG::DecisionStoreHelper(26985): intent: [pantanal.intent.business.app.system.AUDIO_CONTROL_PANEL_SYSTEMUI]
04-09 16:02:08.385 I/SG::DecisionStoreHelper(26985): startIntent is empty.
04-09 16:02:08.385 I/SG::DecisionStoreHelper(26985): start delete system decision.
04-09 16:02:08.385 I/SG::DecisionStoreHelper(26985): deleteSystemStoreItems, serviceIds: [268452006]
04-09 16:02:08.385 I/SG::DecisionStoreHelper(26985): [deleteEndService] start
04-09 16:02:08.386 I/RCS_Service(31791): RcsStackManager: stark stack result :true
04-09 16:02:08.387 I/SG::DecisionStoreHelper(26985): [deleteEndService] end
04-09 16:02:08.387 I/SG::DecisionStoreHelper(26985): deleteStoreItem, deleteNum: 0
04-09 16:02:08.387 I/SG::DecisionStoreHelper(26985): deleteExpiredItems, deleteNum: 0
04-09 16:02:08.387 I/SG::DecisionStoreHelper(26985): deleteSystemStoreItems : no bootTime condition meet
04-09 16:02:08.387 I/SG::DecisionStoreHelper(26985): deleteStoreItem, no changed
04-09 16:02:08.387 I/SG::IntentProviderHelper(26985): [removeCacheIntent] Remove intent cache from SharedPreferences, the list is : [pantanal.intent.business.app.system.AUDIO_CONTROL_PANEL_SYSTEMUI]
04-09 16:02:08.387 I/SG::IntentProviderHelper(26985): [removeCacheIntent] remove end...
04-09 16:02:08.387 I/SG::IntentProviderHelper(26985): storeResult is 2, seedlingIntents size:1
04-09 16:02:08.387 I/SG::IntentProviderHelper(26985): pendingIntent：null, storeResult:2，action：pantanal.intent.business.app.system.AUDIO_CONTROL_PANEL_SYSTEMUI,timestamp:1775721728195
04-09 16:02:08.390 E/atform:provider(18140): Not starting debugger since process cannot load the jdwp agent.
04-09 16:02:08.390 I/[VFXEffect]( 2399): SurfaceControlViewHost#594 type[1.000000] id[0.000000] action[1.000000] status[1.000000] params[0.000000]
04-09 16:02:08.391 W/CM_STACK(31791): skip duplicate dns server: 114.114.114.114
04-09 16:02:08.393 D/nativeloader(18140): Load libframework-connectivity-tiramisu-jni.so using APEX ns com_android_tethering for caller /apex/com.android.tethering/javalib/framework-connectivity-t.jar: ok
04-09 16:02:08.394 I/SystemUi--Keyguard( 8338): OplusWallpaperAnimControllerImpl-->setRemoteWindowScale w=1264 h=2780 hS=1.0 vS=1.0 offset=Point(0, 0) scale=1.0630249 matrix=Matrix{[1.0630249, 0.0, -39.831726][0.0, 1.0630249, -87.604614][0.0, 0.0, 1.0]}
04-09 16:02:08.395 I/SystemUi--Keyguard( 8338): FrontCameraAnimController-->showFrontCameraAnim: needDelay= false
04-09 16:02:08.396 W/libc    (18140): Access denied finding property "persist.vendor.sys.activitylog"
04-09 16:02:08.397 I/OneTrace(18140): Mark active for pid=18140? true
04-09 16:02:08.397 D/cutils-dev(18140): otrace_set_tracing_enabled? true tag:0
04-09 16:02:08.398 D/cutils-dev(18140): properties changed in otrace_seq_number_changed!
04-09 16:02:08.399 I/[VFXEffect]( 2399): SurfaceControlViewHost#594 type[1.000000] id[0.000000] action[1.000000] status[1.000000] params[0.000000]
04-09 16:02:08.401 D/SplitScreenAppReader( 3590): SPLIT_TOUCH support check:com.nearme.instant.platform = false
04-09 16:02:08.401 D/ActivityTaskManagerServiceExtImpl( 3590): preBindApplication record is null
04-09 16:02:08.401 D/RGBNormalizeServer( 3590): OplusRGBNormalize feature enabled ? true
04-09 16:02:08.401 D/ResourcesManagerCache( 3590): For package com.nearme.instant.platform we got cacheList [null] appInfoExt is null ? false hasFeature ? false
04-09 16:02:08.402 I/GoLog   (25334): from udp:127.0.0.1:60813 accepted udp:114.114.114.114:53 [socks -> dns-out]
04-09 16:02:08.403 D/libc-netbsd(25734): [oplusDnsOpenProxy]: __netdClientDispatch.connect errno = 111
04-09 16:02:08.404 D/WindowManager( 8338): Add to mViews: android.widget.LinearLayout{67771ce V.E...... ......I. 0,0-0,0 alpha=1.0 viewInfo = },pkg= null
04-09 16:02:08.404 D/skia    ( 8338): setRusSupported enable 0
04-09 16:02:08.405 D/vendor.oplus.hardware.location_aidl-service(16233): eventCb: Received QMI indication with length 40
04-09 16:02:08.405 D/vendor.oplus.hardware.location_aidl-service(16233): eventCb: Event[0] msg_id=898, ts=14763830372917
04-09 16:02:08.405 D/vendor.oplus.hardware.location_aidl-service(16233): eventCb: Received fence scan interval message ID 898
04-09 16:02:08.405 I/GoLog   (25334): from udp:127.0.0.1:49493 accepted udp:8.8.8.8:53 [socks -> dns-out]
04-09 16:02:08.405 E/CMRCS   (31791): CMSTACK:DNS | DnsStub.cxx:614 | Connection error Could not contact DNS servers for _sips._tcp.sipbad112.hbq.r.10086.cn
04-09 16:02:08.406 D/vendor.oplus.hardware.location_aidl-service(16233): waitForAck: location_oplus: Got signal from ACK
04-09 16:02:08.406 D/vendor.oplus.hardware.location_aidl-service(16233): updateWifiScanIntervalTask: location_oplus_updateWifiScanIntervalTask]: wifi fence stat request operation ret = 12
04-09 16:02:08.407 D/NetworkService[0](14034): getIfIndexByNetid netId:235,ifName:tun0,ifIndex:90
04-09 16:02:08.407 V/OsAgent ( 8337): broadcastSystemEvent - 7
04-09 16:02:08.407 D/NetworkService[1](14034): getIfIndexByNetid netId:235,ifName:tun0,ifIndex:90
04-09 16:02:08.407 I/[VFXEffect]( 2399): SurfaceControlViewHost#594 type[1.000000] id[0.000000] action[1.000000] status[1.000000] params[0.000000]
