--------- beginning of main
04-11 12:30:18.699  3438  3988 D QmiClient: qmiServiceEventCallback recv msg id 1099
04-11 12:30:18.699  3438  3988 D QmiClient: enter -mServiceType 4 onQmiServiceEventCallback msgId 1099
04-11 12:30:18.699  3438  3988 D QmiClient: onQmiServiceEventCallback - enter. msgId=1099
04-11 12:30:18.699  3438  3988 D QmiVsClientEvent: QosPeriodReportInd MSG IND data_len 2052
04-11 12:30:18.699  3438  3988 D QmiVsClientEvent: qmiVsClientNotifyQosPeriodReportIndEvent - RADIO_EVENT_QOS_PERIOD_REPORT_NOTIFY_IND
04-11 12:30:18.699  3438  3485 D VsProxy : handleMessage msg is 2420
04-11 12:30:18.699  2727  3986 D QmiClient: qmiServiceEventCallback recv msg id 1099
04-11 12:30:18.699  2727  3986 D QmiClient: enter -mServiceType 4 onQmiServiceEventCallback msgId 1099
04-11 12:30:18.699  3438  3485 D VsProxy : handleQosPeriodReportInd for instance 1 data_len 199
04-11 12:30:18.699  2727  3986 D QmiClient: onQmiServiceEventCallback - enter. msgId=1099
04-11 12:30:18.699  2727  3986 D QmiVsClientEvent: QosPeriodReportInd MSG IND data_len 2052
04-11 12:30:18.699  2727  3986 D QmiVsClientEvent: qmiVsClientNotifyQosPeriodReportIndEvent - RADIO_EVENT_QOS_PERIOD_REPORT_NOTIFY_IND
04-11 12:30:18.699  2727  2826 D VsProxy : handleMessage msg is 2420
04-11 12:30:18.699  2727  2826 D VsProxy : handleQosPeriodReportInd for instance 0 data_len 145
04-11 12:30:18.700 14034 14747 D SubsysRadioIndication[1]: radioQosPeriodReportInd result [8, -128, -97, -41, -50, 14, 18, 15, 8, -84, -99, -41, -50, 14, 16, 3, 32, -121, 1, 40, 3, 72, 1, 26, 13, 8, -11, -100, -41, -50, 14, 16, 3, 40, 3, 56, -121, 2, 34, 12, 8, -84, -69, -57, -50, 14, 16, 4, 24, 1, 32, 3, 58, 81, 8, -84, -99, -41, -50, 14, 16, 5, 24, -98, -23, 30, 32, -54, 1, 40, -96, -1, -1, -1, -1, -1, -1, -1, -1, 1, 48, -13, -1, -1, -1, -1, -1, -1, -1, -1, 1, 64, -95, -1, -1, -1, -1, -1, -1, -1, -1, 1, 72, -96, -1, -1, -1, -1, -1, -1, -1, -1, 1, 80, -98, -1, -1, -1, -1, -1, -1, -1, -1, 1, 88, -98, -1, -1, -1, -1, -1, -1, -1, -1, 1, 66, 31, 8, -114, -41, -49, -50, 14, 16, 5, 24, 2, 34, 19, 8, -98, -23, 30, 16, -54, 1, 24, 41, 32, 13, 40, -126, -128, -52, -67, 21, 48, 2, 90, 0, 98, 10, 8, -85, -54, -73, -50, 14, 16, 3, 24, 5, 122, 15, 8, -84, -99, -41, -50, 14, 16, -9, 1, 24, -1, 1, 32, -2, 8]
04-11 12:30:18.700 14034   947 D SubsysRadioIndication[0]: radioQosPeriodReportInd result [8, -128, -97, -41, -50, 14, 34, 12, 8, -84, -69, -57, -50, 14, 16, 4, 24, 1, 32, 3, 58, 61, 8, -59, -106, -41, -50, 14, 16, 5, 24, -64, -92, 38, 32, -22, 6, 40, -95, -1, -1, -1, -1, -1, -1, -1, -1, 1, 48, -10, -1, -1, -1, -1, -1, -1, -1, -1, 1, 56, 9, 64, -95, -1, -1, -1, -1, -1, -1, -1, -1, 1, 72, -96, -1, -1, -1, -1, -1, -1, -1, -1, 1, 66, 29, 8, -57, -20, -92, -50, 14, 16, 5, 34, 19, 8, -64, -92, 38, 16, -22, 6, 24, 78, 32, 13, 40, -117, -32, -94, -93, 2, 48, 2, 90, 0, 98, 10, 8, -41, -26, -92, -50, 14, 16, 3, 24, 5, 122, 15, 8, -8, -24, -92, -50, 14, 16, -52, 2, 24, -21, 1, 32, -90, 9]
04-11 12:30:18.700 14034 14034 D NetworkService[1]: handleMessage what:1005
04-11 12:30:18.700 14034 14034 D RadioAtomTracker: parseQosPeriodData ModemQos:CellularQosInfo1{5G, 504990/202, EndcState=2, Band=41, DLBW=13, Rsrp=-96, Rsrq=-13, Snr=0, SvcStatus=3, ULPDCPNumDataPdu=3, ULPDCPNumDropPdu=0, ULPDCPTput=135, ULRLCNumDataPdu=3, ULRLCNumRetxPdu=0, ULGrant=0, ULBSR=0, ULBler=1, DLPDCPNumDataPdu=3, DLPDCPTput=263, DLRLCNumDataPdu=3, DLRLCNumRetxPdu=0, DLRLCNumDropPdu=0, DLMACPaddingBytes=0, DLPdcpNumMissToUppPdu=0, DLBler=0, RlfCount=0, CellChangeCount=0, IsRedirectionOccur=0, IsDualSimConflict=0, Latency=6, Sub1RrcState=1, Sub2RrcState=3, RachCount=0, CalcPower=247, Mtpl=255, PathLoss=1150, CellLoad=0}
04-11 12:30:18.700 14034 14034 D NetworkService[1]: EVENT_REG_QOS_PERIOD_REPORT_IND_CHANGED ENTER
04-11 12:30:18.700 14034 14034 D NetworkService[0]: handleMessage what:1005
04-11 12:30:18.700 14034 14034 D RadioAtomTracker: parseQosPeriodData ModemQos:CellularQosInfo2{5G, 627264/874, EndcState=0, Band=78, DLBW=13, Rsrp=-95, Rsrq=-10, Snr=9, SvcStatus=3, ULPDCPNumDataPdu=-1, ULPDCPNumDropPdu=-1, ULPDCPTput=-1, ULRLCNumDataPdu=-1, ULRLCNumRetxPdu=-1, ULGrant=-1, ULBSR=-1, ULBler=-1, DLPDCPNumDataPdu=-1, DLPDCPTput=-1, DLRLCNumDataPdu=-1, DLRLCNumRetxPdu=-1, DLRLCNumDropPdu=-1, DLMACPaddingBytes=-1, DLPdcpNumMissToUppPdu=-1, DLBler=-1, RlfCount=0, CellChangeCount=0, IsRedirectionOccur=0, IsDualSimConflict=0, Latency=0, Sub1RrcState=1, Sub2RrcState=3, RachCount=0, CalcPower=332, Mtpl=235, PathLoss=1190, CellLoad=0}
04-11 12:30:18.700 14034 14034 D NetworkService[0]: EVENT_REG_QOS_PERIOD_REPORT_IND_CHANGED ENTER
04-11 12:30:18.700 14034 14034 D AtomModemKpiInfo: handleMessage what:1001
04-11 12:30:18.700 14034 14034 D AtomModemKpiInfo: analyseQosInfo success
04-11 12:30:18.724  2258  2258 D SensorFeature: name=ssc_screenshot_info ,index = 22
04-11 12:30:18.725  2258  2258 D SensorFeature: write 39 bytes:929033464280863,929034137567217,29548,0
04-11 12:30:18.727  3590  9788 I AICCTModule: SensorFilter: brightness threshold 1.2 screenNit is 88.015 ave enviroment lux is 84.880424 luxForNit 85.56189demarcationPoint200.0 result is false
04-11 12:30:18.727  3590  9788 I AICCTModule: SensorFilter: findSecondNearestValue, sensorValue: 6324.855 nearestMaxValue:6324.855 secondNearestValue: 6329.3735
04-11 12:30:18.727  3590  9788 I AICCTModule: SensorFilter: findSecondNearestValue, sensorValue: 85.742775 nearestMaxValue:85.27185 secondNearestValue: 85.27185
04-11 12:30:18.733  2181  2506 I SDM     : DisplayBuiltIn::IdlePowerCollapse: IPC received, disabling partial update for one frame
04-11 12:30:18.735  2280  2331 D BatteryChargeControl: bcc get no support from charging protocol
--------- beginning of system
04-11 12:30:18.775  3590  8061 V WindowManager: Relayout Window{83978a2 u0 com.binance.monitor}: viewVisibility=0, oldvis=0, req=315x429 , apr = 0, vsysui=, x=-407, y=2142
04-11 12:30:18.775 32357 32357 I SurfaceControl:  setExtendedRangeBrightness sc=Surface(name=)/@0x6fc43b4,currentBufferRatio=1.0,desiredRatio=1.0
04-11 12:30:18.776  3590  8061 D InsetsSourceProvider: updateSourceFrameForServerVisibility mandatorySystemGestures EMPTY_RECT
04-11 12:30:18.777  3590  8061 D InsetsSourceProvider: updateSourceFrameForServerVisibility mandatorySystemGestures EMPTY_RECT
04-11 12:30:18.820  2113 17862 I sensors-hal: handle_oplus_wise_rgb_event:161, wise_rgb: (34446)(cct, lux, ir)[5867.01, 133.60, 57.505669] (r, g, b, c)[6289.19, 4260.66, 2701.93, 11881.81]                 (pwm, hbm, brl, algo)[0.0 0.0 1310.0 2.0], flag 29548
04-11 12:30:18.821 27752 27752 W dumpsys : Thread Pool max thread count is 0. Cannot cache binder as linkToDeath cannot be implemented. serviceName: gfxinfo
04-11 12:30:18.822  3590  8061 D ActivityManager: freezer override set to true
04-11 12:30:18.822  3590  8061 D ActivityManager: freezer override callers: 27752/2000 com.android.server.am.ActivityManagerService$GraphicsBinder.dump:2380 android.os.Binder.doDump:1085 android.os.Binder.dump:1075 android.os.Binder.onTransact:945 android.os.Binder.execTransactInternal:1444 
04-11 12:30:18.827  3590  8061 D ActivityManager: freezer override set to false
04-11 12:30:18.827  3590  8061 D ActivityManager: freezer override callers: 27752/2000 com.android.server.am.ActivityManagerService$GraphicsBinder.dump:2386 android.os.Binder.doDump:1085 android.os.Binder.dump:1075 android.os.Binder.onTransact:945 android.os.Binder.execTransactInternal:1444 
04-11 12:30:18.841  4482  4659 W ServiceManagerCppClient: Waited one second for SystemClearService (is service started? Number of threads started in the threadpool: 16. Are binder threads started and available?)
04-11 12:30:18.842  4482  4680 W ServiceManagerCppClient: Waited one second for SystemClearService (is service started? Number of threads started in the threadpool: 16. Are binder threads started and available?)
04-11 12:30:18.844  1254 27756 W libc    : Unable to set property "ctl.interface_start" to "aidl/SystemClearService": PROP_ERROR_HANDLE_CONTROL_MESSAGE (0x20)
04-11 12:30:18.844  1254 27757 W libc    : Unable to set property "ctl.interface_start" to "aidl/SystemClearService": PROP_ERROR_HANDLE_CONTROL_MESSAGE (0x20)
04-11 12:30:18.873  2181  2506 I SDM     : DisplayBuiltIn::IdlePowerCollapse: IPC received, disabling partial update for one frame
04-11 12:30:18.903  2399  3162 D VRR [OTI]: handleIdle from 1 to 0
04-11 12:30:18.904  2399  3162 D VRR [OTI-HW]: isStateReady 0
04-11 12:30:18.904  2399  3162 D VRR [OTI-HW]: keep rate.
04-11 12:30:18.904  3590  8031 D GestureLog_OplusMultiPointerDetector: onTouchEvent------>start, mCurNumPointers=1, mCurrStatus=0 mIsDownIntervalTimeout=true, action=0 downTime=881178277 deviceId=-1
04-11 12:30:18.904  3590  3863 D PowerManagerService: userActivityNoUpdateLocked: groupId=0, eventTime=881178277, event=touch, flags=0x0, uid=1000
04-11 12:30:18.904  3590  8291 I [UAH_CLIENT]: UahEventAcquire, cmdid:37, pkg:none, identity:OplusUAwareInputHelper
04-11 12:30:18.904  3590  3863 D PowerManagerService: userActivityNoUpdateLocked: groupId=0, eventTime=881178277, event=touch, flags=0x0, uid=1000
04-11 12:30:18.904 32357 32357 E IJankManager: slideSceneEnd unknown scene 1000 mScene:-1
04-11 12:30:18.904  3590  8291 D UAH-UahAdaptHelper: adaptSetNotification identity = OplusUAwareInputHelpersrc = 1000 , type 0 ,p1 = -1 ,p2 = -1 ,p3 = -1 ,p4 =
04-11 12:30:18.904  3590  8291 I [UAH_CLIENT]: uahRuleCtl, ruleId:1000, status:0
04-11 12:30:18.905  3590  8291 D UAH-UahAdaptHelper: adaptSetNotification identity = OplusUAwareInputHelpersrc = 1000 , type 1 ,p1 = -1 ,p2 = -1 ,p3 = -1 ,p4 =
04-11 12:30:18.905  3590  8291 I [UAH_CLIENT]: uahRuleCtl, ruleId:1000, status:1
04-11 12:30:18.905 32357 32357 D OplusViewDragTouchViewHelper: dispatchTouchView action = 1
04-11 12:30:18.905  3590  3863 D PowerManagerService: userActivityNoUpdateLocked: groupId=0, eventTime=881178277, event=touch, flags=0x0, uid=1000
04-11 12:30:18.905  3590  3863 D PowerManagerService: userActivityNoUpdateLocked: groupId=0, eventTime=881178277, event=touch, flags=0x0, uid=1000
04-11 12:30:18.905 32357 32357 D ViewRootImplExtImpl: the up motion event handled by client, just return
04-11 12:30:18.906 15031 15220 D ShellSubscriberWorkerThread: the first 8 bytes empty, and RestData length > 8 
04-11 12:30:18.907  3590  7998 I [UAH_CLIENT]: UahEventAcquire, cmdid:2, pkg:none, identity:com.android.server.wm
04-11 12:30:18.907  3590  8061 D WindowManager: NFW_setClientVisible:ActivityRecord{55706302 u0 com.binance.monitor/.ui.account.AccountStatsBridgeActivity clientVisible:true
04-11 12:30:18.908  3590  8061 V GrammaticalInflectionUtils: AttributionSource: android.content.AttributionSource@1020978a does not have READ_SYSTEM_GRAMMATICAL_GENDER permission.
04-11 12:30:18.908  3590  8061 D OplusCompatModeManagerService: getRequestedConfigurationOrientation  res:1,req:1,config.old:0,config.new:0,ActivityRecord{55706302 u0 com.binance.monitor/.ui.account.AccountStatsBridgeActivity t-1}
04-11 12:30:18.908  3590  8061 D OplusCompatModeManagerService:  onPreActivityRecordConfigurationChanged {0.0 ?mcc??mnc ?localeList ?layoutDir ?swdp ?wdp ?hdp ?density ?lsize ?long ?ldr ?wideColorGamut ?orien ?uimode ?night ?touch ?keyb/?/? ?nav/? winConfig={ mBounds=Rect(0, 0 - 0, 0) mAppBounds=null mMaxBounds=Rect(0, 0 - 0, 0) mDisplayRotation=undefined mWindowingMode=undefined mActivityType=undefined mAlwaysOnTop=undefined mRotation=undefined} ?fontWeightAdjustmentmThemeChanged= 0, mThemeChangedFlags= 0, mFlipFont= 0, mScenario= -1, mAccessibleChanged= 0, mUxIconConfig= 0, mMaterialColor= ffffffffffffffff, mUserId= -1, mFontUserId= -1, mFontVariationSettings= ffffffff, mFoldingAngle = -1.0, mIconPackName= , mDarkModeBackgroundMaxL= -1.0, mDarkModeDialogBgMaxL= -1.0, mDarkModeForegroundMinL= -1.0, mOplusConfigType= 0, mOplusChangedConfigs= 0, OpSans= -1, mBurmeseFontFlag= -1, mFlag= 0, mExtraFlag= 0, mFlexibleActivitySuitable= -1, mPuttDisplayFlag= -1}
04-11 12:30:18.908  3590  8061 D OplusCompatModeManagerService:  disable:true,valid:false,computeReq:1,isGameRatio:false
04-11 12:30:18.908  3590  8061 D OplusCompatModeManagerService:  getOverrideMinAspectRatioForCompatMode: 0.0 getRawOverrideMinAspectRatioForCompatMode: 0.0
04-11 12:30:18.908  3590  8061 D OplusCompatModeManagerService:  ar : ActivityRecord{55706302 u0 com.binance.monitor/.ui.account.AccountStatsBridgeActivity t-1} displayId:-1 inCompatMode: false
04-11 12:30:18.908  3590  8061 D OplusCompatModeManagerService: isDefaultDisplay true oldRect: Rect(0, 0 - 0, 0) newRect Rect(0, 0 - 0, 0)
04-11 12:30:18.908  3590  8061 D OplusCompatModeManagerService: reloadCompactRatio mParWorldContainer.isEnabledParallelWindow(pkg):false,mParWorldContainer.isDisabledCompactWindow:false,isUIAutoLayout:false, isFullOrientation: false
04-11 12:30:18.908  3590  8061 D FlexibleTaskController: isSupportFlexibleWindow target = com.binance.monitor/.ui.account.AccountStatsBridgeActivity callPkg = FlexibleTaskController support = true ,caller = 3590
04-11 12:30:18.908  3590  8061 D ActivityStarterExtImpl: checkOpMode: 3
04-11 12:30:18.908  3590  3830 W QosScheduler: executeSceneQosStrategy failed! qos feature no enable
04-11 12:30:18.909  3590  8061 D FlexibleWindowManagerService: isIgnoreAppearedAcrossTask:false
04-11 12:30:18.909  3590  8061 D ActivityStarterExtImpl: setForceUpdateWindow, targetTask = Task{a10d0a5 #13089 type=standard A=10512:com.binance.monitor} r = ActivityRecord{55706302 u0 com.binance.monitor/.ui.account.AccountStatsBridgeActivity t-1} notFinish =false
04-11 12:30:18.909  3590  8061 D FlexibleWindowManagerService: isIgnoreAppearedAcrossTask:false
04-11 12:30:18.909  3590  8061 D FlexibleTaskController: adjustOptionsForFlexibleTask skip adjust options reason:4
04-11 12:30:18.909  3590  8061 I InsensibleTaskController: adjustOptionsForInsensibleTask targetTask is resuse so not pureInsensibleOptions
04-11 12:30:18.909  3590  8061 D FlexibleTaskController: isSupportFlexibleWindow target = com.binance.monitor/.ui.account.AccountStatsBridgeActivity callPkg = FlexibleTaskController support = true ,caller = 3590
04-11 12:30:18.909  3590  8061 D FlexibleWindowManagerService: no reused task found for ActivityRecord{55706302 u0 com.binance.monitor/.ui.account.AccountStatsBridgeActivity t-1}
04-11 12:30:18.909  3590  8061 D ActivityStarterExtImpl: isLaunchingRootActivity = false
04-11 12:30:18.909  3590  8061 D ActivityStarterExtImpl: resume targetTask isVisibleRequested is true or in SkipCheckedList, need resume:targetTask=Task{a10d0a5 #13089 type=standard A=10512:com.binance.monitor}
04-11 12:30:18.909  3590  8480 I OPM     : handleActivityStart : ActivityRecord{55706302 u0 com.binance.monitor/.ui.account.AccountStatsBridgeActivity t-1}
04-11 12:30:18.909  3590  8061 D ActivityTaskManager: setAppVisibility(Token{b7c648e ActivityRecord{51477392 u0 com.binance.monitor/.ui.settings.SettingsActivity t13089 f}}}, visible=false):  visible=true mVisibleRequested=true
04-11 12:30:18.910  3590  8061 D ActivityTaskManager: setVisibility(Token{b7c648e ActivityRecord{51477392 u0 com.binance.monitor/.ui.settings.SettingsActivity t13089 f}}}, visible=false) defer commitVisibility for transition collecting
04-11 12:30:18.910  3590  8061 D ActivityTrigger: ActivityTrigger activityPauseTrigger 
04-11 12:30:18.912  3590  8061 D InsetsSourceProvider: updateSourceFrameForServerVisibility mandatorySystemGestures EMPTY_RECT
04-11 12:30:18.912  8338  8381 V WindowManagerShell: Transition requested (#27132): android.os.BinderProxy@9b508b5 TransitionRequestInfo { type = OPEN, triggerTask = TaskInfo{userId=0 taskId=13089 effectiveUid=10512 displayId=0 isRunning=true baseIntent=Intent { act=android.intent.action.MAIN cat=[android.intent.category.LAUNCHER] flg=0x10200000 cmp=com.binance.monitor/.launcher.IconFinancialAlias mCallingUid=10214 } baseActivity=ComponentInfo{com.binance.monitor/com.binance.monitor.ui.main.MainActivity} topActivity=ComponentInfo{com.binance.monitor/com.binance.monitor.ui.account.AccountStatsBridgeActivity} origActivity=ComponentInfo{com.binance.monitor/com.binance.monitor.launcher.IconFinancialAlias} realActivity=ComponentInfo{com.binance.monitor/com.binance.monitor.ui.main.MainActivity}
04-11 12:30:18.912  8338  8381 V WindowManagerShell:  numActivities=2 lastActiveTime=929034324 supportsSplitScreenMultiWindow=true supportsMultiWindow=true supportsPocketStudioMultiWindow=true isInFlexibleEmbedded = false uid = 10512 pid = 32357 resizeMode=1 isResizeable=true minWidth=-1 minHeight=-1 defaultMinSize=220 token=WCT{android.window.IWindowContainerToken$Stub$Proxy@bba0b4a} topActivityType=1 pictureInPictureParams=null shouldDockBigOverlays=false launchIntoPipHostTaskId=-1 lastParentTaskIdBeforePip=-1 displayCutoutSafeInsets=Rect(0, 140 - 0, 0)
04-11 12:30:18.912  8338  8381 V WindowManagerShell:  topActivityInfo=ActivityInfo{2e38abb com.binance.monitor.ui.account.AccountStatsBridgeActivity} launchCookies=[] positionInParent=Point(0, 0) parentTaskId=-1 isFocused=true isVisible=true isVisibleRequested=false isTopActivityNoDisplay=false isSleeping=false locusId=null displayAreaFeatureId=1 isTopActivityTransparent=false isActivityStackTransparent=false lastNonFullscreenBounds=Rect(330, 828 - 935, 2092) capturedLink=null capturedLinkTimestamp=0 requestedVisibleTypes=-9 topActivityRequestOpenInBrowserEducationTimestamp=0
04-11 12:30:18.912  8338  8381 V WindowManagerShell:  appCompatTaskInfo=AppCompatTaskInfo { topActivityInSizeCompat=false topActivityInOplusCompatMode=false eligibleForLetterboxEducation= false isLetterboxEducationEnabled= false isLetterboxDoubleTapEnabled= false eligibleForUserAspectRatioButton= false topActivityBoundsLetterboxed= false isFromLetterboxDoubleTap= false topActivityLetterboxVerticalPosition= -1 topActivityLetterboxHorizontalPosition= -1 topActivityLetterboxWidth=-1 topActivityLetterboxHeight=-1 topActivityAppBounds=Rect(0, 140 - 1264, 2780) isUserFullscreenOverrideEnabled=false isSystemFullscreenOverrideEnabled=false hasMinAspectRatioOverride=false topActivityLetterboxBounds=null cameraCompatTaskInfo=CameraCompatTaskInfo { freeformCameraCompatMode=inactive}} topActivityMainWindowFrame=null topActivityLetterboxInsets=Rect(0, 0 - 0, 0)
04-11 12:30:18.912  8338  8381 V WindowManagerShell:  mOplusExtraBundle = Bundle[mParcelledData.dataSize=1540]}, pipChange = null, remoteTransition = null, displayChange = null, flags = 0, debugId = 27132 }
04-11 12:30:18.912  8338  8381 D ShellSplitScreen: logExit: no-op, mLoggerSessionId is null
04-11 12:30:18.912  3590  8061 I ActivityTaskManager: START u0 {flg=0x24000000 xflg=0x4 cmp=com.binance.monitor/.ui.account.AccountStatsBridgeActivity mCallingUid=10512} with LAUNCH_MULTIPLE from uid 10512 (sr=51477392) (BAL_ALLOW_VISIBLE_WINDOW (callingUid has visible window)) result code=3
04-11 12:30:18.913  8338  8381 D WindowManagerShell: onActivityRestartAttempt: topActivity=ComponentInfo{com.binance.monitor/com.binance.monitor.ui.account.AccountStatsBridgeActivity}, wasVisible=false
04-11 12:30:18.914  3590  8061 I OplusAccessController: enter isIgnoreAppSwitchActivity
04-11 12:30:18.914  3590  8061 I OplusAccessController: enter isIgnoreAppSwitchActivity and intent != null
04-11 12:30:18.914  3590  8061 I OplusAccessController: enter isIgnoreAppSwitchActivity and componentName != null
04-11 12:30:18.914  3590  8061 I OplusAccessController: enter isIgnoreAppSwitchActivity and packageName&activity is not Empty
04-11 12:30:18.914  3590  8061 D RefreshRate: boostRefreshId choose max:currentRefreshRate:90.0 targetRefreshRate:60.0 mCurrentPickRate:90.0
04-11 12:30:18.914  3590  8061 D RefreshRate: Trigger app switch boost, ar=ActivityRecord{95862188 u0 com.binance.monitor/.ui.account.AccountStatsBridgeActivity t13089},currDisplayRate=90.0,boostId=1
04-11 12:30:18.914  3590  7959 D BackgroundInstallControlService: Package event received: 0
04-11 12:30:18.914  3590  8061 D RefreshRate: setDisplayConfigSpecs complete: targetMode={id=3, width=1264, height=2780, fps=90.0, vsync=90.0, synthetic=false, alternativeRefreshRates=[60.000004, 120.00001, 120.00001], supportedHdrTypes=[1, 2, 3, 4]},srcMode={id=3, width=1264, height=2780, fps=90.0, vsync=90.0, synthetic=false, alternativeRefreshRates=[60.000004, 120.00001, 120.00001], supportedHdrTypes=[1, 2, 3, 4]},sfModId=2,rate=90.0
04-11 12:30:18.914  3590  8061 D RefreshRate: startAppSwitchBoost targetMode={id=3, width=1264, height=2780, fps=90.0, vsync=90.0, synthetic=false, alternativeRefreshRates=[60.000004, 120.00001, 120.00001], supportedHdrTypes=[1, 2, 3, 4]} record=ActivityRecord{95862188 u0 com.binance.monitor/.ui.account.AccountStatsBridgeActivity t13089}: votes=PRIORITY_START_ANIMATION_BOOST -> Vote{mRefreshRate=90.0, mMinRefreshRate=90.0, mRequestSource=null};PRIORITY_WINDOW_REQUEST -> Vote{mRefreshRate=90.0, mMinRefreshRate=90.0, mRequestSource=null};
04-11 12:30:18.914  3590  3875 D RefreshRate: do setDisplayConfigSpecs  
04-11 12:30:18.914  3590  8061 D ActivityTaskManager: setAppVisibility(Token{8c15a0a ActivityRecord{95862188 u0 com.binance.monitor/.ui.account.AccountStatsBridgeActivity t13089}}, visible=true):  visible=false mVisibleRequested=false
04-11 12:30:18.914  2399  8068 D SurfaceFlinger: VRR [SurfaceFlinger] setDesiredDisplayModeSpecs, from process 3590, 2, 0, primaryRanges = [ 90.000000, 90.000000, 90.000000, 90.000000 ], appRequestRanges = [ 90.000000, 90.000000, 90.000000 90.000000 ]
04-11 12:30:18.914  3590  8061 D WindowManager: NFW_setClientVisible:ActivityRecord{95862188 u0 com.binance.monitor/.ui.account.AccountStatsBridgeActivity t13089} clientVisible:true
04-11 12:30:18.914  3590  8061 D ActivityTaskManager: setVisibility(Token{8c15a0a ActivityRecord{95862188 u0 com.binance.monitor/.ui.account.AccountStatsBridgeActivity t13089}}, visible=true) defer commitVisibility for transition collecting
04-11 12:30:18.914 32357 32425 D VRI[AccountStatsBridgeActivity]: dispatchAppVisibility visible:true mUpcomingWindowFocus:false
04-11 12:30:18.914  3590  8790 W SurfaceFlingerPuller: Failed to pull atom 150134 from surfaceflinger. Success is 0, binder status is EX_NONE
04-11 12:30:18.914  3590  3875 D DisplayModeDirector: setAppRequest displayId : 0  modeId: 3  requestedRefreshRate: 90.0  requestedMinRefreshRateRange: 90.0  requestedMaxRefreshRateRange: 90.0
04-11 12:30:18.915  2013  2036 E statsd  : Stats puller failed for tag: 150134 at 929034328199248
04-11 12:30:18.915  3590  8480 I OPM     : handlePackageLaunched pkg: com.binance.monitor, uid: 10512, pid: 32357
04-11 12:30:18.915  3590  8061 D ActivityTaskManager: NFW_setLastResumedActivityUncheckLocked:true r:ActivityRecord{95862188 u0 com.binance.monitor/.ui.account.AccountStatsBridgeActivity t13089} currentFocus:Window{a82e8c0 u0 com.binance.monitor/com.binance.monitor.ui.settings.SettingsActivity}
04-11 12:30:18.915  3590  8061 D WindowManager: NFW_findFocusedWindowIfNeeded:null mCurrentFocus:Window{a82e8c0 u0 com.binance.monitor/com.binance.monitor.ui.settings.SettingsActivity}
04-11 12:30:18.915  3590  8061 D WindowManager: attachImeScreenshotOnTargetIfNeeded, mImeHiding = false, requestedVisibleTypes = -9
04-11 12:30:18.915  3590  8061 V WindowManager: Changing focus from Window{a82e8c0 u0 com.binance.monitor/com.binance.monitor.ui.settings.SettingsActivity} to null,diplayid=0
04-11 12:30:18.915  3590  8061 D FlexibleTaskController: isFullToFlexibleAnimating: false
04-11 12:30:18.915  3590  8061 D WindowManager: rotation(ROTATION_0) no changed  displayId = 0, lastOrientation = 1
04-11 12:30:18.916  3590  8061 I TaskOrganizerController: onTaskInfoChanged taskid 13089 config { mBounds=Rect(0, 0 - 1264, 2780) mAppBounds=Rect(0, 0 - 1264, 2780) mMaxBounds=Rect(0, 0 - 1264, 2780) mDisplayRotation=ROTATION_0 mWindowingMode=fullscreen mActivityType=standard mAlwaysOnTop=undefined mRotation=ROTATION_0}
04-11 12:30:18.916  3590  8061 D OplusFlexibleDragToSplitAnimController: visibleFlexibleTaskInfos delete:13089
04-11 12:30:18.916  3590  8061 E FlexibleWindowManagerService: notifyTaskObserverToAttachController not need to notify!
04-11 12:30:18.916  3590  8061 I FlexibleWindowManagerService: onFlexibleWindowTaskInfoChanged, return for cur task not embedded
04-11 12:30:18.916  8338  8381 D ShellTaskOrganizerExt: visibleFlexibleTaskInfos delete:13089
04-11 12:30:18.916  8338  8381 D ShellTaskOrganizerExt: isOnCanvas size:0
04-11 12:30:18.916  8338  8381 D ShellTaskOrganizerExt: isOnThreeFlexibleCanvas size:0
04-11 12:30:18.916  3590  8061 D OplusFeatureColorMode: ColorMode getColorMode =0
04-11 12:30:18.916  3590  8061 D ColorDisplayServiceExtImpl: getWCGVersion1App, packageName=com.binance.monitor, sSupportWCG1 = true, sSupportWCG3 = false, nRet = 0
04-11 12:30:18.916  3590  8061 D InsetsSourceProvider: updateSourceFrameForServerVisibility mandatorySystemGestures EMPTY_RECT
04-11 12:30:18.916  3590  8061 D InsetsSourceProvider: updateSourceFrameForServerVisibility mandatorySystemGestures EMPTY_RECT
04-11 12:30:18.916  3590  8061 D DisplayModeDirector: setAppRequest displayId : 0  modeId: 3  requestedRefreshRate: 0.0  requestedMinRefreshRateRange: 0.0  requestedMaxRefreshRateRange: 90.0
04-11 12:30:18.916  3590  3875 D VRR [OPlusRefreshRateService]:  setDirectorStates [flag: 1, state: 1, directorStateOff: 1]
04-11 12:30:18.917  2399  2620 D VRR [RefreshRateDirector]: updateState mState = 0
04-11 12:30:18.917 32357 32425 D ColorModeChangeItem: preExecute mColorMode=0
04-11 12:30:18.917  3590  3796 D InsetsSourceProvider: updateSourceFrameForServerVisibility mandatorySystemGestures EMPTY_RECT
04-11 12:30:18.917  3590  7959 D BackgroundInstallControlService: Package event received: 0
04-11 12:30:18.917  2013  2036 E statsd  : Stats puller failed for tag: 150134 at 929034331586852
04-11 12:30:18.917  3590  3795 D FlexibleTaskController: not in list
04-11 12:30:18.918  2399  2620 I OplusPerfCollect: OplusPerfCollect onPullAtom
04-11 12:30:18.918  2399  2620 I OplusPerfCollect: OplusPerfCollect OplusVrrInfoRecord clear
04-11 12:30:18.918 32357 32357 D OplusScrollToTopManager: com.binance.monitor/com.binance.monitor.ui.chart.MarketChartActivity,window dying
04-11 12:30:18.918 32357 32357 D OplusScrollToTopManager: com.binance.monitor/com.binance.monitor.ui.chart.MarketChartActivity,unregisterSystemUIBroadcastReceiver 
04-11 12:30:18.918 32357 32357 D OplusScrollToTopManager: com.binance.monitor/com.binance.monitor.ui.chart.MarketChartActivity, unregisterSystemUIBroadcastReceiver failed java.lang.IllegalArgumentException: Receiver not registered: android.view.OplusScrollToTopManager$2@973a0a1
04-11 12:30:18.918 32357 32357 W WindowOnBackDispatcher: sendCancelIfRunning: isInProgress=false callback=android.view.ViewRootImpl$$ExternalSyntheticLambda13@6bfb8e
04-11 12:30:18.918  2013  2036 I statsd  : An anomaly (104240000001) (42)0x10000->10512[I] (42)0x20000->com.binance.monitor[S] (42)0x30000->.ui.account.AccountStatsBridgeActivity[S]  has occurred! Informing subscribers.
04-11 12:30:18.918  3590  8790 D CoreBackPreview: Window{daac658 u0 com.binance.monitor/com.binance.monitor.ui.chart.MarketChartActivity}: Setting back callback null
04-11 12:30:18.919 10250 16907 E midasd  : getTotalFlipsFromSf mCurFrameCount: 11743598
04-11 12:30:18.919 10250 16907 I midasd  : DisplayAgent updateDisplayDevInfo getRenderFps mFps:90 mRenderFps:5 mWidth:1264 mHeight:2780
04-11 12:30:18.919 32357 32357 D HWUI    : RenderProxy::destroy: this=0xb4000070f9a8db00, mContext=0xb400007236184200
04-11 12:30:18.919 32357 32399 D HWUI    : SkiaVulkanPipeline::setSurface: this=0xb400007183687040, surface=NULL
04-11 12:30:18.919  3590  8061 D InsetsSourceProvider: updateSourceFrameForServerVisibility mandatorySystemGestures EMPTY_RECT
04-11 12:30:18.920  3590  8061 D InsetsSourceProvider: updateSourceFrameForServerVisibility mandatorySystemGestures EMPTY_RECT
04-11 12:30:18.920  3590  8061 D WindowManager: NFW_findFocusedWindowIfNeeded:null mCurrentFocus:null
04-11 12:30:18.920  3590  7233 W UsageStatsService: Unexpected activity event reported! (com.binance.monitor/com.binance.monitor.ui.chart.MarketChartActivity event : 23 instanceId : 106638421)
04-11 12:30:18.920  3590  8061 D ActivityTaskManager: removeAppToken: ActivityRecord{2336319 u0 com.binance.monitor/.ui.chart.MarketChartActivity t13089 f}} delayed=true parent=Task{a10d0a5 #13089 type=standard A=10512:com.binance.monitor} animating=true Callers=com.android.server.wm.DisplayContent.removeAppToken:1759 com.android.server.wm.ActivityRecord.removeFromHistory:4970 com.android.server.wm.ActivityRecord.destroyed:5060 com.android.server.wm.ActivityClientController.activityDestroyed:339 
04-11 12:30:18.921 32357 32357 D VRI[AccountStatsBridgeActivity]: setWindowStopped stopped:false
04-11 12:30:18.921  3590  8591 D OplusAppSwitchRuleInfo: generateActivityEnterInfo - launch_source_type =  , launch_source_traceid = 
04-11 12:30:18.921  3590  8591 D OplusAppSwitchRuleInfo: generateActivityEnterInfo - launch_source_type =  , launch_source_traceid = 
04-11 12:30:18.922 32357 32357 D ActivityThread: ComponentInfo{com.binance.monitor/com.binance.monitor.ui.account.AccountStatsBridgeActivity} checkFinished=false 2
04-11 12:30:18.922 32357 32357 D ResourcesManagerExtImpl: applyConfigurationToAppResourcesLocked app.getDisplayId() return callback.displayId:0
04-11 12:30:18.931  3590  8790 I InputDispatcher: updateFocusedWindow,  on display 0, reason: NO_WINDOW, result:   FocusedWindows: <none>
04-11 12:30:18.940  1345 27434 I keystore2: system/security/keystore2/watchdog/src/lib.rs:377 - Watchdog thread idle -> terminating. Have a great day.
04-11 12:30:18.940  2399  2399 I BpBinder: onLastStrongRef automatically unlinking death recipients: 
04-11 12:30:19.056  3438  4039 D QmiClient: qmiServiceEventCallback recv msg id 47
04-11 12:30:19.056  3438  4039 D QmiClient: enter -mServiceType 10 onQmiServiceEventCallback msgId 47
04-11 12:30:19.056  3438  4039 D QmiClient: onQmiServiceEventCallback - enter. msgId=47
04-11 12:30:19.056  3438  3488 D OttProxy: handleMessage msg is 3001
04-11 12:30:19.056 14034   947 D SubsysRadioIndication[1]: radioLinkLatencyInfoInd
04-11 12:30:19.056 14034   947 D SubsysRadioIndication[1]: notify enter
04-11 12:30:19.056 14034 14034 D NetworkService[1]: handleMessage what:1008
04-11 12:30:19.056 14034 14034 D NetworkService[1]: EVENT_REG_LINK_LATENCY_INFO_CHANGE ulLatency:11948
04-11 12:30:19.066  3590  7344 V AlarmManager: sending alarm Alarm{d005e9c type 1 origWhen 1775881819065 whenElapsed 929034480 android} uid 1000 whenElapsed 929034480 windowLength 0 maxWhenElapsed 929034480 repeatInterval 0 action null component null tag StorgaeBandInfoAlarmTag flags 0x9 procName system_server
04-11 12:30:19.066  3590 10338 E OplusStorageUFSBandwidth: storage_io_metrics_path is /proc/oplus_storage/io_metrics/forever/
04-11 12:30:19.067  3590 10338 E OplusStorageUFSBandwidth: Bandwidth - Read: 0.00 MB/s, Write: 0.00 MB/s
04-11 12:30:19.067  3590 10338 E OplusStorageUFSBandwidth: Task time: 1ms
04-11 12:30:19.069  3590 10338 E OplusStorageUFSBandwidth: Alarm set to trigger in 10 seconds
04-11 12:30:19.091  2181  2506 I SDM     : DisplayBuiltIn::IdlePowerCollapse: IPC received, disabling partial update for one frame
04-11 12:30:19.099  2181  2532 E CwbService: Panel not support apl read or getDisplayPanelAplValue timeout 10ms.
04-11 12:30:19.099  2258  2258 D SensorFeature: name=ssc_screenshot_info ,index = 22
04-11 12:30:19.099  2258  2258 D SensorFeature: write 39 bytes:929034452094561,929034503348727,29549,0
04-11 12:30:19.101  2113 20704 I sensors-hal: handle_oplus_wise_rgb_event:189, high_pwm_light:lux 132.7,cct 5850.8,brl/algo/ir 1310.0/2.0/58.9,pwm/dc 0.0/0.0,rgbc 6281.712402/4267.254395/2708.551758/11881.812500,ts 929034437952547,cnt 34450,flag 29549
04-11 12:30:19.101  2113 17862 I sensors-hal: handle_oplus_wise_rgb_event:161, wise_rgb: (34451)(cct, lux, ir)[5850.78, 132.67, 58.941330] (r, g, b, c)[6261.78, 4232.06, 2679.85, 11842.18]                 (pwm, hbm, brl, algo)[0.0 0.0 1310.0 2.0], flag 29549
04-11 12:30:19.191 32357 32357 D VRI[SettingsActivity]: onFocusEvent false
04-11 12:30:19.191 32357 32357 D ResourcesManagerExtImpl: applyConfigurationToAppResourcesLocked app.getDisplayId() return callback.displayId:0
04-11 12:30:19.192  3590  8777 I OplusHansManager : FastFreeze enter, freeze uids: []
04-11 12:30:19.192  3590  8777 I OplusHansManager : enter FastFreezer, frontApp: 10512, frozen uids: [], important uids: {10295=input, 10397=vpn}, reason: skip-frame
04-11 12:30:19.213 32357 32357 D ViewRootImplExtImpl: wrapConfigInfoIntoFlags rotation=0, smallestScreenWidthDp=361, residentWS=false, scenario=0, bounds=Rect(0, 0 - 1264, 2780), relayoutAsync=false, flags=0, newFlags=1457532192, title=com.binance.monitor/com.binance.monitor.ui.account.AccountStatsBridgeActivity
04-11 12:30:19.214  3590  8442 V WindowManager: Relayout Window{fecae5 u0 com.binance.monitor/com.binance.monitor.ui.account.AccountStatsBridgeActivity}: viewVisibility=0, oldvis=8, req=1264x2780 , apr = 0, vsysui=, x=0, y=0
04-11 12:30:19.214  3590  8442 I WindowManager: Window{fecae5 u0 com.binance.monitor/com.binance.monitor.ui.account.AccountStatsBridgeActivity} state from NO_SURFACE to DRAW_PENDING; reason: resetDrawState
04-11 12:30:19.214 14034 15313 D CommonApp-264-10512: transport layer data is invalid
04-11 12:30:19.214 14034 15313 D CommonApp-255-10512: commonScoreStrategy scenarios low package
04-11 12:30:19.214 14034 15313 D ScorePolicy: handleScoreChanged: []
04-11 12:30:19.214 14034 15313 D ScorePolicy: handleScoreChanged: []
04-11 12:30:19.214 14034 15313 D ScorePolicy: handleScoreChanged: []
04-11 12:30:19.214  3590  8442 D InsetsSourceProvider: updateSourceFrameForServerVisibility mandatorySystemGestures EMPTY_RECT
04-11 12:30:19.215  3590  8442 D InsetsSourceProvider: updateSourceFrameForServerVisibility mandatorySystemGestures EMPTY_RECT
04-11 12:30:19.215  3590  8442 D WindowManager: NFW_findFocusedWindowIfNeeded:Window{fecae5 u0 com.binance.monitor/com.binance.monitor.ui.account.AccountStatsBridgeActivity} mCurrentFocus:null
04-11 12:30:19.215  3590  8442 V WindowManager: Changing focus from null to Window{fecae5 u0 com.binance.monitor/com.binance.monitor.ui.account.AccountStatsBridgeActivity},diplayid=0
04-11 12:30:19.215  3590  3875 D VRR [OPlusSurfaceFlingerController]:  setComplexSceneEnable : false
04-11 12:30:19.215  3590  7998 I [UAH_CLIENT]: uahRuleCtl, ruleId:206, status:3
04-11 12:30:19.215  3590  8442 D Theia.NoFocusWindow: FocusWindowErrorScene cancelCheckFreezeScreen
04-11 12:30:19.215  3590  8442 W TheiaWindowMonitor: [check] focusedWindow is null or enable is false
04-11 12:30:19.216 32357 32357 D VRI[AccountStatsBridgeActivity]: relayoutWindow result, sizeChanged:false, surfaceControlChanged:true, transformHintChanged:false, mSurfaceSize:Point(1264, 2780), mLastSurfaceSize:Point(1264, 2780), mWidth:1264, mHeight:2780, requestedWidth:1264, requestedHeight:2780, transformHint:0, installOrientation:0, displayRotation:0, isSurfaceValid:true, attr.flag:-2122252032, tmpFrames:ClientWindowFrames{frame=[0,0][1264,2780] display=[0,0][1264,2780] parentFrame=[0,0][0,0]}, relayoutAsync:false, mSyncSeqId:0
04-11 12:30:19.216 32357 32357 W VRI[AccountStatsBridgeActivity]: updateBlastSurfaceIfNeeded, surfaceSize:Point(1264, 2780), lastSurfaceSize:Point(1264, 2780), format:-3, blastBufferQueue:null
04-11 12:30:19.216 32357 32357 D BufferQueueConsumer: [](id:7e650000004e,api:0,p:-1,c:32357) connect: controlledByApp=false
04-11 12:30:19.216 32357 32357 D BufferQueueConsumer: [VRI[AccountStatsBridgeActivity]#78(BLAST Consumer)78](id:7e650000004e,api:0,p:-1,c:32357) setMaxAcquiredBufferCount: 2
04-11 12:30:19.217 32357 32399 D BufferQueueProducer: [VRI[AccountStatsBridgeActivity]#78(BLAST Consumer)78](id:7e650000004e,api:1,p:32357,c:32357) connect: api=1 producerControlledByApp=true
04-11 12:30:19.218 32357 32357 I SurfaceControl:  setExtendedRangeBrightness sc=Surface(name=com.binance.monitor/com.binance.monitor.ui.account.AccountStatsBridgeActivity)/@0x536487f,currentBufferRatio=1.0,desiredRatio=1.0
04-11 12:30:19.218  3590  3796 D SurfaceComposerClient: Transaction::apply InputWindowCommands.focusRequests timestamp=881178590552291, windowName=fecae5 com.binance.monitor/com.binance.monitor.ui.account.AccountStatsBridgeActivity
04-11 12:30:19.230  2399  3200 D SurfaceFlinger: updateWinowInfo=1, setFocusedWindow timestamp=881178590552291, windowName=fecae5 com.binance.monitor/com.binance.monitor.ui.account.AccountStatsBridgeActivity
04-11 12:30:19.230  3590  8061 I InputDispatcher: NFW_setFocusedWindow, fecae5 com.binance.monitor/com.binance.monitor.ui.account.AccountStatsBridgeActivity on display 0, same as the previous:0
04-11 12:30:19.238 32357 32399 D BLASTBufferQueue: [VRI[AccountStatsBridgeActivity]#78](f:0,a:1) acquireNextBufferLocked size=1264x2780 mFrameNumber=1 applyTransaction=true mTimestamp=881178612904635(auto) mPendingTransactions.size=0 graphicBufferId=138972256797448 transform=0
04-11 12:30:19.239 32357 32399 D VRI[AccountStatsBridgeActivity]: Received frameCommittedCallback lastAttemptedDrawFrameNum=1 didProduceBuffer=true syncBuffer=false
04-11 12:30:19.239 32357 32357 D VRI[AccountStatsBridgeActivity]: draw finished. seqId=0
04-11 12:30:19.239  3590  8061 D WindowManager: onSyncFinishedDrawing: Window{fecae5 u0 com.binance.monitor/com.binance.monitor.ui.account.AccountStatsBridgeActivity}
04-11 12:30:19.239  3590  8061 I WindowManager: finishDrawing skipLayout:false,syncSeqId=0,mPrepareSyncSeqId=0 Window{fecae5 u0 com.binance.monitor/com.binance.monitor.ui.account.AccountStatsBridgeActivity} com.android.server.wm.WindowManagerService.finishDrawingWindow:3217 com.android.server.wm.Session.finishDrawing:399 android.view.IWindowSession$Stub.onTransact:793 
04-11 12:30:19.240  3590  8061 I WindowManager: Window{fecae5 u0 com.binance.monitor/com.binance.monitor.ui.account.AccountStatsBridgeActivity} state from DRAW_PENDING to COMMIT_DRAW_PENDING; reason: finishDrawingLocked
04-11 12:30:19.240  3590  3796 D InsetsSourceProvider: updateSourceFrameForServerVisibility mandatorySystemGestures EMPTY_RECT
04-11 12:30:19.240  3590  3796 D InsetsSourceProvider: updateSourceFrameForServerVisibility mandatorySystemGestures EMPTY_RECT
04-11 12:30:19.240  3590  3796 I WindowManager: Window{fecae5 u0 com.binance.monitor/com.binance.monitor.ui.account.AccountStatsBridgeActivity} state from COMMIT_DRAW_PENDING to READY_TO_SHOW; reason: commitFinishDrawingLocked
04-11 12:30:19.240  3590  3796 D CoreBackPreview:  return markWindowHasDrawn mComposed: false  mWaitTransition: false
04-11 12:30:19.240  3590  3796 D ActivityTaskManager: Clearing startingData for activity=ActivityRecord{95862188 u0 com.binance.monitor/.ui.account.AccountStatsBridgeActivity t13089} mStartingData=null mStartingSurface=null
04-11 12:30:19.241  3590  3796 D QuickBackInputPolicy: setAppLaunchEndTime update timePair=Pair{ActivityRecord{95862188 u0 com.binance.monitor/.ui.account.AccountStatsBridgeActivity t13089} 881178615}
04-11 12:30:19.241  3590  3796 D ActivityTaskManager: commitVisibility: ActivityRecord{95862188 u0 com.binance.monitor/.ui.account.AccountStatsBridgeActivity t13089}: visible=true visibleRequested=true, isInTransition=true 
04-11 12:30:19.241  3590  3796 D CoreBackPreview:  return markWindowHasDrawn mComposed: false  mWaitTransition: false
04-11 12:30:19.241  3590  3796 D ActivityTaskManager: Clearing startingData for activity=ActivityRecord{95862188 u0 com.binance.monitor/.ui.account.AccountStatsBridgeActivity t13089} mStartingData=null mStartingSurface=null
04-11 12:30:19.241  3590  3796 I WindowManager: Window{fecae5 u0 com.binance.monitor/com.binance.monitor.ui.account.AccountStatsBridgeActivity} state from READY_TO_SHOW to HAS_DRAWN; reason: performShowLocked
04-11 12:30:19.241  3590  3796 D CoreBackPreview:  return markWindowHasDrawn mComposed: false  mWaitTransition: false
04-11 12:30:19.241  3590  3796 E OplusAppQuickStart_AppQuickStartController: not start from launcher transition:27132
04-11 12:30:19.241  3590  3796 D Transition: collectOrderChanges onTopTasksEnd: [Task{a10d0a5 #13089 type=standard A=10512:com.binance.monitor}], reportedOnTop:null, mOnTopTasksStart: [Task{a10d0a5 #13089 type=standard A=10512:com.binance.monitor}], TDA child: [Task{2ae848 #3 type=undefined}, Task{59d6dd0 #13088 type=standard A=10306:com.binance.dev}, Task{100415c #13133 type=standard A=10397:com.v2ray.ang}, Task{1abb46b #12626 type=standard A=10345:com.tencent.mm}, Task{1b9ad4c #1 type=home}, Task{7fffd36 #13163 type=standard A=10515:com.mobilecodex.nativeapp}, Task{a10d0a5 #13089 type=standard A=10512:com.binance.monitor}]
04-11 12:30:19.242  3590  3796 D OplusFlexibleActivityTransitionManager: fixTransitType type result:1, targets: [ChangeInfo{be765a3 container=ActivityRecord{51477392 u0 com.binance.monitor/.ui.settings.SettingsActivity t13089 f}} flags=0x0}, ChangeInfo{19020a0 container=ActivityRecord{95862188 u0 com.binance.monitor/.ui.account.AccountStatsBridgeActivity t13089} flags=0x0}]
04-11 12:30:19.242  3590  3796 D OplusTransitionAnimationManager: activityRecordCount1fullScreenArBeHindStartingWindow null
04-11 12:30:19.242  3590  3796 D OplusTransitionAnimationManager: activityRecordCount1fullScreenArBeHindStartingWindow null
04-11 12:30:19.242  3590  3796 D QuickBackInputPolicy: resetInputInterceptState for remoteTransition: false
04-11 12:30:19.243  3590  3796 D OplusTransitionController: onTransactionReady, transition: 27132, info: {id=27132 t=OPEN f=0x0 trk=0 r=[0@Point(0, 0)] c=[{m=CLOSE f=FILLS_TASK leash=Surface(name=ActivityRecord{51477392 u0 com.binance.monitor/.ui.settings.SettingsActivity t13089})/@0x69f5184 sb=Rect(0, 0 - 1264, 2780) eb=Rect(0, 0 - 1264, 2780) epz=Point(1264, 2780) d=0 bc=fffef7ff component=com.binance.monitor/.ui.settings.SettingsActivity opt={t=FROM_STYLE mUserId=0}},{m=TO_FRONT f=FILLS_TASK leash=Surface(name=ActivityRecord{95862188 u0 com.binance.monitor/.ui.account.AccountStatsBridgeActivity t13089})/@0xb59f93f sb=Rect(0, 0 - 1264, 2780) eb=Rect(0, 0 - 1264, 2780) epz=Point(1264, 2780) d=0 bc=fffef7ff component=com.binance.monitor/.ui.account.AccountStatsBridgeActivity opt={t=FROM_STYLE mUserId=0}}] 
04-11 12:30:19.243  3590  3796 D OplusTransitionController: extendInfo=[
04-11 12:30:19.243  3590  3796 D OplusTransitionController:  OplusTransitionExtendedInfo{mTmpFinishT=null, mInOplusCompatMode=false, mIsProcessRunning=false, mHasMismatchBoundsTarget=false, mRecentsController=null, mRemoteTransition=null, mIsTranslucentActivityToHome=false, mAvoidInterceptKeyEventToHome=false, mIsFromHome=false, mParentLeash=null, mBackAnimClosingLeash=null, mIsOplusAnimRes=false, mKeepBgForContinuous=false, mIsBalAllow=false, mTaskNotInRecent=false, mIsPredictiveBackAnim=false, mIsMergedWithPredictive=false, mIsLaunchFromSpruce=false, mIsLaunchFromDrive=false, mGlobalSearchPageSwitch=false, mNeedNoAlphaGlobalSearchScene=false, mAssistScreenShowing=false, mSwipeUpBrowserScreenShowing=false, mUserIdTransition=-1
04-11 12:30:19.243  3590  3796 D OplusTransitionController: , mInRemoteScene=false, mInPreReady=false, mPreStart=false, mToken=null, mAbortByRemoteFromHome=false, mShellApplyToken=null, mRequestTransitionTaskId=13089, mAbortTransitionOnShell=0, mStartFromShortcut=false, mRemovedTaskId=-1, mTransitionInterruptType=0, mMergeSecondTaskId=-1, mTaskIdStartFromRecents=0, mTransitionId=27132, mCanUseSpringSlideAnim=false, mTransitionLaunchFrom=0, mFoldChangeType=-1, mAnimStartingPosition=[0, 0, 0, 0], mIsOpeningStkDialogActivity=false, mSecondaryHomeToFrontWhenUnFolding=false, mIsNeedApplyStartTForEmbedded=false
04-11 12:30:19.243  3590  3796 D OplusTransitionController: , mNeedCanvasExitAnim=false, mMergeSecondTaskAnimation=false, mIsLaunchUnityStart=false, mIsLaunchFromAssistantByDefault=false, mSkipRemoteTransitionfalse, mIsStartFromKeyguard=false flags=0x0, mWCT=null, mIsOpenMergeToInValidPredictive=false, mPromoteTaskWhenKeyguard-1, mRootLayerZOrderArray={}}]}, targets : [ChangeInfo{be765a3 container=ActivityRecord{51477392 u0 com.binance.monitor/.ui.settings.SettingsActivity t13089 f}} flags=0x0}, ChangeInfo{19020a0 container=ActivityRecord{95862188 u0 com.binance.monitor/.ui.account.AccountStatsBridgeActivity t13089} flags=0x0}], participants: {ActivityRecord{2336319 u0 com.binance.monitor/.ui.chart.MarketChartActivity t-1 f}}, ActivityRecord{51477392 u0 com.binance.monitor/.ui.settings.SettingsActivity t13089 f}}, ActivityRecord{55706302 u0 com.binance.monitor/.ui.account.AccountStatsBridgeActivity t-1}, ActivityRecord{95862188 u0 com.binance.monitor/.ui.account.AccountStatsBridgeActivity t13089}}
04-11 12:30:19.243 15031 15220 I Quality-ScreenOnOffLogProcessor: withInScreenOnOffRange mIsScreenOn:true refTime:1775881818912 mRecentScreenOnTime:1775878373956 mRecentScreenOffTime:1775878373425
04-11 12:30:19.243  3590  3792 V WindowManager: Sent Transition (#27132) createdAt=04-11 12:30:18.908 via request=TransitionRequestInfo { type = OPEN, triggerTask = TaskInfo{userId=0 taskId=13089 effectiveUid=10512 displayId=0 isRunning=true baseIntent=Intent { act=android.intent.action.MAIN cat=[android.intent.category.LAUNCHER] flg=0x10200000 cmp=com.binance.monitor/.launcher.IconFinancialAlias mCallingUid=10214 } baseActivity=ComponentInfo{com.binance.monitor/com.binance.monitor.ui.main.MainActivity} topActivity=ComponentInfo{com.binance.monitor/com.binance.monitor.ui.account.AccountStatsBridgeActivity} origActivity=ComponentInfo{com.binance.monitor/com.binance.monitor.launcher.IconFinancialAlias} realActivity=ComponentInfo{com.binance.monitor/com.binance.monitor.ui.main.MainActivity}
04-11 12:30:19.243  3590  3792 V WindowManager:  numActivities=2 lastActiveTime=929034324 supportsSplitScreenMultiWindow=true supportsMultiWindow=true supportsPocketStudioMultiWindow=true isInFlexibleEmbedded = false uid = 10512 pid = 32357 resizeMode=1 isResizeable=true minWidth=-1 minHeight=-1 defaultMinSize=220 token=WCT{RemoteToken{8f51364 Task{a10d0a5 #13089 type=standard A=10512:com.binance.monitor}}} topActivityType=1 pictureInPictureParams=null shouldDockBigOverlays=false launchIntoPipHostTaskId=-1 lastParentTaskIdBeforePip=-1 displayCutoutSafeInsets=Rect(0, 140 - 0, 0)
04-11 12:30:19.243  3590  3792 V WindowManager:  topActivityInfo=ActivityInfo{37eea5b com.binance.monitor.ui.account.AccountStatsBridgeActivity} launchCookies=[] positionInParent=Point(0, 0) parentTaskId=-1 isFocused=true isVisible=true isVisibleRequested=false isTopActivityNoDisplay=false isSleeping=false locusId=null displayAreaFeatureId=1 isTopActivityTransparent=false isActivityStackTransparent=false lastNonFullscreenBounds=Rect(330, 828 - 935, 2092) capturedLink=null capturedLinkTimestamp=0 requestedVisibleTypes=-9 topActivityRequestOpenInBrowserEducationTimestamp=0
04-11 12:30:19.243  3590  3792 V WindowManager:  appCompatTaskInfo=AppCompatTaskInfo { topActivityInSizeCompat=false topActivityInOplusCompatMode=false eligibleForLetterboxEducation= false isLetterboxEducationEnabled= false isLetterboxDoubleTapEnabled= false eligibleForUserAspectRatioButton= false topActivityBoundsLetterboxed= false isFromLetterboxDoubleTap= false topActivityLetterboxVerticalPosition= -1 topActivityLetterboxHorizontalPosition= -1 topActivityLetterboxWidth=-1 topActivityLetterboxHeight=-1 topActivityAppBounds=Rect(0, 140 - 1264, 2780) isUserFullscreenOverrideEnabled=false isSystemFullscreenOverrideEnabled=false hasMinAspectRatioOverride=false topActivityLetterboxBounds=null cameraCompatTaskInfo=CameraCompatTaskInfo { freeformCameraCompatMode=inactive}} topActivityMainWindowFrame=null topActivityLetterboxInsets=Rect(0, 0 - 0, 0)
04-11 12:30:19.243  3590  3792 V WindowManager:  mOplusExtraBundle = Bundle[{androidx.flexible.taskFrame=Rect(0, 0 - 0, 0), topOpaqueSystemBarsAppearance=0, androidx.flexible.Alpha=1.0, androidx.activity.task.attach.blur=0, androidx.activity.LaunchInsensible=0, androidx.activity.LaunchCornerRadius=0, key_flexible_task_state=0, topActivitySupportAppInnerSplit=false, key_flexible_task_animating_type=-1, key_flexible_task_root_activity_processname=com.binance.monitor, androidx.activity.LaunchScenario=0, is_oplus_clone_task=false, flexible_super_mini_state=false, topRunningActivityHash=95862188, androidx.activity.LaunchScale=1.0, androidx.activity.LaunchShadowRadius=0, is_transient_hide_for_task_info=false, key_flexible_task_root_activity_pid=32357, key_flexible_task_root_activity_uid=10512}]}, pipChange = null, remoteTransition = null, displayChange = null, flags = 0, debugId = 27132 }
04-11 12:30:19.243  3590  3796 D InsetsSourceProvider: updateSourceFrameForServerVisibility mandatorySystemGestures EMPTY_RECT
04-11 12:30:19.244  3590  3792 V WindowManager:     startWCT=WindowContainerTransaction { changes= {} hops= [] errorCallbackToken=null taskFragmentOrganizer=null }
04-11 12:30:19.244  3590  3792 V WindowManager:     info={id=27132 t=OPEN f=0x0 trk=0 r=[0@Point(0, 0)] c=[
04-11 12:30:19.244  3590  3792 V WindowManager:         {m=CLOSE f=FILLS_TASK leash=Surface(name=ActivityRecord{51477392 u0 com.binance.monitor/.ui.settings.SettingsActivity t13089})/@0x69f5184 sb=Rect(0, 0 - 1264, 2780) eb=Rect(0, 0 - 1264, 2780) epz=Point(1264, 2780) d=0 component=com.binance.monitor/.ui.settings.SettingsActivity opt={t=CUSTOM enterResId=0 changeResId=0 exitResId=0 mUserId=0}},
04-11 12:30:19.244  3590  3792 V WindowManager:         {m=TO_FRONT f=FILLS_TASK leash=Surface(name=ActivityRecord{95862188 u0 com.binance.monitor/.ui.account.AccountStatsBridgeActivity t13089})/@0xb59f93f sb=Rect(0, 0 - 1264, 2780) eb=Rect(0, 0 - 1264, 2780) epz=Point(1264, 2780) d=0 component=com.binance.monitor/.ui.account.AccountStatsBridgeActivity opt={t=CUSTOM enterResId=0 changeResId=0 exitResId=0 mUserId=0}}
04-11 12:30:19.244  3590  3792 V WindowManager:     ] 
04-11 12:30:19.244  3590  3792 V WindowManager: extendInfo=[
