04-11 12:30:04.137  2181  2506 I SDM     : DisplayBuiltIn::IdlePowerCollapse: IPC received, disabling partial update for one frame
04-11 12:30:04.144  2181 26958 E CwbService: Panel not support apl read or getDisplayPanelAplValue timeout 10ms.
04-11 12:30:04.145  2258  2258 D SensorFeature: name=ssc_screenshot_info ,index = 22
04-11 12:30:04.145  2258  2258 D SensorFeature: write 39 bytes:929019493088056,929019547312275,29503,0
04-11 12:30:04.162  2113 17862 I sensors-hal: handle_oplus_wise_rgb_event:161, wise_rgb: (34181)(cct, lux, ir)[5833.71, 128.22, 58.427063] (r, g, b, c)[5910.44, 3985.70, 2518.71, 11140.51]                 (pwm, hbm, brl, algo)[0.0 0.0 1310.0 2.0], flag 29503
04-11 12:30:04.267  3438  3988 D QmiClient: qmiServiceEventCallback recv msg id 1099
04-11 12:30:04.267  3438  3988 D QmiClient: enter -mServiceType 4 onQmiServiceEventCallback msgId 1099
04-11 12:30:04.267  3438  3988 D QmiClient: onQmiServiceEventCallback - enter. msgId=1099
04-11 12:30:04.267  3438  3988 D QmiVsClientEvent: QosPeriodReportInd MSG IND data_len 2052
04-11 12:30:04.267  3438  3988 D QmiVsClientEvent: qmiVsClientNotifyQosPeriodReportIndEvent - RADIO_EVENT_QOS_PERIOD_REPORT_NOTIFY_IND
04-11 12:30:04.267  2727  3986 D QmiClient: qmiServiceEventCallback recv msg id 1099
04-11 12:30:04.267  2727  3986 D QmiClient: enter -mServiceType 4 onQmiServiceEventCallback msgId 1099
04-11 12:30:04.267  2727  3986 D QmiClient: onQmiServiceEventCallback - enter. msgId=1099
04-11 12:30:04.267  2727  3986 D QmiVsClientEvent: QosPeriodReportInd MSG IND data_len 2052
04-11 12:30:04.267  2727  3986 D QmiVsClientEvent: qmiVsClientNotifyQosPeriodReportIndEvent - RADIO_EVENT_QOS_PERIOD_REPORT_NOTIFY_IND
04-11 12:30:04.268  3438  3485 D VsProxy : handleMessage msg is 2420
04-11 12:30:04.268  3438  3485 D VsProxy : handleQosPeriodReportInd for instance 1 data_len 204
04-11 12:30:04.268  2727  2826 D VsProxy : handleMessage msg is 2420
04-11 12:30:04.268  2727  2826 D VsProxy : handleQosPeriodReportInd for instance 0 data_len 145
04-11 12:30:04.268 14034 14747 D SubsysRadioIndication[0]: radioQosPeriodReportInd result [8, -96, -82, -42, -50, 14, 34, 12, 8, -84, -69, -57, -50, 14, 16, 4, 24, 1, 32, 3, 58, 61, 8, -52, -99, -42, -50, 14, 16, 5, 24, -64, -92, 38, 32, -22, 6, 40, -94, -1, -1, -1, -1, -1, -1, -1, -1, 1, 48, -10, -1, -1, -1, -1, -1, -1, -1, -1, 1, 56, 9, 64, -94, -1, -1, -1, -1, -1, -1, -1, -1, 1, 72, -95, -1, -1, -1, -1, -1, -1, -1, -1, 1, 66, 29, 8, -57, -20, -92, -50, 14, 16, 5, 34, 19, 8, -64, -92, 38, 16, -22, 6, 24, 78, 32, 13, 40, -117, -32, -94, -93, 2, 48, 2, 90, 0, 98, 10, 8, -41, -26, -92, -50, 14, 16, 3, 24, 5, 122, 15, 8, -8, -24, -92, -50, 14, 16, -52, 2, 24, -21, 1, 32, -90, 9]
04-11 12:30:04.269 14034 14034 D NetworkService[0]: handleMessage what:1005
04-11 12:30:04.269 14034 14034 D RadioAtomTracker: parseQosPeriodData ModemQos:CellularQosInfo2{5G, 627264/874, EndcState=0, Band=78, DLBW=13, Rsrp=-94, Rsrq=-10, Snr=9, SvcStatus=3, ULPDCPNumDataPdu=-1, ULPDCPNumDropPdu=-1, ULPDCPTput=-1, ULRLCNumDataPdu=-1, ULRLCNumRetxPdu=-1, ULGrant=-1, ULBSR=-1, ULBler=-1, DLPDCPNumDataPdu=-1, DLPDCPTput=-1, DLRLCNumDataPdu=-1, DLRLCNumRetxPdu=-1, DLRLCNumDropPdu=-1, DLMACPaddingBytes=-1, DLPdcpNumMissToUppPdu=-1, DLBler=-1, RlfCount=0, CellChangeCount=0, IsRedirectionOccur=0, IsDualSimConflict=0, Latency=0, Sub1RrcState=1, Sub2RrcState=3, RachCount=0, CalcPower=332, Mtpl=235, PathLoss=1190, CellLoad=0}
04-11 12:30:04.269 14034 14034 D NetworkService[0]: EVENT_REG_QOS_PERIOD_REPORT_IND_CHANGED ENTER
04-11 12:30:04.269 14034 14034 D AtomModemKpiInfo: handleMessage what:1001
04-11 12:30:04.269 14034 14034 D AtomModemKpiInfo: analyseQosInfo success
04-11 12:30:04.269 14034 14747 D SubsysRadioIndication[1]: radioQosPeriodReportInd result [8, -96, -82, -42, -50, 14, 18, 20, 8, -58, -83, -42, -50, 14, 16, 5, 32, -79, 5, 40, 5, 56, -73, 1, 64, 19, 72, 1, 26, 13, 8, -58, -83, -42, -50, 14, 16, 3, 40, 4, 56, -94, 7, 34, 12, 8, -84, -69, -57, -50, 14, 16, 4, 24, 1, 32, 3, 58, 81, 8, -125, -83, -42, -50, 14, 16, 5, 24, -98, -23, 30, 32, -54, 1, 40, -93, -1, -1, -1, -1, -1, -1, -1, -1, 1, 48, -12, -1, -1, -1, -1, -1, -1, -1, -1, 1, 64, -94, -1, -1, -1, -1, -1, -1, -1, -1, 1, 72, -92, -1, -1, -1, -1, -1, -1, -1, -1, 1, 80, -99, -1, -1, -1, -1, -1, -1, -1, -1, 1, 88, -95, -1, -1, -1, -1, -1, -1, -1, -1, 1, 66, 31, 8, -114, -41, -49, -50, 14, 16, 5, 24, 2, 34, 19, 8, -98, -23, 30, 16, -54, 1, 24, 41, 32, 13, 40, -126, -128, -52, -67, 21, 48, 2, 90, 0, 98, 10, 8, -85, -54, -73, -50, 14, 16, 3, 24, 5, 122, 15, 8, -61, -85, -42, -50, 14, 16, -9, 1, 24, -1, 1, 32, -2, 8]
04-11 12:30:04.270 14034 14034 D NetworkService[1]: handleMessage what:1005
04-11 12:30:04.270 14034 14034 D RadioAtomTracker: parseQosPeriodData ModemQos:CellularQosInfo1{5G, 504990/202, EndcState=2, Band=41, DLBW=13, Rsrp=-93, Rsrq=-12, Snr=0, SvcStatus=3, ULPDCPNumDataPdu=5, ULPDCPNumDropPdu=0, ULPDCPTput=689, ULRLCNumDataPdu=5, ULRLCNumRetxPdu=0, ULGrant=183, ULBSR=19, ULBler=1, DLPDCPNumDataPdu=4, DLPDCPTput=930, DLRLCNumDataPdu=3, DLRLCNumRetxPdu=0, DLRLCNumDropPdu=0, DLMACPaddingBytes=0, DLPdcpNumMissToUppPdu=0, DLBler=0, RlfCount=0, CellChangeCount=0, IsRedirectionOccur=0, IsDualSimConflict=0, Latency=10, Sub1RrcState=1, Sub2RrcState=3, RachCount=0, CalcPower=247, Mtpl=255, PathLoss=1150, CellLoad=0}
04-11 12:30:04.270 14034 14034 D NetworkService[1]: tryReportModemUlTPutGuarantee: clear calculator
04-11 12:30:04.270 14034 14034 D NetworkService[1]: EVENT_REG_QOS_PERIOD_REPORT_IND_CHANGED ENTER
04-11 12:30:04.270 14034 14034 D AtomModemKpiInfo: handleMessage what:1001
04-11 12:30:04.270 14034 14034 D AtomModemKpiInfo: analyseQosInfo success
04-11 12:30:04.279  3590  7167 D osense.compress: com.v2ray.ang do shrink, target ratio = 83, final ratio = 90, cur ratio = 76
04-11 12:30:04.371  2181  2506 I SDM     : DisplayBuiltIn::IdlePowerCollapse: IPC received, disabling partial update for one frame
04-11 12:30:04.447  2258  2258 D SensorFeature: name=ssc_screenshot_info ,index = 22
04-11 12:30:04.447  2258  2258 D SensorFeature: write 39 bytes:929019493088056,929019860151910,29504,0
04-11 12:30:04.450  2113 20704 I sensors-hal: handle_oplus_wise_rgb_event:189, high_pwm_light:lux 124.1,cct 5792.2,brl/algo/ir 1310.0/2.0/58.3,pwm/dc 0.0/0.0,rgbc 5823.229004/3937.312012/2481.183838/10988.986328,ts 929019811892443,cnt 34190,flag 95040
04-11 12:30:04.450  2113 17862 I sensors-hal: handle_oplus_wise_rgb_event:161, wise_rgb: (34186)(cct, lux, ir)[5792.20, 124.09, 58.270195] (r, g, b, c)[5810.77, 3932.91, 2485.60, 10979.66]                 (pwm, hbm, brl, algo)[0.0 0.0 1310.0 2.0], flag 29504
04-11 12:30:04.468  3590  8061 V WindowManager: Relayout Window{83978a2 u0 com.binance.monitor}: viewVisibility=0, oldvis=0, req=315x429 , apr = 0, vsysui=, x=-407, y=2142
04-11 12:30:04.468 32357 32357 I SurfaceControl:  setExtendedRangeBrightness sc=Surface(name=)/@0x6fc43b4,currentBufferRatio=1.0,desiredRatio=1.0
04-11 12:30:04.468  3590  7998 I [UAH_CLIENT]: uahRuleCtl, ruleId:206, status:3
04-11 12:30:04.468  3590  8061 D InsetsSourceProvider: updateSourceFrameForServerVisibility mandatorySystemGestures EMPTY_RECT
04-11 12:30:04.469  3590  8061 D InsetsSourceProvider: updateSourceFrameForServerVisibility mandatorySystemGestures EMPTY_RECT
04-11 12:30:04.469  3590  3875 D VRR [OPlusSurfaceFlingerController]:  setComplexSceneEnable : false
04-11 12:30:04.493 13839 14674 D UlPriorityPolicyForeground: match: config has not com.binance.monitor
04-11 12:30:04.569  2181  2506 I SDM     : DisplayBuiltIn::IdlePowerCollapse: IPC received, disabling partial update for one frame
04-11 12:30:04.603 32357 32357 I ChainTrace: stream type=syncEvent gapMs=928 refreshMarket=true
04-11 12:30:04.603 32357 32357 I ChainTrace: market_apply symbol=XAUUSDT closeTime=1775881859999 fetchMs=-1 triggerToApplyMs=-1
04-11 12:30:04.603 32357 32357 I ChainTrace: repo_kline symbol=XAUUSDT closeTime=1775881859999 applyToRepoMs=0
04-11 12:30:04.690 32357 32378 D OplusScrollToTopManager: com.binance.monitor/com.binance.monitor.ui.account.AccountStatsBridgeActivity,This com.android.internal.policy.DecorView{a9b7d3f V.E...... R....... 0,0-1264,2780 aid=10 alpha=1.0 viewInfo = }[AccountStatsBridgeActivity] change focus to true
04-11 12:30:04.694  3590  7333 D FusionLightNextGen: process end reported = 1, mode: 0, cnt: 397460, lux 74.2, cct 6236.4, r/g/b/c: 5823.2/3937.3/2481.2/10989.0, R/G/B: 144.0/140.0/129.0, bri 1310.0, match 1.00, ir 0.076440, conf 5.0, ts 929019890244839
04-11 12:30:04.694  2113 17862 I sensors-hal: handle_oplus_wise_rgb_event:161, wise_rgb: (34191)(cct, lux, ir)[5705.25, 122.96, 59.802242] (r, g, b, c)[5855.62, 3963.71, 2494.43, 10998.31]                 (pwm, hbm, brl, algo)[0.0 0.0 1310.0 2.0], flag 29504
04-11 12:30:04.702  2280  2323 D vendor.oplus.hardware.charger-V10-service: ret_value:120, read content:,307,307,4340,4339,26,93,95,1,1,0,494,5023,95,1,4480,600,500,0,0,9500,0,0,1,0,2,0,0,0,1,5868,96,0,4662,5046,0,0,0,0,0,0
04-11 12:30:04.702  2280  2323 D vendor.oplus.hardware.charger-V10-service: gmtime: 2026-04-11-12-30-04
04-11 12:30:04.703  2280  2323 D vendor.oplus.hardware.charger-V10-service: usb_online:1, ac_online:-2147483648, wireless_online:-2147483648
04-11 12:30:04.727  2280  2331 D BatteryChargeControl: bcc get no support from charging protocol
04-11 12:30:04.769  2181  2506 I SDM     : DisplayBuiltIn::IdlePowerCollapse: IPC received, disabling partial update for one frame
04-11 12:30:04.827  4482  4680 W ServiceManagerCppClient: Waited one second for SystemClearService (is service started? Number of threads started in the threadpool: 16. Are binder threads started and available?)
04-11 12:30:04.827  4482  4659 W ServiceManagerCppClient: Waited one second for SystemClearService (is service started? Number of threads started in the threadpool: 16. Are binder threads started and available?)
04-11 12:30:04.829  1254 27535 W libc    : Unable to set property "ctl.interface_start" to "aidl/SystemClearService": PROP_ERROR_HANDLE_CONTROL_MESSAGE (0x20)
04-11 12:30:04.829  1254 27536 W libc    : Unable to set property "ctl.interface_start" to "aidl/SystemClearService": PROP_ERROR_HANDLE_CONTROL_MESSAGE (0x20)
04-11 12:30:04.849  2181  2506 I SDM     : DisplayBuiltIn::IdlePowerCollapse: IPC received, disabling partial update for one frame
04-11 12:30:04.855  2181 26958 E CwbService: Panel not support apl read or getDisplayPanelAplValue timeout 10ms.
04-11 12:30:04.856  2258  2258 D SensorFeature: name=ssc_screenshot_info ,index = 22
04-11 12:30:04.856  2258  2258 D SensorFeature: write 39 bytes:929020204174775,929020258351754,29505,0
04-11 12:30:04.878 14034 15313 D CommonApp-264-10512: transport layer data is invalid
04-11 12:30:04.880 14034 15313 D CommonApp-255-10512: commonScoreStrategy scenarios 5 mdnsScore=0
04-11 12:30:04.880 14034 15313 D CommonApp-255-10512: notifyScoreChange appScene COMMON score 100
04-11 12:30:04.880 14034 15313 D ScorePolicy: handleScoreChanged: []
04-11 12:30:04.880 14034 15313 D ScorePolicy: handleScoreChanged: []
04-11 12:30:04.880 14034 15313 D ScorePolicy: handleScoreChanged: []
04-11 12:30:04.960  2113 20704 I sensors-hal: handle_oplus_wise_rgb_event:189, high_pwm_light:lux 123.3,cct 5772.3,brl/algo/ir 1310.0/2.0/59.2,pwm/dc 0.0/0.0,rgbc 5868.080566/3959.308350/2503.258301/11028.615234,ts 929020245020724,cnt 34200,flag 95041
04-11 12:30:04.960  2113 17862 I sensors-hal: handle_oplus_wise_rgb_event:161, wise_rgb: (34196)(cct, lux, ir)[5772.32, 123.28, 59.171597] (r, g, b, c)[5845.65, 3941.71, 2485.60, 10998.31]                 (pwm, hbm, brl, algo)[0.0 0.0 1310.0 2.0], flag 29505
04-11 12:30:04.962  3590  9788 I AICCTModule: SensorFilter: brightness threshold 1.2 screenNit is 88.015 ave enviroment lux is 74.309456 luxForNit 85.39506demarcationPoint200.0 result is false
04-11 12:30:04.962  3590  9788 I AICCTModule: SensorFilter: findSecondNearestValue, sensorValue: 6331.7896 nearestMaxValue:6315.783 secondNearestValue: 6315.783
04-11 12:30:04.962  3590  9788 I AICCTModule: SensorFilter: findSecondNearestValue, sensorValue: 86.97702 nearestMaxValue:82.82453 secondNearestValue: 82.82453
04-11 12:30:05.047  3438  4039 D QmiClient: qmiServiceEventCallback recv msg id 47
04-11 12:30:05.047  3438  4039 D QmiClient: enter -mServiceType 10 onQmiServiceEventCallback msgId 47
04-11 12:30:05.047  3438  4039 D QmiClient: onQmiServiceEventCallback - enter. msgId=47
04-11 12:30:05.048  3438  3488 D OttProxy: handleMessage msg is 3001
04-11 12:30:05.048 14034 14747 D SubsysRadioIndication[1]: radioLinkLatencyInfoInd
04-11 12:30:05.048 14034 14747 D SubsysRadioIndication[1]: notify enter
04-11 12:30:05.048 14034 14034 D NetworkService[1]: handleMessage what:1008
04-11 12:30:05.048 14034 14034 D NetworkService[1]: EVENT_REG_LINK_LATENCY_INFO_CHANGE ulLatency:9763
04-11 12:30:05.053  3590  7344 V AlarmManager: sending alarm Alarm{2427dab type 1 origWhen 1775881805053 whenElapsed 929020467 android} uid 1000 whenElapsed 929020467 windowLength 0 maxWhenElapsed 929020467 repeatInterval 0 action null component null tag StorgaeBandInfoAlarmTag flags 0x9 procName system_server
04-11 12:30:05.054  3590 10338 E OplusStorageUFSBandwidth: storage_io_metrics_path is /proc/oplus_storage/io_metrics/forever/
04-11 12:30:05.055  3590 10338 E OplusStorageUFSBandwidth: Bandwidth - Read: 1.50 MB/s, Write: 0.00 MB/s
04-11 12:30:05.055  3590 10338 E OplusStorageUFSBandwidth: Task time: 1ms
04-11 12:30:05.059  3590 10338 E OplusStorageUFSBandwidth: Alarm set to trigger in 10 seconds
04-11 12:30:05.158  2258  2258 D SensorFeature: name=ssc_screenshot_info ,index = 22
04-11 12:30:05.158  2258  2258 D SensorFeature: write 39 bytes:929020204174775,929020571185556,29506,0
04-11 12:30:05.227  2113 17862 I sensors-hal: handle_oplus_wise_rgb_event:161, wise_rgb: (34201)(cct, lux, ir)[5768.20, 124.20, 58.657917] (r, g, b, c)[5970.24, 4018.70, 2536.37, 11182.47]                 (pwm, hbm, brl, algo)[0.0 0.0 1310.0 2.0], flag 29506
04-11 12:30:05.297  2727  3986 D QmiClient: qmiServiceEventCallback recv msg id 1099
04-11 12:30:05.297  2727  3986 D QmiClient: enter -mServiceType 4 onQmiServiceEventCallback msgId 1099
04-11 12:30:05.297  2727  3986 D QmiClient: onQmiServiceEventCallback - enter. msgId=1099
04-11 12:30:05.297  2727  3986 D QmiVsClientEvent: QosPeriodReportInd MSG IND data_len 2052
04-11 12:30:05.297  2727  3986 D QmiVsClientEvent: qmiVsClientNotifyQosPeriodReportIndEvent - RADIO_EVENT_QOS_PERIOD_REPORT_NOTIFY_IND
04-11 12:30:05.297  3438  3988 D QmiClient: qmiServiceEventCallback recv msg id 1099
04-11 12:30:05.297  3438  3988 D QmiClient: enter -mServiceType 4 onQmiServiceEventCallback msgId 1099
04-11 12:30:05.297  3438  3988 D QmiClient: onQmiServiceEventCallback - enter. msgId=1099
04-11 12:30:05.297  3438  3988 D QmiVsClientEvent: QosPeriodReportInd MSG IND data_len 2052
04-11 12:30:05.297  3438  3988 D QmiVsClientEvent: qmiVsClientNotifyQosPeriodReportIndEvent - RADIO_EVENT_QOS_PERIOD_REPORT_NOTIFY_IND
04-11 12:30:05.297  2727  2826 D VsProxy : handleMessage msg is 2420
04-11 12:30:05.297  2727  2826 D VsProxy : handleQosPeriodReportInd for instance 0 data_len 145
04-11 12:30:05.298  3438  3485 D VsProxy : handleMessage msg is 2420
04-11 12:30:05.298  3438  3485 D VsProxy : handleQosPeriodReportInd for instance 1 data_len 204
04-11 12:30:05.298 14034 14747 D SubsysRadioIndication[1]: radioQosPeriodReportInd result [8, -90, -74, -42, -50, 14, 18, 13, 8, -19, -76, -42, -50, 14, 16, 5, 32, -59, 2, 40, 5, 26, 13, 8, -44, -75, -42, -50, 14, 16, 3, 40, 2, 56, -91, 2, 34, 12, 8, -84, -69, -57, -50, 14, 16, 4, 24, 1, 32, 3, 58, 83, 8, -45, -75, -42, -50, 14, 16, 5, 24, -98, -23, 30, 32, -54, 1, 40, -94, -1, -1, -1, -1, -1, -1, -1, -1, 1, 48, -13, -1, -1, -1, -1, -1, -1, -1, -1, 1, 56, 1, 64, -95, -1, -1, -1, -1, -1, -1, -1, -1, 1, 72, -95, -1, -1, -1, -1, -1, -1, -1, -1, 1, 80, -98, -1, -1, -1, -1, -1, -1, -1, -1, 1, 88, -95, -1, -1, -1, -1, -1, -1, -1, -1, 1, 66, 31, 8, -114, -41, -49, -50, 14, 16, 5, 24, 2, 34, 19, 8, -98, -23, 30, 16, -54, 1, 24, 41, 32, 13, 40, -126, -128, -52, -67, 21, 48, 2, 90, 0, 98, 10, 8, -85, -54, -73, -50, 14, 16, 3, 24, 5, 122, 20, 8, -35, -77, -42, -50, 14, 16, -1, -1, 1, 24, -1, -1, 1, 32, -1, -1, -1, -1, 15]
04-11 12:30:05.299 14034   947 D SubsysRadioIndication[0]: radioQosPeriodReportInd result [8, -90, -74, -42, -50, 14, 34, 12, 8, -84, -69, -57, -50, 14, 16, 4, 24, 1, 32, 3, 58, 61, 8, -39, -79, -42, -50, 14, 16, 5, 24, -64, -92, 38, 32, -22, 6, 40, -98, -1, -1, -1, -1, -1, -1, -1, -1, 1, 48, -12, -1, -1, -1, -1, -1, -1, -1, -1, 1, 56, 3, 64, -104, -1, -1, -1, -1, -1, -1, -1, -1, 1, 72, -98, -1, -1, -1, -1, -1, -1, -1, -1, 1, 66, 29, 8, -57, -20, -92, -50, 14, 16, 5, 34, 19, 8, -64, -92, 38, 16, -22, 6, 24, 78, 32, 13, 40, -117, -32, -94, -93, 2, 48, 2, 90, 0, 98, 10, 8, -41, -26, -92, -50, 14, 16, 3, 24, 5, 122, 15, 8, -8, -24, -92, -50, 14, 16, -52, 2, 24, -21, 1, 32, -90, 9]
04-11 12:30:05.299 14034 14034 D NetworkService[1]: handleMessage what:1005
04-11 12:30:05.299 14034 14034 D RadioAtomTracker: parseQosPeriodData ModemQos:CellularQosInfo1{5G, 504990/202, EndcState=2, Band=41, DLBW=13, Rsrp=-94, Rsrq=-13, Snr=1, SvcStatus=3, ULPDCPNumDataPdu=5, ULPDCPNumDropPdu=0, ULPDCPTput=325, ULRLCNumDataPdu=5, ULRLCNumRetxPdu=0, ULGrant=0, ULBSR=0, ULBler=0, DLPDCPNumDataPdu=2, DLPDCPTput=293, DLRLCNumDataPdu=3, DLRLCNumRetxPdu=0, DLRLCNumDropPdu=0, DLMACPaddingBytes=0, DLPdcpNumMissToUppPdu=0, DLBler=0, RlfCount=0, CellChangeCount=0, IsRedirectionOccur=0, IsDualSimConflict=0, Latency=9, Sub1RrcState=1, Sub2RrcState=3, RachCount=0, CalcPower=32767, Mtpl=32767, PathLoss=-1, CellLoad=0}
04-11 12:30:05.299 14034 14034 D NetworkService[1]: EVENT_REG_QOS_PERIOD_REPORT_IND_CHANGED ENTER
04-11 12:30:05.299 14034 14034 D NetworkService[0]: handleMessage what:1005
04-11 12:30:05.299 14034 14034 D RadioAtomTracker: parseQosPeriodData ModemQos:CellularQosInfo2{5G, 627264/874, EndcState=0, Band=78, DLBW=13, Rsrp=-98, Rsrq=-12, Snr=3, SvcStatus=3, ULPDCPNumDataPdu=-1, ULPDCPNumDropPdu=-1, ULPDCPTput=-1, ULRLCNumDataPdu=-1, ULRLCNumRetxPdu=-1, ULGrant=-1, ULBSR=-1, ULBler=-1, DLPDCPNumDataPdu=-1, DLPDCPTput=-1, DLRLCNumDataPdu=-1, DLRLCNumRetxPdu=-1, DLRLCNumDropPdu=-1, DLMACPaddingBytes=-1, DLPdcpNumMissToUppPdu=-1, DLBler=-1, RlfCount=0, CellChangeCount=0, IsRedirectionOccur=0, IsDualSimConflict=0, Latency=0, Sub1RrcState=1, Sub2RrcState=3, RachCount=0, CalcPower=332, Mtpl=235, PathLoss=1190, CellLoad=0}
04-11 12:30:05.299 14034 14034 D NetworkService[0]: EVENT_REG_QOS_PERIOD_REPORT_IND_CHANGED ENTER
04-11 12:30:05.299 14034 14034 D AtomModemKpiInfo: handleMessage what:1001
04-11 12:30:05.299 14034 14034 D AtomModemKpiInfo: analyseQosInfo success
04-11 12:30:05.338  3590  3830 W QosScheduler: executeSceneQosStrategy failed! qos feature no enable
04-11 12:30:05.399  2187  2298 E PERFHAL-PERFCTRL: PERFHAL-PERFCTRL: chk_core_online_poll_loop() 748: poll() has timed out for /sys/kernel/msm_performance/events/cpu_hotplug
04-11 12:30:05.399  2187  2298 E PERFHAL-PERFCTRL: PERFHAL-PERFCTRL: chk_core_online_poll_loop() 743: Block on poll()
04-11 12:30:05.421  2181  2506 I SDM     : DisplayBuiltIn::IdlePowerCollapse: IPC received, disabling partial update for one frame
04-11 12:30:05.461  2258  2258 D SensorFeature: name=ssc_screenshot_info ,index = 22
04-11 12:30:05.461  2258  2258 D SensorFeature: write 39 bytes:929020204174775,929020873655243,29507,0
04-11 12:30:05.468  3590  8061 V WindowManager: Relayout Window{83978a2 u0 com.binance.monitor}: viewVisibility=0, oldvis=0, req=315x429 , apr = 0, vsysui=, x=-407, y=2142
04-11 12:30:05.468 32357 32357 I SurfaceControl:  setExtendedRangeBrightness sc=Surface(name=)/@0x6fc43b4,currentBufferRatio=1.0,desiredRatio=1.0
04-11 12:30:05.468  3590  8061 D InsetsSourceProvider: updateSourceFrameForServerVisibility mandatorySystemGestures EMPTY_RECT
04-11 12:30:05.468  3590  8061 D InsetsSourceProvider: updateSourceFrameForServerVisibility mandatorySystemGestures EMPTY_RECT
04-11 12:30:05.493  2113 20704 I sensors-hal: handle_oplus_wise_rgb_event:189, high_pwm_light:lux 125.0,cct 5773.6,brl/algo/ir 1310.0/2.0/59.7,pwm/dc 0.0/0.0,rgbc 6059.945801/4069.289062/2565.067139/11394.603516,ts 929020856041089,cnt 34210,flag 95043
04-11 12:30:05.494  2113 17862 I sensors-hal: handle_oplus_wise_rgb_event:161, wise_rgb: (34206)(cct, lux, ir)[5773.59, 124.99, 59.664303] (r, g, b, c)[6035.03, 4058.29, 2567.27, 11352.64]                 (pwm, hbm, brl, algo)[0.0 0.0 1310.0 2.0], flag 29507
04-11 12:30:05.557  2181  2506 I SDM     : DisplayBuiltIn::IdlePowerCollapse: IPC received, disabling partial update for one frame
04-11 12:30:05.638 32357 32357 I ChainTrace: stream type=syncEvent gapMs=1035 refreshMarket=true
04-11 12:30:05.678 32357 32367 I binance.monitor: _Desupression native alloc  gc_urgency: 67355expectation: 139555 native bytes: 50962112
04-11 12:30:05.712 15031 15220 D ShellSubscriberWorkerThread: the first 8 bytes empty, and RestData length > 8 
04-11 12:30:05.727  2280  2331 D BatteryChargeControl: bcc get no support from charging protocol
04-11 12:30:05.731 32357 32392 I binance.monitor: Waiting for a blocking GC ProfileSaver
04-11 12:30:05.755 32357 32392 I binance.monitor: WaitForGcToComplete blocked ProfileSaver on Background for 23.737ms
04-11 12:30:05.757 32357 32399 D HWUI    : SkiaVulkanPipeline::setSurface: this=0xb4000070edbb1680, surface=NULL
04-11 12:30:05.767 10330 10351 I ostats_tpd: stats_write, records atomId:100100, event_id:903, cpu:0, values: 903-0-1-213-(cpu-1-0-1)-26-0-1
04-11 12:30:05.767 10385 10443 I ThermalEngine: VIRTUAL-CPU-L-PID, Update received trip sensor cpu-1-0-1 92300
04-11 12:30:05.768 10330 10351 I ostats_tpd: stats_write, records atomId:100100, event_id:903, cpu:1, values: 903-0-1-10614-(cpu-1-0-1)-26-0-1
04-11 12:30:05.778 10385 10645 I ThermalEngine: ACTION: CPU - Setting CPU[6] to 3
04-11 12:30:05.788 10385 10645 I ThermalEngine: ACTION: CPU - Setting CPU[6] to 0
04-11 12:30:05.795 10385 10443 I ThermalEngine: VIRTUAL-CPU-L-PID, Update received trip sensor cpu-1-0-1 79500
04-11 12:30:05.828  4482  4680 W ServiceManagerCppClient: Waited one second for SystemClearService (is service started? Number of threads started in the threadpool: 16. Are binder threads started and available?)
04-11 12:30:05.828  4482  4659 W ServiceManagerCppClient: Waited one second for SystemClearService (is service started? Number of threads started in the threadpool: 16. Are binder threads started and available?)
04-11 12:30:05.829  1254 27544 W libc    : Unable to set property "ctl.interface_start" to "aidl/SystemClearService": PROP_ERROR_HANDLE_CONTROL_MESSAGE (0x20)
04-11 12:30:05.829  1254 27545 W libc    : Unable to set property "ctl.interface_start" to "aidl/SystemClearService": PROP_ERROR_HANDLE_CONTROL_MESSAGE (0x20)
04-11 12:30:05.836  2181 23599 E CwbService: Panel not support apl read or getDisplayPanelAplValue timeout 10ms.
04-11 12:30:05.836  2258  2258 D SensorFeature: name=ssc_screenshot_info ,index = 22
04-11 12:30:05.836  2258  2258 D SensorFeature: write 39 bytes:929021203362535,929021239913212,29508,0
04-11 12:30:05.838  2113 17862 I sensors-hal: handle_oplus_wise_rgb_event:161, wise_rgb: (34211)(cct, lux, ir)[5780.96, 127.68, 59.451408] (r, g, b, c)[6281.71, 4240.86, 2686.48, 11888.81]                 (pwm, hbm, brl, algo)[0.0 0.0 1310.0 2.0], flag 131072
04-11 12:30:05.902 14034 15313 D CommonApp-264-10512: transport layer data is invalid
04-11 12:30:05.905 14034 15313 D CommonApp-255-10512: commonScoreStrategy scenarios low package
04-11 12:30:05.905 14034 15313 D ScorePolicy: handleScoreChanged: []
04-11 12:30:05.905 14034 15313 D ScorePolicy: handleScoreChanged: []
04-11 12:30:05.905 14034 15313 D ScorePolicy: handleScoreChanged: []
04-11 12:30:05.921  2181  2506 I SDM     : DisplayBuiltIn::IdlePowerCollapse: IPC received, disabling partial update for one frame
04-11 12:30:05.926  2113 17888 I sensors-hal: handle_sns_std_sensor_event:114, oplus rgb_rear sample: (cct, lux, ir, x, y)[10058, 21, 273, 259, 325]
04-11 12:30:05.926  2113 17888 I sensors-hal: handle_sns_std_sensor_event:116, oplus rgb_rear sample: (r, g, b, c w)[847, 1730, 387, 474, 0]
04-11 12:30:06.001  3590  8061 D NotificationService--OplusNotificationFixHelper: fixAppIcon: pkg=com.v2ray.ang
04-11 12:30:06.001  3590  8061 D NotificationService--OplusNotificationFixHelper: fixAppIcon: appIcon = null, pkg = com.v2ray.ang
04-11 12:30:06.001  3590  8061 D NotificationService--NotificationRecord: isSupportRearLight , isRearLight = false mLedRM = false isMultilLed = false
04-11 12:30:06.002  3590  8061 I OplusStatusBarManagerServiceEnhance:  getTopIsFullscreen mTopIsFullscreen: false
04-11 12:30:06.002  3590  8061 W ActivityManager: Permission Denial: getTopApplicationInfo from pid=18198, uid=10397 requires oplus.permission.OPLUS_COMPONENT_SAFE
04-11 12:30:06.002  3590  8061 E OplusNotificationCenter: getForegroundApplication exception
04-11 12:30:06.003  3590  3590 D NotificationService--OplusNotificationManagerServiceExtImpl: isForwardToAssistants: true, case : Is local notification
04-11 12:30:06.003  3590  3590 D NotificationService: This application enqueue notifications is need postDelayed mcsAssistantDelayTime: 50
04-11 12:30:06.033  3438  4039 D QmiClient: qmiServiceEventCallback recv msg id 47
04-11 12:30:06.033  3438  4039 D QmiClient: enter -mServiceType 10 onQmiServiceEventCallback msgId 47
04-11 12:30:06.033  3438  4039 D QmiClient: onQmiServiceEventCallback - enter. msgId=47
04-11 12:30:06.033  3438  3488 D OttProxy: handleMessage msg is 3001
04-11 12:30:06.034 14034   947 D SubsysRadioIndication[1]: radioLinkLatencyInfoInd
04-11 12:30:06.034 14034   947 D SubsysRadioIndication[1]: notify enter
04-11 12:30:06.034 14034 14034 D NetworkService[1]: handleMessage what:1008
04-11 12:30:06.034 14034 14034 D NetworkService[1]: EVENT_REG_LINK_LATENCY_INFO_CHANGE ulLatency:6577
04-11 12:30:06.038  2113 17862 I sensors-hal: handle_oplus_wise_rgb_event:161, wise_rgb: (34216)(cct, lux, ir)[5853.05, 133.47, 58.741829] (r, g, b, c)[6334.04, 4289.25, 2708.55, 11993.71]                 (pwm, hbm, brl, algo)[0.0 0.0 1310.0 2.0], flag 95044
04-11 12:30:06.039  3590  7333 D FusionLightNextGen: process end reported = 1, mode: 0, cnt: 397465, lux 85.8, cct 6276.0, r/g/b/c: 6334.0/4289.3/2708.6/11993.7, R/G/B: 144.0/140.0/129.0, bri 1310.0, match 1.00, ir 0.072408, conf 5.0, ts 929021233970464
04-11 12:30:06.063  8338  8338 I SystemUi--Notification: OplusLiveAlertNotificationsRepository-->onRankingApplied
04-11 12:30:06.067  8338  8338 I PluginSeedling--Track: RequestHandler-->notificationUpdated 0|com.v2ray.ang|1|null|10397 postTime: 1775881806001
04-11 12:30:06.068  8338  8338 E LockScreenNotificationDispatcherImp: updateNotificationListOnKg size:0
04-11 12:30:06.074  8338  8338 W SystemUi--Notification: OplusNotificationGroupExtImpl-->setChildrenExpanded: groupHeader is null
04-11 12:30:06.074  8338  8338 I SystemUi--Notification: LockScreenNotificationDispatcherImp-->updateNotificationListOnKg resultCode: 0
04-11 12:30:06.100  8338  8706 D LocalImageResolver: Couldn't use ImageDecoder for drawable, falling back to non-resized load.
04-11 12:30:06.103  8338  8338 D OplusNotificationDateTimeView: setTime mSettingTimeMillis 1775881805996, mSettingLocalDateTime 2026-04-11T12:30:00.996
04-11 12:30:06.111  8338  8706 D LocalImageResolver: Couldn't use ImageDecoder for drawable, falling back to non-resized load.
04-11 12:30:06.113  8338  8338 D OplusNotificationDateTimeView: setTime mSettingTimeMillis 1775881805996, mSettingLocalDateTime 2026-04-11T12:30:00.996
04-11 12:30:06.119  8338  8706 D LocalImageResolver: Couldn't use ImageDecoder for drawable, falling back to non-resized load.
04-11 12:30:06.119  8338  8338 D OplusNotificationDateTimeView: setTime mSettingTimeMillis 1775881805996, mSettingLocalDateTime 2026-04-11T12:30:00.996
04-11 12:30:06.125  8338  8338 I SystemUi--Notification: OplusNotificationTempla-->resolveContentMargin: marginTop=112 isChildInGroup=false hasSubtitle=true params.topMargin=112
04-11 12:30:06.126  3590  9788 I AICCTModule: SensorFilter: brightness threshold 1.2 screenNit is 88.015 ave enviroment lux is 80.62736 luxForNit 85.478966demarcationPoint200.0 result is false
04-11 12:30:06.126  3590  9788 I AICCTModule: SensorFilter: findSecondNearestValue, sensorValue: 6315.783 nearestMaxValue:6275.9746 secondNearestValue: 6275.9746
04-11 12:30:06.126  3590  9788 I AICCTModule: SensorFilter: findSecondNearestValue, sensorValue: 82.82453 nearestMaxValue:85.766335 secondNearestValue: 85.766335
04-11 12:30:06.127  8338  8338 W SystemUi--Notification: OplusNotificationGroupExtImpl-->setChildrenExpanded: groupHeader is null
04-11 12:30:06.128  8338  8338 E LockScreenNotificationDispatcherImp: updateNotificationListOnKg size:0
04-11 12:30:06.133  8338  8338 W SystemUi--Notification: OplusNotificationGroupExtImpl-->setChildrenExpanded: groupHeader is null
04-11 12:30:06.133  8338  8338 I SystemUi--Notification: LockScreenNotificationDispatcherImp-->updateNotificationListOnKg resultCode: 0
04-11 12:30:06.173  2181  2506 I SDM     : DisplayBuiltIn::IdlePowerCollapse: IPC received, disabling partial update for one frame
04-11 12:30:06.176  2181 23599 E CwbService: Panel not support apl read or getDisplayPanelAplValue timeout 10ms.
04-11 12:30:06.176  2258  2258 D SensorFeature: name=ssc_screenshot_info ,index = 22
04-11 12:30:06.176  2258  2258 D SensorFeature: write 39 bytes:929021525675139,929021578725972,29509,0
04-11 12:30:06.258 13839 14712 I SmartDataSwitchStateManager: handle message:7
04-11 12:30:06.258 13839 14712 I SmartDataSwitchSM: [DisableState]Handle msg: 2
04-11 12:30:06.258 13839 14712 I SmartDataSwitchSM: [DisableState]handle state change, reason:DataScoreLow
04-11 12:30:06.293  2113 20704 I sensors-hal: handle_oplus_wise_rgb_event:189, high_pwm_light:lux 141.0,cct 5982.9,brl/algo/ir 1310.0/2.0/55.3,pwm/dc 0.0/0.0,rgbc 6670.425293/4511.411621/2871.903809/12681.392578,ts 929021556066401,cnt 34220,flag 29509
04-11 12:30:06.294  2113 17862 I sensors-hal: handle_oplus_wise_rgb_event:161, wise_rgb: (34221)(cct, lux, ir)[5982.88, 141.01, 55.337627] (r, g, b, c)[6677.90, 4515.81, 2876.32, 12662.74]                 (pwm, hbm, brl, algo)[0.0 0.0 1310.0 2.0], flag 95045
04-11 12:30:06.327  2727  3986 D QmiClient: qmiServiceEventCallback recv msg id 1099
04-11 12:30:06.327  2727  3986 D QmiClient: enter -mServiceType 4 onQmiServiceEventCallback msgId 1099
04-11 12:30:06.327  2727  3986 D QmiClient: onQmiServiceEventCallback - enter. msgId=1099
04-11 12:30:06.327  2727  3986 D QmiVsClientEvent: QosPeriodReportInd MSG IND data_len 2052
04-11 12:30:06.327  3438  3988 D QmiClient: qmiServiceEventCallback recv msg id 1099
04-11 12:30:06.327  2727  3986 D QmiVsClientEvent: qmiVsClientNotifyQosPeriodReportIndEvent - RADIO_EVENT_QOS_PERIOD_REPORT_NOTIFY_IND
04-11 12:30:06.327  3438  3988 D QmiClient: enter -mServiceType 4 onQmiServiceEventCallback msgId 1099
04-11 12:30:06.327  3438  3988 D QmiClient: onQmiServiceEventCallback - enter. msgId=1099
04-11 12:30:06.327  3438  3988 D QmiVsClientEvent: QosPeriodReportInd MSG IND data_len 2052
04-11 12:30:06.327  3438  3988 D QmiVsClientEvent: qmiVsClientNotifyQosPeriodReportIndEvent - RADIO_EVENT_QOS_PERIOD_REPORT_NOTIFY_IND
04-11 12:30:06.327  2727  2826 D VsProxy : handleMessage msg is 2420
04-11 12:30:06.327  3438  3485 D VsProxy : handleMessage msg is 2420
04-11 12:30:06.327  2727  2826 D VsProxy : handleQosPeriodReportInd for instance 0 data_len 145
04-11 12:30:06.327  3438  3485 D VsProxy : handleQosPeriodReportInd for instance 1 data_len 205
04-11 12:30:06.328 14034   947 D SubsysRadioIndication[0]: radioQosPeriodReportInd result [8, -84, -66, -42, -50, 14, 34, 12, 8, -84, -69, -57, -50, 14, 16, 4, 24, 1, 32, 3, 58, 61, 8, -39, -79, -42, -50, 14, 16, 5, 24, -64, -92, 38, 32, -22, 6, 40, -98, -1, -1, -1, -1, -1, -1, -1, -1, 1, 48, -12, -1, -1, -1, -1, -1, -1, -1, -1, 1, 56, 3, 64, -104, -1, -1, -1, -1, -1, -1, -1, -1, 1, 72, -98, -1, -1, -1, -1, -1, -1, -1, -1, 1, 66, 29, 8, -57, -20, -92, -50, 14, 16, 5, 34, 19, 8, -64, -92, 38, 16, -22, 6, 24, 78, 32, 13, 40, -117, -32, -94, -93, 2, 48, 2, 90, 0, 98, 10, 8, -41, -26, -92, -50, 14, 16, 3, 24, 5, 122, 15, 8, -8, -24, -92, -50, 14, 16, -52, 2, 24, -21, 1, 32, -90, 9]
04-11 12:30:06.328 14034 14747 D SubsysRadioIndication[1]: radioQosPeriodReportInd result [8, -84, -66, -42, -50, 14, 18, 14, 8, -58, -68, -42, -50, 14, 16, 1, 32, 53, 40, 1, 72, 1, 26, 13, 8, -41, -70, -42, -50, 14, 16, 1, 40, 1, 56, -127, 4, 34, 12, 8, -84, -69, -57, -50, 14, 16, 4, 24, 1, 32, 3, 58, 83, 8, -26, -67, -42, -50, 14, 16, 5, 24, -98, -23, 30, 32, -54, 1, 40, -97, -1, -1, -1, -1, -1, -1, -1, -1, 1, 48, -14, -1, -1, -1, -1, -1, -1, -1, -1, 1, 56, 2, 64, -98, -1, -1, -1, -1, -1, -1, -1, -1, 1, 72, -97, -1, -1, -1, -1, -1, -1, -1, -1, 1, 80, -103, -1, -1, -1, -1, -1, -1, -1, -1, 1, 88, -98, -1, -1, -1, -1, -1, -1, -1, -1, 1, 66, 31, 8, -114, -41, -49, -50, 14, 16, 5, 24, 2, 34, 19, 8, -98, -23, 30, 16, -54, 1, 24, 41, 32, 13, 40, -126, -128, -52, -67, 21, 48, 2, 90, 0, 98, 10, 8, -85, -54, -73, -50, 14, 16, 3, 24, 5, 122, 20, 8, -58, -68, -42, -50, 14, 16, -1, -1, 1, 24, -1, -1, 1, 32, -1, -1, -1, -1, 15]
04-11 12:30:06.328 14034 14034 D NetworkService[0]: handleMessage what:1005
04-11 12:30:06.328 14034 14034 D RadioAtomTracker: parseQosPeriodData ModemQos:CellularQosInfo2{5G, 627264/874, EndcState=0, Band=78, DLBW=13, Rsrp=-98, Rsrq=-12, Snr=3, SvcStatus=3, ULPDCPNumDataPdu=-1, ULPDCPNumDropPdu=-1, ULPDCPTput=-1, ULRLCNumDataPdu=-1, ULRLCNumRetxPdu=-1, ULGrant=-1, ULBSR=-1, ULBler=-1, DLPDCPNumDataPdu=-1, DLPDCPTput=-1, DLRLCNumDataPdu=-1, DLRLCNumRetxPdu=-1, DLRLCNumDropPdu=-1, DLMACPaddingBytes=-1, DLPdcpNumMissToUppPdu=-1, DLBler=-1, RlfCount=0, CellChangeCount=0, IsRedirectionOccur=0, IsDualSimConflict=0, Latency=0, Sub1RrcState=1, Sub2RrcState=3, RachCount=0, CalcPower=332, Mtpl=235, PathLoss=1190, CellLoad=0}
04-11 12:30:06.328 14034 14034 D NetworkService[0]: EVENT_REG_QOS_PERIOD_REPORT_IND_CHANGED ENTER
04-11 12:30:06.328 14034 14034 D NetworkService[1]: handleMessage what:1005
04-11 12:30:06.328 14034 14034 D RadioAtomTracker: parseQosPeriodData ModemQos:CellularQosInfo1{5G, 504990/202, EndcState=2, Band=41, DLBW=13, Rsrp=-97, Rsrq=-14, Snr=2, SvcStatus=3, ULPDCPNumDataPdu=1, ULPDCPNumDropPdu=0, ULPDCPTput=53, ULRLCNumDataPdu=1, ULRLCNumRetxPdu=0, ULGrant=0, ULBSR=0, ULBler=1, DLPDCPNumDataPdu=1, DLPDCPTput=513, DLRLCNumDataPdu=1, DLRLCNumRetxPdu=0, DLRLCNumDropPdu=0, DLMACPaddingBytes=0, DLPdcpNumMissToUppPdu=0, DLBler=0, RlfCount=0, CellChangeCount=0, IsRedirectionOccur=0, IsDualSimConflict=0, Latency=6, Sub1RrcState=1, Sub2RrcState=3, RachCount=0, CalcPower=32767, Mtpl=32767, PathLoss=-1, CellLoad=0}
04-11 12:30:06.328 14034 14034 D NetworkService[1]: EVENT_REG_QOS_PERIOD_REPORT_IND_CHANGED ENTER
04-11 12:30:06.329 14034 14034 D AtomModemKpiInfo: handleMessage what:1001
04-11 12:30:06.329 14034 14034 D AtomModemKpiInfo: analyseQosInfo success
04-11 12:30:06.421  2181  2506 I SDM     : DisplayBuiltIn::IdlePowerCollapse: IPC received, disabling partial update for one frame
04-11 12:30:06.477  2258  2258 D SensorFeature: name=ssc_screenshot_info ,index = 22
04-11 12:30:06.478  2258  2258 D SensorFeature: write 39 bytes:929021525675139,929021891023732,29510,0
04-11 12:30:06.478 32357 32357 I SurfaceControl:  setExtendedRangeBrightness sc=Surface(name=)/@0x6fc43b4,currentBufferRatio=1.0,desiredRatio=1.0
04-11 12:30:06.479  3590  8061 V WindowManager: Relayout Window{83978a2 u0 com.binance.monitor}: viewVisibility=0, oldvis=0, req=315x429 , apr = 0, vsysui=, x=-407, y=2142
04-11 12:30:06.479  3590  8061 D InsetsSourceProvider: updateSourceFrameForServerVisibility mandatorySystemGestures EMPTY_RECT
04-11 12:30:06.480  3590  8061 D InsetsSourceProvider: updateSourceFrameForServerVisibility mandatorySystemGestures EMPTY_RECT
04-11 12:30:06.560  2113 17862 I sensors-hal: handle_oplus_wise_rgb_event:161, wise_rgb: (34226)(cct, lux, ir)[5962.22, 143.43, 56.054340] (r, g, b, c)[6660.46, 4507.01, 2871.90, 12648.76]                 (pwm, hbm, brl, algo)[0.0 0.0 1310.0 2.0], flag 95046
04-11 12:30:06.577  2181  2506 I SDM     : DisplayBuiltIn::IdlePowerCollapse: IPC received, disabling partial update for one frame
04-11 12:30:06.602 32357 32357 I ChainTrace: stream type=syncEvent gapMs=964 refreshMarket=true
04-11 12:30:06.728  2280  2331 D BatteryChargeControl: bcc get no support from charging protocol
04-11 12:30:06.753 14034 14034 D SubsysEventListenerManager-SubsysTelephonyCallback[1]: onSignalStrengthsChanged
04-11 12:30:06.754  8338  8520 I SystemUi--Statusbar: MobileConnectionRepositoryImpl-->subId:1 isSoftSimCard:false slotId:1
04-11 12:30:06.755  8338  8338 D Tile.OplusCellularTile: refreshState: tile not listening, ignore
04-11 12:30:06.783  2181  2506 I SDM     : DisplayBuiltIn::IdlePowerCollapse: IPC received, disabling partial update for one frame
04-11 12:30:06.829  4482  4680 W ServiceManagerCppClient: Waited one second for SystemClearService (is service started? Number of threads started in the threadpool: 16. Are binder threads started and available?)
04-11 12:30:06.829  4482  4659 W ServiceManagerCppClient: Waited one second for SystemClearService (is service started? Number of threads started in the threadpool: 16. Are binder threads started and available?)
04-11 12:30:06.831  1254 27558 W libc    : Unable to set property "ctl.interface_start" to "aidl/SystemClearService": PROP_ERROR_HANDLE_CONTROL_MESSAGE (0x20)
04-11 12:30:06.831  1254 27559 W libc    : Unable to set property "ctl.interface_start" to "aidl/SystemClearService": PROP_ERROR_HANDLE_CONTROL_MESSAGE (0x20)
04-11 12:30:06.861  2181  2506 I SDM     : DisplayBuiltIn::IdlePowerCollapse: IPC received, disabling partial update for one frame
04-11 12:30:06.866  2181 23599 E CwbService: Panel not support apl read or getDisplayPanelAplValue timeout 10ms.
04-11 12:30:06.866  2258  2258 D SensorFeature: name=ssc_screenshot_info ,index = 22
04-11 12:30:06.867  2258  2258 D SensorFeature: write 39 bytes:929022214300347,929022268436284,29511,0
04-11 12:30:06.870  2113 20704 I sensors-hal: handle_oplus_wise_rgb_event:189, high_pwm_light:lux 139.7,cct 5977.7,brl/algo/ir 1310.0/2.0/56.4,pwm/dc 0.0/0.0,rgbc 6381.382324/4328.843750/2746.078613/12100.939453,ts 929022199808641,cnt 34230,flag 29511
04-11 12:30:06.870  2113 17862 I sensors-hal: handle_oplus_wise_rgb_event:161, wise_rgb: (34231)(cct, lux, ir)[5977.72, 139.71, 56.395981] (r, g, b, c)[6378.89, 4326.64, 2746.08, 12117.26]                 (pwm, hbm, brl, algo)[0.0 0.0 1310.0 2.0], flag 95047
04-11 12:30:06.874 11891 11912 I OplusLog_main_host: [IPhoneConnectionProvider] call: method = get_bound_iphone, callingUid = 10098, callingPid = 11972, callingPackage = com.heytap.accessory
04-11 12:30:06.875 11891 11961 D OplusLog_DeviceKit_com.oplus.linker: [SynergyDeviceManager-244736775] queryOriginalDeviceList from: com.oplus.linker, [11, 12, 6, 10, 8, 16], com.oplus.linker.datalayer.local.LocalDbRepositoryDelegate$getAllSynergyDeviceInfoWithProperty$2$1@7371ccb
04-11 12:30:06.878 11891 11961 D OplusLog_DeviceKit_com.oplus.linker: [OpDeviceServiceClient-244736775] queryOriginalDeviceList onResult: []
04-11 12:30:06.927 14034 15313 D CommonApp-264-10512: transport layer data is invalid
04-11 12:30:06.928 14034 15313 D CommonApp-255-10512: commonScoreStrategy scenarios low package
04-11 12:30:06.929 14034 15313 D ScorePolicy: handleScoreChanged: []
04-11 12:30:06.929 14034 15313 D ScorePolicy: handleScoreChanged: []
04-11 12:30:06.929 14034 15313 D ScorePolicy: handleScoreChanged: []
04-11 12:30:07.021  3438  4039 D QmiClient: qmiServiceEventCallback recv msg id 47
04-11 12:30:07.021  3438  4039 D QmiClient: enter -mServiceType 10 onQmiServiceEventCallback msgId 47
04-11 12:30:07.021  3438  4039 D QmiClient: onQmiServiceEventCallback - enter. msgId=47
04-11 12:30:07.022  3438  3488 D OttProxy: handleMessage msg is 3001
04-11 12:30:07.022 14034 14747 D SubsysRadioIndication[1]: radioLinkLatencyInfoInd
04-11 12:30:07.022 14034 14747 D SubsysRadioIndication[1]: notify enter
04-11 12:30:07.023 14034 14034 D NetworkService[1]: handleMessage what:1008
04-11 12:30:07.023 14034 14034 D NetworkService[1]: EVENT_REG_LINK_LATENCY_INFO_CHANGE ulLatency:6760
04-11 12:30:07.055  3590  7344 W OPLUS_LOG_LOAD: ==LOGS PROG INFO, prog(system_server) ==
04-11 12:30:07.055  3590  7344 V AlarmManager: sending alarm Alarm{4c6f723 type 1 origWhen 1775881807055 whenElapsed 929022469 android} uid 1000 whenElapsed 929022469 windowLength 0 maxWhenElapsed 929022469 repeatInterval 0 action null component null tag StorgaeBandInfoAlarmTag flags 0x9 procName system_server
04-11 12:30:07.057  3590 10338 E OplusStorageUFSBandwidth: storage_io_metrics_path is /proc/oplus_storage/io_metrics/forever/
04-11 12:30:07.058  3590 10338 E OplusStorageUFSBandwidth: Bandwidth - Read: 0.00 MB/s, Write: 0.50 MB/s
04-11 12:30:07.058  3590 10338 E OplusStorageUFSBandwidth: Task time: 2ms
04-11 12:30:07.060  3590 10338 E OplusStorageUFSBandwidth: Alarm set to trigger in 10 seconds
04-11 12:30:07.093  2113 17862 I sensors-hal: handle_oplus_wise_rgb_event:161, wise_rgb: (34236)(cct, lux, ir)[5912.62, 135.68, 56.659531] (r, g, b, c)[6363.94, 4306.85, 2737.25, 12051.98]                 (pwm, hbm, brl, algo)[0.0 0.0 1310.0 2.0], flag 95047
04-11 12:30:07.173  2258  2258 D SensorFeature: name=ssc_screenshot_info ,index = 22
04-11 12:30:07.173  2258  2258 D SensorFeature: write 39 bytes:929022214300347,929022585204722,29512,0
04-11 12:30:07.328  3590  9788 I AICCTModule: SensorFilter: brightness threshold 1.2 screenNit is 88.015 ave enviroment lux is 92.858604 luxForNit 85.86823demarcationPoint200.0 result is false
04-11 12:30:07.328  3590  9788 I AICCTModule: SensorFilter: findSecondNearestValue, sensorValue: 6275.9746 nearestMaxValue:6397.506 secondNearestValue: 6397.506
04-11 12:30:07.328  3590  9788 I AICCTModule: SensorFilter: findSecondNearestValue, sensorValue: 85.766335 nearestMaxValue:92.85861 secondNearestValue: 92.85861
04-11 12:30:07.359  2113 20704 I sensors-hal: handle_oplus_wise_rgb_event:189, high_pwm_light:lux 134.3,cct 5922.0,brl/algo/ir 1310.0/2.0/57.5,pwm/dc 0.0/0.0,rgbc 6309.121582/4271.653320/2717.381836/11961.071289,ts 929022555291766,cnt 34240,flag 29512
04-11 12:30:07.359  2113 17862 I sensors-hal: handle_oplus_wise_rgb_event:161, wise_rgb: (34241)(cct, lux, ir)[5921.98, 134.30, 57.467422] (r, g, b, c)[6301.65, 4273.85, 2706.34, 11935.43]                 (pwm, hbm, brl, algo)[0.0 0.0 1310.0 2.0], flag 95048
04-11 12:30:07.359  3590  7333 D FusionLightNextGen: process end reported = 1, mode: 0, cnt: 397470, lux 84.9, cct 6333.7, r/g/b/c: 6301.6/4273.9/2706.3/11935.4, R/G/B: 144.0/140.0/129.0, bri 1310.0, match 1.00, ir 0.073403, conf 5.0, ts 929022566362755
04-11 12:30:07.376  3438  3988 D QmiClient: qmiServiceEventCallback recv msg id 1099
04-11 12:30:07.377  3438  3988 D QmiClient: enter -mServiceType 4 onQmiServiceEventCallback msgId 1099
04-11 12:30:07.377  3438  3988 D QmiClient: onQmiServiceEventCallback - enter. msgId=1099
04-11 12:30:07.377  3438  3988 D QmiVsClientEvent: QosPeriodReportInd MSG IND data_len 2052
04-11 12:30:07.377  3438  3988 D QmiVsClientEvent: qmiVsClientNotifyQosPeriodReportIndEvent - RADIO_EVENT_QOS_PERIOD_REPORT_NOTIFY_IND
04-11 12:30:07.377  2727  3986 D QmiClient: qmiServiceEventCallback recv msg id 1099
04-11 12:30:07.377  2727  3986 D QmiClient: enter -mServiceType 4 onQmiServiceEventCallback msgId 1099
04-11 12:30:07.377  2727  3986 D QmiClient: onQmiServiceEventCallback - enter. msgId=1099
04-11 12:30:07.377  2727  3986 D QmiVsClientEvent: QosPeriodReportInd MSG IND data_len 2052
04-11 12:30:07.377  2727  3986 D QmiVsClientEvent: qmiVsClientNotifyQosPeriodReportIndEvent - RADIO_EVENT_QOS_PERIOD_REPORT_NOTIFY_IND
04-11 12:30:07.377  3438  3485 D VsProxy : handleMessage msg is 2420
04-11 12:30:07.377  3438  3485 D VsProxy : handleQosPeriodReportInd for instance 1 data_len 205
04-11 12:30:07.377  2727  2826 D VsProxy : handleMessage msg is 2420
04-11 12:30:07.378 14034 14747 D SubsysRadioIndication[1]: radioQosPeriodReportInd result [8, -58, -58, -42, -50, 14, 18, 14, 8, -53, -61, -42, -50, 14, 16, 1, 32, 53, 40, 1, 72, 1, 26, 13, 8, -110, -60, -42, -50, 14, 16, 1, 40, 1, 56, -65, 1, 34, 12, 8, -84, -69, -57, -50, 14, 16, 4, 24, 1, 32, 3, 58, 83, 8, -91, -59, -42, -50, 14, 16, 5, 24, -98, -23, 30, 32, -54, 1, 40, -94, -1, -1, -1, -1, -1, -1, -1, -1, 1, 48, -13, -1, -1, -1, -1, -1, -1, -1, -1, 1, 56, 1, 64, -95, -1, -1, -1, -1, -1, -1, -1, -1, 1, 72, -94, -1, -1, -1, -1, -1, -1, -1, -1, 1, 80, -99, -1, -1, -1, -1, -1, -1, -1, -1, 1, 88, -100, -1, -1, -1, -1, -1, -1, -1, -1, 1, 66, 31, 8, -114, -41, -49, -50, 14, 16, 5, 24, 2, 34, 19, 8, -98, -23, 30, 16, -54, 1, 24, 41, 32, 13, 40, -126, -128, -52, -67, 21, 48, 2, 90, 0, 98, 10, 8, -85, -54, -73, -50, 14, 16, 3, 24, 5, 122, 20, 8, -110, -60, -42, -50, 14, 16, -1, -1, 1, 24, -1, -1, 1, 32, -1, -1, -1, -1, 15]
04-11 12:30:07.378  2727  2826 D VsProxy : handleQosPeriodReportInd for instance 0 data_len 145
04-11 12:30:07.378 14034 14034 D NetworkService[1]: handleMessage what:1005
04-11 12:30:07.379 14034 14034 D RadioAtomTracker: parseQosPeriodData ModemQos:CellularQosInfo1{5G, 504990/202, EndcState=2, Band=41, DLBW=13, Rsrp=-94, Rsrq=-13, Snr=1, SvcStatus=3, ULPDCPNumDataPdu=1, ULPDCPNumDropPdu=0, ULPDCPTput=53, ULRLCNumDataPdu=1, ULRLCNumRetxPdu=0, ULGrant=0, ULBSR=0, ULBler=1, DLPDCPNumDataPdu=1, DLPDCPTput=191, DLRLCNumDataPdu=1, DLRLCNumRetxPdu=0, DLRLCNumDropPdu=0, DLMACPaddingBytes=0, DLPdcpNumMissToUppPdu=0, DLBler=0, RlfCount=0, CellChangeCount=0, IsRedirectionOccur=0, IsDualSimConflict=0, Latency=6, Sub1RrcState=1, Sub2RrcState=3, RachCount=0, CalcPower=32767, Mtpl=32767, PathLoss=-1, CellLoad=0}
04-11 12:30:07.379 14034 14034 D NetworkService[1]: EVENT_REG_QOS_PERIOD_REPORT_IND_CHANGED ENTER
04-11 12:30:07.379 14034 14034 D AtomModemKpiInfo: handleMessage what:1001
04-11 12:30:07.379 14034 14034 D AtomModemKpiInfo: analyseQosInfo success
04-11 12:30:07.379 14034 14747 D SubsysRadioIndication[0]: radioQosPeriodReportInd result [8, -58, -58, -42, -50, 14, 34, 12, 8, -84, -69, -57, -50, 14, 16, 4, 24, 1, 32, 3, 58, 61, 8, -79, -59, -42, -50, 14, 16, 5, 24, -64, -92, 38, 32, -22, 6, 40, -98, -1, -1, -1, -1, -1, -1, -1, -1, 1, 48, -12, -1, -1, -1, -1, -1, -1, -1, -1, 1, 56, 5, 64, -104, -1, -1, -1, -1, -1, -1, -1, -1, 1, 72, -98, -1, -1, -1, -1, -1, -1, -1, -1, 1, 66, 29, 8, -57, -20, -92, -50, 14, 16, 5, 34, 19, 8, -64, -92, 38, 16, -22, 6, 24, 78, 32, 13, 40, -117, -32, -94, -93, 2, 48, 2, 90, 0, 98, 10, 8, -41, -26, -92, -50, 14, 16, 3, 24, 5, 122, 15, 8, -8, -24, -92, -50, 14, 16, -52, 2, 24, -21, 1, 32, -90, 9]
04-11 12:30:07.379 14034 14034 D NetworkService[0]: handleMessage what:1005
04-11 12:30:07.380 14034 14034 D RadioAtomTracker: parseQosPeriodData ModemQos:CellularQosInfo2{5G, 627264/874, EndcState=0, Band=78, DLBW=13, Rsrp=-98, Rsrq=-12, Snr=5, SvcStatus=3, ULPDCPNumDataPdu=-1, ULPDCPNumDropPdu=-1, ULPDCPTput=-1, ULRLCNumDataPdu=-1, ULRLCNumRetxPdu=-1, ULGrant=-1, ULBSR=-1, ULBler=-1, DLPDCPNumDataPdu=-1, DLPDCPTput=-1, DLRLCNumDataPdu=-1, DLRLCNumRetxPdu=-1, DLRLCNumDropPdu=-1, DLMACPaddingBytes=-1, DLPdcpNumMissToUppPdu=-1, DLBler=-1, RlfCount=0, CellChangeCount=0, IsRedirectionOccur=0, IsDualSimConflict=0, Latency=0, Sub1RrcState=1, Sub2RrcState=3, RachCount=0, CalcPower=332, Mtpl=235, PathLoss=1190, CellLoad=0}
04-11 12:30:07.380 14034 14034 D NetworkService[0]: EVENT_REG_QOS_PERIOD_REPORT_IND_CHANGED ENTER
04-11 12:30:07.380 14034 14034 D AtomModemKpiInfo: handleMessage what:1001
04-11 12:30:07.380 14034 14034 D AtomModemKpiInfo: analyseQosInfo success
04-11 12:30:07.429  2181  2506 I SDM     : DisplayBuiltIn::IdlePowerCollapse: IPC received, disabling partial update for one frame
04-11 12:30:07.475  2258  2258 D SensorFeature: name=ssc_screenshot_info ,index = 22
04-11 12:30:07.475  2258  2258 D SensorFeature: write 39 bytes:929022214300347,929022888674357,29513,0
04-11 12:30:07.477  3590  8061 V WindowManager: Relayout Window{83978a2 u0 com.binance.monitor}: viewVisibility=0, oldvis=0, req=315x429 , apr = 0, vsysui=, x=-407, y=2142
04-11 12:30:07.477 32357 32357 I SurfaceControl:  setExtendedRangeBrightness sc=Surface(name=)/@0x6fc43b4,currentBufferRatio=1.0,desiredRatio=1.0
04-11 12:30:07.477  3590  8061 D InsetsSourceProvider: updateSourceFrameForServerVisibility mandatorySystemGestures EMPTY_RECT
04-11 12:30:07.477  3590  8061 D InsetsSourceProvider: updateSourceFrameForServerVisibility mandatorySystemGestures EMPTY_RECT
04-11 12:30:07.569  2181  2506 I SDM     : DisplayBuiltIn::IdlePowerCollapse: IPC received, disabling partial update for one frame
04-11 12:30:07.630  2113 17862 I sensors-hal: handle_oplus_wise_rgb_event:161, wise_rgb: (34246)(cct, lux, ir)[5923.56, 133.08, 57.698853] (r, g, b, c)[6279.22, 4251.86, 2690.89, 11893.47]                 (pwm, hbm, brl, algo)[0.0 0.0 1310.0 2.0], flag 95049
04-11 12:30:07.715 32357 32357 I ChainTrace: stream type=syncEvent gapMs=1113 refreshMarket=true
04-11 12:30:07.730  2280  2331 D BatteryChargeControl: bcc get no support from charging protocol
04-11 12:30:07.783  2181  2506 I SDM     : DisplayBuiltIn::IdlePowerCollapse: IPC received, disabling partial update for one frame
04-11 12:30:07.830  4482  4680 W ServiceManagerCppClient: Waited one second for SystemClearService (is service started? Number of threads started in the threadpool: 16. Are binder threads started and available?)
04-11 12:30:07.831  4482  4659 W ServiceManagerCppClient: Waited one second for SystemClearService (is service started? Number of threads started in the threadpool: 16. Are binder threads started and available?)
04-11 12:30:07.832  1254 27570 W libc    : Unable to set property "ctl.interface_start" to "aidl/SystemClearService": PROP_ERROR_HANDLE_CONTROL_MESSAGE (0x20)
