04-11 12:30:19.700 14034   947 D SubsysRadioIndication[0]: radioQosPeriodReportInd result [8, -24, -90, -41, -50, 14, 34, 12, 8, -84, -69, -57, -50, 14, 16, 4, 24, 1, 32, 3, 58, 61, 8, -59, -106, -41, -50, 14, 16, 5, 24, -64, -92, 38, 32, -22, 6, 40, -95, -1, -1, -1, -1, -1, -1, -1, -1, 1, 48, -10, -1, -1, -1, -1, -1, -1, -1, -1, 1, 56, 9, 64, -95, -1, -1, -1, -1, -1, -1, -1, -1, 1, 72, -96, -1, -1, -1, -1, -1, -1, -1, -1, 1, 66, 29, 8, -57, -20, -92, -50, 14, 16, 5, 34, 19, 8, -64, -92, 38, 16, -22, 6, 24, 78, 32, 13, 40, -117, -32, -94, -93, 2, 48, 2, 90, 0, 98, 10, 8, -41, -26, -92, -50, 14, 16, 3, 24, 5, 122, 15, 8, -8, -24, -92, -50, 14, 16, -52, 2, 24, -21, 1, 32, -90, 9]
04-11 12:30:19.700 14034 14747 D SubsysRadioIndication[1]: radioQosPeriodReportInd result [8, -24, -90, -41, -50, 14, 18, 14, 8, -26, -90, -41, -50, 14, 16, 1, 32, 53, 40, 1, 72, 1, 26, 12, 8, -9, -95, -41, -50, 14, 16, 1, 40, 1, 56, 125, 34, 12, 8, -84, -69, -57, -50, 14, 16, 4, 24, 1, 32, 3, 58, 81, 8, -26, -90, -41, -50, 14, 16, 5, 24, -98, -23, 30, 32, -54, 1, 40, -95, -1, -1, -1, -1, -1, -1, -1, -1, 1, 48, -13, -1, -1, -1, -1, -1, -1, -1, -1, 1, 64, -95, -1, -1, -1, -1, -1, -1, -1, -1, 1, 72, -95, -1, -1, -1, -1, -1, -1, -1, -1, 1, 80, -97, -1, -1, -1, -1, -1, -1, -1, -1, 1, 88, -98, -1, -1, -1, -1, -1, -1, -1, -1, 1, 66, 31, 8, -114, -41, -49, -50, 14, 16, 5, 24, 2, 34, 19, 8, -98, -23, 30, 16, -54, 1, 24, 41, 32, 13, 40, -126, -128, -52, -67, 21, 48, 2, 90, 0, 98, 10, 8, -85, -54, -73, -50, 14, 16, 3, 24, 5, 122, 15, 8, -26, -95, -41, -50, 14, 16, -9, 1, 24, -1, 1, 32, -2, 8]
04-11 12:30:19.700 14034 14034 D NetworkService[0]: handleMessage what:1005
04-11 12:30:19.700 14034 14034 D RadioAtomTracker: parseQosPeriodData ModemQos:CellularQosInfo2{5G, 627264/874, EndcState=0, Band=78, DLBW=13, Rsrp=-95, Rsrq=-10, Snr=9, SvcStatus=3, ULPDCPNumDataPdu=-1, ULPDCPNumDropPdu=-1, ULPDCPTput=-1, ULRLCNumDataPdu=-1, ULRLCNumRetxPdu=-1, ULGrant=-1, ULBSR=-1, ULBler=-1, DLPDCPNumDataPdu=-1, DLPDCPTput=-1, DLRLCNumDataPdu=-1, DLRLCNumRetxPdu=-1, DLRLCNumDropPdu=-1, DLMACPaddingBytes=-1, DLPdcpNumMissToUppPdu=-1, DLBler=-1, RlfCount=0, CellChangeCount=0, IsRedirectionOccur=0, IsDualSimConflict=0, Latency=0, Sub1RrcState=1, Sub2RrcState=3, RachCount=0, CalcPower=332, Mtpl=235, PathLoss=1190, CellLoad=0}
04-11 12:30:19.700 14034 14034 D NetworkService[0]: EVENT_REG_QOS_PERIOD_REPORT_IND_CHANGED ENTER
04-11 12:30:19.700 14034 14034 D NetworkService[1]: handleMessage what:1005
04-11 12:30:19.700 14034 14034 D RadioAtomTracker: parseQosPeriodData ModemQos:CellularQosInfo1{5G, 504990/202, EndcState=2, Band=41, DLBW=13, Rsrp=-95, Rsrq=-13, Snr=0, SvcStatus=3, ULPDCPNumDataPdu=1, ULPDCPNumDropPdu=0, ULPDCPTput=53, ULRLCNumDataPdu=1, ULRLCNumRetxPdu=0, ULGrant=0, ULBSR=0, ULBler=1, DLPDCPNumDataPdu=1, DLPDCPTput=125, DLRLCNumDataPdu=1, DLRLCNumRetxPdu=0, DLRLCNumDropPdu=0, DLMACPaddingBytes=0, DLPdcpNumMissToUppPdu=0, DLBler=0, RlfCount=0, CellChangeCount=0, IsRedirectionOccur=0, IsDualSimConflict=0, Latency=11, Sub1RrcState=1, Sub2RrcState=3, RachCount=0, CalcPower=247, Mtpl=255, PathLoss=1150, CellLoad=0}
04-11 12:30:19.700 14034 14034 D NetworkService[1]: EVENT_REG_QOS_PERIOD_REPORT_IND_CHANGED ENTER
04-11 12:30:19.700 14034 14034 D AtomModemKpiInfo: handleMessage what:1001
04-11 12:30:19.700 14034 14034 D AtomModemKpiInfo: analyseQosInfo success
04-11 12:30:19.704  2280  2323 D vendor.oplus.hardware.charger-V10-service: ret_value:121, read content:,306,306,4349,4348,-55,93,95,1,1,0,494,5015,95,1,4480,600,500,0,0,9500,0,0,1,0,2,0,0,0,1,5868,96,0,4662,5046,0,0,0,0,0,0
04-11 12:30:19.704  2280  2323 D vendor.oplus.hardware.charger-V10-service: gmtime: 2026-04-11-12-30-19
04-11 12:30:19.704  2280  2323 D vendor.oplus.hardware.charger-V10-service: usb_online:1, ac_online:-2147483648, wireless_online:-2147483648
04-11 12:30:19.717 32357 32357 I ChainTrace: stream type=syncEvent gapMs=1117 refreshMarket=true
04-11 12:30:19.721  2181  2506 I SDM     : DisplayBuiltIn::IdlePowerCollapse: IPC received, disabling partial update for one frame
04-11 12:30:19.726  2181  2532 E CwbService: Panel not support apl read or getDisplayPanelAplValue timeout 10ms.
04-11 12:30:19.726  2258  2258 D SensorFeature: name=ssc_screenshot_info ,index = 22
04-11 12:30:19.727  2258  2258 D SensorFeature: write 39 bytes:929035074657269,929035128816540,29551,0
04-11 12:30:19.734  2181  2506 I SDM     : DisplayBuiltIn::IdlePowerCollapse: IPC received, disabling partial update for one frame
04-11 12:30:19.736  2280  2331 D BatteryChargeControl: bcc get no support from charging protocol
04-11 12:30:19.842  4482  4659 W ServiceManagerCppClient: Waited one second for SystemClearService (is service started? Number of threads started in the threadpool: 16. Are binder threads started and available?)
04-11 12:30:19.843  4482  4680 W ServiceManagerCppClient: Waited one second for SystemClearService (is service started? Number of threads started in the threadpool: 16. Are binder threads started and available?)
04-11 12:30:19.844  1254 27780 W libc    : Unable to set property "ctl.interface_start" to "aidl/SystemClearService": PROP_ERROR_HANDLE_CONTROL_MESSAGE (0x20)
04-11 12:30:19.845  1254 27781 W libc    : Unable to set property "ctl.interface_start" to "aidl/SystemClearService": PROP_ERROR_HANDLE_CONTROL_MESSAGE (0x20)
04-11 12:30:19.849  3590  8442 V WindowManager: Relayout Window{83978a2 u0 com.binance.monitor}: viewVisibility=0, oldvis=0, req=315x429 , apr = 0, vsysui=, x=-407, y=2142
04-11 12:30:19.850 32357 32357 I SurfaceControl:  setExtendedRangeBrightness sc=Surface(name=)/@0x6fc43b4,currentBufferRatio=1.0,desiredRatio=1.0
04-11 12:30:19.850  3590  7998 I [UAH_CLIENT]: uahRuleCtl, ruleId:206, status:3
04-11 12:30:19.850  3590  8442 D InsetsSourceProvider: updateSourceFrameForServerVisibility mandatorySystemGestures EMPTY_RECT
04-11 12:30:19.850  3590  3875 D VRR [OPlusSurfaceFlingerController]:  setComplexSceneEnable : false
04-11 12:30:19.851  3590  8442 D InsetsSourceProvider: updateSourceFrameForServerVisibility mandatorySystemGestures EMPTY_RECT
04-11 12:30:19.886  2113 20704 I sensors-hal: handle_oplus_wise_rgb_event:189, high_pwm_light:lux 134.0,cct 5894.5,brl/algo/ir 1310.0/2.0/57.4,pwm/dc 0.0/0.0,rgbc 6311.613281/4276.053223/2697.514404/11923.772461,ts 929035071815620,cnt 34460,flag 29551
04-11 12:30:19.886  2113 17862 I sensors-hal: handle_oplus_wise_rgb_event:161, wise_rgb: (34461)(cct, lux, ir)[5894.53, 133.96, 57.396687] (r, g, b, c)[6309.12, 4273.85, 2701.93, 11928.44]                 (pwm, hbm, brl, algo)[0.0 0.0 1310.0 2.0], flag 29551
04-11 12:30:19.888  3590  9788 I AICCTModule: SensorFilter: brightness threshold 1.2 screenNit is 88.015 ave enviroment lux is 84.20873 luxForNit 85.54616demarcationPoint200.0 result is false
04-11 12:30:19.888  3590  9788 I AICCTModule: SensorFilter: findSecondNearestValue, sensorValue: 6329.3735 nearestMaxValue:6340.063 secondNearestValue: 6340.063
04-11 12:30:19.888  3590  9788 I AICCTModule: SensorFilter: findSecondNearestValue, sensorValue: 85.27185 nearestMaxValue:84.8775 secondNearestValue: 84.3226
04-11 12:30:19.926  2113 17888 I sensors-hal: handle_sns_std_sensor_event:114, oplus rgb_rear sample: (cct, lux, ir, x, y)[10066, 21, 308, 259, 324]
04-11 12:30:19.926  2113 17888 I sensors-hal: handle_sns_std_sensor_event:116, oplus rgb_rear sample: (r, g, b, c w)[828, 1687, 379, 520, 0]
04-11 12:30:19.949  2181  2506 I SDM     : DisplayBuiltIn::IdlePowerCollapse: IPC received, disabling partial update for one frame
04-11 12:30:20.022  3438  4039 D QmiClient: qmiServiceEventCallback recv msg id 47
04-11 12:30:20.022  3438  4039 D QmiClient: enter -mServiceType 10 onQmiServiceEventCallback msgId 47
04-11 12:30:20.022  3438  4039 D QmiClient: onQmiServiceEventCallback - enter. msgId=47
04-11 12:30:20.022  3438  3488 D OttProxy: handleMessage msg is 3001
04-11 12:30:20.022 14034   947 D SubsysRadioIndication[1]: radioLinkLatencyInfoInd
04-11 12:30:20.023 14034   947 D SubsysRadioIndication[1]: notify enter
04-11 12:30:20.023 14034 14034 D NetworkService[1]: handleMessage what:1008
04-11 12:30:20.023 14034 14034 D NetworkService[1]: EVENT_REG_LINK_LATENCY_INFO_CHANGE ulLatency:5569
04-11 12:30:20.063  2181  2506 I SDM     : DisplayBuiltIn::IdlePowerCollapse: IPC received, disabling partial update for one frame
04-11 12:30:20.071  2181 26958 E CwbService: Panel not support apl read or getDisplayPanelAplValue timeout 10ms.
04-11 12:30:20.071  2258  2258 D SensorFeature: name=ssc_screenshot_info ,index = 22
04-11 12:30:20.072  2258  2258 D SensorFeature: write 39 bytes:929035419009040,929035473221540,29552,0
04-11 12:30:20.079 13839 14674 D UlPriorityPolicyForeground: match: config has not com.binance.monitor
04-11 12:30:20.153  2113 17862 I sensors-hal: handle_oplus_wise_rgb_event:161, wise_rgb: (34466)(cct, lux, ir)[5877.36, 133.79, 58.760601] (r, g, b, c)[6326.56, 4304.65, 2715.17, 11998.37]                 (pwm, hbm, brl, algo)[0.0 0.0 1310.0 2.0], flag 29552
04-11 12:30:20.239 14034 15313 D CommonApp-264-10512: transport layer data is invalid
04-11 12:30:20.240 14034 15313 D CommonApp-255-10512: commonScoreStrategy scenarios low package
04-11 12:30:20.240 14034 15313 D ScorePolicy: handleScoreChanged: []
04-11 12:30:20.240 14034 15313 D ScorePolicy: handleScoreChanged: []
04-11 12:30:20.240 14034 15313 D ScorePolicy: handleScoreChanged: []
04-11 12:30:20.277 32357 32378 D OplusScrollToTopManager: com.binance.monitor/com.binance.monitor.ui.account.AccountStatsBridgeActivity,This com.android.internal.policy.DecorView{a9b7d3f V.E...... R....... 0,0-1264,2780 aid=10 alpha=1.0 viewInfo = }[AccountStatsBridgeActivity] change focus to true
04-11 12:30:20.393  3590  8777 I OplusHansManager : FastFreeze exit, unfreeze uids: []
04-11 12:30:20.393  3590  8777 I OplusHansManager : exit FastFreezer, unfreeze uids: [] thaw: [], reason: exitFF
04-11 12:30:20.394  3590  8777 I OplusHansManager : notify state machine event=FF_EXIT to uids=[10512, 10295, 10397]
04-11 12:30:20.414  2187  2298 E PERFHAL-PERFCTRL: PERFHAL-PERFCTRL: chk_core_online_poll_loop() 748: poll() has timed out for /sys/kernel/msm_performance/events/cpu_hotplug
04-11 12:30:20.415  2187  2298 E PERFHAL-PERFCTRL: PERFHAL-PERFCTRL: chk_core_online_poll_loop() 743: Block on poll()
04-11 12:30:20.437  2181  2506 I SDM     : DisplayBuiltIn::IdlePowerCollapse: IPC received, disabling partial update for one frame
04-11 12:30:20.448  2181  2532 E CwbService: Panel not support apl read or getDisplayPanelAplValue timeout 10ms.
04-11 12:30:20.448  2258  2258 D SensorFeature: name=ssc_screenshot_info ,index = 22
04-11 12:30:20.448  2258  2258 D SensorFeature: write 39 bytes:929035796608050,929035850755029,29553,0
04-11 12:30:20.450  2113 20704 I sensors-hal: handle_oplus_wise_rgb_event:189, high_pwm_light:lux 134.7,cct 5862.4,brl/algo/ir 1310.0/2.0/57.5,pwm/dc 0.0/0.0,rgbc 6339.022461/4306.847168/2728.419189/11993.707031,ts 929035759966141,cnt 34470,flag 29553
04-11 12:30:20.452  2113 17862 I sensors-hal: handle_oplus_wise_rgb_event:161, wise_rgb: (34471)(cct, lux, ir)[5862.41, 134.65, 57.531025] (r, g, b, c)[6351.48, 4304.65, 2741.66, 12014.69]                 (pwm, hbm, brl, algo)[0.0 0.0 1310.0 2.0], flag 29553
04-11 12:30:20.676 32357 32357 I ChainTrace: stream type=syncEvent gapMs=959 refreshMarket=true
04-11 12:30:20.687  2113 17862 I sensors-hal: handle_oplus_wise_rgb_event:161, wise_rgb: (34476)(cct, lux, ir)[5936.19, 134.58, 57.172314] (r, g, b, c)[6324.07, 4291.45, 2717.38, 11979.72]                 (pwm, hbm, brl, algo)[0.0 0.0 1310.0 2.0], flag 29553
04-11 12:30:20.687  3590  7333 D FusionLightNextGen: process end reported = 1, mode: 0, cnt: 397520, lux 85.8, cct 6354.2, r/g/b/c: 6331.5/4289.3/2717.4/12005.4, R/G/B: 144.0/140.0/129.0, bri 1310.0, match 1.00, ir 0.071995, conf 5.0, ts 929035882614578
04-11 12:30:20.699  3438  3988 D QmiClient: qmiServiceEventCallback recv msg id 1099
04-11 12:30:20.699  3438  3988 D QmiClient: enter -mServiceType 4 onQmiServiceEventCallback msgId 1099
04-11 12:30:20.699  3438  3988 D QmiClient: onQmiServiceEventCallback - enter. msgId=1099
04-11 12:30:20.699  3438  3988 D QmiVsClientEvent: QosPeriodReportInd MSG IND data_len 2052
04-11 12:30:20.699  3438  3988 D QmiVsClientEvent: qmiVsClientNotifyQosPeriodReportIndEvent - RADIO_EVENT_QOS_PERIOD_REPORT_NOTIFY_IND
04-11 12:30:20.700  2727  3986 D QmiClient: qmiServiceEventCallback recv msg id 1099
04-11 12:30:20.700  2727  3986 D QmiClient: enter -mServiceType 4 onQmiServiceEventCallback msgId 1099
04-11 12:30:20.700  2727  3986 D QmiClient: onQmiServiceEventCallback - enter. msgId=1099
04-11 12:30:20.700  2727  3986 D QmiVsClientEvent: QosPeriodReportInd MSG IND data_len 2052
04-11 12:30:20.700  2727  3986 D QmiVsClientEvent: qmiVsClientNotifyQosPeriodReportIndEvent - RADIO_EVENT_QOS_PERIOD_REPORT_NOTIFY_IND
04-11 12:30:20.700  3438  3485 D VsProxy : handleMessage msg is 2420
04-11 12:30:20.700  3438  3485 D VsProxy : handleQosPeriodReportInd for instance 1 data_len 208
04-11 12:30:20.700  2727  2826 D VsProxy : handleMessage msg is 2420
04-11 12:30:20.700  2727  2826 D VsProxy : handleQosPeriodReportInd for instance 0 data_len 145
04-11 12:30:20.701 14034   947 D SubsysRadioIndication[1]: radioQosPeriodReportInd result [8, -48, -82, -41, -50, 14, 18, 19, 8, -19, -84, -41, -50, 14, 16, 2, 32, 106, 40, 1, 56, -98, 1, 64, 1, 72, 1, 26, 13, 8, -63, -85, -41, -50, 14, 16, 1, 40, 1, 56, -66, 1, 34, 12, 8, -84, -69, -57, -50, 14, 16, 4, 24, 1, 32, 3, 58, 81, 8, -76, -82, -41, -50, 14, 16, 5, 24, -98, -23, 30, 32, -54, 1, 40, -96, -1, -1, -1, -1, -1, -1, -1, -1, 1, 48, -14, -1, -1, -1, -1, -1, -1, -1, -1, 1, 64, -95, -1, -1, -1, -1, -1, -1, -1, -1, 1, 72, -96, -1, -1, -1, -1, -1, -1, -1, -1, 1, 80, -99, -1, -1, -1, -1, -1, -1, -1, -1, 1, 88, -96, -1, -1, -1, -1, -1, -1, -1, -1, 1, 66, 31, 8, -114, -41, -49, -50, 14, 16, 5, 24, 2, 34, 19, 8, -98, -23, 30, 16, -54, 1, 24, 41, 32, 13, 40, -126, -128, -52, -67, 21, 48, 2, 90, 0, 98, 10, 8, -85, -54, -73, -50, 14, 16, 3, 24, 5, 122, 20, 8, -58, -86, -41, -50, 14, 16, -1, -1, 1, 24, -1, -1, 1, 32, -1, -1, -1, -1, 15]
04-11 12:30:20.701 14034 14034 D NetworkService[1]: handleMessage what:1005
04-11 12:30:20.702 14034 14034 D RadioAtomTracker: parseQosPeriodData ModemQos:CellularQosInfo1{5G, 504990/202, EndcState=2, Band=41, DLBW=13, Rsrp=-96, Rsrq=-14, Snr=0, SvcStatus=3, ULPDCPNumDataPdu=2, ULPDCPNumDropPdu=0, ULPDCPTput=106, ULRLCNumDataPdu=1, ULRLCNumRetxPdu=0, ULGrant=158, ULBSR=1, ULBler=1, DLPDCPNumDataPdu=1, DLPDCPTput=190, DLRLCNumDataPdu=1, DLRLCNumRetxPdu=0, DLRLCNumDropPdu=0, DLMACPaddingBytes=0, DLPdcpNumMissToUppPdu=0, DLBler=0, RlfCount=0, CellChangeCount=0, IsRedirectionOccur=0, IsDualSimConflict=0, Latency=5, Sub1RrcState=1, Sub2RrcState=3, RachCount=0, CalcPower=32767, Mtpl=32767, PathLoss=-1, CellLoad=0}
04-11 12:30:20.702 14034 14034 D NetworkService[1]: EVENT_REG_QOS_PERIOD_REPORT_IND_CHANGED ENTER
04-11 12:30:20.702 14034 14034 D AtomModemKpiInfo: handleMessage what:1001
04-11 12:30:20.702 14034 14034 D AtomModemKpiInfo: analyseQosInfo success
04-11 12:30:20.702 14034   947 D SubsysRadioIndication[0]: radioQosPeriodReportInd result [8, -48, -82, -41, -50, 14, 34, 12, 8, -84, -69, -57, -50, 14, 16, 4, 24, 1, 32, 3, 58, 61, 8, -121, -86, -41, -50, 14, 16, 5, 24, -64, -92, 38, 32, -22, 6, 40, -94, -1, -1, -1, -1, -1, -1, -1, -1, 1, 48, -10, -1, -1, -1, -1, -1, -1, -1, -1, 1, 56, 9, 64, -95, -1, -1, -1, -1, -1, -1, -1, -1, 1, 72, -94, -1, -1, -1, -1, -1, -1, -1, -1, 1, 66, 29, 8, -57, -20, -92, -50, 14, 16, 5, 34, 19, 8, -64, -92, 38, 16, -22, 6, 24, 78, 32, 13, 40, -117, -32, -94, -93, 2, 48, 2, 90, 0, 98, 10, 8, -41, -26, -92, -50, 14, 16, 3, 24, 5, 122, 15, 8, -8, -24, -92, -50, 14, 16, -52, 2, 24, -21, 1, 32, -90, 9]
04-11 12:30:20.703 14034 14034 D NetworkService[0]: handleMessage what:1005
04-11 12:30:20.703 14034 14034 D RadioAtomTracker: parseQosPeriodData ModemQos:CellularQosInfo2{5G, 627264/874, EndcState=0, Band=78, DLBW=13, Rsrp=-94, Rsrq=-10, Snr=9, SvcStatus=3, ULPDCPNumDataPdu=-1, ULPDCPNumDropPdu=-1, ULPDCPTput=-1, ULRLCNumDataPdu=-1, ULRLCNumRetxPdu=-1, ULGrant=-1, ULBSR=-1, ULBler=-1, DLPDCPNumDataPdu=-1, DLPDCPTput=-1, DLRLCNumDataPdu=-1, DLRLCNumRetxPdu=-1, DLRLCNumDropPdu=-1, DLMACPaddingBytes=-1, DLPdcpNumMissToUppPdu=-1, DLBler=-1, RlfCount=0, CellChangeCount=0, IsRedirectionOccur=0, IsDualSimConflict=0, Latency=0, Sub1RrcState=1, Sub2RrcState=3, RachCount=0, CalcPower=332, Mtpl=235, PathLoss=1190, CellLoad=0}
04-11 12:30:20.703 14034 14034 D NetworkService[0]: EVENT_REG_QOS_PERIOD_REPORT_IND_CHANGED ENTER
04-11 12:30:20.703 14034 14034 D AtomModemKpiInfo: handleMessage what:1001
04-11 12:30:20.703 14034 14034 D AtomModemKpiInfo: analyseQosInfo success
04-11 12:30:20.737  2280  2331 D BatteryChargeControl: bcc get no support from charging protocol
04-11 12:30:20.751  2258  2258 D SensorFeature: name=ssc_screenshot_info ,index = 22
04-11 12:30:20.751  2258  2258 D SensorFeature: write 39 bytes:929035796608050,929036163878258,29554,0
04-11 12:30:20.805  2181  2506 I SDM     : DisplayBuiltIn::IdlePowerCollapse: IPC received, disabling partial update for one frame
04-11 12:30:20.844  4482  4659 W ServiceManagerCppClient: Waited one second for SystemClearService (is service started? Number of threads started in the threadpool: 16. Are binder threads started and available?)
04-11 12:30:20.845  4482  4680 W ServiceManagerCppClient: Waited one second for SystemClearService (is service started? Number of threads started in the threadpool: 16. Are binder threads started and available?)
04-11 12:30:20.846  1254 27792 W libc    : Unable to set property "ctl.interface_start" to "aidl/SystemClearService": PROP_ERROR_HANDLE_CONTROL_MESSAGE (0x20)
04-11 12:30:20.847  1254 27793 W libc    : Unable to set property "ctl.interface_start" to "aidl/SystemClearService": PROP_ERROR_HANDLE_CONTROL_MESSAGE (0x20)
04-11 12:30:20.912  3590  3830 W QosScheduler: executeSceneQosStrategy failed! qos feature no enable
04-11 12:30:20.954  2113 20704 I sensors-hal: handle_oplus_wise_rgb_event:189, high_pwm_light:lux 133.7,cct 5957.4,brl/algo/ir 1310.0/2.0/58.4,pwm/dc 0.0/0.0,rgbc 6344.005859/4302.448242/2752.700928/11998.369141,ts 929036105061922,cnt 34480,flag 29554
04-11 12:30:20.955  2113 17862 I sensors-hal: handle_oplus_wise_rgb_event:161, wise_rgb: (34481)(cct, lux, ir)[5957.40, 133.74, 58.374020] (r, g, b, c)[6326.56, 4300.25, 2708.55, 12012.36]                 (pwm, hbm, brl, algo)[0.0 0.0 1310.0 2.0], flag 29554
04-11 12:30:20.956  3590  9788 I AICCTModule: SensorFilter: brightness threshold 1.2 screenNit is 88.015 ave enviroment lux is 85.58845 luxForNit 85.57983demarcationPoint200.0 result is false
04-11 12:30:20.956  3590  9788 I AICCTModule: SensorFilter: findSecondNearestValue, sensorValue: 6340.063 nearestMaxValue:6347.2812 secondNearestValue: 6354.152
04-11 12:30:20.956  3590  9788 I AICCTModule: SensorFilter: findSecondNearestValue, sensorValue: 84.3226 nearestMaxValue:84.8775 secondNearestValue: 84.8775
04-11 12:30:21.025  3590  8442 D NotificationService--OplusNotificationFixHelper: fixAppIcon: pkg=com.v2ray.ang
04-11 12:30:21.025  3590  8442 D NotificationService--OplusNotificationFixHelper: fixAppIcon: appIcon = null, pkg = com.v2ray.ang
04-11 12:30:21.025  3590  8442 D NotificationService--NotificationRecord: isSupportRearLight , isRearLight = false mLedRM = false isMultilLed = false
04-11 12:30:21.026  3590  8442 I OplusStatusBarManagerServiceEnhance:  getTopIsFullscreen mTopIsFullscreen: false
04-11 12:30:21.026  3590  8442 W ActivityManager: Permission Denial: getTopApplicationInfo from pid=18198, uid=10397 requires oplus.permission.OPLUS_COMPONENT_SAFE
04-11 12:30:21.026  3590  8442 E OplusNotificationCenter: getForegroundApplication exception
04-11 12:30:21.027  3590  3590 D NotificationService--OplusNotificationManagerServiceExtImpl: isForwardToAssistants: true, case : Is local notification
04-11 12:30:21.027  3590  3590 D NotificationService: This application enqueue notifications is need postDelayed mcsAssistantDelayTime: 50
04-11 12:30:21.042  3438  4039 D QmiClient: qmiServiceEventCallback recv msg id 47
04-11 12:30:21.042  3438  4039 D QmiClient: enter -mServiceType 10 onQmiServiceEventCallback msgId 47
04-11 12:30:21.042  3438  4039 D QmiClient: onQmiServiceEventCallback - enter. msgId=47
04-11 12:30:21.042  3438  3488 D OttProxy: handleMessage msg is 3001
04-11 12:30:21.043 14034   947 D SubsysRadioIndication[1]: radioLinkLatencyInfoInd
04-11 12:30:21.043 14034   947 D SubsysRadioIndication[1]: notify enter
04-11 12:30:21.043 14034 14034 D NetworkService[1]: handleMessage what:1008
04-11 12:30:21.043 14034 14034 D NetworkService[1]: EVENT_REG_LINK_LATENCY_INFO_CHANGE ulLatency:6516
04-11 12:30:21.053  2258  2258 D SensorFeature: name=ssc_screenshot_info ,index = 22
04-11 12:30:21.053  2258  2258 D SensorFeature: write 39 bytes:929035796608050,929036466700810,29555,0
04-11 12:30:21.067  3590  7344 V AlarmManager: sending alarm Alarm{f397339 type 1 origWhen 1775881821067 whenElapsed 929036481 android} uid 1000 whenElapsed 929036481 windowLength 0 maxWhenElapsed 929036481 repeatInterval 0 action null component null tag StorgaeBandInfoAlarmTag flags 0x9 procName system_server
04-11 12:30:21.067  3590 10338 E OplusStorageUFSBandwidth: storage_io_metrics_path is /proc/oplus_storage/io_metrics/forever/
04-11 12:30:21.067  3590 10338 E OplusStorageUFSBandwidth: Bandwidth - Read: 0.00 MB/s, Write: 0.00 MB/s
04-11 12:30:21.067  3590 10338 E OplusStorageUFSBandwidth: Task time: 0ms
04-11 12:30:21.068  3590 10338 E OplusStorageUFSBandwidth: Alarm set to trigger in 10 seconds
04-11 12:30:21.085  8338  8338 I SystemUi--Notification: OplusLiveAlertNotificationsRepository-->onRankingApplied
04-11 12:30:21.094  8338  8338 I PluginSeedling--Track: RequestHandler-->notificationUpdated 0|com.v2ray.ang|1|null|10397 postTime: 1775881821025
04-11 12:30:21.094  8338  8338 E LockScreenNotificationDispatcherImp: updateNotificationListOnKg size:0
04-11 12:30:21.099  2181  2506 I SDM     : DisplayBuiltIn::IdlePowerCollapse: IPC received, disabling partial update for one frame
04-11 12:30:21.099  8338  8338 W SystemUi--Notification: OplusNotificationGroupExtImpl-->setChildrenExpanded: groupHeader is null
04-11 12:30:21.100  8338  8338 I SystemUi--Notification: LockScreenNotificationDispatcherImp-->updateNotificationListOnKg resultCode: 0
04-11 12:30:21.110  2181  2506 I SDM     : DisplayBuiltIn::IdlePowerCollapse: IPC received, disabling partial update for one frame
04-11 12:30:21.121  2181  2506 I SDM     : DisplayBuiltIn::IdlePowerCollapse: IPC received, disabling partial update for one frame
04-11 12:30:21.124  8338  8706 D LocalImageResolver: Couldn't use ImageDecoder for drawable, falling back to non-resized load.
04-11 12:30:21.127  8338  8338 D OplusNotificationDateTimeView: setTime mSettingTimeMillis 1775881821021, mSettingLocalDateTime 2026-04-11T12:30:00.021
04-11 12:30:21.132  2181  2506 I SDM     : DisplayBuiltIn::IdlePowerCollapse: IPC received, disabling partial update for one frame
04-11 12:30:21.135  8338  8706 D LocalImageResolver: Couldn't use ImageDecoder for drawable, falling back to non-resized load.
04-11 12:30:21.137  8338  8338 D OplusNotificationDateTimeView: setTime mSettingTimeMillis 1775881821021, mSettingLocalDateTime 2026-04-11T12:30:00.021
04-11 12:30:21.143  8338  8706 D LocalImageResolver: Couldn't use ImageDecoder for drawable, falling back to non-resized load.
04-11 12:30:21.143  2181  2506 I SDM     : DisplayBuiltIn::IdlePowerCollapse: IPC received, disabling partial update for one frame
04-11 12:30:21.143  8338  8338 D OplusNotificationDateTimeView: setTime mSettingTimeMillis 1775881821021, mSettingLocalDateTime 2026-04-11T12:30:00.021
04-11 12:30:21.147  8338  8338 I SystemUi--Notification: OplusNotificationTempla-->resolveContentMargin: marginTop=112 isChildInGroup=false hasSubtitle=true params.topMargin=112
04-11 12:30:21.149  8338  8338 W SystemUi--Notification: OplusNotificationGroupExtImpl-->setChildrenExpanded: groupHeader is null
04-11 12:30:21.150  8338  8338 E LockScreenNotificationDispatcherImp: updateNotificationListOnKg size:0
04-11 12:30:21.154  8338  8338 W SystemUi--Notification: OplusNotificationGroupExtImpl-->setChildrenExpanded: groupHeader is null
04-11 12:30:21.154  2181  2506 I SDM     : DisplayBuiltIn::IdlePowerCollapse: IPC received, disabling partial update for one frame
04-11 12:30:21.154  8338  8338 I SystemUi--Notification: LockScreenNotificationDispatcherImp-->updateNotificationListOnKg resultCode: 0
04-11 12:30:21.165  2181  2506 I SDM     : DisplayBuiltIn::IdlePowerCollapse: IPC received, disabling partial update for one frame
04-11 12:30:21.222  2113 17862 I sensors-hal: handle_oplus_wise_rgb_event:161, wise_rgb: (34486)(cct, lux, ir)[5858.31, 134.30, 57.700386] (r, g, b, c)[6321.58, 4271.65, 2721.80, 11954.08]                 (pwm, hbm, brl, algo)[0.0 0.0 1310.0 2.0], flag 29555
04-11 12:30:21.263 13839 14712 I SmartDataSwitchStateManager: handle message:7
04-11 12:30:21.264 13839 14712 I SmartDataSwitchSM: [DisableState]Handle msg: 2
04-11 12:30:21.264 13839 14712 I SmartDataSwitchSM: [DisableState]handle state change, reason:DataScoreLow
04-11 12:30:21.264 14034 15313 D CommonApp-264-10512: transport layer data is invalid
04-11 12:30:21.265 14034 15313 D CommonApp-255-10512: commonScoreStrategy scenarios low package
04-11 12:30:21.265 14034 15313 D ScorePolicy: handleScoreChanged: []
04-11 12:30:21.265 14034 15313 D ScorePolicy: handleScoreChanged: []
04-11 12:30:21.265 14034 15313 D ScorePolicy: handleScoreChanged: []
04-11 12:30:21.399  3590  8280 I Osense-BaseDecisionMaker: notifySceneToAthenaPolicy: SCENE_IDLE_RECOVER, bundle: Bundle[{scene=SCENE_IDLE_RECOVER}]
04-11 12:30:21.401  3590  8280 I Osense-BaseDecisionMaker: scene: SCENE_IDLE_RECOVER, excutingPolicy: respreload
04-11 12:30:21.401  3590  8280 D Osense-BaseDecisionMaker: invoke process preload policy
04-11 12:30:21.401  3590  8280 I Osense-BaseDecisionMaker: scene: SCENE_IDLE_RECOVER, excutingPolicy: clear
04-11 12:30:21.401  3590  8280 D Osense-BaseDecisionMaker: invoke clear policy,type: unforbid
04-11 12:30:21.401  3590  8280 I OsenseKillAction: KillAction: skip reason: non-low-mem-req, req_id=57572, enable=true, scene=SCENE_IDLE_RECOVER, type=unforbid, cchOnly=false, appcare=0, bloM=false, bloP=false
04-11 12:30:21.438  2181  2506 I SDM     : DisplayBuiltIn::IdlePowerCollapse: IPC received, disabling partial update for one frame
04-11 12:30:21.448  2181 26958 E CwbService: Panel not support apl read or getDisplayPanelAplValue timeout 10ms.
04-11 12:30:21.448  2258  2258 D SensorFeature: name=ssc_screenshot_info ,index = 22
04-11 12:30:21.448  2258  2258 D SensorFeature: write 39 bytes:929036796252633,929036850526174,29556,0
04-11 12:30:21.485  2113 20704 I sensors-hal: handle_oplus_wise_rgb_event:189, high_pwm_light:lux 133.6,cct 5840.3,brl/algo/ir 1310.0/2.0/58.4,pwm/dc 0.0/0.0,rgbc 6289.187500/4269.454102/2706.344482/11919.111328,ts 929036792568953,cnt 34490,flag 29556
04-11 12:30:21.486  2113 17862 I sensors-hal: handle_oplus_wise_rgb_event:161, wise_rgb: (34491)(cct, lux, ir)[5840.31, 133.62, 58.405273] (r, g, b, c)[6286.70, 4260.66, 2708.55, 11921.44]                 (pwm, hbm, brl, algo)[0.0 0.0 1310.0 2.0], flag 29556
04-11 12:30:21.625 14034 14034 D SubsysEventListenerManager-SubsysTelephonyCallback[1]: onSignalStrengthsChanged
04-11 12:30:21.627  8338  8520 I SystemUi--Statusbar: MobileConnectionRepositoryImpl-->subId:1 isSoftSimCard:false slotId:1
04-11 12:30:21.628  8338  8338 D Tile.OplusCellularTile: refreshState: tile not listening, ignore
04-11 12:30:21.635 32357 32357 I ChainTrace: stream type=heartbeat gapMs=959 refreshMarket=false
04-11 12:30:21.641 13843  6300 D gaia-GaiaConnectChecker: start connect check++
04-11 12:30:21.700  2727  3986 D QmiClient: qmiServiceEventCallback recv msg id 1099
04-11 12:30:21.700  2727  3986 D QmiClient: enter -mServiceType 4 onQmiServiceEventCallback msgId 1099
04-11 12:30:21.700  2727  3986 D QmiClient: onQmiServiceEventCallback - enter. msgId=1099
04-11 12:30:21.700  2727  3986 D QmiVsClientEvent: QosPeriodReportInd MSG IND data_len 2052
04-11 12:30:21.700  2727  3986 D QmiVsClientEvent: qmiVsClientNotifyQosPeriodReportIndEvent - RADIO_EVENT_QOS_PERIOD_REPORT_NOTIFY_IND
04-11 12:30:21.700  3438  3988 D QmiClient: qmiServiceEventCallback recv msg id 1099
04-11 12:30:21.700  3438  3988 D QmiClient: enter -mServiceType 4 onQmiServiceEventCallback msgId 1099
04-11 12:30:21.700  3438  3988 D QmiClient: onQmiServiceEventCallback - enter. msgId=1099
04-11 12:30:21.700  3438  3988 D QmiVsClientEvent: QosPeriodReportInd MSG IND data_len 2052
04-11 12:30:21.700  3438  3988 D QmiVsClientEvent: qmiVsClientNotifyQosPeriodReportIndEvent - RADIO_EVENT_QOS_PERIOD_REPORT_NOTIFY_IND
04-11 12:30:21.701  2727  2826 D VsProxy : handleMessage msg is 2420
04-11 12:30:21.701  2727  2826 D VsProxy : handleQosPeriodReportInd for instance 0 data_len 145
04-11 12:30:21.701  3438  3485 D VsProxy : handleMessage msg is 2420
04-11 12:30:21.701  3438  3485 D VsProxy : handleQosPeriodReportInd for instance 1 data_len 198
04-11 12:30:21.702 14034   947 D SubsysRadioIndication[0]: radioQosPeriodReportInd result [8, -71, -74, -41, -50, 14, 34, 12, 8, -84, -69, -57, -50, 14, 16, 4, 24, 1, 32, 3, 58, 61, 8, -121, -86, -41, -50, 14, 16, 5, 24, -64, -92, 38, 32, -22, 6, 40, -94, -1, -1, -1, -1, -1, -1, -1, -1, 1, 48, -10, -1, -1, -1, -1, -1, -1, -1, -1, 1, 56, 9, 64, -95, -1, -1, -1, -1, -1, -1, -1, -1, 1, 72, -94, -1, -1, -1, -1, -1, -1, -1, -1, 1, 66, 29, 8, -57, -20, -92, -50, 14, 16, 5, 34, 19, 8, -64, -92, 38, 16, -22, 6, 24, 78, 32, 13, 40, -117, -32, -94, -93, 2, 48, 2, 90, 0, 98, 10, 8, -41, -26, -92, -50, 14, 16, 3, 24, 5, 122, 15, 8, -8, -24, -92, -50, 14, 16, -52, 2, 24, -21, 1, 32, -90, 9]
04-11 12:30:21.702 14034 14034 D NetworkService[0]: handleMessage what:1005
04-11 12:30:21.703 14034 14034 D RadioAtomTracker: parseQosPeriodData ModemQos:CellularQosInfo2{5G, 627264/874, EndcState=0, Band=78, DLBW=13, Rsrp=-94, Rsrq=-10, Snr=9, SvcStatus=3, ULPDCPNumDataPdu=-1, ULPDCPNumDropPdu=-1, ULPDCPTput=-1, ULRLCNumDataPdu=-1, ULRLCNumRetxPdu=-1, ULGrant=-1, ULBSR=-1, ULBler=-1, DLPDCPNumDataPdu=-1, DLPDCPTput=-1, DLRLCNumDataPdu=-1, DLRLCNumRetxPdu=-1, DLRLCNumDropPdu=-1, DLMACPaddingBytes=-1, DLPdcpNumMissToUppPdu=-1, DLBler=-1, RlfCount=0, CellChangeCount=0, IsRedirectionOccur=0, IsDualSimConflict=0, Latency=0, Sub1RrcState=1, Sub2RrcState=3, RachCount=0, CalcPower=332, Mtpl=235, PathLoss=1190, CellLoad=0}
04-11 12:30:21.703 14034   947 D SubsysRadioIndication[1]: radioQosPeriodReportInd result [8, -71, -74, -41, -50, 14, 18, 14, 8, -26, -75, -41, -50, 14, 16, 1, 32, 53, 40, 2, 72, 1, 26, 13, 8, -40, -76, -41, -50, 14, 16, 2, 40, 2, 56, -32, 1, 34, 12, 8, -84, -69, -57, -50, 14, 16, 4, 24, 1, 32, 3, 58, 81, 8, -95, -74, -41, -50, 14, 16, 5, 24, -98, -23, 30, 32, -54, 1, 40, -96, -1, -1, -1, -1, -1, -1, -1, -1, 1, 48, -14, -1, -1, -1, -1, -1, -1, -1, -1, 1, 64, -96, -1, -1, -1, -1, -1, -1, -1, -1, 1, 72, -96, -1, -1, -1, -1, -1, -1, -1, -1, 1, 80, -98, -1, -1, -1, -1, -1, -1, -1, -1, 1, 88, -98, -1, -1, -1, -1, -1, -1, -1, -1, 1, 66, 31, 8, -114, -41, -49, -50, 14, 16, 5, 24, 2, 34, 19, 8, -98, -23, 30, 16, -54, 1, 24, 41, 32, 13, 40, -126, -128, -52, -67, 21, 48, 2, 90, 0, 98, 10, 8, -85, -54, -73, -50, 14, 16, 3, 24, 5, 122, 15, 8, -18, -79, -41, -50, 14, 16, -127, 2, 24, -1, 1, 32, -2, 8]
04-11 12:30:21.703 14034 14034 D NetworkService[0]: EVENT_REG_QOS_PERIOD_REPORT_IND_CHANGED ENTER
04-11 12:30:21.703 14034 14034 D AtomModemKpiInfo: handleMessage what:1001
04-11 12:30:21.703 14034 14034 D AtomModemKpiInfo: analyseQosInfo success
04-11 12:30:21.703 14034 14034 D NetworkService[1]: handleMessage what:1005
04-11 12:30:21.703 14034 14034 D RadioAtomTracker: parseQosPeriodData ModemQos:CellularQosInfo1{5G, 504990/202, EndcState=2, Band=41, DLBW=13, Rsrp=-96, Rsrq=-14, Snr=0, SvcStatus=3, ULPDCPNumDataPdu=1, ULPDCPNumDropPdu=0, ULPDCPTput=53, ULRLCNumDataPdu=2, ULRLCNumRetxPdu=0, ULGrant=0, ULBSR=0, ULBler=1, DLPDCPNumDataPdu=2, DLPDCPTput=224, DLRLCNumDataPdu=2, DLRLCNumRetxPdu=0, DLRLCNumDropPdu=0, DLMACPaddingBytes=0, DLPdcpNumMissToUppPdu=0, DLBler=0, RlfCount=0, CellChangeCount=0, IsRedirectionOccur=0, IsDualSimConflict=0, Latency=6, Sub1RrcState=1, Sub2RrcState=3, RachCount=0, CalcPower=257, Mtpl=255, PathLoss=1150, CellLoad=0}
04-11 12:30:21.703 14034 14034 D NetworkService[1]: EVENT_REG_QOS_PERIOD_REPORT_IND_CHANGED ENTER
04-11 12:30:21.703 14034 14034 D AtomModemKpiInfo: handleMessage what:1001
04-11 12:30:21.703 14034 14034 D AtomModemKpiInfo: analyseQosInfo success
04-11 12:30:21.737  2280  2331 D BatteryChargeControl: bcc get no support from charging protocol
04-11 12:30:21.751  2258  2258 D SensorFeature: name=ssc_screenshot_info ,index = 22
04-11 12:30:21.751  2258  2258 D SensorFeature: write 39 bytes:929036796252633,929037164149299,29557,0
04-11 12:30:21.753  2113 17862 I sensors-hal: handle_oplus_wise_rgb_event:161, wise_rgb: (34496)(cct, lux, ir)[5870.84, 133.22, 58.385792] (r, g, b, c)[6311.61, 4278.25, 2717.38, 11902.79]                 (pwm, hbm, brl, algo)[0.0 0.0 1310.0 2.0], flag 29557
04-11 12:30:21.845  4482  4659 W ServiceManagerCppClient: Waited one second for SystemClearService (is service started? Number of threads started in the threadpool: 16. Are binder threads started and available?)
04-11 12:30:21.846  4482  4680 W ServiceManagerCppClient: Waited one second for SystemClearService (is service started? Number of threads started in the threadpool: 16. Are binder threads started and available?)
04-11 12:30:21.848  1254 27798 W libc    : Unable to set property "ctl.interface_start" to "aidl/SystemClearService": PROP_ERROR_HANDLE_CONTROL_MESSAGE (0x20)
04-11 12:30:21.848  1254 27800 W libc    : Unable to set property "ctl.interface_start" to "aidl/SystemClearService": PROP_ERROR_HANDLE_CONTROL_MESSAGE (0x20)
04-11 12:30:21.928  2113 17888 I sensors-hal: handle_sns_std_sensor_event:114, oplus rgb_rear sample: (cct, lux, ir, x, y)[10060, 21, 305, 260, 324]
04-11 12:30:21.928  2113 17888 I sensors-hal: handle_sns_std_sensor_event:116, oplus rgb_rear sample: (r, g, b, c w)[828, 1685, 379, 514, 0]
04-11 12:30:22.038  3438  4039 D QmiClient: qmiServiceEventCallback recv msg id 47
04-11 12:30:22.038  3438  4039 D QmiClient: enter -mServiceType 10 onQmiServiceEventCallback msgId 47
04-11 12:30:22.038  3438  4039 D QmiClient: onQmiServiceEventCallback - enter. msgId=47
04-11 12:30:22.039  3438  3488 D OttProxy: handleMessage msg is 3001
04-11 12:30:22.039 14034   947 D SubsysRadioIndication[1]: radioLinkLatencyInfoInd
04-11 12:30:22.039 14034   947 D SubsysRadioIndication[1]: notify enter
04-11 12:30:22.040 14034 14034 D NetworkService[1]: handleMessage what:1008
04-11 12:30:22.040 14034 14034 D NetworkService[1]: EVENT_REG_LINK_LATENCY_INFO_CHANGE ulLatency:13077
04-11 12:30:22.054  2258  2258 D SensorFeature: name=ssc_screenshot_info ,index = 22
04-11 12:30:22.054  2258  2258 D SensorFeature: write 39 bytes:929036796252633,929037466795497,29558,0
04-11 12:30:22.056  2113 20704 I sensors-hal: handle_oplus_wise_rgb_event:189, high_pwm_light:lux 133.3,cct 5897.9,brl/algo/ir 1310.0/2.0/57.7,pwm/dc 0.0/0.0,rgbc 6316.596680/4262.854980/2708.551758/11926.103516,ts 929037359292183,cnt 34500,flag 29558
04-11 12:30:22.057  2113 17862 I sensors-hal: handle_oplus_wise_rgb_event:161, wise_rgb: (34501)(cct, lux, ir)[5897.92, 133.27, 57.720104] (r, g, b, c)[6326.56, 4289.25, 2719.59, 11947.08]                 (pwm, hbm, brl, algo)[0.0 0.0 1310.0 2.0], flag 29558
04-11 12:30:22.057  3590  7333 D FusionLightNextGen: process end reported = 1, mode: 0, cnt: 397525, lux 84.6, cct 6300.4, r/g/b/c: 6309.1/4282.7/2710.8/11930.8, R/G/B: 144.0/140.0/129.0, bri 1310.0, match 1.00, ir 0.074954, conf 5.0, ts 929037403576193
04-11 12:30:22.127  3590  9788 I AICCTModule: SensorFilter: brightness threshold 1.2 screenNit is 88.015 ave enviroment lux is 84.64439 luxForNit 85.55624demarcationPoint200.0 result is false
04-11 12:30:22.128  3590  9788 I AICCTModule: SensorFilter: findSecondNearestValue, sensorValue: 6354.152 nearestMaxValue:6348.2256 secondNearestValue: 6348.2256
04-11 12:30:22.128  3590  9788 I AICCTModule: SensorFilter: findSecondNearestValue, sensorValue: 84.8775 nearestMaxValue:84.92143 secondNearestValue: 84.92143
04-11 12:30:22.286  2113 17862 I sensors-hal: handle_oplus_wise_rgb_event:161, wise_rgb: (34506)(cct, lux, ir)[5885.94, 133.22, 59.139683] (r, g, b, c)[6309.12, 4282.65, 2708.55, 11933.10]                 (pwm, hbm, brl, algo)[0.0 0.0 1310.0 2.0], flag 29558
04-11 12:30:22.287 14034 15313 D CommonApp-264-10512: transport layer data is invalid
04-11 12:30:22.289 14034 15313 D CommonApp-255-10512: commonScoreStrategy scenarios low package
04-11 12:30:22.289 14034 15313 D ScorePolicy: handleScoreChanged: []
04-11 12:30:22.289 14034 15313 D ScorePolicy: handleScoreChanged: []
04-11 12:30:22.289 14034 15313 D ScorePolicy: handleScoreChanged: []
04-11 12:30:22.364  2181  2506 I SDM     : DisplayBuiltIn::IdlePowerCollapse: IPC received, disabling partial update for one frame
04-11 12:30:22.444  2181  2506 I SDM     : DisplayBuiltIn::IdlePowerCollapse: IPC received, disabling partial update for one frame
04-11 12:30:22.446  2181 26958 E CwbService: Panel not support apl read or getDisplayPanelAplValue timeout 10ms.
04-11 12:30:22.446  2258  2258 D SensorFeature: name=ssc_screenshot_info ,index = 22
04-11 12:30:22.446  2258  2258 D SensorFeature: write 39 bytes:929037795385132,929037849401591,29559,0
04-11 12:30:22.551  2113 20704 I sensors-hal: handle_oplus_wise_rgb_event:189, high_pwm_light:lux 134.8,cct 5889.4,brl/algo/ir 1310.0/2.0/57.0,pwm/dc 0.0/0.0,rgbc 6351.480957/4304.647949/2732.834229/12042.660156,ts 929037792256714,cnt 34510,flag 29559
04-11 12:30:22.552  2113 17862 I sensors-hal: handle_oplus_wise_rgb_event:161, wise_rgb: (34511)(cct, lux, ir)[5889.37, 134.78, 57.003815] (r, g, b, c)[6358.96, 4304.65, 2732.83, 12042.66]                 (pwm, hbm, brl, algo)[0.0 0.0 1310.0 2.0], flag 29559
04-11 12:30:22.608 32357 32357 I ChainTrace: stream type=syncEvent gapMs=973 refreshMarket=true
04-11 12:30:22.618 32357 32357 I SurfaceControl:  setExtendedRangeBrightness sc=Surface(name=)/@0x6fc43b4,currentBufferRatio=1.0,desiredRatio=1.0
04-11 12:30:22.618  3590  8442 V WindowManager: Relayout Window{83978a2 u0 com.binance.monitor}: viewVisibility=0, oldvis=0, req=315x429 , apr = 0, vsysui=, x=-407, y=2142
04-11 12:30:22.618  3590  8442 D InsetsSourceProvider: updateSourceFrameForServerVisibility mandatorySystemGestures EMPTY_RECT
04-11 12:30:22.619  3590  8442 D InsetsSourceProvider: updateSourceFrameForServerVisibility mandatorySystemGestures EMPTY_RECT
04-11 12:30:22.699  3438  3988 D QmiClient: qmiServiceEventCallback recv msg id 1099
04-11 12:30:22.699  3438  3988 D QmiClient: enter -mServiceType 4 onQmiServiceEventCallback msgId 1099
04-11 12:30:22.699  3438  3988 D QmiClient: onQmiServiceEventCallback - enter. msgId=1099
04-11 12:30:22.699  3438  3988 D QmiVsClientEvent: QosPeriodReportInd MSG IND data_len 2052
04-11 12:30:22.699  3438  3988 D QmiVsClientEvent: qmiVsClientNotifyQosPeriodReportIndEvent - RADIO_EVENT_QOS_PERIOD_REPORT_NOTIFY_IND
04-11 12:30:22.699  3438  3485 D VsProxy : handleMessage msg is 2420
04-11 12:30:22.699  2727  3986 D QmiClient: qmiServiceEventCallback recv msg id 1099
04-11 12:30:22.699  2727  3986 D QmiClient: enter -mServiceType 4 onQmiServiceEventCallback msgId 1099
04-11 12:30:22.699  2727  3986 D QmiClient: onQmiServiceEventCallback - enter. msgId=1099
04-11 12:30:22.699  3438  3485 D VsProxy : handleQosPeriodReportInd for instance 1 data_len 197
04-11 12:30:22.699  2727  3986 D QmiVsClientEvent: QosPeriodReportInd MSG IND data_len 2052
04-11 12:30:22.699  2727  3986 D QmiVsClientEvent: qmiVsClientNotifyQosPeriodReportIndEvent - RADIO_EVENT_QOS_PERIOD_REPORT_NOTIFY_IND
04-11 12:30:22.699  2727  2826 D VsProxy : handleMessage msg is 2420
04-11 12:30:22.699  2727  2826 D VsProxy : handleQosPeriodReportInd for instance 0 data_len 145
04-11 12:30:22.700 14034   947 D SubsysRadioIndication[1]: radioQosPeriodReportInd result [8, -96, -66, -41, -50, 14, 18, 14, 8, -90, -67, -41, -50, 14, 16, 1, 32, 53, 40, 1, 72, 1, 26, 12, 8, -104, -68, -41, -50, 14, 16, 1, 40, 1, 56, 93, 34, 12, 8, -84, -69, -57, -50, 14, 16, 4, 24, 1, 32, 3, 58, 81, 8, -31, -67, -41, -50, 14, 16, 5, 24, -98, -23, 30, 32, -54, 1, 40, -96, -1, -1, -1, -1, -1, -1, -1, -1, 1, 48, -13, -1, -1, -1, -1, -1, -1, -1, -1, 1, 64, -96, -1, -1, -1, -1, -1, -1, -1, -1, 1, 72, -95, -1, -1, -1, -1, -1, -1, -1, -1, 1, 80, -98, -1, -1, -1, -1, -1, -1, -1, -1, 1, 88, -97, -1, -1, -1, -1, -1, -1, -1, -1, 1, 66, 31, 8, -114, -41, -49, -50, 14, 16, 5, 24, 2, 34, 19, 8, -98, -23, 30, 16, -54, 1, 24, 41, 32, 13, 40, -126, -128, -52, -67, 21, 48, 2, 90, 0, 98, 10, 8, -85, -54, -73, -50, 14, 16, 3, 24, 5, 122, 15, 8, -58, -71, -41, -50, 14, 16, -127, 2, 24, -1, 1, 32, -2, 8]
04-11 12:30:22.700 14034 14747 D SubsysRadioIndication[0]: radioQosPeriodReportInd result [8, -96, -66, -41, -50, 14, 34, 12, 8, -84, -69, -57, -50, 14, 16, 4, 24, 1, 32, 3, 58, 61, 8, -31, -67, -41, -50, 14, 16, 5, 24, -64, -92, 38, 32, -22, 6, 40, -95, -1, -1, -1, -1, -1, -1, -1, -1, 1, 48, -10, -1, -1, -1, -1, -1, -1, -1, -1, 1, 56, 8, 64, -95, -1, -1, -1, -1, -1, -1, -1, -1, 1, 72, -96, -1, -1, -1, -1, -1, -1, -1, -1, 1, 66, 29, 8, -57, -20, -92, -50, 14, 16, 5, 34, 19, 8, -64, -92, 38, 16, -22, 6, 24, 78, 32, 13, 40, -117, -32, -94, -93, 2, 48, 2, 90, 0, 98, 10, 8, -41, -26, -92, -50, 14, 16, 3, 24, 5, 122, 15, 8, -8, -24, -92, -50, 14, 16, -52, 2, 24, -21, 1, 32, -90, 9]
04-11 12:30:22.700 14034 14034 D NetworkService[1]: handleMessage what:1005
04-11 12:30:22.700 14034 14034 D RadioAtomTracker: parseQosPeriodData ModemQos:CellularQosInfo1{5G, 504990/202, EndcState=2, Band=41, DLBW=13, Rsrp=-96, Rsrq=-13, Snr=0, SvcStatus=3, ULPDCPNumDataPdu=1, ULPDCPNumDropPdu=0, ULPDCPTput=53, ULRLCNumDataPdu=1, ULRLCNumRetxPdu=0, ULGrant=0, ULBSR=0, ULBler=1, DLPDCPNumDataPdu=1, DLPDCPTput=93, DLRLCNumDataPdu=1, DLRLCNumRetxPdu=0, DLRLCNumDropPdu=0, DLMACPaddingBytes=0, DLPdcpNumMissToUppPdu=0, DLBler=0, RlfCount=0, CellChangeCount=0, IsRedirectionOccur=0, IsDualSimConflict=0, Latency=13, Sub1RrcState=1, Sub2RrcState=3, RachCount=0, CalcPower=257, Mtpl=255, PathLoss=1150, CellLoad=0}
04-11 12:30:22.700 14034 14034 D NetworkService[1]: EVENT_REG_QOS_PERIOD_REPORT_IND_CHANGED ENTER
04-11 12:30:22.700 14034 14034 D NetworkService[0]: handleMessage what:1005
04-11 12:30:22.700 14034 14034 D RadioAtomTracker: parseQosPeriodData ModemQos:CellularQosInfo2{5G, 627264/874, EndcState=0, Band=78, DLBW=13, Rsrp=-95, Rsrq=-10, Snr=8, SvcStatus=3, ULPDCPNumDataPdu=-1, ULPDCPNumDropPdu=-1, ULPDCPTput=-1, ULRLCNumDataPdu=-1, ULRLCNumRetxPdu=-1, ULGrant=-1, ULBSR=-1, ULBler=-1, DLPDCPNumDataPdu=-1, DLPDCPTput=-1, DLRLCNumDataPdu=-1, DLRLCNumRetxPdu=-1, DLRLCNumDropPdu=-1, DLMACPaddingBytes=-1, DLPdcpNumMissToUppPdu=-1, DLBler=-1, RlfCount=0, CellChangeCount=0, IsRedirectionOccur=0, IsDualSimConflict=0, Latency=0, Sub1RrcState=1, Sub2RrcState=3, RachCount=0, CalcPower=332, Mtpl=235, PathLoss=1190, CellLoad=0}
04-11 12:30:22.700 14034 14034 D NetworkService[0]: EVENT_REG_QOS_PERIOD_REPORT_IND_CHANGED ENTER
04-11 12:30:22.701 14034 14034 D AtomModemKpiInfo: handleMessage what:1001
04-11 12:30:22.701 14034 14034 D AtomModemKpiInfo: analyseQosInfo success
04-11 12:30:22.714  2181  2506 I SDM     : DisplayBuiltIn::IdlePowerCollapse: IPC received, disabling partial update for one frame
04-11 12:30:22.738  2280  2331 D BatteryChargeControl: bcc get no support from charging protocol
04-11 12:30:22.749 10385 10443 I ThermalEngine: VIRTUAL-CPU-L-PID, Update received trip sensor cpu-1-0-1 92300
04-11 12:30:22.749 10330 10351 I ostats_tpd: stats_write, records atomId:100100, event_id:903, cpu:0, values: 903-0-1-213-(cpu-1-0-1)-26-0-1
04-11 12:30:22.750 10330 10351 I ostats_tpd: stats_write, records atomId:100100, event_id:903, cpu:1, values: 903-0-1-213-(cpu-1-0-1)-26-0-1
04-11 12:30:22.761 10385 10645 I ThermalEngine: ACTION: CPU - Setting CPU[6] to 4
04-11 12:30:22.768 10385 10443 I ThermalEngine: VIRTUAL-CPU-L-PID, Update received trip sensor cpu-1-0-1 79900
04-11 12:30:22.769 10385 10645 I ThermalEngine: ACTION: CPU - Setting CPU[6] to 0
04-11 12:30:22.796  2181  2506 I SDM     : DisplayBuiltIn::IdlePowerCollapse: IPC received, disabling partial update for one frame
04-11 12:30:22.800  2181  2532 E CwbService: Panel not support apl read or getDisplayPanelAplValue timeout 10ms.
04-11 12:30:22.800  2258  2258 D SensorFeature: name=ssc_screenshot_info ,index = 22
04-11 12:30:22.800  2258  2258 D SensorFeature: write 39 bytes:929038150823101,929038202949351,29560,0
04-11 12:30:22.818  2113 17862 I sensors-hal: handle_oplus_wise_rgb_event:161, wise_rgb: (34516)(cct, lux, ir)[5894.96, 135.14, 57.473652] (r, g, b, c)[6363.94, 4295.85, 2726.21, 12012.36]                 (pwm, hbm, brl, algo)[0.0 0.0 1310.0 2.0], flag 29560
04-11 12:30:22.847  4482  4659 W ServiceManagerCppClient: Waited one second for SystemClearService (is service started? Number of threads started in the threadpool: 16. Are binder threads started and available?)
04-11 12:30:22.847  4482  4680 W ServiceManagerCppClient: Waited one second for SystemClearService (is service started? Number of threads started in the threadpool: 16. Are binder threads started and available?)
04-11 12:30:22.848  1254 27824 W libc    : Unable to set property "ctl.interface_start" to "aidl/SystemClearService": PROP_ERROR_HANDLE_CONTROL_MESSAGE (0x20)
04-11 12:30:22.849  1254 27825 W libc    : Unable to set property "ctl.interface_start" to "aidl/SystemClearService": PROP_ERROR_HANDLE_CONTROL_MESSAGE (0x20)
04-11 12:30:22.904  2181  2506 I SDM     : DisplayBuiltIn::IdlePowerCollapse: IPC received, disabling partial update for one frame
04-11 12:30:23.001 17904 17935 I APS_ALOG: flushRoutine g_immediateFlush=0 g_pendingCount=0 g_oobCount=0
04-11 12:30:23.031  3438  4039 D QmiClient: qmiServiceEventCallback recv msg id 47
04-11 12:30:23.031  3438  4039 D QmiClient: enter -mServiceType 10 onQmiServiceEventCallback msgId 47
04-11 12:30:23.031  3438  4039 D QmiClient: onQmiServiceEventCallback - enter. msgId=47
04-11 12:30:23.032  3438  3488 D OttProxy: handleMessage msg is 3001
04-11 12:30:23.032 14034 14747 D SubsysRadioIndication[1]: radioLinkLatencyInfoInd
04-11 12:30:23.032 14034 14747 D SubsysRadioIndication[1]: notify enter
04-11 12:30:23.032 14034 14034 D NetworkService[1]: handleMessage what:1008
04-11 12:30:23.032 14034 14034 D NetworkService[1]: EVENT_REG_LINK_LATENCY_INFO_CHANGE ulLatency:6302
04-11 12:30:23.068  3590  7344 V AlarmManager: sending alarm Alarm{7248dfb type 1 origWhen 1775881823068 whenElapsed 929038482 android} uid 1000 whenElapsed 929038482 windowLength 0 maxWhenElapsed 929038482 repeatInterval 0 action null component null tag StorgaeBandInfoAlarmTag flags 0x9 procName system_server
04-11 12:30:23.068  3590 10338 E OplusStorageUFSBandwidth: storage_io_metrics_path is /proc/oplus_storage/io_metrics/forever/
04-11 12:30:23.069  3590 10338 E OplusStorageUFSBandwidth: Bandwidth - Read: 0.00 MB/s, Write: 1.00 MB/s
04-11 12:30:23.069  3590 10338 E OplusStorageUFSBandwidth: Task time: 1ms
04-11 12:30:23.071  3590 10338 E OplusStorageUFSBandwidth: Alarm set to trigger in 10 seconds
04-11 12:30:23.140  2181  2506 I SDM     : DisplayBuiltIn::IdlePowerCollapse: IPC received, disabling partial update for one frame
04-11 12:30:23.146  2181 26958 E CwbService: Panel not support apl read or getDisplayPanelAplValue timeout 10ms.
04-11 12:30:23.146  2258  2258 D SensorFeature: name=ssc_screenshot_info ,index = 22
04-11 12:30:23.147  2258  2258 D SensorFeature: write 39 bytes:929038495258830,929038549413361,29561,0
04-11 12:30:23.148  2113 20704 I sensors-hal: handle_oplus_wise_rgb_event:189, high_pwm_light:lux 134.0,cct 5831.1,brl/algo/ir 1310.0/2.0/59.2,pwm/dc 0.0/0.0,rgbc 6339.022461/4293.649902/2724.004150/12005.361328,ts 929038469291818,cnt 34520,flag 131072
04-11 12:30:23.310 14034 15313 D CommonApp-264-10512: transport layer data is invalid
04-11 12:30:23.311 14034 15313 D CommonApp-255-10512: commonScoreStrategy scenarios low package
04-11 12:30:23.312 14034 15313 D ScorePolicy: handleScoreChanged: []
04-11 12:30:23.312 14034 15313 D ScorePolicy: handleScoreChanged: []
04-11 12:30:23.312 14034 15313 D ScorePolicy: handleScoreChanged: []
04-11 12:30:23.327  3590  9788 I AICCTModule: SensorFilter: brightness threshold 1.2 screenNit is 88.015 ave enviroment lux is 85.94704 luxForNit 85.58944demarcationPoint200.0 result is false
04-11 12:30:23.328  3590  9788 I AICCTModule: SensorFilter: findSecondNearestValue, sensorValue: 6348.2256 nearestMaxValue:6351.529 secondNearestValue: 6351.529
04-11 12:30:23.328  3590  9788 I AICCTModule: SensorFilter: findSecondNearestValue, sensorValue: 84.92143 nearestMaxValue:84.60642 secondNearestValue: 84.60642
04-11 12:30:23.352  3590  7333 D FusionLightNextGen: process end reported = 1, mode: 0, cnt: 397530, lux 85.8, cct 6441.1, r/g/b/c: 6336.5/4304.6/2737.2/12026.3, R/G/B: 144.0/140.0/129.0, bri 1310.0, match 1.00, ir 0.072951, conf 5.0, ts 929038547999578
04-11 12:30:23.353  2113 17862 I sensors-hal: handle_oplus_wise_rgb_event:161, wise_rgb: (34521)(cct, lux, ir)[5867.50, 134.12, 59.324322] (r, g, b, c)[6373.91, 4326.64, 2752.70, 12026.34]                 (pwm, hbm, brl, algo)[0.0 0.0 1310.0 2.0], flag 29561
04-11 12:30:23.372  2181  2506 I SDM     : DisplayBuiltIn::IdlePowerCollapse: IPC received, disabling partial update for one frame
04-11 12:30:23.417  2187  2298 E PERFHAL-PERFCTRL: PERFHAL-PERFCTRL: chk_core_online_poll_loop() 748: poll() has timed out for /sys/kernel/msm_performance/events/cpu_hotplug
