04-11 12:30:03.674  3590  3792 V WindowManager:         {m=TO_FRONT f=FILLS_TASK leash=Surface(name=ActivityRecord{95862188 u0 com.binance.monitor/.ui.account.AccountStatsBridgeActivity t13089})/@0xb59f93f sb=Rect(0, 0 - 1264, 2780) eb=Rect(0, 0 - 1264, 2780) epz=Point(1264, 2780) d=0 component=com.binance.monitor/.ui.account.AccountStatsBridgeActivity opt={t=CUSTOM enterResId=0 changeResId=0 exitResId=0 mUserId=0}}
04-11 12:30:03.674  3590  3792 V WindowManager:     ] 
04-11 12:30:03.674  3590  3792 V WindowManager: extendInfo=[
04-11 12:30:03.674  3590  3792 V WindowManager:  OplusTransitionExtendedInfo{mTmpFinishT=null, mInOplusCompatMode=false, mIsProcessRunning=false, mHasMismatchBoundsTarget=false, mRecentsController=null, mRemoteTransition=null, mIsTranslucentActivityToHome=false, mAvoidInterceptKeyEventToHome=false, mIsFromHome=false, mParentLeash=null, mBackAnimClosingLeash=null, mIsOplusAnimRes=false, mKeepBgForContinuous=false, mIsBalAllow=false, mTaskNotInRecent=false, mIsPredictiveBackAnim=false, mIsMergedWithPredictive=false, mIsLaunchFromSpruce=false, mIsLaunchFromDrive=false, mGlobalSearchPageSwitch=false, mNeedNoAlphaGlobalSearchScene=false, mAssistScreenShowing=false, mSwipeUpBrowserScreenShowing=false, mUserIdTransition=-1
04-11 12:30:03.674  3590  3792 V WindowManager: , mInRemoteScene=false, mInPreReady=false, mPreStart=false, mToken=null, mAbortByRemoteFromHome=false, mShellApplyToken=null, mRequestTransitionTaskId=13089, mAbortTransitionOnShell=0, mStartFromShortcut=false, mRemovedTaskId=-1, mTransitionInterruptType=0, mMergeSecondTaskId=-1, mTaskIdStartFromRecents=0, mTransitionId=27129, mCanUseSpringSlideAnim=false, mTransitionLaunchFrom=0, mFoldChangeType=-1, mAnimStartingPosition=[0, 0, 0, 0], mIsOpeningStkDialogActivity=false, mSecondaryHomeToFrontWhenUnFolding=false, mIsNeedApplyStartTForEmbedded=false
04-11 12:30:03.674  3590  3792 V WindowManager: , mNeedCanvasExitAnim=false, mMergeSecondTaskAnimation=false, mIsLaunchUnityStart=false, mIsLaunchFromAssistantByDefault=false, mSkipRemoteTransitionfalse, mIsStartFromKeyguard=false flags=0x0, mWCT=null, mIsOpenMergeToInValidPredictive=false, mPromoteTaskWhenKeyguard-1, mRootLayerZOrderArray={}}]}
04-11 12:30:03.674  8338  8381 V WindowManagerShell: onTransitionReady (#27129) android.os.BinderProxy@86a6b59: {id=27129 t=OPEN f=0x0 trk=0 r=[0@Point(0, 0)] c=[
04-11 12:30:03.674  8338  8381 V WindowManagerShell:         {m=CLOSE f=FILLS_TASK leash=Surface(name=ActivityRecord{29562262 u0 com.binance.monitor/.ui.main.MainActivity t13089})/@0xb8c69cc sb=Rect(0, 0 - 1264, 2780) eb=Rect(0, 0 - 1264, 2780) epz=Point(1264, 2780) d=0 component=com.binance.monitor/.ui.main.MainActivity opt={t=CUSTOM enterResId=0 changeResId=0 exitResId=0 mUserId=0}},
04-11 12:30:03.674  8338  8381 V WindowManagerShell:         {m=TO_FRONT f=FILLS_TASK leash=Surface(name=ActivityRecord{95862188 u0 com.binance.monitor/.ui.account.AccountStatsBridgeActivity t13089})/@0x2cd6415 sb=Rect(0, 0 - 1264, 2780) eb=Rect(0, 0 - 1264, 2780) epz=Point(1264, 2780) d=0 component=com.binance.monitor/.ui.account.AccountStatsBridgeActivity opt={t=CUSTOM enterResId=0 changeResId=0 exitResId=0 mUserId=0}}
04-11 12:30:03.674  8338  8381 V WindowManagerShell:     ] 
04-11 12:30:03.674  8338  8381 V WindowManagerShell: extendInfo=[
04-11 12:30:03.674  8338  8381 V WindowManagerShell:  OplusTransitionExtendedInfo{mTmpFinishT=null, mInOplusCompatMode=false, mIsProcessRunning=false, mHasMismatchBoundsTarget=false, mRecentsController=null, mRemoteTransition=null, mIsTranslucentActivityToHome=false, mAvoidInterceptKeyEventToHome=false, mIsFromHome=false, mParentLeash=null, mBackAnimClosingLeash=null, mIsOplusAnimRes=false, mKeepBgForContinuous=false, mIsBalAllow=false, mTaskNotInRecent=false, mIsPredictiveBackAnim=false, mIsMergedWithPredictive=false, mIsLaunchFromSpruce=false, mIsLaunchFromDrive=false, mGlobalSearchPageSwitch=false, mNeedNoAlphaGlobalSearchScene=false, mAssistScreenShowing=false, mSwipeUpBrowserScreenShowing=false, mUserIdTransition=-1
04-11 12:30:03.674  8338  8381 V WindowManagerShell: , mInRemoteScene=false, mInPreReady=false, mPreStart=false, mToken=null, mAbortByRemoteFromHome=false, mShellApplyToken=null, mRequestTransitionTaskId=13089, mAbortTransitionOnShell=0, mStartFromShortcut=false, mRemovedTaskId=-1, mTransitionInterruptType=0, mMergeSecondTaskId=-1, mTaskIdStartFromRecents=0, mTransitionId=27129, mCanUseSpringSlideAnim=false, mTransitionLaunchFrom=0, mFoldChangeType=-1, mAnimStartingPosition=[0, 0, 0, 0], mIsOpeningStkDialogActivity=false, mSecondaryHomeToFrontWhenUnFolding=false, mIsNeedApplyStartTForEmbedded=false
04-11 12:30:03.674  8338  8381 V WindowManagerShell: , mNeedCanvasExitAnim=false, mMergeSecondTaskAnimation=false, mIsLaunchUnityStart=false, mIsLaunchFromAssistantByDefault=false, mSkipRemoteTransitionfalse, mIsStartFromKeyguard=false flags=0x0, mWCT=null, mIsOpenMergeToInValidPredictive=false, mPromoteTaskWhenKeyguard-1, mRootLayerZOrderArray={}}]}
04-11 12:30:03.674  8338  8381 D OplusShellTransition: dispatchReady, active:(#27129) android.os.BinderProxy@86a6b59@0, isSync=false, track:com.android.wm.shell.transition.Transitions$Track@f3fa59b
04-11 12:30:03.674  3590  3796 D InsetsSourceProvider: updateSourceFrameForServerVisibility mandatorySystemGestures EMPTY_RECT
04-11 12:30:03.674  8338  8381 D OplusShellTransition: Abort transition (#27129) android.os.BinderProxy@86a6b59@0 WMCore requested. reason: 0; abortTransition: false
04-11 12:30:03.674  8338  8381 V WindowManagerShell: Playing animation for (#27129) android.os.BinderProxy@86a6b59@0
04-11 12:30:03.674  8338  8381 V ShellRecents: RecentsTransitionHandler.startAnimation: no controller found
04-11 12:30:03.675  8338  8381 V WindowManagerShell: start OnePuttTransition animation, info = {id=27129 t=OPEN f=0x0 trk=0 r=[0@Point(0, 0)] c=[{m=CLOSE f=FILLS_TASK leash=Surface(name=ActivityRecord{29562262 u0 com.binance.monitor/.ui.main.MainActivity t13089})/@0xb8c69cc sb=Rect(0, 0 - 1264, 2780) eb=Rect(0, 0 - 1264, 2780) epz=Point(1264, 2780) d=0 component=com.binance.monitor/.ui.main.MainActivity opt={t=CUSTOM enterResId=0 changeResId=0 exitResId=0 mUserId=0}},{m=TO_FRONT f=FILLS_TASK leash=Surface(name=ActivityRecord{95862188 u0 com.binance.monitor/.ui.account.AccountStatsBridgeActivity t13089})/@0x2cd6415 sb=Rect(0, 0 - 1264, 2780) eb=Rect(0, 0 - 1264, 2780) epz=Point(1264, 2780) d=0 component=com.binance.monitor/.ui.account.AccountStatsBridgeActivity opt={t=CUSTOM enterResId=0 changeResId=0 exitResId=0 mUserId=0}}] 
04-11 12:30:03.675  8338  8381 V WindowManagerShell: extendInfo=[
04-11 12:30:03.675  8338  8381 V WindowManagerShell:  OplusTransitionExtendedInfo{mTmpFinishT=null, mInOplusCompatMode=false, mIsProcessRunning=false, mHasMismatchBoundsTarget=false, mRecentsController=null, mRemoteTransition=null, mIsTranslucentActivityToHome=false, mAvoidInterceptKeyEventToHome=false, mIsFromHome=false, mParentLeash=null, mBackAnimClosingLeash=null, mIsOplusAnimRes=false, mKeepBgForContinuous=false, mIsBalAllow=false, mTaskNotInRecent=false, mIsPredictiveBackAnim=false, mIsMergedWithPredictive=false, mIsLaunchFromSpruce=false, mIsLaunchFromDrive=false, mGlobalSearchPageSwitch=false, mNeedNoAlphaGlobalSearchScene=false, mAssistScreenShowing=false, mSwipeUpBrowserScreenShowing=false, mUserIdTransition=-1
04-11 12:30:03.675  8338  8381 V WindowManagerShell: , mInRemoteScene=false, mInPreReady=false, mPreStart=false, mToken=null, mAbortByRemoteFromHome=false, mShellApplyToken=null, mRequestTransitionTaskId=13089, mAbortTransitionOnShell=0, mStartFromShortcut=false, mRemovedTaskId=-1, mTransitionInterruptType=0, mMergeSecondTaskId=-1, mTaskIdStartFromRecents=0, mTransitionId=27129, mCanUseSpringSlideAnim=false, mTransitionLaunchFrom=0, mFoldChangeType=-1, mAnimStartingPosition=[0, 0, 0, 0], mIsOpeningStkDialogActivity=false, mSecondaryHomeToFrontWhenUnFolding=false, mIsNeedApplyStartTForEmbedded=false
04-11 12:30:03.675  8338  8381 V WindowManagerShell: , mNeedCanvasExitAnim=false, mMergeSecondTaskAnimation=false, mIsLaunchUnityStart=false, mIsLaunchFromAssistantByDefault=false, mSkipRemoteTransitionfalse, mIsStartFromKeyguard=false flags=0x0, mWCT=null, mIsOpenMergeToInValidPredictive=false, mPromoteTaskWhenKeyguard-1, mRootLayerZOrderArray={}}]}
04-11 12:30:03.675 32357 32357 I ChainTrace: stream type=syncEvent gapMs=919 refreshMarket=true
04-11 12:30:03.675  8338  8381 D FlexibleTaskTransitionHandler:  performAnimation transition:android.os.BinderProxy@86a6b59 ,info:{id=27129 t=OPEN f=0x0 trk=0 r=[0@Point(0, 0)] c=[{m=CLOSE f=FILLS_TASK leash=Surface(name=ActivityRecord{29562262 u0 com.binance.monitor/.ui.main.MainActivity t13089})/@0xb8c69cc sb=Rect(0, 0 - 1264, 2780) eb=Rect(0, 0 - 1264, 2780) epz=Point(1264, 2780) d=0 component=com.binance.monitor/.ui.main.MainActivity opt={t=CUSTOM enterResId=0 changeResId=0 exitResId=0 mUserId=0}},{m=TO_FRONT f=FILLS_TASK leash=Surface(name=ActivityRecord{95862188 u0 com.binance.monitor/.ui.account.AccountStatsBridgeActivity t13089})/@0x2cd6415 sb=Rect(0, 0 - 1264, 2780) eb=Rect(0, 0 - 1264, 2780) epz=Point(1264, 2780) d=0 component=com.binance.monitor/.ui.account.AccountStatsBridgeActivity opt={t=CUSTOM enterResId=0 changeResId=0 exitResId=0 mUserId=0}}] 
04-11 12:30:03.675  8338  8381 D FlexibleTaskTransitionHandler: extendInfo=[
04-11 12:30:03.675  8338  8381 D FlexibleTaskTransitionHandler:  OplusTransitionExtendedInfo{mTmpFinishT=null, mInOplusCompatMode=false, mIsProcessRunning=false, mHasMismatchBoundsTarget=false, mRecentsController=null, mRemoteTransition=null, mIsTranslucentActivityToHome=false, mAvoidInterceptKeyEventToHome=false, mIsFromHome=false, mParentLeash=null, mBackAnimClosingLeash=null, mIsOplusAnimRes=false, mKeepBgForContinuous=false, mIsBalAllow=false, mTaskNotInRecent=false, mIsPredictiveBackAnim=false, mIsMergedWithPredictive=false, mIsLaunchFromSpruce=false, mIsLaunchFromDrive=false, mGlobalSearchPageSwitch=false, mNeedNoAlphaGlobalSearchScene=false, mAssistScreenShowing=false, mSwipeUpBrowserScreenShowing=false, mUserIdTransition=-1
04-11 12:30:03.675  8338  8381 D FlexibleTaskTransitionHandler: , mInRemoteScene=false, mInPreReady=false, mPreStart=false, mToken=null, mAbortByRemoteFromHome=false, mShellApplyToken=null, mRequestTransitionTaskId=13089, mAbortTransitionOnShell=0, mStartFromShortcut=false, mRemovedTaskId=-1, mTransitionInterruptType=0, mMergeSecondTaskId=-1, mTaskIdStartFromRecents=0, mTransitionId=27129, mCanUseSpringSlideAnim=false, mTransitionLaunchFrom=0, mFoldChangeType=-1, mAnimStartingPosition=[0, 0, 0, 0], mIsOpeningStkDialogActivity=false, mSecondaryHomeToFrontWhenUnFolding=false, mIsNeedApplyStartTForEmbedded=false
04-11 12:30:03.675  8338  8381 D FlexibleTaskTransitionHandler: , mNeedCanvasExitAnim=false, mMergeSecondTaskAnimation=false, mIsLaunchUnityStart=false, mIsLaunchFromAssistantByDefault=false, mSkipRemoteTransitionfalse, mIsStartFromKeyguard=false flags=0x0, mWCT=null, mIsOpenMergeToInValidPredictive=false, mPromoteTaskWhenKeyguard-1, mRootLayerZOrderArray={}}]}
04-11 12:30:03.675 32357 32357 I ChainTrace: market_apply symbol=BTCUSDT closeTime=1775881859999 fetchMs=-1 triggerToApplyMs=-1
04-11 12:30:03.675 32357 32357 I ChainTrace: repo_kline symbol=BTCUSDT closeTime=1775881859999 applyToRepoMs=0
04-11 12:30:03.675  8338  8381 D FlexibleTaskTransitionHandler:  no need handler this transitionInfo: {id=27129 t=OPEN f=0x0 trk=0 r=[0@Point(0, 0)] c=[{m=CLOSE f=FILLS_TASK leash=Surface(name=ActivityRecord{29562262 u0 com.binance.monitor/.ui.main.MainActivity t13089})/@0xb8c69cc sb=Rect(0, 0 - 1264, 2780) eb=Rect(0, 0 - 1264, 2780) epz=Point(1264, 2780) d=0 component=com.binance.monitor/.ui.main.MainActivity opt={t=CUSTOM enterResId=0 changeResId=0 exitResId=0 mUserId=0}},{m=TO_FRONT f=FILLS_TASK leash=Surface(name=ActivityRecord{95862188 u0 com.binance.monitor/.ui.account.AccountStatsBridgeActivity t13089})/@0x2cd6415 sb=Rect(0, 0 - 1264, 2780) eb=Rect(0, 0 - 1264, 2780) epz=Point(1264, 2780) d=0 component=com.binance.monitor/.ui.account.AccountStatsBridgeActivity opt={t=CUSTOM enterResId=0 changeResId=0 exitResId=0 mUserId=0}}] 
04-11 12:30:03.675  8338  8381 D FlexibleTaskTransitionHandler: extendInfo=[
04-11 12:30:03.675  8338  8381 D FlexibleTaskTransitionHandler:  OplusTransitionExtendedInfo{mTmpFinishT=null, mInOplusCompatMode=false, mIsProcessRunning=false, mHasMismatchBoundsTarget=false, mRecentsController=null, mRemoteTransition=null, mIsTranslucentActivityToHome=false, mAvoidInterceptKeyEventToHome=false, mIsFromHome=false, mParentLeash=null, mBackAnimClosingLeash=null, mIsOplusAnimRes=false, mKeepBgForContinuous=false, mIsBalAllow=false, mTaskNotInRecent=false, mIsPredictiveBackAnim=false, mIsMergedWithPredictive=false, mIsLaunchFromSpruce=false, mIsLaunchFromDrive=false, mGlobalSearchPageSwitch=false, mNeedNoAlphaGlobalSearchScene=false, mAssistScreenShowing=false, mSwipeUpBrowserScreenShowing=false, mUserIdTransition=-1
04-11 12:30:03.675  8338  8381 D FlexibleTaskTransitionHandler: , mInRemoteScene=false, mInPreReady=false, mPreStart=false, mToken=null, mAbortByRemoteFromHome=false, mShellApplyToken=null, mRequestTransitionTaskId=13089, mAbortTransitionOnShell=0, mStartFromShortcut=false, mRemovedTaskId=-1, mTransitionInterruptType=0, mMergeSecondTaskId=-1, mTaskIdStartFromRecents=0, mTransitionId=27129, mCanUseSpringSlideAnim=false, mTransitionLaunchFrom=0, mFoldChangeType=-1, mAnimStartingPosition=[0, 0, 0, 0], mIsOpeningStkDialogActivity=false, mSecondaryHomeToFrontWhenUnFolding=false, mIsNeedApplyStartTForEmbedded=false
04-11 12:30:03.675  8338  8381 D FlexibleTaskTransitionHandler: , mNeedCanvasExitAnim=false, mMergeSecondTaskAnimation=false, mIsLaunchUnityStart=false, mIsLaunchFromAssistantByDefault=false, mSkipRemoteTransitionfalse, mIsStartFromKeyguard=false flags=0x0, mWCT=null, mIsOpenMergeToInValidPredictive=false, mPromoteTaskWhenKeyguard-1, mRootLayerZOrderArray={}}]}
04-11 12:30:03.675  8338  8381 V WindowManagerShell: Transition doesn't have explicit remote, search filters for match for {id=27129 t=OPEN f=0x0 trk=0 r=[0@Point(0, 0)] c=[{m=CLOSE f=FILLS_TASK leash=Surface(name=ActivityRecord{29562262 u0 com.binance.monitor/.ui.main.MainActivity t13089})/@0xb8c69cc sb=Rect(0, 0 - 1264, 2780) eb=Rect(0, 0 - 1264, 2780) epz=Point(1264, 2780) d=0 component=com.binance.monitor/.ui.main.MainActivity opt={t=CUSTOM enterResId=0 changeResId=0 exitResId=0 mUserId=0}},{m=TO_FRONT f=FILLS_TASK leash=Surface(name=ActivityRecord{95862188 u0 com.binance.monitor/.ui.account.AccountStatsBridgeActivity t13089})/@0x2cd6415 sb=Rect(0, 0 - 1264, 2780) eb=Rect(0, 0 - 1264, 2780) epz=Point(1264, 2780) d=0 component=com.binance.monitor/.ui.account.AccountStatsBridgeActivity opt={t=CUSTOM enterResId=0 changeResId=0 exitResId=0 mUserId=0}}] 
04-11 12:30:03.675  8338  8381 V WindowManagerShell: extendInfo=[
04-11 12:30:03.675  8338  8381 V WindowManagerShell:  OplusTransitionExtendedInfo{mTmpFinishT=null, mInOplusCompatMode=false, mIsProcessRunning=false, mHasMismatchBoundsTarget=false, mRecentsController=null, mRemoteTransition=null, mIsTranslucentActivityToHome=false, mAvoidInterceptKeyEventToHome=false, mIsFromHome=false, mParentLeash=null, mBackAnimClosingLeash=null, mIsOplusAnimRes=false, mKeepBgForContinuous=false, mIsBalAllow=false, mTaskNotInRecent=false, mIsPredictiveBackAnim=false, mIsMergedWithPredictive=false, mIsLaunchFromSpruce=false, mIsLaunchFromDrive=false, mGlobalSearchPageSwitch=false, mNeedNoAlphaGlobalSearchScene=false, mAssistScreenShowing=false, mSwipeUpBrowserScreenShowing=false, mUserIdTransition=-1
04-11 12:30:03.675  8338  8381 V WindowManagerShell: , mInRemoteScene=false, mInPreReady=false, mPreStart=false, mToken=null, mAbortByRemoteFromHome=false, mShellApplyToken=null, mRequestTransitionTaskId=13089, mAbortTransitionOnShell=0, mStartFromShortcut=false, mRemovedTaskId=-1, mTransitionInterruptType=0, mMergeSecondTaskId=-1, mTaskIdStartFromRecents=0, mTransitionId=27129, mCanUseSpringSlideAnim=false, mTransitionLaunchFrom=0, mFoldChangeType=-1, mAnimStartingPosition=[0, 0, 0, 0], mIsOpeningStkDialogActivity=false, mSecondaryHomeToFrontWhenUnFolding=false, mIsNeedApplyStartTForEmbedded=false
04-11 12:30:03.675  8338  8381 V WindowManagerShell: , mNeedCanvasExitAnim=false, mMergeSecondTaskAnimation=false, mIsLaunchUnityStart=false, mIsLaunchFromAssistantByDefault=false, mSkipRemoteTransitionfalse, mIsStartFromKeyguard=false flags=0x0, mWCT=null, mIsOpenMergeToInValidPredictive=false, mPromoteTaskWhenKeyguard-1, mRootLayerZOrderArray={}}]}
04-11 12:30:03.675  8338  8381 V WindowManagerShell:  Checking filter Pair{{types=[] flags=0x0] notFlags=0x100 checks=[{atype=home independent=true modes=[OPEN,TO_FRONT] flags=NONE mustBeTask=false order=TOP topActivity=ComponentInfo{com.android.launcher/com.android.launcher.Launcher} launchCookie=null windowingMode=undefined},{atype=standard independent=true modes=[CLOSE,TO_BACK] flags=NONE mustBeTask=false order=ANY topActivity=null launchCookie=null windowingMode=undefined}]} RemoteTransition { remoteTransition = android.window.IRemoteTransition$Stub$Proxy@a5bfc11, appThread = android.app.IApplicationThread$Stub$Proxy@61db176, debugName = QuickstepLaunchHome }}
04-11 12:30:03.675  8338  8381 V WindowManagerShell:  Delegate animation for (#27129) to null
04-11 12:30:03.675  8338  8381 V WindowManagerShell: start default transition animation, info = {id=27129 t=OPEN f=0x0 trk=0 r=[0@Point(0, 0)] c=[{m=CLOSE f=FILLS_TASK leash=Surface(name=ActivityRecord{29562262 u0 com.binance.monitor/.ui.main.MainActivity t13089})/@0xb8c69cc sb=Rect(0, 0 - 1264, 2780) eb=Rect(0, 0 - 1264, 2780) epz=Point(1264, 2780) d=0 component=com.binance.monitor/.ui.main.MainActivity opt={t=CUSTOM enterResId=0 changeResId=0 exitResId=0 mUserId=0}},{m=TO_FRONT f=FILLS_TASK leash=Surface(name=ActivityRecord{95862188 u0 com.binance.monitor/.ui.account.AccountStatsBridgeActivity t13089})/@0x2cd6415 sb=Rect(0, 0 - 1264, 2780) eb=Rect(0, 0 - 1264, 2780) epz=Point(1264, 2780) d=0 component=com.binance.monitor/.ui.account.AccountStatsBridgeActivity opt={t=CUSTOM enterResId=0 changeResId=0 exitResId=0 mUserId=0}}] 
04-11 12:30:03.675  8338  8381 V WindowManagerShell: extendInfo=[
04-11 12:30:03.675  8338  8381 V WindowManagerShell:  OplusTransitionExtendedInfo{mTmpFinishT=null, mInOplusCompatMode=false, mIsProcessRunning=false, mHasMismatchBoundsTarget=false, mRecentsController=null, mRemoteTransition=null, mIsTranslucentActivityToHome=false, mAvoidInterceptKeyEventToHome=false, mIsFromHome=false, mParentLeash=null, mBackAnimClosingLeash=null, mIsOplusAnimRes=false, mKeepBgForContinuous=false, mIsBalAllow=false, mTaskNotInRecent=false, mIsPredictiveBackAnim=false, mIsMergedWithPredictive=false, mIsLaunchFromSpruce=false, mIsLaunchFromDrive=false, mGlobalSearchPageSwitch=false, mNeedNoAlphaGlobalSearchScene=false, mAssistScreenShowing=false, mSwipeUpBrowserScreenShowing=false, mUserIdTransition=-1
04-11 12:30:03.675  8338  8381 V WindowManagerShell: , mInRemoteScene=false, mInPreReady=false, mPreStart=false, mToken=null, mAbortByRemoteFromHome=false, mShellApplyToken=null, mRequestTransitionTaskId=13089, mAbortTransitionOnShell=0, mStartFromShortcut=false, mRemovedTaskId=-1, mTransitionInterruptType=0, mMergeSecondTaskId=-1, mTaskIdStartFromRecents=0, mTransitionId=27129, mCanUseSpringSlideAnim=false, mTransitionLaunchFrom=0, mFoldChangeType=-1, mAnimStartingPosition=[0, 0, 0, 0], mIsOpeningStkDialogActivity=false, mSecondaryHomeToFrontWhenUnFolding=false, mIsNeedApplyStartTForEmbedded=false
04-11 12:30:03.675  8338  8381 V WindowManagerShell: , mNeedCanvasExitAnim=false, mMergeSecondTaskAnimation=false, mIsLaunchUnityStart=false, mIsLaunchFromAssistantByDefault=false, mSkipRemoteTransitionfalse, mIsStartFromKeyguard=false flags=0x0, mWCT=null, mIsOpenMergeToInValidPredictive=false, mPromoteTaskWhenKeyguard-1, mRootLayerZOrderArray={}}]}
04-11 12:30:03.675  8338  8381 D FSS_OplusFoldSwitchStateObserver: cancelAnimationIfNeedWhenFolding: foldChangeType = -1
04-11 12:30:03.675  8338  8381 D OplusShellTransition: canCustomizeAppTransition, isGlobalSearchPageSwitch = false, swipeUpBrowserPageSwitch = false, onlyHasTranslucentActivity = false, pkgName = com.binance.monitor
04-11 12:30:03.675  8338  8381 D OplusShellTransition: This page has its own override animation, enterResId = 0, closeResId = 0, pkgName = com.binance.monitor
04-11 12:30:03.675  8338  8381 D OplusShellTransition: checkAndLoadCustomAnimation packageName =:com.binance.monitor,transit =:2,enter =:true,animResId =:0
04-11 12:30:03.675  8338  8381 D OplusShellTransition: canCustomizeAppTransition, isGlobalSearchPageSwitch = false, swipeUpBrowserPageSwitch = false, onlyHasTranslucentActivity = false, pkgName = com.binance.monitor
04-11 12:30:03.675  8338  8381 D OplusShellTransition: This page has its own override animation, enterResId = 0, closeResId = 0, pkgName = com.binance.monitor
04-11 12:30:03.675  8338  8381 D OplusShellTransition: checkAndLoadCustomAnimation packageName =:com.binance.monitor,transit =:2,enter =:false,animResId =:0
04-11 12:30:03.675  8338  8381 D OplusShellTransition: addBackgroundColorOnTask, , isTaskLevelTransition = false, hasBgAlready = false
04-11 12:30:03.675  8338  8381 D OplusShellTransition: DefaultTransitionHandler#onAnimFinish=> transition=android.os.BinderProxy@86a6b59, backAnimContinue=false
04-11 12:30:03.676  8338  8381 V WindowManagerShell: Transition animation finished (aborted=false), notifying core (#27129) android.os.BinderProxy@86a6b59@0
04-11 12:30:03.676  8338  8381 D SplitScreen-->AppLockManager: setStartFromSafeControl mStartFromSafeControl=false
04-11 12:30:03.676  8338  8381 D ShellTaskOrganizerExt: adjust change for exiting mini task: -1
04-11 12:30:03.676  3590  8847 D Transition: finishTransition ar ActivityRecord{29562262 u0 com.binance.monitor/.ui.main.MainActivity t13089 f}}, isVisibleRequested=false, state=STOPPING, visibleAtTransitionEndTokens={ActivityRecord{95862188 u0 com.binance.monitor/.ui.account.AccountStatsBridgeActivity t13089}}, this=TransitionRecord{b1ceba7 id=27129 track=0 type=OPEN flags=0x0 state=2 c=[
04-11 12:30:03.676  3590  8847 D Transition:    ChangeInfo{5476854 container=Display{#0 state=ON size=1264x2780 ROTATION_0} flags=0x0}
04-11 12:30:03.676  3590  8847 D Transition:    ChangeInfo{1b2145 container=ActivityRecord{29562262 u0 com.binance.monitor/.ui.main.MainActivity t13089 f}} flags=0x0}
04-11 12:30:03.676  3590  8847 D Transition:    ChangeInfo{e609a container=ActivityRecord{95862188 u0 com.binance.monitor/.ui.account.AccountStatsBridgeActivity t13089} flags=0x0}
04-11 12:30:03.676  3590  8847 D Transition:    ChangeInfo{62933fd container=DefaultTaskDisplayArea@136308155 flags=0x0}
04-11 12:30:03.676  3590  8847 D Transition:    ChangeInfo{1068f2 container=Task{a10d0a5 #13089 type=standard A=10512:com.binance.monitor} flags=0x0}
04-11 12:30:03.676  3590  8847 D Transition:    ChangeInfo{4229b43 container=ActivityRecord{190111732 u0 com.binance.monitor/.ui.account.AccountStatsBridgeActivity t-1} flags=0x0}
04-11 12:30:03.676  3590  8847 D Transition: ]
04-11 12:30:03.676  3590  8847 D Transition: }
04-11 12:30:03.676  3590  8847 D ActivityTaskManager: commitVisibility: ActivityRecord{29562262 u0 com.binance.monitor/.ui.main.MainActivity t13089 f}}: visible=false visibleRequested=false, isInTransition=false 
04-11 12:30:03.676  3590  8847 D WindowManager: NFW_setClientVisible:ActivityRecord{29562262 u0 com.binance.monitor/.ui.main.MainActivity t13089 f}} clientVisible:false
04-11 12:30:03.676  3590  8847 I WindowManager: Window{a8a1046 u0 com.binance.monitor/com.binance.monitor.ui.main.MainActivity} state from HAS_DRAWN to DRAW_PENDING; reason: resetDrawState
04-11 12:30:03.676  3590  8847 D Transition: finishTransition ar ActivityRecord{95862188 u0 com.binance.monitor/.ui.account.AccountStatsBridgeActivity t13089}, isVisibleRequested=true, state=RESUMED, visibleAtTransitionEndTokens={ActivityRecord{95862188 u0 com.binance.monitor/.ui.account.AccountStatsBridgeActivity t13089}}, this=TransitionRecord{b1ceba7 id=27129 track=0 type=OPEN flags=0x0 state=2 c=[
04-11 12:30:03.676  3590  8847 D Transition:    ChangeInfo{5476854 container=Display{#0 state=ON size=1264x2780 ROTATION_0} flags=0x0}
04-11 12:30:03.676  3590  8847 D Transition:    ChangeInfo{1b2145 container=ActivityRecord{29562262 u0 com.binance.monitor/.ui.main.MainActivity t13089 f}} flags=0x0}
04-11 12:30:03.676  3590  8847 D Transition:    ChangeInfo{e609a container=ActivityRecord{95862188 u0 com.binance.monitor/.ui.account.AccountStatsBridgeActivity t13089} flags=0x0}
04-11 12:30:03.676  3590  8847 D Transition:    ChangeInfo{62933fd container=DefaultTaskDisplayArea@136308155 flags=0x0}
04-11 12:30:03.676  3590  8847 D Transition:    ChangeInfo{1068f2 container=Task{a10d0a5 #13089 type=standard A=10512:com.binance.monitor} flags=0x0}
04-11 12:30:03.676  3590  8847 D Transition:    ChangeInfo{4229b43 container=ActivityRecord{190111732 u0 com.binance.monitor/.ui.account.AccountStatsBridgeActivity t-1} flags=0x0}
04-11 12:30:03.676  3590  8847 D Transition: ]
04-11 12:30:03.676  3590  8847 D Transition: }
04-11 12:30:03.676 32357 32421 D VRI[MainActivity]: dispatchAppVisibility visible:false mUpcomingWindowFocus:false
04-11 12:30:03.677  3590  8847 I OplusAppSwitchManagerService:  handleAppVisible , r = ActivityRecord{95862188 u0 com.binance.monitor/.ui.account.AccountStatsBridgeActivity t13089}
04-11 12:30:03.677  3590  8847 D OplusTransitionController: finishTransition, transition: TransitionRecord{b1ceba7 id=27129 track=0 type=OPEN flags=0x0 state=4 c=[
04-11 12:30:03.677  3590  8847 D OplusTransitionController:    ChangeInfo{5476854 container=Display{#0 state=ON size=1264x2780 ROTATION_0} flags=0x0}
04-11 12:30:03.677  3590  8847 D OplusTransitionController:    ChangeInfo{1b2145 container=ActivityRecord{29562262 u0 com.binance.monitor/.ui.main.MainActivity t13089 f}} flags=0x0}
04-11 12:30:03.677  3590  8847 D OplusTransitionController:    ChangeInfo{e609a container=ActivityRecord{95862188 u0 com.binance.monitor/.ui.account.AccountStatsBridgeActivity t13089} flags=0x0}
04-11 12:30:03.677  3590  8847 D OplusTransitionController:    ChangeInfo{62933fd container=DefaultTaskDisplayArea@136308155 flags=0x0}
04-11 12:30:03.677  3590  8847 D OplusTransitionController:    ChangeInfo{1068f2 container=Task{a10d0a5 #13089 type=standard A=10512:com.binance.monitor} flags=0x0}
04-11 12:30:03.677  3590  8847 D OplusTransitionController:    ChangeInfo{4229b43 container=ActivityRecord{190111732 u0 com.binance.monitor/.ui.account.AccountStatsBridgeActivity t-1} flags=0x0}
04-11 12:30:03.677  3590  8847 D OplusTransitionController: ]
04-11 12:30:03.677  3590  8847 D OplusTransitionController: }
04-11 12:30:03.677  3590  8847 D FlexibleTaskTransitionController:  finishTransition pendingRecentToFlexibleTask:null,isRotationTransition:false ,pendingRecentToFlexible:null ,transition:TransitionRecord{b1ceba7 id=27129 track=0 type=OPEN flags=0x0 state=4 c=[
04-11 12:30:03.677  3590  8847 D FlexibleTaskTransitionController:    ChangeInfo{5476854 container=Display{#0 state=ON size=1264x2780 ROTATION_0} flags=0x0}
04-11 12:30:03.677  3590  8847 D FlexibleTaskTransitionController:    ChangeInfo{1b2145 container=ActivityRecord{29562262 u0 com.binance.monitor/.ui.main.MainActivity t13089 f}} flags=0x0}
04-11 12:30:03.677  3590  8847 D FlexibleTaskTransitionController:    ChangeInfo{e609a container=ActivityRecord{95862188 u0 com.binance.monitor/.ui.account.AccountStatsBridgeActivity t13089} flags=0x0}
04-11 12:30:03.677  3590  8847 D FlexibleTaskTransitionController:    ChangeInfo{62933fd container=DefaultTaskDisplayArea@136308155 flags=0x0}
04-11 12:30:03.677  3590  8847 D FlexibleTaskTransitionController:    ChangeInfo{1068f2 container=Task{a10d0a5 #13089 type=standard A=10512:com.binance.monitor} flags=0x0}
04-11 12:30:03.677  3590  8847 D FlexibleTaskTransitionController:    ChangeInfo{4229b43 container=ActivityRecord{190111732 u0 com.binance.monitor/.ui.account.AccountStatsBridgeActivity t-1} flags=0x0}
04-11 12:30:03.677  3590  8847 D FlexibleTaskTransitionController: ]
04-11 12:30:03.677  3590  8847 D FlexibleTaskTransitionController: }
04-11 12:30:03.677  3590  8847 D TransitionControllerExtImpl: NFW_send RECOMPUTE_FOCUS in finishTransition
04-11 12:30:03.677  3590  3830 W UserAwareMgr: event can not be released, id: 5005, count: 2, releasePid: 3590
04-11 12:30:03.677  8338  8381 D ShellTaskOrganizer: onTransitionFinish, isRecent:false
04-11 12:30:03.677  8338  8381 V WindowManagerShell: Track 0 became idle
04-11 12:30:03.677  8338  8381 V WindowManagerShell: All active transition animations finished
04-11 12:30:03.677  8338  8381 V WindowManagerShell:  animated by com.android.wm.shell.transition.DefaultTransitionHandler@423c8cd
04-11 12:30:03.677  8338  8381 D OplusShellTransition: dispatchTransition, animated mHandler: com.android.wm.shell.transition.DefaultTransitionHandler@423c8cd
04-11 12:30:03.677  8338  8381 V WindowManagerShell: Track 0 became idle
04-11 12:30:03.677  8338  8381 V WindowManagerShell: All active transition animations finished
04-11 12:30:03.678  3590  3796 D InsetsSourceProvider: updateSourceFrameForServerVisibility mandatorySystemGestures EMPTY_RECT
04-11 12:30:03.678  3590  3875 D VRR [OPlusRefreshRateService]:  setDirectorStates [flag: 1, state: 0, directorStateOff: 0]
04-11 12:30:03.678  2399  8068 D VRR [RefreshRateDirector]: updateState mState = 1
04-11 12:30:03.678  3590  3795 D WindowManager: NFW_findFocusedWindowIfNeeded:Window{fecae5 u0 com.binance.monitor/com.binance.monitor.ui.account.AccountStatsBridgeActivity} mCurrentFocus:Window{fecae5 u0 com.binance.monitor/com.binance.monitor.ui.account.AccountStatsBridgeActivity}
04-11 12:30:03.681  3590  8467 I BLASTSyncEngine: onCommitted syncId: 27129, timeout: false ran: false
04-11 12:30:03.681  3590  8467 D Transition: finishTransaction-onCommitted syncId=27129
04-11 12:30:03.682 32357 32357 D VRI[MainActivity]: visibilityChanged oldVisibility=true newVisibility=false
04-11 12:30:03.682 32357 32357 D VRI[MainActivity]: setWindowStopped stopped:true
04-11 12:30:03.682  3590  8467 I InputDispatcher: updateFocusedWindow, fecae5 com.binance.monitor/com.binance.monitor.ui.account.AccountStatsBridgeActivity on display 0, reason: Window became focusable. Previous reason: NOT_VISIBLE, result:   FocusedWindows:
04-11 12:30:03.682  3590  8467 I InputDispatcher:     displayId=0, name='fecae5 com.binance.monitor/com.binance.monitor.ui.account.AccountStatsBridgeActivity'
04-11 12:30:03.683 32357 32357 D OplusScrollToTopManager: com.binance.monitor/com.binance.monitor.ui.main.MainActivity,window dying
04-11 12:30:03.683 32357 32357 D OplusScrollToTopManager: com.binance.monitor/com.binance.monitor.ui.main.MainActivity,unregisterSystemUIBroadcastReceiver 
04-11 12:30:03.683 32357 32357 D OplusScrollToTopManager: com.binance.monitor/com.binance.monitor.ui.main.MainActivity, unregisterSystemUIBroadcastReceiver failed java.lang.IllegalArgumentException: Receiver not registered: android.view.OplusScrollToTopManager$2@1360ce9
04-11 12:30:03.683 32357 32357 W WindowOnBackDispatcher: sendCancelIfRunning: isInProgress=false callback=android.view.ViewRootImpl$$ExternalSyntheticLambda13@d5126d1
04-11 12:30:03.683  3590  8467 D CoreBackPreview: Window{a8a1046 u0 com.binance.monitor/com.binance.monitor.ui.main.MainActivity}: Setting back callback null
04-11 12:30:03.683 32357 32357 D OplusCursorFeedback: editorDetachFromWindow android.widget.Editor@128ad6e
04-11 12:30:03.683 32357 32357 D OplusCursorFeedback: editorDetachFromWindow android.widget.Editor@43d8c0f
04-11 12:30:03.684 32357 32357 D OplusCursorFeedback: editorDetachFromWindow android.widget.Editor@17b649c
04-11 12:30:03.684 32357 32357 D HWUI    : RenderProxy::destroy: this=0xb4000070f8922100, mContext=0xb400007236a54dc0
04-11 12:30:03.684 32357 32399 D HWUI    : SkiaVulkanPipeline::setSurface: this=0xb4000070edbb1680, surface=NULL
04-11 12:30:03.684 32357 32399 D BufferQueueProducer: [VRI[MainActivity]#74(BLAST Consumer)74](id:7e650000004a,api:1,p:32357,c:32357) disconnect: api 1
04-11 12:30:03.684 32357 32357 D ViewRootImpl: Skipping stats log for color mode
04-11 12:30:03.685  3590  8847 I WindowManager: Window{a8a1046 u0 com.binance.monitor/com.binance.monitor.ui.main.MainActivity} state from DRAW_PENDING to NO_SURFACE; reason: destroySurface
04-11 12:30:03.685  3590  8847 I ImeTracker: system_server:9a96eb99: onRequestHide at ORIGIN_SERVER reason IME_REQUESTED_CHANGED_LISTENER fromUser false
04-11 12:30:03.685  3590  7380 I ImeTracker: system_server:9a96eb99: onCancelled at PHASE_SERVER_SHOULD_HIDE
04-11 12:30:03.685  3590  8847 D InsetsSourceProvider: updateSourceFrameForServerVisibility mandatorySystemGestures EMPTY_RECT
04-11 12:30:03.686  3590  8847 D InsetsSourceProvider: updateSourceFrameForServerVisibility mandatorySystemGestures EMPTY_RECT
04-11 12:30:03.686  3590  8847 D WindowManager: NFW_findFocusedWindowIfNeeded:Window{fecae5 u0 com.binance.monitor/com.binance.monitor.ui.account.AccountStatsBridgeActivity} mCurrentFocus:Window{fecae5 u0 com.binance.monitor/com.binance.monitor.ui.account.AccountStatsBridgeActivity}
04-11 12:30:03.686  3590  3796 D InsetsSourceProvider: updateSourceFrameForServerVisibility mandatorySystemGestures EMPTY_RECT
04-11 12:30:03.686 32357 32357 D VRI[AccountStatsBridgeActivity]: onFocusEvent true
04-11 12:30:03.686  3590  8847 D ActivityTaskManager: removeAppToken: ActivityRecord{29562262 u0 com.binance.monitor/.ui.main.MainActivity t13089 f}} delayed=false parent=Task{a10d0a5 #13089 type=standard A=10512:com.binance.monitor} animating=false Callers=com.android.server.wm.DisplayContent.removeAppToken:1759 com.android.server.wm.ActivityRecord.removeFromHistory:4970 com.android.server.wm.ActivityRecord.destroyed:5060 com.android.server.wm.ActivityClientController.activityDestroyed:339 
04-11 12:30:03.687  3590  7959 D BackgroundInstallControlService: Package event received: 0
04-11 12:30:03.688  3590  7380 D InputMethodManagerService: isSecurity: attribute.packageName = com.binance.monitor mCurMethodId = com.sohu.inputmethod.sogou/.SogouIME isSecurity = false ( enable = true needShow = false inBlackList = false isExist = true )
04-11 12:30:03.688  3590  7380 I ImeTracker: com.binance.monitor:7b6f36a9: onRequestHide at ORIGIN_SERVER reason HIDE_UNSPECIFIED_WINDOW fromUser false
04-11 12:30:03.689 32357 32357 D InsetsController: hide(ime(), fromIme=false)
04-11 12:30:03.689 32357 32357 I ImeTracker: com.binance.monitor:7b6f36a9: onCancelled at PHASE_CLIENT_ALREADY_HIDDEN
04-11 12:30:03.690  3590  8467 I ImeTracker: system_server:94ca5399: onRequestHide at ORIGIN_SERVER reason IME_REQUESTED_CHANGED_LISTENER fromUser false
04-11 12:30:03.690  3590  7380 I ImeTracker: system_server:94ca5399: onCancelled at PHASE_SERVER_SHOULD_HIDE
04-11 12:30:03.690  3590  3796 D InsetsSourceProvider: updateSourceFrameForServerVisibility mandatorySystemGestures EMPTY_RECT
04-11 12:30:03.694 32357 32421 D BLASTBufferQueue: [VRI[MainActivity]#74](f:0,a:1) destructor()
04-11 12:30:03.694 32357 32421 D BufferQueueConsumer: [VRI[MainActivity]#74(BLAST Consumer)74](id:7e650000004a,api:0,p:-1,c:32357) disconnect
04-11 12:30:03.701  3590  8280 I Osense-BaseDecisionMaker: notifySceneToAthenaPolicy: SCENE_ACTIVITY_IDLE, bundle: Bundle[{scene=SCENE_ACTIVITY_IDLE}]
04-11 12:30:03.727  2280  2331 D BatteryChargeControl: bcc get no support from charging protocol
04-11 12:30:03.734  2399  3162 D VRR [OTI]: handleIdle from 0 to 1
04-11 12:30:03.734  2399  3162 D VRR [OTI-HW]: isStateReady 0
04-11 12:30:03.734  2399  3162 D VRR [OTI-HW]: keep rate.
04-11 12:30:03.795 11607 11620 W putmethod.sogou: Reducing the number of considered missed Gc histogram windows from 268 to 100
04-11 12:30:03.801  2181 23599 E CwbService: Panel not support apl read or getDisplayPanelAplValue timeout 10ms.
04-11 12:30:03.801  2258  2258 D SensorFeature: name=ssc_screenshot_info ,index = 22
04-11 12:30:03.801  2258  2258 D SensorFeature: write 39 bytes:929019193600539,929019204711650,29502,0
04-11 12:30:03.804 11607 11622 W System  : A resource failed to call AbstractCursor.close. 
04-11 12:30:03.826  4482  4680 W ServiceManagerCppClient: Waited one second for SystemClearService (is service started? Number of threads started in the threadpool: 16. Are binder threads started and available?)
04-11 12:30:03.827  4482  4659 W ServiceManagerCppClient: Waited one second for SystemClearService (is service started? Number of threads started in the threadpool: 16. Are binder threads started and available?)
04-11 12:30:03.827  1254 27519 W libc    : Unable to set property "ctl.interface_start" to "aidl/SystemClearService": PROP_ERROR_HANDLE_CONTROL_MESSAGE (0x20)
04-11 12:30:03.827  1254 27521 W libc    : Unable to set property "ctl.interface_start" to "aidl/SystemClearService": PROP_ERROR_HANDLE_CONTROL_MESSAGE (0x20)
04-11 12:30:03.854 14034 15313 D CommonApp-264-10512: transport layer data is invalid
04-11 12:30:03.855 14034 15313 D CommonApp-255-10512: commonScoreStrategy scenarios low package
04-11 12:30:03.855 14034 15313 D ScorePolicy: handleScoreChanged: []
04-11 12:30:03.855 14034 15313 D ScorePolicy: handleScoreChanged: []
04-11 12:30:03.855 14034 15313 D ScorePolicy: handleScoreChanged: []
04-11 12:30:03.876  2181  2506 I SDM     : DisplayBuiltIn::IdlePowerCollapse: IPC received, disabling partial update for one frame
04-11 12:30:03.894  2113 20704 I sensors-hal: handle_oplus_wise_rgb_event:189, high_pwm_light:lux 135.0,cct 5878.9,brl/algo/ir 1310.0/2.0/57.4,pwm/dc 0.0/0.0,rgbc 6189.517090/4188.068359/2651.157959/11702.314453,ts 929019212274005,cnt 34180,flag 95038
04-11 12:30:03.894  2113 17862 I sensors-hal: handle_oplus_wise_rgb_event:161, wise_rgb: (34176)(cct, lux, ir)[5878.86, 134.99, 57.394913] (r, g, b, c)[6236.86, 4229.86, 2679.85, 11823.53]                 (pwm, hbm, brl, algo)[0.0 0.0 1310.0 2.0], flag 29502
04-11 12:30:03.895  3590  9788 I AICCTModule: SensorFilter: brightness threshold 1.2 screenNit is 88.015 ave enviroment lux is 86.868965 luxForNit 85.61601demarcationPoint200.0 result is false
04-11 12:30:03.895  3590  9788 I AICCTModule: SensorFilter: findSecondNearestValue, sensorValue: 6337.2876 nearestMaxValue:6331.7896 secondNearestValue: 6331.7896
04-11 12:30:03.895  3590  9788 I AICCTModule: SensorFilter: findSecondNearestValue, sensorValue: 87.30163 nearestMaxValue:86.97702 secondNearestValue: 86.97702
04-11 12:30:03.926  2113 17888 I sensors-hal: handle_sns_std_sensor_event:114, oplus rgb_rear sample: (cct, lux, ir, x, y)[10083, 21, 288, 259, 324]
04-11 12:30:03.926  2113 17888 I sensors-hal: handle_sns_std_sensor_event:116, oplus rgb_rear sample: (r, g, b, c w)[857, 1757, 396, 507, 0]
04-11 12:30:03.986 14034 15457 D AppSenseConfig: getIgnoreAppList: [com.android.launcher, com.android.contacts, com.oplus.wirelesssettings, com.coloros.alarmclock, com.coloros.calculator, com.coloros.calendar, com.coloros.phonemanager, com.android.settings, com.android.phone, com.oplus.nas, com.oplus.nhs, com.oplus.appdetail, com.android.permissioncontroller, com.oplus.pscanvas, com.oplus.autotest.test.ctp, com.android.systemui, com.android.systemui.overlay.fingerprint.anim.fy, com.android.systemui.overlay.fingerprint.anim.qy, com.android.systemui.overlay.fingerprint.anim.sw, com.android.systemui.overlay.fingerprint.anim.xw, com.android.systemui.overlay.fingerprint.anim.ccyh, com.android.systemui.overlay.fingerprint.anim.halo, com.android.systemui.overlay.fingerprint.anim.jslz, com.android.systemui.overlay.fingerprint.anim.none, com.android.systemui.overlay.fingerprint.anim.xklc]
04-11 12:30:03.986 14034 15457 D AppSenseConfig: getIgnoreAppList: [com.android.launcher, com.android.contacts, com.oplus.wirelesssettings, com.coloros.alarmclock, com.coloros.calculator, com.coloros.calendar, com.coloros.phonemanager, com.android.settings, com.android.phone, com.oplus.nas, com.oplus.nhs, com.oplus.appdetail, com.android.permissioncontroller, com.oplus.pscanvas, com.oplus.autotest.test.ctp, com.android.systemui, com.android.systemui.overlay.fingerprint.anim.fy, com.android.systemui.overlay.fingerprint.anim.qy, com.android.systemui.overlay.fingerprint.anim.sw, com.android.systemui.overlay.fingerprint.anim.xw, com.android.systemui.overlay.fingerprint.anim.ccyh, com.android.systemui.overlay.fingerprint.anim.halo, com.android.systemui.overlay.fingerprint.anim.jslz, com.android.systemui.overlay.fingerprint.anim.none, com.android.systemui.overlay.fingerprint.anim.xklc]
04-11 12:30:03.986 14034 15457 D AppSenseConfig: getIgnoreAppList: [com.android.launcher, com.android.contacts, com.oplus.wirelesssettings, com.coloros.alarmclock, com.coloros.calculator, com.coloros.calendar, com.coloros.phonemanager, com.android.settings, com.android.phone, com.oplus.nas, com.oplus.nhs, com.oplus.appdetail, com.android.permissioncontroller, com.oplus.pscanvas, com.oplus.autotest.test.ctp, com.android.systemui, com.android.systemui.overlay.fingerprint.anim.fy, com.android.systemui.overlay.fingerprint.anim.qy, com.android.systemui.overlay.fingerprint.anim.sw, com.android.systemui.overlay.fingerprint.anim.xw, com.android.systemui.overlay.fingerprint.anim.ccyh, com.android.systemui.overlay.fingerprint.anim.halo, com.android.systemui.overlay.fingerprint.anim.jslz, com.android.systemui.overlay.fingerprint.anim.none, com.android.systemui.overlay.fingerprint.anim.xklc]
04-11 12:30:03.987 14034 15457 D ActivityAdapter: taskChange: pre: 1, cur: 1, changed:true
04-11 12:30:03.988 14034 15457 D ActivityAdapter: notifyActivityQuery: [com.binance.monitor; com.binance.monitor.ui.account.AccountStatsBridgeActivity; 1; COMMON; 10512]
04-11 12:30:03.988 14034 15457 D OPlusFrontAppManager: useAdapterResult, pkg=com.binance.monitor,activity=com.binance.monitor.ui.account.AccountStatsBridgeActivity,result=true
04-11 12:30:03.988 14034 15457 D OPlusFrontAppManager: decide -->> [com.binance.monitor; com.binance.monitor.ui.account.AccountStatsBridgeActivity; 1; COMMON; 10512]
04-11 12:30:03.988 14034 15457 D ConferenceScene: pkg:com.binance.monitor, activity:com.binance.monitor.ui.account.AccountStatsBridgeActivity, appSense:COMMON
04-11 12:30:03.988 14034 15457 D ConferenceScene: pkg:com.binance.monitor, activity:com.binance.monitor.ui.main.MainActivity, appSense:COMMON
04-11 12:30:03.988 14034 15297 D CellMap/GameLatencyMapService: handleAppSceneChange: [{pkgName:com.binance.monitor,activityName:,winMode:1,event:COMMON,type:0,subEvent:0,pid:32357,uid:10512}]
04-11 12:30:03.989 14034 15297 D CellMap/QoeMapService: handleAppSceneChange: [{pkgName:com.binance.monitor,activityName:,winMode:1,event:COMMON,type:0,subEvent:0,pid:32357,uid:10512}]
04-11 12:30:03.989 14034 15297 D CellMap/QoeMapService: handleAppSceneChange update: 0
04-11 12:30:03.989 14034 15313 D Subsys-ScoreAppManager: handleMessage what:2
04-11 12:30:03.989 14034 15313 D Subsys-ScoreAppManager: EVENT_ID_APP_SENSE_CHANGE  onFrontActivityChanged
04-11 12:30:03.989 14034 15313 D Subsys-ScoreAppManager: appSceneChange fgAppUnits size 1 fgAppUnits [{pkgName:com.binance.monitor,activityName:,winMode:1,event:COMMON,type:0,subEvent:0,pid:32357,uid:10512}] mLastNetworkList[255, 264]
04-11 12:30:03.989 14034 15313 D Subsys-ScoreAppManager: createApp
04-11 12:30:03.989 14034 15313 D Subsys-ScoreAppManager: createApp
04-11 12:30:03.989 14034 14034 D AtomHighLoadSenseInfo: handleMessage what:1000
04-11 12:30:03.989 14034 15313 D Subsys-ScoreAppManager: unit: {pkgName:com.binance.monitor,activityName:,winMode:1,event:COMMON,type:0,subEvent:0,pid:32357,uid:10512}
04-11 12:30:03.989 14034 14034 D AtomHighLoadSenseInfo: handleAppSenseChanged original mode:{live:0,video:0,voice call:0,video call:0,live host:0,meeting:0}
04-11 12:30:03.989 14034 14034 D AtomHighLoadSenseInfo: handleAppSenseChanged appInfoUnit:{pkgName:com.binance.monitor,activityName:,winMode:1,event:COMMON,type:0,subEvent:0,pid:32357,uid:10512}
04-11 12:30:03.989 14034 14034 D AtomNetworkScoreInfo: handleMessage: 1006
04-11 12:30:03.989 14034 14034 D AtomNetworkScoreInfo: top app size: 1
04-11 12:30:03.989 14034 15313 D CommonApp-255-10512: DefaultState EVENT_SCENARIOS_CHANGE
04-11 12:30:03.989 14034 14034 D AtomNetworkScoreInfo: Front app state: 1
04-11 12:30:03.989 14034 15313 D CommonApp-255-10512: scene=COMMON pn=com.binance.monitor
04-11 12:30:03.989 14034 14034 D AtomModemKpiInfo: handleMessage what:1000
04-11 12:30:03.989 14034 15313 D CommonApp-264-10512: DefaultState EVENT_SCENARIOS_CHANGE
04-11 12:30:03.989 14034 15313 D CommonApp-264-10512: scene=COMMON pn=com.binance.monitor
04-11 12:30:03.990 14034 14034 D SceneService: handleMessage what:1004
04-11 12:30:03.990 14034 14034 D SceneService: notifyAppSceneChanged original mode:{live:0,video:0,voice call:0,video call:0,live host:0,game:0,meeting:0,news:0,file transfer:0},appInfoUnit:[{pkgName:com.binance.monitor,activityName:,winMode:1,event:COMMON,type:0,subEvent:0,pid:32357,uid:10512}]
04-11 12:30:03.990 14034 14034 D ExtremeCommService: handleMessage what:1012
04-11 12:30:03.990 14034 14034 D ExtremeCommService: updateAppInfo appInfoUnit: com.binance.monitor, winMode:1
04-11 12:30:03.990 14034 14034 D FrontAppsEvent: receive msg:1001
04-11 12:30:03.990 14034 14034 D FrontAppsEvent: onAppSceneUpdate, infoList:[{pkgName:com.binance.monitor,activityName:,winMode:1,event:COMMON,type:0,subEvent:0,pid:32357,uid:10512}]
04-11 12:30:03.991 14034 15457 D AppSenseService: notifySenseEvent: {pkgName:com.binance.monitor,activityName:com.binance.monitor.ui.account.AccountStatsBridgeActivity,winMode:1,event:COMMON,type:0,subEvent:0,pid:32357,uid:10512},
04-11 12:30:03.991  3590  3795 D AppSenseClient: handleMessage: 100
04-11 12:30:03.991  3590  3795 D AppSenseClient: handleSenseEvent appInfoUnits: {pkgName:com.binance.monitor,activityName:com.binance.monitor.ui.account.AccountStatsBridgeActivity,winMode:1,event:COMMON,type:0,subEvent:0,pid:32357,uid:10512},
04-11 12:30:03.991  8498  8498 D AppSenseClient: handleMessage: 100
04-11 12:30:03.991  8406  8866 D AppSenseClient: handleMessage: 100
04-11 12:30:03.991  3590  3795 D AppSenseClient: handleSenseEvent clients: 1
04-11 12:30:03.991  3590  3795 D AppSenseClient: handleSenseEvent clientId: 224279445
04-11 12:30:03.991  8498  8498 D AppSenseClient: handleSenseEvent appInfoUnits: {pkgName:com.binance.monitor,activityName:com.binance.monitor.ui.account.AccountStatsBridgeActivity,winMode:1,event:COMMON,type:0,subEvent:0,pid:32357,uid:10512},
04-11 12:30:03.991  8406  8866 D AppSenseClient: handleSenseEvent appInfoUnits: {pkgName:com.binance.monitor,activityName:com.binance.monitor.ui.account.AccountStatsBridgeActivity,winMode:1,event:COMMON,type:0,subEvent:0,pid:32357,uid:10512},
04-11 12:30:03.991  8406  8866 D AppSenseClient: handleSenseEvent clients: 1
04-11 12:30:03.991  8498  8498 D AppSenseClient: handleSenseEvent clients: 1
04-11 12:30:03.991  8406  8866 D AppSenseClient: handleSenseEvent clientId: 101737326
04-11 12:30:03.991  8498  8498 D AppSenseClient: handleSenseEvent clientId: 74017188
04-11 12:30:03.991  3590  3795 D AppSenseClient: notifyAppChanges: [{pkgName:com.binance.monitor,activityName:com.binance.monitor.ui.account.AccountStatsBridgeActivity,winMode:1,event:COMMON,type:0,subEvent:0,pid:32357,uid:10512}]
04-11 12:30:03.991  8406  8866 D AppSenseClient: notifyAppChanges: [{pkgName:com.binance.monitor,activityName:com.binance.monitor.ui.account.AccountStatsBridgeActivity,winMode:1,event:COMMON,type:0,subEvent:0,pid:32357,uid:10512}]
04-11 12:30:03.991  8498  8498 D AppSenseClient: notifyAppChanges: [{pkgName:com.binance.monitor,activityName:com.binance.monitor.ui.account.AccountStatsBridgeActivity,winMode:1,event:COMMON,type:0,subEvent:0,pid:32357,uid:10512}]
04-11 12:30:03.991  8498  8498 D NhsAppSenseListener: onAppChanged, app list size: 1
04-11 12:30:03.991 13839 14411 D AppSenseClient: handleMessage: 100
04-11 12:30:03.991 13839 14411 D AppSenseClient: handleSenseEvent appInfoUnits: {pkgName:com.binance.monitor,activityName:com.binance.monitor.ui.account.AccountStatsBridgeActivity,winMode:1,event:COMMON,type:0,subEvent:0,pid:32357,uid:10512},
04-11 12:30:03.991 13839 14411 D AppSenseClient: handleSenseEvent clients: 1
04-11 12:30:03.991 13839 14411 D AppSenseClient: handleSenseEvent clientId: 106466519
04-11 12:30:03.992 13839 14411 D AppSenseClient: notifyAppChanges: [{pkgName:com.binance.monitor,activityName:com.binance.monitor.ui.account.AccountStatsBridgeActivity,winMode:1,event:COMMON,type:0,subEvent:0,pid:32357,uid:10512}]
04-11 12:30:03.992 13839 14411 D NAS-DataSceneEvent: onAppChanged, app list size: 1
04-11 12:30:03.992 13839 14411 D NAS-DataSceneEvent: updateAppSenseChange [{pkgName:com.binance.monitor,activityName:com.binance.monitor.ui.account.AccountStatsBridgeActivity,winMode:1,event:COMMON,type:0,subEvent:0,pid:32357,uid:10512}]
04-11 12:30:03.992 13839 14674 D OplusLinkBoostSceneManager: handleAppSceneChange: live broadcast off
04-11 12:30:03.993 13839 14698 E OplusNetlinkConnect: parse rsp msg failed!Message missing required fields: header
04-11 12:30:04.022  3438  4039 D QmiClient: qmiServiceEventCallback recv msg id 47
04-11 12:30:04.022  3438  4039 D QmiClient: enter -mServiceType 10 onQmiServiceEventCallback msgId 47
04-11 12:30:04.022  3438  4039 D QmiClient: onQmiServiceEventCallback - enter. msgId=47
04-11 12:30:04.022  3438  3488 D OttProxy: handleMessage msg is 3001
04-11 12:30:04.022 14034 14747 D SubsysRadioIndication[1]: radioLinkLatencyInfoInd
04-11 12:30:04.022 14034 14747 D SubsysRadioIndication[1]: notify enter
04-11 12:30:04.023 14034 14034 D NetworkService[1]: handleMessage what:1008
04-11 12:30:04.023 14034 14034 D NetworkService[1]: EVENT_REG_LINK_LATENCY_INFO_CHANGE ulLatency:10758
