04-11 12:30:19.244  3590  3792 V WindowManager:  OplusTransitionExtendedInfo{mTmpFinishT=null, mInOplusCompatMode=false, mIsProcessRunning=false, mHasMismatchBoundsTarget=false, mRecentsController=null, mRemoteTransition=null, mIsTranslucentActivityToHome=false, mAvoidInterceptKeyEventToHome=false, mIsFromHome=false, mParentLeash=null, mBackAnimClosingLeash=null, mIsOplusAnimRes=false, mKeepBgForContinuous=false, mIsBalAllow=false, mTaskNotInRecent=false, mIsPredictiveBackAnim=false, mIsMergedWithPredictive=false, mIsLaunchFromSpruce=false, mIsLaunchFromDrive=false, mGlobalSearchPageSwitch=false, mNeedNoAlphaGlobalSearchScene=false, mAssistScreenShowing=false, mSwipeUpBrowserScreenShowing=false, mUserIdTransition=-1
04-11 12:30:19.244  3590  3792 V WindowManager: , mInRemoteScene=false, mInPreReady=false, mPreStart=false, mToken=null, mAbortByRemoteFromHome=false, mShellApplyToken=null, mRequestTransitionTaskId=13089, mAbortTransitionOnShell=0, mStartFromShortcut=false, mRemovedTaskId=-1, mTransitionInterruptType=0, mMergeSecondTaskId=-1, mTaskIdStartFromRecents=0, mTransitionId=27132, mCanUseSpringSlideAnim=false, mTransitionLaunchFrom=0, mFoldChangeType=-1, mAnimStartingPosition=[0, 0, 0, 0], mIsOpeningStkDialogActivity=false, mSecondaryHomeToFrontWhenUnFolding=false, mIsNeedApplyStartTForEmbedded=false
04-11 12:30:19.244  3590  3792 V WindowManager: , mNeedCanvasExitAnim=false, mMergeSecondTaskAnimation=false, mIsLaunchUnityStart=false, mIsLaunchFromAssistantByDefault=false, mSkipRemoteTransitionfalse, mIsStartFromKeyguard=false flags=0x0, mWCT=null, mIsOpenMergeToInValidPredictive=false, mPromoteTaskWhenKeyguard-1, mRootLayerZOrderArray={}}]}
04-11 12:30:19.244  8338 12185 W OPLUS_LOG_LOAD: ==LOGS PROG INFO, prog(com.android.systemui) ==
04-11 12:30:19.244  8338 12185 V WindowManagerShell: onTransitionReady(transaction=15418935202877)
04-11 12:30:19.244  3590  3796 D InsetsSourceProvider: updateSourceFrameForServerVisibility mandatorySystemGestures EMPTY_RECT
04-11 12:30:19.244  8338  8381 V WindowManagerShell: onTransitionReady (#27132) android.os.BinderProxy@9b508b5: {id=27132 t=OPEN f=0x0 trk=0 r=[0@Point(0, 0)] c=[
04-11 12:30:19.244  8338  8381 V WindowManagerShell:         {m=CLOSE f=FILLS_TASK leash=Surface(name=ActivityRecord{51477392 u0 com.binance.monitor/.ui.settings.SettingsActivity t13089})/@0x6c93bd8 sb=Rect(0, 0 - 1264, 2780) eb=Rect(0, 0 - 1264, 2780) epz=Point(1264, 2780) d=0 component=com.binance.monitor/.ui.settings.SettingsActivity opt={t=CUSTOM enterResId=0 changeResId=0 exitResId=0 mUserId=0}},
04-11 12:30:19.244  8338  8381 V WindowManagerShell:         {m=TO_FRONT f=FILLS_TASK leash=Surface(name=ActivityRecord{95862188 u0 com.binance.monitor/.ui.account.AccountStatsBridgeActivity t13089})/@0x4fa7b31 sb=Rect(0, 0 - 1264, 2780) eb=Rect(0, 0 - 1264, 2780) epz=Point(1264, 2780) d=0 component=com.binance.monitor/.ui.account.AccountStatsBridgeActivity opt={t=CUSTOM enterResId=0 changeResId=0 exitResId=0 mUserId=0}}
04-11 12:30:19.244  8338  8381 V WindowManagerShell:     ] 
04-11 12:30:19.244  8338  8381 V WindowManagerShell: extendInfo=[
04-11 12:30:19.244  8338  8381 V WindowManagerShell:  OplusTransitionExtendedInfo{mTmpFinishT=null, mInOplusCompatMode=false, mIsProcessRunning=false, mHasMismatchBoundsTarget=false, mRecentsController=null, mRemoteTransition=null, mIsTranslucentActivityToHome=false, mAvoidInterceptKeyEventToHome=false, mIsFromHome=false, mParentLeash=null, mBackAnimClosingLeash=null, mIsOplusAnimRes=false, mKeepBgForContinuous=false, mIsBalAllow=false, mTaskNotInRecent=false, mIsPredictiveBackAnim=false, mIsMergedWithPredictive=false, mIsLaunchFromSpruce=false, mIsLaunchFromDrive=false, mGlobalSearchPageSwitch=false, mNeedNoAlphaGlobalSearchScene=false, mAssistScreenShowing=false, mSwipeUpBrowserScreenShowing=false, mUserIdTransition=-1
04-11 12:30:19.244  8338  8381 V WindowManagerShell: , mInRemoteScene=false, mInPreReady=false, mPreStart=false, mToken=null, mAbortByRemoteFromHome=false, mShellApplyToken=null, mRequestTransitionTaskId=13089, mAbortTransitionOnShell=0, mStartFromShortcut=false, mRemovedTaskId=-1, mTransitionInterruptType=0, mMergeSecondTaskId=-1, mTaskIdStartFromRecents=0, mTransitionId=27132, mCanUseSpringSlideAnim=false, mTransitionLaunchFrom=0, mFoldChangeType=-1, mAnimStartingPosition=[0, 0, 0, 0], mIsOpeningStkDialogActivity=false, mSecondaryHomeToFrontWhenUnFolding=false, mIsNeedApplyStartTForEmbedded=false
04-11 12:30:19.244  8338  8381 V WindowManagerShell: , mNeedCanvasExitAnim=false, mMergeSecondTaskAnimation=false, mIsLaunchUnityStart=false, mIsLaunchFromAssistantByDefault=false, mSkipRemoteTransitionfalse, mIsStartFromKeyguard=false flags=0x0, mWCT=null, mIsOpenMergeToInValidPredictive=false, mPromoteTaskWhenKeyguard-1, mRootLayerZOrderArray={}}]}
04-11 12:30:19.244  8338  8381 D OplusShellTransition: dispatchReady, active:(#27132) android.os.BinderProxy@9b508b5@0, isSync=false, track:com.android.wm.shell.transition.Transitions$Track@f3fa59b
04-11 12:30:19.244  8338  8381 D OplusShellTransition: Abort transition (#27132) android.os.BinderProxy@9b508b5@0 WMCore requested. reason: 0; abortTransition: false
04-11 12:30:19.244  8338  8381 V WindowManagerShell: Playing animation for (#27132) android.os.BinderProxy@9b508b5@0
04-11 12:30:19.244  8338  8381 V ShellRecents: RecentsTransitionHandler.startAnimation: no controller found
04-11 12:30:19.244  8338  8381 V WindowManagerShell: start OnePuttTransition animation, info = {id=27132 t=OPEN f=0x0 trk=0 r=[0@Point(0, 0)] c=[{m=CLOSE f=FILLS_TASK leash=Surface(name=ActivityRecord{51477392 u0 com.binance.monitor/.ui.settings.SettingsActivity t13089})/@0x6c93bd8 sb=Rect(0, 0 - 1264, 2780) eb=Rect(0, 0 - 1264, 2780) epz=Point(1264, 2780) d=0 component=com.binance.monitor/.ui.settings.SettingsActivity opt={t=CUSTOM enterResId=0 changeResId=0 exitResId=0 mUserId=0}},{m=TO_FRONT f=FILLS_TASK leash=Surface(name=ActivityRecord{95862188 u0 com.binance.monitor/.ui.account.AccountStatsBridgeActivity t13089})/@0x4fa7b31 sb=Rect(0, 0 - 1264, 2780) eb=Rect(0, 0 - 1264, 2780) epz=Point(1264, 2780) d=0 component=com.binance.monitor/.ui.account.AccountStatsBridgeActivity opt={t=CUSTOM enterResId=0 changeResId=0 exitResId=0 mUserId=0}}] 
04-11 12:30:19.244  8338  8381 V WindowManagerShell: extendInfo=[
04-11 12:30:19.244  8338  8381 V WindowManagerShell:  OplusTransitionExtendedInfo{mTmpFinishT=null, mInOplusCompatMode=false, mIsProcessRunning=false, mHasMismatchBoundsTarget=false, mRecentsController=null, mRemoteTransition=null, mIsTranslucentActivityToHome=false, mAvoidInterceptKeyEventToHome=false, mIsFromHome=false, mParentLeash=null, mBackAnimClosingLeash=null, mIsOplusAnimRes=false, mKeepBgForContinuous=false, mIsBalAllow=false, mTaskNotInRecent=false, mIsPredictiveBackAnim=false, mIsMergedWithPredictive=false, mIsLaunchFromSpruce=false, mIsLaunchFromDrive=false, mGlobalSearchPageSwitch=false, mNeedNoAlphaGlobalSearchScene=false, mAssistScreenShowing=false, mSwipeUpBrowserScreenShowing=false, mUserIdTransition=-1
04-11 12:30:19.244  8338  8381 V WindowManagerShell: , mInRemoteScene=false, mInPreReady=false, mPreStart=false, mToken=null, mAbortByRemoteFromHome=false, mShellApplyToken=null, mRequestTransitionTaskId=13089, mAbortTransitionOnShell=0, mStartFromShortcut=false, mRemovedTaskId=-1, mTransitionInterruptType=0, mMergeSecondTaskId=-1, mTaskIdStartFromRecents=0, mTransitionId=27132, mCanUseSpringSlideAnim=false, mTransitionLaunchFrom=0, mFoldChangeType=-1, mAnimStartingPosition=[0, 0, 0, 0], mIsOpeningStkDialogActivity=false, mSecondaryHomeToFrontWhenUnFolding=false, mIsNeedApplyStartTForEmbedded=false
04-11 12:30:19.244  8338  8381 V WindowManagerShell: , mNeedCanvasExitAnim=false, mMergeSecondTaskAnimation=false, mIsLaunchUnityStart=false, mIsLaunchFromAssistantByDefault=false, mSkipRemoteTransitionfalse, mIsStartFromKeyguard=false flags=0x0, mWCT=null, mIsOpenMergeToInValidPredictive=false, mPromoteTaskWhenKeyguard-1, mRootLayerZOrderArray={}}]}
04-11 12:30:19.244  8338  8381 D FlexibleTaskTransitionHandler:  performAnimation transition:android.os.BinderProxy@9b508b5 ,info:{id=27132 t=OPEN f=0x0 trk=0 r=[0@Point(0, 0)] c=[{m=CLOSE f=FILLS_TASK leash=Surface(name=ActivityRecord{51477392 u0 com.binance.monitor/.ui.settings.SettingsActivity t13089})/@0x6c93bd8 sb=Rect(0, 0 - 1264, 2780) eb=Rect(0, 0 - 1264, 2780) epz=Point(1264, 2780) d=0 component=com.binance.monitor/.ui.settings.SettingsActivity opt={t=CUSTOM enterResId=0 changeResId=0 exitResId=0 mUserId=0}},{m=TO_FRONT f=FILLS_TASK leash=Surface(name=ActivityRecord{95862188 u0 com.binance.monitor/.ui.account.AccountStatsBridgeActivity t13089})/@0x4fa7b31 sb=Rect(0, 0 - 1264, 2780) eb=Rect(0, 0 - 1264, 2780) epz=Point(1264, 2780) d=0 component=com.binance.monitor/.ui.account.AccountStatsBridgeActivity opt={t=CUSTOM enterResId=0 changeResId=0 exitResId=0 mUserId=0}}] 
04-11 12:30:19.244  8338  8381 D FlexibleTaskTransitionHandler: extendInfo=[
04-11 12:30:19.244  8338  8381 D FlexibleTaskTransitionHandler:  OplusTransitionExtendedInfo{mTmpFinishT=null, mInOplusCompatMode=false, mIsProcessRunning=false, mHasMismatchBoundsTarget=false, mRecentsController=null, mRemoteTransition=null, mIsTranslucentActivityToHome=false, mAvoidInterceptKeyEventToHome=false, mIsFromHome=false, mParentLeash=null, mBackAnimClosingLeash=null, mIsOplusAnimRes=false, mKeepBgForContinuous=false, mIsBalAllow=false, mTaskNotInRecent=false, mIsPredictiveBackAnim=false, mIsMergedWithPredictive=false, mIsLaunchFromSpruce=false, mIsLaunchFromDrive=false, mGlobalSearchPageSwitch=false, mNeedNoAlphaGlobalSearchScene=false, mAssistScreenShowing=false, mSwipeUpBrowserScreenShowing=false, mUserIdTransition=-1
04-11 12:30:19.244  8338  8381 D FlexibleTaskTransitionHandler: , mInRemoteScene=false, mInPreReady=false, mPreStart=false, mToken=null, mAbortByRemoteFromHome=false, mShellApplyToken=null, mRequestTransitionTaskId=13089, mAbortTransitionOnShell=0, mStartFromShortcut=false, mRemovedTaskId=-1, mTransitionInterruptType=0, mMergeSecondTaskId=-1, mTaskIdStartFromRecents=0, mTransitionId=27132, mCanUseSpringSlideAnim=false, mTransitionLaunchFrom=0, mFoldChangeType=-1, mAnimStartingPosition=[0, 0, 0, 0], mIsOpeningStkDialogActivity=false, mSecondaryHomeToFrontWhenUnFolding=false, mIsNeedApplyStartTForEmbedded=false
04-11 12:30:19.244  8338  8381 D FlexibleTaskTransitionHandler: , mNeedCanvasExitAnim=false, mMergeSecondTaskAnimation=false, mIsLaunchUnityStart=false, mIsLaunchFromAssistantByDefault=false, mSkipRemoteTransitionfalse, mIsStartFromKeyguard=false flags=0x0, mWCT=null, mIsOpenMergeToInValidPredictive=false, mPromoteTaskWhenKeyguard-1, mRootLayerZOrderArray={}}]}
04-11 12:30:19.244  8338  8381 D FlexibleTaskTransitionHandler:  no need handler this transitionInfo: {id=27132 t=OPEN f=0x0 trk=0 r=[0@Point(0, 0)] c=[{m=CLOSE f=FILLS_TASK leash=Surface(name=ActivityRecord{51477392 u0 com.binance.monitor/.ui.settings.SettingsActivity t13089})/@0x6c93bd8 sb=Rect(0, 0 - 1264, 2780) eb=Rect(0, 0 - 1264, 2780) epz=Point(1264, 2780) d=0 component=com.binance.monitor/.ui.settings.SettingsActivity opt={t=CUSTOM enterResId=0 changeResId=0 exitResId=0 mUserId=0}},{m=TO_FRONT f=FILLS_TASK leash=Surface(name=ActivityRecord{95862188 u0 com.binance.monitor/.ui.account.AccountStatsBridgeActivity t13089})/@0x4fa7b31 sb=Rect(0, 0 - 1264, 2780) eb=Rect(0, 0 - 1264, 2780) epz=Point(1264, 2780) d=0 component=com.binance.monitor/.ui.account.AccountStatsBridgeActivity opt={t=CUSTOM enterResId=0 changeResId=0 exitResId=0 mUserId=0}}] 
04-11 12:30:19.244  8338  8381 D FlexibleTaskTransitionHandler: extendInfo=[
04-11 12:30:19.244  8338  8381 D FlexibleTaskTransitionHandler:  OplusTransitionExtendedInfo{mTmpFinishT=null, mInOplusCompatMode=false, mIsProcessRunning=false, mHasMismatchBoundsTarget=false, mRecentsController=null, mRemoteTransition=null, mIsTranslucentActivityToHome=false, mAvoidInterceptKeyEventToHome=false, mIsFromHome=false, mParentLeash=null, mBackAnimClosingLeash=null, mIsOplusAnimRes=false, mKeepBgForContinuous=false, mIsBalAllow=false, mTaskNotInRecent=false, mIsPredictiveBackAnim=false, mIsMergedWithPredictive=false, mIsLaunchFromSpruce=false, mIsLaunchFromDrive=false, mGlobalSearchPageSwitch=false, mNeedNoAlphaGlobalSearchScene=false, mAssistScreenShowing=false, mSwipeUpBrowserScreenShowing=false, mUserIdTransition=-1
04-11 12:30:19.244  8338  8381 D FlexibleTaskTransitionHandler: , mInRemoteScene=false, mInPreReady=false, mPreStart=false, mToken=null, mAbortByRemoteFromHome=false, mShellApplyToken=null, mRequestTransitionTaskId=13089, mAbortTransitionOnShell=0, mStartFromShortcut=false, mRemovedTaskId=-1, mTransitionInterruptType=0, mMergeSecondTaskId=-1, mTaskIdStartFromRecents=0, mTransitionId=27132, mCanUseSpringSlideAnim=false, mTransitionLaunchFrom=0, mFoldChangeType=-1, mAnimStartingPosition=[0, 0, 0, 0], mIsOpeningStkDialogActivity=false, mSecondaryHomeToFrontWhenUnFolding=false, mIsNeedApplyStartTForEmbedded=false
04-11 12:30:19.244  8338  8381 D FlexibleTaskTransitionHandler: , mNeedCanvasExitAnim=false, mMergeSecondTaskAnimation=false, mIsLaunchUnityStart=false, mIsLaunchFromAssistantByDefault=false, mSkipRemoteTransitionfalse, mIsStartFromKeyguard=false flags=0x0, mWCT=null, mIsOpenMergeToInValidPredictive=false, mPromoteTaskWhenKeyguard-1, mRootLayerZOrderArray={}}]}
04-11 12:30:19.244  8338  8381 V WindowManagerShell: Transition doesn't have explicit remote, search filters for match for {id=27132 t=OPEN f=0x0 trk=0 r=[0@Point(0, 0)] c=[{m=CLOSE f=FILLS_TASK leash=Surface(name=ActivityRecord{51477392 u0 com.binance.monitor/.ui.settings.SettingsActivity t13089})/@0x6c93bd8 sb=Rect(0, 0 - 1264, 2780) eb=Rect(0, 0 - 1264, 2780) epz=Point(1264, 2780) d=0 component=com.binance.monitor/.ui.settings.SettingsActivity opt={t=CUSTOM enterResId=0 changeResId=0 exitResId=0 mUserId=0}},{m=TO_FRONT f=FILLS_TASK leash=Surface(name=ActivityRecord{95862188 u0 com.binance.monitor/.ui.account.AccountStatsBridgeActivity t13089})/@0x4fa7b31 sb=Rect(0, 0 - 1264, 2780) eb=Rect(0, 0 - 1264, 2780) epz=Point(1264, 2780) d=0 component=com.binance.monitor/.ui.account.AccountStatsBridgeActivity opt={t=CUSTOM enterResId=0 changeResId=0 exitResId=0 mUserId=0}}] 
04-11 12:30:19.244  8338  8381 V WindowManagerShell: extendInfo=[
04-11 12:30:19.244  8338  8381 V WindowManagerShell:  OplusTransitionExtendedInfo{mTmpFinishT=null, mInOplusCompatMode=false, mIsProcessRunning=false, mHasMismatchBoundsTarget=false, mRecentsController=null, mRemoteTransition=null, mIsTranslucentActivityToHome=false, mAvoidInterceptKeyEventToHome=false, mIsFromHome=false, mParentLeash=null, mBackAnimClosingLeash=null, mIsOplusAnimRes=false, mKeepBgForContinuous=false, mIsBalAllow=false, mTaskNotInRecent=false, mIsPredictiveBackAnim=false, mIsMergedWithPredictive=false, mIsLaunchFromSpruce=false, mIsLaunchFromDrive=false, mGlobalSearchPageSwitch=false, mNeedNoAlphaGlobalSearchScene=false, mAssistScreenShowing=false, mSwipeUpBrowserScreenShowing=false, mUserIdTransition=-1
04-11 12:30:19.244  8338  8381 V WindowManagerShell: , mInRemoteScene=false, mInPreReady=false, mPreStart=false, mToken=null, mAbortByRemoteFromHome=false, mShellApplyToken=null, mRequestTransitionTaskId=13089, mAbortTransitionOnShell=0, mStartFromShortcut=false, mRemovedTaskId=-1, mTransitionInterruptType=0, mMergeSecondTaskId=-1, mTaskIdStartFromRecents=0, mTransitionId=27132, mCanUseSpringSlideAnim=false, mTransitionLaunchFrom=0, mFoldChangeType=-1, mAnimStartingPosition=[0, 0, 0, 0], mIsOpeningStkDialogActivity=false, mSecondaryHomeToFrontWhenUnFolding=false, mIsNeedApplyStartTForEmbedded=false
04-11 12:30:19.244  8338  8381 V WindowManagerShell: , mNeedCanvasExitAnim=false, mMergeSecondTaskAnimation=false, mIsLaunchUnityStart=false, mIsLaunchFromAssistantByDefault=false, mSkipRemoteTransitionfalse, mIsStartFromKeyguard=false flags=0x0, mWCT=null, mIsOpenMergeToInValidPredictive=false, mPromoteTaskWhenKeyguard-1, mRootLayerZOrderArray={}}]}
04-11 12:30:19.244  8338  8381 V WindowManagerShell:  Checking filter Pair{{types=[] flags=0x0] notFlags=0x100 checks=[{atype=home independent=true modes=[OPEN,TO_FRONT] flags=NONE mustBeTask=false order=TOP topActivity=ComponentInfo{com.android.launcher/com.android.launcher.Launcher} launchCookie=null windowingMode=undefined},{atype=standard independent=true modes=[CLOSE,TO_BACK] flags=NONE mustBeTask=false order=ANY topActivity=null launchCookie=null windowingMode=undefined}]} RemoteTransition { remoteTransition = android.window.IRemoteTransition$Stub$Proxy@a5bfc11, appThread = android.app.IApplicationThread$Stub$Proxy@61db176, debugName = QuickstepLaunchHome }}
04-11 12:30:19.244  8338  8381 V WindowManagerShell:  Delegate animation for (#27132) to null
04-11 12:30:19.245  8338  8381 V WindowManagerShell: start default transition animation, info = {id=27132 t=OPEN f=0x0 trk=0 r=[0@Point(0, 0)] c=[{m=CLOSE f=FILLS_TASK leash=Surface(name=ActivityRecord{51477392 u0 com.binance.monitor/.ui.settings.SettingsActivity t13089})/@0x6c93bd8 sb=Rect(0, 0 - 1264, 2780) eb=Rect(0, 0 - 1264, 2780) epz=Point(1264, 2780) d=0 component=com.binance.monitor/.ui.settings.SettingsActivity opt={t=CUSTOM enterResId=0 changeResId=0 exitResId=0 mUserId=0}},{m=TO_FRONT f=FILLS_TASK leash=Surface(name=ActivityRecord{95862188 u0 com.binance.monitor/.ui.account.AccountStatsBridgeActivity t13089})/@0x4fa7b31 sb=Rect(0, 0 - 1264, 2780) eb=Rect(0, 0 - 1264, 2780) epz=Point(1264, 2780) d=0 component=com.binance.monitor/.ui.account.AccountStatsBridgeActivity opt={t=CUSTOM enterResId=0 changeResId=0 exitResId=0 mUserId=0}}] 
04-11 12:30:19.245  8338  8381 V WindowManagerShell: extendInfo=[
04-11 12:30:19.245  8338  8381 V WindowManagerShell:  OplusTransitionExtendedInfo{mTmpFinishT=null, mInOplusCompatMode=false, mIsProcessRunning=false, mHasMismatchBoundsTarget=false, mRecentsController=null, mRemoteTransition=null, mIsTranslucentActivityToHome=false, mAvoidInterceptKeyEventToHome=false, mIsFromHome=false, mParentLeash=null, mBackAnimClosingLeash=null, mIsOplusAnimRes=false, mKeepBgForContinuous=false, mIsBalAllow=false, mTaskNotInRecent=false, mIsPredictiveBackAnim=false, mIsMergedWithPredictive=false, mIsLaunchFromSpruce=false, mIsLaunchFromDrive=false, mGlobalSearchPageSwitch=false, mNeedNoAlphaGlobalSearchScene=false, mAssistScreenShowing=false, mSwipeUpBrowserScreenShowing=false, mUserIdTransition=-1
04-11 12:30:19.245  8338  8381 V WindowManagerShell: , mInRemoteScene=false, mInPreReady=false, mPreStart=false, mToken=null, mAbortByRemoteFromHome=false, mShellApplyToken=null, mRequestTransitionTaskId=13089, mAbortTransitionOnShell=0, mStartFromShortcut=false, mRemovedTaskId=-1, mTransitionInterruptType=0, mMergeSecondTaskId=-1, mTaskIdStartFromRecents=0, mTransitionId=27132, mCanUseSpringSlideAnim=false, mTransitionLaunchFrom=0, mFoldChangeType=-1, mAnimStartingPosition=[0, 0, 0, 0], mIsOpeningStkDialogActivity=false, mSecondaryHomeToFrontWhenUnFolding=false, mIsNeedApplyStartTForEmbedded=false
04-11 12:30:19.245  8338  8381 V WindowManagerShell: , mNeedCanvasExitAnim=false, mMergeSecondTaskAnimation=false, mIsLaunchUnityStart=false, mIsLaunchFromAssistantByDefault=false, mSkipRemoteTransitionfalse, mIsStartFromKeyguard=false flags=0x0, mWCT=null, mIsOpenMergeToInValidPredictive=false, mPromoteTaskWhenKeyguard-1, mRootLayerZOrderArray={}}]}
04-11 12:30:19.245  8338  8381 D FSS_OplusFoldSwitchStateObserver: cancelAnimationIfNeedWhenFolding: foldChangeType = -1
04-11 12:30:19.245  8338  8381 D OplusShellTransition: canCustomizeAppTransition, isGlobalSearchPageSwitch = false, swipeUpBrowserPageSwitch = false, onlyHasTranslucentActivity = false, pkgName = com.binance.monitor
04-11 12:30:19.245  8338  8381 D OplusShellTransition: This page has its own override animation, enterResId = 0, closeResId = 0, pkgName = com.binance.monitor
04-11 12:30:19.245  8338  8381 D OplusShellTransition: checkAndLoadCustomAnimation packageName =:com.binance.monitor,transit =:2,enter =:true,animResId =:0
04-11 12:30:19.245  8338  8381 D OplusShellTransition: canCustomizeAppTransition, isGlobalSearchPageSwitch = false, swipeUpBrowserPageSwitch = false, onlyHasTranslucentActivity = false, pkgName = com.binance.monitor
04-11 12:30:19.245  8338  8381 D OplusShellTransition: This page has its own override animation, enterResId = 0, closeResId = 0, pkgName = com.binance.monitor
04-11 12:30:19.245  8338  8381 D OplusShellTransition: checkAndLoadCustomAnimation packageName =:com.binance.monitor,transit =:2,enter =:false,animResId =:0
04-11 12:30:19.245  8338  8381 D OplusShellTransition: addBackgroundColorOnTask, , isTaskLevelTransition = false, hasBgAlready = false
04-11 12:30:19.245  8338  8381 D OplusShellTransition: DefaultTransitionHandler#onAnimFinish=> transition=android.os.BinderProxy@9b508b5, backAnimContinue=false
04-11 12:30:19.246  8338  8381 V WindowManagerShell: Transition animation finished (aborted=false), notifying core (#27132) android.os.BinderProxy@9b508b5@0
04-11 12:30:19.246  8338  8381 D SplitScreen-->AppLockManager: setStartFromSafeControl mStartFromSafeControl=false
04-11 12:30:19.246  8338  8381 D ShellTaskOrganizerExt: adjust change for exiting mini task: -1
04-11 12:30:19.247  3590  8061 D Transition: finishTransition ar ActivityRecord{51477392 u0 com.binance.monitor/.ui.settings.SettingsActivity t13089 f}}, isVisibleRequested=false, state=STOPPING, visibleAtTransitionEndTokens={ActivityRecord{95862188 u0 com.binance.monitor/.ui.account.AccountStatsBridgeActivity t13089}}, this=TransitionRecord{acf5d15 id=27132 track=0 type=OPEN flags=0x0 state=2 c=[
04-11 12:30:19.247  3590  8061 D Transition:    ChangeInfo{be5382a container=ActivityRecord{2336319 u0 com.binance.monitor/.ui.chart.MarketChartActivity t-1 f}} flags=0x0}
04-11 12:30:19.247  3590  8061 D Transition:    ChangeInfo{231e61b container=Display{#0 state=ON size=1264x2780 ROTATION_0} flags=0x0}
04-11 12:30:19.247  3590  8061 D Transition:    ChangeInfo{be765a3 container=ActivityRecord{51477392 u0 com.binance.monitor/.ui.settings.SettingsActivity t13089 f}} flags=0x0}
04-11 12:30:19.247  3590  8061 D Transition:    ChangeInfo{73d63b8 container=ActivityRecord{55706302 u0 com.binance.monitor/.ui.account.AccountStatsBridgeActivity t-1} flags=0x0}
04-11 12:30:19.247  3590  8061 D Transition:    ChangeInfo{19020a0 container=ActivityRecord{95862188 u0 com.binance.monitor/.ui.account.AccountStatsBridgeActivity t13089} flags=0x0}
04-11 12:30:19.247  3590  8061 D Transition:    ChangeInfo{1d5b591 container=DefaultTaskDisplayArea@136308155 flags=0x0}
04-11 12:30:19.247  3590  8061 D Transition:    ChangeInfo{476acf6 container=Task{a10d0a5 #13089 type=standard A=10512:com.binance.monitor} flags=0x0}
04-11 12:30:19.247  3590  8061 D Transition: ]
04-11 12:30:19.247  3590  8061 D Transition: }
04-11 12:30:19.247  3590  8061 D ActivityTaskManager: commitVisibility: ActivityRecord{51477392 u0 com.binance.monitor/.ui.settings.SettingsActivity t13089 f}}: visible=false visibleRequested=false, isInTransition=false 
04-11 12:30:19.247  3590  8061 D WindowManager: NFW_setClientVisible:ActivityRecord{51477392 u0 com.binance.monitor/.ui.settings.SettingsActivity t13089 f}} clientVisible:false
04-11 12:30:19.247  3590  8061 I WindowManager: Window{a82e8c0 u0 com.binance.monitor/com.binance.monitor.ui.settings.SettingsActivity} state from HAS_DRAWN to DRAW_PENDING; reason: resetDrawState
04-11 12:30:19.247  3590  8061 D Transition: finishTransition ar ActivityRecord{95862188 u0 com.binance.monitor/.ui.account.AccountStatsBridgeActivity t13089}, isVisibleRequested=true, state=RESUMED, visibleAtTransitionEndTokens={ActivityRecord{95862188 u0 com.binance.monitor/.ui.account.AccountStatsBridgeActivity t13089}}, this=TransitionRecord{acf5d15 id=27132 track=0 type=OPEN flags=0x0 state=2 c=[
04-11 12:30:19.247  3590  8061 D Transition:    ChangeInfo{be5382a container=ActivityRecord{2336319 u0 com.binance.monitor/.ui.chart.MarketChartActivity t-1 f}} flags=0x0}
04-11 12:30:19.247  3590  8061 D Transition:    ChangeInfo{231e61b container=Display{#0 state=ON size=1264x2780 ROTATION_0} flags=0x0}
04-11 12:30:19.247  3590  8061 D Transition:    ChangeInfo{be765a3 container=ActivityRecord{51477392 u0 com.binance.monitor/.ui.settings.SettingsActivity t13089 f}} flags=0x0}
04-11 12:30:19.247  3590  8061 D Transition:    ChangeInfo{73d63b8 container=ActivityRecord{55706302 u0 com.binance.monitor/.ui.account.AccountStatsBridgeActivity t-1} flags=0x0}
04-11 12:30:19.247  3590  8061 D Transition:    ChangeInfo{19020a0 container=ActivityRecord{95862188 u0 com.binance.monitor/.ui.account.AccountStatsBridgeActivity t13089} flags=0x0}
04-11 12:30:19.247  3590  8061 D Transition:    ChangeInfo{1d5b591 container=DefaultTaskDisplayArea@136308155 flags=0x0}
04-11 12:30:19.247  3590  8061 D Transition:    ChangeInfo{476acf6 container=Task{a10d0a5 #13089 type=standard A=10512:com.binance.monitor} flags=0x0}
04-11 12:30:19.247  3590  8061 D Transition: ]
04-11 12:30:19.247  3590  8061 D Transition: }
04-11 12:30:19.247  3590  8061 I OplusAppSwitchManagerService:  handleAppVisible , r = ActivityRecord{95862188 u0 com.binance.monitor/.ui.account.AccountStatsBridgeActivity t13089}
04-11 12:30:19.247 32357 26047 D VRI[SettingsActivity]: dispatchAppVisibility visible:false mUpcomingWindowFocus:false
04-11 12:30:19.247  3590  8061 D OplusTransitionController: finishTransition, transition: TransitionRecord{acf5d15 id=27132 track=0 type=OPEN flags=0x0 state=4 c=[
04-11 12:30:19.247  3590  8061 D OplusTransitionController:    ChangeInfo{be5382a container=ActivityRecord{2336319 u0 com.binance.monitor/.ui.chart.MarketChartActivity t-1 f}} flags=0x0}
04-11 12:30:19.247  3590  8061 D OplusTransitionController:    ChangeInfo{231e61b container=Display{#0 state=ON size=1264x2780 ROTATION_0} flags=0x0}
04-11 12:30:19.247  3590  8061 D OplusTransitionController:    ChangeInfo{be765a3 container=ActivityRecord{51477392 u0 com.binance.monitor/.ui.settings.SettingsActivity t13089 f}} flags=0x0}
04-11 12:30:19.247  3590  8061 D OplusTransitionController:    ChangeInfo{73d63b8 container=ActivityRecord{55706302 u0 com.binance.monitor/.ui.account.AccountStatsBridgeActivity t-1} flags=0x0}
04-11 12:30:19.247  3590  8061 D OplusTransitionController:    ChangeInfo{19020a0 container=ActivityRecord{95862188 u0 com.binance.monitor/.ui.account.AccountStatsBridgeActivity t13089} flags=0x0}
04-11 12:30:19.247  3590  8061 D OplusTransitionController:    ChangeInfo{1d5b591 container=DefaultTaskDisplayArea@136308155 flags=0x0}
04-11 12:30:19.247  3590  8061 D OplusTransitionController:    ChangeInfo{476acf6 container=Task{a10d0a5 #13089 type=standard A=10512:com.binance.monitor} flags=0x0}
04-11 12:30:19.247  3590  8061 D OplusTransitionController: ]
04-11 12:30:19.247  3590  8061 D OplusTransitionController: }
04-11 12:30:19.247  3590  8061 D FlexibleTaskTransitionController:  finishTransition pendingRecentToFlexibleTask:null,isRotationTransition:false ,pendingRecentToFlexible:null ,transition:TransitionRecord{acf5d15 id=27132 track=0 type=OPEN flags=0x0 state=4 c=[
04-11 12:30:19.247  3590  8061 D FlexibleTaskTransitionController:    ChangeInfo{be5382a container=ActivityRecord{2336319 u0 com.binance.monitor/.ui.chart.MarketChartActivity t-1 f}} flags=0x0}
04-11 12:30:19.247  3590  8061 D FlexibleTaskTransitionController:    ChangeInfo{231e61b container=Display{#0 state=ON size=1264x2780 ROTATION_0} flags=0x0}
04-11 12:30:19.247  3590  8061 D FlexibleTaskTransitionController:    ChangeInfo{be765a3 container=ActivityRecord{51477392 u0 com.binance.monitor/.ui.settings.SettingsActivity t13089 f}} flags=0x0}
04-11 12:30:19.247  3590  8061 D FlexibleTaskTransitionController:    ChangeInfo{73d63b8 container=ActivityRecord{55706302 u0 com.binance.monitor/.ui.account.AccountStatsBridgeActivity t-1} flags=0x0}
04-11 12:30:19.247  3590  8061 D FlexibleTaskTransitionController:    ChangeInfo{19020a0 container=ActivityRecord{95862188 u0 com.binance.monitor/.ui.account.AccountStatsBridgeActivity t13089} flags=0x0}
04-11 12:30:19.247  3590  8061 D FlexibleTaskTransitionController:    ChangeInfo{1d5b591 container=DefaultTaskDisplayArea@136308155 flags=0x0}
04-11 12:30:19.247  3590  8061 D FlexibleTaskTransitionController:    ChangeInfo{476acf6 container=Task{a10d0a5 #13089 type=standard A=10512:com.binance.monitor} flags=0x0}
04-11 12:30:19.247  3590  8061 D FlexibleTaskTransitionController: ]
04-11 12:30:19.247  3590  8061 D FlexibleTaskTransitionController: }
04-11 12:30:19.248  3590  8061 D TransitionControllerExtImpl: NFW_send RECOMPUTE_FOCUS in finishTransition
04-11 12:30:19.248  3590  3830 W UserAwareMgr: event can not be released, id: 5005, count: 2, releasePid: 3590
04-11 12:30:19.248  8338  8381 D ShellTaskOrganizer: onTransitionFinish, isRecent:false
04-11 12:30:19.248  8338  8381 V WindowManagerShell: Track 0 became idle
04-11 12:30:19.248  8338  8381 V WindowManagerShell: All active transition animations finished
04-11 12:30:19.248  8338  8381 V WindowManagerShell:  animated by com.android.wm.shell.transition.DefaultTransitionHandler@423c8cd
04-11 12:30:19.248  8338  8381 D OplusShellTransition: dispatchTransition, animated mHandler: com.android.wm.shell.transition.DefaultTransitionHandler@423c8cd
04-11 12:30:19.248  8338  8381 V WindowManagerShell: Track 0 became idle
04-11 12:30:19.248  8338  8381 V WindowManagerShell: All active transition animations finished
04-11 12:30:19.248  3590  3796 D InsetsSourceProvider: updateSourceFrameForServerVisibility mandatorySystemGestures EMPTY_RECT
04-11 12:30:19.248  3590  3875 D VRR [OPlusRefreshRateService]:  setDirectorStates [flag: 1, state: 0, directorStateOff: 0]
04-11 12:30:19.248  2399  8068 D VRR [RefreshRateDirector]: updateState mState = 1
04-11 12:30:19.249  3590  3795 D WindowManager: NFW_findFocusedWindowIfNeeded:Window{fecae5 u0 com.binance.monitor/com.binance.monitor.ui.account.AccountStatsBridgeActivity} mCurrentFocus:Window{fecae5 u0 com.binance.monitor/com.binance.monitor.ui.account.AccountStatsBridgeActivity}
04-11 12:30:19.252  3590  8442 I BLASTSyncEngine: onCommitted syncId: 27132, timeout: false ran: false
04-11 12:30:19.252  3590  8442 D Transition: finishTransaction-onCommitted syncId=27132
04-11 12:30:19.253 32357 32367 I binance.monitor: _Desupression native alloc  gc_urgency: 67616expectation: 164836 native bytes: 52894732
04-11 12:30:19.253  3590  8442 I InputDispatcher: updateFocusedWindow, fecae5 com.binance.monitor/com.binance.monitor.ui.account.AccountStatsBridgeActivity on display 0, reason: Window became focusable. Previous reason: NOT_VISIBLE, result:   FocusedWindows:
04-11 12:30:19.253  3590  8442 I InputDispatcher:     displayId=0, name='fecae5 com.binance.monitor/com.binance.monitor.ui.account.AccountStatsBridgeActivity'
04-11 12:30:19.255 32357 32357 D VRI[AccountStatsBridgeActivity]: onFocusEvent true
04-11 12:30:19.267 32357 32357 D VRI[SettingsActivity]: visibilityChanged oldVisibility=true newVisibility=false
04-11 12:30:19.267 32357 32357 D VRI[SettingsActivity]: setWindowStopped stopped:true
04-11 12:30:19.268 32357 32357 D OplusScrollToTopManager: com.binance.monitor/com.binance.monitor.ui.settings.SettingsActivity,window dying
04-11 12:30:19.268 32357 32357 D OplusScrollToTopManager: com.binance.monitor/com.binance.monitor.ui.settings.SettingsActivity,unregisterSystemUIBroadcastReceiver 
04-11 12:30:19.268 32357 32357 D OplusScrollToTopManager: com.binance.monitor/com.binance.monitor.ui.settings.SettingsActivity, unregisterSystemUIBroadcastReceiver failed java.lang.IllegalArgumentException: Receiver not registered: android.view.OplusScrollToTopManager$2@43d22f7
04-11 12:30:19.268 32357 32357 W WindowOnBackDispatcher: sendCancelIfRunning: isInProgress=false callback=android.view.ViewRootImpl$$ExternalSyntheticLambda13@ff59d65
04-11 12:30:19.268  3590  8061 D CoreBackPreview: Window{a82e8c0 u0 com.binance.monitor/com.binance.monitor.ui.settings.SettingsActivity}: Setting back callback null
04-11 12:30:19.268 32357 32357 D HWUI    : RenderProxy::destroy: this=0xb4000070f8648900, mContext=0xb40000722ace3080
04-11 12:30:19.268 32357 32399 D HWUI    : SkiaVulkanPipeline::setSurface: this=0xb4000070edbb4380, surface=NULL
04-11 12:30:19.270 32357 32399 D BufferQueueProducer: [VRI[SettingsActivity]#77(BLAST Consumer)77](id:7e650000004d,api:1,p:32357,c:32357) disconnect: api 1
04-11 12:30:19.270 32357 32357 D ViewRootImpl: Skipping stats log for color mode
04-11 12:30:19.270  3590  8061 I WindowManager: Window{a82e8c0 u0 com.binance.monitor/com.binance.monitor.ui.settings.SettingsActivity} state from DRAW_PENDING to NO_SURFACE; reason: destroySurface
04-11 12:30:19.271  3590  8061 I ImeTracker: system_server:925b86d7: onRequestHide at ORIGIN_SERVER reason IME_REQUESTED_CHANGED_LISTENER fromUser false
04-11 12:30:19.271  3590  7380 I ImeTracker: system_server:925b86d7: onCancelled at PHASE_SERVER_SHOULD_HIDE
04-11 12:30:19.271  3590  8061 D InsetsSourceProvider: updateSourceFrameForServerVisibility mandatorySystemGestures EMPTY_RECT
04-11 12:30:19.271  3590  8061 D InsetsSourceProvider: updateSourceFrameForServerVisibility mandatorySystemGestures EMPTY_RECT
04-11 12:30:19.271  3590  8061 D WindowManager: NFW_findFocusedWindowIfNeeded:Window{fecae5 u0 com.binance.monitor/com.binance.monitor.ui.account.AccountStatsBridgeActivity} mCurrentFocus:Window{fecae5 u0 com.binance.monitor/com.binance.monitor.ui.account.AccountStatsBridgeActivity}
04-11 12:30:19.271  3590  3796 D InsetsSourceProvider: updateSourceFrameForServerVisibility mandatorySystemGestures EMPTY_RECT
04-11 12:30:19.272  3590  8061 D ActivityTaskManager: removeAppToken: ActivityRecord{51477392 u0 com.binance.monitor/.ui.settings.SettingsActivity t13089 f}} delayed=false parent=Task{a10d0a5 #13089 type=standard A=10512:com.binance.monitor} animating=false Callers=com.android.server.wm.DisplayContent.removeAppToken:1759 com.android.server.wm.ActivityRecord.removeFromHistory:4970 com.android.server.wm.ActivityRecord.destroyed:5060 com.android.server.wm.ActivityClientController.activityDestroyed:339 
04-11 12:30:19.272  3590  7959 D BackgroundInstallControlService: Package event received: 0
04-11 12:30:19.273  3590  7380 D InputMethodManagerService: isSecurity: attribute.packageName = com.binance.monitor mCurMethodId = com.sohu.inputmethod.sogou/.SogouIME isSecurity = false ( enable = true needShow = false inBlackList = false isExist = true )
04-11 12:30:19.273  3590  7380 I ImeTracker: com.binance.monitor:e1fed4b3: onRequestHide at ORIGIN_SERVER reason HIDE_UNSPECIFIED_WINDOW fromUser false
04-11 12:30:19.274  3590  8442 I ImeTracker: system_server:a4af4063: onRequestHide at ORIGIN_SERVER reason IME_REQUESTED_CHANGED_LISTENER fromUser false
04-11 12:30:19.274  3590  7380 I ImeTracker: system_server:a4af4063: onCancelled at PHASE_SERVER_SHOULD_HIDE
04-11 12:30:19.275  3590  3796 D InsetsSourceProvider: updateSourceFrameForServerVisibility mandatorySystemGestures EMPTY_RECT
04-11 12:30:19.275 32357 31946 D BLASTBufferQueue: [VRI[SettingsActivity]#77](f:0,a:1) destructor()
04-11 12:30:19.275 32357 31946 D BufferQueueConsumer: [VRI[SettingsActivity]#77(BLAST Consumer)77](id:7e650000004d,api:0,p:-1,c:32357) disconnect
04-11 12:30:19.275 32357 32357 D InsetsController: hide(ime(), fromIme=false)
04-11 12:30:19.275 32357 32357 I ImeTracker: com.binance.monitor:e1fed4b3: onCancelled at PHASE_CLIENT_ALREADY_HIDDEN
04-11 12:30:19.283  3590  8280 I Osense-BaseDecisionMaker: notifySceneToAthenaPolicy: SCENE_ACTIVITY_IDLE, bundle: Bundle[{scene=SCENE_ACTIVITY_IDLE}]
04-11 12:30:19.305  2399  3162 D VRR [OTI]: handleIdle from 0 to 1
04-11 12:30:19.305  2399  3162 D VRR [OTI-HW]: isStateReady 0
04-11 12:30:19.305  2399  3162 D VRR [OTI-HW]: keep rate.
04-11 12:30:19.312 32357 32399 D HWUI    : SkiaVulkanPipeline::setSurface: this=0xb400007183687040, surface=NULL
04-11 12:30:19.382  2181 23599 E CwbService: Panel not support apl read or getDisplayPanelAplValue timeout 10ms.
04-11 12:30:19.382  2258  2258 D SensorFeature: name=ssc_screenshot_info ,index = 22
04-11 12:30:19.383  2258  2258 D SensorFeature: write 39 bytes:929034775195950,929034786307061,29550,0
04-11 12:30:19.383  2113  2241 I sensors-hal: get_display_brightness:825, light_iface: set screenshot_info [929034775195950,929034786307061,29550,0]
04-11 12:30:19.384  3590  7333 D FusionLightNextGen: process end reported = 1, mode: 0, cnt: 397515, lux 84.0, cct 6298.3, r/g/b/c: 6274.2/4247.5/2688.7/11865.5, R/G/B: 144.0/140.0/129.0, bri 1310.0, match 1.00, ir 0.073928, conf 5.0, ts 929034737953120
04-11 12:30:19.437  3590  8442 W Settings: Setting notification_bubbles has moved from android.provider.Settings.Global to android.provider.Settings.Secure, returning read-only value.
04-11 12:30:19.437  3590  8442 W Settings: Setting apply_ramping_ringer has moved from android.provider.Settings.Global to android.provider.Settings.System, returning read-only value.
04-11 12:30:19.439  3590  8442 W SettingsStatsUtil: Can not parse value to float: +network
04-11 12:30:19.443  3590  8442 W SettingsStatsUtil: Can not parse value to float: +network
04-11 12:30:19.462  2181  2506 I SDM     : DisplayBuiltIn::IdlePowerCollapse: IPC received, disabling partial update for one frame
04-11 12:30:19.570 16527 16543 D IHansComunication: HANS sendMessageToKernel: threadId = 511992380480, netLinkSetup = 1, type = FROZEN_TRANS, targetUid = 10345, pkgCmd = PKG_CMD_MAX
04-11 12:30:19.571 14034 15457 D AppSenseConfig: getIgnoreAppList: [com.android.launcher, com.android.contacts, com.oplus.wirelesssettings, com.coloros.alarmclock, com.coloros.calculator, com.coloros.calendar, com.coloros.phonemanager, com.android.settings, com.android.phone, com.oplus.nas, com.oplus.nhs, com.oplus.appdetail, com.android.permissioncontroller, com.oplus.pscanvas, com.oplus.autotest.test.ctp, com.android.systemui, com.android.systemui.overlay.fingerprint.anim.fy, com.android.systemui.overlay.fingerprint.anim.qy, com.android.systemui.overlay.fingerprint.anim.sw, com.android.systemui.overlay.fingerprint.anim.xw, com.android.systemui.overlay.fingerprint.anim.ccyh, com.android.systemui.overlay.fingerprint.anim.halo, com.android.systemui.overlay.fingerprint.anim.jslz, com.android.systemui.overlay.fingerprint.anim.none, com.android.systemui.overlay.fingerprint.anim.xklc]
04-11 12:30:19.571 14034 15457 D AppSenseConfig: getIgnoreAppList: [com.android.launcher, com.android.contacts, com.oplus.wirelesssettings, com.coloros.alarmclock, com.coloros.calculator, com.coloros.calendar, com.coloros.phonemanager, com.android.settings, com.android.phone, com.oplus.nas, com.oplus.nhs, com.oplus.appdetail, com.android.permissioncontroller, com.oplus.pscanvas, com.oplus.autotest.test.ctp, com.android.systemui, com.android.systemui.overlay.fingerprint.anim.fy, com.android.systemui.overlay.fingerprint.anim.qy, com.android.systemui.overlay.fingerprint.anim.sw, com.android.systemui.overlay.fingerprint.anim.xw, com.android.systemui.overlay.fingerprint.anim.ccyh, com.android.systemui.overlay.fingerprint.anim.halo, com.android.systemui.overlay.fingerprint.anim.jslz, com.android.systemui.overlay.fingerprint.anim.none, com.android.systemui.overlay.fingerprint.anim.xklc]
04-11 12:30:19.572 14034 15457 D AppSenseConfig: getIgnoreAppList: [com.android.launcher, com.android.contacts, com.oplus.wirelesssettings, com.coloros.alarmclock, com.coloros.calculator, com.coloros.calendar, com.coloros.phonemanager, com.android.settings, com.android.phone, com.oplus.nas, com.oplus.nhs, com.oplus.appdetail, com.android.permissioncontroller, com.oplus.pscanvas, com.oplus.autotest.test.ctp, com.android.systemui, com.android.systemui.overlay.fingerprint.anim.fy, com.android.systemui.overlay.fingerprint.anim.qy, com.android.systemui.overlay.fingerprint.anim.sw, com.android.systemui.overlay.fingerprint.anim.xw, com.android.systemui.overlay.fingerprint.anim.ccyh, com.android.systemui.overlay.fingerprint.anim.halo, com.android.systemui.overlay.fingerprint.anim.jslz, com.android.systemui.overlay.fingerprint.anim.none, com.android.systemui.overlay.fingerprint.anim.xklc]
04-11 12:30:19.572 14034 15457 D ActivityAdapter: taskChange: pre: 1, cur: 1, changed:true
04-11 12:30:19.572 14034 15457 D ActivityAdapter: notifyActivityQuery: [com.binance.monitor; com.binance.monitor.ui.account.AccountStatsBridgeActivity; 1; COMMON; 10512]
04-11 12:30:19.573 14034 15457 D OPlusFrontAppManager: useAdapterResult, pkg=com.binance.monitor,activity=com.binance.monitor.ui.account.AccountStatsBridgeActivity,result=true
04-11 12:30:19.573 14034 15457 D OPlusFrontAppManager: decide -->> [com.binance.monitor; com.binance.monitor.ui.account.AccountStatsBridgeActivity; 1; COMMON; 10512]
04-11 12:30:19.573 14034 15457 D ConferenceScene: pkg:com.binance.monitor, activity:com.binance.monitor.ui.account.AccountStatsBridgeActivity, appSense:COMMON
04-11 12:30:19.573 14034 15457 D ConferenceScene: pkg:com.binance.monitor, activity:com.binance.monitor.ui.settings.SettingsActivity, appSense:COMMON
04-11 12:30:19.573 14034 15313 D Subsys-ScoreAppManager: handleMessage what:2
04-11 12:30:19.573 14034 14034 D AtomHighLoadSenseInfo: handleMessage what:1000
04-11 12:30:19.573 14034 14034 D AtomHighLoadSenseInfo: handleAppSenseChanged original mode:{live:0,video:0,voice call:0,video call:0,live host:0,meeting:0}
04-11 12:30:19.573 14034 15313 D Subsys-ScoreAppManager: EVENT_ID_APP_SENSE_CHANGE  onFrontActivityChanged
04-11 12:30:19.573 14034 14034 D AtomHighLoadSenseInfo: handleAppSenseChanged appInfoUnit:{pkgName:com.binance.monitor,activityName:,winMode:1,event:COMMON,type:0,subEvent:0,pid:32357,uid:10512}
04-11 12:30:19.574 14034 14034 D AtomNetworkScoreInfo: handleMessage: 1006
04-11 12:30:19.574 14034 14034 D AtomNetworkScoreInfo: top app size: 1
04-11 12:30:19.574 14034 14034 D AtomNetworkScoreInfo: Front app state: 1
04-11 12:30:19.574 14034 15313 D Subsys-ScoreAppManager: appSceneChange fgAppUnits size 1 fgAppUnits [{pkgName:com.binance.monitor,activityName:,winMode:1,event:COMMON,type:0,subEvent:0,pid:32357,uid:10512}] mLastNetworkList[255, 264]
04-11 12:30:19.574 14034 14034 D AtomModemKpiInfo: handleMessage what:1000
04-11 12:30:19.574 14034 15313 D Subsys-ScoreAppManager: createApp
04-11 12:30:19.574 14034 14034 D SceneService: handleMessage what:1004
04-11 12:30:19.574 14034 15313 D Subsys-ScoreAppManager: createApp
04-11 12:30:19.574 14034 14034 D SceneService: notifyAppSceneChanged original mode:{live:0,video:0,voice call:0,video call:0,live host:0,game:0,meeting:0,news:0,file transfer:0},appInfoUnit:[{pkgName:com.binance.monitor,activityName:,winMode:1,event:COMMON,type:0,subEvent:0,pid:32357,uid:10512}]
04-11 12:30:19.574 14034 14034 D ExtremeCommService: handleMessage what:1012
04-11 12:30:19.574 14034 14034 D ExtremeCommService: updateAppInfo appInfoUnit: com.binance.monitor, winMode:1
04-11 12:30:19.574 14034 15313 D Subsys-ScoreAppManager: unit: {pkgName:com.binance.monitor,activityName:,winMode:1,event:COMMON,type:0,subEvent:0,pid:32357,uid:10512}
04-11 12:30:19.574 14034 14034 D FrontAppsEvent: receive msg:1001
04-11 12:30:19.574 14034 14034 D FrontAppsEvent: onAppSceneUpdate, infoList:[{pkgName:com.binance.monitor,activityName:,winMode:1,event:COMMON,type:0,subEvent:0,pid:32357,uid:10512}]
04-11 12:30:19.574 14034 15313 D CommonApp-255-10512: DefaultState EVENT_SCENARIOS_CHANGE
04-11 12:30:19.574 14034 15313 D CommonApp-255-10512: scene=COMMON pn=com.binance.monitor
04-11 12:30:19.574 14034 15313 D CommonApp-264-10512: DefaultState EVENT_SCENARIOS_CHANGE
04-11 12:30:19.574 14034 15297 D CellMap/GameLatencyMapService: handleAppSceneChange: [{pkgName:com.binance.monitor,activityName:,winMode:1,event:COMMON,type:0,subEvent:0,pid:32357,uid:10512}]
04-11 12:30:19.574 14034 15297 D CellMap/QoeMapService: handleAppSceneChange: [{pkgName:com.binance.monitor,activityName:,winMode:1,event:COMMON,type:0,subEvent:0,pid:32357,uid:10512}]
04-11 12:30:19.574 14034 15297 D CellMap/QoeMapService: handleAppSceneChange update: 0
04-11 12:30:19.574 14034 15313 D CommonApp-264-10512: scene=COMMON pn=com.binance.monitor
04-11 12:30:19.575  3590  3795 D AppSenseClient: handleMessage: 100
04-11 12:30:19.576  3590  3795 D AppSenseClient: handleSenseEvent appInfoUnits: {pkgName:com.binance.monitor,activityName:com.binance.monitor.ui.account.AccountStatsBridgeActivity,winMode:1,event:COMMON,type:0,subEvent:0,pid:32357,uid:10512},
04-11 12:30:19.576  8498  8498 D AppSenseClient: handleMessage: 100
04-11 12:30:19.576  3590  3795 D AppSenseClient: handleSenseEvent clients: 1
04-11 12:30:19.576  3590  3795 D AppSenseClient: handleSenseEvent clientId: 224279445
04-11 12:30:19.576  8498  8498 D AppSenseClient: handleSenseEvent appInfoUnits: {pkgName:com.binance.monitor,activityName:com.binance.monitor.ui.account.AccountStatsBridgeActivity,winMode:1,event:COMMON,type:0,subEvent:0,pid:32357,uid:10512},
04-11 12:30:19.576  8498  8498 D AppSenseClient: handleSenseEvent clients: 1
04-11 12:30:19.576  3590  3795 D AppSenseClient: notifyAppChanges: [{pkgName:com.binance.monitor,activityName:com.binance.monitor.ui.account.AccountStatsBridgeActivity,winMode:1,event:COMMON,type:0,subEvent:0,pid:32357,uid:10512}]
04-11 12:30:19.576  8498  8498 D AppSenseClient: handleSenseEvent clientId: 74017188
04-11 12:30:19.576  8498  8498 D AppSenseClient: notifyAppChanges: [{pkgName:com.binance.monitor,activityName:com.binance.monitor.ui.account.AccountStatsBridgeActivity,winMode:1,event:COMMON,type:0,subEvent:0,pid:32357,uid:10512}]
04-11 12:30:19.576  8498  8498 D NhsAppSenseListener: onAppChanged, app list size: 1
04-11 12:30:19.576  8406  8866 D AppSenseClient: handleMessage: 100
04-11 12:30:19.576  8406  8866 D AppSenseClient: handleSenseEvent appInfoUnits: {pkgName:com.binance.monitor,activityName:com.binance.monitor.ui.account.AccountStatsBridgeActivity,winMode:1,event:COMMON,type:0,subEvent:0,pid:32357,uid:10512},
04-11 12:30:19.576 14034 15457 D AppSenseService: notifySenseEvent: {pkgName:com.binance.monitor,activityName:com.binance.monitor.ui.account.AccountStatsBridgeActivity,winMode:1,event:COMMON,type:0,subEvent:0,pid:32357,uid:10512},
04-11 12:30:19.576  8406  8866 D AppSenseClient: handleSenseEvent clients: 1
04-11 12:30:19.576  8406  8866 D AppSenseClient: handleSenseEvent clientId: 101737326
04-11 12:30:19.576  8406  8866 D AppSenseClient: notifyAppChanges: [{pkgName:com.binance.monitor,activityName:com.binance.monitor.ui.account.AccountStatsBridgeActivity,winMode:1,event:COMMON,type:0,subEvent:0,pid:32357,uid:10512}]
04-11 12:30:19.576 13839 14411 D AppSenseClient: handleMessage: 100
04-11 12:30:19.577 13839 14411 D AppSenseClient: handleSenseEvent appInfoUnits: {pkgName:com.binance.monitor,activityName:com.binance.monitor.ui.account.AccountStatsBridgeActivity,winMode:1,event:COMMON,type:0,subEvent:0,pid:32357,uid:10512},
04-11 12:30:19.577 13839 14411 D AppSenseClient: handleSenseEvent clients: 1
04-11 12:30:19.577 13839 14411 D AppSenseClient: handleSenseEvent clientId: 106466519
04-11 12:30:19.577 13839 14411 D AppSenseClient: notifyAppChanges: [{pkgName:com.binance.monitor,activityName:com.binance.monitor.ui.account.AccountStatsBridgeActivity,winMode:1,event:COMMON,type:0,subEvent:0,pid:32357,uid:10512}]
04-11 12:30:19.577 13839 14411 D NAS-DataSceneEvent: onAppChanged, app list size: 1
04-11 12:30:19.577 13839 14411 D NAS-DataSceneEvent: updateAppSenseChange [{pkgName:com.binance.monitor,activityName:com.binance.monitor.ui.account.AccountStatsBridgeActivity,winMode:1,event:COMMON,type:0,subEvent:0,pid:32357,uid:10512}]
04-11 12:30:19.578 13839 14674 D OplusLinkBoostSceneManager: handleAppSceneChange: live broadcast off
04-11 12:30:19.578 13839 14698 E OplusNetlinkConnect: parse rsp msg failed!Message missing required fields: header
04-11 12:30:19.620  2113 17862 I sensors-hal: handle_oplus_wise_rgb_event:161, wise_rgb: (34456)(cct, lux, ir)[5887.14, 133.37, 58.138809] (r, g, b, c)[6296.66, 4260.66, 2704.14, 11909.79]                 (pwm, hbm, brl, algo)[0.0 0.0 1310.0 2.0], flag 29550
04-11 12:30:19.699  2727  3986 D QmiClient: qmiServiceEventCallback recv msg id 1099
04-11 12:30:19.699  2727  3986 D QmiClient: enter -mServiceType 4 onQmiServiceEventCallback msgId 1099
04-11 12:30:19.699  2727  3986 D QmiClient: onQmiServiceEventCallback - enter. msgId=1099
04-11 12:30:19.699  2727  3986 D QmiVsClientEvent: QosPeriodReportInd MSG IND data_len 2052
04-11 12:30:19.699  2727  3986 D QmiVsClientEvent: qmiVsClientNotifyQosPeriodReportIndEvent - RADIO_EVENT_QOS_PERIOD_REPORT_NOTIFY_IND
04-11 12:30:19.699  3438  3988 D QmiClient: qmiServiceEventCallback recv msg id 1099
04-11 12:30:19.699  3438  3988 D QmiClient: enter -mServiceType 4 onQmiServiceEventCallback msgId 1099
04-11 12:30:19.699  3438  3988 D QmiClient: onQmiServiceEventCallback - enter. msgId=1099
04-11 12:30:19.699  3438  3988 D QmiVsClientEvent: QosPeriodReportInd MSG IND data_len 2052
04-11 12:30:19.699  3438  3988 D QmiVsClientEvent: qmiVsClientNotifyQosPeriodReportIndEvent - RADIO_EVENT_QOS_PERIOD_REPORT_NOTIFY_IND
04-11 12:30:19.699  2727  2826 D VsProxy : handleMessage msg is 2420
04-11 12:30:19.699  2727  2826 D VsProxy : handleQosPeriodReportInd for instance 0 data_len 145
04-11 12:30:19.699  3438  3485 D VsProxy : handleMessage msg is 2420
04-11 12:30:19.699  3438  3485 D VsProxy : handleQosPeriodReportInd for instance 1 data_len 197
