04-11 12:30:09.219 32357 32357 D BufferQueueConsumer: [](id:7e650000004c,api:0,p:-1,c:32357) connect: controlledByApp=false
04-11 12:30:09.219 32357 32357 D BufferQueueConsumer: [VRI[MarketChartActivity]#76(BLAST Consumer)76](id:7e650000004c,api:0,p:-1,c:32357) setMaxAcquiredBufferCount: 2
04-11 12:30:09.219  3590  3844 D ActivityManager: Cancel freezing 23510 com.tencent.soter.soterserver
04-11 12:30:09.219 32357 32399 D BufferQueueProducer: [VRI[MarketChartActivity]#76(BLAST Consumer)76](id:7e650000004c,api:1,p:32357,c:32357) connect: api=1 producerControlledByApp=true
04-11 12:30:09.222 32357 32357 I SurfaceControl:  setExtendedRangeBrightness sc=Surface(name=com.binance.monitor/com.binance.monitor.ui.chart.MarketChartActivity)/@0x9950620,currentBufferRatio=1.0,desiredRatio=1.0
04-11 12:30:09.223  3590  3796 D SurfaceComposerClient: Transaction::apply InputWindowCommands.focusRequests timestamp=881168592984743, windowName=daac658 com.binance.monitor/com.binance.monitor.ui.chart.MarketChartActivity
04-11 12:30:09.224  2113 17862 I sensors-hal: handle_oplus_wise_rgb_event:161, wise_rgb: (34276)(cct, lux, ir)[5908.45, 137.54, 58.079185] (r, g, b, c)[6588.20, 4452.02, 2841.00, 12452.94]                 (pwm, hbm, brl, algo)[0.0 0.0 1310.0 2.0], flag 95054
04-11 12:30:09.228 32357 32399 D BLASTBufferQueue: [VRI[MarketChartActivity]#76](f:0,a:1) acquireNextBufferLocked size=1264x2780 mFrameNumber=1 applyTransaction=true mTimestamp=881168602567399(auto) mPendingTransactions.size=0 graphicBufferId=138972256797440 transform=0
04-11 12:30:09.228 32357 32399 D VRI[MarketChartActivity]: Received frameCommittedCallback lastAttemptedDrawFrameNum=1 didProduceBuffer=true syncBuffer=false
04-11 12:30:09.228 32357 32357 D VRI[MarketChartActivity]: draw finished. seqId=0
04-11 12:30:09.229  3590  8128 D WindowManager: onSyncFinishedDrawing: Window{daac658 u0 com.binance.monitor/com.binance.monitor.ui.chart.MarketChartActivity}
04-11 12:30:09.229  3590  8128 I WindowManager: finishDrawing skipLayout:false,syncSeqId=0,mPrepareSyncSeqId=0 Window{daac658 u0 com.binance.monitor/com.binance.monitor.ui.chart.MarketChartActivity} com.android.server.wm.WindowManagerService.finishDrawingWindow:3217 com.android.server.wm.Session.finishDrawing:399 android.view.IWindowSession$Stub.onTransact:793 
04-11 12:30:09.229  3590  8128 I WindowManager: Window{daac658 u0 com.binance.monitor/com.binance.monitor.ui.chart.MarketChartActivity} state from DRAW_PENDING to COMMIT_DRAW_PENDING; reason: finishDrawingLocked
04-11 12:30:09.229  3590  3796 D InsetsSourceProvider: updateSourceFrameForServerVisibility mandatorySystemGestures EMPTY_RECT
04-11 12:30:09.229  3590  3796 D InsetsSourceProvider: updateSourceFrameForServerVisibility mandatorySystemGestures EMPTY_RECT
04-11 12:30:09.230  3590  3796 I WindowManager: Window{daac658 u0 com.binance.monitor/com.binance.monitor.ui.chart.MarketChartActivity} state from COMMIT_DRAW_PENDING to READY_TO_SHOW; reason: commitFinishDrawingLocked
04-11 12:30:09.230  3590  3796 D CoreBackPreview:  return markWindowHasDrawn mComposed: false  mWaitTransition: false
04-11 12:30:09.230  3590  3796 D ActivityTaskManager: Clearing startingData for activity=ActivityRecord{2336319 u0 com.binance.monitor/.ui.chart.MarketChartActivity t13089} mStartingData=null mStartingSurface=null
04-11 12:30:09.230  3590  3796 D QuickBackInputPolicy: setAppLaunchEndTime update timePair=Pair{ActivityRecord{2336319 u0 com.binance.monitor/.ui.chart.MarketChartActivity t13089} 881168604}
04-11 12:30:09.230  3590  8480 I OPM     : handleNotifyLaunchTime : com.binance.monitor, :289
04-11 12:30:09.230  3590  3796 D ActivityTaskManager: commitVisibility: ActivityRecord{2336319 u0 com.binance.monitor/.ui.chart.MarketChartActivity t13089}: visible=true visibleRequested=true, isInTransition=true 
04-11 12:30:09.230  3590  3796 D CoreBackPreview:  return markWindowHasDrawn mComposed: false  mWaitTransition: false
04-11 12:30:09.230  3590  3796 D ActivityTaskManager: Clearing startingData for activity=ActivityRecord{2336319 u0 com.binance.monitor/.ui.chart.MarketChartActivity t13089} mStartingData=null mStartingSurface=null
04-11 12:30:09.230  3590  3796 I WindowManager: Window{daac658 u0 com.binance.monitor/com.binance.monitor.ui.chart.MarketChartActivity} state from READY_TO_SHOW to HAS_DRAWN; reason: performShowLocked
04-11 12:30:09.230  3590  3796 D CoreBackPreview:  return markWindowHasDrawn mComposed: false  mWaitTransition: false
04-11 12:30:09.230  3590  3796 E OplusAppQuickStart_AppQuickStartController: not start from launcher transition:27130
04-11 12:30:09.230  3590  3796 D Transition: collectOrderChanges onTopTasksEnd: [Task{a10d0a5 #13089 type=standard A=10512:com.binance.monitor}], reportedOnTop:null, mOnTopTasksStart: [Task{a10d0a5 #13089 type=standard A=10512:com.binance.monitor}], TDA child: [Task{2ae848 #3 type=undefined}, Task{59d6dd0 #13088 type=standard A=10306:com.binance.dev}, Task{100415c #13133 type=standard A=10397:com.v2ray.ang}, Task{1abb46b #12626 type=standard A=10345:com.tencent.mm}, Task{1b9ad4c #1 type=home}, Task{7fffd36 #13163 type=standard A=10515:com.mobilecodex.nativeapp}, Task{a10d0a5 #13089 type=standard A=10512:com.binance.monitor}]
04-11 12:30:09.230  3590  3796 D OplusFlexibleActivityTransitionManager: fixTransitType type result:1, targets: [ChangeInfo{8f9dd2b container=ActivityRecord{2336319 u0 com.binance.monitor/.ui.chart.MarketChartActivity t13089} flags=0x0}, ChangeInfo{e087588 container=ActivityRecord{95862188 u0 com.binance.monitor/.ui.account.AccountStatsBridgeActivity t13089} flags=0x0}]
04-11 12:30:09.231  3590  3796 D OplusTransitionAnimationManager: activityRecordCount1fullScreenArBeHindStartingWindow null
04-11 12:30:09.231  3590  3796 D OplusTransitionAnimationManager: activityRecordCount1fullScreenArBeHindStartingWindow null
04-11 12:30:09.231  3590  3796 D QuickBackInputPolicy: resetInputInterceptState for remoteTransition: false
04-11 12:30:09.231  3590  3796 D OplusTransitionController: onTransactionReady, transition: 27130, info: {id=27130 t=OPEN f=0x0 trk=0 r=[0@Point(0, 0)] c=[{m=OPEN f=FILLS_TASK leash=Surface(name=ActivityRecord{2336319 u0 com.binance.monitor/.ui.chart.MarketChartActivity t13089})/@0xc181b46 sb=Rect(0, 0 - 0, 0) eb=Rect(0, 0 - 1264, 2780) epz=Point(1264, 2780) d=-1->0 r=-1->0:-1 bc=fffef7ff component=com.binance.monitor/.ui.chart.MarketChartActivity opt={t=FROM_STYLE mUserId=0}},{m=TO_BACK f=FILLS_TASK leash=Surface(name=ActivityRecord{95862188 u0 com.binance.monitor/.ui.account.AccountStatsBridgeActivity t13089})/@0xb59f93f sb=Rect(0, 0 - 1264, 2780) eb=Rect(0, 0 - 1264, 2780) epz=Point(1264, 2780) d=0 bc=fffef7ff component=com.binance.monitor/.ui.account.AccountStatsBridgeActivity opt={t=FROM_STYLE mUserId=0}}] 
04-11 12:30:09.231  3590  3796 D OplusTransitionController: extendInfo=[
04-11 12:30:09.231  3590  3796 D OplusTransitionController:  OplusTransitionExtendedInfo{mTmpFinishT=null, mInOplusCompatMode=false, mIsProcessRunning=false, mHasMismatchBoundsTarget=false, mRecentsController=null, mRemoteTransition=null, mIsTranslucentActivityToHome=false, mAvoidInterceptKeyEventToHome=false, mIsFromHome=false, mParentLeash=null, mBackAnimClosingLeash=null, mIsOplusAnimRes=false, mKeepBgForContinuous=false, mIsBalAllow=false, mTaskNotInRecent=false, mIsPredictiveBackAnim=false, mIsMergedWithPredictive=false, mIsLaunchFromSpruce=false, mIsLaunchFromDrive=false, mGlobalSearchPageSwitch=false, mNeedNoAlphaGlobalSearchScene=false, mAssistScreenShowing=false, mSwipeUpBrowserScreenShowing=false, mUserIdTransition=-1
04-11 12:30:09.231  3590  3796 D OplusTransitionController: , mInRemoteScene=false, mInPreReady=false, mPreStart=false, mToken=null, mAbortByRemoteFromHome=false, mShellApplyToken=null, mRequestTransitionTaskId=13089, mAbortTransitionOnShell=0, mStartFromShortcut=false, mRemovedTaskId=-1, mTransitionInterruptType=0, mMergeSecondTaskId=-1, mTaskIdStartFromRecents=0, mTransitionId=27130, mCanUseSpringSlideAnim=false, mTransitionLaunchFrom=0, mFoldChangeType=-1, mAnimStartingPosition=[0, 0, 0, 0], mIsOpeningStkDialogActivity=false, mSecondaryHomeToFrontWhenUnFolding=false, mIsNeedApplyStartTForEmbedded=false
04-11 12:30:09.231  3590  3796 D OplusTransitionController: , mNeedCanvasExitAnim=false, mMergeSecondTaskAnimation=false, mIsLaunchUnityStart=false, mIsLaunchFromAssistantByDefault=false, mSkipRemoteTransitionfalse, mIsStartFromKeyguard=false flags=0x0, mWCT=null, mIsOpenMergeToInValidPredictive=false, mPromoteTaskWhenKeyguard-1, mRootLayerZOrderArray={}}]}, targets : [ChangeInfo{8f9dd2b container=ActivityRecord{2336319 u0 com.binance.monitor/.ui.chart.MarketChartActivity t13089} flags=0x0}, ChangeInfo{e087588 container=ActivityRecord{95862188 u0 com.binance.monitor/.ui.account.AccountStatsBridgeActivity t13089} flags=0x0}], participants: {ActivityRecord{2336319 u0 com.binance.monitor/.ui.chart.MarketChartActivity t13089}, ActivityRecord{95862188 u0 com.binance.monitor/.ui.account.AccountStatsBridgeActivity t13089}}
04-11 12:30:09.232 15031 15220 I Quality-ScreenOnOffLogProcessor: withInScreenOnOffRange mIsScreenOn:true refTime:1775881808919 mRecentScreenOnTime:1775878373956 mRecentScreenOffTime:1775878373425
04-11 12:30:09.232  3590  3796 I Quality : LaunchTime2.0: com.binance.monitor/.ui.chart.MarketChartActivity 2 313 com.binance.monitor -1 -1
04-11 12:30:09.232  3590  3796 D InsetsSourceProvider: updateSourceFrameForServerVisibility mandatorySystemGestures EMPTY_RECT
04-11 12:30:09.232  3590  3792 I ActivityTaskManager: Displayed com.binance.monitor/.ui.chart.MarketChartActivity for user 0: +314ms
04-11 12:30:09.232  3590  3796 D InsetsSourceProvider: updateSourceFrameForServerVisibility mandatorySystemGestures EMPTY_RECT
04-11 12:30:09.232  8338 12185 V WindowManagerShell: onTransitionReady(transaction=15418935202822)
04-11 12:30:09.233  3590  3796 I TaskOrganizerController: onTaskInfoChanged taskid 13089 config { mBounds=Rect(0, 0 - 1264, 2780) mAppBounds=Rect(0, 0 - 1264, 2780) mMaxBounds=Rect(0, 0 - 1264, 2780) mDisplayRotation=ROTATION_0 mWindowingMode=fullscreen mActivityType=standard mAlwaysOnTop=undefined mRotation=ROTATION_0}
04-11 12:30:09.233  3590  3796 D OplusFlexibleDragToSplitAnimController: visibleFlexibleTaskInfos delete:13089
04-11 12:30:09.233  3590  3796 E FlexibleWindowManagerService: notifyTaskObserverToAttachController not need to notify!
04-11 12:30:09.233  8338  8381 V WindowManagerShell: onTransitionReady (#27130) android.os.BinderProxy@b143423: {id=27130 t=OPEN f=0x0 trk=0 r=[0@Point(0, 0)] c=[
04-11 12:30:09.233  8338  8381 V WindowManagerShell:         {m=OPEN f=FILLS_TASK leash=Surface(name=ActivityRecord{2336319 u0 com.binance.monitor/.ui.chart.MarketChartActivity t13089})/@0x67a7a2b sb=Rect(0, 0 - 0, 0) eb=Rect(0, 0 - 1264, 2780) epz=Point(1264, 2780) d=-1->0 r=-1->0:-1 component=com.binance.monitor/.ui.chart.MarketChartActivity opt={t=CUSTOM enterResId=0 changeResId=0 exitResId=0 mUserId=0}},
04-11 12:30:09.233  8338  8381 V WindowManagerShell:         {m=TO_BACK f=FILLS_TASK leash=Surface(name=ActivityRecord{95862188 u0 com.binance.monitor/.ui.account.AccountStatsBridgeActivity t13089})/@0xba14e88 sb=Rect(0, 0 - 1264, 2780) eb=Rect(0, 0 - 1264, 2780) epz=Point(1264, 2780) d=0 component=com.binance.monitor/.ui.account.AccountStatsBridgeActivity opt={t=CUSTOM enterResId=0 changeResId=0 exitResId=0 mUserId=0}}
04-11 12:30:09.233  8338  8381 V WindowManagerShell:     ] 
04-11 12:30:09.233  8338  8381 V WindowManagerShell: extendInfo=[
04-11 12:30:09.233  8338  8381 V WindowManagerShell:  OplusTransitionExtendedInfo{mTmpFinishT=null, mInOplusCompatMode=false, mIsProcessRunning=false, mHasMismatchBoundsTarget=false, mRecentsController=null, mRemoteTransition=null, mIsTranslucentActivityToHome=false, mAvoidInterceptKeyEventToHome=false, mIsFromHome=false, mParentLeash=null, mBackAnimClosingLeash=null, mIsOplusAnimRes=false, mKeepBgForContinuous=false, mIsBalAllow=false, mTaskNotInRecent=false, mIsPredictiveBackAnim=false, mIsMergedWithPredictive=false, mIsLaunchFromSpruce=false, mIsLaunchFromDrive=false, mGlobalSearchPageSwitch=false, mNeedNoAlphaGlobalSearchScene=false, mAssistScreenShowing=false, mSwipeUpBrowserScreenShowing=false, mUserIdTransition=-1
04-11 12:30:09.233  8338  8381 V WindowManagerShell: , mInRemoteScene=false, mInPreReady=false, mPreStart=false, mToken=null, mAbortByRemoteFromHome=false, mShellApplyToken=null, mRequestTransitionTaskId=13089, mAbortTransitionOnShell=0, mStartFromShortcut=false, mRemovedTaskId=-1, mTransitionInterruptType=0, mMergeSecondTaskId=-1, mTaskIdStartFromRecents=0, mTransitionId=27130, mCanUseSpringSlideAnim=false, mTransitionLaunchFrom=0, mFoldChangeType=-1, mAnimStartingPosition=[0, 0, 0, 0], mIsOpeningStkDialogActivity=false, mSecondaryHomeToFrontWhenUnFolding=false, mIsNeedApplyStartTForEmbedded=false
04-11 12:30:09.233  8338  8381 V WindowManagerShell: , mNeedCanvasExitAnim=false, mMergeSecondTaskAnimation=false, mIsLaunchUnityStart=false, mIsLaunchFromAssistantByDefault=false, mSkipRemoteTransitionfalse, mIsStartFromKeyguard=false flags=0x0, mWCT=null, mIsOpenMergeToInValidPredictive=false, mPromoteTaskWhenKeyguard-1, mRootLayerZOrderArray={}}]}
04-11 12:30:09.233  3590  3796 I FlexibleWindowManagerService: onFlexibleWindowTaskInfoChanged, return for cur task not embedded
04-11 12:30:09.233  8338  8381 D OplusShellTransition: dispatchReady, active:(#27130) android.os.BinderProxy@b143423@0, isSync=false, track:com.android.wm.shell.transition.Transitions$Track@f3fa59b
04-11 12:30:09.233  8338  8381 D OplusShellTransition: Abort transition (#27130) android.os.BinderProxy@b143423@0 WMCore requested. reason: 0; abortTransition: false
04-11 12:30:09.233  8338  8381 V WindowManagerShell: Playing animation for (#27130) android.os.BinderProxy@b143423@0
04-11 12:30:09.233  8338  8381 V ShellRecents: RecentsTransitionHandler.startAnimation: no controller found
04-11 12:30:09.233 32357 32357 W VRI[MarketChartActivity]: handleResized, msg:, frameChanged:false, configChanged:false, displayChanged:false, attachedFrameChanged:false, compatScaleChanged:false, pendingDragResizing=false
04-11 12:30:09.233  8338  8381 V WindowManagerShell: start OnePuttTransition animation, info = {id=27130 t=OPEN f=0x0 trk=0 r=[0@Point(0, 0)] c=[{m=OPEN f=FILLS_TASK leash=Surface(name=ActivityRecord{2336319 u0 com.binance.monitor/.ui.chart.MarketChartActivity t13089})/@0x67a7a2b sb=Rect(0, 0 - 0, 0) eb=Rect(0, 0 - 1264, 2780) epz=Point(1264, 2780) d=-1->0 r=-1->0:-1 component=com.binance.monitor/.ui.chart.MarketChartActivity opt={t=CUSTOM enterResId=0 changeResId=0 exitResId=0 mUserId=0}},{m=TO_BACK f=FILLS_TASK leash=Surface(name=ActivityRecord{95862188 u0 com.binance.monitor/.ui.account.AccountStatsBridgeActivity t13089})/@0xba14e88 sb=Rect(0, 0 - 1264, 2780) eb=Rect(0, 0 - 1264, 2780) epz=Point(1264, 2780) d=0 component=com.binance.monitor/.ui.account.AccountStatsBridgeActivity opt={t=CUSTOM enterResId=0 changeResId=0 exitResId=0 mUserId=0}}] 
04-11 12:30:09.233  8338  8381 V WindowManagerShell: extendInfo=[
04-11 12:30:09.233  8338  8381 V WindowManagerShell:  OplusTransitionExtendedInfo{mTmpFinishT=null, mInOplusCompatMode=false, mIsProcessRunning=false, mHasMismatchBoundsTarget=false, mRecentsController=null, mRemoteTransition=null, mIsTranslucentActivityToHome=false, mAvoidInterceptKeyEventToHome=false, mIsFromHome=false, mParentLeash=null, mBackAnimClosingLeash=null, mIsOplusAnimRes=false, mKeepBgForContinuous=false, mIsBalAllow=false, mTaskNotInRecent=false, mIsPredictiveBackAnim=false, mIsMergedWithPredictive=false, mIsLaunchFromSpruce=false, mIsLaunchFromDrive=false, mGlobalSearchPageSwitch=false, mNeedNoAlphaGlobalSearchScene=false, mAssistScreenShowing=false, mSwipeUpBrowserScreenShowing=false, mUserIdTransition=-1
04-11 12:30:09.233  8338  8381 V WindowManagerShell: , mInRemoteScene=false, mInPreReady=false, mPreStart=false, mToken=null, mAbortByRemoteFromHome=false, mShellApplyToken=null, mRequestTransitionTaskId=13089, mAbortTransitionOnShell=0, mStartFromShortcut=false, mRemovedTaskId=-1, mTransitionInterruptType=0, mMergeSecondTaskId=-1, mTaskIdStartFromRecents=0, mTransitionId=27130, mCanUseSpringSlideAnim=false, mTransitionLaunchFrom=0, mFoldChangeType=-1, mAnimStartingPosition=[0, 0, 0, 0], mIsOpeningStkDialogActivity=false, mSecondaryHomeToFrontWhenUnFolding=false, mIsNeedApplyStartTForEmbedded=false
04-11 12:30:09.233  8338  8381 V WindowManagerShell: , mNeedCanvasExitAnim=false, mMergeSecondTaskAnimation=false, mIsLaunchUnityStart=false, mIsLaunchFromAssistantByDefault=false, mSkipRemoteTransitionfalse, mIsStartFromKeyguard=false flags=0x0, mWCT=null, mIsOpenMergeToInValidPredictive=false, mPromoteTaskWhenKeyguard-1, mRootLayerZOrderArray={}}]}
04-11 12:30:09.233  8338  8381 D FlexibleTaskTransitionHandler:  performAnimation transition:android.os.BinderProxy@b143423 ,info:{id=27130 t=OPEN f=0x0 trk=0 r=[0@Point(0, 0)] c=[{m=OPEN f=FILLS_TASK leash=Surface(name=ActivityRecord{2336319 u0 com.binance.monitor/.ui.chart.MarketChartActivity t13089})/@0x67a7a2b sb=Rect(0, 0 - 0, 0) eb=Rect(0, 0 - 1264, 2780) epz=Point(1264, 2780) d=-1->0 r=-1->0:-1 component=com.binance.monitor/.ui.chart.MarketChartActivity opt={t=CUSTOM enterResId=0 changeResId=0 exitResId=0 mUserId=0}},{m=TO_BACK f=FILLS_TASK leash=Surface(name=ActivityRecord{95862188 u0 com.binance.monitor/.ui.account.AccountStatsBridgeActivity t13089})/@0xba14e88 sb=Rect(0, 0 - 1264, 2780) eb=Rect(0, 0 - 1264, 2780) epz=Point(1264, 2780) d=0 component=com.binance.monitor/.ui.account.AccountStatsBridgeActivity opt={t=CUSTOM enterResId=0 changeResId=0 exitResId=0 mUserId=0}}] 
04-11 12:30:09.233  8338  8381 D FlexibleTaskTransitionHandler: extendInfo=[
04-11 12:30:09.233  8338  8381 D FlexibleTaskTransitionHandler:  OplusTransitionExtendedInfo{mTmpFinishT=null, mInOplusCompatMode=false, mIsProcessRunning=false, mHasMismatchBoundsTarget=false, mRecentsController=null, mRemoteTransition=null, mIsTranslucentActivityToHome=false, mAvoidInterceptKeyEventToHome=false, mIsFromHome=false, mParentLeash=null, mBackAnimClosingLeash=null, mIsOplusAnimRes=false, mKeepBgForContinuous=false, mIsBalAllow=false, mTaskNotInRecent=false, mIsPredictiveBackAnim=false, mIsMergedWithPredictive=false, mIsLaunchFromSpruce=false, mIsLaunchFromDrive=false, mGlobalSearchPageSwitch=false, mNeedNoAlphaGlobalSearchScene=false, mAssistScreenShowing=false, mSwipeUpBrowserScreenShowing=false, mUserIdTransition=-1
04-11 12:30:09.233  8338  8381 D FlexibleTaskTransitionHandler: , mInRemoteScene=false, mInPreReady=false, mPreStart=false, mToken=null, mAbortByRemoteFromHome=false, mShellApplyToken=null, mRequestTransitionTaskId=13089, mAbortTransitionOnShell=0, mStartFromShortcut=false, mRemovedTaskId=-1, mTransitionInterruptType=0, mMergeSecondTaskId=-1, mTaskIdStartFromRecents=0, mTransitionId=27130, mCanUseSpringSlideAnim=false, mTransitionLaunchFrom=0, mFoldChangeType=-1, mAnimStartingPosition=[0, 0, 0, 0], mIsOpeningStkDialogActivity=false, mSecondaryHomeToFrontWhenUnFolding=false, mIsNeedApplyStartTForEmbedded=false
04-11 12:30:09.233  8338  8381 D FlexibleTaskTransitionHandler: , mNeedCanvasExitAnim=false, mMergeSecondTaskAnimation=false, mIsLaunchUnityStart=false, mIsLaunchFromAssistantByDefault=false, mSkipRemoteTransitionfalse, mIsStartFromKeyguard=false flags=0x0, mWCT=null, mIsOpenMergeToInValidPredictive=false, mPromoteTaskWhenKeyguard-1, mRootLayerZOrderArray={}}]}
04-11 12:30:09.233  8338  8381 D FlexibleTaskTransitionHandler:  no need handler this transitionInfo: {id=27130 t=OPEN f=0x0 trk=0 r=[0@Point(0, 0)] c=[{m=OPEN f=FILLS_TASK leash=Surface(name=ActivityRecord{2336319 u0 com.binance.monitor/.ui.chart.MarketChartActivity t13089})/@0x67a7a2b sb=Rect(0, 0 - 0, 0) eb=Rect(0, 0 - 1264, 2780) epz=Point(1264, 2780) d=-1->0 r=-1->0:-1 component=com.binance.monitor/.ui.chart.MarketChartActivity opt={t=CUSTOM enterResId=0 changeResId=0 exitResId=0 mUserId=0}},{m=TO_BACK f=FILLS_TASK leash=Surface(name=ActivityRecord{95862188 u0 com.binance.monitor/.ui.account.AccountStatsBridgeActivity t13089})/@0xba14e88 sb=Rect(0, 0 - 1264, 2780) eb=Rect(0, 0 - 1264, 2780) epz=Point(1264, 2780) d=0 component=com.binance.monitor/.ui.account.AccountStatsBridgeActivity opt={t=CUSTOM enterResId=0 changeResId=0 exitResId=0 mUserId=0}}] 
04-11 12:30:09.233  8338  8381 D FlexibleTaskTransitionHandler: extendInfo=[
04-11 12:30:09.233  8338  8381 D FlexibleTaskTransitionHandler:  OplusTransitionExtendedInfo{mTmpFinishT=null, mInOplusCompatMode=false, mIsProcessRunning=false, mHasMismatchBoundsTarget=false, mRecentsController=null, mRemoteTransition=null, mIsTranslucentActivityToHome=false, mAvoidInterceptKeyEventToHome=false, mIsFromHome=false, mParentLeash=null, mBackAnimClosingLeash=null, mIsOplusAnimRes=false, mKeepBgForContinuous=false, mIsBalAllow=false, mTaskNotInRecent=false, mIsPredictiveBackAnim=false, mIsMergedWithPredictive=false, mIsLaunchFromSpruce=false, mIsLaunchFromDrive=false, mGlobalSearchPageSwitch=false, mNeedNoAlphaGlobalSearchScene=false, mAssistScreenShowing=false, mSwipeUpBrowserScreenShowing=false, mUserIdTransition=-1
04-11 12:30:09.233  8338  8381 D FlexibleTaskTransitionHandler: , mInRemoteScene=false, mInPreReady=false, mPreStart=false, mToken=null, mAbortByRemoteFromHome=false, mShellApplyToken=null, mRequestTransitionTaskId=13089, mAbortTransitionOnShell=0, mStartFromShortcut=false, mRemovedTaskId=-1, mTransitionInterruptType=0, mMergeSecondTaskId=-1, mTaskIdStartFromRecents=0, mTransitionId=27130, mCanUseSpringSlideAnim=false, mTransitionLaunchFrom=0, mFoldChangeType=-1, mAnimStartingPosition=[0, 0, 0, 0], mIsOpeningStkDialogActivity=false, mSecondaryHomeToFrontWhenUnFolding=false, mIsNeedApplyStartTForEmbedded=false
04-11 12:30:09.233  8338  8381 D FlexibleTaskTransitionHandler: , mNeedCanvasExitAnim=false, mMergeSecondTaskAnimation=false, mIsLaunchUnityStart=false, mIsLaunchFromAssistantByDefault=false, mSkipRemoteTransitionfalse, mIsStartFromKeyguard=false flags=0x0, mWCT=null, mIsOpenMergeToInValidPredictive=false, mPromoteTaskWhenKeyguard-1, mRootLayerZOrderArray={}}]}
04-11 12:30:09.233  8338  8381 V WindowManagerShell: Transition doesn't have explicit remote, search filters for match for {id=27130 t=OPEN f=0x0 trk=0 r=[0@Point(0, 0)] c=[{m=OPEN f=FILLS_TASK leash=Surface(name=ActivityRecord{2336319 u0 com.binance.monitor/.ui.chart.MarketChartActivity t13089})/@0x67a7a2b sb=Rect(0, 0 - 0, 0) eb=Rect(0, 0 - 1264, 2780) epz=Point(1264, 2780) d=-1->0 r=-1->0:-1 component=com.binance.monitor/.ui.chart.MarketChartActivity opt={t=CUSTOM enterResId=0 changeResId=0 exitResId=0 mUserId=0}},{m=TO_BACK f=FILLS_TASK leash=Surface(name=ActivityRecord{95862188 u0 com.binance.monitor/.ui.account.AccountStatsBridgeActivity t13089})/@0xba14e88 sb=Rect(0, 0 - 1264, 2780) eb=Rect(0, 0 - 1264, 2780) epz=Point(1264, 2780) d=0 component=com.binance.monitor/.ui.account.AccountStatsBridgeActivity opt={t=CUSTOM enterResId=0 changeResId=0 exitResId=0 mUserId=0}}] 
04-11 12:30:09.233  8338  8381 V WindowManagerShell: extendInfo=[
04-11 12:30:09.233  8338  8381 V WindowManagerShell:  OplusTransitionExtendedInfo{mTmpFinishT=null, mInOplusCompatMode=false, mIsProcessRunning=false, mHasMismatchBoundsTarget=false, mRecentsController=null, mRemoteTransition=null, mIsTranslucentActivityToHome=false, mAvoidInterceptKeyEventToHome=false, mIsFromHome=false, mParentLeash=null, mBackAnimClosingLeash=null, mIsOplusAnimRes=false, mKeepBgForContinuous=false, mIsBalAllow=false, mTaskNotInRecent=false, mIsPredictiveBackAnim=false, mIsMergedWithPredictive=false, mIsLaunchFromSpruce=false, mIsLaunchFromDrive=false, mGlobalSearchPageSwitch=false, mNeedNoAlphaGlobalSearchScene=false, mAssistScreenShowing=false, mSwipeUpBrowserScreenShowing=false, mUserIdTransition=-1
04-11 12:30:09.233  8338  8381 V WindowManagerShell: , mInRemoteScene=false, mInPreReady=false, mPreStart=false, mToken=null, mAbortByRemoteFromHome=false, mShellApplyToken=null, mRequestTransitionTaskId=13089, mAbortTransitionOnShell=0, mStartFromShortcut=false, mRemovedTaskId=-1, mTransitionInterruptType=0, mMergeSecondTaskId=-1, mTaskIdStartFromRecents=0, mTransitionId=27130, mCanUseSpringSlideAnim=false, mTransitionLaunchFrom=0, mFoldChangeType=-1, mAnimStartingPosition=[0, 0, 0, 0], mIsOpeningStkDialogActivity=false, mSecondaryHomeToFrontWhenUnFolding=false, mIsNeedApplyStartTForEmbedded=false
04-11 12:30:09.233  8338  8381 V WindowManagerShell: , mNeedCanvasExitAnim=false, mMergeSecondTaskAnimation=false, mIsLaunchUnityStart=false, mIsLaunchFromAssistantByDefault=false, mSkipRemoteTransitionfalse, mIsStartFromKeyguard=false flags=0x0, mWCT=null, mIsOpenMergeToInValidPredictive=false, mPromoteTaskWhenKeyguard-1, mRootLayerZOrderArray={}}]}
04-11 12:30:09.233  8338  8381 V WindowManagerShell:  Checking filter Pair{{types=[] flags=0x0] notFlags=0x100 checks=[{atype=home independent=true modes=[OPEN,TO_FRONT] flags=NONE mustBeTask=false order=TOP topActivity=ComponentInfo{com.android.launcher/com.android.launcher.Launcher} launchCookie=null windowingMode=undefined},{atype=standard independent=true modes=[CLOSE,TO_BACK] flags=NONE mustBeTask=false order=ANY topActivity=null launchCookie=null windowingMode=undefined}]} RemoteTransition { remoteTransition = android.window.IRemoteTransition$Stub$Proxy@a5bfc11, appThread = android.app.IApplicationThread$Stub$Proxy@61db176, debugName = QuickstepLaunchHome }}
04-11 12:30:09.233  8338  8381 V WindowManagerShell:  Delegate animation for (#27130) to null
04-11 12:30:09.233  8338  8381 V WindowManagerShell: start default transition animation, info = {id=27130 t=OPEN f=0x0 trk=0 r=[0@Point(0, 0)] c=[{m=OPEN f=FILLS_TASK leash=Surface(name=ActivityRecord{2336319 u0 com.binance.monitor/.ui.chart.MarketChartActivity t13089})/@0x67a7a2b sb=Rect(0, 0 - 0, 0) eb=Rect(0, 0 - 1264, 2780) epz=Point(1264, 2780) d=-1->0 r=-1->0:-1 component=com.binance.monitor/.ui.chart.MarketChartActivity opt={t=CUSTOM enterResId=0 changeResId=0 exitResId=0 mUserId=0}},{m=TO_BACK f=FILLS_TASK leash=Surface(name=ActivityRecord{95862188 u0 com.binance.monitor/.ui.account.AccountStatsBridgeActivity t13089})/@0xba14e88 sb=Rect(0, 0 - 1264, 2780) eb=Rect(0, 0 - 1264, 2780) epz=Point(1264, 2780) d=0 component=com.binance.monitor/.ui.account.AccountStatsBridgeActivity opt={t=CUSTOM enterResId=0 changeResId=0 exitResId=0 mUserId=0}}] 
04-11 12:30:09.233  8338  8381 V WindowManagerShell: extendInfo=[
04-11 12:30:09.233  8338  8381 V WindowManagerShell:  OplusTransitionExtendedInfo{mTmpFinishT=null, mInOplusCompatMode=false, mIsProcessRunning=false, mHasMismatchBoundsTarget=false, mRecentsController=null, mRemoteTransition=null, mIsTranslucentActivityToHome=false, mAvoidInterceptKeyEventToHome=false, mIsFromHome=false, mParentLeash=null, mBackAnimClosingLeash=null, mIsOplusAnimRes=false, mKeepBgForContinuous=false, mIsBalAllow=false, mTaskNotInRecent=false, mIsPredictiveBackAnim=false, mIsMergedWithPredictive=false, mIsLaunchFromSpruce=false, mIsLaunchFromDrive=false, mGlobalSearchPageSwitch=false, mNeedNoAlphaGlobalSearchScene=false, mAssistScreenShowing=false, mSwipeUpBrowserScreenShowing=false, mUserIdTransition=-1
04-11 12:30:09.233  8338  8381 V WindowManagerShell: , mInRemoteScene=false, mInPreReady=false, mPreStart=false, mToken=null, mAbortByRemoteFromHome=false, mShellApplyToken=null, mRequestTransitionTaskId=13089, mAbortTransitionOnShell=0, mStartFromShortcut=false, mRemovedTaskId=-1, mTransitionInterruptType=0, mMergeSecondTaskId=-1, mTaskIdStartFromRecents=0, mTransitionId=27130, mCanUseSpringSlideAnim=false, mTransitionLaunchFrom=0, mFoldChangeType=-1, mAnimStartingPosition=[0, 0, 0, 0], mIsOpeningStkDialogActivity=false, mSecondaryHomeToFrontWhenUnFolding=false, mIsNeedApplyStartTForEmbedded=false
04-11 12:30:09.233  8338  8381 V WindowManagerShell: , mNeedCanvasExitAnim=false, mMergeSecondTaskAnimation=false, mIsLaunchUnityStart=false, mIsLaunchFromAssistantByDefault=false, mSkipRemoteTransitionfalse, mIsStartFromKeyguard=false flags=0x0, mWCT=null, mIsOpenMergeToInValidPredictive=false, mPromoteTaskWhenKeyguard-1, mRootLayerZOrderArray={}}]}
04-11 12:30:09.233  8338  8381 D FSS_OplusFoldSwitchStateObserver: cancelAnimationIfNeedWhenFolding: foldChangeType = -1
04-11 12:30:09.234  8338  8381 D OplusShellTransition: canCustomizeAppTransition, isGlobalSearchPageSwitch = false, swipeUpBrowserPageSwitch = false, onlyHasTranslucentActivity = false, pkgName = com.binance.monitor
04-11 12:30:09.234  8338  8381 D OplusShellTransition: This page has its own override animation, enterResId = 0, closeResId = 0, pkgName = com.binance.monitor
04-11 12:30:09.234  8338  8381 D OplusShellTransition: checkAndLoadCustomAnimation packageName =:com.binance.monitor,transit =:1,enter =:false,animResId =:0
04-11 12:30:09.234  8338  8381 D OplusShellTransition: canCustomizeAppTransition, isGlobalSearchPageSwitch = false, swipeUpBrowserPageSwitch = false, onlyHasTranslucentActivity = false, pkgName = com.binance.monitor
04-11 12:30:09.234  8338  8381 D OplusShellTransition: This page has its own override animation, enterResId = 0, closeResId = 0, pkgName = com.binance.monitor
04-11 12:30:09.234  8338  8381 D OplusShellTransition: checkAndLoadCustomAnimation packageName =:com.binance.monitor,transit =:1,enter =:true,animResId =:0
04-11 12:30:09.234  8338  8381 D OplusShellTransition: addBackgroundColorOnTask, , isTaskLevelTransition = false, hasBgAlready = false
04-11 12:30:09.234  8338  8381 D OplusShellTransition: DefaultTransitionHandler#onAnimFinish=> transition=android.os.BinderProxy@b143423, backAnimContinue=false
04-11 12:30:09.234  8338  8381 V WindowManagerShell: Transition animation finished (aborted=false), notifying core (#27130) android.os.BinderProxy@b143423@0
04-11 12:30:09.234  8338  8381 D SplitScreen-->AppLockManager: setStartFromSafeControl mStartFromSafeControl=false
04-11 12:30:09.234  8338  8381 D ShellTaskOrganizerExt: adjust change for exiting mini task: -1
04-11 12:30:09.235  3590  8128 D Transition: finishTransition ar ActivityRecord{2336319 u0 com.binance.monitor/.ui.chart.MarketChartActivity t13089}, isVisibleRequested=true, state=RESUMED, visibleAtTransitionEndTokens={ActivityRecord{2336319 u0 com.binance.monitor/.ui.chart.MarketChartActivity t13089}}, this=TransitionRecord{1694d1e id=27130 track=0 type=OPEN flags=0x0 state=2 c=[
04-11 12:30:09.235  3590  8128 D Transition:    ChangeInfo{8f9dd2b container=ActivityRecord{2336319 u0 com.binance.monitor/.ui.chart.MarketChartActivity t13089} flags=0x0}
04-11 12:30:09.235  3590  8128 D Transition:    ChangeInfo{28929ff container=Display{#0 state=ON size=1264x2780 ROTATION_0} flags=0x0}
04-11 12:30:09.235  3590  8128 D Transition:    ChangeInfo{e087588 container=ActivityRecord{95862188 u0 com.binance.monitor/.ui.account.AccountStatsBridgeActivity t13089} flags=0x0}
04-11 12:30:09.235  3590  8128 D Transition:    ChangeInfo{96cc3cc container=DefaultTaskDisplayArea@136308155 flags=0x0}
04-11 12:30:09.235  3590  8128 D Transition:    ChangeInfo{2bfb615 container=Task{a10d0a5 #13089 type=standard A=10512:com.binance.monitor} flags=0x0}
04-11 12:30:09.235  3590  8128 D Transition: ]
04-11 12:30:09.235  3590  8128 D Transition: }
04-11 12:30:09.235  2399  3200 D SurfaceFlinger: updateWinowInfo=1, setFocusedWindow timestamp=881168592984743, windowName=daac658 com.binance.monitor/com.binance.monitor.ui.chart.MarketChartActivity
04-11 12:30:09.235  3590  8128 D Transition: finishTransition ar ActivityRecord{95862188 u0 com.binance.monitor/.ui.account.AccountStatsBridgeActivity t13089}, isVisibleRequested=false, state=PAUSED, visibleAtTransitionEndTokens={ActivityRecord{2336319 u0 com.binance.monitor/.ui.chart.MarketChartActivity t13089}}, this=TransitionRecord{1694d1e id=27130 track=0 type=OPEN flags=0x0 state=2 c=[
04-11 12:30:09.235  3590  8128 D Transition:    ChangeInfo{8f9dd2b container=ActivityRecord{2336319 u0 com.binance.monitor/.ui.chart.MarketChartActivity t13089} flags=0x0}
04-11 12:30:09.235  3590  8128 D Transition:    ChangeInfo{28929ff container=Display{#0 state=ON size=1264x2780 ROTATION_0} flags=0x0}
04-11 12:30:09.235  3590  8128 D Transition:    ChangeInfo{e087588 container=ActivityRecord{95862188 u0 com.binance.monitor/.ui.account.AccountStatsBridgeActivity t13089} flags=0x0}
04-11 12:30:09.235  3590  8128 D Transition:    ChangeInfo{96cc3cc container=DefaultTaskDisplayArea@136308155 flags=0x0}
04-11 12:30:09.235  3590  8128 D Transition:    ChangeInfo{2bfb615 container=Task{a10d0a5 #13089 type=standard A=10512:com.binance.monitor} flags=0x0}
04-11 12:30:09.235  3590  8128 D Transition: ]
04-11 12:30:09.235  3590  8128 D Transition: }
04-11 12:30:09.235  3590  8128 D ActivityTaskManager: commitVisibility: ActivityRecord{95862188 u0 com.binance.monitor/.ui.account.AccountStatsBridgeActivity t13089}: visible=false visibleRequested=false, isInTransition=false 
04-11 12:30:09.236  3590  8467 I InputDispatcher: NFW_setFocusedWindow, daac658 com.binance.monitor/com.binance.monitor.ui.chart.MarketChartActivity on display 0, same as the previous:0
04-11 12:30:09.236  3590  8128 D WindowManager: NFW_setClientVisible:ActivityRecord{95862188 u0 com.binance.monitor/.ui.account.AccountStatsBridgeActivity t13089} clientVisible:false
04-11 12:30:09.236  3590  8128 I WindowManager: Window{fecae5 u0 com.binance.monitor/com.binance.monitor.ui.account.AccountStatsBridgeActivity} state from HAS_DRAWN to DRAW_PENDING; reason: resetDrawState
04-11 12:30:09.236  3590  8128 I OplusAppSwitchManagerService:  handleAppVisible , r = ActivityRecord{2336319 u0 com.binance.monitor/.ui.chart.MarketChartActivity t13089}
04-11 12:30:09.236 32357 31946 D VRI[AccountStatsBridgeActivity]: dispatchAppVisibility visible:false mUpcomingWindowFocus:false
04-11 12:30:09.236 32357 32399 D VRI[MarketChartActivity]: Received frameCommittedCallback lastAttemptedDrawFrameNum=3 didProduceBuffer=false syncBuffer=false
04-11 12:30:09.236 32357 32357 D VRI[MarketChartActivity]: draw finished. seqId=0
04-11 12:30:09.236  3590  8128 D OplusTransitionController: finishTransition, transition: TransitionRecord{1694d1e id=27130 track=0 type=OPEN flags=0x0 state=4 c=[
04-11 12:30:09.236  3590  8128 D OplusTransitionController:    ChangeInfo{8f9dd2b container=ActivityRecord{2336319 u0 com.binance.monitor/.ui.chart.MarketChartActivity t13089} flags=0x0}
04-11 12:30:09.236  3590  8128 D OplusTransitionController:    ChangeInfo{28929ff container=Display{#0 state=ON size=1264x2780 ROTATION_0} flags=0x0}
04-11 12:30:09.236  3590  8128 D OplusTransitionController:    ChangeInfo{e087588 container=ActivityRecord{95862188 u0 com.binance.monitor/.ui.account.AccountStatsBridgeActivity t13089} flags=0x0}
04-11 12:30:09.236  3590  8128 D OplusTransitionController:    ChangeInfo{96cc3cc container=DefaultTaskDisplayArea@136308155 flags=0x0}
04-11 12:30:09.236  3590  8128 D OplusTransitionController:    ChangeInfo{2bfb615 container=Task{a10d0a5 #13089 type=standard A=10512:com.binance.monitor} flags=0x0}
04-11 12:30:09.236  3590  8128 D OplusTransitionController: ]
04-11 12:30:09.236  3590  8128 D OplusTransitionController: }
04-11 12:30:09.236  3590  8128 D FlexibleTaskTransitionController:  finishTransition pendingRecentToFlexibleTask:null,isRotationTransition:false ,pendingRecentToFlexible:null ,transition:TransitionRecord{1694d1e id=27130 track=0 type=OPEN flags=0x0 state=4 c=[
04-11 12:30:09.236  3590  8128 D FlexibleTaskTransitionController:    ChangeInfo{8f9dd2b container=ActivityRecord{2336319 u0 com.binance.monitor/.ui.chart.MarketChartActivity t13089} flags=0x0}
04-11 12:30:09.236  3590  8128 D FlexibleTaskTransitionController:    ChangeInfo{28929ff container=Display{#0 state=ON size=1264x2780 ROTATION_0} flags=0x0}
04-11 12:30:09.236  3590  8128 D FlexibleTaskTransitionController:    ChangeInfo{e087588 container=ActivityRecord{95862188 u0 com.binance.monitor/.ui.account.AccountStatsBridgeActivity t13089} flags=0x0}
04-11 12:30:09.236  3590  8128 D FlexibleTaskTransitionController:    ChangeInfo{96cc3cc container=DefaultTaskDisplayArea@136308155 flags=0x0}
04-11 12:30:09.236  3590  8128 D FlexibleTaskTransitionController:    ChangeInfo{2bfb615 container=Task{a10d0a5 #13089 type=standard A=10512:com.binance.monitor} flags=0x0}
04-11 12:30:09.236  3590  8128 D FlexibleTaskTransitionController: ]
04-11 12:30:09.236  3590  8128 D FlexibleTaskTransitionController: }
04-11 12:30:09.236 32357 32357 D VRI[AccountStatsBridgeActivity]: visibilityChanged oldVisibility=true newVisibility=false
04-11 12:30:09.236  3590  8128 D TransitionControllerExtImpl: NFW_send RECOMPUTE_FOCUS in finishTransition
04-11 12:30:09.237  8338  8381 D ShellTaskOrganizer: onTransitionFinish, isRecent:false
04-11 12:30:09.237  3590  3795 D WindowManager: NFW_findFocusedWindowIfNeeded:Window{daac658 u0 com.binance.monitor/com.binance.monitor.ui.chart.MarketChartActivity} mCurrentFocus:Window{daac658 u0 com.binance.monitor/com.binance.monitor.ui.chart.MarketChartActivity}
04-11 12:30:09.237  8338  8381 V WindowManagerShell: Track 0 became idle
04-11 12:30:09.237  8338  8381 V WindowManagerShell: All active transition animations finished
04-11 12:30:09.237  8338  8381 V WindowManagerShell:  animated by com.android.wm.shell.transition.DefaultTransitionHandler@423c8cd
04-11 12:30:09.237  8338  8381 D OplusShellTransition: dispatchTransition, animated mHandler: com.android.wm.shell.transition.DefaultTransitionHandler@423c8cd
04-11 12:30:09.237  8338  8381 V WindowManagerShell: Track 0 became idle
04-11 12:30:09.237  8338  8381 V WindowManagerShell: All active transition animations finished
04-11 12:30:09.237  3590  3796 D InsetsSourceProvider: updateSourceFrameForServerVisibility mandatorySystemGestures EMPTY_RECT
04-11 12:30:09.237  8338  8381 D ShellTaskOrganizerExt: visibleFlexibleTaskInfos delete:13089
04-11 12:30:09.237  8338  8381 D ShellTaskOrganizerExt: isOnCanvas size:0
04-11 12:30:09.237  8338  8381 D ShellTaskOrganizerExt: isOnThreeFlexibleCanvas size:0
04-11 12:30:09.237  3590  3792 V WindowManager: Sent Transition (#27130) createdAt=04-11 12:30:08.916 via request=TransitionRequestInfo { type = OPEN, triggerTask = TaskInfo{userId=0 taskId=13089 effectiveUid=10512 displayId=0 isRunning=true baseIntent=Intent { act=android.intent.action.MAIN cat=[android.intent.category.LAUNCHER] flg=0x10200000 cmp=com.binance.monitor/.launcher.IconFinancialAlias mCallingUid=10214 } baseActivity=ComponentInfo{com.binance.monitor/com.binance.monitor.ui.main.MainActivity} topActivity=ComponentInfo{com.binance.monitor/com.binance.monitor.ui.chart.MarketChartActivity} origActivity=ComponentInfo{com.binance.monitor/com.binance.monitor.launcher.IconFinancialAlias} realActivity=ComponentInfo{com.binance.monitor/com.binance.monitor.ui.main.MainActivity}
04-11 12:30:09.237  3590  3792 V WindowManager:  numActivities=3 lastActiveTime=929024332 supportsSplitScreenMultiWindow=true supportsMultiWindow=true supportsPocketStudioMultiWindow=true isInFlexibleEmbedded = false uid = 10512 pid = 0 resizeMode=1 isResizeable=true minWidth=-1 minHeight=-1 defaultMinSize=220 token=WCT{RemoteToken{8f51364 Task{a10d0a5 #13089 type=standard A=10512:com.binance.monitor}}} topActivityType=1 pictureInPictureParams=null shouldDockBigOverlays=false launchIntoPipHostTaskId=-1 lastParentTaskIdBeforePip=-1 displayCutoutSafeInsets=Rect(0, 0 - 0, 0)
04-11 12:30:09.237  3590  3792 V WindowManager:  topActivityInfo=ActivityInfo{a8850b8 com.binance.monitor.ui.chart.MarketChartActivity} launchCookies=[] positionInParent=Point(0, 0) parentTaskId=-1 isFocused=true isVisible=true isVisibleRequested=true isTopActivityNoDisplay=false isSleeping=false locusId=null displayAreaFeatureId=1 isTopActivityTransparent=false isActivityStackTransparent=false lastNonFullscreenBounds=Rect(330, 828 - 935, 2092) capturedLink=null capturedLinkTimestamp=0 requestedVisibleTypes=-9 topActivityRequestOpenInBrowserEducationTimestamp=0
04-11 12:30:09.237  3590  3792 V WindowManager:  appCompatTaskInfo=AppCompatTaskInfo { topActivityInSizeCompat=false topActivityInOplusCompatMode=false eligibleForLetterboxEducation= false isLetterboxEducationEnabled= false isLetterboxDoubleTapEnabled= false eligibleForUserAspectRatioButton= false topActivityBoundsLetterboxed= false isFromLetterboxDoubleTap= false topActivityLetterboxVerticalPosition= -1 topActivityLetterboxHorizontalPosition= -1 topActivityLetterboxWidth=-1 topActivityLetterboxHeight=-1 topActivityAppBounds=Rect(0, 140 - 1264, 2780) isUserFullscreenOverrideEnabled=false isSystemFullscreenOverrideEnabled=false hasMinAspectRatioOverride=false topActivityLetterboxBounds=null cameraCompatTaskInfo=CameraCompatTaskInfo { freeformCameraCompatMode=inactive}} topActivityMainWindowFrame=null topActivityLetterboxInsets=Rect(0, 0 - 0, 0)
04-11 12:30:09.237  3590  3792 V WindowManager:  mOplusExtraBundle = Bundle[{androidx.flexible.taskFrame=Rect(0, 0 - 0, 0), topOpaqueSystemBarsAppearance=0, androidx.flexible.Alpha=1.0, androidx.activity.task.attach.blur=0, androidx.activity.LaunchInsensible=0, androidx.activity.LaunchCornerRadius=0, key_flexible_task_state=0, topActivitySupportAppInnerSplit=false, key_flexible_task_animating_type=-1, key_flexible_task_root_activity_processname=com.binance.monitor, androidx.activity.LaunchScenario=0, is_oplus_clone_task=false, flexible_super_mini_state=false, topRunningActivityHash=2336319, androidx.activity.LaunchScale=1.0, androidx.activity.LaunchShadowRadius=0, is_transient_hide_for_task_info=false, key_flexible_task_root_activity_pid=32357, key_flexible_task_root_activity_uid=10512}]}, pipChange = null, remoteTransition = null, displayChange = null, flags = 0, debugId = 27130 }
04-11 12:30:09.237  3590  3792 V WindowManager:     startWCT=WindowContainerTransaction { changes= {} hops= [] errorCallbackToken=null taskFragmentOrganizer=null }
04-11 12:30:09.237  3590  3792 V WindowManager:     info={id=27130 t=OPEN f=0x0 trk=0 r=[0@Point(0, 0)] c=[
04-11 12:30:09.237  3590  3792 V WindowManager:         {m=OPEN f=FILLS_TASK leash=Surface(name=ActivityRecord{2336319 u0 com.binance.monitor/.ui.chart.MarketChartActivity t13089})/@0xc181b46 sb=Rect(0, 0 - 0, 0) eb=Rect(0, 0 - 1264, 2780) epz=Point(1264, 2780) d=-1->0 r=-1->0:-1 component=com.binance.monitor/.ui.chart.MarketChartActivity opt={t=CUSTOM enterResId=0 changeResId=0 exitResId=0 mUserId=0}},
04-11 12:30:09.237  3590  3792 V WindowManager:         {m=TO_BACK f=FILLS_TASK leash=Surface(name=ActivityRecord{95862188 u0 com.binance.monitor/.ui.account.AccountStatsBridgeActivity t13089})/@0xb59f93f sb=Rect(0, 0 - 1264, 2780) eb=Rect(0, 0 - 1264, 2780) epz=Point(1264, 2780) d=0 component=com.binance.monitor/.ui.account.AccountStatsBridgeActivity opt={t=CUSTOM enterResId=0 changeResId=0 exitResId=0 mUserId=0}}
04-11 12:30:09.237  3590  3792 V WindowManager:     ] 
04-11 12:30:09.237  3590  3792 V WindowManager: extendInfo=[
04-11 12:30:09.237  3590  3792 V WindowManager:  OplusTransitionExtendedInfo{mTmpFinishT=null, mInOplusCompatMode=false, mIsProcessRunning=false, mHasMismatchBoundsTarget=false, mRecentsController=null, mRemoteTransition=null, mIsTranslucentActivityToHome=false, mAvoidInterceptKeyEventToHome=false, mIsFromHome=false, mParentLeash=null, mBackAnimClosingLeash=null, mIsOplusAnimRes=false, mKeepBgForContinuous=false, mIsBalAllow=false, mTaskNotInRecent=false, mIsPredictiveBackAnim=false, mIsMergedWithPredictive=false, mIsLaunchFromSpruce=false, mIsLaunchFromDrive=false, mGlobalSearchPageSwitch=false, mNeedNoAlphaGlobalSearchScene=false, mAssistScreenShowing=false, mSwipeUpBrowserScreenShowing=false, mUserIdTransition=-1
04-11 12:30:09.237  3590  3792 V WindowManager: , mInRemoteScene=false, mInPreReady=false, mPreStart=false, mToken=null, mAbortByRemoteFromHome=false, mShellApplyToken=null, mRequestTransitionTaskId=13089, mAbortTransitionOnShell=0, mStartFromShortcut=false, mRemovedTaskId=-1, mTransitionInterruptType=0, mMergeSecondTaskId=-1, mTaskIdStartFromRecents=0, mTransitionId=27130, mCanUseSpringSlideAnim=false, mTransitionLaunchFrom=0, mFoldChangeType=-1, mAnimStartingPosition=[0, 0, 0, 0], mIsOpeningStkDialogActivity=false, mSecondaryHomeToFrontWhenUnFolding=false, mIsNeedApplyStartTForEmbedded=false
04-11 12:30:09.237  3590  3792 V WindowManager: , mNeedCanvasExitAnim=false, mMergeSecondTaskAnimation=false, mIsLaunchUnityStart=false, mIsLaunchFromAssistantByDefault=false, mSkipRemoteTransitionfalse, mIsStartFromKeyguard=false flags=0x0, mWCT=null, mIsOpenMergeToInValidPredictive=false, mPromoteTaskWhenKeyguard-1, mRootLayerZOrderArray={}}]}
04-11 12:30:09.238  3590  3796 D InsetsSourceProvider: updateSourceFrameForServerVisibility mandatorySystemGestures EMPTY_RECT
04-11 12:30:09.240  3590  3590 D RefreshRate: app switch boost timeout,transition isPlaying:false isInInterruptScene:false
04-11 12:30:09.241  3590  3796 D InsetsSourceProvider: updateSourceFrameForServerVisibility mandatorySystemGestures EMPTY_RECT
04-11 12:30:09.241  3590  3875 D VRR [OPlusRefreshRateService]:  setDirectorStates [flag: 1, state: 0, directorStateOff: 0]
04-11 12:30:09.241  2399  3197 D VRR [RefreshRateDirector]: updateState mState = 1
04-11 12:30:09.243 32357 32357 D HWUI    : RenderProxy::destroy: this=0xb400007246ddad00, mContext=0xb4000070e3a58b40
04-11 12:30:09.243 32357 32399 D HWUI    : SkiaVulkanPipeline::setSurface: this=0xb40000718368a380, surface=NULL
04-11 12:30:09.244 32357 32399 D BufferQueueProducer: [VRI[AccountStatsBridgeActivity]#75(BLAST Consumer)75](id:7e650000004b,api:1,p:32357,c:32357) disconnect: api 1
04-11 12:30:09.244 32357 32357 D ViewRootImplExtImpl: wrapConfigInfoIntoFlags rotation=0, smallestScreenWidthDp=361, residentWS=false, scenario=0, bounds=Rect(0, 0 - 1264, 2780), relayoutAsync=false, flags=0, newFlags=1457532192, title=com.binance.monitor/com.binance.monitor.ui.account.AccountStatsBridgeActivity
04-11 12:30:09.244  3590  8467 V WindowManager: Relayout Window{fecae5 u0 com.binance.monitor/com.binance.monitor.ui.account.AccountStatsBridgeActivity}: viewVisibility=8, oldvis=0, req=1264x2780 , apr = 0, vsysui=
04-11 12:30:09.244  3590  8467 D InsetsSourceProvider: updateSourceFrameForServerVisibility mandatorySystemGestures EMPTY_RECT
04-11 12:30:09.245  3590  8467 D InsetsSourceProvider: updateSourceFrameForServerVisibility mandatorySystemGestures EMPTY_RECT
04-11 12:30:09.245  3590  8467 D WindowManager: NFW_findFocusedWindowIfNeeded:Window{daac658 u0 com.binance.monitor/com.binance.monitor.ui.chart.MarketChartActivity} mCurrentFocus:Window{daac658 u0 com.binance.monitor/com.binance.monitor.ui.chart.MarketChartActivity}
04-11 12:30:09.245 32357 32357 D VRI[AccountStatsBridgeActivity]: relayoutWindow result, sizeChanged:false, surfaceControlChanged:true, transformHintChanged:false, mSurfaceSize:Point(1264, 2780), mLastSurfaceSize:Point(1264, 2780), mWidth:1264, mHeight:2780, requestedWidth:1264, requestedHeight:2780, transformHint:0, installOrientation:0, displayRotation:0, isSurfaceValid:false, attr.flag:-2122252032, tmpFrames:ClientWindowFrames{frame=[0,0][1264,2780] display=[0,0][1264,2780] parentFrame=[0,0][0,0]}, relayoutAsync:false, mSyncSeqId:0
04-11 12:30:09.246 32357 32357 D VRI[AccountStatsBridgeActivity]: setWindowStopped stopped:true
04-11 12:30:09.246  3590  8467 I BLASTSyncEngine: onCommitted syncId: 27130, timeout: false ran: false
04-11 12:30:09.246  3590  8467 D Transition: finishTransaction-onCommitted syncId=27130
04-11 12:30:09.246  9448 27614 I mars::stn: [longlink_connect_monitor.cc:530, OnHeartbeatAlarmSet]:longlink_progress on_heartbeat_set, time: 929024660, time interval:210000
04-11 12:30:09.247  3590  8835 I InputDispatcher: updateFocusedWindow, daac658 com.binance.monitor/com.binance.monitor.ui.chart.MarketChartActivity on display 0, reason: Window became focusable. Previous reason: NOT_VISIBLE, result:   FocusedWindows:
04-11 12:30:09.247  3590  8835 I InputDispatcher:     displayId=0, name='daac658 com.binance.monitor/com.binance.monitor.ui.chart.MarketChartActivity'
04-11 12:30:09.247 32357 26047 D BLASTBufferQueue: [VRI[AccountStatsBridgeActivity]#75](f:0,a:1) destructor()
04-11 12:30:09.247 32357 26047 D BufferQueueConsumer: [VRI[AccountStatsBridgeActivity]#75(BLAST Consumer)75](id:7e650000004b,api:0,p:-1,c:32357) disconnect
04-11 12:30:09.247 32357 32357 D VRI[MarketChartActivity]: onFocusEvent true
04-11 12:30:09.253 32357 32357 D ViewRootImplExtImpl: wrapConfigInfoIntoFlags rotation=0, smallestScreenWidthDp=361, residentWS=false, scenario=0, bounds=Rect(0, 0 - 1264, 2780), relayoutAsync=false, flags=0, newFlags=1457532192, title=com.binance.monitor/com.binance.monitor.ui.account.AccountStatsBridgeActivity
04-11 12:30:09.254  3590  8835 V WindowManager: Relayout Window{fecae5 u0 com.binance.monitor/com.binance.monitor.ui.account.AccountStatsBridgeActivity}: viewVisibility=8, oldvis=8, req=1264x2780 , apr = 0, vsysui=, x=0, y=0
04-11 12:30:09.254  3590  8835 D InsetsSourceProvider: updateSourceFrameForServerVisibility mandatorySystemGestures EMPTY_RECT
04-11 12:30:09.254  3590  8835 D InsetsSourceProvider: updateSourceFrameForServerVisibility mandatorySystemGestures EMPTY_RECT
04-11 12:30:09.254 32357 32357 D VRI[AccountStatsBridgeActivity]: relayoutWindow result, sizeChanged:false, surfaceControlChanged:true, transformHintChanged:false, mSurfaceSize:Point(1264, 2780), mLastSurfaceSize:Point(1264, 2780), mWidth:1264, mHeight:2780, requestedWidth:1264, requestedHeight:2780, transformHint:0, installOrientation:0, displayRotation:0, isSurfaceValid:false, attr.flag:-2122252032, tmpFrames:ClientWindowFrames{frame=[0,0][1264,2780] display=[0,0][1264,2780] parentFrame=[0,0][0,0]}, relayoutAsync:false, mSyncSeqId:0
04-11 12:30:09.255  3590  8835 I WindowManager: Window{fecae5 u0 com.binance.monitor/com.binance.monitor.ui.account.AccountStatsBridgeActivity} state from DRAW_PENDING to NO_SURFACE; reason: destroySurface
