04-11 12:30:11.446  2727  3986 D QmiVsClientEvent: qmiVsClientNotifyQosPeriodReportIndEvent - RADIO_EVENT_QOS_PERIOD_REPORT_NOTIFY_IND
04-11 12:30:11.446  3438  3485 D VsProxy : handleMessage msg is 2420
04-11 12:30:11.446  3438  3485 D VsProxy : handleQosPeriodReportInd for instance 1 data_len 202
04-11 12:30:11.446  2727  2826 D VsProxy : handleMessage msg is 2420
04-11 12:30:11.446  2727  2826 D VsProxy : handleQosPeriodReportInd for instance 0 data_len 145
04-11 12:30:11.446 14034 14747 D SubsysRadioIndication[0]: radioQosPeriodReportInd result [8, -84, -26, -42, -50, 14, 34, 12, 8, -84, -69, -57, -50, 14, 16, 4, 24, 1, 32, 3, 58, 61, 8, -72, -39, -42, -50, 14, 16, 5, 24, -64, -92, 38, 32, -22, 6, 40, -94, -1, -1, -1, -1, -1, -1, -1, -1, 1, 48, -10, -1, -1, -1, -1, -1, -1, -1, -1, 1, 56, 9, 64, -94, -1, -1, -1, -1, -1, -1, -1, -1, 1, 72, -96, -1, -1, -1, -1, -1, -1, -1, -1, 1, 66, 29, 8, -57, -20, -92, -50, 14, 16, 5, 34, 19, 8, -64, -92, 38, 16, -22, 6, 24, 78, 32, 13, 40, -117, -32, -94, -93, 2, 48, 2, 90, 0, 98, 10, 8, -41, -26, -92, -50, 14, 16, 3, 24, 5, 122, 15, 8, -8, -24, -92, -50, 14, 16, -52, 2, 24, -21, 1, 32, -90, 9]
04-11 12:30:11.446 14034   947 D SubsysRadioIndication[1]: radioQosPeriodReportInd result [8, -84, -26, -42, -50, 14, 18, 12, 8, -95, -29, -42, -50, 14, 16, 1, 32, 53, 40, 1, 26, 14, 8, -67, -30, -42, -50, 14, 16, 1, 40, 1, 56, 125, 72, 10, 34, 12, 8, -84, -69, -57, -50, 14, 16, 4, 24, 1, 32, 3, 58, 81, 8, -10, -27, -42, -50, 14, 16, 5, 24, -98, -23, 30, 32, -54, 1, 40, -96, -1, -1, -1, -1, -1, -1, -1, -1, 1, 48, -13, -1, -1, -1, -1, -1, -1, -1, -1, 1, 64, -96, -1, -1, -1, -1, -1, -1, -1, -1, 1, 72, -97, -1, -1, -1, -1, -1, -1, -1, -1, 1, 80, -100, -1, -1, -1, -1, -1, -1, -1, -1, 1, 88, -98, -1, -1, -1, -1, -1, -1, -1, -1, 1, 66, 31, 8, -114, -41, -49, -50, 14, 16, 5, 24, 2, 34, 19, 8, -98, -23, 30, 16, -54, 1, 24, 41, 32, 13, 40, -126, -128, -52, -67, 21, 48, 2, 90, 0, 98, 10, 8, -85, -54, -73, -50, 14, 16, 3, 24, 5, 122, 20, 8, -58, -28, -42, -50, 14, 16, -1, -1, 1, 24, -1, -1, 1, 32, -1, -1, -1, -1, 15]
04-11 12:30:11.446 14034 14034 D NetworkService[0]: handleMessage what:1005
04-11 12:30:11.446 14034 14034 D RadioAtomTracker: parseQosPeriodData ModemQos:CellularQosInfo2{5G, 627264/874, EndcState=0, Band=78, DLBW=13, Rsrp=-94, Rsrq=-10, Snr=9, SvcStatus=3, ULPDCPNumDataPdu=-1, ULPDCPNumDropPdu=-1, ULPDCPTput=-1, ULRLCNumDataPdu=-1, ULRLCNumRetxPdu=-1, ULGrant=-1, ULBSR=-1, ULBler=-1, DLPDCPNumDataPdu=-1, DLPDCPTput=-1, DLRLCNumDataPdu=-1, DLRLCNumRetxPdu=-1, DLRLCNumDropPdu=-1, DLMACPaddingBytes=-1, DLPdcpNumMissToUppPdu=-1, DLBler=-1, RlfCount=0, CellChangeCount=0, IsRedirectionOccur=0, IsDualSimConflict=0, Latency=0, Sub1RrcState=1, Sub2RrcState=3, RachCount=0, CalcPower=332, Mtpl=235, PathLoss=1190, CellLoad=0}
04-11 12:30:11.446 14034 14034 D NetworkService[0]: EVENT_REG_QOS_PERIOD_REPORT_IND_CHANGED ENTER
04-11 12:30:11.446 14034 14034 D NetworkService[1]: handleMessage what:1005
04-11 12:30:11.447 14034 14034 D RadioAtomTracker: parseQosPeriodData ModemQos:CellularQosInfo1{5G, 504990/202, EndcState=2, Band=41, DLBW=13, Rsrp=-96, Rsrq=-13, Snr=0, SvcStatus=3, ULPDCPNumDataPdu=1, ULPDCPNumDropPdu=0, ULPDCPTput=53, ULRLCNumDataPdu=1, ULRLCNumRetxPdu=0, ULGrant=0, ULBSR=0, ULBler=0, DLPDCPNumDataPdu=1, DLPDCPTput=125, DLRLCNumDataPdu=1, DLRLCNumRetxPdu=0, DLRLCNumDropPdu=0, DLMACPaddingBytes=0, DLPdcpNumMissToUppPdu=0, DLBler=10, RlfCount=0, CellChangeCount=0, IsRedirectionOccur=0, IsDualSimConflict=0, Latency=8, Sub1RrcState=1, Sub2RrcState=3, RachCount=0, CalcPower=32767, Mtpl=32767, PathLoss=-1, CellLoad=0}
04-11 12:30:11.447 14034 14034 D NetworkService[1]: EVENT_REG_QOS_PERIOD_REPORT_IND_CHANGED ENTER
04-11 12:30:11.447 14034 14034 D AtomModemKpiInfo: handleMessage what:1001
04-11 12:30:11.447 14034 14034 D AtomModemKpiInfo: analyseQosInfo success
04-11 12:30:11.623  2113 17862 I sensors-hal: handle_oplus_wise_rgb_event:161, wise_rgb: (34316)(cct, lux, ir)[5847.17, 135.91, 58.385559] (r, g, b, c)[6401.32, 4344.24, 2741.66, 12138.24]                 (pwm, hbm, brl, algo)[0.0 0.0 1310.0 2.0], flag 29525
04-11 12:30:11.641 13843  6300 D gaia-GaiaConnectChecker: start connect check++
04-11 12:30:11.693  2258  2258 D SensorFeature: name=ssc_screenshot_info ,index = 22
04-11 12:30:11.693  2258  2258 D SensorFeature: write 39 bytes:929026444803314,929027106940032,29526,0
04-11 12:30:11.711  2181  2506 I SDM     : DisplayBuiltIn::IdlePowerCollapse: IPC received, disabling partial update for one frame
04-11 12:30:11.712 32357 32357 I ChainTrace: stream type=syncEvent gapMs=960 refreshMarket=true
04-11 12:30:11.724  2181  2506 I SDM     : DisplayBuiltIn::IdlePowerCollapse: IPC received, disabling partial update for one frame
04-11 12:30:11.731  2280  2331 D BatteryChargeControl: bcc get no support from charging protocol
04-11 12:30:11.807  2181  2506 I SDM     : DisplayBuiltIn::IdlePowerCollapse: IPC received, disabling partial update for one frame
04-11 12:30:11.832  4482  4680 W ServiceManagerCppClient: Waited one second for SystemClearService (is service started? Number of threads started in the threadpool: 16. Are binder threads started and available?)
04-11 12:30:11.832  4482  4659 W ServiceManagerCppClient: Waited one second for SystemClearService (is service started? Number of threads started in the threadpool: 16. Are binder threads started and available?)
04-11 12:30:11.833  1254 27653 W libc    : Unable to set property "ctl.interface_start" to "aidl/SystemClearService": PROP_ERROR_HANDLE_CONTROL_MESSAGE (0x20)
04-11 12:30:11.833  1254 27654 W libc    : Unable to set property "ctl.interface_start" to "aidl/SystemClearService": PROP_ERROR_HANDLE_CONTROL_MESSAGE (0x20)
04-11 12:30:11.889  2113 20704 I sensors-hal: handle_oplus_wise_rgb_event:189, high_pwm_light:lux 135.6,cct 5903.8,brl/algo/ir 1310.0/2.0/58.3,pwm/dc 0.0/0.0,rgbc 6418.758301/4326.644043/2754.908691/12119.587891,ts 929027064454162,cnt 34320,flag 29526
04-11 12:30:11.890  2113 17862 I sensors-hal: handle_oplus_wise_rgb_event:161, wise_rgb: (34321)(cct, lux, ir)[5903.81, 135.56, 58.273727] (r, g, b, c)[6408.79, 4331.04, 2757.12, 12126.58]                 (pwm, hbm, brl, algo)[0.0 0.0 1310.0 2.0], flag 29526
04-11 12:30:11.890  3590  9788 I AICCTModule: SensorFilter: brightness threshold 1.2 screenNit is 88.015 ave enviroment lux is 86.879166 luxForNit 85.61632demarcationPoint200.0 result is false
04-11 12:30:11.890  3590  9788 I AICCTModule: SensorFilter: findSecondNearestValue, sensorValue: 6394.471 nearestMaxValue:6383.555 secondNearestValue: 6383.555
04-11 12:30:11.890  3590  9788 I AICCTModule: SensorFilter: findSecondNearestValue, sensorValue: 86.77003 nearestMaxValue:86.76823 secondNearestValue: 86.687775
04-11 12:30:11.925  2113 17888 I sensors-hal: handle_sns_std_sensor_event:114, oplus rgb_rear sample: (cct, lux, ir, x, y)[10064, 22, 292, 259, 324]
04-11 12:30:11.925  2113 17888 I sensors-hal: handle_sns_std_sensor_event:116, oplus rgb_rear sample: (r, g, b, c w)[865, 1766, 396, 516, 0]
04-11 12:30:12.006  3590  8835 D NotificationService--OplusNotificationFixHelper: fixAppIcon: pkg=com.v2ray.ang
04-11 12:30:12.006  3590  8835 D NotificationService--OplusNotificationFixHelper: fixAppIcon: appIcon = null, pkg = com.v2ray.ang
04-11 12:30:12.006  3590  8835 D NotificationService--NotificationRecord: isSupportRearLight , isRearLight = false mLedRM = false isMultilLed = false
04-11 12:30:12.007  3590  8835 I OplusStatusBarManagerServiceEnhance:  getTopIsFullscreen mTopIsFullscreen: false
04-11 12:30:12.007  3590  8835 W ActivityManager: Permission Denial: getTopApplicationInfo from pid=18198, uid=10397 requires oplus.permission.OPLUS_COMPONENT_SAFE
04-11 12:30:12.007  3590  8835 E OplusNotificationCenter: getForegroundApplication exception
04-11 12:30:12.007  3590  3590 D NotificationService--OplusNotificationManagerServiceExtImpl: isForwardToAssistants: true, case : Is local notification
04-11 12:30:12.007  3590  3590 D NotificationService: This application enqueue notifications is need postDelayed mcsAssistantDelayTime: 50
04-11 12:30:12.021  3438  4039 D QmiClient: qmiServiceEventCallback recv msg id 47
04-11 12:30:12.021  3438  4039 D QmiClient: enter -mServiceType 10 onQmiServiceEventCallback msgId 47
04-11 12:30:12.021  3438  4039 D QmiClient: onQmiServiceEventCallback - enter. msgId=47
04-11 12:30:12.021  3438  3488 D OttProxy: handleMessage msg is 3001
04-11 12:30:12.021 14034 14747 D SubsysRadioIndication[1]: radioLinkLatencyInfoInd
04-11 12:30:12.021 14034 14747 D SubsysRadioIndication[1]: notify enter
04-11 12:30:12.021 14034 14034 D NetworkService[1]: handleMessage what:1008
04-11 12:30:12.021 14034 14034 D NetworkService[1]: EVENT_REG_LINK_LATENCY_INFO_CHANGE ulLatency:8408
04-11 12:30:12.027  2181  2506 I SDM     : DisplayBuiltIn::IdlePowerCollapse: IPC received, disabling partial update for one frame
04-11 12:30:12.036  2181  2532 E CwbService: Panel not support apl read or getDisplayPanelAplValue timeout 10ms.
04-11 12:30:12.036  2258  2258 D SensorFeature: name=ssc_screenshot_info ,index = 22
04-11 12:30:12.036  2258  2258 D SensorFeature: write 39 bytes:929027388725813,929027439730761,29527,0
04-11 12:30:12.046 14034 15313 D CommonApp-264-10512: transport layer data is invalid
04-11 12:30:12.046 14034 15313 D CommonApp-255-10512: commonScoreStrategy scenarios low package
04-11 12:30:12.046 14034 15313 D ScorePolicy: handleScoreChanged: []
04-11 12:30:12.046 14034 15313 D ScorePolicy: handleScoreChanged: []
04-11 12:30:12.046 14034 15313 D ScorePolicy: handleScoreChanged: []
04-11 12:30:12.058  8338  8338 I SystemUi--Notification: OplusLiveAlertNotificationsRepository-->onRankingApplied
04-11 12:30:12.063  8338  8338 I PluginSeedling--Track: RequestHandler-->notificationUpdated 0|com.v2ray.ang|1|null|10397 postTime: 1775881812006
04-11 12:30:12.063  8338  8338 E LockScreenNotificationDispatcherImp: updateNotificationListOnKg size:0
04-11 12:30:12.065  8338  8338 W SystemUi--Notification: OplusNotificationGroupExtImpl-->setChildrenExpanded: groupHeader is null
04-11 12:30:12.065  8338  8338 I SystemUi--Notification: LockScreenNotificationDispatcherImp-->updateNotificationListOnKg resultCode: 0
04-11 12:30:12.077  8338  8706 D LocalImageResolver: Couldn't use ImageDecoder for drawable, falling back to non-resized load.
04-11 12:30:12.077  8338  8338 D OplusNotificationDateTimeView: setTime mSettingTimeMillis 1775881812005, mSettingLocalDateTime 2026-04-11T12:30:00.005
04-11 12:30:12.080  8338  8706 D LocalImageResolver: Couldn't use ImageDecoder for drawable, falling back to non-resized load.
04-11 12:30:12.080  8338  8338 D OplusNotificationDateTimeView: setTime mSettingTimeMillis 1775881812005, mSettingLocalDateTime 2026-04-11T12:30:00.005
04-11 12:30:12.082  8338  8706 D LocalImageResolver: Couldn't use ImageDecoder for drawable, falling back to non-resized load.
04-11 12:30:12.082  8338  8338 D OplusNotificationDateTimeView: setTime mSettingTimeMillis 1775881812005, mSettingLocalDateTime 2026-04-11T12:30:00.005
04-11 12:30:12.085  8338  8338 I SystemUi--Notification: OplusNotificationTempla-->resolveContentMargin: marginTop=112 isChildInGroup=false hasSubtitle=true params.topMargin=112
04-11 12:30:12.085 27145 27155 I BpBinder: onLastStrongRef automatically unlinking death recipients: 
04-11 12:30:12.086 27145 27156 W System  : A resource failed to call close. 
04-11 12:30:12.086 27145 27156 W System  : A resource failed to call close. 
04-11 12:30:12.086 27145 27156 W System  : A resource failed to call close. 
04-11 12:30:12.086 27145 27156 W System  : A resource failed to call close. 
04-11 12:30:12.086  8338  8338 W SystemUi--Notification: OplusNotificationGroupExtImpl-->setChildrenExpanded: groupHeader is null
04-11 12:30:12.087  8338  8338 E LockScreenNotificationDispatcherImp: updateNotificationListOnKg size:0
04-11 12:30:12.089  8338  8338 W SystemUi--Notification: OplusNotificationGroupExtImpl-->setChildrenExpanded: groupHeader is null
04-11 12:30:12.089  8338  8338 I SystemUi--Notification: LockScreenNotificationDispatcherImp-->updateNotificationListOnKg resultCode: 0
04-11 12:30:12.101  3590  7166 I OplusCpuLimitManager: OplusCpuHighLoad: request instant cpu load
04-11 12:30:12.102  3590  7166 E OsenseCommonUtils: write /dev/memcg/memory.force_shrink_file failed
04-11 12:30:12.102  3590  7166 E OsenseCommonUtils: java.io.IOException: write failed: EBUSY (Device or resource busy)
04-11 12:30:12.102  3590  7166 E OsenseCommonUtils: 	at libcore.io.IoBridge.write(IoBridge.java:651)
04-11 12:30:12.102  3590  7166 E OsenseCommonUtils: 	at java.io.FileOutputStream.write(FileOutputStream.java:436)
04-11 12:30:12.102  3590  7166 E OsenseCommonUtils: 	at sun.nio.cs.StreamEncoder.writeBytes(StreamEncoder.java:233)
04-11 12:30:12.102  3590  7166 E OsenseCommonUtils: 	at sun.nio.cs.StreamEncoder.implFlushBuffer(StreamEncoder.java:309)
04-11 12:30:12.102  3590  7166 E OsenseCommonUtils: 	at sun.nio.cs.StreamEncoder.implFlush(StreamEncoder.java:313)
04-11 12:30:12.102  3590  7166 E OsenseCommonUtils: 	at sun.nio.cs.StreamEncoder.flush(StreamEncoder.java:153)
04-11 12:30:12.102  3590  7166 E OsenseCommonUtils: 	at java.io.OutputStreamWriter.flush(OutputStreamWriter.java:248)
04-11 12:30:12.102  3590  7166 E OsenseCommonUtils: 	at com.android.server.oplus.osense.utils.OsenseCommonUtils.writeFile(OsenseCommonUtils.java:154)
04-11 12:30:12.102  3590  7166 E OsenseCommonUtils: 	at com.android.server.am.OplusOsenseCompressAction.doGlobalShrink(OplusOsenseCompressAction.java:1887)
04-11 12:30:12.102  3590  7166 E OsenseCommonUtils: 	at com.android.server.am.OplusOsenseCompressAction.-$$Nest$mdoGlobalShrink(Unknown Source:0)
04-11 12:30:12.102  3590  7166 E OsenseCommonUtils: 	at com.android.server.am.OplusOsenseCompressAction$CompressHandler.handleMessage(OplusOsenseCompressAction.java:1335)
04-11 12:30:12.102  3590  7166 E OsenseCommonUtils: 	at android.os.Handler.dispatchMessage(Handler.java:115)
04-11 12:30:12.102  3590  7166 E OsenseCommonUtils: 	at android.os.Looper.loopOnce(Looper.java:302)
04-11 12:30:12.102  3590  7166 E OsenseCommonUtils: 	at android.os.Looper.loop(Looper.java:412)
04-11 12:30:12.102  3590  7166 E OsenseCommonUtils: 	at android.os.HandlerThread.run(HandlerThread.java:85)
04-11 12:30:12.102  3590  7166 E OsenseCommonUtils: Caused by: android.system.ErrnoException: write failed: EBUSY (Device or resource busy)
04-11 12:30:12.102  3590  7166 E OsenseCommonUtils: 	at libcore.io.Linux.writeBytes(Native Method)
04-11 12:30:12.102  3590  7166 E OsenseCommonUtils: 	at libcore.io.Linux.write(Linux.java:336)
04-11 12:30:12.102  3590  7166 E OsenseCommonUtils: 	at libcore.io.ForwardingOs.write(ForwardingOs.java:948)
04-11 12:30:12.102  3590  7166 E OsenseCommonUtils: 	at libcore.io.BlockGuardOs.write(BlockGuardOs.java:448)
04-11 12:30:12.102  3590  7166 E OsenseCommonUtils: 	at libcore.io.IoBridge.write(IoBridge.java:646)
04-11 12:30:12.102  3590  7166 E OsenseCommonUtils: 	... 14 more
04-11 12:30:12.102  3590  7166 I OplusCpuLimitManager: OplusCpuHighLoad: release instant cpu load
04-11 12:30:12.158  2113 17862 I sensors-hal: handle_oplus_wise_rgb_event:161, wise_rgb: (34326)(cct, lux, ir)[5863.21, 135.93, 58.221649] (r, g, b, c)[6406.30, 4342.04, 2739.46, 12135.91]                 (pwm, hbm, brl, algo)[0.0 0.0 1310.0 2.0], flag 29527
04-11 12:30:12.339  2258  2258 D SensorFeature: name=ssc_screenshot_info ,index = 22
04-11 12:30:12.339  2258  2258 D SensorFeature: write 39 bytes:929027388725813,929027751047532,29528,0
04-11 12:30:12.422  2113 17862 I sensors-hal: handle_oplus_wise_rgb_event:161, wise_rgb: (34331)(cct, lux, ir)[5889.10, 135.72, 57.252678] (r, g, b, c)[6398.82, 4311.25, 2739.46, 12091.62]                 (pwm, hbm, brl, algo)[0.0 0.0 1310.0 2.0], flag 29528
04-11 12:30:12.422  2113 20704 I sensors-hal: handle_oplus_wise_rgb_event:189, high_pwm_light:lux 135.7,cct 5889.1,brl/algo/ir 1310.0/2.0/57.3,pwm/dc 0.0/0.0,rgbc 6401.315918/4342.041992/2761.531006/12107.933594,ts 929027707798328,cnt 34330,flag 29528
04-11 12:30:12.424  2181  2506 I SDM     : DisplayBuiltIn::IdlePowerCollapse: IPC received, disabling partial update for one frame
04-11 12:30:12.500  2727  3986 D QmiClient: qmiServiceEventCallback recv msg id 1099
04-11 12:30:12.500  3438  3988 D QmiClient: qmiServiceEventCallback recv msg id 1099
04-11 12:30:12.500  3438  3988 D QmiClient: enter -mServiceType 4 onQmiServiceEventCallback msgId 1099
04-11 12:30:12.500  2727  3986 D QmiClient: enter -mServiceType 4 onQmiServiceEventCallback msgId 1099
04-11 12:30:12.500  2727  3986 D QmiClient: onQmiServiceEventCallback - enter. msgId=1099
04-11 12:30:12.500  3438  3988 D QmiClient: onQmiServiceEventCallback - enter. msgId=1099
04-11 12:30:12.500  3438  3988 D QmiVsClientEvent: QosPeriodReportInd MSG IND data_len 2052
04-11 12:30:12.500  2727  3986 D QmiVsClientEvent: QosPeriodReportInd MSG IND data_len 2052
04-11 12:30:12.500  3438  3988 D QmiVsClientEvent: qmiVsClientNotifyQosPeriodReportIndEvent - RADIO_EVENT_QOS_PERIOD_REPORT_NOTIFY_IND
04-11 12:30:12.500  2727  3986 D QmiVsClientEvent: qmiVsClientNotifyQosPeriodReportIndEvent - RADIO_EVENT_QOS_PERIOD_REPORT_NOTIFY_IND
04-11 12:30:12.501  3438  3485 D VsProxy : handleMessage msg is 2420
04-11 12:30:12.501  2727  2826 D VsProxy : handleMessage msg is 2420
04-11 12:30:12.501  3438  3485 D VsProxy : handleQosPeriodReportInd for instance 1 data_len 203
04-11 12:30:12.501  2727  2826 D VsProxy : handleQosPeriodReportInd for instance 0 data_len 145
04-11 12:30:12.502 14034 14747 D SubsysRadioIndication[1]: radioQosPeriodReportInd result [8, -58, -18, -42, -50, 14, 18, 14, 8, -113, -19, -42, -50, 14, 16, 1, 32, 53, 40, 1, 72, 1, 26, 13, 8, -72, -19, -42, -50, 14, 16, 1, 40, 1, 56, -78, 1, 34, 12, 8, -84, -69, -57, -50, 14, 16, 4, 24, 1, 32, 3, 58, 81, 8, -113, -19, -42, -50, 14, 16, 5, 24, -98, -23, 30, 32, -54, 1, 40, -96, -1, -1, -1, -1, -1, -1, -1, -1, 1, 48, -13, -1, -1, -1, -1, -1, -1, -1, -1, 1, 64, -96, -1, -1, -1, -1, -1, -1, -1, -1, 1, 72, -97, -1, -1, -1, -1, -1, -1, -1, -1, 1, 80, -98, -1, -1, -1, -1, -1, -1, -1, -1, 1, 88, -97, -1, -1, -1, -1, -1, -1, -1, -1, 1, 66, 31, 8, -114, -41, -49, -50, 14, 16, 5, 24, 2, 34, 19, 8, -98, -23, 30, 16, -54, 1, 24, 41, 32, 13, 40, -126, -128, -52, -67, 21, 48, 2, 90, 0, 98, 10, 8, -85, -54, -73, -50, 14, 16, 3, 24, 5, 122, 20, 8, -111, -20, -42, -50, 14, 16, -1, -1, 1, 24, -1, -1, 1, 32, -1, -1, -1, -1, 15]
04-11 12:30:12.502 14034   947 D SubsysRadioIndication[0]: radioQosPeriodReportInd result [8, -58, -18, -42, -50, 14, 34, 12, 8, -84, -69, -57, -50, 14, 16, 4, 24, 1, 32, 3, 58, 61, 8, -63, -19, -42, -50, 14, 16, 5, 24, -64, -92, 38, 32, -22, 6, 40, -94, -1, -1, -1, -1, -1, -1, -1, -1, 1, 48, -10, -1, -1, -1, -1, -1, -1, -1, -1, 1, 56, 8, 64, -94, -1, -1, -1, -1, -1, -1, -1, -1, 1, 72, -96, -1, -1, -1, -1, -1, -1, -1, -1, 1, 66, 29, 8, -57, -20, -92, -50, 14, 16, 5, 34, 19, 8, -64, -92, 38, 16, -22, 6, 24, 78, 32, 13, 40, -117, -32, -94, -93, 2, 48, 2, 90, 0, 98, 10, 8, -41, -26, -92, -50, 14, 16, 3, 24, 5, 122, 15, 8, -8, -24, -92, -50, 14, 16, -52, 2, 24, -21, 1, 32, -90, 9]
04-11 12:30:12.502 14034 14034 D NetworkService[1]: handleMessage what:1005
04-11 12:30:12.502 14034 14034 D RadioAtomTracker: parseQosPeriodData ModemQos:CellularQosInfo1{5G, 504990/202, EndcState=2, Band=41, DLBW=13, Rsrp=-96, Rsrq=-13, Snr=0, SvcStatus=3, ULPDCPNumDataPdu=1, ULPDCPNumDropPdu=0, ULPDCPTput=53, ULRLCNumDataPdu=1, ULRLCNumRetxPdu=0, ULGrant=0, ULBSR=0, ULBler=1, DLPDCPNumDataPdu=1, DLPDCPTput=178, DLRLCNumDataPdu=1, DLRLCNumRetxPdu=0, DLRLCNumDropPdu=0, DLMACPaddingBytes=0, DLPdcpNumMissToUppPdu=0, DLBler=0, RlfCount=0, CellChangeCount=0, IsRedirectionOccur=0, IsDualSimConflict=0, Latency=8, Sub1RrcState=1, Sub2RrcState=3, RachCount=0, CalcPower=32767, Mtpl=32767, PathLoss=-1, CellLoad=0}
04-11 12:30:12.502 14034 14034 D NetworkService[1]: EVENT_REG_QOS_PERIOD_REPORT_IND_CHANGED ENTER
04-11 12:30:12.503 14034 14034 D NetworkService[0]: handleMessage what:1005
04-11 12:30:12.503 14034 14034 D RadioAtomTracker: parseQosPeriodData ModemQos:CellularQosInfo2{5G, 627264/874, EndcState=0, Band=78, DLBW=13, Rsrp=-94, Rsrq=-10, Snr=8, SvcStatus=3, ULPDCPNumDataPdu=-1, ULPDCPNumDropPdu=-1, ULPDCPTput=-1, ULRLCNumDataPdu=-1, ULRLCNumRetxPdu=-1, ULGrant=-1, ULBSR=-1, ULBler=-1, DLPDCPNumDataPdu=-1, DLPDCPTput=-1, DLRLCNumDataPdu=-1, DLRLCNumRetxPdu=-1, DLRLCNumDropPdu=-1, DLMACPaddingBytes=-1, DLPdcpNumMissToUppPdu=-1, DLBler=-1, RlfCount=0, CellChangeCount=0, IsRedirectionOccur=0, IsDualSimConflict=0, Latency=0, Sub1RrcState=1, Sub2RrcState=3, RachCount=0, CalcPower=332, Mtpl=235, PathLoss=1190, CellLoad=0}
04-11 12:30:12.503 14034 14034 D NetworkService[0]: EVENT_REG_QOS_PERIOD_REPORT_IND_CHANGED ENTER
04-11 12:30:12.503 14034 14034 D AtomModemKpiInfo: handleMessage what:1001
04-11 12:30:12.503 14034 14034 D AtomModemKpiInfo: analyseQosInfo success
04-11 12:30:12.507 14034 14034 D SubsysEventListenerManager-SubsysTelephonyCallback[1]: onSignalStrengthsChanged
04-11 12:30:12.507  8338  8338 D Tile.OplusCellularTile: refreshState: tile not listening, ignore
04-11 12:30:12.508  8338  8520 I SystemUi--Statusbar: MobileConnectionRepositoryImpl-->subId:1 isSoftSimCard:false slotId:1
04-11 12:30:12.642  2258  2258 D SensorFeature: name=ssc_screenshot_info ,index = 22
04-11 12:30:12.642  2258  2258 D SensorFeature: write 39 bytes:929027388725813,929028054995917,29529,0
04-11 12:30:12.676 32357 32357 I ChainTrace: stream type=syncEvent gapMs=964 refreshMarket=true
04-11 12:30:12.689  3590  7333 D FusionLightNextGen: process end reported = 1, mode: 0, cnt: 397490, lux 85.7, cct 6281.0, r/g/b/c: 6403.8/4335.4/2752.7/12075.3, R/G/B: 144.0/140.0/129.0, bri 1310.0, match 1.00, ir 0.076314, conf 5.0, ts 929028041255412
04-11 12:30:12.689  2113 17862 I sensors-hal: handle_oplus_wise_rgb_event:161, wise_rgb: (34336)(cct, lux, ir)[5859.13, 134.68, 59.024540] (r, g, b, c)[6378.89, 4315.65, 2737.25, 12035.67]                 (pwm, hbm, brl, algo)[0.0 0.0 1310.0 2.0], flag 29529
04-11 12:30:12.718  3289  3289 I OplusTouchDaemon: ts_run_service: shellback temperature updated 30 (30925)
04-11 12:30:12.731  2280  2331 D BatteryChargeControl: bcc get no support from charging protocol
04-11 12:30:12.773  2181  2506 I SDM     : DisplayBuiltIn::IdlePowerCollapse: IPC received, disabling partial update for one frame
04-11 12:30:12.833  4482  4680 W ServiceManagerCppClient: Waited one second for SystemClearService (is service started? Number of threads started in the threadpool: 16. Are binder threads started and available?)
04-11 12:30:12.834  4482  4659 W ServiceManagerCppClient: Waited one second for SystemClearService (is service started? Number of threads started in the threadpool: 16. Are binder threads started and available?)
04-11 12:30:12.834  1254 27660 W libc    : Unable to set property "ctl.interface_start" to "aidl/SystemClearService": PROP_ERROR_HANDLE_CONTROL_MESSAGE (0x20)
04-11 12:30:12.834  1254 27661 W libc    : Unable to set property "ctl.interface_start" to "aidl/SystemClearService": PROP_ERROR_HANDLE_CONTROL_MESSAGE (0x20)
04-11 12:30:12.841 32357 32357 I SurfaceControl:  setExtendedRangeBrightness sc=Surface(name=)/@0x6fc43b4,currentBufferRatio=1.0,desiredRatio=1.0
04-11 12:30:12.841  3590  8790 V WindowManager: Relayout Window{83978a2 u0 com.binance.monitor}: viewVisibility=0, oldvis=0, req=315x429 , apr = 0, vsysui=, x=-407, y=2142
04-11 12:30:12.842  3590  8790 D InsetsSourceProvider: updateSourceFrameForServerVisibility mandatorySystemGestures EMPTY_RECT
04-11 12:30:12.842  3590  8790 D InsetsSourceProvider: updateSourceFrameForServerVisibility mandatorySystemGestures EMPTY_RECT
04-11 12:30:12.941  2181  2506 I SDM     : DisplayBuiltIn::IdlePowerCollapse: IPC received, disabling partial update for one frame
04-11 12:30:13.000 17904 17935 I APS_ALOG: flushRoutine g_immediateFlush=0 g_pendingCount=0 g_oobCount=0
04-11 12:30:13.021  2181  2506 I SDM     : DisplayBuiltIn::IdlePowerCollapse: IPC received, disabling partial update for one frame
04-11 12:30:13.029  2181 23599 E CwbService: Panel not support apl read or getDisplayPanelAplValue timeout 10ms.
04-11 12:30:13.029  2258  2258 D SensorFeature: name=ssc_screenshot_info ,index = 22
04-11 12:30:13.030  2258  2258 D SensorFeature: write 39 bytes:929028377665657,929028431876907,29530,0
04-11 12:30:13.032  3590  9788 I AICCTModule: SensorFilter: brightness threshold 1.2 screenNit is 88.015 ave enviroment lux is 85.98661 luxForNit 85.59052demarcationPoint200.0 result is false
04-11 12:30:13.033  3590  9788 I AICCTModule: SensorFilter: findSecondNearestValue, sensorValue: 6383.555 nearestMaxValue:6345.1743 secondNearestValue: 6345.1743
04-11 12:30:13.033  3590  9788 I AICCTModule: SensorFilter: findSecondNearestValue, sensorValue: 86.687775 nearestMaxValue:86.76823 secondNearestValue: 86.76823
04-11 12:30:13.058  3590  7344 V AlarmManager: sending alarm Alarm{7ea25a9 type 1 origWhen 1775881813058 whenElapsed 929028472 android} uid 1000 whenElapsed 929028472 windowLength 0 maxWhenElapsed 929028472 repeatInterval 0 action null component null tag StorgaeBandInfoAlarmTag flags 0x9 procName system_server
04-11 12:30:13.059  3590 10338 E OplusStorageUFSBandwidth: storage_io_metrics_path is /proc/oplus_storage/io_metrics/forever/
04-11 12:30:13.060  3590 10338 E OplusStorageUFSBandwidth: Bandwidth - Read: 0.50 MB/s, Write: 1.00 MB/s
04-11 12:30:13.060  3590 10338 E OplusStorageUFSBandwidth: Task time: 1ms
04-11 12:30:13.062  3590 10338 E OplusStorageUFSBandwidth: Alarm set to trigger in 10 seconds
04-11 12:30:13.072 14034 15313 D CommonApp-264-10512: transport layer data is invalid
04-11 12:30:13.073 14034 15313 D CommonApp-255-10512: commonScoreStrategy scenarios low package
04-11 12:30:13.073 14034 15313 D ScorePolicy: handleScoreChanged: []
04-11 12:30:13.073 14034 15313 D ScorePolicy: handleScoreChanged: []
04-11 12:30:13.073 14034 15313 D ScorePolicy: handleScoreChanged: []
04-11 12:30:13.074  3438  4039 D QmiClient: qmiServiceEventCallback recv msg id 47
04-11 12:30:13.074  3438  4039 D QmiClient: enter -mServiceType 10 onQmiServiceEventCallback msgId 47
04-11 12:30:13.074  3438  4039 D QmiClient: onQmiServiceEventCallback - enter. msgId=47
04-11 12:30:13.074  3438  3488 D OttProxy: handleMessage msg is 3001
04-11 12:30:13.074 14034   947 D SubsysRadioIndication[1]: radioLinkLatencyInfoInd
04-11 12:30:13.074 14034   947 D SubsysRadioIndication[1]: notify enter
04-11 12:30:13.075 14034 14034 D NetworkService[1]: handleMessage what:1008
04-11 12:30:13.075 14034 14034 D NetworkService[1]: EVENT_REG_LINK_LATENCY_INFO_CHANGE ulLatency:8408
04-11 12:30:13.232  2113 17862 I sensors-hal: handle_oplus_wise_rgb_event:161, wise_rgb: (34341)(cct, lux, ir)[5899.96, 135.17, 58.035599] (r, g, b, c)[6376.40, 4320.05, 2735.04, 12072.97]                 (pwm, hbm, brl, algo)[0.0 0.0 1310.0 2.0], flag 29530
04-11 12:30:13.233  2113 20704 I sensors-hal: handle_oplus_wise_rgb_event:189, high_pwm_light:lux 135.2,cct 5900.0,brl/algo/ir 1310.0/2.0/58.0,pwm/dc 0.0/0.0,rgbc 6383.874023/4326.644043/2743.871338/12098.607422,ts 929028385991662,cnt 34340,flag 29530
04-11 12:30:13.261  3590  7335 D ActivityManager: freezing 27799 com.coloros.alarmclock
04-11 12:30:13.264  3590  7335 D ActivityManager: freezing 12677 com.google.android.webview:webview_service
04-11 12:30:13.265  3590  7335 D ActivityManager: Freeze process 12677, not check file locks
04-11 12:30:13.265  3590  7335 D ActivityManager: freezing 14376 com.android.rkpdapp
04-11 12:30:13.266  3590  7335 D ActivityManager: Freeze process 14376, not check file locks
04-11 12:30:13.266  3590  7335 D ActivityManager: freezing 17796 com.coloros.ocs.opencapabilityservice:ocs
04-11 12:30:13.267  3590  7335 D ActivityManager: Freeze process 17796, not check file locks
04-11 12:30:13.267  3590  7335 D ActivityManager: freezing 15448 com.coloros.alarmclock:clockWidget
04-11 12:30:13.269  3590  7335 D ActivityManager: Freeze process 15448, not check file locks
04-11 12:30:13.269  3590  7335 D ActivityManager: freezing 21483 com.android.cellbroadcastreceiver.module
04-11 12:30:13.269  3590  7335 D ActivityManager: Freeze process 21483, not check file locks
04-11 12:30:13.269  3590  7335 D ActivityManager: freezing 22212 com.android.DeviceAsWebcam
04-11 12:30:13.270  3590  7335 D ActivityManager: freezing 22292 com.google.android.projection.gearhead:shared
04-11 12:30:13.271  3590  7335 D ActivityManager: Freeze process 22292, not check file locks
04-11 12:30:13.271  3590  7335 D ActivityManager: freezing 4267 com.oplus.romupdate
04-11 12:30:13.272  3590  7335 D ActivityManager: Freeze process 4267, not check file locks
04-11 12:30:13.272  3590  7335 D ActivityManager: freezing 27201 com.heytap.htms:kit_hlog
04-11 12:30:13.273  3590  7335 D ActivityManager: freezing 10944 com.heytap.htms
04-11 12:30:13.275  3590  7335 D ActivityManager: freezing 27289 com.heytap.htms:sysintegrity
04-11 12:30:13.276  3590  7335 D ActivityManager: Freeze process 27289, not check file locks
04-11 12:30:13.276  3590  7335 D ActivityManager: reportOneUidFrozenStateChanged uid 10265 frozen = true
04-11 12:30:13.277  3590  7335 D ActivityManager: reportOneUidFrozenStateChanged uid 10290 frozen = true
04-11 12:30:13.277  3590  7335 D ActivityManager: reportOneUidFrozenStateChanged uid 10177 frozen = true
04-11 12:30:13.277  3590  7335 D ActivityManager: reportOneUidFrozenStateChanged uid 10294 frozen = true
04-11 12:30:13.277  3590  7335 D ActivityManager: reportOneUidFrozenStateChanged uid 10276 frozen = true
04-11 12:30:13.277  3590  7335 D ActivityManager: reportOneUidFrozenStateChanged uid 10264 frozen = true
04-11 12:30:13.277  3590  7335 D ActivityManager: reportOneUidFrozenStateChanged uid 10186 frozen = true
04-11 12:30:13.277  3590  7335 D ActivityManager: reportOneUidFrozenStateChanged uid 10176 frozen = true
04-11 12:30:13.281  3590  7902 D InetDiagMessage: Destroyed 0 sockets, proto=IPPROTO_TCP, family=AF_INET, states=14
04-11 12:30:13.284  3590  7902 D InetDiagMessage: Destroyed 0 sockets, proto=IPPROTO_TCP, family=AF_INET6, states=14
04-11 12:30:13.284  3590  7902 D InetDiagMessage: Destroyed live tcp sockets for uids={10265} in 7ms
04-11 12:30:13.286  3590  7902 D InetDiagMessage: Destroyed 0 sockets, proto=IPPROTO_TCP, family=AF_INET, states=14
04-11 12:30:13.288  3590  7902 D InetDiagMessage: Destroyed 0 sockets, proto=IPPROTO_TCP, family=AF_INET6, states=14
04-11 12:30:13.289  3590  7902 D InetDiagMessage: Destroyed live tcp sockets for uids={10290} in 5ms
04-11 12:30:13.291  3590  7902 D InetDiagMessage: Destroyed 0 sockets, proto=IPPROTO_TCP, family=AF_INET, states=14
04-11 12:30:13.293  3590  7902 D InetDiagMessage: Destroyed 0 sockets, proto=IPPROTO_TCP, family=AF_INET6, states=14
04-11 12:30:13.293  3590  7902 D InetDiagMessage: Destroyed live tcp sockets for uids={10177} in 4ms
04-11 12:30:13.296  3590  7902 D InetDiagMessage: Destroyed 0 sockets, proto=IPPROTO_TCP, family=AF_INET, states=14
04-11 12:30:13.298  3590  7902 D InetDiagMessage: Destroyed 0 sockets, proto=IPPROTO_TCP, family=AF_INET6, states=14
04-11 12:30:13.298  3590  7902 D InetDiagMessage: Destroyed live tcp sockets for uids={10294} in 5ms
04-11 12:30:13.299  3590  7902 D InetDiagMessage: Destroyed 0 sockets, proto=IPPROTO_TCP, family=AF_INET, states=14
04-11 12:30:13.300  3590  7902 D InetDiagMessage: Destroyed 0 sockets, proto=IPPROTO_TCP, family=AF_INET6, states=14
04-11 12:30:13.300  3590  7902 D InetDiagMessage: Destroyed live tcp sockets for uids={10276} in 2ms
04-11 12:30:13.302  3590  7902 D InetDiagMessage: Destroyed 0 sockets, proto=IPPROTO_TCP, family=AF_INET, states=14
04-11 12:30:13.303  3590  7902 D InetDiagMessage: Destroyed 0 sockets, proto=IPPROTO_TCP, family=AF_INET6, states=14
04-11 12:30:13.303  3590  7902 D InetDiagMessage: Destroyed live tcp sockets for uids={10264} in 3ms
04-11 12:30:13.304  3590  7902 D InetDiagMessage: Destroyed 0 sockets, proto=IPPROTO_TCP, family=AF_INET, states=14
04-11 12:30:13.306  3590  7902 D InetDiagMessage: Destroyed 0 sockets, proto=IPPROTO_TCP, family=AF_INET6, states=14
04-11 12:30:13.306  3590  7902 D InetDiagMessage: Destroyed live tcp sockets for uids={10186} in 3ms
04-11 12:30:13.307  3590  7902 D InetDiagMessage: Destroyed 0 sockets, proto=IPPROTO_TCP, family=AF_INET, states=14
04-11 12:30:13.308  3590  7902 D InetDiagMessage: Destroyed 0 sockets, proto=IPPROTO_TCP, family=AF_INET6, states=14
04-11 12:30:13.308  3590  7902 D InetDiagMessage: Destroyed live tcp sockets for uids={10176} in 2ms
04-11 12:30:13.332  2258  2258 D SensorFeature: name=ssc_screenshot_info ,index = 22
04-11 12:30:13.332  2258  2258 D SensorFeature: write 39 bytes:929028377665657,929028744713313,29531,0
04-11 12:30:13.491  2113 17862 I sensors-hal: handle_oplus_wise_rgb_event:161, wise_rgb: (34346)(cct, lux, ir)[5888.87, 135.72, 57.030758] (r, g, b, c)[6413.78, 4357.44, 2761.53, 12126.58]                 (pwm, hbm, brl, algo)[0.0 0.0 1310.0 2.0], flag 29531
04-11 12:30:13.526  3590  8472 I OplusHansManager : uid=10345, pkg=com.tencent.mm F enter(), M stay=5
04-11 12:30:13.527 16527 16543 D IHansComunication: HANS sendMessageToKernel: threadId = 511992380480, netLinkSetup = 1, type = PKG, targetUid = 10345, pkgCmd = ADD_ONE_UID
04-11 12:30:13.546  3590  8472 I OplusHansManager : freeze uid: 10345 com.tencent.mm pids: [9059, 9999, 9448] scene: LcdOn
04-11 12:30:13.547  3590  9766 I OStatsManager_OplusBatteryStatsManager: updateStateTime: PkgName = com.tencent.mm, uid = 10345, state to em, mForegroundCnt = 0, isFg = false
04-11 12:30:13.547  3590  8475 I OplusHansManager : p_BC uid=10345 pkg=com.tencent.mm
04-11 12:30:13.547 16527 16543 D IHansComunication: HANS sendMessageToKernel: threadId = 511992380480, netLinkSetup = 1, type = PKG, targetUid = 10345, pkgCmd = ADD_ONE_UID
04-11 12:30:13.547  3590  8475 V SensorManager: call sensorServiceCommonInterface name: setSensorAccessState
04-11 12:30:13.547  3590  8475 D SensorServiceExtImpl: sensorServiceCommonInterface funcName = setSensorAccessState, flag = 10345, status = 0
04-11 12:30:13.547  3590  8475 D SensorServiceExtImpl: setSensorAccessState uid = 10345, state = 0
04-11 12:30:13.547  3590  8475 I OplusHansManager : p_sensor: 10345
04-11 12:30:13.548  3590  8475 I OplusCameraManagerGlobal: reportAppFreeze E
04-11 12:30:13.548  3590  8475 I OplusBinderProxy: proxyBinder uid: 10345 pkg: com.tencent.mm proxy: true calling: OFreezer
04-11 12:30:13.548  3590  8475 I LocationFreezeProc: will freezeLocationProcess for com.tencent.mm, 10345, true, false
04-11 12:30:13.548  3590  8475 I LocationFreezeProc: Executing freeze operation for com.tencent.mm, 10345, true, false
04-11 12:30:13.548  3590  8475 W LocationFreezeProc: Do nothing for the app is not record!
04-11 12:30:13.548  3590  8475 I OplusHansManager : p_gps: uid 10345 result false
04-11 12:30:13.557  3590  7344 I OplusHansManager : unfreeze uid: 10345 com.tencent.mm pids: [9059, 9999, 9448] reason: Alarm scene: LcdOn
04-11 12:30:13.558  3590  9766 I OStatsManager_OplusBatteryStatsManager: updateStateTime: PkgName = com.tencent.mm, uid = 10345, state to bg, mForegroundCnt = 0, isFg = false
04-11 12:30:13.558  3590  8475 D OplusHansManager : onUidHansStateChanged: uid = 10345, isFreeze = true, frozenStatus = 0
04-11 12:30:13.558  3590  8472 I OplusHansManager : uid=10345, pkg=com.tencent.mm F exit(), F stay=0, reason=Alarm, FrozenActionKeepProxy=false
04-11 12:30:13.558  3590  7344 V AlarmManager: sending alarm Alarm{f72ea48 type 2 origWhen 929024457 whenElapsed 929028958 com.tencent.mm} uid 10345 whenElapsed 929028958 windowLength 0 maxWhenElapsed 929028958 repeatInterval 0 action ALARM_ACTION(10000) component null flags 0x9 procName com.tencent.mm:push
04-11 12:30:13.558  3590  8475 I OplusHansManager : up_BC uid=10345 pkg=com.tencent.mm
04-11 12:30:13.558  3590  8475 V SensorManager: call sensorServiceCommonInterface name: setSensorAccessState
04-11 12:30:13.559  3590  8475 D SensorServiceExtImpl: sensorServiceCommonInterface funcName = setSensorAccessState, flag = 10345, status = 1
04-11 12:30:13.559  3590  8475 D SensorServiceExtImpl: setSensorAccessState uid = 10345, state = 1
04-11 12:30:13.559  3590  8475 I OplusHansManager : up_sensor: 10345
04-11 12:30:13.559  3590  8475 I OplusCameraManagerGlobal: reportAppFreeze E
04-11 12:30:13.559  3590  8475 I OplusBinderProxy: proxyBinder uid: 10345 pkg: com.tencent.mm proxy: false calling: OFreezer
04-11 12:30:13.561  3590  8085 I LinkPower: [MonitorLeafPushSock] startMonitor app:[uid:10345 pid:-1 name:com.tencent.mm]
04-11 12:30:13.562  3590  8088 E LinkPower: [NetlinkLinkPower] failed to handle netlink msg, recevice netlink NLMSG_ERROR msg!
04-11 12:30:13.616  2727  3986 D QmiClient: qmiServiceEventCallback recv msg id 1099
04-11 12:30:13.616  2727  3986 D QmiClient: enter -mServiceType 4 onQmiServiceEventCallback msgId 1099
04-11 12:30:13.616  2727  3986 D QmiClient: onQmiServiceEventCallback - enter. msgId=1099
04-11 12:30:13.616  2727  3986 D QmiVsClientEvent: QosPeriodReportInd MSG IND data_len 2052
04-11 12:30:13.616  2727  3986 D QmiVsClientEvent: qmiVsClientNotifyQosPeriodReportIndEvent - RADIO_EVENT_QOS_PERIOD_REPORT_NOTIFY_IND
04-11 12:30:13.616  2727  2826 D VsProxy : handleMessage msg is 2420
04-11 12:30:13.616  3438  3988 D QmiClient: qmiServiceEventCallback recv msg id 1099
04-11 12:30:13.616  3438  3988 D QmiClient: enter -mServiceType 4 onQmiServiceEventCallback msgId 1099
04-11 12:30:13.616  3438  3988 D QmiClient: onQmiServiceEventCallback - enter. msgId=1099
04-11 12:30:13.616  3438  3988 D QmiVsClientEvent: QosPeriodReportInd MSG IND data_len 2052
04-11 12:30:13.616  3438  3988 D QmiVsClientEvent: qmiVsClientNotifyQosPeriodReportIndEvent - RADIO_EVENT_QOS_PERIOD_REPORT_NOTIFY_IND
04-11 12:30:13.616  3438  3485 D VsProxy : handleMessage msg is 2420
04-11 12:30:13.616  2727  2826 D VsProxy : handleQosPeriodReportInd for instance 0 data_len 145
04-11 12:30:13.616  3438  3485 D VsProxy : handleQosPeriodReportInd for instance 1 data_len 203
04-11 12:30:13.617 14034   947 D SubsysRadioIndication[0]: radioQosPeriodReportInd result [8, -91, -9, -42, -50, 14, 34, 12, 8, -84, -69, -57, -50, 14, 16, 4, 24, 1, 32, 3, 58, 61, 8, -58, -18, -42, -50, 14, 16, 5, 24, -64, -92, 38, 32, -22, 6, 40, -95, -1, -1, -1, -1, -1, -1, -1, -1, 1, 48, -10, -1, -1, -1, -1, -1, -1, -1, -1, 1, 56, 8, 64, -95, -1, -1, -1, -1, -1, -1, -1, -1, 1, 72, -97, -1, -1, -1, -1, -1, -1, -1, -1, 1, 66, 29, 8, -57, -20, -92, -50, 14, 16, 5, 34, 19, 8, -64, -92, 38, 16, -22, 6, 24, 78, 32, 13, 40, -117, -32, -94, -93, 2, 48, 2, 90, 0, 98, 10, 8, -41, -26, -92, -50, 14, 16, 3, 24, 5, 122, 15, 8, -8, -24, -92, -50, 14, 16, -52, 2, 24, -21, 1, 32, -90, 9]
04-11 12:30:13.617 14034 14034 D NetworkService[0]: handleMessage what:1005
04-11 12:30:13.617 14034 14747 D SubsysRadioIndication[1]: radioQosPeriodReportInd result [8, -91, -9, -42, -50, 14, 18, 14, 8, -85, -11, -42, -50, 14, 16, 1, 32, 53, 40, 1, 72, 1, 26, 13, 8, -57, -13, -42, -50, 14, 16, 1, 40, 1, 56, -60, 1, 34, 12, 8, -84, -69, -57, -50, 14, 16, 4, 24, 1, 32, 3, 58, 81, 8, -109, -10, -42, -50, 14, 16, 5, 24, -98, -23, 30, 32, -54, 1, 40, -96, -1, -1, -1, -1, -1, -1, -1, -1, 1, 48, -13, -1, -1, -1, -1, -1, -1, -1, -1, 1, 64, -96, -1, -1, -1, -1, -1, -1, -1, -1, 1, 72, -97, -1, -1, -1, -1, -1, -1, -1, -1, 1, 80, -100, -1, -1, -1, -1, -1, -1, -1, -1, 1, 88, -98, -1, -1, -1, -1, -1, -1, -1, -1, 1, 66, 31, 8, -114, -41, -49, -50, 14, 16, 5, 24, 2, 34, 19, 8, -98, -23, 30, 16, -54, 1, 24, 41, 32, 13, 40, -126, -128, -52, -67, 21, 48, 2, 90, 0, 98, 10, 8, -85, -54, -73, -50, 14, 16, 3, 24, 5, 122, 20, 8, -85, -13, -42, -50, 14, 16, -1, -1, 1, 24, -1, -1, 1, 32, -1, -1, -1, -1, 15]
04-11 12:30:13.617 14034 14034 D RadioAtomTracker: parseQosPeriodData ModemQos:CellularQosInfo2{5G, 627264/874, EndcState=0, Band=78, DLBW=13, Rsrp=-95, Rsrq=-10, Snr=8, SvcStatus=3, ULPDCPNumDataPdu=-1, ULPDCPNumDropPdu=-1, ULPDCPTput=-1, ULRLCNumDataPdu=-1, ULRLCNumRetxPdu=-1, ULGrant=-1, ULBSR=-1, ULBler=-1, DLPDCPNumDataPdu=-1, DLPDCPTput=-1, DLRLCNumDataPdu=-1, DLRLCNumRetxPdu=-1, DLRLCNumDropPdu=-1, DLMACPaddingBytes=-1, DLPdcpNumMissToUppPdu=-1, DLBler=-1, RlfCount=0, CellChangeCount=0, IsRedirectionOccur=0, IsDualSimConflict=0, Latency=0, Sub1RrcState=1, Sub2RrcState=3, RachCount=0, CalcPower=332, Mtpl=235, PathLoss=1190, CellLoad=0}
04-11 12:30:13.617 14034 14034 D NetworkService[0]: EVENT_REG_QOS_PERIOD_REPORT_IND_CHANGED ENTER
04-11 12:30:13.617 14034 14034 D NetworkService[1]: handleMessage what:1005
04-11 12:30:13.618 14034 14034 D RadioAtomTracker: parseQosPeriodData ModemQos:CellularQosInfo1{5G, 504990/202, EndcState=2, Band=41, DLBW=13, Rsrp=-96, Rsrq=-13, Snr=0, SvcStatus=3, ULPDCPNumDataPdu=1, ULPDCPNumDropPdu=0, ULPDCPTput=53, ULRLCNumDataPdu=1, ULRLCNumRetxPdu=0, ULGrant=0, ULBSR=0, ULBler=1, DLPDCPNumDataPdu=1, DLPDCPTput=196, DLRLCNumDataPdu=1, DLRLCNumRetxPdu=0, DLRLCNumDropPdu=0, DLMACPaddingBytes=0, DLPdcpNumMissToUppPdu=0, DLBler=0, RlfCount=0, CellChangeCount=0, IsRedirectionOccur=0, IsDualSimConflict=0, Latency=8, Sub1RrcState=1, Sub2RrcState=3, RachCount=0, CalcPower=32767, Mtpl=32767, PathLoss=-1, CellLoad=0}
04-11 12:30:13.618 14034 14034 D NetworkService[1]: EVENT_REG_QOS_PERIOD_REPORT_IND_CHANGED ENTER
04-11 12:30:13.618 14034 14034 D AtomModemKpiInfo: handleMessage what:1001
04-11 12:30:13.618 14034 14034 D AtomModemKpiInfo: analyseQosInfo success
04-11 12:30:13.635  2258  2258 D SensorFeature: name=ssc_screenshot_info ,index = 22
04-11 12:30:13.635  2258  2258 D SensorFeature: write 39 bytes:929028377665657,929029048165761,29532,0
04-11 12:30:13.639 32357 32357 I ChainTrace: stream type=syncEvent gapMs=963 refreshMarket=true
04-11 12:30:13.668  2181  2506 I SDM     : DisplayBuiltIn::IdlePowerCollapse: IPC received, disabling partial update for one frame
04-11 12:30:13.717 15031 15220 D ShellSubscriberWorkerThread: the first 8 bytes empty, and RestData length > 8 
04-11 12:30:13.732  2280  2331 D BatteryChargeControl: bcc get no support from charging protocol
04-11 12:30:13.747  2181  2506 I SDM     : DisplayBuiltIn::IdlePowerCollapse: IPC received, disabling partial update for one frame
04-11 12:30:13.755  2113 20704 I sensors-hal: handle_oplus_wise_rgb_event:189, high_pwm_light:lux 135.2,cct 5905.9,brl/algo/ir 1310.0/2.0/57.5,pwm/dc 0.0/0.0,rgbc 6378.890137/4317.845703/2737.248779/12044.992188,ts 929028996399058,cnt 34350,flag 29532
04-11 12:30:13.755  2113 17862 I sensors-hal: handle_oplus_wise_rgb_event:161, wise_rgb: (34351)(cct, lux, ir)[5905.88, 135.16, 57.501408] (r, g, b, c)[6363.94, 4311.25, 2732.83, 12044.99]                 (pwm, hbm, brl, algo)[0.0 0.0 1310.0 2.0], flag 29532
04-11 12:30:13.834  4482  4680 W ServiceManagerCppClient: Waited one second for SystemClearService (is service started? Number of threads started in the threadpool: 16. Are binder threads started and available?)
04-11 12:30:13.834  4482  4659 W ServiceManagerCppClient: Waited one second for SystemClearService (is service started? Number of threads started in the threadpool: 16. Are binder threads started and available?)
04-11 12:30:13.836  1254 27670 W libc    : Unable to set property "ctl.interface_start" to "aidl/SystemClearService": PROP_ERROR_HANDLE_CONTROL_MESSAGE (0x20)
04-11 12:30:13.836  1254 27672 W libc    : Unable to set property "ctl.interface_start" to "aidl/SystemClearService": PROP_ERROR_HANDLE_CONTROL_MESSAGE (0x20)
04-11 12:30:13.926  2113 17888 I sensors-hal: handle_sns_std_sensor_event:114, oplus rgb_rear sample: (cct, lux, ir, x, y)[10071, 22, 292, 259, 324]
04-11 12:30:13.926  2113 17888 I sensors-hal: handle_sns_std_sensor_event:116, oplus rgb_rear sample: (r, g, b, c w)[867, 1766, 398, 517, 0]
04-11 12:30:13.960 10385 10548 I ThermalEngine: VIRTUAL-CPU-L-PID, Update received trip sensor cpu-1-1-1 92300
04-11 12:30:13.960 10330 10351 I ostats_tpd: stats_write, records atomId:100100, event_id:903, cpu:0, values: 903-0-1-213-(cpu-1-1-1)-28-0-1
04-11 12:30:13.961 10330 10351 I ostats_tpd: stats_write, records atomId:100100, event_id:903, cpu:0, values: 903-0-1-213-(cpu-1-1-1)-28-0-1
