--------- beginning of main
04-11 12:30:08.636 13839 14674 V MonthTrafficAlert: getWarningNotification subId:1 numWarningNotificaion:2
04-11 12:30:08.645  1905 26190 E TetherController: property_get sys.radio.data.modem_share_flag return 0, 1!
04-11 12:30:08.653 13839 14674 V MonthTrafficAlert: getWarningNotification subId:2 numWarningNotificaion:0
04-11 12:30:08.691  3590  7333 D FusionLightNextGen: process end reported = 1, mode: 0, cnt: 397475, lux 86.3, cct 6330.0, r/g/b/c: 6361.4/4309.0/2728.4/12054.3, R/G/B: 144.0/140.0/129.0, bri 1310.0, match 1.00, ir 0.072272, conf 5.0, ts 929023888356297
04-11 12:30:08.691  2113 17862 I sensors-hal: handle_oplus_wise_rgb_event:161, wise_rgb: (34266)(cct, lux, ir)[5891.79, 135.16, 57.835232] (r, g, b, c)[6356.46, 4295.85, 2737.25, 12061.31]                 (pwm, hbm, brl, algo)[0.0 0.0 1310.0 2.0], flag 95052
04-11 12:30:08.712 10250  1150 I midasd  : OplusObrainService::notifyEventInt eventId:21 iParam:0
04-11 12:30:08.713 15031 19293 I OplusObrain: OplusObrainClientInvoke.nativeGetTelephonyInfo
04-11 12:30:08.713 15031  1029 I OplusObrain: OplusObrainClientInvoke.nativeGetTrafficTypeInfoForNetworkType networkType 0
04-11 12:30:08.713  3590  8128 D KernelStatsHelper: getKernelStats start!
04-11 12:30:08.714  2247  2247 E android.hardware.power.stats-impl.oplus: HandleFactory::read open charger_input_current_now(/proc/charger/input_current_now) failed! fd: -1 errno: 2
04-11 12:30:08.714  2247  2247 W android.hardware.power.stats-impl.oplus: PruneException: Unknown binder exception (2) pruned into EX_TRANSACTION_FAILED
04-11 12:30:08.714 10250 16908 W midasd  : handleFactory read failed.
04-11 12:30:08.714  3590  7988 D OplusNetlinkSocket: handleNetlinkRecvKernelMessage:nlmsghdr:StructNlMsgHdr{ nlmsg_len{3004}, nlmsg_type{43()}, nlmsg_flags{0()}, nlmsg_seq{0}, nlmsg_pid{235282228} }
04-11 12:30:08.714  3590  7988 D KernelStatsHelper: get magic :[-1, -1, -1, 77, 65, 71, 73, 67]
04-11 12:30:08.714  3590  7988 D KernelStatsHelper: magic matched count:622 data_len:32344
04-11 12:30:08.714  3590  7988 D OplusNetlinkSocket: handleNetlinkRecvKernelMessage:nlmsghdr:StructNlMsgHdr{ nlmsg_len{2988}, nlmsg_type{43()}, nlmsg_flags{0()}, nlmsg_seq{0}, nlmsg_pid{235282228} }
04-11 12:30:08.714  3590  7988 D OplusNetlinkSocket: handleNetlinkRecvKernelMessage:nlmsghdr:StructNlMsgHdr{ nlmsg_len{2988}, nlmsg_type{43()}, nlmsg_flags{0()}, nlmsg_seq{0}, nlmsg_pid{235282228} }
04-11 12:30:08.714  3590  7988 D OplusNetlinkSocket: handleNetlinkRecvKernelMessage:nlmsghdr:StructNlMsgHdr{ nlmsg_len{2988}, nlmsg_type{43()}, nlmsg_flags{0()}, nlmsg_seq{0}, nlmsg_pid{235282228} }
04-11 12:30:08.714  3590  7988 D OplusNetlinkSocket: handleNetlinkRecvKernelMessage:nlmsghdr:StructNlMsgHdr{ nlmsg_len{2988}, nlmsg_type{43()}, nlmsg_flags{0()}, nlmsg_seq{0}, nlmsg_pid{235282228} }
04-11 12:30:08.714  3590  7988 D OplusNetlinkSocket: handleNetlinkRecvKernelMessage:nlmsghdr:StructNlMsgHdr{ nlmsg_len{2988}, nlmsg_type{43()}, nlmsg_flags{0()}, nlmsg_seq{0}, nlmsg_pid{235282228} }
04-11 12:30:08.714  3590  7988 D OplusNetlinkSocket: handleNetlinkRecvKernelMessage:nlmsghdr:StructNlMsgHdr{ nlmsg_len{2988}, nlmsg_type{43()}, nlmsg_flags{0()}, nlmsg_seq{0}, nlmsg_pid{235282228} }
04-11 12:30:08.714  3590  7988 D OplusNetlinkSocket: handleNetlinkRecvKernelMessage:nlmsghdr:StructNlMsgHdr{ nlmsg_len{2988}, nlmsg_type{43()}, nlmsg_flags{0()}, nlmsg_seq{0}, nlmsg_pid{235282228} }
04-11 12:30:08.714  3590  7988 D OplusNetlinkSocket: handleNetlinkRecvKernelMessage:nlmsghdr:StructNlMsgHdr{ nlmsg_len{2988}, nlmsg_type{43()}, nlmsg_flags{0()}, nlmsg_seq{0}, nlmsg_pid{235282228} }
04-11 12:30:08.714  3590  7988 D OplusNetlinkSocket: handleNetlinkRecvKernelMessage:nlmsghdr:StructNlMsgHdr{ nlmsg_len{2988}, nlmsg_type{43()}, nlmsg_flags{0()}, nlmsg_seq{0}, nlmsg_pid{235282228} }
04-11 12:30:08.714  3590  7988 D OplusNetlinkSocket: handleNetlinkRecvKernelMessage:nlmsghdr:StructNlMsgHdr{ nlmsg_len{2728}, nlmsg_type{43()}, nlmsg_flags{0()}, nlmsg_seq{0}, nlmsg_pid{235282228} }
04-11 12:30:08.714  3590  7988 D KernelStatsHelper: data over! check: true
04-11 12:30:08.730  2280  2331 D BatteryChargeControl: bcc get no support from charging protocol
04-11 12:30:08.758 27593 27593 W dumpsys : Thread Pool max thread count is 0. Cannot cache binder as linkToDeath cannot be implemented. serviceName: gfxinfo
--------- beginning of system
04-11 12:30:08.758  3590  8128 D ActivityManager: freezer override set to true
04-11 12:30:08.758  3590  8128 D ActivityManager: freezer override callers: 27593/2000 com.android.server.am.ActivityManagerService$GraphicsBinder.dump:2380 android.os.Binder.doDump:1085 android.os.Binder.dump:1075 android.os.Binder.onTransact:945 android.os.Binder.execTransactInternal:1444 
04-11 12:30:08.761  3590  8128 D ActivityManager: freezer override set to false
04-11 12:30:08.761  3590  8128 D ActivityManager: freezer override callers: 27593/2000 com.android.server.am.ActivityManagerService$GraphicsBinder.dump:2386 android.os.Binder.doDump:1085 android.os.Binder.dump:1075 android.os.Binder.onTransact:945 android.os.Binder.execTransactInternal:1444 
04-11 12:30:08.807  2181  2506 I SDM     : DisplayBuiltIn::IdlePowerCollapse: IPC received, disabling partial update for one frame
04-11 12:30:08.812  2399  3162 D VRR [OTI]: handleIdle from 1 to 0
04-11 12:30:08.812  2399  3162 D VRR [OTI-HW]: isStateReady 0
04-11 12:30:08.812  3590  3863 D PowerManagerService: userActivityNoUpdateLocked: groupId=0, eventTime=881168186, event=touch, flags=0x0, uid=1000
04-11 12:30:08.812  2399  3162 D VRR [OTI-HW]: keep rate.
04-11 12:30:08.812  3590  8291 I [UAH_CLIENT]: UahEventAcquire, cmdid:37, pkg:none, identity:OplusUAwareInputHelper
04-11 12:30:08.812  3590  3863 D PowerManagerService: userActivityNoUpdateLocked: groupId=0, eventTime=881168186, event=touch, flags=0x0, uid=1000
04-11 12:30:08.812 32357 32357 E IJankManager: slideSceneEnd unknown scene 1000 mScene:-1
04-11 12:30:08.813  3590  8291 D UAH-UahAdaptHelper: adaptSetNotification identity = OplusUAwareInputHelpersrc = 1000 , type 0 ,p1 = -1 ,p2 = -1 ,p3 = -1 ,p4 =
04-11 12:30:08.813  3590  8291 I [UAH_CLIENT]: uahRuleCtl, ruleId:1000, status:0
04-11 12:30:08.813  3590  8031 D GestureLog_OplusMultiPointerDetector: onTouchEvent------>start, mCurNumPointers=1, mCurrStatus=0 mIsDownIntervalTimeout=true, action=0 downTime=881168186 deviceId=-1
04-11 12:30:08.814  3590  3863 D PowerManagerService: userActivityNoUpdateLocked: groupId=0, eventTime=881168186, event=touch, flags=0x0, uid=1000
04-11 12:30:08.814  3590  8291 D UAH-UahAdaptHelper: adaptSetNotification identity = OplusUAwareInputHelpersrc = 1000 , type 1 ,p1 = -1 ,p2 = -1 ,p3 = -1 ,p4 =
04-11 12:30:08.814  3590  8291 I [UAH_CLIENT]: uahRuleCtl, ruleId:1000, status:1
04-11 12:30:08.814  3590  3863 D PowerManagerService: userActivityNoUpdateLocked: groupId=0, eventTime=881168186, event=touch, flags=0x0, uid=1000
04-11 12:30:08.815  2181  2532 E CwbService: Panel not support apl read or getDisplayPanelAplValue timeout 10ms.
04-11 12:30:08.815  2258  2258 D SensorFeature: name=ssc_screenshot_info ,index = 22
04-11 12:30:08.815  2258  2258 D SensorFeature: write 39 bytes:929024168364356,929024219147481,29517,0
04-11 12:30:08.831  4482  4680 W ServiceManagerCppClient: Waited one second for SystemClearService (is service started? Number of threads started in the threadpool: 16. Are binder threads started and available?)
04-11 12:30:08.832  4482  4659 W ServiceManagerCppClient: Waited one second for SystemClearService (is service started? Number of threads started in the threadpool: 16. Are binder threads started and available?)
04-11 12:30:08.832  1254 27605 W libc    : Unable to set property "ctl.interface_start" to "aidl/SystemClearService": PROP_ERROR_HANDLE_CONTROL_MESSAGE (0x20)
04-11 12:30:08.832  1254 27606 W libc    : Unable to set property "ctl.interface_start" to "aidl/SystemClearService": PROP_ERROR_HANDLE_CONTROL_MESSAGE (0x20)
04-11 12:30:08.871 10330 10351 I ostats_tpd: stats_write, records atomId:100100, event_id:903, cpu:1, values: 903-0-1-213-(cpu-1-0-1)-26-0-1
04-11 12:30:08.871 10385 10443 I ThermalEngine: VIRTUAL-CPU-L-PID, Update received trip sensor cpu-1-0-1 92300
04-11 12:30:08.871 10330 10351 I ostats_tpd: stats_write, records atomId:100100, event_id:903, cpu:3, values: 903-0-1-10614-(cpu-1-0-1)-26-0-1
04-11 12:30:08.881 10385 10645 I ThermalEngine: ACTION: CPU - Setting CPU[6] to 4
04-11 12:30:08.888 10385 10443 I ThermalEngine: VIRTUAL-CPU-L-PID, Update received trip sensor cpu-1-0-1 79900
04-11 12:30:08.889 10385 10645 I ThermalEngine: ACTION: CPU - Setting CPU[6] to 0
04-11 12:30:08.889 32357 32357 D OplusViewDragTouchViewHelper: dispatchTouchView action = 1
04-11 12:30:08.889 32357 32357 D ViewRootImplExtImpl: the up motion event handled by client, just return
04-11 12:30:08.889 15031 15220 D ShellSubscriberWorkerThread: the first 8 bytes empty, and RestData length > 8 
04-11 12:30:08.901  3590  8128 W ActivityManager: pid 9059 com.tencent.mm sent binder code 1 with flags 0 to frozen apps and got error -32
04-11 12:30:08.901  9059  9704 I JniHook : println_native hooked: 0
04-11 12:30:08.901  9059  9704 D ActivityThread: Too many transaction errors, throttling freezer binder callback.
04-11 12:30:08.916  3590  7998 I [UAH_CLIENT]: UahEventAcquire, cmdid:2, pkg:none, identity:com.android.server.wm
04-11 12:30:08.916  3590  8467 D WindowManager: NFW_setClientVisible:ActivityRecord{2336319 u0 com.binance.monitor/.ui.chart.MarketChartActivity clientVisible:true
04-11 12:30:08.916  3590  8467 V GrammaticalInflectionUtils: AttributionSource: android.content.AttributionSource@1020978a does not have READ_SYSTEM_GRAMMATICAL_GENDER permission.
04-11 12:30:08.916  3590  8467 D OplusCompatModeManagerService: getRequestedConfigurationOrientation  res:1,req:1,config.old:0,config.new:0,ActivityRecord{2336319 u0 com.binance.monitor/.ui.chart.MarketChartActivity t-1}
04-11 12:30:08.916  3590  8467 D OplusCompatModeManagerService:  onPreActivityRecordConfigurationChanged {0.0 ?mcc??mnc ?localeList ?layoutDir ?swdp ?wdp ?hdp ?density ?lsize ?long ?ldr ?wideColorGamut ?orien ?uimode ?night ?touch ?keyb/?/? ?nav/? winConfig={ mBounds=Rect(0, 0 - 0, 0) mAppBounds=null mMaxBounds=Rect(0, 0 - 0, 0) mDisplayRotation=undefined mWindowingMode=undefined mActivityType=undefined mAlwaysOnTop=undefined mRotation=undefined} ?fontWeightAdjustmentmThemeChanged= 0, mThemeChangedFlags= 0, mFlipFont= 0, mScenario= -1, mAccessibleChanged= 0, mUxIconConfig= 0, mMaterialColor= ffffffffffffffff, mUserId= -1, mFontUserId= -1, mFontVariationSettings= ffffffff, mFoldingAngle = -1.0, mIconPackName= , mDarkModeBackgroundMaxL= -1.0, mDarkModeDialogBgMaxL= -1.0, mDarkModeForegroundMinL= -1.0, mOplusConfigType= 0, mOplusChangedConfigs= 0, OpSans= -1, mBurmeseFontFlag= -1, mFlag= 0, mExtraFlag= 0, mFlexibleActivitySuitable= -1, mPuttDisplayFlag= -1}
04-11 12:30:08.916  3590  8467 D OplusCompatModeManagerService:  disable:true,valid:false,computeReq:1,isGameRatio:false
04-11 12:30:08.916  3590  8467 D OplusCompatModeManagerService:  getOverrideMinAspectRatioForCompatMode: 0.0 getRawOverrideMinAspectRatioForCompatMode: 0.0
04-11 12:30:08.916  3590  8467 D OplusCompatModeManagerService:  ar : ActivityRecord{2336319 u0 com.binance.monitor/.ui.chart.MarketChartActivity t-1} displayId:-1 inCompatMode: false
04-11 12:30:08.916  3590  8467 D OplusCompatModeManagerService: isDefaultDisplay true oldRect: Rect(0, 0 - 0, 0) newRect Rect(0, 0 - 0, 0)
04-11 12:30:08.916  3590  8467 D OplusCompatModeManagerService: reloadCompactRatio mParWorldContainer.isEnabledParallelWindow(pkg):false,mParWorldContainer.isDisabledCompactWindow:false,isUIAutoLayout:false, isFullOrientation: false
04-11 12:30:08.916  3590  8467 D FlexibleTaskController: isSupportFlexibleWindow target = com.binance.monitor/.ui.chart.MarketChartActivity callPkg = FlexibleTaskController support = true ,caller = 3590
04-11 12:30:08.916  3590  8467 D ActivityStarterExtImpl: checkOpMode: 3
04-11 12:30:08.916  3590  3830 W QosScheduler: executeSceneQosStrategy failed! qos feature no enable
04-11 12:30:08.916  3590  8467 D FlexibleWindowManagerService: isIgnoreAppearedAcrossTask:false
04-11 12:30:08.917  3590  8467 D ActivityStarterExtImpl: setForceUpdateWindow, targetTask = Task{a10d0a5 #13089 type=standard A=10512:com.binance.monitor} r = ActivityRecord{2336319 u0 com.binance.monitor/.ui.chart.MarketChartActivity t-1} notFinish =false
04-11 12:30:08.917  3590  8467 D FlexibleWindowManagerService: isIgnoreAppearedAcrossTask:false
04-11 12:30:08.917  3590  8467 D FlexibleTaskController: adjustOptionsForFlexibleTask skip adjust options reason:4
04-11 12:30:08.917  3590  8467 I InsensibleTaskController: adjustOptionsForInsensibleTask targetTask is resuse so not pureInsensibleOptions
04-11 12:30:08.917  3590  8467 D FlexibleTaskController: isSupportFlexibleWindow target = com.binance.monitor/.ui.chart.MarketChartActivity callPkg = FlexibleTaskController support = true ,caller = 3590
04-11 12:30:08.917  3590  8467 D FlexibleWindowManagerService: no reused task found for ActivityRecord{2336319 u0 com.binance.monitor/.ui.chart.MarketChartActivity t-1}
04-11 12:30:08.917  3590  8467 D ActivityStarterExtImpl: isLaunchingRootActivity = false
04-11 12:30:08.917  3590  8467 D ActivityStarterExtImpl: resume targetTask isVisibleRequested is true or in SkipCheckedList, need resume:targetTask=Task{a10d0a5 #13089 type=standard A=10512:com.binance.monitor}
04-11 12:30:08.917  3590  8480 I OPM     : handleActivityStart : ActivityRecord{2336319 u0 com.binance.monitor/.ui.chart.MarketChartActivity t-1}
04-11 12:30:08.917  3590  8467 D OplusCompatModeManagerService: getRequestedConfigurationOrientation  res:1,req:1,config.old:0,config.new:1,ActivityRecord{2336319 u0 com.binance.monitor/.ui.chart.MarketChartActivity t13089}
04-11 12:30:08.917  3590  8467 D OplusCompatModeManagerService:  onPreActivityRecordConfigurationChanged {1.15 ??mcc??mnc [zh_CN,en_US] ldltr sw361dp w361dp h794dp 560dpi nrml long hdr widecg port night finger -keyb/v/h -nav/h winConfig={ mBounds=Rect(0, 0 - 1264, 2780) mAppBounds=Rect(0, 0 - 1264, 2780) mMaxBounds=Rect(0, 0 - 1264, 2780) mDisplayRotation=ROTATION_0 mWindowingMode=fullscreen mActivityType=standard mAlwaysOnTop=undefined mRotation=ROTATION_0} as.10 s.12661 fontWeightAdjustment=0mThemeChanged= 1, mThemeChangedFlags= 1, mFlipFont= 0, mScenario= 0, mAccessibleChanged= -1, mUxIconConfig= 1e177014640920, mMaterialColor= 100040017, mUserId= 0, mFontUserId= 0, mFontVariationSettings= 11d7, mFoldingAngle = -1.0, mIconPackName= , mDarkModeBackgroundMaxL= 8.0, mDarkModeDialogBgMaxL= 27.0, mDarkModeForegroundMinL= 100.0, mOplusConfigType= 1, mOplusChangedConfigs= 0, OpSans= -1, mBurmeseFontFlag= 2, mFlag= 0, mExtraFlag= 0, mFlexibleActivitySuitable= -1, mPuttDisplayFlag= -1}
04-11 12:30:08.917  3590  8467 D OplusCompatModeManagerService:  disable:true,valid:false,computeReq:1,isGameRatio:false
04-11 12:30:08.917  3590  8467 D OplusCompatModeManagerService:  getOverrideMinAspectRatioForCompatMode: 0.0 getRawOverrideMinAspectRatioForCompatMode: 0.0
04-11 12:30:08.917  3590  8467 D OplusCompatModeManagerService:  ar : ActivityRecord{2336319 u0 com.binance.monitor/.ui.chart.MarketChartActivity t13089} displayId:0 inCompatMode: false
04-11 12:30:08.917  3590  8467 D OplusCompatModeManagerService: isDefaultDisplay true oldRect: Rect(0, 0 - 0, 0) newRect Rect(0, 0 - 1264, 2780)
04-11 12:30:08.917  3590  8467 D OplusCompatModeManagerService: reloadCompactRatio mParWorldContainer.isEnabledParallelWindow(pkg):false,mParWorldContainer.isDisabledCompactWindow:false,isUIAutoLayout:false, isFullOrientation: false
04-11 12:30:08.918  3590  8467 D SecondaryPageStartupPolicy: checkSecondaryPageStartupStatus not support sourcePackage=com.binance.monitor
04-11 12:30:08.918  3590  8467 D OplusStartingWindowManager: we don't revise window flags for third app
04-11 12:30:08.918  3590  8467 D ActivityTaskManager: validateStartingWindowTheme:  Pkg=com.binance.monitor, Translucent=false, Floating=false, ShowWallpaper=false, Disable=false, LaunchSource=4, Prev=null, LaunchedFromPackage=com.binance.monitor
04-11 12:30:08.918  3590  8467 D ActivityTaskManager: addStartingWindow for ActivityRecord{2336319 u0 com.binance.monitor/.ui.chart.MarketChartActivity t13089}, mainWin=null, state=INITIALIZING, isKeyguardLocked=false, isKeyguardGoingAway=false
04-11 12:30:08.918  3590  8467 D ActivityTaskManager: getStartingWindowType: , newTask=false, taskSwitch=false, processRunning=true, allowTaskSnapshot=true, activityCreated=false, activityAllDrawn=false, snapshot exist: false
04-11 12:30:08.918  3590  8467 D ActivityRecordExtImpl: handleStartingWindowForCompactWindow origin type:0, adjustType : 0
04-11 12:30:08.918  3590  8467 D OplusWindowAnimationManager: applyNoAnimationForResumed resumed: ActivityRecord{95862188 u0 com.binance.monitor/.ui.account.AccountStatsBridgeActivity t13089}
04-11 12:30:08.918  3590  8467 D ActivityTrigger: ActivityTrigger activityPauseTrigger 
04-11 12:30:08.919  3590  8467 I ActivityTaskManager: START u0 {flg=0x24000000 xflg=0x4 cmp=com.binance.monitor/.ui.chart.MarketChartActivity mCallingUid=10512} with LAUNCH_MULTIPLE from uid 10512 (sr=95862188) (BAL_ALLOW_VISIBLE_WINDOW (callingUid has visible window)) result code=0
04-11 12:30:08.919  8338  8381 W OPLUS_LOG_LOAD: ==LOGS PROG INFO, prog(com.android.systemui) ==
04-11 12:30:08.919  8338  8381 V WindowManagerShell: Transition requested (#27130): android.os.BinderProxy@b143423 TransitionRequestInfo { type = OPEN, triggerTask = TaskInfo{userId=0 taskId=13089 effectiveUid=10512 displayId=0 isRunning=true baseIntent=Intent { act=android.intent.action.MAIN cat=[android.intent.category.LAUNCHER] flg=0x10200000 cmp=com.binance.monitor/.launcher.IconFinancialAlias mCallingUid=10214 } baseActivity=ComponentInfo{com.binance.monitor/com.binance.monitor.ui.main.MainActivity} topActivity=ComponentInfo{com.binance.monitor/com.binance.monitor.ui.chart.MarketChartActivity} origActivity=ComponentInfo{com.binance.monitor/com.binance.monitor.launcher.IconFinancialAlias} realActivity=ComponentInfo{com.binance.monitor/com.binance.monitor.ui.main.MainActivity}
04-11 12:30:08.919  8338  8381 V WindowManagerShell:  numActivities=3 lastActiveTime=929024332 supportsSplitScreenMultiWindow=true supportsMultiWindow=true supportsPocketStudioMultiWindow=true isInFlexibleEmbedded = false uid = 10512 pid = 0 resizeMode=1 isResizeable=true minWidth=-1 minHeight=-1 defaultMinSize=220 token=WCT{android.window.IWindowContainerToken$Stub$Proxy@58f0d20} topActivityType=1 pictureInPictureParams=null shouldDockBigOverlays=false launchIntoPipHostTaskId=-1 lastParentTaskIdBeforePip=-1 displayCutoutSafeInsets=Rect(0, 0 - 0, 0)
04-11 12:30:08.919  8338  8381 V WindowManagerShell:  topActivityInfo=ActivityInfo{aa886d9 com.binance.monitor.ui.chart.MarketChartActivity} launchCookies=[] positionInParent=Point(0, 0) parentTaskId=-1 isFocused=true isVisible=true isVisibleRequested=true isTopActivityNoDisplay=false isSleeping=false locusId=null displayAreaFeatureId=1 isTopActivityTransparent=false isActivityStackTransparent=false lastNonFullscreenBounds=Rect(330, 828 - 935, 2092) capturedLink=null capturedLinkTimestamp=0 requestedVisibleTypes=-9 topActivityRequestOpenInBrowserEducationTimestamp=0
04-11 12:30:08.919  8338  8381 V WindowManagerShell:  appCompatTaskInfo=AppCompatTaskInfo { topActivityInSizeCompat=false topActivityInOplusCompatMode=false eligibleForLetterboxEducation= false isLetterboxEducationEnabled= false isLetterboxDoubleTapEnabled= false eligibleForUserAspectRatioButton= false topActivityBoundsLetterboxed= false isFromLetterboxDoubleTap= false topActivityLetterboxVerticalPosition= -1 topActivityLetterboxHorizontalPosition= -1 topActivityLetterboxWidth=-1 topActivityLetterboxHeight=-1 topActivityAppBounds=Rect(0, 140 - 1264, 2780) isUserFullscreenOverrideEnabled=false isSystemFullscreenOverrideEnabled=false hasMinAspectRatioOverride=false topActivityLetterboxBounds=null cameraCompatTaskInfo=CameraCompatTaskInfo { freeformCameraCompatMode=inactive}} topActivityMainWindowFrame=null topActivityLetterboxInsets=Rect(0, 0 - 0, 0)
04-11 12:30:08.919  8338  8381 V WindowManagerShell:  mOplusExtraBundle = Bundle[mParcelledData.dataSize=1540]}, pipChange = null, remoteTransition = null, displayChange = null, flags = 0, debugId = 27130 }
04-11 12:30:08.919  8338  8381 D ShellSplitScreen: logExit: no-op, mLoggerSessionId is null
04-11 12:30:08.920  3590  7166 I OplusCpuLimitManager: OplusCpuHighLoad: request instant cpu load
04-11 12:30:08.920  3590  7166 E OsenseCommonUtils: write /dev/memcg/memory.force_shrink_file failed
04-11 12:30:08.920  3590  7166 E OsenseCommonUtils: java.io.IOException: write failed: EBUSY (Device or resource busy)
04-11 12:30:08.920  3590  7166 E OsenseCommonUtils: 	at libcore.io.IoBridge.write(IoBridge.java:651)
04-11 12:30:08.920  3590  7166 E OsenseCommonUtils: 	at java.io.FileOutputStream.write(FileOutputStream.java:436)
04-11 12:30:08.920  3590  7166 E OsenseCommonUtils: 	at sun.nio.cs.StreamEncoder.writeBytes(StreamEncoder.java:233)
04-11 12:30:08.920  3590  7166 E OsenseCommonUtils: 	at sun.nio.cs.StreamEncoder.implFlushBuffer(StreamEncoder.java:309)
04-11 12:30:08.920  3590  7166 E OsenseCommonUtils: 	at sun.nio.cs.StreamEncoder.implFlush(StreamEncoder.java:313)
04-11 12:30:08.920  3590  7166 E OsenseCommonUtils: 	at sun.nio.cs.StreamEncoder.flush(StreamEncoder.java:153)
04-11 12:30:08.920  3590  7166 E OsenseCommonUtils: 	at java.io.OutputStreamWriter.flush(OutputStreamWriter.java:248)
04-11 12:30:08.920  3590  7166 E OsenseCommonUtils: 	at com.android.server.oplus.osense.utils.OsenseCommonUtils.writeFile(OsenseCommonUtils.java:154)
04-11 12:30:08.920  3590  7166 E OsenseCommonUtils: 	at com.android.server.am.OplusOsenseCompressAction.doGlobalShrink(OplusOsenseCompressAction.java:1887)
04-11 12:30:08.920  3590  7166 E OsenseCommonUtils: 	at com.android.server.am.OplusOsenseCompressAction.-$$Nest$mdoGlobalShrink(Unknown Source:0)
04-11 12:30:08.920  3590  7166 E OsenseCommonUtils: 	at com.android.server.am.OplusOsenseCompressAction$CompressHandler.handleMessage(OplusOsenseCompressAction.java:1335)
04-11 12:30:08.920  3590  7166 E OsenseCommonUtils: 	at android.os.Handler.dispatchMessage(Handler.java:115)
04-11 12:30:08.920  3590  7166 E OsenseCommonUtils: 	at android.os.Looper.loopOnce(Looper.java:302)
04-11 12:30:08.920  3590  7166 E OsenseCommonUtils: 	at android.os.Looper.loop(Looper.java:412)
04-11 12:30:08.920  3590  7166 E OsenseCommonUtils: 	at android.os.HandlerThread.run(HandlerThread.java:85)
04-11 12:30:08.920  3590  7166 E OsenseCommonUtils: Caused by: android.system.ErrnoException: write failed: EBUSY (Device or resource busy)
04-11 12:30:08.920  3590  7166 E OsenseCommonUtils: 	at libcore.io.Linux.writeBytes(Native Method)
04-11 12:30:08.920  3590  7166 E OsenseCommonUtils: 	at libcore.io.Linux.write(Linux.java:336)
04-11 12:30:08.920  3590  7166 E OsenseCommonUtils: 	at libcore.io.ForwardingOs.write(ForwardingOs.java:948)
04-11 12:30:08.920  3590  7166 E OsenseCommonUtils: 	at libcore.io.BlockGuardOs.write(BlockGuardOs.java:448)
04-11 12:30:08.920  3590  7166 E OsenseCommonUtils: 	at libcore.io.IoBridge.write(IoBridge.java:646)
04-11 12:30:08.920  3590  7166 E OsenseCommonUtils: 	... 14 more
04-11 12:30:08.920  3590  7166 I OplusCpuLimitManager: OplusCpuHighLoad: release instant cpu load
04-11 12:30:08.923  3590  3796 I TaskOrganizerController: onTaskInfoChanged taskid 13089 config { mBounds=Rect(0, 0 - 1264, 2780) mAppBounds=Rect(0, 0 - 1264, 2780) mMaxBounds=Rect(0, 0 - 1264, 2780) mDisplayRotation=ROTATION_0 mWindowingMode=fullscreen mActivityType=standard mAlwaysOnTop=undefined mRotation=ROTATION_0}
04-11 12:30:08.923  3590  3796 D OplusFlexibleDragToSplitAnimController: visibleFlexibleTaskInfos delete:13089
04-11 12:30:08.923  3590  3796 E FlexibleWindowManagerService: notifyTaskObserverToAttachController not need to notify!
04-11 12:30:08.923  3590  3796 I FlexibleWindowManagerService: onFlexibleWindowTaskInfoChanged, return for cur task not embedded
04-11 12:30:08.923  8338  8381 D ShellTaskOrganizerExt: visibleFlexibleTaskInfos delete:13089
04-11 12:30:08.923  8338  8381 D ShellTaskOrganizerExt: isOnCanvas size:0
04-11 12:30:08.923  8338  8381 D ShellTaskOrganizerExt: isOnThreeFlexibleCanvas size:0
04-11 12:30:08.931  1311  1311 E KeymasterUtils: IKMHal_sendCmd failed with rsp_header->status: -28
04-11 12:30:08.931  1311  1311 E KeyMasterHalDevice: abort_operation
04-11 12:30:08.931  1311  1311 E KeyMasterHalDevice: ret: -28
04-11 12:30:08.934  2399  2399 I BpBinder: onLastStrongRef automatically unlinking death recipients: 
04-11 12:30:08.940  1311  1311 E KeymasterUtils: IKMHal_sendCmd failed with rsp_header->status: -28
04-11 12:30:08.940  1311  1311 E KeyMasterHalDevice: abort_operation
04-11 12:30:08.940  1311  1311 E KeyMasterHalDevice: ret: -28
04-11 12:30:08.940  3590  8128 I OplusAccessController: enter isIgnoreAppSwitchActivity
04-11 12:30:08.940  3590  8128 I OplusAccessController: enter isIgnoreAppSwitchActivity and intent != null
04-11 12:30:08.940  3590  8128 I OplusAccessController: enter isIgnoreAppSwitchActivity and componentName != null
04-11 12:30:08.940  3590  8128 I OplusAccessController: enter isIgnoreAppSwitchActivity and packageName&activity is not Empty
04-11 12:30:08.940  3590  8128 D RefreshRate: boostRefreshId choose max:currentRefreshRate:90.0 targetRefreshRate:60.0 mCurrentPickRate:90.0
04-11 12:30:08.940  3590  8128 D RefreshRate: Trigger app switch boost, ar=ActivityRecord{2336319 u0 com.binance.monitor/.ui.chart.MarketChartActivity t13089},currDisplayRate=90.0,boostId=1
04-11 12:30:08.940  3590  8128 D RefreshRate: setDisplayConfigSpecs complete: targetMode={id=3, width=1264, height=2780, fps=90.0, vsync=90.0, synthetic=false, alternativeRefreshRates=[60.000004, 120.00001, 120.00001], supportedHdrTypes=[1, 2, 3, 4]},srcMode={id=3, width=1264, height=2780, fps=90.0, vsync=90.0, synthetic=false, alternativeRefreshRates=[60.000004, 120.00001, 120.00001], supportedHdrTypes=[1, 2, 3, 4]},sfModId=2,rate=90.0
04-11 12:30:08.940  3590  8128 D RefreshRate: startAppSwitchBoost targetMode={id=3, width=1264, height=2780, fps=90.0, vsync=90.0, synthetic=false, alternativeRefreshRates=[60.000004, 120.00001, 120.00001], supportedHdrTypes=[1, 2, 3, 4]} record=ActivityRecord{2336319 u0 com.binance.monitor/.ui.chart.MarketChartActivity t13089}: votes=PRIORITY_START_ANIMATION_BOOST -> Vote{mRefreshRate=90.0, mMinRefreshRate=90.0, mRequestSource=null};PRIORITY_WINDOW_REQUEST -> Vote{mRefreshRate=90.0, mMinRefreshRate=90.0, mRequestSource=null};
04-11 12:30:08.940  3590  3875 D RefreshRate: do setDisplayConfigSpecs  
04-11 12:30:08.940  3590  7959 D BackgroundInstallControlService: Package event received: 0
04-11 12:30:08.940  2399  8068 D SurfaceFlinger: VRR [SurfaceFlinger] setDesiredDisplayModeSpecs, from process 3590, 2, 0, primaryRanges = [ 90.000000, 90.000000, 90.000000, 90.000000 ], appRequestRanges = [ 90.000000, 90.000000, 90.000000 90.000000 ]
04-11 12:30:08.941  3590  8128 I ActivityTaskManager: The Process com.binance.monitor Already Exists in BG. So sending its PID: 32357
04-11 12:30:08.941  3590  3875 D DisplayModeDirector: setAppRequest displayId : 0  modeId: 3  requestedRefreshRate: 90.0  requestedMinRefreshRateRange: 90.0  requestedMaxRefreshRateRange: 90.0
04-11 12:30:08.941  3590  8467 W SurfaceFlingerPuller: Failed to pull atom 150134 from surfaceflinger. Success is 0, binder status is EX_NONE
04-11 12:30:08.941  2013  2036 E statsd  : Stats puller failed for tag: 150134 at 929024354623315
04-11 12:30:08.941  3590  8128 D ActivityTaskManager: setAppVisibility(Token{65b2c55 ActivityRecord{2336319 u0 com.binance.monitor/.ui.chart.MarketChartActivity t13089}}, visible=true):  visible=false mVisibleRequested=false
04-11 12:30:08.941  3590  8128 D ActivityTaskManager: setVisibility(Token{65b2c55 ActivityRecord{2336319 u0 com.binance.monitor/.ui.chart.MarketChartActivity t13089}}, visible=true) defer commitVisibility for transition collecting
04-11 12:30:08.941  3590  8128 D ActivityTaskManager: setAppVisibility(Token{8c15a0a ActivityRecord{95862188 u0 com.binance.monitor/.ui.account.AccountStatsBridgeActivity t13089}}, visible=false):  visible=true mVisibleRequested=true
04-11 12:30:08.941  3590  8128 D ActivityTaskManager: setVisibility(Token{8c15a0a ActivityRecord{95862188 u0 com.binance.monitor/.ui.account.AccountStatsBridgeActivity t13089}}, visible=false) defer commitVisibility for transition collecting
04-11 12:30:08.941  3590  8128 D FlexibleTaskController: isFullToFlexibleAnimating: false
04-11 12:30:08.942  3590  8128 D WindowManager: rotation(ROTATION_0) no changed  displayId = 0, lastOrientation = 1
04-11 12:30:08.942  3590  8128 I TaskOrganizerController: onTaskInfoChanged taskid 13089 config { mBounds=Rect(0, 0 - 1264, 2780) mAppBounds=Rect(0, 0 - 1264, 2780) mMaxBounds=Rect(0, 0 - 1264, 2780) mDisplayRotation=ROTATION_0 mWindowingMode=fullscreen mActivityType=standard mAlwaysOnTop=undefined mRotation=ROTATION_0}
04-11 12:30:08.942  3590  8128 D OplusVisibleTasks:  notifyTasksNumChange no need to notify.
04-11 12:30:08.942  3590  8128 D OplusFlexibleDragToSplitAnimController: visibleFlexibleTaskInfos delete:13089
04-11 12:30:08.942  3590  8128 E FlexibleWindowManagerService: notifyTaskObserverToAttachController not need to notify!
04-11 12:30:08.942  3590  8128 I FlexibleWindowManagerService: onFlexibleWindowTaskInfoChanged, return for cur task not embedded
04-11 12:30:08.942  3590  8128 D ActivityTaskManager: setAppVisibility(Token{65b2c55 ActivityRecord{2336319 u0 com.binance.monitor/.ui.chart.MarketChartActivity t13089}}, visible=true):  visible=false mVisibleRequested=true
04-11 12:30:08.942  3590  8128 D ActivityTaskManager: setVisibility(Token{65b2c55 ActivityRecord{2336319 u0 com.binance.monitor/.ui.chart.MarketChartActivity t13089}}, visible=true) defer commitVisibility for transition collecting
04-11 12:30:08.942  3590  8128 E OplusDexOptimizeManager: pkgSetting or primaryCpuAbi is null for package: com.binance.monitor
04-11 12:30:08.942  8338  8381 D ShellTaskOrganizerExt: visibleFlexibleTaskInfos delete:13089
04-11 12:30:08.942  8338  8381 D ShellTaskOrganizerExt: isOnCanvas size:0
04-11 12:30:08.942  8338  8381 D ShellTaskOrganizerExt: isOnThreeFlexibleCanvas size:0
04-11 12:30:08.942  3590  8128 D OplusFeatureColorMode: ColorMode getColorMode =0
04-11 12:30:08.942  3590  8128 D ColorDisplayServiceExtImpl: getWCGVersion1App, packageName=com.binance.monitor, sSupportWCG1 = true, sSupportWCG3 = false, nRet = 0
04-11 12:30:08.943  3590  8480 I OPM     : handlePackageLaunched pkg: com.binance.monitor, uid: 10512, pid: 32357
04-11 12:30:08.943  3590  8128 D ActivityTaskManager: NFW_setLastResumedActivityUncheckLocked:true r:ActivityRecord{2336319 u0 com.binance.monitor/.ui.chart.MarketChartActivity t13089} currentFocus:Window{fecae5 u0 com.binance.monitor/com.binance.monitor.ui.account.AccountStatsBridgeActivity}
04-11 12:30:08.943  3590  8128 D WindowManager: NFW_findFocusedWindowIfNeeded:null mCurrentFocus:Window{fecae5 u0 com.binance.monitor/com.binance.monitor.ui.account.AccountStatsBridgeActivity}
04-11 12:30:08.943  3590  8128 D WindowManager: attachImeScreenshotOnTargetIfNeeded, mImeHiding = false, requestedVisibleTypes = -9
04-11 12:30:08.943 32357 32421 D ColorModeChangeItem: preExecute mColorMode=0
04-11 12:30:08.943  3590  8128 V WindowManager: Changing focus from Window{fecae5 u0 com.binance.monitor/com.binance.monitor.ui.account.AccountStatsBridgeActivity} to null,diplayid=0
04-11 12:30:08.944  3590  8128 D InsetsSourceProvider: updateSourceFrameForServerVisibility mandatorySystemGestures EMPTY_RECT
04-11 12:30:08.944  3590  8591 D OplusAppSwitchRuleInfo: generateActivityEnterInfo - launch_source_type =  , launch_source_traceid = 
04-11 12:30:08.944  3590  8128 D InsetsSourceProvider: updateSourceFrameForServerVisibility mandatorySystemGestures EMPTY_RECT
04-11 12:30:08.944  3590  8591 D OplusAppSwitchRuleInfo: generateActivityEnterInfo - launch_source_type =  , launch_source_traceid = 
04-11 12:30:08.944  3590  8128 D DisplayModeDirector: setAppRequest displayId : 0  modeId: 3  requestedRefreshRate: 0.0  requestedMinRefreshRateRange: 0.0  requestedMaxRefreshRateRange: 90.0
04-11 12:30:08.944  3590  3875 D VRR [OPlusRefreshRateService]:  setDirectorStates [flag: 1, state: 1, directorStateOff: 1]
04-11 12:30:08.944  2399  8068 D VRR [RefreshRateDirector]: updateState mState = 0
04-11 12:30:08.945  3590  3796 D InsetsSourceProvider: updateSourceFrameForServerVisibility mandatorySystemGestures EMPTY_RECT
04-11 12:30:08.945  3590  3796 D SurfaceComposerClient: Transaction::apply InputWindowCommands.focusRequests timestamp=881168319274951, windowName=<null>
04-11 12:30:08.945  2013  2036 E statsd  : Stats puller failed for tag: 150134 at 929024359595971
04-11 12:30:08.946  3590  7959 D BackgroundInstallControlService: Package event received: 0
04-11 12:30:08.946  2399  8068 I OplusPerfCollect: OplusPerfCollect onPullAtom
04-11 12:30:08.946  2399  8068 I OplusPerfCollect: OplusPerfCollect OplusVrrInfoRecord clear
04-11 12:30:08.946  3590  3795 D FlexibleTaskController: not in list
04-11 12:30:08.946  3590  8467 I [UAH_CLIENT]: UahEventAcquire, cmdid:2, pkg:none, identity:OplusActivityManagerServiceEnhance
04-11 12:30:08.946  2013  2036 I statsd  : An anomaly (104240000001) (42)0x10000->10512[I] (42)0x20000->com.binance.monitor[S] (42)0x30000->.ui.chart.MarketChartActivity[S]  has occurred! Informing subscribers.
04-11 12:30:08.946 32357 32357 D ResourcesManagerExtImpl: applyConfigurationToAppResourcesLocked app.getDisplayId() return callback.displayId:0
04-11 12:30:08.947 10250 16907 E midasd  : getTotalFlipsFromSf mCurFrameCount: 11743541
04-11 12:30:08.947 10250 16907 I midasd  : DisplayAgent updateDisplayDevInfo getRenderFps mFps:90 mRenderFps:7 mWidth:1264 mHeight:2780
04-11 12:30:08.947  3590  3795 D ActivityManager: Async freezing 23510 com.tencent.soter.soterserver
04-11 12:30:08.947 32357 32357 I binance.monitor: AssetManager2(0xb4000070f9a8cc28) locale list changing from [] to [zh-CN]
04-11 12:30:08.949 32357 32357 E OplusPredictiveBackController:  NoSuchMethodException 
04-11 12:30:08.949 32357 32357 E OplusPredictiveBackController:  NoSuchMethodException 
04-11 12:30:08.949 32357 32357 E OplusPredictiveBackController:  NoSuchMethodException 
04-11 12:30:08.949 32357 32357 D OplusPredictiveBackController: initPredictiveBackConfig for com.binance.monitor.ui.chart.MarketChartActivity@6896ecd initPredictiveBackConfig mShouldInterceptKeyEvent false
04-11 12:30:08.949 32357 32357 D WindowOnBackDispatcher:  predictive settings is disabled for com.binance.monitor
04-11 12:30:08.957  2399  3200 D SurfaceFlinger: updateWinowInfo=1, setFocusedWindow timestamp=881168319274951, windowName=<null>
04-11 12:30:08.957  3590  8061 I InputDispatcher: NFW_setFocusedWindow, <null> on display 0, same as the previous:0
04-11 12:30:08.957  3590  8061 I InputDispatcher: updateFocusedWindow,  on display 0, reason: Waiting for window because NO_WINDOW, result:   FocusedWindows: <none>
04-11 12:30:08.958  2113 20704 I sensors-hal: handle_oplus_wise_rgb_event:189, high_pwm_light:lux 136.4,cct 5969.0,brl/algo/ir 1310.0/2.0/57.2,pwm/dc 0.0/0.0,rgbc 6441.184082/4357.438477/2763.738281/12203.509766,ts 929024199158485,cnt 34270,flag 29517
04-11 12:30:08.958  2113 17862 I sensors-hal: handle_oplus_wise_rgb_event:161, wise_rgb: (34271)(cct, lux, ir)[5969.00, 136.44, 57.224396] (r, g, b, c)[6436.20, 4364.04, 2776.98, 12196.52]                 (pwm, hbm, brl, algo)[0.0 0.0 1310.0 2.0], flag 95053
04-11 12:30:08.971 32357 32357 I ChainTrace: chart_realtime_render symbol=BTCUSDT closeTime=1775881859999 interval=1h repoToChartMs=5296 triggerToChartMs=-1
04-11 12:30:08.973 14034 15313 D CommonApp-264-10512: transport layer data is invalid
04-11 12:30:08.974 14034 15313 D CommonApp-255-10512: commonScoreStrategy scenarios low package
04-11 12:30:08.974 14034 15313 D ScorePolicy: handleScoreChanged: []
04-11 12:30:08.974 14034 15313 D ScorePolicy: handleScoreChanged: []
04-11 12:30:08.974 14034 15313 D ScorePolicy: handleScoreChanged: []
04-11 12:30:08.986  3590  8467 I OplusBinderProxy: pb uid: 99910345 pid: 24118 desc: com.android.internal.telephony.IPhoneStateListener/10
04-11 12:30:08.986  8406  8406 D OplusTelephonyController: onSignalStrengthChanged: SignalStrength=SignalStrength:{mCdma=CellSignalStrengthCdma: cdmaDbm=2147483647 cdmaEcio=2147483647 evdoDbm=2147483647 evdoEcio=2147483647 evdoSnr=2147483647 level=0,mGsm=CellSignalStrengthGsm: rssi=2147483647 ber=2147483647 mTa=2147483647 mLevel=0,mWcdma=CellSignalStrengthWcdma: ss=2147483647 ber=2147483647 rscp=2147483647 ecno=2147483647 level=0,mTdscdma=CellSignalStrengthTdscdma: rssi=2147483647 ber=2147483647 rscp=2147483647 level=0,mLte=CellSignalStrengthLte: rssi=2147483647 rsrp=2147483647 rsrq=2147483647 rssnr=2147483647 cqiTableIndex=2147483647 cqi=2147483647 ta=2147483647 level=0 parametersUseForLevel=0,mNr=CellSignalStrengthNr:{ csiRsrp = 2147483647 csiRsrq = 2147483647 csiCqiTableIndex = 2147483647 csiCqiReport = [] ssRsrp = -98 ssRsrq = -12 ssSinr = 5 level = 4 parametersUseForLevel = 0 timingAdvance = 2147483647 },primary=CellSignalStrengthNr}
04-11 12:30:08.986  3590  8467 I OplusBinderProxy: pb uid: 99910345 pid: 20201 desc: com.android.internal.telephony.IPhoneStateListener/10
04-11 12:30:08.986  3590  8467 I OplusBinderProxy: pb uid: 99910345 pid: 20201 desc: com.android.internal.telephony.IPhoneStateListener/10
04-11 12:30:08.986 14034 14034 D SubsysEventListenerManager-SubsysTelephonyCallback[0]: onSignalStrengthsChanged
04-11 12:30:08.987  8338  8520 I SystemUi--Statusbar: MobileConnectionRepositoryImpl-->subId:2 isSoftSimCard:false slotId:0
04-11 12:30:08.999 32357 27611 E CursorWindow: Failed alloc newOffset: 309404mAllocOffset: 309384mSlotsOffset: 309392: Success
04-11 12:30:08.999 32357 27611 E CursorWindow: Failed NO_MEMORY: Success
04-11 12:30:09.004  3590  8467 D NotificationService--OplusNotificationFixHelper: fixAppIcon: pkg=com.v2ray.ang
04-11 12:30:09.004  3590  8467 D NotificationService--OplusNotificationFixHelper: fixAppIcon: appIcon = null, pkg = com.v2ray.ang
04-11 12:30:09.004  3590  8467 D NotificationService--NotificationRecord: isSupportRearLight , isRearLight = false mLedRM = false isMultilLed = false
04-11 12:30:09.004  3590  8467 I OplusStatusBarManagerServiceEnhance:  getTopIsFullscreen mTopIsFullscreen: false
04-11 12:30:09.004  3590  8467 W ActivityManager: Permission Denial: getTopApplicationInfo from pid=18198, uid=10397 requires oplus.permission.OPLUS_COMPONENT_SAFE
04-11 12:30:09.004  3590  8467 E OplusNotificationCenter: getForegroundApplication exception
04-11 12:30:09.004  3590  3590 D NotificationService--OplusNotificationManagerServiceExtImpl: isForwardToAssistants: true, case : Is local notification
04-11 12:30:09.004  3590  3590 D NotificationService: This application enqueue notifications is need postDelayed mcsAssistantDelayTime: 50
04-11 12:30:09.031  2181  2506 I SDM     : DisplayBuiltIn::IdlePowerCollapse: IPC received, disabling partial update for one frame
04-11 12:30:09.043  9448  9579 I mars::stn: [longlink_connect_monitor.cc:282, __IntervalConnect]:longlink_progress next connect interval: 601000, process active state: false, process foreground: false
04-11 12:30:09.044  9448  9579 I mars::stn: [longlink_connect_monitor.cc:118, __LongLinkStateToSystemLog]:longlink_progress longlink state: connecting time: 929024458
04-11 12:30:09.046  9448 27614 W libc    : Access denied finding property "net.dns1"
04-11 12:30:09.046  9448 27614 W libc    : Access denied finding property "net.dns2"
04-11 12:30:09.052 27616 27616 W ip      : type=1400 audit(0.0:756979): avc:  denied  { bind } for  scontext=u:r:untrusted_app:s0:c89,c257,c512,c768 tcontext=u:r:untrusted_app:s0:c89,c257,c512,c768 tclass=netlink_route_socket permissive=0 bug=b/155595000 app=com.tencent.mm
04-11 12:30:09.057  8338  8338 I SystemUi--Notification: OplusLiveAlertNotificationsRepository-->onRankingApplied
04-11 12:30:09.058  3590  7344 V AlarmManager: sending alarm Alarm{d1bdd4b type 1 origWhen 1775881809058 whenElapsed 929024472 android} uid 1000 whenElapsed 929024472 windowLength 0 maxWhenElapsed 929024472 repeatInterval 0 action null component null tag StorgaeBandInfoAlarmTag flags 0x9 procName system_server
04-11 12:30:09.058  3590 10338 E OplusStorageUFSBandwidth: storage_io_metrics_path is /proc/oplus_storage/io_metrics/forever/
04-11 12:30:09.058  3590 10338 E OplusStorageUFSBandwidth: Bandwidth - Read: 16.00 MB/s, Write: 2.50 MB/s
04-11 12:30:09.058  3590 10338 E OplusStorageUFSBandwidth: Task time: 0ms
04-11 12:30:09.059 18198 18321 I GoLog   : from tcp:127.0.0.1:44890 accepted tcp:36.155.184.139:8080 [socks -> direct]
04-11 12:30:09.059  3590 10338 E OplusStorageUFSBandwidth: Alarm set to trigger in 10 seconds
04-11 12:30:09.061  3438  4039 D QmiClient: qmiServiceEventCallback recv msg id 47
04-11 12:30:09.061  3438  4039 D QmiClient: enter -mServiceType 10 onQmiServiceEventCallback msgId 47
04-11 12:30:09.061  3438  4039 D QmiClient: onQmiServiceEventCallback - enter. msgId=47
04-11 12:30:09.061  3438  3488 D OttProxy: handleMessage msg is 3001
04-11 12:30:09.061 14034 14747 D SubsysRadioIndication[1]: radioLinkLatencyInfoInd
04-11 12:30:09.061 14034 14747 D SubsysRadioIndication[1]: notify enter
04-11 12:30:09.061 14034 14034 D NetworkService[1]: handleMessage what:1008
04-11 12:30:09.061 14034 14034 D NetworkService[1]: EVENT_REG_LINK_LATENCY_INFO_CHANGE ulLatency:10157
04-11 12:30:09.063 32357 32367 I binance.monitor: _Desupression native alloc  gc_urgency: 66456expectation: 124696 native bytes: 55564528
04-11 12:30:09.065  8338  8338 I PluginSeedling--Track: RequestHandler-->notificationUpdated 0|com.v2ray.ang|1|null|10397 postTime: 1775881809004
04-11 12:30:09.065  8338  8338 E LockScreenNotificationDispatcherImp: updateNotificationListOnKg size:0
04-11 12:30:09.066  8338  8338 W SystemUi--Notification: OplusNotificationGroupExtImpl-->setChildrenExpanded: groupHeader is null
04-11 12:30:09.067  8338  8338 I SystemUi--Notification: LockScreenNotificationDispatcherImp-->updateNotificationListOnKg resultCode: 0
04-11 12:30:09.079  8338  8706 D LocalImageResolver: Couldn't use ImageDecoder for drawable, falling back to non-resized load.
04-11 12:30:09.079  8338  8338 D OplusNotificationDateTimeView: setTime mSettingTimeMillis 1775881809003, mSettingLocalDateTime 2026-04-11T12:30:00.003
04-11 12:30:09.082  8338  8706 D LocalImageResolver: Couldn't use ImageDecoder for drawable, falling back to non-resized load.
04-11 12:30:09.082  8338  8338 D OplusNotificationDateTimeView: setTime mSettingTimeMillis 1775881809003, mSettingLocalDateTime 2026-04-11T12:30:00.003
04-11 12:30:09.082 32357 32357 D ActivityThread: ComponentInfo{com.binance.monitor/com.binance.monitor.ui.chart.MarketChartActivity} checkFinished=false 2
04-11 12:30:09.082 32357 32357 D ResourcesManagerExtImpl: applyConfigurationToAppResourcesLocked app.getDisplayId() return callback.displayId:0
04-11 12:30:09.084  8338  8706 D LocalImageResolver: Couldn't use ImageDecoder for drawable, falling back to non-resized load.
04-11 12:30:09.084  8338  8338 D OplusNotificationDateTimeView: setTime mSettingTimeMillis 1775881809003, mSettingLocalDateTime 2026-04-11T12:30:00.003
04-11 12:30:09.086  8338  8338 I SystemUi--Notification: OplusNotificationTempla-->resolveContentMargin: marginTop=112 isChildInGroup=false hasSubtitle=true params.topMargin=112
04-11 12:30:09.087  8338  8338 W SystemUi--Notification: OplusNotificationGroupExtImpl-->setChildrenExpanded: groupHeader is null
04-11 12:30:09.088  8338  8338 E LockScreenNotificationDispatcherImp: updateNotificationListOnKg size:0
04-11 12:30:09.090  8338  8338 W SystemUi--Notification: OplusNotificationGroupExtImpl-->setChildrenExpanded: groupHeader is null
04-11 12:30:09.090  8338  8338 I SystemUi--Notification: LockScreenNotificationDispatcherImp-->updateNotificationListOnKg resultCode: 0
04-11 12:30:09.143  2181  2506 I SDM     : DisplayBuiltIn::IdlePowerCollapse: IPC received, disabling partial update for one frame
04-11 12:30:09.148  2181 23599 E CwbService: Panel not support apl read or getDisplayPanelAplValue timeout 10ms.
04-11 12:30:09.148  2258  2258 D SensorFeature: name=ssc_screenshot_info ,index = 22
04-11 12:30:09.148  2258  2258 D SensorFeature: write 39 bytes:929024501511283,929024552444356,29518,0
04-11 12:30:09.153  9448  9579 I mars::stn: [longlink_connect_monitor.cc:118, __LongLinkStateToSystemLog]:longlink_progress longlink state: connected time: 929024567
04-11 12:30:09.161  9448 27614 I mars::stn: [longlink_connect_monitor.cc:530, OnHeartbeatAlarmSet]:longlink_progress on_heartbeat_set, time: 929024575, time interval:210000
04-11 12:30:09.162  9448 27614 I mars::stn: [longlink_connect_monitor.cc:530, OnHeartbeatAlarmSet]:longlink_progress on_heartbeat_set, time: 929024576, time interval:210000
04-11 12:30:09.192 32357 32357 I ChainTrace: chart_pull phase=start symbol=BTCUSDT interval=1h request=1 durationMs=0 itemCount=1
04-11 12:30:09.194 32357 32357 D WindowManager: Add to mViews: com.android.internal.policy.DecorView{4e1f751 I.E...... R.....I. 0,0-0,0 alpha=1.0 viewInfo = }[MarketChartActivity],pkg= com.binance.monitor
04-11 12:30:09.194 32357 32399 D skia    : setRusSupported enable 0
04-11 12:30:09.194 32357 27620 D libc-netbsd: [oplusDnsOpenProxy]: __netdClientDispatch.connect errno = 111
04-11 12:30:09.194 32357 27620 D DNS_CACHE: oplus_oplus_getaddrinfo_proxy open dns proxy failed, use android flow: 10512
04-11 12:30:09.195 32357 27620 D libc-netbsd: [oplusDnsOpenProxy]: __netdClientDispatch.connect errno = 111
04-11 12:30:09.196  3590  8835 I WindowManager: addWindow: New client android.os.BinderProxy@a82af3b : window=Window{daac658 u0 com.binance.monitor/com.binance.monitor.ui.chart.MarketChartActivity}
04-11 12:30:09.196 32357 32357 D ViewRootImplExtImpl: onDisplayChanged -1 for VRI android.view.ViewRootImpl@cfdb78d
04-11 12:30:09.197 32357 32357 D VRI[AccountStatsBridgeActivity]: onFocusEvent false
04-11 12:30:09.197 32357 32357 D ResourcesManagerExtImpl: applyConfigurationToAppResourcesLocked app.getDisplayId() return callback.displayId:0
04-11 12:30:09.198 32357 32357 E OplusBracketLog: [OplusViewMirrorManager] updateHostViewRootIfNeeded, not support android.view.ViewRootImpl@cfdb78d
04-11 12:30:09.198 18198 18314 I GoLog   : from tcp:127.0.0.1:44894 accepted tcp:43.155.214.62:443 [socks >> proxy]
04-11 12:30:09.200 32357 32357 D WindowOnBackDispatcher:  predictive settings is disabled for com.binance.monitor
04-11 12:30:09.200 32357 32357 D WindowOnBackDispatcher:  predictive settings is disabled for com.binance.monitor
04-11 12:30:09.200  3590  8128 D CoreBackPreview: Window{daac658 u0 com.binance.monitor/com.binance.monitor.ui.chart.MarketChartActivity}: Setting back callback OnBackInvokedCallbackInfo{mCallback=android.window.IOnBackInvokedCallback$Stub$Proxy@de86096, mPriority=0, mIsAnimationCallback=false, mOverrideBehavior=0}
04-11 12:30:09.214  2399  3162 D VRR [OTI]: handleIdle from 0 to 1
04-11 12:30:09.214  2399  3162 D VRR [OTI-HW]: isStateReady 0
04-11 12:30:09.214  2399  3162 D VRR [OTI-HW]: keep rate.
04-11 12:30:09.215 32357 32357 D ViewRootImplExtImpl: wrapConfigInfoIntoFlags rotation=0, smallestScreenWidthDp=0, residentWS=false, scenario=0, bounds=Rect(0, 0 - 1264, 2780), relayoutAsync=false, flags=0, newFlags=1457520640, title=com.binance.monitor/com.binance.monitor.ui.chart.MarketChartActivity
04-11 12:30:09.215  3590  8128 V WindowManager: Relayout Window{daac658 u0 com.binance.monitor/com.binance.monitor.ui.chart.MarketChartActivity}: viewVisibility=0, oldvis=4, req=1264x2780 , apr = 0, vsysui=, x=0, y=0
04-11 12:30:09.215  3590  8128 I WindowManager: Window{daac658 u0 com.binance.monitor/com.binance.monitor.ui.chart.MarketChartActivity} state from NO_SURFACE to DRAW_PENDING; reason: resetDrawState
04-11 12:30:09.215  3590  8128 D InsetsSourceProvider: updateSourceFrameForServerVisibility mandatorySystemGestures EMPTY_RECT
04-11 12:30:09.216  3590  8128 D InsetsSourceProvider: updateSourceFrameForServerVisibility mandatorySystemGestures EMPTY_RECT
04-11 12:30:09.216  3590  8128 D WindowManager: NFW_findFocusedWindowIfNeeded:Window{daac658 u0 com.binance.monitor/com.binance.monitor.ui.chart.MarketChartActivity} mCurrentFocus:null
04-11 12:30:09.217  3590  8128 D WindowManager: attachImeScreenshotOnTargetIfNeeded, mImeHiding = false, requestedVisibleTypes = -9
04-11 12:30:09.217  3590  3875 D VRR [OPlusSurfaceFlingerController]:  setComplexSceneEnable : false
04-11 12:30:09.217  3590  7998 I [UAH_CLIENT]: uahRuleCtl, ruleId:206, status:3
04-11 12:30:09.217  3590  8128 V WindowManager: Changing focus from null to Window{daac658 u0 com.binance.monitor/com.binance.monitor.ui.chart.MarketChartActivity},diplayid=0
04-11 12:30:09.218  3590  8128 D Theia.NoFocusWindow: FocusWindowErrorScene cancelCheckFreezeScreen
04-11 12:30:09.218  3590  8128 W TheiaWindowMonitor: [check] focusedWindow is null or enable is false
04-11 12:30:09.218 32357 32357 D VRI[MarketChartActivity]: relayoutWindow result, sizeChanged:true, surfaceControlChanged:true, transformHintChanged:false, mSurfaceSize:Point(1264, 2780), mLastSurfaceSize:Point(0, 0), mWidth:-1, mHeight:-1, requestedWidth:1264, requestedHeight:2780, transformHint:0, installOrientation:0, displayRotation:0, isSurfaceValid:true, attr.flag:-2122252032, tmpFrames:ClientWindowFrames{frame=[0,0][1264,2780] display=[0,0][1264,2780] parentFrame=[0,0][0,0]}, relayoutAsync:false, mSyncSeqId:0
04-11 12:30:09.219 32357 32357 W VRI[MarketChartActivity]: updateBlastSurfaceIfNeeded, surfaceSize:Point(1264, 2780), lastSurfaceSize:Point(0, 0), format:-3, blastBufferQueue:null
