04-11 12:30:09.255  3590  7959 D BackgroundInstallControlService: Package event received: 0
04-11 12:30:09.255  3590  8835 D OplusStartingWindowManager: skip remove starting window for activity = ActivityRecord{95862188 u0 com.binance.monitor/.ui.account.AccountStatsBridgeActivity t13089} ,ar != topActivityContainsStartingWindow on activityStopped
04-11 12:30:09.255  3590  7380 D InputMethodManagerService: isSecurity: attribute.packageName = com.binance.monitor mCurMethodId = com.sohu.inputmethod.sogou/.SogouIME isSecurity = false ( enable = true needShow = false inBlackList = false isExist = true )
04-11 12:30:09.255  3590  7380 I ImeTracker: com.binance.monitor:d36c0e0d: onRequestHide at ORIGIN_SERVER reason HIDE_UNSPECIFIED_WINDOW fromUser false
04-11 12:30:09.256  3590  8835 D ActivityManager: Async freezing 23510 com.tencent.soter.soterserver
04-11 12:30:09.256 32357 32357 D InsetsController: hide(ime(), fromIme=false)
04-11 12:30:09.256 32357 32357 I ImeTracker: com.binance.monitor:d36c0e0d: onCancelled at PHASE_CLIENT_ALREADY_HIDDEN
04-11 12:30:09.256  3590  8280 I Osense-BaseDecisionMaker: notifySceneToAthenaPolicy: SCENE_ACTIVITY_IDLE, bundle: Bundle[{scene=SCENE_ACTIVITY_IDLE}]
04-11 12:30:09.257  3590  8128 I ImeTracker: system_server:fba2be47: onRequestHide at ORIGIN_SERVER reason IME_REQUESTED_CHANGED_LISTENER fromUser false
04-11 12:30:09.257  3590  7380 I ImeTracker: system_server:fba2be47: onCancelled at PHASE_SERVER_SHOULD_HIDE
04-11 12:30:09.258  3590  3796 D InsetsSourceProvider: updateSourceFrameForServerVisibility mandatorySystemGestures EMPTY_RECT
04-11 12:30:09.258  3590  3796 D InsetsSourceProvider: updateSourceFrameForServerVisibility mandatorySystemGestures EMPTY_RECT
04-11 12:30:09.363  2181  2506 I SDM     : DisplayBuiltIn::IdlePowerCollapse: IPC received, disabling partial update for one frame
04-11 12:30:09.389  3590  3844 D ActivityManager: Cancel freezing 23510 com.tencent.soter.soterserver
04-11 12:30:09.412  2727  3986 D QmiClient: qmiServiceEventCallback recv msg id 1099
04-11 12:30:09.412  2727  3986 D QmiClient: enter -mServiceType 4 onQmiServiceEventCallback msgId 1099
04-11 12:30:09.412  2727  3986 D QmiClient: onQmiServiceEventCallback - enter. msgId=1099
04-11 12:30:09.412  2727  3986 D QmiVsClientEvent: QosPeriodReportInd MSG IND data_len 2052
04-11 12:30:09.412  2727  3986 D QmiVsClientEvent: qmiVsClientNotifyQosPeriodReportIndEvent - RADIO_EVENT_QOS_PERIOD_REPORT_NOTIFY_IND
04-11 12:30:09.412  2727  2826 D VsProxy : handleMessage msg is 2420
04-11 12:30:09.412  3438  3988 D QmiClient: qmiServiceEventCallback recv msg id 1099
04-11 12:30:09.412  3438  3988 D QmiClient: enter -mServiceType 4 onQmiServiceEventCallback msgId 1099
04-11 12:30:09.412  3438  3988 D QmiClient: onQmiServiceEventCallback - enter. msgId=1099
04-11 12:30:09.412  3438  3988 D QmiVsClientEvent: QosPeriodReportInd MSG IND data_len 2052
04-11 12:30:09.412  3438  3988 D QmiVsClientEvent: qmiVsClientNotifyQosPeriodReportIndEvent - RADIO_EVENT_QOS_PERIOD_REPORT_NOTIFY_IND
04-11 12:30:09.412  2727  2826 D VsProxy : handleQosPeriodReportInd for instance 0 data_len 145
04-11 12:30:09.412  3438  3485 D VsProxy : handleMessage msg is 2420
04-11 12:30:09.412  3438  3485 D VsProxy : handleQosPeriodReportInd for instance 1 data_len 203
04-11 12:30:09.413 14034 14747 D SubsysRadioIndication[0]: radioQosPeriodReportInd result [8, -70, -42, -42, -50, 14, 34, 12, 8, -84, -69, -57, -50, 14, 16, 4, 24, 1, 32, 3, 58, 61, 8, -58, -58, -42, -50, 14, 16, 5, 24, -64, -92, 38, 32, -22, 6, 40, -97, -1, -1, -1, -1, -1, -1, -1, -1, 1, 48, -11, -1, -1, -1, -1, -1, -1, -1, -1, 1, 56, 5, 64, -99, -1, -1, -1, -1, -1, -1, -1, -1, 1, 72, -97, -1, -1, -1, -1, -1, -1, -1, -1, 1, 66, 29, 8, -57, -20, -92, -50, 14, 16, 5, 34, 19, 8, -64, -92, 38, 16, -22, 6, 24, 78, 32, 13, 40, -117, -32, -94, -93, 2, 48, 2, 90, 0, 98, 10, 8, -41, -26, -92, -50, 14, 16, 3, 24, 5, 122, 15, 8, -8, -24, -92, -50, 14, 16, -52, 2, 24, -21, 1, 32, -90, 9]
04-11 12:30:09.413 14034   947 D SubsysRadioIndication[1]: radioQosPeriodReportInd result [8, -70, -42, -42, -50, 14, 18, 19, 8, -90, -42, -42, -50, 14, 16, 17, 32, -99, 19, 40, 17, 56, -123, 2, 64, -112, 3, 26, 13, 8, -40, -43, -42, -50, 14, 16, 24, 40, 20, 56, -26, 48, 34, 12, 8, -84, -69, -57, -50, 14, 16, 4, 24, 1, 32, 3, 58, 81, 8, -2, -43, -42, -50, 14, 16, 5, 24, -98, -23, 30, 32, -54, 1, 40, -94, -1, -1, -1, -1, -1, -1, -1, -1, 1, 48, -13, -1, -1, -1, -1, -1, -1, -1, -1, 1, 64, -95, -1, -1, -1, -1, -1, -1, -1, -1, 1, 72, -101, -1, -1, -1, -1, -1, -1, -1, -1, 1, 80, -97, -1, -1, -1, -1, -1, -1, -1, -1, 1, 88, -96, -1, -1, -1, -1, -1, -1, -1, -1, 1, 66, 31, 8, -114, -41, -49, -50, 14, 16, 5, 24, 2, 34, 19, 8, -98, -23, 30, 16, -54, 1, 24, 41, 32, 13, 40, -126, -128, -52, -67, 21, 48, 2, 90, 0, 98, 10, 8, -85, -54, -73, -50, 14, 16, 3, 24, 5, 122, 15, 8, -81, -45, -42, -50, 14, 16, -3, 1, 24, -1, 1, 32, -110, 9]
04-11 12:30:09.413 14034 14034 D NetworkService[0]: handleMessage what:1005
04-11 12:30:09.413 14034 14034 D RadioAtomTracker: parseQosPeriodData ModemQos:CellularQosInfo2{5G, 627264/874, EndcState=0, Band=78, DLBW=13, Rsrp=-97, Rsrq=-11, Snr=5, SvcStatus=3, ULPDCPNumDataPdu=-1, ULPDCPNumDropPdu=-1, ULPDCPTput=-1, ULRLCNumDataPdu=-1, ULRLCNumRetxPdu=-1, ULGrant=-1, ULBSR=-1, ULBler=-1, DLPDCPNumDataPdu=-1, DLPDCPTput=-1, DLRLCNumDataPdu=-1, DLRLCNumRetxPdu=-1, DLRLCNumDropPdu=-1, DLMACPaddingBytes=-1, DLPdcpNumMissToUppPdu=-1, DLBler=-1, RlfCount=0, CellChangeCount=0, IsRedirectionOccur=0, IsDualSimConflict=0, Latency=0, Sub1RrcState=1, Sub2RrcState=3, RachCount=0, CalcPower=332, Mtpl=235, PathLoss=1190, CellLoad=0}
04-11 12:30:09.413 14034 14034 D NetworkService[0]: EVENT_REG_QOS_PERIOD_REPORT_IND_CHANGED ENTER
04-11 12:30:09.413 14034 14034 D NetworkService[1]: handleMessage what:1005
04-11 12:30:09.413 14034 14034 D RadioAtomTracker: parseQosPeriodData ModemQos:CellularQosInfo1{5G, 504990/202, EndcState=2, Band=41, DLBW=13, Rsrp=-94, Rsrq=-13, Snr=0, SvcStatus=3, ULPDCPNumDataPdu=17, ULPDCPNumDropPdu=0, ULPDCPTput=2461, ULRLCNumDataPdu=17, ULRLCNumRetxPdu=0, ULGrant=261, ULBSR=400, ULBler=0, DLPDCPNumDataPdu=20, DLPDCPTput=6246, DLRLCNumDataPdu=24, DLRLCNumRetxPdu=0, DLRLCNumDropPdu=0, DLMACPaddingBytes=0, DLPdcpNumMissToUppPdu=0, DLBler=0, RlfCount=0, CellChangeCount=0, IsRedirectionOccur=0, IsDualSimConflict=0, Latency=10, Sub1RrcState=1, Sub2RrcState=3, RachCount=0, CalcPower=253, Mtpl=255, PathLoss=1170, CellLoad=0}
04-11 12:30:09.413 14034 14034 D NetworkService[1]: EVENT_REG_QOS_PERIOD_REPORT_IND_CHANGED ENTER
04-11 12:30:09.413 14034 14034 D AtomModemKpiInfo: handleMessage what:1001
04-11 12:30:09.413 14034 14034 D AtomModemKpiInfo: analyseQosInfo success
04-11 12:30:09.416 14034 14034 D SubsysEventListenerManager-SubsysTelephonyCallback[1]: onSignalStrengthsChanged
04-11 12:30:09.416  8338  8338 D Tile.OplusCellularTile: refreshState: tile not listening, ignore
04-11 12:30:09.416  8338  8520 I SystemUi--Statusbar: MobileConnectionRepositoryImpl-->subId:1 isSoftSimCard:false slotId:1
04-11 12:30:09.475  2181  2506 I SDM     : DisplayBuiltIn::IdlePowerCollapse: IPC received, disabling partial update for one frame
04-11 12:30:09.476 32357 32357 I SurfaceControl:  setExtendedRangeBrightness sc=Surface(name=)/@0x6fc43b4,currentBufferRatio=1.0,desiredRatio=1.0
04-11 12:30:09.476  3590  8835 V WindowManager: Relayout Window{83978a2 u0 com.binance.monitor}: viewVisibility=0, oldvis=0, req=315x429 , apr = 0, vsysui=, x=-407, y=2142
04-11 12:30:09.476  3590  3875 D VRR [OPlusSurfaceFlingerController]:  setComplexSceneEnable : false
04-11 12:30:09.476  3590  7998 I [UAH_CLIENT]: uahRuleCtl, ruleId:206, status:3
04-11 12:30:09.476  3590  8835 D InsetsSourceProvider: updateSourceFrameForServerVisibility mandatorySystemGestures EMPTY_RECT
04-11 12:30:09.477  3590  8835 D InsetsSourceProvider: updateSourceFrameForServerVisibility mandatorySystemGestures EMPTY_RECT
04-11 12:30:09.481  2181  2532 E CwbService: Panel not support apl read or getDisplayPanelAplValue timeout 10ms.
04-11 12:30:09.482  2258  2258 D SensorFeature: name=ssc_screenshot_info ,index = 22
04-11 12:30:09.482  2258  2258 D SensorFeature: write 39 bytes:929024834635502,929024885573002,29519,0
04-11 12:30:09.490  2181  2506 I SDM     : DisplayBuiltIn::IdlePowerCollapse: IPC received, disabling partial update for one frame
04-11 12:30:09.491  2113 20704 I sensors-hal: handle_oplus_wise_rgb_event:189, high_pwm_light:lux 141.4,cct 5990.8,brl/algo/ir 1310.0/2.0/56.4,pwm/dc 0.0/0.0,rgbc 6538.362305/4419.027832/2807.887695/12352.702148,ts 929024865075203,cnt 34280,flag 29519
04-11 12:30:09.491  2113 17862 I sensors-hal: handle_oplus_wise_rgb_event:161, wise_rgb: (34281)(cct, lux, ir)[5990.84, 141.45, 56.374481] (r, g, b, c)[6528.40, 4412.43, 2799.06, 12355.03]                 (pwm, hbm, brl, algo)[0.0 0.0 1310.0 2.0], flag 95055
04-11 12:30:09.526  3590  9788 I AICCTModule: SensorFilter: brightness threshold 1.2 screenNit is 88.015 ave enviroment lux is 88.59684 luxForNit 85.673615demarcationPoint200.0 result is false
04-11 12:30:09.526  3590  9788 I AICCTModule: SensorFilter: findSecondNearestValue, sensorValue: 6391.2812 nearestMaxValue:6379.877 secondNearestValue: 6379.877
04-11 12:30:09.526  3590  9788 I AICCTModule: SensorFilter: findSecondNearestValue, sensorValue: 86.000145 nearestMaxValue:85.89669 secondNearestValue: 86.3286
04-11 12:30:09.538 14034 15457 D AppSenseConfig: getIgnoreAppList: [com.android.launcher, com.android.contacts, com.oplus.wirelesssettings, com.coloros.alarmclock, com.coloros.calculator, com.coloros.calendar, com.coloros.phonemanager, com.android.settings, com.android.phone, com.oplus.nas, com.oplus.nhs, com.oplus.appdetail, com.android.permissioncontroller, com.oplus.pscanvas, com.oplus.autotest.test.ctp, com.android.systemui, com.android.systemui.overlay.fingerprint.anim.fy, com.android.systemui.overlay.fingerprint.anim.qy, com.android.systemui.overlay.fingerprint.anim.sw, com.android.systemui.overlay.fingerprint.anim.xw, com.android.systemui.overlay.fingerprint.anim.ccyh, com.android.systemui.overlay.fingerprint.anim.halo, com.android.systemui.overlay.fingerprint.anim.jslz, com.android.systemui.overlay.fingerprint.anim.none, com.android.systemui.overlay.fingerprint.anim.xklc]
04-11 12:30:09.538 14034 15457 D AppSenseConfig: getIgnoreAppList: [com.android.launcher, com.android.contacts, com.oplus.wirelesssettings, com.coloros.alarmclock, com.coloros.calculator, com.coloros.calendar, com.coloros.phonemanager, com.android.settings, com.android.phone, com.oplus.nas, com.oplus.nhs, com.oplus.appdetail, com.android.permissioncontroller, com.oplus.pscanvas, com.oplus.autotest.test.ctp, com.android.systemui, com.android.systemui.overlay.fingerprint.anim.fy, com.android.systemui.overlay.fingerprint.anim.qy, com.android.systemui.overlay.fingerprint.anim.sw, com.android.systemui.overlay.fingerprint.anim.xw, com.android.systemui.overlay.fingerprint.anim.ccyh, com.android.systemui.overlay.fingerprint.anim.halo, com.android.systemui.overlay.fingerprint.anim.jslz, com.android.systemui.overlay.fingerprint.anim.none, com.android.systemui.overlay.fingerprint.anim.xklc]
04-11 12:30:09.538 14034 15457 D AppSenseConfig: getIgnoreAppList: [com.android.launcher, com.android.contacts, com.oplus.wirelesssettings, com.coloros.alarmclock, com.coloros.calculator, com.coloros.calendar, com.coloros.phonemanager, com.android.settings, com.android.phone, com.oplus.nas, com.oplus.nhs, com.oplus.appdetail, com.android.permissioncontroller, com.oplus.pscanvas, com.oplus.autotest.test.ctp, com.android.systemui, com.android.systemui.overlay.fingerprint.anim.fy, com.android.systemui.overlay.fingerprint.anim.qy, com.android.systemui.overlay.fingerprint.anim.sw, com.android.systemui.overlay.fingerprint.anim.xw, com.android.systemui.overlay.fingerprint.anim.ccyh, com.android.systemui.overlay.fingerprint.anim.halo, com.android.systemui.overlay.fingerprint.anim.jslz, com.android.systemui.overlay.fingerprint.anim.none, com.android.systemui.overlay.fingerprint.anim.xklc]
04-11 12:30:09.538 14034 15457 D ActivityAdapter: taskChange: pre: 1, cur: 1, changed:true
04-11 12:30:09.538 14034 15457 D ActivityAdapter: notifyActivityQuery: [com.binance.monitor; com.binance.monitor.ui.chart.MarketChartActivity; 1; COMMON; 10512]
04-11 12:30:09.539 14034 15457 D OPlusFrontAppManager: useAdapterResult, pkg=com.binance.monitor,activity=com.binance.monitor.ui.chart.MarketChartActivity,result=true
04-11 12:30:09.539 14034 15457 D OPlusFrontAppManager: decide -->> [com.binance.monitor; com.binance.monitor.ui.chart.MarketChartActivity; 1; COMMON; 10512]
04-11 12:30:09.539 14034 15457 D ConferenceScene: pkg:com.binance.monitor, activity:com.binance.monitor.ui.chart.MarketChartActivity, appSense:COMMON
04-11 12:30:09.539 14034 15457 D ConferenceScene: pkg:com.binance.monitor, activity:com.binance.monitor.ui.account.AccountStatsBridgeActivity, appSense:COMMON
04-11 12:30:09.539 14034 15297 D CellMap/GameLatencyMapService: handleAppSceneChange: [{pkgName:com.binance.monitor,activityName:,winMode:1,event:COMMON,type:0,subEvent:0,pid:32357,uid:10512}]
04-11 12:30:09.539 14034 14034 D AtomHighLoadSenseInfo: handleMessage what:1000
04-11 12:30:09.539 14034 15313 D Subsys-ScoreAppManager: handleMessage what:2
04-11 12:30:09.539 14034 15313 D Subsys-ScoreAppManager: EVENT_ID_APP_SENSE_CHANGE  onFrontActivityChanged
04-11 12:30:09.539 14034 14034 D AtomHighLoadSenseInfo: handleAppSenseChanged original mode:{live:0,video:0,voice call:0,video call:0,live host:0,meeting:0}
04-11 12:30:09.539 14034 14034 D AtomHighLoadSenseInfo: handleAppSenseChanged appInfoUnit:{pkgName:com.binance.monitor,activityName:,winMode:1,event:COMMON,type:0,subEvent:0,pid:32357,uid:10512}
04-11 12:30:09.539 14034 14034 D AtomNetworkScoreInfo: handleMessage: 1006
04-11 12:30:09.539 14034 14034 D AtomNetworkScoreInfo: top app size: 1
04-11 12:30:09.539 14034 14034 D AtomNetworkScoreInfo: Front app state: 1
04-11 12:30:09.539 14034 15297 D CellMap/QoeMapService: handleAppSceneChange: [{pkgName:com.binance.monitor,activityName:,winMode:1,event:COMMON,type:0,subEvent:0,pid:32357,uid:10512}]
04-11 12:30:09.539 14034 15297 D CellMap/QoeMapService: handleAppSceneChange update: 0
04-11 12:30:09.539  3590  3795 D AppSenseClient: handleMessage: 100
04-11 12:30:09.539 14034 15313 D Subsys-ScoreAppManager: appSceneChange fgAppUnits size 1 fgAppUnits [{pkgName:com.binance.monitor,activityName:,winMode:1,event:COMMON,type:0,subEvent:0,pid:32357,uid:10512}] mLastNetworkList[255, 264]
04-11 12:30:09.539  3590  3795 D AppSenseClient: handleSenseEvent appInfoUnits: {pkgName:com.binance.monitor,activityName:com.binance.monitor.ui.chart.MarketChartActivity,winMode:1,event:COMMON,type:0,subEvent:0,pid:32357,uid:10512},
04-11 12:30:09.539 14034 15313 D Subsys-ScoreAppManager: createApp
04-11 12:30:09.539 14034 15313 D Subsys-ScoreAppManager: createApp
04-11 12:30:09.539  3590  3795 D AppSenseClient: handleSenseEvent clients: 1
04-11 12:30:09.539  3590  3795 D AppSenseClient: handleSenseEvent clientId: 224279445
04-11 12:30:09.539 14034 15313 D Subsys-ScoreAppManager: unit: {pkgName:com.binance.monitor,activityName:,winMode:1,event:COMMON,type:0,subEvent:0,pid:32357,uid:10512}
04-11 12:30:09.539  8498  8498 D AppSenseClient: handleMessage: 100
04-11 12:30:09.539  3590  3795 D AppSenseClient: notifyAppChanges: [{pkgName:com.binance.monitor,activityName:com.binance.monitor.ui.chart.MarketChartActivity,winMode:1,event:COMMON,type:0,subEvent:0,pid:32357,uid:10512}]
04-11 12:30:09.539  8406  8866 D AppSenseClient: handleMessage: 100
04-11 12:30:09.539 14034 14034 D AtomModemKpiInfo: handleMessage what:1000
04-11 12:30:09.539  8498  8498 D AppSenseClient: handleSenseEvent appInfoUnits: {pkgName:com.binance.monitor,activityName:com.binance.monitor.ui.chart.MarketChartActivity,winMode:1,event:COMMON,type:0,subEvent:0,pid:32357,uid:10512},
04-11 12:30:09.539 14034 14034 D SceneService: handleMessage what:1004
04-11 12:30:09.539  8498  8498 D AppSenseClient: handleSenseEvent clients: 1
04-11 12:30:09.539  8406  8866 D AppSenseClient: handleSenseEvent appInfoUnits: {pkgName:com.binance.monitor,activityName:com.binance.monitor.ui.chart.MarketChartActivity,winMode:1,event:COMMON,type:0,subEvent:0,pid:32357,uid:10512},
04-11 12:30:09.539  8498  8498 D AppSenseClient: handleSenseEvent clientId: 74017188
04-11 12:30:09.539 14034 14034 D SceneService: notifyAppSceneChanged original mode:{live:0,video:0,voice call:0,video call:0,live host:0,game:0,meeting:0,news:0,file transfer:0},appInfoUnit:[{pkgName:com.binance.monitor,activityName:,winMode:1,event:COMMON,type:0,subEvent:0,pid:32357,uid:10512}]
04-11 12:30:09.539  8406  8866 D AppSenseClient: handleSenseEvent clients: 1
04-11 12:30:09.539 14034 14034 D ExtremeCommService: handleMessage what:1012
04-11 12:30:09.539  8406  8866 D AppSenseClient: handleSenseEvent clientId: 101737326
04-11 12:30:09.539 14034 15313 D CommonApp-255-10512: DefaultState EVENT_SCENARIOS_CHANGE
04-11 12:30:09.539 14034 14034 D ExtremeCommService: updateAppInfo appInfoUnit: com.binance.monitor, winMode:1
04-11 12:30:09.539 14034 15313 D CommonApp-255-10512: scene=COMMON pn=com.binance.monitor
04-11 12:30:09.539  8498  8498 D AppSenseClient: notifyAppChanges: [{pkgName:com.binance.monitor,activityName:com.binance.monitor.ui.chart.MarketChartActivity,winMode:1,event:COMMON,type:0,subEvent:0,pid:32357,uid:10512}]
04-11 12:30:09.539 14034 14034 D FrontAppsEvent: receive msg:1001
04-11 12:30:09.539  8406  8866 D AppSenseClient: notifyAppChanges: [{pkgName:com.binance.monitor,activityName:com.binance.monitor.ui.chart.MarketChartActivity,winMode:1,event:COMMON,type:0,subEvent:0,pid:32357,uid:10512}]
04-11 12:30:09.539  8498  8498 D NhsAppSenseListener: onAppChanged, app list size: 1
04-11 12:30:09.539 14034 14034 D FrontAppsEvent: onAppSceneUpdate, infoList:[{pkgName:com.binance.monitor,activityName:,winMode:1,event:COMMON,type:0,subEvent:0,pid:32357,uid:10512}]
04-11 12:30:09.539 14034 15313 D CommonApp-264-10512: DefaultState EVENT_SCENARIOS_CHANGE
04-11 12:30:09.539 14034 15313 D CommonApp-264-10512: scene=COMMON pn=com.binance.monitor
04-11 12:30:09.539 14034 15457 D AppSenseService: notifySenseEvent: {pkgName:com.binance.monitor,activityName:com.binance.monitor.ui.chart.MarketChartActivity,winMode:1,event:COMMON,type:0,subEvent:0,pid:32357,uid:10512},
04-11 12:30:09.539 13839 14411 D AppSenseClient: handleMessage: 100
04-11 12:30:09.539 13839 14411 D AppSenseClient: handleSenseEvent appInfoUnits: {pkgName:com.binance.monitor,activityName:com.binance.monitor.ui.chart.MarketChartActivity,winMode:1,event:COMMON,type:0,subEvent:0,pid:32357,uid:10512},
04-11 12:30:09.539 13839 14411 D AppSenseClient: handleSenseEvent clients: 1
04-11 12:30:09.540 13839 14411 D AppSenseClient: handleSenseEvent clientId: 106466519
04-11 12:30:09.540 13839 14411 D AppSenseClient: notifyAppChanges: [{pkgName:com.binance.monitor,activityName:com.binance.monitor.ui.chart.MarketChartActivity,winMode:1,event:COMMON,type:0,subEvent:0,pid:32357,uid:10512}]
04-11 12:30:09.540 13839 14411 D NAS-DataSceneEvent: onAppChanged, app list size: 1
04-11 12:30:09.540 13839 14411 D NAS-DataSceneEvent: updateAppSenseChange [{pkgName:com.binance.monitor,activityName:com.binance.monitor.ui.chart.MarketChartActivity,winMode:1,event:COMMON,type:0,subEvent:0,pid:32357,uid:10512}]
04-11 12:30:09.540 13839 14674 D OplusLinkBoostSceneManager: handleAppSceneChange: live broadcast off
04-11 12:30:09.540 13839 14698 E OplusNetlinkConnect: parse rsp msg failed!Message missing required fields: header
04-11 12:30:09.558 13839 14674 V MonthTrafficAlert: getWarningNotification subId:1 numWarningNotificaion:2
04-11 12:30:09.559 13839 14674 V MonthTrafficAlert: getWarningNotification subId:2 numWarningNotificaion:0
04-11 12:30:09.567  2181  2506 I SDM     : DisplayBuiltIn::IdlePowerCollapse: IPC received, disabling partial update for one frame
04-11 12:30:09.610 32357 32357 I ChainTrace: stream type=heartbeat gapMs=993 refreshMarket=false
04-11 12:30:09.703  2280  2323 D vendor.oplus.hardware.charger-V10-service: ret_value:119, read content:,307,307,4360,4342,0,93,95,1,1,0,500,5038,95,1,4480,600,500,0,0,9500,0,0,1,0,2,0,0,0,1,5868,96,0,4662,5046,0,0,0,0,0,0
04-11 12:30:09.703  2280  2323 D vendor.oplus.hardware.charger-V10-service: gmtime: 2026-04-11-12-30-09
04-11 12:30:09.703  2280  2323 D vendor.oplus.hardware.charger-V10-service: usb_online:1, ac_online:-2147483648, wireless_online:-2147483648
04-11 12:30:09.731  2280  2331 D BatteryChargeControl: bcc get no support from charging protocol
04-11 12:30:09.811  2181  2506 I SDM     : DisplayBuiltIn::IdlePowerCollapse: IPC received, disabling partial update for one frame
04-11 12:30:09.815  2181 23599 E CwbService: Panel not support apl read or getDisplayPanelAplValue timeout 10ms.
04-11 12:30:09.815  2258  2258 D SensorFeature: name=ssc_screenshot_info ,index = 22
04-11 12:30:09.815  2258  2258 D SensorFeature: write 39 bytes:929025167746700,929025218732637,29520,0
04-11 12:30:09.832  4482  4680 W ServiceManagerCppClient: Waited one second for SystemClearService (is service started? Number of threads started in the threadpool: 16. Are binder threads started and available?)
04-11 12:30:09.832  4482  4659 W ServiceManagerCppClient: Waited one second for SystemClearService (is service started? Number of threads started in the threadpool: 16. Are binder threads started and available?)
04-11 12:30:09.832  1254 27633 W libc    : Unable to set property "ctl.interface_start" to "aidl/SystemClearService": PROP_ERROR_HANDLE_CONTROL_MESSAGE (0x20)
04-11 12:30:09.832  1254 27634 W libc    : Unable to set property "ctl.interface_start" to "aidl/SystemClearService": PROP_ERROR_HANDLE_CONTROL_MESSAGE (0x20)
04-11 12:30:09.873 32357 27620 I ChainTrace: chart_pull phase=load_done symbol=BTCUSDT interval=1h request=1 durationMs=680 itemCount=300
04-11 12:30:09.925  2113 17888 I sensors-hal: handle_sns_std_sensor_event:114, oplus rgb_rear sample: (cct, lux, ir, x, y)[10002, 21, 299, 260, 325]
04-11 12:30:09.925  2113 17888 I sensors-hal: handle_sns_std_sensor_event:116, oplus rgb_rear sample: (r, g, b, c w)[836, 1698, 379, 508, 0]
04-11 12:30:09.962 32357 32357 I ChainTrace: chart_pull phase=ui_applied symbol=BTCUSDT interval=1h request=1 durationMs=770 itemCount=300
04-11 12:30:09.998 14034 15313 D CommonApp-264-10512: transport layer data is invalid
04-11 12:30:09.998 14034 15313 D CommonApp-255-10512: commonScoreStrategy scenarios 3 mTLD.uplink_packets + mTLD.downlink_packets > 10 avgRtt39
04-11 12:30:09.998 14034 15313 D CommonApp-255-10512: notifyScoreChange appScene COMMON score 100
04-11 12:30:09.998 14034 15313 D ScorePolicy: handleScoreChanged: []
04-11 12:30:09.998 14034 15313 D ScorePolicy: handleScoreChanged: []
04-11 12:30:09.998 14034 15313 D ScorePolicy: handleScoreChanged: []
04-11 12:30:10.024  2113 17862 I sensors-hal: handle_oplus_wise_rgb_event:161, wise_rgb: (34286)(cct, lux, ir)[5837.72, 136.01, 57.770996] (r, g, b, c)[6393.84, 4320.05, 2741.66, 12107.93]                 (pwm, hbm, brl, algo)[0.0 0.0 1310.0 2.0], flag 29520
04-11 12:30:10.024  3590  7333 D FusionLightNextGen: process end reported = 1, mode: 0, cnt: 397480, lux 86.8, cct 6344.2, r/g/b/c: 6393.8/4320.0/2741.7/12107.9, R/G/B: 144.0/140.0/129.0, bri 1310.0, match 1.00, ir 0.071996, conf 5.0, ts 929025220993797
04-11 12:30:10.040 13839 14674 D UlPriorityPolicyForeground: match: config has not com.binance.monitor
04-11 12:30:10.051  2181  2506 I SDM     : DisplayBuiltIn::IdlePowerCollapse: IPC received, disabling partial update for one frame
04-11 12:30:10.092  3438  4039 D QmiClient: qmiServiceEventCallback recv msg id 47
04-11 12:30:10.092  3438  4039 D QmiClient: enter -mServiceType 10 onQmiServiceEventCallback msgId 47
04-11 12:30:10.092  3438  4039 D QmiClient: onQmiServiceEventCallback - enter. msgId=47
04-11 12:30:10.092  3438  3488 D OttProxy: handleMessage msg is 3001
04-11 12:30:10.092 14034 14747 D SubsysRadioIndication[1]: radioLinkLatencyInfoInd
04-11 12:30:10.092 14034 14747 D SubsysRadioIndication[1]: notify enter
04-11 12:30:10.092 14034 14034 D NetworkService[1]: handleMessage what:1008
04-11 12:30:10.092 14034 14034 D NetworkService[1]: EVENT_REG_LINK_LATENCY_INFO_CHANGE ulLatency:10643
04-11 12:30:10.100  3590  7166 I OplusCpuLimitManager: OplusCpuHighLoad: request instant cpu load
04-11 12:30:10.100  3590  7166 E OsenseCommonUtils: write /dev/memcg/memory.force_shrink_file failed
04-11 12:30:10.100  3590  7166 E OsenseCommonUtils: java.io.IOException: write failed: EBUSY (Device or resource busy)
04-11 12:30:10.100  3590  7166 E OsenseCommonUtils: 	at libcore.io.IoBridge.write(IoBridge.java:651)
04-11 12:30:10.100  3590  7166 E OsenseCommonUtils: 	at java.io.FileOutputStream.write(FileOutputStream.java:436)
04-11 12:30:10.100  3590  7166 E OsenseCommonUtils: 	at sun.nio.cs.StreamEncoder.writeBytes(StreamEncoder.java:233)
04-11 12:30:10.100  3590  7166 E OsenseCommonUtils: 	at sun.nio.cs.StreamEncoder.implFlushBuffer(StreamEncoder.java:309)
04-11 12:30:10.100  3590  7166 E OsenseCommonUtils: 	at sun.nio.cs.StreamEncoder.implFlush(StreamEncoder.java:313)
04-11 12:30:10.100  3590  7166 E OsenseCommonUtils: 	at sun.nio.cs.StreamEncoder.flush(StreamEncoder.java:153)
04-11 12:30:10.100  3590  7166 E OsenseCommonUtils: 	at java.io.OutputStreamWriter.flush(OutputStreamWriter.java:248)
04-11 12:30:10.100  3590  7166 E OsenseCommonUtils: 	at com.android.server.oplus.osense.utils.OsenseCommonUtils.writeFile(OsenseCommonUtils.java:154)
04-11 12:30:10.100  3590  7166 E OsenseCommonUtils: 	at com.android.server.am.OplusOsenseCompressAction.doGlobalShrink(OplusOsenseCompressAction.java:1887)
04-11 12:30:10.100  3590  7166 E OsenseCommonUtils: 	at com.android.server.am.OplusOsenseCompressAction.-$$Nest$mdoGlobalShrink(Unknown Source:0)
04-11 12:30:10.100  3590  7166 E OsenseCommonUtils: 	at com.android.server.am.OplusOsenseCompressAction$CompressHandler.handleMessage(OplusOsenseCompressAction.java:1335)
04-11 12:30:10.100  3590  7166 E OsenseCommonUtils: 	at android.os.Handler.dispatchMessage(Handler.java:115)
04-11 12:30:10.100  3590  7166 E OsenseCommonUtils: 	at android.os.Looper.loopOnce(Looper.java:302)
04-11 12:30:10.100  3590  7166 E OsenseCommonUtils: 	at android.os.Looper.loop(Looper.java:412)
04-11 12:30:10.100  3590  7166 E OsenseCommonUtils: 	at android.os.HandlerThread.run(HandlerThread.java:85)
04-11 12:30:10.100  3590  7166 E OsenseCommonUtils: Caused by: android.system.ErrnoException: write failed: EBUSY (Device or resource busy)
04-11 12:30:10.100  3590  7166 E OsenseCommonUtils: 	at libcore.io.Linux.writeBytes(Native Method)
04-11 12:30:10.100  3590  7166 E OsenseCommonUtils: 	at libcore.io.Linux.write(Linux.java:336)
04-11 12:30:10.100  3590  7166 E OsenseCommonUtils: 	at libcore.io.ForwardingOs.write(ForwardingOs.java:948)
04-11 12:30:10.100  3590  7166 E OsenseCommonUtils: 	at libcore.io.BlockGuardOs.write(BlockGuardOs.java:448)
04-11 12:30:10.100  3590  7166 E OsenseCommonUtils: 	at libcore.io.IoBridge.write(IoBridge.java:646)
04-11 12:30:10.100  3590  7166 E OsenseCommonUtils: 	... 14 more
04-11 12:30:10.100  3590  7166 I OplusCpuLimitManager: OplusCpuHighLoad: release instant cpu load
04-11 12:30:10.103 14034 14034 D RadioMessenger: handleMessage Request msgid 2220
04-11 12:30:10.103 14034 14034 D RadioMessenger: handleSetSyncWithAp: -1, syncFlag: 1
04-11 12:30:10.103 14034 14034 D QtiRadioService: setSyncWithAp
04-11 12:30:10.103 14034 14034 D RadioProxyJ[0]: [105375392]> setSyncWithAp syncFlag:1
04-11 12:30:10.103  8406  8406 E PhoneInterfaceManager: queryModemActivityInfo: invalid response
04-11 12:30:10.103  8406  8406 D TelephonyManager: requestModemActivityInfo: Sending result to app: ModemActivityInfo{ mTimestamp=929015517 mSleepTimeMs=144122231 mIdleTimeMs=6166751 mActivityStatsTechSpecificInfo=[{mRat=UNKNOWN,mFrequencyRange=UNKNOWN,mTxTimeMs[]=[169169, 149977, 216053, 160511, 160661],mRxTimeMs=390485934}]}
04-11 12:30:10.103  2727 10112 D RadioService: setSyncWithAp with instance 0
04-11 12:30:10.103  2727 10112 D VendorService: VendorService::setSyncWithAp
04-11 12:30:10.103  2727  2826 D QmiVsClient: setSyncWithAp - enter
04-11 12:30:10.103  2727  2826 E QmiVsClient: sendAsyncRequest QMI_VS_SET_SYNC_WITH_AP_REQ_MSG_V01 ret 0
04-11 12:30:10.103  2727  2826 D VsProxy : handleMessage msg is 4001
04-11 12:30:10.103  2727  2826 D RadioProxy: setSyncWithAp : response cb for instance 0
04-11 12:30:10.103  2727  2727 D RadioServiceResponse: RadioServiceResponse::setSyncWithApResponse
04-11 12:30:10.103 14034 14747 D SubsysRadioResponse: setSyncWithApResponse info.error = 0
04-11 12:30:10.103 14034 14747 D RadioProxyJ[0]: [105375392]< setSyncWithApResponse 
04-11 12:30:10.103 14034 14034 D MessengerResponseHandler: handleMessage Response msgid 210
04-11 12:30:10.103  2727  3986 D QmiClient: qmiServiceEventCallback recv msg id 1085
04-11 12:30:10.103  2727  3986 D QmiClient: enter -mServiceType 4 onQmiServiceEventCallback msgId 1085
04-11 12:30:10.103  2727  3986 D QmiClient: onQmiServiceEventCallback - enter. msgId=1085
04-11 12:30:10.103  2727  3986 D QmiVsClientEvent: qmiVsClientNotifyNecEvent - RADIO_EVENT_NEC_IND
04-11 12:30:10.103  2727  2826 D VsProxy : handleMessage msg is 2403
04-11 12:30:10.103  2727  2826 D VsProxy : handleNecInd for instance 0
04-11 12:30:10.103 14034 14747 D SubsysRadioIndication[0]: radioNecInd 
04-11 12:30:10.103 14034 14034 D ModemChannel: handleMessage what:102
04-11 12:30:10.103 14034 14034 D ModemChannel: handleNecEvent
04-11 12:30:10.104  8498  8797 I ModemAci: [ModemActivityInfo] [LO, DA]:{ stamp=929025518 duration=10 sleepTMs=5194 idleTMs=217 rxTMs=4590 5gRxTMs=0 txTMs=[0, 0, 0, 0, 0, 0, 0, 0] 5gTxTMs=[0, 0, 0, 9, 241286, 266461, 202028, 245984] rrc10sC[]=[0, 0] rrc20sC[]=[0, 0] rrcMore20sC[]=[0, 0] rrcC[]=[0, 0] rrcT[]=[0, 0] saRrc10sC[]=[0, 0] saRrc20sC[]=[0, 0] saRrcMore20sC[]=[0, 0] saRrcC[]=[0, 0] saRrcT[]=[0, 10] endcActT[]=[0, 0] wifiRrcT[]=[0, 0] csChgC[]=[0, 0] psChgC[]=[0, 0] iRatC[]=[0, 0] cellUpdC[]=[0, 0] handOverC[]=[0, 0] nwSrchC[]=[0, 0] nwSrchT[]=[0, 0] psRegT[]=[10, 10] csRegT[]=[10, 10] psNoRegT[]=[0, 0] csNoRegT[]=[0, 0] sigGrid0T[]=[0, 0] gpsTMs=18 wlanTMs=0 sim15gTxTMs[]=[0, 0, 0, 0, 1133, 1313, 964, 1997] sim25gTxTMs[]=[0, 0, 0, 9, 240153, 265148, 201064, 243987] techTMs[]=[0, 0, 0, 0, 0, 0, 0, 0, 246] saActT[]=[0, 10] lteHoC[]=[0, 0] saHoC[]=[0, 0]}
04-11 12:30:10.104  8406  8406 D TelephonyManager: requestModemActivityInfo: Sending result to app: ModemActivityInfo{ mTimestamp=929025518 mSleepTimeMs=144127425 mIdleTimeMs=6166968 mActivityStatsTechSpecificInfo=[{mRat=UNKNOWN,mFrequencyRange=UNKNOWN,mTxTimeMs[]=[169169, 149977, 216053, 160511, 160661],mRxTimeMs=390490524}]}
04-11 12:30:10.104 13839 14676 D SubsysCallManager: handleMessage what:102
04-11 12:30:10.104 13839 14676 D SubsysCallManager: parseMdmInfoData len:392
04-11 12:30:10.104 13839 14676 D SubsysCallManager: onMdmEvent moduleId:6,eventId:4
04-11 12:30:10.104 13839 14676 D ModemDataAnalysis: phoneId = 0, moduleId = 6, onEvent...4, version = 0, size:380
04-11 12:30:10.104 13839 14679 D OplusGameImsReg: receive handle Message:MSG_NEC_DATA_IND_SIM1
04-11 12:30:10.105 10250  1150 I midasd  : OplusObrainService::notifyEventString eventId:11 strParam:{"5gRxTimeMs":0,"5gTxTimeMs":[],"idleTimeMs":217,"lteRrcC":[0,0],"lteRrcT":[0,0],"nrRrcC":[0,0],"nrRrcT":[0,10],"rxTimeMs":4590,"sleepTimeMs":5194,"timestamp":1775881810104,"txTimeMs":[0,0,0,0,0,0,0,0]}
04-11 12:30:10.105 13839 14694 E AMC     : [P-ooslimited_deep/0] execute failed in triggers[0]:[nwsrcht:0][nwsrcht:0]
04-11 12:30:10.105 13839 14694 E AMC     : [P-ooslimited_deep/1] execute failed in triggers[0]:[nwsrcht:0][nwsrcht:0]
04-11 12:30:10.105 13839 14694 E AMC     : [P-mpss_reset/0] execute failed in triggers[0]:[sleept:5][sleept:750]
04-11 12:30:10.105 13839 14694 E AMC     : [P-mpss_reset/1] execute failed in triggers[0]:[sleept:5][sleept:750]
04-11 12:30:10.105 13839 14694 E AMC     : [P-pidnetdisable_recovery] execute failed in triggers[0]:[sleept:5][pidnetdisable:null]
04-11 12:30:10.105 13839 14694 I AMC     : [P-standby_5gbackoff/0] execute single in triggers[0]:[sleept:5][sleept:342] successfully!
04-11 12:30:10.105 15031  1029 I OplusObrain: OplusObrainClientInvoke.nativeGetTelephonyInfo
04-11 12:30:10.105 15031  1029 I OplusObrain: OplusObrainClientInvoke.nativeGetTrafficTypeInfoForNetworkType networkType 0
04-11 12:30:10.106 13839 14694 I AMC     : [P-standby_5gbackoff/0] execute check triggers[0]:[call, oos, inactive, charge, sleept, endcactt, screen] logical:and
04-11 12:30:10.106 13839 14694 E AMC     : [P-standby_5gbackoff/0] execute failed check triggers[0]:[sleept:5][inactive:false, charge:true, endcactt:0, screen:true]
04-11 12:30:10.106 13839 14694 I AMC     : [P-standby_5gbackoff/1] execute single in triggers[0]:[sleept:5][sleept:342] successfully!
04-11 12:30:10.107 13839 14694 I AMC     : [P-standby_5gbackoff/1] execute check triggers[0]:[call, oos, inactive, charge, sleept, endcactt, screen] logical:and
04-11 12:30:10.107 13839 14694 E AMC     : [P-standby_5gbackoff/1] execute failed check triggers[0]:[sleept:5][inactive:false, charge:true, endcactt:0, screen:true]
04-11 12:30:10.143  2181  2506 I SDM     : DisplayBuiltIn::IdlePowerCollapse: IPC received, disabling partial update for one frame
04-11 12:30:10.148  2181 23599 E CwbService: Panel not support apl read or getDisplayPanelAplValue timeout 10ms.
04-11 12:30:10.148  2258  2258 D SensorFeature: name=ssc_screenshot_info ,index = 22
04-11 12:30:10.148  2258  2258 D SensorFeature: write 39 bytes:929025500926595,929025551885345,29521,0
04-11 12:30:10.233 32357 32378 D OplusScrollToTopManager: com.binance.monitor/com.binance.monitor.ui.account.AccountStatsBridgeActivity,This com.android.internal.policy.DecorView{a9b7d3f I.E...... R.....ID 0,0-1264,2780 aid=10 alpha=1.0 viewInfo = }[AccountStatsBridgeActivity] change focus to false
04-11 12:30:10.255 32357 32378 D OplusScrollToTopManager: com.binance.monitor/com.binance.monitor.ui.chart.MarketChartActivity,This com.android.internal.policy.DecorView{4e1f751 V.E...... R....... 0,0-1264,2780 aid=12 alpha=1.0 viewInfo = }[MarketChartActivity] change focus to true
04-11 12:30:10.290  2113 20704 I sensors-hal: handle_oplus_wise_rgb_event:189, high_pwm_light:lux 135.8,cct 5889.1,brl/algo/ir 1310.0/2.0/57.8,pwm/dc 0.0/0.0,rgbc 6431.217285/4353.039062/2759.323486/12187.192383,ts 929025520744839,cnt 34290,flag 29521
04-11 12:30:10.291  2113 17862 I sensors-hal: handle_oplus_wise_rgb_event:161, wise_rgb: (34291)(cct, lux, ir)[5889.10, 135.84, 57.791676] (r, g, b, c)[6411.28, 4342.04, 2754.91, 12166.21]                 (pwm, hbm, brl, algo)[0.0 0.0 1310.0 2.0], flag 29521
04-11 12:30:10.415  3438  3988 D QmiClient: qmiServiceEventCallback recv msg id 1099
04-11 12:30:10.415  2727  3986 D QmiClient: qmiServiceEventCallback recv msg id 1099
04-11 12:30:10.415  2727  3986 D QmiClient: enter -mServiceType 4 onQmiServiceEventCallback msgId 1099
04-11 12:30:10.415  3438  3988 D QmiClient: enter -mServiceType 4 onQmiServiceEventCallback msgId 1099
04-11 12:30:10.415  2727  3986 D QmiClient: onQmiServiceEventCallback - enter. msgId=1099
04-11 12:30:10.415  2727  3986 D QmiVsClientEvent: QosPeriodReportInd MSG IND data_len 2052
04-11 12:30:10.415  2727  3986 D QmiVsClientEvent: qmiVsClientNotifyQosPeriodReportIndEvent - RADIO_EVENT_QOS_PERIOD_REPORT_NOTIFY_IND
04-11 12:30:10.415  2727  2826 D VsProxy : handleMessage msg is 2420
04-11 12:30:10.415  3438  3988 D QmiClient: onQmiServiceEventCallback - enter. msgId=1099
04-11 12:30:10.415  3438  3988 D QmiVsClientEvent: QosPeriodReportInd MSG IND data_len 2052
04-11 12:30:10.415  3438  3988 D QmiVsClientEvent: qmiVsClientNotifyQosPeriodReportIndEvent - RADIO_EVENT_QOS_PERIOD_REPORT_NOTIFY_IND
04-11 12:30:10.415  2727  2826 D VsProxy : handleQosPeriodReportInd for instance 0 data_len 145
04-11 12:30:10.415  3438  3485 D VsProxy : handleMessage msg is 2420
04-11 12:30:10.415  3438  3485 D VsProxy : handleQosPeriodReportInd for instance 1 data_len 206
04-11 12:30:10.415 14034 14747 D SubsysRadioIndication[0]: radioQosPeriodReportInd result [8, -91, -34, -42, -50, 14, 34, 12, 8, -84, -69, -57, -50, 14, 16, 4, 24, 1, 32, 3, 58, 61, 8, -72, -39, -42, -50, 14, 16, 5, 24, -64, -92, 38, 32, -22, 6, 40, -94, -1, -1, -1, -1, -1, -1, -1, -1, 1, 48, -10, -1, -1, -1, -1, -1, -1, -1, -1, 1, 56, 9, 64, -94, -1, -1, -1, -1, -1, -1, -1, -1, 1, 72, -96, -1, -1, -1, -1, -1, -1, -1, -1, 1, 66, 29, 8, -57, -20, -92, -50, 14, 16, 5, 34, 19, 8, -64, -92, 38, 16, -22, 6, 24, 78, 32, 13, 40, -117, -32, -94, -93, 2, 48, 2, 90, 0, 98, 10, 8, -41, -26, -92, -50, 14, 16, 3, 24, 5, 122, 15, 8, -8, -24, -92, -50, 14, 16, -52, 2, 24, -21, 1, 32, -90, 9]
04-11 12:30:10.415 14034   947 D SubsysRadioIndication[1]: radioQosPeriodReportInd result [8, -91, -34, -42, -50, 14, 18, 19, 8, -112, -34, -42, -50, 14, 16, 29, 32, -12, 61, 40, 29, 56, -97, 2, 64, -108, 1, 26, 16, 8, -86, -35, -42, -50, 14, 16, 38, 40, 38, 56, -39, -20, 1, 72, 8, 34, 12, 8, -84, -69, -57, -50, 14, 16, 4, 24, 1, 32, 3, 58, 81, 8, -112, -34, -42, -50, 14, 16, 5, 24, -98, -23, 30, 32, -54, 1, 40, -97, -1, -1, -1, -1, -1, -1, -1, -1, 1, 48, -14, -1, -1, -1, -1, -1, -1, -1, -1, 1, 64, -97, -1, -1, -1, -1, -1, -1, -1, -1, 1, 72, -97, -1, -1, -1, -1, -1, -1, -1, -1, 1, 80, -100, -1, -1, -1, -1, -1, -1, -1, -1, 1, 88, -97, -1, -1, -1, -1, -1, -1, -1, -1, 1, 66, 31, 8, -114, -41, -49, -50, 14, 16, 5, 24, 2, 34, 19, 8, -98, -23, 30, 16, -54, 1, 24, 41, 32, 13, 40, -126, -128, -52, -67, 21, 48, 2, 90, 0, 98, 10, 8, -85, -54, -73, -50, 14, 16, 3, 24, 5, 122, 15, 8, -66, -38, -42, -50, 14, 16, -1, 1, 24, -1, 1, 32, -120, 9]
04-11 12:30:10.415 14034 14034 D NetworkService[0]: handleMessage what:1005
04-11 12:30:10.415 14034 14034 D RadioAtomTracker: parseQosPeriodData ModemQos:CellularQosInfo2{5G, 627264/874, EndcState=0, Band=78, DLBW=13, Rsrp=-94, Rsrq=-10, Snr=9, SvcStatus=3, ULPDCPNumDataPdu=-1, ULPDCPNumDropPdu=-1, ULPDCPTput=-1, ULRLCNumDataPdu=-1, ULRLCNumRetxPdu=-1, ULGrant=-1, ULBSR=-1, ULBler=-1, DLPDCPNumDataPdu=-1, DLPDCPTput=-1, DLRLCNumDataPdu=-1, DLRLCNumRetxPdu=-1, DLRLCNumDropPdu=-1, DLMACPaddingBytes=-1, DLPdcpNumMissToUppPdu=-1, DLBler=-1, RlfCount=0, CellChangeCount=0, IsRedirectionOccur=0, IsDualSimConflict=0, Latency=0, Sub1RrcState=1, Sub2RrcState=3, RachCount=0, CalcPower=332, Mtpl=235, PathLoss=1190, CellLoad=0}
04-11 12:30:10.415 14034 14034 D NetworkService[0]: EVENT_REG_QOS_PERIOD_REPORT_IND_CHANGED ENTER
04-11 12:30:10.415 14034 14034 D NetworkService[1]: handleMessage what:1005
04-11 12:30:10.415 14034 14034 D RadioAtomTracker: parseQosPeriodData ModemQos:CellularQosInfo1{5G, 504990/202, EndcState=2, Band=41, DLBW=13, Rsrp=-97, Rsrq=-14, Snr=0, SvcStatus=3, ULPDCPNumDataPdu=29, ULPDCPNumDropPdu=0, ULPDCPTput=7924, ULRLCNumDataPdu=29, ULRLCNumRetxPdu=0, ULGrant=287, ULBSR=148, ULBler=0, DLPDCPNumDataPdu=38, DLPDCPTput=30297, DLRLCNumDataPdu=38, DLRLCNumRetxPdu=0, DLRLCNumDropPdu=0, DLMACPaddingBytes=0, DLPdcpNumMissToUppPdu=0, DLBler=8, RlfCount=0, CellChangeCount=0, IsRedirectionOccur=0, IsDualSimConflict=0, Latency=10, Sub1RrcState=1, Sub2RrcState=3, RachCount=0, CalcPower=255, Mtpl=255, PathLoss=1160, CellLoad=0}
04-11 12:30:10.415 14034 14034 D NetworkService[1]: EVENT_REG_QOS_PERIOD_REPORT_IND_CHANGED ENTER
04-11 12:30:10.415 14034 14034 D AtomModemKpiInfo: handleMessage what:1001
04-11 12:30:10.415 14034 14034 D AtomModemKpiInfo: analyseQosInfo success
04-11 12:30:10.423  2181  2506 I SDM     : DisplayBuiltIn::IdlePowerCollapse: IPC received, disabling partial update for one frame
04-11 12:30:10.448  2258  2258 D SensorFeature: name=ssc_screenshot_info ,index = 22
04-11 12:30:10.448  2258  2258 D SensorFeature: write 39 bytes:929025500926595,929025862628627,29522,0
04-11 12:30:10.557  2113 17862 I sensors-hal: handle_oplus_wise_rgb_event:161, wise_rgb: (34296)(cct, lux, ir)[5825.17, 136.96, 57.882290] (r, g, b, c)[6418.76, 4346.44, 2757.12, 12147.56]                 (pwm, hbm, brl, algo)[0.0 0.0 1310.0 2.0], flag 29522
04-11 12:30:10.726  3590  9788 I AICCTModule: SensorFilter: brightness threshold 1.2 screenNit is 88.015 ave enviroment lux is 87.244545 luxForNit 85.62764demarcationPoint200.0 result is false
04-11 12:30:10.726  3590  9788 I AICCTModule: SensorFilter: findSecondNearestValue, sensorValue: 6379.877 nearestMaxValue:6394.471 secondNearestValue: 6394.471
04-11 12:30:10.726  3590  9788 I AICCTModule: SensorFilter: findSecondNearestValue, sensorValue: 86.3286 nearestMaxValue:86.77003 secondNearestValue: 86.77003
04-11 12:30:10.731  2280  2331 D BatteryChargeControl: bcc get no support from charging protocol
04-11 12:30:10.749  2258  2258 D SensorFeature: name=ssc_screenshot_info ,index = 22
04-11 12:30:10.749  2258  2258 D SensorFeature: write 39 bytes:929025500926595,929026163083887,29523,0
04-11 12:30:10.752 32357 32357 I ChainTrace: stream type=syncEvent gapMs=1142 refreshMarket=true
04-11 12:30:10.758  2181  2506 I SDM     : DisplayBuiltIn::IdlePowerCollapse: IPC received, disabling partial update for one frame
04-11 12:30:10.765  3590  8835 V WindowManager: Relayout Window{83978a2 u0 com.binance.monitor}: viewVisibility=0, oldvis=0, req=315x429 , apr = 0, vsysui=, x=-407, y=2142
04-11 12:30:10.765 32357 32357 I SurfaceControl:  setExtendedRangeBrightness sc=Surface(name=)/@0x6fc43b4,currentBufferRatio=1.0,desiredRatio=1.0
04-11 12:30:10.765  3590  8835 D InsetsSourceProvider: updateSourceFrameForServerVisibility mandatorySystemGestures EMPTY_RECT
04-11 12:30:10.766  3590  8835 D InsetsSourceProvider: updateSourceFrameForServerVisibility mandatorySystemGestures EMPTY_RECT
04-11 12:30:10.823  2113 20704 I sensors-hal: handle_oplus_wise_rgb_event:189, high_pwm_light:lux 135.8,cct 5884.5,brl/algo/ir 1310.0/2.0/57.3,pwm/dc 0.0/0.0,rgbc 6386.365234/4328.843750/2739.456543/12091.615234,ts 929026120161089,cnt 34300,flag 29523
04-11 12:30:10.823  2113 17862 I sensors-hal: handle_oplus_wise_rgb_event:161, wise_rgb: (34301)(cct, lux, ir)[5884.54, 135.84, 57.276058] (r, g, b, c)[6398.82, 4320.05, 2741.66, 12079.96]                 (pwm, hbm, brl, algo)[0.0 0.0 1310.0 2.0], flag 29523
04-11 12:30:10.832  4482  4680 W ServiceManagerCppClient: Waited one second for SystemClearService (is service started? Number of threads started in the threadpool: 16. Are binder threads started and available?)
04-11 12:30:10.832  4482  4659 W ServiceManagerCppClient: Waited one second for SystemClearService (is service started? Number of threads started in the threadpool: 16. Are binder threads started and available?)
04-11 12:30:10.833  1254 27642 W libc    : Unable to set property "ctl.interface_start" to "aidl/SystemClearService": PROP_ERROR_HANDLE_CONTROL_MESSAGE (0x20)
04-11 12:30:10.833  1254 27643 W libc    : Unable to set property "ctl.interface_start" to "aidl/SystemClearService": PROP_ERROR_HANDLE_CONTROL_MESSAGE (0x20)
04-11 12:30:10.863  2181  2506 I SDM     : DisplayBuiltIn::IdlePowerCollapse: IPC received, disabling partial update for one frame
04-11 12:30:10.901  3590  7335 D ActivityManager: freezing 27126 com.android.providers.calendar
04-11 12:30:10.902  3590  7335 D ActivityManager: Freeze process 27126, not check file locks
04-11 12:30:10.902  3590  7335 D ActivityManager: reportOneUidFrozenStateChanged uid 10202 frozen = true
04-11 12:30:10.903  3590  7902 D InetDiagMessage: Destroyed 0 sockets, proto=IPPROTO_TCP, family=AF_INET, states=14
04-11 12:30:10.904  3590  7902 D InetDiagMessage: Destroyed 0 sockets, proto=IPPROTO_TCP, family=AF_INET6, states=14
04-11 12:30:10.904  3590  7902 D InetDiagMessage: Destroyed live tcp sockets for uids={10202} in 2ms
04-11 12:30:10.917  3590  3830 W QosScheduler: executeSceneQosStrategy failed! qos feature no enable
04-11 12:30:11.021 14034 15313 D CommonApp-264-10512: transport layer data is invalid
04-11 12:30:11.022 14034 15313 D CommonApp-255-10512: commonScoreStrategy scenarios low package
04-11 12:30:11.022 14034 15313 D ScorePolicy: handleScoreChanged: []
04-11 12:30:11.022 14034 15313 D ScorePolicy: handleScoreChanged: []
04-11 12:30:11.022 14034 15313 D ScorePolicy: handleScoreChanged: []
04-11 12:30:11.051  3438  4039 D QmiClient: qmiServiceEventCallback recv msg id 47
04-11 12:30:11.051  3438  4039 D QmiClient: enter -mServiceType 10 onQmiServiceEventCallback msgId 47
04-11 12:30:11.051  3438  4039 D QmiClient: onQmiServiceEventCallback - enter. msgId=47
04-11 12:30:11.051  3438  3488 D OttProxy: handleMessage msg is 3001
04-11 12:30:11.052 14034   947 D SubsysRadioIndication[1]: radioLinkLatencyInfoInd
04-11 12:30:11.052 14034   947 D SubsysRadioIndication[1]: notify enter
04-11 12:30:11.052 14034 14034 D NetworkService[1]: handleMessage what:1008
04-11 12:30:11.052 14034 14034 D NetworkService[1]: EVENT_REG_LINK_LATENCY_INFO_CHANGE ulLatency:8347
04-11 12:30:11.058  3590  7344 V AlarmManager: sending alarm Alarm{fc5e2f5 type 1 origWhen 1775881811058 whenElapsed 929026472 android} uid 1000 whenElapsed 929026472 windowLength 0 maxWhenElapsed 929026472 repeatInterval 0 action null component null tag StorgaeBandInfoAlarmTag flags 0x9 procName system_server
04-11 12:30:11.058  3590 10338 E OplusStorageUFSBandwidth: storage_io_metrics_path is /proc/oplus_storage/io_metrics/forever/
04-11 12:30:11.058  3590 10338 E OplusStorageUFSBandwidth: Bandwidth - Read: 7.00 MB/s, Write: 2.50 MB/s
04-11 12:30:11.058  3590 10338 E OplusStorageUFSBandwidth: Task time: 0ms
04-11 12:30:11.059  3590 10338 E OplusStorageUFSBandwidth: Alarm set to trigger in 10 seconds
04-11 12:30:11.083  2181  2506 I SDM     : DisplayBuiltIn::IdlePowerCollapse: IPC received, disabling partial update for one frame
04-11 12:30:11.092  2181  2532 E CwbService: Panel not support apl read or getDisplayPanelAplValue timeout 10ms.
04-11 12:30:11.092  2258  2258 D SensorFeature: name=ssc_screenshot_info ,index = 22
04-11 12:30:11.092  2258  2258 D SensorFeature: write 39 bytes:929026444803314,929026495747845,29524,0
04-11 12:30:11.093  2113 17862 I sensors-hal: handle_oplus_wise_rgb_event:161, wise_rgb: (34306)(cct, lux, ir)[5868.77, 135.15, 58.878662] (r, g, b, c)[6411.28, 4342.04, 2757.12, 12112.59]                 (pwm, hbm, brl, algo)[0.0 0.0 1310.0 2.0], flag 29524
04-11 12:30:11.226  8406  8406 D OplusTelephonyController: onSignalStrengthChanged: SignalStrength=SignalStrength:{mCdma=CellSignalStrengthCdma: cdmaDbm=2147483647 cdmaEcio=2147483647 evdoDbm=2147483647 evdoEcio=2147483647 evdoSnr=2147483647 level=0,mGsm=CellSignalStrengthGsm: rssi=2147483647 ber=2147483647 mTa=2147483647 mLevel=0,mWcdma=CellSignalStrengthWcdma: ss=2147483647 ber=2147483647 rscp=2147483647 ecno=2147483647 level=0,mTdscdma=CellSignalStrengthTdscdma: rssi=2147483647 ber=2147483647 rscp=2147483647 level=0,mLte=CellSignalStrengthLte: rssi=2147483647 rsrp=2147483647 rsrq=2147483647 rssnr=2147483647 cqiTableIndex=2147483647 cqi=2147483647 ta=2147483647 level=0 parametersUseForLevel=0,mNr=CellSignalStrengthNr:{ csiRsrp = 2147483647 csiRsrq = 2147483647 csiCqiTableIndex = 2147483647 csiCqiReport = [] ssRsrp = -97 ssRsrq = -12 ssSinr = 6 level = 4 parametersUseForLevel = 0 timingAdvance = 2147483647 },primary=CellSignalStrengthNr}
04-11 12:30:11.227 14034 14034 D SubsysEventListenerManager-SubsysTelephonyCallback[0]: onSignalStrengthsChanged
04-11 12:30:11.228  8338  8520 I SystemUi--Statusbar: MobileConnectionRepositoryImpl-->subId:2 isSoftSimCard:false slotId:0
04-11 12:30:11.258 13839 14712 I SmartDataSwitchStateManager: handle message:7
04-11 12:30:11.258 13839 14712 I SmartDataSwitchSM: [DisableState]Handle msg: 2
04-11 12:30:11.258 13839 14712 I SmartDataSwitchSM: [DisableState]handle state change, reason:DataScoreLow
04-11 12:30:11.392  2258  2258 D SensorFeature: name=ssc_screenshot_info ,index = 22
04-11 12:30:11.392  2258  2258 D SensorFeature: write 39 bytes:929026444803314,929026806501439,29525,0
04-11 12:30:11.393  2113 20704 I sensors-hal: handle_oplus_wise_rgb_event:189, high_pwm_light:lux 135.4,cct 5943.6,brl/algo/ir 1310.0/2.0/57.4,pwm/dc 0.0/0.0,rgbc 6398.824707/4324.444336/2750.493896/12117.256836,ts 929026719610985,cnt 34310,flag 29525
04-11 12:30:11.394  3590  7333 D FusionLightNextGen: process end reported = 1, mode: 0, cnt: 397485, lux 87.0, cct 6303.9, r/g/b/c: 6418.8/4333.2/2748.3/12138.2, R/G/B: 144.0/140.0/129.0, bri 1310.0, match 1.00, ir 0.072582, conf 5.0, ts 929026741753016
04-11 12:30:11.394  2113 17862 I sensors-hal: handle_oplus_wise_rgb_event:161, wise_rgb: (34311)(cct, lux, ir)[5943.58, 135.41, 57.423645] (r, g, b, c)[6416.27, 4348.64, 2750.49, 12114.93]                 (pwm, hbm, brl, algo)[0.0 0.0 1310.0 2.0], flag 29525
04-11 12:30:11.405  2187  2298 E PERFHAL-PERFCTRL: PERFHAL-PERFCTRL: chk_core_online_poll_loop() 748: poll() has timed out for /sys/kernel/msm_performance/events/cpu_hotplug
04-11 12:30:11.405  2187  2298 E PERFHAL-PERFCTRL: PERFHAL-PERFCTRL: chk_core_online_poll_loop() 743: Block on poll()
04-11 12:30:11.446  3438  3988 D QmiClient: qmiServiceEventCallback recv msg id 1099
04-11 12:30:11.446  3438  3988 D QmiClient: enter -mServiceType 4 onQmiServiceEventCallback msgId 1099
04-11 12:30:11.446  3438  3988 D QmiClient: onQmiServiceEventCallback - enter. msgId=1099
04-11 12:30:11.446  3438  3988 D QmiVsClientEvent: QosPeriodReportInd MSG IND data_len 2052
04-11 12:30:11.446  3438  3988 D QmiVsClientEvent: qmiVsClientNotifyQosPeriodReportIndEvent - RADIO_EVENT_QOS_PERIOD_REPORT_NOTIFY_IND
04-11 12:30:11.446  2727  3986 D QmiClient: qmiServiceEventCallback recv msg id 1099
04-11 12:30:11.446  2727  3986 D QmiClient: enter -mServiceType 4 onQmiServiceEventCallback msgId 1099
04-11 12:30:11.446  2727  3986 D QmiClient: onQmiServiceEventCallback - enter. msgId=1099
04-11 12:30:11.446  2727  3986 D QmiVsClientEvent: QosPeriodReportInd MSG IND data_len 2052
