--------- beginning of system
04-11 12:30:14.276  3590  7335 D ActivityManager: Freezer deadlock watchdog
--------- beginning of main
04-11 12:30:14.311 27696 27696 W dumpsys : Thread Pool max thread count is 0. Cannot cache binder as linkToDeath cannot be implemented. serviceName: gfxinfo
04-11 12:30:14.312  3590  8061 D ActivityManager: freezer override set to true
04-11 12:30:14.312  3590  8061 D ActivityManager: freezer override callers: 27696/2000 com.android.server.am.ActivityManagerService$GraphicsBinder.dump:2380 android.os.Binder.doDump:1085 android.os.Binder.dump:1075 android.os.Binder.onTransact:945 android.os.Binder.execTransactInternal:1444 
04-11 12:30:14.318  3590  8061 D ActivityManager: freezer override set to false
04-11 12:30:14.318  3590  8061 D ActivityManager: freezer override callers: 27696/2000 com.android.server.am.ActivityManagerService$GraphicsBinder.dump:2386 android.os.Binder.doDump:1085 android.os.Binder.dump:1075 android.os.Binder.onTransact:945 android.os.Binder.execTransactInternal:1444 
04-11 12:30:14.319  2181  2506 I SDM     : DisplayBuiltIn::IdlePowerCollapse: IPC received, disabling partial update for one frame
04-11 12:30:14.326  2181  2532 E CwbService: Panel not support apl read or getDisplayPanelAplValue timeout 10ms.
04-11 12:30:14.327  2258  2258 D SensorFeature: name=ssc_screenshot_info ,index = 22
04-11 12:30:14.327  2258  2258 D SensorFeature: write 39 bytes:929029676573261,929029730564667,29534,0
04-11 12:30:14.328  2113 20704 I sensors-hal: handle_oplus_wise_rgb_event:189, high_pwm_light:lux 134.8,cct 5906.9,brl/algo/ir 1310.0/2.0/57.8,pwm/dc 0.0/0.0,rgbc 6393.840820/4322.244629/2748.286133/12042.660156,ts 929029639867912,cnt 34360,flag 29534
04-11 12:30:14.328  2113 17862 I sensors-hal: handle_oplus_wise_rgb_event:161, wise_rgb: (34361)(cct, lux, ir)[5906.93, 134.76, 57.756874] (r, g, b, c)[6363.94, 4309.05, 2735.04, 12035.67]                 (pwm, hbm, brl, algo)[0.0 0.0 1310.0 2.0], flag 29534
04-11 12:30:14.391  2399  3162 D VRR [OTI]: handleIdle from 1 to 0
04-11 12:30:14.391  2399  3162 D VRR [OTI-HW]: isStateReady 0
04-11 12:30:14.391  2399  3162 D VRR [OTI-HW]: keep rate.
04-11 12:30:14.391  3590  8031 D GestureLog_OplusMultiPointerDetector: onTouchEvent------>start, mCurNumPointers=1, mCurrStatus=0 mIsDownIntervalTimeout=true, action=0 downTime=881173764 deviceId=-1
04-11 12:30:14.391  3590  3863 D PowerManagerService: userActivityNoUpdateLocked: groupId=0, eventTime=881173764, event=touch, flags=0x0, uid=1000
04-11 12:30:14.391  3590  8291 I [UAH_CLIENT]: UahEventAcquire, cmdid:37, pkg:none, identity:OplusUAwareInputHelper
04-11 12:30:14.391  3590  3863 D PowerManagerService: userActivityNoUpdateLocked: groupId=0, eventTime=881173764, event=touch, flags=0x0, uid=1000
04-11 12:30:14.391 32357 32357 E IJankManager: slideSceneEnd unknown scene 1000 mScene:-1
04-11 12:30:14.391  3590  8291 D UAH-UahAdaptHelper: adaptSetNotification identity = OplusUAwareInputHelpersrc = 1000 , type 0 ,p1 = -1 ,p2 = -1 ,p3 = -1 ,p4 =
04-11 12:30:14.391  3590  8291 I [UAH_CLIENT]: uahRuleCtl, ruleId:1000, status:0
04-11 12:30:14.392  3590  8291 D UAH-UahAdaptHelper: adaptSetNotification identity = OplusUAwareInputHelpersrc = 1000 , type 1 ,p1 = -1 ,p2 = -1 ,p3 = -1 ,p4 =
04-11 12:30:14.392  3590  8291 I [UAH_CLIENT]: uahRuleCtl, ruleId:1000, status:1
04-11 12:30:14.392 32357 32357 D OplusViewDragTouchViewHelper: dispatchTouchView action = 1
04-11 12:30:14.392  3590  3863 D PowerManagerService: userActivityNoUpdateLocked: groupId=0, eventTime=881173764, event=touch, flags=0x0, uid=1000
04-11 12:30:14.392  3590  3863 D PowerManagerService: userActivityNoUpdateLocked: groupId=0, eventTime=881173764, event=touch, flags=0x0, uid=1000
04-11 12:30:14.392 32357 32357 D ViewRootImplExtImpl: the up motion event handled by client, just return
04-11 12:30:14.394  3590  7998 I [UAH_CLIENT]: UahEventAcquire, cmdid:2, pkg:none, identity:com.android.server.wm
04-11 12:30:14.395  3590  3646 D WindowManager: NFW_setClientVisible:ActivityRecord{51477392 u0 com.binance.monitor/.ui.settings.SettingsActivity clientVisible:true
04-11 12:30:14.395  3590  3646 V GrammaticalInflectionUtils: AttributionSource: android.content.AttributionSource@1020978a does not have READ_SYSTEM_GRAMMATICAL_GENDER permission.
04-11 12:30:14.395  3590  3646 D OplusCompatModeManagerService: getRequestedConfigurationOrientation  res:1,req:1,config.old:0,config.new:0,ActivityRecord{51477392 u0 com.binance.monitor/.ui.settings.SettingsActivity t-1}
04-11 12:30:14.395  3590  3646 D OplusCompatModeManagerService:  onPreActivityRecordConfigurationChanged {0.0 ?mcc??mnc ?localeList ?layoutDir ?swdp ?wdp ?hdp ?density ?lsize ?long ?ldr ?wideColorGamut ?orien ?uimode ?night ?touch ?keyb/?/? ?nav/? winConfig={ mBounds=Rect(0, 0 - 0, 0) mAppBounds=null mMaxBounds=Rect(0, 0 - 0, 0) mDisplayRotation=undefined mWindowingMode=undefined mActivityType=undefined mAlwaysOnTop=undefined mRotation=undefined} ?fontWeightAdjustmentmThemeChanged= 0, mThemeChangedFlags= 0, mFlipFont= 0, mScenario= -1, mAccessibleChanged= 0, mUxIconConfig= 0, mMaterialColor= ffffffffffffffff, mUserId= -1, mFontUserId= -1, mFontVariationSettings= ffffffff, mFoldingAngle = -1.0, mIconPackName= , mDarkModeBackgroundMaxL= -1.0, mDarkModeDialogBgMaxL= -1.0, mDarkModeForegroundMinL= -1.0, mOplusConfigType= 0, mOplusChangedConfigs= 0, OpSans= -1, mBurmeseFontFlag= -1, mFlag= 0, mExtraFlag= 0, mFlexibleActivitySuitable= -1, mPuttDisplayFlag= -1}
04-11 12:30:14.395  3590  3646 D OplusCompatModeManagerService:  disable:true,valid:false,computeReq:1,isGameRatio:false
04-11 12:30:14.395  3590  3646 D OplusCompatModeManagerService:  getOverrideMinAspectRatioForCompatMode: 0.0 getRawOverrideMinAspectRatioForCompatMode: 0.0
04-11 12:30:14.395  3590  3646 D OplusCompatModeManagerService:  ar : ActivityRecord{51477392 u0 com.binance.monitor/.ui.settings.SettingsActivity t-1} displayId:-1 inCompatMode: false
04-11 12:30:14.395  3590  3646 D OplusCompatModeManagerService: isDefaultDisplay true oldRect: Rect(0, 0 - 0, 0) newRect Rect(0, 0 - 0, 0)
04-11 12:30:14.395  3590  3646 D OplusCompatModeManagerService: reloadCompactRatio mParWorldContainer.isEnabledParallelWindow(pkg):false,mParWorldContainer.isDisabledCompactWindow:false,isUIAutoLayout:false, isFullOrientation: false
04-11 12:30:14.395  3590  3646 D FlexibleTaskController: isSupportFlexibleWindow target = com.binance.monitor/.ui.settings.SettingsActivity callPkg = FlexibleTaskController support = true ,caller = 3590
04-11 12:30:14.396  3590  3646 D ActivityStarterExtImpl: checkOpMode: 3
04-11 12:30:14.396  3590  3830 W QosScheduler: executeSceneQosStrategy failed! qos feature no enable
04-11 12:30:14.396  3590  3646 D FlexibleWindowManagerService: isIgnoreAppearedAcrossTask:false
04-11 12:30:14.396  3590  3646 D ActivityStarterExtImpl: setForceUpdateWindow, targetTask = Task{a10d0a5 #13089 type=standard A=10512:com.binance.monitor} r = ActivityRecord{51477392 u0 com.binance.monitor/.ui.settings.SettingsActivity t-1} notFinish =false
04-11 12:30:14.396  3590  3646 D FlexibleWindowManagerService: isIgnoreAppearedAcrossTask:false
04-11 12:30:14.396  3590  3646 D FlexibleTaskController: adjustOptionsForFlexibleTask skip adjust options reason:4
04-11 12:30:14.396  3590  3646 I InsensibleTaskController: adjustOptionsForInsensibleTask targetTask is resuse so not pureInsensibleOptions
04-11 12:30:14.396  3590  3646 D FlexibleTaskController: isSupportFlexibleWindow target = com.binance.monitor/.ui.settings.SettingsActivity callPkg = FlexibleTaskController support = true ,caller = 3590
04-11 12:30:14.396  3590  3646 D FlexibleWindowManagerService: no reused task found for ActivityRecord{51477392 u0 com.binance.monitor/.ui.settings.SettingsActivity t-1}
04-11 12:30:14.396  3590  3646 D ActivityStarterExtImpl: isLaunchingRootActivity = false
04-11 12:30:14.396  3590  3646 D ActivityStarterExtImpl: resume targetTask isVisibleRequested is true or in SkipCheckedList, need resume:targetTask=Task{a10d0a5 #13089 type=standard A=10512:com.binance.monitor}
04-11 12:30:14.397  3590  8480 I OPM     : handleActivityStart : ActivityRecord{51477392 u0 com.binance.monitor/.ui.settings.SettingsActivity t-1}
04-11 12:30:14.397  3590  3646 D OplusCompatModeManagerService: getRequestedConfigurationOrientation  res:1,req:1,config.old:0,config.new:1,ActivityRecord{51477392 u0 com.binance.monitor/.ui.settings.SettingsActivity t13089}
04-11 12:30:14.397  3590  3646 D OplusCompatModeManagerService:  onPreActivityRecordConfigurationChanged {1.15 ??mcc??mnc [zh_CN,en_US] ldltr sw361dp w361dp h794dp 560dpi nrml long hdr widecg port night finger -keyb/v/h -nav/h winConfig={ mBounds=Rect(0, 0 - 1264, 2780) mAppBounds=Rect(0, 0 - 1264, 2780) mMaxBounds=Rect(0, 0 - 1264, 2780) mDisplayRotation=ROTATION_0 mWindowingMode=fullscreen mActivityType=standard mAlwaysOnTop=undefined mRotation=ROTATION_0} as.10 s.12661 fontWeightAdjustment=0mThemeChanged= 1, mThemeChangedFlags= 1, mFlipFont= 0, mScenario= 0, mAccessibleChanged= -1, mUxIconConfig= 1e177014640920, mMaterialColor= 100040017, mUserId= 0, mFontUserId= 0, mFontVariationSettings= 11d7, mFoldingAngle = -1.0, mIconPackName= , mDarkModeBackgroundMaxL= 8.0, mDarkModeDialogBgMaxL= 27.0, mDarkModeForegroundMinL= 100.0, mOplusConfigType= 1, mOplusChangedConfigs= 0, OpSans= -1, mBurmeseFontFlag= 2, mFlag= 0, mExtraFlag= 0, mFlexibleActivitySuitable= -1, mPuttDisplayFlag= -1}
04-11 12:30:14.397  3590  3646 D OplusCompatModeManagerService:  disable:true,valid:false,computeReq:1,isGameRatio:false
04-11 12:30:14.397  3590  3646 D OplusCompatModeManagerService:  getOverrideMinAspectRatioForCompatMode: 0.0 getRawOverrideMinAspectRatioForCompatMode: 0.0
04-11 12:30:14.397  3590  3646 D OplusCompatModeManagerService:  ar : ActivityRecord{51477392 u0 com.binance.monitor/.ui.settings.SettingsActivity t13089} displayId:0 inCompatMode: false
04-11 12:30:14.397  3590  3646 D OplusCompatModeManagerService: isDefaultDisplay true oldRect: Rect(0, 0 - 0, 0) newRect Rect(0, 0 - 1264, 2780)
04-11 12:30:14.397  3590  3646 D OplusCompatModeManagerService: reloadCompactRatio mParWorldContainer.isEnabledParallelWindow(pkg):false,mParWorldContainer.isDisabledCompactWindow:false,isUIAutoLayout:false, isFullOrientation: false
04-11 12:30:14.397  3590  3646 D SecondaryPageStartupPolicy: checkSecondaryPageStartupStatus not support sourcePackage=com.binance.monitor
04-11 12:30:14.398  3590  3646 D OplusStartingWindowManager: we don't revise window flags for third app
04-11 12:30:14.398  3590  3646 D ActivityTaskManager: validateStartingWindowTheme:  Pkg=com.binance.monitor, Translucent=false, Floating=false, ShowWallpaper=false, Disable=false, LaunchSource=4, Prev=null, LaunchedFromPackage=com.binance.monitor
04-11 12:30:14.398  3590  3646 D ActivityTaskManager: addStartingWindow for ActivityRecord{51477392 u0 com.binance.monitor/.ui.settings.SettingsActivity t13089}, mainWin=null, state=INITIALIZING, isKeyguardLocked=false, isKeyguardGoingAway=false
04-11 12:30:14.398  3590  3646 D ActivityTaskManager: getStartingWindowType: , newTask=false, taskSwitch=false, processRunning=true, allowTaskSnapshot=true, activityCreated=false, activityAllDrawn=false, snapshot exist: false
04-11 12:30:14.398  3590  3646 D ActivityRecordExtImpl: handleStartingWindowForCompactWindow origin type:0, adjustType : 0
04-11 12:30:14.398  3590  3646 D OplusWindowAnimationManager: applyNoAnimationForResumed resumed: ActivityRecord{2336319 u0 com.binance.monitor/.ui.chart.MarketChartActivity t13089}
04-11 12:30:14.398  3590  3646 D ActivityTrigger: ActivityTrigger activityPauseTrigger 
04-11 12:30:14.400  3590  3646 I ActivityTaskManager: START u0 {flg=0x24000000 xflg=0x4 cmp=com.binance.monitor/.ui.settings.SettingsActivity mCallingUid=10512} with LAUNCH_MULTIPLE from uid 10512 (sr=2336319) (BAL_ALLOW_VISIBLE_WINDOW (callingUid has visible window)) result code=0
04-11 12:30:14.400  8338  8381 V WindowManagerShell: Transition requested (#27131): android.os.BinderProxy@70b22ee TransitionRequestInfo { type = OPEN, triggerTask = TaskInfo{userId=0 taskId=13089 effectiveUid=10512 displayId=0 isRunning=true baseIntent=Intent { act=android.intent.action.MAIN cat=[android.intent.category.LAUNCHER] flg=0x10200000 cmp=com.binance.monitor/.launcher.IconFinancialAlias mCallingUid=10214 } baseActivity=ComponentInfo{com.binance.monitor/com.binance.monitor.ui.main.MainActivity} topActivity=ComponentInfo{com.binance.monitor/com.binance.monitor.ui.settings.SettingsActivity} origActivity=ComponentInfo{com.binance.monitor/com.binance.monitor.launcher.IconFinancialAlias} realActivity=ComponentInfo{com.binance.monitor/com.binance.monitor.ui.main.MainActivity}
04-11 12:30:14.400  8338  8381 V WindowManagerShell:  numActivities=4 lastActiveTime=929029812 supportsSplitScreenMultiWindow=true supportsMultiWindow=true supportsPocketStudioMultiWindow=true isInFlexibleEmbedded = false uid = 10512 pid = 0 resizeMode=1 isResizeable=true minWidth=-1 minHeight=-1 defaultMinSize=220 token=WCT{android.window.IWindowContainerToken$Stub$Proxy@676938f} topActivityType=1 pictureInPictureParams=null shouldDockBigOverlays=false launchIntoPipHostTaskId=-1 lastParentTaskIdBeforePip=-1 displayCutoutSafeInsets=Rect(0, 0 - 0, 0)
04-11 12:30:14.400  8338  8381 V WindowManagerShell:  topActivityInfo=ActivityInfo{10c961c com.binance.monitor.ui.settings.SettingsActivity} launchCookies=[] positionInParent=Point(0, 0) parentTaskId=-1 isFocused=true isVisible=true isVisibleRequested=true isTopActivityNoDisplay=false isSleeping=false locusId=null displayAreaFeatureId=1 isTopActivityTransparent=false isActivityStackTransparent=false lastNonFullscreenBounds=Rect(330, 828 - 935, 2092) capturedLink=null capturedLinkTimestamp=0 requestedVisibleTypes=-9 topActivityRequestOpenInBrowserEducationTimestamp=0
04-11 12:30:14.400  8338  8381 V WindowManagerShell:  appCompatTaskInfo=AppCompatTaskInfo { topActivityInSizeCompat=false topActivityInOplusCompatMode=false eligibleForLetterboxEducation= false isLetterboxEducationEnabled= false isLetterboxDoubleTapEnabled= false eligibleForUserAspectRatioButton= false topActivityBoundsLetterboxed= false isFromLetterboxDoubleTap= false topActivityLetterboxVerticalPosition= -1 topActivityLetterboxHorizontalPosition= -1 topActivityLetterboxWidth=-1 topActivityLetterboxHeight=-1 topActivityAppBounds=Rect(0, 140 - 1264, 2780) isUserFullscreenOverrideEnabled=false isSystemFullscreenOverrideEnabled=false hasMinAspectRatioOverride=false topActivityLetterboxBounds=null cameraCompatTaskInfo=CameraCompatTaskInfo { freeformCameraCompatMode=inactive}} topActivityMainWindowFrame=null topActivityLetterboxInsets=Rect(0, 0 - 0, 0)
04-11 12:30:14.400  8338  8381 V WindowManagerShell:  mOplusExtraBundle = Bundle[mParcelledData.dataSize=1540]}, pipChange = null, remoteTransition = null, displayChange = null, flags = 0, debugId = 27131 }
04-11 12:30:14.400  8338  8381 D ShellSplitScreen: logExit: no-op, mLoggerSessionId is null
04-11 12:30:14.400  3590  3796 I TaskOrganizerController: onTaskInfoChanged taskid 13089 config { mBounds=Rect(0, 0 - 1264, 2780) mAppBounds=Rect(0, 0 - 1264, 2780) mMaxBounds=Rect(0, 0 - 1264, 2780) mDisplayRotation=ROTATION_0 mWindowingMode=fullscreen mActivityType=standard mAlwaysOnTop=undefined mRotation=ROTATION_0}
04-11 12:30:14.401  3590  3796 D OplusFlexibleDragToSplitAnimController: visibleFlexibleTaskInfos delete:13089
04-11 12:30:14.401  3590  3796 E FlexibleWindowManagerService: notifyTaskObserverToAttachController not need to notify!
04-11 12:30:14.401  3590  3796 I FlexibleWindowManagerService: onFlexibleWindowTaskInfoChanged, return for cur task not embedded
04-11 12:30:14.401  8338  8381 D ShellTaskOrganizerExt: visibleFlexibleTaskInfos delete:13089
04-11 12:30:14.401  8338  8381 D ShellTaskOrganizerExt: isOnCanvas size:0
04-11 12:30:14.401  8338  8381 D ShellTaskOrganizerExt: isOnThreeFlexibleCanvas size:0
04-11 12:30:14.402  3590  3646 I OplusAccessController: enter isIgnoreAppSwitchActivity
04-11 12:30:14.402  3590  3646 I OplusAccessController: enter isIgnoreAppSwitchActivity and intent != null
04-11 12:30:14.402  3590  3646 I OplusAccessController: enter isIgnoreAppSwitchActivity and componentName != null
04-11 12:30:14.402  3590  3646 I OplusAccessController: enter isIgnoreAppSwitchActivity and packageName&activity is not Empty
04-11 12:30:14.402  3590  3646 D RefreshRate: boostRefreshId choose max:currentRefreshRate:90.0 targetRefreshRate:60.0 mCurrentPickRate:90.0
04-11 12:30:14.402  3590  3646 D RefreshRate: Trigger app switch boost, ar=ActivityRecord{51477392 u0 com.binance.monitor/.ui.settings.SettingsActivity t13089},currDisplayRate=90.0,boostId=1
04-11 12:30:14.402  3590  3646 D RefreshRate: setDisplayConfigSpecs complete: targetMode={id=3, width=1264, height=2780, fps=90.0, vsync=90.0, synthetic=false, alternativeRefreshRates=[60.000004, 120.00001, 120.00001], supportedHdrTypes=[1, 2, 3, 4]},srcMode={id=3, width=1264, height=2780, fps=90.0, vsync=90.0, synthetic=false, alternativeRefreshRates=[60.000004, 120.00001, 120.00001], supportedHdrTypes=[1, 2, 3, 4]},sfModId=2,rate=90.0
04-11 12:30:14.402  3590  3875 D RefreshRate: do setDisplayConfigSpecs  
04-11 12:30:14.402  3590  3646 D RefreshRate: startAppSwitchBoost targetMode={id=3, width=1264, height=2780, fps=90.0, vsync=90.0, synthetic=false, alternativeRefreshRates=[60.000004, 120.00001, 120.00001], supportedHdrTypes=[1, 2, 3, 4]} record=ActivityRecord{51477392 u0 com.binance.monitor/.ui.settings.SettingsActivity t13089}: votes=PRIORITY_START_ANIMATION_BOOST -> Vote{mRefreshRate=90.0, mMinRefreshRate=90.0, mRequestSource=null};PRIORITY_WINDOW_REQUEST -> Vote{mRefreshRate=90.0, mMinRefreshRate=90.0, mRequestSource=null};
04-11 12:30:14.402  3590  7959 D BackgroundInstallControlService: Package event received: 0
04-11 12:30:14.402  2399  8068 D SurfaceFlinger: VRR [SurfaceFlinger] setDesiredDisplayModeSpecs, from process 3590, 2, 0, primaryRanges = [ 90.000000, 90.000000, 90.000000, 90.000000 ], appRequestRanges = [ 90.000000, 90.000000, 90.000000 90.000000 ]
04-11 12:30:14.402  3590  3646 I ActivityTaskManager: The Process com.binance.monitor Already Exists in BG. So sending its PID: 32357
04-11 12:30:14.403  3590  3875 D DisplayModeDirector: setAppRequest displayId : 0  modeId: 3  requestedRefreshRate: 90.0  requestedMinRefreshRateRange: 90.0  requestedMaxRefreshRateRange: 90.0
04-11 12:30:14.403  3590  8061 W SurfaceFlingerPuller: Failed to pull atom 150134 from surfaceflinger. Success is 0, binder status is EX_NONE
04-11 12:30:14.403  2013  2036 E statsd  : Stats puller failed for tag: 150134 at 929029816562896
04-11 12:30:14.403  3590  3646 D ActivityTaskManager: setAppVisibility(Token{b7c648e ActivityRecord{51477392 u0 com.binance.monitor/.ui.settings.SettingsActivity t13089}}, visible=true):  visible=false mVisibleRequested=false
04-11 12:30:14.403  3590  3646 D ActivityTaskManager: setVisibility(Token{b7c648e ActivityRecord{51477392 u0 com.binance.monitor/.ui.settings.SettingsActivity t13089}}, visible=true) defer commitVisibility for transition collecting
04-11 12:30:14.403  3590  3646 D ActivityTaskManager: setAppVisibility(Token{65b2c55 ActivityRecord{2336319 u0 com.binance.monitor/.ui.chart.MarketChartActivity t13089}}, visible=false):  visible=true mVisibleRequested=true
04-11 12:30:14.403  3590  3646 D ActivityTaskManager: setVisibility(Token{65b2c55 ActivityRecord{2336319 u0 com.binance.monitor/.ui.chart.MarketChartActivity t13089}}, visible=false) defer commitVisibility for transition collecting
04-11 12:30:14.403  3590  3646 D FlexibleTaskController: isFullToFlexibleAnimating: false
04-11 12:30:14.403  3590  3646 D WindowManager: rotation(ROTATION_0) no changed  displayId = 0, lastOrientation = 1
04-11 12:30:14.403  3590  3646 I TaskOrganizerController: onTaskInfoChanged taskid 13089 config { mBounds=Rect(0, 0 - 1264, 2780) mAppBounds=Rect(0, 0 - 1264, 2780) mMaxBounds=Rect(0, 0 - 1264, 2780) mDisplayRotation=ROTATION_0 mWindowingMode=fullscreen mActivityType=standard mAlwaysOnTop=undefined mRotation=ROTATION_0}
04-11 12:30:14.403  3590  3646 D OplusVisibleTasks:  notifyTasksNumChange no need to notify.
04-11 12:30:14.403  3590  3646 D OplusFlexibleDragToSplitAnimController: visibleFlexibleTaskInfos delete:13089
04-11 12:30:14.403  3590  3646 E FlexibleWindowManagerService: notifyTaskObserverToAttachController not need to notify!
04-11 12:30:14.403  3590  3646 I FlexibleWindowManagerService: onFlexibleWindowTaskInfoChanged, return for cur task not embedded
04-11 12:30:14.403  3590  3646 D ActivityTaskManager: setAppVisibility(Token{b7c648e ActivityRecord{51477392 u0 com.binance.monitor/.ui.settings.SettingsActivity t13089}}, visible=true):  visible=false mVisibleRequested=true
04-11 12:30:14.403  3590  3646 D ActivityTaskManager: setVisibility(Token{b7c648e ActivityRecord{51477392 u0 com.binance.monitor/.ui.settings.SettingsActivity t13089}}, visible=true) defer commitVisibility for transition collecting
04-11 12:30:14.403  3590  3646 E OplusDexOptimizeManager: pkgSetting or primaryCpuAbi is null for package: com.binance.monitor
04-11 12:30:14.403  8338  8381 D ShellTaskOrganizerExt: visibleFlexibleTaskInfos delete:13089
04-11 12:30:14.403  8338  8381 D ShellTaskOrganizerExt: isOnCanvas size:0
04-11 12:30:14.403  8338  8381 D ShellTaskOrganizerExt: isOnThreeFlexibleCanvas size:0
04-11 12:30:14.403  3590  3646 D OplusFeatureColorMode: ColorMode getColorMode =0
04-11 12:30:14.403  3590  3646 D ColorDisplayServiceExtImpl: getWCGVersion1App, packageName=com.binance.monitor, sSupportWCG1 = true, sSupportWCG3 = false, nRet = 0
04-11 12:30:14.404  3590  8480 I OPM     : handlePackageLaunched pkg: com.binance.monitor, uid: 10512, pid: 32357
04-11 12:30:14.404  3590  3646 D ActivityTaskManager: NFW_setLastResumedActivityUncheckLocked:true r:ActivityRecord{51477392 u0 com.binance.monitor/.ui.settings.SettingsActivity t13089} currentFocus:Window{daac658 u0 com.binance.monitor/com.binance.monitor.ui.chart.MarketChartActivity}
04-11 12:30:14.404  3590  3646 D WindowManager: NFW_findFocusedWindowIfNeeded:null mCurrentFocus:Window{daac658 u0 com.binance.monitor/com.binance.monitor.ui.chart.MarketChartActivity}
04-11 12:30:14.404  3590  3646 D WindowManager: attachImeScreenshotOnTargetIfNeeded, mImeHiding = false, requestedVisibleTypes = -9
04-11 12:30:14.404 32357 26047 D ColorModeChangeItem: preExecute mColorMode=0
04-11 12:30:14.404  3590  3646 V WindowManager: Changing focus from Window{daac658 u0 com.binance.monitor/com.binance.monitor.ui.chart.MarketChartActivity} to null,diplayid=0
04-11 12:30:14.404  3590  8591 D OplusAppSwitchRuleInfo: generateActivityEnterInfo - launch_source_type =  , launch_source_traceid = 
04-11 12:30:14.405  3590  8591 D OplusAppSwitchRuleInfo: generateActivityEnterInfo - launch_source_type =  , launch_source_traceid = 
04-11 12:30:14.405  3590  3646 D InsetsSourceProvider: updateSourceFrameForServerVisibility mandatorySystemGestures EMPTY_RECT
04-11 12:30:14.405  3590  3646 D InsetsSourceProvider: updateSourceFrameForServerVisibility mandatorySystemGestures EMPTY_RECT
04-11 12:30:14.405  3590  3646 D DisplayModeDirector: setAppRequest displayId : 0  modeId: 3  requestedRefreshRate: 0.0  requestedMinRefreshRateRange: 0.0  requestedMaxRefreshRateRange: 90.0
04-11 12:30:14.405  3590  3875 D VRR [OPlusRefreshRateService]:  setDirectorStates [flag: 1, state: 1, directorStateOff: 1]
04-11 12:30:14.405  2399  8068 D VRR [RefreshRateDirector]: updateState mState = 0
04-11 12:30:14.405  3590  3796 D InsetsSourceProvider: updateSourceFrameForServerVisibility mandatorySystemGestures EMPTY_RECT
04-11 12:30:14.406  3590  3795 D FlexibleTaskController: not in list
04-11 12:30:14.406  2013  2036 E statsd  : Stats puller failed for tag: 150134 at 929029820205604
04-11 12:30:14.406  3590  7959 D BackgroundInstallControlService: Package event received: 0
04-11 12:30:14.406  2399  8068 I OplusPerfCollect: OplusPerfCollect onPullAtom
04-11 12:30:14.406  2399  8068 I OplusPerfCollect: OplusPerfCollect OplusVrrInfoRecord clear
04-11 12:30:14.406  2013  2036 I statsd  : An anomaly (104240000001) (42)0x10000->10512[I] (42)0x20000->com.binance.monitor[S] (42)0x30000->.ui.settings.SettingsActivity[S]  has occurred! Informing subscribers.
04-11 12:30:14.407 10250 16907 E midasd  : getTotalFlipsFromSf mCurFrameCount: 11743573
04-11 12:30:14.407  3590  3795 W ProcessStats: Tracking association SourceState{d07d094 system/1000 BFgs #1262102} whose proc state 4 is better than process ProcessState{703b9ec com.android.wallpaper.livepicker:wallpaperService/10256 pkg=com.android.wallpaper.livepicker} proc state 5 (7 skipped)
04-11 12:30:14.407 10250 16907 I midasd  : DisplayAgent updateDisplayDevInfo getRenderFps mFps:90 mRenderFps:5 mWidth:1264 mHeight:2780
04-11 12:30:14.407  3590  3646 I [UAH_CLIENT]: UahEventAcquire, cmdid:2, pkg:none, identity:OplusActivityManagerServiceEnhance
04-11 12:30:14.408  2187  2298 E PERFHAL-PERFCTRL: PERFHAL-PERFCTRL: chk_core_online_poll_loop() 748: poll() has timed out for /sys/kernel/msm_performance/events/cpu_hotplug
04-11 12:30:14.408  2187  2298 E PERFHAL-PERFCTRL: PERFHAL-PERFCTRL: chk_core_online_poll_loop() 743: Block on poll()
04-11 12:30:14.408 32357 32357 D ResourcesManagerExtImpl: applyConfigurationToAppResourcesLocked app.getDisplayId() return callback.displayId:0
04-11 12:30:14.409  3590  3796 D SurfaceComposerClient: Transaction::apply InputWindowCommands.focusRequests timestamp=881173779891928, windowName=<null>
04-11 12:30:14.409 32357 32357 I binance.monitor: AssetManager2(0xb4000070f8921528) locale list changing from [] to [zh-CN]
04-11 12:30:14.412 32357 32357 E OplusPredictiveBackController:  NoSuchMethodException 
04-11 12:30:14.412 32357 32357 E OplusPredictiveBackController:  NoSuchMethodException 
04-11 12:30:14.412 32357 32357 E OplusPredictiveBackController:  NoSuchMethodException 
04-11 12:30:14.412 32357 32357 D OplusPredictiveBackController: initPredictiveBackConfig for com.binance.monitor.ui.settings.SettingsActivity@74306da initPredictiveBackConfig mShouldInterceptKeyEvent false
04-11 12:30:14.412 32357 32357 D WindowOnBackDispatcher:  predictive settings is disabled for com.binance.monitor
04-11 12:30:14.420  2399  2399 I BpBinder: onLastStrongRef automatically unlinking death recipients: 
04-11 12:30:14.421  2399  3200 D SurfaceFlinger: updateWinowInfo=1, setFocusedWindow timestamp=881173779891928, windowName=<null>
04-11 12:30:14.421  3590  3646 I InputDispatcher: NFW_setFocusedWindow, <null> on display 0, same as the previous:0
04-11 12:30:14.421  3590  3646 I InputDispatcher: updateFocusedWindow,  on display 0, reason: Waiting for window because NO_WINDOW, result:   FocusedWindows: <none>
04-11 12:30:14.422 32357 32357 D ActivityThread: ComponentInfo{com.binance.monitor/com.binance.monitor.ui.settings.SettingsActivity} checkFinished=false 2
04-11 12:30:14.422 32357 32357 D ResourcesManagerExtImpl: applyConfigurationToAppResourcesLocked app.getDisplayId() return callback.displayId:0
04-11 12:30:14.424 32357 32357 D WindowManager: Add to mViews: com.android.internal.policy.DecorView{3caafa9 I.E...... R.....I. 0,0-0,0 alpha=1.0 viewInfo = }[SettingsActivity],pkg= com.binance.monitor
04-11 12:30:14.424 32357 32399 D skia    : setRusSupported enable 0
04-11 12:30:14.428  3590  8061 I WindowManager: addWindow: New client android.os.BinderProxy@85ba43 : window=Window{a82e8c0 u0 com.binance.monitor/com.binance.monitor.ui.settings.SettingsActivity}
04-11 12:30:14.428 32357 32357 D ViewRootImplExtImpl: onDisplayChanged -1 for VRI android.view.ViewRootImpl@3d7765c
04-11 12:30:14.429 32357 32357 D VRI[MarketChartActivity]: onFocusEvent false
04-11 12:30:14.429 32357 32357 D ResourcesManagerExtImpl: applyConfigurationToAppResourcesLocked app.getDisplayId() return callback.displayId:0
04-11 12:30:14.429 32357 32357 E OplusBracketLog: [OplusViewMirrorManager] updateHostViewRootIfNeeded, not support android.view.ViewRootImpl@3d7765c
04-11 12:30:14.430 32357 32357 D WindowOnBackDispatcher:  predictive settings is disabled for com.binance.monitor
04-11 12:30:14.430 32357 32357 D WindowOnBackDispatcher:  predictive settings is disabled for com.binance.monitor
04-11 12:30:14.430  3590  3646 D CoreBackPreview: Window{a82e8c0 u0 com.binance.monitor/com.binance.monitor.ui.settings.SettingsActivity}: Setting back callback OnBackInvokedCallbackInfo{mCallback=android.window.IOnBackInvokedCallback$Stub$Proxy@d110d3e, mPriority=0, mIsAnimationCallback=false, mOverrideBehavior=0}
04-11 12:30:14.430  3590  7167 I resRelease: policy type is 1
04-11 12:30:14.430 32357 32357 D ViewRootImplExtImpl: wrapConfigInfoIntoFlags rotation=0, smallestScreenWidthDp=0, residentWS=false, scenario=0, bounds=Rect(0, 0 - 1264, 2780), relayoutAsync=false, flags=0, newFlags=1457520640, title=com.binance.monitor/com.binance.monitor.ui.settings.SettingsActivity
04-11 12:30:14.431  3590  3646 V WindowManager: Relayout Window{a82e8c0 u0 com.binance.monitor/com.binance.monitor.ui.settings.SettingsActivity}: viewVisibility=0, oldvis=4, req=1264x2780 , apr = 0, vsysui=, x=0, y=0
04-11 12:30:14.431  3590  3646 I WindowManager: Window{a82e8c0 u0 com.binance.monitor/com.binance.monitor.ui.settings.SettingsActivity} state from NO_SURFACE to DRAW_PENDING; reason: resetDrawState
04-11 12:30:14.431  3590  3646 D InsetsSourceProvider: updateSourceFrameForServerVisibility mandatorySystemGestures EMPTY_RECT
04-11 12:30:14.431  3590  3646 D InsetsSourceProvider: updateSourceFrameForServerVisibility mandatorySystemGestures EMPTY_RECT
04-11 12:30:14.432  3590  3646 I TaskOrganizerController: onTaskInfoChanged taskid 13089 config { mBounds=Rect(0, 0 - 1264, 2780) mAppBounds=Rect(0, 0 - 1264, 2780) mMaxBounds=Rect(0, 0 - 1264, 2780) mDisplayRotation=ROTATION_0 mWindowingMode=fullscreen mActivityType=standard mAlwaysOnTop=undefined mRotation=ROTATION_0}
04-11 12:30:14.432  3590  3646 D OplusFlexibleDragToSplitAnimController: visibleFlexibleTaskInfos delete:13089
04-11 12:30:14.432  3590  3646 E FlexibleWindowManagerService: notifyTaskObserverToAttachController not need to notify!
04-11 12:30:14.432  3590  3646 I FlexibleWindowManagerService: onFlexibleWindowTaskInfoChanged, return for cur task not embedded
04-11 12:30:14.432  8338  8381 D ShellTaskOrganizerExt: visibleFlexibleTaskInfos delete:13089
04-11 12:30:14.432  8338  8381 D ShellTaskOrganizerExt: isOnCanvas size:0
04-11 12:30:14.432  8338  8381 D ShellTaskOrganizerExt: isOnThreeFlexibleCanvas size:0
04-11 12:30:14.432  3590  3646 D WindowManager: NFW_findFocusedWindowIfNeeded:Window{a82e8c0 u0 com.binance.monitor/com.binance.monitor.ui.settings.SettingsActivity} mCurrentFocus:null
04-11 12:30:14.432  3590  3646 D WindowManager: attachImeScreenshotOnTargetIfNeeded, mImeHiding = false, requestedVisibleTypes = -9
04-11 12:30:14.432  3590  3875 D VRR [OPlusSurfaceFlingerController]:  setComplexSceneEnable : false
04-11 12:30:14.433  3590  3646 V WindowManager: Changing focus from null to Window{a82e8c0 u0 com.binance.monitor/com.binance.monitor.ui.settings.SettingsActivity},diplayid=0
04-11 12:30:14.433  3590  7998 I [UAH_CLIENT]: uahRuleCtl, ruleId:206, status:3
04-11 12:30:14.434  3590  3646 D Theia.NoFocusWindow: FocusWindowErrorScene cancelCheckFreezeScreen
04-11 12:30:14.434  3590  3646 W TheiaWindowMonitor: [check] focusedWindow is null or enable is false
04-11 12:30:14.434 32357 32357 D VRI[SettingsActivity]: relayoutWindow result, sizeChanged:true, surfaceControlChanged:true, transformHintChanged:false, mSurfaceSize:Point(1264, 2780), mLastSurfaceSize:Point(0, 0), mWidth:-1, mHeight:-1, requestedWidth:1264, requestedHeight:2780, transformHint:0, installOrientation:0, displayRotation:0, isSurfaceValid:true, attr.flag:-2122252032, tmpFrames:ClientWindowFrames{frame=[0,0][1264,2780] display=[0,0][1264,2780] parentFrame=[0,0][0,0]}, relayoutAsync:false, mSyncSeqId:0
04-11 12:30:14.434 32357 32357 W VRI[SettingsActivity]: updateBlastSurfaceIfNeeded, surfaceSize:Point(1264, 2780), lastSurfaceSize:Point(0, 0), format:-3, blastBufferQueue:null
04-11 12:30:14.434 32357 32357 D BufferQueueConsumer: [](id:7e650000004d,api:0,p:-1,c:32357) connect: controlledByApp=false
04-11 12:30:14.434 32357 32357 D BufferQueueConsumer: [VRI[SettingsActivity]#77(BLAST Consumer)77](id:7e650000004d,api:0,p:-1,c:32357) setMaxAcquiredBufferCount: 2
04-11 12:30:14.435 32357 32399 D BufferQueueProducer: [VRI[SettingsActivity]#77(BLAST Consumer)77](id:7e650000004d,api:1,p:32357,c:32357) connect: api=1 producerControlledByApp=true
04-11 12:30:14.436 32357 32357 I SurfaceControl:  setExtendedRangeBrightness sc=Surface(name=com.binance.monitor/com.binance.monitor.ui.settings.SettingsActivity)/@0x527aae1,currentBufferRatio=1.0,desiredRatio=1.0
04-11 12:30:14.440 32357 32399 D BLASTBufferQueue: [VRI[SettingsActivity]#77](f:0,a:1) acquireNextBufferLocked size=1264x2780 mFrameNumber=1 applyTransaction=true mTimestamp=881173814399428(auto) mPendingTransactions.size=0 graphicBufferId=138972256797441 transform=0
04-11 12:30:14.440 32357 32399 D VRI[SettingsActivity]: Received frameCommittedCallback lastAttemptedDrawFrameNum=1 didProduceBuffer=true syncBuffer=false
04-11 12:30:14.440 32357 32357 D VRI[SettingsActivity]: draw finished. seqId=0
04-11 12:30:14.440  3590  8061 D WindowManager: onSyncFinishedDrawing: Window{a82e8c0 u0 com.binance.monitor/com.binance.monitor.ui.settings.SettingsActivity}
04-11 12:30:14.440  3590  8061 I WindowManager: finishDrawing skipLayout:false,syncSeqId=0,mPrepareSyncSeqId=0 Window{a82e8c0 u0 com.binance.monitor/com.binance.monitor.ui.settings.SettingsActivity} com.android.server.wm.WindowManagerService.finishDrawingWindow:3217 com.android.server.wm.Session.finishDrawing:399 android.view.IWindowSession$Stub.onTransact:793 
04-11 12:30:14.440  3590  8061 I WindowManager: Window{a82e8c0 u0 com.binance.monitor/com.binance.monitor.ui.settings.SettingsActivity} state from DRAW_PENDING to COMMIT_DRAW_PENDING; reason: finishDrawingLocked
04-11 12:30:14.441  3590  3796 D InsetsSourceProvider: updateSourceFrameForServerVisibility mandatorySystemGestures EMPTY_RECT
04-11 12:30:14.441 32357 32357 W VRI[SettingsActivity]: handleResized, msg:, frameChanged:false, configChanged:false, displayChanged:false, attachedFrameChanged:false, compatScaleChanged:false, pendingDragResizing=false
04-11 12:30:14.441  3590  3796 D InsetsSourceProvider: updateSourceFrameForServerVisibility mandatorySystemGestures EMPTY_RECT
04-11 12:30:14.441  3590  3796 I WindowManager: Window{a82e8c0 u0 com.binance.monitor/com.binance.monitor.ui.settings.SettingsActivity} state from COMMIT_DRAW_PENDING to READY_TO_SHOW; reason: commitFinishDrawingLocked
04-11 12:30:14.441  3590  3796 D CoreBackPreview:  return markWindowHasDrawn mComposed: false  mWaitTransition: false
04-11 12:30:14.441  3590  3796 D ActivityTaskManager: Clearing startingData for activity=ActivityRecord{51477392 u0 com.binance.monitor/.ui.settings.SettingsActivity t13089} mStartingData=null mStartingSurface=null
04-11 12:30:14.441  3590  8480 I OPM     : handleNotifyLaunchTime : com.binance.monitor, :38
04-11 12:30:14.441  3590  3796 D QuickBackInputPolicy: setAppLaunchEndTime update timePair=Pair{ActivityRecord{51477392 u0 com.binance.monitor/.ui.settings.SettingsActivity t13089} 881173815}
04-11 12:30:14.441  3590  3796 D ActivityTaskManager: commitVisibility: ActivityRecord{51477392 u0 com.binance.monitor/.ui.settings.SettingsActivity t13089}: visible=true visibleRequested=true, isInTransition=true 
04-11 12:30:14.441  3590  3796 D CoreBackPreview:  return markWindowHasDrawn mComposed: false  mWaitTransition: false
04-11 12:30:14.441  3590  3796 D ActivityTaskManager: Clearing startingData for activity=ActivityRecord{51477392 u0 com.binance.monitor/.ui.settings.SettingsActivity t13089} mStartingData=null mStartingSurface=null
04-11 12:30:14.442  3590  3796 I WindowManager: Window{a82e8c0 u0 com.binance.monitor/com.binance.monitor.ui.settings.SettingsActivity} state from READY_TO_SHOW to HAS_DRAWN; reason: performShowLocked
04-11 12:30:14.442  3590  3796 D CoreBackPreview:  return markWindowHasDrawn mComposed: false  mWaitTransition: false
04-11 12:30:14.442  3590  3796 E OplusAppQuickStart_AppQuickStartController: not start from launcher transition:27131
04-11 12:30:14.442  3590  3796 D Transition: collectOrderChanges onTopTasksEnd: [Task{a10d0a5 #13089 type=standard A=10512:com.binance.monitor}], reportedOnTop:null, mOnTopTasksStart: [Task{a10d0a5 #13089 type=standard A=10512:com.binance.monitor}], TDA child: [Task{2ae848 #3 type=undefined}, Task{59d6dd0 #13088 type=standard A=10306:com.binance.dev}, Task{100415c #13133 type=standard A=10397:com.v2ray.ang}, Task{1abb46b #12626 type=standard A=10345:com.tencent.mm}, Task{1b9ad4c #1 type=home}, Task{7fffd36 #13163 type=standard A=10515:com.mobilecodex.nativeapp}, Task{a10d0a5 #13089 type=standard A=10512:com.binance.monitor}]
04-11 12:30:14.442  3590  3796 D OplusFlexibleActivityTransitionManager: fixTransitType type result:1, targets: [ChangeInfo{f23bf31 container=ActivityRecord{51477392 u0 com.binance.monitor/.ui.settings.SettingsActivity t13089} flags=0x0}, ChangeInfo{75f8616 container=ActivityRecord{2336319 u0 com.binance.monitor/.ui.chart.MarketChartActivity t13089} flags=0x0}]
04-11 12:30:14.442  3590  3796 D OplusTransitionAnimationManager: activityRecordCount1fullScreenArBeHindStartingWindow null
04-11 12:30:14.442 32357 32399 D VRI[SettingsActivity]: Received frameCommittedCallback lastAttemptedDrawFrameNum=2 didProduceBuffer=true syncBuffer=false
04-11 12:30:14.442  3590  3796 D OplusTransitionAnimationManager: activityRecordCount1fullScreenArBeHindStartingWindow null
04-11 12:30:14.443 32357 32357 D VRI[SettingsActivity]: draw finished. seqId=0
04-11 12:30:14.443  3590  3796 D QuickBackInputPolicy: resetInputInterceptState for remoteTransition: false
04-11 12:30:14.443  3590  3796 D OplusTransitionController: onTransactionReady, transition: 27131, info: {id=27131 t=OPEN f=0x0 trk=0 r=[0@Point(0, 0)] c=[{m=OPEN f=FILLS_TASK leash=Surface(name=ActivityRecord{51477392 u0 com.binance.monitor/.ui.settings.SettingsActivity t13089})/@0x69f5184 sb=Rect(0, 0 - 0, 0) eb=Rect(0, 0 - 1264, 2780) epz=Point(1264, 2780) d=-1->0 r=-1->0:-1 bc=fffef7ff component=com.binance.monitor/.ui.settings.SettingsActivity opt={t=FROM_STYLE mUserId=0}},{m=TO_BACK f=FILLS_TASK leash=Surface(name=ActivityRecord{2336319 u0 com.binance.monitor/.ui.chart.MarketChartActivity t13089})/@0xc181b46 sb=Rect(0, 0 - 1264, 2780) eb=Rect(0, 0 - 1264, 2780) epz=Point(1264, 2780) d=0 bc=fffef7ff component=com.binance.monitor/.ui.chart.MarketChartActivity opt={t=FROM_STYLE mUserId=0}}] 
04-11 12:30:14.443  3590  3796 D OplusTransitionController: extendInfo=[
04-11 12:30:14.443  3590  3796 D OplusTransitionController:  OplusTransitionExtendedInfo{mTmpFinishT=null, mInOplusCompatMode=false, mIsProcessRunning=false, mHasMismatchBoundsTarget=false, mRecentsController=null, mRemoteTransition=null, mIsTranslucentActivityToHome=false, mAvoidInterceptKeyEventToHome=false, mIsFromHome=false, mParentLeash=null, mBackAnimClosingLeash=null, mIsOplusAnimRes=false, mKeepBgForContinuous=false, mIsBalAllow=false, mTaskNotInRecent=false, mIsPredictiveBackAnim=false, mIsMergedWithPredictive=false, mIsLaunchFromSpruce=false, mIsLaunchFromDrive=false, mGlobalSearchPageSwitch=false, mNeedNoAlphaGlobalSearchScene=false, mAssistScreenShowing=false, mSwipeUpBrowserScreenShowing=false, mUserIdTransition=-1
04-11 12:30:14.443  3590  3796 D OplusTransitionController: , mInRemoteScene=false, mInPreReady=false, mPreStart=false, mToken=null, mAbortByRemoteFromHome=false, mShellApplyToken=null, mRequestTransitionTaskId=13089, mAbortTransitionOnShell=0, mStartFromShortcut=false, mRemovedTaskId=-1, mTransitionInterruptType=0, mMergeSecondTaskId=-1, mTaskIdStartFromRecents=0, mTransitionId=27131, mCanUseSpringSlideAnim=false, mTransitionLaunchFrom=0, mFoldChangeType=-1, mAnimStartingPosition=[0, 0, 0, 0], mIsOpeningStkDialogActivity=false, mSecondaryHomeToFrontWhenUnFolding=false, mIsNeedApplyStartTForEmbedded=false
04-11 12:30:14.443  3590  3796 D OplusTransitionController: , mNeedCanvasExitAnim=false, mMergeSecondTaskAnimation=false, mIsLaunchUnityStart=false, mIsLaunchFromAssistantByDefault=false, mSkipRemoteTransitionfalse, mIsStartFromKeyguard=false flags=0x0, mWCT=null, mIsOpenMergeToInValidPredictive=false, mPromoteTaskWhenKeyguard-1, mRootLayerZOrderArray={}}]}, targets : [ChangeInfo{f23bf31 container=ActivityRecord{51477392 u0 com.binance.monitor/.ui.settings.SettingsActivity t13089} flags=0x0}, ChangeInfo{75f8616 container=ActivityRecord{2336319 u0 com.binance.monitor/.ui.chart.MarketChartActivity t13089} flags=0x0}], participants: {ActivityRecord{2336319 u0 com.binance.monitor/.ui.chart.MarketChartActivity t13089}, ActivityRecord{51477392 u0 com.binance.monitor/.ui.settings.SettingsActivity t13089}}
04-11 12:30:14.443 15031 15220 I Quality-ScreenOnOffLogProcessor: withInScreenOnOffRange mIsScreenOn:true refTime:1775881814400 mRecentScreenOnTime:1775878373956 mRecentScreenOffTime:1775878373425
04-11 12:30:14.443  3590  3796 I Quality : LaunchTime2.0: com.binance.monitor/.ui.settings.SettingsActivity 2 44 com.binance.monitor -1 -1
04-11 12:30:14.444  8338 12185 V WindowManagerShell: onTransitionReady(transaction=15418935202851)
04-11 12:30:14.444  3590  3792 I ActivityTaskManager: Displayed com.binance.monitor/.ui.settings.SettingsActivity for user 0: +47ms
04-11 12:30:14.444  3590  3796 D InsetsSourceProvider: updateSourceFrameForServerVisibility mandatorySystemGestures EMPTY_RECT
04-11 12:30:14.444  8338  8381 V WindowManagerShell: onTransitionReady (#27131) android.os.BinderProxy@70b22ee: {id=27131 t=OPEN f=0x0 trk=0 r=[0@Point(0, 0)] c=[
04-11 12:30:14.444  8338  8381 V WindowManagerShell:         {m=OPEN f=FILLS_TASK leash=Surface(name=ActivityRecord{51477392 u0 com.binance.monitor/.ui.settings.SettingsActivity t13089})/@0xdc0a225 sb=Rect(0, 0 - 0, 0) eb=Rect(0, 0 - 1264, 2780) epz=Point(1264, 2780) d=-1->0 r=-1->0:-1 component=com.binance.monitor/.ui.settings.SettingsActivity opt={t=CUSTOM enterResId=0 changeResId=0 exitResId=0 mUserId=0}},
04-11 12:30:14.444  8338  8381 V WindowManagerShell:         {m=TO_BACK f=FILLS_TASK leash=Surface(name=ActivityRecord{2336319 u0 com.binance.monitor/.ui.chart.MarketChartActivity t13089})/@0xa0a7ffa sb=Rect(0, 0 - 1264, 2780) eb=Rect(0, 0 - 1264, 2780) epz=Point(1264, 2780) d=0 component=com.binance.monitor/.ui.chart.MarketChartActivity opt={t=CUSTOM enterResId=0 changeResId=0 exitResId=0 mUserId=0}}
04-11 12:30:14.444  8338  8381 V WindowManagerShell:     ] 
04-11 12:30:14.444  8338  8381 V WindowManagerShell: extendInfo=[
04-11 12:30:14.444  8338  8381 V WindowManagerShell:  OplusTransitionExtendedInfo{mTmpFinishT=null, mInOplusCompatMode=false, mIsProcessRunning=false, mHasMismatchBoundsTarget=false, mRecentsController=null, mRemoteTransition=null, mIsTranslucentActivityToHome=false, mAvoidInterceptKeyEventToHome=false, mIsFromHome=false, mParentLeash=null, mBackAnimClosingLeash=null, mIsOplusAnimRes=false, mKeepBgForContinuous=false, mIsBalAllow=false, mTaskNotInRecent=false, mIsPredictiveBackAnim=false, mIsMergedWithPredictive=false, mIsLaunchFromSpruce=false, mIsLaunchFromDrive=false, mGlobalSearchPageSwitch=false, mNeedNoAlphaGlobalSearchScene=false, mAssistScreenShowing=false, mSwipeUpBrowserScreenShowing=false, mUserIdTransition=-1
04-11 12:30:14.444  8338  8381 V WindowManagerShell: , mInRemoteScene=false, mInPreReady=false, mPreStart=false, mToken=null, mAbortByRemoteFromHome=false, mShellApplyToken=null, mRequestTransitionTaskId=13089, mAbortTransitionOnShell=0, mStartFromShortcut=false, mRemovedTaskId=-1, mTransitionInterruptType=0, mMergeSecondTaskId=-1, mTaskIdStartFromRecents=0, mTransitionId=27131, mCanUseSpringSlideAnim=false, mTransitionLaunchFrom=0, mFoldChangeType=-1, mAnimStartingPosition=[0, 0, 0, 0], mIsOpeningStkDialogActivity=false, mSecondaryHomeToFrontWhenUnFolding=false, mIsNeedApplyStartTForEmbedded=false
04-11 12:30:14.444  8338  8381 V WindowManagerShell: , mNeedCanvasExitAnim=false, mMergeSecondTaskAnimation=false, mIsLaunchUnityStart=false, mIsLaunchFromAssistantByDefault=false, mSkipRemoteTransitionfalse, mIsStartFromKeyguard=false flags=0x0, mWCT=null, mIsOpenMergeToInValidPredictive=false, mPromoteTaskWhenKeyguard-1, mRootLayerZOrderArray={}}]}
04-11 12:30:14.444  8338  8381 D OplusShellTransition: dispatchReady, active:(#27131) android.os.BinderProxy@70b22ee@0, isSync=false, track:com.android.wm.shell.transition.Transitions$Track@f3fa59b
04-11 12:30:14.444  8338  8381 D OplusShellTransition: Abort transition (#27131) android.os.BinderProxy@70b22ee@0 WMCore requested. reason: 0; abortTransition: false
04-11 12:30:14.444  8338  8381 V WindowManagerShell: Playing animation for (#27131) android.os.BinderProxy@70b22ee@0
04-11 12:30:14.444  3590  3796 D InsetsSourceProvider: updateSourceFrameForServerVisibility mandatorySystemGestures EMPTY_RECT
04-11 12:30:14.444  8338  8381 V ShellRecents: RecentsTransitionHandler.startAnimation: no controller found
04-11 12:30:14.444  8338  8381 V WindowManagerShell: start OnePuttTransition animation, info = {id=27131 t=OPEN f=0x0 trk=0 r=[0@Point(0, 0)] c=[{m=OPEN f=FILLS_TASK leash=Surface(name=ActivityRecord{51477392 u0 com.binance.monitor/.ui.settings.SettingsActivity t13089})/@0xdc0a225 sb=Rect(0, 0 - 0, 0) eb=Rect(0, 0 - 1264, 2780) epz=Point(1264, 2780) d=-1->0 r=-1->0:-1 component=com.binance.monitor/.ui.settings.SettingsActivity opt={t=CUSTOM enterResId=0 changeResId=0 exitResId=0 mUserId=0}},{m=TO_BACK f=FILLS_TASK leash=Surface(name=ActivityRecord{2336319 u0 com.binance.monitor/.ui.chart.MarketChartActivity t13089})/@0xa0a7ffa sb=Rect(0, 0 - 1264, 2780) eb=Rect(0, 0 - 1264, 2780) epz=Point(1264, 2780) d=0 component=com.binance.monitor/.ui.chart.MarketChartActivity opt={t=CUSTOM enterResId=0 changeResId=0 exitResId=0 mUserId=0}}] 
04-11 12:30:14.444  8338  8381 V WindowManagerShell: extendInfo=[
04-11 12:30:14.444  8338  8381 V WindowManagerShell:  OplusTransitionExtendedInfo{mTmpFinishT=null, mInOplusCompatMode=false, mIsProcessRunning=false, mHasMismatchBoundsTarget=false, mRecentsController=null, mRemoteTransition=null, mIsTranslucentActivityToHome=false, mAvoidInterceptKeyEventToHome=false, mIsFromHome=false, mParentLeash=null, mBackAnimClosingLeash=null, mIsOplusAnimRes=false, mKeepBgForContinuous=false, mIsBalAllow=false, mTaskNotInRecent=false, mIsPredictiveBackAnim=false, mIsMergedWithPredictive=false, mIsLaunchFromSpruce=false, mIsLaunchFromDrive=false, mGlobalSearchPageSwitch=false, mNeedNoAlphaGlobalSearchScene=false, mAssistScreenShowing=false, mSwipeUpBrowserScreenShowing=false, mUserIdTransition=-1
04-11 12:30:14.444  8338  8381 V WindowManagerShell: , mInRemoteScene=false, mInPreReady=false, mPreStart=false, mToken=null, mAbortByRemoteFromHome=false, mShellApplyToken=null, mRequestTransitionTaskId=13089, mAbortTransitionOnShell=0, mStartFromShortcut=false, mRemovedTaskId=-1, mTransitionInterruptType=0, mMergeSecondTaskId=-1, mTaskIdStartFromRecents=0, mTransitionId=27131, mCanUseSpringSlideAnim=false, mTransitionLaunchFrom=0, mFoldChangeType=-1, mAnimStartingPosition=[0, 0, 0, 0], mIsOpeningStkDialogActivity=false, mSecondaryHomeToFrontWhenUnFolding=false, mIsNeedApplyStartTForEmbedded=false
04-11 12:30:14.444  8338  8381 V WindowManagerShell: , mNeedCanvasExitAnim=false, mMergeSecondTaskAnimation=false, mIsLaunchUnityStart=false, mIsLaunchFromAssistantByDefault=false, mSkipRemoteTransitionfalse, mIsStartFromKeyguard=false flags=0x0, mWCT=null, mIsOpenMergeToInValidPredictive=false, mPromoteTaskWhenKeyguard-1, mRootLayerZOrderArray={}}]}
04-11 12:30:14.444  8338  8381 D FlexibleTaskTransitionHandler:  performAnimation transition:android.os.BinderProxy@70b22ee ,info:{id=27131 t=OPEN f=0x0 trk=0 r=[0@Point(0, 0)] c=[{m=OPEN f=FILLS_TASK leash=Surface(name=ActivityRecord{51477392 u0 com.binance.monitor/.ui.settings.SettingsActivity t13089})/@0xdc0a225 sb=Rect(0, 0 - 0, 0) eb=Rect(0, 0 - 1264, 2780) epz=Point(1264, 2780) d=-1->0 r=-1->0:-1 component=com.binance.monitor/.ui.settings.SettingsActivity opt={t=CUSTOM enterResId=0 changeResId=0 exitResId=0 mUserId=0}},{m=TO_BACK f=FILLS_TASK leash=Surface(name=ActivityRecord{2336319 u0 com.binance.monitor/.ui.chart.MarketChartActivity t13089})/@0xa0a7ffa sb=Rect(0, 0 - 1264, 2780) eb=Rect(0, 0 - 1264, 2780) epz=Point(1264, 2780) d=0 component=com.binance.monitor/.ui.chart.MarketChartActivity opt={t=CUSTOM enterResId=0 changeResId=0 exitResId=0 mUserId=0}}] 
04-11 12:30:14.444  8338  8381 D FlexibleTaskTransitionHandler: extendInfo=[
04-11 12:30:14.444  8338  8381 D FlexibleTaskTransitionHandler:  OplusTransitionExtendedInfo{mTmpFinishT=null, mInOplusCompatMode=false, mIsProcessRunning=false, mHasMismatchBoundsTarget=false, mRecentsController=null, mRemoteTransition=null, mIsTranslucentActivityToHome=false, mAvoidInterceptKeyEventToHome=false, mIsFromHome=false, mParentLeash=null, mBackAnimClosingLeash=null, mIsOplusAnimRes=false, mKeepBgForContinuous=false, mIsBalAllow=false, mTaskNotInRecent=false, mIsPredictiveBackAnim=false, mIsMergedWithPredictive=false, mIsLaunchFromSpruce=false, mIsLaunchFromDrive=false, mGlobalSearchPageSwitch=false, mNeedNoAlphaGlobalSearchScene=false, mAssistScreenShowing=false, mSwipeUpBrowserScreenShowing=false, mUserIdTransition=-1
