04-11 12:30:14.985 32357 32357 I SurfaceControl:  setExtendedRangeBrightness sc=Surface(name=)/@0x6fc43b4,currentBufferRatio=1.0,desiredRatio=1.0
04-11 12:30:14.985  3590  8061 V WindowManager: Relayout Window{83978a2 u0 com.binance.monitor}: viewVisibility=0, oldvis=0, req=315x429 , apr = 0, vsysui=, x=-407, y=2142
04-11 12:30:14.985  3590  3875 D VRR [OPlusSurfaceFlingerController]:  setComplexSceneEnable : false
04-11 12:30:14.985  3590  7998 I [UAH_CLIENT]: uahRuleCtl, ruleId:206, status:3
04-11 12:30:14.985  3590  8061 D InsetsSourceProvider: updateSourceFrameForServerVisibility mandatorySystemGestures EMPTY_RECT
04-11 12:30:14.986  3590  8061 D InsetsSourceProvider: updateSourceFrameForServerVisibility mandatorySystemGestures EMPTY_RECT
04-11 12:30:14.999  2258  2258 D SensorFeature: name=ssc_screenshot_info ,index = 22
04-11 12:30:14.999  2258  2258 D SensorFeature: write 39 bytes:929030087404146,929030412992687,29536,0
04-11 12:30:15.009  3590  8061 D NotificationService--OplusNotificationFixHelper: fixAppIcon: pkg=com.v2ray.ang
04-11 12:30:15.010  3590  8061 D NotificationService--OplusNotificationFixHelper: fixAppIcon: appIcon = null, pkg = com.v2ray.ang
04-11 12:30:15.010  3590  8061 D NotificationService--NotificationRecord: isSupportRearLight , isRearLight = false mLedRM = false isMultilLed = false
04-11 12:30:15.010  3590  8061 I OplusStatusBarManagerServiceEnhance:  getTopIsFullscreen mTopIsFullscreen: false
04-11 12:30:15.011  3590  8061 W ActivityManager: Permission Denial: getTopApplicationInfo from pid=18198, uid=10397 requires oplus.permission.OPLUS_COMPONENT_SAFE
04-11 12:30:15.011  3590  8061 E OplusNotificationCenter: getForegroundApplication exception
04-11 12:30:15.011  3590  3590 D NotificationService--OplusNotificationManagerServiceExtImpl: isForwardToAssistants: true, case : Is local notification
04-11 12:30:15.011  3590  3590 D NotificationService: This application enqueue notifications is need postDelayed mcsAssistantDelayTime: 50
04-11 12:30:15.052  3438  4039 D QmiClient: qmiServiceEventCallback recv msg id 47
04-11 12:30:15.052  3438  4039 D QmiClient: enter -mServiceType 10 onQmiServiceEventCallback msgId 47
04-11 12:30:15.052  3438  4039 D QmiClient: onQmiServiceEventCallback - enter. msgId=47
04-11 12:30:15.053  3438  3488 D OttProxy: handleMessage msg is 3001
04-11 12:30:15.053 14034 14747 D SubsysRadioIndication[1]: radioLinkLatencyInfoInd
04-11 12:30:15.053 14034 14747 D SubsysRadioIndication[1]: notify enter
04-11 12:30:15.054 14034 14034 D NetworkService[1]: handleMessage what:1008
04-11 12:30:15.054 14034 14034 D NetworkService[1]: EVENT_REG_LINK_LATENCY_INFO_CHANGE ulLatency:5692
04-11 12:30:15.060  3590  7344 V AlarmManager: sending alarm Alarm{fe1177 type 1 origWhen 1775881815060 whenElapsed 929030474 android} uid 1000 whenElapsed 929030474 windowLength 0 maxWhenElapsed 929030474 repeatInterval 0 action null component null tag StorgaeBandInfoAlarmTag flags 0x9 procName system_server
04-11 12:30:15.061  3590 10338 E OplusStorageUFSBandwidth: storage_io_metrics_path is /proc/oplus_storage/io_metrics/forever/
04-11 12:30:15.063  3590 10338 E OplusStorageUFSBandwidth: Bandwidth - Read: 0.00 MB/s, Write: 1.00 MB/s
04-11 12:30:15.063  3590 10338 E OplusStorageUFSBandwidth: Task time: 2ms
04-11 12:30:15.065  3590 10338 E OplusStorageUFSBandwidth: Alarm set to trigger in 10 seconds
04-11 12:30:15.071  8338  8338 I SystemUi--Notification: OplusLiveAlertNotificationsRepository-->onRankingApplied
04-11 12:30:15.073  8338  8338 I PluginSeedling--Track: RequestHandler-->notificationUpdated 0|com.v2ray.ang|1|null|10397 postTime: 1775881815010
04-11 12:30:15.074  8338  8338 E LockScreenNotificationDispatcherImp: updateNotificationListOnKg size:0
04-11 12:30:15.081  8338  8338 W SystemUi--Notification: OplusNotificationGroupExtImpl-->setChildrenExpanded: groupHeader is null
04-11 12:30:15.082  8338  8338 I SystemUi--Notification: LockScreenNotificationDispatcherImp-->updateNotificationListOnKg resultCode: 0
04-11 12:30:15.085  2181  2506 I SDM     : DisplayBuiltIn::IdlePowerCollapse: IPC received, disabling partial update for one frame
04-11 12:30:15.090  2113 17862 I sensors-hal: handle_oplus_wise_rgb_event:161, wise_rgb: (34376)(cct, lux, ir)[5903.94, 135.32, 56.951431] (r, g, b, c)[6381.38, 4322.24, 2752.70, 12077.63]                 (pwm, hbm, brl, algo)[0.0 0.0 1310.0 2.0], flag 29536
04-11 12:30:15.102  8338  8706 D LocalImageResolver: Couldn't use ImageDecoder for drawable, falling back to non-resized load.
04-11 12:30:15.104  8338  8338 D OplusNotificationDateTimeView: setTime mSettingTimeMillis 1775881815008, mSettingLocalDateTime 2026-04-11T12:30:00.008
04-11 12:30:15.110  8338  8706 D LocalImageResolver: Couldn't use ImageDecoder for drawable, falling back to non-resized load.
04-11 12:30:15.112  8338  8338 D OplusNotificationDateTimeView: setTime mSettingTimeMillis 1775881815008, mSettingLocalDateTime 2026-04-11T12:30:00.008
04-11 12:30:15.115  8338  8706 D LocalImageResolver: Couldn't use ImageDecoder for drawable, falling back to non-resized load.
04-11 12:30:15.115  8338  8338 D OplusNotificationDateTimeView: setTime mSettingTimeMillis 1775881815008, mSettingLocalDateTime 2026-04-11T12:30:00.008
04-11 12:30:15.118 14034 15313 D CommonApp-264-10512: transport layer data is invalid
04-11 12:30:15.118 14034 15313 D CommonApp-255-10512: commonScoreStrategy scenarios low package
04-11 12:30:15.118 14034 15313 D ScorePolicy: handleScoreChanged: []
04-11 12:30:15.118 14034 15313 D ScorePolicy: handleScoreChanged: []
04-11 12:30:15.118 14034 15313 D ScorePolicy: handleScoreChanged: []
04-11 12:30:15.119  8338  8338 I SystemUi--Notification: OplusNotificationTempla-->resolveContentMargin: marginTop=112 isChildInGroup=false hasSubtitle=true params.topMargin=112
04-11 12:30:15.121  8338  8338 W SystemUi--Notification: OplusNotificationGroupExtImpl-->setChildrenExpanded: groupHeader is null
04-11 12:30:15.122  8338  8338 E LockScreenNotificationDispatcherImp: updateNotificationListOnKg size:0
04-11 12:30:15.127  8338  8338 W SystemUi--Notification: OplusNotificationGroupExtImpl-->setChildrenExpanded: groupHeader is null
04-11 12:30:15.127  8338  8338 I SystemUi--Notification: LockScreenNotificationDispatcherImp-->updateNotificationListOnKg resultCode: 0
04-11 12:30:15.192  2399  3162 D VRR [OTI]: handleIdle from 0 to 1
04-11 12:30:15.193  2399  3162 D VRR [OTI-HW]: isStateReady 0
04-11 12:30:15.193  2399  3162 D VRR [OTI-HW]: keep rate.
04-11 12:30:15.253 13839 14674 D UlPriorityPolicyForeground: match: config has not com.binance.monitor
04-11 12:30:15.327  3590  9788 I AICCTModule: SensorFilter: brightness threshold 1.2 screenNit is 88.015 ave enviroment lux is 86.07499 luxForNit 85.592964demarcationPoint200.0 result is false
04-11 12:30:15.328  3590  9788 I AICCTModule: SensorFilter: findSecondNearestValue, sensorValue: 6341.88 nearestMaxValue:6341.88 secondNearestValue: 6341.88
04-11 12:30:15.328  3590  9788 I AICCTModule: SensorFilter: findSecondNearestValue, sensorValue: 86.63883 nearestMaxValue:86.35824 secondNearestValue: 86.35824
04-11 12:30:15.345  2181  2506 I SDM     : DisplayBuiltIn::IdlePowerCollapse: IPC received, disabling partial update for one frame
04-11 12:30:15.350  2181  2532 E CwbService: Panel not support apl read or getDisplayPanelAplValue timeout 10ms.
04-11 12:30:15.350  2258  2258 D SensorFeature: name=ssc_screenshot_info ,index = 22
04-11 12:30:15.350  2258  2258 D SensorFeature: write 39 bytes:929030698397791,929030752660916,29537,0
04-11 12:30:15.354  2113 20704 I sensors-hal: handle_oplus_wise_rgb_event:189, high_pwm_light:lux 135.1,cct 5837.3,brl/algo/ir 1310.0/2.0/58.2,pwm/dc 0.0/0.0,rgbc 6391.349121/4311.246582/2748.286133/12065.971680,ts 929030706420724,cnt 34380,flag 29537
04-11 12:30:15.355  2113 17862 I sensors-hal: handle_oplus_wise_rgb_event:161, wise_rgb: (34381)(cct, lux, ir)[5837.28, 135.06, 58.192333] (r, g, b, c)[6358.96, 4309.05, 2728.42, 12014.69]                 (pwm, hbm, brl, algo)[0.0 0.0 1310.0 2.0], flag 29537
04-11 12:30:15.355  3590  7333 D FusionLightNextGen: process end reported = 1, mode: 0, cnt: 397500, lux 85.3, cct 6281.4, r/g/b/c: 6366.4/4295.8/2726.2/12014.7, R/G/B: 144.0/140.0/129.0, bri 1310.0, match 1.00, ir 0.074332, conf 5.0, ts 929030739633745
04-11 12:30:15.420 14034 14034 D NetworkService[1]: handleMessage what:1011
04-11 12:30:15.446 32357 32378 D OplusScrollToTopManager: com.binance.monitor/com.binance.monitor.ui.chart.MarketChartActivity,This com.android.internal.policy.DecorView{4e1f751 I.E...... R.....ID 0,0-1264,2780 aid=12 alpha=1.0 viewInfo = }[MarketChartActivity] change focus to false
04-11 12:30:15.458 32357 32378 D OplusScrollToTopManager: com.binance.monitor/com.binance.monitor.ui.settings.SettingsActivity,This com.android.internal.policy.DecorView{3caafa9 V.E...... R....... 0,0-1264,2780 aid=13 alpha=1.0 viewInfo = }[SettingsActivity] change focus to true
04-11 12:30:15.546 14034 14034 D SubsysEventListenerManager-SubsysTelephonyCallback[1]: onSignalStrengthsChanged
04-11 12:30:15.547  8338  8338 D Tile.OplusCellularTile: refreshState: tile not listening, ignore
04-11 12:30:15.547  8338  8520 I SystemUi--Statusbar: MobileConnectionRepositoryImpl-->subId:1 isSoftSimCard:false slotId:1
04-11 12:30:15.654  2258  2258 D SensorFeature: name=ssc_screenshot_info ,index = 22
04-11 12:30:15.655  2258  2258 D SensorFeature: write 39 bytes:929030698397791,929031066401593,29538,0
04-11 12:30:15.658  2113 17862 I sensors-hal: handle_oplus_wise_rgb_event:161, wise_rgb: (34386)(cct, lux, ir)[5859.56, 134.75, 58.025978] (r, g, b, c)[6339.02, 4304.65, 2735.04, 12031.00]                 (pwm, hbm, brl, algo)[0.0 0.0 1310.0 2.0], flag 29538
04-11 12:30:15.697  2727  3986 D QmiClient: qmiServiceEventCallback recv msg id 1099
04-11 12:30:15.697  2727  3986 D QmiClient: enter -mServiceType 4 onQmiServiceEventCallback msgId 1099
04-11 12:30:15.697  2727  3986 D QmiClient: onQmiServiceEventCallback - enter. msgId=1099
04-11 12:30:15.697  2727  3986 D QmiVsClientEvent: QosPeriodReportInd MSG IND data_len 2052
04-11 12:30:15.697  2727  3986 D QmiVsClientEvent: qmiVsClientNotifyQosPeriodReportIndEvent - RADIO_EVENT_QOS_PERIOD_REPORT_NOTIFY_IND
04-11 12:30:15.697  3438  3988 D QmiClient: qmiServiceEventCallback recv msg id 1099
04-11 12:30:15.697  2727  2826 D VsProxy : handleMessage msg is 2420
04-11 12:30:15.697  3438  3988 D QmiClient: enter -mServiceType 4 onQmiServiceEventCallback msgId 1099
04-11 12:30:15.697  2727  2826 D VsProxy : handleQosPeriodReportInd for instance 0 data_len 145
04-11 12:30:15.697  3438  3988 D QmiClient: onQmiServiceEventCallback - enter. msgId=1099
04-11 12:30:15.697  3438  3988 D QmiVsClientEvent: QosPeriodReportInd MSG IND data_len 2052
04-11 12:30:15.697  3438  3988 D QmiVsClientEvent: qmiVsClientNotifyQosPeriodReportIndEvent - RADIO_EVENT_QOS_PERIOD_REPORT_NOTIFY_IND
04-11 12:30:15.698  3438  3485 D VsProxy : handleMessage msg is 2420
04-11 12:30:15.698  3438  3485 D VsProxy : handleQosPeriodReportInd for instance 1 data_len 203
04-11 12:30:15.698 14034 14747 D SubsysRadioIndication[0]: radioQosPeriodReportInd result [8, -58, -121, -41, -50, 14, 34, 12, 8, -84, -69, -57, -50, 14, 16, 4, 24, 1, 32, 3, 58, 61, 8, -35, -127, -41, -50, 14, 16, 5, 24, -64, -92, 38, 32, -22, 6, 40, -94, -1, -1, -1, -1, -1, -1, -1, -1, 1, 48, -10, -1, -1, -1, -1, -1, -1, -1, -1, 1, 56, 9, 64, -95, -1, -1, -1, -1, -1, -1, -1, -1, 1, 72, -94, -1, -1, -1, -1, -1, -1, -1, -1, 1, 66, 29, 8, -57, -20, -92, -50, 14, 16, 5, 34, 19, 8, -64, -92, 38, 16, -22, 6, 24, 78, 32, 13, 40, -117, -32, -94, -93, 2, 48, 2, 90, 0, 98, 10, 8, -41, -26, -92, -50, 14, 16, 3, 24, 5, 122, 15, 8, -8, -24, -92, -50, 14, 16, -52, 2, 24, -21, 1, 32, -90, 9]
04-11 12:30:15.698 14034   947 D SubsysRadioIndication[1]: radioQosPeriodReportInd result [8, -58, -121, -41, -50, 14, 18, 14, 8, -114, -124, -41, -50, 14, 16, 1, 32, 53, 40, 1, 72, 1, 26, 13, 8, -109, -123, -41, -50, 14, 16, 1, 40, 1, 56, -69, 1, 34, 12, 8, -84, -69, -57, -50, 14, 16, 4, 24, 1, 32, 3, 58, 81, 8, -77, -122, -41, -50, 14, 16, 5, 24, -98, -23, 30, 32, -54, 1, 40, -96, -1, -1, -1, -1, -1, -1, -1, -1, 1, 48, -13, -1, -1, -1, -1, -1, -1, -1, -1, 1, 64, -96, -1, -1, -1, -1, -1, -1, -1, -1, 1, 72, -97, -1, -1, -1, -1, -1, -1, -1, -1, 1, 80, -101, -1, -1, -1, -1, -1, -1, -1, -1, 1, 88, -98, -1, -1, -1, -1, -1, -1, -1, -1, 1, 66, 31, 8, -114, -41, -49, -50, 14, 16, 5, 24, 2, 34, 19, 8, -98, -23, 30, 16, -54, 1, 24, 41, 32, 13, 40, -126, -128, -52, -67, 21, 48, 2, 90, 0, 98, 10, 8, -85, -54, -73, -50, 14, 16, 3, 24, 5, 122, 20, 8, -26, -125, -41, -50, 14, 16, -1, -1, 1, 24, -1, -1, 1, 32, -1, -1, -1, -1, 15]
04-11 12:30:15.698 14034 14034 D NetworkService[0]: handleMessage what:1005
04-11 12:30:15.699 14034 14034 D RadioAtomTracker: parseQosPeriodData ModemQos:CellularQosInfo2{5G, 627264/874, EndcState=0, Band=78, DLBW=13, Rsrp=-94, Rsrq=-10, Snr=9, SvcStatus=3, ULPDCPNumDataPdu=-1, ULPDCPNumDropPdu=-1, ULPDCPTput=-1, ULRLCNumDataPdu=-1, ULRLCNumRetxPdu=-1, ULGrant=-1, ULBSR=-1, ULBler=-1, DLPDCPNumDataPdu=-1, DLPDCPTput=-1, DLRLCNumDataPdu=-1, DLRLCNumRetxPdu=-1, DLRLCNumDropPdu=-1, DLMACPaddingBytes=-1, DLPdcpNumMissToUppPdu=-1, DLBler=-1, RlfCount=0, CellChangeCount=0, IsRedirectionOccur=0, IsDualSimConflict=0, Latency=0, Sub1RrcState=1, Sub2RrcState=3, RachCount=0, CalcPower=332, Mtpl=235, PathLoss=1190, CellLoad=0}
04-11 12:30:15.699 14034 14034 D NetworkService[0]: EVENT_REG_QOS_PERIOD_REPORT_IND_CHANGED ENTER
04-11 12:30:15.699 14034 14034 D NetworkService[1]: handleMessage what:1005
04-11 12:30:15.699 14034 14034 D RadioAtomTracker: parseQosPeriodData ModemQos:CellularQosInfo1{5G, 504990/202, EndcState=2, Band=41, DLBW=13, Rsrp=-96, Rsrq=-13, Snr=0, SvcStatus=3, ULPDCPNumDataPdu=1, ULPDCPNumDropPdu=0, ULPDCPTput=53, ULRLCNumDataPdu=1, ULRLCNumRetxPdu=0, ULGrant=0, ULBSR=0, ULBler=1, DLPDCPNumDataPdu=1, DLPDCPTput=187, DLRLCNumDataPdu=1, DLRLCNumRetxPdu=0, DLRLCNumDropPdu=0, DLMACPaddingBytes=0, DLPdcpNumMissToUppPdu=0, DLBler=0, RlfCount=0, CellChangeCount=0, IsRedirectionOccur=0, IsDualSimConflict=0, Latency=5, Sub1RrcState=1, Sub2RrcState=3, RachCount=0, CalcPower=32767, Mtpl=32767, PathLoss=-1, CellLoad=0}
04-11 12:30:15.699 14034 14034 D NetworkService[1]: EVENT_REG_QOS_PERIOD_REPORT_IND_CHANGED ENTER
04-11 12:30:15.699 14034 14034 D AtomModemKpiInfo: handleMessage what:1001
04-11 12:30:15.699 14034 14034 D AtomModemKpiInfo: analyseQosInfo success
04-11 12:30:15.719 32357 32357 I ChainTrace: stream type=heartbeat gapMs=965 refreshMarket=false
04-11 12:30:15.733  2280  2331 D BatteryChargeControl: bcc get no support from charging protocol
04-11 12:30:15.836  4482  4659 W ServiceManagerCppClient: Waited one second for SystemClearService (is service started? Number of threads started in the threadpool: 16. Are binder threads started and available?)
04-11 12:30:15.837  4482  4680 W ServiceManagerCppClient: Waited one second for SystemClearService (is service started? Number of threads started in the threadpool: 16. Are binder threads started and available?)
04-11 12:30:15.839  1254 27725 W libc    : Unable to set property "ctl.interface_start" to "aidl/SystemClearService": PROP_ERROR_HANDLE_CONTROL_MESSAGE (0x20)
04-11 12:30:15.839  1254 27726 W libc    : Unable to set property "ctl.interface_start" to "aidl/SystemClearService": PROP_ERROR_HANDLE_CONTROL_MESSAGE (0x20)
04-11 12:30:15.888  2113 20704 I sensors-hal: handle_oplus_wise_rgb_event:189, high_pwm_light:lux 134.4,cct 5937.3,brl/algo/ir 1310.0/2.0/58.0,pwm/dc 0.0/0.0,rgbc 6331.547363/4289.250977/2724.004150/12021.680664,ts 929031050809683,cnt 34390,flag 29538
04-11 12:30:15.889  2113 17862 I sensors-hal: handle_oplus_wise_rgb_event:161, wise_rgb: (34391)(cct, lux, ir)[5937.32, 134.38, 58.026142] (r, g, b, c)[6316.60, 4291.45, 2743.87, 12005.36]                 (pwm, hbm, brl, algo)[0.0 0.0 1310.0 2.0], flag 29538
04-11 12:30:15.926  2113 17888 I sensors-hal: handle_sns_std_sensor_event:114, oplus rgb_rear sample: (cct, lux, ir, x, y)[10065, 22, 287, 259, 324]
04-11 12:30:15.926  2113 17888 I sensors-hal: handle_sns_std_sensor_event:116, oplus rgb_rear sample: (r, g, b, c w)[869, 1773, 398, 510, 0]
04-11 12:30:15.937  2181  2506 I SDM     : DisplayBuiltIn::IdlePowerCollapse: IPC received, disabling partial update for one frame
04-11 12:30:15.958  2258  2258 D SensorFeature: name=ssc_screenshot_info ,index = 22
04-11 12:30:15.958  2258  2258 D SensorFeature: write 39 bytes:929030698397791,929031370894614,29539,0
04-11 12:30:16.022  3438  4039 D QmiClient: qmiServiceEventCallback recv msg id 47
04-11 12:30:16.022  3438  4039 D QmiClient: enter -mServiceType 10 onQmiServiceEventCallback msgId 47
04-11 12:30:16.022  3438  4039 D QmiClient: onQmiServiceEventCallback - enter. msgId=47
04-11 12:30:16.022  3438  3488 D OttProxy: handleMessage msg is 3001
04-11 12:30:16.023 14034   947 D SubsysRadioIndication[1]: radioLinkLatencyInfoInd
04-11 12:30:16.023 14034   947 D SubsysRadioIndication[1]: notify enter
04-11 12:30:16.024 14034 14034 D NetworkService[1]: handleMessage what:1008
04-11 12:30:16.024 14034 14034 D NetworkService[1]: EVENT_REG_LINK_LATENCY_INFO_CHANGE ulLatency:7370
04-11 12:30:16.142 14034 15313 D CommonApp-264-10512: transport layer data is invalid
04-11 12:30:16.143 14034 15313 D CommonApp-255-10512: commonScoreStrategy scenarios low package
04-11 12:30:16.144 14034 15313 D ScorePolicy: handleScoreChanged: []
04-11 12:30:16.144 14034 15313 D ScorePolicy: handleScoreChanged: []
04-11 12:30:16.144 14034 15313 D ScorePolicy: handleScoreChanged: []
04-11 12:30:16.155  2113 17862 I sensors-hal: handle_oplus_wise_rgb_event:161, wise_rgb: (34396)(cct, lux, ir)[5891.66, 132.20, 57.917255] (r, g, b, c)[6196.99, 4214.46, 2677.65, 11793.23]                 (pwm, hbm, brl, algo)[0.0 0.0 1310.0 2.0], flag 29539
04-11 12:30:16.259 13839 14712 I SmartDataSwitchStateManager: handle message:7
04-11 12:30:16.260 13839 14712 I SmartDataSwitchSM: [DisableState]Handle msg: 2
04-11 12:30:16.260 13839 14712 I SmartDataSwitchSM: [DisableState]handle state change, reason:DataScoreLow
04-11 12:30:16.261  2258  2258 D SensorFeature: name=ssc_screenshot_info ,index = 22
04-11 12:30:16.261  2258  2258 D SensorFeature: write 39 bytes:929030698397791,929031673817583,29540,0
04-11 12:30:16.399  3590  3830 W QosScheduler: executeSceneQosStrategy failed! qos feature no enable
04-11 12:30:16.424  2113 20704 I sensors-hal: handle_oplus_wise_rgb_event:189, high_pwm_light:lux 132.0,cct 5859.2,brl/algo/ir 1310.0/2.0/58.1,pwm/dc 0.0/0.0,rgbc 6261.777832/4232.060547/2682.062500/11821.203125,ts 929031628648589,cnt 34400,flag 29540
04-11 12:30:16.425  2113 17862 I sensors-hal: handle_oplus_wise_rgb_event:161, wise_rgb: (34401)(cct, lux, ir)[5859.18, 131.95, 58.052040] (r, g, b, c)[6269.25, 4251.86, 2706.34, 11872.49]                 (pwm, hbm, brl, algo)[0.0 0.0 1310.0 2.0], flag 29540
04-11 12:30:16.426  3590  9788 I AICCTModule: SensorFilter: brightness threshold 1.2 screenNit is 88.015 ave enviroment lux is 84.63066 luxForNit 85.55591demarcationPoint200.0 result is false
04-11 12:30:16.427  3590  9788 I AICCTModule: SensorFilter: findSecondNearestValue, sensorValue: 6341.88 nearestMaxValue:6367.614 secondNearestValue: 6367.614
04-11 12:30:16.427  3590  9788 I AICCTModule: SensorFilter: findSecondNearestValue, sensorValue: 86.35824 nearestMaxValue:85.67774 secondNearestValue: 85.67774
04-11 12:30:16.565  2258  2258 D SensorFeature: name=ssc_screenshot_info ,index = 22
04-11 12:30:16.565  2258  2258 D SensorFeature: write 39 bytes:929030698397791,929031977175239,29541,0
04-11 12:30:16.679 32357 32357 I ChainTrace: stream type=syncEvent gapMs=959 refreshMarket=true
04-11 12:30:16.689  2113 17862 I sensors-hal: handle_oplus_wise_rgb_event:161, wise_rgb: (34406)(cct, lux, ir)[5895.53, 134.21, 57.124710] (r, g, b, c)[6358.96, 4291.45, 2730.63, 12040.33]                 (pwm, hbm, brl, algo)[0.0 0.0 1310.0 2.0], flag 29541
04-11 12:30:16.689  3590  7333 D FusionLightNextGen: process end reported = 1, mode: 0, cnt: 397505, lux 85.7, cct 6226.1, r/g/b/c: 6371.4/4311.2/2724.0/12028.7, R/G/B: 144.0/140.0/129.0, bri 1310.0, match 1.00, ir 0.074456, conf 5.0, ts 929031961159578
04-11 12:30:16.698  2727  3986 D QmiClient: qmiServiceEventCallback recv msg id 1099
04-11 12:30:16.698  2727  3986 D QmiClient: enter -mServiceType 4 onQmiServiceEventCallback msgId 1099
04-11 12:30:16.698  2727  3986 D QmiClient: onQmiServiceEventCallback - enter. msgId=1099
04-11 12:30:16.698  2727  3986 D QmiVsClientEvent: QosPeriodReportInd MSG IND data_len 2052
04-11 12:30:16.698  2727  3986 D QmiVsClientEvent: qmiVsClientNotifyQosPeriodReportIndEvent - RADIO_EVENT_QOS_PERIOD_REPORT_NOTIFY_IND
04-11 12:30:16.698  2727  2826 D VsProxy : handleMessage msg is 2420
04-11 12:30:16.698  2727  2826 D VsProxy : handleQosPeriodReportInd for instance 0 data_len 145
04-11 12:30:16.698  3438  3988 D QmiClient: qmiServiceEventCallback recv msg id 1099
04-11 12:30:16.698  3438  3988 D QmiClient: enter -mServiceType 4 onQmiServiceEventCallback msgId 1099
04-11 12:30:16.698  3438  3988 D QmiClient: onQmiServiceEventCallback - enter. msgId=1099
04-11 12:30:16.698  3438  3988 D QmiVsClientEvent: QosPeriodReportInd MSG IND data_len 2052
04-11 12:30:16.698  3438  3988 D QmiVsClientEvent: qmiVsClientNotifyQosPeriodReportIndEvent - RADIO_EVENT_QOS_PERIOD_REPORT_NOTIFY_IND
04-11 12:30:16.699 14034   947 D SubsysRadioIndication[0]: radioQosPeriodReportInd result [8, -81, -113, -41, -50, 14, 34, 12, 8, -84, -69, -57, -50, 14, 16, 4, 24, 1, 32, 3, 58, 61, 8, -35, -127, -41, -50, 14, 16, 5, 24, -64, -92, 38, 32, -22, 6, 40, -94, -1, -1, -1, -1, -1, -1, -1, -1, 1, 48, -10, -1, -1, -1, -1, -1, -1, -1, -1, 1, 56, 9, 64, -95, -1, -1, -1, -1, -1, -1, -1, -1, 1, 72, -94, -1, -1, -1, -1, -1, -1, -1, -1, 1, 66, 29, 8, -57, -20, -92, -50, 14, 16, 5, 34, 19, 8, -64, -92, 38, 16, -22, 6, 24, 78, 32, 13, 40, -117, -32, -94, -93, 2, 48, 2, 90, 0, 98, 10, 8, -41, -26, -92, -50, 14, 16, 3, 24, 5, 122, 15, 8, -8, -24, -92, -50, 14, 16, -52, 2, 24, -21, 1, 32, -90, 9]
04-11 12:30:16.699 14034 14034 D NetworkService[0]: handleMessage what:1005
04-11 12:30:16.699 14034 14034 D RadioAtomTracker: parseQosPeriodData ModemQos:CellularQosInfo2{5G, 627264/874, EndcState=0, Band=78, DLBW=13, Rsrp=-94, Rsrq=-10, Snr=9, SvcStatus=3, ULPDCPNumDataPdu=-1, ULPDCPNumDropPdu=-1, ULPDCPTput=-1, ULRLCNumDataPdu=-1, ULRLCNumRetxPdu=-1, ULGrant=-1, ULBSR=-1, ULBler=-1, DLPDCPNumDataPdu=-1, DLPDCPTput=-1, DLRLCNumDataPdu=-1, DLRLCNumRetxPdu=-1, DLRLCNumDropPdu=-1, DLMACPaddingBytes=-1, DLPdcpNumMissToUppPdu=-1, DLBler=-1, RlfCount=0, CellChangeCount=0, IsRedirectionOccur=0, IsDualSimConflict=0, Latency=0, Sub1RrcState=1, Sub2RrcState=3, RachCount=0, CalcPower=332, Mtpl=235, PathLoss=1190, CellLoad=0}
04-11 12:30:16.699 14034 14034 D NetworkService[0]: EVENT_REG_QOS_PERIOD_REPORT_IND_CHANGED ENTER
04-11 12:30:16.700 14034 14034 D AtomModemKpiInfo: handleMessage what:1001
04-11 12:30:16.700 14034 14034 D AtomModemKpiInfo: analyseQosInfo success
04-11 12:30:16.700  3438  3485 D VsProxy : handleMessage msg is 2420
04-11 12:30:16.700  3438  3485 D VsProxy : handleQosPeriodReportInd for instance 1 data_len 202
04-11 12:30:16.700 14034   947 D SubsysRadioIndication[1]: radioQosPeriodReportInd result [8, -81, -113, -41, -50, 14, 18, 14, 8, -26, -115, -41, -50, 14, 16, 1, 32, 53, 40, 1, 72, 1, 26, 12, 8, -48, -117, -41, -50, 14, 16, 1, 40, 1, 56, 93, 34, 12, 8, -84, -69, -57, -50, 14, 16, 4, 24, 1, 32, 3, 58, 81, 8, -122, -113, -41, -50, 14, 16, 5, 24, -98, -23, 30, 32, -54, 1, 40, -96, -1, -1, -1, -1, -1, -1, -1, -1, 1, 48, -14, -1, -1, -1, -1, -1, -1, -1, -1, 1, 64, -96, -1, -1, -1, -1, -1, -1, -1, -1, 1, 72, -96, -1, -1, -1, -1, -1, -1, -1, -1, 1, 80, -98, -1, -1, -1, -1, -1, -1, -1, -1, 1, 88, -97, -1, -1, -1, -1, -1, -1, -1, -1, 1, 66, 31, 8, -114, -41, -49, -50, 14, 16, 5, 24, 2, 34, 19, 8, -98, -23, 30, 16, -54, 1, 24, 41, 32, 13, 40, -126, -128, -52, -67, 21, 48, 2, 90, 0, 98, 10, 8, -85, -54, -73, -50, 14, 16, 3, 24, 5, 122, 20, 8, -90, -117, -41, -50, 14, 16, -1, -1, 1, 24, -1, -1, 1, 32, -1, -1, -1, -1, 15]
04-11 12:30:16.700 14034 14034 D NetworkService[1]: handleMessage what:1005
04-11 12:30:16.701 14034 14034 D RadioAtomTracker: parseQosPeriodData ModemQos:CellularQosInfo1{5G, 504990/202, EndcState=2, Band=41, DLBW=13, Rsrp=-96, Rsrq=-14, Snr=0, SvcStatus=3, ULPDCPNumDataPdu=1, ULPDCPNumDropPdu=0, ULPDCPTput=53, ULRLCNumDataPdu=1, ULRLCNumRetxPdu=0, ULGrant=0, ULBSR=0, ULBler=1, DLPDCPNumDataPdu=1, DLPDCPTput=93, DLRLCNumDataPdu=1, DLRLCNumRetxPdu=0, DLRLCNumDropPdu=0, DLMACPaddingBytes=0, DLPdcpNumMissToUppPdu=0, DLBler=0, RlfCount=0, CellChangeCount=0, IsRedirectionOccur=0, IsDualSimConflict=0, Latency=7, Sub1RrcState=1, Sub2RrcState=3, RachCount=0, CalcPower=32767, Mtpl=32767, PathLoss=-1, CellLoad=0}
04-11 12:30:16.701 14034 14034 D NetworkService[1]: EVENT_REG_QOS_PERIOD_REPORT_IND_CHANGED ENTER
04-11 12:30:16.701 14034 14034 D AtomModemKpiInfo: handleMessage what:1001
04-11 12:30:16.701 14034 14034 D AtomModemKpiInfo: analyseQosInfo success
04-11 12:30:16.733  2280  2331 D BatteryChargeControl: bcc get no support from charging protocol
04-11 12:30:16.838  4482  4659 W ServiceManagerCppClient: Waited one second for SystemClearService (is service started? Number of threads started in the threadpool: 16. Are binder threads started and available?)
04-11 12:30:16.839  4482  4680 W ServiceManagerCppClient: Waited one second for SystemClearService (is service started? Number of threads started in the threadpool: 16. Are binder threads started and available?)
04-11 12:30:16.841  1254 27727 W libc    : Unable to set property "ctl.interface_start" to "aidl/SystemClearService": PROP_ERROR_HANDLE_CONTROL_MESSAGE (0x20)
04-11 12:30:16.841  1254 27728 W libc    : Unable to set property "ctl.interface_start" to "aidl/SystemClearService": PROP_ERROR_HANDLE_CONTROL_MESSAGE (0x20)
04-11 12:30:16.868  2258  2258 D SensorFeature: name=ssc_screenshot_info ,index = 22
04-11 12:30:16.868  2258  2258 D SensorFeature: write 39 bytes:929030698397791,929032281214510,29542,0
04-11 12:30:16.954  2113 20704 I sensors-hal: handle_oplus_wise_rgb_event:189, high_pwm_light:lux 136.0,cct 5874.4,brl/algo/ir 1310.0/2.0/56.7,pwm/dc 0.0/0.0,rgbc 6361.448242/4315.645996/2737.248779/12061.310547,ts 929032228150412,cnt 34410,flag 29542
04-11 12:30:16.955  2113 17862 I sensors-hal: handle_oplus_wise_rgb_event:161, wise_rgb: (34411)(cct, lux, ir)[5874.43, 136.01, 56.691719] (r, g, b, c)[6378.89, 4333.24, 2759.32, 12103.27]                 (pwm, hbm, brl, algo)[0.0 0.0 1310.0 2.0], flag 29542
04-11 12:30:16.984  3590  3836 D ActivityManager: Async freezing 32603 com.oplus.securitypermission
04-11 12:30:17.000  2181  2506 I SDM     : DisplayBuiltIn::IdlePowerCollapse: IPC received, disabling partial update for one frame
04-11 12:30:17.011  2181  2506 I SDM     : DisplayBuiltIn::IdlePowerCollapse: IPC received, disabling partial update for one frame
04-11 12:30:17.022  3438  4039 D QmiClient: qmiServiceEventCallback recv msg id 47
04-11 12:30:17.022  3438  4039 D QmiClient: enter -mServiceType 10 onQmiServiceEventCallback msgId 47
04-11 12:30:17.022  3438  4039 D QmiClient: onQmiServiceEventCallback - enter. msgId=47
04-11 12:30:17.022  3438  3488 D OttProxy: handleMessage msg is 3001
04-11 12:30:17.022  2181  2506 I SDM     : DisplayBuiltIn::IdlePowerCollapse: IPC received, disabling partial update for one frame
04-11 12:30:17.023 14034   947 D SubsysRadioIndication[1]: radioLinkLatencyInfoInd
04-11 12:30:17.023 14034   947 D SubsysRadioIndication[1]: notify enter
04-11 12:30:17.023 14034 14034 D NetworkService[1]: handleMessage what:1008
04-11 12:30:17.023 14034 14034 D NetworkService[1]: EVENT_REG_LINK_LATENCY_INFO_CHANGE ulLatency:13139
04-11 12:30:17.033  2181  2506 I SDM     : DisplayBuiltIn::IdlePowerCollapse: IPC received, disabling partial update for one frame
04-11 12:30:17.045  2181  2506 I SDM     : DisplayBuiltIn::IdlePowerCollapse: IPC received, disabling partial update for one frame
04-11 12:30:17.056  2181  2506 I SDM     : DisplayBuiltIn::IdlePowerCollapse: IPC received, disabling partial update for one frame
04-11 12:30:17.063  3590  7344 W OPLUS_LOG_LOAD: ==LOGS PROG INFO, prog(system_server) ==
04-11 12:30:17.063  3590  7344 V AlarmManager: sending alarm Alarm{cb84e13 type 1 origWhen 1775881817063 whenElapsed 929032477 android} uid 1000 whenElapsed 929032477 windowLength 0 maxWhenElapsed 929032477 repeatInterval 0 action null component null tag StorgaeBandInfoAlarmTag flags 0x9 procName system_server
04-11 12:30:17.064  3590 10338 E OplusStorageUFSBandwidth: storage_io_metrics_path is /proc/oplus_storage/io_metrics/forever/
04-11 12:30:17.065  3590 10338 E OplusStorageUFSBandwidth: Bandwidth - Read: 0.00 MB/s, Write: 0.00 MB/s
04-11 12:30:17.065  3590 10338 E OplusStorageUFSBandwidth: Task time: 1ms
04-11 12:30:17.067  2181  2506 I SDM     : DisplayBuiltIn::IdlePowerCollapse: IPC received, disabling partial update for one frame
04-11 12:30:17.069  3590 10338 E OplusStorageUFSBandwidth: Alarm set to trigger in 10 seconds
04-11 12:30:17.167 14034 15313 D CommonApp-264-10512: transport layer data is invalid
04-11 12:30:17.168 14034 15313 D CommonApp-255-10512: commonScoreStrategy scenarios low package
04-11 12:30:17.168 14034 15313 D ScorePolicy: handleScoreChanged: []
04-11 12:30:17.168 14034 15313 D ScorePolicy: handleScoreChanged: []
04-11 12:30:17.168 14034 15313 D ScorePolicy: handleScoreChanged: []
04-11 12:30:17.171  2258  2258 D SensorFeature: name=ssc_screenshot_info ,index = 22
04-11 12:30:17.171  2258  2258 D SensorFeature: write 39 bytes:929030698397791,929032583957843,29543,0
04-11 12:30:17.222  2113 17862 I sensors-hal: handle_oplus_wise_rgb_event:161, wise_rgb: (34416)(cct, lux, ir)[5958.02, 134.93, 56.788513] (r, g, b, c)[6316.60, 4271.65, 2710.76, 11916.78]                 (pwm, hbm, brl, algo)[0.0 0.0 1310.0 2.0], flag 29543
04-11 12:30:17.411  2187  2298 E PERFHAL-PERFCTRL: PERFHAL-PERFCTRL: chk_core_online_poll_loop() 748: poll() has timed out for /sys/kernel/msm_performance/events/cpu_hotplug
04-11 12:30:17.411  2187  2298 E PERFHAL-PERFCTRL: PERFHAL-PERFCTRL: chk_core_online_poll_loop() 743: Block on poll()
04-11 12:30:17.474  2258  2258 D SensorFeature: name=ssc_screenshot_info ,index = 22
04-11 12:30:17.474  2258  2258 D SensorFeature: write 39 bytes:929030698397791,929032886586541,29544,0
04-11 12:30:17.489  2113 20704 I sensors-hal: handle_oplus_wise_rgb_event:189, high_pwm_light:lux 133.3,cct 5841.8,brl/algo/ir 1310.0/2.0/58.5,pwm/dc 0.0/0.0,rgbc 6304.138184/4276.053223/2724.004150/11905.123047,ts 929032838342495,cnt 34420,flag 29544
04-11 12:30:17.490  2113 17862 I sensors-hal: handle_oplus_wise_rgb_event:161, wise_rgb: (34421)(cct, lux, ir)[5841.77, 133.29, 58.451145] (r, g, b, c)[6281.71, 4262.85, 2697.51, 11926.10]                 (pwm, hbm, brl, algo)[0.0 0.0 1310.0 2.0], flag 29544
04-11 12:30:17.527  3590  9788 I AICCTModule: SensorFilter: brightness threshold 1.2 screenNit is 88.015 ave enviroment lux is 85.285446 luxForNit 85.571976demarcationPoint200.0 result is false
04-11 12:30:17.527  3590  9788 I AICCTModule: SensorFilter: findSecondNearestValue, sensorValue: 6367.614 nearestMaxValue:6384.68 secondNearestValue: 6324.855
04-11 12:30:17.527  3590  9788 I AICCTModule: SensorFilter: findSecondNearestValue, sensorValue: 85.67774 nearestMaxValue:85.742775 secondNearestValue: 85.742775
04-11 12:30:17.637 32357 32357 I ChainTrace: stream type=syncEvent gapMs=959 refreshMarket=true
04-11 12:30:17.637  2181  2506 I SDM     : DisplayBuiltIn::IdlePowerCollapse: IPC received, disabling partial update for one frame
04-11 12:30:17.698  2727  3986 D QmiClient: qmiServiceEventCallback recv msg id 1099
04-11 12:30:17.698  2727  3986 D QmiClient: enter -mServiceType 4 onQmiServiceEventCallback msgId 1099
04-11 12:30:17.698  2727  3986 D QmiClient: onQmiServiceEventCallback - enter. msgId=1099
04-11 12:30:17.698  2727  3986 D QmiVsClientEvent: QosPeriodReportInd MSG IND data_len 2052
04-11 12:30:17.698  2727  3986 D QmiVsClientEvent: qmiVsClientNotifyQosPeriodReportIndEvent - RADIO_EVENT_QOS_PERIOD_REPORT_NOTIFY_IND
04-11 12:30:17.698  2727  2826 D VsProxy : handleMessage msg is 2420
04-11 12:30:17.698  2727  2826 D VsProxy : handleQosPeriodReportInd for instance 0 data_len 145
04-11 12:30:17.698  3438  3988 D QmiClient: qmiServiceEventCallback recv msg id 1099
04-11 12:30:17.698  3438  3988 D QmiClient: enter -mServiceType 4 onQmiServiceEventCallback msgId 1099
04-11 12:30:17.699  3438  3988 D QmiClient: onQmiServiceEventCallback - enter. msgId=1099
04-11 12:30:17.699  3438  3988 D QmiVsClientEvent: QosPeriodReportInd MSG IND data_len 2052
04-11 12:30:17.699  3438  3988 D QmiVsClientEvent: qmiVsClientNotifyQosPeriodReportIndEvent - RADIO_EVENT_QOS_PERIOD_REPORT_NOTIFY_IND
04-11 12:30:17.699  3438  3485 D VsProxy : handleMessage msg is 2420
04-11 12:30:17.699  3438  3485 D VsProxy : handleQosPeriodReportInd for instance 1 data_len 207
04-11 12:30:17.699 14034   947 D SubsysRadioIndication[0]: radioQosPeriodReportInd result [8, -105, -105, -41, -50, 14, 34, 12, 8, -84, -69, -57, -50, 14, 16, 4, 24, 1, 32, 3, 58, 61, 8, -59, -106, -41, -50, 14, 16, 5, 24, -64, -92, 38, 32, -22, 6, 40, -95, -1, -1, -1, -1, -1, -1, -1, -1, 1, 48, -10, -1, -1, -1, -1, -1, -1, -1, -1, 1, 56, 9, 64, -95, -1, -1, -1, -1, -1, -1, -1, -1, 1, 72, -96, -1, -1, -1, -1, -1, -1, -1, -1, 1, 66, 29, 8, -57, -20, -92, -50, 14, 16, 5, 34, 19, 8, -64, -92, 38, 16, -22, 6, 24, 78, 32, 13, 40, -117, -32, -94, -93, 2, 48, 2, 90, 0, 98, 10, 8, -41, -26, -92, -50, 14, 16, 3, 24, 5, 122, 15, 8, -8, -24, -92, -50, 14, 16, -52, 2, 24, -21, 1, 32, -90, 9]
04-11 12:30:17.700 14034 14034 D NetworkService[0]: handleMessage what:1005
04-11 12:30:17.700 14034 14747 D SubsysRadioIndication[1]: radioQosPeriodReportInd result [8, -105, -105, -41, -50, 14, 18, 18, 8, -59, -106, -41, -50, 14, 16, 5, 32, -15, 1, 40, 5, 56, -89, 1, 72, 1, 26, 13, 8, -104, -108, -41, -50, 14, 16, 7, 40, 7, 56, -34, 3, 34, 12, 8, -84, -69, -57, -50, 14, 16, 4, 24, 1, 32, 3, 58, 81, 8, -3, -106, -41, -50, 14, 16, 5, 24, -98, -23, 30, 32, -54, 1, 40, -95, -1, -1, -1, -1, -1, -1, -1, -1, 1, 48, -13, -1, -1, -1, -1, -1, -1, -1, -1, 1, 64, -95, -1, -1, -1, -1, -1, -1, -1, -1, 1, 72, -95, -1, -1, -1, -1, -1, -1, -1, -1, 1, 80, -99, -1, -1, -1, -1, -1, -1, -1, -1, 1, 88, -99, -1, -1, -1, -1, -1, -1, -1, -1, 1, 66, 31, 8, -114, -41, -49, -50, 14, 16, 5, 24, 2, 34, 19, 8, -98, -23, 30, 16, -54, 1, 24, 41, 32, 13, 40, -126, -128, -52, -67, 21, 48, 2, 90, 0, 98, 10, 8, -85, -54, -73, -50, 14, 16, 3, 24, 5, 122, 20, 8, -66, -110, -41, -50, 14, 16, -1, -1, 1, 24, -1, -1, 1, 32, -1, -1, -1, -1, 15]
04-11 12:30:17.700 14034 14034 D RadioAtomTracker: parseQosPeriodData ModemQos:CellularQosInfo2{5G, 627264/874, EndcState=0, Band=78, DLBW=13, Rsrp=-95, Rsrq=-10, Snr=9, SvcStatus=3, ULPDCPNumDataPdu=-1, ULPDCPNumDropPdu=-1, ULPDCPTput=-1, ULRLCNumDataPdu=-1, ULRLCNumRetxPdu=-1, ULGrant=-1, ULBSR=-1, ULBler=-1, DLPDCPNumDataPdu=-1, DLPDCPTput=-1, DLRLCNumDataPdu=-1, DLRLCNumRetxPdu=-1, DLRLCNumDropPdu=-1, DLMACPaddingBytes=-1, DLPdcpNumMissToUppPdu=-1, DLBler=-1, RlfCount=0, CellChangeCount=0, IsRedirectionOccur=0, IsDualSimConflict=0, Latency=0, Sub1RrcState=1, Sub2RrcState=3, RachCount=0, CalcPower=332, Mtpl=235, PathLoss=1190, CellLoad=0}
04-11 12:30:17.700 14034 14034 D NetworkService[0]: EVENT_REG_QOS_PERIOD_REPORT_IND_CHANGED ENTER
04-11 12:30:17.700 14034 14034 D NetworkService[1]: handleMessage what:1005
04-11 12:30:17.700 14034 14034 D RadioAtomTracker: parseQosPeriodData ModemQos:CellularQosInfo1{5G, 504990/202, EndcState=2, Band=41, DLBW=13, Rsrp=-95, Rsrq=-13, Snr=0, SvcStatus=3, ULPDCPNumDataPdu=5, ULPDCPNumDropPdu=0, ULPDCPTput=241, ULRLCNumDataPdu=5, ULRLCNumRetxPdu=0, ULGrant=167, ULBSR=0, ULBler=1, DLPDCPNumDataPdu=7, DLPDCPTput=478, DLRLCNumDataPdu=7, DLRLCNumRetxPdu=0, DLRLCNumDropPdu=0, DLMACPaddingBytes=0, DLPdcpNumMissToUppPdu=0, DLBler=0, RlfCount=0, CellChangeCount=0, IsRedirectionOccur=0, IsDualSimConflict=0, Latency=13, Sub1RrcState=1, Sub2RrcState=3, RachCount=0, CalcPower=32767, Mtpl=32767, PathLoss=-1, CellLoad=0}
04-11 12:30:17.700 14034 14034 D NetworkService[1]: tryReportModemUlTPutGuarantee: clear calculator
04-11 12:30:17.700 14034 14034 D NetworkService[1]: EVENT_REG_QOS_PERIOD_REPORT_IND_CHANGED ENTER
04-11 12:30:17.700 14034 14034 D AtomModemKpiInfo: handleMessage what:1001
04-11 12:30:17.700 14034 14034 D AtomModemKpiInfo: analyseQosInfo success
04-11 12:30:17.735  2280  2331 D BatteryChargeControl: bcc get no support from charging protocol
04-11 12:30:17.767  2181  2506 I SDM     : DisplayBuiltIn::IdlePowerCollapse: IPC received, disabling partial update for one frame
04-11 12:30:17.775  2258  2258 D SensorFeature: name=ssc_screenshot_info ,index = 22
04-11 12:30:17.775  2258  2258 D SensorFeature: write 39 bytes:929030698397791,929033188912165,29545,0
04-11 12:30:17.776  3590  8061 V WindowManager: Relayout Window{83978a2 u0 com.binance.monitor}: viewVisibility=0, oldvis=0, req=315x429 , apr = 0, vsysui=, x=-407, y=2142
04-11 12:30:17.777  3590  8061 D InsetsSourceProvider: updateSourceFrameForServerVisibility mandatorySystemGestures EMPTY_RECT
04-11 12:30:17.777 32357 32357 I SurfaceControl:  setExtendedRangeBrightness sc=Surface(name=)/@0x6fc43b4,currentBufferRatio=1.0,desiredRatio=1.0
04-11 12:30:17.778  3590  8061 D InsetsSourceProvider: updateSourceFrameForServerVisibility mandatorySystemGestures EMPTY_RECT
04-11 12:30:17.778  2181  2506 I SDM     : DisplayBuiltIn::IdlePowerCollapse: IPC received, disabling partial update for one frame
04-11 12:30:17.780  2113 17862 I sensors-hal: handle_oplus_wise_rgb_event:161, wise_rgb: (34426)(cct, lux, ir)[5879.43, 133.43, 58.046352] (r, g, b, c)[6316.60, 4287.05, 2717.38, 11972.73]                 (pwm, hbm, brl, algo)[0.0 0.0 1310.0 2.0], flag 29545
04-11 12:30:17.840  4482  4659 W ServiceManagerCppClient: Waited one second for SystemClearService (is service started? Number of threads started in the threadpool: 16. Are binder threads started and available?)
04-11 12:30:17.840  4482  4680 W ServiceManagerCppClient: Waited one second for SystemClearService (is service started? Number of threads started in the threadpool: 16. Are binder threads started and available?)
04-11 12:30:17.843  1254 27731 W libc    : Unable to set property "ctl.interface_start" to "aidl/SystemClearService": PROP_ERROR_HANDLE_CONTROL_MESSAGE (0x20)
04-11 12:30:17.843  1254 27732 W libc    : Unable to set property "ctl.interface_start" to "aidl/SystemClearService": PROP_ERROR_HANDLE_CONTROL_MESSAGE (0x20)
04-11 12:30:17.874  2181  2506 I SDM     : DisplayBuiltIn::IdlePowerCollapse: IPC received, disabling partial update for one frame
04-11 12:30:17.926  2113 17888 I sensors-hal: handle_sns_std_sensor_event:114, oplus rgb_rear sample: (cct, lux, ir, x, y)[10022, 21, 300, 260, 325]
04-11 12:30:17.926  2113 17888 I sensors-hal: handle_sns_std_sensor_event:116, oplus rgb_rear sample: (r, g, b, c w)[849, 1728, 385, 519, 0]
04-11 12:30:18.001 17904 17935 W OPLUS_LOG_LOAD: ==LOGS PROG INFO, prog(com.oplus.camera) ==
04-11 12:30:18.001 17904 17935 I APS_ALOG: flushRoutine g_immediateFlush=0 g_pendingCount=0 g_oobCount=0
04-11 12:30:18.017  3590  8790 D NotificationService--OplusNotificationFixHelper: fixAppIcon: pkg=com.v2ray.ang
04-11 12:30:18.017  3590  8790 D NotificationService--OplusNotificationFixHelper: fixAppIcon: appIcon = null, pkg = com.v2ray.ang
04-11 12:30:18.018  3590  8790 D NotificationService--NotificationRecord: isSupportRearLight , isRearLight = false mLedRM = false isMultilLed = false
04-11 12:30:18.019  3590  8790 I OplusStatusBarManagerServiceEnhance:  getTopIsFullscreen mTopIsFullscreen: false
04-11 12:30:18.019  3590  8790 W ActivityManager: Permission Denial: getTopApplicationInfo from pid=18198, uid=10397 requires oplus.permission.OPLUS_COMPONENT_SAFE
04-11 12:30:18.019  3590  8790 E OplusNotificationCenter: getForegroundApplication exception
04-11 12:30:18.019  3590  3590 D NotificationService--OplusNotificationManagerServiceExtImpl: isForwardToAssistants: true, case : Is local notification
04-11 12:30:18.019  3590  3590 D NotificationService: This application enqueue notifications is need postDelayed mcsAssistantDelayTime: 50
04-11 12:30:18.020  2113 20704 I sensors-hal: handle_oplus_wise_rgb_event:189, high_pwm_light:lux 134.2,cct 5876.6,brl/algo/ir 1310.0/2.0/58.0,pwm/dc 0.0/0.0,rgbc 6326.563477/4300.248535/2719.589111/11982.051758,ts 929033183698797,cnt 34430,flag 29545
04-11 12:30:18.020  2113 17862 I sensors-hal: handle_oplus_wise_rgb_event:161, wise_rgb: (34431)(cct, lux, ir)[5876.57, 134.23, 57.998901] (r, g, b, c)[6314.10, 4302.45, 2721.80, 11996.04]                 (pwm, hbm, brl, algo)[0.0 0.0 1310.0 2.0], flag 29545
04-11 12:30:18.020  3590  7333 D FusionLightNextGen: process end reported = 1, mode: 0, cnt: 397510, lux 85.3, cct 6408.2, r/g/b/c: 6321.6/4276.1/2719.6/11982.1, R/G/B: 144.0/140.0/129.0, bri 1310.0, match 1.00, ir 0.072333, conf 5.0, ts 929033216911766
04-11 12:30:18.022  3438  4039 D QmiClient: qmiServiceEventCallback recv msg id 47
04-11 12:30:18.022  3438  4039 D QmiClient: enter -mServiceType 10 onQmiServiceEventCallback msgId 47
04-11 12:30:18.022  3438  4039 D QmiClient: onQmiServiceEventCallback - enter. msgId=47
04-11 12:30:18.022  3438  3488 D OttProxy: handleMessage msg is 3001
04-11 12:30:18.023 14034 14747 D SubsysRadioIndication[1]: radioLinkLatencyInfoInd
04-11 12:30:18.024 14034 14747 D SubsysRadioIndication[1]: notify enter
04-11 12:30:18.024 14034 14034 D NetworkService[1]: handleMessage what:1008
04-11 12:30:18.024 14034 14034 D NetworkService[1]: EVENT_REG_LINK_LATENCY_INFO_CHANGE ulLatency:6875
04-11 12:30:18.080  8338  8338 I SystemUi--Notification: OplusLiveAlertNotificationsRepository-->onRankingApplied
04-11 12:30:18.083  8338  8338 I PluginSeedling--Track: RequestHandler-->notificationUpdated 0|com.v2ray.ang|1|null|10397 postTime: 1775881818017
04-11 12:30:18.084  8338  8338 E LockScreenNotificationDispatcherImp: updateNotificationListOnKg size:0
04-11 12:30:18.089  8338  8338 W SystemUi--Notification: OplusNotificationGroupExtImpl-->setChildrenExpanded: groupHeader is null
04-11 12:30:18.089  8338  8338 I SystemUi--Notification: LockScreenNotificationDispatcherImp-->updateNotificationListOnKg resultCode: 0
04-11 12:30:18.103  3590  7166 I OplusCpuLimitManager: OplusCpuHighLoad: request instant cpu load
04-11 12:30:18.104  3590  7166 E OsenseCommonUtils: write /dev/memcg/memory.force_shrink_file failed
04-11 12:30:18.104  3590  7166 E OsenseCommonUtils: java.io.IOException: write failed: EBUSY (Device or resource busy)
04-11 12:30:18.104  3590  7166 E OsenseCommonUtils: 	at libcore.io.IoBridge.write(IoBridge.java:651)
04-11 12:30:18.104  3590  7166 E OsenseCommonUtils: 	at java.io.FileOutputStream.write(FileOutputStream.java:436)
04-11 12:30:18.104  3590  7166 E OsenseCommonUtils: 	at sun.nio.cs.StreamEncoder.writeBytes(StreamEncoder.java:233)
04-11 12:30:18.104  3590  7166 E OsenseCommonUtils: 	at sun.nio.cs.StreamEncoder.implFlushBuffer(StreamEncoder.java:309)
04-11 12:30:18.104  3590  7166 E OsenseCommonUtils: 	at sun.nio.cs.StreamEncoder.implFlush(StreamEncoder.java:313)
04-11 12:30:18.104  3590  7166 E OsenseCommonUtils: 	at sun.nio.cs.StreamEncoder.flush(StreamEncoder.java:153)
04-11 12:30:18.104  3590  7166 E OsenseCommonUtils: 	at java.io.OutputStreamWriter.flush(OutputStreamWriter.java:248)
04-11 12:30:18.104  3590  7166 E OsenseCommonUtils: 	at com.android.server.oplus.osense.utils.OsenseCommonUtils.writeFile(OsenseCommonUtils.java:154)
04-11 12:30:18.104  3590  7166 E OsenseCommonUtils: 	at com.android.server.am.OplusOsenseCompressAction.doGlobalShrink(OplusOsenseCompressAction.java:1887)
04-11 12:30:18.104  3590  7166 E OsenseCommonUtils: 	at com.android.server.am.OplusOsenseCompressAction.-$$Nest$mdoGlobalShrink(Unknown Source:0)
04-11 12:30:18.104  3590  7166 E OsenseCommonUtils: 	at com.android.server.am.OplusOsenseCompressAction$CompressHandler.handleMessage(OplusOsenseCompressAction.java:1335)
04-11 12:30:18.104  3590  7166 E OsenseCommonUtils: 	at android.os.Handler.dispatchMessage(Handler.java:115)
04-11 12:30:18.104  3590  7166 E OsenseCommonUtils: 	at android.os.Looper.loopOnce(Looper.java:302)
04-11 12:30:18.104  3590  7166 E OsenseCommonUtils: 	at android.os.Looper.loop(Looper.java:412)
04-11 12:30:18.104  3590  7166 E OsenseCommonUtils: 	at android.os.HandlerThread.run(HandlerThread.java:85)
04-11 12:30:18.104  3590  7166 E OsenseCommonUtils: Caused by: android.system.ErrnoException: write failed: EBUSY (Device or resource busy)
04-11 12:30:18.104  3590  7166 E OsenseCommonUtils: 	at libcore.io.Linux.writeBytes(Native Method)
04-11 12:30:18.104  3590  7166 E OsenseCommonUtils: 	at libcore.io.Linux.write(Linux.java:336)
04-11 12:30:18.104  3590  7166 E OsenseCommonUtils: 	at libcore.io.ForwardingOs.write(ForwardingOs.java:948)
04-11 12:30:18.104  3590  7166 E OsenseCommonUtils: 	at libcore.io.BlockGuardOs.write(BlockGuardOs.java:448)
04-11 12:30:18.104  3590  7166 E OsenseCommonUtils: 	at libcore.io.IoBridge.write(IoBridge.java:646)
04-11 12:30:18.104  3590  7166 E OsenseCommonUtils: 	... 14 more
04-11 12:30:18.104  3590  7166 I OplusCpuLimitManager: OplusCpuHighLoad: release instant cpu load
04-11 12:30:18.109  2181  2506 I SDM     : DisplayBuiltIn::IdlePowerCollapse: IPC received, disabling partial update for one frame
04-11 12:30:18.115  2181 23599 E CwbService: Panel not support apl read or getDisplayPanelAplValue timeout 10ms.
04-11 12:30:18.115  8338  8706 D LocalImageResolver: Couldn't use ImageDecoder for drawable, falling back to non-resized load.
04-11 12:30:18.116  2258  2258 D SensorFeature: name=ssc_screenshot_info ,index = 22
04-11 12:30:18.116  2258  2258 D SensorFeature: write 39 bytes:929033464280863,929033518467113,29546,0
04-11 12:30:18.116 13843 14368 D gaia-GaiaConnectChecker: start connect check++
04-11 12:30:18.117  8338  8338 D OplusNotificationDateTimeView: setTime mSettingTimeMillis 1775881818013, mSettingLocalDateTime 2026-04-11T12:30:00.013
04-11 12:30:18.126  8338  8706 D LocalImageResolver: Couldn't use ImageDecoder for drawable, falling back to non-resized load.
04-11 12:30:18.128  8338  8338 D OplusNotificationDateTimeView: setTime mSettingTimeMillis 1775881818013, mSettingLocalDateTime 2026-04-11T12:30:00.013
04-11 12:30:18.133  8338  8706 D LocalImageResolver: Couldn't use ImageDecoder for drawable, falling back to non-resized load.
04-11 12:30:18.134  8338  8338 D OplusNotificationDateTimeView: setTime mSettingTimeMillis 1775881818013, mSettingLocalDateTime 2026-04-11T12:30:00.013
04-11 12:30:18.140  8338  8338 I SystemUi--Notification: OplusNotificationTempla-->resolveContentMargin: marginTop=112 isChildInGroup=false hasSubtitle=true params.topMargin=112
04-11 12:30:18.146  8338  8338 W SystemUi--Notification: OplusNotificationGroupExtImpl-->setChildrenExpanded: groupHeader is null
04-11 12:30:18.146  8338  8338 E LockScreenNotificationDispatcherImp: updateNotificationListOnKg size:0
04-11 12:30:18.150  8338  8338 W SystemUi--Notification: OplusNotificationGroupExtImpl-->setChildrenExpanded: groupHeader is null
04-11 12:30:18.151  8338  8338 I SystemUi--Notification: LockScreenNotificationDispatcherImp-->updateNotificationListOnKg resultCode: 0
04-11 12:30:18.190 14034 15313 D CommonApp-264-10512: transport layer data is invalid
04-11 12:30:18.191 14034 15313 D CommonApp-255-10512: commonScoreStrategy scenarios low package
04-11 12:30:18.192 14034 15313 D ScorePolicy: handleScoreChanged: []
04-11 12:30:18.192 14034 15313 D ScorePolicy: handleScoreChanged: []
04-11 12:30:18.192 14034 15313 D ScorePolicy: handleScoreChanged: []
04-11 12:30:18.288  2113 17862 I sensors-hal: handle_oplus_wise_rgb_event:161, wise_rgb: (34436)(cct, lux, ir)[5894.20, 134.09, 57.964886] (r, g, b, c)[6316.60, 4267.25, 2704.14, 11949.42]                 (pwm, hbm, brl, algo)[0.0 0.0 1310.0 2.0], flag 29546
04-11 12:30:18.422  2258  2258 D SensorFeature: name=ssc_screenshot_info ,index = 22
04-11 12:30:18.422  2258  2258 D SensorFeature: write 39 bytes:929033464280863,929033834343936,29547,0
04-11 12:30:18.466  3590  7167 D osense.compress: try do inactive compress task
