04-11 12:30:14.444  8338  8381 D FlexibleTaskTransitionHandler: , mInRemoteScene=false, mInPreReady=false, mPreStart=false, mToken=null, mAbortByRemoteFromHome=false, mShellApplyToken=null, mRequestTransitionTaskId=13089, mAbortTransitionOnShell=0, mStartFromShortcut=false, mRemovedTaskId=-1, mTransitionInterruptType=0, mMergeSecondTaskId=-1, mTaskIdStartFromRecents=0, mTransitionId=27131, mCanUseSpringSlideAnim=false, mTransitionLaunchFrom=0, mFoldChangeType=-1, mAnimStartingPosition=[0, 0, 0, 0], mIsOpeningStkDialogActivity=false, mSecondaryHomeToFrontWhenUnFolding=false, mIsNeedApplyStartTForEmbedded=false
04-11 12:30:14.444  8338  8381 D FlexibleTaskTransitionHandler: , mNeedCanvasExitAnim=false, mMergeSecondTaskAnimation=false, mIsLaunchUnityStart=false, mIsLaunchFromAssistantByDefault=false, mSkipRemoteTransitionfalse, mIsStartFromKeyguard=false flags=0x0, mWCT=null, mIsOpenMergeToInValidPredictive=false, mPromoteTaskWhenKeyguard-1, mRootLayerZOrderArray={}}]}
04-11 12:30:14.444  8338  8381 D FlexibleTaskTransitionHandler:  no need handler this transitionInfo: {id=27131 t=OPEN f=0x0 trk=0 r=[0@Point(0, 0)] c=[{m=OPEN f=FILLS_TASK leash=Surface(name=ActivityRecord{51477392 u0 com.binance.monitor/.ui.settings.SettingsActivity t13089})/@0xdc0a225 sb=Rect(0, 0 - 0, 0) eb=Rect(0, 0 - 1264, 2780) epz=Point(1264, 2780) d=-1->0 r=-1->0:-1 component=com.binance.monitor/.ui.settings.SettingsActivity opt={t=CUSTOM enterResId=0 changeResId=0 exitResId=0 mUserId=0}},{m=TO_BACK f=FILLS_TASK leash=Surface(name=ActivityRecord{2336319 u0 com.binance.monitor/.ui.chart.MarketChartActivity t13089})/@0xa0a7ffa sb=Rect(0, 0 - 1264, 2780) eb=Rect(0, 0 - 1264, 2780) epz=Point(1264, 2780) d=0 component=com.binance.monitor/.ui.chart.MarketChartActivity opt={t=CUSTOM enterResId=0 changeResId=0 exitResId=0 mUserId=0}}] 
04-11 12:30:14.444  8338  8381 D FlexibleTaskTransitionHandler: extendInfo=[
04-11 12:30:14.444  8338  8381 D FlexibleTaskTransitionHandler:  OplusTransitionExtendedInfo{mTmpFinishT=null, mInOplusCompatMode=false, mIsProcessRunning=false, mHasMismatchBoundsTarget=false, mRecentsController=null, mRemoteTransition=null, mIsTranslucentActivityToHome=false, mAvoidInterceptKeyEventToHome=false, mIsFromHome=false, mParentLeash=null, mBackAnimClosingLeash=null, mIsOplusAnimRes=false, mKeepBgForContinuous=false, mIsBalAllow=false, mTaskNotInRecent=false, mIsPredictiveBackAnim=false, mIsMergedWithPredictive=false, mIsLaunchFromSpruce=false, mIsLaunchFromDrive=false, mGlobalSearchPageSwitch=false, mNeedNoAlphaGlobalSearchScene=false, mAssistScreenShowing=false, mSwipeUpBrowserScreenShowing=false, mUserIdTransition=-1
04-11 12:30:14.444  8338  8381 D FlexibleTaskTransitionHandler: , mInRemoteScene=false, mInPreReady=false, mPreStart=false, mToken=null, mAbortByRemoteFromHome=false, mShellApplyToken=null, mRequestTransitionTaskId=13089, mAbortTransitionOnShell=0, mStartFromShortcut=false, mRemovedTaskId=-1, mTransitionInterruptType=0, mMergeSecondTaskId=-1, mTaskIdStartFromRecents=0, mTransitionId=27131, mCanUseSpringSlideAnim=false, mTransitionLaunchFrom=0, mFoldChangeType=-1, mAnimStartingPosition=[0, 0, 0, 0], mIsOpeningStkDialogActivity=false, mSecondaryHomeToFrontWhenUnFolding=false, mIsNeedApplyStartTForEmbedded=false
04-11 12:30:14.444  8338  8381 D FlexibleTaskTransitionHandler: , mNeedCanvasExitAnim=false, mMergeSecondTaskAnimation=false, mIsLaunchUnityStart=false, mIsLaunchFromAssistantByDefault=false, mSkipRemoteTransitionfalse, mIsStartFromKeyguard=false flags=0x0, mWCT=null, mIsOpenMergeToInValidPredictive=false, mPromoteTaskWhenKeyguard-1, mRootLayerZOrderArray={}}]}
04-11 12:30:14.444  8338  8381 V WindowManagerShell: Transition doesn't have explicit remote, search filters for match for {id=27131 t=OPEN f=0x0 trk=0 r=[0@Point(0, 0)] c=[{m=OPEN f=FILLS_TASK leash=Surface(name=ActivityRecord{51477392 u0 com.binance.monitor/.ui.settings.SettingsActivity t13089})/@0xdc0a225 sb=Rect(0, 0 - 0, 0) eb=Rect(0, 0 - 1264, 2780) epz=Point(1264, 2780) d=-1->0 r=-1->0:-1 component=com.binance.monitor/.ui.settings.SettingsActivity opt={t=CUSTOM enterResId=0 changeResId=0 exitResId=0 mUserId=0}},{m=TO_BACK f=FILLS_TASK leash=Surface(name=ActivityRecord{2336319 u0 com.binance.monitor/.ui.chart.MarketChartActivity t13089})/@0xa0a7ffa sb=Rect(0, 0 - 1264, 2780) eb=Rect(0, 0 - 1264, 2780) epz=Point(1264, 2780) d=0 component=com.binance.monitor/.ui.chart.MarketChartActivity opt={t=CUSTOM enterResId=0 changeResId=0 exitResId=0 mUserId=0}}] 
04-11 12:30:14.444  8338  8381 V WindowManagerShell: extendInfo=[
04-11 12:30:14.444  8338  8381 V WindowManagerShell:  OplusTransitionExtendedInfo{mTmpFinishT=null, mInOplusCompatMode=false, mIsProcessRunning=false, mHasMismatchBoundsTarget=false, mRecentsController=null, mRemoteTransition=null, mIsTranslucentActivityToHome=false, mAvoidInterceptKeyEventToHome=false, mIsFromHome=false, mParentLeash=null, mBackAnimClosingLeash=null, mIsOplusAnimRes=false, mKeepBgForContinuous=false, mIsBalAllow=false, mTaskNotInRecent=false, mIsPredictiveBackAnim=false, mIsMergedWithPredictive=false, mIsLaunchFromSpruce=false, mIsLaunchFromDrive=false, mGlobalSearchPageSwitch=false, mNeedNoAlphaGlobalSearchScene=false, mAssistScreenShowing=false, mSwipeUpBrowserScreenShowing=false, mUserIdTransition=-1
04-11 12:30:14.444  8338  8381 V WindowManagerShell: , mInRemoteScene=false, mInPreReady=false, mPreStart=false, mToken=null, mAbortByRemoteFromHome=false, mShellApplyToken=null, mRequestTransitionTaskId=13089, mAbortTransitionOnShell=0, mStartFromShortcut=false, mRemovedTaskId=-1, mTransitionInterruptType=0, mMergeSecondTaskId=-1, mTaskIdStartFromRecents=0, mTransitionId=27131, mCanUseSpringSlideAnim=false, mTransitionLaunchFrom=0, mFoldChangeType=-1, mAnimStartingPosition=[0, 0, 0, 0], mIsOpeningStkDialogActivity=false, mSecondaryHomeToFrontWhenUnFolding=false, mIsNeedApplyStartTForEmbedded=false
04-11 12:30:14.444  8338  8381 V WindowManagerShell: , mNeedCanvasExitAnim=false, mMergeSecondTaskAnimation=false, mIsLaunchUnityStart=false, mIsLaunchFromAssistantByDefault=false, mSkipRemoteTransitionfalse, mIsStartFromKeyguard=false flags=0x0, mWCT=null, mIsOpenMergeToInValidPredictive=false, mPromoteTaskWhenKeyguard-1, mRootLayerZOrderArray={}}]}
04-11 12:30:14.444  3590  3792 V WindowManager: Sent Transition (#27131) createdAt=04-11 12:30:14.396 via request=TransitionRequestInfo { type = OPEN, triggerTask = TaskInfo{userId=0 taskId=13089 effectiveUid=10512 displayId=0 isRunning=true baseIntent=Intent { act=android.intent.action.MAIN cat=[android.intent.category.LAUNCHER] flg=0x10200000 cmp=com.binance.monitor/.launcher.IconFinancialAlias mCallingUid=10214 } baseActivity=ComponentInfo{com.binance.monitor/com.binance.monitor.ui.main.MainActivity} topActivity=ComponentInfo{com.binance.monitor/com.binance.monitor.ui.settings.SettingsActivity} origActivity=ComponentInfo{com.binance.monitor/com.binance.monitor.launcher.IconFinancialAlias} realActivity=ComponentInfo{com.binance.monitor/com.binance.monitor.ui.main.MainActivity}
04-11 12:30:14.444  3590  3792 V WindowManager:  numActivities=4 lastActiveTime=929029812 supportsSplitScreenMultiWindow=true supportsMultiWindow=true supportsPocketStudioMultiWindow=true isInFlexibleEmbedded = false uid = 10512 pid = 0 resizeMode=1 isResizeable=true minWidth=-1 minHeight=-1 defaultMinSize=220 token=WCT{RemoteToken{8f51364 Task{a10d0a5 #13089 type=standard A=10512:com.binance.monitor}}} topActivityType=1 pictureInPictureParams=null shouldDockBigOverlays=false launchIntoPipHostTaskId=-1 lastParentTaskIdBeforePip=-1 displayCutoutSafeInsets=Rect(0, 0 - 0, 0)
04-11 12:30:14.444  3590  3792 V WindowManager:  topActivityInfo=ActivityInfo{18201f0 com.binance.monitor.ui.settings.SettingsActivity} launchCookies=[] positionInParent=Point(0, 0) parentTaskId=-1 isFocused=true isVisible=true isVisibleRequested=true isTopActivityNoDisplay=false isSleeping=false locusId=null displayAreaFeatureId=1 isTopActivityTransparent=false isActivityStackTransparent=false lastNonFullscreenBounds=Rect(330, 828 - 935, 2092) capturedLink=null capturedLinkTimestamp=0 requestedVisibleTypes=-9 topActivityRequestOpenInBrowserEducationTimestamp=0
04-11 12:30:14.444  3590  3792 V WindowManager:  appCompatTaskInfo=AppCompatTaskInfo { topActivityInSizeCompat=false topActivityInOplusCompatMode=false eligibleForLetterboxEducation= false isLetterboxEducationEnabled= false isLetterboxDoubleTapEnabled= false eligibleForUserAspectRatioButton= false topActivityBoundsLetterboxed= false isFromLetterboxDoubleTap= false topActivityLetterboxVerticalPosition= -1 topActivityLetterboxHorizontalPosition= -1 topActivityLetterboxWidth=-1 topActivityLetterboxHeight=-1 topActivityAppBounds=Rect(0, 140 - 1264, 2780) isUserFullscreenOverrideEnabled=false isSystemFullscreenOverrideEnabled=false hasMinAspectRatioOverride=false topActivityLetterboxBounds=null cameraCompatTaskInfo=CameraCompatTaskInfo { freeformCameraCompatMode=inactive}} topActivityMainWindowFrame=null topActivityLetterboxInsets=Rect(0, 0 - 0, 0)
04-11 12:30:14.444  3590  3792 V WindowManager:  mOplusExtraBundle = Bundle[{androidx.flexible.taskFrame=Rect(0, 0 - 0, 0), topOpaqueSystemBarsAppearance=0, androidx.flexible.Alpha=1.0, androidx.activity.task.attach.blur=0, androidx.activity.LaunchInsensible=0, androidx.activity.LaunchCornerRadius=0, key_flexible_task_state=0, topActivitySupportAppInnerSplit=false, key_flexible_task_animating_type=-1, key_flexible_task_root_activity_processname=com.binance.monitor, androidx.activity.LaunchScenario=0, is_oplus_clone_task=false, flexible_super_mini_state=false, topRunningActivityHash=51477392, androidx.activity.LaunchScale=1.0, androidx.activity.LaunchShadowRadius=0, is_transient_hide_for_task_info=false, key_flexible_task_root_activity_pid=32357, key_flexible_task_root_activity_uid=10512}]}, pipChange = null, remoteTransition = null, displayChange = null, flags = 0, debugId = 27131 }
04-11 12:30:14.444  3590  3792 V WindowManager:     startWCT=WindowContainerTransaction { changes= {} hops= [] errorCallbackToken=null taskFragmentOrganizer=null }
04-11 12:30:14.444  8338  8381 V WindowManagerShell:  Checking filter Pair{{types=[] flags=0x0] notFlags=0x100 checks=[{atype=home independent=true modes=[OPEN,TO_FRONT] flags=NONE mustBeTask=false order=TOP topActivity=ComponentInfo{com.android.launcher/com.android.launcher.Launcher} launchCookie=null windowingMode=undefined},{atype=standard independent=true modes=[CLOSE,TO_BACK] flags=NONE mustBeTask=false order=ANY topActivity=null launchCookie=null windowingMode=undefined}]} RemoteTransition { remoteTransition = android.window.IRemoteTransition$Stub$Proxy@a5bfc11, appThread = android.app.IApplicationThread$Stub$Proxy@61db176, debugName = QuickstepLaunchHome }}
04-11 12:30:14.444  8338  8381 V WindowManagerShell:  Delegate animation for (#27131) to null
04-11 12:30:14.444  3590  3792 V WindowManager:     info={id=27131 t=OPEN f=0x0 trk=0 r=[0@Point(0, 0)] c=[
04-11 12:30:14.444  3590  3792 V WindowManager:         {m=OPEN f=FILLS_TASK leash=Surface(name=ActivityRecord{51477392 u0 com.binance.monitor/.ui.settings.SettingsActivity t13089})/@0x69f5184 sb=Rect(0, 0 - 0, 0) eb=Rect(0, 0 - 1264, 2780) epz=Point(1264, 2780) d=-1->0 r=-1->0:-1 component=com.binance.monitor/.ui.settings.SettingsActivity opt={t=CUSTOM enterResId=0 changeResId=0 exitResId=0 mUserId=0}},
04-11 12:30:14.444  3590  3792 V WindowManager:         {m=TO_BACK f=FILLS_TASK leash=Surface(name=ActivityRecord{2336319 u0 com.binance.monitor/.ui.chart.MarketChartActivity t13089})/@0xc181b46 sb=Rect(0, 0 - 1264, 2780) eb=Rect(0, 0 - 1264, 2780) epz=Point(1264, 2780) d=0 component=com.binance.monitor/.ui.chart.MarketChartActivity opt={t=CUSTOM enterResId=0 changeResId=0 exitResId=0 mUserId=0}}
04-11 12:30:14.444  3590  3792 V WindowManager:     ] 
04-11 12:30:14.444  3590  3792 V WindowManager: extendInfo=[
04-11 12:30:14.444  3590  3792 V WindowManager:  OplusTransitionExtendedInfo{mTmpFinishT=null, mInOplusCompatMode=false, mIsProcessRunning=false, mHasMismatchBoundsTarget=false, mRecentsController=null, mRemoteTransition=null, mIsTranslucentActivityToHome=false, mAvoidInterceptKeyEventToHome=false, mIsFromHome=false, mParentLeash=null, mBackAnimClosingLeash=null, mIsOplusAnimRes=false, mKeepBgForContinuous=false, mIsBalAllow=false, mTaskNotInRecent=false, mIsPredictiveBackAnim=false, mIsMergedWithPredictive=false, mIsLaunchFromSpruce=false, mIsLaunchFromDrive=false, mGlobalSearchPageSwitch=false, mNeedNoAlphaGlobalSearchScene=false, mAssistScreenShowing=false, mSwipeUpBrowserScreenShowing=false, mUserIdTransition=-1
04-11 12:30:14.444  3590  3792 V WindowManager: , mInRemoteScene=false, mInPreReady=false, mPreStart=false, mToken=null, mAbortByRemoteFromHome=false, mShellApplyToken=null, mRequestTransitionTaskId=13089, mAbortTransitionOnShell=0, mStartFromShortcut=false, mRemovedTaskId=-1, mTransitionInterruptType=0, mMergeSecondTaskId=-1, mTaskIdStartFromRecents=0, mTransitionId=27131, mCanUseSpringSlideAnim=false, mTransitionLaunchFrom=0, mFoldChangeType=-1, mAnimStartingPosition=[0, 0, 0, 0], mIsOpeningStkDialogActivity=false, mSecondaryHomeToFrontWhenUnFolding=false, mIsNeedApplyStartTForEmbedded=false
04-11 12:30:14.444  3590  3792 V WindowManager: , mNeedCanvasExitAnim=false, mMergeSecondTaskAnimation=false, mIsLaunchUnityStart=false, mIsLaunchFromAssistantByDefault=false, mSkipRemoteTransitionfalse, mIsStartFromKeyguard=false flags=0x0, mWCT=null, mIsOpenMergeToInValidPredictive=false, mPromoteTaskWhenKeyguard-1, mRootLayerZOrderArray={}}]}
04-11 12:30:14.444  8338  8381 V WindowManagerShell: start default transition animation, info = {id=27131 t=OPEN f=0x0 trk=0 r=[0@Point(0, 0)] c=[{m=OPEN f=FILLS_TASK leash=Surface(name=ActivityRecord{51477392 u0 com.binance.monitor/.ui.settings.SettingsActivity t13089})/@0xdc0a225 sb=Rect(0, 0 - 0, 0) eb=Rect(0, 0 - 1264, 2780) epz=Point(1264, 2780) d=-1->0 r=-1->0:-1 component=com.binance.monitor/.ui.settings.SettingsActivity opt={t=CUSTOM enterResId=0 changeResId=0 exitResId=0 mUserId=0}},{m=TO_BACK f=FILLS_TASK leash=Surface(name=ActivityRecord{2336319 u0 com.binance.monitor/.ui.chart.MarketChartActivity t13089})/@0xa0a7ffa sb=Rect(0, 0 - 1264, 2780) eb=Rect(0, 0 - 1264, 2780) epz=Point(1264, 2780) d=0 component=com.binance.monitor/.ui.chart.MarketChartActivity opt={t=CUSTOM enterResId=0 changeResId=0 exitResId=0 mUserId=0}}] 
04-11 12:30:14.444  8338  8381 V WindowManagerShell: extendInfo=[
04-11 12:30:14.444  8338  8381 V WindowManagerShell:  OplusTransitionExtendedInfo{mTmpFinishT=null, mInOplusCompatMode=false, mIsProcessRunning=false, mHasMismatchBoundsTarget=false, mRecentsController=null, mRemoteTransition=null, mIsTranslucentActivityToHome=false, mAvoidInterceptKeyEventToHome=false, mIsFromHome=false, mParentLeash=null, mBackAnimClosingLeash=null, mIsOplusAnimRes=false, mKeepBgForContinuous=false, mIsBalAllow=false, mTaskNotInRecent=false, mIsPredictiveBackAnim=false, mIsMergedWithPredictive=false, mIsLaunchFromSpruce=false, mIsLaunchFromDrive=false, mGlobalSearchPageSwitch=false, mNeedNoAlphaGlobalSearchScene=false, mAssistScreenShowing=false, mSwipeUpBrowserScreenShowing=false, mUserIdTransition=-1
04-11 12:30:14.444  8338  8381 V WindowManagerShell: , mInRemoteScene=false, mInPreReady=false, mPreStart=false, mToken=null, mAbortByRemoteFromHome=false, mShellApplyToken=null, mRequestTransitionTaskId=13089, mAbortTransitionOnShell=0, mStartFromShortcut=false, mRemovedTaskId=-1, mTransitionInterruptType=0, mMergeSecondTaskId=-1, mTaskIdStartFromRecents=0, mTransitionId=27131, mCanUseSpringSlideAnim=false, mTransitionLaunchFrom=0, mFoldChangeType=-1, mAnimStartingPosition=[0, 0, 0, 0], mIsOpeningStkDialogActivity=false, mSecondaryHomeToFrontWhenUnFolding=false, mIsNeedApplyStartTForEmbedded=false
04-11 12:30:14.444  8338  8381 V WindowManagerShell: , mNeedCanvasExitAnim=false, mMergeSecondTaskAnimation=false, mIsLaunchUnityStart=false, mIsLaunchFromAssistantByDefault=false, mSkipRemoteTransitionfalse, mIsStartFromKeyguard=false flags=0x0, mWCT=null, mIsOpenMergeToInValidPredictive=false, mPromoteTaskWhenKeyguard-1, mRootLayerZOrderArray={}}]}
04-11 12:30:14.444  8338  8381 D FSS_OplusFoldSwitchStateObserver: cancelAnimationIfNeedWhenFolding: foldChangeType = -1
04-11 12:30:14.445  8338  8381 D OplusShellTransition: canCustomizeAppTransition, isGlobalSearchPageSwitch = false, swipeUpBrowserPageSwitch = false, onlyHasTranslucentActivity = false, pkgName = com.binance.monitor
04-11 12:30:14.445  8338  8381 D OplusShellTransition: This page has its own override animation, enterResId = 0, closeResId = 0, pkgName = com.binance.monitor
04-11 12:30:14.445  8338  8381 D OplusShellTransition: checkAndLoadCustomAnimation packageName =:com.binance.monitor,transit =:1,enter =:false,animResId =:0
04-11 12:30:14.445  8338  8381 D OplusShellTransition: canCustomizeAppTransition, isGlobalSearchPageSwitch = false, swipeUpBrowserPageSwitch = false, onlyHasTranslucentActivity = false, pkgName = com.binance.monitor
04-11 12:30:14.445  8338  8381 D OplusShellTransition: This page has its own override animation, enterResId = 0, closeResId = 0, pkgName = com.binance.monitor
04-11 12:30:14.445  8338  8381 D OplusShellTransition: checkAndLoadCustomAnimation packageName =:com.binance.monitor,transit =:1,enter =:true,animResId =:0
04-11 12:30:14.445  8338  8381 D OplusShellTransition: addBackgroundColorOnTask, , isTaskLevelTransition = false, hasBgAlready = false
04-11 12:30:14.445  3590  3796 D SurfaceComposerClient: Transaction::apply InputWindowCommands.focusRequests timestamp=881173809550314, windowName=a82e8c0 com.binance.monitor/com.binance.monitor.ui.settings.SettingsActivity
04-11 12:30:14.445  8338  8381 D OplusShellTransition: DefaultTransitionHandler#onAnimFinish=> transition=android.os.BinderProxy@70b22ee, backAnimContinue=false
04-11 12:30:14.445  8338  8381 V WindowManagerShell: Transition animation finished (aborted=false), notifying core (#27131) android.os.BinderProxy@70b22ee@0
04-11 12:30:14.445  8338  8381 D SplitScreen-->AppLockManager: setStartFromSafeControl mStartFromSafeControl=false
04-11 12:30:14.445  8338  8381 D ShellTaskOrganizerExt: adjust change for exiting mini task: -1
04-11 12:30:14.445  3590  8280 I Osense-BaseDecisionMaker: notifySceneToAthenaPolicy: SCENE_ACTIVITY_IDLE, bundle: Bundle[{scene=SCENE_ACTIVITY_IDLE}]
04-11 12:30:14.446  3590  8442 D Transition: finishTransition ar ActivityRecord{2336319 u0 com.binance.monitor/.ui.chart.MarketChartActivity t13089}, isVisibleRequested=false, state=PAUSED, visibleAtTransitionEndTokens={ActivityRecord{51477392 u0 com.binance.monitor/.ui.settings.SettingsActivity t13089}}, this=TransitionRecord{13941ee id=27131 track=0 type=OPEN flags=0x0 state=2 c=[
04-11 12:30:14.446  3590  8442 D Transition:    ChangeInfo{75f8616 container=ActivityRecord{2336319 u0 com.binance.monitor/.ui.chart.MarketChartActivity t13089} flags=0x0}
04-11 12:30:14.446  3590  8442 D Transition:    ChangeInfo{38bc68f container=Display{#0 state=ON size=1264x2780 ROTATION_0} flags=0x0}
04-11 12:30:14.446  3590  8442 D Transition:    ChangeInfo{f23bf31 container=ActivityRecord{51477392 u0 com.binance.monitor/.ui.settings.SettingsActivity t13089} flags=0x0}
04-11 12:30:14.446  3590  8442 D Transition:    ChangeInfo{a9d4d1c container=DefaultTaskDisplayArea@136308155 flags=0x0}
04-11 12:30:14.446  3590  8442 D Transition:    ChangeInfo{2208d25 container=Task{a10d0a5 #13089 type=standard A=10512:com.binance.monitor} flags=0x0}
04-11 12:30:14.446  3590  8442 D Transition: ]
04-11 12:30:14.446  3590  8442 D Transition: }
04-11 12:30:14.446  3590  8442 D ActivityTaskManager: commitVisibility: ActivityRecord{2336319 u0 com.binance.monitor/.ui.chart.MarketChartActivity t13089}: visible=false visibleRequested=false, isInTransition=false 
04-11 12:30:14.446  3590  8442 D WindowManager: NFW_setClientVisible:ActivityRecord{2336319 u0 com.binance.monitor/.ui.chart.MarketChartActivity t13089} clientVisible:false
04-11 12:30:14.446  3590  8442 I WindowManager: Window{daac658 u0 com.binance.monitor/com.binance.monitor.ui.chart.MarketChartActivity} state from HAS_DRAWN to DRAW_PENDING; reason: resetDrawState
04-11 12:30:14.446  3590  8442 D Transition: finishTransition ar ActivityRecord{51477392 u0 com.binance.monitor/.ui.settings.SettingsActivity t13089}, isVisibleRequested=true, state=RESUMED, visibleAtTransitionEndTokens={ActivityRecord{51477392 u0 com.binance.monitor/.ui.settings.SettingsActivity t13089}}, this=TransitionRecord{13941ee id=27131 track=0 type=OPEN flags=0x0 state=2 c=[
04-11 12:30:14.446  3590  8442 D Transition:    ChangeInfo{75f8616 container=ActivityRecord{2336319 u0 com.binance.monitor/.ui.chart.MarketChartActivity t13089} flags=0x0}
04-11 12:30:14.446  3590  8442 D Transition:    ChangeInfo{38bc68f container=Display{#0 state=ON size=1264x2780 ROTATION_0} flags=0x0}
04-11 12:30:14.446  3590  8442 D Transition:    ChangeInfo{f23bf31 container=ActivityRecord{51477392 u0 com.binance.monitor/.ui.settings.SettingsActivity t13089} flags=0x0}
04-11 12:30:14.446  3590  8442 D Transition:    ChangeInfo{a9d4d1c container=DefaultTaskDisplayArea@136308155 flags=0x0}
04-11 12:30:14.446  3590  8442 D Transition:    ChangeInfo{2208d25 container=Task{a10d0a5 #13089 type=standard A=10512:com.binance.monitor} flags=0x0}
04-11 12:30:14.446  3590  8442 D Transition: ]
04-11 12:30:14.446  3590  8442 D Transition: }
04-11 12:30:14.446 32357 32425 D VRI[MarketChartActivity]: dispatchAppVisibility visible:false mUpcomingWindowFocus:false
04-11 12:30:14.446  3590  8442 I OplusAppSwitchManagerService:  handleAppVisible , r = ActivityRecord{51477392 u0 com.binance.monitor/.ui.settings.SettingsActivity t13089}
04-11 12:30:14.447 32357 32357 D VRI[MarketChartActivity]: visibilityChanged oldVisibility=true newVisibility=false
04-11 12:30:14.447  3590  8442 D OplusTransitionController: finishTransition, transition: TransitionRecord{13941ee id=27131 track=0 type=OPEN flags=0x0 state=4 c=[
04-11 12:30:14.447  3590  8442 D OplusTransitionController:    ChangeInfo{75f8616 container=ActivityRecord{2336319 u0 com.binance.monitor/.ui.chart.MarketChartActivity t13089} flags=0x0}
04-11 12:30:14.447  3590  8442 D OplusTransitionController:    ChangeInfo{38bc68f container=Display{#0 state=ON size=1264x2780 ROTATION_0} flags=0x0}
04-11 12:30:14.447  3590  8442 D OplusTransitionController:    ChangeInfo{f23bf31 container=ActivityRecord{51477392 u0 com.binance.monitor/.ui.settings.SettingsActivity t13089} flags=0x0}
04-11 12:30:14.447  3590  8442 D OplusTransitionController:    ChangeInfo{a9d4d1c container=DefaultTaskDisplayArea@136308155 flags=0x0}
04-11 12:30:14.447  3590  8442 D OplusTransitionController:    ChangeInfo{2208d25 container=Task{a10d0a5 #13089 type=standard A=10512:com.binance.monitor} flags=0x0}
04-11 12:30:14.447  3590  8442 D OplusTransitionController: ]
04-11 12:30:14.447  3590  8442 D OplusTransitionController: }
04-11 12:30:14.447  3590  8442 D FlexibleTaskTransitionController:  finishTransition pendingRecentToFlexibleTask:null,isRotationTransition:false ,pendingRecentToFlexible:null ,transition:TransitionRecord{13941ee id=27131 track=0 type=OPEN flags=0x0 state=4 c=[
04-11 12:30:14.447  3590  8442 D FlexibleTaskTransitionController:    ChangeInfo{75f8616 container=ActivityRecord{2336319 u0 com.binance.monitor/.ui.chart.MarketChartActivity t13089} flags=0x0}
04-11 12:30:14.447  3590  8442 D FlexibleTaskTransitionController:    ChangeInfo{38bc68f container=Display{#0 state=ON size=1264x2780 ROTATION_0} flags=0x0}
04-11 12:30:14.447  3590  8442 D FlexibleTaskTransitionController:    ChangeInfo{f23bf31 container=ActivityRecord{51477392 u0 com.binance.monitor/.ui.settings.SettingsActivity t13089} flags=0x0}
04-11 12:30:14.447  3590  8442 D FlexibleTaskTransitionController:    ChangeInfo{a9d4d1c container=DefaultTaskDisplayArea@136308155 flags=0x0}
04-11 12:30:14.447  3590  8442 D FlexibleTaskTransitionController:    ChangeInfo{2208d25 container=Task{a10d0a5 #13089 type=standard A=10512:com.binance.monitor} flags=0x0}
04-11 12:30:14.447  3590  8442 D FlexibleTaskTransitionController: ]
04-11 12:30:14.447  3590  8442 D FlexibleTaskTransitionController: }
04-11 12:30:14.447  3590  8442 D TransitionControllerExtImpl: NFW_send RECOMPUTE_FOCUS in finishTransition
04-11 12:30:14.447  8338  8381 D ShellTaskOrganizer: onTransitionFinish, isRecent:false
04-11 12:30:14.447  3590  3796 D InsetsSourceProvider: updateSourceFrameForServerVisibility mandatorySystemGestures EMPTY_RECT
04-11 12:30:14.447  8338  8381 V WindowManagerShell: Track 0 became idle
04-11 12:30:14.447  8338  8381 V WindowManagerShell: All active transition animations finished
04-11 12:30:14.447  8338  8381 V WindowManagerShell:  animated by com.android.wm.shell.transition.DefaultTransitionHandler@423c8cd
04-11 12:30:14.447  8338  8381 D OplusShellTransition: dispatchTransition, animated mHandler: com.android.wm.shell.transition.DefaultTransitionHandler@423c8cd
04-11 12:30:14.447  8338  8381 V WindowManagerShell: Track 0 became idle
04-11 12:30:14.447  8338  8381 V WindowManagerShell: All active transition animations finished
04-11 12:30:14.447  3590  3796 D InsetsSourceProvider: updateSourceFrameForServerVisibility mandatorySystemGestures EMPTY_RECT
04-11 12:30:14.450  3590  3795 D WindowManager: NFW_findFocusedWindowIfNeeded:Window{a82e8c0 u0 com.binance.monitor/com.binance.monitor.ui.settings.SettingsActivity} mCurrentFocus:Window{a82e8c0 u0 com.binance.monitor/com.binance.monitor.ui.settings.SettingsActivity}
04-11 12:30:14.451 32357 32357 D HWUI    : RenderProxy::destroy: this=0xb4000070f9a8db00, mContext=0xb400007236184200
04-11 12:30:14.451 32357 32399 D HWUI    : SkiaVulkanPipeline::setSurface: this=0xb400007183687040, surface=NULL
04-11 12:30:14.452 32357 32399 D BufferQueueProducer: [VRI[MarketChartActivity]#76(BLAST Consumer)76](id:7e650000004c,api:1,p:32357,c:32357) disconnect: api 1
04-11 12:30:14.452 32357 32357 D ViewRootImplExtImpl: wrapConfigInfoIntoFlags rotation=0, smallestScreenWidthDp=361, residentWS=false, scenario=0, bounds=Rect(0, 0 - 1264, 2780), relayoutAsync=false, flags=0, newFlags=1457532192, title=com.binance.monitor/com.binance.monitor.ui.chart.MarketChartActivity
04-11 12:30:14.453  3590  8790 V WindowManager: Relayout Window{daac658 u0 com.binance.monitor/com.binance.monitor.ui.chart.MarketChartActivity}: viewVisibility=8, oldvis=0, req=1264x2780 , apr = 0, vsysui=
04-11 12:30:14.453  3590  8790 D InsetsSourceProvider: updateSourceFrameForServerVisibility mandatorySystemGestures EMPTY_RECT
04-11 12:30:14.453  3590  8790 D InsetsSourceProvider: updateSourceFrameForServerVisibility mandatorySystemGestures EMPTY_RECT
04-11 12:30:14.453  3590  8790 D WindowManager: NFW_findFocusedWindowIfNeeded:Window{a82e8c0 u0 com.binance.monitor/com.binance.monitor.ui.settings.SettingsActivity} mCurrentFocus:Window{a82e8c0 u0 com.binance.monitor/com.binance.monitor.ui.settings.SettingsActivity}
04-11 12:30:14.454 32357 32357 D VRI[MarketChartActivity]: relayoutWindow result, sizeChanged:false, surfaceControlChanged:true, transformHintChanged:false, mSurfaceSize:Point(1264, 2780), mLastSurfaceSize:Point(1264, 2780), mWidth:1264, mHeight:2780, requestedWidth:1264, requestedHeight:2780, transformHint:0, installOrientation:0, displayRotation:0, isSurfaceValid:false, attr.flag:-2122252032, tmpFrames:ClientWindowFrames{frame=[0,0][1264,2780] display=[0,0][1264,2780] parentFrame=[0,0][0,0]}, relayoutAsync:false, mSyncSeqId:0
04-11 12:30:14.454 32357 32357 D BLASTBufferQueue: [VRI[MarketChartActivity]#76](f:0,a:1) destructor()
04-11 12:30:14.454 32357 32357 D BufferQueueConsumer: [VRI[MarketChartActivity]#76(BLAST Consumer)76](id:7e650000004c,api:0,p:-1,c:32357) disconnect
04-11 12:30:14.454  3590  8442 I BLASTSyncEngine: onCommitted syncId: 27131, timeout: false ran: false
04-11 12:30:14.454  3590  8442 D Transition: finishTransaction-onCommitted syncId=27131
04-11 12:30:14.455  2399  3200 D SurfaceFlinger: updateWinowInfo=1, setFocusedWindow timestamp=881173809550314, windowName=a82e8c0 com.binance.monitor/com.binance.monitor.ui.settings.SettingsActivity
04-11 12:30:14.455  3590  8790 I InputDispatcher: NFW_setFocusedWindow, a82e8c0 com.binance.monitor/com.binance.monitor.ui.settings.SettingsActivity on display 0, same as the previous:0
04-11 12:30:14.455  3590  8442 I InputDispatcher: updateFocusedWindow, a82e8c0 com.binance.monitor/com.binance.monitor.ui.settings.SettingsActivity on display 0, reason: Window became focusable. Previous reason: NO_WINDOW, result:   FocusedWindows:
04-11 12:30:14.455  3590  8442 I InputDispatcher:     displayId=0, name='a82e8c0 com.binance.monitor/com.binance.monitor.ui.settings.SettingsActivity'
04-11 12:30:14.455 32357 32357 D VRI[SettingsActivity]: onFocusEvent true
04-11 12:30:14.456 32357 32357 D VRI[MarketChartActivity]: setWindowStopped stopped:true
04-11 12:30:14.458  3590  7380 D InputMethodManagerService: isSecurity: attribute.packageName = com.binance.monitor mCurMethodId = com.sohu.inputmethod.sogou/.SogouIME isSecurity = false ( enable = true needShow = false inBlackList = false isExist = true )
04-11 12:30:14.458  3590  7380 I ImeTracker: com.binance.monitor:ee3304b5: onRequestHide at ORIGIN_SERVER reason HIDE_UNSPECIFIED_WINDOW fromUser false
04-11 12:30:14.459 32357 32357 D InsetsController: hide(ime(), fromIme=false)
04-11 12:30:14.459 32357 32357 I ImeTracker: com.binance.monitor:ee3304b5: onCancelled at PHASE_CLIENT_ALREADY_HIDDEN
04-11 12:30:14.460  3590  8790 I ImeTracker: system_server:4f12c303: onRequestHide at ORIGIN_SERVER reason IME_REQUESTED_CHANGED_LISTENER fromUser false
04-11 12:30:14.460  3590  7380 I ImeTracker: system_server:4f12c303: onCancelled at PHASE_SERVER_SHOULD_HIDE
04-11 12:30:14.460  3590  3796 D InsetsSourceProvider: updateSourceFrameForServerVisibility mandatorySystemGestures EMPTY_RECT
04-11 12:30:14.462 32357 32357 D ViewRootImplExtImpl: wrapConfigInfoIntoFlags rotation=0, smallestScreenWidthDp=361, residentWS=false, scenario=0, bounds=Rect(0, 0 - 1264, 2780), relayoutAsync=false, flags=0, newFlags=1457532192, title=com.binance.monitor/com.binance.monitor.ui.chart.MarketChartActivity
04-11 12:30:14.462  3590  8790 V WindowManager: Relayout Window{daac658 u0 com.binance.monitor/com.binance.monitor.ui.chart.MarketChartActivity}: viewVisibility=8, oldvis=8, req=1264x2780 , apr = 0, vsysui=, x=0, y=0
04-11 12:30:14.462  3590  8790 D InsetsSourceProvider: updateSourceFrameForServerVisibility mandatorySystemGestures EMPTY_RECT
04-11 12:30:14.462  3590  8790 D InsetsSourceProvider: updateSourceFrameForServerVisibility mandatorySystemGestures EMPTY_RECT
04-11 12:30:14.463 32357 32357 D VRI[MarketChartActivity]: relayoutWindow result, sizeChanged:false, surfaceControlChanged:true, transformHintChanged:false, mSurfaceSize:Point(1264, 2780), mLastSurfaceSize:Point(1264, 2780), mWidth:1264, mHeight:2780, requestedWidth:1264, requestedHeight:2780, transformHint:0, installOrientation:0, displayRotation:0, isSurfaceValid:false, attr.flag:-2122252032, tmpFrames:ClientWindowFrames{frame=[0,0][1264,2780] display=[0,0][1264,2780] parentFrame=[0,0][0,0]}, relayoutAsync:false, mSyncSeqId:0
04-11 12:30:14.464  3590  8790 I WindowManager: Window{daac658 u0 com.binance.monitor/com.binance.monitor.ui.chart.MarketChartActivity} state from DRAW_PENDING to NO_SURFACE; reason: destroySurface
04-11 12:30:14.464  3590  7959 D BackgroundInstallControlService: Package event received: 0
04-11 12:30:14.464  3590  8790 D OplusStartingWindowManager: skip remove starting window for activity = ActivityRecord{2336319 u0 com.binance.monitor/.ui.chart.MarketChartActivity t13089} ,ar != topActivityContainsStartingWindow on activityStopped
04-11 12:30:14.555  2113 17862 I sensors-hal: handle_oplus_wise_rgb_event:161, wise_rgb: (34366)(cct, lux, ir)[5881.37, 134.30, 58.973186] (r, g, b, c)[6366.43, 4311.25, 2726.21, 12026.34]                 (pwm, hbm, brl, algo)[0.0 0.0 1310.0 2.0], flag 29534
04-11 12:30:14.647  3438  3988 D QmiClient: qmiServiceEventCallback recv msg id 1099
04-11 12:30:14.647  3438  3988 D QmiClient: enter -mServiceType 4 onQmiServiceEventCallback msgId 1099
04-11 12:30:14.647  3438  3988 D QmiClient: onQmiServiceEventCallback - enter. msgId=1099
04-11 12:30:14.647  3438  3988 D QmiVsClientEvent: QosPeriodReportInd MSG IND data_len 2052
04-11 12:30:14.647  3438  3988 D QmiVsClientEvent: qmiVsClientNotifyQosPeriodReportIndEvent - RADIO_EVENT_QOS_PERIOD_REPORT_NOTIFY_IND
04-11 12:30:14.648  3438  3485 D VsProxy : handleMessage msg is 2420
04-11 12:30:14.648  2727  3986 D QmiClient: qmiServiceEventCallback recv msg id 1099
04-11 12:30:14.648  2727  3986 D QmiClient: enter -mServiceType 4 onQmiServiceEventCallback msgId 1099
04-11 12:30:14.648  2727  3986 D QmiClient: onQmiServiceEventCallback - enter. msgId=1099
04-11 12:30:14.648  2727  3986 D QmiVsClientEvent: QosPeriodReportInd MSG IND data_len 2052
04-11 12:30:14.648  2727  3986 D QmiVsClientEvent: qmiVsClientNotifyQosPeriodReportIndEvent - RADIO_EVENT_QOS_PERIOD_REPORT_NOTIFY_IND
04-11 12:30:14.648  3438  3485 D VsProxy : handleQosPeriodReportInd for instance 1 data_len 203
04-11 12:30:14.648  2727  2826 D VsProxy : handleMessage msg is 2420
04-11 12:30:14.648  2727  2826 D VsProxy : handleQosPeriodReportInd for instance 0 data_len 145
04-11 12:30:14.648 14034 14747 D SubsysRadioIndication[1]: radioQosPeriodReportInd result [8, -84, -1, -42, -50, 14, 18, 14, 8, -91, -4, -42, -50, 14, 16, 1, 32, 53, 40, 1, 72, 1, 26, 13, 8, -82, -5, -42, -50, 14, 16, 1, 40, 1, 56, -9, 3, 34, 12, 8, -84, -69, -57, -50, 14, 16, 4, 24, 1, 32, 3, 58, 81, 8, -58, -3, -42, -50, 14, 16, 5, 24, -98, -23, 30, 32, -54, 1, 40, -96, -1, -1, -1, -1, -1, -1, -1, -1, 1, 48, -14, -1, -1, -1, -1, -1, -1, -1, -1, 1, 64, -96, -1, -1, -1, -1, -1, -1, -1, -1, 1, 72, -98, -1, -1, -1, -1, -1, -1, -1, -1, 1, 80, -101, -1, -1, -1, -1, -1, -1, -1, -1, 1, 88, -97, -1, -1, -1, -1, -1, -1, -1, -1, 1, 66, 31, 8, -114, -41, -49, -50, 14, 16, 5, 24, 2, 34, 19, 8, -98, -23, 30, 16, -54, 1, 24, 41, 32, 13, 40, -126, -128, -52, -67, 21, 48, 2, 90, 0, 98, 10, 8, -85, -54, -73, -50, 14, 16, 3, 24, 5, 122, 20, 8, -122, -5, -42, -50, 14, 16, -1, -1, 1, 24, -1, -1, 1, 32, -1, -1, -1, -1, 15]
04-11 12:30:14.649 14034   947 D SubsysRadioIndication[0]: radioQosPeriodReportInd result [8, -84, -1, -42, -50, 14, 34, 12, 8, -84, -69, -57, -50, 14, 16, 4, 24, 1, 32, 3, 58, 61, 8, -58, -18, -42, -50, 14, 16, 5, 24, -64, -92, 38, 32, -22, 6, 40, -95, -1, -1, -1, -1, -1, -1, -1, -1, 1, 48, -10, -1, -1, -1, -1, -1, -1, -1, -1, 1, 56, 8, 64, -95, -1, -1, -1, -1, -1, -1, -1, -1, 1, 72, -97, -1, -1, -1, -1, -1, -1, -1, -1, 1, 66, 29, 8, -57, -20, -92, -50, 14, 16, 5, 34, 19, 8, -64, -92, 38, 16, -22, 6, 24, 78, 32, 13, 40, -117, -32, -94, -93, 2, 48, 2, 90, 0, 98, 10, 8, -41, -26, -92, -50, 14, 16, 3, 24, 5, 122, 15, 8, -8, -24, -92, -50, 14, 16, -52, 2, 24, -21, 1, 32, -90, 9]
04-11 12:30:14.649 14034 14034 D NetworkService[1]: handleMessage what:1005
04-11 12:30:14.649 14034 14034 D RadioAtomTracker: parseQosPeriodData ModemQos:CellularQosInfo1{5G, 504990/202, EndcState=2, Band=41, DLBW=13, Rsrp=-96, Rsrq=-14, Snr=0, SvcStatus=3, ULPDCPNumDataPdu=1, ULPDCPNumDropPdu=0, ULPDCPTput=53, ULRLCNumDataPdu=1, ULRLCNumRetxPdu=0, ULGrant=0, ULBSR=0, ULBler=1, DLPDCPNumDataPdu=1, DLPDCPTput=503, DLRLCNumDataPdu=1, DLRLCNumRetxPdu=0, DLRLCNumDropPdu=0, DLMACPaddingBytes=0, DLPdcpNumMissToUppPdu=0, DLBler=0, RlfCount=0, CellChangeCount=0, IsRedirectionOccur=0, IsDualSimConflict=0, Latency=6, Sub1RrcState=1, Sub2RrcState=3, RachCount=0, CalcPower=32767, Mtpl=32767, PathLoss=-1, CellLoad=0}
04-11 12:30:14.649 14034 14034 D NetworkService[1]: EVENT_REG_QOS_PERIOD_REPORT_IND_CHANGED ENTER
04-11 12:30:14.649 14034 14034 D NetworkService[0]: handleMessage what:1005
04-11 12:30:14.649 14034 14034 D RadioAtomTracker: parseQosPeriodData ModemQos:CellularQosInfo2{5G, 627264/874, EndcState=0, Band=78, DLBW=13, Rsrp=-95, Rsrq=-10, Snr=8, SvcStatus=3, ULPDCPNumDataPdu=-1, ULPDCPNumDropPdu=-1, ULPDCPTput=-1, ULRLCNumDataPdu=-1, ULRLCNumRetxPdu=-1, ULGrant=-1, ULBSR=-1, ULBler=-1, DLPDCPNumDataPdu=-1, DLPDCPTput=-1, DLRLCNumDataPdu=-1, DLRLCNumRetxPdu=-1, DLRLCNumDropPdu=-1, DLMACPaddingBytes=-1, DLPdcpNumMissToUppPdu=-1, DLBler=-1, RlfCount=0, CellChangeCount=0, IsRedirectionOccur=0, IsDualSimConflict=0, Latency=0, Sub1RrcState=1, Sub2RrcState=3, RachCount=0, CalcPower=332, Mtpl=235, PathLoss=1190, CellLoad=0}
04-11 12:30:14.649 14034 14034 D NetworkService[0]: EVENT_REG_QOS_PERIOD_REPORT_IND_CHANGED ENTER
04-11 12:30:14.649 14034 14034 D AtomModemKpiInfo: handleMessage what:1001
04-11 12:30:14.649 14034 14034 D AtomModemKpiInfo: analyseQosInfo success
04-11 12:30:14.702  3590  3590 D RefreshRate: app switch boost timeout,transition isPlaying:false isInInterruptScene:false
04-11 12:30:14.703  3590  3796 D InsetsSourceProvider: updateSourceFrameForServerVisibility mandatorySystemGestures EMPTY_RECT
04-11 12:30:14.703  3590  3796 D InsetsSourceProvider: updateSourceFrameForServerVisibility mandatorySystemGestures EMPTY_RECT
04-11 12:30:14.703  2280  2323 D vendor.oplus.hardware.charger-V10-service: ret_value:121, read content:,307,307,4362,4349,-46,93,95,1,1,0,494,5019,95,1,4480,600,500,0,0,9500,0,0,1,0,2,0,0,0,1,5868,96,0,4662,5046,0,0,0,0,0,0
04-11 12:30:14.703  3590  3875 D VRR [OPlusRefreshRateService]:  setDirectorStates [flag: 1, state: 0, directorStateOff: 0]
04-11 12:30:14.703  2280  2323 D vendor.oplus.hardware.charger-V10-service: gmtime: 2026-04-11-12-30-14
04-11 12:30:14.703  2399  8068 D VRR [RefreshRateDirector]: updateState mState = 1
04-11 12:30:14.703  2280  2323 D vendor.oplus.hardware.charger-V10-service: usb_online:1, ac_online:-2147483648, wireless_online:-2147483648
04-11 12:30:14.732  2280  2331 D BatteryChargeControl: bcc get no support from charging protocol
04-11 12:30:14.735  2181  2532 E CwbService: Panel not support apl read or getDisplayPanelAplValue timeout 10ms.
04-11 12:30:14.735  2258  2258 D SensorFeature: name=ssc_screenshot_info ,index = 22
04-11 12:30:14.735  2258  2258 D SensorFeature: write 39 bytes:929030087404146,929030138815760,29535,0
04-11 12:30:14.748 14034 15457 D AppSenseConfig: getIgnoreAppList: [com.android.launcher, com.android.contacts, com.oplus.wirelesssettings, com.coloros.alarmclock, com.coloros.calculator, com.coloros.calendar, com.coloros.phonemanager, com.android.settings, com.android.phone, com.oplus.nas, com.oplus.nhs, com.oplus.appdetail, com.android.permissioncontroller, com.oplus.pscanvas, com.oplus.autotest.test.ctp, com.android.systemui, com.android.systemui.overlay.fingerprint.anim.fy, com.android.systemui.overlay.fingerprint.anim.qy, com.android.systemui.overlay.fingerprint.anim.sw, com.android.systemui.overlay.fingerprint.anim.xw, com.android.systemui.overlay.fingerprint.anim.ccyh, com.android.systemui.overlay.fingerprint.anim.halo, com.android.systemui.overlay.fingerprint.anim.jslz, com.android.systemui.overlay.fingerprint.anim.none, com.android.systemui.overlay.fingerprint.anim.xklc]
04-11 12:30:14.748 14034 15457 D AppSenseConfig: getIgnoreAppList: [com.android.launcher, com.android.contacts, com.oplus.wirelesssettings, com.coloros.alarmclock, com.coloros.calculator, com.coloros.calendar, com.coloros.phonemanager, com.android.settings, com.android.phone, com.oplus.nas, com.oplus.nhs, com.oplus.appdetail, com.android.permissioncontroller, com.oplus.pscanvas, com.oplus.autotest.test.ctp, com.android.systemui, com.android.systemui.overlay.fingerprint.anim.fy, com.android.systemui.overlay.fingerprint.anim.qy, com.android.systemui.overlay.fingerprint.anim.sw, com.android.systemui.overlay.fingerprint.anim.xw, com.android.systemui.overlay.fingerprint.anim.ccyh, com.android.systemui.overlay.fingerprint.anim.halo, com.android.systemui.overlay.fingerprint.anim.jslz, com.android.systemui.overlay.fingerprint.anim.none, com.android.systemui.overlay.fingerprint.anim.xklc]
04-11 12:30:14.748 14034 15457 D AppSenseConfig: getIgnoreAppList: [com.android.launcher, com.android.contacts, com.oplus.wirelesssettings, com.coloros.alarmclock, com.coloros.calculator, com.coloros.calendar, com.coloros.phonemanager, com.android.settings, com.android.phone, com.oplus.nas, com.oplus.nhs, com.oplus.appdetail, com.android.permissioncontroller, com.oplus.pscanvas, com.oplus.autotest.test.ctp, com.android.systemui, com.android.systemui.overlay.fingerprint.anim.fy, com.android.systemui.overlay.fingerprint.anim.qy, com.android.systemui.overlay.fingerprint.anim.sw, com.android.systemui.overlay.fingerprint.anim.xw, com.android.systemui.overlay.fingerprint.anim.ccyh, com.android.systemui.overlay.fingerprint.anim.halo, com.android.systemui.overlay.fingerprint.anim.jslz, com.android.systemui.overlay.fingerprint.anim.none, com.android.systemui.overlay.fingerprint.anim.xklc]
04-11 12:30:14.748 14034 15457 D ActivityAdapter: taskChange: pre: 1, cur: 1, changed:true
04-11 12:30:14.748 14034 15457 D ActivityAdapter: notifyActivityQuery: [com.binance.monitor; com.binance.monitor.ui.settings.SettingsActivity; 1; COMMON; 10512]
04-11 12:30:14.749 14034 15457 D OPlusFrontAppManager: useAdapterResult, pkg=com.binance.monitor,activity=com.binance.monitor.ui.settings.SettingsActivity,result=true
04-11 12:30:14.749 14034 15457 D OPlusFrontAppManager: decide -->> [com.binance.monitor; com.binance.monitor.ui.settings.SettingsActivity; 1; COMMON; 10512]
04-11 12:30:14.749 14034 15457 D ConferenceScene: pkg:com.binance.monitor, activity:com.binance.monitor.ui.settings.SettingsActivity, appSense:COMMON
04-11 12:30:14.749 14034 15457 D ConferenceScene: pkg:com.binance.monitor, activity:com.binance.monitor.ui.chart.MarketChartActivity, appSense:COMMON
04-11 12:30:14.749 14034 15297 D CellMap/GameLatencyMapService: handleAppSceneChange: [{pkgName:com.binance.monitor,activityName:,winMode:1,event:COMMON,type:0,subEvent:0,pid:32357,uid:10512}]
04-11 12:30:14.749 14034 15297 D CellMap/QoeMapService: handleAppSceneChange: [{pkgName:com.binance.monitor,activityName:,winMode:1,event:COMMON,type:0,subEvent:0,pid:32357,uid:10512}]
04-11 12:30:14.749 14034 15297 D CellMap/QoeMapService: handleAppSceneChange update: 0
04-11 12:30:14.749 14034 15313 D Subsys-ScoreAppManager: handleMessage what:2
04-11 12:30:14.749 14034 15313 D Subsys-ScoreAppManager: EVENT_ID_APP_SENSE_CHANGE  onFrontActivityChanged
04-11 12:30:14.749 14034 14034 D AtomHighLoadSenseInfo: handleMessage what:1000
04-11 12:30:14.749 14034 15313 D Subsys-ScoreAppManager: appSceneChange fgAppUnits size 1 fgAppUnits [{pkgName:com.binance.monitor,activityName:,winMode:1,event:COMMON,type:0,subEvent:0,pid:32357,uid:10512}] mLastNetworkList[255, 264]
04-11 12:30:14.749 14034 14034 D AtomHighLoadSenseInfo: handleAppSenseChanged original mode:{live:0,video:0,voice call:0,video call:0,live host:0,meeting:0}
04-11 12:30:14.749 14034 14034 D AtomHighLoadSenseInfo: handleAppSenseChanged appInfoUnit:{pkgName:com.binance.monitor,activityName:,winMode:1,event:COMMON,type:0,subEvent:0,pid:32357,uid:10512}
04-11 12:30:14.749 14034 14034 D AtomNetworkScoreInfo: handleMessage: 1006
04-11 12:30:14.749 14034 15313 D Subsys-ScoreAppManager: createApp
04-11 12:30:14.749 14034 15313 D Subsys-ScoreAppManager: createApp
04-11 12:30:14.749 14034 14034 D AtomNetworkScoreInfo: top app size: 1
04-11 12:30:14.749 14034 14034 D AtomNetworkScoreInfo: Front app state: 1
04-11 12:30:14.749 14034 15313 D Subsys-ScoreAppManager: unit: {pkgName:com.binance.monitor,activityName:,winMode:1,event:COMMON,type:0,subEvent:0,pid:32357,uid:10512}
04-11 12:30:14.749 14034 14034 D AtomModemKpiInfo: handleMessage what:1000
04-11 12:30:14.749 14034 14034 D SceneService: handleMessage what:1004
04-11 12:30:14.749 14034 15313 D CommonApp-255-10512: DefaultState EVENT_SCENARIOS_CHANGE
04-11 12:30:14.749 14034 15313 D CommonApp-255-10512: scene=COMMON pn=com.binance.monitor
04-11 12:30:14.749 14034 14034 D SceneService: notifyAppSceneChanged original mode:{live:0,video:0,voice call:0,video call:0,live host:0,game:0,meeting:0,news:0,file transfer:0},appInfoUnit:[{pkgName:com.binance.monitor,activityName:,winMode:1,event:COMMON,type:0,subEvent:0,pid:32357,uid:10512}]
04-11 12:30:14.749 14034 15313 D CommonApp-264-10512: DefaultState EVENT_SCENARIOS_CHANGE
04-11 12:30:14.749 14034 15313 D CommonApp-264-10512: scene=COMMON pn=com.binance.monitor
04-11 12:30:14.749 14034 14034 D ExtremeCommService: handleMessage what:1012
04-11 12:30:14.749 14034 14034 D ExtremeCommService: updateAppInfo appInfoUnit: com.binance.monitor, winMode:1
04-11 12:30:14.749 14034 14034 D FrontAppsEvent: receive msg:1001
04-11 12:30:14.749 14034 14034 D FrontAppsEvent: onAppSceneUpdate, infoList:[{pkgName:com.binance.monitor,activityName:,winMode:1,event:COMMON,type:0,subEvent:0,pid:32357,uid:10512}]
04-11 12:30:14.750  3590  3795 D AppSenseClient: handleMessage: 100
04-11 12:30:14.750 14034 15457 D AppSenseService: notifySenseEvent: {pkgName:com.binance.monitor,activityName:com.binance.monitor.ui.settings.SettingsActivity,winMode:1,event:COMMON,type:0,subEvent:0,pid:32357,uid:10512},
04-11 12:30:14.750  8406  8866 D AppSenseClient: handleMessage: 100
04-11 12:30:14.750  3590  3795 D AppSenseClient: handleSenseEvent appInfoUnits: {pkgName:com.binance.monitor,activityName:com.binance.monitor.ui.settings.SettingsActivity,winMode:1,event:COMMON,type:0,subEvent:0,pid:32357,uid:10512},
04-11 12:30:14.750  3590  3795 D AppSenseClient: handleSenseEvent clients: 1
04-11 12:30:14.750  8406  8866 D AppSenseClient: handleSenseEvent appInfoUnits: {pkgName:com.binance.monitor,activityName:com.binance.monitor.ui.settings.SettingsActivity,winMode:1,event:COMMON,type:0,subEvent:0,pid:32357,uid:10512},
04-11 12:30:14.750  8498  8498 D AppSenseClient: handleMessage: 100
04-11 12:30:14.750  3590  3795 D AppSenseClient: handleSenseEvent clientId: 224279445
04-11 12:30:14.750  8406  8866 D AppSenseClient: handleSenseEvent clients: 1
04-11 12:30:14.750  8406  8866 D AppSenseClient: handleSenseEvent clientId: 101737326
04-11 12:30:14.750 13839 14411 D AppSenseClient: handleMessage: 100
04-11 12:30:14.750  8498  8498 D AppSenseClient: handleSenseEvent appInfoUnits: {pkgName:com.binance.monitor,activityName:com.binance.monitor.ui.settings.SettingsActivity,winMode:1,event:COMMON,type:0,subEvent:0,pid:32357,uid:10512},
04-11 12:30:14.750  8406  8866 D AppSenseClient: notifyAppChanges: [{pkgName:com.binance.monitor,activityName:com.binance.monitor.ui.settings.SettingsActivity,winMode:1,event:COMMON,type:0,subEvent:0,pid:32357,uid:10512}]
04-11 12:30:14.750  8498  8498 D AppSenseClient: handleSenseEvent clients: 1
04-11 12:30:14.750  8498  8498 D AppSenseClient: handleSenseEvent clientId: 74017188
04-11 12:30:14.750  3590  3795 D AppSenseClient: notifyAppChanges: [{pkgName:com.binance.monitor,activityName:com.binance.monitor.ui.settings.SettingsActivity,winMode:1,event:COMMON,type:0,subEvent:0,pid:32357,uid:10512}]
04-11 12:30:14.750 13839 14411 D AppSenseClient: handleSenseEvent appInfoUnits: {pkgName:com.binance.monitor,activityName:com.binance.monitor.ui.settings.SettingsActivity,winMode:1,event:COMMON,type:0,subEvent:0,pid:32357,uid:10512},
04-11 12:30:14.750  8498  8498 D AppSenseClient: notifyAppChanges: [{pkgName:com.binance.monitor,activityName:com.binance.monitor.ui.settings.SettingsActivity,winMode:1,event:COMMON,type:0,subEvent:0,pid:32357,uid:10512}]
04-11 12:30:14.750 13839 14411 D AppSenseClient: handleSenseEvent clients: 1
04-11 12:30:14.750 13839 14411 D AppSenseClient: handleSenseEvent clientId: 106466519
04-11 12:30:14.750  8498  8498 D NhsAppSenseListener: onAppChanged, app list size: 1
04-11 12:30:14.750 13839 14411 D AppSenseClient: notifyAppChanges: [{pkgName:com.binance.monitor,activityName:com.binance.monitor.ui.settings.SettingsActivity,winMode:1,event:COMMON,type:0,subEvent:0,pid:32357,uid:10512}]
04-11 12:30:14.750 13839 14411 D NAS-DataSceneEvent: onAppChanged, app list size: 1
04-11 12:30:14.750 13839 14411 D NAS-DataSceneEvent: updateAppSenseChange [{pkgName:com.binance.monitor,activityName:com.binance.monitor.ui.settings.SettingsActivity,winMode:1,event:COMMON,type:0,subEvent:0,pid:32357,uid:10512}]
04-11 12:30:14.750 13839 14674 D OplusLinkBoostSceneManager: handleAppSceneChange: live broadcast off
04-11 12:30:14.751 13839 14698 E OplusNetlinkConnect: parse rsp msg failed!Message missing required fields: header
04-11 12:30:14.754 32357 32357 I ChainTrace: stream type=syncEvent gapMs=1115 refreshMarket=true
04-11 12:30:14.793  2181  2506 I SDM     : DisplayBuiltIn::IdlePowerCollapse: IPC received, disabling partial update for one frame
04-11 12:30:14.821  2113 20704 I sensors-hal: handle_oplus_wise_rgb_event:189, high_pwm_light:lux 134.3,cct 5834.5,brl/algo/ir 1310.0/2.0/59.1,pwm/dc 0.0/0.0,rgbc 6353.973145/4302.448242/2735.041260/12033.336914,ts 929030095870516,cnt 34370,flag 29535
04-11 12:30:14.822  2113 17862 I sensors-hal: handle_oplus_wise_rgb_event:161, wise_rgb: (34371)(cct, lux, ir)[5834.50, 134.30, 59.143047] (r, g, b, c)[6393.84, 4331.04, 2743.87, 12058.98]                 (pwm, hbm, brl, algo)[0.0 0.0 1310.0 2.0], flag 29535
04-11 12:30:14.835  4482  4680 W ServiceManagerCppClient: Waited one second for SystemClearService (is service started? Number of threads started in the threadpool: 16. Are binder threads started and available?)
04-11 12:30:14.835  4482  4659 W ServiceManagerCppClient: Waited one second for SystemClearService (is service started? Number of threads started in the threadpool: 16. Are binder threads started and available?)
04-11 12:30:14.837  1254 27719 W libc    : Unable to set property "ctl.interface_start" to "aidl/SystemClearService": PROP_ERROR_HANDLE_CONTROL_MESSAGE (0x20)
04-11 12:30:14.837  1254 27718 W libc    : Unable to set property "ctl.interface_start" to "aidl/SystemClearService": PROP_ERROR_HANDLE_CONTROL_MESSAGE (0x20)
