04-11 13:17:18.227  3590  3796 D OplusTransitionController:  OplusTransitionExtendedInfo{mTmpFinishT=null, mInOplusCompatMode=false, mIsProcessRunning=true, mHasMismatchBoundsTarget=false, mRecentsController=null, mRemoteTransition=null, mIsTranslucentActivityToHome=false, mAvoidInterceptKeyEventToHome=false, mIsFromHome=false, mParentLeash=null, mBackAnimClosingLeash=null, mIsOplusAnimRes=false, mKeepBgForContinuous=false, mIsBalAllow=false, mTaskNotInRecent=false, mIsPredictiveBackAnim=false, mIsMergedWithPredictive=false, mIsLaunchFromSpruce=false, mIsLaunchFromDrive=false, mGlobalSearchPageSwitch=false, mNeedNoAlphaGlobalSearchScene=false, mAssistScreenShowing=false, mSwipeUpBrowserScreenShowing=false, mUserIdTransition=0
04-11 13:17:18.227  3590  3796 D OplusTransitionController: , mInRemoteScene=false, mInPreReady=false, mPreStart=false, mToken=null, mAbortByRemoteFromHome=false, mShellApplyToken=null, mRequestTransitionTaskId=13179, mAbortTransitionOnShell=0, mStartFromShortcut=false, mRemovedTaskId=-1, mTransitionInterruptType=0, mMergeSecondTaskId=-1, mTaskIdStartFromRecents=0, mTransitionId=27193, mCanUseSpringSlideAnim=false, mTransitionLaunchFrom=0, mFoldChangeType=-1, mAnimStartingPosition=[0, 0, 0, 0], mIsOpeningStkDialogActivity=false, mSecondaryHomeToFrontWhenUnFolding=false, mIsNeedApplyStartTForEmbedded=false
04-11 13:17:18.227  3590  3796 D OplusTransitionController: , mNeedCanvasExitAnim=false, mMergeSecondTaskAnimation=false, mIsLaunchUnityStart=false, mIsLaunchFromAssistantByDefault=false, mSkipRemoteTransitionfalse, mIsStartFromKeyguard=false flags=0x0, mWCT=null, mIsOpenMergeToInValidPredictive=false, mPromoteTaskWhenKeyguard-1, mRootLayerZOrderArray={}}]}, targets : [ChangeInfo{8baa876 container=Task{1abb46b #12626 type=standard A=10345:com.tencent.mm} flags=0x30}, ChangeInfo{811de77 container=Task{8219bc0 #13179 type=standard A=10512:com.binance.monitor} flags=0x10}], participants: {Task{1abb46b #12626 type=standard A=10345:com.tencent.mm}, ActivityRecord{89480946 u0 com.binance.monitor/.ui.main.MainActivity t13179 f} isExiting}, Task{8219bc0 #13179 type=standard A=10512:com.binance.monitor}, ActivityRecord{154653414 u0 com.binance.monitor/.ui.account.AccountStatsBridgeActivity t-1 f}}, ActivityRecord{240062920 u0 com.tencent.mm/.ui.LauncherUI t12626}}
04-11 13:17:18.227 15031 15220 I Quality-ScreenOnOffLogProcessor: withInScreenOnOffRange mIsScreenOn:true refTime:1775884637685 mRecentScreenOnTime:1775878373956 mRecentScreenOffTime:1775878373425
04-11 13:17:18.227  3590  3796 W WindowManager: captureTaskSnapshot mSnapshotMode= 0 source=Task{8219bc0 #13179 type=standard A=10512:com.binance.monitor}
04-11 13:17:18.227  3590  3796 D TaskSnapshotControllerExtImpl: createTaskSnapshot isCompatMode:false, isCompactWindow:false
04-11 13:17:18.227  3590  3796 W AbsAppSnapshotControllerExtImpl: updateExcludeLayers, addExcludeLayerList is null or empty, return excludeLayers
04-11 13:17:18.228  8338  8437 V WindowManagerShell: onTransitionReady(transaction=15418935206355)
04-11 13:17:18.228  8338  8381 V WindowManagerShell: onTransitionReady (#27193) android.os.BinderProxy@c20b70a: {id=27193 t=OPEN f=0x0 trk=0 r=[0@Point(0, 0)] c=[
04-11 13:17:18.228  8338  8381 V WindowManagerShell:         {m=TO_FRONT f=MOVE_TO_TOP leash=Surface(name=Task=12626)/@0x72e9f1 sb=Rect(0, 0 - 1264, 2780) eb=Rect(0, 0 - 1264, 2780) epz=Point(1264, 2780) d=0 taskParent=-1},
04-11 13:17:18.228  8338  8381 V WindowManagerShell:         {m=TO_BACK f=NONE leash=Surface(name=Task=13179)/@0x59b39d6 sb=Rect(0, 0 - 1264, 2780) eb=Rect(0, 0 - 1264, 2780) epz=Point(1264, 2780) d=0 taskParent=-1}
04-11 13:17:18.228  8338  8381 V WindowManagerShell:     ] 
04-11 13:17:18.228  8338  8381 V WindowManagerShell: extendInfo=[
04-11 13:17:18.228  8338  8381 V WindowManagerShell:  OplusTransitionExtendedInfo{mTmpFinishT=null, mInOplusCompatMode=false, mIsProcessRunning=true, mHasMismatchBoundsTarget=false, mRecentsController=null, mRemoteTransition=null, mIsTranslucentActivityToHome=false, mAvoidInterceptKeyEventToHome=false, mIsFromHome=false, mParentLeash=null, mBackAnimClosingLeash=null, mIsOplusAnimRes=false, mKeepBgForContinuous=false, mIsBalAllow=false, mTaskNotInRecent=false, mIsPredictiveBackAnim=false, mIsMergedWithPredictive=false, mIsLaunchFromSpruce=false, mIsLaunchFromDrive=false, mGlobalSearchPageSwitch=false, mNeedNoAlphaGlobalSearchScene=false, mAssistScreenShowing=false, mSwipeUpBrowserScreenShowing=false, mUserIdTransition=0
04-11 13:17:18.228  8338  8381 V WindowManagerShell: , mInRemoteScene=false, mInPreReady=false, mPreStart=false, mToken=null, mAbortByRemoteFromHome=false, mShellApplyToken=null, mRequestTransitionTaskId=13179, mAbortTransitionOnShell=0, mStartFromShortcut=false, mRemovedTaskId=-1, mTransitionInterruptType=0, mMergeSecondTaskId=-1, mTaskIdStartFromRecents=0, mTransitionId=27193, mCanUseSpringSlideAnim=false, mTransitionLaunchFrom=0, mFoldChangeType=-1, mAnimStartingPosition=[0, 0, 0, 0], mIsOpeningStkDialogActivity=false, mSecondaryHomeToFrontWhenUnFolding=false, mIsNeedApplyStartTForEmbedded=false
04-11 13:17:18.228  8338  8381 V WindowManagerShell: , mNeedCanvasExitAnim=false, mMergeSecondTaskAnimation=false, mIsLaunchUnityStart=false, mIsLaunchFromAssistantByDefault=false, mSkipRemoteTransitionfalse, mIsStartFromKeyguard=false flags=0x0, mWCT=null, mIsOpenMergeToInValidPredictive=false, mPromoteTaskWhenKeyguard-1, mRootLayerZOrderArray={}}]}
04-11 13:17:18.228  8338  8381 D OplusShellTransition: dispatchReady, active:(#27193) android.os.BinderProxy@c20b70a@0, isSync=false, track:com.android.wm.shell.transition.Transitions$Track@f3fa59b
04-11 13:17:18.228  8338  8381 D OplusShellTransition: Abort transition (#27193) android.os.BinderProxy@c20b70a@0 WMCore requested. reason: 0; abortTransition: false
04-11 13:17:18.228 13843 10067 I LogKit_OLC_CrashBox_ExceptionInfoEntity: exceptionInfoCollector get type:crash
04-11 13:17:18.228 13843 10067 I LogKit_OLC_CrashBox_ExceptionInfoEntity: exceptionInfoCollector get componentName:java.lang.IllegalStateException
04-11 13:17:18.228  8338  8381 V WindowManagerShell: Playing animation for (#27193) android.os.BinderProxy@c20b70a@0
04-11 13:17:18.229  8338  8381 V ShellRecents: RecentsTransitionHandler.startAnimation: no controller found
04-11 13:17:18.229  8338  8381 V WindowManagerShell: start OnePuttTransition animation, info = {id=27193 t=OPEN f=0x0 trk=0 r=[0@Point(0, 0)] c=[{m=TO_FRONT f=MOVE_TO_TOP leash=Surface(name=Task=12626)/@0x72e9f1 sb=Rect(0, 0 - 1264, 2780) eb=Rect(0, 0 - 1264, 2780) epz=Point(1264, 2780) d=0 taskParent=-1},{m=TO_BACK f=NONE leash=Surface(name=Task=13179)/@0x59b39d6 sb=Rect(0, 0 - 1264, 2780) eb=Rect(0, 0 - 1264, 2780) epz=Point(1264, 2780) d=0 taskParent=-1}] 
04-11 13:17:18.229  8338  8381 V WindowManagerShell: extendInfo=[
04-11 13:17:18.229  8338  8381 V WindowManagerShell:  OplusTransitionExtendedInfo{mTmpFinishT=null, mInOplusCompatMode=false, mIsProcessRunning=true, mHasMismatchBoundsTarget=false, mRecentsController=null, mRemoteTransition=null, mIsTranslucentActivityToHome=false, mAvoidInterceptKeyEventToHome=false, mIsFromHome=false, mParentLeash=null, mBackAnimClosingLeash=null, mIsOplusAnimRes=false, mKeepBgForContinuous=false, mIsBalAllow=false, mTaskNotInRecent=false, mIsPredictiveBackAnim=false, mIsMergedWithPredictive=false, mIsLaunchFromSpruce=false, mIsLaunchFromDrive=false, mGlobalSearchPageSwitch=false, mNeedNoAlphaGlobalSearchScene=false, mAssistScreenShowing=false, mSwipeUpBrowserScreenShowing=false, mUserIdTransition=0
04-11 13:17:18.229  8338  8381 V WindowManagerShell: , mInRemoteScene=false, mInPreReady=false, mPreStart=false, mToken=null, mAbortByRemoteFromHome=false, mShellApplyToken=null, mRequestTransitionTaskId=13179, mAbortTransitionOnShell=0, mStartFromShortcut=false, mRemovedTaskId=-1, mTransitionInterruptType=0, mMergeSecondTaskId=-1, mTaskIdStartFromRecents=0, mTransitionId=27193, mCanUseSpringSlideAnim=false, mTransitionLaunchFrom=0, mFoldChangeType=-1, mAnimStartingPosition=[0, 0, 0, 0], mIsOpeningStkDialogActivity=false, mSecondaryHomeToFrontWhenUnFolding=false, mIsNeedApplyStartTForEmbedded=false
04-11 13:17:18.229  8338  8381 V WindowManagerShell: , mNeedCanvasExitAnim=false, mMergeSecondTaskAnimation=false, mIsLaunchUnityStart=false, mIsLaunchFromAssistantByDefault=false, mSkipRemoteTransitionfalse, mIsStartFromKeyguard=false flags=0x0, mWCT=null, mIsOpenMergeToInValidPredictive=false, mPromoteTaskWhenKeyguard-1, mRootLayerZOrderArray={}}]}
04-11 13:17:18.229  8338  8381 D FlexibleTaskTransitionHandler:  performAnimation transition:android.os.BinderProxy@c20b70a ,info:{id=27193 t=OPEN f=0x0 trk=0 r=[0@Point(0, 0)] c=[{m=TO_FRONT f=MOVE_TO_TOP leash=Surface(name=Task=12626)/@0x72e9f1 sb=Rect(0, 0 - 1264, 2780) eb=Rect(0, 0 - 1264, 2780) epz=Point(1264, 2780) d=0 taskParent=-1},{m=TO_BACK f=NONE leash=Surface(name=Task=13179)/@0x59b39d6 sb=Rect(0, 0 - 1264, 2780) eb=Rect(0, 0 - 1264, 2780) epz=Point(1264, 2780) d=0 taskParent=-1}] 
04-11 13:17:18.229  8338  8381 D FlexibleTaskTransitionHandler: extendInfo=[
04-11 13:17:18.229  8338  8381 D FlexibleTaskTransitionHandler:  OplusTransitionExtendedInfo{mTmpFinishT=null, mInOplusCompatMode=false, mIsProcessRunning=true, mHasMismatchBoundsTarget=false, mRecentsController=null, mRemoteTransition=null, mIsTranslucentActivityToHome=false, mAvoidInterceptKeyEventToHome=false, mIsFromHome=false, mParentLeash=null, mBackAnimClosingLeash=null, mIsOplusAnimRes=false, mKeepBgForContinuous=false, mIsBalAllow=false, mTaskNotInRecent=false, mIsPredictiveBackAnim=false, mIsMergedWithPredictive=false, mIsLaunchFromSpruce=false, mIsLaunchFromDrive=false, mGlobalSearchPageSwitch=false, mNeedNoAlphaGlobalSearchScene=false, mAssistScreenShowing=false, mSwipeUpBrowserScreenShowing=false, mUserIdTransition=0
04-11 13:17:18.229  8338  8381 D FlexibleTaskTransitionHandler: , mInRemoteScene=false, mInPreReady=false, mPreStart=false, mToken=null, mAbortByRemoteFromHome=false, mShellApplyToken=null, mRequestTransitionTaskId=13179, mAbortTransitionOnShell=0, mStartFromShortcut=false, mRemovedTaskId=-1, mTransitionInterruptType=0, mMergeSecondTaskId=-1, mTaskIdStartFromRecents=0, mTransitionId=27193, mCanUseSpringSlideAnim=false, mTransitionLaunchFrom=0, mFoldChangeType=-1, mAnimStartingPosition=[0, 0, 0, 0], mIsOpeningStkDialogActivity=false, mSecondaryHomeToFrontWhenUnFolding=false, mIsNeedApplyStartTForEmbedded=false
04-11 13:17:18.229  8338  8381 D FlexibleTaskTransitionHandler: , mNeedCanvasExitAnim=false, mMergeSecondTaskAnimation=false, mIsLaunchUnityStart=false, mIsLaunchFromAssistantByDefault=false, mSkipRemoteTransitionfalse, mIsStartFromKeyguard=false flags=0x0, mWCT=null, mIsOpenMergeToInValidPredictive=false, mPromoteTaskWhenKeyguard-1, mRootLayerZOrderArray={}}]}
04-11 13:17:18.229  8338  8381 D FlexibleTaskTransitionHandler:  no need handler this transitionInfo: {id=27193 t=OPEN f=0x0 trk=0 r=[0@Point(0, 0)] c=[{m=TO_FRONT f=MOVE_TO_TOP leash=Surface(name=Task=12626)/@0x72e9f1 sb=Rect(0, 0 - 1264, 2780) eb=Rect(0, 0 - 1264, 2780) epz=Point(1264, 2780) d=0 taskParent=-1},{m=TO_BACK f=NONE leash=Surface(name=Task=13179)/@0x59b39d6 sb=Rect(0, 0 - 1264, 2780) eb=Rect(0, 0 - 1264, 2780) epz=Point(1264, 2780) d=0 taskParent=-1}] 
04-11 13:17:18.229  8338  8381 D FlexibleTaskTransitionHandler: extendInfo=[
04-11 13:17:18.229  8338  8381 D FlexibleTaskTransitionHandler:  OplusTransitionExtendedInfo{mTmpFinishT=null, mInOplusCompatMode=false, mIsProcessRunning=true, mHasMismatchBoundsTarget=false, mRecentsController=null, mRemoteTransition=null, mIsTranslucentActivityToHome=false, mAvoidInterceptKeyEventToHome=false, mIsFromHome=false, mParentLeash=null, mBackAnimClosingLeash=null, mIsOplusAnimRes=false, mKeepBgForContinuous=false, mIsBalAllow=false, mTaskNotInRecent=false, mIsPredictiveBackAnim=false, mIsMergedWithPredictive=false, mIsLaunchFromSpruce=false, mIsLaunchFromDrive=false, mGlobalSearchPageSwitch=false, mNeedNoAlphaGlobalSearchScene=false, mAssistScreenShowing=false, mSwipeUpBrowserScreenShowing=false, mUserIdTransition=0
04-11 13:17:18.229  8338  8381 D FlexibleTaskTransitionHandler: , mInRemoteScene=false, mInPreReady=false, mPreStart=false, mToken=null, mAbortByRemoteFromHome=false, mShellApplyToken=null, mRequestTransitionTaskId=13179, mAbortTransitionOnShell=0, mStartFromShortcut=false, mRemovedTaskId=-1, mTransitionInterruptType=0, mMergeSecondTaskId=-1, mTaskIdStartFromRecents=0, mTransitionId=27193, mCanUseSpringSlideAnim=false, mTransitionLaunchFrom=0, mFoldChangeType=-1, mAnimStartingPosition=[0, 0, 0, 0], mIsOpeningStkDialogActivity=false, mSecondaryHomeToFrontWhenUnFolding=false, mIsNeedApplyStartTForEmbedded=false
04-11 13:17:18.229  8338  8381 D FlexibleTaskTransitionHandler: , mNeedCanvasExitAnim=false, mMergeSecondTaskAnimation=false, mIsLaunchUnityStart=false, mIsLaunchFromAssistantByDefault=false, mSkipRemoteTransitionfalse, mIsStartFromKeyguard=false flags=0x0, mWCT=null, mIsOpenMergeToInValidPredictive=false, mPromoteTaskWhenKeyguard-1, mRootLayerZOrderArray={}}]}
04-11 13:17:18.229 13843 10067 D LogKit_OLC_CrashBox_PackageUtils: PackageName: com.binance.monitor
04-11 13:17:18.229  8338  8381 V WindowManagerShell: Transition doesn't have explicit remote, search filters for match for {id=27193 t=OPEN f=0x0 trk=0 r=[0@Point(0, 0)] c=[{m=TO_FRONT f=MOVE_TO_TOP leash=Surface(name=Task=12626)/@0x72e9f1 sb=Rect(0, 0 - 1264, 2780) eb=Rect(0, 0 - 1264, 2780) epz=Point(1264, 2780) d=0 taskParent=-1},{m=TO_BACK f=NONE leash=Surface(name=Task=13179)/@0x59b39d6 sb=Rect(0, 0 - 1264, 2780) eb=Rect(0, 0 - 1264, 2780) epz=Point(1264, 2780) d=0 taskParent=-1}] 
04-11 13:17:18.229  8338  8381 V WindowManagerShell: extendInfo=[
04-11 13:17:18.229  8338  8381 V WindowManagerShell:  OplusTransitionExtendedInfo{mTmpFinishT=null, mInOplusCompatMode=false, mIsProcessRunning=true, mHasMismatchBoundsTarget=false, mRecentsController=null, mRemoteTransition=null, mIsTranslucentActivityToHome=false, mAvoidInterceptKeyEventToHome=false, mIsFromHome=false, mParentLeash=null, mBackAnimClosingLeash=null, mIsOplusAnimRes=false, mKeepBgForContinuous=false, mIsBalAllow=false, mTaskNotInRecent=false, mIsPredictiveBackAnim=false, mIsMergedWithPredictive=false, mIsLaunchFromSpruce=false, mIsLaunchFromDrive=false, mGlobalSearchPageSwitch=false, mNeedNoAlphaGlobalSearchScene=false, mAssistScreenShowing=false, mSwipeUpBrowserScreenShowing=false, mUserIdTransition=0
04-11 13:17:18.229  8338  8381 V WindowManagerShell: , mInRemoteScene=false, mInPreReady=false, mPreStart=false, mToken=null, mAbortByRemoteFromHome=false, mShellApplyToken=null, mRequestTransitionTaskId=13179, mAbortTransitionOnShell=0, mStartFromShortcut=false, mRemovedTaskId=-1, mTransitionInterruptType=0, mMergeSecondTaskId=-1, mTaskIdStartFromRecents=0, mTransitionId=27193, mCanUseSpringSlideAnim=false, mTransitionLaunchFrom=0, mFoldChangeType=-1, mAnimStartingPosition=[0, 0, 0, 0], mIsOpeningStkDialogActivity=false, mSecondaryHomeToFrontWhenUnFolding=false, mIsNeedApplyStartTForEmbedded=false
04-11 13:17:18.229  8338  8381 V WindowManagerShell: , mNeedCanvasExitAnim=false, mMergeSecondTaskAnimation=false, mIsLaunchUnityStart=false, mIsLaunchFromAssistantByDefault=false, mSkipRemoteTransitionfalse, mIsStartFromKeyguard=false flags=0x0, mWCT=null, mIsOpenMergeToInValidPredictive=false, mPromoteTaskWhenKeyguard-1, mRootLayerZOrderArray={}}]}
04-11 13:17:18.229  8338  8381 V WindowManagerShell:  Checking filter Pair{{types=[] flags=0x0] notFlags=0x100 checks=[{atype=home independent=true modes=[OPEN,TO_FRONT] flags=NONE mustBeTask=false order=TOP topActivity=ComponentInfo{com.android.launcher/com.android.launcher.Launcher} launchCookie=null windowingMode=undefined},{atype=standard independent=true modes=[CLOSE,TO_BACK] flags=NONE mustBeTask=false order=ANY topActivity=null launchCookie=null windowingMode=undefined}]} RemoteTransition { remoteTransition = android.window.IRemoteTransition$Stub$Proxy@a5bfc11, appThread = android.app.IApplicationThread$Stub$Proxy@61db176, debugName = QuickstepLaunchHome }}
04-11 13:17:18.229  8338  8381 V WindowManagerShell:  Delegate animation for (#27193) to null
04-11 13:17:18.229  8338  8381 V WindowManagerShell: start default transition animation, info = {id=27193 t=OPEN f=0x0 trk=0 r=[0@Point(0, 0)] c=[{m=TO_FRONT f=MOVE_TO_TOP leash=Surface(name=Task=12626)/@0x72e9f1 sb=Rect(0, 0 - 1264, 2780) eb=Rect(0, 0 - 1264, 2780) epz=Point(1264, 2780) d=0 taskParent=-1},{m=TO_BACK f=NONE leash=Surface(name=Task=13179)/@0x59b39d6 sb=Rect(0, 0 - 1264, 2780) eb=Rect(0, 0 - 1264, 2780) epz=Point(1264, 2780) d=0 taskParent=-1}] 
04-11 13:17:18.229  8338  8381 V WindowManagerShell: extendInfo=[
04-11 13:17:18.229  8338  8381 V WindowManagerShell:  OplusTransitionExtendedInfo{mTmpFinishT=null, mInOplusCompatMode=false, mIsProcessRunning=true, mHasMismatchBoundsTarget=false, mRecentsController=null, mRemoteTransition=null, mIsTranslucentActivityToHome=false, mAvoidInterceptKeyEventToHome=false, mIsFromHome=false, mParentLeash=null, mBackAnimClosingLeash=null, mIsOplusAnimRes=false, mKeepBgForContinuous=false, mIsBalAllow=false, mTaskNotInRecent=false, mIsPredictiveBackAnim=false, mIsMergedWithPredictive=false, mIsLaunchFromSpruce=false, mIsLaunchFromDrive=false, mGlobalSearchPageSwitch=false, mNeedNoAlphaGlobalSearchScene=false, mAssistScreenShowing=false, mSwipeUpBrowserScreenShowing=false, mUserIdTransition=0
04-11 13:17:18.229  8338  8381 V WindowManagerShell: , mInRemoteScene=false, mInPreReady=false, mPreStart=false, mToken=null, mAbortByRemoteFromHome=false, mShellApplyToken=null, mRequestTransitionTaskId=13179, mAbortTransitionOnShell=0, mStartFromShortcut=false, mRemovedTaskId=-1, mTransitionInterruptType=0, mMergeSecondTaskId=-1, mTaskIdStartFromRecents=0, mTransitionId=27193, mCanUseSpringSlideAnim=false, mTransitionLaunchFrom=0, mFoldChangeType=-1, mAnimStartingPosition=[0, 0, 0, 0], mIsOpeningStkDialogActivity=false, mSecondaryHomeToFrontWhenUnFolding=false, mIsNeedApplyStartTForEmbedded=false
04-11 13:17:18.229  8338  8381 V WindowManagerShell: , mNeedCanvasExitAnim=false, mMergeSecondTaskAnimation=false, mIsLaunchUnityStart=false, mIsLaunchFromAssistantByDefault=false, mSkipRemoteTransitionfalse, mIsStartFromKeyguard=false flags=0x0, mWCT=null, mIsOpenMergeToInValidPredictive=false, mPromoteTaskWhenKeyguard-1, mRootLayerZOrderArray={}}]}
04-11 13:17:18.229  8338  8381 D FSS_OplusFoldSwitchStateObserver: cancelAnimationIfNeedWhenFolding: foldChangeType = -1
04-11 13:17:18.229  8338  8381 W OplusShellTransition: no system app in targets, skip loading oplus animation.
04-11 13:17:18.230  8338  8381 V WindowManagerShell: loadAnimation: anim=android.view.animation.AnimationSet@caa17b0 animAttr=0x9 type=OPEN isEntrance=false
04-11 13:17:18.230  8338  8381 D OplusShellTransition: default transition handler transfer value refresh rate rect:Rect(0, 0 - 1264, 2780)
04-11 13:17:18.230  8338  8381 D OplusShellTransition: startAnimation transitionToken=android.os.BinderProxy@c20b70a
04-11 13:17:18.230  8338  8381 D AdfrV32FrameRateUtils: getAnimationVelocityCalculator, leash=Surface(name=Task=13179)/@0x59b39d6, transaction=android.view.SurfaceControl$Transaction@c85a9a9, typeId=20101, typeEnable=false
04-11 13:17:18.230  8338  8381 W OplusShellTransition: no system app in targets, skip loading oplus animation.
04-11 13:17:18.230  8338  8381 V WindowManagerShell: loadAnimation: anim=android.view.animation.AnimationSet@53fadae animAttr=0x8 type=OPEN isEntrance=true
04-11 13:17:18.230  8338  8381 D OplusShellTransition: default transition handler transfer value refresh rate rect:Rect(0, 0 - 1264, 2780)
04-11 13:17:18.230  8338  8381 D OplusShellTransition: startAnimation transitionToken=android.os.BinderProxy@c20b70a
04-11 13:17:18.230  8338  8381 D AdfrV32FrameRateUtils: getAnimationVelocityCalculator, leash=Surface(name=Task=12626)/@0x72e9f1, transaction=android.view.SurfaceControl$Transaction@c85a9a9, typeId=20101, typeEnable=false
04-11 13:17:18.230  8338  8381 D OplusShellTransition: addBackgroundColorOnTask, , isTaskLevelTransition = true, hasBgAlready = false
04-11 13:17:18.231  8338  8381 V WindowManagerShell:  animated by com.android.wm.shell.transition.DefaultTransitionHandler@423c8cd
04-11 13:17:18.231  8338  8381 D OplusShellTransition: dispatchTransition, animated mHandler: com.android.wm.shell.transition.DefaultTransitionHandler@423c8cd
04-11 13:17:18.231  8338  8397 D AdfrV32FrameRateUtils: animationVelocityCalculator: nullbounds: 0 0 1264 2780
04-11 13:17:18.231  8338  8397 D AdfrV32FrameRateUtils: animationVelocityCalculator: nullbounds: 0 0 1264 2780
04-11 13:17:18.232  9059  9319 I Process : Sending signal. PID: 5830 SIG: 9
04-11 13:17:18.232 13843 10067 I com.oplus.olc: AssetManager2(0xb400007246ca0d28) locale list changing from [] to [zh-CN]
04-11 13:17:18.232 13843 10067 D LogKit_OLC_CrashBox_PackageUtils: PackageName: com.binance.monitor
04-11 13:17:18.233  3590  3796 D TaskSnapshotCache: putSnapshot mRunningCache top= ActivityRecord{89480946 u0 com.binance.monitor/.ui.main.MainActivity t13179 f} isExiting}, mTaskId=13179, snapshot=TaskSnapshot{ mId=1775884638227 mCaptureTime=931853647855048 mTopActivityComponent=com.binance.monitor/.ui.main.MainActivity mSnapshot=android.hardware.HardwareBuffer@15eef49 (1264x2780) mColorSpace=sRGB IEC61966-2.1 (id=0, model=RGB) mOrientation=1 mRotation=0 mTaskSize=Point(1264, 2780) mOplusCompatMode=false mTopActivityBounds=[0,140][1264,2780] mHasDimLayer=false mContentInsets=[0,140][0,0] mLetterboxInsets=[0,0][0,0] mIsLowResolution=false mIsRealSnapshot=true mWindowingMode=1 mAppearance=0 mIsTranslucent=true mHasImeSurface=false mInternalReferences=2 mUiMode=21, mAppIdMap size= 3
04-11 13:17:18.234  3590  3792 V WindowManager: Sent Transition (#27193) createdAt=04-11 13:17:17.681 via request=TransitionRequestInfo { type = OPEN, triggerTask = TaskInfo{userId=0 taskId=13179 effectiveUid=10512 displayId=0 isRunning=true baseIntent=Intent { flg=0x10000000 cmp=com.binance.monitor/.ui.main.MainActivity mCallingUid=2000 } baseActivity=ComponentInfo{com.binance.monitor/com.binance.monitor.ui.main.MainActivity} topActivity=ComponentInfo{com.binance.monitor/com.binance.monitor.ui.account.AccountStatsBridgeActivity} origActivity=null realActivity=ComponentInfo{com.binance.monitor/com.binance.monitor.ui.main.MainActivity}
04-11 13:17:18.234  3590  3792 V WindowManager:  numActivities=2 lastActiveTime=931853097 supportsSplitScreenMultiWindow=true supportsMultiWindow=true supportsPocketStudioMultiWindow=true isInFlexibleEmbedded = false uid = 10512 pid = 0 resizeMode=1 isResizeable=true minWidth=-1 minHeight=-1 defaultMinSize=220 token=WCT{RemoteToken{54d807f Task{8219bc0 #13179 type=standard A=10512:com.binance.monitor}}} topActivityType=1 pictureInPictureParams=null shouldDockBigOverlays=false launchIntoPipHostTaskId=-1 lastParentTaskIdBeforePip=-1 displayCutoutSafeInsets=Rect(0, 0 - 0, 0)
04-11 13:17:18.234  3590  3792 V WindowManager:  topActivityInfo=ActivityInfo{dca504e com.binance.monitor.ui.account.AccountStatsBridgeActivity} launchCookies=[] positionInParent=Point(0, 0) parentTaskId=-1 isFocused=true isVisible=true isVisibleRequested=true isTopActivityNoDisplay=false isSleeping=false locusId=null displayAreaFeatureId=1 isTopActivityTransparent=false isActivityStackTransparent=false lastNonFullscreenBounds=Rect(330, 828 - 935, 2092) capturedLink=null capturedLinkTimestamp=0 requestedVisibleTypes=-9 topActivityRequestOpenInBrowserEducationTimestamp=0
04-11 13:17:18.234  3590  3792 V WindowManager:  appCompatTaskInfo=AppCompatTaskInfo { topActivityInSizeCompat=false topActivityInOplusCompatMode=false eligibleForLetterboxEducation= false isLetterboxEducationEnabled= false isLetterboxDoubleTapEnabled= false eligibleForUserAspectRatioButton= false topActivityBoundsLetterboxed= false isFromLetterboxDoubleTap= false topActivityLetterboxVerticalPosition= -1 topActivityLetterboxHorizontalPosition= -1 topActivityLetterboxWidth=-1 topActivityLetterboxHeight=-1 topActivityAppBounds=Rect(0, 140 - 1264, 2780) isUserFullscreenOverrideEnabled=false isSystemFullscreenOverrideEnabled=false hasMinAspectRatioOverride=false topActivityLetterboxBounds=null cameraCompatTaskInfo=CameraCompatTaskInfo { freeformCameraCompatMode=inactive}} topActivityMainWindowFrame=null topActivityLetterboxInsets=Rect(0, 0 - 0, 0)
04-11 13:17:18.234  3590  3792 V WindowManager:  mOplusExtraBundle = Bundle[{androidx.flexible.taskFrame=Rect(0, 0 - 0, 0), topOpaqueSystemBarsAppearance=0, androidx.flexible.Alpha=1.0, androidx.activity.task.attach.blur=0, androidx.activity.LaunchInsensible=0, androidx.activity.LaunchCornerRadius=0, key_flexible_task_state=0, topActivitySupportAppInnerSplit=false, key_flexible_task_animating_type=-1, key_flexible_task_root_activity_processname=com.binance.monitor, androidx.activity.LaunchScenario=0, is_oplus_clone_task=false, flexible_super_mini_state=false, topRunningActivityHash=154653414, androidx.activity.LaunchScale=1.0, androidx.activity.LaunchShadowRadius=0, is_transient_hide_for_task_info=false, key_flexible_task_root_activity_pid=9020, key_flexible_task_root_activity_uid=10512}]}, pipChange = null, remoteTransition = null, displayChange = null, flags = 0, debugId = 27193 }
04-11 13:17:18.234  3590  3792 V WindowManager:     startWCT=WindowContainerTransaction { changes= {} hops= [] errorCallbackToken=null taskFragmentOrganizer=null }
04-11 13:17:18.234  3590  3792 V WindowManager:     info={id=27193 t=OPEN f=0x0 trk=0 r=[0@Point(0, 0)] c=[
04-11 13:17:18.234  3590  3792 V WindowManager:         {WCT{RemoteToken{6af5d3f Task{1abb46b #12626 type=standard A=10345:com.tencent.mm}}} m=TO_FRONT f=MOVE_TO_TOP leash=Surface(name=Task=12626)/@0x6e9643b sb=Rect(0, 0 - 1264, 2780) eb=Rect(0, 0 - 1264, 2780) epz=Point(1264, 2780) d=0 taskParent=-1},
04-11 13:17:18.234  3590  3792 V WindowManager:         {WCT{RemoteToken{54d807f Task{8219bc0 #13179 type=standard A=10512:com.binance.monitor}}} m=TO_BACK f=NONE leash=Surface(name=Task=13179)/@0x416fd9 sb=Rect(0, 0 - 1264, 2780) eb=Rect(0, 0 - 1264, 2780) epz=Point(1264, 2780) d=0 taskParent=-1}
04-11 13:17:18.234  3590  3792 V WindowManager:     ] 
04-11 13:17:18.234  3590  3792 V WindowManager: extendInfo=[
04-11 13:17:18.234  3590  3792 V WindowManager:  OplusTransitionExtendedInfo{mTmpFinishT=null, mInOplusCompatMode=false, mIsProcessRunning=true, mHasMismatchBoundsTarget=false, mRecentsController=null, mRemoteTransition=null, mIsTranslucentActivityToHome=false, mAvoidInterceptKeyEventToHome=false, mIsFromHome=false, mParentLeash=null, mBackAnimClosingLeash=null, mIsOplusAnimRes=false, mKeepBgForContinuous=false, mIsBalAllow=false, mTaskNotInRecent=false, mIsPredictiveBackAnim=false, mIsMergedWithPredictive=false, mIsLaunchFromSpruce=false, mIsLaunchFromDrive=false, mGlobalSearchPageSwitch=false, mNeedNoAlphaGlobalSearchScene=false, mAssistScreenShowing=false, mSwipeUpBrowserScreenShowing=false, mUserIdTransition=0
04-11 13:17:18.234  3590  3792 V WindowManager: , mInRemoteScene=false, mInPreReady=false, mPreStart=false, mToken=null, mAbortByRemoteFromHome=false, mShellApplyToken=null, mRequestTransitionTaskId=13179, mAbortTransitionOnShell=0, mStartFromShortcut=false, mRemovedTaskId=-1, mTransitionInterruptType=0, mMergeSecondTaskId=-1, mTaskIdStartFromRecents=0, mTransitionId=27193, mCanUseSpringSlideAnim=false, mTransitionLaunchFrom=0, mFoldChangeType=-1, mAnimStartingPosition=[0, 0, 0, 0], mIsOpeningStkDialogActivity=false, mSecondaryHomeToFrontWhenUnFolding=false, mIsNeedApplyStartTForEmbedded=false
04-11 13:17:18.234  3590  3792 V WindowManager: , mNeedCanvasExitAnim=false, mMergeSecondTaskAnimation=false, mIsLaunchUnityStart=false, mIsLaunchFromAssistantByDefault=false, mSkipRemoteTransitionfalse, mIsStartFromKeyguard=false flags=0x0, mWCT=null, mIsOpenMergeToInValidPredictive=false, mPromoteTaskWhenKeyguard-1, mRootLayerZOrderArray={}}]}
04-11 13:17:18.234  3590  3796 D InsetsSourceProvider: updateSourceFrameForServerVisibility mandatorySystemGestures EMPTY_RECT
04-11 13:17:18.234  3590  3796 D InsetsSourceProvider: updateSourceFrameForServerVisibility mandatorySystemGestures EMPTY_RECT
04-11 13:17:18.234 13843 10067 D LogKit_OLC_CrashBox_CrashBoxLogHelper: start to get extrasInfo Log
04-11 13:17:18.234  3590  3796 I TaskOrganizerController: onTaskInfoChanged taskid 12626 config { mBounds=Rect(0, 0 - 1264, 2780) mAppBounds=Rect(0, 0 - 1264, 2780) mMaxBounds=Rect(0, 0 - 1264, 2780) mDisplayRotation=ROTATION_0 mWindowingMode=fullscreen mActivityType=standard mAlwaysOnTop=off mRotation=ROTATION_0}
04-11 13:17:18.234  3590  3796 D OplusVisibleTasks:  notifyTasksNumChange no need to notify.
04-11 13:17:18.234  3590  3796 D OplusFlexibleDragToSplitAnimController: visibleFlexibleTaskInfos delete:12626
04-11 13:17:18.234  3590  3796 E FlexibleWindowManagerService: notifyTaskObserverToAttachController not need to notify!
04-11 13:17:18.234  3590  3796 I FlexibleWindowManagerService: onFlexibleWindowTaskInfoChanged, return for cur task not embedded
04-11 13:17:18.234  8338  8381 D ShellTaskOrganizerExt: visibleFlexibleTaskInfos delete:12626
04-11 13:17:18.234  8338  8381 D ShellTaskOrganizerExt: isOnCanvas size:0
04-11 13:17:18.234  8338  8381 D ShellTaskOrganizerExt: isOnThreeFlexibleCanvas size:0
04-11 13:17:18.235 13843 10067 D LogKit_OLC_CrashBox_ThreadPoolUtil: java.util.concurrent.ThreadPoolExecutor@4d17926[Running, pool size = 1, active threads = 1, queued tasks = 0, completed tasks = 274]
04-11 13:17:18.235 13843 10067 D LogKit_OLC_CrashBox_CrashBoxLogHelper: start to get anr crash dump info
04-11 13:17:18.235 13843 10067 D LogKit_OLC_CrashBox_ThreadPoolUtil: java.util.concurrent.ThreadPoolExecutor@4d17926[Running, pool size = 2, active threads = 2, queued tasks = 0, completed tasks = 274]
04-11 13:17:18.235 13843 10067 D LogKit_OLC_CrashBox_AnrCrashFileCollector: send collectLog command, fileId = 09321540-a97c-49ee-876e-748bd410f7f8
04-11 13:17:18.235 13843 10069 D LogKit_ExtraRunnable: start collect extra info log to /data/persist_log/olc/com.oplus.crashbox/apk_logs/extras@2026-04-11_13-17-18.txt
04-11 13:17:18.235 13843 10070 D LogKit_OLC_CrashBox_ThreadPoolUtil: java.util.concurrent.ThreadPoolExecutor@4d17926[Running, pool size = 3, active threads = 3, queued tasks = 0, completed tasks = 274]
04-11 13:17:18.236 13843 10067 D gaia-GaiaSendManager: send: 269500417, eventTag = crashbox_collect_log
04-11 13:17:18.236 13843 10067 D gaia-GaiaSendManager: send message type = 2, gaiaMsg = GaiaMsgInfo(type=2, eventId=269500417, data={"app_list":["com.binance.monitor"],"error_time":1775884638103,"error_type":"java_crash","file_id":"09321540-a97c-49ee-876e-748bd410f7f8","log_option":33151,"log_list":["extras@2026-04-11_13-17-18.txt","java_crash@2026-04-11_13-17-18.txt"]})
04-11 13:17:18.236 13843 10067 D gaia-GaiaPacketWriter: putPacket , packetId = 1507
04-11 13:17:18.236 13843 10071 D LogKit_DropBoxRunnable: start collect drop box log to /data/persist_log/olc/com.oplus.crashbox/apk_logs
04-11 13:17:18.236  8338  8397 D AdfrV32FrameRateUtils: animationVelocityCalculator: nullbounds: 0 0 1264 2780
04-11 13:17:18.237 13843 10071 D LogKit_DropBoxRunnable: end collect drop box log!
04-11 13:17:18.237  8338  8397 D AdfrV32FrameRateUtils: animationVelocityCalculator: nullbounds: 0 0 1264 2780
04-11 13:17:18.237  8730  8730 W OPLUS_LOG_LOAD: ==LOGS PROG INFO, prog(com.android.launcher) ==
04-11 13:17:18.237  8730  8730 W System.err: java.lang.NoSuchFieldException: No field mSnapshotBundle in class Landroid/window/TaskSnapshot; (declaration of 'android.window.TaskSnapshot' appears in /system/framework/framework.jar!classes5.dex)
04-11 13:17:18.237 13843 10070 D LogKit_AnrCrashDumpRunnable: The log switch is turned on, but the conditions are not met. exceptionInfo = ExceptionInfo{appInfoList=[AppInfo{packageName='com.binance.monitor', processName='com.binance.monitor', appName='交易终端', versionName='1.0.0', versionCode=1, componentName='java.lang.IllegalStateException', isForeground=true}], crashInfo=CrashInfo{exceptionClassName='java.lang.IllegalStateException', message='Cannot call removeOnDrawListener inside of onDraw', stackTrace='java.lang.IllegalStateException: Cannot call removeOnDrawListener inside of onDraw
04-11 13:17:18.237 13843 10070 D LogKit_AnrCrashDumpRunnable: 	at android.view.ViewTreeObserver.removeOnDrawListener(ViewTreeObserver.java:812)
04-11 13:17:18.237 13843 10070 D LogKit_AnrCrashDumpRunnable: 	at com.binance.monitor.ui.account.AccountStatsBridgeActivity.clearFirstFrameCompletionListener(AccountStatsBridgeActivity.java:1852)
04-11 13:17:18.237 13843 10070 D LogKit_AnrCrashDumpRunnable: 	at com.binance.monitor.ui.account.AccountStatsBridgeActivity.-$$Nest$mclearFirstFrameCompletionListener(Unknown Source:0)
04-11 13:17:18.237 13843 10070 D LogKit_AnrCrashDumpRunnable: 	at com.binance.monitor.ui.account.AccountStatsBridgeActivity$6.onDraw(AccountStatsBridgeActivity.java:1824)
04-11 13:17:18.237 13843 10070 D LogKit_AnrCrashDumpRunnable: 	at android.view.ViewTreeObserver.dispatchOnDraw(ViewTreeObserver.java:1239)
04-11 13:17:18.237 13843 10070 D LogKit_AnrCrashDumpRunnable: 	at android.view.ViewRootImpl.draw(ViewRootImpl.java:6651)
04-11 13:17:18.237 13843 10070 D LogKit_AnrCrashDumpRunnable: 	at android.view.ViewRootImpl.performDraw(ViewRootImpl.java:6368)
04-11 13:17:18.237 13843 10070 D LogKit_AnrCrashDumpRunnable: 	at android.view.ViewRootImpl.performTraversals(ViewRootImpl.java:5183)
04-11 13:17:18.237 13843 10070 D LogKit_AnrCrashDumpRunnable: 	at android.view.ViewRootImpl.doTraversal(ViewRootImpl.java:3593)
04-11 13:17:18.237 13843 10070 D LogKit_AnrCrashDumpRunnable: 	at android.view.ViewRootImpl$TraversalRunnable.run(ViewRootImpl.java:12031)
04-11 13:17:18.237 13843 10070 D LogKit_AnrCrashDumpRunnable: 	at android.view.Choreographer$CallbackRecord.run(Choreographer.java:1852)
04-11 13:17:18.237 13843 10070 D LogKit_AnrCrashDumpRunnable: 	at android.view.Choreographer$CallbackRecord.run(Choreographer.java:1861)
04-11 13:17:18.237 13843 10070 D LogKit_AnrCrashDumpRunnable: 	at android.view.Choreographer.doCallbacks(Choreographer.java:1373)
04-11 13:17:18.237 13843 10070 D LogKit_AnrCrashDumpRunnable: 	at android.view.Choreographer.doFrame(Choreographer.java:1230)
04-11 13:17:18.237 13843 10070 D LogKit_AnrCrashDumpRunnable: 	at android.view.Choreographer$FrameDisplayEventReceiver.run(Choreographer.java:1835)
04-11 13:17:18.237 13843 10070 D LogKit_AnrCrashDumpRunnable: 	at android.os.Handler.handleCallback(Handler.java:1027)
04-11 13:17:18.237 13843 10070 D LogKit_AnrCrashDumpRunnable: 	at android.os.Handler.dispatchMessage(Handler.java:108)
04-11 13:17:18.237 13843 10070 D LogKit_AnrCrashDumpRunnable: 	at android.os.Looper.loopOnce(Looper.java:302)
04-11 13:17:18.237 13843 10070 D LogKit_AnrCrashDumpRunnable: 	at android.os.Looper.loop(Looper.java:412)
04-11 13:17:18.237 13843 10070 D LogKit_AnrCrashDumpRunnable: 	at android.app.ActivityThread.main(ActivityThread.java:9998)
04-11 13:17:18.237 13843 10070 D LogKit_AnrCrashDumpRunnable: 	at java.lang.reflect.Method.invoke(Native Method)
04-11 13:17:18.237 13843 10070 D LogKit_AnrCrashDumpRunnable: 	at com.android.internal.os.RuntimeInit$MethodAndArgsCaller.run(RuntimeInit.java:613)
04-11 13:17:18.237 13843 10070 D LogKit_AnrCrashDumpRunnable: 	at com.android.internal.os.ZygoteInit.main(ZygoteInit.java:1074)
04-11 13:17:18.237 13843 10070 D LogKit_AnrCrashDumpRunnable: '}, anrInfo=null, eventType='java_crash', time=1775884638103, timeZone='GMT+08:00', count=1, fileId='09321540-a97c-49ee-876e-748bd410f7f8', filePath='null', fileDir='null'}
04-11 13:17:18.237  8730  8730 W System.err: 	at java.lang.Class.getDeclaredField(Native Method)
04-11 13:17:18.237  8730  8730 W System.err: 	at com.oplus.basecommon.util.ReflectUtil.getFieldValue(SourceFile:4)
04-11 13:17:18.237  8730  8730 W System.err: 	at com.oplus.basecommon.util.ReflectUtil.getFieldValue(SourceFile:1)
04-11 13:17:18.237  8730  8730 W System.err: 	at com.oplus.basecommon.util.ReflectUtil.getRefBundle(Unknown Source:0)
04-11 13:17:18.237  8730  8730 W System.err: 	at com.android.systemui.shared.recents.model.ThumbnailData.<init>(SourceFile:31)
04-11 13:17:18.237  8730  8730 W System.err: 	at com.android.systemui.shared.system.TaskStackChangeListeners$Impl.lambda$handleMessage$1(Unknown Source:22)
04-11 13:17:18.237  8730  8730 W System.err: 	at com.android.systemui.shared.system.TaskStackChangeListeners$Impl.b(Unknown Source:0)
04-11 13:17:18.237  8730  8730 W System.err: 	at com.android.systemui.shared.system.l.run(Unknown Source:6)
04-11 13:17:18.237  8730  8730 W System.err: 	at com.android.quickstep.OplusTaskThumbnailCacheImpl.callTaskSnapshotChanged(Unknown Source:62)
04-11 13:17:18.237  8730  8730 W System.err: 	at com.android.systemui.shared.system.TaskStackChangeListeners$Impl.handleMessage(Unknown Source:632)
04-11 13:17:18.237  8730  8730 W System.err: 	at android.os.Handler.dispatchMessage(Handler.java:111)
04-11 13:17:18.237  8730  8730 W System.err: 	at android.os.Looper.loopOnce(Looper.java:302)
04-11 13:17:18.237  8730  8730 W System.err: 	at android.os.Looper.loop(Looper.java:412)
04-11 13:17:18.237  8730  8730 W System.err: 	at com.android.launcher.monitor.exception.MainThreadExceptionMonitor.startWatching$lambda$2(Unknown Source:14)
04-11 13:17:18.237  8730  8730 W System.err: 	at com.android.launcher.monitor.exception.MainThreadExceptionMonitor.a(Unknown Source:0)
04-11 13:17:18.237  8730  8730 W System.err: 	at com.android.launcher.batchdrag.g.run(Unknown Source:92)
04-11 13:17:18.237  8730  8730 W System.err: 	at android.os.Handler.handleCallback(Handler.java:1027)
04-11 13:17:18.237  8730  8730 W System.err: 	at android.os.Handler.dispatchMessage(Handler.java:108)
04-11 13:17:18.237  8730  8730 W System.err: 	at android.os.Looper.loopOnce(Looper.java:302)
04-11 13:17:18.237  8730  8730 W System.err: 	at android.os.Looper.loop(Looper.java:412)
04-11 13:17:18.237  8730  8730 W System.err: 	at android.app.ActivityThread.main(ActivityThread.java:9998)
04-11 13:17:18.237  8730  8730 W System.err: 	at java.lang.reflect.Method.invoke(Native Method)
04-11 13:17:18.237  8730  8730 W System.err: 	at com.android.internal.os.RuntimeInit$MethodAndArgsCaller.run(RuntimeInit.java:613)
04-11 13:17:18.237  8730  8730 W System.err: 	at com.android.internal.os.ZygoteInit.main(ZygoteInit.java:1074)
04-11 13:17:18.238 13843 14368 D gaia-GaiaConnectChecker: start connect check++
04-11 13:17:18.239 13843  6299 D gaia-GaiaPacketWriter: sendPacket success, data = com.oplus.olc.gaia.Packet@90a5ad9
04-11 13:17:18.239  3590  9001 I BLASTSyncEngine: onCommitted syncId: 27193, timeout: false ran: false
04-11 13:17:18.240  3590  8779 I InputDispatcher: updateFocusedWindow, e0de363 com.tencent.mm/com.tencent.mm.ui.LauncherUI on display 0, reason: Window became focusable. Previous reason: NOT_VISIBLE, result:   FocusedWindows:
04-11 13:17:18.240  3590  8779 I InputDispatcher:     displayId=0, name='e0de363 com.tencent.mm/com.tencent.mm.ui.LauncherUI'
04-11 13:17:18.241  9059  9059 I JniHook : println_native hooked: 0
04-11 13:17:18.241  9059  9059 D VRI[LauncherUI]: onFocusEvent true
04-11 13:17:18.242 13843 10069 D LogKit_OLC_CrashBox_PackageUtils: PackageName: com.binance.monitor
04-11 13:17:18.243 13843 10069 D LogKit_OLC_CrashBox_PackageUtils: PackageName: com.binance.monitor
04-11 13:17:18.243 13843 10069 D LogKit_OLC_CrashBox_FileUtils: success to chmod path /data/persist_log/olc/com.oplus.crashbox/apk_logs/extras@2026-04-11_13-17-18.txt, success code: 0
04-11 13:17:18.243 13843 10069 D LogKit_ExtraRunnable: end collect kernel extra info log!
04-11 13:17:18.245  2797  2971 D gaia:event_server: [handleEvent:34]parse event from rawMsg: {"data":"{\"app_list\":[\"com.binance.monitor\"],\"error_time\":1775884638103,\"error_type\":\"java_crash\",\"file_id\":\"09321540-a97c-49ee-876e-748bd410f7f8\",\"log_option\":33151,\"log_list\":[\"extras@2026-04-11_13-17-18.txt\",\"java_crash@2026-04-11_13-17-18.txt\"]}","eventId":269500417,"packetId":"1507","type":2}
04-11 13:17:18.245  2797  2971 D gaia:event_source: [publishEvent:38]EventSource PublishpipelineEvent 0x10104001
04-11 13:17:18.245  2797  2869 D gaia:thread_pool: [operator():62]threadPool(FaultLogEventSource) worker do one work
04-11 13:17:18.246  2797  2869 D gaia:logcollect: [canProcessEvent:78]plugin(LogCollect) canProcessEvent call, eventId is 0x10104001
04-11 13:17:18.246  2797  2869 D gaia:plugin: [processEvent:37]plugin(LogCollect) schedule event on it's event looper
04-11 13:17:18.246  2797  2869 D gaia:plugin: [processEvent:45]work on plugin thread pool
04-11 13:17:18.246  2797  2878 D gaia:thread_pool: [operator():62]threadPool(log_collect_pool) worker do one work
04-11 13:17:18.246  2797  2878 D gaia:logcollect: [onEvent:63]plugin(LogCollect) onEvent, eventId=0x10104001
04-11 13:17:18.246  2797  2878 D gaia:logcollect: [startCatchLog:181]LogCollect startCatchLog with exception Info: {"app_list":["com.binance.monitor"],"error_time":1775884638103,"error_type":"java_crash","file_id":"09321540-a97c-49ee-876e-748bd410f7f8","log_option":33151,"log_list":["extras@2026-04-11_13-17-18.txt","java_crash@2026-04-11_13-17-18.txt"]}
04-11 13:17:18.246  2797  2878 D gaia:logcollect: [createTempDirIfNeeded:147]collect for temp dir of: /data/persist_log/olc/com.oplus.crashbox/temp_1775884638103_86
04-11 13:17:18.247  2797 10080 D gaia:logcollect: [collectLog:110]collect log with log_option: 33151
04-11 13:17:18.247  2797 10088 D gaia:systemlogtask: [collect:31]SystemLogTask collect
04-11 13:17:18.247  2797 10082 D gaia:eventslogtask: [collect:31]EventsLogTask collect
04-11 13:17:18.247  2797 10081 D gaia:crashbox: [collect:33]MainLogTask collect
04-11 13:17:18.247  2797 10085 D gaia:radiologtask: [collect:31]RadioLogTask collect
04-11 13:17:18.247  2797 10089 D gaia:crashlogtask: [collect:31]CrashLogTask collect
04-11 13:17:18.247  2797 10086 D gaia:extraslogtask: [collect:33]ExtrasLogTask collect
04-11 13:17:18.247  2797 10086 D gaia:extraslogtask: [getStorageLog:65]gaia ExtrasLogTask errorType=java_crash
04-11 13:17:18.247  2797 10086 D gaia:extraslogtask: [collect:50]target extra file name is: extras@2026-04-11_13-17-18.txt
04-11 13:17:18.248  2797 10090 D gaia:anrcrashdumptask: [collect:31]AnrCrashDumpTask collect
04-11 13:17:18.248  2797 10091 D gaia:qseetzlogtask: [collect:33]QseeTzLogTask collect
04-11 13:17:18.248  2797 10090 D gaia:anrcrashdumptask: [collect:49]target anr crash dump file name is: java_crash@2026-04-11_13-17-18.txt
04-11 13:17:18.248  8338  8397 D AdfrV32FrameRateUtils: animationVelocityCalculator: nullbounds: 0 0 1264 2780
04-11 13:17:18.248  2797 10091 E gaia:qseetzlogtask: [collect:42]node(oemLogEncrypt)  exist, but have error, Error accessing the node : Permission denied
04-11 13:17:18.248  2797 10091 E gaia:qseetzlogtask: [collect:44]Permission denied while accessing the path
04-11 13:17:18.248  8338  8397 D AdfrV32FrameRateUtils: animationVelocityCalculator: nullbounds: 0 0 1264 2780
04-11 13:17:18.249  3590  7380 D InputMethodManagerService: isSecurity: attribute.packageName = com.tencent.mm mCurMethodId = com.sohu.inputmethod.sogou/.SogouIME isSecurity = false ( enable = true needShow = false inBlackList = false isExist = true )
04-11 13:17:18.249  3590  7380 I ImeTracker: com.tencent.mm:ca8d26a4: onRequestHide at ORIGIN_SERVER reason HIDE_UNSPECIFIED_WINDOW fromUser false
04-11 13:17:18.250  2797 10083 D gaia:dmesglogtask: [collect:30]DmesgLogTask collect
04-11 13:17:18.250  2797 10083 D gaia:readLog: read from dmesg
04-11 13:17:18.252  9059  9059 I JniHook : println_native hooked: 0
04-11 13:17:18.252  9059  9059 D InsetsController: hide(ime(), fromIme=false)
04-11 13:17:18.252  9059  9059 I JniHook : println_native hooked: 0
04-11 13:17:18.252  9059  9059 I ImeTracker: com.tencent.mm:ca8d26a4: onCancelled at PHASE_CLIENT_ALREADY_HIDDEN
04-11 13:17:18.252  3590  8779 V GrammaticalInflectionUtils: AttributionSource: android.content.AttributionSource@b382916a does not have READ_SYSTEM_GRAMMATICAL_GENDER permission.
04-11 13:17:18.252  3590  9766 I OStatsManager_OplusBatteryStatsManager: addIsolatedUid isolatedUid = 99120, ownerUid = 10345
04-11 13:17:18.254  3590  3837 I ZygoteProcess: Fork app{packageName=com.tencent.mm, abi=arm64-v8a, niceName=com.tencent.mm:xweb_sandboxed_process_0:com.tencent.xweb.pinus.sdk.process.SandboxedProcessService0} by zygote_ocomp
04-11 13:17:18.255  3590  8061 V GrammaticalInflectionUtils: AttributionSource: android.content.AttributionSource@f32747d1 does not have READ_SYSTEM_GRAMMATICAL_GENDER permission.
04-11 13:17:18.257  9059 10114 I flutter : [INFO:/data/landun/workspace/wxa_lite_app/third_party/luggage/fml/message_loop.cc(31)] create MessageLoop for current thread
04-11 13:17:18.259  8338  8397 D AdfrV32FrameRateUtils: animationVelocityCalculator: nullbounds: 0 0 1264 2780
04-11 13:17:18.259  8338  8397 D AdfrV32FrameRateUtils: animationVelocityCalculator: nullbounds: 0 0 1264 2780
04-11 13:17:18.259  3590  8779 I ImeTracker: system_server:4d4a8d85: onRequestHide at ORIGIN_SERVER reason IME_REQUESTED_CHANGED_LISTENER fromUser false
04-11 13:17:18.260  3590  7380 I ImeTracker: system_server:4d4a8d85: onCancelled at PHASE_SERVER_SHOULD_HIDE
04-11 13:17:18.260  3590  3796 D InsetsSourceProvider: updateSourceFrameForServerVisibility mandatorySystemGestures EMPTY_RECT
04-11 13:17:18.261  2058  2058 D Zygote  : Forked child process 10117
04-11 13:17:18.263  3590  3837 I ActivityManager: Start proc 10117:com.tencent.mm:xweb_sandboxed_process_0:com.tencent.xweb.pinus.sdk.process.SandboxedProcessService0/u0i120 for service {com.tencent.mm/com.tencent.xweb.pinus.sdk.process.SandboxedProcessService0}
04-11 13:17:18.263  3590  3793 I ActivityManager: ProcessObserver broadcast disabled
04-11 13:17:18.265  3590  3837 I ZygoteProcess: Fork app{packageName=com.tencent.mm, abi=arm64-v8a, niceName=com.tencent.mm:appbrand1} by zygote_ocomp
04-11 13:17:18.266  3590  8619 V GrammaticalInflectionUtils: AttributionSource: android.content.AttributionSource@f32747d1 does not have READ_SYSTEM_GRAMMATICAL_GENDER permission.
04-11 13:17:18.267  3590  7167 I MemoryOperationUtils: add 10117 to com.tencent.mm
04-11 13:17:18.268 10117 10117 I libc    : SetHeapTaggingLevel: tag level set to 0
04-11 13:17:18.270 10117 10117 I ProcessService0: isSwordfishLaunchAppEnabled_ 1 isSwordfishInstallAppEnabled_ 1
04-11 13:17:18.270 10117 10117 E ProcessService0: Unknown bits set in runtime_flags: 0x40000000
04-11 13:17:18.270 10117 10117 I ProcessService0: Using CollectorTypeCC GC.
04-11 13:17:18.270  8338  8397 D AdfrV32FrameRateUtils: animationVelocityCalculator: nullbounds: 0 0 1264 2780
04-11 13:17:18.271  8338  8397 D AdfrV32FrameRateUtils: animationVelocityCalculator: nullbounds: 0 0 1264 2780
04-11 13:17:18.272 10117 10117 E ProcessService0: Not starting debugger since process cannot load the jdwp agent.
04-11 13:17:18.272  2058  2058 D Zygote  : Forked child process 10123
04-11 13:17:18.273  3590  7998 D JobSchedulerServiceExtImpl: updateOsenseRestrictMode for 1 false false
04-11 13:17:18.273  3590  3837 I ActivityManager: Start proc 10123:com.tencent.mm:appbrand1/u0a345 for service {com.tencent.mm/com.tencent.mm.plugin.magicbrush.core.MagicBrushServiceContextBase}
04-11 13:17:18.273  3590  3793 I ActivityManager: ProcessObserver broadcast disabled
04-11 13:17:18.273  3590  3837 I ZygoteProcess: Fork app{packageName=com.tencent.mm, abi=arm64-v8a, niceName=com.tencent.mm:xweb_privileged_process_0} by zygote_ocomp
04-11 13:17:18.273  3590  7167 I MemoryOperationUtils: add 10123 to com.tencent.mm
04-11 13:17:18.274  3590  8280 I Osense-BaseDecisionMaker: notifySceneToAthenaPolicy: SCENE_ACTIVITY_IDLE, bundle: Bundle[{scene=SCENE_ACTIVITY_IDLE}]
04-11 13:17:18.276 10117 10117 D nativeloader: Load libframework-connectivity-tiramisu-jni.so using APEX ns com_android_tethering for caller /apex/com.android.tethering/javalib/framework-connectivity-t.jar: ok
04-11 13:17:18.276 10123 10123 I libc    : SetHeapTaggingLevel: tag level set to 0
04-11 13:17:18.278 10117 10117 W libc    : Access denied finding property "persist.vendor.sys.activitylog"
04-11 13:17:18.278 10117 10117 I OneTrace: Mark active for pid=10117? true
04-11 13:17:18.279 10117 10117 D cutils-dev: otrace_set_tracing_enabled? true tag:0
04-11 13:17:18.279 10117 10117 D cutils-dev: properties changed in otrace_seq_number_changed!
04-11 13:17:18.280  8337  9773 V OsAgent : broadcastSystemEvent - 7
04-11 13:17:18.281  3590  8779 D SplitScreenAppReader: SPLIT_TOUCH support check:com.tencent.mm = true
04-11 13:17:18.281  8338  8397 D AdfrV32FrameRateUtils: animationVelocityCalculator: nullbounds: 0 0 1264 2780
04-11 13:17:18.281  3590  8779 D RGBNormalizeServer: OplusRGBNormalize feature enabled ? true
04-11 13:17:18.281  3590  8779 D ResourcesManagerCache: For package com.tencent.mm we got cacheList [null] appInfoExt is null ? false hasFeature ? false
04-11 13:17:18.282  8338  8397 D AdfrV32FrameRateUtils: animationVelocityCalculator: nullbounds: 0 0 1264 2780
04-11 13:17:18.282 10123 10123 I nt.mm:appbrand1: isSwordfishLaunchAppEnabled_ 1 isSwordfishInstallAppEnabled_ 1
04-11 13:17:18.282 10123 10123 E nt.mm:appbrand1: Unknown bits set in runtime_flags: 0x40000000
04-11 13:17:18.282 10123 10123 I nt.mm:appbrand1: Using CollectorTypeCC GC.
04-11 13:17:18.284  2181  2532 E CwbService: Panel not support apl read or getDisplayPanelAplValue timeout 10ms.
04-11 13:17:18.285 10123 10123 E nt.mm:appbrand1: Not starting debugger since process cannot load the jdwp agent.
04-11 13:17:18.286  2258  2258 D SensorFeature: name=ssc_screenshot_info ,index = 22
04-11 13:17:18.286  2258  2258 D SensorFeature: write 39 bytes:931853640748173,931853688202079,38266,0
