04-11 13:17:17.696 10250 16907 I midasd  : DisplayAgent updateDisplayDevInfo getRenderFps mFps:90 mRenderFps:4 mWidth:1264 mHeight:2780
04-11 13:17:17.696  3590  3795 W ProcessStats: Tracking association SourceState{d07d094 system/1000 BFgs #1265322} whose proc state 4 is better than process ProcessState{703b9ec com.android.wallpaper.livepicker:wallpaperService/10256 pkg=com.android.wallpaper.livepicker} proc state 5 (39 skipped)
04-11 13:17:17.706  2399  2399 I BpBinder: onLastStrongRef automatically unlinking death recipients: 
04-11 13:17:17.707  2399  3200 D SurfaceFlinger: updateWinowInfo=1, setFocusedWindow timestamp=883997068593404, windowName=<null>
04-11 13:17:17.707  3590  8837 I InputDispatcher: NFW_setFocusedWindow, <null> on display 0, same as the previous:0
04-11 13:17:17.707  3590  8837 I InputDispatcher: updateFocusedWindow,  on display 0, reason: Waiting for window because NO_WINDOW, result:   FocusedWindows: <none>
04-11 13:17:17.711  3590  7167 I resRelease: policy type is 1
04-11 13:17:17.713  3590  3855 D ProcessCpuTrackerExtImpl: mContext is already set, return now! 
04-11 13:17:17.756  3438  4039 D QmiClient: qmiServiceEventCallback recv msg id 47
04-11 13:17:17.756  3438  4039 D QmiClient: enter -mServiceType 10 onQmiServiceEventCallback msgId 47
04-11 13:17:17.756  3438  4039 D QmiClient: onQmiServiceEventCallback - enter. msgId=47
04-11 13:17:17.756  3438  3488 D OttProxy: handleMessage msg is 3001
04-11 13:17:17.757 14034 14115 D SubsysRadioIndication[1]: radioLinkLatencyInfoInd
04-11 13:17:17.757 14034 14115 D SubsysRadioIndication[1]: notify enter
04-11 13:17:17.757 14034 14034 D NetworkService[1]: handleMessage what:1008
04-11 13:17:17.757 14034 14034 D NetworkService[1]: EVENT_REG_LINK_LATENCY_INFO_CHANGE ulLatency:11902
04-11 13:17:17.779  2181  2506 I SDM     : DisplayBuiltIn::IdlePowerCollapse: IPC received, disabling partial update for one frame
04-11 13:17:17.785  9020  9044 I binance.monitor: _Desupression native alloc  gc_urgency: 46025expectation: 114245 native bytes: 27371296
04-11 13:17:17.789  9020  9020 D VRI[MainActivity]: onFocusEvent false
04-11 13:17:17.789  3438  3988 D QmiClient: qmiServiceEventCallback recv msg id 1099
04-11 13:17:17.789  3438  3988 D QmiClient: enter -mServiceType 4 onQmiServiceEventCallback msgId 1099
04-11 13:17:17.789  3438  3988 D QmiClient: onQmiServiceEventCallback - enter. msgId=1099
04-11 13:17:17.789  3438  3988 D QmiVsClientEvent: QosPeriodReportInd MSG IND data_len 2052
04-11 13:17:17.789  3438  3988 D QmiVsClientEvent: qmiVsClientNotifyQosPeriodReportIndEvent - RADIO_EVENT_QOS_PERIOD_REPORT_NOTIFY_IND
04-11 13:17:17.790  2727  3986 D QmiClient: qmiServiceEventCallback recv msg id 1099
04-11 13:17:17.790  3438  3485 D VsProxy : handleMessage msg is 2420
04-11 13:17:17.790  2727  3986 D QmiClient: enter -mServiceType 4 onQmiServiceEventCallback msgId 1099
04-11 13:17:17.790  3438  3485 D VsProxy : handleQosPeriodReportInd for instance 1 data_len 198
04-11 13:17:17.790  3590  8278 I [UAH_CLIENT]: UahEventAcquire, cmdid:2, pkg:none, identity:OplusActivityManagerServiceEnhance
04-11 13:17:17.790  2727  3986 D QmiClient: onQmiServiceEventCallback - enter. msgId=1099
04-11 13:17:17.790  2727  3986 D QmiVsClientEvent: QosPeriodReportInd MSG IND data_len 2052
04-11 13:17:17.790  2727  3986 D QmiVsClientEvent: qmiVsClientNotifyQosPeriodReportIndEvent - RADIO_EVENT_QOS_PERIOD_REPORT_NOTIFY_IND
04-11 13:17:17.790  2727  2826 D VsProxy : handleMessage msg is 2420
04-11 13:17:17.790  2727  2826 D VsProxy : handleQosPeriodReportInd for instance 0 data_len 145
04-11 13:17:17.790 14034 14115 D SubsysRadioIndication[1]: radioQosPeriodReportInd result [8, -109, -89, -125, -48, 14, 18, 12, 8, -5, -92, -125, -48, 14, 16, 2, 32, 106, 40, 2, 26, 13, 8, -26, -90, -125, -48, 14, 16, 5, 40, 5, 56, -76, 4, 34, 12, 8, -22, -83, -127, -48, 14, 16, 4, 24, 1, 32, 3, 58, 83, 8, -101, -90, -125, -48, 14, 16, 5, 24, -98, -23, 30, 32, -54, 1, 40, -90, -1, -1, -1, -1, -1, -1, -1, -1, 1, 48, -12, -1, -1, -1, -1, -1, -1, -1, -1, 1, 56, 3, 64, -92, -1, -1, -1, -1, -1, -1, -1, -1, 1, 72, -90, -1, -1, -1, -1, -1, -1, -1, -1, 1, 80, -95, -1, -1, -1, -1, -1, -1, -1, -1, 1, 88, -97, -1, -1, -1, -1, -1, -1, -1, -1, 1, 66, 31, 8, -103, -82, -127, -48, 14, 16, 5, 24, 2, 34, 19, 8, -98, -23, 30, 16, -54, 1, 24, 41, 32, 13, 40, -126, -128, -52, -67, 21, 48, 2, 90, 0, 98, 10, 8, -49, -115, -127, -48, 14, 16, 3, 24, 5, 122, 15, 8, -123, -90, -125, -48, 14, 16, -5, 1, 24, -11, 1, 32, -22, 8]
04-11 13:17:17.790 14034 14034 D NetworkService[1]: handleMessage what:1005
04-11 13:17:17.790 14034 14747 D SubsysRadioIndication[0]: radioQosPeriodReportInd result [8, -109, -89, -125, -48, 14, 34, 12, 8, -22, -83, -127, -48, 14, 16, 4, 24, 1, 32, 3, 58, 61, 8, -50, -98, -125, -48, 14, 16, 5, 24, -64, -92, 38, 32, -22, 6, 40, -100, -1, -1, -1, -1, -1, -1, -1, -1, 1, 48, -11, -1, -1, -1, -1, -1, -1, -1, -1, 1, 56, 8, 64, -100, -1, -1, -1, -1, -1, -1, -1, -1, 1, 72, -101, -1, -1, -1, -1, -1, -1, -1, -1, 1, 66, 29, 8, -58, -2, -37, -49, 14, 16, 5, 34, 19, 8, -64, -92, 38, 16, -22, 6, 24, 78, 32, 13, 40, -117, -32, -94, -93, 2, 48, 2, 90, 0, 98, 10, 8, -95, -8, -37, -49, 14, 16, 3, 24, 5, 122, 15, 8, -109, -8, -37, -49, 14, 16, -18, 2, 24, -21, 1, 32, -60, 9]
04-11 13:17:17.790 14034 14034 D RadioAtomTracker: parseQosPeriodData ModemQos:CellularQosInfo1{5G, 504990/202, EndcState=2, Band=41, DLBW=13, Rsrp=-90, Rsrq=-12, Snr=3, SvcStatus=3, ULPDCPNumDataPdu=2, ULPDCPNumDropPdu=0, ULPDCPTput=106, ULRLCNumDataPdu=2, ULRLCNumRetxPdu=0, ULGrant=0, ULBSR=0, ULBler=0, DLPDCPNumDataPdu=5, DLPDCPTput=564, DLRLCNumDataPdu=5, DLRLCNumRetxPdu=0, DLRLCNumDropPdu=0, DLMACPaddingBytes=0, DLPdcpNumMissToUppPdu=0, DLBler=0, RlfCount=0, CellChangeCount=0, IsRedirectionOccur=0, IsDualSimConflict=0, Latency=11, Sub1RrcState=1, Sub2RrcState=3, RachCount=0, CalcPower=251, Mtpl=245, PathLoss=1130, CellLoad=0}
04-11 13:17:17.790 14034 14034 D NetworkService[1]: EVENT_REG_QOS_PERIOD_REPORT_IND_CHANGED ENTER
04-11 13:17:17.790 14034 14034 D NetworkService[0]: handleMessage what:1005
04-11 13:17:17.790 14034 14034 D RadioAtomTracker: parseQosPeriodData ModemQos:CellularQosInfo2{5G, 627264/874, EndcState=0, Band=78, DLBW=13, Rsrp=-100, Rsrq=-11, Snr=8, SvcStatus=3, ULPDCPNumDataPdu=-1, ULPDCPNumDropPdu=-1, ULPDCPTput=-1, ULRLCNumDataPdu=-1, ULRLCNumRetxPdu=-1, ULGrant=-1, ULBSR=-1, ULBler=-1, DLPDCPNumDataPdu=-1, DLPDCPTput=-1, DLRLCNumDataPdu=-1, DLRLCNumRetxPdu=-1, DLRLCNumDropPdu=-1, DLMACPaddingBytes=-1, DLPdcpNumMissToUppPdu=-1, DLBler=-1, RlfCount=0, CellChangeCount=0, IsRedirectionOccur=0, IsDualSimConflict=0, Latency=0, Sub1RrcState=1, Sub2RrcState=3, RachCount=0, CalcPower=366, Mtpl=235, PathLoss=1220, CellLoad=0}
04-11 13:17:17.790 14034 14034 D NetworkService[0]: EVENT_REG_QOS_PERIOD_REPORT_IND_CHANGED ENTER
04-11 13:17:17.790 14034 14034 D AtomModemKpiInfo: handleMessage what:1001
04-11 13:17:17.790 14034 14034 D AtomModemKpiInfo: analyseQosInfo success
04-11 13:17:17.790  9020  9020 D ResourcesManagerExtImpl: applyConfigurationToAppResourcesLocked app.getDisplayId() return callback.displayId:0
04-11 13:17:17.791  9020  9214 D libc-netbsd: [oplusDnsOpenProxy]: __netdClientDispatch.connect errno = 111
04-11 13:17:17.791  9020  9214 D DNS_CACHE: oplus_oplus_getaddrinfo_proxy open dns proxy failed, use android flow: 10512
04-11 13:17:17.792  9020  9214 D libc-netbsd: [oplusDnsOpenProxy]: __netdClientDispatch.connect errno = 111
04-11 13:17:17.795 18198 18406 I GoLog   : from tcp:127.0.0.1:57818 accepted tcp:43.155.214.62:443 [socks >> proxy]
04-11 13:17:17.799  9020  9020 I binance.monitor: AssetManager2(0xb4000071822d6728) locale list changing from [] to [zh-CN]
04-11 13:17:17.802  9020  9020 E OplusPredictiveBackController:  NoSuchMethodException 
04-11 13:17:17.802  9020  9020 E OplusPredictiveBackController:  NoSuchMethodException 
04-11 13:17:17.802  9020  9020 E OplusPredictiveBackController:  NoSuchMethodException 
04-11 13:17:17.802  9020  9020 D OplusPredictiveBackController: initPredictiveBackConfig for com.binance.monitor.ui.account.AccountStatsBridgeActivity@198e5aa initPredictiveBackConfig mShouldInterceptKeyEvent false
04-11 13:17:17.802  9020  9020 D WindowOnBackDispatcher:  predictive settings is disabled for com.binance.monitor
04-11 13:17:17.856  9020  9020 I ChainTrace: account_render phase=on_create_inflate_and_content account=7400048@ICMarketsSC-MT5-6 durationMs=54 trades=0 positions=0 curves=0
04-11 13:17:17.869  1311  1311 E KeymasterUtils: IKMHal_sendCmd failed with rsp_header->status: -28
04-11 13:17:17.869  1311  1311 E KeyMasterHalDevice: abort_operation
04-11 13:17:17.870  1311  1311 E KeyMasterHalDevice: ret: -28
04-11 13:17:17.880  9020  9020 I ChainTrace: account_render phase=on_create_runtime_init account=7400048@ICMarketsSC-MT5-6 durationMs=24 trades=0 positions=0 curves=0
04-11 13:17:17.880  1311  1311 E KeymasterUtils: IKMHal_sendCmd failed with rsp_header->status: -28
04-11 13:17:17.880  1311  1311 E KeyMasterHalDevice: abort_operation
04-11 13:17:17.880  1311  1311 E KeyMasterHalDevice: ret: -28
04-11 13:17:17.880  9020  9020 I ChainTrace: account_render phase=on_create_adapter_init account=7400048@ICMarketsSC-MT5-6 durationMs=0 trades=0 positions=0 curves=0
04-11 13:17:17.892  1311  1311 E KeymasterUtils: IKMHal_sendCmd failed with rsp_header->status: -28
04-11 13:17:17.892  1311  1311 E KeyMasterHalDevice: abort_operation
04-11 13:17:17.892  1311  1311 E KeyMasterHalDevice: ret: -28
04-11 13:17:17.901  1311  1311 E KeymasterUtils: IKMHal_sendCmd failed with rsp_header->status: -28
04-11 13:17:17.901  1311  1311 E KeyMasterHalDevice: abort_operation
04-11 13:17:17.901  1311  1311 E KeyMasterHalDevice: ret: -28
04-11 13:17:17.911  1311  1311 E KeymasterUtils: IKMHal_sendCmd failed with rsp_header->status: -28
04-11 13:17:17.911  1311  1311 E KeyMasterHalDevice: abort_operation
04-11 13:17:17.911  1311  1311 E KeyMasterHalDevice: ret: -28
04-11 13:17:17.919  9020  9020 I ChainTrace: account_render phase=on_create_restore_ui_state account=7400048@ICMarketsSC-MT5-6 durationMs=39 trades=0 positions=0 curves=0
04-11 13:17:17.919  1311  1311 E KeymasterUtils: IKMHal_sendCmd failed with rsp_header->status: -28
04-11 13:17:17.919  1311  1311 E KeyMasterHalDevice: abort_operation
04-11 13:17:17.919  1311  1311 E KeyMasterHalDevice: ret: -28
04-11 13:17:17.925  2113 17888 I sensors-hal: handle_sns_std_sensor_event:114, oplus rgb_rear sample: (cct, lux, ir, x, y)[10097, 19, 195, 259, 324]
04-11 13:17:17.925  2113 17888 I sensors-hal: handle_sns_std_sensor_event:116, oplus rgb_rear sample: (r, g, b, c w)[741, 1526, 346, 298, 0]
04-11 13:17:17.935  9020  9020 I ChainTrace: account_render phase=on_create_setup_static_ui account=7400048@ICMarketsSC-MT5-6 durationMs=16 trades=0 positions=0 curves=0
04-11 13:17:17.936  9020  9020 I ChainTrace: account_render phase=on_create_bind_local_meta account=7400048@ICMarketsSC-MT5-6 durationMs=1 trades=0 positions=0 curves=0
04-11 13:17:17.951  2181  2506 I SDM     : DisplayBuiltIn::IdlePowerCollapse: IPC received, disabling partial update for one frame
04-11 13:17:17.954  2181  2532 E CwbService: Panel not support apl read or getDisplayPanelAplValue timeout 10ms.
04-11 13:17:17.954  2258  2258 D SensorFeature: name=ssc_screenshot_info ,index = 22
04-11 13:17:17.954  2258  2258 D SensorFeature: write 39 bytes:931853306884058,931853358203017,38265,0
04-11 13:17:17.955  2113 17862 I sensors-hal: handle_oplus_wise_rgb_event:161, wise_rgb: (18086)(cct, lux, ir)[5477.54, 134.27, 55.787701] (r, g, b, c)[6204.47, 4016.50, 2496.64, 11417.92]                 (pwm, hbm, brl, algo)[0.0 0.0 1309.0 2.0], flag 38265
04-11 13:17:18.017  9020  9044 I binance.monitor: _Desupression native alloc  gc_urgency: 45928expectation: 101488 native bytes: 31394800
04-11 13:17:18.037  9020  9020 I ChainTrace: account_render phase=build_overview account=7400048@ICMarketsSC-MT5-6 durationMs=10 trades=1113 positions=6 curves=5717
04-11 13:17:18.037  9020  9020 I ChainTrace: account_render phase=bind_overview_and_filters account=7400048@ICMarketsSC-MT5-6 durationMs=0 trades=1113 positions=6 curves=5717
04-11 13:17:18.037  9020  9020 I ChainTrace: account_render phase=apply_snapshot_total account=7400048@ICMarketsSC-MT5-6 durationMs=38 trades=1113 positions=6 curves=5717
04-11 13:17:18.037  9020  9020 I ChainTrace: account_render phase=on_create_enter_account_screen account=7400048@ICMarketsSC-MT5-6 durationMs=101 trades=1113 positions=6 curves=5717
04-11 13:17:18.037  9020  9020 I ChainTrace: account_render phase=on_create_total account=7400048@ICMarketsSC-MT5-6 durationMs=235 trades=1113 positions=6 curves=5717
04-11 13:17:18.038  9020  9020 D ActivityThread: ComponentInfo{com.binance.monitor/com.binance.monitor.ui.account.AccountStatsBridgeActivity} checkFinished=false 2
04-11 13:17:18.038  9020  9020 D ResourcesManagerExtImpl: applyConfigurationToAppResourcesLocked app.getDisplayId() return callback.displayId:0
04-11 13:17:18.077  9020  9020 D WindowManager: Add to mViews: com.android.internal.policy.DecorView{b37a9c5 I.E...... R.....I. 0,0-0,0 alpha=1.0 viewInfo = }[AccountStatsBridgeActivity],pkg= com.binance.monitor
04-11 13:17:18.077  9020  9192 D skia    : setRusSupported enable 0
04-11 13:17:18.079  3590  8846 I WindowManager: addWindow: New client android.os.BinderProxy@79bb904 : window=Window{cc52eed u0 com.binance.monitor/com.binance.monitor.ui.account.AccountStatsBridgeActivity}
04-11 13:17:18.079  9020  9020 D ViewRootImplExtImpl: onDisplayChanged -1 for VRI android.view.ViewRootImpl@b3cdc28
04-11 13:17:18.080  9020  9020 D ResourcesManagerExtImpl: applyConfigurationToAppResourcesLocked app.getDisplayId() return callback.displayId:0
04-11 13:17:18.080  9020  9020 I Choreographer: Skipped 33 frames!  The application may be doing too much work on its main thread.
04-11 13:17:18.081  3590  8278 V WindowManager: Relayout Window{87c6622 u0 com.binance.monitor}: viewVisibility=0, oldvis=0, req=315x429 , apr = 0, vsysui=, x=42, y=420
04-11 13:17:18.081  9020  9020 I SurfaceControl:  setExtendedRangeBrightness sc=Surface(name=)/@0xc04aefa,currentBufferRatio=1.0,desiredRatio=1.0
04-11 13:17:18.081  3590  8278 D InsetsSourceProvider: updateSourceFrameForServerVisibility mandatorySystemGestures EMPTY_RECT
04-11 13:17:18.081  3590  8278 D InsetsSourceProvider: updateSourceFrameForServerVisibility mandatorySystemGestures EMPTY_RECT
04-11 13:17:18.081  9020  9020 E OplusBracketLog: [OplusViewMirrorManager] updateHostViewRootIfNeeded, not support android.view.ViewRootImpl@b3cdc28
04-11 13:17:18.081  3590  8278 I TaskOrganizerController: onTaskInfoChanged taskid 13179 config { mBounds=Rect(0, 0 - 1264, 2780) mAppBounds=Rect(0, 0 - 1264, 2780) mMaxBounds=Rect(0, 0 - 1264, 2780) mDisplayRotation=ROTATION_0 mWindowingMode=fullscreen mActivityType=standard mAlwaysOnTop=undefined mRotation=ROTATION_0}
04-11 13:17:18.082  3590  8278 D OplusFlexibleDragToSplitAnimController: visibleFlexibleTaskInfos delete:13179
04-11 13:17:18.082  3590  8278 E FlexibleWindowManagerService: notifyTaskObserverToAttachController not need to notify!
04-11 13:17:18.082  3590  8278 I FlexibleWindowManagerService: onFlexibleWindowTaskInfoChanged, return for cur task not embedded
04-11 13:17:18.082  8338  8381 D ShellTaskOrganizerExt: visibleFlexibleTaskInfos delete:13179
04-11 13:17:18.082  8338  8381 D ShellTaskOrganizerExt: isOnCanvas size:0
04-11 13:17:18.082  8338  8381 D ShellTaskOrganizerExt: isOnThreeFlexibleCanvas size:0
04-11 13:17:18.084  9020  9020 D WindowOnBackDispatcher:  predictive settings is disabled for com.binance.monitor
04-11 13:17:18.084  9020  9020 D WindowOnBackDispatcher:  predictive settings is disabled for com.binance.monitor
04-11 13:17:18.084  3590  8278 D CoreBackPreview: Window{cc52eed u0 com.binance.monitor/com.binance.monitor.ui.account.AccountStatsBridgeActivity}: Setting back callback OnBackInvokedCallbackInfo{mCallback=android.window.IOnBackInvokedCallback$Stub$Proxy@af0e7b3, mPriority=0, mIsAnimationCallback=false, mOverrideBehavior=0}
04-11 13:17:18.091  9020  9020 D ViewRootImplExtImpl: wrapConfigInfoIntoFlags rotation=0, smallestScreenWidthDp=0, residentWS=false, scenario=0, bounds=Rect(0, 0 - 1264, 2780), relayoutAsync=false, flags=0, newFlags=1457520640, title=com.binance.monitor/com.binance.monitor.ui.account.AccountStatsBridgeActivity
04-11 13:17:18.092  3590  8278 V WindowManager: Relayout Window{cc52eed u0 com.binance.monitor/com.binance.monitor.ui.account.AccountStatsBridgeActivity}: viewVisibility=0, oldvis=4, req=1264x2780 , apr = 0, vsysui=, x=0, y=0
04-11 13:17:18.092  3590  8278 I WindowManager: Window{cc52eed u0 com.binance.monitor/com.binance.monitor.ui.account.AccountStatsBridgeActivity} state from NO_SURFACE to DRAW_PENDING; reason: resetDrawState
04-11 13:17:18.092  3590  8278 D InsetsSourceProvider: updateSourceFrameForServerVisibility mandatorySystemGestures EMPTY_RECT
04-11 13:17:18.092  3590  8278 D InsetsSourceProvider: updateSourceFrameForServerVisibility mandatorySystemGestures EMPTY_RECT
04-11 13:17:18.093  3590  8278 D WindowManager: NFW_findFocusedWindowIfNeeded:Window{cc52eed u0 com.binance.monitor/com.binance.monitor.ui.account.AccountStatsBridgeActivity} mCurrentFocus:null
04-11 13:17:18.093  3590  8278 D WindowManager: attachImeScreenshotOnTargetIfNeeded, mImeHiding = false, requestedVisibleTypes = -9
04-11 13:17:18.093  3590  8278 V WindowManager: Changing focus from null to Window{cc52eed u0 com.binance.monitor/com.binance.monitor.ui.account.AccountStatsBridgeActivity},diplayid=0
04-11 13:17:18.093  3590  3875 D VRR [OPlusSurfaceFlingerController]:  setComplexSceneEnable : true
04-11 13:17:18.093  3590  7998 I [UAH_CLIENT]: uahRuleCtl, ruleId:206, status:3
04-11 13:17:18.094  3590  8278 D Theia.NoFocusWindow: FocusWindowErrorScene cancelCheckFreezeScreen
04-11 13:17:18.094  3590  8278 W TheiaWindowMonitor: [check] focusedWindow is null or enable is false
04-11 13:17:18.094  9020  9020 D VRI[AccountStatsBridgeActivity]: relayoutWindow result, sizeChanged:true, surfaceControlChanged:true, transformHintChanged:false, mSurfaceSize:Point(1264, 2780), mLastSurfaceSize:Point(0, 0), mWidth:-1, mHeight:-1, requestedWidth:1264, requestedHeight:2780, transformHint:0, installOrientation:0, displayRotation:0, isSurfaceValid:true, attr.flag:-2122252032, tmpFrames:ClientWindowFrames{frame=[0,0][1264,2780] display=[0,0][1264,2780] parentFrame=[0,0][0,0]}, relayoutAsync:false, mSyncSeqId:0
04-11 13:17:18.094  9020  9020 W VRI[AccountStatsBridgeActivity]: updateBlastSurfaceIfNeeded, surfaceSize:Point(1264, 2780), lastSurfaceSize:Point(0, 0), format:-3, blastBufferQueue:null
04-11 13:17:18.094  9020  9020 D BufferQueueConsumer: [](id:233c00000002,api:0,p:-1,c:9020) connect: controlledByApp=false
04-11 13:17:18.094  9020  9020 D BufferQueueConsumer: [VRI[AccountStatsBridgeActivity]#2(BLAST Consumer)2](id:233c00000002,api:0,p:-1,c:9020) setMaxAcquiredBufferCount: 2
04-11 13:17:18.095  9020  9192 D BufferQueueProducer: [VRI[AccountStatsBridgeActivity]#2(BLAST Consumer)2](id:233c00000002,api:1,p:9020,c:9020) connect: api=1 producerControlledByApp=true
04-11 13:17:18.095  3590  3796 D SurfaceComposerClient: Transaction::apply InputWindowCommands.focusRequests timestamp=883997468575435, windowName=cc52eed com.binance.monitor/com.binance.monitor.ui.account.AccountStatsBridgeActivity
04-11 13:17:18.097  9020  9020 D AndroidRuntime: Shutting down VM
--------- beginning of crash
04-11 13:17:18.097  9020  9020 E AndroidRuntime: FATAL EXCEPTION: main
04-11 13:17:18.097  9020  9020 E AndroidRuntime: Process: com.binance.monitor, PID: 9020
04-11 13:17:18.097  9020  9020 E AndroidRuntime: java.lang.IllegalStateException: Cannot call removeOnDrawListener inside of onDraw
04-11 13:17:18.097  9020  9020 E AndroidRuntime: 	at android.view.ViewTreeObserver.removeOnDrawListener(ViewTreeObserver.java:812)
04-11 13:17:18.097  9020  9020 E AndroidRuntime: 	at com.binance.monitor.ui.account.AccountStatsBridgeActivity.clearFirstFrameCompletionListener(AccountStatsBridgeActivity.java:1852)
04-11 13:17:18.097  9020  9020 E AndroidRuntime: 	at com.binance.monitor.ui.account.AccountStatsBridgeActivity.-$$Nest$mclearFirstFrameCompletionListener(Unknown Source:0)
04-11 13:17:18.097  9020  9020 E AndroidRuntime: 	at com.binance.monitor.ui.account.AccountStatsBridgeActivity$6.onDraw(AccountStatsBridgeActivity.java:1824)
04-11 13:17:18.097  9020  9020 E AndroidRuntime: 	at android.view.ViewTreeObserver.dispatchOnDraw(ViewTreeObserver.java:1239)
04-11 13:17:18.097  9020  9020 E AndroidRuntime: 	at android.view.ViewRootImpl.draw(ViewRootImpl.java:6651)
04-11 13:17:18.097  9020  9020 E AndroidRuntime: 	at android.view.ViewRootImpl.performDraw(ViewRootImpl.java:6368)
04-11 13:17:18.097  9020  9020 E AndroidRuntime: 	at android.view.ViewRootImpl.performTraversals(ViewRootImpl.java:5183)
04-11 13:17:18.097  9020  9020 E AndroidRuntime: 	at android.view.ViewRootImpl.doTraversal(ViewRootImpl.java:3593)
04-11 13:17:18.097  9020  9020 E AndroidRuntime: 	at android.view.ViewRootImpl$TraversalRunnable.run(ViewRootImpl.java:12031)
04-11 13:17:18.097  9020  9020 E AndroidRuntime: 	at android.view.Choreographer$CallbackRecord.run(Choreographer.java:1852)
04-11 13:17:18.097  9020  9020 E AndroidRuntime: 	at android.view.Choreographer$CallbackRecord.run(Choreographer.java:1861)
04-11 13:17:18.097  9020  9020 E AndroidRuntime: 	at android.view.Choreographer.doCallbacks(Choreographer.java:1373)
04-11 13:17:18.097  9020  9020 E AndroidRuntime: 	at android.view.Choreographer.doFrame(Choreographer.java:1230)
04-11 13:17:18.097  9020  9020 E AndroidRuntime: 	at android.view.Choreographer$FrameDisplayEventReceiver.run(Choreographer.java:1835)
04-11 13:17:18.097  9020  9020 E AndroidRuntime: 	at android.os.Handler.handleCallback(Handler.java:1027)
04-11 13:17:18.097  9020  9020 E AndroidRuntime: 	at android.os.Handler.dispatchMessage(Handler.java:108)
04-11 13:17:18.097  9020  9020 E AndroidRuntime: 	at android.os.Looper.loopOnce(Looper.java:302)
04-11 13:17:18.097  9020  9020 E AndroidRuntime: 	at android.os.Looper.loop(Looper.java:412)
04-11 13:17:18.097  9020  9020 E AndroidRuntime: 	at android.app.ActivityThread.main(ActivityThread.java:9998)
04-11 13:17:18.097  9020  9020 E AndroidRuntime: 	at java.lang.reflect.Method.invoke(Native Method)
04-11 13:17:18.097  9020  9020 E AndroidRuntime: 	at com.android.internal.os.RuntimeInit$MethodAndArgsCaller.run(RuntimeInit.java:613)
04-11 13:17:18.097  9020  9020 E AndroidRuntime: 	at com.android.internal.os.ZygoteInit.main(ZygoteInit.java:1074)
04-11 13:17:18.099  3590  8462 D OplusAppStartupMonitor: notifyUnstableAppInfo: Bundle[{unstableTime=1775884638098, reason=crash, userId=0, exceptionMsg=Cannot call removeOnDrawListener inside of onDraw, exceptionClass=java.lang.IllegalStateException, app_channel_type=unstable, packageName=com.binance.monitor, unstable_restrict_switch=true}]
04-11 13:17:18.103  3590  8278 W OplusEapManager: splitNames length = 0, splitRevisionCodes length = 0
04-11 13:17:18.103  3590  8278 W OplusEapManager:  doSplitName = no_apk_feature
04-11 13:17:18.103  3590  8278 D ITheiaManagerExt: [sendEvent] TheiaEvent:[id:0x00000005 name:appCrash type:java enable:false reportFreq:1800000 logType:4099 delay:30000 condition:0 recoveryId:0 extraInfo:] versionId:202506140901 INCREMENTAL:V.314736c-e5ac6b-eaf617
04-11 13:17:18.103  3590  8278 W ITheiaManagerExt: [sendEvent] the event state is disable: 5
04-11 13:17:18.103  3590  8278 W OplusEapManager handleErrorInfo sendEvent: : com.binance.monitor happenedcrash
04-11 13:17:18.103  3590  8278 D OplusEapManager: Switching to crashbox with bundle
04-11 13:17:18.104  3590  8278 D OplusAnrCrashMonitor: handleAnrCrashData: bundle data done
04-11 13:17:18.104  3590  8278 D OplusAmsUtilsFeatrue: detectExceptionsForOIDT type:0
04-11 13:17:18.106  3590 16131 D OplusAnrCrashMonitor: bind to service from AnrCrashParams{ Tag=crash, id=d1abc46}
04-11 13:17:18.106  3590  9977 I DropBoxManagerService: add tag=data_app_crash isTagEnabled=true flags=0x2
04-11 13:17:18.107  2399  3200 D SurfaceFlinger: updateWinowInfo=1, setFocusedWindow timestamp=883997468575435, windowName=cc52eed com.binance.monitor/com.binance.monitor.ui.account.AccountStatsBridgeActivity
04-11 13:17:18.107  3590  8837 I InputDispatcher: NFW_setFocusedWindow, cc52eed com.binance.monitor/com.binance.monitor.ui.account.AccountStatsBridgeActivity on display 0, same as the previous:0
04-11 13:17:18.108  3590  9977 D DropBoxManagerService: file :: /data/system/dropbox/data_app_crash@1775884638107.txt
04-11 13:17:18.108  3590  8278 W ActivityTaskManager:   Force finishing activity com.binance.monitor/.ui.account.AccountStatsBridgeActivity
04-11 13:17:18.108  3590  8278 D ActivityTaskManager: setAppVisibility(Token{22bf2d4 ActivityRecord{154653414 u0 com.binance.monitor/.ui.account.AccountStatsBridgeActivity t13179 f}}}, visible=false):  visible=false mVisibleRequested=true
04-11 13:17:18.108  3590  8278 D ActivityTaskManager: setVisibility(Token{22bf2d4 ActivityRecord{154653414 u0 com.binance.monitor/.ui.account.AccountStatsBridgeActivity t13179 f}}}, visible=false) defer commitVisibility for transition collecting
04-11 13:17:18.109  3590  8278 D ActivityTrigger: ActivityTrigger activityPauseTrigger 
04-11 13:17:18.109  3590  8278 W ActivityTaskManager:   Force finishing activity com.binance.monitor/.ui.main.MainActivity
04-11 13:17:18.109  2280  2331 D BatteryChargeControl: bcc get no support from charging protocol
04-11 13:17:18.109  3590  7998 I [UAH_CLIENT]: UahEventAcquire, cmdid:0, pkg:com.binance.monitor, identity:com.android.server.wm
04-11 13:17:18.110  3590  8278 D ActivityTaskManager: setAppVisibility(Token{e278274 ActivityRecord{240062920 u0 com.tencent.mm/.ui.LauncherUI t12626}}, visible=true):  visible=false mVisibleRequested=false
04-11 13:17:18.110  3590  8278 D WindowManager: NFW_setClientVisible:ActivityRecord{240062920 u0 com.tencent.mm/.ui.LauncherUI t12626} clientVisible:true
04-11 13:17:18.110  3590  8278 D ActivityTaskManager: setVisibility(Token{e278274 ActivityRecord{240062920 u0 com.tencent.mm/.ui.LauncherUI t12626}}, visible=true) defer commitVisibility for transition collecting
04-11 13:17:18.111  3590  8278 D InsetsSourceProvider: updateSourceFrameForServerVisibility mandatorySystemGestures EMPTY_RECT
04-11 13:17:18.111  3590  8278 D InsetsSourceProvider: updateSourceFrameForServerVisibility mandatorySystemGestures EMPTY_RECT
04-11 13:17:18.112  3590  3793 I ActivityManager: Showing crash dialog for package com.binance.monitor u0
04-11 13:17:18.112  9020  9020 I Process : Quit itself,  Pid:9020  StackTrace:com.android.internal.os.RuntimeInit$KillApplicationHandler.uncaughtException:201 java.lang.ThreadGroup.uncaughtException:1102 java.lang.ThreadGroup.uncaughtException:1093 com.android.internal.os.RuntimeInitExtImpl.uncaughtExceptionExt:72 com.android.internal.os.RuntimeInit$LoggingHandler.uncaughtException:138 java.lang.Thread.dispatchUncaughtException:2436 <bottom of call stack> <bottom of call stack> <bottom of call stack> <bottom of call stack> 
04-11 13:17:18.112  9020  9020 I Process : Sending signal. PID: 9020 SIG: 9
04-11 13:17:18.112  8338  8381 D ZoomController: onTaskMovedToFront, task id:12626
04-11 13:17:18.112  8338  8381 I ZoomUiController: FloatHandle-isFloatHandleShow mPackageName = null
04-11 13:17:18.113 14599 11478 I AbnormalAppMonitorController: recordAbnormalMessage - ThirdKitFeature =1
04-11 13:17:18.113 14599 11478 D AbnormalAppMonitorController: foreground = true
04-11 13:17:18.114 14599 11478 D AbnormalAppMonitorController: crashType = crash
04-11 13:17:18.116  3590  8278 I [UAH_CLIENT]: UahEventAcquire, cmdid:2, pkg:none, identity:OplusAppStartupManager
04-11 13:17:18.116  3590  8278 D RateLimit: decrementToken , current = 5, offset = 1
04-11 13:17:18.117  3590  8278 V GrammaticalInflectionUtils: AttributionSource: android.content.AttributionSource@7bbd1f2d does not have READ_SYSTEM_GRAMMATICAL_GENDER permission.
04-11 13:17:18.117  2014  2014 D Zygote  : Forked child process 9981
04-11 13:17:18.117  3590  3837 I ActivityManager: Start proc 9981:com.oplus.crashbox/1000 for service {com.oplus.crashbox/com.oplus.crashbox.ExceptionMonitorService}
04-11 13:17:18.117  3590  3793 I ActivityManager: ProcessObserver broadcast disabled
04-11 13:17:18.117  3590  9766 I OStatsManager_OplusBatteryStatsManager: updateStateTime: PkgName = com.oplus.crashbox, uid = 1000, state to bg, mForegroundCnt = 0, isFg = false
04-11 13:17:18.117  3590  7167 I MemoryOperationUtils: add 9981 to inactive
04-11 13:17:18.126  2014  2014 D Zygote  : Forked child process 9982
04-11 13:17:18.126  3590  3837 I ActivityManager: Start proc 9982:com.oplus.thirdkit/u0a125 for content provider {com.oplus.thirdkit/com.oplus.thirdkit.faulthelper.provider.QualityContentProvider}
04-11 13:17:18.126  3590  3793 I ActivityManager: ProcessObserver broadcast disabled
04-11 13:17:18.126  3590  9766 I OStatsManager_OplusBatteryStatsManager: updateStateTime: PkgName = com.oplus.thirdkit, uid = 10125, state to bg, mForegroundCnt = 0, isFg = false
04-11 13:17:18.127  3590  7167 I MemoryOperationUtils: add 9982 to inactive
04-11 13:17:18.129  9981  9981 I .oplus.crashbox: isSwordfishLaunchAppEnabled_ 1 isSwordfishInstallAppEnabled_ 1
04-11 13:17:18.129  9981  9981 E .oplus.crashbox: Unknown bits set in runtime_flags: 0x40000000
04-11 13:17:18.129  9981  9981 I .oplus.crashbox: Using CollectorTypeCMC GC.
04-11 13:17:18.131  9981  9981 E .oplus.crashbox: Not starting debugger since process cannot load the jdwp agent.
04-11 13:17:18.132  9981  9981 D nativeloader: Load libframework-connectivity-tiramisu-jni.so using APEX ns com_android_tethering for caller /apex/com.android.tethering/javalib/framework-connectivity-t.jar: ok
04-11 13:17:18.135  9981  9981 W libc    : Access denied finding property "persist.vendor.sys.activitylog"
04-11 13:17:18.135  9981  9981 I OneTrace: Mark active for pid=9981? true
04-11 13:17:18.135  9981  9981 D cutils-dev: otrace_set_tracing_enabled? true tag:0
04-11 13:17:18.135  3590  7369 W InputDispatcher: channel '87c6622 com.binance.monitor' ~ Consumer closed input channel or an error occurred.  events=0x9
04-11 13:17:18.135  3590  7369 E InputDispatcher: channel '87c6622 com.binance.monitor' ~ Channel is unrecoverably broken and will be disposed!
04-11 13:17:18.135  3590  7369 I WindowManager: WINDOW DIED Window{87c6622 u0 com.binance.monitor}
04-11 13:17:18.135  9981  9981 D cutils-dev: properties changed in otrace_seq_number_changed!
04-11 13:17:18.135  3590  7369 I WindowManager: Window{87c6622 u0 com.binance.monitor} state from HAS_DRAWN to NO_SURFACE; reason: destroySurface
04-11 13:17:18.136  3590  3590 D NotificationService--OplusBreathLights:  updateLightsStateLocked 
04-11 13:17:18.136  3590  3590 D NotificationService--OplusBreathLights:  scheduleLightsOffTimeoutLocked 
04-11 13:17:18.136  3590  7369 D InsetsSourceProvider: updateSourceFrameForServerVisibility mandatorySystemGestures EMPTY_RECT
04-11 13:17:18.136  3590  3590 D NotificationService--OplusNotificationManagerServiceExtImpl: notifyDelayRemovedLocked,reason:20 isGroup:false
04-11 13:17:18.136  9982  9982 I .oplus.thirdkit: isSwordfishLaunchAppEnabled_ 1 isSwordfishInstallAppEnabled_ 1
04-11 13:17:18.136  9982  9982 E .oplus.thirdkit: Unknown bits set in runtime_flags: 0x40000000
04-11 13:17:18.136  9982  9982 I .oplus.thirdkit: Using CollectorTypeCMC GC.
04-11 13:17:18.136  3590  8278 I system_server: _Desupression native alloc gc_urgency: 70595 native bytes: 239595160
04-11 13:17:18.136  3590  7369 D InsetsSourceProvider: updateSourceFrameForServerVisibility mandatorySystemGestures EMPTY_RECT
04-11 13:17:18.137  3590  7369 D WindowManager: NFW_findFocusedWindowIfNeeded:null mCurrentFocus:Window{cc52eed u0 com.binance.monitor/com.binance.monitor.ui.account.AccountStatsBridgeActivity}
04-11 13:17:18.137  3590  7369 V WindowManager: Changing focus from Window{cc52eed u0 com.binance.monitor/com.binance.monitor.ui.account.AccountStatsBridgeActivity} to null,diplayid=0
04-11 13:17:18.138  3590  3830 I UserAwareMgr: handleFgAppChanged, pkgName: com.binance.monitor, pid: 9020, isVisible: false, fgAppType: FG2
04-11 13:17:18.138  3590  3830 I UserAwareMgr: fg app status not changed, beforeVisible: true, currentVisible: true
04-11 13:17:18.138  8338  8338 I SystemUi--Notification: OplusLiveAlertNotificationsRepository-->onNotificationChannelModified: android 0 “交易终端”正在其他应用的上层显示内容 3
04-11 13:17:18.138  3590  7998 I Osense-FloatWindowComplexScene: getNoSharedData pid=13839,result=[Bundle[{isExitWindow=false, isFocused=true, taskId=13179, pkgName=com.binance.monitor, isVisible=true, pid=9020, uid=10512, type=1, hwuiTaskThreads=[9199, 9200], renderThreadTid=9192, activityName=com.binance.monitor/.ui.main.MainActivity, isEnter=false}];Bundle[{isExitWindow=false, isFocused=false, taskId=2, pkgName=com.android.launcher, isVisible=true, pid=8730, uid=10214, type=1, hwuiTaskThreads=[9163, 9164], renderThreadTid=8905, activityName=com.android.launcher/.Launcher, isEnter=false}];Bundle[{isExitWindow=true, isFocused=false, floatWindowType=3, taskId=-1, pkgName=com.binance.monitor, isVisible=true, pid=9020, uid=10512, type=2, hwuiTaskThreads=[9199, 9200], renderThreadTid=9192, activityName=null, isEnter=false}]]
04-11 13:17:18.138  3590  3830 W QosScheduler: executeSceneQosStrategy failed! qos feature no enable
04-11 13:17:18.138  3590  7998 I [UAH_CLIENT]: uahRuleCtl, ruleId:206, status:5
04-11 13:17:18.138 13839 13365 D UserAppScenarioEvent: mComplexSceneObserver eventId: 4, bundle: [Bundle[mParcelledData.dataSize=516], Bundle[mParcelledData.dataSize=500], Bundle[mParcelledData.dataSize=472]]
04-11 13:17:18.139  3590  3872 D OplusFeatureUIR: Receive float window scene changed eventId = 4 bundleList.size = 3 mFloatWindowApps [] mCurrentPkg com.binance.monitor
04-11 13:17:18.139  9982  9982 E .oplus.thirdkit: Not starting debugger since process cannot load the jdwp agent.
04-11 13:17:18.139  3590  8278 D CompatChangeReporter: Compat change id reported: 151861875; UID 1000; state: ENABLED
04-11 13:17:18.139  3590  8278 D SplitScreenAppReader: SPLIT_TOUCH support check:com.oplus.crashbox = false
04-11 13:17:18.139  3590  8278 D ActivityTaskManagerServiceExtImpl: preBindApplication record is null
04-11 13:17:18.139  3590  8278 D RGBNormalizeServer: OplusRGBNormalize feature enabled ? true
04-11 13:17:18.139  3590  8278 D ResourcesManagerCache: For package com.oplus.crashbox we got cacheList [null] appInfoExt is null ? false hasFeature ? false
04-11 13:17:18.139  3590  3875 D VRR [OPlusSurfaceFlingerController]:  setComplexSceneEnable : false
04-11 13:17:18.140 23001 23001 I adbd    : Remote process closed the socket (on MSG_PEEK)
04-11 13:17:18.140  2399  9261 I ClientCache: removeProcess: Cache owner=0xb400007e5c381180
04-11 13:17:18.140  3590  8173 I ActivityManager: Death received, pid = 9020, processName = com.binance.monitor for thread android.os.BinderProxy@76b3bd
04-11 13:17:18.140  3590  8793 I WindowManager: WIN DEATH: Window{cc52eed u0 com.binance.monitor/com.binance.monitor.ui.account.AccountStatsBridgeActivity}
04-11 13:17:18.140  2014  2014 I Zygote  : Process 9020 exited due to signal 9 (Killed)
04-11 13:17:18.140  3590  8793 I WindowManager: Window{cc52eed u0 com.binance.monitor/com.binance.monitor.ui.account.AccountStatsBridgeActivity} state from DRAW_PENDING to NO_SURFACE; reason: destroySurface
04-11 13:17:18.140  3590  8832 I ImeTracker: com.binance.monitor:e8fc7bc2: onRequestHide at ORIGIN_SERVER reason HIDE_REMOVE_CLIENT fromUser false
04-11 13:17:18.140  3590  8832 I ImeTracker: com.binance.monitor:e8fc7bc2: onCancelled at PHASE_SERVER_SHOULD_HIDE
04-11 13:17:18.140  3590  8793 D InsetsSourceProvider: updateSourceFrameForServerVisibility mandatorySystemGestures EMPTY_RECT
04-11 13:17:18.141 11607 11607 E InputEventReceiver: channel 'ClientState{576a31e mUid=10512 mPid=9020 mSelfReportedDisplayId=0}' ~ Publisher closed input channel or an error occurred. events=0x9
04-11 13:17:18.141  3590  8793 D InsetsSourceProvider: updateSourceFrameForServerVisibility mandatorySystemGestures EMPTY_RECT
04-11 13:17:18.141  9982  9982 D nativeloader: Load libframework-connectivity-tiramisu-jni.so using APEX ns com_android_tethering for caller /apex/com.android.tethering/javalib/framework-connectivity-t.jar: ok
04-11 13:17:18.141  3590  8793 D WindowManager: NFW_findFocusedWindowIfNeeded:null mCurrentFocus:null
04-11 13:17:18.141  3590  8793 I WindowManager: WIN DEATH: Window{3611f0d u0 com.binance.monitor/com.binance.monitor.ui.main.MainActivity}
04-11 13:17:18.141  3590  8793 D WindowManager: NFW_findFocusedWindowIfNeeded:null mCurrentFocus:null
04-11 13:17:18.141  3590  8793 D InsetsSourceProvider: updateSourceFrameForServerVisibility mandatorySystemGestures EMPTY_RECT
04-11 13:17:18.141  3590  8793 D InsetsSourceProvider: updateSourceFrameForServerVisibility mandatorySystemGestures EMPTY_RECT
04-11 13:17:18.142  8338  8338 I SystemUi--Notification: OplusLiveAlertNotificationsRepository-->removeLiveAlert: 0|android|0|com.android.server.wm.AlertWindowNotification - com.binance.monitor|1000
04-11 13:17:18.142  8338  8338 I PluginSeedling--Track: RequestHandler-->notificationRemoved 0|android|0|com.android.server.wm.AlertWindowNotification - com.binance.monitor|1000
04-11 13:17:18.142 13839 14694 D AMC     : [TriggerForeground] handleFloatWindowStateChanged on:false
04-11 13:17:18.142  8338  8338 I SystemUi--Notification: OplusLiveAlertNotificationsRepository-->onRankingApplied
04-11 13:17:18.142 16855 16890 E FileStrategy: java.io.IOException: Read-only file system
04-11 13:17:18.143  9982  9982 W libc    : Access denied finding property "persist.vendor.sys.activitylog"
04-11 13:17:18.143  9982  9982 I OneTrace: Mark active for pid=9982? true
04-11 13:17:18.143  9982  9982 D cutils-dev: otrace_set_tracing_enabled? true tag:0
04-11 13:17:18.143  3590  8301 I ActivityManager: Process com.binance.monitor (pid 9020) has died: fg  TOP 
04-11 13:17:18.143  3590  3838 I libprocessgroup: Removed cgroup /sys/fs/cgroup/apps/uid_10512/pid_9020
04-11 13:17:18.143  9982  9982 D cutils-dev: properties changed in otrace_seq_number_changed!
04-11 13:17:18.143  3590  3792 D SensorServiceExtImpl: notifyApplicationLaunchStage processName=com.binance.monitor, uid=10512, pid=9020, stage=-1
04-11 13:17:18.143  3590  3590 D NotificationService--OplusBreathLights:  updateLightsStateLocked 
04-11 13:17:18.143  3590  3590 D NotificationService--OplusBreathLights:  scheduleLightsOffTimeoutLocked 
04-11 13:17:18.143  3590  3830 W UserAwareMgr: top app is killed
04-11 13:17:18.143  3590  3830 I UserAwareMgr: process killed: {pkgName='com.binance.monitor', serviceName='', procName=com.binance.monitor, pid=9020, uid=10512, appId=0, owner='null', flags='tp', renderTid=9192, hwuiTids=[9199, 9200], glTids=null, threadInfos=null, mVideoActivityList=[], mStates=0}
04-11 13:17:18.143  3590  3830 I UserAwareMgr: handleProcessKilled, pkgName: com.binance.monitor, pid: 9020
04-11 13:17:18.144  3590  3590 D NotificationGroupType: maybeUngroupOplus:after all cleared
04-11 13:17:18.144  9981  9981 D CompactWindowAppManager: initCompactApplicationInfo CompactMode: , NormalMode: 
04-11 13:17:18.144  3590  8480 I OPM     : handleAppExit info: ApplicationExitInfo(timestamp=2026/4/11 13:17 pid=9020 realUid=10512 packageUid=10512 definingUid=10512 user=0 process=com.binance.monitor reason=4 (APP CRASH(EXCEPTION)) subreason=0 (UNKNOWN) status=0 importance=100 pss=0.00 rss=264MB description=crash state=empty trace=null
04-11 13:17:18.144  3590  8301 D TheiaXMLParser: Activity name found in the abnormal activity finish list : false
04-11 13:17:18.145  6374  6407 I metis_v2_AppDiedObserver: shortcutAppDiedCallback, fenceKey = app_died_shortcut
04-11 13:17:18.145  3590  8777 I OplusHansManager : onUidGone(), 10512 com.binance.monitor exit SM
04-11 13:17:18.145  3590  8777 I OplusHansManager : onUidGone(), 10512 com.binance.monitor alarm removed
04-11 13:17:18.145  8338  8338 I SystemUi--Notification: OplusLiveAlertNotificationsRepository-->removeLiveAlert: 0|com.binance.monitor|9001|null|10512
04-11 13:17:18.145  8338  8338 I PluginSeedling--Track: RequestHandler-->notificationRemoved 0|com.binance.monitor|9001|null|10512
04-11 13:17:18.145  2782  5326 D HoloAudio::SpecailizerPLService_Aidl: callClient:clientID:1 exist:1, event:18, isOneWay:0
04-11 13:17:18.145 13839 14674 D OplusLinkBoostSceneManager: sceneStateUpdate: 5023,com.binance.monitor,switch:[false, true, true, false]
04-11 13:17:18.145 13839 14674 D OplusLinkBoostGame: onSceneUpdated: 5023,com.binance.monitor,switchOn: false
04-11 13:17:18.145 13839 14674 D OplusLinkBoostMeeting: onSceneUpdated: 5023,com.binance.monitor,switchOn: true
04-11 13:17:18.145 13839 14674 D OplusLinkBoostCommon: onSceneUpdated: 5023,com.binance.monitor
04-11 13:17:18.145  3590  7902 D InetDiagMessage: Destroyed 0 sockets, proto=IPPROTO_TCP, family=AF_INET, states=14
04-11 13:17:18.145 13839 14674 D OplusLinkBoostConcert: onSceneUpdated: 5023,com.binance.monitor,switchOn: true,rus:true
04-11 13:17:18.145  3590  8301 D ActivityTaskManager: removeAppToken: ActivityRecord{154653414 u0 com.binance.monitor/.ui.account.AccountStatsBridgeActivity t13179 f}} delayed=true parent=Task{8219bc0 #13179 type=standard A=10512:com.binance.monitor} animating=true Callers=com.android.server.wm.DisplayContent.removeAppToken:1759 com.android.server.wm.ActivityRecord.removeFromHistory:4970 com.android.server.wm.ActivityRecord.handleAppDied:5329 com.android.server.wm.WindowProcessController.handleAppDied:1709 
04-11 13:17:18.145  8338  8338 I SystemUi--Notification: OplusLiveAlertNotificationsRepository-->onRankingApplied
04-11 13:17:18.145  3590  8301 D WindowManager: NFW_findFocusedWindowIfNeeded:null mCurrentFocus:null
04-11 13:17:18.146  6374  6458 D HLog-UpMgr: [metis]CheckWhetherUploadBody Mgr:com.oplus.sdp.y9.c@30c88f
04-11 13:17:18.146  6374  6458 D HLog-MultiConfigManage: [metis]checkAllPushTask
04-11 13:17:18.146  8337  9773 V OsAgent : broadcastSystemEvent - 7
04-11 13:17:18.146  6374  6458 D HLog-MultiConfigManage: [metis]checkAllPushTask existPushInfo : 
04-11 13:17:18.146  3590  8301 D ActivityTaskManager: removeAppToken: ActivityRecord{89480946 u0 com.binance.monitor/.ui.main.MainActivity t13179 f}} delayed=true parent=Task{8219bc0 #13179 type=standard A=10512:com.binance.monitor} animating=true Callers=com.android.server.wm.DisplayContent.removeAppToken:1759 com.android.server.wm.ActivityRecord.removeFromHistory:4970 com.android.server.wm.ActivityRecord.handleAppDied:5329 com.android.server.wm.WindowProcessController.handleAppDied:1709 
04-11 13:17:18.146  3590  8480 I OPM     : handleUidGone uid: 10512, disabled: false
04-11 13:17:18.146  3590  8301 D FlexibleWindowManagerService: [resetSiblingEmbeddedTasksToFullScreen]size of embedded tasks is illegal
04-11 13:17:18.146  3590  7902 D InetDiagMessage: Destroyed 0 sockets, proto=IPPROTO_TCP, family=AF_INET6, states=14
04-11 13:17:18.146  3590  7902 D InetDiagMessage: Destroyed live tcp sockets for uids={10512} in 2ms
04-11 13:17:18.146  2013  2036 E statsd  : Predicate 1508000004 dropping data for dimension key (100234)0x10000->10512[I] 
04-11 13:17:18.146  9981  9981 V Configuration: Updating configuration, locales updated from [] to [zh_CN]
04-11 13:17:18.146  2782  5326 D HoloAudio::SpecailizerPLService_Aidl: getMssEnable --- com.binance.monitor[0]
04-11 13:17:18.146  3590  8301 I OplusProxyWakeLock: prevent update worksource , it becomes empty, release wakelock: lock:137061547 PARTIAL_WAKE_LOCK                 '*laun... ' DISABLED (uid=1000 pid=3590 ws=WorkSource{10512})
04-11 13:17:18.146  3590  8301 I OplusAccessController: enter isIgnoreAppSwitchActivity
04-11 13:17:18.146  9981  9981 D OplusScrollToTopManager: setIsInWhiteList false
04-11 13:17:18.146  3590  8301 I OplusAccessController: enter isIgnoreAppSwitchActivity and intent != null
04-11 13:17:18.146  3590  8301 I OplusAccessController: enter isIgnoreAppSwitchActivity and componentName != null
04-11 13:17:18.146  3590  8301 I OplusAccessController: enter isIgnoreAppSwitchActivity and packageName&activity is not Empty
04-11 13:17:18.146  6374  6471 E FileStrategy: java.io.IOException: Read-only file system
04-11 13:17:18.146  3590  8301 I OplusHansManager : front pkg: com.tencent.mm, uid: 10345, prev pkg: com.binance.monitor, prev uid: 10512
04-11 13:17:18.146 14034 15457 D ActivityAdapter: ugc uid gone, uid=10512
04-11 13:17:18.146  3590  7902 D InetDiagMessage: Destroyed 0 sockets, proto=IPPROTO_TCP, family=AF_INET, states=14
04-11 13:17:18.146  2013  2036 E statsd  : Predicate 1508000004 dropping data for dimension key (100234)0x10000->10512[I] 
04-11 13:17:18.146  9981  9981 D OplusViewDebugManager: OplusViewDebugManager Constructor android.view.debug.OplusViewDebugManager@641bd33 [mHasViewDebugProperty true] [mHasMsgDebugProperty false] [DEBUG false] [EXTRAINFOENABLE false] [LIGHT_OS false]
04-11 13:17:18.147  9059  9404 I JniHook : println_native hooked: 0
04-11 13:17:18.147  3590  7902 D InetDiagMessage: Destroyed 0 sockets, proto=IPPROTO_TCP, family=AF_INET6, states=14
04-11 13:17:18.147  9059  9404 D VRI[LauncherUI]: dispatchAppVisibility visible:true mUpcomingWindowFocus:false
04-11 13:17:18.147  3590  7902 D InetDiagMessage: Destroyed live tcp sockets for uids={20512} in 1ms
04-11 13:17:18.148  8338  8338 E LockScreenNotificationDispatcherImp: updateNotificationListOnKg size:0
04-11 13:17:18.149  9981  9981 D CompatChangeReporter: Compat change id reported: 202956589; UID 1000; state: ENABLED
04-11 13:17:18.149  8338  8338 I SystemUi--Notification: NotificationStackScrollLayoutExtImpl-->bind scrollGridCount 5 o.visibleChildrenCount 3 o.childCount 7
04-11 13:17:18.149  8338  8338 I SystemUi--Notification: SeparatePanelAnimation-->updateVisibleChildCount change, currentChildCount: 6 totalCount 4
04-11 13:17:18.150  8338  8338 I SystemUi--Notification: LockScreenNotificationDispatcherImp-->updateNotificationListOnKg resultCode: 0
04-11 13:17:18.150  3590  9766 E KernelCpuUidFreqTimeReader: Negative delta from freq time for uid: 10194, delta: -15
04-11 13:17:18.150  3590  9766 E KernelCpuUidFreqTimeReader: Negative delta from freq time for uid: 99118, delta: -26
04-11 13:17:18.150  3590  9766 E KernelCpuUidFreqTimeReader: Negative delta from freq time for uid: 99119, delta: -4
04-11 13:17:18.150  3590  9766 I OStatsManager_Calc: add screen power pkgName = com.binance.monitor, uid = 10512, power = 3180.1165850013494, is Fg = true, fore size = 1, mScale = 1.0
04-11 13:17:18.150  3590  9766 I OStatsManager_Calc: noteBeforePkgSwitch change = true, curTime = 931853560, com.binance.monitor, fg = true
04-11 13:17:18.150  3590  9766 I OStatsManager_OplusBatteryStatsManager: updateStateTime: PkgName = com.binance.monitor, uid = 10512, state to em, mForegroundCnt = 0, isFg = false
04-11 13:17:18.150  9981  9981 W libc    : Access denied finding property "ro.odm.prev.product.name"
04-11 13:17:18.152  3590  8301 I OplusHansManager : unfreeze uid: 10345 com.tencent.mm pids: [7755, 5830, 9059, 9448, 7741] reason: TopActivity scene: LcdOn
04-11 13:17:18.152  3590  9766 I OStatsManager_OplusBatteryStatsManager: updateStateTime: PkgName = com.tencent.mm, uid = 10345, state to bg, mForegroundCnt = 0, isFg = false
04-11 13:17:18.152  3590  8301 D RefreshRate: don't do app switch boost,arDisplayId:0 mDisplayId:0 currentSettingMode:0 hasAppSwitchBoostPriority:true is supportRefreshRateSwitch:true
04-11 13:17:18.152  3590  8475 D NativeFreezeManager: freezeForAppSwitchScene mAppLaunchFzDxEnable enter, mFgAppPkgname com.tencent.mm
04-11 13:17:18.152  3590  7998 D JobSchedulerServiceExtImpl: updateOsenseRestrictMode for 1 true false
04-11 13:17:18.152  3590  8472 I OplusHansManager : uid=10345, pkg=com.tencent.mm F exit(), F stay=10, reason=TopActivity, FrozenActionKeepProxy=false
04-11 13:17:18.152  3590  8279 I Osense-BaseDecisionMaker: notifySceneToAthenaPolicy: SCENE_APP_SWITCH, bundle: Bundle[{prevPkgName=com.binance.monitor, curUid=10345, isGame=false, curPkgName=com.tencent.mm, prevUid=10512}]
04-11 13:17:18.152  3590  8301 D ActivityTaskManager: onWindowFocusChanged Task{1abb46b #12626 type=standard A=10345:com.tencent.mm} would transfer to compact
04-11 13:17:18.152  3590  8472 I OplusHansManager : uid=10345, pkg=com.tencent.mm M exit(), M stay=0
04-11 13:17:18.152  3590  8472 I OplusHansManager : uid=10345, pkg=com.tencent.mm R exit(), R stay=0
04-11 13:17:18.152  3590  3830 I UserAwareMgr: handleTopAppChanged: com.tencent.mm, pid: 9059, uid: 10345
04-11 13:17:18.152  3590  8301 D ActivityTaskManager: NFW_setLastResumedActivityUncheckLocked:true r:ActivityRecord{240062920 u0 com.tencent.mm/.ui.LauncherUI t12626} currentFocus:null
04-11 13:17:18.152  3590  8475 I OplusHansManager : up_BC uid=10345 pkg=com.tencent.mm
04-11 13:17:18.152  3590  8475 V SensorManager: call sensorServiceCommonInterface name: setSensorAccessState
04-11 13:17:18.152  3590  8475 D SensorServiceExtImpl: sensorServiceCommonInterface funcName = setSensorAccessState, flag = 10345, status = 1
04-11 13:17:18.152  3590  8301 D WindowManager: NFW_findFocusedWindowIfNeeded:null mCurrentFocus:null
04-11 13:17:18.152  3590  8475 D SensorServiceExtImpl: setSensorAccessState uid = 10345, state = 1
04-11 13:17:18.152  3590  8301 D FlexibleTaskController: onTaskFocusChanged prevTask:null ,currentTask:Task{1abb46b #12626 type=standard A=10345:com.tencent.mm}, reason: resumeTopActivity - onActivityStateChanged
04-11 13:17:18.152  3590  8301 D OplusFlexibleDCSManager: onNextPkgChanged pkg = com.tencent.mm
04-11 13:17:18.152  3590  8475 I OplusHansManager : up_sensor: 10345
04-11 13:17:18.152  3590  8475 I OplusCameraManagerGlobal: reportAppFreeze E
04-11 13:17:18.152  3590  8480 I OPM     : handlePackageLaunched pkg: com.tencent.mm, uid: 10345, pid: 9059
