04-11 13:17:15.791 14034 14034 D RadioAtomTracker: parseQosPeriodData ModemQos:CellularQosInfo1{5G, 504990/202, EndcState=2, Band=41, DLBW=13, Rsrp=-91, Rsrq=-12, Snr=0, SvcStatus=3, ULPDCPNumDataPdu=1, ULPDCPNumDropPdu=0, ULPDCPTput=53, ULRLCNumDataPdu=1, ULRLCNumRetxPdu=0, ULGrant=0, ULBSR=0, ULBler=0, DLPDCPNumDataPdu=2, DLPDCPTput=293, DLRLCNumDataPdu=1, DLRLCNumRetxPdu=0, DLRLCNumDropPdu=0, DLMACPaddingBytes=0, DLPdcpNumMissToUppPdu=0, DLBler=0, RlfCount=0, CellChangeCount=0, IsRedirectionOccur=0, IsDualSimConflict=0, Latency=5, Sub1RrcState=1, Sub2RrcState=3, RachCount=0, CalcPower=32767, Mtpl=32767, PathLoss=-1, CellLoad=0}
04-11 13:17:15.791 14034 14034 D NetworkService[1]: EVENT_REG_QOS_PERIOD_REPORT_IND_CHANGED ENTER
04-11 13:17:15.791 14034 14034 D AtomModemKpiInfo: handleMessage what:1001
04-11 13:17:15.791 14034 14034 D AtomModemKpiInfo: analyseQosInfo success
04-11 13:17:15.821  2113 17862 I sensors-hal: handle_oplus_wise_rgb_event:161, wise_rgb: (18046)(cct, lux, ir)[5590.08, 134.98, 56.784248] (r, g, b, c)[6461.12, 4256.26, 2675.44, 12084.62]                 (pwm, hbm, brl, algo)[0.0 0.0 1309.0 2.0], flag 38258
04-11 13:17:15.926  2113 17888 I sensors-hal: handle_sns_std_sensor_event:114, oplus rgb_rear sample: (cct, lux, ir, x, y)[10064, 18, 206, 259, 324]
04-11 13:17:15.926  2113 17888 I sensors-hal: handle_sns_std_sensor_event:116, oplus rgb_rear sample: (r, g, b, c w)[733, 1510, 337, 312, 0]
04-11 13:17:15.927  3590  9788 I AICCTModule: SensorFilter: brightness threshold 1.2 screenNit is 87.884 ave enviroment lux is 82.67949 luxForNit 85.51437demarcationPoint200.0 result is false
04-11 13:17:15.927  3590  9788 I AICCTModule: SensorFilter: findSecondNearestValue, sensorValue: 5677.916 nearestMaxValue:5682.7993 secondNearestValue: 5682.7993
04-11 13:17:15.927  3590  9788 I AICCTModule: SensorFilter: findSecondNearestValue, sensorValue: 73.32506 nearestMaxValue:73.46908 secondNearestValue: 75.69758
04-11 13:17:15.976  2181  2506 I SDM     : DisplayBuiltIn::IdlePowerCollapse: IPC received, disabling partial update for one frame
04-11 13:17:15.982  2181 26958 E CwbService: Panel not support apl read or getDisplayPanelAplValue timeout 10ms.
04-11 13:17:15.982  2258  2258 D SensorFeature: name=ssc_screenshot_info ,index = 22
04-11 13:17:15.982  2258  2258 D SensorFeature: write 39 bytes:931851330321872,931851384574215,38259,0
04-11 13:17:16.077  3590  7335 D ActivityManager: freezing 27799 com.coloros.alarmclock
04-11 13:17:16.080  3590  7335 D ActivityManager: freezing 14376 com.android.rkpdapp
04-11 13:17:16.081  3590  7335 D ActivityManager: Freeze process 14376, not check file locks
04-11 13:17:16.081  3590  7335 D ActivityManager: freezing 24286 com.google.android.projection.gearhead:provider
04-11 13:17:16.081  3590  7335 D ActivityManager: Freeze process 24286, not check file locks
04-11 13:17:16.081  3590  7335 D ActivityManager: freezing 24664 com.google.android.configupdater
04-11 13:17:16.082  3590  7335 D ActivityManager: Freeze process 24664, not check file locks
04-11 13:17:16.082  3590  7335 D ActivityManager: freezing 15448 com.coloros.alarmclock:clockWidget
04-11 13:17:16.083  3590  7335 D ActivityManager: Freeze process 15448, not check file locks
04-11 13:17:16.083  3590  7335 D ActivityManager: freezing 18072 com.microsoftsdk.crossdeviceservicebroker
04-11 13:17:16.083  3590  7335 D ActivityManager: Freeze process 18072, not check file locks
04-11 13:17:16.083  3590  7335 D ActivityManager: freezing 22324 com.heytap.cloud
04-11 13:17:16.085  3590  7335 D ActivityManager: Freeze process 22324, not check file locks
04-11 13:17:16.085  3590  7335 D ActivityManager: freezing 21483 com.android.cellbroadcastreceiver.module
04-11 13:17:16.085  3590  7335 D ActivityManager: Freeze process 21483, not check file locks
04-11 13:17:16.085  3590  7335 D ActivityManager: freezing 3193 com.oplus.romupdate
04-11 13:17:16.085  3590  7335 D ActivityManager: Freeze process 3193, not check file locks
04-11 13:17:16.085  3590  7335 D ActivityManager: freezing 3108 com.android.keychain
04-11 13:17:16.085  2113 20704 I sensors-hal: handle_oplus_wise_rgb_event:189, high_pwm_light:lux 137.9,cct 5670.7,brl/algo/ir 1309.0/2.0/56.0,pwm/dc 0.0/0.0,rgbc 6600.656738/4353.039062/2746.078613/12355.033203,ts 931851326870227,cnt 18050,flag 38259
04-11 13:17:16.086  2113 17862 I sensors-hal: handle_oplus_wise_rgb_event:161, wise_rgb: (18051)(cct, lux, ir)[5670.68, 137.95, 55.951355] (r, g, b, c)[6588.20, 4364.04, 2741.66, 12355.03]                 (pwm, hbm, brl, algo)[0.0 0.0 1309.0 2.0], flag 38259
04-11 13:17:16.086  3590  7335 D ActivityManager: freezing 449 com.oplus.safecenter
04-11 13:17:16.086  3590  7335 D ActivityManager: freezing 32603 com.oplus.securitypermission
04-11 13:17:16.087  3590  7335 D ActivityManager: freezing 472 com.android.permissioncontroller
04-11 13:17:16.087  3590  7335 D ActivityManager: Freeze process 472, not check file locks
04-11 13:17:16.088  3590  7335 D ActivityManager: freezing 17857 com.microsoft.appmanager
04-11 13:17:16.088  3590  7335 D ActivityManager: Freeze process 17857, not check file locks
04-11 13:17:16.088  3590  7335 D ActivityManager: reportOneUidFrozenStateChanged uid 10290 frozen = true
04-11 13:17:16.089  3590  7335 D ActivityManager: reportOneUidFrozenStateChanged uid 10264 frozen = true
04-11 13:17:16.089  3590  7335 D ActivityManager: reportOneUidFrozenStateChanged uid 10263 frozen = true
04-11 13:17:16.089  3590  7335 D ActivityManager: reportOneUidFrozenStateChanged uid 10294 frozen = true
04-11 13:17:16.089  3590  7335 D ActivityManager: reportOneUidFrozenStateChanged uid 10077 frozen = true
04-11 13:17:16.089  3590  7335 D ActivityManager: reportOneUidFrozenStateChanged uid 10158 frozen = true
04-11 13:17:16.089  3590  7335 D ActivityManager: reportOneUidFrozenStateChanged uid 10276 frozen = true
04-11 13:17:16.089  3590  7335 D ActivityManager: reportOneUidFrozenStateChanged uid 10186 frozen = true
04-11 13:17:16.089  3590  7335 D ActivityManager: reportOneUidFrozenStateChanged uid 10284 frozen = true
04-11 13:17:16.089  3590  7335 D ActivityManager: reportOneUidFrozenStateChanged uid 10114 frozen = true
04-11 13:17:16.090  3590  7902 D InetDiagMessage: Destroyed 0 sockets, proto=IPPROTO_TCP, family=AF_INET, states=14
04-11 13:17:16.090  3590  7902 D InetDiagMessage: Destroyed 0 sockets, proto=IPPROTO_TCP, family=AF_INET6, states=14
04-11 13:17:16.090  3590  7902 D InetDiagMessage: Destroyed live tcp sockets for uids={10290} in 1ms
04-11 13:17:16.091  3590  7902 D InetDiagMessage: Destroyed 0 sockets, proto=IPPROTO_TCP, family=AF_INET, states=14
04-11 13:17:16.092  3590  7902 D InetDiagMessage: Destroyed 0 sockets, proto=IPPROTO_TCP, family=AF_INET6, states=14
04-11 13:17:16.092  3590  7902 D InetDiagMessage: Destroyed live tcp sockets for uids={10264} in 2ms
04-11 13:17:16.093  3590  7902 D InetDiagMessage: Destroyed 0 sockets, proto=IPPROTO_TCP, family=AF_INET, states=14
04-11 13:17:16.093  3590  7902 D InetDiagMessage: Destroyed 0 sockets, proto=IPPROTO_TCP, family=AF_INET6, states=14
04-11 13:17:16.093  3590  7902 D InetDiagMessage: Destroyed live tcp sockets for uids={10263} in 1ms
04-11 13:17:16.094  3590  7902 D InetDiagMessage: Destroyed 0 sockets, proto=IPPROTO_TCP, family=AF_INET, states=14
04-11 13:17:16.095  3590  7902 D InetDiagMessage: Destroyed 0 sockets, proto=IPPROTO_TCP, family=AF_INET6, states=14
04-11 13:17:16.095  3590  7902 D InetDiagMessage: Destroyed live tcp sockets for uids={10294} in 2ms
04-11 13:17:16.096  3590  7902 D InetDiagMessage: Destroyed 0 sockets, proto=IPPROTO_TCP, family=AF_INET, states=14
04-11 13:17:16.096  3590  7902 D InetDiagMessage: Destroyed 0 sockets, proto=IPPROTO_TCP, family=AF_INET6, states=14
04-11 13:17:16.096  3590  7902 D InetDiagMessage: Destroyed live tcp sockets for uids={10077} in 1ms
04-11 13:17:16.097  3590  7902 D InetDiagMessage: Destroyed 0 sockets, proto=IPPROTO_TCP, family=AF_INET, states=14
04-11 13:17:16.098  3590  7902 D InetDiagMessage: Destroyed 0 sockets, proto=IPPROTO_TCP, family=AF_INET6, states=14
04-11 13:17:16.098  3590  7902 D InetDiagMessage: Destroyed live tcp sockets for uids={10158} in 2ms
04-11 13:17:16.099  3590  7902 D InetDiagMessage: Destroyed 0 sockets, proto=IPPROTO_TCP, family=AF_INET, states=14
04-11 13:17:16.099  3590  7902 D InetDiagMessage: Destroyed 0 sockets, proto=IPPROTO_TCP, family=AF_INET6, states=14
04-11 13:17:16.099  3590  7902 D InetDiagMessage: Destroyed live tcp sockets for uids={10276} in 1ms
04-11 13:17:16.100  3590  7902 D InetDiagMessage: Destroyed 0 sockets, proto=IPPROTO_TCP, family=AF_INET, states=14
04-11 13:17:16.101  3590  7902 D InetDiagMessage: Destroyed 0 sockets, proto=IPPROTO_TCP, family=AF_INET6, states=14
04-11 13:17:16.101  3590  7902 D InetDiagMessage: Destroyed live tcp sockets for uids={10186} in 2ms
04-11 13:17:16.101  3590  7902 D InetDiagMessage: Destroyed 0 sockets, proto=IPPROTO_TCP, family=AF_INET, states=14
04-11 13:17:16.102  3590  7902 D InetDiagMessage: Destroyed 0 sockets, proto=IPPROTO_TCP, family=AF_INET6, states=14
04-11 13:17:16.102  3590  7902 D InetDiagMessage: Destroyed live tcp sockets for uids={10284} in 1ms
04-11 13:17:16.103  3590  7902 D InetDiagMessage: Destroyed 0 sockets, proto=IPPROTO_TCP, family=AF_INET, states=14
04-11 13:17:16.104  3590  7902 D InetDiagMessage: Destroyed 0 sockets, proto=IPPROTO_TCP, family=AF_INET6, states=14
04-11 13:17:16.104  3590  7902 D InetDiagMessage: Destroyed live tcp sockets for uids={10114} in 2ms
04-11 13:17:16.108  2280  2331 D BatteryChargeControl: bcc get no support from charging protocol
04-11 13:17:16.141  2181  2506 I SDM     : DisplayBuiltIn::IdlePowerCollapse: IPC received, disabling partial update for one frame
04-11 13:17:16.239 14034 15313 D CommonApp-264-10512: transport layer data is invalid
04-11 13:17:16.240 14034 15313 D CommonApp-255-10512: commonScoreStrategy scenarios low package
04-11 13:17:16.240 14034 15313 D ScorePolicy: handleScoreChanged: []
04-11 13:17:16.240 14034 15313 D ScorePolicy: handleScoreChanged: []
04-11 13:17:16.240 14034 15313 D ScorePolicy: handleScoreChanged: []
04-11 13:17:16.242  8406  8406 D OplusTelephonyController: onSignalStrengthChanged: SignalStrength=SignalStrength:{mCdma=CellSignalStrengthCdma: cdmaDbm=2147483647 cdmaEcio=2147483647 evdoDbm=2147483647 evdoEcio=2147483647 evdoSnr=2147483647 level=0,mGsm=CellSignalStrengthGsm: rssi=2147483647 ber=2147483647 mTa=2147483647 mLevel=0,mWcdma=CellSignalStrengthWcdma: ss=2147483647 ber=2147483647 rscp=2147483647 ecno=2147483647 level=0,mTdscdma=CellSignalStrengthTdscdma: rssi=2147483647 ber=2147483647 rscp=2147483647 level=0,mLte=CellSignalStrengthLte: rssi=2147483647 rsrp=2147483647 rsrq=2147483647 rssnr=2147483647 cqiTableIndex=2147483647 cqi=2147483647 ta=2147483647 level=0 parametersUseForLevel=0,mNr=CellSignalStrengthNr:{ csiRsrp = 2147483647 csiRsrq = 2147483647 csiCqiTableIndex = 2147483647 csiCqiReport = [] ssRsrp = -96 ssRsrq = -11 ssSinr = 14 level = 4 parametersUseForLevel = 0 timingAdvance = 2147483647 },primary=CellSignalStrengthNr}
04-11 13:17:16.244 14034 14034 D SubsysEventListenerManager-SubsysTelephonyCallback[0]: onSignalStrengthsChanged
04-11 13:17:16.246  8338  8520 I SystemUi--Statusbar: MobileConnectionRepositoryImpl-->subId:2 isSoftSimCard:false slotId:0
04-11 13:17:16.268  4482  4659 W ServiceManagerCppClient: Waited one second for SystemClearService (is service started? Number of threads started in the threadpool: 16. Are binder threads started and available?)
04-11 13:17:16.268  4482  4680 W ServiceManagerCppClient: Waited one second for SystemClearService (is service started? Number of threads started in the threadpool: 16. Are binder threads started and available?)
04-11 13:17:16.270  1254  9932 W libc    : Unable to set property "ctl.interface_start" to "aidl/SystemClearService": PROP_ERROR_HANDLE_CONTROL_MESSAGE (0x20)
04-11 13:17:16.270  1254  9933 W libc    : Unable to set property "ctl.interface_start" to "aidl/SystemClearService": PROP_ERROR_HANDLE_CONTROL_MESSAGE (0x20)
04-11 13:17:16.317  2181  2506 I SDM     : DisplayBuiltIn::IdlePowerCollapse: IPC received, disabling partial update for one frame
04-11 13:17:16.326  2181 26958 E CwbService: Panel not support apl read or getDisplayPanelAplValue timeout 10ms.
04-11 13:17:16.326  2258  2258 D SensorFeature: name=ssc_screenshot_info ,index = 22
04-11 13:17:16.326  2258  2258 D SensorFeature: write 39 bytes:931851674681455,931851728853017,38260,0
04-11 13:17:16.353  2113 17862 I sensors-hal: handle_oplus_wise_rgb_event:161, wise_rgb: (18056)(cct, lux, ir)[5790.12, 141.97, 54.705780] (r, g, b, c)[6712.79, 4454.22, 2827.75, 12632.44]                 (pwm, hbm, brl, algo)[0.0 0.0 1309.0 2.0], flag 38260
04-11 13:17:16.408  3590  7344 V AlarmManager: sending alarm Alarm{897d9c2 type 1 origWhen 1775884636408 whenElapsed 931851822 android} uid 1000 whenElapsed 931851822 windowLength 0 maxWhenElapsed 931851822 repeatInterval 0 action null component null tag StorgaeBandInfoAlarmTag flags 0x9 procName system_server
04-11 13:17:16.409  3590 10338 E OplusStorageUFSBandwidth: storage_io_metrics_path is /proc/oplus_storage/io_metrics/forever/
04-11 13:17:16.411  3590 10338 E OplusStorageUFSBandwidth: Bandwidth - Read: 0.00 MB/s, Write: 0.00 MB/s
04-11 13:17:16.411  3590 10338 E OplusStorageUFSBandwidth: Task time: 2ms
04-11 13:17:16.413  3590 10338 E OplusStorageUFSBandwidth: Alarm set to trigger in 10 seconds
04-11 13:17:16.631  2258  2258 D SensorFeature: name=ssc_screenshot_info ,index = 22
04-11 13:17:16.631  2258  2258 D SensorFeature: write 39 bytes:931851674681455,931852043113069,38261,0
04-11 13:17:16.633  2113 20704 I sensors-hal: handle_oplus_wise_rgb_event:189, high_pwm_light:lux 140.0,cct 5820.9,brl/algo/ir 1309.0/2.0/55.1,pwm/dc 0.0/0.0,rgbc 6628.065918/4390.432617/2776.983154/12443.617188,ts 931851960095904,cnt 18060,flag 38261
04-11 13:17:16.634  2113 17862 I sensors-hal: handle_oplus_wise_rgb_event:161, wise_rgb: (18061)(cct, lux, ir)[5820.90, 139.97, 55.123291] (r, g, b, c)[6640.52, 4410.23, 2790.23, 12487.91]                 (pwm, hbm, brl, algo)[0.0 0.0 1309.0 2.0], flag 38261
04-11 13:17:16.721  9020  9214 I ChainTrace: stream type=syncEvent gapMs=1118 refreshMarket=true
04-11 13:17:16.757  3438  4039 D QmiClient: qmiServiceEventCallback recv msg id 47
04-11 13:17:16.757  3438  4039 D QmiClient: enter -mServiceType 10 onQmiServiceEventCallback msgId 47
04-11 13:17:16.757  3438  4039 D QmiClient: onQmiServiceEventCallback - enter. msgId=47
04-11 13:17:16.757  3438  3488 D OttProxy: handleMessage msg is 3001
04-11 13:17:16.757 14034 14747 D SubsysRadioIndication[1]: radioLinkLatencyInfoInd
04-11 13:17:16.757 14034 14747 D SubsysRadioIndication[1]: notify enter
04-11 13:17:16.758 14034 14034 D NetworkService[1]: handleMessage what:1008
04-11 13:17:16.758 14034 14034 D NetworkService[1]: EVENT_REG_LINK_LATENCY_INFO_CHANGE ulLatency:8194
04-11 13:17:16.790  2727  3986 D QmiClient: qmiServiceEventCallback recv msg id 1099
04-11 13:17:16.790  2727  3986 D QmiClient: enter -mServiceType 4 onQmiServiceEventCallback msgId 1099
04-11 13:17:16.790  2727  3986 D QmiClient: onQmiServiceEventCallback - enter. msgId=1099
04-11 13:17:16.790  2727  3986 D QmiVsClientEvent: QosPeriodReportInd MSG IND data_len 2052
04-11 13:17:16.790  2727  3986 D QmiVsClientEvent: qmiVsClientNotifyQosPeriodReportIndEvent - RADIO_EVENT_QOS_PERIOD_REPORT_NOTIFY_IND
04-11 13:17:16.790  2727  2826 D VsProxy : handleMessage msg is 2420
04-11 13:17:16.790  3438  3988 D QmiClient: qmiServiceEventCallback recv msg id 1099
04-11 13:17:16.790  2727  2826 D VsProxy : handleQosPeriodReportInd for instance 0 data_len 145
04-11 13:17:16.790  3438  3988 D QmiClient: enter -mServiceType 4 onQmiServiceEventCallback msgId 1099
04-11 13:17:16.790  3438  3988 D QmiClient: onQmiServiceEventCallback - enter. msgId=1099
04-11 13:17:16.790  3438  3988 D QmiVsClientEvent: QosPeriodReportInd MSG IND data_len 2052
04-11 13:17:16.790  3438  3988 D QmiVsClientEvent: qmiVsClientNotifyQosPeriodReportIndEvent - RADIO_EVENT_QOS_PERIOD_REPORT_NOTIFY_IND
04-11 13:17:16.790  3438  3485 D VsProxy : handleMessage msg is 2420
04-11 13:17:16.790  3438  3485 D VsProxy : handleQosPeriodReportInd for instance 1 data_len 203
04-11 13:17:16.790 14034 14747 D SubsysRadioIndication[0]: radioQosPeriodReportInd result [8, -85, -97, -125, -48, 14, 34, 12, 8, -22, -83, -127, -48, 14, 16, 4, 24, 1, 32, 3, 58, 61, 8, -50, -98, -125, -48, 14, 16, 5, 24, -64, -92, 38, 32, -22, 6, 40, -100, -1, -1, -1, -1, -1, -1, -1, -1, 1, 48, -11, -1, -1, -1, -1, -1, -1, -1, -1, 1, 56, 8, 64, -100, -1, -1, -1, -1, -1, -1, -1, -1, 1, 72, -101, -1, -1, -1, -1, -1, -1, -1, -1, 1, 66, 29, 8, -58, -2, -37, -49, 14, 16, 5, 34, 19, 8, -64, -92, 38, 16, -22, 6, 24, 78, 32, 13, 40, -117, -32, -94, -93, 2, 48, 2, 90, 0, 98, 10, 8, -95, -8, -37, -49, 14, 16, 3, 24, 5, 122, 15, 8, -109, -8, -37, -49, 14, 16, -18, 2, 24, -21, 1, 32, -60, 9]
04-11 13:17:16.791 14034 14034 D NetworkService[0]: handleMessage what:1005
04-11 13:17:16.791 14034 14115 D SubsysRadioIndication[1]: radioQosPeriodReportInd result [8, -85, -97, -125, -48, 14, 18, 17, 8, -100, -98, -125, -48, 14, 16, 1, 32, 53, 40, 1, 56, -91, 1, 72, 1, 26, 8, 8, -30, -99, -125, -48, 14, 16, 1, 34, 12, 8, -22, -83, -127, -48, 14, 16, 4, 24, 1, 32, 3, 58, 83, 8, -27, -98, -125, -48, 14, 16, 5, 24, -98, -23, 30, 32, -54, 1, 40, -91, -1, -1, -1, -1, -1, -1, -1, -1, 1, 48, -12, -1, -1, -1, -1, -1, -1, -1, -1, 1, 56, 2, 64, -92, -1, -1, -1, -1, -1, -1, -1, -1, 1, 72, -90, -1, -1, -1, -1, -1, -1, -1, -1, 1, 80, -96, -1, -1, -1, -1, -1, -1, -1, -1, 1, 88, -99, -1, -1, -1, -1, -1, -1, -1, -1, 1, 66, 31, 8, -103, -82, -127, -48, 14, 16, 5, 24, 2, 34, 19, 8, -98, -23, 30, 16, -54, 1, 24, 41, 32, 13, 40, -126, -128, -52, -67, 21, 48, 2, 90, 0, 98, 10, 8, -49, -115, -127, -48, 14, 16, 3, 24, 5, 122, 20, 8, -128, -101, -125, -48, 14, 16, -1, -1, 1, 24, -1, -1, 1, 32, -1, -1, -1, -1, 15]
04-11 13:17:16.791 14034 14034 D RadioAtomTracker: parseQosPeriodData ModemQos:CellularQosInfo2{5G, 627264/874, EndcState=0, Band=78, DLBW=13, Rsrp=-100, Rsrq=-11, Snr=8, SvcStatus=3, ULPDCPNumDataPdu=-1, ULPDCPNumDropPdu=-1, ULPDCPTput=-1, ULRLCNumDataPdu=-1, ULRLCNumRetxPdu=-1, ULGrant=-1, ULBSR=-1, ULBler=-1, DLPDCPNumDataPdu=-1, DLPDCPTput=-1, DLRLCNumDataPdu=-1, DLRLCNumRetxPdu=-1, DLRLCNumDropPdu=-1, DLMACPaddingBytes=-1, DLPdcpNumMissToUppPdu=-1, DLBler=-1, RlfCount=0, CellChangeCount=0, IsRedirectionOccur=0, IsDualSimConflict=0, Latency=0, Sub1RrcState=1, Sub2RrcState=3, RachCount=0, CalcPower=366, Mtpl=235, PathLoss=1220, CellLoad=0}
04-11 13:17:16.791 14034 14034 D NetworkService[0]: EVENT_REG_QOS_PERIOD_REPORT_IND_CHANGED ENTER
04-11 13:17:16.791 14034 14034 D NetworkService[1]: handleMessage what:1005
04-11 13:17:16.791 14034 14034 D RadioAtomTracker: parseQosPeriodData ModemQos:CellularQosInfo1{5G, 504990/202, EndcState=2, Band=41, DLBW=13, Rsrp=-91, Rsrq=-12, Snr=2, SvcStatus=3, ULPDCPNumDataPdu=1, ULPDCPNumDropPdu=0, ULPDCPTput=53, ULRLCNumDataPdu=1, ULRLCNumRetxPdu=0, ULGrant=165, ULBSR=0, ULBler=1, DLPDCPNumDataPdu=0, DLPDCPTput=0, DLRLCNumDataPdu=1, DLRLCNumRetxPdu=0, DLRLCNumDropPdu=0, DLMACPaddingBytes=0, DLPdcpNumMissToUppPdu=0, DLBler=0, RlfCount=0, CellChangeCount=0, IsRedirectionOccur=0, IsDualSimConflict=0, Latency=8, Sub1RrcState=1, Sub2RrcState=3, RachCount=0, CalcPower=32767, Mtpl=32767, PathLoss=-1, CellLoad=0}
04-11 13:17:16.791 14034 14034 D NetworkService[1]: EVENT_REG_QOS_PERIOD_REPORT_IND_CHANGED ENTER
04-11 13:17:16.791 14034 14034 D AtomModemKpiInfo: handleMessage what:1001
04-11 13:17:16.791 14034 14034 D AtomModemKpiInfo: analyseQosInfo success
04-11 13:17:16.821  2181  2506 I SDM     : DisplayBuiltIn::IdlePowerCollapse: IPC received, disabling partial update for one frame
04-11 13:17:16.886  2113 17862 I sensors-hal: handle_oplus_wise_rgb_event:161, wise_rgb: (18066)(cct, lux, ir)[5769.11, 140.21, 55.198452] (r, g, b, c)[6638.03, 4405.83, 2783.61, 12469.26]                 (pwm, hbm, brl, algo)[0.0 0.0 1309.0 2.0], flag 38261
04-11 13:17:16.886  3590  7333 D FusionLightNextGen: process end reported = 1, mode: 0, cnt: 408020, lux 87.4, cct 6401.8, r/g/b/c: 6618.1/4390.4/2781.4/12450.6, R/G/B: 152.0/144.0/127.0, bri 1309.0, match 1.00, ir 0.070209, conf 5.0, ts 931852082377414
04-11 13:17:16.965  2181  2506 I SDM     : DisplayBuiltIn::IdlePowerCollapse: IPC received, disabling partial update for one frame
04-11 13:17:16.970  2181 26958 E CwbService: Panel not support apl read or getDisplayPanelAplValue timeout 10ms.
04-11 13:17:16.971  2258  2258 D SensorFeature: name=ssc_screenshot_info ,index = 22
04-11 13:17:16.971  2258  2258 D SensorFeature: write 39 bytes:931852318973017,931852373258382,38262,0
04-11 13:17:17.014  2187  2298 E PERFHAL-PERFCTRL: PERFHAL-PERFCTRL: chk_core_online_poll_loop() 748: poll() has timed out for /sys/kernel/msm_performance/events/cpu_hotplug
04-11 13:17:17.014  2187  2298 E PERFHAL-PERFCTRL: PERFHAL-PERFCTRL: chk_core_online_poll_loop() 743: Block on poll()
04-11 13:17:17.092  3590  7335 D ActivityManager: Freezer deadlock watchdog
04-11 13:17:17.109  2280  2331 D BatteryChargeControl: bcc get no support from charging protocol
04-11 13:17:17.127  3590  9788 I AICCTModule: SensorFilter: brightness threshold 1.2 screenNit is 87.884 ave enviroment lux is 87.39596 luxForNit 85.63246demarcationPoint200.0 result is false
04-11 13:17:17.127  3590  9788 I AICCTModule: SensorFilter: findSecondNearestValue, sensorValue: 5682.7993 nearestMaxValue:6209.779 secondNearestValue: 6209.779
04-11 13:17:17.127  3590  9788 I AICCTModule: SensorFilter: findSecondNearestValue, sensorValue: 75.69758 nearestMaxValue:86.5639 secondNearestValue: 86.5639
04-11 13:17:17.140  2181  2506 I SDM     : DisplayBuiltIn::IdlePowerCollapse: IPC received, disabling partial update for one frame
04-11 13:17:17.153  2113 20704 I sensors-hal: handle_oplus_wise_rgb_event:189, high_pwm_light:lux 140.1,cct 5770.7,brl/algo/ir 1309.0/2.0/55.8,pwm/dc 0.0/0.0,rgbc 6628.065918/4403.630371/2792.435303/12478.583008,ts 931852316144058,cnt 18070,flag 38262
04-11 13:17:17.153  2113 17862 I sensors-hal: handle_oplus_wise_rgb_event:161, wise_rgb: (18071)(cct, lux, ir)[5770.67, 140.06, 55.750847] (r, g, b, c)[6618.10, 4401.43, 2792.44, 12497.23]                 (pwm, hbm, brl, algo)[0.0 0.0 1309.0 2.0], flag 38262
04-11 13:17:17.262 14034 15313 D CommonApp-264-10512: transport layer data is invalid
04-11 13:17:17.264 14034 15313 D CommonApp-255-10512: commonScoreStrategy scenarios low package
04-11 13:17:17.264 14034 15313 D ScorePolicy: handleScoreChanged: []
04-11 13:17:17.264 14034 15313 D ScorePolicy: handleScoreChanged: []
04-11 13:17:17.264 14034 15313 D ScorePolicy: handleScoreChanged: []
04-11 13:17:17.269  4482  4659 W ServiceManagerCppClient: Waited one second for SystemClearService (is service started? Number of threads started in the threadpool: 16. Are binder threads started and available?)
04-11 13:17:17.270  4482  4680 W ServiceManagerCppClient: Waited one second for SystemClearService (is service started? Number of threads started in the threadpool: 16. Are binder threads started and available?)
04-11 13:17:17.271  1254  9945 W libc    : Unable to set property "ctl.interface_start" to "aidl/SystemClearService": PROP_ERROR_HANDLE_CONTROL_MESSAGE (0x20)
04-11 13:17:17.272  1254  9946 W libc    : Unable to set property "ctl.interface_start" to "aidl/SystemClearService": PROP_ERROR_HANDLE_CONTROL_MESSAGE (0x20)
04-11 13:17:17.309  2181  2506 I SDM     : DisplayBuiltIn::IdlePowerCollapse: IPC received, disabling partial update for one frame
04-11 13:17:17.315  2181  2532 E CwbService: Panel not support apl read or getDisplayPanelAplValue timeout 10ms.
04-11 13:17:17.315  2258  2258 D SensorFeature: name=ssc_screenshot_info ,index = 22
04-11 13:17:17.316  2258  2258 D SensorFeature: write 39 bytes:931852663280309,931852717711142,38263,0
04-11 13:17:17.421  2113 17862 I sensors-hal: handle_oplus_wise_rgb_event:161, wise_rgb: (18076)(cct, lux, ir)[5863.61, 139.86, 54.211441] (r, g, b, c)[6623.08, 4408.03, 2785.81, 12466.93]                 (pwm, hbm, brl, algo)[0.0 0.0 1309.0 2.0], flag 38263
04-11 13:17:17.620  2258  2258 D SensorFeature: name=ssc_screenshot_info ,index = 22
04-11 13:17:17.620  2258  2258 D SensorFeature: write 39 bytes:931852663280309,931853031314058,38264,0
04-11 13:17:17.622  9020  9214 I ChainTrace: stream type=syncEvent gapMs=901 refreshMarket=true
04-11 13:17:17.668  3590  8031 D GestureLog_OplusMultiPointerDetector: onTouchEvent------>start, mCurNumPointers=1, mCurrStatus=0 mIsDownIntervalTimeout=true, action=0 downTime=883997041 deviceId=-1
04-11 13:17:17.668  2399  3162 D VRR [OTI]: handleIdle from 1 to 0
04-11 13:17:17.668  2399  3162 D VRR [OTI-HW]: isStateReady 0
04-11 13:17:17.668  2399  3162 D VRR [OTI-HW]: keep rate.
04-11 13:17:17.668  3590  8291 I [UAH_CLIENT]: UahEventAcquire, cmdid:37, pkg:none, identity:OplusUAwareInputHelper
04-11 13:17:17.668  3590  8291 D UAH-UahAdaptHelper: adaptSetNotification identity = OplusUAwareInputHelpersrc = 1000 , type 0 ,p1 = -1 ,p2 = -1 ,p3 = -1 ,p4 =
04-11 13:17:17.668  3590  8291 I [UAH_CLIENT]: uahRuleCtl, ruleId:1000, status:0
04-11 13:17:17.668  3590  3863 D PowerManagerService: userActivityNoUpdateLocked: groupId=0, eventTime=883997041, event=touch, flags=0x0, uid=1000
04-11 13:17:17.669  3590  3863 D PowerManagerService: userActivityNoUpdateLocked: groupId=0, eventTime=883997041, event=touch, flags=0x0, uid=1000
04-11 13:17:17.670  9020  9020 D OplusActivityThreadExtImpl: init method, sSupressionGC = public static native void dalvik.system.VMRuntime.SupressionGC(int,int), sDesupressionGC = public static native void dalvik.system.VMRuntime.DesupressionGC(int)
04-11 13:17:17.670  9020  9020 E IJankManager: slideSceneEnd unknown scene 1000 mScene:-1
04-11 13:17:17.672  9020  9020 D ViewExtract: [OplusViewExtractManager] OplusViewExtractManager init com.binance.monitor
04-11 13:17:17.673  3590  8291 D UAH-UahAdaptHelper: adaptSetNotification identity = OplusUAwareInputHelpersrc = 1000 , type 1 ,p1 = -1 ,p2 = -1 ,p3 = -1 ,p4 =
04-11 13:17:17.673  3590  8291 I [UAH_CLIENT]: uahRuleCtl, ruleId:1000, status:1
04-11 13:17:17.673  3590  3863 D PowerManagerService: userActivityNoUpdateLocked: groupId=0, eventTime=883997041, event=touch, flags=0x0, uid=1000
04-11 13:17:17.673  3590  3863 D PowerManagerService: userActivityNoUpdateLocked: groupId=0, eventTime=883997041, event=touch, flags=0x0, uid=1000
04-11 13:17:17.674  9020  9020 D OplusInputMethodManagerInternal: get inputMethodManager extension: com.android.internal.view.IInputMethodManager$Stub$Proxy@250cdbb
04-11 13:17:17.676  9020  9020 D OplusViewDragTouchViewHelper: dispatchTouchView action = 1
04-11 13:17:17.677  9020  9020 D ViewRootImplExtImpl: the up motion event handled by client, just return
04-11 13:17:17.677 15031 15220 D ShellSubscriberWorkerThread: the first 8 bytes empty, and RestData length > 8 
04-11 13:17:17.679  3590  7998 I [UAH_CLIENT]: UahEventAcquire, cmdid:2, pkg:none, identity:com.android.server.wm
04-11 13:17:17.680  3590  8837 D WindowManager: NFW_setClientVisible:ActivityRecord{154653414 u0 com.binance.monitor/.ui.account.AccountStatsBridgeActivity clientVisible:true
04-11 13:17:17.680  3590  8837 V GrammaticalInflectionUtils: AttributionSource: android.content.AttributionSource@1020978a does not have READ_SYSTEM_GRAMMATICAL_GENDER permission.
04-11 13:17:17.680  3590  8837 D OplusCompatModeManagerService: getRequestedConfigurationOrientation  res:1,req:1,config.old:0,config.new:0,ActivityRecord{154653414 u0 com.binance.monitor/.ui.account.AccountStatsBridgeActivity t-1}
04-11 13:17:17.680  3590  8837 D OplusCompatModeManagerService:  onPreActivityRecordConfigurationChanged {0.0 ?mcc??mnc ?localeList ?layoutDir ?swdp ?wdp ?hdp ?density ?lsize ?long ?ldr ?wideColorGamut ?orien ?uimode ?night ?touch ?keyb/?/? ?nav/? winConfig={ mBounds=Rect(0, 0 - 0, 0) mAppBounds=null mMaxBounds=Rect(0, 0 - 0, 0) mDisplayRotation=undefined mWindowingMode=undefined mActivityType=undefined mAlwaysOnTop=undefined mRotation=undefined} ?fontWeightAdjustmentmThemeChanged= 0, mThemeChangedFlags= 0, mFlipFont= 0, mScenario= -1, mAccessibleChanged= 0, mUxIconConfig= 0, mMaterialColor= ffffffffffffffff, mUserId= -1, mFontUserId= -1, mFontVariationSettings= ffffffff, mFoldingAngle = -1.0, mIconPackName= , mDarkModeBackgroundMaxL= -1.0, mDarkModeDialogBgMaxL= -1.0, mDarkModeForegroundMinL= -1.0, mOplusConfigType= 0, mOplusChangedConfigs= 0, OpSans= -1, mBurmeseFontFlag= -1, mFlag= 0, mExtraFlag= 0, mFlexibleActivitySuitable= -1, mPuttDisplayFlag= -1}
04-11 13:17:17.680  3590  8837 D OplusCompatModeManagerService:  disable:true,valid:false,computeReq:1,isGameRatio:false
04-11 13:17:17.680  3590  8837 D OplusCompatModeManagerService:  getOverrideMinAspectRatioForCompatMode: 0.0 getRawOverrideMinAspectRatioForCompatMode: 0.0
04-11 13:17:17.680  3590  8837 D OplusCompatModeManagerService:  ar : ActivityRecord{154653414 u0 com.binance.monitor/.ui.account.AccountStatsBridgeActivity t-1} displayId:-1 inCompatMode: false
04-11 13:17:17.680  3590  8837 D OplusCompatModeManagerService: isDefaultDisplay true oldRect: Rect(0, 0 - 0, 0) newRect Rect(0, 0 - 0, 0)
04-11 13:17:17.680  3590  8837 D OplusCompatModeManagerService: reloadCompactRatio mParWorldContainer.isEnabledParallelWindow(pkg):false,mParWorldContainer.isDisabledCompactWindow:false,isUIAutoLayout:false, isFullOrientation: false
04-11 13:17:17.680  3590  8837 D FlexibleTaskController: isSupportFlexibleWindow target = com.binance.monitor/.ui.account.AccountStatsBridgeActivity callPkg = FlexibleTaskController support = true ,caller = 3590
04-11 13:17:17.681  3590  8837 D ActivityStarterExtImpl: checkOpMode: 3
04-11 13:17:17.681  3590  3830 W QosScheduler: executeSceneQosStrategy failed! qos feature no enable
04-11 13:17:17.681  3590  8837 D FlexibleWindowManagerService: isIgnoreAppearedAcrossTask:false
04-11 13:17:17.681  3590  8837 D ActivityStarterExtImpl: setForceUpdateWindow, targetTask = Task{8219bc0 #13179 type=standard A=10512:com.binance.monitor} r = ActivityRecord{154653414 u0 com.binance.monitor/.ui.account.AccountStatsBridgeActivity t-1} notFinish =false
04-11 13:17:17.681  3590  8837 D FlexibleWindowManagerService: isIgnoreAppearedAcrossTask:false
04-11 13:17:17.681  3590  8837 D FlexibleTaskController: adjustOptionsForFlexibleTask skip adjust options reason:4
04-11 13:17:17.681  3590  8837 I InsensibleTaskController: adjustOptionsForInsensibleTask targetTask is resuse so not pureInsensibleOptions
04-11 13:17:17.681  3590  8837 D FlexibleTaskController: isSupportFlexibleWindow target = com.binance.monitor/.ui.account.AccountStatsBridgeActivity callPkg = FlexibleTaskController support = true ,caller = 3590
04-11 13:17:17.681  3590  8837 D FlexibleWindowManagerService: no reused task found for ActivityRecord{154653414 u0 com.binance.monitor/.ui.account.AccountStatsBridgeActivity t-1}
04-11 13:17:17.681  3590  8837 D ActivityStarterExtImpl: isLaunchingRootActivity = false
04-11 13:17:17.681  3590  8837 D ActivityStarterExtImpl: resume targetTask isVisibleRequested is true or in SkipCheckedList, need resume:targetTask=Task{8219bc0 #13179 type=standard A=10512:com.binance.monitor}
04-11 13:17:17.681  3590  8480 I OPM     : handleActivityStart : ActivityRecord{154653414 u0 com.binance.monitor/.ui.account.AccountStatsBridgeActivity t-1}
04-11 13:17:17.682  3590  8837 D OplusCompatModeManagerService: getRequestedConfigurationOrientation  res:1,req:1,config.old:0,config.new:1,ActivityRecord{154653414 u0 com.binance.monitor/.ui.account.AccountStatsBridgeActivity t13179}
04-11 13:17:17.682  3590  8837 D OplusCompatModeManagerService:  onPreActivityRecordConfigurationChanged {1.15 ??mcc??mnc [zh_CN,en_US] ldltr sw361dp w361dp h794dp 560dpi nrml long hdr widecg port night finger -keyb/v/h -nav/h winConfig={ mBounds=Rect(0, 0 - 1264, 2780) mAppBounds=Rect(0, 0 - 1264, 2780) mMaxBounds=Rect(0, 0 - 1264, 2780) mDisplayRotation=ROTATION_0 mWindowingMode=fullscreen mActivityType=standard mAlwaysOnTop=undefined mRotation=ROTATION_0} as.10 s.12661 fontWeightAdjustment=0mThemeChanged= 1, mThemeChangedFlags= 1, mFlipFont= 0, mScenario= 0, mAccessibleChanged= -1, mUxIconConfig= 1e177014640920, mMaterialColor= 100040017, mUserId= 0, mFontUserId= 0, mFontVariationSettings= 11d7, mFoldingAngle = -1.0, mIconPackName= , mDarkModeBackgroundMaxL= 8.0, mDarkModeDialogBgMaxL= 27.0, mDarkModeForegroundMinL= 100.0, mOplusConfigType= 1, mOplusChangedConfigs= 0, OpSans= -1, mBurmeseFontFlag= 2, mFlag= 0, mExtraFlag= 0, mFlexibleActivitySuitable= -1, mPuttDisplayFlag= -1}
04-11 13:17:17.682  3590  8837 D OplusCompatModeManagerService:  disable:true,valid:false,computeReq:1,isGameRatio:false
04-11 13:17:17.682  3590  8837 D OplusCompatModeManagerService:  getOverrideMinAspectRatioForCompatMode: 0.0 getRawOverrideMinAspectRatioForCompatMode: 0.0
04-11 13:17:17.682  3590  8837 D OplusCompatModeManagerService:  ar : ActivityRecord{154653414 u0 com.binance.monitor/.ui.account.AccountStatsBridgeActivity t13179} displayId:0 inCompatMode: false
04-11 13:17:17.682  3590  8837 D OplusCompatModeManagerService: isDefaultDisplay true oldRect: Rect(0, 0 - 0, 0) newRect Rect(0, 0 - 1264, 2780)
04-11 13:17:17.682  3590  8837 D OplusCompatModeManagerService: reloadCompactRatio mParWorldContainer.isEnabledParallelWindow(pkg):false,mParWorldContainer.isDisabledCompactWindow:false,isUIAutoLayout:false, isFullOrientation: false
04-11 13:17:17.682  3590  8837 D SecondaryPageStartupPolicy: checkSecondaryPageStartupStatus not support sourcePackage=com.binance.monitor
04-11 13:17:17.682  3590  8837 D OplusStartingWindowManager: we don't revise window flags for third app
04-11 13:17:17.682  3590  8837 D ActivityTaskManager: validateStartingWindowTheme:  Pkg=com.binance.monitor, Translucent=false, Floating=false, ShowWallpaper=false, Disable=false, LaunchSource=4, Prev=null, LaunchedFromPackage=com.binance.monitor
04-11 13:17:17.682  3590  8837 D ActivityTaskManager: addStartingWindow for ActivityRecord{154653414 u0 com.binance.monitor/.ui.account.AccountStatsBridgeActivity t13179}, mainWin=null, state=INITIALIZING, isKeyguardLocked=false, isKeyguardGoingAway=false
04-11 13:17:17.682  3590  8837 D ActivityTaskManager: getStartingWindowType: , newTask=false, taskSwitch=false, processRunning=true, allowTaskSnapshot=true, activityCreated=false, activityAllDrawn=false, snapshot exist: false
04-11 13:17:17.682  3590  8837 D ActivityRecordExtImpl: handleStartingWindowForCompactWindow origin type:0, adjustType : 0
04-11 13:17:17.683  3590  8837 D OplusWindowAnimationManager: applyNoAnimationForResumed resumed: ActivityRecord{89480946 u0 com.binance.monitor/.ui.main.MainActivity t13179}
04-11 13:17:17.683  3590  8837 D ActivityTrigger: ActivityTrigger activityPauseTrigger 
04-11 13:17:17.684  3590  8837 I ActivityTaskManager: START u0 {flg=0x24000000 xflg=0x4 cmp=com.binance.monitor/.ui.account.AccountStatsBridgeActivity mCallingUid=10512} with LAUNCH_MULTIPLE from uid 10512 (sr=89480946) (BAL_ALLOW_VISIBLE_WINDOW (callingUid has visible window)) result code=0
04-11 13:17:17.684  8338  8381 V WindowManagerShell: Transition requested (#27193): android.os.BinderProxy@c20b70a TransitionRequestInfo { type = OPEN, triggerTask = TaskInfo{userId=0 taskId=13179 effectiveUid=10512 displayId=0 isRunning=true baseIntent=Intent { flg=0x10000000 cmp=com.binance.monitor/.ui.main.MainActivity mCallingUid=2000 } baseActivity=ComponentInfo{com.binance.monitor/com.binance.monitor.ui.main.MainActivity} topActivity=ComponentInfo{com.binance.monitor/com.binance.monitor.ui.account.AccountStatsBridgeActivity} origActivity=null realActivity=ComponentInfo{com.binance.monitor/com.binance.monitor.ui.main.MainActivity}
04-11 13:17:17.684  8338  8381 V WindowManagerShell:  numActivities=2 lastActiveTime=931853097 supportsSplitScreenMultiWindow=true supportsMultiWindow=true supportsPocketStudioMultiWindow=true isInFlexibleEmbedded = false uid = 10512 pid = 0 resizeMode=1 isResizeable=true minWidth=-1 minHeight=-1 defaultMinSize=220 token=WCT{android.window.IWindowContainerToken$Stub$Proxy@d6f2b7b} topActivityType=1 pictureInPictureParams=null shouldDockBigOverlays=false launchIntoPipHostTaskId=-1 lastParentTaskIdBeforePip=-1 displayCutoutSafeInsets=Rect(0, 0 - 0, 0)
04-11 13:17:17.684  8338  8381 V WindowManagerShell:  topActivityInfo=ActivityInfo{3b72d98 com.binance.monitor.ui.account.AccountStatsBridgeActivity} launchCookies=[] positionInParent=Point(0, 0) parentTaskId=-1 isFocused=true isVisible=true isVisibleRequested=true isTopActivityNoDisplay=false isSleeping=false locusId=null displayAreaFeatureId=1 isTopActivityTransparent=false isActivityStackTransparent=false lastNonFullscreenBounds=Rect(330, 828 - 935, 2092) capturedLink=null capturedLinkTimestamp=0 requestedVisibleTypes=-9 topActivityRequestOpenInBrowserEducationTimestamp=0
04-11 13:17:17.684  8338  8381 V WindowManagerShell:  appCompatTaskInfo=AppCompatTaskInfo { topActivityInSizeCompat=false topActivityInOplusCompatMode=false eligibleForLetterboxEducation= false isLetterboxEducationEnabled= false isLetterboxDoubleTapEnabled= false eligibleForUserAspectRatioButton= false topActivityBoundsLetterboxed= false isFromLetterboxDoubleTap= false topActivityLetterboxVerticalPosition= -1 topActivityLetterboxHorizontalPosition= -1 topActivityLetterboxWidth=-1 topActivityLetterboxHeight=-1 topActivityAppBounds=Rect(0, 140 - 1264, 2780) isUserFullscreenOverrideEnabled=false isSystemFullscreenOverrideEnabled=false hasMinAspectRatioOverride=false topActivityLetterboxBounds=null cameraCompatTaskInfo=CameraCompatTaskInfo { freeformCameraCompatMode=inactive}} topActivityMainWindowFrame=null topActivityLetterboxInsets=Rect(0, 0 - 0, 0)
04-11 13:17:17.684  8338  8381 V WindowManagerShell:  mOplusExtraBundle = Bundle[mParcelledData.dataSize=1540]}, pipChange = null, remoteTransition = null, displayChange = null, flags = 0, debugId = 27193 }
04-11 13:17:17.685  8338  8381 D ShellSplitScreen: logExit: no-op, mLoggerSessionId is null
04-11 13:17:17.685  2113 20704 I sensors-hal: handle_oplus_wise_rgb_event:189, high_pwm_light:lux 136.9,cct 5675.7,brl/algo/ir 1309.0/2.0/56.7,pwm/dc 0.0/0.0,rgbc 6413.775391/4221.062012/2646.743164/11930.765625,ts 931852971060204,cnt 18080,flag 38264
04-11 13:17:17.685  3590  3796 I TaskOrganizerController: onTaskInfoChanged taskid 13179 config { mBounds=Rect(0, 0 - 1264, 2780) mAppBounds=Rect(0, 0 - 1264, 2780) mMaxBounds=Rect(0, 0 - 1264, 2780) mDisplayRotation=ROTATION_0 mWindowingMode=fullscreen mActivityType=standard mAlwaysOnTop=undefined mRotation=ROTATION_0}
04-11 13:17:17.685  2113 17862 I sensors-hal: handle_oplus_wise_rgb_event:161, wise_rgb: (18081)(cct, lux, ir)[5675.67, 136.86, 56.655594] (r, g, b, c)[6393.84, 4201.27, 2624.67, 11921.44]                 (pwm, hbm, brl, algo)[0.0 0.0 1309.0 2.0], flag 38264
04-11 13:17:17.685  3590  3796 D OplusFlexibleDragToSplitAnimController: visibleFlexibleTaskInfos delete:13179
04-11 13:17:17.685  3590  3796 E FlexibleWindowManagerService: notifyTaskObserverToAttachController not need to notify!
04-11 13:17:17.685  3590  3796 I FlexibleWindowManagerService: onFlexibleWindowTaskInfoChanged, return for cur task not embedded
04-11 13:17:17.686  8338  8381 D ShellTaskOrganizerExt: visibleFlexibleTaskInfos delete:13179
04-11 13:17:17.686  8338  8381 D ShellTaskOrganizerExt: isOnCanvas size:0
04-11 13:17:17.686  8338  8381 D ShellTaskOrganizerExt: isOnThreeFlexibleCanvas size:0
04-11 13:17:17.691  3590  8278 I OplusAccessController: enter isIgnoreAppSwitchActivity
04-11 13:17:17.691  3590  8278 I OplusAccessController: enter isIgnoreAppSwitchActivity and intent != null
04-11 13:17:17.691  3590  8278 I OplusAccessController: enter isIgnoreAppSwitchActivity and componentName != null
04-11 13:17:17.691  3590  8278 I OplusAccessController: enter isIgnoreAppSwitchActivity and packageName&activity is not Empty
04-11 13:17:17.691  3590  7959 D BackgroundInstallControlService: Package event received: 0
04-11 13:17:17.691  3590  8278 D RefreshRate: boostRefreshId choose max:currentRefreshRate:90.0 targetRefreshRate:60.0 mCurrentPickRate:90.0
04-11 13:17:17.691  3590  8278 D RefreshRate: Trigger app switch boost, ar=ActivityRecord{154653414 u0 com.binance.monitor/.ui.account.AccountStatsBridgeActivity t13179},currDisplayRate=90.0,boostId=1
04-11 13:17:17.691  3590  8278 D RefreshRate: setDisplayConfigSpecs complete: targetMode={id=3, width=1264, height=2780, fps=90.0, vsync=90.0, synthetic=false, alternativeRefreshRates=[60.000004, 120.00001, 120.00001], supportedHdrTypes=[1, 2, 3, 4]},srcMode={id=3, width=1264, height=2780, fps=90.0, vsync=90.0, synthetic=false, alternativeRefreshRates=[60.000004, 120.00001, 120.00001], supportedHdrTypes=[1, 2, 3, 4]},sfModId=2,rate=90.0
04-11 13:17:17.691  3590  8278 D RefreshRate: startAppSwitchBoost targetMode={id=3, width=1264, height=2780, fps=90.0, vsync=90.0, synthetic=false, alternativeRefreshRates=[60.000004, 120.00001, 120.00001], supportedHdrTypes=[1, 2, 3, 4]} record=ActivityRecord{154653414 u0 com.binance.monitor/.ui.account.AccountStatsBridgeActivity t13179}: votes=PRIORITY_START_ANIMATION_BOOST -> Vote{mRefreshRate=90.0, mMinRefreshRate=90.0, mRequestSource=null};PRIORITY_WINDOW_REQUEST -> Vote{mRefreshRate=90.0, mMinRefreshRate=90.0, mRequestSource=null};
04-11 13:17:17.691  3590  3875 D RefreshRate: do setDisplayConfigSpecs  
04-11 13:17:17.691  2399  2621 D SurfaceFlinger: VRR [SurfaceFlinger] setDesiredDisplayModeSpecs, from process 3590, 2, 0, primaryRanges = [ 90.000000, 90.000000, 90.000000, 90.000000 ], appRequestRanges = [ 90.000000, 90.000000, 90.000000 90.000000 ]
04-11 13:17:17.691  3590  8278 I ActivityTaskManager: The Process com.binance.monitor Already Exists in BG. So sending its PID: 9020
04-11 13:17:17.691  2399  2399 I RefreshRateSelector: Display 4630946685746860179 policy changed
04-11 13:17:17.691  2399  2399 I RefreshRateSelector: Previous: {defaultModeId=2, allowGroupSwitching=false, primaryRanges={physical=[0.00 Hz, 120.00 Hz], render=[0.00 Hz, 90.00 Hz]}, appRequestRanges={physical=[0.00 Hz, 120.00 Hz], render=[0.00 Hz, 90.00 Hz]} idleScreenConfig=nullptr}
04-11 13:17:17.691  2399  2399 I RefreshRateSelector: Current:  DisplayManagerPolicy{defaultModeId=2, allowGroupSwitching=false, primaryRanges={physical=[90.00 Hz, 90.00 Hz], render=[90.00 Hz, 90.00 Hz]}, appRequestRanges={physical=[90.00 Hz, 90.00 Hz], render=[90.00 Hz, 90.00 Hz]} idleScreenConfig=nullptr}
04-11 13:17:17.691  2399  2399 I RefreshRateSelector: 1 mode changes were performed under the previous policy
04-11 13:17:17.691  2399  2399 D SurfaceFlinger: VRR [SurfaceFlinger] applyRefreshRateSelectorPolicy: 2 (90.00 Hz), policy: {defaultModeId=2, allowGroupSwitching=false, primaryRanges={physical=[90.00 Hz, 90.00 Hz], render=[90.00 Hz, 90.00 Hz]}, appRequestRanges={physical=[90.00 Hz, 90.00 Hz], render=[90.00 Hz, 90.00 Hz]} idleScreenConfig=nullptr}
04-11 13:17:17.691  2399  2399 D SurfaceFlinger: VRR [SurfaceFlinger] setDesiredActiveMode: displayId: 4630946685746860179, renderRate: 90, vsyncRate: 90, event: 1
04-11 13:17:17.691  2399  2399 D DisplayModeController: setDesiredMode 4630946685746860179 {mode={fps=90.00 Hz, modePtr={id=2, vsyncRate=90.00 Hz, peakRefreshRate=90.00 Hz}}, emitEvent=true, force=false}
04-11 13:17:17.691  3590  8837 W SurfaceFlingerPuller: Failed to pull atom 150134 from surfaceflinger. Success is 0, binder status is EX_NONE
04-11 13:17:17.691  2399  3162 D VRR [OTI]: handleIdle from 0 to 0
04-11 13:17:17.691  2399  3162 D VRR [OTI-HW]: isStateReady 0
04-11 13:17:17.691  2399  3162 D VRR [OTI-HW]: keep rate.
04-11 13:17:17.691  3590  3872 D OplusFeatureDMR[display=0]: onConfigChanged threadId=70 threadName=OplusDisplayWorkHandler physicalDisplayId=4630946685746860179 modeId=2  
04-11 13:17:17.691  2013  2036 E statsd  : Stats puller failed for tag: 150134 at 931853105101246
04-11 13:17:17.691  3590  3875 D DisplayModeDirector: setAppRequest displayId : 0  modeId: 3  requestedRefreshRate: 90.0  requestedMinRefreshRateRange: 90.0  requestedMaxRefreshRateRange: 90.0
04-11 13:17:17.692  3590  8278 D ActivityTaskManager: setAppVisibility(Token{22bf2d4 ActivityRecord{154653414 u0 com.binance.monitor/.ui.account.AccountStatsBridgeActivity t13179}}, visible=true):  visible=false mVisibleRequested=false
04-11 13:17:17.692  3590  8278 D ActivityTaskManager: setVisibility(Token{22bf2d4 ActivityRecord{154653414 u0 com.binance.monitor/.ui.account.AccountStatsBridgeActivity t13179}}, visible=true) defer commitVisibility for transition collecting
04-11 13:17:17.692  3590  8278 D ActivityTaskManager: setAppVisibility(Token{a4400f9 ActivityRecord{89480946 u0 com.binance.monitor/.ui.main.MainActivity t13179}}, visible=false):  visible=true mVisibleRequested=true
04-11 13:17:17.692  3590  8278 D ActivityTaskManager: setVisibility(Token{a4400f9 ActivityRecord{89480946 u0 com.binance.monitor/.ui.main.MainActivity t13179}}, visible=false) defer commitVisibility for transition collecting
04-11 13:17:17.692  3590  8278 D FlexibleTaskController: isFullToFlexibleAnimating: false
04-11 13:17:17.692  3590  8278 D WindowManager: rotation(ROTATION_0) no changed  displayId = 0, lastOrientation = 1
04-11 13:17:17.692  3590  8278 I TaskOrganizerController: onTaskInfoChanged taskid 13179 config { mBounds=Rect(0, 0 - 1264, 2780) mAppBounds=Rect(0, 0 - 1264, 2780) mMaxBounds=Rect(0, 0 - 1264, 2780) mDisplayRotation=ROTATION_0 mWindowingMode=fullscreen mActivityType=standard mAlwaysOnTop=undefined mRotation=ROTATION_0}
04-11 13:17:17.692  3590  8278 D OplusVisibleTasks:  notifyTasksNumChange no need to notify.
04-11 13:17:17.692  3590  8278 D OplusFlexibleDragToSplitAnimController: visibleFlexibleTaskInfos delete:13179
04-11 13:17:17.692  3590  8278 E FlexibleWindowManagerService: notifyTaskObserverToAttachController not need to notify!
04-11 13:17:17.692  3590  8278 I FlexibleWindowManagerService: onFlexibleWindowTaskInfoChanged, return for cur task not embedded
04-11 13:17:17.692  3590  8278 D ActivityTaskManager: setAppVisibility(Token{22bf2d4 ActivityRecord{154653414 u0 com.binance.monitor/.ui.account.AccountStatsBridgeActivity t13179}}, visible=true):  visible=false mVisibleRequested=true
04-11 13:17:17.692  3590  8278 D ActivityTaskManager: setVisibility(Token{22bf2d4 ActivityRecord{154653414 u0 com.binance.monitor/.ui.account.AccountStatsBridgeActivity t13179}}, visible=true) defer commitVisibility for transition collecting
04-11 13:17:17.692  3590  8278 E OplusDexOptimizeManager: pkgSetting or primaryCpuAbi is null for package: com.binance.monitor
04-11 13:17:17.692  8338  8381 D ShellTaskOrganizerExt: visibleFlexibleTaskInfos delete:13179
04-11 13:17:17.692  8338  8381 D ShellTaskOrganizerExt: isOnCanvas size:0
04-11 13:17:17.692  8338  8381 D ShellTaskOrganizerExt: isOnThreeFlexibleCanvas size:0
04-11 13:17:17.692  3590  8278 D OplusFeatureColorMode: ColorMode getColorMode =0
04-11 13:17:17.692  3590  8278 D ColorDisplayServiceExtImpl: getWCGVersion1App, packageName=com.binance.monitor, sSupportWCG1 = true, sSupportWCG3 = false, nRet = 0
04-11 13:17:17.693  3590  8480 I OPM     : handlePackageLaunched pkg: com.binance.monitor, uid: 10512, pid: 9020
04-11 13:17:17.693  3590  8278 D ActivityTaskManager: NFW_setLastResumedActivityUncheckLocked:true r:ActivityRecord{154653414 u0 com.binance.monitor/.ui.account.AccountStatsBridgeActivity t13179} currentFocus:Window{3611f0d u0 com.binance.monitor/com.binance.monitor.ui.main.MainActivity}
04-11 13:17:17.693  3590  8278 D WindowManager: NFW_findFocusedWindowIfNeeded:null mCurrentFocus:Window{3611f0d u0 com.binance.monitor/com.binance.monitor.ui.main.MainActivity}
04-11 13:17:17.693  3590  8278 V WindowManager: Changing focus from Window{3611f0d u0 com.binance.monitor/com.binance.monitor.ui.main.MainActivity} to null,diplayid=0
04-11 13:17:17.693  9020  9050 D ColorModeChangeItem: preExecute mColorMode=0
04-11 13:17:17.693  3590  8278 D InsetsSourceProvider: updateSourceFrameForServerVisibility mandatorySystemGestures EMPTY_RECT
04-11 13:17:17.693  3590  8278 D DisplayModeDirector: setAppRequest displayId : 0  modeId: 3  requestedRefreshRate: 0.0  requestedMinRefreshRateRange: 0.0  requestedMaxRefreshRateRange: 90.0
04-11 13:17:17.693  3590  3875 D VRR [OPlusRefreshRateService]:  setDirectorStates [flag: 1, state: 1, directorStateOff: 1]
04-11 13:17:17.694  2399  2621 D VRR [RefreshRateDirector]: updateState mState = 0
04-11 13:17:17.694  3590  8591 D OplusAppSwitchRuleInfo: generateActivityEnterInfo - launch_source_type =  , launch_source_traceid = 
04-11 13:17:17.694  3590  8591 D OplusAppSwitchRuleInfo: generateActivityEnterInfo - launch_source_type =  , launch_source_traceid = 
04-11 13:17:17.694  3590  8591 D OplusAppSwitchRuleInfo: generateActivityEnterInfo - launch_source_type =  , launch_source_traceid = 
04-11 13:17:17.694  3590  3796 D InsetsSourceProvider: updateSourceFrameForServerVisibility mandatorySystemGestures EMPTY_RECT
04-11 13:17:17.695  3590  3796 D SurfaceComposerClient: Transaction::apply InputWindowCommands.focusRequests timestamp=883997068593404, windowName=<null>
04-11 13:17:17.695  3590  7959 D BackgroundInstallControlService: Package event received: 0
04-11 13:17:17.695  2013  2036 E statsd  : Stats puller failed for tag: 150134 at 931853109185986
04-11 13:17:17.695  2399  9261 I OplusPerfCollect: OplusPerfCollect onPullAtom
04-11 13:17:17.695  2399  9261 I OplusPerfCollect: OplusPerfCollect OplusVrrInfoRecord clear
04-11 13:17:17.695  3590  3795 D FlexibleTaskController: not in list
04-11 13:17:17.695  2013  2036 I statsd  : An anomaly (104240000001) (42)0x10000->10512[I] (42)0x20000->com.binance.monitor[S] (42)0x30000->.ui.account.AccountStatsBridgeActivity[S]  has occurred! Informing subscribers.
04-11 13:17:17.696 10250 16907 E midasd  : getTotalFlipsFromSf mCurFrameCount: 11769513
