04-11 13:17:11.843  3590  8837 D InsetsSourceProvider: updateSourceFrameForServerVisibility mandatorySystemGestures EMPTY_RECT
04-11 13:17:11.929  2113 17888 I sensors-hal: handle_sns_std_sensor_event:114, oplus rgb_rear sample: (cct, lux, ir, x, y)[8780, 13, 345, 272, 338]
04-11 13:17:11.930  2113 17888 I sensors-hal: handle_sns_std_sensor_event:116, oplus rgb_rear sample: (r, g, b, c w)[533, 1031, 188, 356, 0]
04-11 13:17:11.941  2181  2506 I SDM     : DisplayBuiltIn::IdlePowerCollapse: IPC received, disabling partial update for one frame
04-11 13:17:12.021  2181  2506 I SDM     : DisplayBuiltIn::IdlePowerCollapse: IPC received, disabling partial update for one frame
04-11 13:17:12.027  2181 26958 E CwbService: Panel not support apl read or getDisplayPanelAplValue timeout 10ms.
04-11 13:17:12.027  2258  2258 D SensorFeature: name=ssc_screenshot_info ,index = 22
04-11 13:17:12.028  2258  2258 D SensorFeature: write 39 bytes:931847375636873,931847429704946,38247,0
04-11 13:17:12.088  2113 17862 I sensors-hal: handle_oplus_wise_rgb_event:161, wise_rgb: (17986)(cct, lux, ir)[5373.58, 124.83, 57.496693] (r, g, b, c)[6079.88, 3910.92, 2434.83, 11159.16]                 (pwm, hbm, brl, algo)[0.0 0.0 1309.0 2.0], flag 38247
04-11 13:17:12.106  2280  2331 D BatteryChargeControl: bcc get no support from charging protocol
04-11 13:17:12.130  2181  2506 I SDM     : DisplayBuiltIn::IdlePowerCollapse: IPC received, disabling partial update for one frame
04-11 13:17:12.142 14034 15313 D CommonApp-264-10512: transport layer data is invalid
04-11 13:17:12.144 14034 15313 D CommonApp-255-10512: commonScoreStrategy scenarios low package
04-11 13:17:12.144 14034 15313 D ScorePolicy: handleScoreChanged: []
04-11 13:17:12.144 14034 15313 D ScorePolicy: handleScoreChanged: []
04-11 13:17:12.144 14034 15313 D ScorePolicy: handleScoreChanged: []
04-11 13:17:12.175  2200  4255 D AidlBufferPoolAcc: evictor expired: 2, evicted: 0
04-11 13:17:12.261  4482  4659 W ServiceManagerCppClient: Waited one second for SystemClearService (is service started? Number of threads started in the threadpool: 16. Are binder threads started and available?)
04-11 13:17:12.261  4482  4680 W ServiceManagerCppClient: Waited one second for SystemClearService (is service started? Number of threads started in the threadpool: 16. Are binder threads started and available?)
04-11 13:17:12.264  1254  9847 W libc    : Unable to set property "ctl.interface_start" to "aidl/SystemClearService": PROP_ERROR_HANDLE_CONTROL_MESSAGE (0x20)
04-11 13:17:12.264  1254  9849 W libc    : Unable to set property "ctl.interface_start" to "aidl/SystemClearService": PROP_ERROR_HANDLE_CONTROL_MESSAGE (0x20)
04-11 13:17:12.363  3590  8837 D NotificationService--OplusNotificationFixHelper: fixAppIcon: pkg=com.v2ray.ang
04-11 13:17:12.363  3590  8837 D NotificationService--OplusNotificationFixHelper: fixAppIcon: appIcon = null, pkg = com.v2ray.ang
04-11 13:17:12.364  3590  8837 D NotificationService--NotificationRecord: isSupportRearLight , isRearLight = false mLedRM = false isMultilLed = false
04-11 13:17:12.364  2181  2506 I SDM     : DisplayBuiltIn::IdlePowerCollapse: IPC received, disabling partial update for one frame
04-11 13:17:12.364  3590  8837 I OplusStatusBarManagerServiceEnhance:  getTopIsFullscreen mTopIsFullscreen: false
04-11 13:17:12.364  3590  8837 W ActivityManager: Permission Denial: getTopApplicationInfo from pid=18198, uid=10397 requires oplus.permission.OPLUS_COMPONENT_SAFE
04-11 13:17:12.365  3590  8837 E OplusNotificationCenter: getForegroundApplication exception
04-11 13:17:12.365  3590  3590 D NotificationService--OplusNotificationManagerServiceExtImpl: isForwardToAssistants: true, case : Is local notification
04-11 13:17:12.365  3590  3590 D NotificationService: This application enqueue notifications is need postDelayed mcsAssistantDelayTime: 50
04-11 13:17:12.371  2181  2532 E CwbService: Panel not support apl read or getDisplayPanelAplValue timeout 10ms.
04-11 13:17:12.371  2258  2258 D SensorFeature: name=ssc_screenshot_info ,index = 22
04-11 13:17:12.371  2258  2258 D SensorFeature: write 39 bytes:931847720247967,931847774439842,38248,0
04-11 13:17:12.373  2113 20704 I sensors-hal: handle_oplus_wise_rgb_event:189, high_pwm_light:lux 125.7,cct 5345.6,brl/algo/ir 1309.0/2.0/56.7,pwm/dc 0.0/0.0,rgbc 6084.863281/3935.112549/2441.449463/11196.458008,ts 931847716737519,cnt 17990,flag 38248
04-11 13:17:12.374  2113 17862 I sensors-hal: handle_oplus_wise_rgb_event:161, wise_rgb: (17991)(cct, lux, ir)[5345.62, 125.73, 56.665997] (r, g, b, c)[6092.34, 3932.91, 2448.07, 11215.11]                 (pwm, hbm, brl, algo)[0.0 0.0 1309.0 2.0], flag 38248
04-11 13:17:12.405  3590  7344 V AlarmManager: sending alarm Alarm{3fd33f type 1 origWhen 1775884632405 whenElapsed 931847819 android} uid 1000 whenElapsed 931847819 windowLength 0 maxWhenElapsed 931847819 repeatInterval 0 action null component null tag StorgaeBandInfoAlarmTag flags 0x9 procName system_server
04-11 13:17:12.405  3590 10338 E OplusStorageUFSBandwidth: storage_io_metrics_path is /proc/oplus_storage/io_metrics/forever/
04-11 13:17:12.406  3590 10338 E OplusStorageUFSBandwidth: Bandwidth - Read: 1.50 MB/s, Write: 1.50 MB/s
04-11 13:17:12.406  3590 10338 E OplusStorageUFSBandwidth: Task time: 1ms
04-11 13:17:12.407  3590 10338 E OplusStorageUFSBandwidth: Alarm set to trigger in 10 seconds
04-11 13:17:12.425  8338  8338 I SystemUi--Notification: OplusLiveAlertNotificationsRepository-->onRankingApplied
04-11 13:17:12.428  8338  8338 I PluginSeedling--Track: RequestHandler-->notificationUpdated 0|com.v2ray.ang|1|null|10397 postTime: 1775884632363
04-11 13:17:12.429  8338  8338 E LockScreenNotificationDispatcherImp: updateNotificationListOnKg size:0
04-11 13:17:12.432  8338  8338 W SystemUi--Notification: OplusNotificationGroupExtImpl-->setChildrenExpanded: groupHeader is null
04-11 13:17:12.433  8338  8338 I SystemUi--Notification: LockScreenNotificationDispatcherImp-->updateNotificationListOnKg resultCode: 0
04-11 13:17:12.459  8338  8706 D LocalImageResolver: Couldn't use ImageDecoder for drawable, falling back to non-resized load.
04-11 13:17:12.460  8338  8338 D OplusNotificationDateTimeView: setTime mSettingTimeMillis 1775884632360, mSettingLocalDateTime 2026-04-11T13:17:00.360
04-11 13:17:12.467  8338  8706 D LocalImageResolver: Couldn't use ImageDecoder for drawable, falling back to non-resized load.
04-11 13:17:12.468  8338  8338 D OplusNotificationDateTimeView: setTime mSettingTimeMillis 1775884632360, mSettingLocalDateTime 2026-04-11T13:17:00.360
04-11 13:17:12.473  8338  8706 D LocalImageResolver: Couldn't use ImageDecoder for drawable, falling back to non-resized load.
04-11 13:17:12.473  8338  8338 D OplusNotificationDateTimeView: setTime mSettingTimeMillis 1775884632360, mSettingLocalDateTime 2026-04-11T13:17:00.360
04-11 13:17:12.477  8338  8338 I SystemUi--Notification: OplusNotificationTempla-->resolveContentMargin: marginTop=112 isChildInGroup=false hasSubtitle=true params.topMargin=112
04-11 13:17:12.479  8338  8338 W SystemUi--Notification: OplusNotificationGroupExtImpl-->setChildrenExpanded: groupHeader is null
04-11 13:17:12.483  8338  8338 E LockScreenNotificationDispatcherImp: updateNotificationListOnKg size:0
04-11 13:17:12.486  8338  8338 W SystemUi--Notification: OplusNotificationGroupExtImpl-->setChildrenExpanded: groupHeader is null
04-11 13:17:12.486  8338  8338 I SystemUi--Notification: LockScreenNotificationDispatcherImp-->updateNotificationListOnKg resultCode: 0
04-11 13:17:12.527  3590  9788 I AICCTModule: SensorFilter: brightness threshold 1.2 screenNit is 87.884 ave enviroment lux is 72.92192 luxForNit 85.37633demarcationPoint200.0 result is false
04-11 13:17:12.527  3590  9788 I AICCTModule: SensorFilter: findSecondNearestValue, sensorValue: 5680.96 nearestMaxValue:5687.297 secondNearestValue: 5687.297
04-11 13:17:12.528  3590  9788 I AICCTModule: SensorFilter: findSecondNearestValue, sensorValue: 73.20457 nearestMaxValue:73.21584 secondNearestValue: 73.21584
04-11 13:17:12.588  9020  9214 I ChainTrace: stream type=syncEvent gapMs=981 refreshMarket=true
04-11 13:17:12.621  2113 17862 I sensors-hal: handle_oplus_wise_rgb_event:161, wise_rgb: (17996)(cct, lux, ir)[5374.74, 125.04, 58.113319] (r, g, b, c)[6094.83, 3946.11, 2454.69, 11238.42]                 (pwm, hbm, brl, algo)[0.0 0.0 1309.0 2.0], flag 38248
04-11 13:17:12.686  2181  2506 I SDM     : DisplayBuiltIn::IdlePowerCollapse: IPC received, disabling partial update for one frame
04-11 13:17:12.768  2181  2506 I SDM     : DisplayBuiltIn::IdlePowerCollapse: IPC received, disabling partial update for one frame
04-11 13:17:12.772  2181  2532 E CwbService: Panel not support apl read or getDisplayPanelAplValue timeout 10ms.
04-11 13:17:12.772  2258  2258 D SensorFeature: name=ssc_screenshot_info ,index = 22
04-11 13:17:12.772  2258  2258 D SensorFeature: write 39 bytes:931848120079685,931848174482758,38249,0
04-11 13:17:12.783  3438  3988 D QmiClient: qmiServiceEventCallback recv msg id 1099
04-11 13:17:12.783  3438  3988 D QmiClient: enter -mServiceType 4 onQmiServiceEventCallback msgId 1099
04-11 13:17:12.783  3438  3988 D QmiClient: onQmiServiceEventCallback - enter. msgId=1099
04-11 13:17:12.783  3438  3988 D QmiVsClientEvent: QosPeriodReportInd MSG IND data_len 2052
04-11 13:17:12.783  3438  3988 D QmiVsClientEvent: qmiVsClientNotifyQosPeriodReportIndEvent - RADIO_EVENT_QOS_PERIOD_REPORT_NOTIFY_IND
04-11 13:17:12.784  2727  3986 D QmiClient: qmiServiceEventCallback recv msg id 1099
04-11 13:17:12.784  2727  3986 D QmiClient: enter -mServiceType 4 onQmiServiceEventCallback msgId 1099
04-11 13:17:12.784  2727  3986 D QmiClient: onQmiServiceEventCallback - enter. msgId=1099
04-11 13:17:12.784  2727  3986 D QmiVsClientEvent: QosPeriodReportInd MSG IND data_len 2052
04-11 13:17:12.784  2727  3986 D QmiVsClientEvent: qmiVsClientNotifyQosPeriodReportIndEvent - RADIO_EVENT_QOS_PERIOD_REPORT_NOTIFY_IND
04-11 13:17:12.784  3438  3485 D VsProxy : handleMessage msg is 2420
04-11 13:17:12.784  3438  3485 D VsProxy : handleQosPeriodReportInd for instance 1 data_len 197
04-11 13:17:12.784  2727  2826 D VsProxy : handleMessage msg is 2420
04-11 13:17:12.784  2727  2826 D VsProxy : handleQosPeriodReportInd for instance 0 data_len 145
04-11 13:17:12.784 14034 14747 D SubsysRadioIndication[1]: radioQosPeriodReportInd result [8, -123, -128, -125, -48, 14, 18, 13, 8, -100, -2, -126, -48, 14, 16, 3, 32, -109, 1, 40, 4, 26, 13, 8, -51, -1, -126, -48, 14, 16, 6, 40, 6, 56, -114, 6, 34, 12, 8, -22, -83, -127, -48, 14, 16, 4, 24, 1, 32, 3, 58, 81, 8, -68, -1, -126, -48, 14, 16, 5, 24, -98, -23, 30, 32, -54, 1, 40, -97, -1, -1, -1, -1, -1, -1, -1, -1, 1, 48, -12, -1, -1, -1, -1, -1, -1, -1, -1, 1, 64, -98, -1, -1, -1, -1, -1, -1, -1, -1, 1, 72, -97, -1, -1, -1, -1, -1, -1, -1, -1, 1, 80, -94, -1, -1, -1, -1, -1, -1, -1, -1, 1, 88, -106, -1, -1, -1, -1, -1, -1, -1, -1, 1, 66, 31, 8, -103, -82, -127, -48, 14, 16, 5, 24, 2, 34, 19, 8, -98, -23, 30, 16, -54, 1, 24, 41, 32, 13, 40, -126, -128, -52, -67, 21, 48, 2, 90, 0, 98, 10, 8, -49, -115, -127, -48, 14, 16, 3, 24, 5, 122, 15, 8, -123, -3, -126, -48, 14, 16, -123, 2, 24, -11, 1, 32, -100, 9]
04-11 13:17:12.785 14034 14115 D SubsysRadioIndication[0]: radioQosPeriodReportInd result [8, -123, -128, -125, -48, 14, 34, 12, 8, -22, -83, -127, -48, 14, 16, 4, 24, 1, 32, 3, 58, 61, 8, -48, -15, -126, -48, 14, 16, 5, 24, -64, -92, 38, 32, -22, 6, 40, -97, -1, -1, -1, -1, -1, -1, -1, -1, 1, 48, -10, -1, -1, -1, -1, -1, -1, -1, -1, 1, 56, 13, 64, -96, -1, -1, -1, -1, -1, -1, -1, -1, 1, 72, -97, -1, -1, -1, -1, -1, -1, -1, -1, 1, 66, 29, 8, -58, -2, -37, -49, 14, 16, 5, 34, 19, 8, -64, -92, 38, 16, -22, 6, 24, 78, 32, 13, 40, -117, -32, -94, -93, 2, 48, 2, 90, 0, 98, 10, 8, -95, -8, -37, -49, 14, 16, 3, 24, 5, 122, 15, 8, -109, -8, -37, -49, 14, 16, -18, 2, 24, -21, 1, 32, -60, 9]
04-11 13:17:12.785 14034 14034 D NetworkService[1]: handleMessage what:1005
04-11 13:17:12.785 14034 14034 D RadioAtomTracker: parseQosPeriodData ModemQos:CellularQosInfo1{5G, 504990/202, EndcState=2, Band=41, DLBW=13, Rsrp=-97, Rsrq=-12, Snr=0, SvcStatus=3, ULPDCPNumDataPdu=3, ULPDCPNumDropPdu=0, ULPDCPTput=147, ULRLCNumDataPdu=4, ULRLCNumRetxPdu=0, ULGrant=0, ULBSR=0, ULBler=0, DLPDCPNumDataPdu=6, DLPDCPTput=782, DLRLCNumDataPdu=6, DLRLCNumRetxPdu=0, DLRLCNumDropPdu=0, DLMACPaddingBytes=0, DLPdcpNumMissToUppPdu=0, DLBler=0, RlfCount=0, CellChangeCount=0, IsRedirectionOccur=0, IsDualSimConflict=0, Latency=8, Sub1RrcState=1, Sub2RrcState=3, RachCount=0, CalcPower=261, Mtpl=245, PathLoss=1180, CellLoad=0}
04-11 13:17:12.785  3438  4039 D QmiClient: qmiServiceEventCallback recv msg id 47
04-11 13:17:12.785  3438  4039 D QmiClient: enter -mServiceType 10 onQmiServiceEventCallback msgId 47
04-11 13:17:12.785  3438  4039 D QmiClient: onQmiServiceEventCallback - enter. msgId=47
04-11 13:17:12.785 14034 14034 D NetworkService[1]: tryReportModemUlTPutGuarantee: clear calculator
04-11 13:17:12.785 14034 14034 D NetworkService[1]: EVENT_REG_QOS_PERIOD_REPORT_IND_CHANGED ENTER
04-11 13:17:12.785 14034 14034 D NetworkService[0]: handleMessage what:1005
04-11 13:17:12.785 14034 14034 D RadioAtomTracker: parseQosPeriodData ModemQos:CellularQosInfo2{5G, 627264/874, EndcState=0, Band=78, DLBW=13, Rsrp=-97, Rsrq=-10, Snr=13, SvcStatus=3, ULPDCPNumDataPdu=-1, ULPDCPNumDropPdu=-1, ULPDCPTput=-1, ULRLCNumDataPdu=-1, ULRLCNumRetxPdu=-1, ULGrant=-1, ULBSR=-1, ULBler=-1, DLPDCPNumDataPdu=-1, DLPDCPTput=-1, DLRLCNumDataPdu=-1, DLRLCNumRetxPdu=-1, DLRLCNumDropPdu=-1, DLMACPaddingBytes=-1, DLPdcpNumMissToUppPdu=-1, DLBler=-1, RlfCount=0, CellChangeCount=0, IsRedirectionOccur=0, IsDualSimConflict=0, Latency=0, Sub1RrcState=1, Sub2RrcState=3, RachCount=0, CalcPower=366, Mtpl=235, PathLoss=1220, CellLoad=0}
04-11 13:17:12.785  3438  3488 D OttProxy: handleMessage msg is 3001
04-11 13:17:12.786 14034 14034 D NetworkService[0]: EVENT_REG_QOS_PERIOD_REPORT_IND_CHANGED ENTER
04-11 13:17:12.786 14034 14034 D AtomModemKpiInfo: handleMessage what:1001
04-11 13:17:12.786 14034 14034 D AtomModemKpiInfo: analyseQosInfo success
04-11 13:17:12.786 14034 14115 D SubsysRadioIndication[1]: radioLinkLatencyInfoInd
04-11 13:17:12.786 14034 14115 D SubsysRadioIndication[1]: notify enter
04-11 13:17:12.786 14034 14034 D NetworkService[1]: handleMessage what:1008
04-11 13:17:12.786 14034 14034 D NetworkService[1]: EVENT_REG_LINK_LATENCY_INFO_CHANGE ulLatency:6027
04-11 13:17:12.887  2113 20704 I sensors-hal: handle_oplus_wise_rgb_event:189, high_pwm_light:lux 125.1,cct 5360.6,brl/algo/ir 1309.0/2.0/58.5,pwm/dc 0.0/0.0,rgbc 6099.813965/3948.310059/2454.694092/11238.417969,ts 931848138733716,cnt 18000,flag 38249
04-11 13:17:12.887  3590  7333 D FusionLightNextGen: process end reported = 1, mode: 0, cnt: 408005, lux 73.1, cct 5735.3, r/g/b/c: 6084.9/3950.5/2454.7/11217.4, R/G/B: 152.0/144.0/127.0, bri 1309.0, match 1.00, ir 0.077369, conf 5.0, ts 931848160875748
04-11 13:17:12.888  2113 17862 I sensors-hal: handle_oplus_wise_rgb_event:161, wise_rgb: (18001)(cct, lux, ir)[5360.55, 125.07, 58.490185] (r, g, b, c)[6084.86, 3932.91, 2445.86, 11254.74]                 (pwm, hbm, brl, algo)[0.0 0.0 1309.0 2.0], flag 38249
04-11 13:17:13.058  2258  2258 D SensorFeature: name=ssc_screenshot_info ,index = 22
04-11 13:17:13.058  2258  2258 D SensorFeature: write 39 bytes:931848120079685,931848469808383,38250,0
04-11 13:17:13.058  2113  2241 I sensors-hal: get_display_brightness:825, light_iface: set screenshot_info [931848120079685,931848469808383,38250,0]
04-11 13:17:13.107  2280  2331 D BatteryChargeControl: bcc get no support from charging protocol
04-11 13:17:13.129  2181  2506 I SDM     : DisplayBuiltIn::IdlePowerCollapse: IPC received, disabling partial update for one frame
04-11 13:17:13.154  2113 17862 I sensors-hal: handle_oplus_wise_rgb_event:161, wise_rgb: (18006)(cct, lux, ir)[5330.64, 125.26, 57.951591] (r, g, b, c)[6099.81, 3959.31, 2467.94, 11210.44]                 (pwm, hbm, brl, algo)[0.0 0.0 1309.0 2.0], flag 38250
04-11 13:17:13.167 14034 15313 D CommonApp-264-10512: transport layer data is invalid
04-11 13:17:13.167 14034 15313 D CommonApp-255-10512: commonScoreStrategy scenarios low package
04-11 13:17:13.168 14034 15313 D ScorePolicy: handleScoreChanged: []
04-11 13:17:13.168 14034 15313 D ScorePolicy: handleScoreChanged: []
04-11 13:17:13.168 14034 15313 D ScorePolicy: handleScoreChanged: []
04-11 13:17:13.263  4482  4659 W ServiceManagerCppClient: Waited one second for SystemClearService (is service started? Number of threads started in the threadpool: 16. Are binder threads started and available?)
04-11 13:17:13.263  4482  4680 W ServiceManagerCppClient: Waited one second for SystemClearService (is service started? Number of threads started in the threadpool: 16. Are binder threads started and available?)
04-11 13:17:13.265  1254  9868 W libc    : Unable to set property "ctl.interface_start" to "aidl/SystemClearService": PROP_ERROR_HANDLE_CONTROL_MESSAGE (0x20)
04-11 13:17:13.266  1254  9869 W libc    : Unable to set property "ctl.interface_start" to "aidl/SystemClearService": PROP_ERROR_HANDLE_CONTROL_MESSAGE (0x20)
04-11 13:17:13.307 13839 14712 I SmartDataSwitchStateManager: handle message:7
04-11 13:17:13.308 13839 14712 I SmartDataSwitchSM: [DisableState]Handle msg: 2
04-11 13:17:13.308 13839 14712 I SmartDataSwitchSM: [DisableState]handle state change, reason:DataScoreLow
04-11 13:17:13.396 17904 17935 I APS_ALOG: flushRoutine g_immediateFlush=0 g_pendingCount=0 g_oobCount=0
04-11 13:17:13.397  2181  2506 I SDM     : DisplayBuiltIn::IdlePowerCollapse: IPC received, disabling partial update for one frame
04-11 13:17:13.404  2181  2532 E CwbService: Panel not support apl read or getDisplayPanelAplValue timeout 10ms.
04-11 13:17:13.405  2258  2258 D SensorFeature: name=ssc_screenshot_info ,index = 22
04-11 13:17:13.405  2258  2258 D SensorFeature: write 39 bytes:931848753168800,931848807311768,38251,0
04-11 13:17:13.421  2113 20704 I sensors-hal: handle_oplus_wise_rgb_event:189, high_pwm_light:lux 124.6,cct 5318.6,brl/algo/ir 1309.0/2.0/58.7,pwm/dc 0.0/0.0,rgbc 6089.846680/3965.906982/2461.316650/11191.794922,ts 931848771960331,cnt 18010,flag 38251
04-11 13:17:13.421  2113 17862 I sensors-hal: handle_oplus_wise_rgb_event:161, wise_rgb: (18011)(cct, lux, ir)[5318.57, 124.58, 58.657158] (r, g, b, c)[6079.88, 3926.31, 2432.62, 11184.80]                 (pwm, hbm, brl, algo)[0.0 0.0 1309.0 2.0], flag 38251
04-11 13:17:13.595  9020  9214 I ChainTrace: stream type=syncEvent gapMs=1007 refreshMarket=true
04-11 13:17:13.698  2181  2506 I SDM     : DisplayBuiltIn::IdlePowerCollapse: IPC received, disabling partial update for one frame
04-11 13:17:13.727  3590  9788 I AICCTModule: SensorFilter: brightness threshold 1.2 screenNit is 87.884 ave enviroment lux is 73.15515 luxForNit 85.37959demarcationPoint200.0 result is false
04-11 13:17:13.727  3590  9788 I AICCTModule: SensorFilter: findSecondNearestValue, sensorValue: 5687.297 nearestMaxValue:5668.7944 secondNearestValue: 5668.7944
04-11 13:17:13.727  3590  9788 I AICCTModule: SensorFilter: findSecondNearestValue, sensorValue: 73.21584 nearestMaxValue:73.21584 secondNearestValue: 73.21584
04-11 13:17:13.777  2181  2506 I SDM     : DisplayBuiltIn::IdlePowerCollapse: IPC received, disabling partial update for one frame
04-11 13:17:13.782  2181 26958 E CwbService: Panel not support apl read or getDisplayPanelAplValue timeout 10ms.
04-11 13:17:13.783  2258  2258 D SensorFeature: name=ssc_screenshot_info ,index = 22
04-11 13:17:13.783  2258  2258 D SensorFeature: write 39 bytes:931849130709841,931849184941560,38252,0
04-11 13:17:13.786  2727  3986 D QmiClient: qmiServiceEventCallback recv msg id 1099
04-11 13:17:13.786  3438  3988 D QmiClient: qmiServiceEventCallback recv msg id 1099
04-11 13:17:13.786  3438  3988 D QmiClient: enter -mServiceType 4 onQmiServiceEventCallback msgId 1099
04-11 13:17:13.786  2727  3986 D QmiClient: enter -mServiceType 4 onQmiServiceEventCallback msgId 1099
04-11 13:17:13.786  3438  3988 D QmiClient: onQmiServiceEventCallback - enter. msgId=1099
04-11 13:17:13.786  2727  3986 D QmiClient: onQmiServiceEventCallback - enter. msgId=1099
04-11 13:17:13.786  3438  3988 D QmiVsClientEvent: QosPeriodReportInd MSG IND data_len 2052
04-11 13:17:13.786  2727  3986 D QmiVsClientEvent: QosPeriodReportInd MSG IND data_len 2052
04-11 13:17:13.786  3438  3988 D QmiVsClientEvent: qmiVsClientNotifyQosPeriodReportIndEvent - RADIO_EVENT_QOS_PERIOD_REPORT_NOTIFY_IND
04-11 13:17:13.786  2727  3986 D QmiVsClientEvent: qmiVsClientNotifyQosPeriodReportIndEvent - RADIO_EVENT_QOS_PERIOD_REPORT_NOTIFY_IND
04-11 13:17:13.786  2727  2826 D VsProxy : handleMessage msg is 2420
04-11 13:17:13.787  2727  2826 D VsProxy : handleQosPeriodReportInd for instance 0 data_len 145
04-11 13:17:13.787  3438  4039 D QmiClient: qmiServiceEventCallback recv msg id 47
04-11 13:17:13.787  3438  4039 D QmiClient: enter -mServiceType 10 onQmiServiceEventCallback msgId 47
04-11 13:17:13.787  3438  4039 D QmiClient: onQmiServiceEventCallback - enter. msgId=47
04-11 13:17:13.787  3438  3488 D OttProxy: handleMessage msg is 3001
04-11 13:17:13.787  3438  3485 D VsProxy : handleMessage msg is 2420
04-11 13:17:13.787  3438  3485 D VsProxy : handleQosPeriodReportInd for instance 1 data_len 211
04-11 13:17:13.787 14034 14115 D SubsysRadioIndication[0]: radioQosPeriodReportInd result [8, -17, -121, -125, -48, 14, 34, 12, 8, -22, -83, -127, -48, 14, 16, 4, 24, 1, 32, 3, 58, 61, 8, -37, -128, -125, -48, 14, 16, 5, 24, -64, -92, 38, 32, -22, 6, 40, -93, -1, -1, -1, -1, -1, -1, -1, -1, 1, 48, -10, -1, -1, -1, -1, -1, -1, -1, -1, 1, 56, 17, 64, -93, -1, -1, -1, -1, -1, -1, -1, -1, 1, 72, -96, -1, -1, -1, -1, -1, -1, -1, -1, 1, 66, 29, 8, -58, -2, -37, -49, 14, 16, 5, 34, 19, 8, -64, -92, 38, 16, -22, 6, 24, 78, 32, 13, 40, -117, -32, -94, -93, 2, 48, 2, 90, 0, 98, 10, 8, -95, -8, -37, -49, 14, 16, 3, 24, 5, 122, 15, 8, -109, -8, -37, -49, 14, 16, -18, 2, 24, -21, 1, 32, -60, 9]
04-11 13:17:13.787 14034 14747 D SubsysRadioIndication[1]: radioQosPeriodReportInd result [8, -16, -121, -125, -48, 14, 18, 16, 8, -88, -122, -125, -48, 14, 16, 6, 32, -102, 2, 40, 6, 56, -95, 1, 26, 13, 8, -115, -121, -125, -48, 14, 16, 7, 40, 7, 56, -43, 3, 34, 12, 8, -22, -83, -127, -48, 14, 16, 4, 24, 1, 32, 3, 58, 92, 8, -41, -123, -125, -48, 14, 16, 5, 24, -98, -23, 30, 32, -54, 1, 40, -95, -1, -1, -1, -1, -1, -1, -1, -1, 1, 48, -14, -1, -1, -1, -1, -1, -1, -1, -1, 1, 56, -1, -1, -1, -1, -1, -1, -1, -1, -1, 1, 64, -95, -1, -1, -1, -1, -1, -1, -1, -1, 1, 72, -99, -1, -1, -1, -1, -1, -1, -1, -1, 1, 80, -97, -1, -1, -1, -1, -1, -1, -1, -1, 1, 88, -103, -1, -1, -1, -1, -1, -1, -1, -1, 1, 66, 31, 8, -103, -82, -127, -48, 14, 16, 5, 24, 2, 34, 19, 8, -98, -23, 30, 16, -54, 1, 24, 41, 32, 13, 40, -126, -128, -52, -67, 21, 48, 2, 90, 0, 98, 10, 8, -49, -115, -127, -48, 14, 16, 3, 24, 5, 122, 15, 8, -51, -124, -125, -48, 14, 16, -21, 1, 24, -11, 1, 32, -120, 9]
04-11 13:17:13.788 14034 14034 D NetworkService[0]: handleMessage what:1005
04-11 13:17:13.788 14034 14747 D SubsysRadioIndication[1]: radioLinkLatencyInfoInd
04-11 13:17:13.788 14034 14747 D SubsysRadioIndication[1]: notify enter
04-11 13:17:13.788 14034 14034 D RadioAtomTracker: parseQosPeriodData ModemQos:CellularQosInfo2{5G, 627264/874, EndcState=0, Band=78, DLBW=13, Rsrp=-93, Rsrq=-10, Snr=17, SvcStatus=3, ULPDCPNumDataPdu=-1, ULPDCPNumDropPdu=-1, ULPDCPTput=-1, ULRLCNumDataPdu=-1, ULRLCNumRetxPdu=-1, ULGrant=-1, ULBSR=-1, ULBler=-1, DLPDCPNumDataPdu=-1, DLPDCPTput=-1, DLRLCNumDataPdu=-1, DLRLCNumRetxPdu=-1, DLRLCNumDropPdu=-1, DLMACPaddingBytes=-1, DLPdcpNumMissToUppPdu=-1, DLBler=-1, RlfCount=0, CellChangeCount=0, IsRedirectionOccur=0, IsDualSimConflict=0, Latency=0, Sub1RrcState=1, Sub2RrcState=3, RachCount=0, CalcPower=366, Mtpl=235, PathLoss=1220, CellLoad=0}
04-11 13:17:13.788 14034 14034 D NetworkService[0]: EVENT_REG_QOS_PERIOD_REPORT_IND_CHANGED ENTER
04-11 13:17:13.788 14034 14034 D NetworkService[1]: handleMessage what:1005
04-11 13:17:13.788 14034 14034 D RadioAtomTracker: parseQosPeriodData ModemQos:CellularQosInfo1{5G, 504990/202, EndcState=2, Band=41, DLBW=13, Rsrp=-95, Rsrq=-14, Snr=-1, SvcStatus=3, ULPDCPNumDataPdu=6, ULPDCPNumDropPdu=0, ULPDCPTput=282, ULRLCNumDataPdu=6, ULRLCNumRetxPdu=0, ULGrant=161, ULBSR=0, ULBler=0, DLPDCPNumDataPdu=7, DLPDCPTput=469, DLRLCNumDataPdu=7, DLRLCNumRetxPdu=0, DLRLCNumDropPdu=0, DLMACPaddingBytes=0, DLPdcpNumMissToUppPdu=0, DLBler=0, RlfCount=0, CellChangeCount=0, IsRedirectionOccur=0, IsDualSimConflict=0, Latency=6, Sub1RrcState=1, Sub2RrcState=3, RachCount=0, CalcPower=235, Mtpl=245, PathLoss=1160, CellLoad=0}
04-11 13:17:13.788 14034 14034 D NetworkService[1]: EVENT_REG_QOS_PERIOD_REPORT_IND_CHANGED ENTER
04-11 13:17:13.788 14034 14034 D NetworkService[1]: handleMessage what:1008
04-11 13:17:13.788 14034 14034 D NetworkService[1]: EVENT_REG_LINK_LATENCY_INFO_CHANGE ulLatency:8414
04-11 13:17:13.788 14034 14034 D AtomModemKpiInfo: handleMessage what:1001
04-11 13:17:13.788 14034 14034 D AtomModemKpiInfo: analyseQosInfo success
04-11 13:17:13.926  2113 17888 I sensors-hal: handle_sns_std_sensor_event:114, oplus rgb_rear sample: (cct, lux, ir, x, y)[8897, 13, 338, 270, 337]
04-11 13:17:13.926  2113 17888 I sensors-hal: handle_sns_std_sensor_event:116, oplus rgb_rear sample: (r, g, b, c w)[553, 1081, 197, 366, 0]
04-11 13:17:13.985  2113 17862 I sensors-hal: handle_oplus_wise_rgb_event:161, wise_rgb: (18016)(cct, lux, ir)[5323.10, 124.85, 58.833881] (r, g, b, c)[6099.81, 3946.11, 2450.28, 11210.44]                 (pwm, hbm, brl, algo)[0.0 0.0 1309.0 2.0], flag 38252
04-11 13:17:14.008 15031 15220 D ShellSubscriberWorkerThread: the first 8 bytes empty, and RestData length > 8 
04-11 13:17:14.011  2187  2298 E PERFHAL-PERFCTRL: PERFHAL-PERFCTRL: chk_core_online_poll_loop() 748: poll() has timed out for /sys/kernel/msm_performance/events/cpu_hotplug
04-11 13:17:14.011  2187  2298 E PERFHAL-PERFCTRL: PERFHAL-PERFCTRL: chk_core_online_poll_loop() 743: Block on poll()
04-11 13:17:14.056  2258  2258 D SensorFeature: name=ssc_screenshot_info ,index = 22
04-11 13:17:14.056  2258  2258 D SensorFeature: write 39 bytes:931849130709841,931849469292133,38253,0
04-11 13:17:14.107  2280  2331 D BatteryChargeControl: bcc get no support from charging protocol
04-11 13:17:14.129  2181  2506 I SDM     : DisplayBuiltIn::IdlePowerCollapse: IPC received, disabling partial update for one frame
04-11 13:17:14.194 14034 15313 D CommonApp-264-10512: transport layer data is invalid
04-11 13:17:14.195 14034 15313 D CommonApp-255-10512: commonScoreStrategy scenarios low package
04-11 13:17:14.195 14034 15313 D ScorePolicy: handleScoreChanged: []
04-11 13:17:14.195 14034 15313 D ScorePolicy: handleScoreChanged: []
04-11 13:17:14.195 14034 15313 D ScorePolicy: handleScoreChanged: []
04-11 13:17:14.226  2113 20704 I sensors-hal: handle_oplus_wise_rgb_event:189, high_pwm_light:lux 125.0,cct 5387.2,brl/algo/ir 1309.0/2.0/57.7,pwm/dc 0.0/0.0,rgbc 6077.388184/3935.112549/2443.656982/11191.794922,ts 931849416807519,cnt 18020,flag 38253
04-11 13:17:14.227  2113 17862 I sensors-hal: handle_oplus_wise_rgb_event:161, wise_rgb: (18021)(cct, lux, ir)[5387.19, 125.03, 57.671032] (r, g, b, c)[6107.29, 3937.31, 2432.62, 11198.79]                 (pwm, hbm, brl, algo)[0.0 0.0 1309.0 2.0], flag 38253
04-11 13:17:14.227  3590  7333 D FusionLightNextGen: process end reported = 1, mode: 0, cnt: 408010, lux 72.8, cct 5710.6, r/g/b/c: 6072.4/3939.5/2445.9/11187.1, R/G/B: 152.0/144.0/127.0, bri 1309.0, match 1.00, ir 0.077552, conf 5.0, ts 931849450020539
04-11 13:17:14.264  4482  4659 W ServiceManagerCppClient: Waited one second for SystemClearService (is service started? Number of threads started in the threadpool: 16. Are binder threads started and available?)
04-11 13:17:14.265  4482  4680 W ServiceManagerCppClient: Waited one second for SystemClearService (is service started? Number of threads started in the threadpool: 16. Are binder threads started and available?)
04-11 13:17:14.267  1254  9900 W libc    : Unable to set property "ctl.interface_start" to "aidl/SystemClearService": PROP_ERROR_HANDLE_CONTROL_MESSAGE (0x20)
04-11 13:17:14.268  1254  9902 W libc    : Unable to set property "ctl.interface_start" to "aidl/SystemClearService": PROP_ERROR_HANDLE_CONTROL_MESSAGE (0x20)
04-11 13:17:14.397  2181  2506 I SDM     : DisplayBuiltIn::IdlePowerCollapse: IPC received, disabling partial update for one frame
04-11 13:17:14.405  2181  2532 E CwbService: Panel not support apl read or getDisplayPanelAplValue timeout 10ms.
04-11 13:17:14.405  2258  2258 D SensorFeature: name=ssc_screenshot_info ,index = 22
04-11 13:17:14.405  2258  2258 D SensorFeature: write 39 bytes:931849752876560,931849807260778,38254,0
04-11 13:17:14.406  3590  7344 V AlarmManager: sending alarm Alarm{9e8645b type 1 origWhen 1775884634406 whenElapsed 931849820 android} uid 1000 whenElapsed 931849820 windowLength 0 maxWhenElapsed 931849820 repeatInterval 0 action null component null tag StorgaeBandInfoAlarmTag flags 0x9 procName system_server
04-11 13:17:14.407  3590 10338 E OplusStorageUFSBandwidth: storage_io_metrics_path is /proc/oplus_storage/io_metrics/forever/
04-11 13:17:14.408  3590 10338 E OplusStorageUFSBandwidth: Bandwidth - Read: 0.00 MB/s, Write: 0.00 MB/s
04-11 13:17:14.408  3590 10338 E OplusStorageUFSBandwidth: Task time: 1ms
04-11 13:17:14.410  3590 10338 E OplusStorageUFSBandwidth: Alarm set to trigger in 10 seconds
04-11 13:17:14.487  2113 17862 I sensors-hal: handle_oplus_wise_rgb_event:161, wise_rgb: (18026)(cct, lux, ir)[5358.44, 124.76, 58.879036] (r, g, b, c)[6134.70, 3965.91, 2472.35, 11287.37]                 (pwm, hbm, brl, algo)[0.0 0.0 1309.0 2.0], flag 38254
04-11 13:17:14.645  9020  9214 I ChainTrace: stream type=heartbeat gapMs=1050 refreshMarket=false
04-11 13:17:14.708  2258  2258 D SensorFeature: name=ssc_screenshot_info ,index = 22
04-11 13:17:14.709  2258  2258 D SensorFeature: write 39 bytes:931849752876560,931850121144008,38255,0
04-11 13:17:14.746  3590  7167 D osense.compress: com.v2ray.ang do shrink, target ratio = 71, final ratio = 90, cur ratio = 53
04-11 13:17:14.753  2113 20704 I sensors-hal: handle_oplus_wise_rgb_event:189, high_pwm_light:lux 125.2,cct 5279.4,brl/algo/ir 1309.0/2.0/59.7,pwm/dc 0.0/0.0,rgbc 6127.223145/3954.908936/2454.694092/11273.384766,ts 931850071752623,cnt 18030,flag 38255
04-11 13:17:14.754  2113 17862 I sensors-hal: handle_oplus_wise_rgb_event:161, wise_rgb: (18031)(cct, lux, ir)[5279.37, 125.25, 59.710163] (r, g, b, c)[6127.22, 3970.31, 2454.69, 11273.38]                 (pwm, hbm, brl, algo)[0.0 0.0 1309.0 2.0], flag 38255
04-11 13:17:14.755  3590  9788 I AICCTModule: SensorFilter: brightness threshold 1.2 screenNit is 87.884 ave enviroment lux is 73.57625 luxForNit 85.385345demarcationPoint200.0 result is false
04-11 13:17:14.755  3590  9788 I AICCTModule: SensorFilter: findSecondNearestValue, sensorValue: 5668.7944 nearestMaxValue:5677.916 secondNearestValue: 5677.916
04-11 13:17:14.755  3590  9788 I AICCTModule: SensorFilter: findSecondNearestValue, sensorValue: 73.21584 nearestMaxValue:73.32506 secondNearestValue: 73.32506
04-11 13:17:14.789  2727  3986 D QmiClient: qmiServiceEventCallback recv msg id 1099
04-11 13:17:14.789  3438  3988 D QmiClient: qmiServiceEventCallback recv msg id 1099
04-11 13:17:14.789  3438  3988 D QmiClient: enter -mServiceType 4 onQmiServiceEventCallback msgId 1099
04-11 13:17:14.789  2727  3986 D QmiClient: enter -mServiceType 4 onQmiServiceEventCallback msgId 1099
04-11 13:17:14.789  2727  3986 D QmiClient: onQmiServiceEventCallback - enter. msgId=1099
04-11 13:17:14.789  3438  3988 D QmiClient: onQmiServiceEventCallback - enter. msgId=1099
04-11 13:17:14.789  2727  3986 D QmiVsClientEvent: QosPeriodReportInd MSG IND data_len 2052
04-11 13:17:14.789  3438  3988 D QmiVsClientEvent: QosPeriodReportInd MSG IND data_len 2052
04-11 13:17:14.789  2727  3986 D QmiVsClientEvent: qmiVsClientNotifyQosPeriodReportIndEvent - RADIO_EVENT_QOS_PERIOD_REPORT_NOTIFY_IND
04-11 13:17:14.789  3438  3988 D QmiVsClientEvent: qmiVsClientNotifyQosPeriodReportIndEvent - RADIO_EVENT_QOS_PERIOD_REPORT_NOTIFY_IND
04-11 13:17:14.789  2727  2826 D VsProxy : handleMessage msg is 2420
04-11 13:17:14.789  2727  2826 D VsProxy : handleQosPeriodReportInd for instance 0 data_len 145
04-11 13:17:14.789  3438  4039 D QmiClient: qmiServiceEventCallback recv msg id 47
04-11 13:17:14.789  3438  4039 D QmiClient: enter -mServiceType 10 onQmiServiceEventCallback msgId 47
04-11 13:17:14.789  3438  4039 D QmiClient: onQmiServiceEventCallback - enter. msgId=47
04-11 13:17:14.790  3438  3485 D VsProxy : handleMessage msg is 2420
04-11 13:17:14.790 14034 14115 D SubsysRadioIndication[0]: radioQosPeriodReportInd result [8, -37, -113, -125, -48, 14, 34, 12, 8, -22, -83, -127, -48, 14, 16, 4, 24, 1, 32, 3, 58, 61, 8, -37, -128, -125, -48, 14, 16, 5, 24, -64, -92, 38, 32, -22, 6, 40, -93, -1, -1, -1, -1, -1, -1, -1, -1, 1, 48, -10, -1, -1, -1, -1, -1, -1, -1, -1, 1, 56, 17, 64, -93, -1, -1, -1, -1, -1, -1, -1, -1, 1, 72, -96, -1, -1, -1, -1, -1, -1, -1, -1, 1, 66, 29, 8, -58, -2, -37, -49, 14, 16, 5, 34, 19, 8, -64, -92, 38, 16, -22, 6, 24, 78, 32, 13, 40, -117, -32, -94, -93, 2, 48, 2, 90, 0, 98, 10, 8, -95, -8, -37, -49, 14, 16, 3, 24, 5, 122, 15, 8, -109, -8, -37, -49, 14, 16, -18, 2, 24, -21, 1, 32, -60, 9]
04-11 13:17:14.790  3438  3485 D VsProxy : handleQosPeriodReportInd for instance 1 data_len 206
04-11 13:17:14.790  3438  3488 D OttProxy: handleMessage msg is 3001
04-11 13:17:14.790 14034 14034 D NetworkService[0]: handleMessage what:1005
04-11 13:17:14.790 14034 14034 D RadioAtomTracker: parseQosPeriodData ModemQos:CellularQosInfo2{5G, 627264/874, EndcState=0, Band=78, DLBW=13, Rsrp=-93, Rsrq=-10, Snr=17, SvcStatus=3, ULPDCPNumDataPdu=-1, ULPDCPNumDropPdu=-1, ULPDCPTput=-1, ULRLCNumDataPdu=-1, ULRLCNumRetxPdu=-1, ULGrant=-1, ULBSR=-1, ULBler=-1, DLPDCPNumDataPdu=-1, DLPDCPTput=-1, DLRLCNumDataPdu=-1, DLRLCNumRetxPdu=-1, DLRLCNumDropPdu=-1, DLMACPaddingBytes=-1, DLPdcpNumMissToUppPdu=-1, DLBler=-1, RlfCount=0, CellChangeCount=0, IsRedirectionOccur=0, IsDualSimConflict=0, Latency=0, Sub1RrcState=1, Sub2RrcState=3, RachCount=0, CalcPower=366, Mtpl=235, PathLoss=1220, CellLoad=0}
04-11 13:17:14.790 14034 14034 D NetworkService[0]: EVENT_REG_QOS_PERIOD_REPORT_IND_CHANGED ENTER
04-11 13:17:14.790 14034 14034 D AtomModemKpiInfo: handleMessage what:1001
04-11 13:17:14.790 14034 14034 D AtomModemKpiInfo: analyseQosInfo success
04-11 13:17:14.790 14034 14115 D SubsysRadioIndication[1]: radioQosPeriodReportInd result [8, -37, -113, -125, -48, 14, 18, 18, 8, -54, -116, -125, -48, 14, 16, 3, 32, -121, 1, 40, 3, 56, -103, 1, 64, 4, 26, 12, 8, -5, -117, -125, -48, 14, 16, 2, 40, 2, 56, 80, 34, 12, 8, -22, -83, -127, -48, 14, 16, 4, 24, 1, 32, 3, 58, 81, 8, -43, -115, -125, -48, 14, 16, 5, 24, -98, -23, 30, 32, -54, 1, 40, -96, -1, -1, -1, -1, -1, -1, -1, -1, 1, 48, -13, -1, -1, -1, -1, -1, -1, -1, -1, 1, 64, -96, -1, -1, -1, -1, -1, -1, -1, -1, 1, 72, -95, -1, -1, -1, -1, -1, -1, -1, -1, 1, 80, -94, -1, -1, -1, -1, -1, -1, -1, -1, 1, 88, -103, -1, -1, -1, -1, -1, -1, -1, -1, 1, 66, 31, 8, -103, -82, -127, -48, 14, 16, 5, 24, 2, 34, 19, 8, -98, -23, 30, 16, -54, 1, 24, 41, 32, 13, 40, -126, -128, -52, -67, 21, 48, 2, 90, 0, 98, 10, 8, -49, -115, -127, -48, 14, 16, 3, 24, 5, 122, 20, 8, -5, -117, -125, -48, 14, 16, -1, -1, 1, 24, -1, -1, 1, 32, -1, -1, -1, -1, 15]
04-11 13:17:14.790 14034 14115 D SubsysRadioIndication[1]: radioLinkLatencyInfoInd
04-11 13:17:14.790 14034 14115 D SubsysRadioIndication[1]: notify enter
04-11 13:17:14.790 14034 14034 D NetworkService[1]: handleMessage what:1005
04-11 13:17:14.790 14034 14034 D RadioAtomTracker: parseQosPeriodData ModemQos:CellularQosInfo1{5G, 504990/202, EndcState=2, Band=41, DLBW=13, Rsrp=-96, Rsrq=-13, Snr=0, SvcStatus=3, ULPDCPNumDataPdu=3, ULPDCPNumDropPdu=0, ULPDCPTput=135, ULRLCNumDataPdu=3, ULRLCNumRetxPdu=0, ULGrant=153, ULBSR=4, ULBler=0, DLPDCPNumDataPdu=2, DLPDCPTput=80, DLRLCNumDataPdu=2, DLRLCNumRetxPdu=0, DLRLCNumDropPdu=0, DLMACPaddingBytes=0, DLPdcpNumMissToUppPdu=0, DLBler=0, RlfCount=0, CellChangeCount=0, IsRedirectionOccur=0, IsDualSimConflict=0, Latency=8, Sub1RrcState=1, Sub2RrcState=3, RachCount=0, CalcPower=32767, Mtpl=32767, PathLoss=-1, CellLoad=0}
04-11 13:17:14.790 14034 14034 D NetworkService[1]: EVENT_REG_QOS_PERIOD_REPORT_IND_CHANGED ENTER
04-11 13:17:14.790 14034 14034 D NetworkService[1]: handleMessage what:1008
04-11 13:17:14.790 14034 14034 D NetworkService[1]: EVENT_REG_LINK_LATENCY_INFO_CHANGE ulLatency:9293
04-11 13:17:14.790 14034 14034 D AtomModemKpiInfo: handleMessage what:1001
04-11 13:17:14.790 14034 14034 D AtomModemKpiInfo: analyseQosInfo success
04-11 13:17:14.985  2181  2506 I SDM     : DisplayBuiltIn::IdlePowerCollapse: IPC received, disabling partial update for one frame
04-11 13:17:15.011  2258  2258 D SensorFeature: name=ssc_screenshot_info ,index = 22
04-11 13:17:15.011  2258  2258 D SensorFeature: write 39 bytes:931849752876560,931850423695674,38256,0
04-11 13:17:15.021  2113 17862 I sensors-hal: handle_oplus_wise_rgb_event:161, wise_rgb: (18036)(cct, lux, ir)[5326.25, 126.70, 57.776215] (r, g, b, c)[6214.43, 4016.50, 2509.88, 11462.21]                 (pwm, hbm, brl, algo)[0.0 0.0 1309.0 2.0], flag 38256
04-11 13:17:15.044  2181  2506 I SDM     : DisplayBuiltIn::IdlePowerCollapse: IPC received, disabling partial update for one frame
04-11 13:17:15.086  3289  3289 I OplusTouchDaemon: ts_run_service: shellback temperature updated 29 (29966)
04-11 13:17:15.108  2280  2331 D BatteryChargeControl: bcc get no support from charging protocol
04-11 13:17:15.133  2181  2506 I SDM     : DisplayBuiltIn::IdlePowerCollapse: IPC received, disabling partial update for one frame
04-11 13:17:15.215 14034 15313 D CommonApp-264-10512: transport layer data is invalid
04-11 13:17:15.216 14034 15313 D CommonApp-255-10512: commonScoreStrategy scenarios low package
04-11 13:17:15.216 14034 15313 D ScorePolicy: handleScoreChanged: []
04-11 13:17:15.216 14034 15313 D ScorePolicy: handleScoreChanged: []
04-11 13:17:15.216 14034 15313 D ScorePolicy: handleScoreChanged: []
04-11 13:17:15.266  4482  4659 W ServiceManagerCppClient: Waited one second for SystemClearService (is service started? Number of threads started in the threadpool: 16. Are binder threads started and available?)
04-11 13:17:15.266  4482  4680 W ServiceManagerCppClient: Waited one second for SystemClearService (is service started? Number of threads started in the threadpool: 16. Are binder threads started and available?)
04-11 13:17:15.269  1254  9911 W libc    : Unable to set property "ctl.interface_start" to "aidl/SystemClearService": PROP_ERROR_HANDLE_CONTROL_MESSAGE (0x20)
04-11 13:17:15.269  1254  9913 W libc    : Unable to set property "ctl.interface_start" to "aidl/SystemClearService": PROP_ERROR_HANDLE_CONTROL_MESSAGE (0x20)
04-11 13:17:15.346  2280  2323 D vendor.oplus.hardware.charger-V10-service: ret_value:122, read content:,297,297,4414,4413,-183,95,97,1,1,0,494,5019,97,1,4480,600,500,0,0,9500,0,0,1,0,2,0,0,0,1,5868,96,0,4786,5046,0,0,0,0,0,0
04-11 13:17:15.346  2280  2323 D vendor.oplus.hardware.charger-V10-service: gmtime: 2026-04-11-13-17-15
04-11 13:17:15.346  2280  2323 D vendor.oplus.hardware.charger-V10-service: usb_online:1, ac_online:-2147483648, wireless_online:-2147483648
04-11 13:17:15.353  2181  2506 I SDM     : DisplayBuiltIn::IdlePowerCollapse: IPC received, disabling partial update for one frame
04-11 13:17:15.360  2181  2532 E CwbService: Panel not support apl read or getDisplayPanelAplValue timeout 10ms.
04-11 13:17:15.360  2258  2258 D SensorFeature: name=ssc_screenshot_info ,index = 22
04-11 13:17:15.360  2258  2258 D SensorFeature: write 39 bytes:931850708375309,931850762582497,38257,0
04-11 13:17:15.370  3590  8832 D NotificationService--OplusNotificationFixHelper: fixAppIcon: pkg=com.v2ray.ang
04-11 13:17:15.370  3590  8832 D NotificationService--OplusNotificationFixHelper: fixAppIcon: appIcon = null, pkg = com.v2ray.ang
04-11 13:17:15.370  3590  8832 D NotificationService--NotificationRecord: isSupportRearLight , isRearLight = false mLedRM = false isMultilLed = false
04-11 13:17:15.371  3590  8832 I OplusStatusBarManagerServiceEnhance:  getTopIsFullscreen mTopIsFullscreen: false
04-11 13:17:15.371  3590  8832 W ActivityManager: Permission Denial: getTopApplicationInfo from pid=18198, uid=10397 requires oplus.permission.OPLUS_COMPONENT_SAFE
04-11 13:17:15.371  3590  8832 E OplusNotificationCenter: getForegroundApplication exception
04-11 13:17:15.372  3590  3590 D NotificationService--OplusNotificationManagerServiceExtImpl: isForwardToAssistants: true, case : Is local notification
04-11 13:17:15.372  3590  3590 D NotificationService: This application enqueue notifications is need postDelayed mcsAssistantDelayTime: 50
04-11 13:17:15.429  8338  8338 W OPLUS_LOG_LOAD: ==LOGS PROG INFO, prog(com.android.systemui) ==
04-11 13:17:15.429  8338  8338 I SystemUi--Notification: OplusLiveAlertNotificationsRepository-->onRankingApplied
04-11 13:17:15.439  8338  8338 I PluginSeedling--Track: RequestHandler-->notificationUpdated 0|com.v2ray.ang|1|null|10397 postTime: 1775884635370
04-11 13:17:15.439  8338  8338 E LockScreenNotificationDispatcherImp: updateNotificationListOnKg size:0
04-11 13:17:15.442  8338  8338 W SystemUi--Notification: OplusNotificationGroupExtImpl-->setChildrenExpanded: groupHeader is null
04-11 13:17:15.443  8338  8338 I SystemUi--Notification: LockScreenNotificationDispatcherImp-->updateNotificationListOnKg resultCode: 0
04-11 13:17:15.470  8338  8706 D LocalImageResolver: Couldn't use ImageDecoder for drawable, falling back to non-resized load.
04-11 13:17:15.472  8338  8338 D OplusNotificationDateTimeView: setTime mSettingTimeMillis 1775884635366, mSettingLocalDateTime 2026-04-11T13:17:00.366
04-11 13:17:15.479  8338  8706 D LocalImageResolver: Couldn't use ImageDecoder for drawable, falling back to non-resized load.
04-11 13:17:15.481  8338  8338 D OplusNotificationDateTimeView: setTime mSettingTimeMillis 1775884635366, mSettingLocalDateTime 2026-04-11T13:17:00.366
04-11 13:17:15.484  8338  8706 D LocalImageResolver: Couldn't use ImageDecoder for drawable, falling back to non-resized load.
04-11 13:17:15.484  8338  8338 D OplusNotificationDateTimeView: setTime mSettingTimeMillis 1775884635366, mSettingLocalDateTime 2026-04-11T13:17:00.366
04-11 13:17:15.488  8338  8338 I SystemUi--Notification: OplusNotificationTempla-->resolveContentMargin: marginTop=112 isChildInGroup=false hasSubtitle=true params.topMargin=112
04-11 13:17:15.491  8338  8338 W SystemUi--Notification: OplusNotificationGroupExtImpl-->setChildrenExpanded: groupHeader is null
04-11 13:17:15.493  8338  8338 E LockScreenNotificationDispatcherImp: updateNotificationListOnKg size:0
04-11 13:17:15.497  8338  8338 W SystemUi--Notification: OplusNotificationGroupExtImpl-->setChildrenExpanded: groupHeader is null
04-11 13:17:15.498  8338  8338 I SystemUi--Notification: LockScreenNotificationDispatcherImp-->updateNotificationListOnKg resultCode: 0
04-11 13:17:15.542  8406 10775 D OplusCellularNetworkConfig: getDnsQueryPriority value=http://public1.alidns.com
04-11 13:17:15.542 14034 15313 D NetworkService[0]: getActiveNetworks networkList size:1
04-11 13:17:15.542 14034 15313 D SubsysThreadPool: execute task
04-11 13:17:15.543 14034 14759 D libc-netbsd: [oplusDnsOpenProxy]: __netdClientDispatch.connect errno = 111
04-11 13:17:15.543 14034 14759 D DNS_CACHE: oplus_oplus_getaddrinfo_proxy open dns proxy failed, use android flow: 1000
04-11 13:17:15.563  2113 17862 I sensors-hal: handle_oplus_wise_rgb_event:161, wise_rgb: (18041)(cct, lux, ir)[5486.67, 132.92, 57.193424] (r, g, b, c)[6406.30, 4174.87, 2607.01, 11856.17]                 (pwm, hbm, brl, algo)[0.0 0.0 1309.0 2.0], flag 38257
04-11 13:17:15.563  2113 20704 I sensors-hal: handle_oplus_wise_rgb_event:189, high_pwm_light:lux 132.9,cct 5486.7,brl/algo/ir 1309.0/2.0/57.2,pwm/dc 0.0/0.0,rgbc 6408.791016/4207.864746/2626.875977/11884.142578,ts 931850705473248,cnt 18040,flag 38257
04-11 13:17:15.563  3590  7333 D FusionLightNextGen: process end reported = 1, mode: 0, cnt: 408015, lux 81.6, cct 5916.7, r/g/b/c: 6381.4/4210.1/2611.4/11891.1, R/G/B: 152.0/144.0/127.0, bri 1309.0, match 1.00, ir 0.073352, conf 5.0, ts 931850749757258
04-11 13:17:15.603  9020  9214 I ChainTrace: stream type=syncEvent gapMs=958 refreshMarket=true
04-11 13:17:15.634  2258  2258 D SensorFeature: name=ssc_screenshot_info ,index = 22
04-11 13:17:15.635  2258  2258 D SensorFeature: write 39 bytes:931850708375309,931851047744163,38258,0
04-11 13:17:15.709  2181  2506 I SDM     : DisplayBuiltIn::IdlePowerCollapse: IPC received, disabling partial update for one frame
04-11 13:17:15.733  2181  2506 I SDM     : DisplayBuiltIn::IdlePowerCollapse: IPC received, disabling partial update for one frame
04-11 13:17:15.760  3438  4039 D QmiClient: qmiServiceEventCallback recv msg id 47
04-11 13:17:15.760  3438  4039 D QmiClient: enter -mServiceType 10 onQmiServiceEventCallback msgId 47
04-11 13:17:15.760  3438  4039 D QmiClient: onQmiServiceEventCallback - enter. msgId=47
04-11 13:17:15.761  3438  3488 D OttProxy: handleMessage msg is 3001
04-11 13:17:15.762 14034 14115 D SubsysRadioIndication[1]: radioLinkLatencyInfoInd
04-11 13:17:15.762 14034 14115 D SubsysRadioIndication[1]: notify enter
04-11 13:17:15.762 14034 14034 D NetworkService[1]: handleMessage what:1008
04-11 13:17:15.762 14034 14034 D NetworkService[1]: EVENT_REG_LINK_LATENCY_INFO_CHANGE ulLatency:5936
04-11 13:17:15.790  3438  3988 D QmiClient: qmiServiceEventCallback recv msg id 1099
04-11 13:17:15.790  3438  3988 D QmiClient: enter -mServiceType 4 onQmiServiceEventCallback msgId 1099
04-11 13:17:15.790  3438  3988 D QmiClient: onQmiServiceEventCallback - enter. msgId=1099
04-11 13:17:15.790  3438  3988 D QmiVsClientEvent: QosPeriodReportInd MSG IND data_len 2052
04-11 13:17:15.790  3438  3988 D QmiVsClientEvent: qmiVsClientNotifyQosPeriodReportIndEvent - RADIO_EVENT_QOS_PERIOD_REPORT_NOTIFY_IND
04-11 13:17:15.790  2727  3986 D QmiClient: qmiServiceEventCallback recv msg id 1099
04-11 13:17:15.790  2727  3986 D QmiClient: enter -mServiceType 4 onQmiServiceEventCallback msgId 1099
04-11 13:17:15.790  2727  3986 D QmiClient: onQmiServiceEventCallback - enter. msgId=1099
04-11 13:17:15.790  2727  3986 D QmiVsClientEvent: QosPeriodReportInd MSG IND data_len 2052
04-11 13:17:15.790  2727  3986 D QmiVsClientEvent: qmiVsClientNotifyQosPeriodReportIndEvent - RADIO_EVENT_QOS_PERIOD_REPORT_NOTIFY_IND
04-11 13:17:15.790  3438  3485 D VsProxy : handleMessage msg is 2420
04-11 13:17:15.790  2727  2826 D VsProxy : handleMessage msg is 2420
04-11 13:17:15.790  3438  3485 D VsProxy : handleQosPeriodReportInd for instance 1 data_len 201
04-11 13:17:15.790  2727  2826 D VsProxy : handleQosPeriodReportInd for instance 0 data_len 145
04-11 13:17:15.790 14034 14115 D SubsysRadioIndication[0]: radioQosPeriodReportInd result [8, -61, -105, -125, -48, 14, 34, 12, 8, -22, -83, -127, -48, 14, 16, 4, 24, 1, 32, 3, 58, 61, 8, -116, -112, -125, -48, 14, 16, 5, 24, -64, -92, 38, 32, -22, 6, 40, -94, -1, -1, -1, -1, -1, -1, -1, -1, 1, 48, -10, -1, -1, -1, -1, -1, -1, -1, -1, 1, 56, 16, 64, -94, -1, -1, -1, -1, -1, -1, -1, -1, 1, 72, -96, -1, -1, -1, -1, -1, -1, -1, -1, 1, 66, 29, 8, -58, -2, -37, -49, 14, 16, 5, 34, 19, 8, -64, -92, 38, 16, -22, 6, 24, 78, 32, 13, 40, -117, -32, -94, -93, 2, 48, 2, 90, 0, 98, 10, 8, -95, -8, -37, -49, 14, 16, 3, 24, 5, 122, 15, 8, -109, -8, -37, -49, 14, 16, -18, 2, 24, -21, 1, 32, -60, 9]
04-11 13:17:15.791 14034 14747 D SubsysRadioIndication[1]: radioQosPeriodReportInd result [8, -61, -105, -125, -48, 14, 18, 12, 8, -4, -107, -125, -48, 14, 16, 1, 32, 53, 40, 1, 26, 13, 8, -80, -105, -125, -48, 14, 16, 1, 40, 2, 56, -91, 2, 34, 12, 8, -22, -83, -127, -48, 14, 16, 4, 24, 1, 32, 3, 58, 81, 8, -101, -105, -125, -48, 14, 16, 5, 24, -98, -23, 30, 32, -54, 1, 40, -91, -1, -1, -1, -1, -1, -1, -1, -1, 1, 48, -12, -1, -1, -1, -1, -1, -1, -1, -1, 1, 64, -94, -1, -1, -1, -1, -1, -1, -1, -1, 1, 72, -89, -1, -1, -1, -1, -1, -1, -1, -1, 1, 80, -94, -1, -1, -1, -1, -1, -1, -1, -1, 1, 88, -97, -1, -1, -1, -1, -1, -1, -1, -1, 1, 66, 31, 8, -103, -82, -127, -48, 14, 16, 5, 24, 2, 34, 19, 8, -98, -23, 30, 16, -54, 1, 24, 41, 32, 13, 40, -126, -128, -52, -67, 21, 48, 2, 90, 0, 98, 10, 8, -49, -115, -127, -48, 14, 16, 3, 24, 5, 122, 20, 8, -101, -105, -125, -48, 14, 16, -1, -1, 1, 24, -1, -1, 1, 32, -1, -1, -1, -1, 15]
04-11 13:17:15.791 14034 14034 D NetworkService[0]: handleMessage what:1005
04-11 13:17:15.791 14034 14034 D RadioAtomTracker: parseQosPeriodData ModemQos:CellularQosInfo2{5G, 627264/874, EndcState=0, Band=78, DLBW=13, Rsrp=-94, Rsrq=-10, Snr=16, SvcStatus=3, ULPDCPNumDataPdu=-1, ULPDCPNumDropPdu=-1, ULPDCPTput=-1, ULRLCNumDataPdu=-1, ULRLCNumRetxPdu=-1, ULGrant=-1, ULBSR=-1, ULBler=-1, DLPDCPNumDataPdu=-1, DLPDCPTput=-1, DLRLCNumDataPdu=-1, DLRLCNumRetxPdu=-1, DLRLCNumDropPdu=-1, DLMACPaddingBytes=-1, DLPdcpNumMissToUppPdu=-1, DLBler=-1, RlfCount=0, CellChangeCount=0, IsRedirectionOccur=0, IsDualSimConflict=0, Latency=0, Sub1RrcState=1, Sub2RrcState=3, RachCount=0, CalcPower=366, Mtpl=235, PathLoss=1220, CellLoad=0}
04-11 13:17:15.791 14034 14034 D NetworkService[0]: EVENT_REG_QOS_PERIOD_REPORT_IND_CHANGED ENTER
04-11 13:17:15.791 14034 14034 D NetworkService[1]: handleMessage what:1005
