04-11 12:38:51.784 14034 14034 D SceneService: notifyAppSceneChanged original mode:{live:0,video:0,voice call:0,video call:0,live host:0,game:0,meeting:0,news:0,file transfer:0},appInfoUnit:[{pkgName:com.binance.monitor,activityName:,winMode:1,event:COMMON,type:0,subEvent:0,pid:579,uid:10512}]
04-11 12:38:51.784 14034 15297 D CellMap/QoeMapService: handleAppSceneChange update: 0
04-11 12:38:51.784 14034 14034 D ExtremeCommService: handleMessage what:1012
04-11 12:38:51.784 14034 14034 D ExtremeCommService: updateAppInfo appInfoUnit: com.binance.monitor, winMode:1
04-11 12:38:51.784 14034 14034 D FrontAppsEvent: receive msg:1001
04-11 12:38:51.785 14034 14034 D FrontAppsEvent: onAppSceneUpdate, infoList:[{pkgName:com.binance.monitor,activityName:,winMode:1,event:COMMON,type:0,subEvent:0,pid:579,uid:10512}]
04-11 12:38:51.785 14034 15313 D Subsys-ScoreAppManager: createApp
04-11 12:38:51.785 14034 15313 D Subsys-ScoreAppManager: unit: {pkgName:com.binance.monitor,activityName:,winMode:1,event:COMMON,type:0,subEvent:0,pid:579,uid:10512}
04-11 12:38:51.785 14034 15313 D CommonApp-255-10512: DefaultState EVENT_SCENARIOS_CHANGE
04-11 12:38:51.785 14034 15313 D CommonApp-255-10512: scene=COMMON pn=com.binance.monitor
04-11 12:38:51.785 14034 15313 D CommonApp-264-10512: DefaultState EVENT_SCENARIOS_CHANGE
04-11 12:38:51.785 14034 15313 D CommonApp-264-10512: scene=COMMON pn=com.binance.monitor
04-11 12:38:51.785  3590  3795 D AppSenseClient: handleMessage: 100
04-11 12:38:51.785  3590  3795 D AppSenseClient: handleSenseEvent appInfoUnits: {pkgName:com.binance.monitor,activityName:com.binance.monitor.ui.settings.SettingsActivity,winMode:1,event:COMMON,type:0,subEvent:0,pid:579,uid:10512},
04-11 12:38:51.785  3590  3795 D AppSenseClient: handleSenseEvent clients: 1
04-11 12:38:51.785  3590  3795 D AppSenseClient: handleSenseEvent clientId: 224279445
04-11 12:38:51.786  3590  3795 D AppSenseClient: notifyAppChanges: [{pkgName:com.binance.monitor,activityName:com.binance.monitor.ui.settings.SettingsActivity,winMode:1,event:COMMON,type:0,subEvent:0,pid:579,uid:10512}]
04-11 12:38:51.786  8498  8498 D AppSenseClient: handleMessage: 100
04-11 12:38:51.786  8406  8866 D AppSenseClient: handleMessage: 100
04-11 12:38:51.786  8406  8866 D AppSenseClient: handleSenseEvent appInfoUnits: {pkgName:com.binance.monitor,activityName:com.binance.monitor.ui.settings.SettingsActivity,winMode:1,event:COMMON,type:0,subEvent:0,pid:579,uid:10512},
04-11 12:38:51.786  8498  8498 D AppSenseClient: handleSenseEvent appInfoUnits: {pkgName:com.binance.monitor,activityName:com.binance.monitor.ui.settings.SettingsActivity,winMode:1,event:COMMON,type:0,subEvent:0,pid:579,uid:10512},
04-11 12:38:51.786  8406  8866 D AppSenseClient: handleSenseEvent clients: 1
04-11 12:38:51.786  8406  8866 D AppSenseClient: handleSenseEvent clientId: 101737326
04-11 12:38:51.786  8498  8498 D AppSenseClient: handleSenseEvent clients: 1
04-11 12:38:51.786  8498  8498 D AppSenseClient: handleSenseEvent clientId: 74017188
04-11 12:38:51.786  8406  8866 D AppSenseClient: notifyAppChanges: [{pkgName:com.binance.monitor,activityName:com.binance.monitor.ui.settings.SettingsActivity,winMode:1,event:COMMON,type:0,subEvent:0,pid:579,uid:10512}]
04-11 12:38:51.786  8498  8498 D AppSenseClient: notifyAppChanges: [{pkgName:com.binance.monitor,activityName:com.binance.monitor.ui.settings.SettingsActivity,winMode:1,event:COMMON,type:0,subEvent:0,pid:579,uid:10512}]
04-11 12:38:51.786 14034 15457 D AppSenseService: notifySenseEvent: {pkgName:com.binance.monitor,activityName:com.binance.monitor.ui.settings.SettingsActivity,winMode:1,event:COMMON,type:0,subEvent:0,pid:579,uid:10512},
04-11 12:38:51.786  8498  8498 D NhsAppSenseListener: onAppChanged, app list size: 1
04-11 12:38:51.786 13839 14411 D AppSenseClient: handleMessage: 100
04-11 12:38:51.786 13839 14411 D AppSenseClient: handleSenseEvent appInfoUnits: {pkgName:com.binance.monitor,activityName:com.binance.monitor.ui.settings.SettingsActivity,winMode:1,event:COMMON,type:0,subEvent:0,pid:579,uid:10512},
04-11 12:38:51.786 13839 14411 D AppSenseClient: handleSenseEvent clients: 1
04-11 12:38:51.786 13839 14411 D AppSenseClient: handleSenseEvent clientId: 106466519
04-11 12:38:51.786 13839 14411 D AppSenseClient: notifyAppChanges: [{pkgName:com.binance.monitor,activityName:com.binance.monitor.ui.settings.SettingsActivity,winMode:1,event:COMMON,type:0,subEvent:0,pid:579,uid:10512}]
04-11 12:38:51.786 13839 14411 D NAS-DataSceneEvent: onAppChanged, app list size: 1
04-11 12:38:51.786 13839 14411 D NAS-DataSceneEvent: updateAppSenseChange [{pkgName:com.binance.monitor,activityName:com.binance.monitor.ui.settings.SettingsActivity,winMode:1,event:COMMON,type:0,subEvent:0,pid:579,uid:10512}]
04-11 12:38:51.786 13839 14674 D OplusLinkBoostSceneManager: handleAppSceneChange: live broadcast off
04-11 12:38:51.787 13839 14698 E OplusNetlinkConnect: parse rsp msg failed!Message missing required fields: header
04-11 12:38:51.788  3590  7344 V AlarmManager: sending alarm Alarm{7ec216b type 1 origWhen 1775882331787 whenElapsed 929547202 android} uid 1000 whenElapsed 929547202 windowLength 0 maxWhenElapsed 929547202 repeatInterval 0 action null component null tag StorgaeBandInfoAlarmTag flags 0x9 procName system_server
04-11 12:38:51.788  3590 10338 E OplusStorageUFSBandwidth: storage_io_metrics_path is /proc/oplus_storage/io_metrics/forever/
04-11 12:38:51.789  3590 10338 E OplusStorageUFSBandwidth: Bandwidth - Read: 3.50 MB/s, Write: 0.50 MB/s
04-11 12:38:51.789  3590 10338 E OplusStorageUFSBandwidth: Task time: 1ms
04-11 12:38:51.791  3590 10338 E OplusStorageUFSBandwidth: Alarm set to trigger in 10 seconds
04-11 12:38:51.808  2181 26958 E CwbService: Panel not support apl read or getDisplayPanelAplValue timeout 10ms.
04-11 12:38:51.809  2258  2258 D SensorFeature: name=ssc_screenshot_info ,index = 22
04-11 12:38:51.809  2258  2258 D SensorFeature: write 39 bytes:929547161012074,929547212276292,31121,0
04-11 12:38:51.816  2181  2506 I SDM     : DisplayBuiltIn::IdlePowerCollapse: IPC received, disabling partial update for one frame
04-11 12:38:51.925  2113 17888 I sensors-hal: handle_sns_std_sensor_event:114, oplus rgb_rear sample: (cct, lux, ir, x, y)[10311, 31, 337, 259, 319]
04-11 12:38:51.926  2113 17888 I sensors-hal: handle_sns_std_sensor_event:116, oplus rgb_rear sample: (r, g, b, c w)[1256, 2578, 637, 869, 0]
04-11 12:38:51.928  2113 20704 I sensors-hal: handle_oplus_wise_rgb_event:189, high_pwm_light:lux 388.8,cct 7400.5,brl/algo/ir 1419.0/2.0/40.3,pwm/dc 0.0/0.0,rgbc 16472.986328/11919.717773/7798.952148/33512.445312,ts 929547169521925,cnt 43430,flag 31121
04-11 12:38:51.928  2113 17862 I sensors-hal: handle_oplus_wise_rgb_event:161, wise_rgb: (43431)(cct, lux, ir)[7400.48, 388.78, 40.275322] (r, g, b, c)[16458.04, 11924.12, 7818.82, 33517.11]                 (pwm, hbm, brl, algo)[0.0 0.0 1419.0 2.0], flag 31121
04-11 12:38:51.977  3590  3836 D NotificationService--OplusNotificationFixHelper: fixAppIcon: pkg=com.binance.monitor
04-11 12:38:51.977  3590  3836 D NotificationService--OplusNotificationFixHelper: fixAppIcon: appIcon = null, pkg = com.binance.monitor
04-11 12:38:51.977  3590  3836 D NotificationService--NotificationRecord: isSupportRearLight , isRearLight = false mLedRM = false isMultilLed = false
04-11 12:38:51.977  3590  3836 I OplusStatusBarManagerServiceEnhance:  getTopIsFullscreen mTopIsFullscreen: false
04-11 12:38:51.978  3590  3590 D NotificationService--OplusNotificationManagerServiceExtImpl: isForwardToAssistants: true, case : Is local notification
04-11 12:38:51.978  3590  3590 D NotificationService: This application enqueue notifications is need postDelayed mcsAssistantDelayTime: 50
04-11 12:38:52.021  3438  4039 D QmiClient: qmiServiceEventCallback recv msg id 47
04-11 12:38:52.021  3438  4039 D QmiClient: enter -mServiceType 10 onQmiServiceEventCallback msgId 47
04-11 12:38:52.021  3438  4039 D QmiClient: onQmiServiceEventCallback - enter. msgId=47
04-11 12:38:52.021  3438  3488 D OttProxy: handleMessage msg is 3001
04-11 12:38:52.021 14034   947 D SubsysRadioIndication[1]: radioLinkLatencyInfoInd
04-11 12:38:52.022 14034   947 D SubsysRadioIndication[1]: notify enter
04-11 12:38:52.022 14034 14034 D NetworkService[1]: handleMessage what:1008
04-11 12:38:52.022 14034 14034 D NetworkService[1]: EVENT_REG_LINK_LATENCY_INFO_CHANGE ulLatency:9884
04-11 12:38:52.035   579   827 I ChainTrace: stream type=heartbeat gapMs=1034 refreshMarket=false
04-11 12:38:52.038  3590  3830 W QosSceneRecognizer[NotificationScene]: get pid failed while enterNotificationScene, processInfos is null! uid: -1
04-11 12:38:52.039  8338  8338 I SystemUi--Notification: OplusLiveAlertNotificationsRepository-->onRankingApplied
04-11 12:38:52.053  8338  8338 E LockScreenNotificationDispatcherImp: updateNotificationListOnKg size:0
04-11 12:38:52.057  8338  8338 I SystemUi--Notification: LockScreenNotificationDispatcherImp-->updateNotificationListOnKg resultCode: 0
04-11 12:38:52.058  8338  8338 W SystemUi--Common: SubsetBitmapDrawable-->[isValid] innerBitmap?.isRecycled=null
04-11 12:38:52.063  3590  7167 D osense.compress: com.mobilecodex.nativeapp do shrink, target ratio = 16, final ratio = 20, cur ratio = 11
04-11 12:38:52.078  8338  8706 D LocalImageResolver: Couldn't use ImageDecoder for drawable, falling back to non-resized load.
04-11 12:38:52.080  8338  8338 D OplusNotificationDateTimeView: setTime mSettingTimeMillis 1775882323011, mSettingLocalDateTime 2026-04-11T12:38:00.011
04-11 12:38:52.084  8338  8706 D LocalImageResolver: Couldn't use ImageDecoder for drawable, falling back to non-resized load.
04-11 12:38:52.085  8338  8338 D OplusNotificationDateTimeView: setTime mSettingTimeMillis 1775882323011, mSettingLocalDateTime 2026-04-11T12:38:00.011
04-11 12:38:52.087  8338  8706 D LocalImageResolver: Couldn't use ImageDecoder for drawable, falling back to non-resized load.
04-11 12:38:52.088  8338  8338 D OplusNotificationDateTimeView: setTime mSettingTimeMillis 1775882323011, mSettingLocalDateTime 2026-04-11T12:38:00.011
04-11 12:38:52.091  8338  8338 I SystemUi--Notification: OplusNotificationTempla-->resolveContentMargin: marginTop=112 isChildInGroup=false hasSubtitle=true params.topMargin=112
04-11 12:38:52.091  8338  8338 W SystemUi--Notification: OplusNotificationGroupExtImpl-->setChildrenExpanded: groupHeader is null
04-11 12:38:52.096  3438  3988 D QmiClient: qmiServiceEventCallback recv msg id 1099
04-11 12:38:52.096  3438  3988 D QmiClient: enter -mServiceType 4 onQmiServiceEventCallback msgId 1099
04-11 12:38:52.096  3438  3988 D QmiClient: onQmiServiceEventCallback - enter. msgId=1099
04-11 12:38:52.096  3438  3988 D QmiVsClientEvent: QosPeriodReportInd MSG IND data_len 2052
04-11 12:38:52.096  3438  3988 D QmiVsClientEvent: qmiVsClientNotifyQosPeriodReportIndEvent - RADIO_EVENT_QOS_PERIOD_REPORT_NOTIFY_IND
04-11 12:38:52.096  2727  3986 D QmiClient: qmiServiceEventCallback recv msg id 1099
04-11 12:38:52.096  2727  3986 D QmiClient: enter -mServiceType 4 onQmiServiceEventCallback msgId 1099
04-11 12:38:52.096  2727  3986 D QmiClient: onQmiServiceEventCallback - enter. msgId=1099
04-11 12:38:52.096  2727  3986 D QmiVsClientEvent: QosPeriodReportInd MSG IND data_len 2052
04-11 12:38:52.096  2727  3986 D QmiVsClientEvent: qmiVsClientNotifyQosPeriodReportIndEvent - RADIO_EVENT_QOS_PERIOD_REPORT_NOTIFY_IND
04-11 12:38:52.096  3438  3485 D VsProxy : handleMessage msg is 2420
04-11 12:38:52.096  3438  3485 D VsProxy : handleQosPeriodReportInd for instance 1 data_len 212
04-11 12:38:52.096  2727  2826 D VsProxy : handleMessage msg is 2420
04-11 12:38:52.096  2727  2826 D VsProxy : handleQosPeriodReportInd for instance 0 data_len 145
04-11 12:38:52.096 14034   947 D SubsysRadioIndication[1]: radioQosPeriodReportInd result [8, -10, -55, -10, -50, 14, 18, 21, 8, -90, -55, -10, -50, 14, 16, 14, 32, -100, 35, 40, 14, 56, -78, 3, 64, -41, 1, 72, 1, 26, 13, 8, -30, -57, -10, -50, 14, 16, 19, 40, 20, 56, -36, 118, 34, 12, 8, -84, -69, -57, -50, 14, 16, 4, 24, 1, 32, 3, 58, 83, 8, -91, -55, -10, -50, 14, 16, 5, 24, -98, -23, 30, 32, -54, 1, 40, -91, -1, -1, -1, -1, -1, -1, -1, -1, 1, 48, -12, -1, -1, -1, -1, -1, -1, -1, -1, 1, 56, 3, 64, -91, -1, -1, -1, -1, -1, -1, -1, -1, 1, 72, -92, -1, -1, -1, -1, -1, -1, -1, -1, 1, 80, -92, -1, -1, -1, -1, -1, -1, -1, -1, 1, 88, -94, -1, -1, -1, -1, -1, -1, -1, -1, 1, 66, 31, 8, -120, -25, -29, -50, 14, 16, 5, 24, 2, 34, 19, 8, -98, -23, 30, 16, -54, 1, 24, 41, 32, 13, 40, -126, -128, -52, -67, 21, 48, 2, 90, 0, 98, 10, 8, -85, -54, -73, -50, 14, 16, 3, 24, 5, 122, 20, 8, -76, -58, -10, -50, 14, 16, -1, -1, 1, 24, -1, -1, 1, 32, -1, -1, -1, -1, 15]
04-11 12:38:52.096 14034 14747 D SubsysRadioIndication[0]: radioQosPeriodReportInd result [8, -10, -55, -10, -50, 14, 34, 12, 8, -84, -69, -57, -50, 14, 16, 4, 24, 1, 32, 3, 58, 61, 8, -10, -75, -10, -50, 14, 16, 5, 24, -64, -92, 38, 32, -22, 6, 40, -96, -1, -1, -1, -1, -1, -1, -1, -1, 1, 48, -12, -1, -1, -1, -1, -1, -1, -1, -1, 1, 56, 1, 64, -103, -1, -1, -1, -1, -1, -1, -1, -1, 1, 72, -96, -1, -1, -1, -1, -1, -1, -1, -1, 1, 66, 29, 8, -57, -20, -92, -50, 14, 16, 5, 34, 19, 8, -64, -92, 38, 16, -22, 6, 24, 78, 32, 13, 40, -117, -32, -94, -93, 2, 48, 2, 90, 0, 98, 10, 8, -41, -26, -92, -50, 14, 16, 3, 24, 5, 122, 15, 8, -8, -24, -92, -50, 14, 16, -52, 2, 24, -21, 1, 32, -90, 9]
04-11 12:38:52.097 14034 14034 D NetworkService[1]: handleMessage what:1005
04-11 12:38:52.097 14034 14034 D RadioAtomTracker: parseQosPeriodData ModemQos:CellularQosInfo1{5G, 504990/202, EndcState=2, Band=41, DLBW=13, Rsrp=-91, Rsrq=-12, Snr=3, SvcStatus=3, ULPDCPNumDataPdu=14, ULPDCPNumDropPdu=0, ULPDCPTput=4508, ULRLCNumDataPdu=14, ULRLCNumRetxPdu=0, ULGrant=434, ULBSR=215, ULBler=1, DLPDCPNumDataPdu=20, DLPDCPTput=15196, DLRLCNumDataPdu=19, DLRLCNumRetxPdu=0, DLRLCNumDropPdu=0, DLMACPaddingBytes=0, DLPdcpNumMissToUppPdu=0, DLBler=0, RlfCount=0, CellChangeCount=0, IsRedirectionOccur=0, IsDualSimConflict=0, Latency=9, Sub1RrcState=1, Sub2RrcState=3, RachCount=0, CalcPower=32767, Mtpl=32767, PathLoss=-1, CellLoad=0}
04-11 12:38:52.097 14034 14034 D NetworkService[1]: EVENT_REG_QOS_PERIOD_REPORT_IND_CHANGED ENTER
04-11 12:38:52.097 14034 14034 D NetworkService[0]: handleMessage what:1005
04-11 12:38:52.097 14034 14034 D RadioAtomTracker: parseQosPeriodData ModemQos:CellularQosInfo2{5G, 627264/874, EndcState=0, Band=78, DLBW=13, Rsrp=-96, Rsrq=-12, Snr=1, SvcStatus=3, ULPDCPNumDataPdu=-1, ULPDCPNumDropPdu=-1, ULPDCPTput=-1, ULRLCNumDataPdu=-1, ULRLCNumRetxPdu=-1, ULGrant=-1, ULBSR=-1, ULBler=-1, DLPDCPNumDataPdu=-1, DLPDCPTput=-1, DLRLCNumDataPdu=-1, DLRLCNumRetxPdu=-1, DLRLCNumDropPdu=-1, DLMACPaddingBytes=-1, DLPdcpNumMissToUppPdu=-1, DLBler=-1, RlfCount=0, CellChangeCount=0, IsRedirectionOccur=0, IsDualSimConflict=0, Latency=0, Sub1RrcState=1, Sub2RrcState=3, RachCount=0, CalcPower=332, Mtpl=235, PathLoss=1190, CellLoad=0}
04-11 12:38:52.097 14034 14034 D NetworkService[0]: EVENT_REG_QOS_PERIOD_REPORT_IND_CHANGED ENTER
04-11 12:38:52.097 14034 14034 D AtomModemKpiInfo: handleMessage what:1001
04-11 12:38:52.097 14034 14034 D AtomModemKpiInfo: analyseQosInfo success
04-11 12:38:52.102  8338  8338 I PluginSeedling--Track: RequestHandler-->notificationAdded 0|com.binance.monitor|9001|null|10512 postTime: 1775882331977
04-11 12:38:52.102  8338  8338 E LockScreenNotificationDispatcherImp: updateNotificationListOnKg size:0
04-11 12:38:52.106  8338  8338 I SystemUi--Notification: NotificationStackScrollLayoutExtImpl-->bind scrollGridCount 3 o.visibleChildrenCount 4 o.childCount 8
04-11 12:38:52.106  8338  8338 I SystemUi--Notification: SeparatePanelAnimation-->updateVisibleChildCount change, currentChildCount: 4 totalCount 5
04-11 12:38:52.106  8338  8338 W SystemUi--Notification: OplusNotificationGroupExtImpl-->setChildrenExpanded: groupHeader is null
04-11 12:38:52.107  8338  8338 I SystemUi--Notification: LockScreenNotificationDispatcherImp-->updateNotificationListOnKg resultCode: 0
04-11 12:38:52.110  2258  2258 D SensorFeature: name=ssc_screenshot_info ,index = 22
04-11 12:38:52.110  2258  2258 D SensorFeature: write 39 bytes:929547161012074,929547523583011,31122,0
04-11 12:38:52.187  2399  3162 D VRR [OTI]: handleIdle from 0 to 1
04-11 12:38:52.187  2399  3162 D VRR [OTI-HW]: isStateReady 0
04-11 12:38:52.187  2399  3162 D VRR [OTI-HW]: keep rate.
04-11 12:38:52.188  2280  2331 D BatteryChargeControl: bcc get no support from charging protocol
04-11 12:38:52.197  2113 17862 I sensors-hal: handle_oplus_wise_rgb_event:161, wise_rgb: (43436)(cct, lux, ir)[7352.09, 387.68, 40.493233] (r, g, b, c)[16378.30, 11869.13, 7754.80, 33307.30]                 (pwm, hbm, brl, algo)[0.0 0.0 1419.0 2.0], flag 31122
04-11 12:38:52.230  3590  8835 D NotificationService--OplusNotificationFixHelper: fixAppIcon: pkg=com.v2ray.ang
04-11 12:38:52.230  3590  8835 D NotificationService--OplusNotificationFixHelper: fixAppIcon: appIcon = null, pkg = com.v2ray.ang
04-11 12:38:52.231  3590  8835 D NotificationService--NotificationRecord: isSupportRearLight , isRearLight = false mLedRM = false isMultilLed = false
04-11 12:38:52.232  3590  8835 I OplusStatusBarManagerServiceEnhance:  getTopIsFullscreen mTopIsFullscreen: false
04-11 12:38:52.232  3590  8835 W ActivityManager: Permission Denial: getTopApplicationInfo from pid=18198, uid=10397 requires oplus.permission.OPLUS_COMPONENT_SAFE
04-11 12:38:52.232  3590  8835 E OplusNotificationCenter: getForegroundApplication exception
04-11 12:38:52.232  3590  3590 D NotificationService--OplusNotificationManagerServiceExtImpl: isForwardToAssistants: true, case : Is local notification
04-11 12:38:52.232  3590  3590 D NotificationService: This application enqueue notifications is need postDelayed mcsAssistantDelayTime: 50
04-11 12:38:52.238 14034 15313 D CommonApp-264-10512: transport layer data is invalid
04-11 12:38:52.239 14034 15313 D CommonApp-255-10512: commonScoreStrategy scenarios 5 mdnsScore=0
04-11 12:38:52.239 14034 15313 D CommonApp-255-10512: notifyScoreChange appScene COMMON score 100
04-11 12:38:52.239 14034 15313 D ScorePolicy: handleScoreChanged: []
04-11 12:38:52.239 14034 15313 D ScorePolicy: handleScoreChanged: []
04-11 12:38:52.240 14034 15313 D ScorePolicy: handleScoreChanged: []
04-11 12:38:52.288 13839 14674 D UlPriorityPolicyForeground: match: config has not com.binance.monitor
04-11 12:38:52.291  8338  8338 I SystemUi--Notification: OplusLiveAlertNotificationsRepository-->onRankingApplied
04-11 12:38:52.303  8338  8338 I PluginSeedling--Track: RequestHandler-->notificationUpdated 0|com.v2ray.ang|1|null|10397 postTime: 1775882332230
04-11 12:38:52.303  8338  8338 E LockScreenNotificationDispatcherImp: updateNotificationListOnKg size:0
04-11 12:38:52.307  8338  8338 W SystemUi--Notification: OplusNotificationGroupExtImpl-->setChildrenExpanded: groupHeader is null
04-11 12:38:52.308  8338  8338 I SystemUi--Notification: LockScreenNotificationDispatcherImp-->updateNotificationListOnKg resultCode: 0
04-11 12:38:52.335  8338  8706 D LocalImageResolver: Couldn't use ImageDecoder for drawable, falling back to non-resized load.
04-11 12:38:52.337  8338  8338 D OplusNotificationDateTimeView: setTime mSettingTimeMillis 1775882332226, mSettingLocalDateTime 2026-04-11T12:38:00.226
04-11 12:38:52.346  8338  8706 D LocalImageResolver: Couldn't use ImageDecoder for drawable, falling back to non-resized load.
04-11 12:38:52.348  8338  8338 D OplusNotificationDateTimeView: setTime mSettingTimeMillis 1775882332226, mSettingLocalDateTime 2026-04-11T12:38:00.226
04-11 12:38:52.353  8338  8706 D LocalImageResolver: Couldn't use ImageDecoder for drawable, falling back to non-resized load.
04-11 12:38:52.354  8338  8338 D OplusNotificationDateTimeView: setTime mSettingTimeMillis 1775882332226, mSettingLocalDateTime 2026-04-11T12:38:00.226
04-11 12:38:52.360  8338  8338 I SystemUi--Notification: OplusNotificationTempla-->resolveContentMargin: marginTop=112 isChildInGroup=false hasSubtitle=true params.topMargin=112
04-11 12:38:52.363  8338  8338 W SystemUi--Notification: OplusNotificationGroupExtImpl-->setChildrenExpanded: groupHeader is null
04-11 12:38:52.364  8338  8338 E LockScreenNotificationDispatcherImp: updateNotificationListOnKg size:0
04-11 12:38:52.368  8338  8338 W SystemUi--Notification: OplusNotificationGroupExtImpl-->setChildrenExpanded: groupHeader is null
04-11 12:38:52.369  8338  8338 I SystemUi--Notification: LockScreenNotificationDispatcherImp-->updateNotificationListOnKg resultCode: 0
04-11 12:38:52.411  2258  2258 D SensorFeature: name=ssc_screenshot_info ,index = 22
04-11 12:38:52.411  2258  2258 D SensorFeature: write 39 bytes:929547161012074,929547824794886,31123,0
04-11 12:38:52.461  2113 20704 I sensors-hal: handle_oplus_wise_rgb_event:189, high_pwm_light:lux 383.7,cct 7336.8,brl/algo/ir 1419.0/2.0/40.7,pwm/dc 0.0/0.0,rgbc 16228.793945/11770.143555/7699.616211/33081.183594,ts 929547779799529,cnt 43440,flag 31123
04-11 12:38:52.462  3590  7333 D FusionLightNextGen: process end reported = 1, mode: 0, cnt: 399440, lux 318.8, cct 7711.8, r/g/b/c: 16258.7/11796.5/7715.1/33088.2, R/G/B: 154.0/149.0/137.0, bri 1419.0, match 1.00, ir 0.044477, conf 5.0, ts 929547813012550
04-11 12:38:52.462  2113 17862 I sensors-hal: handle_oplus_wise_rgb_event:161, wise_rgb: (43441)(cct, lux, ir)[7336.82, 383.70, 40.734913] (r, g, b, c)[16248.73, 11770.14, 7670.92, 33057.87]                 (pwm, hbm, brl, algo)[0.0 0.0 1419.0 2.0], flag 31123
04-11 12:38:52.462   579   619 D OplusScrollToTopManager: com.binance.monitor/com.binance.monitor.ui.account.AccountStatsBridgeActivity,This com.android.internal.policy.DecorView{93ac13 I.E...... R.....ID 0,0-1264,2780 aid=1 alpha=1.0 viewInfo = }[AccountStatsBridgeActivity] change focus to false
04-11 12:38:52.484   579   619 D OplusScrollToTopManager: com.binance.monitor/com.binance.monitor.ui.settings.SettingsActivity,This com.android.internal.policy.DecorView{4f736aa V.E...... R....... 0,0-1264,2780 aid=2 alpha=1.0 viewInfo = }[SettingsActivity] change focus to true
04-11 12:38:52.712  4482  4659 W ServiceManagerCppClient: Waited one second for SystemClearService (is service started? Number of threads started in the threadpool: 16. Are binder threads started and available?)
04-11 12:38:52.713  4482  4680 W ServiceManagerCppClient: Waited one second for SystemClearService (is service started? Number of threads started in the threadpool: 16. Are binder threads started and available?)
04-11 12:38:52.714  2258  2258 D SensorFeature: name=ssc_screenshot_info ,index = 22
04-11 12:38:52.714  2258  2258 D SensorFeature: write 39 bytes:929547161012074,929548126629000,31124,0
04-11 12:38:52.715  1254  1107 W libc    : Unable to set property "ctl.interface_start" to "aidl/SystemClearService": PROP_ERROR_HANDLE_CONTROL_MESSAGE (0x20)
04-11 12:38:52.715  1254  1108 W libc    : Unable to set property "ctl.interface_start" to "aidl/SystemClearService": PROP_ERROR_HANDLE_CONTROL_MESSAGE (0x20)
04-11 12:38:52.729  2113 17862 I sensors-hal: handle_oplus_wise_rgb_event:161, wise_rgb: (43446)(cct, lux, ir)[7390.09, 383.66, 39.957859] (r, g, b, c)[16325.97, 11811.94, 7717.28, 33174.43]                 (pwm, hbm, brl, algo)[0.0 0.0 1419.0 2.0], flag 31124
04-11 12:38:52.927  3590  9788 I AICCTModule: SensorFilter: brightness threshold 1.4 screenNit is 104.459 ave enviroment lux is 319.68588 luxForNit 101.65114demarcationPoint200.0 result is false
04-11 12:38:52.927  3590  9788 I AICCTModule: SensorFilter: findSecondNearestValue, sensorValue: 7706.9272 nearestMaxValue:7709.4077 secondNearestValue: 7709.4077
04-11 12:38:52.927  3590  9788 I AICCTModule: SensorFilter: findSecondNearestValue, sensorValue: 323.3162 nearestMaxValue:322.88602 secondNearestValue: 322.88602
04-11 12:38:53.016  2258  2258 D SensorFeature: name=ssc_screenshot_info ,index = 22
04-11 12:38:53.016  2258  2258 D SensorFeature: write 39 bytes:929547161012074,929548429128011,31125,0
04-11 12:38:53.018  2113 20704 I sensors-hal: handle_oplus_wise_rgb_event:189, high_pwm_light:lux 385.2,cct 7351.0,brl/algo/ir 1419.0/2.0/40.7,pwm/dc 0.0/0.0,rgbc 16485.445312/11935.114258/7805.574707/33472.816406,ts 929548346632290,cnt 43450,flag 31125
04-11 12:38:53.019  2113 17862 I sensors-hal: handle_oplus_wise_rgb_event:161, wise_rgb: (43451)(cct, lux, ir)[7351.01, 385.25, 40.726070] (r, g, b, c)[16420.66, 11921.92, 7790.12, 33430.86]                 (pwm, hbm, brl, algo)[0.0 0.0 1419.0 2.0], flag 31125
04-11 12:38:53.038  3590  3830 W QosScheduler: executeSceneQosStrategy failed! qos feature no enable
04-11 12:38:53.047  3438  4039 D QmiClient: qmiServiceEventCallback recv msg id 47
04-11 12:38:53.047  3438  4039 D QmiClient: enter -mServiceType 10 onQmiServiceEventCallback msgId 47
04-11 12:38:53.047  3438  4039 D QmiClient: onQmiServiceEventCallback - enter. msgId=47
04-11 12:38:53.047  3438  3488 D OttProxy: handleMessage msg is 3001
04-11 12:38:53.048 14034 14747 D SubsysRadioIndication[1]: radioLinkLatencyInfoInd
04-11 12:38:53.048 14034 14747 D SubsysRadioIndication[1]: notify enter
04-11 12:38:53.048 14034 14034 D NetworkService[1]: handleMessage what:1008
04-11 12:38:53.048 14034 14034 D NetworkService[1]: EVENT_REG_LINK_LATENCY_INFO_CHANGE ulLatency:9884
04-11 12:38:53.079 17904 17935 I APS_ALOG: flushRoutine g_immediateFlush=0 g_pendingCount=0 g_oobCount=0
04-11 12:38:53.111  2727  3986 D QmiClient: qmiServiceEventCallback recv msg id 1099
04-11 12:38:53.111  2727  3986 D QmiClient: enter -mServiceType 4 onQmiServiceEventCallback msgId 1099
04-11 12:38:53.111  2727  3986 D QmiClient: onQmiServiceEventCallback - enter. msgId=1099
04-11 12:38:53.111  2727  3986 D QmiVsClientEvent: QosPeriodReportInd MSG IND data_len 2052
04-11 12:38:53.111  2727  3986 D QmiVsClientEvent: qmiVsClientNotifyQosPeriodReportIndEvent - RADIO_EVENT_QOS_PERIOD_REPORT_NOTIFY_IND
04-11 12:38:53.111  3438  3988 D QmiClient: qmiServiceEventCallback recv msg id 1099
04-11 12:38:53.111  3438  3988 D QmiClient: enter -mServiceType 4 onQmiServiceEventCallback msgId 1099
04-11 12:38:53.111  3438  3988 D QmiClient: onQmiServiceEventCallback - enter. msgId=1099
04-11 12:38:53.111  3438  3988 D QmiVsClientEvent: QosPeriodReportInd MSG IND data_len 2052
04-11 12:38:53.111  3438  3988 D QmiVsClientEvent: qmiVsClientNotifyQosPeriodReportIndEvent - RADIO_EVENT_QOS_PERIOD_REPORT_NOTIFY_IND
04-11 12:38:53.112  3438  3485 D VsProxy : handleMessage msg is 2420
04-11 12:38:53.112  3438  3485 D VsProxy : handleQosPeriodReportInd for instance 1 data_len 204
04-11 12:38:53.112  2727  2826 D VsProxy : handleMessage msg is 2420
04-11 12:38:53.112  2727  2826 D VsProxy : handleQosPeriodReportInd for instance 0 data_len 145
04-11 12:38:53.112 14034 14747 D SubsysRadioIndication[0]: radioQosPeriodReportInd result [8, -20, -47, -10, -50, 14, 34, 12, 8, -84, -69, -57, -50, 14, 16, 4, 24, 1, 32, 3, 58, 61, 8, -3, -54, -10, -50, 14, 16, 5, 24, -64, -92, 38, 32, -22, 6, 40, -96, -1, -1, -1, -1, -1, -1, -1, -1, 1, 48, -11, -1, -1, -1, -1, -1, -1, -1, -1, 1, 56, 2, 64, -100, -1, -1, -1, -1, -1, -1, -1, -1, 1, 72, -96, -1, -1, -1, -1, -1, -1, -1, -1, 1, 66, 29, 8, -57, -20, -92, -50, 14, 16, 5, 34, 19, 8, -64, -92, 38, 16, -22, 6, 24, 78, 32, 13, 40, -117, -32, -94, -93, 2, 48, 2, 90, 0, 98, 10, 8, -41, -26, -92, -50, 14, 16, 3, 24, 5, 122, 15, 8, -8, -24, -92, -50, 14, 16, -52, 2, 24, -21, 1, 32, -90, 9]
04-11 12:38:53.113 14034   947 D SubsysRadioIndication[1]: radioQosPeriodReportInd result [8, -20, -47, -10, -50, 14, 18, 14, 8, -84, -47, -10, -50, 14, 16, 1, 32, 53, 40, 1, 72, 1, 26, 12, 8, -84, -47, -10, -50, 14, 16, 1, 40, 1, 56, 92, 34, 12, 8, -84, -69, -57, -50, 14, 16, 4, 24, 1, 32, 3, 58, 83, 8, -84, -47, -10, -50, 14, 16, 5, 24, -98, -23, 30, 32, -54, 1, 40, -90, -1, -1, -1, -1, -1, -1, -1, -1, 1, 48, -11, -1, -1, -1, -1, -1, -1, -1, -1, 1, 56, 4, 64, -90, -1, -1, -1, -1, -1, -1, -1, -1, 1, 72, -90, -1, -1, -1, -1, -1, -1, -1, -1, 1, 80, -90, -1, -1, -1, -1, -1, -1, -1, -1, 1, 88, -94, -1, -1, -1, -1, -1, -1, -1, -1, 1, 66, 31, 8, -120, -25, -29, -50, 14, 16, 5, 24, 2, 34, 19, 8, -98, -23, 30, 16, -54, 1, 24, 41, 32, 13, 40, -126, -128, -52, -67, 21, 48, 2, 90, 0, 98, 10, 8, -85, -54, -73, -50, 14, 16, 3, 24, 5, 122, 20, 8, -9, -52, -10, -50, 14, 16, -1, -1, 1, 24, -1, -1, 1, 32, -1, -1, -1, -1, 15]
04-11 12:38:53.113 14034 14034 D NetworkService[0]: handleMessage what:1005
04-11 12:38:53.113 14034 14034 D RadioAtomTracker: parseQosPeriodData ModemQos:CellularQosInfo2{5G, 627264/874, EndcState=0, Band=78, DLBW=13, Rsrp=-96, Rsrq=-11, Snr=2, SvcStatus=3, ULPDCPNumDataPdu=-1, ULPDCPNumDropPdu=-1, ULPDCPTput=-1, ULRLCNumDataPdu=-1, ULRLCNumRetxPdu=-1, ULGrant=-1, ULBSR=-1, ULBler=-1, DLPDCPNumDataPdu=-1, DLPDCPTput=-1, DLRLCNumDataPdu=-1, DLRLCNumRetxPdu=-1, DLRLCNumDropPdu=-1, DLMACPaddingBytes=-1, DLPdcpNumMissToUppPdu=-1, DLBler=-1, RlfCount=0, CellChangeCount=0, IsRedirectionOccur=0, IsDualSimConflict=0, Latency=0, Sub1RrcState=1, Sub2RrcState=3, RachCount=0, CalcPower=332, Mtpl=235, PathLoss=1190, CellLoad=0}
04-11 12:38:53.113 14034 14034 D NetworkService[0]: EVENT_REG_QOS_PERIOD_REPORT_IND_CHANGED ENTER
04-11 12:38:53.113 14034 14034 D NetworkService[1]: handleMessage what:1005
04-11 12:38:53.113 14034 14034 D RadioAtomTracker: parseQosPeriodData ModemQos:CellularQosInfo1{5G, 504990/202, EndcState=2, Band=41, DLBW=13, Rsrp=-90, Rsrq=-11, Snr=4, SvcStatus=3, ULPDCPNumDataPdu=1, ULPDCPNumDropPdu=0, ULPDCPTput=53, ULRLCNumDataPdu=1, ULRLCNumRetxPdu=0, ULGrant=0, ULBSR=0, ULBler=1, DLPDCPNumDataPdu=1, DLPDCPTput=92, DLRLCNumDataPdu=1, DLRLCNumRetxPdu=0, DLRLCNumDropPdu=0, DLMACPaddingBytes=0, DLPdcpNumMissToUppPdu=0, DLBler=0, RlfCount=0, CellChangeCount=0, IsRedirectionOccur=0, IsDualSimConflict=0, Latency=9, Sub1RrcState=1, Sub2RrcState=3, RachCount=0, CalcPower=32767, Mtpl=32767, PathLoss=-1, CellLoad=0}
04-11 12:38:53.113 14034 14034 D NetworkService[1]: EVENT_REG_QOS_PERIOD_REPORT_IND_CHANGED ENTER
04-11 12:38:53.113 14034 14034 D AtomModemKpiInfo: handleMessage what:1001
04-11 12:38:53.113 14034 14034 D AtomModemKpiInfo: analyseQosInfo success
04-11 12:38:53.153  8406  8406 D OplusTelephonyController: onSignalStrengthChanged: SignalStrength=SignalStrength:{mCdma=CellSignalStrengthCdma: cdmaDbm=2147483647 cdmaEcio=2147483647 evdoDbm=2147483647 evdoEcio=2147483647 evdoSnr=2147483647 level=0,mGsm=CellSignalStrengthGsm: rssi=2147483647 ber=2147483647 mTa=2147483647 mLevel=0,mWcdma=CellSignalStrengthWcdma: ss=2147483647 ber=2147483647 rscp=2147483647 ecno=2147483647 level=0,mTdscdma=CellSignalStrengthTdscdma: rssi=2147483647 ber=2147483647 rscp=2147483647 level=0,mLte=CellSignalStrengthLte: rssi=2147483647 rsrp=2147483647 rsrq=2147483647 rssnr=2147483647 cqiTableIndex=2147483647 cqi=2147483647 ta=2147483647 level=0 parametersUseForLevel=0,mNr=CellSignalStrengthNr:{ csiRsrp = 2147483647 csiRsrq = 2147483647 csiCqiTableIndex = 2147483647 csiCqiReport = [] ssRsrp = -97 ssRsrq = -12 ssSinr = 2 level = 4 parametersUseForLevel = 0 timingAdvance = 2147483647 },primary=CellSignalStrengthNr}
04-11 12:38:53.156 14034 14034 D SubsysEventListenerManager-SubsysTelephonyCallback[0]: onSignalStrengthsChanged
04-11 12:38:53.157  8338  8520 I SystemUi--Statusbar: MobileConnectionRepositoryImpl-->subId:2 isSoftSimCard:false slotId:0
04-11 12:38:53.158   579   827 I ChainTrace: stream type=syncEvent gapMs=1123 refreshMarket=true
04-11 12:38:53.189  2280  2331 D BatteryChargeControl: bcc get no support from charging protocol
04-11 12:38:53.262 14034 15313 D CommonApp-264-10512: transport layer data is invalid
04-11 12:38:53.263  2113 17862 I sensors-hal: handle_oplus_wise_rgb_event:161, wise_rgb: (43456)(cct, lux, ir)[7367.97, 387.24, 40.763767] (r, g, b, c)[16430.63, 11913.12, 7792.33, 33456.50]                 (pwm, hbm, brl, algo)[0.0 0.0 1419.0 2.0], flag 31125
04-11 12:38:53.263 14034 15313 D CommonApp-255-10512: commonScoreStrategy scenarios low package
04-11 12:38:53.263 14034 15313 D ScorePolicy: handleScoreChanged: []
04-11 12:38:53.263 14034 15313 D ScorePolicy: handleScoreChanged: []
04-11 12:38:53.263 14034 15313 D ScorePolicy: handleScoreChanged: []
04-11 12:38:53.319  2258  2258 D SensorFeature: name=ssc_screenshot_info ,index = 22
04-11 12:38:53.319  2258  2258 D SensorFeature: write 39 bytes:929547161012074,929548731934938,31126,0
04-11 12:38:53.391  3590  3830 W QosScheduler: executeSceneQosStrategy failed! qos feature no enable
04-11 12:38:53.528  2113 20704 I sensors-hal: handle_oplus_wise_rgb_event:189, high_pwm_light:lux 386.9,cct 7348.4,brl/algo/ir 1419.0/2.0/40.4,pwm/dc 0.0/0.0,rgbc 16415.675781/11895.521484/7774.669922/33384.230469,ts 929548691647238,cnt 43460,flag 31126
04-11 12:38:53.529  2113 17862 I sensors-hal: handle_oplus_wise_rgb_event:161, wise_rgb: (43461)(cct, lux, ir)[7348.44, 386.86, 40.445877] (r, g, b, c)[16408.20, 11880.12, 7770.26, 33409.88]                 (pwm, hbm, brl, algo)[0.0 0.0 1419.0 2.0], flag 31126
04-11 12:38:53.621  2258  2258 D SensorFeature: name=ssc_screenshot_info ,index = 22
04-11 12:38:53.621  2258  2258 D SensorFeature: write 39 bytes:929547161012074,929549034554781,31127,0
04-11 12:38:53.714  4482  4659 W ServiceManagerCppClient: Waited one second for SystemClearService (is service started? Number of threads started in the threadpool: 16. Are binder threads started and available?)
04-11 12:38:53.715  4482  4680 W ServiceManagerCppClient: Waited one second for SystemClearService (is service started? Number of threads started in the threadpool: 16. Are binder threads started and available?)
04-11 12:38:53.716  1254  1109 W libc    : Unable to set property "ctl.interface_start" to "aidl/SystemClearService": PROP_ERROR_HANDLE_CONTROL_MESSAGE (0x20)
04-11 12:38:53.716  1254  1110 W libc    : Unable to set property "ctl.interface_start" to "aidl/SystemClearService": PROP_ERROR_HANDLE_CONTROL_MESSAGE (0x20)
04-11 12:38:53.789  3590  7344 V AlarmManager: sending alarm Alarm{3cba4e0 type 1 origWhen 1775882333789 whenElapsed 929549203 android} uid 1000 whenElapsed 929549203 windowLength 0 maxWhenElapsed 929549203 repeatInterval 0 action null component null tag StorgaeBandInfoAlarmTag flags 0x9 procName system_server
04-11 12:38:53.790  3590 10338 E OplusStorageUFSBandwidth: storage_io_metrics_path is /proc/oplus_storage/io_metrics/forever/
04-11 12:38:53.791  3590 10338 E OplusStorageUFSBandwidth: Bandwidth - Read: 0.00 MB/s, Write: 0.00 MB/s
04-11 12:38:53.791  3590 10338 E OplusStorageUFSBandwidth: Task time: 1ms
04-11 12:38:53.795  3590 10338 E OplusStorageUFSBandwidth: Alarm set to trigger in 10 seconds
04-11 12:38:53.795  3590  7333 D FusionLightNextGen: process end reported = 1, mode: 0, cnt: 399445, lux 322.8, cct 7650.3, r/g/b/c: 16433.1/11906.5/7770.3/33412.2, R/G/B: 154.0/149.0/137.0, bri 1419.0, match 1.00, ir 0.044246, conf 5.0, ts 929549013617967
04-11 12:38:53.795  2113 17862 I sensors-hal: handle_oplus_wise_rgb_event:161, wise_rgb: (43466)(cct, lux, ir)[7360.97, 387.00, 40.578777] (r, g, b, c)[16405.71, 11871.33, 7763.63, 33398.22]                 (pwm, hbm, brl, algo)[0.0 0.0 1419.0 2.0], flag 31127
04-11 12:38:53.892  2187  2298 E PERFHAL-PERFCTRL: PERFHAL-PERFCTRL: chk_core_online_poll_loop() 748: poll() has timed out for /sys/kernel/msm_performance/events/cpu_hotplug
04-11 12:38:53.892  2187  2298 E PERFHAL-PERFCTRL: PERFHAL-PERFCTRL: chk_core_online_poll_loop() 743: Block on poll()
04-11 12:38:53.914  8406 10529 D OplusCellularNetworkConfig: getDnsQueryPriority value=http://www.sina.com.cn/generate_204
04-11 12:38:53.914 14034 15313 D NetworkService[0]: getActiveNetworks networkList size:1
04-11 12:38:53.914 14034 15313 D SubsysThreadPool: execute task
04-11 12:38:53.916 14034 14770 D libc-netbsd: [oplusDnsOpenProxy]: __netdClientDispatch.connect errno = 111
04-11 12:38:53.916 14034 14770 D DNS_CACHE: oplus_oplus_getaddrinfo_proxy open dns proxy failed, use android flow: 1000
04-11 12:38:53.924  2258  2258 D SensorFeature: name=ssc_screenshot_info ,index = 22
04-11 12:38:53.924  2258  2258 D SensorFeature: write 39 bytes:929547161012074,929549337297125,31128,0
04-11 12:38:53.926  2113 17888 I sensors-hal: handle_sns_std_sensor_event:114, oplus rgb_rear sample: (cct, lux, ir, x, y)[10317, 31, 341, 259, 319]
04-11 12:38:53.926  2113 17888 I sensors-hal: handle_sns_std_sensor_event:116, oplus rgb_rear sample: (r, g, b, c w)[1249, 2567, 635, 876, 0]
04-11 12:38:54.008 15031 15220 D ShellSubscriberWorkerThread: the first 8 bytes empty, and RestData length > 8 
04-11 12:38:54.062  2113 20704 I sensors-hal: handle_oplus_wise_rgb_event:189, high_pwm_light:lux 386.6,cct 7326.9,brl/algo/ir 1419.0/2.0/41.1,pwm/dc 0.0/0.0,rgbc 16425.642578/11886.722656/7790.122070/33388.894531,ts 929549291286665,cnt 43470,flag 31128
04-11 12:38:54.062  2113 17862 I sensors-hal: handle_oplus_wise_rgb_event:161, wise_rgb: (43471)(cct, lux, ir)[7326.90, 386.60, 41.091202] (r, g, b, c)[16413.18, 11884.52, 7779.08, 33391.23]                 (pwm, hbm, brl, algo)[0.0 0.0 1419.0 2.0], flag 31128
04-11 12:38:54.063  3590  9788 I AICCTModule: SensorFilter: brightness threshold 1.4 screenNit is 104.459 ave enviroment lux is 322.1286 luxForNit 101.877396demarcationPoint200.0 result is false
04-11 12:38:54.063  3590  9788 I AICCTModule: SensorFilter: findSecondNearestValue, sensorValue: 7709.4077 nearestMaxValue:7717.8525 secondNearestValue: 7717.8525
04-11 12:38:54.063  3590  9788 I AICCTModule: SensorFilter: findSecondNearestValue, sensorValue: 322.88602 nearestMaxValue:322.82037 secondNearestValue: 322.82037
04-11 12:38:54.096  3438  4039 D QmiClient: qmiServiceEventCallback recv msg id 47
04-11 12:38:54.096  3438  4039 D QmiClient: enter -mServiceType 10 onQmiServiceEventCallback msgId 47
04-11 12:38:54.096  3438  4039 D QmiClient: onQmiServiceEventCallback - enter. msgId=47
04-11 12:38:54.096  3438  3488 D OttProxy: handleMessage msg is 3001
04-11 12:38:54.097 14034   947 D SubsysRadioIndication[1]: radioLinkLatencyInfoInd
04-11 12:38:54.097 14034   947 D SubsysRadioIndication[1]: notify enter
04-11 12:38:54.097 14034 14034 D NetworkService[1]: handleMessage what:1008
04-11 12:38:54.097 14034 14034 D NetworkService[1]: EVENT_REG_LINK_LATENCY_INFO_CHANGE ulLatency:6516
04-11 12:38:54.112  3438  3988 D QmiClient: qmiServiceEventCallback recv msg id 1099
04-11 12:38:54.112  3438  3988 D QmiClient: enter -mServiceType 4 onQmiServiceEventCallback msgId 1099
04-11 12:38:54.112  3438  3988 D QmiClient: onQmiServiceEventCallback - enter. msgId=1099
04-11 12:38:54.112  3438  3988 D QmiVsClientEvent: QosPeriodReportInd MSG IND data_len 2052
04-11 12:38:54.112  3438  3988 D QmiVsClientEvent: qmiVsClientNotifyQosPeriodReportIndEvent - RADIO_EVENT_QOS_PERIOD_REPORT_NOTIFY_IND
04-11 12:38:54.112  2727  3986 D QmiClient: qmiServiceEventCallback recv msg id 1099
04-11 12:38:54.112  2727  3986 D QmiClient: enter -mServiceType 4 onQmiServiceEventCallback msgId 1099
04-11 12:38:54.113  2727  3986 D QmiClient: onQmiServiceEventCallback - enter. msgId=1099
04-11 12:38:54.113  2727  3986 D QmiVsClientEvent: QosPeriodReportInd MSG IND data_len 2052
04-11 12:38:54.113  2727  3986 D QmiVsClientEvent: qmiVsClientNotifyQosPeriodReportIndEvent - RADIO_EVENT_QOS_PERIOD_REPORT_NOTIFY_IND
04-11 12:38:54.113  3438  3485 D VsProxy : handleMessage msg is 2420
04-11 12:38:54.114  2727  2826 D VsProxy : handleMessage msg is 2420
04-11 12:38:54.114  3438  3485 D VsProxy : handleQosPeriodReportInd for instance 1 data_len 211
04-11 12:38:54.114  2727  2826 D VsProxy : handleQosPeriodReportInd for instance 0 data_len 145
04-11 12:38:54.114 14034   947 D SubsysRadioIndication[1]: radioQosPeriodReportInd result [8, -44, -39, -10, -50, 14, 18, 20, 8, -20, -42, -10, -50, 14, 16, 1, 32, 53, 40, 1, 56, -96, 3, 64, -116, 1, 72, 1, 26, 13, 8, -59, -39, -10, -50, 14, 16, 1, 40, 1, 56, -83, 1, 34, 12, 8, -84, -69, -57, -50, 14, 16, 4, 24, 1, 32, 3, 58, 83, 8, -58, -39, -10, -50, 14, 16, 5, 24, -98, -23, 30, 32, -54, 1, 40, -90, -1, -1, -1, -1, -1, -1, -1, -1, 1, 48, -11, -1, -1, -1, -1, -1, -1, -1, -1, 1, 56, 3, 64, -90, -1, -1, -1, -1, -1, -1, -1, -1, 1, 72, -91, -1, -1, -1, -1, -1, -1, -1, -1, 1, 80, -91, -1, -1, -1, -1, -1, -1, -1, -1, 1, 88, -93, -1, -1, -1, -1, -1, -1, -1, -1, 1, 66, 31, 8, -120, -25, -29, -50, 14, 16, 5, 24, 2, 34, 19, 8, -98, -23, 30, 16, -54, 1, 24, 41, 32, 13, 40, -126, -128, -52, -67, 21, 48, 2, 90, 0, 98, 10, 8, -85, -54, -73, -50, 14, 16, 3, 24, 5, 122, 20, 8, -26, -43, -10, -50, 14, 16, -1, -1, 1, 24, -1, -1, 1, 32, -1, -1, -1, -1, 15]
04-11 12:38:54.115 14034 14034 D NetworkService[1]: handleMessage what:1005
04-11 12:38:54.115 14034 14747 D SubsysRadioIndication[0]: radioQosPeriodReportInd result [8, -44, -39, -10, -50, 14, 34, 12, 8, -84, -69, -57, -50, 14, 16, 4, 24, 1, 32, 3, 58, 61, 8, -3, -54, -10, -50, 14, 16, 5, 24, -64, -92, 38, 32, -22, 6, 40, -96, -1, -1, -1, -1, -1, -1, -1, -1, 1, 48, -11, -1, -1, -1, -1, -1, -1, -1, -1, 1, 56, 2, 64, -100, -1, -1, -1, -1, -1, -1, -1, -1, 1, 72, -96, -1, -1, -1, -1, -1, -1, -1, -1, 1, 66, 29, 8, -57, -20, -92, -50, 14, 16, 5, 34, 19, 8, -64, -92, 38, 16, -22, 6, 24, 78, 32, 13, 40, -117, -32, -94, -93, 2, 48, 2, 90, 0, 98, 10, 8, -41, -26, -92, -50, 14, 16, 3, 24, 5, 122, 15, 8, -8, -24, -92, -50, 14, 16, -52, 2, 24, -21, 1, 32, -90, 9]
04-11 12:38:54.115 14034 14034 D RadioAtomTracker: parseQosPeriodData ModemQos:CellularQosInfo1{5G, 504990/202, EndcState=2, Band=41, DLBW=13, Rsrp=-90, Rsrq=-11, Snr=3, SvcStatus=3, ULPDCPNumDataPdu=1, ULPDCPNumDropPdu=0, ULPDCPTput=53, ULRLCNumDataPdu=1, ULRLCNumRetxPdu=0, ULGrant=416, ULBSR=140, ULBler=1, DLPDCPNumDataPdu=1, DLPDCPTput=173, DLRLCNumDataPdu=1, DLRLCNumRetxPdu=0, DLRLCNumDropPdu=0, DLMACPaddingBytes=0, DLPdcpNumMissToUppPdu=0, DLBler=0, RlfCount=0, CellChangeCount=0, IsRedirectionOccur=0, IsDualSimConflict=0, Latency=6, Sub1RrcState=1, Sub2RrcState=3, RachCount=0, CalcPower=32767, Mtpl=32767, PathLoss=-1, CellLoad=0}
04-11 12:38:54.115 14034 14034 D NetworkService[1]: EVENT_REG_QOS_PERIOD_REPORT_IND_CHANGED ENTER
04-11 12:38:54.115 14034 14034 D NetworkService[0]: handleMessage what:1005
04-11 12:38:54.115 14034 14034 D RadioAtomTracker: parseQosPeriodData ModemQos:CellularQosInfo2{5G, 627264/874, EndcState=0, Band=78, DLBW=13, Rsrp=-96, Rsrq=-11, Snr=2, SvcStatus=3, ULPDCPNumDataPdu=-1, ULPDCPNumDropPdu=-1, ULPDCPTput=-1, ULRLCNumDataPdu=-1, ULRLCNumRetxPdu=-1, ULGrant=-1, ULBSR=-1, ULBler=-1, DLPDCPNumDataPdu=-1, DLPDCPTput=-1, DLRLCNumDataPdu=-1, DLRLCNumRetxPdu=-1, DLRLCNumDropPdu=-1, DLMACPaddingBytes=-1, DLPdcpNumMissToUppPdu=-1, DLBler=-1, RlfCount=0, CellChangeCount=0, IsRedirectionOccur=0, IsDualSimConflict=0, Latency=0, Sub1RrcState=1, Sub2RrcState=3, RachCount=0, CalcPower=332, Mtpl=235, PathLoss=1190, CellLoad=0}
04-11 12:38:54.115 14034 14034 D NetworkService[0]: EVENT_REG_QOS_PERIOD_REPORT_IND_CHANGED ENTER
04-11 12:38:54.115 14034 14034 D AtomModemKpiInfo: handleMessage what:1001
04-11 12:38:54.115 14034 14034 D AtomModemKpiInfo: analyseQosInfo success
04-11 12:38:54.116   579   827 I ChainTrace: stream type=syncEvent gapMs=958 refreshMarket=true
04-11 12:38:54.133  8338  8338 D OplusPrivacyDotViewController: scheduleUpdate: 
04-11 12:38:54.134  8338  8641 D OplusPrivacyDotViewController: processNextViewState: 
04-11 12:38:54.134  8338  8641 D OplusPrivacyDotViewController: resolveState ViewState(systemPrivacyEventIsActive=false, shadeExpanded=false, needShow=true, rtl=false, rotation=0, height=14, x=39, y=69, cornerIndex=1, designatedCorner=android.widget.FrameLayout{15f3866 G.E...... ......I. 0,0-14,14 #7f0a0606 app:id/icons_container alpha=0.0 viewInfo = }, contentDescription=null, chipAnimationStart=false, preDraw=false) shouldShowDot false
04-11 12:38:54.134  8338  8641 W SystemUi--Common: OplusSysUiSchedMgr-->schedForPrivacyIconShowing not showing, no need release
04-11 12:38:54.137  3590  7166 I OplusCpuLimitManager: OplusCpuHighLoad: request instant cpu load
04-11 12:38:54.138  3590  7166 E OsenseCommonUtils: write /dev/memcg/memory.force_shrink_file failed
04-11 12:38:54.138  3590  7166 E OsenseCommonUtils: java.io.IOException: write failed: EBUSY (Device or resource busy)
04-11 12:38:54.138  3590  7166 E OsenseCommonUtils: 	at libcore.io.IoBridge.write(IoBridge.java:651)
04-11 12:38:54.138  3590  7166 E OsenseCommonUtils: 	at java.io.FileOutputStream.write(FileOutputStream.java:436)
04-11 12:38:54.138  3590  7166 E OsenseCommonUtils: 	at sun.nio.cs.StreamEncoder.writeBytes(StreamEncoder.java:233)
04-11 12:38:54.138  3590  7166 E OsenseCommonUtils: 	at sun.nio.cs.StreamEncoder.implFlushBuffer(StreamEncoder.java:309)
04-11 12:38:54.138  3590  7166 E OsenseCommonUtils: 	at sun.nio.cs.StreamEncoder.implFlush(StreamEncoder.java:313)
04-11 12:38:54.138  3590  7166 E OsenseCommonUtils: 	at sun.nio.cs.StreamEncoder.flush(StreamEncoder.java:153)
04-11 12:38:54.138  3590  7166 E OsenseCommonUtils: 	at java.io.OutputStreamWriter.flush(OutputStreamWriter.java:248)
04-11 12:38:54.138  3590  7166 E OsenseCommonUtils: 	at com.android.server.oplus.osense.utils.OsenseCommonUtils.writeFile(OsenseCommonUtils.java:154)
04-11 12:38:54.138  3590  7166 E OsenseCommonUtils: 	at com.android.server.am.OplusOsenseCompressAction.doGlobalShrink(OplusOsenseCompressAction.java:1887)
04-11 12:38:54.138  3590  7166 E OsenseCommonUtils: 	at com.android.server.am.OplusOsenseCompressAction.-$$Nest$mdoGlobalShrink(Unknown Source:0)
04-11 12:38:54.138  3590  7166 E OsenseCommonUtils: 	at com.android.server.am.OplusOsenseCompressAction$CompressHandler.handleMessage(OplusOsenseCompressAction.java:1335)
04-11 12:38:54.138  3590  7166 E OsenseCommonUtils: 	at android.os.Handler.dispatchMessage(Handler.java:115)
04-11 12:38:54.138  3590  7166 E OsenseCommonUtils: 	at android.os.Looper.loopOnce(Looper.java:302)
04-11 12:38:54.138  3590  7166 E OsenseCommonUtils: 	at android.os.Looper.loop(Looper.java:412)
04-11 12:38:54.138  3590  7166 E OsenseCommonUtils: 	at android.os.HandlerThread.run(HandlerThread.java:85)
04-11 12:38:54.138  3590  7166 E OsenseCommonUtils: Caused by: android.system.ErrnoException: write failed: EBUSY (Device or resource busy)
04-11 12:38:54.138  3590  7166 E OsenseCommonUtils: 	at libcore.io.Linux.writeBytes(Native Method)
04-11 12:38:54.138  3590  7166 E OsenseCommonUtils: 	at libcore.io.Linux.write(Linux.java:336)
04-11 12:38:54.138  3590  7166 E OsenseCommonUtils: 	at libcore.io.ForwardingOs.write(ForwardingOs.java:948)
04-11 12:38:54.138  3590  7166 E OsenseCommonUtils: 	at libcore.io.BlockGuardOs.write(BlockGuardOs.java:448)
04-11 12:38:54.138  3590  7166 E OsenseCommonUtils: 	at libcore.io.IoBridge.write(IoBridge.java:646)
04-11 12:38:54.138  3590  7166 E OsenseCommonUtils: 	... 14 more
04-11 12:38:54.138  3590  7166 I OplusCpuLimitManager: OplusCpuHighLoad: release instant cpu load
04-11 12:38:54.142  2181  2506 I SDM     : DisplayBuiltIn::IdlePowerCollapse: IPC received, disabling partial update for one frame
04-11 12:38:54.190  2280  2331 D BatteryChargeControl: bcc get no support from charging protocol
04-11 12:38:54.248  3590  9132 V WindowManager: Relayout Window{7b513bd u0 com.binance.monitor}: viewVisibility=0, oldvis=0, req=315x429 , apr = 0, vsysui=, x=42, y=420
04-11 12:38:54.248   579   579 I SurfaceControl:  setExtendedRangeBrightness sc=Surface(name=)/@0xb5ec0c6,currentBufferRatio=1.0,desiredRatio=1.0
04-11 12:38:54.248  3590  3875 D VRR [OPlusSurfaceFlingerController]:  setComplexSceneEnable : true
04-11 12:38:54.248  3590  7998 I [UAH_CLIENT]: uahRuleCtl, ruleId:206, status:3
04-11 12:38:54.249  3590  9132 D InsetsSourceProvider: updateSourceFrameForServerVisibility mandatorySystemGestures EMPTY_RECT
04-11 12:38:54.249  3590  9132 D InsetsSourceProvider: updateSourceFrameForServerVisibility mandatorySystemGestures EMPTY_RECT
04-11 12:38:54.271  2181  2532 E CwbService: Panel not support apl read or getDisplayPanelAplValue timeout 10ms.
04-11 12:38:54.271  2258  2258 D SensorFeature: name=ssc_screenshot_info ,index = 22
04-11 12:38:54.272  2258  2258 D SensorFeature: write 39 bytes:929549660669416,929549674766135,31129,0
04-11 12:38:54.286 14034 15313 D CommonApp-264-10512: transport layer data is invalid
04-11 12:38:54.287 14034 15313 D CommonApp-255-10512: commonScoreStrategy scenarios low package
04-11 12:38:54.287 14034 15313 D ScorePolicy: handleScoreChanged: []
04-11 12:38:54.287 14034 15313 D ScorePolicy: handleScoreChanged: []
04-11 12:38:54.287 14034 15313 D ScorePolicy: handleScoreChanged: []
04-11 12:38:54.329  2113 17862 I sensors-hal: handle_oplus_wise_rgb_event:161, wise_rgb: (43476)(cct, lux, ir)[7332.00, 384.73, 41.236900] (r, g, b, c)[16370.82, 11838.33, 7752.60, 33272.34]                 (pwm, hbm, brl, algo)[0.0 0.0 1419.0 2.0], flag 31129
04-11 12:38:54.345  2181  2506 I SDM     : DisplayBuiltIn::IdlePowerCollapse: IPC received, disabling partial update for one frame
04-11 12:38:54.604  2181  2506 I SDM     : DisplayBuiltIn::IdlePowerCollapse: IPC received, disabling partial update for one frame
04-11 12:38:54.612  2181  2532 E CwbService: Panel not support apl read or getDisplayPanelAplValue timeout 10ms.
04-11 12:38:54.613  2258  2258 D SensorFeature: name=ssc_screenshot_info ,index = 22
04-11 12:38:54.613  2258  2258 D SensorFeature: write 39 bytes:929549960831031,929550015258218,31130,0
04-11 12:38:54.614  2113 20704 I sensors-hal: handle_oplus_wise_rgb_event:189, high_pwm_light:lux 384.5,cct 7334.8,brl/algo/ir 1419.0/2.0/41.4,pwm/dc 0.0/0.0,rgbc 16440.593750/11908.718750/7812.196777/33451.835938,ts 929549946290936,cnt 43480,flag 31130
04-11 12:38:54.615  2113 17862 I sensors-hal: handle_oplus_wise_rgb_event:161, wise_rgb: (43481)(cct, lux, ir)[7334.83, 384.48, 41.413826] (r, g, b, c)[16450.56, 11895.52, 7807.78, 33419.20]                 (pwm, hbm, brl, algo)[0.0 0.0 1419.0 2.0], flag 31130
04-11 12:38:54.717  4482  4659 W ServiceManagerCppClient: Waited one second for SystemClearService (is service started? Number of threads started in the threadpool: 16. Are binder threads started and available?)
