04-11 12:38:45.929  3590  3795 D WindowManager: NFW_findFocusedWindowIfNeeded:Window{ca16b01 u0 com.binance.monitor/com.binance.monitor.ui.account.AccountStatsBridgeActivity} mCurrentFocus:Window{ca16b01 u0 com.binance.monitor/com.binance.monitor.ui.account.AccountStatsBridgeActivity}
04-11 12:38:45.930   579   996 I HWUI    : Davey! duration=941ms; Flags=1, FrameTimelineVsyncId=351060611, IntendedVsync=881684355629306, Vsync=881685110948010, InputEventId=0, HandleInputStart=881685117232567, AnimationStart=881685117234025, PerformTraversalsStart=881685117268713, DrawStart=881685226051525, FrameDeadline=881684369295972, FrameStartTime=881685116956317, FrameInterval=11107628, WorkloadTarget=13666666, SyncQueued=881685280994494, SyncStart=881685281051838, IssueDrawCommandsStart=881685281948713, SwapBuffers=881685289615275, FrameCompleted=881685297165587, DequeueBufferDuration=13333, QueueBufferDuration=191406, GpuCompleted=881685297165587, SwapBuffersCompleted=881685289861681, DisplayPresentTime=0, CommandSubmissionCompleted=881685289615275, 
04-11 12:38:45.930  3590  8838 I InputDispatcher: updateFocusedWindow, ca16b01 com.binance.monitor/com.binance.monitor.ui.account.AccountStatsBridgeActivity on display 0, reason: Window became focusable. Previous reason: NOT_VISIBLE, result:   FocusedWindows:
04-11 12:38:45.930  3590  8838 I InputDispatcher:     displayId=0, name='ca16b01 com.binance.monitor/com.binance.monitor.ui.account.AccountStatsBridgeActivity'
04-11 12:38:45.939   579   579 D VRI[AccountStatsBridgeActivity]: onFocusEvent true
04-11 12:38:45.953 11972   502 W PTC.DATATRANS.d: [com.binance.monitor] removed. Stop sending intent
04-11 12:38:45.975  3438  3988 D QmiClient: qmiServiceEventCallback recv msg id 1099
04-11 12:38:45.975  3438  3988 D QmiClient: enter -mServiceType 4 onQmiServiceEventCallback msgId 1099
04-11 12:38:45.975  3438  3988 D QmiClient: onQmiServiceEventCallback - enter. msgId=1099
04-11 12:38:45.975  3438  3988 D QmiVsClientEvent: QosPeriodReportInd MSG IND data_len 2052
04-11 12:38:45.975  3438  3988 D QmiVsClientEvent: qmiVsClientNotifyQosPeriodReportIndEvent - RADIO_EVENT_QOS_PERIOD_REPORT_NOTIFY_IND
04-11 12:38:45.975  3438  3485 D VsProxy : handleMessage msg is 2420
04-11 12:38:45.975  2727  3986 D QmiClient: qmiServiceEventCallback recv msg id 1099
04-11 12:38:45.975  2727  3986 D QmiClient: enter -mServiceType 4 onQmiServiceEventCallback msgId 1099
04-11 12:38:45.975  2727  3986 D QmiClient: onQmiServiceEventCallback - enter. msgId=1099
04-11 12:38:45.975  2727  3986 D QmiVsClientEvent: QosPeriodReportInd MSG IND data_len 2052
04-11 12:38:45.976  2727  3986 D QmiVsClientEvent: qmiVsClientNotifyQosPeriodReportIndEvent - RADIO_EVENT_QOS_PERIOD_REPORT_NOTIFY_IND
04-11 12:38:45.976  3438  3485 D VsProxy : handleQosPeriodReportInd for instance 1 data_len 211
04-11 12:38:45.976  2727  2826 D VsProxy : handleMessage msg is 2420
04-11 12:38:45.976  2727  2826 D VsProxy : handleQosPeriodReportInd for instance 0 data_len 145
04-11 12:38:45.976 14034 14747 D SubsysRadioIndication[1]: radioQosPeriodReportInd result [8, -115, -102, -10, -50, 14, 18, 19, 8, -57, -104, -10, -50, 14, 16, 20, 32, -38, 49, 40, 20, 56, -110, 4, 64, -18, 2, 26, 14, 8, -57, -104, -10, -50, 14, 16, 20, 40, 19, 56, -102, -126, 1, 34, 12, 8, -84, -69, -57, -50, 14, 16, 4, 24, 1, 32, 3, 58, 83, 8, -25, -103, -10, -50, 14, 16, 5, 24, -98, -23, 30, 32, -54, 1, 40, -91, -1, -1, -1, -1, -1, -1, -1, -1, 1, 48, -11, -1, -1, -1, -1, -1, -1, -1, -1, 1, 56, 2, 64, -91, -1, -1, -1, -1, -1, -1, -1, -1, 1, 72, -92, -1, -1, -1, -1, -1, -1, -1, -1, 1, 80, -92, -1, -1, -1, -1, -1, -1, -1, -1, 1, 88, -96, -1, -1, -1, -1, -1, -1, -1, -1, 1, 66, 31, 8, -120, -25, -29, -50, 14, 16, 5, 24, 2, 34, 19, 8, -98, -23, 30, 16, -54, 1, 24, 41, 32, 13, 40, -126, -128, -52, -67, 21, 48, 2, 90, 0, 98, 10, 8, -85, -54, -73, -50, 14, 16, 3, 24, 5, 122, 20, 8, -72, -103, -10, -50, 14, 16, -1, -1, 1, 24, -1, -1, 1, 32, -1, -1, -1, -1, 15]
04-11 12:38:45.976 14034   947 D SubsysRadioIndication[0]: radioQosPeriodReportInd result [8, -115, -102, -10, -50, 14, 34, 12, 8, -84, -69, -57, -50, 14, 16, 4, 24, 1, 32, 3, 58, 61, 8, -76, -115, -10, -50, 14, 16, 5, 24, -64, -92, 38, 32, -22, 6, 40, -97, -1, -1, -1, -1, -1, -1, -1, -1, 1, 48, -12, -1, -1, -1, -1, -1, -1, -1, -1, 1, 56, 1, 64, -104, -1, -1, -1, -1, -1, -1, -1, -1, 1, 72, -97, -1, -1, -1, -1, -1, -1, -1, -1, 1, 66, 29, 8, -57, -20, -92, -50, 14, 16, 5, 34, 19, 8, -64, -92, 38, 16, -22, 6, 24, 78, 32, 13, 40, -117, -32, -94, -93, 2, 48, 2, 90, 0, 98, 10, 8, -41, -26, -92, -50, 14, 16, 3, 24, 5, 122, 15, 8, -8, -24, -92, -50, 14, 16, -52, 2, 24, -21, 1, 32, -90, 9]
04-11 12:38:45.976 14034 14034 D NetworkService[1]: handleMessage what:1005
04-11 12:38:45.976 14034 14034 D RadioAtomTracker: parseQosPeriodData ModemQos:CellularQosInfo1{5G, 504990/202, EndcState=2, Band=41, DLBW=13, Rsrp=-91, Rsrq=-11, Snr=2, SvcStatus=3, ULPDCPNumDataPdu=20, ULPDCPNumDropPdu=0, ULPDCPTput=6362, ULRLCNumDataPdu=20, ULRLCNumRetxPdu=0, ULGrant=530, ULBSR=366, ULBler=0, DLPDCPNumDataPdu=19, DLPDCPTput=16666, DLRLCNumDataPdu=20, DLRLCNumRetxPdu=0, DLRLCNumDropPdu=0, DLMACPaddingBytes=0, DLPdcpNumMissToUppPdu=0, DLBler=0, RlfCount=0, CellChangeCount=0, IsRedirectionOccur=0, IsDualSimConflict=0, Latency=11, Sub1RrcState=1, Sub2RrcState=3, RachCount=0, CalcPower=32767, Mtpl=32767, PathLoss=-1, CellLoad=0}
04-11 12:38:45.976 14034 14034 D NetworkService[1]: EVENT_REG_QOS_PERIOD_REPORT_IND_CHANGED ENTER
04-11 12:38:45.976 14034 14034 D NetworkService[0]: handleMessage what:1005
04-11 12:38:45.976 14034 14034 D RadioAtomTracker: parseQosPeriodData ModemQos:CellularQosInfo2{5G, 627264/874, EndcState=0, Band=78, DLBW=13, Rsrp=-97, Rsrq=-12, Snr=1, SvcStatus=3, ULPDCPNumDataPdu=-1, ULPDCPNumDropPdu=-1, ULPDCPTput=-1, ULRLCNumDataPdu=-1, ULRLCNumRetxPdu=-1, ULGrant=-1, ULBSR=-1, ULBler=-1, DLPDCPNumDataPdu=-1, DLPDCPTput=-1, DLRLCNumDataPdu=-1, DLRLCNumRetxPdu=-1, DLRLCNumDropPdu=-1, DLMACPaddingBytes=-1, DLPdcpNumMissToUppPdu=-1, DLBler=-1, RlfCount=0, CellChangeCount=0, IsRedirectionOccur=0, IsDualSimConflict=0, Latency=0, Sub1RrcState=1, Sub2RrcState=3, RachCount=0, CalcPower=332, Mtpl=235, PathLoss=1190, CellLoad=0}
04-11 12:38:45.976 14034 14034 D NetworkService[0]: EVENT_REG_QOS_PERIOD_REPORT_IND_CHANGED ENTER
04-11 12:38:45.976 14034 14034 D AtomModemKpiInfo: handleMessage what:1001
04-11 12:38:45.976 14034 14034 D AtomModemKpiInfo: analyseQosInfo success
04-11 12:38:45.988   579   579 D VRI[MainActivity]: visibilityChanged oldVisibility=true newVisibility=false
04-11 12:38:45.989   579   579 D VRI[MainActivity]: setWindowStopped stopped:true
04-11 12:38:45.994  3590  7380 D InputMethodManagerService: isSecurity: attribute.packageName = com.binance.monitor mCurMethodId = com.sohu.inputmethod.sogou/.SogouIME isSecurity = false ( enable = true needShow = false inBlackList = false isExist = true )
04-11 12:38:45.994  3590  7380 I ImeTracker: com.binance.monitor:794e1efc: onRequestHide at ORIGIN_SERVER reason HIDE_UNSPECIFIED_WINDOW fromUser false
04-11 12:38:45.994   579   579 D HWUI    : RenderProxy::destroy: this=0xb4000071840fb900, mContext=0xb400007184310300
04-11 12:38:45.994   579   775 D HWUI    : SkiaVulkanPipeline::setSurface: this=0xb4000071855f80c0, surface=NULL
04-11 12:38:45.995   579   775 D BufferQueueProducer: [VRI[MainActivity]#0(BLAST Consumer)0](id:24300000000,api:1,p:579,c:579) disconnect: api 1
04-11 12:38:45.995   579   579 D ViewRootImplExtImpl: wrapConfigInfoIntoFlags rotation=0, smallestScreenWidthDp=361, residentWS=false, scenario=0, bounds=Rect(0, 0 - 1264, 2780), relayoutAsync=false, flags=0, newFlags=1457532192, title=com.binance.monitor/com.binance.monitor.ui.main.MainActivity
04-11 12:38:45.996  3590  8838 I ImeTracker: system_server:a8ffdc9: onRequestHide at ORIGIN_SERVER reason IME_REQUESTED_CHANGED_LISTENER fromUser false
04-11 12:38:45.996  3590  7380 I ImeTracker: system_server:a8ffdc9: onCancelled at PHASE_SERVER_SHOULD_HIDE
04-11 12:38:45.996   579   996 D BLASTBufferQueue: [VRI[MainActivity]#0](f:0,a:1) destructor()
04-11 12:38:45.996   579   996 D BufferQueueConsumer: [VRI[MainActivity]#0(BLAST Consumer)0](id:24300000000,api:0,p:-1,c:579) disconnect
04-11 12:38:45.996  3590  9132 V WindowManager: Relayout Window{6df152c u0 com.binance.monitor/com.binance.monitor.ui.main.MainActivity}: viewVisibility=8, oldvis=0, req=1264x2780 , apr = 0, vsysui=, x=0, y=0
04-11 12:38:45.996  3590  9132 D InsetsSourceProvider: updateSourceFrameForServerVisibility mandatorySystemGestures EMPTY_RECT
04-11 12:38:45.996  3590  9132 D InsetsSourceProvider: updateSourceFrameForServerVisibility mandatorySystemGestures EMPTY_RECT
04-11 12:38:45.997  3590  9132 D WindowManager: NFW_findFocusedWindowIfNeeded:Window{ca16b01 u0 com.binance.monitor/com.binance.monitor.ui.account.AccountStatsBridgeActivity} mCurrentFocus:Window{ca16b01 u0 com.binance.monitor/com.binance.monitor.ui.account.AccountStatsBridgeActivity}
04-11 12:38:45.997  3590  3796 D InsetsSourceProvider: updateSourceFrameForServerVisibility mandatorySystemGestures EMPTY_RECT
04-11 12:38:45.997   579   579 D VRI[MainActivity]: relayoutWindow result, sizeChanged:false, surfaceControlChanged:true, transformHintChanged:false, mSurfaceSize:Point(1264, 2780), mLastSurfaceSize:Point(1264, 2780), mWidth:1264, mHeight:2780, requestedWidth:1264, requestedHeight:2780, transformHint:0, installOrientation:0, displayRotation:0, isSurfaceValid:false, attr.flag:-2122252032, tmpFrames:ClientWindowFrames{frame=[0,0][1264,2780] display=[0,0][1264,2780] parentFrame=[0,0][0,0]}, relayoutAsync:false, mSyncSeqId:0
04-11 12:38:46.006   579   579 D InsetsController: hide(ime(), fromIme=false)
04-11 12:38:46.006   579   579 I ImeTracker: com.binance.monitor:794e1efc: onCancelled at PHASE_CLIENT_ALREADY_HIDDEN
04-11 12:38:46.006  3590  9132 I WindowManager: Window{6df152c u0 com.binance.monitor/com.binance.monitor.ui.main.MainActivity} state from DRAW_PENDING to NO_SURFACE; reason: destroySurface
04-11 12:38:46.006  3590  9132 D OplusStartingWindowManager: skip remove starting window for activity = ActivityRecord{183866893 u0 com.binance.monitor/.ui.main.MainActivity t13170} ,ar != topActivityContainsStartingWindow on activityStopped
04-11 12:38:46.006  3590  7959 D BackgroundInstallControlService: Package event received: 0
04-11 12:38:46.008  3590  8280 I Osense-BaseDecisionMaker: notifySceneToAthenaPolicy: SCENE_ACTIVITY_IDLE, bundle: Bundle[{scene=SCENE_ACTIVITY_IDLE}]
04-11 12:38:46.015   579   827 I ChainTrace: stream type=syncEvent gapMs=1024 refreshMarket=true
04-11 12:38:46.021  3438  4039 D QmiClient: qmiServiceEventCallback recv msg id 47
04-11 12:38:46.021  3438  4039 D QmiClient: enter -mServiceType 10 onQmiServiceEventCallback msgId 47
04-11 12:38:46.021  3438  4039 D QmiClient: onQmiServiceEventCallback - enter. msgId=47
04-11 12:38:46.021  3438  3488 D OttProxy: handleMessage msg is 3001
04-11 12:38:46.021 14034   947 D SubsysRadioIndication[1]: radioLinkLatencyInfoInd
04-11 12:38:46.021 14034   947 D SubsysRadioIndication[1]: notify enter
04-11 12:38:46.021 14034 14034 D NetworkService[1]: handleMessage what:1008
04-11 12:38:46.021 14034 14034 D NetworkService[1]: EVENT_REG_LINK_LATENCY_INFO_CHANGE ulLatency:12837
04-11 12:38:46.039  2181  2532 E CwbService: Panel not support apl read or getDisplayPanelAplValue timeout 10ms.
04-11 12:38:46.039  2258  2258 D SensorFeature: name=ssc_screenshot_info ,index = 22
04-11 12:38:46.040  2258  2258 D SensorFeature: write 39 bytes:929541431792996,929541442904107,31103,0
04-11 12:38:46.063  2113 17862 I sensors-hal: handle_oplus_wise_rgb_event:161, wise_rgb: (43331)(cct, lux, ir)[7338.06, 386.24, 41.275749] (r, g, b, c)[16423.15, 11864.73, 7776.88, 33356.26]                 (pwm, hbm, brl, algo)[0.0 0.0 1419.0 2.0], flag 31103
04-11 12:38:46.063  3590  9788 I AICCTModule: SensorFilter: brightness threshold 1.4 screenNit is 104.459 ave enviroment lux is 321.66455 luxForNit 101.83411demarcationPoint200.0 result is false
04-11 12:38:46.063  3590  9788 I AICCTModule: SensorFilter: findSecondNearestValue, sensorValue: 7713.71 nearestMaxValue:7719.053 secondNearestValue: 7719.053
04-11 12:38:46.063  3590  9788 I AICCTModule: SensorFilter: findSecondNearestValue, sensorValue: 322.0056 nearestMaxValue:321.97385 secondNearestValue: 321.97385
04-11 12:38:46.094 14034 15313 D CommonApp-264-10512: transport layer data is invalid
04-11 12:38:46.094 14034 15313 D CommonApp-255-10512: commonScoreStrategy scenarios 5 mdnsScore=0
04-11 12:38:46.094 14034 15313 D CommonApp-255-10512: notifyScoreChange appScene COMMON score 100
04-11 12:38:46.094 14034 15313 D ScorePolicy: handleScoreChanged: []
04-11 12:38:46.094 14034 15313 D ScorePolicy: handleScoreChanged: []
04-11 12:38:46.095 14034 15313 D ScorePolicy: handleScoreChanged: []
04-11 12:38:46.107  7586  7639 D COSA->GameServiceSyncUtil: [m] sync config to GMS
04-11 12:38:46.112  7586  7639 E AppFeatureProviderUtils: getString: getStringForFeature return null
04-11 12:38:46.113  7586  7639 E AppFeatureProviderUtils: getString: getStringForFeature return null
04-11 12:38:46.114  7586  7639 E AppFeatureProviderUtils: getString: getStringForFeature return null
04-11 12:38:46.115  7586  7639 E AppFeatureProviderUtils: getString: getStringForFeature return null
04-11 12:38:46.115  7586  7639 E AppFeatureProviderUtils: getString: getStringForFeature return null
04-11 12:38:46.116  7586  7639 E AppFeatureProviderUtils: getString: getStringForFeature return null
04-11 12:38:46.116  7586  7639 E AppFeatureProviderUtils: getString: getStringForFeature return null
04-11 12:38:46.117  7586  7639 E AppFeatureProviderUtils: getString: getStringForFeature return null
04-11 12:38:46.119  7586  7639 E AppFeatureProviderUtils: getString: getStringForFeature return null
04-11 12:38:46.120  7586  7639 E AppFeatureProviderUtils: getString: getStringForFeature return null
04-11 12:38:46.121  7586  7639 E AppFeatureProviderUtils: getString: getStringForFeature return null
04-11 12:38:46.121  7586  7639 E AppFeatureProviderUtils: getString: getStringForFeature return null
04-11 12:38:46.122  7586  7639 E AppFeatureProviderUtils: getString: getStringForFeature return null
04-11 12:38:46.123  7586  7639 E AppFeatureProviderUtils: getString: getStringForFeature return null
04-11 12:38:46.124  7586  7639 E AppFeatureProviderUtils: getString: getStringForFeature return null
04-11 12:38:46.125  7586  7639 E AppFeatureProviderUtils: getString: getStringForFeature return null
04-11 12:38:46.126  7586  7639 E AppFeatureProviderUtils: getString: getStringForFeature return null
04-11 12:38:46.126  7586  7639 E AppFeatureProviderUtils: getString: getStringForFeature return null
04-11 12:38:46.127  7586  7639 E AppFeatureProviderUtils: getString: getStringForFeature return null
04-11 12:38:46.128  7586  7639 E AppFeatureProviderUtils: getString: getStringForFeature return null
04-11 12:38:46.129  7586  7639 E AppFeatureProviderUtils: getString: getStringForFeature return null
04-11 12:38:46.129  7586  7639 E AppFeatureProviderUtils: getString: getStringForFeature return null
04-11 12:38:46.130  7586  7639 E AppFeatureProviderUtils: getString: getStringForFeature return null
04-11 12:38:46.130  7586  7639 E AppFeatureProviderUtils: getString: getStringForFeature return null
04-11 12:38:46.131  7586  7639 E AppFeatureProviderUtils: getString: getStringForFeature return null
04-11 12:38:46.131  7586  7639 E AppFeatureProviderUtils: getString: getStringForFeature return null
04-11 12:38:46.132  7586  7639 E AppFeatureProviderUtils: getString: getStringForFeature return null
04-11 12:38:46.133  7586  7639 E AppFeatureProviderUtils: getString: getStringForFeature return null
04-11 12:38:46.133  7586  7639 E AppFeatureProviderUtils: getString: getStringForFeature return null
04-11 12:38:46.134  7586  7639 E AppFeatureProviderUtils: getString: getStringForFeature return null
04-11 12:38:46.134  7586  7639 E AppFeatureProviderUtils: getString: getStringForFeature return null
04-11 12:38:46.135  7586  7639 E AppFeatureProviderUtils: getString: getStringForFeature return null
04-11 12:38:46.135  7586  7639 E AppFeatureProviderUtils: getString: getStringForFeature return null
04-11 12:38:46.136  7586  7639 E AppFeatureProviderUtils: getString: getStringForFeature return null
04-11 12:38:46.136  7586  7639 E AppFeatureProviderUtils: getString: getStringForFeature return null
04-11 12:38:46.137  7586  7639 E AppFeatureProviderUtils: getString: getStringForFeature return null
04-11 12:38:46.137  7586  7639 E AppFeatureProviderUtils: getString: getStringForFeature return null
04-11 12:38:46.138  7586  7639 E AppFeatureProviderUtils: getString: getStringForFeature return null
04-11 12:38:46.138  7586  7639 E AppFeatureProviderUtils: getString: getStringForFeature return null
04-11 12:38:46.138  7586  7639 E AppFeatureProviderUtils: getString: getStringForFeature return null
04-11 12:38:46.139  7586  7639 E AppFeatureProviderUtils: getString: getStringForFeature return null
04-11 12:38:46.140  7586  7639 E AppFeatureProviderUtils: getString: getStringForFeature return null
04-11 12:38:46.140  3590  8835 V WindowManager: Relayout Window{7b513bd u0 com.binance.monitor}: viewVisibility=0, oldvis=0, req=315x429 , apr = 0, vsysui=, x=42, y=420
04-11 12:38:46.140   579   579 I SurfaceControl:  setExtendedRangeBrightness sc=Surface(name=)/@0xb5ec0c6,currentBufferRatio=1.0,desiredRatio=1.0
04-11 12:38:46.140  3590  7998 I [UAH_CLIENT]: uahRuleCtl, ruleId:206, status:3
04-11 12:38:46.140  3590  3875 D VRR [OPlusSurfaceFlingerController]:  setComplexSceneEnable : true
04-11 12:38:46.140  7586  7639 E AppFeatureProviderUtils: getString: getStringForFeature return null
04-11 12:38:46.140  3590  8835 D InsetsSourceProvider: updateSourceFrameForServerVisibility mandatorySystemGestures EMPTY_RECT
04-11 12:38:46.141  3590  8835 D InsetsSourceProvider: updateSourceFrameForServerVisibility mandatorySystemGestures EMPTY_RECT
04-11 12:38:46.141  7586  7639 E AppFeatureProviderUtils: getString: getStringForFeature return null
04-11 12:38:46.141  7586  7639 E AppFeatureProviderUtils: getString: getStringForFeature return null
04-11 12:38:46.142  7586  7639 E AppFeatureProviderUtils: getString: getStringForFeature return null
04-11 12:38:46.142  7586  7639 E AppFeatureProviderUtils: getString: getStringForFeature return null
04-11 12:38:46.143  7586  7639 E AppFeatureProviderUtils: getString: getStringForFeature return null
04-11 12:38:46.143  7586  7639 E AppFeatureProviderUtils: getString: getStringForFeature return null
04-11 12:38:46.144  7586  7639 E AppFeatureProviderUtils: getString: getStringForFeature return null
04-11 12:38:46.144  7586  7639 E AppFeatureProviderUtils: getString: getStringForFeature return null
04-11 12:38:46.145  7586  7639 E AppFeatureProviderUtils: getString: getStringForFeature return null
04-11 12:38:46.145  7586  7639 E AppFeatureProviderUtils: getString: getStringForFeature return null
04-11 12:38:46.146  7586  7639 E AppFeatureProviderUtils: getString: getStringForFeature return null
04-11 12:38:46.146  7586  7639 E AppFeatureProviderUtils: getString: getStringForFeature return null
04-11 12:38:46.147  7586  7639 E AppFeatureProviderUtils: getString: getStringForFeature return null
04-11 12:38:46.147  7586  7639 E AppFeatureProviderUtils: getString: getStringForFeature return null
04-11 12:38:46.148  7586  7639 E AppFeatureProviderUtils: getString: getStringForFeature return null
04-11 12:38:46.148  7586  7639 E AppFeatureProviderUtils: getString: getStringForFeature return null
04-11 12:38:46.149  7586  7639 E AppFeatureProviderUtils: getString: getStringForFeature return null
04-11 12:38:46.149  7586  7639 E AppFeatureProviderUtils: getString: getStringForFeature return null
04-11 12:38:46.150  7586  7639 E AppFeatureProviderUtils: getString: getStringForFeature return null
04-11 12:38:46.150  7586  7639 E AppFeatureProviderUtils: getString: getStringForFeature return null
04-11 12:38:46.151  7586  7639 E AppFeatureProviderUtils: getString: getStringForFeature return null
04-11 12:38:46.151  7586  7639 E AppFeatureProviderUtils: getString: getStringForFeature return null
04-11 12:38:46.152  7586  7639 E AppFeatureProviderUtils: getString: getStringForFeature return null
04-11 12:38:46.152  7586  7639 E AppFeatureProviderUtils: getString: getStringForFeature return null
04-11 12:38:46.153  7586  7639 E AppFeatureProviderUtils: getString: getStringForFeature return null
04-11 12:38:46.153  7586  7639 E AppFeatureProviderUtils: getString: getStringForFeature return null
04-11 12:38:46.154  7586  7639 E AppFeatureProviderUtils: getString: getStringForFeature return null
04-11 12:38:46.154  7586  7639 E AppFeatureProviderUtils: getString: getStringForFeature return null
04-11 12:38:46.155  7586  7639 E AppFeatureProviderUtils: getString: getStringForFeature return null
04-11 12:38:46.155  7586  7639 E AppFeatureProviderUtils: getString: getStringForFeature return null
04-11 12:38:46.156  7586  7639 E AppFeatureProviderUtils: getString: getStringForFeature return null
04-11 12:38:46.156  7586  7639 E AppFeatureProviderUtils: getString: getStringForFeature return null
04-11 12:38:46.157  7586  7639 E AppFeatureProviderUtils: getString: getStringForFeature return null
04-11 12:38:46.157  7586  7639 E AppFeatureProviderUtils: getString: getStringForFeature return null
04-11 12:38:46.158  7586  7639 E AppFeatureProviderUtils: getString: getStringForFeature return null
04-11 12:38:46.158  7586  7639 E AppFeatureProviderUtils: getString: getStringForFeature return null
04-11 12:38:46.159  7586  7639 E AppFeatureProviderUtils: getString: getStringForFeature return null
04-11 12:38:46.159  7586  7639 E AppFeatureProviderUtils: getString: getStringForFeature return null
04-11 12:38:46.160  7586  7639 E AppFeatureProviderUtils: getString: getStringForFeature return null
04-11 12:38:46.160  7586  7639 E AppFeatureProviderUtils: getString: getStringForFeature return null
04-11 12:38:46.161  7586  7639 E AppFeatureProviderUtils: getString: getStringForFeature return null
04-11 12:38:46.161  7586  7639 E AppFeatureProviderUtils: getString: getStringForFeature return null
04-11 12:38:46.162  7586  7639 E AppFeatureProviderUtils: getString: getStringForFeature return null
04-11 12:38:46.162  7586  7639 E AppFeatureProviderUtils: getString: getStringForFeature return null
04-11 12:38:46.163  7586  7639 E AppFeatureProviderUtils: getString: getStringForFeature return null
04-11 12:38:46.163  7586  7639 E AppFeatureProviderUtils: getString: getStringForFeature return null
04-11 12:38:46.164  7586  7639 E AppFeatureProviderUtils: getString: getStringForFeature return null
04-11 12:38:46.164  7586  7639 E AppFeatureProviderUtils: getString: getStringForFeature return null
04-11 12:38:46.165  7586  7639 E AppFeatureProviderUtils: getString: getStringForFeature return null
04-11 12:38:46.165  7586  7639 E AppFeatureProviderUtils: getString: getStringForFeature return null
04-11 12:38:46.166  7586  7639 E AppFeatureProviderUtils: getString: getStringForFeature return null
04-11 12:38:46.166  7586  7639 E AppFeatureProviderUtils: getString: getStringForFeature return null
04-11 12:38:46.167  7586  7639 E AppFeatureProviderUtils: getString: getStringForFeature return null
04-11 12:38:46.167  7586  7639 E AppFeatureProviderUtils: getString: getStringForFeature return null
04-11 12:38:46.167  7586  7639 E AppFeatureProviderUtils: getString: getStringForFeature return null
04-11 12:38:46.168  7586  7639 E AppFeatureProviderUtils: getString: getStringForFeature return null
04-11 12:38:46.168  7586  7639 E AppFeatureProviderUtils: getString: getStringForFeature return null
04-11 12:38:46.169  7586  7639 E AppFeatureProviderUtils: getString: getStringForFeature return null
04-11 12:38:46.169  7586  7639 E AppFeatureProviderUtils: getString: getStringForFeature return null
04-11 12:38:46.170  7586  7639 E AppFeatureProviderUtils: getString: getStringForFeature return null
04-11 12:38:46.171  7586  7639 E AppFeatureProviderUtils: getString: getStringForFeature return null
04-11 12:38:46.171  7586  7639 E AppFeatureProviderUtils: getString: getStringForFeature return null
04-11 12:38:46.171  7586  7639 E AppFeatureProviderUtils: getString: getStringForFeature return null
04-11 12:38:46.172  7586  7639 E AppFeatureProviderUtils: getString: getStringForFeature return null
04-11 12:38:46.172  7586  7639 E AppFeatureProviderUtils: getString: getStringForFeature return null
04-11 12:38:46.173  7586  7639 E AppFeatureProviderUtils: getString: getStringForFeature return null
04-11 12:38:46.173  7586  7639 E AppFeatureProviderUtils: getString: getStringForFeature return null
04-11 12:38:46.174  7586  7639 E AppFeatureProviderUtils: getString: getStringForFeature return null
04-11 12:38:46.174  7586  7639 E AppFeatureProviderUtils: getString: getStringForFeature return null
04-11 12:38:46.175  7586  7639 E AppFeatureProviderUtils: getString: getStringForFeature return null
04-11 12:38:46.175  7586  7639 E AppFeatureProviderUtils: getString: getStringForFeature return null
04-11 12:38:46.176  7586  7639 E AppFeatureProviderUtils: getString: getStringForFeature return null
04-11 12:38:46.176  7586  7639 E AppFeatureProviderUtils: getString: getStringForFeature return null
04-11 12:38:46.177  7586  7639 E AppFeatureProviderUtils: getString: getStringForFeature return null
04-11 12:38:46.177  7586  7639 E AppFeatureProviderUtils: getString: getStringForFeature return null
04-11 12:38:46.178  7586  7639 E AppFeatureProviderUtils: getString: getStringForFeature return null
04-11 12:38:46.178  7586  7639 E AppFeatureProviderUtils: getString: getStringForFeature return null
04-11 12:38:46.185  2280  2331 D BatteryChargeControl: bcc get no support from charging protocol
04-11 12:38:46.220  3590  8835 D NotificationService--OplusNotificationFixHelper: fixAppIcon: pkg=com.v2ray.ang
04-11 12:38:46.221  3590  8835 D NotificationService--OplusNotificationFixHelper: fixAppIcon: appIcon = null, pkg = com.v2ray.ang
04-11 12:38:46.221  3590  8835 D NotificationService--NotificationRecord: isSupportRearLight , isRearLight = false mLedRM = false isMultilLed = false
04-11 12:38:46.222  3590  8835 I OplusStatusBarManagerServiceEnhance:  getTopIsFullscreen mTopIsFullscreen: false
04-11 12:38:46.222  3590  8835 W ActivityManager: Permission Denial: getTopApplicationInfo from pid=18198, uid=10397 requires oplus.permission.OPLUS_COMPONENT_SAFE
04-11 12:38:46.222  3590  8835 E OplusNotificationCenter: getForegroundApplication exception
04-11 12:38:46.222  3590  3590 D NotificationService--OplusNotificationManagerServiceExtImpl: isForwardToAssistants: true, case : Is local notification
04-11 12:38:46.222  3590  3590 D NotificationService: This application enqueue notifications is need postDelayed mcsAssistantDelayTime: 50
04-11 12:38:46.237  2181  2506 I SDM     : DisplayBuiltIn::IdlePowerCollapse: IPC received, disabling partial update for one frame
04-11 12:38:46.281  8338  8338 I SystemUi--Notification: OplusLiveAlertNotificationsRepository-->onRankingApplied
04-11 12:38:46.293  8338  8338 I PluginSeedling--Track: RequestHandler-->notificationUpdated 0|com.v2ray.ang|1|null|10397 postTime: 1775882326221
04-11 12:38:46.294  8338  8338 E LockScreenNotificationDispatcherImp: updateNotificationListOnKg size:0
04-11 12:38:46.297 14034 15457 D AppSenseConfig: getIgnoreAppList: [com.android.launcher, com.android.contacts, com.oplus.wirelesssettings, com.coloros.alarmclock, com.coloros.calculator, com.coloros.calendar, com.coloros.phonemanager, com.android.settings, com.android.phone, com.oplus.nas, com.oplus.nhs, com.oplus.appdetail, com.android.permissioncontroller, com.oplus.pscanvas, com.oplus.autotest.test.ctp, com.android.systemui, com.android.systemui.overlay.fingerprint.anim.fy, com.android.systemui.overlay.fingerprint.anim.qy, com.android.systemui.overlay.fingerprint.anim.sw, com.android.systemui.overlay.fingerprint.anim.xw, com.android.systemui.overlay.fingerprint.anim.ccyh, com.android.systemui.overlay.fingerprint.anim.halo, com.android.systemui.overlay.fingerprint.anim.jslz, com.android.systemui.overlay.fingerprint.anim.none, com.android.systemui.overlay.fingerprint.anim.xklc]
04-11 12:38:46.298 14034 15457 D AppSenseConfig: getIgnoreAppList: [com.android.launcher, com.android.contacts, com.oplus.wirelesssettings, com.coloros.alarmclock, com.coloros.calculator, com.coloros.calendar, com.coloros.phonemanager, com.android.settings, com.android.phone, com.oplus.nas, com.oplus.nhs, com.oplus.appdetail, com.android.permissioncontroller, com.oplus.pscanvas, com.oplus.autotest.test.ctp, com.android.systemui, com.android.systemui.overlay.fingerprint.anim.fy, com.android.systemui.overlay.fingerprint.anim.qy, com.android.systemui.overlay.fingerprint.anim.sw, com.android.systemui.overlay.fingerprint.anim.xw, com.android.systemui.overlay.fingerprint.anim.ccyh, com.android.systemui.overlay.fingerprint.anim.halo, com.android.systemui.overlay.fingerprint.anim.jslz, com.android.systemui.overlay.fingerprint.anim.none, com.android.systemui.overlay.fingerprint.anim.xklc]
04-11 12:38:46.298 14034 15457 D AppSenseConfig: getIgnoreAppList: [com.android.launcher, com.android.contacts, com.oplus.wirelesssettings, com.coloros.alarmclock, com.coloros.calculator, com.coloros.calendar, com.coloros.phonemanager, com.android.settings, com.android.phone, com.oplus.nas, com.oplus.nhs, com.oplus.appdetail, com.android.permissioncontroller, com.oplus.pscanvas, com.oplus.autotest.test.ctp, com.android.systemui, com.android.systemui.overlay.fingerprint.anim.fy, com.android.systemui.overlay.fingerprint.anim.qy, com.android.systemui.overlay.fingerprint.anim.sw, com.android.systemui.overlay.fingerprint.anim.xw, com.android.systemui.overlay.fingerprint.anim.ccyh, com.android.systemui.overlay.fingerprint.anim.halo, com.android.systemui.overlay.fingerprint.anim.jslz, com.android.systemui.overlay.fingerprint.anim.none, com.android.systemui.overlay.fingerprint.anim.xklc]
04-11 12:38:46.298 14034 15457 D ActivityAdapter: taskChange: pre: 1, cur: 1, changed:true
04-11 12:38:46.299 14034 15457 D ActivityAdapter: notifyActivityQuery: [com.binance.monitor; com.binance.monitor.ui.account.AccountStatsBridgeActivity; 1; COMMON; 10512]
04-11 12:38:46.299  8338  8338 W SystemUi--Notification: OplusNotificationGroupExtImpl-->setChildrenExpanded: groupHeader is null
04-11 12:38:46.299 14034 15457 D OPlusFrontAppManager: useAdapterResult, pkg=com.binance.monitor,activity=com.binance.monitor.ui.account.AccountStatsBridgeActivity,result=true
04-11 12:38:46.299 14034 15457 D OPlusFrontAppManager: decide -->> [com.binance.monitor; com.binance.monitor.ui.account.AccountStatsBridgeActivity; 1; COMMON; 10512]
04-11 12:38:46.299 14034 15457 D ConferenceScene: pkg:com.binance.monitor, activity:com.binance.monitor.ui.account.AccountStatsBridgeActivity, appSense:COMMON
04-11 12:38:46.299 14034 15457 D ConferenceScene: pkg:com.binance.monitor, activity:com.binance.monitor.ui.main.MainActivity, appSense:COMMON
04-11 12:38:46.299  8338  8338 I SystemUi--Notification: LockScreenNotificationDispatcherImp-->updateNotificationListOnKg resultCode: 0
04-11 12:38:46.300 14034 15297 D CellMap/GameLatencyMapService: handleAppSceneChange: [{pkgName:com.binance.monitor,activityName:,winMode:1,event:COMMON,type:0,subEvent:0,pid:579,uid:10512}]
04-11 12:38:46.300 14034 15297 D CellMap/QoeMapService: handleAppSceneChange: [{pkgName:com.binance.monitor,activityName:,winMode:1,event:COMMON,type:0,subEvent:0,pid:579,uid:10512}]
04-11 12:38:46.300 14034 15297 D CellMap/QoeMapService: handleAppSceneChange update: 0
04-11 12:38:46.300 14034 15313 D Subsys-ScoreAppManager: handleMessage what:2
04-11 12:38:46.300 14034 15313 D Subsys-ScoreAppManager: EVENT_ID_APP_SENSE_CHANGE  onFrontActivityChanged
04-11 12:38:46.300 14034 15313 D Subsys-ScoreAppManager: appSceneChange fgAppUnits size 1 fgAppUnits [{pkgName:com.binance.monitor,activityName:,winMode:1,event:COMMON,type:0,subEvent:0,pid:579,uid:10512}] mLastNetworkList[255, 264]
04-11 12:38:46.300 14034 15313 D Subsys-ScoreAppManager: createApp
04-11 12:38:46.300 14034 15313 D Subsys-ScoreAppManager: createApp
04-11 12:38:46.301 14034 15313 D Subsys-ScoreAppManager: unit: {pkgName:com.binance.monitor,activityName:,winMode:1,event:COMMON,type:0,subEvent:0,pid:579,uid:10512}
04-11 12:38:46.301 14034 15313 D CommonApp-255-10512: DefaultState EVENT_SCENARIOS_CHANGE
04-11 12:38:46.301 14034 15313 D CommonApp-255-10512: scene=COMMON pn=com.binance.monitor
04-11 12:38:46.301 14034 15313 D CommonApp-264-10512: DefaultState EVENT_SCENARIOS_CHANGE
04-11 12:38:46.301 14034 15313 D CommonApp-264-10512: scene=COMMON pn=com.binance.monitor
04-11 12:38:46.301 14034 14034 D AtomHighLoadSenseInfo: handleMessage what:1000
04-11 12:38:46.301 14034 14034 D AtomHighLoadSenseInfo: handleAppSenseChanged original mode:{live:0,video:0,voice call:0,video call:0,live host:0,meeting:0}
04-11 12:38:46.301 14034 14034 D AtomHighLoadSenseInfo: handleAppSenseChanged appInfoUnit:{pkgName:com.binance.monitor,activityName:,winMode:1,event:COMMON,type:0,subEvent:0,pid:579,uid:10512}
04-11 12:38:46.301 14034 14034 D AtomNetworkScoreInfo: handleMessage: 1006
04-11 12:38:46.301 14034 14034 D AtomNetworkScoreInfo: top app size: 1
04-11 12:38:46.301 14034 14034 D AtomNetworkScoreInfo: Front app state: 1
04-11 12:38:46.301 14034 14034 D AtomModemKpiInfo: handleMessage what:1000
04-11 12:38:46.301 14034 14034 D SceneService: handleMessage what:1004
04-11 12:38:46.302 14034 14034 D SceneService: notifyAppSceneChanged original mode:{live:0,video:0,voice call:0,video call:0,live host:0,game:0,meeting:0,news:0,file transfer:0},appInfoUnit:[{pkgName:com.binance.monitor,activityName:,winMode:1,event:COMMON,type:0,subEvent:0,pid:579,uid:10512}]
04-11 12:38:46.302  3590  3795 D AppSenseClient: handleMessage: 100
04-11 12:38:46.302 14034 14034 D ExtremeCommService: handleMessage what:1012
04-11 12:38:46.302 14034 14034 D ExtremeCommService: updateAppInfo appInfoUnit: com.binance.monitor, winMode:1
04-11 12:38:46.302 14034 14034 D FrontAppsEvent: receive msg:1001
04-11 12:38:46.302 14034 14034 D FrontAppsEvent: onAppSceneUpdate, infoList:[{pkgName:com.binance.monitor,activityName:,winMode:1,event:COMMON,type:0,subEvent:0,pid:579,uid:10512}]
04-11 12:38:46.302  3590  3795 D AppSenseClient: handleSenseEvent appInfoUnits: {pkgName:com.binance.monitor,activityName:com.binance.monitor.ui.account.AccountStatsBridgeActivity,winMode:1,event:COMMON,type:0,subEvent:0,pid:579,uid:10512},
04-11 12:38:46.302  3590  3795 D AppSenseClient: handleSenseEvent clients: 1
04-11 12:38:46.302  3590  3795 D AppSenseClient: handleSenseEvent clientId: 224279445
04-11 12:38:46.302  3590  3795 D AppSenseClient: notifyAppChanges: [{pkgName:com.binance.monitor,activityName:com.binance.monitor.ui.account.AccountStatsBridgeActivity,winMode:1,event:COMMON,type:0,subEvent:0,pid:579,uid:10512}]
04-11 12:38:46.302  8406  8866 D AppSenseClient: handleMessage: 100
04-11 12:38:46.302  8498  8498 D AppSenseClient: handleMessage: 100
04-11 12:38:46.302  8406  8866 D AppSenseClient: handleSenseEvent appInfoUnits: {pkgName:com.binance.monitor,activityName:com.binance.monitor.ui.account.AccountStatsBridgeActivity,winMode:1,event:COMMON,type:0,subEvent:0,pid:579,uid:10512},
04-11 12:38:46.302  8498  8498 D AppSenseClient: handleSenseEvent appInfoUnits: {pkgName:com.binance.monitor,activityName:com.binance.monitor.ui.account.AccountStatsBridgeActivity,winMode:1,event:COMMON,type:0,subEvent:0,pid:579,uid:10512},
04-11 12:38:46.302  8498  8498 D AppSenseClient: handleSenseEvent clients: 1
04-11 12:38:46.302  8498  8498 D AppSenseClient: handleSenseEvent clientId: 74017188
04-11 12:38:46.302  8406  8866 D AppSenseClient: handleSenseEvent clients: 1
04-11 12:38:46.303  8406  8866 D AppSenseClient: handleSenseEvent clientId: 101737326
04-11 12:38:46.303  8498  8498 D AppSenseClient: notifyAppChanges: [{pkgName:com.binance.monitor,activityName:com.binance.monitor.ui.account.AccountStatsBridgeActivity,winMode:1,event:COMMON,type:0,subEvent:0,pid:579,uid:10512}]
04-11 12:38:46.303  8406  8866 D AppSenseClient: notifyAppChanges: [{pkgName:com.binance.monitor,activityName:com.binance.monitor.ui.account.AccountStatsBridgeActivity,winMode:1,event:COMMON,type:0,subEvent:0,pid:579,uid:10512}]
04-11 12:38:46.303  8498  8498 D NhsAppSenseListener: onAppChanged, app list size: 1
04-11 12:38:46.303 14034 15457 D AppSenseService: notifySenseEvent: {pkgName:com.binance.monitor,activityName:com.binance.monitor.ui.account.AccountStatsBridgeActivity,winMode:1,event:COMMON,type:0,subEvent:0,pid:579,uid:10512},
04-11 12:38:46.303 13839 14411 D AppSenseClient: handleMessage: 100
04-11 12:38:46.303 13839 14411 D AppSenseClient: handleSenseEvent appInfoUnits: {pkgName:com.binance.monitor,activityName:com.binance.monitor.ui.account.AccountStatsBridgeActivity,winMode:1,event:COMMON,type:0,subEvent:0,pid:579,uid:10512},
04-11 12:38:46.303 13839 14411 D AppSenseClient: handleSenseEvent clients: 1
04-11 12:38:46.303 13839 14411 D AppSenseClient: handleSenseEvent clientId: 106466519
04-11 12:38:46.303 13839 14411 D AppSenseClient: notifyAppChanges: [{pkgName:com.binance.monitor,activityName:com.binance.monitor.ui.account.AccountStatsBridgeActivity,winMode:1,event:COMMON,type:0,subEvent:0,pid:579,uid:10512}]
04-11 12:38:46.303 13839 14411 D NAS-DataSceneEvent: onAppChanged, app list size: 1
04-11 12:38:46.303 13839 14411 D NAS-DataSceneEvent: updateAppSenseChange [{pkgName:com.binance.monitor,activityName:com.binance.monitor.ui.account.AccountStatsBridgeActivity,winMode:1,event:COMMON,type:0,subEvent:0,pid:579,uid:10512}]
04-11 12:38:46.306 13839 14674 D OplusLinkBoostSceneManager: handleAppSceneChange: live broadcast off
04-11 12:38:46.306 13839 14698 E OplusNetlinkConnect: parse rsp msg failed!Message missing required fields: header
04-11 12:38:46.323  8338  8706 D LocalImageResolver: Couldn't use ImageDecoder for drawable, falling back to non-resized load.
04-11 12:38:46.325  8338  8338 D OplusNotificationDateTimeView: setTime mSettingTimeMillis 1775882326217, mSettingLocalDateTime 2026-04-11T12:38:00.217
04-11 12:38:46.328  8338  8706 D LocalImageResolver: Couldn't use ImageDecoder for drawable, falling back to non-resized load.
04-11 12:38:46.329  8338  8338 D OplusNotificationDateTimeView: setTime mSettingTimeMillis 1775882326217, mSettingLocalDateTime 2026-04-11T12:38:00.217
04-11 12:38:46.331  8338  8706 D LocalImageResolver: Couldn't use ImageDecoder for drawable, falling back to non-resized load.
04-11 12:38:46.331  8338  8338 D OplusNotificationDateTimeView: setTime mSettingTimeMillis 1775882326217, mSettingLocalDateTime 2026-04-11T12:38:00.217
04-11 12:38:46.334  8338  8338 I SystemUi--Notification: OplusNotificationTempla-->resolveContentMargin: marginTop=112 isChildInGroup=false hasSubtitle=true params.topMargin=112
04-11 12:38:46.336  8338  8338 W SystemUi--Notification: OplusNotificationGroupExtImpl-->setChildrenExpanded: groupHeader is null
04-11 12:38:46.337  8338  8338 E LockScreenNotificationDispatcherImp: updateNotificationListOnKg size:0
04-11 12:38:46.340  8338  8338 W SystemUi--Notification: OplusNotificationGroupExtImpl-->setChildrenExpanded: groupHeader is null
04-11 12:38:46.340  8338  8338 I SystemUi--Notification: LockScreenNotificationDispatcherImp-->updateNotificationListOnKg resultCode: 0
04-11 12:38:46.373  2181  2506 I SDM     : DisplayBuiltIn::IdlePowerCollapse: IPC received, disabling partial update for one frame
04-11 12:38:46.379  2181 26958 E CwbService: Panel not support apl read or getDisplayPanelAplValue timeout 10ms.
04-11 12:38:46.380  2258  2258 D SensorFeature: name=ssc_screenshot_info ,index = 22
04-11 12:38:46.380  2258  2258 D SensorFeature: write 39 bytes:929541729016919,929541782113742,31104,0
04-11 12:38:46.382  2113 17862 I sensors-hal: handle_oplus_wise_rgb_event:161, wise_rgb: (43336)(cct, lux, ir)[7380.97, 386.36, 40.936993] (r, g, b, c)[16370.82, 11891.12, 7761.43, 33328.29]                 (pwm, hbm, brl, algo)[0.0 0.0 1419.0 2.0], flag 131072
04-11 12:38:46.588   579  1003 D ProfileInstaller: Installing profile for com.binance.monitor
04-11 12:38:46.596  2113 20704 I sensors-hal: handle_oplus_wise_rgb_event:189, high_pwm_light:lux 386.7,cct 7359.4,brl/algo/ir 1419.0/2.0/40.6,pwm/dc 0.0/0.0,rgbc 16395.742188/11880.124023/7759.217773/33388.894531,ts 929541782066561,cnt 43340,flag 31104
04-11 12:38:46.596  2113 17862 I sensors-hal: handle_oplus_wise_rgb_event:161, wise_rgb: (43341)(cct, lux, ir)[7359.42, 386.68, 40.644482] (r, g, b, c)[16370.82, 11864.73, 7763.63, 33342.27]                 (pwm, hbm, brl, algo)[0.0 0.0 1419.0 2.0], flag 96640
04-11 12:38:46.611  2181  2506 I SDM     : DisplayBuiltIn::IdlePowerCollapse: IPC received, disabling partial update for one frame
04-11 12:38:46.660 13839 14712 I SmartDataSwitchStateManager: handle message:7
04-11 12:38:46.661 13839 14712 I SmartDataSwitchSM: [DisableState]Handle msg: 2
04-11 12:38:46.661 13839 14712 I SmartDataSwitchSM: [DisableState]handle state change, reason:DataScoreLow
04-11 12:38:46.682  2258  2258 D SensorFeature: name=ssc_screenshot_info ,index = 22
04-11 12:38:46.682  2258  2258 D SensorFeature: write 39 bytes:929541729016919,929542095022805,31105,0
04-11 12:38:46.703   472  1004 D ProfileInstaller: Skipping profile installation for com.android.permissioncontroller
04-11 12:38:46.705  4482  4659 W ServiceManagerCppClient: Waited one second for SystemClearService (is service started? Number of threads started in the threadpool: 16. Are binder threads started and available?)
04-11 12:38:46.707  1254  1005 W libc    : Unable to set property "ctl.interface_start" to "aidl/SystemClearService": PROP_ERROR_HANDLE_CONTROL_MESSAGE (0x20)
04-11 12:38:46.707  4482  4680 W ServiceManagerCppClient: Waited one second for SystemClearService (is service started? Number of threads started in the threadpool: 16. Are binder threads started and available?)
04-11 12:38:46.708  1254  1006 W libc    : Unable to set property "ctl.interface_start" to "aidl/SystemClearService": PROP_ERROR_HANDLE_CONTROL_MESSAGE (0x20)
04-11 12:38:46.806 13839 14674 D UlPriorityPolicyForeground: match: config has not com.binance.monitor
04-11 12:38:46.865  2113 17862 I sensors-hal: handle_oplus_wise_rgb_event:161, wise_rgb: (43346)(cct, lux, ir)[7358.39, 387.24, 40.629383] (r, g, b, c)[16393.25, 11897.72, 7774.67, 33393.56]                 (pwm, hbm, brl, algo)[0.0 0.0 1419.0 2.0], flag 96641
04-11 12:38:46.922   579   619 D OplusScrollToTopManager: com.binance.monitor/com.binance.monitor.ui.main.MainActivity,This com.android.internal.policy.DecorView{a77c5d2 I.E...... R......D 0,0-1264,2780 aid=0 alpha=1.0 viewInfo = }[MainActivity] change focus to false
04-11 12:38:46.933  3590  7167 D osense.compress: com.xunmeng.pinduoduo do shrink, target ratio = 40, final ratio = 40, cur ratio = 37
04-11 12:38:46.959  3590  3830 W QosScheduler: executeSceneQosStrategy failed! qos feature no enable
04-11 12:38:46.966  2258  2258 D SensorFeature: name=ssc_screenshot_info ,index = 22
04-11 12:38:46.966  2258  2258 D SensorFeature: write 39 bytes:929541729016919,929542378129732,31106,0
04-11 12:38:46.993   579   619 D OplusScrollToTopManager: com.binance.monitor/com.binance.monitor.ui.account.AccountStatsBridgeActivity,This com.android.internal.policy.DecorView{93ac13 V.E...... R....... 0,0-1264,2780 aid=1 alpha=1.0 viewInfo = }[AccountStatsBridgeActivity] change focus to true
04-11 12:38:46.997  2727  3986 D QmiClient: qmiServiceEventCallback recv msg id 1099
04-11 12:38:46.997  2727  3986 D QmiClient: enter -mServiceType 4 onQmiServiceEventCallback msgId 1099
04-11 12:38:46.997  3438  3988 D QmiClient: qmiServiceEventCallback recv msg id 1099
04-11 12:38:46.997  3438  3988 D QmiClient: enter -mServiceType 4 onQmiServiceEventCallback msgId 1099
04-11 12:38:46.997  3438  3988 D QmiClient: onQmiServiceEventCallback - enter. msgId=1099
04-11 12:38:46.997  3438  3988 D QmiVsClientEvent: QosPeriodReportInd MSG IND data_len 2052
04-11 12:38:46.997  3438  3988 D QmiVsClientEvent: qmiVsClientNotifyQosPeriodReportIndEvent - RADIO_EVENT_QOS_PERIOD_REPORT_NOTIFY_IND
04-11 12:38:46.997  2727  3986 D QmiClient: onQmiServiceEventCallback - enter. msgId=1099
04-11 12:38:46.997  2727  3986 D QmiVsClientEvent: QosPeriodReportInd MSG IND data_len 2052
04-11 12:38:46.997  2727  3986 D QmiVsClientEvent: qmiVsClientNotifyQosPeriodReportIndEvent - RADIO_EVENT_QOS_PERIOD_REPORT_NOTIFY_IND
04-11 12:38:46.998  2727  2826 D VsProxy : handleMessage msg is 2420
04-11 12:38:46.998  2727  2826 D VsProxy : handleQosPeriodReportInd for instance 0 data_len 145
04-11 12:38:46.998  3438  3485 D VsProxy : handleMessage msg is 2420
04-11 12:38:46.998  3438  3485 D VsProxy : handleQosPeriodReportInd for instance 1 data_len 209
04-11 12:38:46.998 14034   947 D SubsysRadioIndication[0]: radioQosPeriodReportInd result [8, -118, -94, -10, -50, 14, 34, 12, 8, -84, -69, -57, -50, 14, 16, 4, 24, 1, 32, 3, 58, 61, 8, -76, -115, -10, -50, 14, 16, 5, 24, -64, -92, 38, 32, -22, 6, 40, -97, -1, -1, -1, -1, -1, -1, -1, -1, 1, 48, -12, -1, -1, -1, -1, -1, -1, -1, -1, 1, 56, 1, 64, -104, -1, -1, -1, -1, -1, -1, -1, -1, 1, 72, -97, -1, -1, -1, -1, -1, -1, -1, -1, 1, 66, 29, 8, -57, -20, -92, -50, 14, 16, 5, 34, 19, 8, -64, -92, 38, 16, -22, 6, 24, 78, 32, 13, 40, -117, -32, -94, -93, 2, 48, 2, 90, 0, 98, 10, 8, -41, -26, -92, -50, 14, 16, 3, 24, 5, 122, 15, 8, -8, -24, -92, -50, 14, 16, -52, 2, 24, -21, 1, 32, -90, 9]
04-11 12:38:46.999 14034 14034 D NetworkService[0]: handleMessage what:1005
04-11 12:38:46.999 14034 14034 D RadioAtomTracker: parseQosPeriodData ModemQos:CellularQosInfo2{5G, 627264/874, EndcState=0, Band=78, DLBW=13, Rsrp=-97, Rsrq=-12, Snr=1, SvcStatus=3, ULPDCPNumDataPdu=-1, ULPDCPNumDropPdu=-1, ULPDCPTput=-1, ULRLCNumDataPdu=-1, ULRLCNumRetxPdu=-1, ULGrant=-1, ULBSR=-1, ULBler=-1, DLPDCPNumDataPdu=-1, DLPDCPTput=-1, DLRLCNumDataPdu=-1, DLRLCNumRetxPdu=-1, DLRLCNumDropPdu=-1, DLMACPaddingBytes=-1, DLPdcpNumMissToUppPdu=-1, DLBler=-1, RlfCount=0, CellChangeCount=0, IsRedirectionOccur=0, IsDualSimConflict=0, Latency=0, Sub1RrcState=1, Sub2RrcState=3, RachCount=0, CalcPower=332, Mtpl=235, PathLoss=1190, CellLoad=0}
04-11 12:38:46.999 14034 14034 D NetworkService[0]: EVENT_REG_QOS_PERIOD_REPORT_IND_CHANGED ENTER
04-11 12:38:46.999 14034 14034 D AtomModemKpiInfo: handleMessage what:1001
04-11 12:38:46.999 14034 14034 D AtomModemKpiInfo: analyseQosInfo success
04-11 12:38:46.999 14034   947 D SubsysRadioIndication[1]: radioQosPeriodReportInd result [8, -118, -94, -10, -50, 14, 18, 21, 8, -89, -95, -10, -50, 14, 16, 4, 32, -13, 1, 40, 4, 56, -93, 4, 64, -51, 1, 72, 1, 26, 15, 8, -39, -96, -10, -50, 14, 16, 6, 40, 6, 56, -5, 8, 72, 4, 34, 12, 8, -84, -69, -57, -50, 14, 16, 4, 24, 1, 32, 3, 58, 83, 8, -35, -97, -10, -50, 14, 16, 5, 24, -98, -23, 30, 32, -54, 1, 40, -91, -1, -1, -1, -1, -1, -1, -1, -1, 1, 48, -12, -1, -1, -1, -1, -1, -1, -1, -1, 1, 56, 3, 64, -91, -1, -1, -1, -1, -1, -1, -1, -1, 1, 72, -91, -1, -1, -1, -1, -1, -1, -1, -1, 1, 80, -92, -1, -1, -1, -1, -1, -1, -1, -1, 1, 88, -93, -1, -1, -1, -1, -1, -1, -1, -1, 1, 66, 31, 8, -120, -25, -29, -50, 14, 16, 5, 24, 2, 34, 19, 8, -98, -23, 30, 16, -54, 1, 24, 41, 32, 13, 40, -126, -128, -52, -67, 21, 48, 2, 90, 0, 98, 10, 8, -85, -54, -73, -50, 14, 16, 3, 24, 5, 122, 15, 8, -83, -99, -10, -50, 14, 16, -59, 1, 24, -11, 1, 32, -52, 8]
04-11 12:38:47.000 14034 14034 D NetworkService[1]: handleMessage what:1005
04-11 12:38:47.000 14034 14034 D RadioAtomTracker: parseQosPeriodData ModemQos:CellularQosInfo1{5G, 504990/202, EndcState=2, Band=41, DLBW=13, Rsrp=-91, Rsrq=-12, Snr=3, SvcStatus=3, ULPDCPNumDataPdu=4, ULPDCPNumDropPdu=0, ULPDCPTput=243, ULRLCNumDataPdu=4, ULRLCNumRetxPdu=0, ULGrant=547, ULBSR=205, ULBler=1, DLPDCPNumDataPdu=6, DLPDCPTput=1147, DLRLCNumDataPdu=6, DLRLCNumRetxPdu=0, DLRLCNumDropPdu=0, DLMACPaddingBytes=0, DLPdcpNumMissToUppPdu=0, DLBler=4, RlfCount=0, CellChangeCount=0, IsRedirectionOccur=0, IsDualSimConflict=0, Latency=12, Sub1RrcState=1, Sub2RrcState=3, RachCount=0, CalcPower=197, Mtpl=245, PathLoss=1100, CellLoad=0}
04-11 12:38:47.000 14034 14034 D NetworkService[1]: EVENT_REG_QOS_PERIOD_REPORT_IND_CHANGED ENTER
04-11 12:38:47.000 14034 14034 D AtomModemKpiInfo: handleMessage what:1001
04-11 12:38:47.000 14034 14034 D AtomModemKpiInfo: analyseQosInfo success
04-11 12:38:47.010 15757 16090 W Battery : ThermalControllHandler: MSG_THERMAL_CONTROL_STATUS_CHANGED,msg:16
04-11 12:38:47.010 15757 16090 W Battery : StateManager: getAppType com.binance.monitor, last=1775882321103
04-11 12:38:47.011 15757 16090 W Battery : ThermalControllerCenter: mSafetyState=10000,  mSafetyTestConfigList=01111,10111,11011,11101,11110,00111,01011,01101,01110,10011,10101,10110,11001,11010,11100,11111
04-11 12:38:47.011 15757 16090 W Battery : ThermalControlConfig: mNonBigVersionOtaPeriodVal=2
04-11 12:38:47.011 15757 16090 W Battery : ThermalControllHandler: tempLevel=[2],userMode=2,gameUserMode=-1,appType=-1,envTempType=0,appStates=[],appSwitchSafetyMode=true,split=[],float={com.binance.monitor},full=[com.binance.monitor], tempGear=[2],configItemName=common_config
04-11 12:38:47.011 15757 16090 W Battery : StateManager: getAppType com.binance.monitor, last=1775882321103
04-11 12:38:47.029   424   574 D ConfigListManager: we take a gc.
04-11 12:38:47.034  3590  7902 D InetDiagMessage: Destroyed 0 sockets, proto=IPPROTO_TCP, family=AF_INET, states=14
04-11 12:38:47.040  3590  7902 D InetDiagMessage: Destroyed 1 sockets, proto=IPPROTO_TCP, family=AF_INET6, states=14
04-11 12:38:47.040  3590  7902 D InetDiagMessage: Destroyed live tcp sockets for uids={10515} in 10ms
04-11 12:38:47.042  2181  2506 I SDM     : DisplayBuiltIn::IdlePowerCollapse: IPC received, disabling partial update for one frame
