04-11 12:38:57.137 14034   947 D SubsysRadioIndication[0]: radioQosPeriodReportInd result [8, -91, -15, -10, -50, 14, 34, 12, 8, -84, -69, -57, -50, 14, 16, 4, 24, 1, 32, 3, 58, 61, 8, -59, -34, -10, -50, 14, 16, 5, 24, -64, -92, 38, 32, -22, 6, 40, -98, -1, -1, -1, -1, -1, -1, -1, -1, 1, 48, -11, -1, -1, -1, -1, -1, -1, -1, -1, 1, 56, 2, 64, -99, -1, -1, -1, -1, -1, -1, -1, -1, 1, 72, -100, -1, -1, -1, -1, -1, -1, -1, -1, 1, 66, 29, 8, -57, -20, -92, -50, 14, 16, 5, 34, 19, 8, -64, -92, 38, 16, -22, 6, 24, 78, 32, 13, 40, -117, -32, -94, -93, 2, 48, 2, 90, 0, 98, 10, 8, -41, -26, -92, -50, 14, 16, 3, 24, 5, 122, 15, 8, -8, -24, -92, -50, 14, 16, -52, 2, 24, -21, 1, 32, -90, 9]
04-11 12:38:57.138 14034 14747 D SubsysRadioIndication[1]: radioQosPeriodReportInd result [8, -91, -15, -10, -50, 14, 18, 14, 8, -10, -18, -10, -50, 14, 16, 2, 32, 94, 40, 2, 72, 1, 26, 13, 8, -26, -17, -10, -50, 14, 16, 2, 40, 2, 56, -124, 1, 34, 12, 8, -84, -69, -57, -50, 14, 16, 4, 24, 1, 32, 3, 58, 83, 8, -107, -16, -10, -50, 14, 16, 5, 24, -98, -23, 30, 32, -54, 1, 40, -90, -1, -1, -1, -1, -1, -1, -1, -1, 1, 48, -11, -1, -1, -1, -1, -1, -1, -1, -1, 1, 56, 5, 64, -90, -1, -1, -1, -1, -1, -1, -1, -1, 1, 72, -90, -1, -1, -1, -1, -1, -1, -1, -1, 1, 80, -91, -1, -1, -1, -1, -1, -1, -1, -1, 1, 88, -94, -1, -1, -1, -1, -1, -1, -1, -1, 1, 66, 31, 8, -120, -25, -29, -50, 14, 16, 5, 24, 2, 34, 19, 8, -98, -23, 30, 16, -54, 1, 24, 41, 32, 13, 40, -126, -128, -52, -67, 21, 48, 2, 90, 0, 98, 10, 8, -85, -54, -73, -50, 14, 16, 3, 24, 5, 122, 15, 8, -84, -17, -10, -50, 14, 16, -59, 1, 24, -11, 1, 32, -52, 8]
04-11 12:38:57.138 14034 14747 D SubsysRadioIndication[1]: radioLinkLatencyInfoInd
04-11 12:38:57.138 14034 14747 D SubsysRadioIndication[1]: notify enter
04-11 12:38:57.138 14034 14034 D NetworkService[0]: handleMessage what:1005
04-11 12:38:57.138 14034 14034 D RadioAtomTracker: parseQosPeriodData ModemQos:CellularQosInfo2{5G, 627264/874, EndcState=0, Band=78, DLBW=13, Rsrp=-98, Rsrq=-11, Snr=2, SvcStatus=3, ULPDCPNumDataPdu=-1, ULPDCPNumDropPdu=-1, ULPDCPTput=-1, ULRLCNumDataPdu=-1, ULRLCNumRetxPdu=-1, ULGrant=-1, ULBSR=-1, ULBler=-1, DLPDCPNumDataPdu=-1, DLPDCPTput=-1, DLRLCNumDataPdu=-1, DLRLCNumRetxPdu=-1, DLRLCNumDropPdu=-1, DLMACPaddingBytes=-1, DLPdcpNumMissToUppPdu=-1, DLBler=-1, RlfCount=0, CellChangeCount=0, IsRedirectionOccur=0, IsDualSimConflict=0, Latency=0, Sub1RrcState=1, Sub2RrcState=3, RachCount=0, CalcPower=332, Mtpl=235, PathLoss=1190, CellLoad=0}
04-11 12:38:57.138 14034 14034 D NetworkService[0]: EVENT_REG_QOS_PERIOD_REPORT_IND_CHANGED ENTER
04-11 12:38:57.138 14034 14034 D NetworkService[1]: handleMessage what:1005
04-11 12:38:57.139 14034 14034 D RadioAtomTracker: parseQosPeriodData ModemQos:CellularQosInfo1{5G, 504990/202, EndcState=2, Band=41, DLBW=13, Rsrp=-90, Rsrq=-11, Snr=5, SvcStatus=3, ULPDCPNumDataPdu=2, ULPDCPNumDropPdu=0, ULPDCPTput=94, ULRLCNumDataPdu=2, ULRLCNumRetxPdu=0, ULGrant=0, ULBSR=0, ULBler=1, DLPDCPNumDataPdu=2, DLPDCPTput=132, DLRLCNumDataPdu=2, DLRLCNumRetxPdu=0, DLRLCNumDropPdu=0, DLMACPaddingBytes=0, DLPdcpNumMissToUppPdu=0, DLBler=0, RlfCount=0, CellChangeCount=0, IsRedirectionOccur=0, IsDualSimConflict=0, Latency=0, Sub1RrcState=1, Sub2RrcState=3, RachCount=0, CalcPower=197, Mtpl=245, PathLoss=1100, CellLoad=0}
04-11 12:38:57.139 14034 14034 D NetworkService[1]: EVENT_REG_QOS_PERIOD_REPORT_IND_CHANGED ENTER
04-11 12:38:57.139 14034 14034 D NetworkService[1]: handleMessage what:1008
04-11 12:38:57.139 14034 14034 D NetworkService[1]: EVENT_REG_LINK_LATENCY_INFO_CHANGE ulLatency:7736
04-11 12:38:57.139 14034 14034 D AtomModemKpiInfo: handleMessage what:1001
04-11 12:38:57.139 14034 14034 D AtomModemKpiInfo: analyseQosInfo success
04-11 12:38:57.151  2181  2506 I SDM     : DisplayBuiltIn::IdlePowerCollapse: IPC received, disabling partial update for one frame
04-11 12:38:57.154   579   827 I ChainTrace: stream type=heartbeat gapMs=1121 refreshMarket=false
04-11 12:38:57.156   579   619 D OplusScrollToTopManager: com.binance.monitor/com.binance.monitor.ui.account.AccountStatsBridgeActivity,This com.android.internal.policy.DecorView{93ac13 V.E...... R....... 0,0-1264,2780 aid=1 alpha=1.0 viewInfo = }[AccountStatsBridgeActivity] change focus to true
04-11 12:38:57.191  2280  2331 D BatteryChargeControl: bcc get no support from charging protocol
04-11 12:38:57.233  2181  2506 I SDM     : DisplayBuiltIn::IdlePowerCollapse: IPC received, disabling partial update for one frame
04-11 12:38:57.260  2113 20704 I sensors-hal: handle_oplus_wise_rgb_event:189, high_pwm_light:lux 396.2,cct 7305.1,brl/algo/ir 1419.0/2.0/40.6,pwm/dc 0.0/0.0,rgbc 16789.439453/12150.675781/7933.606934/34123.203125,ts 929552434238904,cnt 43530,flag 31138
04-11 12:38:57.260  2113 17862 I sensors-hal: handle_oplus_wise_rgb_event:161, wise_rgb: (43531)(cct, lux, ir)[7305.10, 396.21, 40.552971] (r, g, b, c)[16789.44, 12128.68, 7940.23, 34235.10]                 (pwm, hbm, brl, algo)[0.0 0.0 1419.0 2.0], flag 31138
04-11 12:38:57.358 14034 15313 D CommonApp-264-10512: transport layer data is invalid
04-11 12:38:57.360 14034 15313 D CommonApp-255-10512: commonScoreStrategy scenarios low package
04-11 12:38:57.360 14034 15313 D ScorePolicy: handleScoreChanged: []
04-11 12:38:57.360 14034 15313 D ScorePolicy: handleScoreChanged: []
04-11 12:38:57.360 14034 15313 D ScorePolicy: handleScoreChanged: []
04-11 12:38:57.417  2181  2506 I SDM     : DisplayBuiltIn::IdlePowerCollapse: IPC received, disabling partial update for one frame
04-11 12:38:57.422  2181 26958 E CwbService: Panel not support apl read or getDisplayPanelAplValue timeout 10ms.
04-11 12:38:57.423  2258  2258 D SensorFeature: name=ssc_screenshot_info ,index = 22
04-11 12:38:57.423  2258  2258 D SensorFeature: write 39 bytes:929552770682748,929552824973113,31139,0
04-11 12:38:57.528  2113 17862 I sensors-hal: handle_oplus_wise_rgb_event:161, wise_rgb: (43536)(cct, lux, ir)[7361.56, 395.59, 40.492218] (r, g, b, c)[16831.80, 12185.87, 7938.02, 34186.14]                 (pwm, hbm, brl, algo)[0.0 0.0 1419.0 2.0], flag 31139
04-11 12:38:57.528  3590  9788 I AICCTModule: SensorFilter: brightness threshold 1.4 screenNit is 104.459 ave enviroment lux is 328.5013 luxForNit 102.485886demarcationPoint200.0 result is false
04-11 12:38:57.528  3590  9788 I AICCTModule: SensorFilter: findSecondNearestValue, sensorValue: 7712.91 nearestMaxValue:7706.4126 secondNearestValue: 7706.4126
04-11 12:38:57.528  3590  9788 I AICCTModule: SensorFilter: findSecondNearestValue, sensorValue: 328.4857 nearestMaxValue:328.6217 secondNearestValue: 328.6217
04-11 12:38:57.726  4482  4659 W ServiceManagerCppClient: Waited one second for SystemClearService (is service started? Number of threads started in the threadpool: 16. Are binder threads started and available?)
04-11 12:38:57.727  4482  4680 W ServiceManagerCppClient: Waited one second for SystemClearService (is service started? Number of threads started in the threadpool: 16. Are binder threads started and available?)
04-11 12:38:57.727  2258  2258 D SensorFeature: name=ssc_screenshot_info ,index = 22
04-11 12:38:57.728  2258  2258 D SensorFeature: write 39 bytes:929552770682748,929553139532592,31140,0
04-11 12:38:57.729  1254  1182 W libc    : Unable to set property "ctl.interface_start" to "aidl/SystemClearService": PROP_ERROR_HANDLE_CONTROL_MESSAGE (0x20)
04-11 12:38:57.729  1254  1183 W libc    : Unable to set property "ctl.interface_start" to "aidl/SystemClearService": PROP_ERROR_HANDLE_CONTROL_MESSAGE (0x20)
04-11 12:38:57.792  3590  7344 W OPLUS_LOG_LOAD: ==LOGS PROG INFO, prog(system_server) ==
04-11 12:38:57.792  3590  7344 V AlarmManager: sending alarm Alarm{d9c9dce type 1 origWhen 1775882337792 whenElapsed 929553206 android} uid 1000 whenElapsed 929553206 windowLength 0 maxWhenElapsed 929553206 repeatInterval 0 action null component null tag StorgaeBandInfoAlarmTag flags 0x9 procName system_server
04-11 12:38:57.794  3590 10338 E OplusStorageUFSBandwidth: storage_io_metrics_path is /proc/oplus_storage/io_metrics/forever/
04-11 12:38:57.794  2113 20704 I sensors-hal: handle_oplus_wise_rgb_event:189, high_pwm_light:lux 396.4,cct 7365.6,brl/algo/ir 1419.0/2.0/40.4,pwm/dc 0.0/0.0,rgbc 16809.373047/12139.678711/7957.889160/34225.773438,ts 929553089543748,cnt 43540,flag 31140
04-11 12:38:57.794  2113 17862 I sensors-hal: handle_oplus_wise_rgb_event:161, wise_rgb: (43541)(cct, lux, ir)[7365.58, 396.40, 40.350403] (r, g, b, c)[16841.77, 12157.28, 7960.10, 34216.45]                 (pwm, hbm, brl, algo)[0.0 0.0 1419.0 2.0], flag 31140
04-11 12:38:57.794  3590  7333 D FusionLightNextGen: process end reported = 1, mode: 0, cnt: 399460, lux 329.4, cct 7679.3, r/g/b/c: 16809.4/12172.7/7960.1/34167.5, R/G/B: 156.0/151.0/139.0, bri 1419.0, match 1.00, ir 0.044542, conf 5.0, ts 929553122756769
04-11 12:38:57.795  3590 10338 E OplusStorageUFSBandwidth: Bandwidth - Read: 0.50 MB/s, Write: 0.00 MB/s
04-11 12:38:57.795  3590 10338 E OplusStorageUFSBandwidth: Task time: 1ms
04-11 12:38:57.797  3590 10338 E OplusStorageUFSBandwidth: Alarm set to trigger in 10 seconds
04-11 12:38:57.852  3590  3830 W QosScheduler: executeSceneQosStrategy failed! qos feature no enable
04-11 12:38:57.927  2113 17888 I sensors-hal: handle_sns_std_sensor_event:114, oplus rgb_rear sample: (cct, lux, ir, x, y)[10317, 31, 345, 259, 318]
04-11 12:38:57.927  2113 17888 I sensors-hal: handle_sns_std_sensor_event:116, oplus rgb_rear sample: (r, g, b, c w)[1268, 2594, 644, 895, 0]
04-11 12:38:58.031  2258  2258 D SensorFeature: name=ssc_screenshot_info ,index = 22
04-11 12:38:58.032  2258  2258 D SensorFeature: write 39 bytes:929552770682748,929553443514519,31141,0
04-11 12:38:58.063  2113 17862 I sensors-hal: handle_oplus_wise_rgb_event:161, wise_rgb: (43546)(cct, lux, ir)[7378.18, 395.79, 40.517662] (r, g, b, c)[16809.37, 12163.88, 7966.72, 34204.79]                 (pwm, hbm, brl, algo)[0.0 0.0 1419.0 2.0], flag 31141
04-11 12:38:58.079 17904 17935 W OPLUS_LOG_LOAD: ==LOGS PROG INFO, prog(com.oplus.camera) ==
04-11 12:38:58.079 17904 17935 I APS_ALOG: flushRoutine g_immediateFlush=0 g_pendingCount=0 g_oobCount=0
04-11 12:38:58.105  3438  4039 D QmiClient: qmiServiceEventCallback recv msg id 47
04-11 12:38:58.105  3438  4039 D QmiClient: enter -mServiceType 10 onQmiServiceEventCallback msgId 47
04-11 12:38:58.105  3438  4039 D QmiClient: onQmiServiceEventCallback - enter. msgId=47
04-11 12:38:58.105  3438  3488 D OttProxy: handleMessage msg is 3001
04-11 12:38:58.106 14034   947 D SubsysRadioIndication[1]: radioLinkLatencyInfoInd
04-11 12:38:58.106 14034   947 D SubsysRadioIndication[1]: notify enter
04-11 12:38:58.107 14034 14034 D NetworkService[1]: handleMessage what:1008
04-11 12:38:58.107 14034 14034 D NetworkService[1]: EVENT_REG_LINK_LATENCY_INFO_CHANGE ulLatency:23076
04-11 12:38:58.119   579   827 I ChainTrace: stream type=syncEvent gapMs=965 refreshMarket=true
04-11 12:38:58.135   579   579 I SurfaceControl:  setExtendedRangeBrightness sc=Surface(name=)/@0xb5ec0c6,currentBufferRatio=1.0,desiredRatio=1.0
04-11 12:38:58.135  3590  7998 I [UAH_CLIENT]: uahRuleCtl, ruleId:206, status:3
04-11 12:38:58.135  3590  7163 V WindowManager: Relayout Window{7b513bd u0 com.binance.monitor}: viewVisibility=0, oldvis=0, req=315x429 , apr = 0, vsysui=, x=42, y=420
04-11 12:38:58.136  3438  3988 D QmiClient: qmiServiceEventCallback recv msg id 1099
04-11 12:38:58.136  3438  3988 D QmiClient: enter -mServiceType 4 onQmiServiceEventCallback msgId 1099
04-11 12:38:58.136  3438  3988 D QmiClient: onQmiServiceEventCallback - enter. msgId=1099
04-11 12:38:58.136  3438  3988 D QmiVsClientEvent: QosPeriodReportInd MSG IND data_len 2052
04-11 12:38:58.136  3438  3988 D QmiVsClientEvent: qmiVsClientNotifyQosPeriodReportIndEvent - RADIO_EVENT_QOS_PERIOD_REPORT_NOTIFY_IND
04-11 12:38:58.136  3590  3875 D VRR [OPlusSurfaceFlingerController]:  setComplexSceneEnable : true
04-11 12:38:58.136  2727  3986 D QmiClient: qmiServiceEventCallback recv msg id 1099
04-11 12:38:58.136  2727  3986 D QmiClient: enter -mServiceType 4 onQmiServiceEventCallback msgId 1099
04-11 12:38:58.136  2727  3986 D QmiClient: onQmiServiceEventCallback - enter. msgId=1099
04-11 12:38:58.136  2727  3986 D QmiVsClientEvent: QosPeriodReportInd MSG IND data_len 2052
04-11 12:38:58.136  2727  3986 D QmiVsClientEvent: qmiVsClientNotifyQosPeriodReportIndEvent - RADIO_EVENT_QOS_PERIOD_REPORT_NOTIFY_IND
04-11 12:38:58.136  3438  3485 D VsProxy : handleMessage msg is 2420
04-11 12:38:58.136  3438  3485 D VsProxy : handleQosPeriodReportInd for instance 1 data_len 182
04-11 12:38:58.137  2727  2826 D VsProxy : handleMessage msg is 2420
04-11 12:38:58.137  2727  2826 D VsProxy : handleQosPeriodReportInd for instance 0 data_len 145
04-11 12:38:58.137  3590  7163 D InsetsSourceProvider: updateSourceFrameForServerVisibility mandatorySystemGestures EMPTY_RECT
04-11 12:38:58.138 13843 14368 D gaia-GaiaConnectChecker: start connect check++
04-11 12:38:58.138 14034   947 D SubsysRadioIndication[1]: radioQosPeriodReportInd result [8, -116, -7, -10, -50, 14, 18, 14, 8, -59, -9, -10, -50, 14, 16, 1, 32, 53, 40, 1, 72, 1, 26, 12, 8, -78, -12, -10, -50, 14, 16, 1, 40, 1, 56, 88, 34, 12, 8, -84, -69, -57, -50, 14, 16, 4, 24, 1, 32, 3, 58, 61, 8, -59, -9, -10, -50, 14, 16, 5, 24, -98, -23, 30, 32, -54, 1, 40, -89, -1, -1, -1, -1, -1, -1, -1, -1, 1, 48, -11, -1, -1, -1, -1, -1, -1, -1, -1, 1, 56, 4, 64, -91, -1, -1, -1, -1, -1, -1, -1, -1, 1, 72, -89, -1, -1, -1, -1, -1, -1, -1, -1, 1, 66, 31, 8, -120, -25, -29, -50, 14, 16, 5, 24, 2, 34, 19, 8, -98, -23, 30, 16, -54, 1, 24, 41, 32, 13, 40, -126, -128, -52, -67, 21, 48, 2, 90, 0, 98, 10, 8, -85, -54, -73, -50, 14, 16, 3, 24, 5, 122, 20, 8, -17, -12, -10, -50, 14, 16, -1, -1, 1, 24, -1, -1, 1, 32, -1, -1, -1, -1, 15]
04-11 12:38:58.138  3590  7163 D InsetsSourceProvider: updateSourceFrameForServerVisibility mandatorySystemGestures EMPTY_RECT
04-11 12:38:58.138 14034 14034 D NetworkService[1]: handleMessage what:1005
04-11 12:38:58.138 14034 14034 D RadioAtomTracker: parseQosPeriodData ModemQos:CellularQosInfo1{5G, 504990/202, EndcState=2, Band=41, DLBW=13, Rsrp=-89, Rsrq=-11, Snr=4, SvcStatus=3, ULPDCPNumDataPdu=1, ULPDCPNumDropPdu=0, ULPDCPTput=53, ULRLCNumDataPdu=1, ULRLCNumRetxPdu=0, ULGrant=0, ULBSR=0, ULBler=1, DLPDCPNumDataPdu=1, DLPDCPTput=88, DLRLCNumDataPdu=1, DLRLCNumRetxPdu=0, DLRLCNumDropPdu=0, DLMACPaddingBytes=0, DLPdcpNumMissToUppPdu=0, DLBler=0, RlfCount=0, CellChangeCount=0, IsRedirectionOccur=0, IsDualSimConflict=0, Latency=23, Sub1RrcState=1, Sub2RrcState=3, RachCount=0, CalcPower=32767, Mtpl=32767, PathLoss=-1, CellLoad=0}
04-11 12:38:58.138 14034 14034 D NetworkService[1]: EVENT_REG_QOS_PERIOD_REPORT_IND_CHANGED ENTER
04-11 12:38:58.138 14034 14034 D AtomModemKpiInfo: handleMessage what:1001
04-11 12:38:58.138 14034 14034 D AtomModemKpiInfo: analyseQosInfo success
04-11 12:38:58.139 14034   947 D SubsysRadioIndication[0]: radioQosPeriodReportInd result [8, -116, -7, -10, -50, 14, 34, 12, 8, -84, -69, -57, -50, 14, 16, 4, 24, 1, 32, 3, 58, 61, 8, -82, -15, -10, -50, 14, 16, 5, 24, -64, -92, 38, 32, -22, 6, 40, -93, -1, -1, -1, -1, -1, -1, -1, -1, 1, 48, -11, -1, -1, -1, -1, -1, -1, -1, -1, 1, 56, 5, 64, -98, -1, -1, -1, -1, -1, -1, -1, -1, 1, 72, -93, -1, -1, -1, -1, -1, -1, -1, -1, 1, 66, 29, 8, -57, -20, -92, -50, 14, 16, 5, 34, 19, 8, -64, -92, 38, 16, -22, 6, 24, 78, 32, 13, 40, -117, -32, -94, -93, 2, 48, 2, 90, 0, 98, 10, 8, -41, -26, -92, -50, 14, 16, 3, 24, 5, 122, 15, 8, -8, -24, -92, -50, 14, 16, -52, 2, 24, -21, 1, 32, -90, 9]
04-11 12:38:58.139 14034 14034 D NetworkService[0]: handleMessage what:1005
04-11 12:38:58.139 14034 14034 D RadioAtomTracker: parseQosPeriodData ModemQos:CellularQosInfo2{5G, 627264/874, EndcState=0, Band=78, DLBW=13, Rsrp=-93, Rsrq=-11, Snr=5, SvcStatus=3, ULPDCPNumDataPdu=-1, ULPDCPNumDropPdu=-1, ULPDCPTput=-1, ULRLCNumDataPdu=-1, ULRLCNumRetxPdu=-1, ULGrant=-1, ULBSR=-1, ULBler=-1, DLPDCPNumDataPdu=-1, DLPDCPTput=-1, DLRLCNumDataPdu=-1, DLRLCNumRetxPdu=-1, DLRLCNumDropPdu=-1, DLMACPaddingBytes=-1, DLPdcpNumMissToUppPdu=-1, DLBler=-1, RlfCount=0, CellChangeCount=0, IsRedirectionOccur=0, IsDualSimConflict=0, Latency=0, Sub1RrcState=1, Sub2RrcState=3, RachCount=0, CalcPower=332, Mtpl=235, PathLoss=1190, CellLoad=0}
04-11 12:38:58.139 14034 14034 D NetworkService[0]: EVENT_REG_QOS_PERIOD_REPORT_IND_CHANGED ENTER
04-11 12:38:58.139 14034 14034 D AtomModemKpiInfo: handleMessage what:1001
04-11 12:38:58.139 14034 14034 D AtomModemKpiInfo: analyseQosInfo success
04-11 12:38:58.139  2181  2506 I SDM     : DisplayBuiltIn::IdlePowerCollapse: IPC received, disabling partial update for one frame
04-11 12:38:58.192  2280  2331 D BatteryChargeControl: bcc get no support from charging protocol
04-11 12:38:58.198   579   593 I binance.monitor: _Desupression native alloc  gc_urgency: 54175expectation: 103783 native bytes: 41368976
04-11 12:38:58.231  2181  2506 I SDM     : DisplayBuiltIn::IdlePowerCollapse: IPC received, disabling partial update for one frame
04-11 12:38:58.238 15031 15220 D ShellSubscriberWorkerThread: the first 8 bytes empty, and RestData length > 8 
04-11 12:38:58.245 10385 10443 I ThermalEngine: VIRTUAL-CPU-L-PID, Update received trip sensor cpu-1-0-1 92300
04-11 12:38:58.245 10330 10351 I ostats_tpd: stats_write, records atomId:100100, event_id:903, cpu:1, values: 903-0-1-213-(cpu-1-0-1)-26-0-1
04-11 12:38:58.245 10330 10351 I ostats_tpd: stats_write, records atomId:100100, event_id:903, cpu:3, values: 903-0-1-10614-(cpu-1-0-1)-26-0-1
04-11 12:38:58.250 10385 10443 I ThermalEngine: VIRTUAL-CPU-L-PID, Update received trip sensor cpu-1-0-1 79900
04-11 12:38:58.252 10330 10351 I ostats_tpd: stats_write, records atomId:100100, event_id:903, cpu:0, values: 903-0-1-213-(cpu-1-0-1)-26-0-1
04-11 12:38:58.252 10385 10443 I ThermalEngine: VIRTUAL-CPU-L-PID, Update received trip sensor cpu-1-0-1 92300
04-11 12:38:58.252 10330 10351 I ostats_tpd: stats_write, records atomId:100100, event_id:903, cpu:4, values: 903-0-1-10614-(cpu-1-0-1)-26-0-1
04-11 12:38:58.254 10385 10443 I ThermalEngine: VIRTUAL-CPU-L-PID, Update received trip sensor cpu-1-0-1 79100
04-11 12:38:58.261 10385 10443 I ThermalEngine: VIRTUAL-CPU-L-PID, Update received trip sensor cpu-1-0-1 92300
04-11 12:38:58.261 10330 10351 I ostats_tpd: stats_write, records atomId:100100, event_id:903, cpu:0, values: 903-0-1-213-(cpu-1-0-1)-26-0-1
04-11 12:38:58.261 10330 10351 I ostats_tpd: stats_write, records atomId:100100, event_id:903, cpu:4, values: 903-0-1-10614-(cpu-1-0-1)-26-0-1
04-11 12:38:58.268   579   775 D HWUI    : SkiaVulkanPipeline::setSurface: this=0xb4000070efc32ac0, surface=NULL
04-11 12:38:58.271 10385 10645 I ThermalEngine: ACTION: CPU - Setting CPU[6] to 3
04-11 12:38:58.281 10385 10645 I ThermalEngine: ACTION: CPU - Setting CPU[6] to 0
04-11 12:38:58.282 10385 10443 I ThermalEngine: VIRTUAL-CPU-L-PID, Update received trip sensor cpu-1-0-1 79900
04-11 12:38:58.336  2181  2532 E CwbService: Panel not support apl read or getDisplayPanelAplValue timeout 10ms.
04-11 12:38:58.337  2258  2258 D SensorFeature: name=ssc_screenshot_info ,index = 22
04-11 12:38:58.337  2258  2258 D SensorFeature: write 39 bytes:929553725153477,929553739373529,31142,0
04-11 12:38:58.383 14034 15313 D CommonApp-264-10512: transport layer data is invalid
04-11 12:38:58.384 14034 15313 D CommonApp-255-10512: commonScoreStrategy scenarios low package
04-11 12:38:58.384 14034 15313 D ScorePolicy: handleScoreChanged: []
04-11 12:38:58.384 14034 15313 D ScorePolicy: handleScoreChanged: []
04-11 12:38:58.384 14034 15313 D ScorePolicy: handleScoreChanged: []
04-11 12:38:58.421  2181  2506 I SDM     : DisplayBuiltIn::IdlePowerCollapse: IPC received, disabling partial update for one frame
04-11 12:38:58.673  2181  2506 I SDM     : DisplayBuiltIn::IdlePowerCollapse: IPC received, disabling partial update for one frame
04-11 12:38:58.677  2181 26958 E CwbService: Panel not support apl read or getDisplayPanelAplValue timeout 10ms.
04-11 12:38:58.678  2258  2258 D SensorFeature: name=ssc_screenshot_info ,index = 22
04-11 12:38:58.678  2258  2258 D SensorFeature: write 39 bytes:929554025616394,929554079775196,31143,0
04-11 12:38:58.680  2113 20704 I sensors-hal: handle_oplus_wise_rgb_event:189, high_pwm_light:lux 397.4,cct 7327.3,brl/algo/ir 1419.0/2.0/40.3,pwm/dc 0.0/0.0,rgbc 16834.291016/12179.272461/7957.889160/34200.132812,ts 929553977667134,cnt 43550,flag 131072
04-11 12:38:58.681  3590  9788 I AICCTModule: SensorFilter: brightness threshold 1.4 screenNit is 104.459 ave enviroment lux is 329.79623 luxForNit 102.612495demarcationPoint200.0 result is false
04-11 12:38:58.682  3590  9788 I AICCTModule: SensorFilter: findSecondNearestValue, sensorValue: 7706.4126 nearestMaxValue:7712.805 secondNearestValue: 7712.805
04-11 12:38:58.682  3590  9788 I AICCTModule: SensorFilter: findSecondNearestValue, sensorValue: 328.6217 nearestMaxValue:329.35526 secondNearestValue: 329.35526
04-11 12:38:58.728  4482  4659 W ServiceManagerCppClient: Waited one second for SystemClearService (is service started? Number of threads started in the threadpool: 16. Are binder threads started and available?)
04-11 12:38:58.728  4482  4680 W ServiceManagerCppClient: Waited one second for SystemClearService (is service started? Number of threads started in the threadpool: 16. Are binder threads started and available?)
04-11 12:38:58.730  1254  1193 W libc    : Unable to set property "ctl.interface_start" to "aidl/SystemClearService": PROP_ERROR_HANDLE_CONTROL_MESSAGE (0x20)
04-11 12:38:58.730  1254  1194 W libc    : Unable to set property "ctl.interface_start" to "aidl/SystemClearService": PROP_ERROR_HANDLE_CONTROL_MESSAGE (0x20)
04-11 12:38:58.835  2113 14883 I sensors-hal: qsh_conn_event_cb:756, event[0] msg_id=1025, ts=17847527736506, sensor_type = pedometer_minute  Wakeup
04-11 12:38:58.835  2113 14883 E sensors-hal: handle_sns_client_event:98, pedometer_minute: report_ts=15484,counter=50482.000000 move_status =[SNS_CMC_STATIONARY] time_gap = 0 run_counter=2573.000000 walk_counter=6163.000000
04-11 12:38:58.840 14599 14599 I StepApp_StepDataPreHandler: (main)onSensorChanged raw data: step=50482.0 state=3.0 minuteDelta=0.0 timestamp=929554247612290 steprun=2573.0 stepwalk=6163.0 formatted data: step=50482 state=3 timestamp=929554247612290 time=1775882338834 steprun=2573 stepwalk=6163
04-11 12:38:58.841 14599 22401 I StepApp_StepDataSaver: (O_dfd_218)getNewFixedOffsetStep type is STEP
04-11 12:38:58.841 14599 22401 I StepApp_StepDataSaver: (O_dfd_218)isRebootCountStep:false	 lastRealTimeStamp = 1775882220000	 bootTimestamp = 1774952784586	 mLastModifiedMinuteTime = 2026-04-11-12-37
04-11 12:38:58.841 14599 22401 I StepApp_StepDataSaver: (O_dfd_218)calOffSet:sensorStep = 50482	 lastModifiedStep = 50482	 offSet = 0
04-11 12:38:58.841 14599 22401 I StepApp_StepDataSaver: (O_dfd_218)getNewFixedOffsetStep type is RUN
04-11 12:38:58.842 14599 22401 I StepApp_StepDataSaver: (O_dfd_218)isRebootCountStep:false	 lastRealTimeStamp = 1775882220000	 bootTimestamp = 1774952784585	 mLastModifiedMinuteTime = 2026-04-11-12-37
04-11 12:38:58.842 14599 22401 I StepApp_StepDataSaver: (O_dfd_218)calOffSet:sensorStep = 2573	 lastModifiedStep = 2573	 offSet = 0
04-11 12:38:58.842 14599 22401 I StepApp_StepDataSaver: (O_dfd_218)getNewFixedOffsetStep type is WALK
04-11 12:38:58.842 14599 22401 I StepApp_StepDataSaver: (O_dfd_218)isRebootCountStep:false	 lastRealTimeStamp = 1775882220000	 bootTimestamp = 1774952784586	 mLastModifiedMinuteTime = 2026-04-11-12-37
04-11 12:38:58.842 14599 22401 I StepApp_StepDataSaver: (O_dfd_218)calOffSet:sensorStep = 6163	 lastModifiedStep = 6163	 offSet = 0
04-11 12:38:58.880  2113 17862 I sensors-hal: handle_oplus_wise_rgb_event:161, wise_rgb: (43551)(cct, lux, ir)[7334.24, 396.84, 40.497562] (r, g, b, c)[16809.37, 12163.88, 7966.72, 34202.46]                 (pwm, hbm, brl, algo)[0.0 0.0 1419.0 2.0], flag 31143
04-11 12:38:58.919  8406 10529 D OplusCellularNetworkConfig: getDnsQueryPriority value=http://pdns.dnspod.cn
04-11 12:38:58.919 14034 15313 D NetworkService[0]: getActiveNetworks networkList size:1
04-11 12:38:58.919 14034 15313 D SubsysThreadPool: execute task
04-11 12:38:58.921 14034 14759 D libc-netbsd: [oplusDnsOpenProxy]: __netdClientDispatch.connect errno = 111
04-11 12:38:58.922 14034 14759 D DNS_CACHE: oplus_oplus_getaddrinfo_proxy open dns proxy failed, use android flow: 1000
04-11 12:38:58.961 11972 12555 W OPLUS_LOG_LOAD: ==LOGS PROG INFO, prog(com.heytap.accessory) ==
04-11 12:38:58.961 11972 12555 I discovery::core::moni..: DiscMonitor: [trace_id=38713522019]DiscoveryComponentStatus { adaptive_sdp_client_status: Some("{\"1\":null,\"0\":\"0.0.0.0\"}"), adaptive_sdp_server_status: None, network_interface_states: Some({}) }
04-11 12:38:58.980  2258  2258 D SensorFeature: name=ssc_screenshot_info ,index = 22
04-11 12:38:58.980  2258  2258 D SensorFeature: write 39 bytes:929554025616394,929554392945144,31144,0
04-11 12:38:59.015 14034 14034 D RFPowerBoostManager: my thermal listener proxy invoke method:notifyThermalBroadCast args len:2
04-11 12:38:59.015 14034 14034 D RFPowerBoostManager: current temp is 30, mInCalling is false, mIsGameMode is false, current threshold is 41
04-11 12:38:59.017 14034 14034 D VendorTelephonyService: notifyThermalBroadCast level = 2 temp = 30
04-11 12:38:59.017 14034 14034 D VendorTelephonyService: notifyThermalBroadCast level = 2 temp = 30
04-11 12:38:59.056  3438  4039 D QmiClient: qmiServiceEventCallback recv msg id 47
04-11 12:38:59.056  3438  4039 D QmiClient: enter -mServiceType 10 onQmiServiceEventCallback msgId 47
04-11 12:38:59.056  3438  4039 D QmiClient: onQmiServiceEventCallback - enter. msgId=47
04-11 12:38:59.056  3438  3488 D OttProxy: handleMessage msg is 3001
04-11 12:38:59.057 14034   947 D SubsysRadioIndication[1]: radioLinkLatencyInfoInd
04-11 12:38:59.057 14034   947 D SubsysRadioIndication[1]: notify enter
04-11 12:38:59.057 14034 14034 D NetworkService[1]: handleMessage what:1008
04-11 12:38:59.057 14034 14034 D NetworkService[1]: EVENT_REG_LINK_LATENCY_INFO_CHANGE ulLatency:6531
04-11 12:38:59.077   579   827 I ChainTrace: stream type=syncEvent gapMs=958 refreshMarket=true
04-11 12:38:59.126  2113 20704 I sensors-hal: handle_oplus_wise_rgb_event:189, high_pwm_light:lux 396.5,cct 7362.1,brl/algo/ir 1419.0/2.0/40.4,pwm/dc 0.0/0.0,rgbc 16809.373047/12181.471680/7960.095703/34216.449219,ts 929554377910988,cnt 43560,flag 96680
04-11 12:38:59.126  2113 17862 I sensors-hal: handle_oplus_wise_rgb_event:161, wise_rgb: (43556)(cct, lux, ir)[7362.06, 396.45, 40.442177] (r, g, b, c)[16834.29, 12170.47, 7946.85, 34221.11]                 (pwm, hbm, brl, algo)[0.0 0.0 1419.0 2.0], flag 31144
04-11 12:38:59.126  3590  7333 D FusionLightNextGen: process end reported = 1, mode: 0, cnt: 399465, lux 330.5, cct 7688.5, r/g/b/c: 16809.4/12181.5/7960.1/34216.4, R/G/B: 156.0/151.0/139.0, bri 1419.0, match 1.00, ir 0.043784, conf 5.0, ts 929554377910988
04-11 12:38:59.134  3590  8793 V WindowManager: Relayout Window{7b513bd u0 com.binance.monitor}: viewVisibility=0, oldvis=0, req=315x429 , apr = 0, vsysui=, x=42, y=420
04-11 12:38:59.134   579   579 I SurfaceControl:  setExtendedRangeBrightness sc=Surface(name=)/@0xb5ec0c6,currentBufferRatio=1.0,desiredRatio=1.0
04-11 12:38:59.135  3590  8793 D InsetsSourceProvider: updateSourceFrameForServerVisibility mandatorySystemGestures EMPTY_RECT
04-11 12:38:59.135  2727  3986 D QmiClient: qmiServiceEventCallback recv msg id 1099
04-11 12:38:59.135  2727  3986 D QmiClient: enter -mServiceType 4 onQmiServiceEventCallback msgId 1099
04-11 12:38:59.135  2727  3986 D QmiClient: onQmiServiceEventCallback - enter. msgId=1099
04-11 12:38:59.135  2727  3986 D QmiVsClientEvent: QosPeriodReportInd MSG IND data_len 2052
04-11 12:38:59.135  2727  3986 D QmiVsClientEvent: qmiVsClientNotifyQosPeriodReportIndEvent - RADIO_EVENT_QOS_PERIOD_REPORT_NOTIFY_IND
04-11 12:38:59.135  2727  2826 D VsProxy : handleMessage msg is 2420
04-11 12:38:59.135  3438  3988 D QmiClient: qmiServiceEventCallback recv msg id 1099
04-11 12:38:59.135  3438  3988 D QmiClient: enter -mServiceType 4 onQmiServiceEventCallback msgId 1099
04-11 12:38:59.135  2727  2826 D VsProxy : handleQosPeriodReportInd for instance 0 data_len 145
04-11 12:38:59.135  3438  3988 D QmiClient: onQmiServiceEventCallback - enter. msgId=1099
04-11 12:38:59.135  3438  3988 D QmiVsClientEvent: QosPeriodReportInd MSG IND data_len 2052
04-11 12:38:59.135  3438  3988 D QmiVsClientEvent: qmiVsClientNotifyQosPeriodReportIndEvent - RADIO_EVENT_QOS_PERIOD_REPORT_NOTIFY_IND
04-11 12:38:59.135  3438  3485 D VsProxy : handleMessage msg is 2420
04-11 12:38:59.135  3438  3485 D VsProxy : handleQosPeriodReportInd for instance 1 data_len 183
04-11 12:38:59.135 14034   947 D SubsysRadioIndication[0]: radioQosPeriodReportInd result [8, -12, -128, -9, -50, 14, 34, 12, 8, -84, -69, -57, -50, 14, 16, 4, 24, 1, 32, 3, 58, 61, 8, -82, -15, -10, -50, 14, 16, 5, 24, -64, -92, 38, 32, -22, 6, 40, -93, -1, -1, -1, -1, -1, -1, -1, -1, 1, 48, -11, -1, -1, -1, -1, -1, -1, -1, -1, 1, 56, 5, 64, -98, -1, -1, -1, -1, -1, -1, -1, -1, 1, 72, -93, -1, -1, -1, -1, -1, -1, -1, -1, 1, 66, 29, 8, -57, -20, -92, -50, 14, 16, 5, 34, 19, 8, -64, -92, 38, 16, -22, 6, 24, 78, 32, 13, 40, -117, -32, -94, -93, 2, 48, 2, 90, 0, 98, 10, 8, -41, -26, -92, -50, 14, 16, 3, 24, 5, 122, 15, 8, -8, -24, -92, -50, 14, 16, -52, 2, 24, -21, 1, 32, -90, 9]
04-11 12:38:59.135  3590  8793 D InsetsSourceProvider: updateSourceFrameForServerVisibility mandatorySystemGestures EMPTY_RECT
04-11 12:38:59.136 14034 14747 D SubsysRadioIndication[1]: radioQosPeriodReportInd result [8, -12, -128, -9, -50, 14, 18, 14, 8, -91, -128, -9, -50, 14, 16, 1, 32, 53, 40, 1, 72, 1, 26, 13, 8, -103, -1, -10, -50, 14, 16, 1, 40, 1, 56, -50, 3, 34, 12, 8, -84, -69, -57, -50, 14, 16, 4, 24, 1, 32, 3, 58, 61, 8, -91, -128, -9, -50, 14, 16, 5, 24, -98, -23, 30, 32, -54, 1, 40, -89, -1, -1, -1, -1, -1, -1, -1, -1, 1, 48, -11, -1, -1, -1, -1, -1, -1, -1, -1, 1, 56, 4, 64, -91, -1, -1, -1, -1, -1, -1, -1, -1, 1, 72, -89, -1, -1, -1, -1, -1, -1, -1, -1, 1, 66, 31, 8, -120, -25, -29, -50, 14, 16, 5, 24, 2, 34, 19, 8, -98, -23, 30, 16, -54, 1, 24, 41, 32, 13, 40, -126, -128, -52, -67, 21, 48, 2, 90, 0, 98, 10, 8, -85, -54, -73, -50, 14, 16, 3, 24, 5, 122, 20, 8, -46, -4, -10, -50, 14, 16, -1, -1, 1, 24, -1, -1, 1, 32, -1, -1, -1, -1, 15]
04-11 12:38:59.136 14034 14034 D NetworkService[0]: handleMessage what:1005
04-11 12:38:59.136 14034 14034 D RadioAtomTracker: parseQosPeriodData ModemQos:CellularQosInfo2{5G, 627264/874, EndcState=0, Band=78, DLBW=13, Rsrp=-93, Rsrq=-11, Snr=5, SvcStatus=3, ULPDCPNumDataPdu=-1, ULPDCPNumDropPdu=-1, ULPDCPTput=-1, ULRLCNumDataPdu=-1, ULRLCNumRetxPdu=-1, ULGrant=-1, ULBSR=-1, ULBler=-1, DLPDCPNumDataPdu=-1, DLPDCPTput=-1, DLRLCNumDataPdu=-1, DLRLCNumRetxPdu=-1, DLRLCNumDropPdu=-1, DLMACPaddingBytes=-1, DLPdcpNumMissToUppPdu=-1, DLBler=-1, RlfCount=0, CellChangeCount=0, IsRedirectionOccur=0, IsDualSimConflict=0, Latency=0, Sub1RrcState=1, Sub2RrcState=3, RachCount=0, CalcPower=332, Mtpl=235, PathLoss=1190, CellLoad=0}
04-11 12:38:59.136 14034 14034 D NetworkService[0]: EVENT_REG_QOS_PERIOD_REPORT_IND_CHANGED ENTER
04-11 12:38:59.136 14034 14034 D NetworkService[1]: handleMessage what:1005
04-11 12:38:59.136 14034 14034 D RadioAtomTracker: parseQosPeriodData ModemQos:CellularQosInfo1{5G, 504990/202, EndcState=2, Band=41, DLBW=13, Rsrp=-89, Rsrq=-11, Snr=4, SvcStatus=3, ULPDCPNumDataPdu=1, ULPDCPNumDropPdu=0, ULPDCPTput=53, ULRLCNumDataPdu=1, ULRLCNumRetxPdu=0, ULGrant=0, ULBSR=0, ULBler=1, DLPDCPNumDataPdu=1, DLPDCPTput=462, DLRLCNumDataPdu=1, DLRLCNumRetxPdu=0, DLRLCNumDropPdu=0, DLMACPaddingBytes=0, DLPdcpNumMissToUppPdu=0, DLBler=0, RlfCount=0, CellChangeCount=0, IsRedirectionOccur=0, IsDualSimConflict=0, Latency=6, Sub1RrcState=1, Sub2RrcState=3, RachCount=0, CalcPower=32767, Mtpl=32767, PathLoss=-1, CellLoad=0}
04-11 12:38:59.136 14034 14034 D NetworkService[1]: EVENT_REG_QOS_PERIOD_REPORT_IND_CHANGED ENTER
04-11 12:38:59.136 14034 14034 D AtomModemKpiInfo: handleMessage what:1001
04-11 12:38:59.136 14034 14034 D AtomModemKpiInfo: analyseQosInfo success
04-11 12:38:59.139  2181  2506 I SDM     : DisplayBuiltIn::IdlePowerCollapse: IPC received, disabling partial update for one frame
04-11 12:38:59.193  2280  2331 D BatteryChargeControl: bcc get no support from charging protocol
04-11 12:38:59.234  2181  2506 I SDM     : DisplayBuiltIn::IdlePowerCollapse: IPC received, disabling partial update for one frame
04-11 12:38:59.325  2181  2506 I SDM     : DisplayBuiltIn::IdlePowerCollapse: IPC received, disabling partial update for one frame
04-11 12:38:59.332  2181  2532 E CwbService: Panel not support apl read or getDisplayPanelAplValue timeout 10ms.
04-11 12:38:59.333  2258  2258 D SensorFeature: name=ssc_screenshot_info ,index = 22
04-11 12:38:59.333  2258  2258 D SensorFeature: write 39 bytes:929554680780456,929554735164987,31145,0
04-11 12:38:59.397  2113 17862 I sensors-hal: handle_oplus_wise_rgb_event:161, wise_rgb: (43561)(cct, lux, ir)[7329.15, 397.27, 40.031517] (r, g, b, c)[16864.19, 12188.07, 7975.55, 34249.09]                 (pwm, hbm, brl, algo)[0.0 0.0 1419.0 2.0], flag 31145
04-11 12:38:59.407 14034 15313 D CommonApp-264-10512: transport layer data is invalid
04-11 12:38:59.408 14034 15313 D CommonApp-255-10512: commonScoreStrategy scenarios low package
04-11 12:38:59.408 14034 15313 D ScorePolicy: handleScoreChanged: []
04-11 12:38:59.408 14034 15313 D ScorePolicy: handleScoreChanged: []
04-11 12:38:59.408 14034 15313 D ScorePolicy: handleScoreChanged: []
04-11 12:38:59.636  2258  2258 D SensorFeature: name=ssc_screenshot_info ,index = 22
04-11 12:38:59.636  2258  2258 D SensorFeature: write 39 bytes:929554680780456,929555048495977,31146,0
04-11 12:38:59.661  2113 20704 I sensors-hal: handle_oplus_wise_rgb_event:189, high_pwm_light:lux 397.1,cct 7314.5,brl/algo/ir 1419.0/2.0/41.0,pwm/dc 0.0/0.0,rgbc 16821.832031/12177.072266/7938.021484/34197.796875,ts 929555032368488,cnt 43570,flag 96682
04-11 12:38:59.663  2113 17862 I sensors-hal: handle_oplus_wise_rgb_event:161, wise_rgb: (43566)(cct, lux, ir)[7314.47, 397.10, 40.955494] (r, g, b, c)[16809.37, 12179.27, 7957.89, 34211.79]                 (pwm, hbm, brl, algo)[0.0 0.0 1419.0 2.0], flag 31146
04-11 12:38:59.729  4482  4659 W ServiceManagerCppClient: Waited one second for SystemClearService (is service started? Number of threads started in the threadpool: 16. Are binder threads started and available?)
04-11 12:38:59.730  4482  4680 W ServiceManagerCppClient: Waited one second for SystemClearService (is service started? Number of threads started in the threadpool: 16. Are binder threads started and available?)
04-11 12:38:59.731  3590  9788 I AICCTModule: SensorFilter: brightness threshold 1.4 screenNit is 104.459 ave enviroment lux is 330.5315 luxForNit 102.68479demarcationPoint200.0 result is false
04-11 12:38:59.731  3590  9788 I AICCTModule: SensorFilter: findSecondNearestValue, sensorValue: 7712.805 nearestMaxValue:7688.505 secondNearestValue: 7688.505
04-11 12:38:59.731  3590  9788 I AICCTModule: SensorFilter: findSecondNearestValue, sensorValue: 329.35526 nearestMaxValue:329.86972 secondNearestValue: 330.24945
04-11 12:38:59.732  1254  1202 W libc    : Unable to set property "ctl.interface_start" to "aidl/SystemClearService": PROP_ERROR_HANDLE_CONTROL_MESSAGE (0x20)
04-11 12:38:59.732  1254  1203 W libc    : Unable to set property "ctl.interface_start" to "aidl/SystemClearService": PROP_ERROR_HANDLE_CONTROL_MESSAGE (0x20)
04-11 12:38:59.795  3590  7344 V AlarmManager: sending alarm Alarm{8390285 type 1 origWhen 1775882339795 whenElapsed 929555209 android} uid 1000 whenElapsed 929555209 windowLength 0 maxWhenElapsed 929555209 repeatInterval 0 action null component null tag StorgaeBandInfoAlarmTag flags 0x9 procName system_server
04-11 12:38:59.796  3590 10338 E OplusStorageUFSBandwidth: storage_io_metrics_path is /proc/oplus_storage/io_metrics/forever/
04-11 12:38:59.798  3590 10338 E OplusStorageUFSBandwidth: Bandwidth - Read: 0.00 MB/s, Write: 0.50 MB/s
04-11 12:38:59.798  3590 10338 E OplusStorageUFSBandwidth: Task time: 2ms
04-11 12:38:59.800  3590 10338 E OplusStorageUFSBandwidth: Alarm set to trigger in 10 seconds
04-11 12:38:59.821  2280  2323 D vendor.oplus.hardware.charger-V10-service: ret_value:121, read content:,293,293,4354,4352,-35,93,95,1,1,0,497,5038,95,1,4480,600,500,0,0,9500,0,0,1,0,2,0,0,0,1,5868,96,0,4686,5046,0,0,0,0,0,0
04-11 12:38:59.821  2280  2323 D vendor.oplus.hardware.charger-V10-service: gmtime: 2026-04-11-12-38-59
04-11 12:38:59.822  2280  2323 D vendor.oplus.hardware.charger-V10-service: usb_online:1, ac_online:-2147483648, wireless_online:-2147483648
04-11 12:38:59.855 14599  6962 I StepApp_StepProvider: (binder:14599_C)call:package=com.oplus.metis	method=method_call_by_assistantscreen_and_health_from_table_day_step_data	arg=	extras=Bundle[mParcelledData.dataSize=296]	pid=14599
04-11 12:38:59.857 14599  6962 I StepApp_StepProvider: (binder:14599_C)parserQueryData:queryData=QueryData(uri=content://com.oplus.healthservice.stepprovider/day_statistic, projection=null, selection=day_date=?, selectionArgs=[2026-04-11], sortOrder=null, startPos=null)
04-11 12:38:59.859 14599  6962 I StepApp_StepProvider: (binder:14599_C)resultListString :[{"date":"2026-04-11","offset":35,"offsetRun":0,"offsetWalk":35,"step":50482,"stepRun":2573,"stepWalk":6163,"timestamp":0}]
04-11 12:38:59.898  2187  2298 E PERFHAL-PERFCTRL: PERFHAL-PERFCTRL: chk_core_online_poll_loop() 748: poll() has timed out for /sys/kernel/msm_performance/events/cpu_hotplug
04-11 12:38:59.898  2187  2298 E PERFHAL-PERFCTRL: PERFHAL-PERFCTRL: chk_core_online_poll_loop() 743: Block on poll()
04-11 12:38:59.926  2113 17888 I sensors-hal: handle_sns_std_sensor_event:114, oplus rgb_rear sample: (cct, lux, ir, x, y)[10304, 31, 342, 259, 319]
04-11 12:38:59.926  2113 17888 I sensors-hal: handle_sns_std_sensor_event:116, oplus rgb_rear sample: (r, g, b, c w)[1274, 2608, 644, 894, 0]
04-11 12:38:59.938  2258  2258 D SensorFeature: name=ssc_screenshot_info ,index = 22
04-11 12:38:59.938  2258  2258 D SensorFeature: write 39 bytes:929554680780456,929555351524987,31147,0
04-11 12:38:59.940  2113 17862 I sensors-hal: handle_oplus_wise_rgb_event:161, wise_rgb: (43571)(cct, lux, ir)[7331.91, 396.66, 40.730022] (r, g, b, c)[16841.77, 12188.07, 7960.10, 34225.77]                 (pwm, hbm, brl, algo)[0.0 0.0 1419.0 2.0], flag 31147
04-11 12:39:00.001  3590  7344 V AlarmManager: sending alarm Alarm{ec210b type 3 origWhen 929555414 whenElapsed 929555414 android} uid 1000 whenElapsed 929555414 windowLength 0 maxWhenElapsed 929555414 repeatInterval 0 action null component null tag TIME_TICK flags 0x9 procName system_server
04-11 12:39:00.002  8338  8338 W OPLUS_LOG_LOAD: ==LOGS PROG INFO, prog(com.android.systemui) ==
04-11 12:39:00.002  8338  8338 I SystemUi--SystemUi--: Clock-->smallTime: 12:39
04-11 12:39:00.002  8338  8338 I SystemUi--SystemUi--: Clock-->smallTime: 12:39
04-11 12:39:00.003  8338  8338 I SystemUi--SystemUi--: Clock-->smallTime: 12:39
04-11 12:39:00.003  8338  8338 I SystemUi--SystemUi--: Clock-->smallTime: 12:39
04-11 12:39:00.004 13839 14694 D AMC     : [TriggerSystem] handleLoopTick trigger:vowifihandover phoneId:0 voWifiHandoverCount:0
04-11 12:39:00.005 13839 14694 D AMC     : [TriggerSystem] handleLoopTick trigger:vowifihandover phoneId:1 voWifiHandoverCount:0
04-11 12:39:00.005 14034 14034 D SubsysBroadcastManager: onReceive action:android.intent.action.TIME_TICK
04-11 12:39:00.007  3590  3872 D OplusDisplayBrightnessBroadcastReceiver: onReceive action = android.intent.action.TIME_TICK , listeners = [com.android.server.display.feature.ambience.events.event.TimeEvent$TimeChangeReceiver@5d7ccc3, com.android.server.display.color.eyeprotect.manager.AiCurveManager$RhythmBroadcastReceiverWithUpgradeUI@f17c940]
04-11 12:39:00.010 15757 22446 D PhoneUsageTime: lastChargeFullTime=1775882280005 LastChargeFullDurationTime=19657086
04-11 12:39:00.014  8338  8338 I SystemUi--Notification: SimpleQsClock-->textWidth:115.0, mPaddingEnd 21, dynamicWidth 176, systemFontScale 1.15
04-11 12:39:00.021  3438  4039 D QmiClient: qmiServiceEventCallback recv msg id 47
04-11 12:39:00.021  3438  4039 D QmiClient: enter -mServiceType 10 onQmiServiceEventCallback msgId 47
04-11 12:39:00.021  3438  4039 D QmiClient: onQmiServiceEventCallback - enter. msgId=47
04-11 12:39:00.021  3438  3488 D OttProxy: handleMessage msg is 3001
04-11 12:39:00.022 14034 14747 D SubsysRadioIndication[1]: radioLinkLatencyInfoInd
04-11 12:39:00.022 14034 14747 D SubsysRadioIndication[1]: notify enter
04-11 12:39:00.022 14034 14034 D NetworkService[1]: handleMessage what:1008
04-11 12:39:00.022 14034 14034 D NetworkService[1]: EVENT_REG_LINK_LATENCY_INFO_CHANGE ulLatency:5417
04-11 12:39:00.034   579   827 I ChainTrace: stream type=syncEvent gapMs=957 refreshMarket=true
04-11 12:39:00.101  2181  2506 I SDM     : DisplayBuiltIn::IdlePowerCollapse: IPC received, disabling partial update for one frame
04-11 12:39:00.139  3590  7166 I OplusCpuLimitManager: OplusCpuHighLoad: request instant cpu load
04-11 12:39:00.140  3590  7166 E OsenseCommonUtils: write /dev/memcg/memory.force_shrink_file failed
04-11 12:39:00.140  3590  7166 E OsenseCommonUtils: java.io.IOException: write failed: EBUSY (Device or resource busy)
04-11 12:39:00.140  3590  7166 E OsenseCommonUtils: 	at libcore.io.IoBridge.write(IoBridge.java:651)
04-11 12:39:00.140  3590  7166 E OsenseCommonUtils: 	at java.io.FileOutputStream.write(FileOutputStream.java:436)
04-11 12:39:00.140  3590  7166 E OsenseCommonUtils: 	at sun.nio.cs.StreamEncoder.writeBytes(StreamEncoder.java:233)
04-11 12:39:00.140  3590  7166 E OsenseCommonUtils: 	at sun.nio.cs.StreamEncoder.implFlushBuffer(StreamEncoder.java:309)
04-11 12:39:00.140  3590  7166 E OsenseCommonUtils: 	at sun.nio.cs.StreamEncoder.implFlush(StreamEncoder.java:313)
04-11 12:39:00.140  3590  7166 E OsenseCommonUtils: 	at sun.nio.cs.StreamEncoder.flush(StreamEncoder.java:153)
04-11 12:39:00.140  3590  7166 E OsenseCommonUtils: 	at java.io.OutputStreamWriter.flush(OutputStreamWriter.java:248)
04-11 12:39:00.140  3590  7166 E OsenseCommonUtils: 	at com.android.server.oplus.osense.utils.OsenseCommonUtils.writeFile(OsenseCommonUtils.java:154)
04-11 12:39:00.140  3590  7166 E OsenseCommonUtils: 	at com.android.server.am.OplusOsenseCompressAction.doGlobalShrink(OplusOsenseCompressAction.java:1887)
04-11 12:39:00.140  3590  7166 E OsenseCommonUtils: 	at com.android.server.am.OplusOsenseCompressAction.-$$Nest$mdoGlobalShrink(Unknown Source:0)
04-11 12:39:00.140  3590  7166 E OsenseCommonUtils: 	at com.android.server.am.OplusOsenseCompressAction$CompressHandler.handleMessage(OplusOsenseCompressAction.java:1335)
04-11 12:39:00.140  3590  7166 E OsenseCommonUtils: 	at android.os.Handler.dispatchMessage(Handler.java:115)
04-11 12:39:00.140  3590  7166 E OsenseCommonUtils: 	at android.os.Looper.loopOnce(Looper.java:302)
04-11 12:39:00.140  3590  7166 E OsenseCommonUtils: 	at android.os.Looper.loop(Looper.java:412)
04-11 12:39:00.140  3590  7166 E OsenseCommonUtils: 	at android.os.HandlerThread.run(HandlerThread.java:85)
04-11 12:39:00.140  3590  7166 E OsenseCommonUtils: Caused by: android.system.ErrnoException: write failed: EBUSY (Device or resource busy)
04-11 12:39:00.140  3590  7166 E OsenseCommonUtils: 	at libcore.io.Linux.writeBytes(Native Method)
04-11 12:39:00.140  3590  7166 E OsenseCommonUtils: 	at libcore.io.Linux.write(Linux.java:336)
04-11 12:39:00.140  3590  7166 E OsenseCommonUtils: 	at libcore.io.ForwardingOs.write(ForwardingOs.java:948)
04-11 12:39:00.140  3590  7166 E OsenseCommonUtils: 	at libcore.io.BlockGuardOs.write(BlockGuardOs.java:448)
04-11 12:39:00.140  3590  7166 E OsenseCommonUtils: 	at libcore.io.IoBridge.write(IoBridge.java:646)
04-11 12:39:00.140  3590  7166 E OsenseCommonUtils: 	... 14 more
04-11 12:39:00.140  3590  7166 I OplusCpuLimitManager: OplusCpuHighLoad: release instant cpu load
04-11 12:39:00.151  2727  3986 D QmiClient: qmiServiceEventCallback recv msg id 1099
04-11 12:39:00.151  2727  3986 D QmiClient: enter -mServiceType 4 onQmiServiceEventCallback msgId 1099
04-11 12:39:00.151  2727  3986 D QmiClient: onQmiServiceEventCallback - enter. msgId=1099
04-11 12:39:00.151  2727  3986 D QmiVsClientEvent: QosPeriodReportInd MSG IND data_len 2052
04-11 12:39:00.151  2727  3986 D QmiVsClientEvent: qmiVsClientNotifyQosPeriodReportIndEvent - RADIO_EVENT_QOS_PERIOD_REPORT_NOTIFY_IND
04-11 12:39:00.151  2727  2826 D VsProxy : handleMessage msg is 2420
04-11 12:39:00.151  2727  2826 D VsProxy : handleQosPeriodReportInd for instance 0 data_len 145
04-11 12:39:00.151  3438  3988 D QmiClient: qmiServiceEventCallback recv msg id 1099
04-11 12:39:00.151  3438  3988 D QmiClient: enter -mServiceType 4 onQmiServiceEventCallback msgId 1099
04-11 12:39:00.151  3438  3988 D QmiClient: onQmiServiceEventCallback - enter. msgId=1099
04-11 12:39:00.151  3438  3988 D QmiVsClientEvent: QosPeriodReportInd MSG IND data_len 2052
04-11 12:39:00.151  3438  3988 D QmiVsClientEvent: qmiVsClientNotifyQosPeriodReportIndEvent - RADIO_EVENT_QOS_PERIOD_REPORT_NOTIFY_IND
04-11 12:39:00.151 14034 14747 D SubsysRadioIndication[0]: radioQosPeriodReportInd result [8, -20, -120, -9, -50, 14, 34, 12, 8, -84, -69, -57, -50, 14, 16, 4, 24, 1, 32, 3, 58, 61, 8, -53, -122, -9, -50, 14, 16, 5, 24, -64, -92, 38, 32, -22, 6, 40, -96, -1, -1, -1, -1, -1, -1, -1, -1, 1, 48, -12, -1, -1, -1, -1, -1, -1, -1, -1, 1, 56, 2, 64, -100, -1, -1, -1, -1, -1, -1, -1, -1, 1, 72, -96, -1, -1, -1, -1, -1, -1, -1, -1, 1, 66, 29, 8, -57, -20, -92, -50, 14, 16, 5, 34, 19, 8, -64, -92, 38, 16, -22, 6, 24, 78, 32, 13, 40, -117, -32, -94, -93, 2, 48, 2, 90, 0, 98, 10, 8, -41, -26, -92, -50, 14, 16, 3, 24, 5, 122, 15, 8, -8, -24, -92, -50, 14, 16, -52, 2, 24, -21, 1, 32, -90, 9]
04-11 12:39:00.151  3438  3485 D VsProxy : handleMessage msg is 2420
04-11 12:39:00.151  3438  3485 D VsProxy : handleQosPeriodReportInd for instance 1 data_len 186
04-11 12:39:00.152 14034 14034 D NetworkService[0]: handleMessage what:1005
04-11 12:39:00.152 14034 14034 D RadioAtomTracker: parseQosPeriodData ModemQos:CellularQosInfo2{5G, 627264/874, EndcState=0, Band=78, DLBW=13, Rsrp=-96, Rsrq=-12, Snr=2, SvcStatus=3, ULPDCPNumDataPdu=-1, ULPDCPNumDropPdu=-1, ULPDCPTput=-1, ULRLCNumDataPdu=-1, ULRLCNumRetxPdu=-1, ULGrant=-1, ULBSR=-1, ULBler=-1, DLPDCPNumDataPdu=-1, DLPDCPTput=-1, DLRLCNumDataPdu=-1, DLRLCNumRetxPdu=-1, DLRLCNumDropPdu=-1, DLMACPaddingBytes=-1, DLPdcpNumMissToUppPdu=-1, DLBler=-1, RlfCount=0, CellChangeCount=0, IsRedirectionOccur=0, IsDualSimConflict=0, Latency=0, Sub1RrcState=1, Sub2RrcState=3, RachCount=0, CalcPower=332, Mtpl=235, PathLoss=1190, CellLoad=0}
04-11 12:39:00.152 14034 14747 D SubsysRadioIndication[1]: radioQosPeriodReportInd result [8, -20, -120, -9, -50, 14, 18, 17, 8, -110, -120, -9, -50, 14, 16, 1, 32, 53, 40, 1, 56, -97, 1, 72, 1, 26, 13, 8, -39, -120, -9, -50, 14, 16, 2, 40, 2, 56, -74, 2, 34, 12, 8, -84, -69, -57, -50, 14, 16, 4, 24, 1, 32, 3, 58, 61, 8, -27, -121, -9, -50, 14, 16, 5, 24, -98, -23, 30, 32, -54, 1, 40, -89, -1, -1, -1, -1, -1, -1, -1, -1, 1, 48, -11, -1, -1, -1, -1, -1, -1, -1, -1, 1, 56, 4, 64, -92, -1, -1, -1, -1, -1, -1, -1, -1, 1, 72, -89, -1, -1, -1, -1, -1, -1, -1, -1, 1, 66, 31, 8, -120, -25, -29, -50, 14, 16, 5, 24, 2, 34, 19, 8, -98, -23, 30, 16, -54, 1, 24, 41, 32, 13, 40, -126, -128, -52, -67, 21, 48, 2, 90, 0, 98, 10, 8, -85, -54, -73, -50, 14, 16, 3, 24, 5, 122, 20, 8, -16, -125, -9, -50, 14, 16, -1, -1, 1, 24, -1, -1, 1, 32, -1, -1, -1, -1, 15]
04-11 12:39:00.152 14034 14034 D NetworkService[0]: EVENT_REG_QOS_PERIOD_REPORT_IND_CHANGED ENTER
04-11 12:39:00.152 14034 14034 D AtomModemKpiInfo: handleMessage what:1001
04-11 12:39:00.152 14034 14034 D AtomModemKpiInfo: analyseQosInfo success
04-11 12:39:00.152 14034 14034 D NetworkService[1]: handleMessage what:1005
04-11 12:39:00.152 14034 14034 D RadioAtomTracker: parseQosPeriodData ModemQos:CellularQosInfo1{5G, 504990/202, EndcState=2, Band=41, DLBW=13, Rsrp=-89, Rsrq=-11, Snr=4, SvcStatus=3, ULPDCPNumDataPdu=1, ULPDCPNumDropPdu=0, ULPDCPTput=53, ULRLCNumDataPdu=1, ULRLCNumRetxPdu=0, ULGrant=159, ULBSR=0, ULBler=1, DLPDCPNumDataPdu=2, DLPDCPTput=310, DLRLCNumDataPdu=2, DLRLCNumRetxPdu=0, DLRLCNumDropPdu=0, DLMACPaddingBytes=0, DLPdcpNumMissToUppPdu=0, DLBler=0, RlfCount=0, CellChangeCount=0, IsRedirectionOccur=0, IsDualSimConflict=0, Latency=5, Sub1RrcState=1, Sub2RrcState=3, RachCount=0, CalcPower=32767, Mtpl=32767, PathLoss=-1, CellLoad=0}
04-11 12:39:00.152 14034 14034 D NetworkService[1]: EVENT_REG_QOS_PERIOD_REPORT_IND_CHANGED ENTER
04-11 12:39:00.152 14034 14034 D AtomModemKpiInfo: handleMessage what:1001
04-11 12:39:00.152 14034 14034 D AtomModemKpiInfo: analyseQosInfo success
04-11 12:39:00.166  3590  8793 V WindowManager: Relayout Window{7b513bd u0 com.binance.monitor}: viewVisibility=0, oldvis=0, req=315x429 , apr = 0, vsysui=, x=42, y=420
04-11 12:39:00.166   579   579 I SurfaceControl:  setExtendedRangeBrightness sc=Surface(name=)/@0xb5ec0c6,currentBufferRatio=1.0,desiredRatio=1.0
04-11 12:39:00.166  3590  8793 D InsetsSourceProvider: updateSourceFrameForServerVisibility mandatorySystemGestures EMPTY_RECT
04-11 12:39:00.166  3590  8793 D InsetsSourceProvider: updateSourceFrameForServerVisibility mandatorySystemGestures EMPTY_RECT
04-11 12:39:00.192  2113 20704 I sensors-hal: handle_oplus_wise_rgb_event:189, high_pwm_light:lux 397.1,cct 7331.1,brl/algo/ir 1419.0/2.0/40.1,pwm/dc 0.0/0.0,rgbc 16854.224609/12181.471680/7949.059082/34256.078125,ts 929555388674998,cnt 43580,flag 96683
04-11 12:39:00.192  2113 17862 I sensors-hal: handle_oplus_wise_rgb_event:161, wise_rgb: (43576)(cct, lux, ir)[7331.09, 397.09, 40.139393] (r, g, b, c)[16829.31, 12194.67, 7964.51, 34239.76]                 (pwm, hbm, brl, algo)[0.0 0.0 1419.0 2.0], flag 31147
