--------- beginning of main
04-11 12:38:44.816  2280  2323 D vendor.oplus.hardware.charger-V10-service: ret_value:121, read content:,294,294,4375,4374,-28,93,95,1,1,0,500,5037,95,1,4480,600,500,0,0,9500,0,0,1,0,2,0,0,0,1,5868,96,0,4688,5046,0,0,0,0,0,0
04-11 12:38:44.816  2280  2323 D vendor.oplus.hardware.charger-V10-service: gmtime: 2026-04-11-12-38-44
04-11 12:38:44.817  2280  2323 D vendor.oplus.hardware.charger-V10-service: usb_online:1, ac_online:-2147483648, wireless_online:-2147483648
04-11 12:38:44.821  2181  2506 I SDM     : DisplayBuiltIn::IdlePowerCollapse: IPC received, disabling partial update for one frame
--------- beginning of system
04-11 12:38:44.847  3590  7167 D osense.compress: com.tencent.mm_u999 do shrink, target ratio = 90, final ratio = 90, cur ratio = 87
04-11 12:38:44.852  2258  2258 D SensorFeature: name=ssc_screenshot_info ,index = 22
04-11 12:38:44.852  2258  2258 D SensorFeature: write 39 bytes:929539596223639,929540265016139,31099,0
04-11 12:38:44.857  3590  7167 D osense.compress: com.tencent.mm do shrink, target ratio = 88, final ratio = 90, cur ratio = 83
04-11 12:38:44.886  2187  2298 E PERFHAL-PERFCTRL: PERFHAL-PERFCTRL: chk_core_online_poll_loop() 748: poll() has timed out for /sys/kernel/msm_performance/events/cpu_hotplug
04-11 12:38:44.886  2187  2298 E PERFHAL-PERFCTRL: PERFHAL-PERFCTRL: chk_core_online_poll_loop() 743: Block on poll()
04-11 12:38:44.891   944   944 W dumpsys : Thread Pool max thread count is 0. Cannot cache binder as linkToDeath cannot be implemented. serviceName: gfxinfo
04-11 12:38:44.893  3590  8835 D ActivityManager: freezer override set to true
04-11 12:38:44.893  3590  8835 D ActivityManager: pid 27799 com.coloros.alarmclock received async transactions while frozen
04-11 12:38:44.893  3590  7335 D ActivityManager: reportOneUidFrozenStateChanged uid 10294 frozen = false
04-11 12:38:44.894  3590  8835 D ActivityManager: sync unfroze 27799 com.coloros.alarmclock for 19
04-11 12:38:44.894  3590  8835 D ActivityManager: pid 12677 com.google.android.webview:webview_service received async transactions while frozen
04-11 12:38:44.894  3590  8835 D ActivityManager: sync unfroze 12677 com.google.android.webview:webview_service for 19
04-11 12:38:44.894  3590  8835 D ActivityManager: pid 14376 com.android.rkpdapp received async transactions while frozen
04-11 12:38:44.894  3590  8835 D ActivityManager: sync unfroze 14376 com.android.rkpdapp for 19
04-11 12:38:44.894  3590  8835 D ActivityManager: pid 17796 com.coloros.ocs.opencapabilityservice:ocs received async transactions while frozen
04-11 12:38:44.894 27799 27799 D ActivityThread: Package [com.binance.monitor] reported as REPLACED, but missing application info. Assuming REMOVED.
04-11 12:38:44.894 27799 27823 I Channel.Client[1000032].alarmclock.ChannelClientLogUtil: onChange: debuggable = false
04-11 12:38:44.894  3590  8835 D ActivityManager: sync unfroze 17796 com.coloros.ocs.opencapabilityservice:ocs for 19
04-11 12:38:44.894  3590  8835 D ActivityManager: pid 15448 com.coloros.alarmclock:clockWidget received async transactions while frozen
04-11 12:38:44.895 27799 27799 D ActivityThread: Package [com.binance.monitor] reported as REPLACED, but missing application info. Assuming REMOVED.
04-11 12:38:44.895  3590  8835 D ActivityManager: sync unfroze 15448 com.coloros.alarmclock:clockWidget for 19
04-11 12:38:44.895  3590  8835 D ActivityManager: pid 21483 com.android.cellbroadcastreceiver.module received async transactions while frozen
04-11 12:38:44.895  3590  8835 D ActivityManager: sync unfroze 21483 com.android.cellbroadcastreceiver.module for 19
04-11 12:38:44.895  3590  8835 D ActivityManager: pid 22292 com.google.android.projection.gearhead:shared received async transactions while frozen
04-11 12:38:44.895  3590  8835 D ActivityManager: sync unfroze 22292 com.google.android.projection.gearhead:shared for 19
04-11 12:38:44.895  3590  8835 D ActivityManager: pid 27126 com.android.providers.calendar received async transactions while frozen
04-11 12:38:44.896  3590  8835 D ActivityManager: sync unfroze 27126 com.android.providers.calendar for 19
04-11 12:38:44.896  3590  8835 D ActivityManager: pid 27201 com.heytap.htms:kit_hlog received async transactions while frozen
04-11 12:38:44.896  3590  8835 D ActivityManager: sync unfroze 27201 com.heytap.htms:kit_hlog for 19
04-11 12:38:44.896  3590  8835 D ActivityManager: pid 10944 com.heytap.htms received async transactions while frozen
04-11 12:38:44.897 14376 14376 D ActivityThread: Package [com.binance.monitor] reported as REPLACED, but missing application info. Assuming REMOVED.
04-11 12:38:44.897 14376 14376 D ActivityThread: Package [com.binance.monitor] reported as REPLACED, but missing application info. Assuming REMOVED.
04-11 12:38:44.897  3590  8835 D ActivityManager: sync unfroze 10944 com.heytap.htms for 19
04-11 12:38:44.897  3590  8835 D ActivityManager: pid 27289 com.heytap.htms:sysintegrity received async transactions while frozen
04-11 12:38:44.897  3590  8835 D ActivityManager: sync unfroze 27289 com.heytap.htms:sysintegrity for 19
04-11 12:38:44.898  3590  7335 D ActivityManager: reportOneUidFrozenStateChanged uid 10265 frozen = false
04-11 12:38:44.898 12677 12677 D ActivityThread: Package [com.binance.monitor] reported as REPLACED, but missing application info. Assuming REMOVED.
04-11 12:38:44.898  3590  7335 D ActivityManager: reportOneUidFrozenStateChanged uid 10290 frozen = false
04-11 12:38:44.898  3590  7335 D ActivityManager: reportOneUidFrozenStateChanged uid 10177 frozen = false
04-11 12:38:44.898  3590  7335 D ActivityManager: reportOneUidFrozenStateChanged uid 10276 frozen = false
04-11 12:38:44.898  3590  8835 D ActivityManager: freezer override callers: 944/2000 com.android.server.am.ActivityManagerService$GraphicsBinder.dump:2380 android.os.Binder.doDump:1085 android.os.Binder.dump:1075 android.os.Binder.onTransact:945 android.os.Binder.execTransactInternal:1444 
04-11 12:38:44.898  3590  7335 D ActivityManager: reportOneUidFrozenStateChanged uid 10264 frozen = false
04-11 12:38:44.898  3590  7335 D ActivityManager: reportOneUidFrozenStateChanged uid 10202 frozen = false
04-11 12:38:44.898  3590  7335 D ActivityManager: reportOneUidFrozenStateChanged uid 10176 frozen = false
04-11 12:38:44.898 15448 15448 D ActivityThread: Package [com.binance.monitor] reported as REPLACED, but missing application info. Assuming REMOVED.
04-11 12:38:44.898 21483 21483 D ActivityThread: Package [com.binance.monitor] reported as REPLACED, but missing application info. Assuming REMOVED.
04-11 12:38:44.898 22292 22292 D ActivityThread: Package [com.binance.monitor] reported as REPLACED, but missing application info. Assuming REMOVED.
04-11 12:38:44.898 17796 17796 D ActivityThread: Package [com.binance.monitor] reported as REPLACED, but missing application info. Assuming REMOVED.
04-11 12:38:44.899 21483 21483 D ActivityThread: Package [com.binance.monitor] reported as REPLACED, but missing application info. Assuming REMOVED.
04-11 12:38:44.899 27126 27126 D ActivityThread: Package [com.binance.monitor] reported as REPLACED, but missing application info. Assuming REMOVED.
04-11 12:38:44.901 27201 27201 D ActivityThread: Package [com.binance.monitor] reported as REPLACED, but missing application info. Assuming REMOVED.
04-11 12:38:44.901 27289 27289 I env_LocationStrategy: location change
04-11 12:38:44.901 10944 10944 D ActivityThread: Package [com.binance.monitor] reported as REPLACED, but missing application info. Assuming REMOVED.
04-11 12:38:44.901 27289 27289 D ActivityThread: Package [com.binance.monitor] reported as REPLACED, but missing application info. Assuming REMOVED.
04-11 12:38:44.902 27289 27289 D ActivityThread: Package [com.binance.monitor] reported as REPLACED, but missing application info. Assuming REMOVED.
04-11 12:38:44.902 12677 12677 D ActivityThread: Package [com.binance.monitor] reported as REPLACED, but missing application info. Assuming REMOVED.
04-11 12:38:44.902 15448 15448 D ActivityThread: Package [com.binance.monitor] reported as REPLACED, but missing application info. Assuming REMOVED.
04-11 12:38:44.902 22292 22292 D ActivityThread: Package [com.binance.monitor] reported as REPLACED, but missing application info. Assuming REMOVED.
04-11 12:38:44.902 17796 17796 D ActivityThread: Package [com.binance.monitor] reported as REPLACED, but missing application info. Assuming REMOVED.
04-11 12:38:44.902 27201 27201 D ActivityThread: Package [com.binance.monitor] reported as REPLACED, but missing application info. Assuming REMOVED.
04-11 12:38:44.903 10944 10944 D ActivityThread: Package [com.binance.monitor] reported as REPLACED, but missing application info. Assuming REMOVED.
04-11 12:38:44.903 27126 27126 D ActivityThread: Package [com.binance.monitor] reported as REPLACED, but missing application info. Assuming REMOVED.
04-11 12:38:44.904 13839 14674 V MonthTrafficAlert: getWarningNotification subId:1 numWarningNotificaion:2
04-11 12:38:44.905  3590  8835 D ActivityManager: freezer override set to false
04-11 12:38:44.905 13839 14674 V MonthTrafficAlert: getWarningNotification subId:2 numWarningNotificaion:0
04-11 12:38:44.905  3590  8835 D ActivityManager: Async freezing 27799 com.coloros.alarmclock
04-11 12:38:44.906  3590  8835 D ActivityManager: Async freezing 12677 com.google.android.webview:webview_service
04-11 12:38:44.906  3590  8835 D ActivityManager: Async freezing 14376 com.android.rkpdapp
04-11 12:38:44.906  3590  8835 D ActivityManager: Async freezing 17796 com.coloros.ocs.opencapabilityservice:ocs
04-11 12:38:44.906  3590  8835 D ActivityManager: Async freezing 15448 com.coloros.alarmclock:clockWidget
04-11 12:38:44.906  3590  8835 D ActivityManager: Async freezing 21483 com.android.cellbroadcastreceiver.module
04-11 12:38:44.906  3590  8835 D ActivityManager: Async freezing 22292 com.google.android.projection.gearhead:shared
04-11 12:38:44.906 15448 15448 D ClockTag_AlarmClockApplication: onTrimMemory: 40
04-11 12:38:44.906  3590  8835 D ActivityManager: Async freezing 27126 com.android.providers.calendar
04-11 12:38:44.907  3590  8835 D ActivityManager: Async freezing 27201 com.heytap.htms:kit_hlog
04-11 12:38:44.907  3590  8835 D ActivityManager: Async freezing 10944 com.heytap.htms
04-11 12:38:44.907  3590  8835 D ActivityManager: Async freezing 27289 com.heytap.htms:sysintegrity
04-11 12:38:44.907  3590  8835 D ActivityManager: freezer override callers: 944/2000 com.android.server.am.ActivityManagerService$GraphicsBinder.dump:2386 android.os.Binder.doDump:1085 android.os.Binder.dump:1075 android.os.Binder.onTransact:945 android.os.Binder.execTransactInternal:1444 
04-11 12:38:44.909  2181  2506 I SDM     : DisplayBuiltIn::IdlePowerCollapse: IPC received, disabling partial update for one frame
04-11 12:38:44.915 27799 27799 D ClockTag_AlarmClockApplication: onTrimMemory: 40
04-11 12:38:44.915  1311  1311 E KeymasterUtils: IKMHal_sendCmd failed with rsp_header->status: -28
04-11 12:38:44.915  1311  1311 E KeyMasterHalDevice: abort_operation
04-11 12:38:44.915  1311  1311 E KeyMasterHalDevice: ret: -28
04-11 12:38:44.916 27289 27319 I env_srp-trust-env: runByDay lastCalcTime:2026-04-11 00:00:00
04-11 12:38:44.920  2181  2506 I SDM     : DisplayBuiltIn::IdlePowerCollapse: IPC received, disabling partial update for one frame
04-11 12:38:44.926  3590  9788 I AICCTModule: SensorFilter: brightness threshold 1.4 screenNit is 104.459 ave enviroment lux is 321.6863 luxForNit 101.83613demarcationPoint200.0 result is false
04-11 12:38:44.926  3590  9788 I AICCTModule: SensorFilter: findSecondNearestValue, sensorValue: 7727.304 nearestMaxValue:7713.71 secondNearestValue: 7713.71
04-11 12:38:44.926  3590  9788 I AICCTModule: SensorFilter: findSecondNearestValue, sensorValue: 322.52917 nearestMaxValue:322.0056 secondNearestValue: 322.0056
04-11 12:38:44.931  2181  2506 I SDM     : DisplayBuiltIn::IdlePowerCollapse: IPC received, disabling partial update for one frame
04-11 12:38:44.942  2181  2506 I SDM     : DisplayBuiltIn::IdlePowerCollapse: IPC received, disabling partial update for one frame
04-11 12:38:44.950  2399  3162 D VRR [OTI]: handleIdle from 1 to 0
04-11 12:38:44.950  3590  8031 D GestureLog_OplusMultiPointerDetector: onTouchEvent------>start, mCurNumPointers=1, mCurrStatus=0 mIsDownIntervalTimeout=true, action=0 downTime=881684324 deviceId=-1
04-11 12:38:44.950  2399  3162 D VRR [OTI-HW]: isStateReady 0
04-11 12:38:44.950  2399  3162 D VRR [OTI-HW]: keep rate.
04-11 12:38:44.950  3590  8291 I [UAH_CLIENT]: UahEventAcquire, cmdid:37, pkg:none, identity:OplusUAwareInputHelper
04-11 12:38:44.951  3590  3863 D PowerManagerService: userActivityNoUpdateLocked: groupId=0, eventTime=881684324, event=touch, flags=0x0, uid=1000
04-11 12:38:44.951  3590  8291 D UAH-UahAdaptHelper: adaptSetNotification identity = OplusUAwareInputHelpersrc = 1000 , type 0 ,p1 = -1 ,p2 = -1 ,p3 = -1 ,p4 =
04-11 12:38:44.951  3590  8291 I [UAH_CLIENT]: uahRuleCtl, ruleId:1000, status:0
04-11 12:38:44.951  3590  3863 D PowerManagerService: userActivityNoUpdateLocked: groupId=0, eventTime=881684324, event=touch, flags=0x0, uid=1000
04-11 12:38:44.952   579   579 D OplusActivityThreadExtImpl: init method, sSupressionGC = public static native void dalvik.system.VMRuntime.SupressionGC(int,int), sDesupressionGC = public static native void dalvik.system.VMRuntime.DesupressionGC(int)
04-11 12:38:44.952   579   579 E IJankManager: slideSceneEnd unknown scene 1000 mScene:-1
04-11 12:38:44.953  2181  2506 I SDM     : DisplayBuiltIn::IdlePowerCollapse: IPC received, disabling partial update for one frame
04-11 12:38:44.954   579   579 D ViewExtract: [OplusViewExtractManager] OplusViewExtractManager init com.binance.monitor
04-11 12:38:44.955  3590  8291 D UAH-UahAdaptHelper: adaptSetNotification identity = OplusUAwareInputHelpersrc = 1000 , type 1 ,p1 = -1 ,p2 = -1 ,p3 = -1 ,p4 =
04-11 12:38:44.955  3590  8291 I [UAH_CLIENT]: uahRuleCtl, ruleId:1000, status:1
04-11 12:38:44.955   579   579 D OplusInputMethodManagerInternal: get inputMethodManager extension: com.android.internal.view.IInputMethodManager$Stub$Proxy@7c00534
04-11 12:38:44.955  3590  3863 D PowerManagerService: userActivityNoUpdateLocked: groupId=0, eventTime=881684324, event=touch, flags=0x0, uid=1000
04-11 12:38:44.955  3590  3863 D PowerManagerService: userActivityNoUpdateLocked: groupId=0, eventTime=881684324, event=touch, flags=0x0, uid=1000
04-11 12:38:44.956   579   579 D OplusViewDragTouchViewHelper: dispatchTouchView action = 1
04-11 12:38:44.956   579   579 D ViewRootImplExtImpl: the up motion event handled by client, just return
04-11 12:38:44.958  3590  7998 I [UAH_CLIENT]: UahEventAcquire, cmdid:2, pkg:none, identity:com.android.server.wm
04-11 12:38:44.958  3590  8838 D WindowManager: NFW_setClientVisible:ActivityRecord{187072952 u0 com.binance.monitor/.ui.account.AccountStatsBridgeActivity clientVisible:true
04-11 12:38:44.959  3590  8838 V GrammaticalInflectionUtils: AttributionSource: android.content.AttributionSource@1020978a does not have READ_SYSTEM_GRAMMATICAL_GENDER permission.
04-11 12:38:44.959  3590  8838 D OplusCompatModeManagerService: getRequestedConfigurationOrientation  res:1,req:1,config.old:0,config.new:0,ActivityRecord{187072952 u0 com.binance.monitor/.ui.account.AccountStatsBridgeActivity t-1}
04-11 12:38:44.959  3590  8838 D OplusCompatModeManagerService:  onPreActivityRecordConfigurationChanged {0.0 ?mcc??mnc ?localeList ?layoutDir ?swdp ?wdp ?hdp ?density ?lsize ?long ?ldr ?wideColorGamut ?orien ?uimode ?night ?touch ?keyb/?/? ?nav/? winConfig={ mBounds=Rect(0, 0 - 0, 0) mAppBounds=null mMaxBounds=Rect(0, 0 - 0, 0) mDisplayRotation=undefined mWindowingMode=undefined mActivityType=undefined mAlwaysOnTop=undefined mRotation=undefined} ?fontWeightAdjustmentmThemeChanged= 0, mThemeChangedFlags= 0, mFlipFont= 0, mScenario= -1, mAccessibleChanged= 0, mUxIconConfig= 0, mMaterialColor= ffffffffffffffff, mUserId= -1, mFontUserId= -1, mFontVariationSettings= ffffffff, mFoldingAngle = -1.0, mIconPackName= , mDarkModeBackgroundMaxL= -1.0, mDarkModeDialogBgMaxL= -1.0, mDarkModeForegroundMinL= -1.0, mOplusConfigType= 0, mOplusChangedConfigs= 0, OpSans= -1, mBurmeseFontFlag= -1, mFlag= 0, mExtraFlag= 0, mFlexibleActivitySuitable= -1, mPuttDisplayFlag= -1}
04-11 12:38:44.959  3590  8838 D OplusCompatModeManagerService:  disable:true,valid:false,computeReq:1,isGameRatio:false
04-11 12:38:44.959  3590  8838 D OplusCompatModeManagerService:  getOverrideMinAspectRatioForCompatMode: 0.0 getRawOverrideMinAspectRatioForCompatMode: 0.0
04-11 12:38:44.959  3590  8838 D OplusCompatModeManagerService:  ar : ActivityRecord{187072952 u0 com.binance.monitor/.ui.account.AccountStatsBridgeActivity t-1} displayId:-1 inCompatMode: false
04-11 12:38:44.959  3590  8838 D OplusCompatModeManagerService: isDefaultDisplay true oldRect: Rect(0, 0 - 0, 0) newRect Rect(0, 0 - 0, 0)
04-11 12:38:44.959  3590  8838 D OplusCompatModeManagerService: reloadCompactRatio mParWorldContainer.isEnabledParallelWindow(pkg):false,mParWorldContainer.isDisabledCompactWindow:false,isUIAutoLayout:false, isFullOrientation: false
04-11 12:38:44.959  3590  8838 D FlexibleTaskController: isSupportFlexibleWindow target = com.binance.monitor/.ui.account.AccountStatsBridgeActivity callPkg = FlexibleTaskController support = true ,caller = 3590
04-11 12:38:44.959  3590  8838 D ActivityStarterExtImpl: checkOpMode: 3
04-11 12:38:44.959  3590  3830 W QosScheduler: executeSceneQosStrategy failed! qos feature no enable
04-11 12:38:44.959  3590  8838 D FlexibleWindowManagerService: isIgnoreAppearedAcrossTask:false
04-11 12:38:44.959  3590  8838 D ActivityStarterExtImpl: setForceUpdateWindow, targetTask = Task{b287a2f #13170 type=standard A=10512:com.binance.monitor} r = ActivityRecord{187072952 u0 com.binance.monitor/.ui.account.AccountStatsBridgeActivity t-1} notFinish =false
04-11 12:38:44.959  3590  8838 D FlexibleWindowManagerService: isIgnoreAppearedAcrossTask:false
04-11 12:38:44.959  3590  8838 D FlexibleTaskController: adjustOptionsForFlexibleTask skip adjust options reason:4
04-11 12:38:44.959  3590  8838 I InsensibleTaskController: adjustOptionsForInsensibleTask targetTask is resuse so not pureInsensibleOptions
04-11 12:38:44.959  3590  8838 D FlexibleTaskController: isSupportFlexibleWindow target = com.binance.monitor/.ui.account.AccountStatsBridgeActivity callPkg = FlexibleTaskController support = true ,caller = 3590
04-11 12:38:44.959  3590  8838 D FlexibleWindowManagerService: no reused task found for ActivityRecord{187072952 u0 com.binance.monitor/.ui.account.AccountStatsBridgeActivity t-1}
04-11 12:38:44.960  3590  8838 D ActivityStarterExtImpl: isLaunchingRootActivity = false
04-11 12:38:44.960  3590  8838 D ActivityStarterExtImpl: resume targetTask isVisibleRequested is true or in SkipCheckedList, need resume:targetTask=Task{b287a2f #13170 type=standard A=10512:com.binance.monitor}
04-11 12:38:44.960  3590  8480 I OPM     : handleActivityStart : ActivityRecord{187072952 u0 com.binance.monitor/.ui.account.AccountStatsBridgeActivity t-1}
04-11 12:38:44.960  3590  8838 D OplusCompatModeManagerService: getRequestedConfigurationOrientation  res:1,req:1,config.old:0,config.new:1,ActivityRecord{187072952 u0 com.binance.monitor/.ui.account.AccountStatsBridgeActivity t13170}
04-11 12:38:44.960  3590  8838 D OplusCompatModeManagerService:  onPreActivityRecordConfigurationChanged {1.15 ??mcc??mnc [zh_CN,en_US] ldltr sw361dp w361dp h794dp 560dpi nrml long hdr widecg port night finger -keyb/v/h -nav/h winConfig={ mBounds=Rect(0, 0 - 1264, 2780) mAppBounds=Rect(0, 0 - 1264, 2780) mMaxBounds=Rect(0, 0 - 1264, 2780) mDisplayRotation=ROTATION_0 mWindowingMode=fullscreen mActivityType=standard mAlwaysOnTop=undefined mRotation=ROTATION_0} as.10 s.12661 fontWeightAdjustment=0mThemeChanged= 1, mThemeChangedFlags= 1, mFlipFont= 0, mScenario= 0, mAccessibleChanged= -1, mUxIconConfig= 1e177014640920, mMaterialColor= 100040017, mUserId= 0, mFontUserId= 0, mFontVariationSettings= 11d7, mFoldingAngle = -1.0, mIconPackName= , mDarkModeBackgroundMaxL= 8.0, mDarkModeDialogBgMaxL= 27.0, mDarkModeForegroundMinL= 100.0, mOplusConfigType= 1, mOplusChangedConfigs= 0, OpSans= -1, mBurmeseFontFlag= 2, mFlag= 0, mExtraFlag= 0, mFlexibleActivitySuitable= -1, mPuttDisplayFlag= -1}
04-11 12:38:44.960  3590  8838 D OplusCompatModeManagerService:  disable:true,valid:false,computeReq:1,isGameRatio:false
04-11 12:38:44.960  3590  8838 D OplusCompatModeManagerService:  getOverrideMinAspectRatioForCompatMode: 0.0 getRawOverrideMinAspectRatioForCompatMode: 0.0
04-11 12:38:44.960  3590  8838 D OplusCompatModeManagerService:  ar : ActivityRecord{187072952 u0 com.binance.monitor/.ui.account.AccountStatsBridgeActivity t13170} displayId:0 inCompatMode: false
04-11 12:38:44.960  3590  8838 D OplusCompatModeManagerService: isDefaultDisplay true oldRect: Rect(0, 0 - 0, 0) newRect Rect(0, 0 - 1264, 2780)
04-11 12:38:44.960  3590  8838 D OplusCompatModeManagerService: reloadCompactRatio mParWorldContainer.isEnabledParallelWindow(pkg):false,mParWorldContainer.isDisabledCompactWindow:false,isUIAutoLayout:false, isFullOrientation: false
04-11 12:38:44.960  3590  8838 D SecondaryPageStartupPolicy: checkSecondaryPageStartupStatus not support sourcePackage=com.binance.monitor
04-11 12:38:44.961  3590  8838 D OplusStartingWindowManager: we don't revise window flags for third app
04-11 12:38:44.961  3590  8838 D ActivityTaskManager: validateStartingWindowTheme:  Pkg=com.binance.monitor, Translucent=false, Floating=false, ShowWallpaper=false, Disable=false, LaunchSource=4, Prev=null, LaunchedFromPackage=com.binance.monitor
04-11 12:38:44.961  3590  8838 D ActivityTaskManager: addStartingWindow for ActivityRecord{187072952 u0 com.binance.monitor/.ui.account.AccountStatsBridgeActivity t13170}, mainWin=null, state=INITIALIZING, isKeyguardLocked=false, isKeyguardGoingAway=false
04-11 12:38:44.961  3590  8838 D ActivityTaskManager: getStartingWindowType: , newTask=false, taskSwitch=false, processRunning=true, allowTaskSnapshot=true, activityCreated=false, activityAllDrawn=false, snapshot exist: false
04-11 12:38:44.961  3590  8838 D ActivityRecordExtImpl: handleStartingWindowForCompactWindow origin type:0, adjustType : 0
04-11 12:38:44.961  3590  8838 D OplusWindowAnimationManager: applyNoAnimationForResumed resumed: ActivityRecord{183866893 u0 com.binance.monitor/.ui.main.MainActivity t13170}
04-11 12:38:44.961  3590  8838 D ActivityTrigger: ActivityTrigger activityPauseTrigger 
04-11 12:38:44.965  3590  8838 I ActivityTaskManager: START u0 {flg=0x24000000 xflg=0x4 cmp=com.binance.monitor/.ui.account.AccountStatsBridgeActivity mCallingUid=10512} with LAUNCH_MULTIPLE from uid 10512 (sr=183866893) (BAL_ALLOW_VISIBLE_WINDOW (callingUid has visible window)) result code=0
04-11 12:38:44.965  8338  8381 V WindowManagerShell: Transition requested (#27135): android.os.BinderProxy@838e1b0 TransitionRequestInfo { type = OPEN, triggerTask = TaskInfo{userId=0 taskId=13170 effectiveUid=10512 displayId=0 isRunning=true baseIntent=Intent { flg=0x10000000 cmp=com.binance.monitor/.ui.main.MainActivity mCallingUid=2000 } baseActivity=ComponentInfo{com.binance.monitor/com.binance.monitor.ui.main.MainActivity} topActivity=ComponentInfo{com.binance.monitor/com.binance.monitor.ui.account.AccountStatsBridgeActivity} origActivity=null realActivity=ComponentInfo{com.binance.monitor/com.binance.monitor.ui.main.MainActivity}
04-11 12:38:44.965  8338  8381 V WindowManagerShell:  numActivities=2 lastActiveTime=929540375 supportsSplitScreenMultiWindow=true supportsMultiWindow=true supportsPocketStudioMultiWindow=true isInFlexibleEmbedded = false uid = 10512 pid = 0 resizeMode=1 isResizeable=true minWidth=-1 minHeight=-1 defaultMinSize=220 token=WCT{android.window.IWindowContainerToken$Stub$Proxy@31be829} topActivityType=1 pictureInPictureParams=null shouldDockBigOverlays=false launchIntoPipHostTaskId=-1 lastParentTaskIdBeforePip=-1 displayCutoutSafeInsets=Rect(0, 0 - 0, 0)
04-11 12:38:44.965  8338  8381 V WindowManagerShell:  topActivityInfo=ActivityInfo{c5487ae com.binance.monitor.ui.account.AccountStatsBridgeActivity} launchCookies=[] positionInParent=Point(0, 0) parentTaskId=-1 isFocused=true isVisible=true isVisibleRequested=true isTopActivityNoDisplay=false isSleeping=false locusId=null displayAreaFeatureId=1 isTopActivityTransparent=false isActivityStackTransparent=false lastNonFullscreenBounds=Rect(330, 828 - 935, 2092) capturedLink=null capturedLinkTimestamp=0 requestedVisibleTypes=-9 topActivityRequestOpenInBrowserEducationTimestamp=0
04-11 12:38:44.965  8338  8381 V WindowManagerShell:  appCompatTaskInfo=AppCompatTaskInfo { topActivityInSizeCompat=false topActivityInOplusCompatMode=false eligibleForLetterboxEducation= false isLetterboxEducationEnabled= false isLetterboxDoubleTapEnabled= false eligibleForUserAspectRatioButton= false topActivityBoundsLetterboxed= false isFromLetterboxDoubleTap= false topActivityLetterboxVerticalPosition= -1 topActivityLetterboxHorizontalPosition= -1 topActivityLetterboxWidth=-1 topActivityLetterboxHeight=-1 topActivityAppBounds=Rect(0, 140 - 1264, 2780) isUserFullscreenOverrideEnabled=false isSystemFullscreenOverrideEnabled=false hasMinAspectRatioOverride=false topActivityLetterboxBounds=null cameraCompatTaskInfo=CameraCompatTaskInfo { freeformCameraCompatMode=inactive}} topActivityMainWindowFrame=null topActivityLetterboxInsets=Rect(0, 0 - 0, 0)
04-11 12:38:44.965  8338  8381 V WindowManagerShell:  mOplusExtraBundle = Bundle[mParcelledData.dataSize=1540]}, pipChange = null, remoteTransition = null, displayChange = null, flags = 0, debugId = 27135 }
04-11 12:38:44.965  8338  8381 D ShellSplitScreen: logExit: no-op, mLoggerSessionId is null
04-11 12:38:44.965  3590  3796 I TaskOrganizerController: onTaskInfoChanged taskid 13170 config { mBounds=Rect(0, 0 - 1264, 2780) mAppBounds=Rect(0, 0 - 1264, 2780) mMaxBounds=Rect(0, 0 - 1264, 2780) mDisplayRotation=ROTATION_0 mWindowingMode=fullscreen mActivityType=standard mAlwaysOnTop=undefined mRotation=ROTATION_0}
04-11 12:38:44.966  3590  3796 D OplusFlexibleDragToSplitAnimController: visibleFlexibleTaskInfos delete:13170
04-11 12:38:44.966  3590  3796 E FlexibleWindowManagerService: notifyTaskObserverToAttachController not need to notify!
04-11 12:38:44.966  3590  3796 I FlexibleWindowManagerService: onFlexibleWindowTaskInfoChanged, return for cur task not embedded
04-11 12:38:44.966  8338  8381 D ShellTaskOrganizerExt: visibleFlexibleTaskInfos delete:13170
04-11 12:38:44.966  8338  8381 D ShellTaskOrganizerExt: isOnCanvas size:0
04-11 12:38:44.966  8338  8381 D ShellTaskOrganizerExt: isOnThreeFlexibleCanvas size:0
04-11 12:38:44.968  3590  9132 I OplusAccessController: enter isIgnoreAppSwitchActivity
04-11 12:38:44.968  3590  9132 I OplusAccessController: enter isIgnoreAppSwitchActivity and intent != null
04-11 12:38:44.968  3590  9132 I OplusAccessController: enter isIgnoreAppSwitchActivity and componentName != null
04-11 12:38:44.968  3590  9132 I OplusAccessController: enter isIgnoreAppSwitchActivity and packageName&activity is not Empty
04-11 12:38:44.968  3590  9132 D RefreshRate: boostRefreshId choose max:currentRefreshRate:90.0 targetRefreshRate:60.0 mCurrentPickRate:90.0
04-11 12:38:44.968  3590  9132 D RefreshRate: Trigger app switch boost, ar=ActivityRecord{187072952 u0 com.binance.monitor/.ui.account.AccountStatsBridgeActivity t13170},currDisplayRate=90.0,boostId=1
04-11 12:38:44.968  3590  9132 D RefreshRate: setDisplayConfigSpecs complete: targetMode={id=3, width=1264, height=2780, fps=90.0, vsync=90.0, synthetic=false, alternativeRefreshRates=[60.000004, 120.00001, 120.00001], supportedHdrTypes=[1, 2, 3, 4]},srcMode={id=3, width=1264, height=2780, fps=90.0, vsync=90.0, synthetic=false, alternativeRefreshRates=[60.000004, 120.00001, 120.00001], supportedHdrTypes=[1, 2, 3, 4]},sfModId=2,rate=90.0
04-11 12:38:44.968  3590  9132 D RefreshRate: startAppSwitchBoost targetMode={id=3, width=1264, height=2780, fps=90.0, vsync=90.0, synthetic=false, alternativeRefreshRates=[60.000004, 120.00001, 120.00001], supportedHdrTypes=[1, 2, 3, 4]} record=ActivityRecord{187072952 u0 com.binance.monitor/.ui.account.AccountStatsBridgeActivity t13170}: votes=PRIORITY_START_ANIMATION_BOOST -> Vote{mRefreshRate=90.0, mMinRefreshRate=90.0, mRequestSource=null};PRIORITY_WINDOW_REQUEST -> Vote{mRefreshRate=90.0, mMinRefreshRate=90.0, mRequestSource=null};
04-11 12:38:44.968  3590  3875 D RefreshRate: do setDisplayConfigSpecs  
04-11 12:38:44.968  2399  3197 D SurfaceFlinger: VRR [SurfaceFlinger] setDesiredDisplayModeSpecs, from process 3590, 2, 0, primaryRanges = [ 90.000000, 90.000000, 90.000000, 90.000000 ], appRequestRanges = [ 90.000000, 90.000000, 90.000000 90.000000 ]
04-11 12:38:44.968  3590  9132 I ActivityTaskManager: The Process com.binance.monitor Already Exists in BG. So sending its PID: 579
04-11 12:38:44.969  3590  7959 D BackgroundInstallControlService: Package event received: 0
04-11 12:38:44.969  3590  3875 D DisplayModeDirector: setAppRequest displayId : 0  modeId: 3  requestedRefreshRate: 90.0  requestedMinRefreshRateRange: 90.0  requestedMaxRefreshRateRange: 90.0
04-11 12:38:44.969  3590  8838 W SurfaceFlingerPuller: Failed to pull atom 150134 from surfaceflinger. Success is 0, binder status is EX_NONE
04-11 12:38:44.969  2013  2036 E statsd  : Stats puller failed for tag: 150134 at 929540382703951
04-11 12:38:44.969  3590  9132 D ActivityTaskManager: setAppVisibility(Token{71ffaf6 ActivityRecord{187072952 u0 com.binance.monitor/.ui.account.AccountStatsBridgeActivity t13170}}, visible=true):  visible=false mVisibleRequested=false
04-11 12:38:44.969  3590  9132 D ActivityTaskManager: setVisibility(Token{71ffaf6 ActivityRecord{187072952 u0 com.binance.monitor/.ui.account.AccountStatsBridgeActivity t13170}}, visible=true) defer commitVisibility for transition collecting
04-11 12:38:44.969  3590  9132 D ActivityTaskManager: setAppVisibility(Token{7cc8a4b ActivityRecord{183866893 u0 com.binance.monitor/.ui.main.MainActivity t13170}}, visible=false):  visible=true mVisibleRequested=true
04-11 12:38:44.969  3590  9132 D ActivityTaskManager: setVisibility(Token{7cc8a4b ActivityRecord{183866893 u0 com.binance.monitor/.ui.main.MainActivity t13170}}, visible=false) defer commitVisibility for transition collecting
04-11 12:38:44.969  3590  9132 D FlexibleTaskController: isFullToFlexibleAnimating: false
04-11 12:38:44.969  3590  9132 D WindowManager: rotation(ROTATION_0) no changed  displayId = 0, lastOrientation = 1
04-11 12:38:44.969  3590  9132 I TaskOrganizerController: onTaskInfoChanged taskid 13170 config { mBounds=Rect(0, 0 - 1264, 2780) mAppBounds=Rect(0, 0 - 1264, 2780) mMaxBounds=Rect(0, 0 - 1264, 2780) mDisplayRotation=ROTATION_0 mWindowingMode=fullscreen mActivityType=standard mAlwaysOnTop=undefined mRotation=ROTATION_0}
04-11 12:38:44.969  3590  9132 D OplusVisibleTasks:  notifyTasksNumChange no need to notify.
04-11 12:38:44.969  3590  9132 D OplusFlexibleDragToSplitAnimController: visibleFlexibleTaskInfos delete:13170
04-11 12:38:44.969  3590  9132 E FlexibleWindowManagerService: notifyTaskObserverToAttachController not need to notify!
04-11 12:38:44.969  3590  9132 I FlexibleWindowManagerService: onFlexibleWindowTaskInfoChanged, return for cur task not embedded
04-11 12:38:44.969  3590  9132 D ActivityTaskManager: setAppVisibility(Token{71ffaf6 ActivityRecord{187072952 u0 com.binance.monitor/.ui.account.AccountStatsBridgeActivity t13170}}, visible=true):  visible=false mVisibleRequested=true
04-11 12:38:44.969  3590  9132 D ActivityTaskManager: setVisibility(Token{71ffaf6 ActivityRecord{187072952 u0 com.binance.monitor/.ui.account.AccountStatsBridgeActivity t13170}}, visible=true) defer commitVisibility for transition collecting
04-11 12:38:44.969  8338  8381 D ShellTaskOrganizerExt: visibleFlexibleTaskInfos delete:13170
04-11 12:38:44.969  3590  9132 E OplusDexOptimizeManager: pkgSetting or primaryCpuAbi is null for package: com.binance.monitor
04-11 12:38:44.969  8338  8381 D ShellTaskOrganizerExt: isOnCanvas size:0
04-11 12:38:44.969  8338  8381 D ShellTaskOrganizerExt: isOnThreeFlexibleCanvas size:0
04-11 12:38:44.969  3590  9132 D OplusFeatureColorMode: ColorMode getColorMode =0
04-11 12:38:44.969  3590  9132 D ColorDisplayServiceExtImpl: getWCGVersion1App, packageName=com.binance.monitor, sSupportWCG1 = true, sSupportWCG3 = false, nRet = 0
04-11 12:38:44.970  3590  8480 I OPM     : handlePackageLaunched pkg: com.binance.monitor, uid: 10512, pid: 579
04-11 12:38:44.970  3590  9132 D ActivityTaskManager: NFW_setLastResumedActivityUncheckLocked:true r:ActivityRecord{187072952 u0 com.binance.monitor/.ui.account.AccountStatsBridgeActivity t13170} currentFocus:Window{6df152c u0 com.binance.monitor/com.binance.monitor.ui.main.MainActivity}
04-11 12:38:44.970  3590  9132 D WindowManager: NFW_findFocusedWindowIfNeeded:null mCurrentFocus:Window{6df152c u0 com.binance.monitor/com.binance.monitor.ui.main.MainActivity}
04-11 12:38:44.970  3590  9132 V WindowManager: Changing focus from Window{6df152c u0 com.binance.monitor/com.binance.monitor.ui.main.MainActivity} to null,diplayid=0
04-11 12:38:44.970   579   808 D ColorModeChangeItem: preExecute mColorMode=0
04-11 12:38:44.970  3590  9132 D InsetsSourceProvider: updateSourceFrameForServerVisibility mandatorySystemGestures EMPTY_RECT
04-11 12:38:44.970  3590  9132 D DisplayModeDirector: setAppRequest displayId : 0  modeId: 3  requestedRefreshRate: 0.0  requestedMinRefreshRateRange: 0.0  requestedMaxRefreshRateRange: 90.0
04-11 12:38:44.970  3590  3875 D VRR [OPlusRefreshRateService]:  setDirectorStates [flag: 1, state: 1, directorStateOff: 1]
04-11 12:38:44.970  2399  3197 D VRR [RefreshRateDirector]: updateState mState = 0
04-11 12:38:44.970  3590  8591 D OplusAppSwitchRuleInfo: generateActivityEnterInfo - launch_source_type =  , launch_source_traceid = 
04-11 12:38:44.971  3590  8591 D OplusAppSwitchRuleInfo: generateActivityEnterInfo - launch_source_type =  , launch_source_traceid = 
04-11 12:38:44.971  3590  8591 D OplusAppSwitchRuleInfo: generateActivityEnterInfo - launch_source_type =  , launch_source_traceid = 
04-11 12:38:44.971  3590  3796 D InsetsSourceProvider: updateSourceFrameForServerVisibility mandatorySystemGestures EMPTY_RECT
04-11 12:38:44.971  3590  3795 D FlexibleTaskController: not in list
04-11 12:38:44.971  2013  2036 E statsd  : Stats puller failed for tag: 150134 at 929540385793014
04-11 12:38:44.971  3590  7959 D BackgroundInstallControlService: Package event received: 0
04-11 12:38:44.972  2399  3197 I OplusPerfCollect: OplusPerfCollect onPullAtom
04-11 12:38:44.972  2399  3197 I OplusPerfCollect: OplusPerfCollect OplusVrrInfoRecord clear
04-11 12:38:44.972  2013  2036 I statsd  : An anomaly (104240000001) (42)0x10000->10512[I] (42)0x20000->com.binance.monitor[S] (42)0x30000->.ui.account.AccountStatsBridgeActivity[S]  has occurred! Informing subscribers.
04-11 12:38:44.972 10250 16907 E midasd  : getTotalFlipsFromSf mCurFrameCount: 11745845
04-11 12:38:44.972 10250 16907 I midasd  : DisplayAgent updateDisplayDevInfo getRenderFps mFps:90 mRenderFps:15 mWidth:1264 mHeight:2780
04-11 12:38:44.972 10250 16925 I midasd  : updateUsageToAggData disable
04-11 12:38:44.972  3590  9760 I OGuardManager_ObrainModuleUsage: receive moduleUsage data 4550
04-11 12:38:44.973  3590  3796 D SurfaceComposerClient: Transaction::apply InputWindowCommands.focusRequests timestamp=881684345326057, windowName=<null>
04-11 12:38:44.973  3590  9760 I OGuardManager_ObrainModuleUsage: isFirstScrOff: false index: 0
04-11 12:38:44.973  3590  9760 I OGuardManager_ObrainModuleUsage: deltaUptime:311717, current delta time: 311716
04-11 12:38:44.973  3590  9760 I OGuardManager_ObrainModuleUsage: updateLastMapAndScreenState isLastScrOff: false index: 0
04-11 12:38:44.973  2399  2399 I BpBinder: onLastStrongRef automatically unlinking death recipients: 
04-11 12:38:44.973  3590  9760 I OGuardManager_ObrainModuleUsage: startLastPeriodAnalyzer exitMap scrOff duration:467319261 endTs: 2026-04-11 12:38:34
04-11 12:38:44.976  2727  3986 D QmiClient: qmiServiceEventCallback recv msg id 1099
04-11 12:38:44.976  2727  3986 D QmiClient: enter -mServiceType 4 onQmiServiceEventCallback msgId 1099
04-11 12:38:44.976  2727  3986 D QmiClient: onQmiServiceEventCallback - enter. msgId=1099
04-11 12:38:44.976  2727  3986 D QmiVsClientEvent: QosPeriodReportInd MSG IND data_len 2052
04-11 12:38:44.976  2727  3986 D QmiVsClientEvent: qmiVsClientNotifyQosPeriodReportIndEvent - RADIO_EVENT_QOS_PERIOD_REPORT_NOTIFY_IND
04-11 12:38:44.976  2727  2826 D VsProxy : handleMessage msg is 2420
04-11 12:38:44.976  3438  3988 D QmiClient: qmiServiceEventCallback recv msg id 1099
04-11 12:38:44.976  2727  2826 D VsProxy : handleQosPeriodReportInd for instance 0 data_len 145
04-11 12:38:44.976  3438  3988 D QmiClient: enter -mServiceType 4 onQmiServiceEventCallback msgId 1099
04-11 12:38:44.976  3438  3988 D QmiClient: onQmiServiceEventCallback - enter. msgId=1099
04-11 12:38:44.976  3438  3988 D QmiVsClientEvent: QosPeriodReportInd MSG IND data_len 2052
04-11 12:38:44.976  3438  3988 D QmiVsClientEvent: qmiVsClientNotifyQosPeriodReportIndEvent - RADIO_EVENT_QOS_PERIOD_REPORT_NOTIFY_IND
04-11 12:38:44.976  3438  3485 D VsProxy : handleMessage msg is 2420
04-11 12:38:44.976  3438  3485 D VsProxy : handleQosPeriodReportInd for instance 1 data_len 206
04-11 12:38:44.976 14034   947 D SubsysRadioIndication[0]: radioQosPeriodReportInd result [8, -91, -110, -10, -50, 14, 34, 12, 8, -84, -69, -57, -50, 14, 16, 4, 24, 1, 32, 3, 58, 61, 8, -76, -115, -10, -50, 14, 16, 5, 24, -64, -92, 38, 32, -22, 6, 40, -97, -1, -1, -1, -1, -1, -1, -1, -1, 1, 48, -12, -1, -1, -1, -1, -1, -1, -1, -1, 1, 56, 1, 64, -104, -1, -1, -1, -1, -1, -1, -1, -1, 1, 72, -97, -1, -1, -1, -1, -1, -1, -1, -1, 1, 66, 29, 8, -57, -20, -92, -50, 14, 16, 5, 34, 19, 8, -64, -92, 38, 16, -22, 6, 24, 78, 32, 13, 40, -117, -32, -94, -93, 2, 48, 2, 90, 0, 98, 10, 8, -41, -26, -92, -50, 14, 16, 3, 24, 5, 122, 15, 8, -8, -24, -92, -50, 14, 16, -52, 2, 24, -21, 1, 32, -90, 9]
04-11 12:38:44.976 14034 14747 D SubsysRadioIndication[1]: radioQosPeriodReportInd result [8, -91, -110, -10, -50, 14, 18, 20, 8, -58, -112, -10, -50, 14, 16, 10, 32, -115, 18, 40, 10, 56, -27, 1, 64, 38, 72, 1, 26, 13, 8, -58, -112, -10, -50, 14, 16, 12, 40, 10, 56, -55, 11, 34, 12, 8, -84, -69, -57, -50, 14, 16, 4, 24, 1, 32, 3, 58, 83, 8, -59, -112, -10, -50, 14, 16, 5, 24, -98, -23, 30, 32, -54, 1, 40, -91, -1, -1, -1, -1, -1, -1, -1, -1, 1, 48, -12, -1, -1, -1, -1, -1, -1, -1, -1, 1, 56, 2, 64, -91, -1, -1, -1, -1, -1, -1, -1, -1, 1, 72, -92, -1, -1, -1, -1, -1, -1, -1, -1, 1, 80, -92, -1, -1, -1, -1, -1, -1, -1, -1, 1, 88, -95, -1, -1, -1, -1, -1, -1, -1, -1, 1, 66, 31, 8, -120, -25, -29, -50, 14, 16, 5, 24, 2, 34, 19, 8, -98, -23, 30, 16, -54, 1, 24, 41, 32, 13, 40, -126, -128, -52, -67, 21, 48, 2, 90, 0, 98, 10, 8, -85, -54, -73, -50, 14, 16, 3, 24, 5, 122, 15, 8, -103, -114, -10, -50, 14, 16, -41, 1, 24, -11, 1, 32, -42, 8]
04-11 12:38:44.976 14034 14034 D NetworkService[0]: handleMessage what:1005
04-11 12:38:44.976 14034 14034 D RadioAtomTracker: parseQosPeriodData ModemQos:CellularQosInfo2{5G, 627264/874, EndcState=0, Band=78, DLBW=13, Rsrp=-97, Rsrq=-12, Snr=1, SvcStatus=3, ULPDCPNumDataPdu=-1, ULPDCPNumDropPdu=-1, ULPDCPTput=-1, ULRLCNumDataPdu=-1, ULRLCNumRetxPdu=-1, ULGrant=-1, ULBSR=-1, ULBler=-1, DLPDCPNumDataPdu=-1, DLPDCPTput=-1, DLRLCNumDataPdu=-1, DLRLCNumRetxPdu=-1, DLRLCNumDropPdu=-1, DLMACPaddingBytes=-1, DLPdcpNumMissToUppPdu=-1, DLBler=-1, RlfCount=0, CellChangeCount=0, IsRedirectionOccur=0, IsDualSimConflict=0, Latency=0, Sub1RrcState=1, Sub2RrcState=3, RachCount=0, CalcPower=332, Mtpl=235, PathLoss=1190, CellLoad=0}
04-11 12:38:44.976 14034 14034 D NetworkService[0]: EVENT_REG_QOS_PERIOD_REPORT_IND_CHANGED ENTER
04-11 12:38:44.976 14034 14034 D NetworkService[1]: handleMessage what:1005
04-11 12:38:44.976 14034 14034 D RadioAtomTracker: parseQosPeriodData ModemQos:CellularQosInfo1{5G, 504990/202, EndcState=2, Band=41, DLBW=13, Rsrp=-91, Rsrq=-12, Snr=2, SvcStatus=3, ULPDCPNumDataPdu=10, ULPDCPNumDropPdu=0, ULPDCPTput=2317, ULRLCNumDataPdu=10, ULRLCNumRetxPdu=0, ULGrant=229, ULBSR=38, ULBler=1, DLPDCPNumDataPdu=10, DLPDCPTput=1481, DLRLCNumDataPdu=12, DLRLCNumRetxPdu=0, DLRLCNumDropPdu=0, DLMACPaddingBytes=0, DLPdcpNumMissToUppPdu=0, DLBler=0, RlfCount=0, CellChangeCount=0, IsRedirectionOccur=0, IsDualSimConflict=0, Latency=9, Sub1RrcState=1, Sub2RrcState=3, RachCount=0, CalcPower=215, Mtpl=245, PathLoss=1110, CellLoad=0}
04-11 12:38:44.976 14034 14034 D NetworkService[1]: EVENT_REG_QOS_PERIOD_REPORT_IND_CHANGED ENTER
04-11 12:38:44.976 14034 14034 D AtomModemKpiInfo: handleMessage what:1001
04-11 12:38:44.976 14034 14034 D AtomModemKpiInfo: analyseQosInfo success
04-11 12:38:44.984  2399  3200 D SurfaceFlinger: updateWinowInfo=1, setFocusedWindow timestamp=881684345326057, windowName=<null>
04-11 12:38:44.984  3590  8838 I InputDispatcher: NFW_setFocusedWindow, <null> on display 0, same as the previous:0
04-11 12:38:44.984  3590  8838 I InputDispatcher: updateFocusedWindow,  on display 0, reason: Waiting for window because NO_WINDOW, result:   FocusedWindows: <none>
04-11 12:38:44.991   579   827 I ChainTrace: stream type=heartbeat gapMs=982 refreshMarket=false
04-11 12:38:44.996  2113 17862 I sensors-hal: handle_oplus_wise_rgb_event:161, wise_rgb: (43311)(cct, lux, ir)[7347.15, 386.11, 40.583897] (r, g, b, c)[16388.27, 11864.73, 7754.80, 33358.59]                 (pwm, hbm, brl, algo)[0.0 0.0 1419.0 2.0], flag 31099
04-11 12:38:45.021  3438  4039 D QmiClient: qmiServiceEventCallback recv msg id 47
04-11 12:38:45.021  3438  4039 D QmiClient: enter -mServiceType 10 onQmiServiceEventCallback msgId 47
04-11 12:38:45.021  3438  4039 D QmiClient: onQmiServiceEventCallback - enter. msgId=47
04-11 12:38:45.021  3438  3488 D OttProxy: handleMessage msg is 3001
04-11 12:38:45.021 14034 14747 D SubsysRadioIndication[1]: radioLinkLatencyInfoInd
04-11 12:38:45.021 14034 14747 D SubsysRadioIndication[1]: notify enter
04-11 12:38:45.021 14034 14034 D NetworkService[1]: handleMessage what:1008
04-11 12:38:45.021 14034 14034 D NetworkService[1]: EVENT_REG_LINK_LATENCY_INFO_CHANGE ulLatency:11571
04-11 12:38:45.055  2181  2506 I SDM     : DisplayBuiltIn::IdlePowerCollapse: IPC received, disabling partial update for one frame
04-11 12:38:45.059   579   593 I binance.monitor: _Desupression native alloc  gc_urgency: 49881expectation: 1.0475e+06 native bytes: 26593896
04-11 12:38:45.066   579   579 D VRI[MainActivity]: onFocusEvent false
04-11 12:38:45.066  3590  8838 I [UAH_CLIENT]: UahEventAcquire, cmdid:2, pkg:none, identity:OplusActivityManagerServiceEnhance
04-11 12:38:45.067   579   579 D ResourcesManagerExtImpl: applyConfigurationToAppResourcesLocked app.getDisplayId() return callback.displayId:0
04-11 12:38:45.070   579   827 D libc-netbsd: [oplusDnsOpenProxy]: __netdClientDispatch.connect errno = 111
04-11 12:38:45.070 14034 15313 D CommonApp-264-10512: transport layer data is invalid
04-11 12:38:45.070   579   827 D DNS_CACHE: oplus_oplus_getaddrinfo_proxy open dns proxy failed, use android flow: 10512
04-11 12:38:45.071 14034 15313 D CommonApp-255-10512: commonScoreStrategy scenarios low package
04-11 12:38:45.071 14034 15313 D ScorePolicy: handleScoreChanged: []
04-11 12:38:45.071 14034 15313 D ScorePolicy: handleScoreChanged: []
04-11 12:38:45.071 14034 15313 D ScorePolicy: handleScoreChanged: []
04-11 12:38:45.071   579   827 D libc-netbsd: [oplusDnsOpenProxy]: __netdClientDispatch.connect errno = 111
04-11 12:38:45.073 18198 18387 I GoLog   : from tcp:127.0.0.1:44428 accepted tcp:43.155.214.62:443 [socks >> proxy]
04-11 12:38:45.075   579   579 I binance.monitor: AssetManager2(0xb4000071846f6d28) locale list changing from [] to [zh-CN]
04-11 12:38:45.076   579   579 E OplusPredictiveBackController:  NoSuchMethodException 
04-11 12:38:45.076   579   579 E OplusPredictiveBackController:  NoSuchMethodException 
04-11 12:38:45.076   579   579 E OplusPredictiveBackController:  NoSuchMethodException 
04-11 12:38:45.076   579   579 D OplusPredictiveBackController: initPredictiveBackConfig for com.binance.monitor.ui.account.AccountStatsBridgeActivity@b84b03d initPredictiveBackConfig mShouldInterceptKeyEvent false
04-11 12:38:45.076   579   579 D WindowOnBackDispatcher:  predictive settings is disabled for com.binance.monitor
04-11 12:38:45.136  1311  1311 E KeymasterUtils: IKMHal_sendCmd failed with rsp_header->status: -28
04-11 12:38:45.136  1311  1311 E KeyMasterHalDevice: abort_operation
04-11 12:38:45.136  1311  1311 E KeyMasterHalDevice: ret: -28
04-11 12:38:45.144  1311  1311 E KeymasterUtils: IKMHal_sendCmd failed with rsp_header->status: -28
04-11 12:38:45.144  1311  1311 E KeyMasterHalDevice: abort_operation
04-11 12:38:45.144  1311  1311 E KeyMasterHalDevice: ret: -28
04-11 12:38:45.152  2258  2258 D SensorFeature: name=ssc_screenshot_info ,index = 22
04-11 12:38:45.152  2258  2258 D SensorFeature: write 39 bytes:929539596223639,929540566492076,31100,0
04-11 12:38:45.152  2113  2241 I sensors-hal: get_display_brightness:825, light_iface: set screenshot_info [929539596223639,929540566492076,31100,0]
04-11 12:38:45.156  1311  1311 E KeymasterUtils: IKMHal_sendCmd failed with rsp_header->status: -28
04-11 12:38:45.156  1311  1311 E KeyMasterHalDevice: abort_operation
04-11 12:38:45.156  1311  1311 E KeyMasterHalDevice: ret: -28
04-11 12:38:45.165  1311  1311 E KeymasterUtils: IKMHal_sendCmd failed with rsp_header->status: -28
04-11 12:38:45.165  1311  1311 E KeyMasterHalDevice: abort_operation
04-11 12:38:45.165  1311  1311 E KeyMasterHalDevice: ret: -28
04-11 12:38:45.174  1311  1311 E KeymasterUtils: IKMHal_sendCmd failed with rsp_header->status: -28
04-11 12:38:45.174  1311  1311 E KeyMasterHalDevice: abort_operation
04-11 12:38:45.174  1311  1311 E KeyMasterHalDevice: ret: -28
04-11 12:38:45.184  1311  1311 E KeymasterUtils: IKMHal_sendCmd failed with rsp_header->status: -28
04-11 12:38:45.184  1311  1311 E KeyMasterHalDevice: abort_operation
04-11 12:38:45.184  1311  1311 E KeyMasterHalDevice: ret: -28
04-11 12:38:45.184  2280  2331 D BatteryChargeControl: bcc get no support from charging protocol
04-11 12:38:45.263  2113 20704 I sensors-hal: handle_oplus_wise_rgb_event:189, high_pwm_light:lux 384.9,cct 7336.6,brl/algo/ir 1419.0/2.0/41.4,pwm/dc 0.0/0.0,rgbc 16420.658203/11891.122070/7785.707031/33391.226562,ts 929540548805884,cnt 43320,flag 96636
04-11 12:38:45.263  2113 17862 I sensors-hal: handle_oplus_wise_rgb_event:161, wise_rgb: (43316)(cct, lux, ir)[7336.63, 384.93, 41.366062] (r, g, b, c)[16383.28, 11862.53, 7772.46, 33342.27]                 (pwm, hbm, brl, algo)[0.0 0.0 1419.0 2.0], flag 31100
04-11 12:38:45.280   579   593 I binance.monitor: _Desupression native alloc  gc_urgency: 47859expectation: 163399 native bytes: 30655832
04-11 12:38:45.355  2399  3162 D VRR [OTI]: handleIdle from 0 to 1
04-11 12:38:45.355  2399  3162 D VRR [OTI-HW]: isStateReady 0
04-11 12:38:45.355  2399  3162 D VRR [OTI-HW]: keep rate.
04-11 12:38:45.453  2258  2258 D SensorFeature: name=ssc_screenshot_info ,index = 22
04-11 12:38:45.453  2258  2258 D SensorFeature: write 39 bytes:929539596223639,929540867289368,31101,0
04-11 12:38:45.460   579   579 D ActivityThread: ComponentInfo{com.binance.monitor/com.binance.monitor.ui.account.AccountStatsBridgeActivity} checkFinished=false 2
04-11 12:38:45.460   579   579 D ResourcesManagerExtImpl: applyConfigurationToAppResourcesLocked app.getDisplayId() return callback.displayId:0
04-11 12:38:45.530  2113 17862 I sensors-hal: handle_oplus_wise_rgb_event:161, wise_rgb: (43321)(cct, lux, ir)[7394.57, 386.14, 40.657352] (r, g, b, c)[16418.17, 11880.12, 7774.67, 33407.54]                 (pwm, hbm, brl, algo)[0.0 0.0 1419.0 2.0], flag 31101
04-11 12:38:45.704  4482  4659 W ServiceManagerCppClient: Waited one second for SystemClearService (is service started? Number of threads started in the threadpool: 16. Are binder threads started and available?)
04-11 12:38:45.706  1254   987 W libc    : Unable to set property "ctl.interface_start" to "aidl/SystemClearService": PROP_ERROR_HANDLE_CONTROL_MESSAGE (0x20)
04-11 12:38:45.707  4482  4680 W ServiceManagerCppClient: Waited one second for SystemClearService (is service started? Number of threads started in the threadpool: 16. Are binder threads started and available?)
04-11 12:38:45.707  1254   988 W libc    : Unable to set property "ctl.interface_start" to "aidl/SystemClearService": PROP_ERROR_HANDLE_CONTROL_MESSAGE (0x20)
04-11 12:38:45.737   579   579 D WindowManager: Add to mViews: com.android.internal.policy.DecorView{93ac13 I.E...... R.....I. 0,0-0,0 alpha=1.0 viewInfo = }[AccountStatsBridgeActivity],pkg= com.binance.monitor
04-11 12:38:45.737   579   775 D skia    : setRusSupported enable 0
04-11 12:38:45.740  3590  8835 I WindowManager: addWindow: New client android.os.BinderProxy@719c8e8 : window=Window{ca16b01 u0 com.binance.monitor/com.binance.monitor.ui.account.AccountStatsBridgeActivity}
04-11 12:38:45.741   579   579 D ViewRootImplExtImpl: onDisplayChanged -1 for VRI android.view.ViewRootImpl@711c54e
04-11 12:38:45.742   579   579 D ResourcesManagerExtImpl: applyConfigurationToAppResourcesLocked app.getDisplayId() return callback.displayId:0
04-11 12:38:45.742   579   579 I Choreographer: Skipped 68 frames!  The application may be doing too much work on its main thread.
04-11 12:38:45.743  3590  8835 V WindowManager: Relayout Window{7b513bd u0 com.binance.monitor}: viewVisibility=0, oldvis=0, req=315x429 , apr = 0, vsysui=, x=42, y=420
04-11 12:38:45.743   579   579 I SurfaceControl:  setExtendedRangeBrightness sc=Surface(name=)/@0xb5ec0c6,currentBufferRatio=1.0,desiredRatio=1.0
