04-11 12:38:45.743  3590  8835 D InsetsSourceProvider: updateSourceFrameForServerVisibility mandatorySystemGestures EMPTY_RECT
04-11 12:38:45.744  3590  8835 D InsetsSourceProvider: updateSourceFrameForServerVisibility mandatorySystemGestures EMPTY_RECT
04-11 12:38:45.744  3590  8835 I TaskOrganizerController: onTaskInfoChanged taskid 13170 config { mBounds=Rect(0, 0 - 1264, 2780) mAppBounds=Rect(0, 0 - 1264, 2780) mMaxBounds=Rect(0, 0 - 1264, 2780) mDisplayRotation=ROTATION_0 mWindowingMode=fullscreen mActivityType=standard mAlwaysOnTop=undefined mRotation=ROTATION_0}
04-11 12:38:45.744  3590  8835 D OplusFlexibleDragToSplitAnimController: visibleFlexibleTaskInfos delete:13170
04-11 12:38:45.744  3590  8835 E FlexibleWindowManagerService: notifyTaskObserverToAttachController not need to notify!
04-11 12:38:45.744  3590  8835 I FlexibleWindowManagerService: onFlexibleWindowTaskInfoChanged, return for cur task not embedded
04-11 12:38:45.744  8338  8381 D ShellTaskOrganizerExt: visibleFlexibleTaskInfos delete:13170
04-11 12:38:45.744  8338  8381 D ShellTaskOrganizerExt: isOnCanvas size:0
04-11 12:38:45.744  8338  8381 D ShellTaskOrganizerExt: isOnThreeFlexibleCanvas size:0
04-11 12:38:45.745   579   579 E OplusBracketLog: [OplusViewMirrorManager] updateHostViewRootIfNeeded, not support android.view.ViewRootImpl@711c54e
04-11 12:38:45.751   579   579 D WindowOnBackDispatcher:  predictive settings is disabled for com.binance.monitor
04-11 12:38:45.751   579   579 D WindowOnBackDispatcher:  predictive settings is disabled for com.binance.monitor
04-11 12:38:45.751  3590  8835 D CoreBackPreview: Window{ca16b01 u0 com.binance.monitor/com.binance.monitor.ui.account.AccountStatsBridgeActivity}: Setting back callback OnBackInvokedCallbackInfo{mCallback=android.window.IOnBackInvokedCallback$Stub$Proxy@51193e7, mPriority=0, mIsAnimationCallback=false, mOverrideBehavior=0}
04-11 12:38:45.752  2258  2258 D SensorFeature: name=ssc_screenshot_info ,index = 22
04-11 12:38:45.752  2258  2258 D SensorFeature: write 39 bytes:929539596223639,929541165978170,31102,0
04-11 12:38:45.752   579   808 I HWUI    : Davey! duration=767ms; Flags=0, FrameTimelineVsyncId=351060611, IntendedVsync=881684355629306, Vsync=881685110948010, InputEventId=0, HandleInputStart=881685117232567, AnimationStart=881685117234025, PerformTraversalsStart=881685117268713, DrawStart=881685118190119, FrameDeadline=881684369295972, FrameStartTime=881685116956317, FrameInterval=11107628, WorkloadTarget=13666666, SyncQueued=881685118704442, SyncStart=881685118729025, IssueDrawCommandsStart=881685118814025, SwapBuffers=881685120141994, FrameCompleted=881685122892150, DequeueBufferDuration=420729, QueueBufferDuration=120260, GpuCompleted=881685122892150, SwapBuffersCompleted=881685120294963, DisplayPresentTime=6021064222788398717, CommandSubmissionCompleted=881685120141994, 
04-11 12:38:45.760  3590  7167 I resRelease: policy type is 1
04-11 12:38:45.781  3590  7344 V AlarmManager: sending alarm Alarm{f368b94 type 1 origWhen 1775882325781 whenElapsed 929541195 android} uid 1000 whenElapsed 929541195 windowLength 0 maxWhenElapsed 929541195 repeatInterval 0 action null component null tag StorgaeBandInfoAlarmTag flags 0x9 procName system_server
04-11 12:38:45.781  3590 10338 E OplusStorageUFSBandwidth: storage_io_metrics_path is /proc/oplus_storage/io_metrics/forever/
04-11 12:38:45.782  3590 10338 E OplusStorageUFSBandwidth: Bandwidth - Read: 1.50 MB/s, Write: 1.50 MB/s
04-11 12:38:45.782  3590 10338 E OplusStorageUFSBandwidth: Task time: 1ms
04-11 12:38:45.784  3590 10338 E OplusStorageUFSBandwidth: Alarm set to trigger in 10 seconds
04-11 12:38:45.796  2113 20704 I sensors-hal: handle_oplus_wise_rgb_event:189, high_pwm_light:lux 386.1,cct 7390.5,brl/algo/ir 1419.0/2.0/40.8,pwm/dc 0.0/0.0,rgbc 16420.658203/11882.323242/7794.537109/33349.265625,ts 929541148401925,cnt 43330,flag 96638
04-11 12:38:45.796  3590  7333 D FusionLightNextGen: process end reported = 1, mode: 0, cnt: 399415, lux 320.7, cct 7719.1, r/g/b/c: 16420.7/11882.3/7794.5/33349.3, R/G/B: 154.0/149.0/137.0, bri 1419.0, match 1.00, ir 0.045226, conf 5.0, ts 929541148401925
04-11 12:38:45.797  2113 17862 I sensors-hal: handle_oplus_wise_rgb_event:161, wise_rgb: (43326)(cct, lux, ir)[7390.50, 386.14, 40.757896] (r, g, b, c)[16378.30, 11886.72, 7765.84, 33360.92]                 (pwm, hbm, brl, algo)[0.0 0.0 1419.0 2.0], flag 31102
04-11 12:38:45.809   579   579 D ViewRootImplExtImpl: wrapConfigInfoIntoFlags rotation=0, smallestScreenWidthDp=0, residentWS=false, scenario=0, bounds=Rect(0, 0 - 1264, 2780), relayoutAsync=false, flags=0, newFlags=1457520640, title=com.binance.monitor/com.binance.monitor.ui.account.AccountStatsBridgeActivity
04-11 12:38:45.809  3590  8835 V WindowManager: Relayout Window{ca16b01 u0 com.binance.monitor/com.binance.monitor.ui.account.AccountStatsBridgeActivity}: viewVisibility=0, oldvis=4, req=1264x2780 , apr = 0, vsysui=, x=0, y=0
04-11 12:38:45.810  3590  8835 I WindowManager: Window{ca16b01 u0 com.binance.monitor/com.binance.monitor.ui.account.AccountStatsBridgeActivity} state from NO_SURFACE to DRAW_PENDING; reason: resetDrawState
04-11 12:38:45.810  3590  8835 D InsetsSourceProvider: updateSourceFrameForServerVisibility mandatorySystemGestures EMPTY_RECT
04-11 12:38:45.811  3590  8835 D InsetsSourceProvider: updateSourceFrameForServerVisibility mandatorySystemGestures EMPTY_RECT
04-11 12:38:45.811  3590  8835 D WindowManager: NFW_findFocusedWindowIfNeeded:Window{ca16b01 u0 com.binance.monitor/com.binance.monitor.ui.account.AccountStatsBridgeActivity} mCurrentFocus:null
04-11 12:38:45.811  3590  8835 D WindowManager: attachImeScreenshotOnTargetIfNeeded, mImeHiding = false, requestedVisibleTypes = -9
04-11 12:38:45.812  3590  7998 I [UAH_CLIENT]: uahRuleCtl, ruleId:206, status:3
04-11 12:38:45.812  3590  8835 V WindowManager: Changing focus from null to Window{ca16b01 u0 com.binance.monitor/com.binance.monitor.ui.account.AccountStatsBridgeActivity},diplayid=0
04-11 12:38:45.812  3590  3875 D VRR [OPlusSurfaceFlingerController]:  setComplexSceneEnable : true
04-11 12:38:45.813  3590  8835 D Theia.NoFocusWindow: FocusWindowErrorScene cancelCheckFreezeScreen
04-11 12:38:45.813  3590  8835 W TheiaWindowMonitor: [check] focusedWindow is null or enable is false
04-11 12:38:45.814   579   579 D VRI[AccountStatsBridgeActivity]: relayoutWindow result, sizeChanged:true, surfaceControlChanged:true, transformHintChanged:false, mSurfaceSize:Point(1264, 2780), mLastSurfaceSize:Point(0, 0), mWidth:-1, mHeight:-1, requestedWidth:1264, requestedHeight:2780, transformHint:0, installOrientation:0, displayRotation:0, isSurfaceValid:true, attr.flag:-2122252032, tmpFrames:ClientWindowFrames{frame=[0,0][1264,2780] display=[0,0][1264,2780] parentFrame=[0,0][0,0]}, relayoutAsync:false, mSyncSeqId:0
04-11 12:38:45.814   579   579 W VRI[AccountStatsBridgeActivity]: updateBlastSurfaceIfNeeded, surfaceSize:Point(1264, 2780), lastSurfaceSize:Point(0, 0), format:-3, blastBufferQueue:null
04-11 12:38:45.814   579   579 D BufferQueueConsumer: [](id:24300000002,api:0,p:-1,c:579) connect: controlledByApp=false
04-11 12:38:45.814   579   579 D BufferQueueConsumer: [VRI[AccountStatsBridgeActivity]#2(BLAST Consumer)2](id:24300000002,api:0,p:-1,c:579) setMaxAcquiredBufferCount: 2
04-11 12:38:45.815   579   775 D BufferQueueProducer: [VRI[AccountStatsBridgeActivity]#2(BLAST Consumer)2](id:24300000002,api:1,p:579,c:579) connect: api=1 producerControlledByApp=true
04-11 12:38:45.817  3590  3796 D SurfaceComposerClient: Transaction::apply InputWindowCommands.focusRequests timestamp=881685188286473, windowName=ca16b01 com.binance.monitor/com.binance.monitor.ui.account.AccountStatsBridgeActivity
04-11 12:38:45.829  2399  3200 D SurfaceFlinger: updateWinowInfo=1, setFocusedWindow timestamp=881685188286473, windowName=ca16b01 com.binance.monitor/com.binance.monitor.ui.account.AccountStatsBridgeActivity
04-11 12:38:45.829  3590  8838 I InputDispatcher: NFW_setFocusedWindow, ca16b01 com.binance.monitor/com.binance.monitor.ui.account.AccountStatsBridgeActivity on display 0, same as the previous:0
04-11 12:38:45.851   579   579 I SurfaceControl:  setExtendedRangeBrightness sc=Surface(name=com.binance.monitor/com.binance.monitor.ui.account.AccountStatsBridgeActivity)/@0xb54058e,currentBufferRatio=1.0,desiredRatio=1.0
04-11 12:38:45.903  2181  2506 I SDM     : DisplayBuiltIn::IdlePowerCollapse: IPC received, disabling partial update for one frame
04-11 12:38:45.915   579   775 D BLASTBufferQueue: [VRI[AccountStatsBridgeActivity]#2](f:0,a:1) acquireNextBufferLocked size=1264x2780 mFrameNumber=1 applyTransaction=true mTimestamp=881685289620119(auto) mPendingTransactions.size=0 graphicBufferId=2486786064397 transform=0
04-11 12:38:45.915   579   775 D VRI[AccountStatsBridgeActivity]: Received frameCommittedCallback lastAttemptedDrawFrameNum=1 didProduceBuffer=true syncBuffer=false
04-11 12:38:45.915   579   579 D VRI[AccountStatsBridgeActivity]: draw finished. seqId=0
04-11 12:38:45.916  3590  8835 D WindowManager: onSyncFinishedDrawing: Window{ca16b01 u0 com.binance.monitor/com.binance.monitor.ui.account.AccountStatsBridgeActivity}
04-11 12:38:45.916  3590  8835 I WindowManager: finishDrawing skipLayout:false,syncSeqId=0,mPrepareSyncSeqId=0 Window{ca16b01 u0 com.binance.monitor/com.binance.monitor.ui.account.AccountStatsBridgeActivity} com.android.server.wm.WindowManagerService.finishDrawingWindow:3217 com.android.server.wm.Session.finishDrawing:399 android.view.IWindowSession$Stub.onTransact:793 
04-11 12:38:45.916  3590  8835 I WindowManager: Window{ca16b01 u0 com.binance.monitor/com.binance.monitor.ui.account.AccountStatsBridgeActivity} state from DRAW_PENDING to COMMIT_DRAW_PENDING; reason: finishDrawingLocked
04-11 12:38:45.916  3590  3796 D InsetsSourceProvider: updateSourceFrameForServerVisibility mandatorySystemGestures EMPTY_RECT
04-11 12:38:45.917  3590  3796 D InsetsSourceProvider: updateSourceFrameForServerVisibility mandatorySystemGestures EMPTY_RECT
04-11 12:38:45.917  3590  3796 I WindowManager: Window{ca16b01 u0 com.binance.monitor/com.binance.monitor.ui.account.AccountStatsBridgeActivity} state from COMMIT_DRAW_PENDING to READY_TO_SHOW; reason: commitFinishDrawingLocked
04-11 12:38:45.917  3590  3796 D CoreBackPreview:  return markWindowHasDrawn mComposed: false  mWaitTransition: false
04-11 12:38:45.917  3590  3796 D ActivityTaskManager: Clearing startingData for activity=ActivityRecord{187072952 u0 com.binance.monitor/.ui.account.AccountStatsBridgeActivity t13170} mStartingData=null mStartingSurface=null
04-11 12:38:45.918  3590  3796 D ActivityTaskManager: commitVisibility: ActivityRecord{187072952 u0 com.binance.monitor/.ui.account.AccountStatsBridgeActivity t13170}: visible=true visibleRequested=true, isInTransition=true 
04-11 12:38:45.918  3590  3796 D CoreBackPreview:  return markWindowHasDrawn mComposed: false  mWaitTransition: false
04-11 12:38:45.918  3590  3796 D ActivityTaskManager: Clearing startingData for activity=ActivityRecord{187072952 u0 com.binance.monitor/.ui.account.AccountStatsBridgeActivity t13170} mStartingData=null mStartingSurface=null
04-11 12:38:45.918  3590  8480 I OPM     : handleNotifyLaunchTime : com.binance.monitor, :948
04-11 12:38:45.918  3590  3796 I WindowManager: Window{ca16b01 u0 com.binance.monitor/com.binance.monitor.ui.account.AccountStatsBridgeActivity} state from READY_TO_SHOW to HAS_DRAWN; reason: performShowLocked
04-11 12:38:45.918  3590  3796 D CoreBackPreview:  return markWindowHasDrawn mComposed: false  mWaitTransition: false
04-11 12:38:45.918  3590  3796 E OplusAppQuickStart_AppQuickStartController: not start from launcher transition:27135
04-11 12:38:45.918  3590  3796 D Transition: collectOrderChanges onTopTasksEnd: [Task{b287a2f #13170 type=standard A=10512:com.binance.monitor}], reportedOnTop:null, mOnTopTasksStart: [Task{b287a2f #13170 type=standard A=10512:com.binance.monitor}], TDA child: [Task{2ae848 #3 type=undefined}, Task{59d6dd0 #13088 type=standard A=10306:com.binance.dev}, Task{100415c #13133 type=standard A=10397:com.v2ray.ang}, Task{1abb46b #12626 type=standard A=10345:com.tencent.mm}, Task{1b9ad4c #1 type=home}, Task{7fffd36 #13163 type=standard A=10515:com.mobilecodex.nativeapp}, Task{b287a2f #13170 type=standard A=10512:com.binance.monitor}]
04-11 12:38:45.919  3590  3796 D OplusFlexibleActivityTransitionManager: fixTransitType type result:1, targets: [ChangeInfo{c7b818a container=ActivityRecord{187072952 u0 com.binance.monitor/.ui.account.AccountStatsBridgeActivity t13170} flags=0x0}, ChangeInfo{cca63fb container=ActivityRecord{183866893 u0 com.binance.monitor/.ui.main.MainActivity t13170} flags=0x0}]
04-11 12:38:45.920  3590  3796 D OplusTransitionAnimationManager: activityRecordCount1fullScreenArBeHindStartingWindow null
04-11 12:38:45.920  3590  3796 D OplusTransitionAnimationManager: activityRecordCount1fullScreenArBeHindStartingWindow null
04-11 12:38:45.920  3590  3796 D QuickBackInputPolicy: resetInputInterceptState for remoteTransition: false
04-11 12:38:45.920  3590  3796 D OplusTransitionController: onTransactionReady, transition: 27135, info: {id=27135 t=OPEN f=0x0 trk=0 r=[0@Point(0, 0)] c=[{m=OPEN f=FILLS_TASK leash=Surface(name=ActivityRecord{187072952 u0 com.binance.monitor/.ui.account.AccountStatsBridgeActivity t13170})/@0xdda1671 sb=Rect(0, 0 - 0, 0) eb=Rect(0, 0 - 1264, 2780) epz=Point(1264, 2780) d=-1->0 r=-1->0:-1 bc=fffef7ff component=com.binance.monitor/.ui.account.AccountStatsBridgeActivity opt={t=FROM_STYLE mUserId=0}},{m=TO_BACK f=FILLS_TASK leash=Surface(name=ActivityRecord{183866893 u0 com.binance.monitor/.ui.main.MainActivity t13170})/@0x5182c56 sb=Rect(0, 0 - 1264, 2780) eb=Rect(0, 0 - 1264, 2780) epz=Point(1264, 2780) d=0 bc=fffef7ff component=com.binance.monitor/.ui.main.MainActivity opt={t=FROM_STYLE mUserId=0}}] 
04-11 12:38:45.920  3590  3796 D OplusTransitionController: extendInfo=[
04-11 12:38:45.920  3590  3796 D OplusTransitionController:  OplusTransitionExtendedInfo{mTmpFinishT=null, mInOplusCompatMode=false, mIsProcessRunning=false, mHasMismatchBoundsTarget=false, mRecentsController=null, mRemoteTransition=null, mIsTranslucentActivityToHome=false, mAvoidInterceptKeyEventToHome=false, mIsFromHome=false, mParentLeash=null, mBackAnimClosingLeash=null, mIsOplusAnimRes=false, mKeepBgForContinuous=false, mIsBalAllow=false, mTaskNotInRecent=false, mIsPredictiveBackAnim=false, mIsMergedWithPredictive=false, mIsLaunchFromSpruce=false, mIsLaunchFromDrive=false, mGlobalSearchPageSwitch=false, mNeedNoAlphaGlobalSearchScene=false, mAssistScreenShowing=false, mSwipeUpBrowserScreenShowing=false, mUserIdTransition=-1
04-11 12:38:45.920  3590  3796 D OplusTransitionController: , mInRemoteScene=false, mInPreReady=false, mPreStart=false, mToken=null, mAbortByRemoteFromHome=false, mShellApplyToken=null, mRequestTransitionTaskId=13170, mAbortTransitionOnShell=0, mStartFromShortcut=false, mRemovedTaskId=-1, mTransitionInterruptType=0, mMergeSecondTaskId=-1, mTaskIdStartFromRecents=0, mTransitionId=27135, mCanUseSpringSlideAnim=false, mTransitionLaunchFrom=0, mFoldChangeType=-1, mAnimStartingPosition=[0, 0, 0, 0], mIsOpeningStkDialogActivity=false, mSecondaryHomeToFrontWhenUnFolding=false, mIsNeedApplyStartTForEmbedded=false
04-11 12:38:45.920  3590  3796 D OplusTransitionController: , mNeedCanvasExitAnim=false, mMergeSecondTaskAnimation=false, mIsLaunchUnityStart=false, mIsLaunchFromAssistantByDefault=false, mSkipRemoteTransitionfalse, mIsStartFromKeyguard=false flags=0x0, mWCT=null, mIsOpenMergeToInValidPredictive=false, mPromoteTaskWhenKeyguard-1, mRootLayerZOrderArray={}}]}, targets : [ChangeInfo{c7b818a container=ActivityRecord{187072952 u0 com.binance.monitor/.ui.account.AccountStatsBridgeActivity t13170} flags=0x0}, ChangeInfo{cca63fb container=ActivityRecord{183866893 u0 com.binance.monitor/.ui.main.MainActivity t13170} flags=0x0}], participants: {ActivityRecord{183866893 u0 com.binance.monitor/.ui.main.MainActivity t13170}, ActivityRecord{187072952 u0 com.binance.monitor/.ui.account.AccountStatsBridgeActivity t13170}}
04-11 12:38:45.921  3590  3796 I Quality : LaunchTime2.0: com.binance.monitor/.ui.account.AccountStatsBridgeActivity 2 956 com.binance.monitor -1 -1
04-11 12:38:45.921  8338  8365 V WindowManagerShell: onTransitionReady(transaction=15418935203224)
04-11 12:38:45.921  3590  3796 D InsetsSourceProvider: updateSourceFrameForServerVisibility mandatorySystemGestures EMPTY_RECT
04-11 12:38:45.922  8338  8381 V WindowManagerShell: onTransitionReady (#27135) android.os.BinderProxy@838e1b0: {id=27135 t=OPEN f=0x0 trk=0 r=[0@Point(0, 0)] c=[
04-11 12:38:45.922  8338  8381 V WindowManagerShell:         {m=OPEN f=FILLS_TASK leash=Surface(name=ActivityRecord{187072952 u0 com.binance.monitor/.ui.account.AccountStatsBridgeActivity t13170})/@0xfe8f94f sb=Rect(0, 0 - 0, 0) eb=Rect(0, 0 - 1264, 2780) epz=Point(1264, 2780) d=-1->0 r=-1->0:-1 component=com.binance.monitor/.ui.account.AccountStatsBridgeActivity opt={t=CUSTOM enterResId=0 changeResId=0 exitResId=0 mUserId=0}},
04-11 12:38:45.922  8338  8381 V WindowManagerShell:         {m=TO_BACK f=FILLS_TASK leash=Surface(name=ActivityRecord{183866893 u0 com.binance.monitor/.ui.main.MainActivity t13170})/@0x44268dc sb=Rect(0, 0 - 1264, 2780) eb=Rect(0, 0 - 1264, 2780) epz=Point(1264, 2780) d=0 component=com.binance.monitor/.ui.main.MainActivity opt={t=CUSTOM enterResId=0 changeResId=0 exitResId=0 mUserId=0}}
04-11 12:38:45.922  8338  8381 V WindowManagerShell:     ] 
04-11 12:38:45.922  8338  8381 V WindowManagerShell: extendInfo=[
04-11 12:38:45.922  8338  8381 V WindowManagerShell:  OplusTransitionExtendedInfo{mTmpFinishT=null, mInOplusCompatMode=false, mIsProcessRunning=false, mHasMismatchBoundsTarget=false, mRecentsController=null, mRemoteTransition=null, mIsTranslucentActivityToHome=false, mAvoidInterceptKeyEventToHome=false, mIsFromHome=false, mParentLeash=null, mBackAnimClosingLeash=null, mIsOplusAnimRes=false, mKeepBgForContinuous=false, mIsBalAllow=false, mTaskNotInRecent=false, mIsPredictiveBackAnim=false, mIsMergedWithPredictive=false, mIsLaunchFromSpruce=false, mIsLaunchFromDrive=false, mGlobalSearchPageSwitch=false, mNeedNoAlphaGlobalSearchScene=false, mAssistScreenShowing=false, mSwipeUpBrowserScreenShowing=false, mUserIdTransition=-1
04-11 12:38:45.922  8338  8381 V WindowManagerShell: , mInRemoteScene=false, mInPreReady=false, mPreStart=false, mToken=null, mAbortByRemoteFromHome=false, mShellApplyToken=null, mRequestTransitionTaskId=13170, mAbortTransitionOnShell=0, mStartFromShortcut=false, mRemovedTaskId=-1, mTransitionInterruptType=0, mMergeSecondTaskId=-1, mTaskIdStartFromRecents=0, mTransitionId=27135, mCanUseSpringSlideAnim=false, mTransitionLaunchFrom=0, mFoldChangeType=-1, mAnimStartingPosition=[0, 0, 0, 0], mIsOpeningStkDialogActivity=false, mSecondaryHomeToFrontWhenUnFolding=false, mIsNeedApplyStartTForEmbedded=false
04-11 12:38:45.922  8338  8381 V WindowManagerShell: , mNeedCanvasExitAnim=false, mMergeSecondTaskAnimation=false, mIsLaunchUnityStart=false, mIsLaunchFromAssistantByDefault=false, mSkipRemoteTransitionfalse, mIsStartFromKeyguard=false flags=0x0, mWCT=null, mIsOpenMergeToInValidPredictive=false, mPromoteTaskWhenKeyguard-1, mRootLayerZOrderArray={}}]}
04-11 12:38:45.922  8338  8381 D OplusShellTransition: dispatchReady, active:(#27135) android.os.BinderProxy@838e1b0@0, isSync=false, track:com.android.wm.shell.transition.Transitions$Track@f3fa59b
04-11 12:38:45.922  3590  3796 D InsetsSourceProvider: updateSourceFrameForServerVisibility mandatorySystemGestures EMPTY_RECT
04-11 12:38:45.922  3590  3792 I ActivityTaskManager: Displayed com.binance.monitor/.ui.account.AccountStatsBridgeActivity for user 0: +959ms
04-11 12:38:45.922  8338  8381 D OplusShellTransition: Abort transition (#27135) android.os.BinderProxy@838e1b0@0 WMCore requested. reason: 0; abortTransition: false
04-11 12:38:45.922  8338  8381 V WindowManagerShell: Playing animation for (#27135) android.os.BinderProxy@838e1b0@0
04-11 12:38:45.922 15031 15220 I Quality-ScreenOnOffLogProcessor: withInScreenOnOffRange mIsScreenOn:true refTime:1775882324965 mRecentScreenOnTime:1775878373956 mRecentScreenOffTime:1775878373425
04-11 12:38:45.922  8338  8381 V ShellRecents: RecentsTransitionHandler.startAnimation: no controller found
04-11 12:38:45.922  8338  8381 V WindowManagerShell: start OnePuttTransition animation, info = {id=27135 t=OPEN f=0x0 trk=0 r=[0@Point(0, 0)] c=[{m=OPEN f=FILLS_TASK leash=Surface(name=ActivityRecord{187072952 u0 com.binance.monitor/.ui.account.AccountStatsBridgeActivity t13170})/@0xfe8f94f sb=Rect(0, 0 - 0, 0) eb=Rect(0, 0 - 1264, 2780) epz=Point(1264, 2780) d=-1->0 r=-1->0:-1 component=com.binance.monitor/.ui.account.AccountStatsBridgeActivity opt={t=CUSTOM enterResId=0 changeResId=0 exitResId=0 mUserId=0}},{m=TO_BACK f=FILLS_TASK leash=Surface(name=ActivityRecord{183866893 u0 com.binance.monitor/.ui.main.MainActivity t13170})/@0x44268dc sb=Rect(0, 0 - 1264, 2780) eb=Rect(0, 0 - 1264, 2780) epz=Point(1264, 2780) d=0 component=com.binance.monitor/.ui.main.MainActivity opt={t=CUSTOM enterResId=0 changeResId=0 exitResId=0 mUserId=0}}] 
04-11 12:38:45.922  8338  8381 V WindowManagerShell: extendInfo=[
04-11 12:38:45.922  8338  8381 V WindowManagerShell:  OplusTransitionExtendedInfo{mTmpFinishT=null, mInOplusCompatMode=false, mIsProcessRunning=false, mHasMismatchBoundsTarget=false, mRecentsController=null, mRemoteTransition=null, mIsTranslucentActivityToHome=false, mAvoidInterceptKeyEventToHome=false, mIsFromHome=false, mParentLeash=null, mBackAnimClosingLeash=null, mIsOplusAnimRes=false, mKeepBgForContinuous=false, mIsBalAllow=false, mTaskNotInRecent=false, mIsPredictiveBackAnim=false, mIsMergedWithPredictive=false, mIsLaunchFromSpruce=false, mIsLaunchFromDrive=false, mGlobalSearchPageSwitch=false, mNeedNoAlphaGlobalSearchScene=false, mAssistScreenShowing=false, mSwipeUpBrowserScreenShowing=false, mUserIdTransition=-1
04-11 12:38:45.922  8338  8381 V WindowManagerShell: , mInRemoteScene=false, mInPreReady=false, mPreStart=false, mToken=null, mAbortByRemoteFromHome=false, mShellApplyToken=null, mRequestTransitionTaskId=13170, mAbortTransitionOnShell=0, mStartFromShortcut=false, mRemovedTaskId=-1, mTransitionInterruptType=0, mMergeSecondTaskId=-1, mTaskIdStartFromRecents=0, mTransitionId=27135, mCanUseSpringSlideAnim=false, mTransitionLaunchFrom=0, mFoldChangeType=-1, mAnimStartingPosition=[0, 0, 0, 0], mIsOpeningStkDialogActivity=false, mSecondaryHomeToFrontWhenUnFolding=false, mIsNeedApplyStartTForEmbedded=false
04-11 12:38:45.922  8338  8381 V WindowManagerShell: , mNeedCanvasExitAnim=false, mMergeSecondTaskAnimation=false, mIsLaunchUnityStart=false, mIsLaunchFromAssistantByDefault=false, mSkipRemoteTransitionfalse, mIsStartFromKeyguard=false flags=0x0, mWCT=null, mIsOpenMergeToInValidPredictive=false, mPromoteTaskWhenKeyguard-1, mRootLayerZOrderArray={}}]}
04-11 12:38:45.922  8338  8381 D FlexibleTaskTransitionHandler:  performAnimation transition:android.os.BinderProxy@838e1b0 ,info:{id=27135 t=OPEN f=0x0 trk=0 r=[0@Point(0, 0)] c=[{m=OPEN f=FILLS_TASK leash=Surface(name=ActivityRecord{187072952 u0 com.binance.monitor/.ui.account.AccountStatsBridgeActivity t13170})/@0xfe8f94f sb=Rect(0, 0 - 0, 0) eb=Rect(0, 0 - 1264, 2780) epz=Point(1264, 2780) d=-1->0 r=-1->0:-1 component=com.binance.monitor/.ui.account.AccountStatsBridgeActivity opt={t=CUSTOM enterResId=0 changeResId=0 exitResId=0 mUserId=0}},{m=TO_BACK f=FILLS_TASK leash=Surface(name=ActivityRecord{183866893 u0 com.binance.monitor/.ui.main.MainActivity t13170})/@0x44268dc sb=Rect(0, 0 - 1264, 2780) eb=Rect(0, 0 - 1264, 2780) epz=Point(1264, 2780) d=0 component=com.binance.monitor/.ui.main.MainActivity opt={t=CUSTOM enterResId=0 changeResId=0 exitResId=0 mUserId=0}}] 
04-11 12:38:45.922  8338  8381 D FlexibleTaskTransitionHandler: extendInfo=[
04-11 12:38:45.922  8338  8381 D FlexibleTaskTransitionHandler:  OplusTransitionExtendedInfo{mTmpFinishT=null, mInOplusCompatMode=false, mIsProcessRunning=false, mHasMismatchBoundsTarget=false, mRecentsController=null, mRemoteTransition=null, mIsTranslucentActivityToHome=false, mAvoidInterceptKeyEventToHome=false, mIsFromHome=false, mParentLeash=null, mBackAnimClosingLeash=null, mIsOplusAnimRes=false, mKeepBgForContinuous=false, mIsBalAllow=false, mTaskNotInRecent=false, mIsPredictiveBackAnim=false, mIsMergedWithPredictive=false, mIsLaunchFromSpruce=false, mIsLaunchFromDrive=false, mGlobalSearchPageSwitch=false, mNeedNoAlphaGlobalSearchScene=false, mAssistScreenShowing=false, mSwipeUpBrowserScreenShowing=false, mUserIdTransition=-1
04-11 12:38:45.922  8338  8381 D FlexibleTaskTransitionHandler: , mInRemoteScene=false, mInPreReady=false, mPreStart=false, mToken=null, mAbortByRemoteFromHome=false, mShellApplyToken=null, mRequestTransitionTaskId=13170, mAbortTransitionOnShell=0, mStartFromShortcut=false, mRemovedTaskId=-1, mTransitionInterruptType=0, mMergeSecondTaskId=-1, mTaskIdStartFromRecents=0, mTransitionId=27135, mCanUseSpringSlideAnim=false, mTransitionLaunchFrom=0, mFoldChangeType=-1, mAnimStartingPosition=[0, 0, 0, 0], mIsOpeningStkDialogActivity=false, mSecondaryHomeToFrontWhenUnFolding=false, mIsNeedApplyStartTForEmbedded=false
04-11 12:38:45.922  8338  8381 D FlexibleTaskTransitionHandler: , mNeedCanvasExitAnim=false, mMergeSecondTaskAnimation=false, mIsLaunchUnityStart=false, mIsLaunchFromAssistantByDefault=false, mSkipRemoteTransitionfalse, mIsStartFromKeyguard=false flags=0x0, mWCT=null, mIsOpenMergeToInValidPredictive=false, mPromoteTaskWhenKeyguard-1, mRootLayerZOrderArray={}}]}
04-11 12:38:45.922  8338  8381 D FlexibleTaskTransitionHandler:  no need handler this transitionInfo: {id=27135 t=OPEN f=0x0 trk=0 r=[0@Point(0, 0)] c=[{m=OPEN f=FILLS_TASK leash=Surface(name=ActivityRecord{187072952 u0 com.binance.monitor/.ui.account.AccountStatsBridgeActivity t13170})/@0xfe8f94f sb=Rect(0, 0 - 0, 0) eb=Rect(0, 0 - 1264, 2780) epz=Point(1264, 2780) d=-1->0 r=-1->0:-1 component=com.binance.monitor/.ui.account.AccountStatsBridgeActivity opt={t=CUSTOM enterResId=0 changeResId=0 exitResId=0 mUserId=0}},{m=TO_BACK f=FILLS_TASK leash=Surface(name=ActivityRecord{183866893 u0 com.binance.monitor/.ui.main.MainActivity t13170})/@0x44268dc sb=Rect(0, 0 - 1264, 2780) eb=Rect(0, 0 - 1264, 2780) epz=Point(1264, 2780) d=0 component=com.binance.monitor/.ui.main.MainActivity opt={t=CUSTOM enterResId=0 changeResId=0 exitResId=0 mUserId=0}}] 
04-11 12:38:45.922  8338  8381 D FlexibleTaskTransitionHandler: extendInfo=[
04-11 12:38:45.922  8338  8381 D FlexibleTaskTransitionHandler:  OplusTransitionExtendedInfo{mTmpFinishT=null, mInOplusCompatMode=false, mIsProcessRunning=false, mHasMismatchBoundsTarget=false, mRecentsController=null, mRemoteTransition=null, mIsTranslucentActivityToHome=false, mAvoidInterceptKeyEventToHome=false, mIsFromHome=false, mParentLeash=null, mBackAnimClosingLeash=null, mIsOplusAnimRes=false, mKeepBgForContinuous=false, mIsBalAllow=false, mTaskNotInRecent=false, mIsPredictiveBackAnim=false, mIsMergedWithPredictive=false, mIsLaunchFromSpruce=false, mIsLaunchFromDrive=false, mGlobalSearchPageSwitch=false, mNeedNoAlphaGlobalSearchScene=false, mAssistScreenShowing=false, mSwipeUpBrowserScreenShowing=false, mUserIdTransition=-1
04-11 12:38:45.922  8338  8381 D FlexibleTaskTransitionHandler: , mInRemoteScene=false, mInPreReady=false, mPreStart=false, mToken=null, mAbortByRemoteFromHome=false, mShellApplyToken=null, mRequestTransitionTaskId=13170, mAbortTransitionOnShell=0, mStartFromShortcut=false, mRemovedTaskId=-1, mTransitionInterruptType=0, mMergeSecondTaskId=-1, mTaskIdStartFromRecents=0, mTransitionId=27135, mCanUseSpringSlideAnim=false, mTransitionLaunchFrom=0, mFoldChangeType=-1, mAnimStartingPosition=[0, 0, 0, 0], mIsOpeningStkDialogActivity=false, mSecondaryHomeToFrontWhenUnFolding=false, mIsNeedApplyStartTForEmbedded=false
04-11 12:38:45.922  8338  8381 D FlexibleTaskTransitionHandler: , mNeedCanvasExitAnim=false, mMergeSecondTaskAnimation=false, mIsLaunchUnityStart=false, mIsLaunchFromAssistantByDefault=false, mSkipRemoteTransitionfalse, mIsStartFromKeyguard=false flags=0x0, mWCT=null, mIsOpenMergeToInValidPredictive=false, mPromoteTaskWhenKeyguard-1, mRootLayerZOrderArray={}}]}
04-11 12:38:45.922  8338  8381 V WindowManagerShell: Transition doesn't have explicit remote, search filters for match for {id=27135 t=OPEN f=0x0 trk=0 r=[0@Point(0, 0)] c=[{m=OPEN f=FILLS_TASK leash=Surface(name=ActivityRecord{187072952 u0 com.binance.monitor/.ui.account.AccountStatsBridgeActivity t13170})/@0xfe8f94f sb=Rect(0, 0 - 0, 0) eb=Rect(0, 0 - 1264, 2780) epz=Point(1264, 2780) d=-1->0 r=-1->0:-1 component=com.binance.monitor/.ui.account.AccountStatsBridgeActivity opt={t=CUSTOM enterResId=0 changeResId=0 exitResId=0 mUserId=0}},{m=TO_BACK f=FILLS_TASK leash=Surface(name=ActivityRecord{183866893 u0 com.binance.monitor/.ui.main.MainActivity t13170})/@0x44268dc sb=Rect(0, 0 - 1264, 2780) eb=Rect(0, 0 - 1264, 2780) epz=Point(1264, 2780) d=0 component=com.binance.monitor/.ui.main.MainActivity opt={t=CUSTOM enterResId=0 changeResId=0 exitResId=0 mUserId=0}}] 
04-11 12:38:45.922  8338  8381 V WindowManagerShell: extendInfo=[
04-11 12:38:45.922  8338  8381 V WindowManagerShell:  OplusTransitionExtendedInfo{mTmpFinishT=null, mInOplusCompatMode=false, mIsProcessRunning=false, mHasMismatchBoundsTarget=false, mRecentsController=null, mRemoteTransition=null, mIsTranslucentActivityToHome=false, mAvoidInterceptKeyEventToHome=false, mIsFromHome=false, mParentLeash=null, mBackAnimClosingLeash=null, mIsOplusAnimRes=false, mKeepBgForContinuous=false, mIsBalAllow=false, mTaskNotInRecent=false, mIsPredictiveBackAnim=false, mIsMergedWithPredictive=false, mIsLaunchFromSpruce=false, mIsLaunchFromDrive=false, mGlobalSearchPageSwitch=false, mNeedNoAlphaGlobalSearchScene=false, mAssistScreenShowing=false, mSwipeUpBrowserScreenShowing=false, mUserIdTransition=-1
04-11 12:38:45.922  8338  8381 V WindowManagerShell: , mInRemoteScene=false, mInPreReady=false, mPreStart=false, mToken=null, mAbortByRemoteFromHome=false, mShellApplyToken=null, mRequestTransitionTaskId=13170, mAbortTransitionOnShell=0, mStartFromShortcut=false, mRemovedTaskId=-1, mTransitionInterruptType=0, mMergeSecondTaskId=-1, mTaskIdStartFromRecents=0, mTransitionId=27135, mCanUseSpringSlideAnim=false, mTransitionLaunchFrom=0, mFoldChangeType=-1, mAnimStartingPosition=[0, 0, 0, 0], mIsOpeningStkDialogActivity=false, mSecondaryHomeToFrontWhenUnFolding=false, mIsNeedApplyStartTForEmbedded=false
04-11 12:38:45.922  8338  8381 V WindowManagerShell: , mNeedCanvasExitAnim=false, mMergeSecondTaskAnimation=false, mIsLaunchUnityStart=false, mIsLaunchFromAssistantByDefault=false, mSkipRemoteTransitionfalse, mIsStartFromKeyguard=false flags=0x0, mWCT=null, mIsOpenMergeToInValidPredictive=false, mPromoteTaskWhenKeyguard-1, mRootLayerZOrderArray={}}]}
04-11 12:38:45.922  8338  8381 V WindowManagerShell:  Checking filter Pair{{types=[] flags=0x0] notFlags=0x100 checks=[{atype=home independent=true modes=[OPEN,TO_FRONT] flags=NONE mustBeTask=false order=TOP topActivity=ComponentInfo{com.android.launcher/com.android.launcher.Launcher} launchCookie=null windowingMode=undefined},{atype=standard independent=true modes=[CLOSE,TO_BACK] flags=NONE mustBeTask=false order=ANY topActivity=null launchCookie=null windowingMode=undefined}]} RemoteTransition { remoteTransition = android.window.IRemoteTransition$Stub$Proxy@a5bfc11, appThread = android.app.IApplicationThread$Stub$Proxy@61db176, debugName = QuickstepLaunchHome }}
04-11 12:38:45.922  8338  8381 V WindowManagerShell:  Delegate animation for (#27135) to null
04-11 12:38:45.922  3590  3792 V WindowManager: Sent Transition (#27135) createdAt=04-11 12:38:44.959 via request=TransitionRequestInfo { type = OPEN, triggerTask = TaskInfo{userId=0 taskId=13170 effectiveUid=10512 displayId=0 isRunning=true baseIntent=Intent { flg=0x10000000 cmp=com.binance.monitor/.ui.main.MainActivity mCallingUid=2000 } baseActivity=ComponentInfo{com.binance.monitor/com.binance.monitor.ui.main.MainActivity} topActivity=ComponentInfo{com.binance.monitor/com.binance.monitor.ui.account.AccountStatsBridgeActivity} origActivity=null realActivity=ComponentInfo{com.binance.monitor/com.binance.monitor.ui.main.MainActivity}
04-11 12:38:45.922  3590  3792 V WindowManager:  numActivities=2 lastActiveTime=929540375 supportsSplitScreenMultiWindow=true supportsMultiWindow=true supportsPocketStudioMultiWindow=true isInFlexibleEmbedded = false uid = 10512 pid = 0 resizeMode=1 isResizeable=true minWidth=-1 minHeight=-1 defaultMinSize=220 token=WCT{RemoteToken{1063ea5 Task{b287a2f #13170 type=standard A=10512:com.binance.monitor}}} topActivityType=1 pictureInPictureParams=null shouldDockBigOverlays=false launchIntoPipHostTaskId=-1 lastParentTaskIdBeforePip=-1 displayCutoutSafeInsets=Rect(0, 0 - 0, 0)
04-11 12:38:45.922  3590  3792 V WindowManager:  topActivityInfo=ActivityInfo{902b7e2 com.binance.monitor.ui.account.AccountStatsBridgeActivity} launchCookies=[] positionInParent=Point(0, 0) parentTaskId=-1 isFocused=true isVisible=true isVisibleRequested=true isTopActivityNoDisplay=false isSleeping=false locusId=null displayAreaFeatureId=1 isTopActivityTransparent=false isActivityStackTransparent=false lastNonFullscreenBounds=Rect(330, 828 - 935, 2092) capturedLink=null capturedLinkTimestamp=0 requestedVisibleTypes=-9 topActivityRequestOpenInBrowserEducationTimestamp=0
04-11 12:38:45.922  3590  3792 V WindowManager:  appCompatTaskInfo=AppCompatTaskInfo { topActivityInSizeCompat=false topActivityInOplusCompatMode=false eligibleForLetterboxEducation= false isLetterboxEducationEnabled= false isLetterboxDoubleTapEnabled= false eligibleForUserAspectRatioButton= false topActivityBoundsLetterboxed= false isFromLetterboxDoubleTap= false topActivityLetterboxVerticalPosition= -1 topActivityLetterboxHorizontalPosition= -1 topActivityLetterboxWidth=-1 topActivityLetterboxHeight=-1 topActivityAppBounds=Rect(0, 140 - 1264, 2780) isUserFullscreenOverrideEnabled=false isSystemFullscreenOverrideEnabled=false hasMinAspectRatioOverride=false topActivityLetterboxBounds=null cameraCompatTaskInfo=CameraCompatTaskInfo { freeformCameraCompatMode=inactive}} topActivityMainWindowFrame=null topActivityLetterboxInsets=Rect(0, 0 - 0, 0)
04-11 12:38:45.922  3590  3792 V WindowManager:  mOplusExtraBundle = Bundle[{androidx.flexible.taskFrame=Rect(0, 0 - 0, 0), topOpaqueSystemBarsAppearance=0, androidx.flexible.Alpha=1.0, androidx.activity.task.attach.blur=0, androidx.activity.LaunchInsensible=0, androidx.activity.LaunchCornerRadius=0, key_flexible_task_state=0, topActivitySupportAppInnerSplit=false, key_flexible_task_animating_type=-1, key_flexible_task_root_activity_processname=com.binance.monitor, androidx.activity.LaunchScenario=0, is_oplus_clone_task=false, flexible_super_mini_state=false, topRunningActivityHash=187072952, androidx.activity.LaunchScale=1.0, androidx.activity.LaunchShadowRadius=0, is_transient_hide_for_task_info=false, key_flexible_task_root_activity_pid=579, key_flexible_task_root_activity_uid=10512}]}, pipChange = null, remoteTransition = null, displayChange = null, flags = 0, debugId = 27135 }
04-11 12:38:45.923  3590  3792 V WindowManager:     startWCT=WindowContainerTransaction { changes= {} hops= [] errorCallbackToken=null taskFragmentOrganizer=null }
04-11 12:38:45.923  8338  8381 V WindowManagerShell: start default transition animation, info = {id=27135 t=OPEN f=0x0 trk=0 r=[0@Point(0, 0)] c=[{m=OPEN f=FILLS_TASK leash=Surface(name=ActivityRecord{187072952 u0 com.binance.monitor/.ui.account.AccountStatsBridgeActivity t13170})/@0xfe8f94f sb=Rect(0, 0 - 0, 0) eb=Rect(0, 0 - 1264, 2780) epz=Point(1264, 2780) d=-1->0 r=-1->0:-1 component=com.binance.monitor/.ui.account.AccountStatsBridgeActivity opt={t=CUSTOM enterResId=0 changeResId=0 exitResId=0 mUserId=0}},{m=TO_BACK f=FILLS_TASK leash=Surface(name=ActivityRecord{183866893 u0 com.binance.monitor/.ui.main.MainActivity t13170})/@0x44268dc sb=Rect(0, 0 - 1264, 2780) eb=Rect(0, 0 - 1264, 2780) epz=Point(1264, 2780) d=0 component=com.binance.monitor/.ui.main.MainActivity opt={t=CUSTOM enterResId=0 changeResId=0 exitResId=0 mUserId=0}}] 
04-11 12:38:45.923  8338  8381 V WindowManagerShell: extendInfo=[
04-11 12:38:45.923  8338  8381 V WindowManagerShell:  OplusTransitionExtendedInfo{mTmpFinishT=null, mInOplusCompatMode=false, mIsProcessRunning=false, mHasMismatchBoundsTarget=false, mRecentsController=null, mRemoteTransition=null, mIsTranslucentActivityToHome=false, mAvoidInterceptKeyEventToHome=false, mIsFromHome=false, mParentLeash=null, mBackAnimClosingLeash=null, mIsOplusAnimRes=false, mKeepBgForContinuous=false, mIsBalAllow=false, mTaskNotInRecent=false, mIsPredictiveBackAnim=false, mIsMergedWithPredictive=false, mIsLaunchFromSpruce=false, mIsLaunchFromDrive=false, mGlobalSearchPageSwitch=false, mNeedNoAlphaGlobalSearchScene=false, mAssistScreenShowing=false, mSwipeUpBrowserScreenShowing=false, mUserIdTransition=-1
04-11 12:38:45.923  8338  8381 V WindowManagerShell: , mInRemoteScene=false, mInPreReady=false, mPreStart=false, mToken=null, mAbortByRemoteFromHome=false, mShellApplyToken=null, mRequestTransitionTaskId=13170, mAbortTransitionOnShell=0, mStartFromShortcut=false, mRemovedTaskId=-1, mTransitionInterruptType=0, mMergeSecondTaskId=-1, mTaskIdStartFromRecents=0, mTransitionId=27135, mCanUseSpringSlideAnim=false, mTransitionLaunchFrom=0, mFoldChangeType=-1, mAnimStartingPosition=[0, 0, 0, 0], mIsOpeningStkDialogActivity=false, mSecondaryHomeToFrontWhenUnFolding=false, mIsNeedApplyStartTForEmbedded=false
04-11 12:38:45.923  8338  8381 V WindowManagerShell: , mNeedCanvasExitAnim=false, mMergeSecondTaskAnimation=false, mIsLaunchUnityStart=false, mIsLaunchFromAssistantByDefault=false, mSkipRemoteTransitionfalse, mIsStartFromKeyguard=false flags=0x0, mWCT=null, mIsOpenMergeToInValidPredictive=false, mPromoteTaskWhenKeyguard-1, mRootLayerZOrderArray={}}]}
04-11 12:38:45.923  8338  8381 D FSS_OplusFoldSwitchStateObserver: cancelAnimationIfNeedWhenFolding: foldChangeType = -1
04-11 12:38:45.923  3590  3792 V WindowManager:     info={id=27135 t=OPEN f=0x0 trk=0 r=[0@Point(0, 0)] c=[
04-11 12:38:45.923  3590  3792 V WindowManager:         {m=OPEN f=FILLS_TASK leash=Surface(name=ActivityRecord{187072952 u0 com.binance.monitor/.ui.account.AccountStatsBridgeActivity t13170})/@0xdda1671 sb=Rect(0, 0 - 0, 0) eb=Rect(0, 0 - 1264, 2780) epz=Point(1264, 2780) d=-1->0 r=-1->0:-1 component=com.binance.monitor/.ui.account.AccountStatsBridgeActivity opt={t=CUSTOM enterResId=0 changeResId=0 exitResId=0 mUserId=0}},
04-11 12:38:45.923  3590  3792 V WindowManager:         {m=TO_BACK f=FILLS_TASK leash=Surface(name=ActivityRecord{183866893 u0 com.binance.monitor/.ui.main.MainActivity t13170})/@0x5182c56 sb=Rect(0, 0 - 1264, 2780) eb=Rect(0, 0 - 1264, 2780) epz=Point(1264, 2780) d=0 component=com.binance.monitor/.ui.main.MainActivity opt={t=CUSTOM enterResId=0 changeResId=0 exitResId=0 mUserId=0}}
04-11 12:38:45.923  3590  3792 V WindowManager:     ] 
04-11 12:38:45.923  3590  3792 V WindowManager: extendInfo=[
04-11 12:38:45.923  3590  3792 V WindowManager:  OplusTransitionExtendedInfo{mTmpFinishT=null, mInOplusCompatMode=false, mIsProcessRunning=false, mHasMismatchBoundsTarget=false, mRecentsController=null, mRemoteTransition=null, mIsTranslucentActivityToHome=false, mAvoidInterceptKeyEventToHome=false, mIsFromHome=false, mParentLeash=null, mBackAnimClosingLeash=null, mIsOplusAnimRes=false, mKeepBgForContinuous=false, mIsBalAllow=false, mTaskNotInRecent=false, mIsPredictiveBackAnim=false, mIsMergedWithPredictive=false, mIsLaunchFromSpruce=false, mIsLaunchFromDrive=false, mGlobalSearchPageSwitch=false, mNeedNoAlphaGlobalSearchScene=false, mAssistScreenShowing=false, mSwipeUpBrowserScreenShowing=false, mUserIdTransition=-1
04-11 12:38:45.923  3590  3792 V WindowManager: , mInRemoteScene=false, mInPreReady=false, mPreStart=false, mToken=null, mAbortByRemoteFromHome=false, mShellApplyToken=null, mRequestTransitionTaskId=13170, mAbortTransitionOnShell=0, mStartFromShortcut=false, mRemovedTaskId=-1, mTransitionInterruptType=0, mMergeSecondTaskId=-1, mTaskIdStartFromRecents=0, mTransitionId=27135, mCanUseSpringSlideAnim=false, mTransitionLaunchFrom=0, mFoldChangeType=-1, mAnimStartingPosition=[0, 0, 0, 0], mIsOpeningStkDialogActivity=false, mSecondaryHomeToFrontWhenUnFolding=false, mIsNeedApplyStartTForEmbedded=false
04-11 12:38:45.923  3590  3792 V WindowManager: , mNeedCanvasExitAnim=false, mMergeSecondTaskAnimation=false, mIsLaunchUnityStart=false, mIsLaunchFromAssistantByDefault=false, mSkipRemoteTransitionfalse, mIsStartFromKeyguard=false flags=0x0, mWCT=null, mIsOpenMergeToInValidPredictive=false, mPromoteTaskWhenKeyguard-1, mRootLayerZOrderArray={}}]}
04-11 12:38:45.924  8338  8381 D OplusShellTransition: canCustomizeAppTransition, isGlobalSearchPageSwitch = false, swipeUpBrowserPageSwitch = false, onlyHasTranslucentActivity = false, pkgName = com.binance.monitor
04-11 12:38:45.924  8338  8381 D OplusShellTransition: This page has its own override animation, enterResId = 0, closeResId = 0, pkgName = com.binance.monitor
04-11 12:38:45.924  8338  8381 D OplusShellTransition: checkAndLoadCustomAnimation packageName =:com.binance.monitor,transit =:1,enter =:false,animResId =:0
04-11 12:38:45.924  8338  8381 D OplusShellTransition: canCustomizeAppTransition, isGlobalSearchPageSwitch = false, swipeUpBrowserPageSwitch = false, onlyHasTranslucentActivity = false, pkgName = com.binance.monitor
04-11 12:38:45.924  8338  8381 D OplusShellTransition: This page has its own override animation, enterResId = 0, closeResId = 0, pkgName = com.binance.monitor
04-11 12:38:45.924  8338  8381 D OplusShellTransition: checkAndLoadCustomAnimation packageName =:com.binance.monitor,transit =:1,enter =:true,animResId =:0
04-11 12:38:45.924  8338  8381 D OplusShellTransition: addBackgroundColorOnTask, , isTaskLevelTransition = false, hasBgAlready = false
04-11 12:38:45.924  8338  8381 D OplusShellTransition: DefaultTransitionHandler#onAnimFinish=> transition=android.os.BinderProxy@838e1b0, backAnimContinue=false
04-11 12:38:45.924  8338  8381 V WindowManagerShell: Transition animation finished (aborted=false), notifying core (#27135) android.os.BinderProxy@838e1b0@0
04-11 12:38:45.924  8338  8381 D SplitScreen-->AppLockManager: setStartFromSafeControl mStartFromSafeControl=false
04-11 12:38:45.924  8338  8381 D ShellTaskOrganizerExt: adjust change for exiting mini task: -1
04-11 12:38:45.925  3590  8838 D Transition: finishTransition ar ActivityRecord{183866893 u0 com.binance.monitor/.ui.main.MainActivity t13170}, isVisibleRequested=false, state=PAUSED, visibleAtTransitionEndTokens={ActivityRecord{187072952 u0 com.binance.monitor/.ui.account.AccountStatsBridgeActivity t13170}}, this=TransitionRecord{4fb5773 id=27135 track=0 type=OPEN flags=0x0 state=2 c=[
04-11 12:38:45.925  3590  8838 D Transition:    ChangeInfo{99b7630 container=Display{#0 state=ON size=1264x2780 ROTATION_0} flags=0x0}
04-11 12:38:45.925  3590  8838 D Transition:    ChangeInfo{e5422a9 container=DefaultTaskDisplayArea@136308155 flags=0x0}
04-11 12:38:45.925  3590  8838 D Transition:    ChangeInfo{cca63fb container=ActivityRecord{183866893 u0 com.binance.monitor/.ui.main.MainActivity t13170} flags=0x0}
04-11 12:38:45.925  3590  8838 D Transition:    ChangeInfo{c7b818a container=ActivityRecord{187072952 u0 com.binance.monitor/.ui.account.AccountStatsBridgeActivity t13170} flags=0x0}
04-11 12:38:45.925  3590  8838 D Transition:    ChangeInfo{418702e container=Task{b287a2f #13170 type=standard A=10512:com.binance.monitor} flags=0x0}
04-11 12:38:45.925  3590  8838 D Transition: ]
04-11 12:38:45.925  3590  8838 D Transition: }
04-11 12:38:45.925  3590  8838 D ActivityTaskManager: commitVisibility: ActivityRecord{183866893 u0 com.binance.monitor/.ui.main.MainActivity t13170}: visible=false visibleRequested=false, isInTransition=false 
04-11 12:38:45.925  3590  8838 D WindowManager: NFW_setClientVisible:ActivityRecord{183866893 u0 com.binance.monitor/.ui.main.MainActivity t13170} clientVisible:false
04-11 12:38:45.926  2113 17888 I sensors-hal: handle_sns_std_sensor_event:114, oplus rgb_rear sample: (cct, lux, ir, x, y)[10321, 31, 337, 259, 318]
04-11 12:38:45.926  3590  8838 I WindowManager: Window{6df152c u0 com.binance.monitor/com.binance.monitor.ui.main.MainActivity} state from HAS_DRAWN to DRAW_PENDING; reason: resetDrawState
04-11 12:38:45.926  2113 17888 I sensors-hal: handle_sns_std_sensor_event:116, oplus rgb_rear sample: (r, g, b, c w)[1251, 2569, 637, 868, 0]
04-11 12:38:45.926  3590  8838 D Transition: finishTransition ar ActivityRecord{187072952 u0 com.binance.monitor/.ui.account.AccountStatsBridgeActivity t13170}, isVisibleRequested=true, state=RESUMED, visibleAtTransitionEndTokens={ActivityRecord{187072952 u0 com.binance.monitor/.ui.account.AccountStatsBridgeActivity t13170}}, this=TransitionRecord{4fb5773 id=27135 track=0 type=OPEN flags=0x0 state=2 c=[
04-11 12:38:45.926  3590  8838 D Transition:    ChangeInfo{99b7630 container=Display{#0 state=ON size=1264x2780 ROTATION_0} flags=0x0}
04-11 12:38:45.926  3590  8838 D Transition:    ChangeInfo{e5422a9 container=DefaultTaskDisplayArea@136308155 flags=0x0}
04-11 12:38:45.926  3590  8838 D Transition:    ChangeInfo{cca63fb container=ActivityRecord{183866893 u0 com.binance.monitor/.ui.main.MainActivity t13170} flags=0x0}
04-11 12:38:45.926  3590  8838 D Transition:    ChangeInfo{c7b818a container=ActivityRecord{187072952 u0 com.binance.monitor/.ui.account.AccountStatsBridgeActivity t13170} flags=0x0}
04-11 12:38:45.926  3590  8838 D Transition:    ChangeInfo{418702e container=Task{b287a2f #13170 type=standard A=10512:com.binance.monitor} flags=0x0}
04-11 12:38:45.926  3590  8838 D Transition: ]
04-11 12:38:45.926  3590  8838 D Transition: }
04-11 12:38:45.926  3590  8838 I OplusAppSwitchManagerService:  handleAppVisible , r = ActivityRecord{187072952 u0 com.binance.monitor/.ui.account.AccountStatsBridgeActivity t13170}
04-11 12:38:45.926   579   808 D VRI[MainActivity]: dispatchAppVisibility visible:false mUpcomingWindowFocus:false
04-11 12:38:45.926  3590  8838 D OplusTransitionController: finishTransition, transition: TransitionRecord{4fb5773 id=27135 track=0 type=OPEN flags=0x0 state=4 c=[
04-11 12:38:45.926  3590  8838 D OplusTransitionController:    ChangeInfo{99b7630 container=Display{#0 state=ON size=1264x2780 ROTATION_0} flags=0x0}
04-11 12:38:45.926  3590  8838 D OplusTransitionController:    ChangeInfo{e5422a9 container=DefaultTaskDisplayArea@136308155 flags=0x0}
04-11 12:38:45.926  3590  8838 D OplusTransitionController:    ChangeInfo{cca63fb container=ActivityRecord{183866893 u0 com.binance.monitor/.ui.main.MainActivity t13170} flags=0x0}
04-11 12:38:45.926  3590  8838 D OplusTransitionController:    ChangeInfo{c7b818a container=ActivityRecord{187072952 u0 com.binance.monitor/.ui.account.AccountStatsBridgeActivity t13170} flags=0x0}
04-11 12:38:45.926  3590  8838 D OplusTransitionController:    ChangeInfo{418702e container=Task{b287a2f #13170 type=standard A=10512:com.binance.monitor} flags=0x0}
04-11 12:38:45.926  3590  8838 D OplusTransitionController: ]
04-11 12:38:45.926  3590  8838 D OplusTransitionController: }
04-11 12:38:45.926  3590  8838 D FlexibleTaskTransitionController:  finishTransition pendingRecentToFlexibleTask:null,isRotationTransition:false ,pendingRecentToFlexible:null ,transition:TransitionRecord{4fb5773 id=27135 track=0 type=OPEN flags=0x0 state=4 c=[
04-11 12:38:45.926  3590  8838 D FlexibleTaskTransitionController:    ChangeInfo{99b7630 container=Display{#0 state=ON size=1264x2780 ROTATION_0} flags=0x0}
04-11 12:38:45.926  3590  8838 D FlexibleTaskTransitionController:    ChangeInfo{e5422a9 container=DefaultTaskDisplayArea@136308155 flags=0x0}
04-11 12:38:45.926  3590  8838 D FlexibleTaskTransitionController:    ChangeInfo{cca63fb container=ActivityRecord{183866893 u0 com.binance.monitor/.ui.main.MainActivity t13170} flags=0x0}
04-11 12:38:45.926  3590  8838 D FlexibleTaskTransitionController:    ChangeInfo{c7b818a container=ActivityRecord{187072952 u0 com.binance.monitor/.ui.account.AccountStatsBridgeActivity t13170} flags=0x0}
04-11 12:38:45.926  3590  8838 D FlexibleTaskTransitionController:    ChangeInfo{418702e container=Task{b287a2f #13170 type=standard A=10512:com.binance.monitor} flags=0x0}
04-11 12:38:45.926  3590  8838 D FlexibleTaskTransitionController: ]
04-11 12:38:45.926  3590  8838 D FlexibleTaskTransitionController: }
04-11 12:38:45.927  3590  8838 D TransitionControllerExtImpl: NFW_send RECOMPUTE_FOCUS in finishTransition
04-11 12:38:45.927  8338  8381 D ShellTaskOrganizer: onTransitionFinish, isRecent:false
04-11 12:38:45.927  8338  8381 V WindowManagerShell: Track 0 became idle
04-11 12:38:45.927  8338  8381 V WindowManagerShell: All active transition animations finished
04-11 12:38:45.927  8338  8381 V WindowManagerShell:  animated by com.android.wm.shell.transition.DefaultTransitionHandler@423c8cd
04-11 12:38:45.927  8338  8381 D OplusShellTransition: dispatchTransition, animated mHandler: com.android.wm.shell.transition.DefaultTransitionHandler@423c8cd
04-11 12:38:45.927  8338  8381 V WindowManagerShell: Track 0 became idle
04-11 12:38:45.927  8338  8381 V WindowManagerShell: All active transition animations finished
04-11 12:38:45.927  3590  3796 D InsetsSourceProvider: updateSourceFrameForServerVisibility mandatorySystemGestures EMPTY_RECT
04-11 12:38:45.927  3590  3875 D VRR [OPlusRefreshRateService]:  setDirectorStates [flag: 1, state: 0, directorStateOff: 0]
04-11 12:38:45.927  2399  9261 D VRR [RefreshRateDirector]: updateState mState = 1
04-11 12:38:45.929  3590  8838 I BLASTSyncEngine: onCommitted syncId: 27135, timeout: false ran: false
04-11 12:38:45.929  3590  8838 D Transition: finishTransaction-onCommitted syncId=27135
