04-11 12:38:56.129  8338  8381 V WindowManagerShell:  OplusTransitionExtendedInfo{mTmpFinishT=null, mInOplusCompatMode=false, mIsProcessRunning=false, mHasMismatchBoundsTarget=false, mRecentsController=null, mRemoteTransition=null, mIsTranslucentActivityToHome=false, mAvoidInterceptKeyEventToHome=false, mIsFromHome=false, mParentLeash=null, mBackAnimClosingLeash=null, mIsOplusAnimRes=false, mKeepBgForContinuous=false, mIsBalAllow=false, mTaskNotInRecent=false, mIsPredictiveBackAnim=false, mIsMergedWithPredictive=false, mIsLaunchFromSpruce=false, mIsLaunchFromDrive=false, mGlobalSearchPageSwitch=false, mNeedNoAlphaGlobalSearchScene=false, mAssistScreenShowing=false, mSwipeUpBrowserScreenShowing=false, mUserIdTransition=-1
04-11 12:38:56.129  8338  8381 V WindowManagerShell: , mInRemoteScene=false, mInPreReady=false, mPreStart=false, mToken=null, mAbortByRemoteFromHome=false, mShellApplyToken=null, mRequestTransitionTaskId=13170, mAbortTransitionOnShell=0, mStartFromShortcut=false, mRemovedTaskId=-1, mTransitionInterruptType=0, mMergeSecondTaskId=-1, mTaskIdStartFromRecents=0, mTransitionId=27137, mCanUseSpringSlideAnim=false, mTransitionLaunchFrom=0, mFoldChangeType=-1, mAnimStartingPosition=[0, 0, 0, 0], mIsOpeningStkDialogActivity=false, mSecondaryHomeToFrontWhenUnFolding=false, mIsNeedApplyStartTForEmbedded=false
04-11 12:38:56.129  8338  8381 V WindowManagerShell: , mNeedCanvasExitAnim=false, mMergeSecondTaskAnimation=false, mIsLaunchUnityStart=false, mIsLaunchFromAssistantByDefault=false, mSkipRemoteTransitionfalse, mIsStartFromKeyguard=false flags=0x0, mWCT=null, mIsOpenMergeToInValidPredictive=false, mPromoteTaskWhenKeyguard-1, mRootLayerZOrderArray={}}]}
04-11 12:38:56.129  8338  8381 D OplusShellTransition: dispatchReady, active:(#27137) android.os.BinderProxy@e5f26fd@0, isSync=false, track:com.android.wm.shell.transition.Transitions$Track@f3fa59b
04-11 12:38:56.129  3590  3796 D InsetsSourceProvider: updateSourceFrameForServerVisibility mandatorySystemGestures EMPTY_RECT
04-11 12:38:56.129  8338  8381 D OplusShellTransition: Abort transition (#27137) android.os.BinderProxy@e5f26fd@0 WMCore requested. reason: 0; abortTransition: false
04-11 12:38:56.129  8338  8381 V WindowManagerShell: Playing animation for (#27137) android.os.BinderProxy@e5f26fd@0
04-11 12:38:56.129  8338  8381 V ShellRecents: RecentsTransitionHandler.startAnimation: no controller found
04-11 12:38:56.129  8338  8381 V WindowManagerShell: start OnePuttTransition animation, info = {id=27137 t=OPEN f=0x0 trk=0 r=[0@Point(0, 0)] c=[{m=CLOSE f=FILLS_TASK leash=Surface(name=ActivityRecord{194469255 u0 com.binance.monitor/.ui.settings.SettingsActivity t13170})/@0xa7584c0 sb=Rect(0, 0 - 1264, 2780) eb=Rect(0, 0 - 1264, 2780) epz=Point(1264, 2780) d=0 component=com.binance.monitor/.ui.settings.SettingsActivity opt={t=CUSTOM enterResId=0 changeResId=0 exitResId=0 mUserId=0}},{m=TO_FRONT f=FILLS_TASK leash=Surface(name=ActivityRecord{187072952 u0 com.binance.monitor/.ui.account.AccountStatsBridgeActivity t13170})/@0xefc35f9 sb=Rect(0, 0 - 1264, 2780) eb=Rect(0, 0 - 1264, 2780) epz=Point(1264, 2780) d=0 component=com.binance.monitor/.ui.account.AccountStatsBridgeActivity opt={t=CUSTOM enterResId=0 changeResId=0 exitResId=0 mUserId=0}}] 
04-11 12:38:56.129  8338  8381 V WindowManagerShell: extendInfo=[
04-11 12:38:56.129  8338  8381 V WindowManagerShell:  OplusTransitionExtendedInfo{mTmpFinishT=null, mInOplusCompatMode=false, mIsProcessRunning=false, mHasMismatchBoundsTarget=false, mRecentsController=null, mRemoteTransition=null, mIsTranslucentActivityToHome=false, mAvoidInterceptKeyEventToHome=false, mIsFromHome=false, mParentLeash=null, mBackAnimClosingLeash=null, mIsOplusAnimRes=false, mKeepBgForContinuous=false, mIsBalAllow=false, mTaskNotInRecent=false, mIsPredictiveBackAnim=false, mIsMergedWithPredictive=false, mIsLaunchFromSpruce=false, mIsLaunchFromDrive=false, mGlobalSearchPageSwitch=false, mNeedNoAlphaGlobalSearchScene=false, mAssistScreenShowing=false, mSwipeUpBrowserScreenShowing=false, mUserIdTransition=-1
04-11 12:38:56.129  8338  8381 V WindowManagerShell: , mInRemoteScene=false, mInPreReady=false, mPreStart=false, mToken=null, mAbortByRemoteFromHome=false, mShellApplyToken=null, mRequestTransitionTaskId=13170, mAbortTransitionOnShell=0, mStartFromShortcut=false, mRemovedTaskId=-1, mTransitionInterruptType=0, mMergeSecondTaskId=-1, mTaskIdStartFromRecents=0, mTransitionId=27137, mCanUseSpringSlideAnim=false, mTransitionLaunchFrom=0, mFoldChangeType=-1, mAnimStartingPosition=[0, 0, 0, 0], mIsOpeningStkDialogActivity=false, mSecondaryHomeToFrontWhenUnFolding=false, mIsNeedApplyStartTForEmbedded=false
04-11 12:38:56.129  8338  8381 V WindowManagerShell: , mNeedCanvasExitAnim=false, mMergeSecondTaskAnimation=false, mIsLaunchUnityStart=false, mIsLaunchFromAssistantByDefault=false, mSkipRemoteTransitionfalse, mIsStartFromKeyguard=false flags=0x0, mWCT=null, mIsOpenMergeToInValidPredictive=false, mPromoteTaskWhenKeyguard-1, mRootLayerZOrderArray={}}]}
04-11 12:38:56.129  8338  8381 D FlexibleTaskTransitionHandler:  performAnimation transition:android.os.BinderProxy@e5f26fd ,info:{id=27137 t=OPEN f=0x0 trk=0 r=[0@Point(0, 0)] c=[{m=CLOSE f=FILLS_TASK leash=Surface(name=ActivityRecord{194469255 u0 com.binance.monitor/.ui.settings.SettingsActivity t13170})/@0xa7584c0 sb=Rect(0, 0 - 1264, 2780) eb=Rect(0, 0 - 1264, 2780) epz=Point(1264, 2780) d=0 component=com.binance.monitor/.ui.settings.SettingsActivity opt={t=CUSTOM enterResId=0 changeResId=0 exitResId=0 mUserId=0}},{m=TO_FRONT f=FILLS_TASK leash=Surface(name=ActivityRecord{187072952 u0 com.binance.monitor/.ui.account.AccountStatsBridgeActivity t13170})/@0xefc35f9 sb=Rect(0, 0 - 1264, 2780) eb=Rect(0, 0 - 1264, 2780) epz=Point(1264, 2780) d=0 component=com.binance.monitor/.ui.account.AccountStatsBridgeActivity opt={t=CUSTOM enterResId=0 changeResId=0 exitResId=0 mUserId=0}}] 
04-11 12:38:56.129  8338  8381 D FlexibleTaskTransitionHandler: extendInfo=[
04-11 12:38:56.129  8338  8381 D FlexibleTaskTransitionHandler:  OplusTransitionExtendedInfo{mTmpFinishT=null, mInOplusCompatMode=false, mIsProcessRunning=false, mHasMismatchBoundsTarget=false, mRecentsController=null, mRemoteTransition=null, mIsTranslucentActivityToHome=false, mAvoidInterceptKeyEventToHome=false, mIsFromHome=false, mParentLeash=null, mBackAnimClosingLeash=null, mIsOplusAnimRes=false, mKeepBgForContinuous=false, mIsBalAllow=false, mTaskNotInRecent=false, mIsPredictiveBackAnim=false, mIsMergedWithPredictive=false, mIsLaunchFromSpruce=false, mIsLaunchFromDrive=false, mGlobalSearchPageSwitch=false, mNeedNoAlphaGlobalSearchScene=false, mAssistScreenShowing=false, mSwipeUpBrowserScreenShowing=false, mUserIdTransition=-1
04-11 12:38:56.129  8338  8381 D FlexibleTaskTransitionHandler: , mInRemoteScene=false, mInPreReady=false, mPreStart=false, mToken=null, mAbortByRemoteFromHome=false, mShellApplyToken=null, mRequestTransitionTaskId=13170, mAbortTransitionOnShell=0, mStartFromShortcut=false, mRemovedTaskId=-1, mTransitionInterruptType=0, mMergeSecondTaskId=-1, mTaskIdStartFromRecents=0, mTransitionId=27137, mCanUseSpringSlideAnim=false, mTransitionLaunchFrom=0, mFoldChangeType=-1, mAnimStartingPosition=[0, 0, 0, 0], mIsOpeningStkDialogActivity=false, mSecondaryHomeToFrontWhenUnFolding=false, mIsNeedApplyStartTForEmbedded=false
04-11 12:38:56.129  8338  8381 D FlexibleTaskTransitionHandler: , mNeedCanvasExitAnim=false, mMergeSecondTaskAnimation=false, mIsLaunchUnityStart=false, mIsLaunchFromAssistantByDefault=false, mSkipRemoteTransitionfalse, mIsStartFromKeyguard=false flags=0x0, mWCT=null, mIsOpenMergeToInValidPredictive=false, mPromoteTaskWhenKeyguard-1, mRootLayerZOrderArray={}}]}
04-11 12:38:56.129  8338  8381 D FlexibleTaskTransitionHandler:  no need handler this transitionInfo: {id=27137 t=OPEN f=0x0 trk=0 r=[0@Point(0, 0)] c=[{m=CLOSE f=FILLS_TASK leash=Surface(name=ActivityRecord{194469255 u0 com.binance.monitor/.ui.settings.SettingsActivity t13170})/@0xa7584c0 sb=Rect(0, 0 - 1264, 2780) eb=Rect(0, 0 - 1264, 2780) epz=Point(1264, 2780) d=0 component=com.binance.monitor/.ui.settings.SettingsActivity opt={t=CUSTOM enterResId=0 changeResId=0 exitResId=0 mUserId=0}},{m=TO_FRONT f=FILLS_TASK leash=Surface(name=ActivityRecord{187072952 u0 com.binance.monitor/.ui.account.AccountStatsBridgeActivity t13170})/@0xefc35f9 sb=Rect(0, 0 - 1264, 2780) eb=Rect(0, 0 - 1264, 2780) epz=Point(1264, 2780) d=0 component=com.binance.monitor/.ui.account.AccountStatsBridgeActivity opt={t=CUSTOM enterResId=0 changeResId=0 exitResId=0 mUserId=0}}] 
04-11 12:38:56.129  8338  8381 D FlexibleTaskTransitionHandler: extendInfo=[
04-11 12:38:56.129  8338  8381 D FlexibleTaskTransitionHandler:  OplusTransitionExtendedInfo{mTmpFinishT=null, mInOplusCompatMode=false, mIsProcessRunning=false, mHasMismatchBoundsTarget=false, mRecentsController=null, mRemoteTransition=null, mIsTranslucentActivityToHome=false, mAvoidInterceptKeyEventToHome=false, mIsFromHome=false, mParentLeash=null, mBackAnimClosingLeash=null, mIsOplusAnimRes=false, mKeepBgForContinuous=false, mIsBalAllow=false, mTaskNotInRecent=false, mIsPredictiveBackAnim=false, mIsMergedWithPredictive=false, mIsLaunchFromSpruce=false, mIsLaunchFromDrive=false, mGlobalSearchPageSwitch=false, mNeedNoAlphaGlobalSearchScene=false, mAssistScreenShowing=false, mSwipeUpBrowserScreenShowing=false, mUserIdTransition=-1
04-11 12:38:56.129  8338  8381 D FlexibleTaskTransitionHandler: , mInRemoteScene=false, mInPreReady=false, mPreStart=false, mToken=null, mAbortByRemoteFromHome=false, mShellApplyToken=null, mRequestTransitionTaskId=13170, mAbortTransitionOnShell=0, mStartFromShortcut=false, mRemovedTaskId=-1, mTransitionInterruptType=0, mMergeSecondTaskId=-1, mTaskIdStartFromRecents=0, mTransitionId=27137, mCanUseSpringSlideAnim=false, mTransitionLaunchFrom=0, mFoldChangeType=-1, mAnimStartingPosition=[0, 0, 0, 0], mIsOpeningStkDialogActivity=false, mSecondaryHomeToFrontWhenUnFolding=false, mIsNeedApplyStartTForEmbedded=false
04-11 12:38:56.129  8338  8381 D FlexibleTaskTransitionHandler: , mNeedCanvasExitAnim=false, mMergeSecondTaskAnimation=false, mIsLaunchUnityStart=false, mIsLaunchFromAssistantByDefault=false, mSkipRemoteTransitionfalse, mIsStartFromKeyguard=false flags=0x0, mWCT=null, mIsOpenMergeToInValidPredictive=false, mPromoteTaskWhenKeyguard-1, mRootLayerZOrderArray={}}]}
04-11 12:38:56.129  8338  8381 V WindowManagerShell: Transition doesn't have explicit remote, search filters for match for {id=27137 t=OPEN f=0x0 trk=0 r=[0@Point(0, 0)] c=[{m=CLOSE f=FILLS_TASK leash=Surface(name=ActivityRecord{194469255 u0 com.binance.monitor/.ui.settings.SettingsActivity t13170})/@0xa7584c0 sb=Rect(0, 0 - 1264, 2780) eb=Rect(0, 0 - 1264, 2780) epz=Point(1264, 2780) d=0 component=com.binance.monitor/.ui.settings.SettingsActivity opt={t=CUSTOM enterResId=0 changeResId=0 exitResId=0 mUserId=0}},{m=TO_FRONT f=FILLS_TASK leash=Surface(name=ActivityRecord{187072952 u0 com.binance.monitor/.ui.account.AccountStatsBridgeActivity t13170})/@0xefc35f9 sb=Rect(0, 0 - 1264, 2780) eb=Rect(0, 0 - 1264, 2780) epz=Point(1264, 2780) d=0 component=com.binance.monitor/.ui.account.AccountStatsBridgeActivity opt={t=CUSTOM enterResId=0 changeResId=0 exitResId=0 mUserId=0}}] 
04-11 12:38:56.129  8338  8381 V WindowManagerShell: extendInfo=[
04-11 12:38:56.129  8338  8381 V WindowManagerShell:  OplusTransitionExtendedInfo{mTmpFinishT=null, mInOplusCompatMode=false, mIsProcessRunning=false, mHasMismatchBoundsTarget=false, mRecentsController=null, mRemoteTransition=null, mIsTranslucentActivityToHome=false, mAvoidInterceptKeyEventToHome=false, mIsFromHome=false, mParentLeash=null, mBackAnimClosingLeash=null, mIsOplusAnimRes=false, mKeepBgForContinuous=false, mIsBalAllow=false, mTaskNotInRecent=false, mIsPredictiveBackAnim=false, mIsMergedWithPredictive=false, mIsLaunchFromSpruce=false, mIsLaunchFromDrive=false, mGlobalSearchPageSwitch=false, mNeedNoAlphaGlobalSearchScene=false, mAssistScreenShowing=false, mSwipeUpBrowserScreenShowing=false, mUserIdTransition=-1
04-11 12:38:56.129  8338  8381 V WindowManagerShell: , mInRemoteScene=false, mInPreReady=false, mPreStart=false, mToken=null, mAbortByRemoteFromHome=false, mShellApplyToken=null, mRequestTransitionTaskId=13170, mAbortTransitionOnShell=0, mStartFromShortcut=false, mRemovedTaskId=-1, mTransitionInterruptType=0, mMergeSecondTaskId=-1, mTaskIdStartFromRecents=0, mTransitionId=27137, mCanUseSpringSlideAnim=false, mTransitionLaunchFrom=0, mFoldChangeType=-1, mAnimStartingPosition=[0, 0, 0, 0], mIsOpeningStkDialogActivity=false, mSecondaryHomeToFrontWhenUnFolding=false, mIsNeedApplyStartTForEmbedded=false
04-11 12:38:56.129  8338  8381 V WindowManagerShell: , mNeedCanvasExitAnim=false, mMergeSecondTaskAnimation=false, mIsLaunchUnityStart=false, mIsLaunchFromAssistantByDefault=false, mSkipRemoteTransitionfalse, mIsStartFromKeyguard=false flags=0x0, mWCT=null, mIsOpenMergeToInValidPredictive=false, mPromoteTaskWhenKeyguard-1, mRootLayerZOrderArray={}}]}
04-11 12:38:56.129  8338  8381 V WindowManagerShell:  Checking filter Pair{{types=[] flags=0x0] notFlags=0x100 checks=[{atype=home independent=true modes=[OPEN,TO_FRONT] flags=NONE mustBeTask=false order=TOP topActivity=ComponentInfo{com.android.launcher/com.android.launcher.Launcher} launchCookie=null windowingMode=undefined},{atype=standard independent=true modes=[CLOSE,TO_BACK] flags=NONE mustBeTask=false order=ANY topActivity=null launchCookie=null windowingMode=undefined}]} RemoteTransition { remoteTransition = android.window.IRemoteTransition$Stub$Proxy@a5bfc11, appThread = android.app.IApplicationThread$Stub$Proxy@61db176, debugName = QuickstepLaunchHome }}
04-11 12:38:56.129  8338  8381 V WindowManagerShell:  Delegate animation for (#27137) to null
04-11 12:38:56.129  8338  8381 V WindowManagerShell: start default transition animation, info = {id=27137 t=OPEN f=0x0 trk=0 r=[0@Point(0, 0)] c=[{m=CLOSE f=FILLS_TASK leash=Surface(name=ActivityRecord{194469255 u0 com.binance.monitor/.ui.settings.SettingsActivity t13170})/@0xa7584c0 sb=Rect(0, 0 - 1264, 2780) eb=Rect(0, 0 - 1264, 2780) epz=Point(1264, 2780) d=0 component=com.binance.monitor/.ui.settings.SettingsActivity opt={t=CUSTOM enterResId=0 changeResId=0 exitResId=0 mUserId=0}},{m=TO_FRONT f=FILLS_TASK leash=Surface(name=ActivityRecord{187072952 u0 com.binance.monitor/.ui.account.AccountStatsBridgeActivity t13170})/@0xefc35f9 sb=Rect(0, 0 - 1264, 2780) eb=Rect(0, 0 - 1264, 2780) epz=Point(1264, 2780) d=0 component=com.binance.monitor/.ui.account.AccountStatsBridgeActivity opt={t=CUSTOM enterResId=0 changeResId=0 exitResId=0 mUserId=0}}] 
04-11 12:38:56.129  8338  8381 V WindowManagerShell: extendInfo=[
04-11 12:38:56.129  8338  8381 V WindowManagerShell:  OplusTransitionExtendedInfo{mTmpFinishT=null, mInOplusCompatMode=false, mIsProcessRunning=false, mHasMismatchBoundsTarget=false, mRecentsController=null, mRemoteTransition=null, mIsTranslucentActivityToHome=false, mAvoidInterceptKeyEventToHome=false, mIsFromHome=false, mParentLeash=null, mBackAnimClosingLeash=null, mIsOplusAnimRes=false, mKeepBgForContinuous=false, mIsBalAllow=false, mTaskNotInRecent=false, mIsPredictiveBackAnim=false, mIsMergedWithPredictive=false, mIsLaunchFromSpruce=false, mIsLaunchFromDrive=false, mGlobalSearchPageSwitch=false, mNeedNoAlphaGlobalSearchScene=false, mAssistScreenShowing=false, mSwipeUpBrowserScreenShowing=false, mUserIdTransition=-1
04-11 12:38:56.129  8338  8381 V WindowManagerShell: , mInRemoteScene=false, mInPreReady=false, mPreStart=false, mToken=null, mAbortByRemoteFromHome=false, mShellApplyToken=null, mRequestTransitionTaskId=13170, mAbortTransitionOnShell=0, mStartFromShortcut=false, mRemovedTaskId=-1, mTransitionInterruptType=0, mMergeSecondTaskId=-1, mTaskIdStartFromRecents=0, mTransitionId=27137, mCanUseSpringSlideAnim=false, mTransitionLaunchFrom=0, mFoldChangeType=-1, mAnimStartingPosition=[0, 0, 0, 0], mIsOpeningStkDialogActivity=false, mSecondaryHomeToFrontWhenUnFolding=false, mIsNeedApplyStartTForEmbedded=false
04-11 12:38:56.129  8338  8381 V WindowManagerShell: , mNeedCanvasExitAnim=false, mMergeSecondTaskAnimation=false, mIsLaunchUnityStart=false, mIsLaunchFromAssistantByDefault=false, mSkipRemoteTransitionfalse, mIsStartFromKeyguard=false flags=0x0, mWCT=null, mIsOpenMergeToInValidPredictive=false, mPromoteTaskWhenKeyguard-1, mRootLayerZOrderArray={}}]}
04-11 12:38:56.129  8338  8381 D FSS_OplusFoldSwitchStateObserver: cancelAnimationIfNeedWhenFolding: foldChangeType = -1
04-11 12:38:56.130  8338  8381 D OplusShellTransition: canCustomizeAppTransition, isGlobalSearchPageSwitch = false, swipeUpBrowserPageSwitch = false, onlyHasTranslucentActivity = false, pkgName = com.binance.monitor
04-11 12:38:56.130  8338  8381 D OplusShellTransition: This page has its own override animation, enterResId = 0, closeResId = 0, pkgName = com.binance.monitor
04-11 12:38:56.130  8338  8381 D OplusShellTransition: checkAndLoadCustomAnimation packageName =:com.binance.monitor,transit =:2,enter =:true,animResId =:0
04-11 12:38:56.130  8338  8381 D OplusShellTransition: canCustomizeAppTransition, isGlobalSearchPageSwitch = false, swipeUpBrowserPageSwitch = false, onlyHasTranslucentActivity = false, pkgName = com.binance.monitor
04-11 12:38:56.130  8338  8381 D OplusShellTransition: This page has its own override animation, enterResId = 0, closeResId = 0, pkgName = com.binance.monitor
04-11 12:38:56.130  8338  8381 D OplusShellTransition: checkAndLoadCustomAnimation packageName =:com.binance.monitor,transit =:2,enter =:false,animResId =:0
04-11 12:38:56.130  8338  8381 D OplusShellTransition: addBackgroundColorOnTask, , isTaskLevelTransition = false, hasBgAlready = false
04-11 12:38:56.130  8338  8381 D OplusShellTransition: DefaultTransitionHandler#onAnimFinish=> transition=android.os.BinderProxy@e5f26fd, backAnimContinue=false
04-11 12:38:56.130  8338  8381 V WindowManagerShell: Transition animation finished (aborted=false), notifying core (#27137) android.os.BinderProxy@e5f26fd@0
04-11 12:38:56.130  8338  8381 D SplitScreen-->AppLockManager: setStartFromSafeControl mStartFromSafeControl=false
04-11 12:38:56.130  8338  8381 D ShellTaskOrganizerExt: adjust change for exiting mini task: -1
04-11 12:38:56.131  3590  8793 D Transition: finishTransition ar ActivityRecord{187072952 u0 com.binance.monitor/.ui.account.AccountStatsBridgeActivity t13170}, isVisibleRequested=true, state=RESUMED, visibleAtTransitionEndTokens={ActivityRecord{187072952 u0 com.binance.monitor/.ui.account.AccountStatsBridgeActivity t13170}}, this=TransitionRecord{3a6b988 id=27137 track=0 type=OPEN flags=0x0 state=2 c=[
04-11 12:38:56.131  3590  8793 D Transition:    ChangeInfo{1b49f21 container=Display{#0 state=ON size=1264x2780 ROTATION_0} flags=0x0}
04-11 12:38:56.131  3590  8793 D Transition:    ChangeInfo{6e9ff46 container=ActivityRecord{125339432 u0 com.binance.monitor/.ui.account.AccountStatsBridgeActivity t-1} flags=0x0}
04-11 12:38:56.131  3590  8793 D Transition:    ChangeInfo{38d3507 container=DefaultTaskDisplayArea@136308155 flags=0x0}
04-11 12:38:56.131  3590  8793 D Transition:    ChangeInfo{843f30f container=ActivityRecord{187072952 u0 com.binance.monitor/.ui.account.AccountStatsBridgeActivity t13170} flags=0x0}
04-11 12:38:56.131  3590  8793 D Transition:    ChangeInfo{3b1e634 container=Task{b287a2f #13170 type=standard A=10512:com.binance.monitor} flags=0x0}
04-11 12:38:56.131  3590  8793 D Transition:    ChangeInfo{73c506e container=ActivityRecord{194469255 u0 com.binance.monitor/.ui.settings.SettingsActivity t13170 f}} flags=0x0}
04-11 12:38:56.131  3590  8793 D Transition: ]
04-11 12:38:56.131  3590  8793 D Transition: }
04-11 12:38:56.131  3590  8793 D Transition: finishTransition ar ActivityRecord{194469255 u0 com.binance.monitor/.ui.settings.SettingsActivity t13170 f}}, isVisibleRequested=false, state=STOPPING, visibleAtTransitionEndTokens={ActivityRecord{187072952 u0 com.binance.monitor/.ui.account.AccountStatsBridgeActivity t13170}}, this=TransitionRecord{3a6b988 id=27137 track=0 type=OPEN flags=0x0 state=2 c=[
04-11 12:38:56.131  3590  8793 D Transition:    ChangeInfo{1b49f21 container=Display{#0 state=ON size=1264x2780 ROTATION_0} flags=0x0}
04-11 12:38:56.131  3590  8793 D Transition:    ChangeInfo{6e9ff46 container=ActivityRecord{125339432 u0 com.binance.monitor/.ui.account.AccountStatsBridgeActivity t-1} flags=0x0}
04-11 12:38:56.131  3590  8793 D Transition:    ChangeInfo{38d3507 container=DefaultTaskDisplayArea@136308155 flags=0x0}
04-11 12:38:56.131  3590  8793 D Transition:    ChangeInfo{843f30f container=ActivityRecord{187072952 u0 com.binance.monitor/.ui.account.AccountStatsBridgeActivity t13170} flags=0x0}
04-11 12:38:56.131  3590  8793 D Transition:    ChangeInfo{3b1e634 container=Task{b287a2f #13170 type=standard A=10512:com.binance.monitor} flags=0x0}
04-11 12:38:56.131  3590  8793 D Transition:    ChangeInfo{73c506e container=ActivityRecord{194469255 u0 com.binance.monitor/.ui.settings.SettingsActivity t13170 f}} flags=0x0}
04-11 12:38:56.131  3590  8793 D Transition: ]
04-11 12:38:56.131  3590  8793 D Transition: }
04-11 12:38:56.131  3590  8793 D ActivityTaskManager: commitVisibility: ActivityRecord{194469255 u0 com.binance.monitor/.ui.settings.SettingsActivity t13170 f}}: visible=false visibleRequested=false, isInTransition=false 
04-11 12:38:56.131  3590  8793 D WindowManager: NFW_setClientVisible:ActivityRecord{194469255 u0 com.binance.monitor/.ui.settings.SettingsActivity t13170 f}} clientVisible:false
04-11 12:38:56.132  3590  8793 I WindowManager: Window{fac22e4 u0 com.binance.monitor/com.binance.monitor.ui.settings.SettingsActivity} state from HAS_DRAWN to DRAW_PENDING; reason: resetDrawState
04-11 12:38:56.132  3590  8793 I OplusAppSwitchManagerService:  handleAppVisible , r = ActivityRecord{187072952 u0 com.binance.monitor/.ui.account.AccountStatsBridgeActivity t13170}
04-11 12:38:56.132   579   605 D VRI[SettingsActivity]: dispatchAppVisibility visible:false mUpcomingWindowFocus:false
04-11 12:38:56.132  3590  8793 D OplusTransitionController: finishTransition, transition: TransitionRecord{3a6b988 id=27137 track=0 type=OPEN flags=0x0 state=4 c=[
04-11 12:38:56.132  3590  8793 D OplusTransitionController:    ChangeInfo{1b49f21 container=Display{#0 state=ON size=1264x2780 ROTATION_0} flags=0x0}
04-11 12:38:56.132  3590  8793 D OplusTransitionController:    ChangeInfo{6e9ff46 container=ActivityRecord{125339432 u0 com.binance.monitor/.ui.account.AccountStatsBridgeActivity t-1} flags=0x0}
04-11 12:38:56.132  3590  8793 D OplusTransitionController:    ChangeInfo{38d3507 container=DefaultTaskDisplayArea@136308155 flags=0x0}
04-11 12:38:56.132  3590  8793 D OplusTransitionController:    ChangeInfo{843f30f container=ActivityRecord{187072952 u0 com.binance.monitor/.ui.account.AccountStatsBridgeActivity t13170} flags=0x0}
04-11 12:38:56.132  3590  8793 D OplusTransitionController:    ChangeInfo{3b1e634 container=Task{b287a2f #13170 type=standard A=10512:com.binance.monitor} flags=0x0}
04-11 12:38:56.132  3590  8793 D OplusTransitionController:    ChangeInfo{73c506e container=ActivityRecord{194469255 u0 com.binance.monitor/.ui.settings.SettingsActivity t13170 f}} flags=0x0}
04-11 12:38:56.132  3590  8793 D OplusTransitionController: ]
04-11 12:38:56.132  3590  8793 D OplusTransitionController: }
04-11 12:38:56.132  3590  8793 D FlexibleTaskTransitionController:  finishTransition pendingRecentToFlexibleTask:null,isRotationTransition:false ,pendingRecentToFlexible:null ,transition:TransitionRecord{3a6b988 id=27137 track=0 type=OPEN flags=0x0 state=4 c=[
04-11 12:38:56.132  3590  8793 D FlexibleTaskTransitionController:    ChangeInfo{1b49f21 container=Display{#0 state=ON size=1264x2780 ROTATION_0} flags=0x0}
04-11 12:38:56.132  3590  8793 D FlexibleTaskTransitionController:    ChangeInfo{6e9ff46 container=ActivityRecord{125339432 u0 com.binance.monitor/.ui.account.AccountStatsBridgeActivity t-1} flags=0x0}
04-11 12:38:56.132  3590  8793 D FlexibleTaskTransitionController:    ChangeInfo{38d3507 container=DefaultTaskDisplayArea@136308155 flags=0x0}
04-11 12:38:56.132  3590  8793 D FlexibleTaskTransitionController:    ChangeInfo{843f30f container=ActivityRecord{187072952 u0 com.binance.monitor/.ui.account.AccountStatsBridgeActivity t13170} flags=0x0}
04-11 12:38:56.132  3590  8793 D FlexibleTaskTransitionController:    ChangeInfo{3b1e634 container=Task{b287a2f #13170 type=standard A=10512:com.binance.monitor} flags=0x0}
04-11 12:38:56.132  3590  8793 D FlexibleTaskTransitionController:    ChangeInfo{73c506e container=ActivityRecord{194469255 u0 com.binance.monitor/.ui.settings.SettingsActivity t13170 f}} flags=0x0}
04-11 12:38:56.132  3590  8793 D FlexibleTaskTransitionController: ]
04-11 12:38:56.132  3590  8793 D FlexibleTaskTransitionController: }
04-11 12:38:56.132  3590  8793 D TransitionControllerExtImpl: NFW_send RECOMPUTE_FOCUS in finishTransition
04-11 12:38:56.132  3590  3830 W UserAwareMgr: event can not be released, id: 5005, count: 2, releasePid: 3590
04-11 12:38:56.133  8338  8381 D ShellTaskOrganizer: onTransitionFinish, isRecent:false
04-11 12:38:56.133  8338  8381 V WindowManagerShell: Track 0 became idle
04-11 12:38:56.133  8338  8381 V WindowManagerShell: All active transition animations finished
04-11 12:38:56.133  8338  8381 V WindowManagerShell:  animated by com.android.wm.shell.transition.DefaultTransitionHandler@423c8cd
04-11 12:38:56.133  8338  8381 D OplusShellTransition: dispatchTransition, animated mHandler: com.android.wm.shell.transition.DefaultTransitionHandler@423c8cd
04-11 12:38:56.133  8338  8381 V WindowManagerShell: Track 0 became idle
04-11 12:38:56.133  8338  8381 V WindowManagerShell: All active transition animations finished
04-11 12:38:56.133  3590  3795 D WindowManager: NFW_findFocusedWindowIfNeeded:Window{ca16b01 u0 com.binance.monitor/com.binance.monitor.ui.account.AccountStatsBridgeActivity} mCurrentFocus:Window{ca16b01 u0 com.binance.monitor/com.binance.monitor.ui.account.AccountStatsBridgeActivity}
04-11 12:38:56.137  3590  8278 I BLASTSyncEngine: onCommitted syncId: 27137, timeout: false ran: false
04-11 12:38:56.137  3590  8278 D Transition: finishTransaction-onCommitted syncId=27137
04-11 12:38:56.138  3590  8278 I InputDispatcher: updateFocusedWindow, ca16b01 com.binance.monitor/com.binance.monitor.ui.account.AccountStatsBridgeActivity on display 0, reason: Window became focusable. Previous reason: NOT_VISIBLE, result:   FocusedWindows:
04-11 12:38:56.138  3590  8278 I InputDispatcher:     displayId=0, name='ca16b01 com.binance.monitor/com.binance.monitor.ui.account.AccountStatsBridgeActivity'
04-11 12:38:56.140   579   579 D VRI[AccountStatsBridgeActivity]: onFocusEvent true
04-11 12:38:56.147   579   579 D VRI[SettingsActivity]: visibilityChanged oldVisibility=true newVisibility=false
04-11 12:38:56.147   579   579 D VRI[SettingsActivity]: setWindowStopped stopped:true
04-11 12:38:56.148   579   579 D OplusScrollToTopManager: com.binance.monitor/com.binance.monitor.ui.settings.SettingsActivity,window dying
04-11 12:38:56.148   579   579 D OplusScrollToTopManager: com.binance.monitor/com.binance.monitor.ui.settings.SettingsActivity,unregisterSystemUIBroadcastReceiver 
04-11 12:38:56.148   579   579 D OplusScrollToTopManager: com.binance.monitor/com.binance.monitor.ui.settings.SettingsActivity, unregisterSystemUIBroadcastReceiver failed java.lang.IllegalArgumentException: Receiver not registered: android.view.OplusScrollToTopManager$2@d175231
04-11 12:38:56.148   579   579 W WindowOnBackDispatcher: sendCancelIfRunning: isInProgress=false callback=android.view.ViewRootImpl$$ExternalSyntheticLambda13@2dc6d77
04-11 12:38:56.148  3590  8793 D CoreBackPreview: Window{fac22e4 u0 com.binance.monitor/com.binance.monitor.ui.settings.SettingsActivity}: Setting back callback null
04-11 12:38:56.148   579   579 D HWUI    : RenderProxy::destroy: this=0xb4000070efc1e000, mContext=0xb4000070e86b0c00
04-11 12:38:56.148   579   775 D HWUI    : SkiaVulkanPipeline::setSurface: this=0xb4000070efc32ac0, surface=NULL
04-11 12:38:56.149   579   775 D BufferQueueProducer: [VRI[SettingsActivity]#3(BLAST Consumer)3](id:24300000003,api:1,p:579,c:579) disconnect: api 1
04-11 12:38:56.149   579   775 D BLASTBufferQueue: [VRI[SettingsActivity]#3](f:0,a:1) destructor()
04-11 12:38:56.149   579   775 D BufferQueueConsumer: [VRI[SettingsActivity]#3(BLAST Consumer)3](id:24300000003,api:0,p:-1,c:579) disconnect
04-11 12:38:56.150   579   579 D ViewRootImpl: Skipping stats log for color mode
04-11 12:38:56.150  3590  8793 I WindowManager: Window{fac22e4 u0 com.binance.monitor/com.binance.monitor.ui.settings.SettingsActivity} state from DRAW_PENDING to NO_SURFACE; reason: destroySurface
04-11 12:38:56.151  3590  8793 I ImeTracker: system_server:783afc95: onRequestHide at ORIGIN_SERVER reason IME_REQUESTED_CHANGED_LISTENER fromUser false
04-11 12:38:56.151  3590  7380 I ImeTracker: system_server:783afc95: onCancelled at PHASE_SERVER_SHOULD_HIDE
04-11 12:38:56.151  3590  8793 D InsetsSourceProvider: updateSourceFrameForServerVisibility mandatorySystemGestures EMPTY_RECT
04-11 12:38:56.151  3590  8793 D InsetsSourceProvider: updateSourceFrameForServerVisibility mandatorySystemGestures EMPTY_RECT
04-11 12:38:56.151  3590  8793 D WindowManager: NFW_findFocusedWindowIfNeeded:Window{ca16b01 u0 com.binance.monitor/com.binance.monitor.ui.account.AccountStatsBridgeActivity} mCurrentFocus:Window{ca16b01 u0 com.binance.monitor/com.binance.monitor.ui.account.AccountStatsBridgeActivity}
04-11 12:38:56.152  3590  3796 D InsetsSourceProvider: updateSourceFrameForServerVisibility mandatorySystemGestures EMPTY_RECT
04-11 12:38:56.152  3590  8793 D ActivityTaskManager: removeAppToken: ActivityRecord{194469255 u0 com.binance.monitor/.ui.settings.SettingsActivity t13170 f}} delayed=false parent=Task{b287a2f #13170 type=standard A=10512:com.binance.monitor} animating=false Callers=com.android.server.wm.DisplayContent.removeAppToken:1759 com.android.server.wm.ActivityRecord.removeFromHistory:4970 com.android.server.wm.ActivityRecord.destroyed:5060 com.android.server.wm.ActivityClientController.activityDestroyed:339 
04-11 12:38:56.152  3590  7959 D BackgroundInstallControlService: Package event received: 0
04-11 12:38:56.153  3590  7380 D InputMethodManagerService: isSecurity: attribute.packageName = com.binance.monitor mCurMethodId = com.sohu.inputmethod.sogou/.SogouIME isSecurity = false ( enable = true needShow = false inBlackList = false isExist = true )
04-11 12:38:56.153  3590  7380 I ImeTracker: com.binance.monitor:abdbec2b: onRequestHide at ORIGIN_SERVER reason HIDE_UNSPECIFIED_WINDOW fromUser false
04-11 12:38:56.154  3590  7163 I ImeTracker: system_server:fbcb114b: onRequestHide at ORIGIN_SERVER reason IME_REQUESTED_CHANGED_LISTENER fromUser false
04-11 12:38:56.155  3590  7380 I ImeTracker: system_server:fbcb114b: onCancelled at PHASE_SERVER_SHOULD_HIDE
04-11 12:38:56.155  3590  3796 D InsetsSourceProvider: updateSourceFrameForServerVisibility mandatorySystemGestures EMPTY_RECT
04-11 12:38:56.155   579   579 D InsetsController: hide(ime(), fromIme=false)
04-11 12:38:56.155   579   579 I ImeTracker: com.binance.monitor:abdbec2b: onCancelled at PHASE_CLIENT_ALREADY_HIDDEN
04-11 12:38:56.156  3590  3590 D RefreshRate: app switch boost timeout,transition isPlaying:false isInInterruptScene:false
04-11 12:38:56.157  3590  3796 D InsetsSourceProvider: updateSourceFrameForServerVisibility mandatorySystemGestures EMPTY_RECT
04-11 12:38:56.157  3590  3875 D VRR [OPlusRefreshRateService]:  setDirectorStates [flag: 1, state: 0, directorStateOff: 0]
04-11 12:38:56.157  2399  9261 D VRR [RefreshRateDirector]: updateState mState = 1
04-11 12:38:56.158  3590  8280 I Osense-BaseDecisionMaker: notifySceneToAthenaPolicy: SCENE_ACTIVITY_IDLE, bundle: Bundle[{scene=SCENE_ACTIVITY_IDLE}]
04-11 12:38:56.191  2280  2331 D BatteryChargeControl: bcc get no support from charging protocol
04-11 12:38:56.193  2113 20704 I sensors-hal: handle_oplus_wise_rgb_event:189, high_pwm_light:lux 395.6,cct 7353.1,brl/algo/ir 1419.0/2.0/40.0,pwm/dc 0.0/0.0,rgbc 16789.439453/12135.279297/7962.303711/34153.503906,ts 929551490205206,cnt 43510,flag 31135
04-11 12:38:56.193  2113 17862 I sensors-hal: handle_oplus_wise_rgb_event:161, wise_rgb: (43511)(cct, lux, ir)[7353.14, 395.57, 39.982716] (r, g, b, c)[16779.47, 12126.48, 7935.81, 34127.86]                 (pwm, hbm, brl, algo)[0.0 0.0 1419.0 2.0], flag 31135
04-11 12:38:56.217  3590  3836 I ActivityManager: Waited long enough for: ServiceRecord{ed6c67d u0 com.oplus.sau/com.oplusos.sau.aidl.SauBinderUpdateService c:com.oplus.sau}
04-11 12:38:56.248  3590  3836 I ActivityManager: Waited long enough for: ServiceRecord{b9b6ba2 u0 com.qualcomm.qti.workloadclassifier/.WLCService c:com.qualcomm.qti.workloadclassifier}
04-11 12:38:56.326  3590  9788 I AICCTModule: SensorFilter: brightness threshold 1.4 screenNit is 104.459 ave enviroment lux is 329.38696 luxForNit 102.57238demarcationPoint200.0 result is false
04-11 12:38:56.326  3590  9788 I AICCTModule: SensorFilter: findSecondNearestValue, sensorValue: 7729.7896 nearestMaxValue:7712.91 secondNearestValue: 7712.91
04-11 12:38:56.326  3590  9788 I AICCTModule: SensorFilter: findSecondNearestValue, sensorValue: 322.394 nearestMaxValue:328.4857 secondNearestValue: 328.4857
04-11 12:38:56.331  2181  2506 I SDM     : DisplayBuiltIn::IdlePowerCollapse: IPC received, disabling partial update for one frame
04-11 12:38:56.334 14034 15313 D CommonApp-264-10512: transport layer data is invalid
04-11 12:38:56.335 14034 15313 D CommonApp-255-10512: commonScoreStrategy scenarios low package
04-11 12:38:56.335 14034 15313 D ScorePolicy: handleScoreChanged: []
04-11 12:38:56.335 14034 15313 D ScorePolicy: handleScoreChanged: []
04-11 12:38:56.335 14034 15313 D ScorePolicy: handleScoreChanged: []
04-11 12:38:56.451 14034 15457 D AppSenseConfig: getIgnoreAppList: [com.android.launcher, com.android.contacts, com.oplus.wirelesssettings, com.coloros.alarmclock, com.coloros.calculator, com.coloros.calendar, com.coloros.phonemanager, com.android.settings, com.android.phone, com.oplus.nas, com.oplus.nhs, com.oplus.appdetail, com.android.permissioncontroller, com.oplus.pscanvas, com.oplus.autotest.test.ctp, com.android.systemui, com.android.systemui.overlay.fingerprint.anim.fy, com.android.systemui.overlay.fingerprint.anim.qy, com.android.systemui.overlay.fingerprint.anim.sw, com.android.systemui.overlay.fingerprint.anim.xw, com.android.systemui.overlay.fingerprint.anim.ccyh, com.android.systemui.overlay.fingerprint.anim.halo, com.android.systemui.overlay.fingerprint.anim.jslz, com.android.systemui.overlay.fingerprint.anim.none, com.android.systemui.overlay.fingerprint.anim.xklc]
04-11 12:38:56.452 14034 15457 D AppSenseConfig: getIgnoreAppList: [com.android.launcher, com.android.contacts, com.oplus.wirelesssettings, com.coloros.alarmclock, com.coloros.calculator, com.coloros.calendar, com.coloros.phonemanager, com.android.settings, com.android.phone, com.oplus.nas, com.oplus.nhs, com.oplus.appdetail, com.android.permissioncontroller, com.oplus.pscanvas, com.oplus.autotest.test.ctp, com.android.systemui, com.android.systemui.overlay.fingerprint.anim.fy, com.android.systemui.overlay.fingerprint.anim.qy, com.android.systemui.overlay.fingerprint.anim.sw, com.android.systemui.overlay.fingerprint.anim.xw, com.android.systemui.overlay.fingerprint.anim.ccyh, com.android.systemui.overlay.fingerprint.anim.halo, com.android.systemui.overlay.fingerprint.anim.jslz, com.android.systemui.overlay.fingerprint.anim.none, com.android.systemui.overlay.fingerprint.anim.xklc]
04-11 12:38:56.452 14034 15457 D AppSenseConfig: getIgnoreAppList: [com.android.launcher, com.android.contacts, com.oplus.wirelesssettings, com.coloros.alarmclock, com.coloros.calculator, com.coloros.calendar, com.coloros.phonemanager, com.android.settings, com.android.phone, com.oplus.nas, com.oplus.nhs, com.oplus.appdetail, com.android.permissioncontroller, com.oplus.pscanvas, com.oplus.autotest.test.ctp, com.android.systemui, com.android.systemui.overlay.fingerprint.anim.fy, com.android.systemui.overlay.fingerprint.anim.qy, com.android.systemui.overlay.fingerprint.anim.sw, com.android.systemui.overlay.fingerprint.anim.xw, com.android.systemui.overlay.fingerprint.anim.ccyh, com.android.systemui.overlay.fingerprint.anim.halo, com.android.systemui.overlay.fingerprint.anim.jslz, com.android.systemui.overlay.fingerprint.anim.none, com.android.systemui.overlay.fingerprint.anim.xklc]
04-11 12:38:56.452 14034 15457 D ActivityAdapter: taskChange: pre: 1, cur: 1, changed:true
04-11 12:38:56.453 14034 15457 D ActivityAdapter: notifyActivityQuery: [com.binance.monitor; com.binance.monitor.ui.account.AccountStatsBridgeActivity; 1; COMMON; 10512]
04-11 12:38:56.453 14034 15457 D OPlusFrontAppManager: useAdapterResult, pkg=com.binance.monitor,activity=com.binance.monitor.ui.account.AccountStatsBridgeActivity,result=true
04-11 12:38:56.453 14034 15457 D OPlusFrontAppManager: decide -->> [com.binance.monitor; com.binance.monitor.ui.account.AccountStatsBridgeActivity; 1; COMMON; 10512]
04-11 12:38:56.453 14034 15457 D ConferenceScene: pkg:com.binance.monitor, activity:com.binance.monitor.ui.account.AccountStatsBridgeActivity, appSense:COMMON
04-11 12:38:56.453 14034 15457 D ConferenceScene: pkg:com.binance.monitor, activity:com.binance.monitor.ui.settings.SettingsActivity, appSense:COMMON
04-11 12:38:56.453 14034 15297 D CellMap/GameLatencyMapService: handleAppSceneChange: [{pkgName:com.binance.monitor,activityName:,winMode:1,event:COMMON,type:0,subEvent:0,pid:579,uid:10512}]
04-11 12:38:56.454 14034 15297 D CellMap/QoeMapService: handleAppSceneChange: [{pkgName:com.binance.monitor,activityName:,winMode:1,event:COMMON,type:0,subEvent:0,pid:579,uid:10512}]
04-11 12:38:56.454 14034 15297 D CellMap/QoeMapService: handleAppSceneChange update: 0
04-11 12:38:56.454 14034 15313 D Subsys-ScoreAppManager: handleMessage what:2
04-11 12:38:56.454 14034 15313 D Subsys-ScoreAppManager: EVENT_ID_APP_SENSE_CHANGE  onFrontActivityChanged
04-11 12:38:56.454 14034 15313 D Subsys-ScoreAppManager: appSceneChange fgAppUnits size 1 fgAppUnits [{pkgName:com.binance.monitor,activityName:,winMode:1,event:COMMON,type:0,subEvent:0,pid:579,uid:10512}] mLastNetworkList[255, 264]
04-11 12:38:56.454 14034 14034 D AtomHighLoadSenseInfo: handleMessage what:1000
04-11 12:38:56.454 14034 14034 D AtomHighLoadSenseInfo: handleAppSenseChanged original mode:{live:0,video:0,voice call:0,video call:0,live host:0,meeting:0}
04-11 12:38:56.454 14034 15313 D Subsys-ScoreAppManager: createApp
04-11 12:38:56.454 14034 14034 D AtomHighLoadSenseInfo: handleAppSenseChanged appInfoUnit:{pkgName:com.binance.monitor,activityName:,winMode:1,event:COMMON,type:0,subEvent:0,pid:579,uid:10512}
04-11 12:38:56.454 14034 15313 D Subsys-ScoreAppManager: createApp
04-11 12:38:56.454 14034 14034 D AtomNetworkScoreInfo: handleMessage: 1006
04-11 12:38:56.454 14034 14034 D AtomNetworkScoreInfo: top app size: 1
04-11 12:38:56.454 14034 14034 D AtomNetworkScoreInfo: Front app state: 1
04-11 12:38:56.454 14034 15313 D Subsys-ScoreAppManager: unit: {pkgName:com.binance.monitor,activityName:,winMode:1,event:COMMON,type:0,subEvent:0,pid:579,uid:10512}
04-11 12:38:56.454 14034 15313 D CommonApp-255-10512: DefaultState EVENT_SCENARIOS_CHANGE
04-11 12:38:56.454 14034 15313 D CommonApp-255-10512: scene=COMMON pn=com.binance.monitor
04-11 12:38:56.454 14034 15313 D CommonApp-264-10512: DefaultState EVENT_SCENARIOS_CHANGE
04-11 12:38:56.454 14034 15313 D CommonApp-264-10512: scene=COMMON pn=com.binance.monitor
04-11 12:38:56.454 14034 14034 D AtomModemKpiInfo: handleMessage what:1000
04-11 12:38:56.455 14034 14034 D SceneService: handleMessage what:1004
04-11 12:38:56.455 14034 14034 D SceneService: notifyAppSceneChanged original mode:{live:0,video:0,voice call:0,video call:0,live host:0,game:0,meeting:0,news:0,file transfer:0},appInfoUnit:[{pkgName:com.binance.monitor,activityName:,winMode:1,event:COMMON,type:0,subEvent:0,pid:579,uid:10512}]
04-11 12:38:56.455 14034 14034 D ExtremeCommService: handleMessage what:1012
04-11 12:38:56.455 14034 14034 D ExtremeCommService: updateAppInfo appInfoUnit: com.binance.monitor, winMode:1
04-11 12:38:56.455 14034 14034 D FrontAppsEvent: receive msg:1001
04-11 12:38:56.455 14034 14034 D FrontAppsEvent: onAppSceneUpdate, infoList:[{pkgName:com.binance.monitor,activityName:,winMode:1,event:COMMON,type:0,subEvent:0,pid:579,uid:10512}]
04-11 12:38:56.456  3590  3795 D AppSenseClient: handleMessage: 100
04-11 12:38:56.456  3590  3795 D AppSenseClient: handleSenseEvent appInfoUnits: {pkgName:com.binance.monitor,activityName:com.binance.monitor.ui.account.AccountStatsBridgeActivity,winMode:1,event:COMMON,type:0,subEvent:0,pid:579,uid:10512},
04-11 12:38:56.456  3590  3795 D AppSenseClient: handleSenseEvent clients: 1
04-11 12:38:56.456 14034 15457 D AppSenseService: notifySenseEvent: {pkgName:com.binance.monitor,activityName:com.binance.monitor.ui.account.AccountStatsBridgeActivity,winMode:1,event:COMMON,type:0,subEvent:0,pid:579,uid:10512},
04-11 12:38:56.456  3590  3795 D AppSenseClient: handleSenseEvent clientId: 224279445
04-11 12:38:56.456  3590  3795 D AppSenseClient: notifyAppChanges: [{pkgName:com.binance.monitor,activityName:com.binance.monitor.ui.account.AccountStatsBridgeActivity,winMode:1,event:COMMON,type:0,subEvent:0,pid:579,uid:10512}]
04-11 12:38:56.456  8406  8866 D AppSenseClient: handleMessage: 100
04-11 12:38:56.456 13839 14411 D AppSenseClient: handleMessage: 100
04-11 12:38:56.456 13839 14411 D AppSenseClient: handleSenseEvent appInfoUnits: {pkgName:com.binance.monitor,activityName:com.binance.monitor.ui.account.AccountStatsBridgeActivity,winMode:1,event:COMMON,type:0,subEvent:0,pid:579,uid:10512},
04-11 12:38:56.456  8406  8866 D AppSenseClient: handleSenseEvent appInfoUnits: {pkgName:com.binance.monitor,activityName:com.binance.monitor.ui.account.AccountStatsBridgeActivity,winMode:1,event:COMMON,type:0,subEvent:0,pid:579,uid:10512},
04-11 12:38:56.456 13839 14411 D AppSenseClient: handleSenseEvent clients: 1
04-11 12:38:56.456 13839 14411 D AppSenseClient: handleSenseEvent clientId: 106466519
04-11 12:38:56.456  8406  8866 D AppSenseClient: handleSenseEvent clients: 1
04-11 12:38:56.456  8406  8866 D AppSenseClient: handleSenseEvent clientId: 101737326
04-11 12:38:56.456 13839 14411 D AppSenseClient: notifyAppChanges: [{pkgName:com.binance.monitor,activityName:com.binance.monitor.ui.account.AccountStatsBridgeActivity,winMode:1,event:COMMON,type:0,subEvent:0,pid:579,uid:10512}]
04-11 12:38:56.456  8498  8498 D AppSenseClient: handleMessage: 100
04-11 12:38:56.456  8406  8866 D AppSenseClient: notifyAppChanges: [{pkgName:com.binance.monitor,activityName:com.binance.monitor.ui.account.AccountStatsBridgeActivity,winMode:1,event:COMMON,type:0,subEvent:0,pid:579,uid:10512}]
04-11 12:38:56.456 13839 14411 D NAS-DataSceneEvent: onAppChanged, app list size: 1
04-11 12:38:56.456 13839 14411 D NAS-DataSceneEvent: updateAppSenseChange [{pkgName:com.binance.monitor,activityName:com.binance.monitor.ui.account.AccountStatsBridgeActivity,winMode:1,event:COMMON,type:0,subEvent:0,pid:579,uid:10512}]
04-11 12:38:56.457  8498  8498 D AppSenseClient: handleSenseEvent appInfoUnits: {pkgName:com.binance.monitor,activityName:com.binance.monitor.ui.account.AccountStatsBridgeActivity,winMode:1,event:COMMON,type:0,subEvent:0,pid:579,uid:10512},
04-11 12:38:56.457  8498  8498 D AppSenseClient: handleSenseEvent clients: 1
04-11 12:38:56.457  8498  8498 D AppSenseClient: handleSenseEvent clientId: 74017188
04-11 12:38:56.457  8498  8498 D AppSenseClient: notifyAppChanges: [{pkgName:com.binance.monitor,activityName:com.binance.monitor.ui.account.AccountStatsBridgeActivity,winMode:1,event:COMMON,type:0,subEvent:0,pid:579,uid:10512}]
04-11 12:38:56.457  8498  8498 D NhsAppSenseListener: onAppChanged, app list size: 1
04-11 12:38:56.458 13839 14674 D OplusLinkBoostSceneManager: handleAppSceneChange: live broadcast off
04-11 12:38:56.458 13839 14698 E OplusNetlinkConnect: parse rsp msg failed!Message missing required fields: header
04-11 12:38:56.461  2181  2506 I SDM     : DisplayBuiltIn::IdlePowerCollapse: IPC received, disabling partial update for one frame
04-11 12:38:56.467  2181 26958 E CwbService: Panel not support apl read or getDisplayPanelAplValue timeout 10ms.
04-11 12:38:56.467  2258  2258 D SensorFeature: name=ssc_screenshot_info ,index = 22
04-11 12:38:56.468  2258  2258 D SensorFeature: write 39 bytes:929551815524676,929551869765874,31136,0
04-11 12:38:56.470  3590  7333 D FusionLightNextGen: process end reported = 1, mode: 0, cnt: 399455, lux 329.2, cct 7688.9, r/g/b/c: 16796.9/12146.3/7949.1/34146.5, R/G/B: 156.0/151.0/139.0, bri 1419.0, match 1.00, ir 0.044080, conf 5.0, ts 929551845333540
04-11 12:38:56.470  2113 17862 I sensors-hal: handle_oplus_wise_rgb_event:161, wise_rgb: (43516)(cct, lux, ir)[7371.56, 395.43, 40.681522] (r, g, b, c)[16781.96, 12150.68, 7944.64, 34118.54]                 (pwm, hbm, brl, algo)[0.0 0.0 1419.0 2.0], flag 31136
04-11 12:38:56.648  2399  3162 D VRR [OTI]: handleIdle from 0 to 1
04-11 12:38:56.648  2399  3162 D VRR [OTI-HW]: isStateReady 0
04-11 12:38:56.648  2399  3162 D VRR [OTI-HW]: keep rate.
04-11 12:38:56.664 13839 14712 I SmartDataSwitchStateManager: handle message:7
04-11 12:38:56.665 13839 14712 I SmartDataSwitchSM: [DisableState]Handle msg: 2
04-11 12:38:56.665 13839 14712 I SmartDataSwitchSM: [DisableState]handle state change, reason:DataScoreLow
04-11 12:38:56.720  4482  4659 W ServiceManagerCppClient: Waited one second for SystemClearService (is service started? Number of threads started in the threadpool: 16. Are binder threads started and available?)
04-11 12:38:56.721  4482  4680 W ServiceManagerCppClient: Waited one second for SystemClearService (is service started? Number of threads started in the threadpool: 16. Are binder threads started and available?)
04-11 12:38:56.724  1254  1176 W libc    : Unable to set property "ctl.interface_start" to "aidl/SystemClearService": PROP_ERROR_HANDLE_CONTROL_MESSAGE (0x20)
04-11 12:38:56.724  1254  1177 W libc    : Unable to set property "ctl.interface_start" to "aidl/SystemClearService": PROP_ERROR_HANDLE_CONTROL_MESSAGE (0x20)
04-11 12:38:56.770  2258  2258 D SensorFeature: name=ssc_screenshot_info ,index = 22
04-11 12:38:56.770  2258  2258 D SensorFeature: write 39 bytes:929551815524676,929552182981811,31137,0
04-11 12:38:56.772  2113 20704 I sensors-hal: handle_oplus_wise_rgb_event:189, high_pwm_light:lux 394.9,cct 7305.3,brl/algo/ir 1419.0/2.0/41.4,pwm/dc 0.0/0.0,rgbc 16851.732422/12188.070312/7953.474121/34204.792969,ts 929552078687550,cnt 43520,flag 31137
04-11 12:38:56.773  2113 17862 I sensors-hal: handle_oplus_wise_rgb_event:161, wise_rgb: (43521)(cct, lux, ir)[7305.30, 394.93, 41.379543] (r, g, b, c)[16786.95, 12148.48, 7957.89, 34197.80]                 (pwm, hbm, brl, algo)[0.0 0.0 1419.0 2.0], flag 31137
04-11 12:38:56.855  2181  2506 I SDM     : DisplayBuiltIn::IdlePowerCollapse: IPC received, disabling partial update for one frame
04-11 12:38:56.895  2187  2298 E PERFHAL-PERFCTRL: PERFHAL-PERFCTRL: chk_core_online_poll_loop() 748: poll() has timed out for /sys/kernel/msm_performance/events/cpu_hotplug
04-11 12:38:56.895  2187  2298 E PERFHAL-PERFCTRL: PERFHAL-PERFCTRL: chk_core_online_poll_loop() 743: Block on poll()
04-11 12:38:56.957 13839 14674 D UlPriorityPolicyForeground: match: config has not com.binance.monitor
04-11 12:38:56.998  2113 17862 I sensors-hal: handle_oplus_wise_rgb_event:161, wise_rgb: (43526)(cct, lux, ir)[7322.54, 395.84, 40.692970] (r, g, b, c)[16791.93, 12163.88, 7938.02, 34155.84]                 (pwm, hbm, brl, algo)[0.0 0.0 1419.0 2.0], flag 31137
04-11 12:38:57.073  2258  2258 D SensorFeature: name=ssc_screenshot_info ,index = 22
04-11 12:38:57.073  2258  2258 D SensorFeature: write 39 bytes:929551815524676,929552485780561,31138,0
04-11 12:38:57.098 14034 14034 D NetworkService[1]: handleMessage what:1011
04-11 12:38:57.135  2727  3986 D QmiClient: qmiServiceEventCallback recv msg id 1099
04-11 12:38:57.135  2727  3986 D QmiClient: enter -mServiceType 4 onQmiServiceEventCallback msgId 1099
04-11 12:38:57.135  2727  3986 D QmiClient: onQmiServiceEventCallback - enter. msgId=1099
04-11 12:38:57.135  2727  3986 D QmiVsClientEvent: QosPeriodReportInd MSG IND data_len 2052
04-11 12:38:57.135  2727  3986 D QmiVsClientEvent: qmiVsClientNotifyQosPeriodReportIndEvent - RADIO_EVENT_QOS_PERIOD_REPORT_NOTIFY_IND
04-11 12:38:57.136  3438  3988 D QmiClient: qmiServiceEventCallback recv msg id 1099
04-11 12:38:57.136  3438  3988 D QmiClient: enter -mServiceType 4 onQmiServiceEventCallback msgId 1099
04-11 12:38:57.136  3438  3988 D QmiClient: onQmiServiceEventCallback - enter. msgId=1099
04-11 12:38:57.136  3438  3988 D QmiVsClientEvent: QosPeriodReportInd MSG IND data_len 2052
04-11 12:38:57.136  3438  3988 D QmiVsClientEvent: qmiVsClientNotifyQosPeriodReportIndEvent - RADIO_EVENT_QOS_PERIOD_REPORT_NOTIFY_IND
04-11 12:38:57.136  2727  2826 D VsProxy : handleMessage msg is 2420
04-11 12:38:57.136  2727  2826 D VsProxy : handleQosPeriodReportInd for instance 0 data_len 145
04-11 12:38:57.136  3438  3485 D VsProxy : handleMessage msg is 2420
04-11 12:38:57.136  3438  3485 D VsProxy : handleQosPeriodReportInd for instance 1 data_len 200
04-11 12:38:57.137  3438  4039 D QmiClient: qmiServiceEventCallback recv msg id 47
04-11 12:38:57.137  3438  4039 D QmiClient: enter -mServiceType 10 onQmiServiceEventCallback msgId 47
04-11 12:38:57.137  3438  4039 D QmiClient: onQmiServiceEventCallback - enter. msgId=47
04-11 12:38:57.137  3438  3488 D OttProxy: handleMessage msg is 3001
