04-11 12:39:00.193  2280  2331 D BatteryChargeControl: bcc get no support from charging protocol
04-11 12:39:00.333  2181  2506 I SDM     : DisplayBuiltIn::IdlePowerCollapse: IPC received, disabling partial update for one frame
04-11 12:39:00.343  2181  2532 E CwbService: Panel not support apl read or getDisplayPanelAplValue timeout 10ms.
04-11 12:39:00.343  2258  2258 D SensorFeature: name=ssc_screenshot_info ,index = 22
04-11 12:39:00.343  2258  2258 D SensorFeature: write 39 bytes:929555691285299,929555745533424,31148,0
04-11 12:39:00.431 14034 15313 D CommonApp-264-10512: transport layer data is invalid
04-11 12:39:00.432 14034 15313 D CommonApp-255-10512: commonScoreStrategy scenarios low package
04-11 12:39:00.432 14034 15313 D ScorePolicy: handleScoreChanged: []
04-11 12:39:00.432 14034 15313 D ScorePolicy: handleScoreChanged: []
04-11 12:39:00.432 14034 15313 D ScorePolicy: handleScoreChanged: []
04-11 12:39:00.462  2113 17862 I sensors-hal: handle_oplus_wise_rgb_event:161, wise_rgb: (43581)(cct, lux, ir)[7349.82, 396.28, 40.900856] (r, g, b, c)[16826.82, 12179.27, 7944.64, 34197.80]                 (pwm, hbm, brl, algo)[0.0 0.0 1419.0 2.0], flag 31148
04-11 12:39:00.462  3590  7333 D FusionLightNextGen: process end reported = 1, mode: 0, cnt: 399470, lux 330.6, cct 7643.2, r/g/b/c: 16856.7/12188.1/7960.1/34246.8, R/G/B: 156.0/151.0/139.0, bri 1419.0, match 1.00, ir 0.044141, conf 5.0, ts 929555732739217
04-11 12:39:00.650  2258  2258 D SensorFeature: name=ssc_screenshot_info ,index = 22
04-11 12:39:00.651  2258  2258 D SensorFeature: write 39 bytes:929555691285299,929556062127122,31149,0
04-11 12:39:00.726  2113 20704 I sensors-hal: handle_oplus_wise_rgb_event:189, high_pwm_light:lux 397.4,cct 7345.9,brl/algo/ir 1419.0/2.0/40.1,pwm/dc 0.0/0.0,rgbc 16844.257812/12183.671875/7966.718750/34204.792969,ts 929556043556769,cnt 43590,flag 96685
04-11 12:39:00.728  2113 17862 I sensors-hal: handle_oplus_wise_rgb_event:161, wise_rgb: (43586)(cct, lux, ir)[7345.87, 397.43, 40.123409] (r, g, b, c)[16834.29, 12185.87, 7973.34, 34239.76]                 (pwm, hbm, brl, algo)[0.0 0.0 1419.0 2.0], flag 31149
04-11 12:39:00.731  4482  4659 W ServiceManagerCppClient: Waited one second for SystemClearService (is service started? Number of threads started in the threadpool: 16. Are binder threads started and available?)
04-11 12:39:00.732  4482  4680 W ServiceManagerCppClient: Waited one second for SystemClearService (is service started? Number of threads started in the threadpool: 16. Are binder threads started and available?)
04-11 12:39:00.733  1254  1212 W libc    : Unable to set property "ctl.interface_start" to "aidl/SystemClearService": PROP_ERROR_HANDLE_CONTROL_MESSAGE (0x20)
04-11 12:39:00.734  1254  1213 W libc    : Unable to set property "ctl.interface_start" to "aidl/SystemClearService": PROP_ERROR_HANDLE_CONTROL_MESSAGE (0x20)
04-11 12:39:00.784 14034 16352 D RadioProxyJ[0]: startAPIDetection, setSyncWithAp has response, stopping detection
04-11 12:39:00.926  3590  9788 I AICCTModule: SensorFilter: brightness threshold 1.4 screenNit is 104.459 ave enviroment lux is 329.94888 luxForNit 102.62748demarcationPoint200.0 result is false
04-11 12:39:00.927  3590  9788 I AICCTModule: SensorFilter: findSecondNearestValue, sensorValue: 7688.505 nearestMaxValue:7659.148 secondNearestValue: 7659.148
04-11 12:39:00.927  3590  9788 I AICCTModule: SensorFilter: findSecondNearestValue, sensorValue: 330.24945 nearestMaxValue:330.5052 secondNearestValue: 330.55685
04-11 12:39:00.954  2258  2258 D SensorFeature: name=ssc_screenshot_info ,index = 22
04-11 12:39:00.954  2258  2258 D SensorFeature: write 39 bytes:929555691285299,929556366521601,31150,0
04-11 12:39:00.954  2113  2241 I sensors-hal: get_display_brightness:825, light_iface: set screenshot_info [929555691285299,929556366521601,31150,0]
04-11 12:39:00.981  2181  2506 I SDM     : DisplayBuiltIn::IdlePowerCollapse: IPC received, disabling partial update for one frame
04-11 12:39:00.992  2113 17862 I sensors-hal: handle_oplus_wise_rgb_event:161, wise_rgb: (43591)(cct, lux, ir)[7351.86, 396.81, 40.663559] (r, g, b, c)[16824.32, 12185.87, 7951.27, 34253.75]                 (pwm, hbm, brl, algo)[0.0 0.0 1419.0 2.0], flag 31150
04-11 12:39:01.070  3438  4039 D QmiClient: qmiServiceEventCallback recv msg id 47
04-11 12:39:01.071  3438  4039 D QmiClient: enter -mServiceType 10 onQmiServiceEventCallback msgId 47
04-11 12:39:01.071  3438  4039 D QmiClient: onQmiServiceEventCallback - enter. msgId=47
04-11 12:39:01.071  3438  3488 D OttProxy: handleMessage msg is 3001
04-11 12:39:01.072 14034 14747 D SubsysRadioIndication[1]: radioLinkLatencyInfoInd
04-11 12:39:01.072 14034 14747 D SubsysRadioIndication[1]: notify enter
04-11 12:39:01.072 14034 14034 D NetworkService[1]: handleMessage what:1008
04-11 12:39:01.072 14034 14034 D NetworkService[1]: EVENT_REG_LINK_LATENCY_INFO_CHANGE ulLatency:7187
04-11 12:39:01.096   579   827 I ChainTrace: stream type=syncEvent gapMs=1062 refreshMarket=true
04-11 12:39:01.152  3438  3988 D QmiClient: qmiServiceEventCallback recv msg id 1099
04-11 12:39:01.152  3438  3988 D QmiClient: enter -mServiceType 4 onQmiServiceEventCallback msgId 1099
04-11 12:39:01.152  3438  3988 D QmiClient: onQmiServiceEventCallback - enter. msgId=1099
04-11 12:39:01.152  3438  3988 D QmiVsClientEvent: QosPeriodReportInd MSG IND data_len 2052
04-11 12:39:01.152  3438  3988 D QmiVsClientEvent: qmiVsClientNotifyQosPeriodReportIndEvent - RADIO_EVENT_QOS_PERIOD_REPORT_NOTIFY_IND
04-11 12:39:01.152  2727  3986 D QmiClient: qmiServiceEventCallback recv msg id 1099
04-11 12:39:01.152  2727  3986 D QmiClient: enter -mServiceType 4 onQmiServiceEventCallback msgId 1099
04-11 12:39:01.152  2727  3986 D QmiClient: onQmiServiceEventCallback - enter. msgId=1099
04-11 12:39:01.152  2727  3986 D QmiVsClientEvent: QosPeriodReportInd MSG IND data_len 2052
04-11 12:39:01.152  2727  3986 D QmiVsClientEvent: qmiVsClientNotifyQosPeriodReportIndEvent - RADIO_EVENT_QOS_PERIOD_REPORT_NOTIFY_IND
04-11 12:39:01.153  3438  3485 D VsProxy : handleMessage msg is 2420
04-11 12:39:01.153  3438  3485 D VsProxy : handleQosPeriodReportInd for instance 1 data_len 179
04-11 12:39:01.153  2727  2826 D VsProxy : handleMessage msg is 2420
04-11 12:39:01.153  2727  2826 D VsProxy : handleQosPeriodReportInd for instance 0 data_len 145
04-11 12:39:01.154 14034   947 D SubsysRadioIndication[0]: radioQosPeriodReportInd result [8, -43, -112, -9, -50, 14, 34, 12, 8, -84, -69, -57, -50, 14, 16, 4, 24, 1, 32, 3, 58, 61, 8, -53, -122, -9, -50, 14, 16, 5, 24, -64, -92, 38, 32, -22, 6, 40, -96, -1, -1, -1, -1, -1, -1, -1, -1, 1, 48, -12, -1, -1, -1, -1, -1, -1, -1, -1, 1, 56, 2, 64, -100, -1, -1, -1, -1, -1, -1, -1, -1, 1, 72, -96, -1, -1, -1, -1, -1, -1, -1, -1, 1, 66, 29, 8, -57, -20, -92, -50, 14, 16, 5, 34, 19, 8, -64, -92, 38, 16, -22, 6, 24, 78, 32, 13, 40, -117, -32, -94, -93, 2, 48, 2, 90, 0, 98, 10, 8, -41, -26, -92, -50, 14, 16, 3, 24, 5, 122, 15, 8, -8, -24, -92, -50, 14, 16, -52, 2, 24, -21, 1, 32, -90, 9]
04-11 12:39:01.154 14034 14747 D SubsysRadioIndication[1]: radioQosPeriodReportInd result [8, -43, -112, -9, -50, 14, 18, 14, 8, -61, -112, -9, -50, 14, 16, 2, 32, 106, 40, 2, 72, 1, 26, 14, 8, -73, -112, -9, -50, 14, 16, 1, 40, 1, 56, 52, 72, 1, 34, 12, 8, -84, -69, -57, -50, 14, 16, 4, 24, 1, 32, 3, 58, 61, 8, -124, -112, -9, -50, 14, 16, 5, 24, -98, -23, 30, 32, -54, 1, 40, -89, -1, -1, -1, -1, -1, -1, -1, -1, 1, 48, -11, -1, -1, -1, -1, -1, -1, -1, -1, 1, 56, 5, 64, -92, -1, -1, -1, -1, -1, -1, -1, -1, 1, 72, -89, -1, -1, -1, -1, -1, -1, -1, -1, 1, 66, 31, 8, -120, -25, -29, -50, 14, 16, 5, 24, 2, 34, 19, 8, -98, -23, 30, 16, -54, 1, 24, 41, 32, 13, 40, -126, -128, -52, -67, 21, 48, 2, 90, 0, 98, 10, 8, -85, -54, -73, -50, 14, 16, 3, 24, 5, 122, 15, 8, -5, -114, -9, -50, 14, 16, -41, 1, 24, -11, 1, 32, -42, 8]
04-11 12:39:01.154 14034 14034 D NetworkService[0]: handleMessage what:1005
04-11 12:39:01.154 14034 14034 D RadioAtomTracker: parseQosPeriodData ModemQos:CellularQosInfo2{5G, 627264/874, EndcState=0, Band=78, DLBW=13, Rsrp=-96, Rsrq=-12, Snr=2, SvcStatus=3, ULPDCPNumDataPdu=-1, ULPDCPNumDropPdu=-1, ULPDCPTput=-1, ULRLCNumDataPdu=-1, ULRLCNumRetxPdu=-1, ULGrant=-1, ULBSR=-1, ULBler=-1, DLPDCPNumDataPdu=-1, DLPDCPTput=-1, DLRLCNumDataPdu=-1, DLRLCNumRetxPdu=-1, DLRLCNumDropPdu=-1, DLMACPaddingBytes=-1, DLPdcpNumMissToUppPdu=-1, DLBler=-1, RlfCount=0, CellChangeCount=0, IsRedirectionOccur=0, IsDualSimConflict=0, Latency=0, Sub1RrcState=1, Sub2RrcState=3, RachCount=0, CalcPower=332, Mtpl=235, PathLoss=1190, CellLoad=0}
04-11 12:39:01.155 14034 14034 D NetworkService[0]: EVENT_REG_QOS_PERIOD_REPORT_IND_CHANGED ENTER
04-11 12:39:01.155 14034 14034 D NetworkService[1]: handleMessage what:1005
04-11 12:39:01.155 14034 14034 D RadioAtomTracker: parseQosPeriodData ModemQos:CellularQosInfo1{5G, 504990/202, EndcState=2, Band=41, DLBW=13, Rsrp=-89, Rsrq=-11, Snr=5, SvcStatus=3, ULPDCPNumDataPdu=2, ULPDCPNumDropPdu=0, ULPDCPTput=106, ULRLCNumDataPdu=2, ULRLCNumRetxPdu=0, ULGrant=0, ULBSR=0, ULBler=1, DLPDCPNumDataPdu=1, DLPDCPTput=52, DLRLCNumDataPdu=1, DLRLCNumRetxPdu=0, DLRLCNumDropPdu=0, DLMACPaddingBytes=0, DLPdcpNumMissToUppPdu=0, DLBler=1, RlfCount=0, CellChangeCount=0, IsRedirectionOccur=0, IsDualSimConflict=0, Latency=7, Sub1RrcState=1, Sub2RrcState=3, RachCount=0, CalcPower=215, Mtpl=245, PathLoss=1110, CellLoad=0}
04-11 12:39:01.155 14034 14034 D NetworkService[1]: EVENT_REG_QOS_PERIOD_REPORT_IND_CHANGED ENTER
04-11 12:39:01.155 14034 14034 D AtomModemKpiInfo: handleMessage what:1001
04-11 12:39:01.155 14034 14034 D AtomModemKpiInfo: analyseQosInfo success
04-11 12:39:01.194  2280  2331 D BatteryChargeControl: bcc get no support from charging protocol
04-11 12:39:01.219   579   579 I ChainTrace: floating_update symbol=BTCUSDT closeTime=1775882339999 repoToFloatingUpdateMs=18165
04-11 12:39:01.222   579   579 I ChainTrace: floating_render symbol=BTCUSDT closeTime=1775882339999 updateToRenderMs=3 repoToFloatingRenderMs=18168 triggerToFloatingRenderMs=-1
04-11 12:39:01.224   579   579 I SurfaceControl:  setExtendedRangeBrightness sc=Surface(name=)/@0xb5ec0c6,currentBufferRatio=1.0,desiredRatio=1.0
04-11 12:39:01.224  3590  8793 V WindowManager: Relayout Window{7b513bd u0 com.binance.monitor}: viewVisibility=0, oldvis=0, req=315x429 , apr = 0, vsysui=, x=42, y=420
04-11 12:39:01.225  3590  8793 D InsetsSourceProvider: updateSourceFrameForServerVisibility mandatorySystemGestures EMPTY_RECT
04-11 12:39:01.225  3590  8793 D InsetsSourceProvider: updateSourceFrameForServerVisibility mandatorySystemGestures EMPTY_RECT
04-11 12:39:01.226  3590  7335 D ActivityManager: freezing 472 com.android.permissioncontroller
04-11 12:39:01.227  2181  2506 I SDM     : DisplayBuiltIn::IdlePowerCollapse: IPC received, disabling partial update for one frame
04-11 12:39:01.228  3590  7335 D ActivityManager: Freeze process 472, not check file locks
04-11 12:39:01.228  3590  7335 D ActivityManager: reportOneUidFrozenStateChanged uid 10284 frozen = true
04-11 12:39:01.229  3590  7902 D InetDiagMessage: Destroyed 0 sockets, proto=IPPROTO_TCP, family=AF_INET, states=14
04-11 12:39:01.230  3590  7902 D InetDiagMessage: Destroyed 0 sockets, proto=IPPROTO_TCP, family=AF_INET6, states=14
04-11 12:39:01.230  3590  7902 D InetDiagMessage: Destroyed live tcp sockets for uids={10284} in 2ms
04-11 12:39:01.235  2258  2258 D SensorFeature: name=ssc_screenshot_info ,index = 22
04-11 12:39:01.235  2258  2258 D SensorFeature: write 39 bytes:929555691285299,929556649265924,31151,0
04-11 12:39:01.241  3590  8793 D NotificationService--OplusNotificationFixHelper: fixAppIcon: pkg=com.v2ray.ang
04-11 12:39:01.241  3590  8793 D NotificationService--OplusNotificationFixHelper: fixAppIcon: appIcon = null, pkg = com.v2ray.ang
04-11 12:39:01.242  3590  8793 D NotificationService--NotificationRecord: isSupportRearLight , isRearLight = false mLedRM = false isMultilLed = false
04-11 12:39:01.242  3590  8793 I OplusStatusBarManagerServiceEnhance:  getTopIsFullscreen mTopIsFullscreen: false
04-11 12:39:01.242  3590  8793 W ActivityManager: Permission Denial: getTopApplicationInfo from pid=18198, uid=10397 requires oplus.permission.OPLUS_COMPONENT_SAFE
04-11 12:39:01.242  3590  8793 E OplusNotificationCenter: getForegroundApplication exception
04-11 12:39:01.242  3590  3590 D NotificationService--OplusNotificationManagerServiceExtImpl: isForwardToAssistants: true, case : Is local notification
04-11 12:39:01.242  3590  3590 D NotificationService: This application enqueue notifications is need postDelayed mcsAssistantDelayTime: 50
04-11 12:39:01.258  2113 20704 I sensors-hal: handle_oplus_wise_rgb_event:189, high_pwm_light:lux 397.2,cct 7375.3,brl/algo/ir 1419.0/2.0/39.9,pwm/dc 0.0/0.0,rgbc 16831.798828/12163.875000/7957.889160/34223.441406,ts 929556631993331,cnt 43600,flag 96687
04-11 12:39:01.258  2113 17862 I sensors-hal: handle_oplus_wise_rgb_event:161, wise_rgb: (43596)(cct, lux, ir)[7375.35, 397.17, 39.868587] (r, g, b, c)[16824.32, 12201.27, 7955.68, 34202.46]                 (pwm, hbm, brl, algo)[0.0 0.0 1419.0 2.0], flag 31151
04-11 12:39:01.299  8338  8338 I SystemUi--Notification: OplusLiveAlertNotificationsRepository-->onRankingApplied
04-11 12:39:01.310  8338  8338 I PluginSeedling--Track: RequestHandler-->notificationUpdated 0|com.v2ray.ang|1|null|10397 postTime: 1775882341241
04-11 12:39:01.311  8338  8338 E LockScreenNotificationDispatcherImp: updateNotificationListOnKg size:0
04-11 12:39:01.314  8338  8338 W SystemUi--Notification: OplusNotificationGroupExtImpl-->setChildrenExpanded: groupHeader is null
04-11 12:39:01.315  8338  8338 I SystemUi--Notification: LockScreenNotificationDispatcherImp-->updateNotificationListOnKg resultCode: 0
04-11 12:39:01.320  2181  2506 I SDM     : DisplayBuiltIn::IdlePowerCollapse: IPC received, disabling partial update for one frame
04-11 12:39:01.337 22644 22644 D WM-DelayedWorkTracker: Scheduling work 6c223e48-82ae-4cb2-ab01-27de261c3753
04-11 12:39:01.337 22644 22644 D WM-GreedyScheduler: Starting tracking for 6c223e48-82ae-4cb2-ab01-27de261c3753
04-11 12:39:01.338 22644 22783 D WM-ConstraintTracker: c: initial state = true
04-11 12:39:01.338 22644 22783 D WM-BrdcstRcvrCnstrntTrc: c: registering receiver
04-11 12:39:01.339 22644 22783 D WM-GreedyScheduler: Constraints met: Scheduling work ID WorkGenerationalId(workSpecId=6c223e48-82ae-4cb2-ab01-27de261c3753, generation=0)
04-11 12:39:01.340 22644 22783 D WM-Processor: s: processing WorkGenerationalId(workSpecId=6c223e48-82ae-4cb2-ab01-27de261c3753, generation=0)
04-11 12:39:01.340  8338  8706 D LocalImageResolver: Couldn't use ImageDecoder for drawable, falling back to non-resized load.
04-11 12:39:01.342  8338  8338 D OplusNotificationDateTimeView: setTime mSettingTimeMillis 1775882341240, mSettingLocalDateTime 2026-04-11T12:39:00.240
04-11 12:39:01.345 22644 22644 D WM-WorkerWrapper: Starting work for com.oplus.oss.bussiness.localapp.work.LocalAppOneTimeWorker
04-11 12:39:01.345 22644  1075 I DMP-AppInitializer: isAppAvailable for work, caller: null
04-11 12:39:01.345 22644  1075 I DMP-OFreezeProtectWorker: takeProtectionFromFrozen, no need to protect
04-11 12:39:01.345 22644  1075 I DMP-AbstractWorker: parseData, resource: localApp, method1:onReceive, work: completeKeywordIndexWork, extras: Bundle[{action=android.intent.action.PACKAGE_REPLACED, package=com.binance.monitor}], initIndexCount:5000
04-11 12:39:01.346 22644  1075 I DMP-AbstractWorker: doWork started, resource: localApp, method3:onReceive, work:Work{mWorkName=completeKeywordIndexWork, mWorkTerm=long, mReportId=false, mCreate=Create{mIndexStatus=null, mQueryTime=0, mInterval=0, mDeletedDocs=null, mNeedRebuildFlag=0, mIndexCheckFlag=false, mDrop=Drop{mCount=4, mInterval=10000, mDelay=60000}, mHighTemperature=38, mMinPower=null, mScreen=null, mDeletedConditions=null}, mEntry=null, mMoreBatch=MoreBatch{mPowerConsumed=2, mHighTemperatureValue=0, mLowTemperatureValue=0, mPower=[full|charging], mScreen=null, mTemperatureConsumed=0}, mChained=true, mInitialDelay=10, mWorkOneTimeLimit=0}
04-11 12:39:01.347 22644  1075 I DMP-PowerUtils: getHoraeTemperature:30
04-11 12:39:01.347 22644  1075 I DMP-AbstractWorker: dispatchWork: completeKeywordIndexWork for [localApp]
04-11 12:39:01.347 22644  1075 I DMP-SAUWorkConfigManager: sau work config not found
04-11 12:39:01.347 22644  1075 I DMP-PowerUtils: getHoraeTemperature:30
04-11 12:39:01.347 22644  1075 I DMP-AbstractWorker: doCompleteKeywordIndex work for [localApp]
04-11 12:39:01.347 22644  1075 I DMP-AbstractWorker: No data need do complete keyword index for [localApp]
04-11 12:39:01.348 22644  1075 I DMP-AbstractWorker: setIndexFailCount method:onReceive, count:0, all:onReceive=0,dailyTask=0,rearrange=0
04-11 12:39:01.348 22644  1075 I DMP-AbstractWorker: doWork finished, resource: localApp, method5:onReceive, work:Work{mWorkName=completeKeywordIndexWork, mWorkTerm=long, mReportId=false, mCreate=Create{mIndexStatus=null, mQueryTime=0, mInterval=0, mDeletedDocs=null, mNeedRebuildFlag=0, mIndexCheckFlag=false, mDrop=Drop{mCount=4, mInterval=10000, mDelay=60000}, mHighTemperature=38, mMinPower=null, mScreen=null, mDeletedConditions=null}, mEntry=null, mMoreBatch=MoreBatch{mPowerConsumed=2, mHighTemperatureValue=0, mLowTemperatureValue=0, mPower=[full|charging], mScreen=null, mTemperatureConsumed=0}, mChained=true, mInitialDelay=10, mWorkOneTimeLimit=0}
04-11 12:39:01.348 22644  1075 I DMP-IndexEventManager: addEvent:InternalIndexEvent{mEvent=null, mEventTime=null, mEventData=null, mEventDropReason=null, mResource=null, mWork=null, mWorkId=6c223e48-82ae-4cb2-ab01-27de261c3753, mWorkTime=1775882341, mCursorSize=null, mResult=0}
04-11 12:39:01.348 22644  1075 I DMP-IndexEventManager: addInternalEvent:result=0 workId=6c223e48-82ae-4cb2-ab01-27de261c3753 workTime=1775882341
04-11 12:39:01.349  8338  8706 D LocalImageResolver: Couldn't use ImageDecoder for drawable, falling back to non-resized load.
04-11 12:39:01.349 22644  1075 I DMP-IndexEventManager: addInternalEvent update:0
04-11 12:39:01.349 22644  1075 I DMP-IndexEventManager: addInternalEvent insert:48281
04-11 12:39:01.349 22644  1075 I DMP-FrozenHelper: deleteKeepRequest, no more quest
04-11 12:39:01.350 22644 22781 I WM-WorkerWrapper: Worker result SUCCESS for Work [ id=6c223e48-82ae-4cb2-ab01-27de261c3753, tags={ com.oplus.oss.bussiness.localapp.work.LocalAppOneTimeWorker,localApp_onReceive__OneTimeWork,completeKeywordIndexWork } ]
04-11 12:39:01.350  8338  8338 D OplusNotificationDateTimeView: setTime mSettingTimeMillis 1775882341240, mSettingLocalDateTime 2026-04-11T12:39:00.240
04-11 12:39:01.351 22644 22644 D WM-Processor: s 6c223e48-82ae-4cb2-ab01-27de261c3753 executed; reschedule = false
04-11 12:39:01.351 22644 22644 D WM-GreedyScheduler: Stopping tracking for WorkGenerationalId(workSpecId=6c223e48-82ae-4cb2-ab01-27de261c3753, generation=0)
04-11 12:39:01.353 22644 22781 D WM-GreedyScheduler: Cancelling work ID 6c223e48-82ae-4cb2-ab01-27de261c3753
04-11 12:39:01.354 22644 22781 D WM-BrdcstRcvrCnstrntTrc: c: unregistering receiver
04-11 12:39:01.355  8338  8706 D LocalImageResolver: Couldn't use ImageDecoder for drawable, falling back to non-resized load.
04-11 12:39:01.356  8338  8338 D OplusNotificationDateTimeView: setTime mSettingTimeMillis 1775882341240, mSettingLocalDateTime 2026-04-11T12:39:00.240
04-11 12:39:01.356  3590  8173 W PackageManager: package com.oplus.dmp uid 10137 pid 22644 call SetEnabledSetting(com.oplus.dmp component = androidx.work.impl.background.systemalarm.RescheduleReceiver, 2, 0)
04-11 12:39:01.357 22644 22781 D WM-PackageManagerHelper: androidx.work.impl.background.systemalarm.RescheduleReceiver disabled
04-11 12:39:01.359 17276 17276 I Finsky  : [2] acgh.onStartJob(128): SCH: job service start with id 9645.
04-11 12:39:01.362 17276   530 I Finsky  : [803] kzh.a(256): SCH: Satisfied jobs for 9645 are: 12-1
04-11 12:39:01.362  8338  8338 I SystemUi--Notification: OplusNotificationTempla-->resolveContentMargin: marginTop=112 isChildInGroup=false hasSubtitle=true params.topMargin=112
04-11 12:39:01.363 17276  1220 I Finsky  : [813] zmh.accept(450): SCH: Job 12-1 starting
04-11 12:39:01.363 17276 17276 I Finsky  : [2] ContentSyncJob.h(14): [ContentSync] job started
04-11 12:39:01.364  8338  8338 W SystemUi--Notification: OplusNotificationGroupExtImpl-->setChildrenExpanded: groupHeader is null
04-11 12:39:01.365  8338  8338 E LockScreenNotificationDispatcherImp: updateNotificationListOnKg size:0
04-11 12:39:01.369  8338  8338 W SystemUi--Notification: OplusNotificationGroupExtImpl-->setChildrenExpanded: groupHeader is null
04-11 12:39:01.369  8338  8338 I SystemUi--Notification: LockScreenNotificationDispatcherImp-->updateNotificationListOnKg resultCode: 0
04-11 12:39:01.416  3590  8280 I Osense-BaseDecisionMaker: notifySceneToAthenaPolicy: SCENE_IDLE_RECOVER, bundle: Bundle[{scene=SCENE_IDLE_RECOVER}]
04-11 12:39:01.417  3590  8280 I Osense-BaseDecisionMaker: scene: SCENE_IDLE_RECOVER, excutingPolicy: respreload
04-11 12:39:01.417  3590  8280 D Osense-BaseDecisionMaker: invoke process preload policy
04-11 12:39:01.417  3590  8280 I Osense-BaseDecisionMaker: scene: SCENE_IDLE_RECOVER, excutingPolicy: clear
04-11 12:39:01.417  3590  8280 D Osense-BaseDecisionMaker: invoke clear policy,type: unforbid
04-11 12:39:01.417  3590  8280 I OsenseKillAction: KillAction: skip reason: non-low-mem-req, req_id=57607, enable=true, scene=SCENE_IDLE_RECOVER, type=unforbid, cchOnly=false, appcare=0, bloM=false, bloP=false
04-11 12:39:01.427 17276  1221 W Finsky  : [814] acek.k(33): SLM: no metadata property com.android.vending.derived.apk.id found for shared library com.google.android.trichromelibrary_720417933:
04-11 12:39:01.427 17276  1221 W Finsky  : [814] acek.k(33): SLM: no metadata property com.android.vending.sdk.version.patch found for shared library com.google.android.trichromelibrary_720417933:
04-11 12:39:01.454 14034 15313 D CommonApp-264-10512: transport layer data is invalid
04-11 12:39:01.454 14034 15313 D CommonApp-255-10512: commonScoreStrategy scenarios low package
04-11 12:39:01.454 14034 15313 D ScorePolicy: handleScoreChanged: []
04-11 12:39:01.454 14034 15313 D ScorePolicy: handleScoreChanged: []
04-11 12:39:01.454 14034 15313 D ScorePolicy: handleScoreChanged: []
04-11 12:39:01.563  2181  2506 I SDM     : DisplayBuiltIn::IdlePowerCollapse: IPC received, disabling partial update for one frame
04-11 12:39:01.570  2181  2532 E CwbService: Panel not support apl read or getDisplayPanelAplValue timeout 10ms.
04-11 12:39:01.570  2258  2258 D SensorFeature: name=ssc_screenshot_info ,index = 22
04-11 12:39:01.570  2258  2258 D SensorFeature: write 39 bytes:929556923774049,929556974458632,31152,0
04-11 12:39:01.572  2113 17862 I sensors-hal: handle_oplus_wise_rgb_event:161, wise_rgb: (43601)(cct, lux, ir)[7320.04, 395.69, 41.412231] (r, g, b, c)[16834.29, 12174.87, 7966.72, 34256.08]                 (pwm, hbm, brl, algo)[0.0 0.0 1419.0 2.0], flag 131072
04-11 12:39:01.660 13843  6300 D gaia-GaiaConnectChecker: start connect check++
04-11 12:39:01.669 13839 14712 I SmartDataSwitchStateManager: handle message:7
04-11 12:39:01.670 13839 14712 I SmartDataSwitchSM: [DisableState]Handle msg: 2
04-11 12:39:01.670 13839 14712 I SmartDataSwitchSM: [DisableState]handle state change, reason:DataScoreLow
04-11 12:39:01.720 17276 17350 I Finsky  : [725] lgm.f(41): Completed 0 account content syncs with 0 successful.
04-11 12:39:01.720 17276 17276 I Finsky  : [2] ContentSyncJob.a(14): [ContentSync] Installation state replication succeeded.
04-11 12:39:01.720 17276 17276 I Finsky  : [2] acem.r(83): SCH: jobFinished: 12-1. TimeElapsed: 357ms.
04-11 12:39:01.722 17276 17359 I Finsky  : [731] pis.accept(67): SCH: Scheduling phonesky job Id: 1-1337, CT: 1775840548968, Constraints: [{ L: 43155435, D: 86355435, C: 1, I: 1, N: 1 }]
04-11 12:39:01.722 17276 17359 I Finsky  : [731] pis.accept(67): SCH: Scheduling phonesky job Id: 34-17, CT: 1775807149623, Constraints: [{ L: 79199893, D: 1375199893, C: 1, I: 1, N: 1 }]
04-11 12:39:01.722 17276 17359 I Finsky  : [731] pis.accept(67): SCH: Scheduling phonesky job Id: 34-19, CT: 1775807150729, Constraints: [{ L: 604800000, D: 2591998905, C: 1, I: 1, N: 1 }]
04-11 12:39:01.723 17276 17371 I Finsky  : [742] jyn.apply(28): SCH: Scheduling 1 system job(s)
04-11 12:39:01.723 17276 17371 I Finsky  : [742] aceh.d(88): SCH: Scheduling system job Id: 9680, L: 1362680, D: 44562680, C: false, I: false, N: 1
04-11 12:39:01.724 17276  1220 I Finsky  : [813] acgh.a(26): SCH: job service finished with id 9645.
04-11 12:39:01.726 17276 17276 I Finsky  : [2] voq.onTrimMemory(13): Memory trim requested to level 40
04-11 12:39:01.726 17276 17276 I Finsky  : [2] vop.accept(93): Flushing in-memory image cache
04-11 12:39:01.726 17409 17409 I Finsky:background: [2] voq.onTrimMemory(13): Memory trim requested to level 40
04-11 12:39:01.732  4482  4659 W ServiceManagerCppClient: Waited one second for SystemClearService (is service started? Number of threads started in the threadpool: 16. Are binder threads started and available?)
04-11 12:39:01.732  4482  4680 W ServiceManagerCppClient: Waited one second for SystemClearService (is service started? Number of threads started in the threadpool: 16. Are binder threads started and available?)
04-11 12:39:01.733  1254  1228 W libc    : Unable to set property "ctl.interface_start" to "aidl/SystemClearService": PROP_ERROR_HANDLE_CONTROL_MESSAGE (0x20)
04-11 12:39:01.733  1254  1229 W libc    : Unable to set property "ctl.interface_start" to "aidl/SystemClearService": PROP_ERROR_HANDLE_CONTROL_MESSAGE (0x20)
04-11 12:39:01.792  3590  7333 D FusionLightNextGen: process end reported = 1, mode: 0, cnt: 399475, lux 331.4, cct 7685.1, r/g/b/c: 16821.8/12188.1/7960.1/34260.7, R/G/B: 156.0/151.0/139.0, bri 1419.0, match 1.00, ir 0.043289, conf 5.0, ts 929556987954946
04-11 12:39:01.793  2113 17862 I sensors-hal: handle_oplus_wise_rgb_event:161, wise_rgb: (43606)(cct, lux, ir)[7393.30, 396.28, 40.391678] (r, g, b, c)[16826.82, 12185.87, 7949.06, 34253.75]                 (pwm, hbm, brl, algo)[0.0 0.0 1419.0 2.0], flag 96688
04-11 12:39:01.798  3590  7344 V AlarmManager: sending alarm Alarm{c2cf3ae type 1 origWhen 1775882341798 whenElapsed 929557212 android} uid 1000 whenElapsed 929557212 windowLength 0 maxWhenElapsed 929557212 repeatInterval 0 action null component null tag StorgaeBandInfoAlarmTag flags 0x9 procName system_server
04-11 12:39:01.799  3590 10338 E OplusStorageUFSBandwidth: storage_io_metrics_path is /proc/oplus_storage/io_metrics/forever/
04-11 12:39:01.800  3590 10338 E OplusStorageUFSBandwidth: Bandwidth - Read: 0.50 MB/s, Write: 1.00 MB/s
04-11 12:39:01.800  3590 10338 E OplusStorageUFSBandwidth: Task time: 1ms
04-11 12:39:01.802  3590 10338 E OplusStorageUFSBandwidth: Alarm set to trigger in 10 seconds
04-11 12:39:01.874  2258  2258 D SensorFeature: name=ssc_screenshot_info ,index = 22
04-11 12:39:01.874  2258  2258 D SensorFeature: write 39 bytes:929556923774049,929557285844413,31153,0
04-11 12:39:01.918  1345   960 I keystore2: system/security/keystore2/watchdog/src/lib.rs:377 - Watchdog thread idle -> terminating. Have a great day.
