04-11 12:38:54.717  4482  4680 W ServiceManagerCppClient: Waited one second for SystemClearService (is service started? Number of threads started in the threadpool: 16. Are binder threads started and available?)
04-11 12:38:54.720  1254  1121 W libc    : Unable to set property "ctl.interface_start" to "aidl/SystemClearService": PROP_ERROR_HANDLE_CONTROL_MESSAGE (0x20)
04-11 12:38:54.720  1254  1122 W libc    : Unable to set property "ctl.interface_start" to "aidl/SystemClearService": PROP_ERROR_HANDLE_CONTROL_MESSAGE (0x20)
04-11 12:38:54.820  2280  2323 D vendor.oplus.hardware.charger-V10-service: ret_value:122, read content:,293,293,4381,4378,-177,93,95,1,1,0,497,5042,95,1,4480,600,500,0,0,9500,0,0,1,0,2,0,0,0,1,5868,96,0,4686,5046,0,0,0,0,0,0
04-11 12:38:54.820  2280  2323 D vendor.oplus.hardware.charger-V10-service: gmtime: 2026-04-11-12-38-54
04-11 12:38:54.820  2280  2323 D vendor.oplus.hardware.charger-V10-service: usb_online:1, ac_online:-2147483648, wireless_online:-2147483648
04-11 12:38:54.861  2113 17862 I sensors-hal: handle_oplus_wise_rgb_event:161, wise_rgb: (43486)(cct, lux, ir)[7319.74, 389.67, 41.163548] (r, g, b, c)[16669.84, 12027.50, 7891.67, 33815.49]                 (pwm, hbm, brl, algo)[0.0 0.0 1419.0 2.0], flag 31130
04-11 12:38:54.915  2258  2258 D SensorFeature: name=ssc_screenshot_info ,index = 22
04-11 12:38:54.915  2258  2258 D SensorFeature: write 39 bytes:929549960831031,929550328006656,31131,0
04-11 12:38:54.957  3590  7335 D ActivityManager: freezing 27799 com.coloros.alarmclock
04-11 12:38:54.960  3590  7335 D ActivityManager: freezing 12677 com.google.android.webview:webview_service
04-11 12:38:54.963  3590  7335 D ActivityManager: Freeze process 12677, not check file locks
04-11 12:38:54.963  3590  7335 D ActivityManager: freezing 14376 com.android.rkpdapp
04-11 12:38:54.963  3590  7335 D ActivityManager: Freeze process 14376, not check file locks
04-11 12:38:54.963  3590  7335 D ActivityManager: freezing 17796 com.coloros.ocs.opencapabilityservice:ocs
04-11 12:38:54.964 11891 24699 I OplusLog_main_host: [IPhoneConnectionProvider] call: method = get_bound_iphone, callingUid = 10098, callingPid = 11972, callingPackage = com.heytap.accessory
04-11 12:38:54.964  3590  7335 D ActivityManager: Freeze process 17796, not check file locks
04-11 12:38:54.964  3590  7335 D ActivityManager: freezing 15448 com.coloros.alarmclock:clockWidget
04-11 12:38:54.964 11891 11961 D OplusLog_DeviceKit_com.oplus.linker: [SynergyDeviceManager-244736775] queryOriginalDeviceList from: com.oplus.linker, [11, 12, 6, 10, 8, 16], com.oplus.linker.datalayer.local.LocalDbRepositoryDelegate$getAllSynergyDeviceInfoWithProperty$2$1@ce3acb5
04-11 12:38:54.966  3590  7335 D ActivityManager: Freeze process 15448, not check file locks
04-11 12:38:54.966  3590  7335 D ActivityManager: freezing 21483 com.android.cellbroadcastreceiver.module
04-11 12:38:54.967  3590  7335 D ActivityManager: Freeze process 21483, not check file locks
04-11 12:38:54.967  3590  7335 D ActivityManager: freezing 22292 com.google.android.projection.gearhead:shared
04-11 12:38:54.968 11891 11966 D OplusLog_DeviceKit_com.oplus.linker: [OpDeviceServiceClient-244736775] queryOriginalDeviceList onResult: []
04-11 12:38:54.968  3590  7335 D ActivityManager: Freeze process 22292, not check file locks
04-11 12:38:54.968  3590  7335 D ActivityManager: freezing 27126 com.android.providers.calendar
04-11 12:38:54.969  3590  7335 D ActivityManager: Freeze process 27126, not check file locks
04-11 12:38:54.969  3590  7335 D ActivityManager: freezing 27201 com.heytap.htms:kit_hlog
04-11 12:38:54.970  3590  7335 D ActivityManager: freezing 10944 com.heytap.htms
04-11 12:38:54.973  3590  7335 D ActivityManager: freezing 27289 com.heytap.htms:sysintegrity
04-11 12:38:54.974  3590  7335 D ActivityManager: Freeze process 27289, not check file locks
04-11 12:38:54.974  3590  7335 D ActivityManager: reportOneUidFrozenStateChanged uid 10265 frozen = true
04-11 12:38:54.974  3590  7335 D ActivityManager: reportOneUidFrozenStateChanged uid 10290 frozen = true
04-11 12:38:54.974  3590  7335 D ActivityManager: reportOneUidFrozenStateChanged uid 10177 frozen = true
04-11 12:38:54.974  3590  7335 D ActivityManager: reportOneUidFrozenStateChanged uid 10294 frozen = true
04-11 12:38:54.974  3590  7335 D ActivityManager: reportOneUidFrozenStateChanged uid 10276 frozen = true
04-11 12:38:54.974  3590  7335 D ActivityManager: reportOneUidFrozenStateChanged uid 10264 frozen = true
04-11 12:38:54.974  3590  7335 D ActivityManager: reportOneUidFrozenStateChanged uid 10202 frozen = true
04-11 12:38:54.974  3590  7335 D ActivityManager: reportOneUidFrozenStateChanged uid 10176 frozen = true
04-11 12:38:54.977  3590  7902 D InetDiagMessage: Destroyed 0 sockets, proto=IPPROTO_TCP, family=AF_INET, states=14
04-11 12:38:54.980  3590  7902 D InetDiagMessage: Destroyed 0 sockets, proto=IPPROTO_TCP, family=AF_INET6, states=14
04-11 12:38:54.980  3590  7902 D InetDiagMessage: Destroyed live tcp sockets for uids={10265} in 6ms
04-11 12:38:54.982  3590  7902 D InetDiagMessage: Destroyed 0 sockets, proto=IPPROTO_TCP, family=AF_INET, states=14
04-11 12:38:54.984  3590  7902 D InetDiagMessage: Destroyed 0 sockets, proto=IPPROTO_TCP, family=AF_INET6, states=14
04-11 12:38:54.984  3590  7902 D InetDiagMessage: Destroyed live tcp sockets for uids={10290} in 4ms
04-11 12:38:54.986  3590  7902 D InetDiagMessage: Destroyed 0 sockets, proto=IPPROTO_TCP, family=AF_INET, states=14
04-11 12:38:54.987  3590  7902 D InetDiagMessage: Destroyed 0 sockets, proto=IPPROTO_TCP, family=AF_INET6, states=14
04-11 12:38:54.987  3590  7902 D InetDiagMessage: Destroyed live tcp sockets for uids={10177} in 3ms
04-11 12:38:54.988  3590  7902 D InetDiagMessage: Destroyed 0 sockets, proto=IPPROTO_TCP, family=AF_INET, states=14
04-11 12:38:54.990  3590  7902 D InetDiagMessage: Destroyed 0 sockets, proto=IPPROTO_TCP, family=AF_INET6, states=14
04-11 12:38:54.990  3590  7902 D InetDiagMessage: Destroyed live tcp sockets for uids={10294} in 3ms
04-11 12:38:54.991  3590  7902 D InetDiagMessage: Destroyed 0 sockets, proto=IPPROTO_TCP, family=AF_INET, states=14
04-11 12:38:54.993  3590  7902 D InetDiagMessage: Destroyed 0 sockets, proto=IPPROTO_TCP, family=AF_INET6, states=14
04-11 12:38:54.993  3590  7902 D InetDiagMessage: Destroyed live tcp sockets for uids={10276} in 3ms
04-11 12:38:54.994  3590  7902 D InetDiagMessage: Destroyed 0 sockets, proto=IPPROTO_TCP, family=AF_INET, states=14
04-11 12:38:54.995  3590  7902 D InetDiagMessage: Destroyed 0 sockets, proto=IPPROTO_TCP, family=AF_INET6, states=14
04-11 12:38:54.995  3590  7902 D InetDiagMessage: Destroyed live tcp sockets for uids={10264} in 2ms
04-11 12:38:54.997  3590  7902 D InetDiagMessage: Destroyed 0 sockets, proto=IPPROTO_TCP, family=AF_INET, states=14
04-11 12:38:54.998  3590  7902 D InetDiagMessage: Destroyed 0 sockets, proto=IPPROTO_TCP, family=AF_INET6, states=14
04-11 12:38:54.998  3590  7902 D InetDiagMessage: Destroyed live tcp sockets for uids={10202} in 2ms
04-11 12:38:54.999  3590  7902 D InetDiagMessage: Destroyed 0 sockets, proto=IPPROTO_TCP, family=AF_INET, states=14
04-11 12:38:55.000  3590  7902 D InetDiagMessage: Destroyed 0 sockets, proto=IPPROTO_TCP, family=AF_INET6, states=14
04-11 12:38:55.000  3590  7902 D InetDiagMessage: Destroyed live tcp sockets for uids={10176} in 2ms
04-11 12:38:55.032  3438  4039 D QmiClient: qmiServiceEventCallback recv msg id 47
04-11 12:38:55.032  3438  4039 D QmiClient: enter -mServiceType 10 onQmiServiceEventCallback msgId 47
04-11 12:38:55.032  3438  4039 D QmiClient: onQmiServiceEventCallback - enter. msgId=47
04-11 12:38:55.032  3438  3488 D OttProxy: handleMessage msg is 3001
04-11 12:38:55.033 14034 14747 D SubsysRadioIndication[1]: radioLinkLatencyInfoInd
04-11 12:38:55.033 14034 14747 D SubsysRadioIndication[1]: notify enter
04-11 12:38:55.033 14034 14034 D NetworkService[1]: handleMessage what:1008
04-11 12:38:55.033 14034 14034 D NetworkService[1]: EVENT_REG_LINK_LATENCY_INFO_CHANGE ulLatency:6516
04-11 12:38:55.074  2181  2506 I SDM     : DisplayBuiltIn::IdlePowerCollapse: IPC received, disabling partial update for one frame
04-11 12:38:55.078   579   827 I ChainTrace: stream type=syncEvent gapMs=962 refreshMarket=true
04-11 12:38:55.114  2727  3986 D QmiClient: qmiServiceEventCallback recv msg id 1099
04-11 12:38:55.115  2727  3986 D QmiClient: enter -mServiceType 4 onQmiServiceEventCallback msgId 1099
04-11 12:38:55.115  2727  3986 D QmiClient: onQmiServiceEventCallback - enter. msgId=1099
04-11 12:38:55.115  2727  3986 D QmiVsClientEvent: QosPeriodReportInd MSG IND data_len 2052
04-11 12:38:55.115  2727  3986 D QmiVsClientEvent: qmiVsClientNotifyQosPeriodReportIndEvent - RADIO_EVENT_QOS_PERIOD_REPORT_NOTIFY_IND
04-11 12:38:55.115  3438  3988 D QmiClient: qmiServiceEventCallback recv msg id 1099
04-11 12:38:55.115  3438  3988 D QmiClient: enter -mServiceType 4 onQmiServiceEventCallback msgId 1099
04-11 12:38:55.115  3438  3988 D QmiClient: onQmiServiceEventCallback - enter. msgId=1099
04-11 12:38:55.115  3438  3988 D QmiVsClientEvent: QosPeriodReportInd MSG IND data_len 2052
04-11 12:38:55.115  3438  3988 D QmiVsClientEvent: qmiVsClientNotifyQosPeriodReportIndEvent - RADIO_EVENT_QOS_PERIOD_REPORT_NOTIFY_IND
04-11 12:38:55.115  2727  2826 D VsProxy : handleMessage msg is 2420
04-11 12:38:55.115  2727  2826 D VsProxy : handleQosPeriodReportInd for instance 0 data_len 145
04-11 12:38:55.115  3438  3485 D VsProxy : handleMessage msg is 2420
04-11 12:38:55.115  3438  3485 D VsProxy : handleQosPeriodReportInd for instance 1 data_len 207
04-11 12:38:55.116 14034 14747 D SubsysRadioIndication[0]: radioQosPeriodReportInd result [8, -67, -31, -10, -50, 14, 34, 12, 8, -84, -69, -57, -50, 14, 16, 4, 24, 1, 32, 3, 58, 61, 8, -59, -34, -10, -50, 14, 16, 5, 24, -64, -92, 38, 32, -22, 6, 40, -98, -1, -1, -1, -1, -1, -1, -1, -1, 1, 48, -11, -1, -1, -1, -1, -1, -1, -1, -1, 1, 56, 2, 64, -99, -1, -1, -1, -1, -1, -1, -1, -1, 1, 72, -100, -1, -1, -1, -1, -1, -1, -1, -1, 1, 66, 29, 8, -57, -20, -92, -50, 14, 16, 5, 34, 19, 8, -64, -92, 38, 16, -22, 6, 24, 78, 32, 13, 40, -117, -32, -94, -93, 2, 48, 2, 90, 0, 98, 10, 8, -41, -26, -92, -50, 14, 16, 3, 24, 5, 122, 15, 8, -8, -24, -92, -50, 14, 16, -52, 2, 24, -21, 1, 32, -90, 9]
04-11 12:38:55.116 14034   947 D SubsysRadioIndication[1]: radioQosPeriodReportInd result [8, -67, -31, -10, -50, 14, 18, 14, 8, -82, -31, -10, -50, 14, 16, 2, 32, 106, 40, 2, 72, 1, 26, 15, 8, -40, -34, -10, -50, 14, 16, 1, 40, 1, 56, -79, 1, 72, 1, 34, 12, 8, -84, -69, -57, -50, 14, 16, 4, 24, 1, 32, 3, 58, 83, 8, -8, -33, -10, -50, 14, 16, 5, 24, -98, -23, 30, 32, -54, 1, 40, -90, -1, -1, -1, -1, -1, -1, -1, -1, 1, 48, -11, -1, -1, -1, -1, -1, -1, -1, -1, 1, 56, 4, 64, -91, -1, -1, -1, -1, -1, -1, -1, -1, 1, 72, -90, -1, -1, -1, -1, -1, -1, -1, -1, 1, 80, -91, -1, -1, -1, -1, -1, -1, -1, -1, 1, 88, -95, -1, -1, -1, -1, -1, -1, -1, -1, 1, 66, 31, 8, -120, -25, -29, -50, 14, 16, 5, 24, 2, 34, 19, 8, -98, -23, 30, 16, -54, 1, 24, 41, 32, 13, 40, -126, -128, -52, -67, 21, 48, 2, 90, 0, 98, 10, 8, -85, -54, -73, -50, 14, 16, 3, 24, 5, 122, 20, 8, -90, -35, -10, -50, 14, 16, -1, -1, 1, 24, -1, -1, 1, 32, -1, -1, -1, -1, 15]
04-11 12:38:55.116 14034 14034 D NetworkService[0]: handleMessage what:1005
04-11 12:38:55.116 14034 14034 D RadioAtomTracker: parseQosPeriodData ModemQos:CellularQosInfo2{5G, 627264/874, EndcState=0, Band=78, DLBW=13, Rsrp=-98, Rsrq=-11, Snr=2, SvcStatus=3, ULPDCPNumDataPdu=-1, ULPDCPNumDropPdu=-1, ULPDCPTput=-1, ULRLCNumDataPdu=-1, ULRLCNumRetxPdu=-1, ULGrant=-1, ULBSR=-1, ULBler=-1, DLPDCPNumDataPdu=-1, DLPDCPTput=-1, DLRLCNumDataPdu=-1, DLRLCNumRetxPdu=-1, DLRLCNumDropPdu=-1, DLMACPaddingBytes=-1, DLPdcpNumMissToUppPdu=-1, DLBler=-1, RlfCount=0, CellChangeCount=0, IsRedirectionOccur=0, IsDualSimConflict=0, Latency=0, Sub1RrcState=1, Sub2RrcState=3, RachCount=0, CalcPower=332, Mtpl=235, PathLoss=1190, CellLoad=0}
04-11 12:38:55.117 14034 14034 D NetworkService[0]: EVENT_REG_QOS_PERIOD_REPORT_IND_CHANGED ENTER
04-11 12:38:55.117 14034 14034 D NetworkService[1]: handleMessage what:1005
04-11 12:38:55.117 14034 14034 D RadioAtomTracker: parseQosPeriodData ModemQos:CellularQosInfo1{5G, 504990/202, EndcState=2, Band=41, DLBW=13, Rsrp=-90, Rsrq=-11, Snr=4, SvcStatus=3, ULPDCPNumDataPdu=2, ULPDCPNumDropPdu=0, ULPDCPTput=106, ULRLCNumDataPdu=2, ULRLCNumRetxPdu=0, ULGrant=0, ULBSR=0, ULBler=1, DLPDCPNumDataPdu=1, DLPDCPTput=177, DLRLCNumDataPdu=1, DLRLCNumRetxPdu=0, DLRLCNumDropPdu=0, DLMACPaddingBytes=0, DLPdcpNumMissToUppPdu=0, DLBler=1, RlfCount=0, CellChangeCount=0, IsRedirectionOccur=0, IsDualSimConflict=0, Latency=6, Sub1RrcState=1, Sub2RrcState=3, RachCount=0, CalcPower=32767, Mtpl=32767, PathLoss=-1, CellLoad=0}
04-11 12:38:55.117 14034 14034 D NetworkService[1]: EVENT_REG_QOS_PERIOD_REPORT_IND_CHANGED ENTER
04-11 12:38:55.117 14034 14034 D AtomModemKpiInfo: handleMessage what:1001
04-11 12:38:55.117 14034 14034 D AtomModemKpiInfo: analyseQosInfo success
04-11 12:38:55.128  2113 20704 I sensors-hal: handle_oplus_wise_rgb_event:189, high_pwm_light:lux 397.1,cct 7357.3,brl/algo/ir 1419.0/2.0/41.4,pwm/dc 0.0/0.0,rgbc 16931.468750/12203.467773/8030.735352/34414.593750,ts 929550291193592,cnt 43490,flag 31131
04-11 12:38:55.128  2113 17862 I sensors-hal: handle_oplus_wise_rgb_event:161, wise_rgb: (43491)(cct, lux, ir)[7357.27, 397.09, 41.355804] (r, g, b, c)[16981.30, 12254.06, 8032.94, 34395.95]                 (pwm, hbm, brl, algo)[0.0 0.0 1419.0 2.0], flag 31131
04-11 12:38:55.128  3590  7333 D FusionLightNextGen: process end reported = 1, mode: 0, cnt: 399450, lux 332.1, cct 7708.2, r/g/b/c: 16943.9/12236.5/8024.1/34435.6, R/G/B: 156.0/151.0/139.0, bri 1419.0, match 1.00, ir 0.044042, conf 5.0, ts 929550324406561
04-11 12:38:55.130  3590  9788 I AICCTModule: SensorFilter: brightness threshold 1.4 screenNit is 104.459 ave enviroment lux is 323.3685 luxForNit 101.993774demarcationPoint200.0 result is false
04-11 12:38:55.130  3590  9788 I AICCTModule: SensorFilter: findSecondNearestValue, sensorValue: 7717.8525 nearestMaxValue:7708.159 secondNearestValue: 7729.7896
04-11 12:38:55.130  3590  9788 I AICCTModule: SensorFilter: findSecondNearestValue, sensorValue: 322.82037 nearestMaxValue:322.394 secondNearestValue: 322.394
04-11 12:38:55.190  2280  2331 D BatteryChargeControl: bcc get no support from charging protocol
04-11 12:38:55.218  2258  2258 D SensorFeature: name=ssc_screenshot_info ,index = 22
04-11 12:38:55.218  2258  2258 D SensorFeature: write 39 bytes:929549960831031,929550630778010,31132,0
04-11 12:38:55.237  3590  9132 D NotificationService--OplusNotificationFixHelper: fixAppIcon: pkg=com.v2ray.ang
04-11 12:38:55.238  3590  9132 D NotificationService--OplusNotificationFixHelper: fixAppIcon: appIcon = null, pkg = com.v2ray.ang
04-11 12:38:55.238  3590  9132 D NotificationService--NotificationRecord: isSupportRearLight , isRearLight = false mLedRM = false isMultilLed = false
04-11 12:38:55.239  3590  9132 I OplusStatusBarManagerServiceEnhance:  getTopIsFullscreen mTopIsFullscreen: false
04-11 12:38:55.239  3590  9132 W ActivityManager: Permission Denial: getTopApplicationInfo from pid=18198, uid=10397 requires oplus.permission.OPLUS_COMPONENT_SAFE
04-11 12:38:55.239  3590  9132 E OplusNotificationCenter: getForegroundApplication exception
04-11 12:38:55.240  3590  3590 D NotificationService--OplusNotificationManagerServiceExtImpl: isForwardToAssistants: true, case : Is local notification
04-11 12:38:55.240  3590  3590 D NotificationService: This application enqueue notifications is need postDelayed mcsAssistantDelayTime: 50
04-11 12:38:55.299  8338  8338 I SystemUi--Notification: OplusLiveAlertNotificationsRepository-->onRankingApplied
04-11 12:38:55.304  8338  8338 I PluginSeedling--Track: RequestHandler-->notificationUpdated 0|com.v2ray.ang|1|null|10397 postTime: 1775882335238
04-11 12:38:55.304  8338  8338 E LockScreenNotificationDispatcherImp: updateNotificationListOnKg size:0
04-11 12:38:55.308  2181  2506 I SDM     : DisplayBuiltIn::IdlePowerCollapse: IPC received, disabling partial update for one frame
04-11 12:38:55.310  8338  8338 W SystemUi--Notification: OplusNotificationGroupExtImpl-->setChildrenExpanded: groupHeader is null
04-11 12:38:55.310 14034 15313 D CommonApp-264-10512: transport layer data is invalid
04-11 12:38:55.310  8338  8338 I SystemUi--Notification: LockScreenNotificationDispatcherImp-->updateNotificationListOnKg resultCode: 0
04-11 12:38:55.311 14034 15313 D CommonApp-255-10512: commonScoreStrategy scenarios low package
04-11 12:38:55.311 14034 15313 D ScorePolicy: handleScoreChanged: []
04-11 12:38:55.311 14034 15313 D ScorePolicy: handleScoreChanged: []
04-11 12:38:55.311 14034 15313 D ScorePolicy: handleScoreChanged: []
04-11 12:38:55.318  2181  2506 I SDM     : DisplayBuiltIn::IdlePowerCollapse: IPC received, disabling partial update for one frame
04-11 12:38:55.328  8338  8706 D LocalImageResolver: Couldn't use ImageDecoder for drawable, falling back to non-resized load.
04-11 12:38:55.329  2181  2506 I SDM     : DisplayBuiltIn::IdlePowerCollapse: IPC received, disabling partial update for one frame
04-11 12:38:55.330  8338  8338 D OplusNotificationDateTimeView: setTime mSettingTimeMillis 1775882335234, mSettingLocalDateTime 2026-04-11T12:38:00.234
04-11 12:38:55.333  8338  8706 D LocalImageResolver: Couldn't use ImageDecoder for drawable, falling back to non-resized load.
04-11 12:38:55.334  8338  8338 D OplusNotificationDateTimeView: setTime mSettingTimeMillis 1775882335234, mSettingLocalDateTime 2026-04-11T12:38:00.234
04-11 12:38:55.336  8338  8706 D LocalImageResolver: Couldn't use ImageDecoder for drawable, falling back to non-resized load.
04-11 12:38:55.336  8338  8338 D OplusNotificationDateTimeView: setTime mSettingTimeMillis 1775882335234, mSettingLocalDateTime 2026-04-11T12:38:00.234
04-11 12:38:55.340  2181  2506 I SDM     : DisplayBuiltIn::IdlePowerCollapse: IPC received, disabling partial update for one frame
04-11 12:38:55.340  8338  8338 I SystemUi--Notification: OplusNotificationTempla-->resolveContentMargin: marginTop=112 isChildInGroup=false hasSubtitle=true params.topMargin=112
04-11 12:38:55.341  8338  8338 W SystemUi--Notification: OplusNotificationGroupExtImpl-->setChildrenExpanded: groupHeader is null
04-11 12:38:55.345  8338  8338 E LockScreenNotificationDispatcherImp: updateNotificationListOnKg size:0
04-11 12:38:55.348  8338  8338 W SystemUi--Notification: OplusNotificationGroupExtImpl-->setChildrenExpanded: groupHeader is null
04-11 12:38:55.349  8338  8338 I SystemUi--Notification: LockScreenNotificationDispatcherImp-->updateNotificationListOnKg resultCode: 0
04-11 12:38:55.351  2181  2506 I SDM     : DisplayBuiltIn::IdlePowerCollapse: IPC received, disabling partial update for one frame
04-11 12:38:55.362  2181  2506 I SDM     : DisplayBuiltIn::IdlePowerCollapse: IPC received, disabling partial update for one frame
04-11 12:38:55.374  2181  2506 I SDM     : DisplayBuiltIn::IdlePowerCollapse: IPC received, disabling partial update for one frame
04-11 12:38:55.392 14034 16353 D RadioProxyJ[1]: startChannelMonitoring update mLatestRequestId:-1
04-11 12:38:55.394  2113 17862 I sensors-hal: handle_oplus_wise_rgb_event:161, wise_rgb: (43496)(cct, lux, ir)[7393.58, 399.90, 40.391945] (r, g, b, c)[16961.37, 12258.46, 8030.74, 34470.54]                 (pwm, hbm, brl, algo)[0.0 0.0 1419.0 2.0], flag 31132
