04-11 12:38:47.043  3590  7902 D InetDiagMessage: Destroyed 0 sockets, proto=IPPROTO_TCP, family=AF_INET, states=14
04-11 12:38:47.045  3590  7902 D InetDiagMessage: Destroyed 0 sockets, proto=IPPROTO_TCP, family=AF_INET6, states=14
04-11 12:38:47.046  3590  7902 D InetDiagMessage: Destroyed live tcp sockets for uids={20515} in 6ms
04-11 12:38:47.055  3438  4039 D QmiClient: qmiServiceEventCallback recv msg id 47
04-11 12:38:47.056  3438  4039 D QmiClient: enter -mServiceType 10 onQmiServiceEventCallback msgId 47
04-11 12:38:47.056  3438  4039 D QmiClient: onQmiServiceEventCallback - enter. msgId=47
04-11 12:38:47.056  3438  3488 D OttProxy: handleMessage msg is 3001
04-11 12:38:47.056 14034   947 D SubsysRadioIndication[1]: radioLinkLatencyInfoInd
04-11 12:38:47.056 14034   947 D SubsysRadioIndication[1]: notify enter
04-11 12:38:47.056 14034 14034 D NetworkService[1]: handleMessage what:1008
04-11 12:38:47.056 14034 14034 D NetworkService[1]: EVENT_REG_LINK_LATENCY_INFO_CHANGE ulLatency:8743
04-11 12:38:47.058  3590  8472 I OplusHansManager : uid=10515, pkg=com.mobilecodex.nativeapp F enter(), M stay=3
04-11 12:38:47.059  3590  8472 I OplusHansManager : freeze uid: 10515 com.mobilecodex.nativeapp pids: [21078] scene: LcdOn
04-11 12:38:47.059  3590  9766 I OStatsManager_OplusBatteryStatsManager: updateStateTime: PkgName = com.mobilecodex.nativeapp, uid = 10515, state to em, mForegroundCnt = 0, isFg = false
04-11 12:38:47.060  3590  8475 I OplusHansManager : p_BC uid=10515 pkg=com.mobilecodex.nativeapp
04-11 12:38:47.060  3590  8475 I OplusBinderProxy: proxyBinder uid: 10515 pkg: com.mobilecodex.nativeapp proxy: true calling: OFreezer
04-11 12:38:47.060  3590  8475 I LocationFreezeProc: will freezeLocationProcess for com.mobilecodex.nativeapp, 10515, true, false
04-11 12:38:47.060  3590  8475 I LocationFreezeProc: Executing freeze operation for com.mobilecodex.nativeapp, 10515, true, false
04-11 12:38:47.060  3590  8475 W LocationFreezeProc: Do nothing for the app is not record!
04-11 12:38:47.060  3590  8475 I OplusHansManager : p_gps: uid 10515 result false
04-11 12:38:47.060  3590  8475 D OplusHansManager : onUidHansStateChanged: uid = 10515, isFreeze = true, frozenStatus = 0
04-11 12:38:47.060  1905  8134 E         : destroyAllSocketForUid:10515
04-11 12:38:47.061   424   574 I ficationmanager: Explicit concurrent mark compact GC freed 1168KB AllocSpace bytes, 0(0B) LOS objects, 65% free,2149KB(M:497KB,L:1652KB)/6245KB, paused 138us,1.203ms total 31.404ms
04-11 12:38:47.063  3590  8085 D OAppNetControlService: Hans update:[10515=true][0|0] blackList:[10515]
04-11 12:38:47.072   579   827 I ChainTrace: stream type=syncEvent gapMs=1057 refreshMarket=true
04-11 12:38:47.075   424   574 I ficationmanager: Explicit concurrent mark compact GC freed 96KB AllocSpace bytes, 0(0B) LOS objects, 65% free,2149KB(M:497KB,L:1652KB)/6245KB, paused 80us,574us total 13.624ms
04-11 12:38:47.098  3590  3792 D SensorServiceExtImpl: notifyApplicationLaunchStage processName=com.binance.monitor, uid=10512, pid=579, stage=0
04-11 12:38:47.118 14034 15313 D CommonApp-264-10512: transport layer data is invalid
04-11 12:38:47.119 14034 15313 D CommonApp-255-10512: commonScoreStrategy scenarios low package
04-11 12:38:47.120 14034 15313 D ScorePolicy: handleScoreChanged: []
04-11 12:38:47.120 14034 15313 D ScorePolicy: handleScoreChanged: []
04-11 12:38:47.120 14034 15313 D ScorePolicy: handleScoreChanged: []
04-11 12:38:47.130  2113 20704 I sensors-hal: handle_oplus_wise_rgb_event:189, high_pwm_light:lux 384.8,cct 7364.0,brl/algo/ir 1419.0/2.0/41.5,pwm/dc 0.0/0.0,rgbc 16388.265625/11882.323242/7790.122070/33346.933594,ts 929542348496456,cnt 43350,flag 31106
04-11 12:38:47.130  2113 17862 I sensors-hal: handle_oplus_wise_rgb_event:161, wise_rgb: (43351)(cct, lux, ir)[7364.02, 384.83, 41.540485] (r, g, b, c)[16398.23, 11893.32, 7761.43, 33342.27]                 (pwm, hbm, brl, algo)[0.0 0.0 1419.0 2.0], flag 96642
04-11 12:38:47.130  3590  7333 D FusionLightNextGen: process end reported = 1, mode: 0, cnt: 399420, lux 321.9, cct 7655.8, r/g/b/c: 16398.2/11893.3/7761.4/33342.3, R/G/B: 154.0/149.0/137.0, bri 1419.0, match 1.00, ir 0.044582, conf 5.0, ts 929542359567446
04-11 12:38:47.131  3590  9788 I AICCTModule: SensorFilter: brightness threshold 1.4 screenNit is 104.459 ave enviroment lux is 322.19003 luxForNit 101.88313demarcationPoint200.0 result is false
04-11 12:38:47.131  3590  9788 I AICCTModule: SensorFilter: findSecondNearestValue, sensorValue: 7719.053 nearestMaxValue:7705.2666 secondNearestValue: 7705.2666
04-11 12:38:47.131  3590  9788 I AICCTModule: SensorFilter: findSecondNearestValue, sensorValue: 321.97385 nearestMaxValue:321.9069 secondNearestValue: 321.7778
04-11 12:38:47.186  2280  2331 D BatteryChargeControl: bcc get no support from charging protocol
04-11 12:38:47.210  3590  8838 V WindowManager: Relayout Window{7b513bd u0 com.binance.monitor}: viewVisibility=0, oldvis=0, req=315x429 , apr = 0, vsysui=, x=42, y=420
04-11 12:38:47.211   579   579 I SurfaceControl:  setExtendedRangeBrightness sc=Surface(name=)/@0xb5ec0c6,currentBufferRatio=1.0,desiredRatio=1.0
04-11 12:38:47.211  3590  8838 D InsetsSourceProvider: updateSourceFrameForServerVisibility mandatorySystemGestures EMPTY_RECT
04-11 12:38:47.212  3590  8838 D InsetsSourceProvider: updateSourceFrameForServerVisibility mandatorySystemGestures EMPTY_RECT
04-11 12:38:47.302  2181 26958 E CwbService: Panel not support apl read or getDisplayPanelAplValue timeout 10ms.
04-11 12:38:47.303  2258  2258 D SensorFeature: name=ssc_screenshot_info ,index = 22
04-11 12:38:47.303  2258  2258 D SensorFeature: write 39 bytes:929542651254992,929542704670461,31107,0
04-11 12:38:47.306  2181  2506 I SDM     : DisplayBuiltIn::IdlePowerCollapse: IPC received, disabling partial update for one frame
04-11 12:38:47.397  2113 17862 I sensors-hal: handle_oplus_wise_rgb_event:161, wise_rgb: (43356)(cct, lux, ir)[7350.78, 385.16, 41.708530] (r, g, b, c)[16413.18, 11888.92, 7774.67, 33372.58]                 (pwm, hbm, brl, algo)[0.0 0.0 1419.0 2.0], flag 96643
04-11 12:38:47.606  2258  2258 D SensorFeature: name=ssc_screenshot_info ,index = 22
04-11 12:38:47.606  2258  2258 D SensorFeature: write 39 bytes:929542651254992,929543018638638,31108,0
04-11 12:38:47.663  2113 20704 I sensors-hal: handle_oplus_wise_rgb_event:189, high_pwm_light:lux 385.9,cct 7382.4,brl/algo/ir 1419.0/2.0/41.1,pwm/dc 0.0/0.0,rgbc 16405.708984/11904.320312/7774.669922/33381.902344,ts 929542991960050,cnt 43360,flag 31108
04-11 12:38:47.663  2113 17862 I sensors-hal: handle_oplus_wise_rgb_event:161, wise_rgb: (43361)(cct, lux, ir)[7382.37, 385.91, 41.132114] (r, g, b, c)[16388.27, 11880.12, 7752.60, 33381.90]                 (pwm, hbm, brl, algo)[0.0 0.0 1419.0 2.0], flag 96644
04-11 12:38:47.707  4482  4659 W ServiceManagerCppClient: Waited one second for SystemClearService (is service started? Number of threads started in the threadpool: 16. Are binder threads started and available?)
04-11 12:38:47.708  4482  4680 W ServiceManagerCppClient: Waited one second for SystemClearService (is service started? Number of threads started in the threadpool: 16. Are binder threads started and available?)
04-11 12:38:47.709  1254  1013 W libc    : Unable to set property "ctl.interface_start" to "aidl/SystemClearService": PROP_ERROR_HANDLE_CONTROL_MESSAGE (0x20)
04-11 12:38:47.710  1254  1014 W libc    : Unable to set property "ctl.interface_start" to "aidl/SystemClearService": PROP_ERROR_HANDLE_CONTROL_MESSAGE (0x20)
04-11 12:38:47.782  3590  7344 W OPLUS_LOG_LOAD: ==LOGS PROG INFO, prog(system_server) ==
04-11 12:38:47.782  3590  7344 V AlarmManager: sending alarm Alarm{b6c018d type 1 origWhen 1775882327782 whenElapsed 929543196 android} uid 1000 whenElapsed 929543196 windowLength 0 maxWhenElapsed 929543196 repeatInterval 0 action null component null tag StorgaeBandInfoAlarmTag flags 0x9 procName system_server
04-11 12:38:47.783  3590 10338 E OplusStorageUFSBandwidth: storage_io_metrics_path is /proc/oplus_storage/io_metrics/forever/
04-11 12:38:47.784  3590 10338 E OplusStorageUFSBandwidth: Bandwidth - Read: 1.00 MB/s, Write: 0.00 MB/s
04-11 12:38:47.784  3590 10338 E OplusStorageUFSBandwidth: Task time: 1ms
04-11 12:38:47.788  3590 10338 E OplusStorageUFSBandwidth: Alarm set to trigger in 10 seconds
04-11 12:38:47.887  2187  2298 E PERFHAL-PERFCTRL: PERFHAL-PERFCTRL: chk_core_online_poll_loop() 748: poll() has timed out for /sys/kernel/msm_performance/events/cpu_hotplug
04-11 12:38:47.887  2187  2298 E PERFHAL-PERFCTRL: PERFHAL-PERFCTRL: chk_core_online_poll_loop() 743: Block on poll()
04-11 12:38:47.908  2258  2258 D SensorFeature: name=ssc_screenshot_info ,index = 22
04-11 12:38:47.908  2258  2258 D SensorFeature: write 39 bytes:929542651254992,929543321117856,31109,0
04-11 12:38:47.926  2113 17888 I sensors-hal: handle_sns_std_sensor_event:114, oplus rgb_rear sample: (cct, lux, ir, x, y)[10321, 31, 336, 259, 318]
04-11 12:38:47.926  2113 17888 I sensors-hal: handle_sns_std_sensor_event:116, oplus rgb_rear sample: (r, g, b, c w)[1251, 2569, 637, 865, 0]
04-11 12:38:47.931  2113 17862 I sensors-hal: handle_oplus_wise_rgb_event:161, wise_rgb: (43366)(cct, lux, ir)[7362.50, 386.86, 40.526310] (r, g, b, c)[16365.84, 11875.72, 7761.43, 33346.93]                 (pwm, hbm, brl, algo)[0.0 0.0 1419.0 2.0], flag 96645
04-11 12:38:47.997  2727  3986 D QmiClient: qmiServiceEventCallback recv msg id 1099
04-11 12:38:47.997  2727  3986 D QmiClient: enter -mServiceType 4 onQmiServiceEventCallback msgId 1099
04-11 12:38:47.997  2727  3986 D QmiClient: onQmiServiceEventCallback - enter. msgId=1099
04-11 12:38:47.997  2727  3986 D QmiVsClientEvent: QosPeriodReportInd MSG IND data_len 2052
04-11 12:38:47.997  2727  3986 D QmiVsClientEvent: qmiVsClientNotifyQosPeriodReportIndEvent - RADIO_EVENT_QOS_PERIOD_REPORT_NOTIFY_IND
04-11 12:38:47.997  3438  3988 D QmiClient: qmiServiceEventCallback recv msg id 1099
04-11 12:38:47.997  3438  3988 D QmiClient: enter -mServiceType 4 onQmiServiceEventCallback msgId 1099
04-11 12:38:47.997  3438  3988 D QmiClient: onQmiServiceEventCallback - enter. msgId=1099
04-11 12:38:47.997  3438  3988 D QmiVsClientEvent: QosPeriodReportInd MSG IND data_len 2052
04-11 12:38:47.997  3438  3988 D QmiVsClientEvent: qmiVsClientNotifyQosPeriodReportIndEvent - RADIO_EVENT_QOS_PERIOD_REPORT_NOTIFY_IND
04-11 12:38:47.998  2727  2826 D VsProxy : handleMessage msg is 2420
04-11 12:38:47.998  3438  3485 D VsProxy : handleMessage msg is 2420
04-11 12:38:47.998  2727  2826 D VsProxy : handleQosPeriodReportInd for instance 0 data_len 145
04-11 12:38:47.998  3438  3485 D VsProxy : handleQosPeriodReportInd for instance 1 data_len 204
04-11 12:38:47.998 14034   947 D SubsysRadioIndication[1]: radioQosPeriodReportInd result [8, -13, -87, -10, -50, 14, 18, 14, 8, -83, -87, -10, -50, 14, 16, 1, 32, 53, 40, 1, 72, 1, 26, 12, 8, -83, -87, -10, -50, 14, 16, 1, 40, 1, 56, 123, 34, 12, 8, -84, -69, -57, -50, 14, 16, 4, 24, 1, 32, 3, 58, 83, 8, -84, -87, -10, -50, 14, 16, 5, 24, -98, -23, 30, 32, -54, 1, 40, -91, -1, -1, -1, -1, -1, -1, -1, -1, 1, 48, -12, -1, -1, -1, -1, -1, -1, -1, -1, 1, 56, 2, 64, -91, -1, -1, -1, -1, -1, -1, -1, -1, 1, 72, -92, -1, -1, -1, -1, -1, -1, -1, -1, 1, 80, -92, -1, -1, -1, -1, -1, -1, -1, -1, 1, 88, -93, -1, -1, -1, -1, -1, -1, -1, -1, 1, 66, 31, 8, -120, -25, -29, -50, 14, 16, 5, 24, 2, 34, 19, 8, -98, -23, 30, 16, -54, 1, 24, 41, 32, 13, 40, -126, -128, -52, -67, 21, 48, 2, 90, 0, 98, 10, 8, -85, -54, -73, -50, 14, 16, 3, 24, 5, 122, 20, 8, -1, -91, -10, -50, 14, 16, -1, -1, 1, 24, -1, -1, 1, 32, -1, -1, -1, -1, 15]
04-11 12:38:47.999 14034 14034 D NetworkService[1]: handleMessage what:1005
04-11 12:38:47.999 14034 14034 D RadioAtomTracker: parseQosPeriodData ModemQos:CellularQosInfo1{5G, 504990/202, EndcState=2, Band=41, DLBW=13, Rsrp=-91, Rsrq=-12, Snr=2, SvcStatus=3, ULPDCPNumDataPdu=1, ULPDCPNumDropPdu=0, ULPDCPTput=53, ULRLCNumDataPdu=1, ULRLCNumRetxPdu=0, ULGrant=0, ULBSR=0, ULBler=1, DLPDCPNumDataPdu=1, DLPDCPTput=123, DLRLCNumDataPdu=1, DLRLCNumRetxPdu=0, DLRLCNumDropPdu=0, DLMACPaddingBytes=0, DLPdcpNumMissToUppPdu=0, DLBler=0, RlfCount=0, CellChangeCount=0, IsRedirectionOccur=0, IsDualSimConflict=0, Latency=8, Sub1RrcState=1, Sub2RrcState=3, RachCount=0, CalcPower=32767, Mtpl=32767, PathLoss=-1, CellLoad=0}
04-11 12:38:47.999 14034 14034 D NetworkService[1]: EVENT_REG_QOS_PERIOD_REPORT_IND_CHANGED ENTER
04-11 12:38:47.999 14034 14034 D AtomModemKpiInfo: handleMessage what:1001
04-11 12:38:47.999 14034 14034 D AtomModemKpiInfo: analyseQosInfo success
04-11 12:38:48.000 14034   947 D SubsysRadioIndication[0]: radioQosPeriodReportInd result [8, -13, -87, -10, -50, 14, 34, 12, 8, -84, -69, -57, -50, 14, 16, 4, 24, 1, 32, 3, 58, 61, 8, -59, -94, -10, -50, 14, 16, 5, 24, -64, -92, 38, 32, -22, 6, 40, -98, -1, -1, -1, -1, -1, -1, -1, -1, 1, 48, -12, -1, -1, -1, -1, -1, -1, -1, -1, 1, 56, 2, 64, -104, -1, -1, -1, -1, -1, -1, -1, -1, 1, 72, -98, -1, -1, -1, -1, -1, -1, -1, -1, 1, 66, 29, 8, -57, -20, -92, -50, 14, 16, 5, 34, 19, 8, -64, -92, 38, 16, -22, 6, 24, 78, 32, 13, 40, -117, -32, -94, -93, 2, 48, 2, 90, 0, 98, 10, 8, -41, -26, -92, -50, 14, 16, 3, 24, 5, 122, 15, 8, -8, -24, -92, -50, 14, 16, -52, 2, 24, -21, 1, 32, -90, 9]
04-11 12:38:48.000 14034 14034 D NetworkService[0]: handleMessage what:1005
04-11 12:38:48.000 14034 14034 D RadioAtomTracker: parseQosPeriodData ModemQos:CellularQosInfo2{5G, 627264/874, EndcState=0, Band=78, DLBW=13, Rsrp=-98, Rsrq=-12, Snr=2, SvcStatus=3, ULPDCPNumDataPdu=-1, ULPDCPNumDropPdu=-1, ULPDCPTput=-1, ULRLCNumDataPdu=-1, ULRLCNumRetxPdu=-1, ULGrant=-1, ULBSR=-1, ULBler=-1, DLPDCPNumDataPdu=-1, DLPDCPTput=-1, DLRLCNumDataPdu=-1, DLRLCNumRetxPdu=-1, DLRLCNumDropPdu=-1, DLMACPaddingBytes=-1, DLPdcpNumMissToUppPdu=-1, DLBler=-1, RlfCount=0, CellChangeCount=0, IsRedirectionOccur=0, IsDualSimConflict=0, Latency=0, Sub1RrcState=1, Sub2RrcState=3, RachCount=0, CalcPower=332, Mtpl=235, PathLoss=1190, CellLoad=0}
04-11 12:38:48.000 14034 14034 D NetworkService[0]: EVENT_REG_QOS_PERIOD_REPORT_IND_CHANGED ENTER
04-11 12:38:48.000 14034 14034 D AtomModemKpiInfo: handleMessage what:1001
04-11 12:38:48.000 14034 14034 D AtomModemKpiInfo: analyseQosInfo success
04-11 12:38:48.021  3438  4039 D QmiClient: qmiServiceEventCallback recv msg id 47
04-11 12:38:48.021  3438  4039 D QmiClient: enter -mServiceType 10 onQmiServiceEventCallback msgId 47
04-11 12:38:48.021  3438  4039 D QmiClient: onQmiServiceEventCallback - enter. msgId=47
04-11 12:38:48.022  3438  3488 D OttProxy: handleMessage msg is 3001
04-11 12:38:48.022 14034   947 D SubsysRadioIndication[1]: radioLinkLatencyInfoInd
04-11 12:38:48.022 14034   947 D SubsysRadioIndication[1]: notify enter
04-11 12:38:48.022 14034 14034 D NetworkService[1]: handleMessage what:1008
04-11 12:38:48.022 14034 14034 D NetworkService[1]: EVENT_REG_LINK_LATENCY_INFO_CHANGE ulLatency:3891
04-11 12:38:48.036   579   827 I ChainTrace: stream type=syncEvent gapMs=964 refreshMarket=true
04-11 12:38:48.041  2181  2506 I SDM     : DisplayBuiltIn::IdlePowerCollapse: IPC received, disabling partial update for one frame
04-11 12:38:48.062 16527 16543 D IHansComunication: HANS sendMessageToKernel: threadId = 511992380480, netLinkSetup = 1, type = FROZEN_TRANS, targetUid = 10515, pkgCmd = PKG_CMD_MAX
04-11 12:38:48.078 17904 17935 W OPLUS_LOG_LOAD: ==LOGS PROG INFO, prog(com.oplus.camera) ==
04-11 12:38:48.078 17904 17935 I APS_ALOG: flushRoutine g_immediateFlush=0 g_pendingCount=0 g_oobCount=0
04-11 12:38:48.086  8337  9773 V OsAgent : broadcastSystemEvent - 7
04-11 12:38:48.137 13843 14368 D gaia-GaiaConnectChecker: start connect check++
04-11 12:38:48.142 14034 15313 D CommonApp-264-10512: transport layer data is invalid
04-11 12:38:48.143 14034 15313 D CommonApp-255-10512: commonScoreStrategy scenarios low package
04-11 12:38:48.143 14034 15313 D ScorePolicy: handleScoreChanged: []
04-11 12:38:48.143 14034 15313 D ScorePolicy: handleScoreChanged: []
04-11 12:38:48.143 14034 15313 D ScorePolicy: handleScoreChanged: []
04-11 12:38:48.186  2280  2331 D BatteryChargeControl: bcc get no support from charging protocol
04-11 12:38:48.209  3590  9132 V WindowManager: Relayout Window{7b513bd u0 com.binance.monitor}: viewVisibility=0, oldvis=0, req=315x429 , apr = 0, vsysui=, x=42, y=420
04-11 12:38:48.209   579   579 I SurfaceControl:  setExtendedRangeBrightness sc=Surface(name=)/@0xb5ec0c6,currentBufferRatio=1.0,desiredRatio=1.0
04-11 12:38:48.210  3590  9132 D InsetsSourceProvider: updateSourceFrameForServerVisibility mandatorySystemGestures EMPTY_RECT
04-11 12:38:48.211  3590  9132 D InsetsSourceProvider: updateSourceFrameForServerVisibility mandatorySystemGestures EMPTY_RECT
04-11 12:38:48.230  2181  2532 E CwbService: Panel not support apl read or getDisplayPanelAplValue timeout 10ms.
04-11 12:38:48.230  2258  2258 D SensorFeature: name=ssc_screenshot_info ,index = 22
04-11 12:38:48.230  2258  2258 D SensorFeature: write 39 bytes:929543606715044,929543632341606,31110,0
04-11 12:38:48.305  2181  2506 I SDM     : DisplayBuiltIn::IdlePowerCollapse: IPC received, disabling partial update for one frame
04-11 12:38:48.327  3590  9788 I AICCTModule: SensorFilter: brightness threshold 1.4 screenNit is 104.459 ave enviroment lux is 322.66714 luxForNit 101.927826demarcationPoint200.0 result is false
04-11 12:38:48.327  3590  9788 I AICCTModule: SensorFilter: findSecondNearestValue, sensorValue: 7705.2666 nearestMaxValue:7711.7075 secondNearestValue: 7711.7075
04-11 12:38:48.327  3590  9788 I AICCTModule: SensorFilter: findSecondNearestValue, sensorValue: 321.7778 nearestMaxValue:321.9069 secondNearestValue: 321.95688
04-11 12:38:48.441  3590  9132 I OplusBinderProxy: pb uid: 99910345 pid: 24118 desc: com.android.internal.telephony.IPhoneStateListener/10
04-11 12:38:48.441  8406  8406 D OplusTelephonyController: onSignalStrengthChanged: SignalStrength=SignalStrength:{mCdma=CellSignalStrengthCdma: cdmaDbm=2147483647 cdmaEcio=2147483647 evdoDbm=2147483647 evdoEcio=2147483647 evdoSnr=2147483647 level=0,mGsm=CellSignalStrengthGsm: rssi=2147483647 ber=2147483647 mTa=2147483647 mLevel=0,mWcdma=CellSignalStrengthWcdma: ss=2147483647 ber=2147483647 rscp=2147483647 ecno=2147483647 level=0,mTdscdma=CellSignalStrengthTdscdma: rssi=2147483647 ber=2147483647 rscp=2147483647 level=0,mLte=CellSignalStrengthLte: rssi=2147483647 rsrp=2147483647 rsrq=2147483647 rssnr=2147483647 cqiTableIndex=2147483647 cqi=2147483647 ta=2147483647 level=0 parametersUseForLevel=0,mNr=CellSignalStrengthNr:{ csiRsrp = 2147483647 csiRsrq = 2147483647 csiCqiTableIndex = 2147483647 csiCqiReport = [] ssRsrp = -98 ssRsrq = -13 ssSinr = 2 level = 4 parametersUseForLevel = 0 timingAdvance = 2147483647 },primary=CellSignalStrengthNr}
04-11 12:38:48.441  3590  9132 I OplusBinderProxy: pb uid: 10345 pid: 9059 desc: com.android.internal.telephony.IPhoneStateListener/10
04-11 12:38:48.441  3590  9132 I OplusBinderProxy: pb uid: 10345 pid: 9448 desc: com.android.internal.telephony.IPhoneStateListener/10
04-11 12:38:48.441  3590  9132 I OplusBinderProxy: pb uid: 10345 pid: 9059 desc: com.android.internal.telephony.IPhoneStateListener/10
04-11 12:38:48.442  3590  9132 I OplusBinderProxy: pb uid: 99910345 pid: 20201 desc: com.android.internal.telephony.IPhoneStateListener/10
04-11 12:38:48.442  3590  9132 I OplusBinderProxy: pb uid: 99910345 pid: 20201 desc: com.android.internal.telephony.IPhoneStateListener/10
04-11 12:38:48.442  3590  9132 I OplusBinderProxy: pb uid: 10345 pid: 9999 desc: com.android.internal.telephony.IPhoneStateListener/10
04-11 12:38:48.444 14034 14034 D SubsysEventListenerManager-SubsysTelephonyCallback[0]: onSignalStrengthsChanged
04-11 12:38:48.444  8338  8520 I SystemUi--Statusbar: MobileConnectionRepositoryImpl-->subId:2 isSoftSimCard:false slotId:0
04-11 12:38:48.464  2113 20704 I sensors-hal: handle_oplus_wise_rgb_event:189, high_pwm_light:lux 386.8,cct 7403.7,brl/algo/ir 1419.0/2.0/40.3,pwm/dc 0.0/0.0,rgbc 16360.857422/11877.923828/7768.047363/33311.968750,ts 929543636757550,cnt 43370,flag 31110
04-11 12:38:48.464  3590  7333 D FusionLightNextGen: process end reported = 1, mode: 0, cnt: 399425, lux 320.7, cct 7762.3, r/g/b/c: 16365.8/11860.3/7783.5/33307.3, R/G/B: 154.0/149.0/137.0, bri 1419.0, match 1.00, ir 0.044490, conf 5.0, ts 929543658899529
04-11 12:38:48.464  2113 17862 I sensors-hal: handle_oplus_wise_rgb_event:161, wise_rgb: (43371)(cct, lux, ir)[7403.71, 386.83, 40.304523] (r, g, b, c)[16398.23, 11864.73, 7776.88, 33358.59]                 (pwm, hbm, brl, algo)[0.0 0.0 1419.0 2.0], flag 31110
04-11 12:38:48.565  2181  2506 I SDM     : DisplayBuiltIn::IdlePowerCollapse: IPC received, disabling partial update for one frame
04-11 12:38:48.568  2181  2532 E CwbService: Panel not support apl read or getDisplayPanelAplValue timeout 10ms.
04-11 12:38:48.568  2258  2258 D SensorFeature: name=ssc_screenshot_info ,index = 22
04-11 12:38:48.568  2258  2258 D SensorFeature: write 39 bytes:929543917483794,929543971110200,31111,0
04-11 12:38:48.708  4482  4659 W ServiceManagerCppClient: Waited one second for SystemClearService (is service started? Number of threads started in the threadpool: 16. Are binder threads started and available?)
04-11 12:38:48.709  4482  4680 W ServiceManagerCppClient: Waited one second for SystemClearService (is service started? Number of threads started in the threadpool: 16. Are binder threads started and available?)
04-11 12:38:48.710  1254  1022 W libc    : Unable to set property "ctl.interface_start" to "aidl/SystemClearService": PROP_ERROR_HANDLE_CONTROL_MESSAGE (0x20)
04-11 12:38:48.710  1254  1023 W libc    : Unable to set property "ctl.interface_start" to "aidl/SystemClearService": PROP_ERROR_HANDLE_CONTROL_MESSAGE (0x20)
04-11 12:38:48.730  2113 17862 I sensors-hal: handle_oplus_wise_rgb_event:161, wise_rgb: (43376)(cct, lux, ir)[7408.21, 386.95, 39.941628] (r, g, b, c)[16403.22, 11880.12, 7763.63, 33370.24]                 (pwm, hbm, brl, algo)[0.0 0.0 1419.0 2.0], flag 31111
04-11 12:38:48.762  3590  7167 D osense.compress: com.google.android.gms do shrink, target ratio = 66, final ratio = 90, cur ratio = 42
04-11 12:38:48.871  2258  2258 D SensorFeature: name=ssc_screenshot_info ,index = 22
04-11 12:38:48.871  2258  2258 D SensorFeature: write 39 bytes:929543917483794,929544283654939,31112,0
04-11 12:38:48.908  8406 10529 D OplusCellularNetworkConfig: getDnsQueryPriority value=http://www.sina.com.cn/generate_204
04-11 12:38:48.909 14034 15313 D NetworkService[0]: getActiveNetworks networkList size:1
04-11 12:38:48.909 14034 15313 D SubsysThreadPool: execute task
04-11 12:38:48.911 14034 14769 D libc-netbsd: [oplusDnsOpenProxy]: __netdClientDispatch.connect errno = 111
04-11 12:38:48.911 14034 14769 D DNS_CACHE: oplus_oplus_getaddrinfo_proxy open dns proxy failed, use android flow: 1000
04-11 12:38:48.996  2113 20704 I sensors-hal: handle_oplus_wise_rgb_event:189, high_pwm_light:lux 386.5,cct 7377.0,brl/algo/ir 1419.0/2.0/40.3,pwm/dc 0.0/0.0,rgbc 16360.857422/11871.325195/7759.217773/33351.597656,ts 929544247889894,cnt 43380,flag 31112
04-11 12:38:48.996  2113 17862 I sensors-hal: handle_oplus_wise_rgb_event:161, wise_rgb: (43381)(cct, lux, ir)[7377.01, 386.53, 40.328197] (r, g, b, c)[16380.79, 11858.13, 7770.26, 33316.63]                 (pwm, hbm, brl, algo)[0.0 0.0 1419.0 2.0], flag 31112
04-11 12:38:48.998  3438  3988 D QmiClient: qmiServiceEventCallback recv msg id 1099
04-11 12:38:48.998  2727  3986 D QmiClient: qmiServiceEventCallback recv msg id 1099
04-11 12:38:48.998  2727  3986 D QmiClient: enter -mServiceType 4 onQmiServiceEventCallback msgId 1099
04-11 12:38:48.998  3438  3988 D QmiClient: enter -mServiceType 4 onQmiServiceEventCallback msgId 1099
04-11 12:38:48.998  2727  3986 D QmiClient: onQmiServiceEventCallback - enter. msgId=1099
04-11 12:38:48.998  3438  3988 D QmiClient: onQmiServiceEventCallback - enter. msgId=1099
04-11 12:38:48.998  2727  3986 D QmiVsClientEvent: QosPeriodReportInd MSG IND data_len 2052
04-11 12:38:48.998  3438  3988 D QmiVsClientEvent: QosPeriodReportInd MSG IND data_len 2052
04-11 12:38:48.998  2727  3986 D QmiVsClientEvent: qmiVsClientNotifyQosPeriodReportIndEvent - RADIO_EVENT_QOS_PERIOD_REPORT_NOTIFY_IND
04-11 12:38:48.998  3438  3988 D QmiVsClientEvent: qmiVsClientNotifyQosPeriodReportIndEvent - RADIO_EVENT_QOS_PERIOD_REPORT_NOTIFY_IND
04-11 12:38:48.998  3438  3485 D VsProxy : handleMessage msg is 2420
04-11 12:38:48.998  2727  2826 D VsProxy : handleMessage msg is 2420
04-11 12:38:48.998  3438  3485 D VsProxy : handleQosPeriodReportInd for instance 1 data_len 206
04-11 12:38:48.998  2727  2826 D VsProxy : handleQosPeriodReportInd for instance 0 data_len 145
04-11 12:38:48.999 14034   947 D SubsysRadioIndication[0]: radioQosPeriodReportInd result [8, -38, -79, -10, -50, 14, 34, 12, 8, -84, -69, -57, -50, 14, 16, 4, 24, 1, 32, 3, 58, 61, 8, -59, -94, -10, -50, 14, 16, 5, 24, -64, -92, 38, 32, -22, 6, 40, -98, -1, -1, -1, -1, -1, -1, -1, -1, 1, 48, -12, -1, -1, -1, -1, -1, -1, -1, -1, 1, 56, 2, 64, -104, -1, -1, -1, -1, -1, -1, -1, -1, 1, 72, -98, -1, -1, -1, -1, -1, -1, -1, -1, 1, 66, 29, 8, -57, -20, -92, -50, 14, 16, 5, 34, 19, 8, -64, -92, 38, 16, -22, 6, 24, 78, 32, 13, 40, -117, -32, -94, -93, 2, 48, 2, 90, 0, 98, 10, 8, -41, -26, -92, -50, 14, 16, 3, 24, 5, 122, 15, 8, -8, -24, -92, -50, 14, 16, -52, 2, 24, -21, 1, 32, -90, 9]
04-11 12:38:48.999 14034 14747 D SubsysRadioIndication[1]: radioQosPeriodReportInd result [8, -38, -79, -10, -50, 14, 18, 15, 8, -58, -79, -10, -50, 14, 16, 4, 32, -32, 1, 40, 4, 72, 1, 26, 13, 8, -66, -80, -10, -50, 14, 16, 7, 40, 7, 56, -7, 4, 34, 12, 8, -84, -69, -57, -50, 14, 16, 4, 24, 1, 32, 3, 58, 83, 8, -58, -79, -10, -50, 14, 16, 5, 24, -98, -23, 30, 32, -54, 1, 40, -91, -1, -1, -1, -1, -1, -1, -1, -1, 1, 48, -11, -1, -1, -1, -1, -1, -1, -1, -1, 1, 56, 4, 64, -92, -1, -1, -1, -1, -1, -1, -1, -1, 1, 72, -90, -1, -1, -1, -1, -1, -1, -1, -1, 1, 80, -90, -1, -1, -1, -1, -1, -1, -1, -1, 1, 88, -91, -1, -1, -1, -1, -1, -1, -1, -1, 1, 66, 31, 8, -120, -25, -29, -50, 14, 16, 5, 24, 2, 34, 19, 8, -98, -23, 30, 16, -54, 1, 24, 41, 32, 13, 40, -126, -128, -52, -67, 21, 48, 2, 90, 0, 98, 10, 8, -85, -54, -73, -50, 14, 16, 3, 24, 5, 122, 20, 8, -58, -79, -10, -50, 14, 16, -1, -1, 1, 24, -1, -1, 1, 32, -1, -1, -1, -1, 15]
04-11 12:38:48.999 14034 14034 D NetworkService[0]: handleMessage what:1005
04-11 12:38:48.999 14034 14034 D RadioAtomTracker: parseQosPeriodData ModemQos:CellularQosInfo2{5G, 627264/874, EndcState=0, Band=78, DLBW=13, Rsrp=-98, Rsrq=-12, Snr=2, SvcStatus=3, ULPDCPNumDataPdu=-1, ULPDCPNumDropPdu=-1, ULPDCPTput=-1, ULRLCNumDataPdu=-1, ULRLCNumRetxPdu=-1, ULGrant=-1, ULBSR=-1, ULBler=-1, DLPDCPNumDataPdu=-1, DLPDCPTput=-1, DLRLCNumDataPdu=-1, DLRLCNumRetxPdu=-1, DLRLCNumDropPdu=-1, DLMACPaddingBytes=-1, DLPdcpNumMissToUppPdu=-1, DLBler=-1, RlfCount=0, CellChangeCount=0, IsRedirectionOccur=0, IsDualSimConflict=0, Latency=0, Sub1RrcState=1, Sub2RrcState=3, RachCount=0, CalcPower=332, Mtpl=235, PathLoss=1190, CellLoad=0}
04-11 12:38:48.999 14034 14034 D NetworkService[0]: EVENT_REG_QOS_PERIOD_REPORT_IND_CHANGED ENTER
04-11 12:38:48.999 14034 14034 D NetworkService[1]: handleMessage what:1005
04-11 12:38:48.999 14034 14034 D RadioAtomTracker: parseQosPeriodData ModemQos:CellularQosInfo1{5G, 504990/202, EndcState=2, Band=41, DLBW=13, Rsrp=-91, Rsrq=-11, Snr=4, SvcStatus=3, ULPDCPNumDataPdu=4, ULPDCPNumDropPdu=0, ULPDCPTput=224, ULRLCNumDataPdu=4, ULRLCNumRetxPdu=0, ULGrant=0, ULBSR=0, ULBler=1, DLPDCPNumDataPdu=7, DLPDCPTput=633, DLRLCNumDataPdu=7, DLRLCNumRetxPdu=0, DLRLCNumDropPdu=0, DLMACPaddingBytes=0, DLPdcpNumMissToUppPdu=0, DLBler=0, RlfCount=0, CellChangeCount=0, IsRedirectionOccur=0, IsDualSimConflict=0, Latency=3, Sub1RrcState=1, Sub2RrcState=3, RachCount=0, CalcPower=32767, Mtpl=32767, PathLoss=-1, CellLoad=0}
04-11 12:38:49.000 14034 14034 D NetworkService[1]: EVENT_REG_QOS_PERIOD_REPORT_IND_CHANGED ENTER
04-11 12:38:49.000 14034 14034 D AtomModemKpiInfo: handleMessage what:1001
04-11 12:38:49.000 14034 14034 D AtomModemKpiInfo: analyseQosInfo success
04-11 12:38:49.009 15031 15220 D ShellSubscriberWorkerThread: the first 8 bytes empty, and RestData length > 8 
04-11 12:38:49.053  2181  2506 I SDM     : DisplayBuiltIn::IdlePowerCollapse: IPC received, disabling partial update for one frame
04-11 12:38:49.135  3438  4039 D QmiClient: qmiServiceEventCallback recv msg id 47
04-11 12:38:49.135  3438  4039 D QmiClient: enter -mServiceType 10 onQmiServiceEventCallback msgId 47
04-11 12:38:49.135  3438  4039 D QmiClient: onQmiServiceEventCallback - enter. msgId=47
04-11 12:38:49.135  3438  3488 D OttProxy: handleMessage msg is 3001
04-11 12:38:49.136 14034 14747 D SubsysRadioIndication[1]: radioLinkLatencyInfoInd
04-11 12:38:49.136 14034 14747 D SubsysRadioIndication[1]: notify enter
04-11 12:38:49.136 14034 14034 D NetworkService[1]: handleMessage what:1008
04-11 12:38:49.136 14034 14034 D NetworkService[1]: EVENT_REG_LINK_LATENCY_INFO_CHANGE ulLatency:6935
04-11 12:38:49.156   579   827 I ChainTrace: stream type=syncEvent gapMs=1120 refreshMarket=false
04-11 12:38:49.166 14034 15313 D CommonApp-264-10512: transport layer data is invalid
04-11 12:38:49.167 14034 15313 D CommonApp-255-10512: commonScoreStrategy scenarios low package
04-11 12:38:49.167 14034 15313 D ScorePolicy: handleScoreChanged: []
04-11 12:38:49.167 14034 15313 D ScorePolicy: handleScoreChanged: []
04-11 12:38:49.167 14034 15313 D ScorePolicy: handleScoreChanged: []
04-11 12:38:49.186  2280  2331 D BatteryChargeControl: bcc get no support from charging protocol
04-11 12:38:49.207  2181  2506 I SDM     : DisplayBuiltIn::IdlePowerCollapse: IPC received, disabling partial update for one frame
04-11 12:38:49.211  2181 26958 E CwbService: Panel not support apl read or getDisplayPanelAplValue timeout 10ms.
04-11 12:38:49.211  2258  2258 D SensorFeature: name=ssc_screenshot_info ,index = 22
04-11 12:38:49.211  2258  2258 D SensorFeature: write 39 bytes:929544561664470,929544614654106,31113,0
04-11 12:38:49.224  3590  9132 D NotificationService--OplusNotificationFixHelper: fixAppIcon: pkg=com.v2ray.ang
04-11 12:38:49.224  3590  9132 D NotificationService--OplusNotificationFixHelper: fixAppIcon: appIcon = null, pkg = com.v2ray.ang
04-11 12:38:49.225  3590  9132 D NotificationService--NotificationRecord: isSupportRearLight , isRearLight = false mLedRM = false isMultilLed = false
04-11 12:38:49.225  3590  9132 I OplusStatusBarManagerServiceEnhance:  getTopIsFullscreen mTopIsFullscreen: false
04-11 12:38:49.225  3590  9132 W ActivityManager: Permission Denial: getTopApplicationInfo from pid=18198, uid=10397 requires oplus.permission.OPLUS_COMPONENT_SAFE
04-11 12:38:49.225  3590  9132 E OplusNotificationCenter: getForegroundApplication exception
04-11 12:38:49.225  3590  3590 D NotificationService--OplusNotificationManagerServiceExtImpl: isForwardToAssistants: true, case : Is local notification
04-11 12:38:49.225  3590  3590 D NotificationService: This application enqueue notifications is need postDelayed mcsAssistantDelayTime: 50
04-11 12:38:49.262  2113 17862 I sensors-hal: handle_oplus_wise_rgb_event:161, wise_rgb: (43386)(cct, lux, ir)[7400.58, 386.07, 40.439167] (r, g, b, c)[16370.82, 11858.13, 7759.22, 33332.95]                 (pwm, hbm, brl, algo)[0.0 0.0 1419.0 2.0], flag 31113
04-11 12:38:49.285  8338  8338 I SystemUi--Notification: OplusLiveAlertNotificationsRepository-->onRankingApplied
04-11 12:38:49.292  8338  8338 I PluginSeedling--Track: RequestHandler-->notificationUpdated 0|com.v2ray.ang|1|null|10397 postTime: 1775882329224
04-11 12:38:49.292  8338  8338 E LockScreenNotificationDispatcherImp: updateNotificationListOnKg size:0
04-11 12:38:49.296  8338  8338 W SystemUi--Notification: OplusNotificationGroupExtImpl-->setChildrenExpanded: groupHeader is null
04-11 12:38:49.297  8338  8338 I SystemUi--Notification: LockScreenNotificationDispatcherImp-->updateNotificationListOnKg resultCode: 0
04-11 12:38:49.323  8338  8706 D LocalImageResolver: Couldn't use ImageDecoder for drawable, falling back to non-resized load.
04-11 12:38:49.324  8338  8338 D OplusNotificationDateTimeView: setTime mSettingTimeMillis 1775882329223, mSettingLocalDateTime 2026-04-11T12:38:00.223
04-11 12:38:49.330  8338  8706 W OPLUS_LOG_LOAD: ==LOGS PROG INFO, prog(com.android.systemui) ==
04-11 12:38:49.330  8338  8706 D LocalImageResolver: Couldn't use ImageDecoder for drawable, falling back to non-resized load.
04-11 12:38:49.330 10330 10351 I ostats_tpd: stats_write, records atomId:100100, event_id:903, cpu:0, values: 903-0-1-213-(cpu-1-0-1)-26-0-1
04-11 12:38:49.330 10385 10443 I ThermalEngine: VIRTUAL-CPU-L-PID, Update received trip sensor cpu-1-0-1 92300
04-11 12:38:49.331 10330 10351 I ostats_tpd: stats_write, records atomId:100100, event_id:903, cpu:5, values: 903-0-1-10614-(cpu-1-0-1)-26-0-1
04-11 12:38:49.331  8338  8338 D OplusNotificationDateTimeView: setTime mSettingTimeMillis 1775882329223, mSettingLocalDateTime 2026-04-11T12:38:00.223
04-11 12:38:49.335  8338  8706 D LocalImageResolver: Couldn't use ImageDecoder for drawable, falling back to non-resized load.
04-11 12:38:49.335  8338  8338 D OplusNotificationDateTimeView: setTime mSettingTimeMillis 1775882329223, mSettingLocalDateTime 2026-04-11T12:38:00.223
04-11 12:38:49.338 10385 10443 I ThermalEngine: VIRTUAL-CPU-L-PID, Update received trip sensor cpu-1-0-1 79500
04-11 12:38:49.339  8338  8338 I SystemUi--Notification: OplusNotificationTempla-->resolveContentMargin: marginTop=112 isChildInGroup=false hasSubtitle=true params.topMargin=112
04-11 12:38:49.341  8338  8338 W SystemUi--Notification: OplusNotificationGroupExtImpl-->setChildrenExpanded: groupHeader is null
04-11 12:38:49.347  8338  8338 E LockScreenNotificationDispatcherImp: updateNotificationListOnKg size:0
04-11 12:38:49.352  8338  8338 W SystemUi--Notification: OplusNotificationGroupExtImpl-->setChildrenExpanded: groupHeader is null
04-11 12:38:49.353  8338  8338 I SystemUi--Notification: LockScreenNotificationDispatcherImp-->updateNotificationListOnKg resultCode: 0
04-11 12:38:49.389   579   669 I binance.monitor: Waiting for a blocking GC ProfileSaver
04-11 12:38:49.421   579   579 I SurfaceControl:  setExtendedRangeBrightness sc=Surface(name=)/@0xb5ec0c6,currentBufferRatio=1.0,desiredRatio=1.0
04-11 12:38:49.421  3590  9132 V WindowManager: Relayout Window{7b513bd u0 com.binance.monitor}: viewVisibility=0, oldvis=0, req=315x429 , apr = 0, vsysui=, x=42, y=420
04-11 12:38:49.421  3590  9132 D InsetsSourceProvider: updateSourceFrameForServerVisibility mandatorySystemGestures EMPTY_RECT
04-11 12:38:49.422  3590  9132 D InsetsSourceProvider: updateSourceFrameForServerVisibility mandatorySystemGestures EMPTY_RECT
04-11 12:38:49.435  3590  9132 W Settings: Setting notification_bubbles has moved from android.provider.Settings.Global to android.provider.Settings.Secure, returning read-only value.
04-11 12:38:49.435  3590  9132 W Settings: Setting apply_ramping_ringer has moved from android.provider.Settings.Global to android.provider.Settings.System, returning read-only value.
04-11 12:38:49.436  3590  9132 W SettingsStatsUtil: Can not parse value to float: +network
04-11 12:38:49.436  3590  9132 W SettingsStatsUtil: Can not parse value to float: +network
04-11 12:38:49.446   579   669 I binance.monitor: WaitForGcToComplete blocked ProfileSaver on Background for 57.212ms
04-11 12:38:49.526  2181  2506 I SDM     : DisplayBuiltIn::IdlePowerCollapse: IPC received, disabling partial update for one frame
04-11 12:38:49.527  3590  9788 I AICCTModule: SensorFilter: brightness threshold 1.4 screenNit is 104.459 ave enviroment lux is 321.01947 luxForNit 101.774155demarcationPoint200.0 result is false
04-11 12:38:49.527  3590  9788 I AICCTModule: SensorFilter: findSecondNearestValue, sensorValue: 7711.7075 nearestMaxValue:7723.4165 secondNearestValue: 7723.4165
04-11 12:38:49.527  3590  9788 I AICCTModule: SensorFilter: findSecondNearestValue, sensorValue: 321.95688 nearestMaxValue:321.34256 secondNearestValue: 321.34256
04-11 12:38:49.605  2181  2506 I SDM     : DisplayBuiltIn::IdlePowerCollapse: IPC received, disabling partial update for one frame
04-11 12:38:49.614  2181  2532 E CwbService: Panel not support apl read or getDisplayPanelAplValue timeout 10ms.
04-11 12:38:49.614  2258  2258 D SensorFeature: name=ssc_screenshot_info ,index = 22
04-11 12:38:49.614  2258  2258 D SensorFeature: write 39 bytes:929544961854470,929545016237126,31114,0
04-11 12:38:49.709  4482  4659 W ServiceManagerCppClient: Waited one second for SystemClearService (is service started? Number of threads started in the threadpool: 16. Are binder threads started and available?)
04-11 12:38:49.710  4482  4680 W ServiceManagerCppClient: Waited one second for SystemClearService (is service started? Number of threads started in the threadpool: 16. Are binder threads started and available?)
04-11 12:38:49.711  1254  1042 W libc    : Unable to set property "ctl.interface_start" to "aidl/SystemClearService": PROP_ERROR_HANDLE_CONTROL_MESSAGE (0x20)
04-11 12:38:49.711  1254  1043 W libc    : Unable to set property "ctl.interface_start" to "aidl/SystemClearService": PROP_ERROR_HANDLE_CONTROL_MESSAGE (0x20)
04-11 12:38:49.785  3590  7344 V AlarmManager: sending alarm Alarm{ea0049a type 1 origWhen 1775882329785 whenElapsed 929545199 android} uid 1000 whenElapsed 929545199 windowLength 0 maxWhenElapsed 929545199 repeatInterval 0 action null component null tag StorgaeBandInfoAlarmTag flags 0x9 procName system_server
04-11 12:38:49.786  3590 10338 E OplusStorageUFSBandwidth: storage_io_metrics_path is /proc/oplus_storage/io_metrics/forever/
04-11 12:38:49.787  3590 10338 E OplusStorageUFSBandwidth: Bandwidth - Read: 0.00 MB/s, Write: 5.99 MB/s
04-11 12:38:49.787  3590 10338 E OplusStorageUFSBandwidth: Task time: 1ms
04-11 12:38:49.789  3590 10338 E OplusStorageUFSBandwidth: Alarm set to trigger in 10 seconds
04-11 12:38:49.816  2113 17862 I sensors-hal: handle_oplus_wise_rgb_event:161, wise_rgb: (43391)(cct, lux, ir)[7331.31, 385.66, 40.985954] (r, g, b, c)[16378.30, 11880.12, 7774.67, 33384.23]                 (pwm, hbm, brl, algo)[0.0 0.0 1419.0 2.0], flag 31114
04-11 12:38:49.817  2280  2323 D vendor.oplus.hardware.charger-V10-service: ret_value:121, read content:,294,294,4334,4325,248,93,95,1,1,0,497,5041,95,1,4480,600,500,0,0,9500,0,0,1,0,2,0,0,0,1,5868,96,0,4686,5046,0,0,0,0,0,0
04-11 12:38:49.818  2113 20704 I sensors-hal: handle_oplus_wise_rgb_event:189, high_pwm_light:lux 385.7,cct 7331.3,brl/algo/ir 1419.0/2.0/41.0,pwm/dc 0.0/0.0,rgbc 16380.791016/11880.124023/7770.255371/33379.570312,ts 929544970284842,cnt 43390,flag 31114
04-11 12:38:49.818  3590  7333 D FusionLightNextGen: process end reported = 1, mode: 0, cnt: 399430, lux 321.7, cct 7729.1, r/g/b/c: 16398.2/11864.7/7776.9/33363.3, R/G/B: 154.0/149.0/137.0, bri 1419.0, match 1.00, ir 0.043953, conf 5.0, ts 929545003497811
04-11 12:38:49.819  2280  2323 D vendor.oplus.hardware.charger-V10-service: gmtime: 2026-04-11-12-38-49
04-11 12:38:49.819  2280  2323 D vendor.oplus.hardware.charger-V10-service: usb_online:1, ac_online:-2147483648, wireless_online:-2147483648
04-11 12:38:49.920  2258  2258 D SensorFeature: name=ssc_screenshot_info ,index = 22
04-11 12:38:49.920  2258  2258 D SensorFeature: write 39 bytes:929544961854470,929545332186345,31115,0
04-11 12:38:49.926  2113 17888 I sensors-hal: handle_sns_std_sensor_event:114, oplus rgb_rear sample: (cct, lux, ir, x, y)[10326, 31, 337, 259, 318]
04-11 12:38:49.926  2113 17888 I sensors-hal: handle_sns_std_sensor_event:116, oplus rgb_rear sample: (r, g, b, c w)[1249, 2560, 637, 863, 0]
04-11 12:38:50.049  2181  2506 I SDM     : DisplayBuiltIn::IdlePowerCollapse: IPC received, disabling partial update for one frame
04-11 12:38:50.062  2113 17862 I sensors-hal: handle_oplus_wise_rgb_event:161, wise_rgb: (43396)(cct, lux, ir)[7328.94, 386.67, 40.455074] (r, g, b, c)[16403.22, 11864.73, 7761.43, 33360.92]                 (pwm, hbm, brl, algo)[0.0 0.0 1419.0 2.0], flag 31115
04-11 12:38:50.099  2727  3986 D QmiClient: qmiServiceEventCallback recv msg id 1099
04-11 12:38:50.099  2727  3986 D QmiClient: enter -mServiceType 4 onQmiServiceEventCallback msgId 1099
04-11 12:38:50.099  2727  3986 D QmiClient: onQmiServiceEventCallback - enter. msgId=1099
04-11 12:38:50.099  2727  3986 D QmiVsClientEvent: QosPeriodReportInd MSG IND data_len 2052
04-11 12:38:50.099  2727  3986 D QmiVsClientEvent: qmiVsClientNotifyQosPeriodReportIndEvent - RADIO_EVENT_QOS_PERIOD_REPORT_NOTIFY_IND
04-11 12:38:50.100  2727  2826 D VsProxy : handleMessage msg is 2420
04-11 12:38:50.100  2727  2826 D VsProxy : handleQosPeriodReportInd for instance 0 data_len 145
04-11 12:38:50.100  3438  3988 D QmiClient: qmiServiceEventCallback recv msg id 1099
04-11 12:38:50.100  3438  3988 D QmiClient: enter -mServiceType 4 onQmiServiceEventCallback msgId 1099
04-11 12:38:50.100  3438  3988 D QmiClient: onQmiServiceEventCallback - enter. msgId=1099
04-11 12:38:50.100  3438  3988 D QmiVsClientEvent: QosPeriodReportInd MSG IND data_len 2052
04-11 12:38:50.100  3438  3988 D QmiVsClientEvent: qmiVsClientNotifyQosPeriodReportIndEvent - RADIO_EVENT_QOS_PERIOD_REPORT_NOTIFY_IND
04-11 12:38:50.101  3438  4039 D QmiClient: qmiServiceEventCallback recv msg id 47
04-11 12:38:50.101  3438  3485 D VsProxy : handleMessage msg is 2420
04-11 12:38:50.101  3438  3485 D VsProxy : handleQosPeriodReportInd for instance 1 data_len 204
04-11 12:38:50.101  3438  4039 D QmiClient: enter -mServiceType 10 onQmiServiceEventCallback msgId 47
04-11 12:38:50.101  3438  4039 D QmiClient: onQmiServiceEventCallback - enter. msgId=47
04-11 12:38:50.101  3438  3488 D OttProxy: handleMessage msg is 3001
04-11 12:38:50.101 14034 14747 D SubsysRadioIndication[0]: radioQosPeriodReportInd result [8, -91, -70, -10, -50, 14, 34, 12, 8, -84, -69, -57, -50, 14, 16, 4, 24, 1, 32, 3, 58, 61, 8, -10, -75, -10, -50, 14, 16, 5, 24, -64, -92, 38, 32, -22, 6, 40, -96, -1, -1, -1, -1, -1, -1, -1, -1, 1, 48, -12, -1, -1, -1, -1, -1, -1, -1, -1, 1, 56, 1, 64, -103, -1, -1, -1, -1, -1, -1, -1, -1, 1, 72, -96, -1, -1, -1, -1, -1, -1, -1, -1, 1, 66, 29, 8, -57, -20, -92, -50, 14, 16, 5, 34, 19, 8, -64, -92, 38, 16, -22, 6, 24, 78, 32, 13, 40, -117, -32, -94, -93, 2, 48, 2, 90, 0, 98, 10, 8, -41, -26, -92, -50, 14, 16, 3, 24, 5, 122, 15, 8, -8, -24, -92, -50, 14, 16, -52, 2, 24, -21, 1, 32, -90, 9]
04-11 12:38:50.101 14034   947 D SubsysRadioIndication[1]: radioQosPeriodReportInd result [8, -90, -70, -10, -50, 14, 18, 18, 8, -84, -72, -10, -50, 14, 16, 3, 32, -97, 1, 40, 3, 56, -94, 1, 72, 1, 26, 13, 8, -59, -74, -10, -50, 14, 16, 4, 40, 4, 56, -112, 4, 34, 12, 8, -84, -69, -57, -50, 14, 16, 4, 24, 1, 32, 3, 58, 83, 8, -84, -72, -10, -50, 14, 16, 5, 24, -98, -23, 30, 32, -54, 1, 40, -91, -1, -1, -1, -1, -1, -1, -1, -1, 1, 48, -12, -1, -1, -1, -1, -1, -1, -1, -1, 1, 56, 3, 64, -92, -1, -1, -1, -1, -1, -1, -1, -1, 1, 72, -90, -1, -1, -1, -1, -1, -1, -1, -1, 1, 80, -91, -1, -1, -1, -1, -1, -1, -1, -1, 1, 88, -93, -1, -1, -1, -1, -1, -1, -1, -1, 1, 66, 31, 8, -120, -25, -29, -50, 14, 16, 5, 24, 2, 34, 19, 8, -98, -23, 30, 16, -54, 1, 24, 41, 32, 13, 40, -126, -128, -52, -67, 21, 48, 2, 90, 0, 98, 10, 8, -85, -54, -73, -50, 14, 16, 3, 24, 5, 122, 15, 8, -59, -74, -10, -50, 14, 16, -53, 1, 24, -11, 1, 32, -32, 8]
04-11 12:38:50.102 14034   947 D SubsysRadioIndication[1]: radioLinkLatencyInfoInd
04-11 12:38:50.102 14034   947 D SubsysRadioIndication[1]: notify enter
04-11 12:38:50.102 14034 14034 D NetworkService[0]: handleMessage what:1005
04-11 12:38:50.102 14034 14034 D RadioAtomTracker: parseQosPeriodData ModemQos:CellularQosInfo2{5G, 627264/874, EndcState=0, Band=78, DLBW=13, Rsrp=-96, Rsrq=-12, Snr=1, SvcStatus=3, ULPDCPNumDataPdu=-1, ULPDCPNumDropPdu=-1, ULPDCPTput=-1, ULRLCNumDataPdu=-1, ULRLCNumRetxPdu=-1, ULGrant=-1, ULBSR=-1, ULBler=-1, DLPDCPNumDataPdu=-1, DLPDCPTput=-1, DLRLCNumDataPdu=-1, DLRLCNumRetxPdu=-1, DLRLCNumDropPdu=-1, DLMACPaddingBytes=-1, DLPdcpNumMissToUppPdu=-1, DLBler=-1, RlfCount=0, CellChangeCount=0, IsRedirectionOccur=0, IsDualSimConflict=0, Latency=0, Sub1RrcState=1, Sub2RrcState=3, RachCount=0, CalcPower=332, Mtpl=235, PathLoss=1190, CellLoad=0}
04-11 12:38:50.102 14034 14034 D NetworkService[0]: EVENT_REG_QOS_PERIOD_REPORT_IND_CHANGED ENTER
04-11 12:38:50.102 14034 14034 D NetworkService[1]: handleMessage what:1005
04-11 12:38:50.102 14034 14034 D RadioAtomTracker: parseQosPeriodData ModemQos:CellularQosInfo1{5G, 504990/202, EndcState=2, Band=41, DLBW=13, Rsrp=-91, Rsrq=-12, Snr=3, SvcStatus=3, ULPDCPNumDataPdu=3, ULPDCPNumDropPdu=0, ULPDCPTput=159, ULRLCNumDataPdu=3, ULRLCNumRetxPdu=0, ULGrant=162, ULBSR=0, ULBler=1, DLPDCPNumDataPdu=4, DLPDCPTput=528, DLRLCNumDataPdu=4, DLRLCNumRetxPdu=0, DLRLCNumDropPdu=0, DLMACPaddingBytes=0, DLPdcpNumMissToUppPdu=0, DLBler=0, RlfCount=0, CellChangeCount=0, IsRedirectionOccur=0, IsDualSimConflict=0, Latency=6, Sub1RrcState=1, Sub2RrcState=3, RachCount=0, CalcPower=203, Mtpl=245, PathLoss=1120, CellLoad=0}
04-11 12:38:50.102 14034 14034 D NetworkService[1]: EVENT_REG_QOS_PERIOD_REPORT_IND_CHANGED ENTER
04-11 12:38:50.102 14034 14034 D NetworkService[1]: handleMessage what:1008
04-11 12:38:50.102 14034 14034 D NetworkService[1]: EVENT_REG_LINK_LATENCY_INFO_CHANGE ulLatency:10656
04-11 12:38:50.102 14034 14034 D AtomModemKpiInfo: handleMessage what:1001
04-11 12:38:50.102 14034 14034 D AtomModemKpiInfo: analyseQosInfo success
04-11 12:38:50.115   579   827 I ChainTrace: stream type=heartbeat gapMs=959 refreshMarket=false
04-11 12:38:50.187  2280  2331 D BatteryChargeControl: bcc get no support from charging protocol
04-11 12:38:50.190 14034 15313 D CommonApp-264-10512: transport layer data is invalid
04-11 12:38:50.190 14034 15313 D CommonApp-255-10512: commonScoreStrategy scenarios low package
04-11 12:38:50.190 14034 15313 D ScorePolicy: handleScoreChanged: []
04-11 12:38:50.190 14034 15313 D ScorePolicy: handleScoreChanged: []
04-11 12:38:50.190 14034 15313 D ScorePolicy: handleScoreChanged: []
04-11 12:38:50.261  2181  2506 I SDM     : DisplayBuiltIn::IdlePowerCollapse: IPC received, disabling partial update for one frame
04-11 12:38:50.267  2181 26958 E CwbService: Panel not support apl read or getDisplayPanelAplValue timeout 10ms.
04-11 12:38:50.268  2258  2258 D SensorFeature: name=ssc_screenshot_info ,index = 22
04-11 12:38:50.268  2258  2258 D SensorFeature: write 39 bytes:929545617243949,929545670368637,31116,0
04-11 12:38:50.330  2113 20704 I sensors-hal: handle_oplus_wise_rgb_event:189, high_pwm_light:lux 386.2,cct 7386.3,brl/algo/ir 1419.0/2.0/40.7,pwm/dc 0.0/0.0,rgbc 16395.742188/11871.325195/7768.047363/33384.230469,ts 929545625143123,cnt 43400,flag 31116
04-11 12:38:50.330  2113 17862 I sensors-hal: handle_oplus_wise_rgb_event:161, wise_rgb: (43401)(cct, lux, ir)[7386.28, 386.20, 40.724770] (r, g, b, c)[16398.23, 11875.72, 7779.08, 33379.57]                 (pwm, hbm, brl, algo)[0.0 0.0 1419.0 2.0], flag 31116
04-11 12:38:50.574  2258  2258 D SensorFeature: name=ssc_screenshot_info ,index = 22
04-11 12:38:50.574  2258  2258 D SensorFeature: write 39 bytes:929545617243949,929545986796136,31117,0
04-11 12:38:50.596  2113 17862 I sensors-hal: handle_oplus_wise_rgb_event:161, wise_rgb: (43406)(cct, lux, ir)[7366.53, 385.81, 41.096043] (r, g, b, c)[16433.12, 11882.32, 7796.74, 33379.57]                 (pwm, hbm, brl, algo)[0.0 0.0 1419.0 2.0], flag 31117
04-11 12:38:50.596  3590  9788 I AICCTModule: SensorFilter: brightness threshold 1.4 screenNit is 104.459 ave enviroment lux is 321.84137 luxForNit 101.85057demarcationPoint200.0 result is false
04-11 12:38:50.597  3590  9788 I AICCTModule: SensorFilter: findSecondNearestValue, sensorValue: 7723.4165 nearestMaxValue:7729.0645 secondNearestValue: 7729.0645
04-11 12:38:50.597  3590  9788 I AICCTModule: SensorFilter: findSecondNearestValue, sensorValue: 321.34256 nearestMaxValue:321.2727 secondNearestValue: 321.46207
04-11 12:38:50.710  4482  4659 W ServiceManagerCppClient: Waited one second for SystemClearService (is service started? Number of threads started in the threadpool: 16. Are binder threads started and available?)
04-11 12:38:50.710  4482  4680 W ServiceManagerCppClient: Waited one second for SystemClearService (is service started? Number of threads started in the threadpool: 16. Are binder threads started and available?)
04-11 12:38:50.711  1254  1051 W libc    : Unable to set property "ctl.interface_start" to "aidl/SystemClearService": PROP_ERROR_HANDLE_CONTROL_MESSAGE (0x20)
04-11 12:38:50.711  1254  1052 W libc    : Unable to set property "ctl.interface_start" to "aidl/SystemClearService": PROP_ERROR_HANDLE_CONTROL_MESSAGE (0x20)
04-11 12:38:50.739   579  1053 D libc-netbsd: [oplusDnsOpenProxy]: __netdClientDispatch.connect errno = 111
04-11 12:38:50.739   579  1053 D DNS_CACHE: oplus_oplus_getaddrinfo_proxy open dns proxy failed, use android flow: 10512
04-11 12:38:50.740   579  1053 D libc-netbsd: [oplusDnsOpenProxy]: __netdClientDispatch.connect errno = 111
04-11 12:38:50.744 18198 18323 I GoLog   : from tcp:127.0.0.1:44434 accepted tcp:43.155.214.62:443 [socks >> proxy]
04-11 12:38:50.747  3590  7389 W Binder  : Outgoing transactions from this process must be FLAG_ONEWAY
04-11 12:38:50.747  3590  7389 W Binder  : java.lang.Throwable
04-11 12:38:50.747  3590  7389 W Binder  : 	at android.os.BinderProxy.transact(BinderProxy.java:639)
04-11 12:38:50.747  3590  7389 W Binder  : 	at android.content.ContentProviderProxy.insert(ContentProviderNative.java:587)
04-11 12:38:50.747  3590  7389 W Binder  : 	at android.content.ContentProviderClient.insert(ContentProviderClient.java:347)
04-11 12:38:50.747  3590  7389 W Binder  : 	at android.content.ContentProviderClient.insert(ContentProviderClient.java:336)
04-11 12:38:50.747  3590  7389 W Binder  : 	at com.oplus.util.OplusStatisticsImpl.insert(OplusStatisticsImpl.java:307)
