--------- beginning of main
04-11 12:38:51.216  2181  2506 I SDM     : DisplayBuiltIn::IdlePowerCollapse: IPC received, disabling partial update for one frame
04-11 12:38:51.220  2181 26958 E CwbService: Panel not support apl read or getDisplayPanelAplValue timeout 10ms.
04-11 12:38:51.221  2258  2258 D SensorFeature: name=ssc_screenshot_info ,index = 22
04-11 12:38:51.221  2258  2258 D SensorFeature: write 39 bytes:929546572414470,929546623872855,31119,0
04-11 12:38:51.242 12913 18999 I CardConfig.CardConfigRepository: subscribePackageChange4Ocs, check ocs [UMS|com.oplus.pantanal.ums|2.0.42-6d1531a]
--------- beginning of system
04-11 12:38:51.260  3590  7344 V AlarmManager: sending alarm Alarm{5a871ec type 3 origWhen 929546674 whenElapsed 929546674 android} uid 1000 whenElapsed 929546674 windowLength 0 maxWhenElapsed 929546674 repeatInterval 0 action null component null tag *job.delay* flags 0x0 procName system_server
04-11 12:38:51.271 22644 22644 D WM-DelayedWorkTracker: Scheduling work 101ab432-2c02-4c3a-84d0-7d6123141510
04-11 12:38:51.271 22644 22644 D WM-GreedyScheduler: Starting tracking for 101ab432-2c02-4c3a-84d0-7d6123141510
04-11 12:38:51.272  2110  2110 D healthd : system healthd: battery l=95 v=4381 t=29.3 h=2 st=2 c=-149 fc=6100000 cc=441 chg=u
04-11 12:38:51.272 22644 22783 D WM-ConstraintTracker: c: initial state = true
04-11 12:38:51.272 22644 22783 D WM-BrdcstRcvrCnstrntTrc: c: registering receiver
04-11 12:38:51.274 22644 22644 D WM-SystemJobService: onStartJob for WorkGenerationalId(workSpecId=101ab432-2c02-4c3a-84d0-7d6123141510, generation=0)
04-11 12:38:51.274 22644 22781 D WM-GreedyScheduler: Constraints met: Scheduling work ID WorkGenerationalId(workSpecId=101ab432-2c02-4c3a-84d0-7d6123141510, generation=0)
04-11 12:38:51.275 22644 22781 D WM-Processor: s: processing WorkGenerationalId(workSpecId=101ab432-2c02-4c3a-84d0-7d6123141510, generation=0)
04-11 12:38:51.276 22644 22781 D WM-Processor: Work WorkGenerationalId(workSpecId=101ab432-2c02-4c3a-84d0-7d6123141510, generation=0) is already enqueued for processing
04-11 12:38:51.278 22644 22644 D WM-WorkerWrapper: Starting work for com.oplus.oss.bussiness.localapp.work.LocalAppOneTimeWorker
04-11 12:38:51.278 22644  1075 I DMP-AppInitializer: isAppAvailable for work, caller: null
04-11 12:38:51.278 22644  1075 I DMP-OFreezeProtectWorker: takeProtectionFromFrozen, no need to protect
04-11 12:38:51.278 22644  1075 I DMP-AbstractWorker: parseData, resource: localApp, method1:onReceive, work: onReceiveWork, extras: Bundle[{action=android.intent.action.PACKAGE_REPLACED, package=com.binance.monitor}], initIndexCount:5000
04-11 12:38:51.278 22644  1075 I DMP-AbstractWorker: doWork started, resource: localApp, method3:onReceive, work:Work{mWorkName=onReceiveWork, mWorkTerm=long, mReportId=false, mCreate=Create{mIndexStatus=null, mQueryTime=0, mInterval=0, mDeletedDocs=null, mNeedRebuildFlag=0, mIndexCheckFlag=false, mDrop=null, mHighTemperature=50, mMinPower=null, mScreen=null, mDeletedConditions=null}, mEntry=null, mMoreBatch=null, mChained=true, mInitialDelay=10, mWorkOneTimeLimit=0}
04-11 12:38:51.279 22644  1075 I DMP-PowerUtils: getHoraeTemperature:30
04-11 12:38:51.279 22644  1075 I DMP-AbstractWorker: dispatchWork: onReceiveWork for [localApp]
04-11 12:38:51.279  2280  2280 D ChargerInfo: getInfo: type: 0x1, update: 1
04-11 12:38:51.279  2280  2306 D ChargerInfo: chargerInfoUpdateThread: update start
04-11 12:38:51.279 22644  1075 I DMP-SAUWorkConfigManager: sau work config not found
04-11 12:38:51.280 22644  1075 I DMP-PowerUtils: getHoraeTemperature:30
04-11 12:38:51.280 22644  1075 I DMP-PowerUtils: battery status: BATTERY_STATUS_CHARGING(2)
04-11 12:38:51.280 22644  1075 I DMP-AbstractDataCollector: getQuotaRecord ignored
04-11 12:38:51.283  2280  2306 D ChargerInfo: enableTx: path(/proc/wireless/enable_tx): not exist
04-11 12:38:51.283  2280  2306 D ChargerInfo: wlsAdapterPower: path(/sys/class/oplus_chg/wireless/max_w_power): not exist
04-11 12:38:51.283  2280  2306 D ChargerInfo: unknown: path(/sys/class/oplus_chg/ac/online) and backupPath(/sys/class/power_supply/ac/online) not exist
04-11 12:38:51.283  2280  2306 D ChargerInfo: unknown: path(/sys/class/oplus_chg/ac/online) and backupPath(/sys/class/power_supply/ac/online) not exist
04-11 12:38:51.283  2280  2306 D ChargerInfo: get_ui_charge_icon_type: [0 0] [0 0] 1
04-11 12:38:51.283  2280  2306 D ChargerInfo: unknown: path(/sys/class/oplus_chg/ac/online) and backupPath(/sys/class/power_supply/ac/online) not exist
04-11 12:38:51.283  2280  2306 D ChargerInfo: unknown: path(/sys/class/oplus_chg/ac/online) and backupPath(/sys/class/power_supply/ac/online) not exist
04-11 12:38:51.283  2280  2306 E ChargerInfo: SingleHyperPath not found
04-11 12:38:51.283  2280  2306 D ChargerInfo: chargerInfoUpdateThread: update end
04-11 12:38:51.283  2280  2306 D ChargerInfo: chargerInfoUpdateThread: update wait
04-11 12:38:51.283  2280  2280 D ChargerInfo: enableTx: path(/proc/wireless/enable_tx): not exist
04-11 12:38:51.283  2280  2280 D ChargerInfo: wlsAdapterPower: path(/sys/class/oplus_chg/wireless/max_w_power): not exist
04-11 12:38:51.283  2280  2280 D ChargerInfo: getInfo: {"Update":{"batteryFcc":5814,"batteryRm":4686,"bddLeakCurr":0,"bmsStatus":0,"bypassChgStatus":2,"chargeTimeRemaining":0,"cpaPower":2,"enableTx":"0","fastCharge":0,"isSupportSpeedCharge":0,"notifyCode":0,"otgOnline":1,"ppsChargePower":0,"ppsCharging":0,"shortCHwStatus":0,"shortIcOtpStatus":0,"uiIconType":0,"uiPower":0,"usbStatus":0,"wlsAdapterPower":0}}
04-11 12:38:51.284  3590  3848 D BatteryStatsImplExtImpl: updateStandbyStatistics time interval is too short, ingore.
04-11 12:38:51.284  3590  3848 D BatteryStatsImplExtImpl: rpmhStats is null or interval time is too short.
04-11 12:38:51.290 22644  1075 I .oplus.dmp:main: AssetManager2(0xb400007246dd9828) locale list changing from [] to [zh-CN]
04-11 12:38:51.292 22644  1075 I .oplus.dmp:main: AssetManager2(0xb400007246dd9828) locale list changing from [zh-CN] to [en-US]
04-11 12:38:51.292 22644  1075 I .oplus.dmp:main: AssetManager2(0xb400007246dd9828) locale list changing from [en-US] to [zh-CN]
04-11 12:38:51.292 22644  1075 I .oplus.dmp:main: AssetManager2(0xb400007246dd9828) locale list changing from [zh-CN] to [zh-HK]
04-11 12:38:51.292 22644  1075 I .oplus.dmp:main: AssetManager2(0xb400007246dd9828) locale list changing from [zh-HK] to [zh-CN]
04-11 12:38:51.292 22644  1075 I .oplus.dmp:main: AssetManager2(0xb400007246dd9828) locale list changing from [zh-CN] to [zh-TW]
04-11 12:38:51.292 22644  1075 I .oplus.dmp:main: AssetManager2(0xb400007246dd9828) locale list changing from [zh-TW] to [zh-CN]
04-11 12:38:51.293 22644  1075 I .oplus.dmp:main: AssetManager2(0xb400007246dd9828) locale list changing from [zh-CN] to [ug-CN]
04-11 12:38:51.293 22644  1075 I .oplus.dmp:main: AssetManager2(0xb400007246dd9828) locale list changing from [ug-CN] to [zh-CN]
04-11 12:38:51.296  3590  8835 D ShortcutService: Getting shortcuts for launcher= androiduserId=0 pkg=com.binance.monitor
04-11 12:38:51.296  3590  8835 D ShortcutService: getShortcutsInnerLocked() returned empty results because com.binance.monitor isn't loaded
04-11 12:38:51.299 22644  1075 I DMP-LocalAppSynonymsConfig: init: loaded 38 synonym items
04-11 12:38:51.299 22644  1077 I DMP-LocalAppSynonymsResolver: update config from rus, curVersion:-1
04-11 12:38:51.299 22644  1077 I DMP-ProviderUtils: queryOrThrow uri:content://com.oplus.romupdate.provider.db/update_list, projection:[version, xml], args:Bundle[{android:query-arg-sql-selection=filtername=? and version>?, android:query-arg-sql-selection-args=[local_app_synonyms_config, -1], android:query-arg-sql-sort-order=version DESC}]
04-11 12:38:51.299 22644  1075 W DMP-SqliteStoreFieldHandler: HighlightHandler no config
04-11 12:38:51.300 22644  1075 I DMP-IndexWriter: update records size:1
04-11 12:38:51.300 22644  1075 I DMP-IndexWriter: add records size:1
04-11 12:38:51.300 22644  1075 I DMP-FileReader: createCache resId:6
04-11 12:38:51.302 22644  1077 I DMP-LocalAppSynonymsResolver: getConfigFromRUS failed, count:0
04-11 12:38:51.303 22644  1077 I DMP-LocalAppSynonymsManager: updateAssetsAndRemoteConfig: no update
04-11 12:38:51.309 22644  1075 I DMP-SqliteIndexBuilder: save
04-11 12:38:51.310 22644  1075 I DMP-DeletedMetaInfoTableAdapter: add number of docs:1, docIDs:[639]
04-11 12:38:51.313 22644  1075 I DMP-FileReader: clearCache resId:6
04-11 12:38:51.313 22644  1075 I DMP-FileReader: clearCache resId:6
04-11 12:38:51.320 22644  1075 I DMP-AbstractWorker: setIndexFailCount method:onReceive, count:0, all:onReceive=0,dailyTask=0,rearrange=0
04-11 12:38:51.320 22644  1075 I DMP-AbstractWorker: doWork finished, resource: localApp, method5:onReceive, work:Work{mWorkName=onReceiveWork, mWorkTerm=long, mReportId=false, mCreate=Create{mIndexStatus=null, mQueryTime=0, mInterval=0, mDeletedDocs=null, mNeedRebuildFlag=0, mIndexCheckFlag=false, mDrop=null, mHighTemperature=50, mMinPower=null, mScreen=null, mDeletedConditions=null}, mEntry=null, mMoreBatch=null, mChained=true, mInitialDelay=10, mWorkOneTimeLimit=0}
04-11 12:38:51.321 22644  1075 I DMP-IndexEventDbHelper: DbHelper version:2
04-11 12:38:51.321 22644  1075 I DMP-IndexEventManager: addEvent:InternalIndexEvent{mEvent=null, mEventTime=null, mEventData=null, mEventDropReason=null, mResource=null, mWork=null, mWorkId=101ab432-2c02-4c3a-84d0-7d6123141510, mWorkTime=1775882331, mCursorSize=null, mResult=0}
04-11 12:38:51.321 22644  1075 I DMP-IndexEventManager: addInternalEvent:result=0 workId=101ab432-2c02-4c3a-84d0-7d6123141510 workTime=1775882331
04-11 12:38:51.335 22644  1075 I DMP-IndexEventManager: addInternalEvent update:0
04-11 12:38:51.335 22644  1075 I DMP-IndexEventManager: addInternalEvent insert:48280
04-11 12:38:51.335 22644  1075 I DMP-FrozenHelper: deleteKeepRequest, no more quest
04-11 12:38:51.336 22644 22777 I WM-WorkerWrapper: Worker result SUCCESS for Work [ id=101ab432-2c02-4c3a-84d0-7d6123141510, tags={ com.oplus.oss.bussiness.localapp.work.LocalAppOneTimeWorker,localApp_onReceive__OneTimeWork,onReceiveWork } ]
04-11 12:38:51.336 22644 22777 I WM-WorkerWrapper: Setting status to enqueued for 6c223e48-82ae-4cb2-ab01-27de261c3753
04-11 12:38:51.336 22644  1077 I DMP-IndexEventManager: checkData delete internal:1, id:43280, time:1774586331
04-11 12:38:51.336 22644  1077 I DMP-IndexEventManager: checkData delete external:0, id:-994
04-11 12:38:51.336 22644 22644 D WM-Processor: s 101ab432-2c02-4c3a-84d0-7d6123141510 executed; reschedule = false
04-11 12:38:51.336 22644 22644 D WM-GreedyScheduler: Stopping tracking for WorkGenerationalId(workSpecId=101ab432-2c02-4c3a-84d0-7d6123141510, generation=0)
04-11 12:38:51.336  1079  1079 W dumpsys : Thread Pool max thread count is 0. Cannot cache binder as linkToDeath cannot be implemented. serviceName: gfxinfo
04-11 12:38:51.337 22644 22644 D WM-SystemJobService: 101ab432-2c02-4c3a-84d0-7d6123141510 executed on JobScheduler
04-11 12:38:51.337  3590  8838 D ActivityManager: freezer override set to true
04-11 12:38:51.337  3590  8838 D ActivityManager: freezer override callers: 1079/2000 com.android.server.am.ActivityManagerService$GraphicsBinder.dump:2380 android.os.Binder.doDump:1085 android.os.Binder.dump:1075 android.os.Binder.onTransact:945 android.os.Binder.execTransactInternal:1444 
04-11 12:38:51.337 22644 22777 D WM-GreedyScheduler: Cancelling work ID 101ab432-2c02-4c3a-84d0-7d6123141510
04-11 12:38:51.338  3590  9132 W JobScheduler: Job didn't exist in JobStore: #com.oplus.dmp/396
04-11 12:38:51.338 22644 22644 D WM-SystemJobService: onStopJob for WorkGenerationalId(workSpecId=101ab432-2c02-4c3a-84d0-7d6123141510, generation=0)
04-11 12:38:51.339 22644 22777 D WM-SystemJobScheduler: Scheduling work ID 6c223e48-82ae-4cb2-ab01-27de261c3753Job ID 397
04-11 12:38:51.339 22644 22777 D WM-BrdcstRcvrCnstrntTrc: c: unregistering receiver
04-11 12:38:51.340  3590  8838 D ActivityManager: freezer override set to false
04-11 12:38:51.340  3590  8838 D ActivityManager: freezer override callers: 1079/2000 com.android.server.am.ActivityManagerService$GraphicsBinder.dump:2386 android.os.Binder.doDump:1085 android.os.Binder.dump:1075 android.os.Binder.onTransact:945 android.os.Binder.execTransactInternal:1444 
04-11 12:38:51.385  2399  3162 D VRR [OTI]: handleIdle from 1 to 0
04-11 12:38:51.385  2399  3162 D VRR [OTI-HW]: isStateReady 0
04-11 12:38:51.385  2399  3162 D VRR [OTI-HW]: keep rate.
04-11 12:38:51.385  3590  8291 I [UAH_CLIENT]: UahEventAcquire, cmdid:37, pkg:none, identity:OplusUAwareInputHelper
04-11 12:38:51.385  3590  3863 D PowerManagerService: userActivityNoUpdateLocked: groupId=0, eventTime=881690759, event=touch, flags=0x0, uid=1000
04-11 12:38:51.385   579   579 E IJankManager: slideSceneEnd unknown scene 1000 mScene:-1
04-11 12:38:51.385  3590  3863 D PowerManagerService: userActivityNoUpdateLocked: groupId=0, eventTime=881690759, event=touch, flags=0x0, uid=1000
04-11 12:38:51.386  3590  8291 D UAH-UahAdaptHelper: adaptSetNotification identity = OplusUAwareInputHelpersrc = 1000 , type 0 ,p1 = -1 ,p2 = -1 ,p3 = -1 ,p4 =
04-11 12:38:51.386  3590  8291 I [UAH_CLIENT]: uahRuleCtl, ruleId:1000, status:0
04-11 12:38:51.386  3590  8031 D GestureLog_OplusMultiPointerDetector: onTouchEvent------>start, mCurNumPointers=1, mCurrStatus=0 mIsDownIntervalTimeout=true, action=0 downTime=881690759 deviceId=-1
04-11 12:38:51.387  3590  8291 D UAH-UahAdaptHelper: adaptSetNotification identity = OplusUAwareInputHelpersrc = 1000 , type 1 ,p1 = -1 ,p2 = -1 ,p3 = -1 ,p4 =
04-11 12:38:51.387  3590  8291 I [UAH_CLIENT]: uahRuleCtl, ruleId:1000, status:1
04-11 12:38:51.387  3590  3863 D PowerManagerService: userActivityNoUpdateLocked: groupId=0, eventTime=881690759, event=touch, flags=0x0, uid=1000
04-11 12:38:51.387  3590  3863 D PowerManagerService: userActivityNoUpdateLocked: groupId=0, eventTime=881690759, event=touch, flags=0x0, uid=1000
04-11 12:38:51.387   579   579 D OplusViewDragTouchViewHelper: dispatchTouchView action = 1
04-11 12:38:51.387   579   579 D ViewRootImplExtImpl: the up motion event handled by client, just return
04-11 12:38:51.388  3590  7998 I [UAH_CLIENT]: UahEventAcquire, cmdid:2, pkg:none, identity:com.android.server.wm
04-11 12:38:51.389  3590  8835 D WindowManager: NFW_setClientVisible:ActivityRecord{194469255 u0 com.binance.monitor/.ui.settings.SettingsActivity clientVisible:true
04-11 12:38:51.389  3590  8835 V GrammaticalInflectionUtils: AttributionSource: android.content.AttributionSource@1020978a does not have READ_SYSTEM_GRAMMATICAL_GENDER permission.
04-11 12:38:51.389  3590  8835 D OplusCompatModeManagerService: getRequestedConfigurationOrientation  res:1,req:1,config.old:0,config.new:0,ActivityRecord{194469255 u0 com.binance.monitor/.ui.settings.SettingsActivity t-1}
04-11 12:38:51.389  3590  8835 D OplusCompatModeManagerService:  onPreActivityRecordConfigurationChanged {0.0 ?mcc??mnc ?localeList ?layoutDir ?swdp ?wdp ?hdp ?density ?lsize ?long ?ldr ?wideColorGamut ?orien ?uimode ?night ?touch ?keyb/?/? ?nav/? winConfig={ mBounds=Rect(0, 0 - 0, 0) mAppBounds=null mMaxBounds=Rect(0, 0 - 0, 0) mDisplayRotation=undefined mWindowingMode=undefined mActivityType=undefined mAlwaysOnTop=undefined mRotation=undefined} ?fontWeightAdjustmentmThemeChanged= 0, mThemeChangedFlags= 0, mFlipFont= 0, mScenario= -1, mAccessibleChanged= 0, mUxIconConfig= 0, mMaterialColor= ffffffffffffffff, mUserId= -1, mFontUserId= -1, mFontVariationSettings= ffffffff, mFoldingAngle = -1.0, mIconPackName= , mDarkModeBackgroundMaxL= -1.0, mDarkModeDialogBgMaxL= -1.0, mDarkModeForegroundMinL= -1.0, mOplusConfigType= 0, mOplusChangedConfigs= 0, OpSans= -1, mBurmeseFontFlag= -1, mFlag= 0, mExtraFlag= 0, mFlexibleActivitySuitable= -1, mPuttDisplayFlag= -1}
04-11 12:38:51.389  3590  8835 D OplusCompatModeManagerService:  disable:true,valid:false,computeReq:1,isGameRatio:false
04-11 12:38:51.389  3590  8835 D OplusCompatModeManagerService:  getOverrideMinAspectRatioForCompatMode: 0.0 getRawOverrideMinAspectRatioForCompatMode: 0.0
04-11 12:38:51.389  3590  8835 D OplusCompatModeManagerService:  ar : ActivityRecord{194469255 u0 com.binance.monitor/.ui.settings.SettingsActivity t-1} displayId:-1 inCompatMode: false
04-11 12:38:51.389  3590  8835 D OplusCompatModeManagerService: isDefaultDisplay true oldRect: Rect(0, 0 - 0, 0) newRect Rect(0, 0 - 0, 0)
04-11 12:38:51.389  3590  8835 D OplusCompatModeManagerService: reloadCompactRatio mParWorldContainer.isEnabledParallelWindow(pkg):false,mParWorldContainer.isDisabledCompactWindow:false,isUIAutoLayout:false, isFullOrientation: false
04-11 12:38:51.389  3590  8835 D FlexibleTaskController: isSupportFlexibleWindow target = com.binance.monitor/.ui.settings.SettingsActivity callPkg = FlexibleTaskController support = true ,caller = 3590
04-11 12:38:51.389  3590  8835 D ActivityStarterExtImpl: checkOpMode: 3
04-11 12:38:51.389  3590  3830 W QosScheduler: executeSceneQosStrategy failed! qos feature no enable
04-11 12:38:51.390  3590  8835 D FlexibleWindowManagerService: isIgnoreAppearedAcrossTask:false
04-11 12:38:51.390  3590  8835 D ActivityStarterExtImpl: setForceUpdateWindow, targetTask = Task{b287a2f #13170 type=standard A=10512:com.binance.monitor} r = ActivityRecord{194469255 u0 com.binance.monitor/.ui.settings.SettingsActivity t-1} notFinish =false
04-11 12:38:51.390  3590  8835 D FlexibleWindowManagerService: isIgnoreAppearedAcrossTask:false
04-11 12:38:51.390  3590  8835 D FlexibleTaskController: adjustOptionsForFlexibleTask skip adjust options reason:4
04-11 12:38:51.390  3590  8835 I InsensibleTaskController: adjustOptionsForInsensibleTask targetTask is resuse so not pureInsensibleOptions
04-11 12:38:51.390  3590  8835 D FlexibleTaskController: isSupportFlexibleWindow target = com.binance.monitor/.ui.settings.SettingsActivity callPkg = FlexibleTaskController support = true ,caller = 3590
04-11 12:38:51.390  3590  8835 D FlexibleWindowManagerService: no reused task found for ActivityRecord{194469255 u0 com.binance.monitor/.ui.settings.SettingsActivity t-1}
04-11 12:38:51.390  3590  8835 D ActivityStarterExtImpl: isLaunchingRootActivity = false
04-11 12:38:51.390  3590  8835 D ActivityStarterExtImpl: resume targetTask isVisibleRequested is true or in SkipCheckedList, need resume:targetTask=Task{b287a2f #13170 type=standard A=10512:com.binance.monitor}
04-11 12:38:51.390 15031 15220 D ShellSubscriberWorkerThread: the first 8 bytes empty, and RestData length > 8 
04-11 12:38:51.390  3590  8480 I OPM     : handleActivityStart : ActivityRecord{194469255 u0 com.binance.monitor/.ui.settings.SettingsActivity t-1}
04-11 12:38:51.390  3590  8835 D OplusCompatModeManagerService: getRequestedConfigurationOrientation  res:1,req:1,config.old:0,config.new:1,ActivityRecord{194469255 u0 com.binance.monitor/.ui.settings.SettingsActivity t13170}
04-11 12:38:51.390  3590  8835 D OplusCompatModeManagerService:  onPreActivityRecordConfigurationChanged {1.15 ??mcc??mnc [zh_CN,en_US] ldltr sw361dp w361dp h794dp 560dpi nrml long hdr widecg port night finger -keyb/v/h -nav/h winConfig={ mBounds=Rect(0, 0 - 1264, 2780) mAppBounds=Rect(0, 0 - 1264, 2780) mMaxBounds=Rect(0, 0 - 1264, 2780) mDisplayRotation=ROTATION_0 mWindowingMode=fullscreen mActivityType=standard mAlwaysOnTop=undefined mRotation=ROTATION_0} as.10 s.12661 fontWeightAdjustment=0mThemeChanged= 1, mThemeChangedFlags= 1, mFlipFont= 0, mScenario= 0, mAccessibleChanged= -1, mUxIconConfig= 1e177014640920, mMaterialColor= 100040017, mUserId= 0, mFontUserId= 0, mFontVariationSettings= 11d7, mFoldingAngle = -1.0, mIconPackName= , mDarkModeBackgroundMaxL= 8.0, mDarkModeDialogBgMaxL= 27.0, mDarkModeForegroundMinL= 100.0, mOplusConfigType= 1, mOplusChangedConfigs= 0, OpSans= -1, mBurmeseFontFlag= 2, mFlag= 0, mExtraFlag= 0, mFlexibleActivitySuitable= -1, mPuttDisplayFlag= -1}
04-11 12:38:51.390  3590  8835 D OplusCompatModeManagerService:  disable:true,valid:false,computeReq:1,isGameRatio:false
04-11 12:38:51.390  3590  8835 D OplusCompatModeManagerService:  getOverrideMinAspectRatioForCompatMode: 0.0 getRawOverrideMinAspectRatioForCompatMode: 0.0
04-11 12:38:51.390  3590  8835 D OplusCompatModeManagerService:  ar : ActivityRecord{194469255 u0 com.binance.monitor/.ui.settings.SettingsActivity t13170} displayId:0 inCompatMode: false
04-11 12:38:51.390  3590  8835 D OplusCompatModeManagerService: isDefaultDisplay true oldRect: Rect(0, 0 - 0, 0) newRect Rect(0, 0 - 1264, 2780)
04-11 12:38:51.390  3590  8835 D OplusCompatModeManagerService: reloadCompactRatio mParWorldContainer.isEnabledParallelWindow(pkg):false,mParWorldContainer.isDisabledCompactWindow:false,isUIAutoLayout:false, isFullOrientation: false
04-11 12:38:51.391  3590  8835 D SecondaryPageStartupPolicy: checkSecondaryPageStartupStatus not support sourcePackage=com.binance.monitor
04-11 12:38:51.391  3590  8835 D OplusStartingWindowManager: we don't revise window flags for third app
04-11 12:38:51.391  3590  8835 D ActivityTaskManager: validateStartingWindowTheme:  Pkg=com.binance.monitor, Translucent=false, Floating=false, ShowWallpaper=false, Disable=false, LaunchSource=4, Prev=null, LaunchedFromPackage=com.binance.monitor
04-11 12:38:51.391  3590  8835 D ActivityTaskManager: addStartingWindow for ActivityRecord{194469255 u0 com.binance.monitor/.ui.settings.SettingsActivity t13170}, mainWin=null, state=INITIALIZING, isKeyguardLocked=false, isKeyguardGoingAway=false
04-11 12:38:51.391  3590  8835 D ActivityTaskManager: getStartingWindowType: , newTask=false, taskSwitch=false, processRunning=true, allowTaskSnapshot=true, activityCreated=false, activityAllDrawn=false, snapshot exist: false
04-11 12:38:51.391  3590  8835 D ActivityRecordExtImpl: handleStartingWindowForCompactWindow origin type:0, adjustType : 0
04-11 12:38:51.392  3590  8835 D OplusWindowAnimationManager: applyNoAnimationForResumed resumed: ActivityRecord{187072952 u0 com.binance.monitor/.ui.account.AccountStatsBridgeActivity t13170}
04-11 12:38:51.392  3590  8835 D ActivityTrigger: ActivityTrigger activityPauseTrigger 
04-11 12:38:51.393  3590  8835 I ActivityTaskManager: START u0 {flg=0x24000000 xflg=0x4 cmp=com.binance.monitor/.ui.settings.SettingsActivity mCallingUid=10512} with LAUNCH_MULTIPLE from uid 10512 (sr=187072952) (BAL_ALLOW_VISIBLE_WINDOW (callingUid has visible window)) result code=0
04-11 12:38:51.394  8338  8381 V WindowManagerShell: Transition requested (#27136): android.os.BinderProxy@b0bc95f TransitionRequestInfo { type = OPEN, triggerTask = TaskInfo{userId=0 taskId=13170 effectiveUid=10512 displayId=0 isRunning=true baseIntent=Intent { flg=0x10000000 cmp=com.binance.monitor/.ui.main.MainActivity mCallingUid=2000 } baseActivity=ComponentInfo{com.binance.monitor/com.binance.monitor.ui.main.MainActivity} topActivity=ComponentInfo{com.binance.monitor/com.binance.monitor.ui.settings.SettingsActivity} origActivity=null realActivity=ComponentInfo{com.binance.monitor/com.binance.monitor.ui.main.MainActivity}
04-11 12:38:51.394  8338  8381 V WindowManagerShell:  numActivities=3 lastActiveTime=929546806 supportsSplitScreenMultiWindow=true supportsMultiWindow=true supportsPocketStudioMultiWindow=true isInFlexibleEmbedded = false uid = 10512 pid = 0 resizeMode=1 isResizeable=true minWidth=-1 minHeight=-1 defaultMinSize=220 token=WCT{android.window.IWindowContainerToken$Stub$Proxy@9d9dfac} topActivityType=1 pictureInPictureParams=null shouldDockBigOverlays=false launchIntoPipHostTaskId=-1 lastParentTaskIdBeforePip=-1 displayCutoutSafeInsets=Rect(0, 0 - 0, 0)
04-11 12:38:51.394  8338  8381 V WindowManagerShell:  topActivityInfo=ActivityInfo{ef2d475 com.binance.monitor.ui.settings.SettingsActivity} launchCookies=[] positionInParent=Point(0, 0) parentTaskId=-1 isFocused=true isVisible=true isVisibleRequested=true isTopActivityNoDisplay=false isSleeping=false locusId=null displayAreaFeatureId=1 isTopActivityTransparent=false isActivityStackTransparent=false lastNonFullscreenBounds=Rect(330, 828 - 935, 2092) capturedLink=null capturedLinkTimestamp=0 requestedVisibleTypes=-9 topActivityRequestOpenInBrowserEducationTimestamp=0
04-11 12:38:51.394  8338  8381 V WindowManagerShell:  appCompatTaskInfo=AppCompatTaskInfo { topActivityInSizeCompat=false topActivityInOplusCompatMode=false eligibleForLetterboxEducation= false isLetterboxEducationEnabled= false isLetterboxDoubleTapEnabled= false eligibleForUserAspectRatioButton= false topActivityBoundsLetterboxed= false isFromLetterboxDoubleTap= false topActivityLetterboxVerticalPosition= -1 topActivityLetterboxHorizontalPosition= -1 topActivityLetterboxWidth=-1 topActivityLetterboxHeight=-1 topActivityAppBounds=Rect(0, 140 - 1264, 2780) isUserFullscreenOverrideEnabled=false isSystemFullscreenOverrideEnabled=false hasMinAspectRatioOverride=false topActivityLetterboxBounds=null cameraCompatTaskInfo=CameraCompatTaskInfo { freeformCameraCompatMode=inactive}} topActivityMainWindowFrame=null topActivityLetterboxInsets=Rect(0, 0 - 0, 0)
04-11 12:38:51.394  8338  8381 V WindowManagerShell:  mOplusExtraBundle = Bundle[mParcelledData.dataSize=1540]}, pipChange = null, remoteTransition = null, displayChange = null, flags = 0, debugId = 27136 }
04-11 12:38:51.394  3590  3796 I TaskOrganizerController: onTaskInfoChanged taskid 13170 config { mBounds=Rect(0, 0 - 1264, 2780) mAppBounds=Rect(0, 0 - 1264, 2780) mMaxBounds=Rect(0, 0 - 1264, 2780) mDisplayRotation=ROTATION_0 mWindowingMode=fullscreen mActivityType=standard mAlwaysOnTop=undefined mRotation=ROTATION_0}
04-11 12:38:51.394  8338  8381 D ShellSplitScreen: logExit: no-op, mLoggerSessionId is null
04-11 12:38:51.394  3590  3796 D OplusFlexibleDragToSplitAnimController: visibleFlexibleTaskInfos delete:13170
04-11 12:38:51.394  3590  3796 E FlexibleWindowManagerService: notifyTaskObserverToAttachController not need to notify!
04-11 12:38:51.394  3590  3796 I FlexibleWindowManagerService: onFlexibleWindowTaskInfoChanged, return for cur task not embedded
04-11 12:38:51.394  8338  8381 D ShellTaskOrganizerExt: visibleFlexibleTaskInfos delete:13170
04-11 12:38:51.394  8338  8381 D ShellTaskOrganizerExt: isOnCanvas size:0
04-11 12:38:51.394  8338  8381 D ShellTaskOrganizerExt: isOnThreeFlexibleCanvas size:0
04-11 12:38:51.395  2113 20704 I sensors-hal: handle_oplus_wise_rgb_event:189, high_pwm_light:lux 388.7,cct 7349.4,brl/algo/ir 1419.0/2.0/40.5,pwm/dc 0.0/0.0,rgbc 16475.478516/11941.713867/7803.367188/33475.144531,ts 929546580933436,cnt 43420,flag 31119
04-11 12:38:51.395  2113 17862 I sensors-hal: handle_oplus_wise_rgb_event:161, wise_rgb: (43421)(cct, lux, ir)[7349.38, 388.74, 40.548080] (r, g, b, c)[16487.94, 11950.51, 7814.40, 33493.80]                 (pwm, hbm, brl, algo)[0.0 0.0 1419.0 2.0], flag 31119
04-11 12:38:51.405  2399  2399 I BpBinder: onLastStrongRef automatically unlinking death recipients: 
04-11 12:38:51.406  1311  1311 E KeymasterUtils: IKMHal_sendCmd failed with rsp_header->status: -28
04-11 12:38:51.406  1311  1311 E KeyMasterHalDevice: abort_operation
04-11 12:38:51.406  1311  1311 E KeyMasterHalDevice: ret: -28
04-11 12:38:51.419  3590  8835 I OplusAccessController: enter isIgnoreAppSwitchActivity
04-11 12:38:51.419  3590  8835 I OplusAccessController: enter isIgnoreAppSwitchActivity and intent != null
04-11 12:38:51.419  3590  8835 I OplusAccessController: enter isIgnoreAppSwitchActivity and componentName != null
04-11 12:38:51.419  3590  8835 I OplusAccessController: enter isIgnoreAppSwitchActivity and packageName&activity is not Empty
04-11 12:38:51.419  3590  8835 D RefreshRate: boostRefreshId choose max:currentRefreshRate:90.0 targetRefreshRate:60.0 mCurrentPickRate:90.0
04-11 12:38:51.419  3590  8835 D RefreshRate: Trigger app switch boost, ar=ActivityRecord{194469255 u0 com.binance.monitor/.ui.settings.SettingsActivity t13170},currDisplayRate=90.0,boostId=1
04-11 12:38:51.419  3590  7959 D BackgroundInstallControlService: Package event received: 0
04-11 12:38:51.419  3590  8835 D RefreshRate: setDisplayConfigSpecs complete: targetMode={id=3, width=1264, height=2780, fps=90.0, vsync=90.0, synthetic=false, alternativeRefreshRates=[60.000004, 120.00001, 120.00001], supportedHdrTypes=[1, 2, 3, 4]},srcMode={id=3, width=1264, height=2780, fps=90.0, vsync=90.0, synthetic=false, alternativeRefreshRates=[60.000004, 120.00001, 120.00001], supportedHdrTypes=[1, 2, 3, 4]},sfModId=2,rate=90.0
04-11 12:38:51.419  3590  8835 D RefreshRate: startAppSwitchBoost targetMode={id=3, width=1264, height=2780, fps=90.0, vsync=90.0, synthetic=false, alternativeRefreshRates=[60.000004, 120.00001, 120.00001], supportedHdrTypes=[1, 2, 3, 4]} record=ActivityRecord{194469255 u0 com.binance.monitor/.ui.settings.SettingsActivity t13170}: votes=PRIORITY_START_ANIMATION_BOOST -> Vote{mRefreshRate=90.0, mMinRefreshRate=90.0, mRequestSource=null};PRIORITY_WINDOW_REQUEST -> Vote{mRefreshRate=90.0, mMinRefreshRate=90.0, mRequestSource=null};
04-11 12:38:51.419  3590  3875 D RefreshRate: do setDisplayConfigSpecs  
04-11 12:38:51.419  3590  8835 I ActivityTaskManager: The Process com.binance.monitor Already Exists in BG. So sending its PID: 579
04-11 12:38:51.419  2399  9261 D SurfaceFlinger: VRR [SurfaceFlinger] setDesiredDisplayModeSpecs, from process 3590, 2, 0, primaryRanges = [ 90.000000, 90.000000, 90.000000, 90.000000 ], appRequestRanges = [ 90.000000, 90.000000, 90.000000 90.000000 ]
04-11 12:38:51.420  3590  8838 W SurfaceFlingerPuller: Failed to pull atom 150134 from surfaceflinger. Success is 0, binder status is EX_NONE
04-11 12:38:51.420  3590  3875 D DisplayModeDirector: setAppRequest displayId : 0  modeId: 3  requestedRefreshRate: 90.0  requestedMinRefreshRateRange: 90.0  requestedMaxRefreshRateRange: 90.0
04-11 12:38:51.420  2013  2036 E statsd  : Stats puller failed for tag: 150134 at 929546833380719
04-11 12:38:51.420  3590  8835 D ActivityTaskManager: setAppVisibility(Token{a2a8dd ActivityRecord{194469255 u0 com.binance.monitor/.ui.settings.SettingsActivity t13170}}, visible=true):  visible=false mVisibleRequested=false
04-11 12:38:51.420  3590  8835 D ActivityTaskManager: setVisibility(Token{a2a8dd ActivityRecord{194469255 u0 com.binance.monitor/.ui.settings.SettingsActivity t13170}}, visible=true) defer commitVisibility for transition collecting
04-11 12:38:51.420  3590  8835 D ActivityTaskManager: setAppVisibility(Token{71ffaf6 ActivityRecord{187072952 u0 com.binance.monitor/.ui.account.AccountStatsBridgeActivity t13170}}, visible=false):  visible=true mVisibleRequested=true
04-11 12:38:51.420  3590  8835 D ActivityTaskManager: setVisibility(Token{71ffaf6 ActivityRecord{187072952 u0 com.binance.monitor/.ui.account.AccountStatsBridgeActivity t13170}}, visible=false) defer commitVisibility for transition collecting
04-11 12:38:51.420  1311  1311 E KeymasterUtils: IKMHal_sendCmd failed with rsp_header->status: -28
04-11 12:38:51.420  1311  1311 E KeyMasterHalDevice: abort_operation
04-11 12:38:51.420  1311  1311 E KeyMasterHalDevice: ret: -28
04-11 12:38:51.420  3590  8835 D FlexibleTaskController: isFullToFlexibleAnimating: false
04-11 12:38:51.420  3590  8835 D WindowManager: rotation(ROTATION_0) no changed  displayId = 0, lastOrientation = 1
04-11 12:38:51.420  3590  8835 I TaskOrganizerController: onTaskInfoChanged taskid 13170 config { mBounds=Rect(0, 0 - 1264, 2780) mAppBounds=Rect(0, 0 - 1264, 2780) mMaxBounds=Rect(0, 0 - 1264, 2780) mDisplayRotation=ROTATION_0 mWindowingMode=fullscreen mActivityType=standard mAlwaysOnTop=undefined mRotation=ROTATION_0}
04-11 12:38:51.420  3590  8835 D OplusVisibleTasks:  notifyTasksNumChange no need to notify.
04-11 12:38:51.421  3590  8835 D OplusFlexibleDragToSplitAnimController: visibleFlexibleTaskInfos delete:13170
04-11 12:38:51.421  3590  8835 E FlexibleWindowManagerService: notifyTaskObserverToAttachController not need to notify!
04-11 12:38:51.421  3590  8835 I FlexibleWindowManagerService: onFlexibleWindowTaskInfoChanged, return for cur task not embedded
04-11 12:38:51.421  3590  8835 D ActivityTaskManager: setAppVisibility(Token{a2a8dd ActivityRecord{194469255 u0 com.binance.monitor/.ui.settings.SettingsActivity t13170}}, visible=true):  visible=false mVisibleRequested=true
04-11 12:38:51.421  3590  8835 D ActivityTaskManager: setVisibility(Token{a2a8dd ActivityRecord{194469255 u0 com.binance.monitor/.ui.settings.SettingsActivity t13170}}, visible=true) defer commitVisibility for transition collecting
04-11 12:38:51.421  3590  8835 E OplusDexOptimizeManager: pkgSetting or primaryCpuAbi is null for package: com.binance.monitor
04-11 12:38:51.421  8338  8381 D ShellTaskOrganizerExt: visibleFlexibleTaskInfos delete:13170
04-11 12:38:51.421  8338  8381 D ShellTaskOrganizerExt: isOnCanvas size:0
04-11 12:38:51.421  8338  8381 D ShellTaskOrganizerExt: isOnThreeFlexibleCanvas size:0
04-11 12:38:51.421  3590  8835 D OplusFeatureColorMode: ColorMode getColorMode =0
04-11 12:38:51.421  3590  8835 D ColorDisplayServiceExtImpl: getWCGVersion1App, packageName=com.binance.monitor, sSupportWCG1 = true, sSupportWCG3 = false, nRet = 0
04-11 12:38:51.421  3590  8480 I OPM     : handlePackageLaunched pkg: com.binance.monitor, uid: 10512, pid: 579
04-11 12:38:51.421  3590  8835 D ActivityTaskManager: NFW_setLastResumedActivityUncheckLocked:true r:ActivityRecord{194469255 u0 com.binance.monitor/.ui.settings.SettingsActivity t13170} currentFocus:Window{ca16b01 u0 com.binance.monitor/com.binance.monitor.ui.account.AccountStatsBridgeActivity}
04-11 12:38:51.421  3590  8835 D WindowManager: NFW_findFocusedWindowIfNeeded:null mCurrentFocus:Window{ca16b01 u0 com.binance.monitor/com.binance.monitor.ui.account.AccountStatsBridgeActivity}
04-11 12:38:51.421  3590  8835 D WindowManager: attachImeScreenshotOnTargetIfNeeded, mImeHiding = false, requestedVisibleTypes = -9
04-11 12:38:51.421  3590  8835 V WindowManager: Changing focus from Window{ca16b01 u0 com.binance.monitor/com.binance.monitor.ui.account.AccountStatsBridgeActivity} to null,diplayid=0
04-11 12:38:51.421   579   808 D ColorModeChangeItem: preExecute mColorMode=0
04-11 12:38:51.422  3590  8835 D InsetsSourceProvider: updateSourceFrameForServerVisibility mandatorySystemGestures EMPTY_RECT
04-11 12:38:51.422  3590  8835 D InsetsSourceProvider: updateSourceFrameForServerVisibility mandatorySystemGestures EMPTY_RECT
04-11 12:38:51.422  3590  8835 D DisplayModeDirector: setAppRequest displayId : 0  modeId: 3  requestedRefreshRate: 0.0  requestedMinRefreshRateRange: 0.0  requestedMaxRefreshRateRange: 90.0
04-11 12:38:51.422  3590  3875 D VRR [OPlusRefreshRateService]:  setDirectorStates [flag: 1, state: 1, directorStateOff: 1]
04-11 12:38:51.422  2399  9261 D VRR [RefreshRateDirector]: updateState mState = 0
04-11 12:38:51.422  3590  8591 D OplusAppSwitchRuleInfo: generateActivityEnterInfo - launch_source_type =  , launch_source_traceid = 
04-11 12:38:51.422  3590  8591 D OplusAppSwitchRuleInfo: generateActivityEnterInfo - launch_source_type =  , launch_source_traceid = 
04-11 12:38:51.422  3590  8835 I [UAH_CLIENT]: UahEventAcquire, cmdid:2, pkg:none, identity:OplusActivityManagerServiceEnhance
04-11 12:38:51.422  3590  8591 D OplusAppSwitchRuleInfo: generateActivityEnterInfo - launch_source_type =  , launch_source_traceid = 
04-11 12:38:51.423  3590  3796 D InsetsSourceProvider: updateSourceFrameForServerVisibility mandatorySystemGestures EMPTY_RECT
04-11 12:38:51.423  3590  3795 D FlexibleTaskController: not in list
04-11 12:38:51.423  3590  7959 D BackgroundInstallControlService: Package event received: 0
04-11 12:38:51.424  2013  2036 E statsd  : Stats puller failed for tag: 150134 at 929546837726501
04-11 12:38:51.424  2399  9261 I OplusPerfCollect: OplusPerfCollect onPullAtom
04-11 12:38:51.424  2399  9261 I OplusPerfCollect: OplusPerfCollect OplusVrrInfoRecord clear
04-11 12:38:51.424   579   579 D ResourcesManagerExtImpl: applyConfigurationToAppResourcesLocked app.getDisplayId() return callback.displayId:0
04-11 12:38:51.424  2013  2036 I statsd  : An anomaly (104240000001) (42)0x10000->10512[I] (42)0x20000->com.binance.monitor[S] (42)0x30000->.ui.settings.SettingsActivity[S]  has occurred! Informing subscribers.
04-11 12:38:51.424  3590  3795 W ProcessStats: Tracking association SourceState{d07d094 system/1000 BFgs #1262413} whose proc state 4 is better than process ProcessState{703b9ec com.android.wallpaper.livepicker:wallpaperService/10256 pkg=com.android.wallpaper.livepicker} proc state 5 (14 skipped)
04-11 12:38:51.425 10250 16907 E midasd  : getTotalFlipsFromSf mCurFrameCount: 11745889
04-11 12:38:51.425 10250 16907 I midasd  : DisplayAgent updateDisplayDevInfo getRenderFps mFps:90 mRenderFps:6 mWidth:1264 mHeight:2780
04-11 12:38:51.427   579   579 I binance.monitor: AssetManager2(0xb4000070f9b84828) locale list changing from [] to [zh-CN]
04-11 12:38:51.427  3590  3796 D SurfaceComposerClient: Transaction::apply InputWindowCommands.focusRequests timestamp=881690796992773, windowName=<null>
04-11 12:38:51.429   579   579 E OplusPredictiveBackController:  NoSuchMethodException 
04-11 12:38:51.429   579   579 E OplusPredictiveBackController:  NoSuchMethodException 
04-11 12:38:51.429   579   579 E OplusPredictiveBackController:  NoSuchMethodException 
04-11 12:38:51.429   579   579 D OplusPredictiveBackController: initPredictiveBackConfig for com.binance.monitor.ui.settings.SettingsActivity@c0b5797 initPredictiveBackConfig mShouldInterceptKeyEvent false
04-11 12:38:51.429   579   579 D WindowOnBackDispatcher:  predictive settings is disabled for com.binance.monitor
04-11 12:38:51.439  2399  3200 D SurfaceFlinger: updateWinowInfo=1, setFocusedWindow timestamp=881690796992773, windowName=<null>
04-11 12:38:51.439  3590  8838 I InputDispatcher: updateFocusedWindow,  on display 0, reason: NO_WINDOW, result:   FocusedWindows: <none>
04-11 12:38:51.439  3590  8835 I InputDispatcher: NFW_setFocusedWindow, <null> on display 0, same as the previous:1
04-11 12:38:51.439  3590  8835 D InputDispatcher: setFocusedWindow <null> on display 0 ignored, reason: already focused
04-11 12:38:51.439   579   579 D ActivityThread: ComponentInfo{com.binance.monitor/com.binance.monitor.ui.settings.SettingsActivity} checkFinished=false 2
04-11 12:38:51.439   579   579 D ResourcesManagerExtImpl: applyConfigurationToAppResourcesLocked app.getDisplayId() return callback.displayId:0
04-11 12:38:51.440   579   579 D WindowManager: Add to mViews: com.android.internal.policy.DecorView{4f736aa I.E...... R.....I. 0,0-0,0 alpha=1.0 viewInfo = }[SettingsActivity],pkg= com.binance.monitor
04-11 12:38:51.440   579   775 D skia    : setRusSupported enable 0
04-11 12:38:51.442  3590  8835 I WindowManager: addWindow: New client android.os.BinderProxy@e2cb677 : window=Window{fac22e4 u0 com.binance.monitor/com.binance.monitor.ui.settings.SettingsActivity}
04-11 12:38:51.442   579   579 D ViewRootImplExtImpl: onDisplayChanged -1 for VRI android.view.ViewRootImpl@6f4a611
04-11 12:38:51.442   579   579 D VRI[AccountStatsBridgeActivity]: onFocusEvent false
04-11 12:38:51.442   579   579 D ResourcesManagerExtImpl: applyConfigurationToAppResourcesLocked app.getDisplayId() return callback.displayId:0
04-11 12:38:51.446   579   579 E OplusBracketLog: [OplusViewMirrorManager] updateHostViewRootIfNeeded, not support android.view.ViewRootImpl@6f4a611
04-11 12:38:51.447   579   579 D WindowOnBackDispatcher:  predictive settings is disabled for com.binance.monitor
04-11 12:38:51.447   579   579 D WindowOnBackDispatcher:  predictive settings is disabled for com.binance.monitor
04-11 12:38:51.447  3590  8835 D CoreBackPreview: Window{fac22e4 u0 com.binance.monitor/com.binance.monitor.ui.settings.SettingsActivity}: Setting back callback OnBackInvokedCallbackInfo{mCallback=android.window.IOnBackInvokedCallback$Stub$Proxy@abb8e02, mPriority=0, mIsAnimationCallback=false, mOverrideBehavior=0}
04-11 12:38:51.448   579   579 D ViewRootImplExtImpl: wrapConfigInfoIntoFlags rotation=0, smallestScreenWidthDp=0, residentWS=false, scenario=0, bounds=Rect(0, 0 - 1264, 2780), relayoutAsync=false, flags=0, newFlags=1457520640, title=com.binance.monitor/com.binance.monitor.ui.settings.SettingsActivity
04-11 12:38:51.448  3590  8835 V WindowManager: Relayout Window{fac22e4 u0 com.binance.monitor/com.binance.monitor.ui.settings.SettingsActivity}: viewVisibility=0, oldvis=4, req=1264x2780 , apr = 0, vsysui=, x=0, y=0
04-11 12:38:51.448  3590  8835 I WindowManager: Window{fac22e4 u0 com.binance.monitor/com.binance.monitor.ui.settings.SettingsActivity} state from NO_SURFACE to DRAW_PENDING; reason: resetDrawState
04-11 12:38:51.449  3590  8835 D InsetsSourceProvider: updateSourceFrameForServerVisibility mandatorySystemGestures EMPTY_RECT
04-11 12:38:51.449  3590  8835 D InsetsSourceProvider: updateSourceFrameForServerVisibility mandatorySystemGestures EMPTY_RECT
04-11 12:38:51.449  3590  8835 I TaskOrganizerController: onTaskInfoChanged taskid 13170 config { mBounds=Rect(0, 0 - 1264, 2780) mAppBounds=Rect(0, 0 - 1264, 2780) mMaxBounds=Rect(0, 0 - 1264, 2780) mDisplayRotation=ROTATION_0 mWindowingMode=fullscreen mActivityType=standard mAlwaysOnTop=undefined mRotation=ROTATION_0}
04-11 12:38:51.449  3590  8835 D OplusFlexibleDragToSplitAnimController: visibleFlexibleTaskInfos delete:13170
04-11 12:38:51.449  3590  8835 E FlexibleWindowManagerService: notifyTaskObserverToAttachController not need to notify!
04-11 12:38:51.449  3590  8835 I FlexibleWindowManagerService: onFlexibleWindowTaskInfoChanged, return for cur task not embedded
04-11 12:38:51.450  3590  8835 D WindowManager: NFW_findFocusedWindowIfNeeded:Window{fac22e4 u0 com.binance.monitor/com.binance.monitor.ui.settings.SettingsActivity} mCurrentFocus:null
04-11 12:38:51.450  3590  8835 D WindowManager: attachImeScreenshotOnTargetIfNeeded, mImeHiding = false, requestedVisibleTypes = -9
04-11 12:38:51.450  3590  8835 V WindowManager: Changing focus from null to Window{fac22e4 u0 com.binance.monitor/com.binance.monitor.ui.settings.SettingsActivity},diplayid=0
04-11 12:38:51.450  3590  3875 D VRR [OPlusSurfaceFlingerController]:  setComplexSceneEnable : true
04-11 12:38:51.450  3590  7998 I [UAH_CLIENT]: uahRuleCtl, ruleId:206, status:3
04-11 12:38:51.450  8338  8381 D ShellTaskOrganizerExt: visibleFlexibleTaskInfos delete:13170
04-11 12:38:51.450  8338  8381 D ShellTaskOrganizerExt: isOnCanvas size:0
04-11 12:38:51.450  8338  8381 D ShellTaskOrganizerExt: isOnThreeFlexibleCanvas size:0
04-11 12:38:51.450  3590  8835 D Theia.NoFocusWindow: FocusWindowErrorScene cancelCheckFreezeScreen
04-11 12:38:51.450  3590  8835 W TheiaWindowMonitor: [check] focusedWindow is null or enable is false
04-11 12:38:51.451   579   579 D VRI[SettingsActivity]: relayoutWindow result, sizeChanged:true, surfaceControlChanged:true, transformHintChanged:false, mSurfaceSize:Point(1264, 2780), mLastSurfaceSize:Point(0, 0), mWidth:-1, mHeight:-1, requestedWidth:1264, requestedHeight:2780, transformHint:0, installOrientation:0, displayRotation:0, isSurfaceValid:true, attr.flag:-2122252032, tmpFrames:ClientWindowFrames{frame=[0,0][1264,2780] display=[0,0][1264,2780] parentFrame=[0,0][0,0]}, relayoutAsync:false, mSyncSeqId:0
04-11 12:38:51.451   579   579 W VRI[SettingsActivity]: updateBlastSurfaceIfNeeded, surfaceSize:Point(1264, 2780), lastSurfaceSize:Point(0, 0), format:-3, blastBufferQueue:null
04-11 12:38:51.451   579   579 D BufferQueueConsumer: [](id:24300000003,api:0,p:-1,c:579) connect: controlledByApp=false
04-11 12:38:51.451   579   579 D BufferQueueConsumer: [VRI[SettingsActivity]#3(BLAST Consumer)3](id:24300000003,api:0,p:-1,c:579) setMaxAcquiredBufferCount: 2
04-11 12:38:51.451   579   775 D BufferQueueProducer: [VRI[SettingsActivity]#3(BLAST Consumer)3](id:24300000003,api:1,p:579,c:579) connect: api=1 producerControlledByApp=true
04-11 12:38:51.452   579   579 I SurfaceControl:  setExtendedRangeBrightness sc=Surface(name=com.binance.monitor/com.binance.monitor.ui.settings.SettingsActivity)/@0x4206a13,currentBufferRatio=1.0,desiredRatio=1.0
04-11 12:38:51.455   579   775 D BLASTBufferQueue: [VRI[SettingsActivity]#3](f:0,a:1) acquireNextBufferLocked size=1264x2780 mFrameNumber=1 applyTransaction=true mTimestamp=881690829838085(auto) mPendingTransactions.size=0 graphicBufferId=2486786064398 transform=0
04-11 12:38:51.455   579   775 D VRI[SettingsActivity]: Received frameCommittedCallback lastAttemptedDrawFrameNum=1 didProduceBuffer=true syncBuffer=false
04-11 12:38:51.456   579   579 D VRI[SettingsActivity]: draw finished. seqId=0
04-11 12:38:51.456  3590  8835 D WindowManager: onSyncFinishedDrawing: Window{fac22e4 u0 com.binance.monitor/com.binance.monitor.ui.settings.SettingsActivity}
04-11 12:38:51.456  3590  8835 I WindowManager: finishDrawing skipLayout:false,syncSeqId=0,mPrepareSyncSeqId=0 Window{fac22e4 u0 com.binance.monitor/com.binance.monitor.ui.settings.SettingsActivity} com.android.server.wm.WindowManagerService.finishDrawingWindow:3217 com.android.server.wm.Session.finishDrawing:399 android.view.IWindowSession$Stub.onTransact:793 
04-11 12:38:51.456  3590  8835 I WindowManager: Window{fac22e4 u0 com.binance.monitor/com.binance.monitor.ui.settings.SettingsActivity} state from DRAW_PENDING to COMMIT_DRAW_PENDING; reason: finishDrawingLocked
04-11 12:38:51.456  3590  3796 D InsetsSourceProvider: updateSourceFrameForServerVisibility mandatorySystemGestures EMPTY_RECT
04-11 12:38:51.457  3590  3796 D InsetsSourceProvider: updateSourceFrameForServerVisibility mandatorySystemGestures EMPTY_RECT
04-11 12:38:51.457  3590  3796 I WindowManager: Window{fac22e4 u0 com.binance.monitor/com.binance.monitor.ui.settings.SettingsActivity} state from COMMIT_DRAW_PENDING to READY_TO_SHOW; reason: commitFinishDrawingLocked
04-11 12:38:51.457  3590  3796 D CoreBackPreview:  return markWindowHasDrawn mComposed: false  mWaitTransition: false
04-11 12:38:51.457  3590  3796 D ActivityTaskManager: Clearing startingData for activity=ActivityRecord{194469255 u0 com.binance.monitor/.ui.settings.SettingsActivity t13170} mStartingData=null mStartingSurface=null
04-11 12:38:51.457  3590  3796 D QuickBackInputPolicy: setAppLaunchEndTime update timePair=Pair{ActivityRecord{194469255 u0 com.binance.monitor/.ui.settings.SettingsActivity t13170} 881690831}
04-11 12:38:51.457  3590  8480 I OPM     : handleNotifyLaunchTime : com.binance.monitor, :37
04-11 12:38:51.457   579   579 W VRI[SettingsActivity]: handleResized, msg:, frameChanged:false, configChanged:false, displayChanged:false, attachedFrameChanged:false, compatScaleChanged:false, pendingDragResizing=false
04-11 12:38:51.457  3590  3796 D ActivityTaskManager: commitVisibility: ActivityRecord{194469255 u0 com.binance.monitor/.ui.settings.SettingsActivity t13170}: visible=true visibleRequested=true, isInTransition=true 
04-11 12:38:51.457  3590  3796 D CoreBackPreview:  return markWindowHasDrawn mComposed: false  mWaitTransition: false
04-11 12:38:51.457  3590  3796 D ActivityTaskManager: Clearing startingData for activity=ActivityRecord{194469255 u0 com.binance.monitor/.ui.settings.SettingsActivity t13170} mStartingData=null mStartingSurface=null
04-11 12:38:51.457  3590  3796 I WindowManager: Window{fac22e4 u0 com.binance.monitor/com.binance.monitor.ui.settings.SettingsActivity} state from READY_TO_SHOW to HAS_DRAWN; reason: performShowLocked
04-11 12:38:51.457  3590  3796 D CoreBackPreview:  return markWindowHasDrawn mComposed: false  mWaitTransition: false
04-11 12:38:51.457  3590  3796 E OplusAppQuickStart_AppQuickStartController: not start from launcher transition:27136
04-11 12:38:51.457  3590  3796 D Transition: collectOrderChanges onTopTasksEnd: [Task{b287a2f #13170 type=standard A=10512:com.binance.monitor}], reportedOnTop:null, mOnTopTasksStart: [Task{b287a2f #13170 type=standard A=10512:com.binance.monitor}], TDA child: [Task{2ae848 #3 type=undefined}, Task{59d6dd0 #13088 type=standard A=10306:com.binance.dev}, Task{100415c #13133 type=standard A=10397:com.v2ray.ang}, Task{1abb46b #12626 type=standard A=10345:com.tencent.mm}, Task{1b9ad4c #1 type=home}, Task{7fffd36 #13163 type=standard A=10515:com.mobilecodex.nativeapp}, Task{b287a2f #13170 type=standard A=10512:com.binance.monitor}]
04-11 12:38:51.458  3590  3796 D OplusFlexibleActivityTransitionManager: fixTransitType type result:1, targets: [ChangeInfo{fcbcf05 container=ActivityRecord{194469255 u0 com.binance.monitor/.ui.settings.SettingsActivity t13170} flags=0x0}, ChangeInfo{5b8db5a container=ActivityRecord{187072952 u0 com.binance.monitor/.ui.account.AccountStatsBridgeActivity t13170} flags=0x0}]
04-11 12:38:51.458  3590  3796 D OplusTransitionAnimationManager: activityRecordCount1fullScreenArBeHindStartingWindow null
04-11 12:38:51.458  3590  3796 D OplusTransitionAnimationManager: activityRecordCount1fullScreenArBeHindStartingWindow null
04-11 12:38:51.459  3590  3796 D QuickBackInputPolicy: resetInputInterceptState for remoteTransition: false
04-11 12:38:51.459  3590  3796 D OplusTransitionController: onTransactionReady, transition: 27136, info: {id=27136 t=OPEN f=0x0 trk=0 r=[0@Point(0, 0)] c=[{m=OPEN f=FILLS_TASK leash=Surface(name=ActivityRecord{194469255 u0 com.binance.monitor/.ui.settings.SettingsActivity t13170})/@0x3963268 sb=Rect(0, 0 - 0, 0) eb=Rect(0, 0 - 1264, 2780) epz=Point(1264, 2780) d=-1->0 r=-1->0:-1 bc=fffef7ff component=com.binance.monitor/.ui.settings.SettingsActivity opt={t=FROM_STYLE mUserId=0}},{m=TO_BACK f=FILLS_TASK leash=Surface(name=ActivityRecord{187072952 u0 com.binance.monitor/.ui.account.AccountStatsBridgeActivity t13170})/@0xdda1671 sb=Rect(0, 0 - 1264, 2780) eb=Rect(0, 0 - 1264, 2780) epz=Point(1264, 2780) d=0 bc=fffef7ff component=com.binance.monitor/.ui.account.AccountStatsBridgeActivity opt={t=FROM_STYLE mUserId=0}}] 
04-11 12:38:51.459  3590  3796 D OplusTransitionController: extendInfo=[
