--------- beginning of main
04-11 12:38:55.661  2113 20704 I sensors-hal: handle_oplus_wise_rgb_event:189, high_pwm_light:lux 396.7,cct 7346.7,brl/algo/ir 1419.0/2.0/41.1,pwm/dc 0.0/0.0,rgbc 16866.683594/12210.067383/7993.208496/34277.058594,ts 929550879658592,cnt 43500,flag 31133
04-11 12:38:55.662  2113 17862 I sensors-hal: handle_oplus_wise_rgb_event:161, wise_rgb: (43501)(cct, lux, ir)[7346.71, 396.69, 41.075653] (r, g, b, c)[16829.31, 12205.67, 7975.55, 34258.41]                 (pwm, hbm, brl, algo)[0.0 0.0 1419.0 2.0], flag 31133
04-11 12:38:55.719  4482  4680 W ServiceManagerCppClient: Waited one second for SystemClearService (is service started? Number of threads started in the threadpool: 16. Are binder threads started and available?)
04-11 12:38:55.719  4482  4659 W ServiceManagerCppClient: Waited one second for SystemClearService (is service started? Number of threads started in the threadpool: 16. Are binder threads started and available?)
04-11 12:38:55.721  1254  1148 W libc    : Unable to set property "ctl.interface_start" to "aidl/SystemClearService": PROP_ERROR_HANDLE_CONTROL_MESSAGE (0x20)
04-11 12:38:55.722  1254  1149 W libc    : Unable to set property "ctl.interface_start" to "aidl/SystemClearService": PROP_ERROR_HANDLE_CONTROL_MESSAGE (0x20)
04-11 12:38:55.778  1154  1154 W dumpsys : Thread Pool max thread count is 0. Cannot cache binder as linkToDeath cannot be implemented. serviceName: gfxinfo
--------- beginning of system
04-11 12:38:55.781  3590  8278 D ActivityManager: freezer override set to true
04-11 12:38:55.781  3590  8278 D ActivityManager: freezer override callers: 1154/2000 com.android.server.am.ActivityManagerService$GraphicsBinder.dump:2380 android.os.Binder.doDump:1085 android.os.Binder.dump:1075 android.os.Binder.onTransact:945 android.os.Binder.execTransactInternal:1444 
04-11 12:38:55.783 14034 16352 D RadioProxyJ[0]: startChannelMonitoring request id:141983,isInQueue:true,mIsDetectionRunning:false
04-11 12:38:55.783 14034 16352 D RadioProxyJ[0]: startAPIDetection mTimeoutCount:0
04-11 12:38:55.783 14034 16352 D RadioProxyJ[0]: [105375406]> setSyncWithAp_Monitor
04-11 12:38:55.783 14034 16352 D RadioProxyJ[0]: startChannelMonitoring update mLatestRequestId:105375406
04-11 12:38:55.783  2727 10112 D RadioService: setSyncWithAp with instance 0
04-11 12:38:55.784  2727 10112 D VendorService: VendorService::setSyncWithAp
04-11 12:38:55.784  2727  2826 D QmiVsClient: setSyncWithAp - enter
04-11 12:38:55.784  2727  2826 E QmiVsClient: sendAsyncRequest QMI_VS_SET_SYNC_WITH_AP_REQ_MSG_V01 ret 0
04-11 12:38:55.785  2727  2826 D VsProxy : handleMessage msg is 4001
04-11 12:38:55.785  2727  2826 D RadioProxy: setSyncWithAp : response cb for instance 0
04-11 12:38:55.785  2727  2727 D RadioServiceResponse: RadioServiceResponse::setSyncWithApResponse
04-11 12:38:55.785 14034 14747 D SubsysRadioResponse: setSyncWithApResponse info.error = 0
04-11 12:38:55.785 14034 14747 D RadioProxyJ[0]: [105375406]< setSyncWithAp_MonitorResponse 
04-11 12:38:55.785  3590  8278 D ActivityManager: freezer override set to false
04-11 12:38:55.785  3590  8278 D ActivityManager: freezer override callers: 1154/2000 com.android.server.am.ActivityManagerService$GraphicsBinder.dump:2386 android.os.Binder.doDump:1085 android.os.Binder.dump:1075 android.os.Binder.onTransact:945 android.os.Binder.execTransactInternal:1444 
04-11 12:38:55.791  3590  7344 V AlarmManager: sending alarm Alarm{164bad3 type 1 origWhen 1775882335791 whenElapsed 929551205 android} uid 1000 whenElapsed 929551205 windowLength 0 maxWhenElapsed 929551205 repeatInterval 0 action null component null tag StorgaeBandInfoAlarmTag flags 0x9 procName system_server
04-11 12:38:55.791  3590 10338 E OplusStorageUFSBandwidth: storage_io_metrics_path is /proc/oplus_storage/io_metrics/forever/
04-11 12:38:55.792  3590 10338 E OplusStorageUFSBandwidth: Bandwidth - Read: 0.00 MB/s, Write: 0.50 MB/s
04-11 12:38:55.792  3590 10338 E OplusStorageUFSBandwidth: Task time: 1ms
04-11 12:38:55.793  3590 10338 E OplusStorageUFSBandwidth: Alarm set to trigger in 10 seconds
04-11 12:38:55.823  2258  2258 D SensorFeature: name=ssc_screenshot_info ,index = 22
04-11 12:38:55.823  2258  2258 D SensorFeature: write 39 bytes:929549960831031,929551236132176,31134,0
04-11 12:38:55.845  2399  3162 D VRR [OTI]: handleIdle from 1 to 0
04-11 12:38:55.845  2399  3162 D VRR [OTI-HW]: isStateReady 0
04-11 12:38:55.845  2399  3162 D VRR [OTI-HW]: keep rate.
04-11 12:38:55.846  3590  3863 D PowerManagerService: userActivityNoUpdateLocked: groupId=0, eventTime=881695219, event=touch, flags=0x0, uid=1000
04-11 12:38:55.846  3590  8291 I [UAH_CLIENT]: UahEventAcquire, cmdid:37, pkg:none, identity:OplusUAwareInputHelper
04-11 12:38:55.846  3590  8031 D GestureLog_OplusMultiPointerDetector: onTouchEvent------>start, mCurNumPointers=1, mCurrStatus=0 mIsDownIntervalTimeout=true, action=0 downTime=881695219 deviceId=-1
04-11 12:38:55.846  3590  3863 D PowerManagerService: userActivityNoUpdateLocked: groupId=0, eventTime=881695219, event=touch, flags=0x0, uid=1000
04-11 12:38:55.846  3590  8291 D UAH-UahAdaptHelper: adaptSetNotification identity = OplusUAwareInputHelpersrc = 1000 , type 0 ,p1 = -1 ,p2 = -1 ,p3 = -1 ,p4 =
04-11 12:38:55.846  3590  8291 I [UAH_CLIENT]: uahRuleCtl, ruleId:1000, status:0
04-11 12:38:55.846   579   579 E IJankManager: slideSceneEnd unknown scene 1000 mScene:-1
04-11 12:38:55.848  3590  8291 D UAH-UahAdaptHelper: adaptSetNotification identity = OplusUAwareInputHelpersrc = 1000 , type 1 ,p1 = -1 ,p2 = -1 ,p3 = -1 ,p4 =
04-11 12:38:55.848  3590  8291 I [UAH_CLIENT]: uahRuleCtl, ruleId:1000, status:1
04-11 12:38:55.848  3590  3863 D PowerManagerService: userActivityNoUpdateLocked: groupId=0, eventTime=881695219, event=touch, flags=0x0, uid=1000
04-11 12:38:55.848   579   579 D OplusViewDragTouchViewHelper: dispatchTouchView action = 1
04-11 12:38:55.848  3590  3863 D PowerManagerService: userActivityNoUpdateLocked: groupId=0, eventTime=881695219, event=touch, flags=0x0, uid=1000
04-11 12:38:55.848   579   579 D ViewRootImplExtImpl: the up motion event handled by client, just return
04-11 12:38:55.850  3590  7998 I [UAH_CLIENT]: UahEventAcquire, cmdid:2, pkg:none, identity:com.android.server.wm
04-11 12:38:55.851  3590  7163 D WindowManager: NFW_setClientVisible:ActivityRecord{125339432 u0 com.binance.monitor/.ui.account.AccountStatsBridgeActivity clientVisible:true
04-11 12:38:55.851  3590  7163 V GrammaticalInflectionUtils: AttributionSource: android.content.AttributionSource@1020978a does not have READ_SYSTEM_GRAMMATICAL_GENDER permission.
04-11 12:38:55.851  3590  7163 D OplusCompatModeManagerService: getRequestedConfigurationOrientation  res:1,req:1,config.old:0,config.new:0,ActivityRecord{125339432 u0 com.binance.monitor/.ui.account.AccountStatsBridgeActivity t-1}
04-11 12:38:55.851  3590  7163 D OplusCompatModeManagerService:  onPreActivityRecordConfigurationChanged {0.0 ?mcc??mnc ?localeList ?layoutDir ?swdp ?wdp ?hdp ?density ?lsize ?long ?ldr ?wideColorGamut ?orien ?uimode ?night ?touch ?keyb/?/? ?nav/? winConfig={ mBounds=Rect(0, 0 - 0, 0) mAppBounds=null mMaxBounds=Rect(0, 0 - 0, 0) mDisplayRotation=undefined mWindowingMode=undefined mActivityType=undefined mAlwaysOnTop=undefined mRotation=undefined} ?fontWeightAdjustmentmThemeChanged= 0, mThemeChangedFlags= 0, mFlipFont= 0, mScenario= -1, mAccessibleChanged= 0, mUxIconConfig= 0, mMaterialColor= ffffffffffffffff, mUserId= -1, mFontUserId= -1, mFontVariationSettings= ffffffff, mFoldingAngle = -1.0, mIconPackName= , mDarkModeBackgroundMaxL= -1.0, mDarkModeDialogBgMaxL= -1.0, mDarkModeForegroundMinL= -1.0, mOplusConfigType= 0, mOplusChangedConfigs= 0, OpSans= -1, mBurmeseFontFlag= -1, mFlag= 0, mExtraFlag= 0, mFlexibleActivitySuitable= -1, mPuttDisplayFlag= -1}
04-11 12:38:55.851  3590  7163 D OplusCompatModeManagerService:  disable:true,valid:false,computeReq:1,isGameRatio:false
04-11 12:38:55.851  3590  7163 D OplusCompatModeManagerService:  getOverrideMinAspectRatioForCompatMode: 0.0 getRawOverrideMinAspectRatioForCompatMode: 0.0
04-11 12:38:55.851  3590  7163 D OplusCompatModeManagerService:  ar : ActivityRecord{125339432 u0 com.binance.monitor/.ui.account.AccountStatsBridgeActivity t-1} displayId:-1 inCompatMode: false
04-11 12:38:55.851  3590  7163 D OplusCompatModeManagerService: isDefaultDisplay true oldRect: Rect(0, 0 - 0, 0) newRect Rect(0, 0 - 0, 0)
04-11 12:38:55.851  3590  7163 D OplusCompatModeManagerService: reloadCompactRatio mParWorldContainer.isEnabledParallelWindow(pkg):false,mParWorldContainer.isDisabledCompactWindow:false,isUIAutoLayout:false, isFullOrientation: false
04-11 12:38:55.851  3590  7163 D FlexibleTaskController: isSupportFlexibleWindow target = com.binance.monitor/.ui.account.AccountStatsBridgeActivity callPkg = FlexibleTaskController support = true ,caller = 3590
04-11 12:38:55.851  3590  7163 D ActivityStarterExtImpl: checkOpMode: 3
04-11 12:38:55.851  3590  3830 W QosScheduler: executeSceneQosStrategy failed! qos feature no enable
04-11 12:38:55.852  3590  7163 D FlexibleWindowManagerService: isIgnoreAppearedAcrossTask:false
04-11 12:38:55.852  3590  7163 D ActivityStarterExtImpl: setForceUpdateWindow, targetTask = Task{b287a2f #13170 type=standard A=10512:com.binance.monitor} r = ActivityRecord{125339432 u0 com.binance.monitor/.ui.account.AccountStatsBridgeActivity t-1} notFinish =false
04-11 12:38:55.852  3590  7163 D FlexibleWindowManagerService: isIgnoreAppearedAcrossTask:false
04-11 12:38:55.852  3590  7163 D FlexibleTaskController: adjustOptionsForFlexibleTask skip adjust options reason:4
04-11 12:38:55.852  3590  7163 I InsensibleTaskController: adjustOptionsForInsensibleTask targetTask is resuse so not pureInsensibleOptions
04-11 12:38:55.852  3590  7163 D FlexibleTaskController: isSupportFlexibleWindow target = com.binance.monitor/.ui.account.AccountStatsBridgeActivity callPkg = FlexibleTaskController support = true ,caller = 3590
04-11 12:38:55.852  3590  7163 D FlexibleWindowManagerService: no reused task found for ActivityRecord{125339432 u0 com.binance.monitor/.ui.account.AccountStatsBridgeActivity t-1}
04-11 12:38:55.852  3590  7163 D ActivityStarterExtImpl: isLaunchingRootActivity = false
04-11 12:38:55.852  3590  7163 D ActivityStarterExtImpl: resume targetTask isVisibleRequested is true or in SkipCheckedList, need resume:targetTask=Task{b287a2f #13170 type=standard A=10512:com.binance.monitor}
04-11 12:38:55.852  3590  8480 I OPM     : handleActivityStart : ActivityRecord{125339432 u0 com.binance.monitor/.ui.account.AccountStatsBridgeActivity t-1}
04-11 12:38:55.852  3590  7163 D ActivityTaskManager: setAppVisibility(Token{a2a8dd ActivityRecord{194469255 u0 com.binance.monitor/.ui.settings.SettingsActivity t13170 f}}}, visible=false):  visible=true mVisibleRequested=true
04-11 12:38:55.853  3590  7163 D ActivityTaskManager: setVisibility(Token{a2a8dd ActivityRecord{194469255 u0 com.binance.monitor/.ui.settings.SettingsActivity t13170 f}}}, visible=false) defer commitVisibility for transition collecting
04-11 12:38:55.853  3590  7163 D ActivityTrigger: ActivityTrigger activityPauseTrigger 
04-11 12:38:55.854  3590  7163 D InsetsSourceProvider: updateSourceFrameForServerVisibility mandatorySystemGestures EMPTY_RECT
04-11 12:38:55.854  8338  8381 V WindowManagerShell: Transition requested (#27137): android.os.BinderProxy@e5f26fd TransitionRequestInfo { type = OPEN, triggerTask = TaskInfo{userId=0 taskId=13170 effectiveUid=10512 displayId=0 isRunning=true baseIntent=Intent { flg=0x10000000 cmp=com.binance.monitor/.ui.main.MainActivity mCallingUid=2000 } baseActivity=ComponentInfo{com.binance.monitor/com.binance.monitor.ui.main.MainActivity} topActivity=ComponentInfo{com.binance.monitor/com.binance.monitor.ui.account.AccountStatsBridgeActivity} origActivity=null realActivity=ComponentInfo{com.binance.monitor/com.binance.monitor.ui.main.MainActivity}
04-11 12:38:55.854  8338  8381 V WindowManagerShell:  numActivities=2 lastActiveTime=929551267 supportsSplitScreenMultiWindow=true supportsMultiWindow=true supportsPocketStudioMultiWindow=true isInFlexibleEmbedded = false uid = 10512 pid = 579 resizeMode=1 isResizeable=true minWidth=-1 minHeight=-1 defaultMinSize=220 token=WCT{android.window.IWindowContainerToken$Stub$Proxy@112dff2} topActivityType=1 pictureInPictureParams=null shouldDockBigOverlays=false launchIntoPipHostTaskId=-1 lastParentTaskIdBeforePip=-1 displayCutoutSafeInsets=Rect(0, 140 - 0, 0)
04-11 12:38:55.854  8338  8381 V WindowManagerShell:  topActivityInfo=ActivityInfo{c714643 com.binance.monitor.ui.account.AccountStatsBridgeActivity} launchCookies=[] positionInParent=Point(0, 0) parentTaskId=-1 isFocused=true isVisible=true isVisibleRequested=false isTopActivityNoDisplay=false isSleeping=false locusId=null displayAreaFeatureId=1 isTopActivityTransparent=false isActivityStackTransparent=false lastNonFullscreenBounds=Rect(330, 828 - 935, 2092) capturedLink=null capturedLinkTimestamp=0 requestedVisibleTypes=-9 topActivityRequestOpenInBrowserEducationTimestamp=0
04-11 12:38:55.854  8338  8381 V WindowManagerShell:  appCompatTaskInfo=AppCompatTaskInfo { topActivityInSizeCompat=false topActivityInOplusCompatMode=false eligibleForLetterboxEducation= false isLetterboxEducationEnabled= false isLetterboxDoubleTapEnabled= false eligibleForUserAspectRatioButton= false topActivityBoundsLetterboxed= false isFromLetterboxDoubleTap= false topActivityLetterboxVerticalPosition= -1 topActivityLetterboxHorizontalPosition= -1 topActivityLetterboxWidth=-1 topActivityLetterboxHeight=-1 topActivityAppBounds=Rect(0, 140 - 1264, 2780) isUserFullscreenOverrideEnabled=false isSystemFullscreenOverrideEnabled=false hasMinAspectRatioOverride=false topActivityLetterboxBounds=null cameraCompatTaskInfo=CameraCompatTaskInfo { freeformCameraCompatMode=inactive}} topActivityMainWindowFrame=null topActivityLetterboxInsets=Rect(0, 0 - 0, 0)
04-11 12:38:55.854  8338  8381 V WindowManagerShell:  mOplusExtraBundle = Bundle[mParcelledData.dataSize=1540]}, pipChange = null, remoteTransition = null, displayChange = null, flags = 0, debugId = 27137 }
04-11 12:38:55.854  8338  8381 D ShellSplitScreen: logExit: no-op, mLoggerSessionId is null
04-11 12:38:55.855  3590  7163 I ActivityTaskManager: START u0 {flg=0x24000000 xflg=0x4 cmp=com.binance.monitor/.ui.account.AccountStatsBridgeActivity mCallingUid=10512} with LAUNCH_MULTIPLE from uid 10512 (sr=194469255) (BAL_ALLOW_VISIBLE_WINDOW (callingUid has visible window)) result code=3
04-11 12:38:55.855  8338  8381 D WindowManagerShell: onActivityRestartAttempt: topActivity=ComponentInfo{com.binance.monitor/com.binance.monitor.ui.account.AccountStatsBridgeActivity}, wasVisible=false
04-11 12:38:55.856  3590  7163 I OplusAccessController: enter isIgnoreAppSwitchActivity
04-11 12:38:55.856  3590  7163 I OplusAccessController: enter isIgnoreAppSwitchActivity and intent != null
04-11 12:38:55.856  3590  7163 I OplusAccessController: enter isIgnoreAppSwitchActivity and componentName != null
04-11 12:38:55.856  3590  7163 I OplusAccessController: enter isIgnoreAppSwitchActivity and packageName&activity is not Empty
04-11 12:38:55.856  3590  7163 D RefreshRate: boostRefreshId choose max:currentRefreshRate:90.0 targetRefreshRate:60.0 mCurrentPickRate:90.0
04-11 12:38:55.856  3590  7163 D RefreshRate: Trigger app switch boost, ar=ActivityRecord{187072952 u0 com.binance.monitor/.ui.account.AccountStatsBridgeActivity t13170},currDisplayRate=90.0,boostId=1
04-11 12:38:55.856  3590  7959 D BackgroundInstallControlService: Package event received: 0
04-11 12:38:55.856  3590  3875 D RefreshRate: do setDisplayConfigSpecs  
04-11 12:38:55.856  3590  7163 D RefreshRate: setDisplayConfigSpecs complete: targetMode={id=3, width=1264, height=2780, fps=90.0, vsync=90.0, synthetic=false, alternativeRefreshRates=[60.000004, 120.00001, 120.00001], supportedHdrTypes=[1, 2, 3, 4]},srcMode={id=3, width=1264, height=2780, fps=90.0, vsync=90.0, synthetic=false, alternativeRefreshRates=[60.000004, 120.00001, 120.00001], supportedHdrTypes=[1, 2, 3, 4]},sfModId=2,rate=90.0
04-11 12:38:55.856  3590  7163 D RefreshRate: startAppSwitchBoost targetMode={id=3, width=1264, height=2780, fps=90.0, vsync=90.0, synthetic=false, alternativeRefreshRates=[60.000004, 120.00001, 120.00001], supportedHdrTypes=[1, 2, 3, 4]} record=ActivityRecord{187072952 u0 com.binance.monitor/.ui.account.AccountStatsBridgeActivity t13170}: votes=PRIORITY_START_ANIMATION_BOOST -> Vote{mRefreshRate=90.0, mMinRefreshRate=90.0, mRequestSource=null};PRIORITY_WINDOW_REQUEST -> Vote{mRefreshRate=90.0, mMinRefreshRate=90.0, mRequestSource=null};
04-11 12:38:55.856  2399  8068 D SurfaceFlinger: VRR [SurfaceFlinger] setDesiredDisplayModeSpecs, from process 3590, 2, 0, primaryRanges = [ 90.000000, 90.000000, 90.000000, 90.000000 ], appRequestRanges = [ 90.000000, 90.000000, 90.000000 90.000000 ]
04-11 12:38:55.856  3590  7163 D ActivityTaskManager: setAppVisibility(Token{71ffaf6 ActivityRecord{187072952 u0 com.binance.monitor/.ui.account.AccountStatsBridgeActivity t13170}}, visible=true):  visible=false mVisibleRequested=false
04-11 12:38:55.856  3590  7163 D WindowManager: NFW_setClientVisible:ActivityRecord{187072952 u0 com.binance.monitor/.ui.account.AccountStatsBridgeActivity t13170} clientVisible:true
04-11 12:38:55.856  3590  3875 D DisplayModeDirector: setAppRequest displayId : 0  modeId: 3  requestedRefreshRate: 90.0  requestedMinRefreshRateRange: 90.0  requestedMaxRefreshRateRange: 90.0
04-11 12:38:55.856  3590  8278 W SurfaceFlingerPuller: Failed to pull atom 150134 from surfaceflinger. Success is 0, binder status is EX_NONE
04-11 12:38:55.856   579   605 D VRI[AccountStatsBridgeActivity]: dispatchAppVisibility visible:true mUpcomingWindowFocus:false
04-11 12:38:55.856  3590  7163 D ActivityTaskManager: setVisibility(Token{71ffaf6 ActivityRecord{187072952 u0 com.binance.monitor/.ui.account.AccountStatsBridgeActivity t13170}}, visible=true) defer commitVisibility for transition collecting
04-11 12:38:55.856  2013  2036 E statsd  : Stats puller failed for tag: 150134 at 929551270197020
04-11 12:38:55.856  3590  8480 I OPM     : handlePackageLaunched pkg: com.binance.monitor, uid: 10512, pid: 579
04-11 12:38:55.856  3590  7163 D ActivityTaskManager: NFW_setLastResumedActivityUncheckLocked:true r:ActivityRecord{187072952 u0 com.binance.monitor/.ui.account.AccountStatsBridgeActivity t13170} currentFocus:Window{fac22e4 u0 com.binance.monitor/com.binance.monitor.ui.settings.SettingsActivity}
04-11 12:38:55.856  3590  7163 D WindowManager: NFW_findFocusedWindowIfNeeded:null mCurrentFocus:Window{fac22e4 u0 com.binance.monitor/com.binance.monitor.ui.settings.SettingsActivity}
04-11 12:38:55.856  3590  7163 D WindowManager: attachImeScreenshotOnTargetIfNeeded, mImeHiding = false, requestedVisibleTypes = -9
04-11 12:38:55.857  3590  7163 V WindowManager: Changing focus from Window{fac22e4 u0 com.binance.monitor/com.binance.monitor.ui.settings.SettingsActivity} to null,diplayid=0
04-11 12:38:55.857  3590  7163 D FlexibleTaskController: isFullToFlexibleAnimating: false
04-11 12:38:55.857  3590  7163 D WindowManager: rotation(ROTATION_0) no changed  displayId = 0, lastOrientation = 1
04-11 12:38:55.857  3590  7163 I TaskOrganizerController: onTaskInfoChanged taskid 13170 config { mBounds=Rect(0, 0 - 1264, 2780) mAppBounds=Rect(0, 0 - 1264, 2780) mMaxBounds=Rect(0, 0 - 1264, 2780) mDisplayRotation=ROTATION_0 mWindowingMode=fullscreen mActivityType=standard mAlwaysOnTop=undefined mRotation=ROTATION_0}
04-11 12:38:55.857  3590  7163 D OplusFlexibleDragToSplitAnimController: visibleFlexibleTaskInfos delete:13170
04-11 12:38:55.857  3590  7163 E FlexibleWindowManagerService: notifyTaskObserverToAttachController not need to notify!
04-11 12:38:55.857  3590  7163 I FlexibleWindowManagerService: onFlexibleWindowTaskInfoChanged, return for cur task not embedded
04-11 12:38:55.857  8338  8381 D ShellTaskOrganizerExt: visibleFlexibleTaskInfos delete:13170
04-11 12:38:55.857  8338  8381 D ShellTaskOrganizerExt: isOnCanvas size:0
04-11 12:38:55.857  8338  8381 D ShellTaskOrganizerExt: isOnThreeFlexibleCanvas size:0
04-11 12:38:55.857  3590  7163 D OplusFeatureColorMode: ColorMode getColorMode =0
04-11 12:38:55.857  3590  7163 D ColorDisplayServiceExtImpl: getWCGVersion1App, packageName=com.binance.monitor, sSupportWCG1 = true, sSupportWCG3 = false, nRet = 0
04-11 12:38:55.858  3590  7163 D InsetsSourceProvider: updateSourceFrameForServerVisibility mandatorySystemGestures EMPTY_RECT
04-11 12:38:55.858  3590  7163 D InsetsSourceProvider: updateSourceFrameForServerVisibility mandatorySystemGestures EMPTY_RECT
04-11 12:38:55.858  3590  7163 D DisplayModeDirector: setAppRequest displayId : 0  modeId: 3  requestedRefreshRate: 0.0  requestedMinRefreshRateRange: 0.0  requestedMaxRefreshRateRange: 90.0
04-11 12:38:55.858  3590  3875 D VRR [OPlusRefreshRateService]:  setDirectorStates [flag: 1, state: 1, directorStateOff: 1]
04-11 12:38:55.858  2399  8068 D VRR [RefreshRateDirector]: updateState mState = 0
04-11 12:38:55.858   579   605 D ColorModeChangeItem: preExecute mColorMode=0
04-11 12:38:55.859   579   579 D VRI[AccountStatsBridgeActivity]: setWindowStopped stopped:false
04-11 12:38:55.859  3590  8591 D OplusAppSwitchRuleInfo: generateActivityEnterInfo - launch_source_type =  , launch_source_traceid = 
04-11 12:38:55.859  3590  8591 D OplusAppSwitchRuleInfo: generateActivityEnterInfo - launch_source_type =  , launch_source_traceid = 
04-11 12:38:55.859  3590  3796 D InsetsSourceProvider: updateSourceFrameForServerVisibility mandatorySystemGestures EMPTY_RECT
04-11 12:38:55.859  3590  8591 D OplusAppSwitchRuleInfo: generateActivityEnterInfo - launch_source_type =  , launch_source_traceid = 
04-11 12:38:55.860  3590  3795 D FlexibleTaskController: not in list
04-11 12:38:55.860   579   579 D ActivityThread: ComponentInfo{com.binance.monitor/com.binance.monitor.ui.account.AccountStatsBridgeActivity} checkFinished=false 2
04-11 12:38:55.860   579   579 D ResourcesManagerExtImpl: applyConfigurationToAppResourcesLocked app.getDisplayId() return callback.displayId:0
04-11 12:38:55.860  3590  7959 D BackgroundInstallControlService: Package event received: 0
04-11 12:38:55.860  2013  2036 E statsd  : Stats puller failed for tag: 150134 at 929551273794937
04-11 12:38:55.860  2399  2621 I OplusPerfCollect: OplusPerfCollect onPullAtom
04-11 12:38:55.860  2399  2621 I OplusPerfCollect: OplusPerfCollect OplusVrrInfoRecord clear
04-11 12:38:55.860  2013  2036 I statsd  : An anomaly (104240000001) (42)0x10000->10512[I] (42)0x20000->com.binance.monitor[S] (42)0x30000->.ui.account.AccountStatsBridgeActivity[S]  has occurred! Informing subscribers.
04-11 12:38:55.861 10250 16907 E midasd  : getTotalFlipsFromSf mCurFrameCount: 11745905
04-11 12:38:55.861 10250 16907 I midasd  : DisplayAgent updateDisplayDevInfo getRenderFps mFps:90 mRenderFps:3 mWidth:1264 mHeight:2780
04-11 12:38:55.870  2399  2399 I BpBinder: onLastStrongRef automatically unlinking death recipients: 
04-11 12:38:55.871  3590  7163 I InputDispatcher: updateFocusedWindow,  on display 0, reason: NO_WINDOW, result:   FocusedWindows: <none>
04-11 12:38:55.925  2113 17888 I sensors-hal: handle_sns_std_sensor_event:114, oplus rgb_rear sample: (cct, lux, ir, x, y)[10320, 31, 345, 259, 318]
04-11 12:38:55.926  2113 17888 I sensors-hal: handle_sns_std_sensor_event:116, oplus rgb_rear sample: (r, g, b, c w)[1266, 2596, 644, 898, 0]
04-11 12:38:55.927  2113 17862 I sensors-hal: handle_oplus_wise_rgb_event:161, wise_rgb: (43506)(cct, lux, ir)[7339.29, 394.86, 40.917953] (r, g, b, c)[16757.05, 12141.88, 7946.85, 34118.54]                 (pwm, hbm, brl, algo)[0.0 0.0 1419.0 2.0], flag 31134
04-11 12:38:55.956  2181  2506 I SDM     : DisplayBuiltIn::IdlePowerCollapse: IPC received, disabling partial update for one frame
04-11 12:38:55.975  3590  7335 D ActivityManager: Freezer deadlock watchdog
04-11 12:38:56.021  3438  4039 D QmiClient: qmiServiceEventCallback recv msg id 47
04-11 12:38:56.021  3438  4039 D QmiClient: enter -mServiceType 10 onQmiServiceEventCallback msgId 47
04-11 12:38:56.021  3438  4039 D QmiClient: onQmiServiceEventCallback - enter. msgId=47
04-11 12:38:56.021  3438  3488 D OttProxy: handleMessage msg is 3001
04-11 12:38:56.021 14034 14747 D SubsysRadioIndication[1]: radioLinkLatencyInfoInd
04-11 12:38:56.021 14034 14747 D SubsysRadioIndication[1]: notify enter
04-11 12:38:56.021 14034 14034 D NetworkService[1]: handleMessage what:1008
04-11 12:38:56.021 14034 14034 D NetworkService[1]: EVENT_REG_LINK_LATENCY_INFO_CHANGE ulLatency:5951
04-11 12:38:56.033   579   827 I ChainTrace: stream type=heartbeat gapMs=955 refreshMarket=false
04-11 12:38:56.061   579   579 D VRI[SettingsActivity]: onFocusEvent false
04-11 12:38:56.061   579   579 D ResourcesManagerExtImpl: applyConfigurationToAppResourcesLocked app.getDisplayId() return callback.displayId:0
04-11 12:38:56.087   579   579 D ViewRootImplExtImpl: wrapConfigInfoIntoFlags rotation=0, smallestScreenWidthDp=361, residentWS=false, scenario=0, bounds=Rect(0, 0 - 1264, 2780), relayoutAsync=false, flags=0, newFlags=1457532192, title=com.binance.monitor/com.binance.monitor.ui.account.AccountStatsBridgeActivity
04-11 12:38:56.087  3590  8278 V WindowManager: Relayout Window{ca16b01 u0 com.binance.monitor/com.binance.monitor.ui.account.AccountStatsBridgeActivity}: viewVisibility=0, oldvis=8, req=1264x2780 , apr = 0, vsysui=, x=0, y=0
04-11 12:38:56.087  3590  8278 I WindowManager: Window{ca16b01 u0 com.binance.monitor/com.binance.monitor.ui.account.AccountStatsBridgeActivity} state from NO_SURFACE to DRAW_PENDING; reason: resetDrawState
04-11 12:38:56.088  3590  8278 D InsetsSourceProvider: updateSourceFrameForServerVisibility mandatorySystemGestures EMPTY_RECT
04-11 12:38:56.088  3590  8278 D InsetsSourceProvider: updateSourceFrameForServerVisibility mandatorySystemGestures EMPTY_RECT
04-11 12:38:56.088  3590  8278 D WindowManager: NFW_findFocusedWindowIfNeeded:Window{ca16b01 u0 com.binance.monitor/com.binance.monitor.ui.account.AccountStatsBridgeActivity} mCurrentFocus:null
04-11 12:38:56.088  3590  8278 V WindowManager: Changing focus from null to Window{ca16b01 u0 com.binance.monitor/com.binance.monitor.ui.account.AccountStatsBridgeActivity},diplayid=0
04-11 12:38:56.088  3590  3875 D VRR [OPlusSurfaceFlingerController]:  setComplexSceneEnable : true
04-11 12:38:56.088  3590  7998 I [UAH_CLIENT]: uahRuleCtl, ruleId:206, status:3
04-11 12:38:56.089  3590  8278 D Theia.NoFocusWindow: FocusWindowErrorScene cancelCheckFreezeScreen
04-11 12:38:56.089  3590  8278 W TheiaWindowMonitor: [check] focusedWindow is null or enable is false
04-11 12:38:56.090   579   579 D VRI[AccountStatsBridgeActivity]: relayoutWindow result, sizeChanged:false, surfaceControlChanged:true, transformHintChanged:false, mSurfaceSize:Point(1264, 2780), mLastSurfaceSize:Point(1264, 2780), mWidth:1264, mHeight:2780, requestedWidth:1264, requestedHeight:2780, transformHint:0, installOrientation:0, displayRotation:0, isSurfaceValid:true, attr.flag:-2122252032, tmpFrames:ClientWindowFrames{frame=[0,0][1264,2780] display=[0,0][1264,2780] parentFrame=[0,0][0,0]}, relayoutAsync:false, mSyncSeqId:0
04-11 12:38:56.090   579   579 W VRI[AccountStatsBridgeActivity]: updateBlastSurfaceIfNeeded, surfaceSize:Point(1264, 2780), lastSurfaceSize:Point(1264, 2780), format:-3, blastBufferQueue:null
04-11 12:38:56.090   579   579 D BufferQueueConsumer: [](id:24300000004,api:0,p:-1,c:579) connect: controlledByApp=false
04-11 12:38:56.090   579   579 D BufferQueueConsumer: [VRI[AccountStatsBridgeActivity]#4(BLAST Consumer)4](id:24300000004,api:0,p:-1,c:579) setMaxAcquiredBufferCount: 2
04-11 12:38:56.091   579   775 D BufferQueueProducer: [VRI[AccountStatsBridgeActivity]#4(BLAST Consumer)4](id:24300000004,api:1,p:579,c:579) connect: api=1 producerControlledByApp=true
04-11 12:38:56.092  3590  3796 D SurfaceComposerClient: Transaction::apply InputWindowCommands.focusRequests timestamp=881695464208344, windowName=ca16b01 com.binance.monitor/com.binance.monitor.ui.account.AccountStatsBridgeActivity
04-11 12:38:56.093   579   579 I SurfaceControl:  setExtendedRangeBrightness sc=Surface(name=com.binance.monitor/com.binance.monitor.ui.account.AccountStatsBridgeActivity)/@0xb54058e,currentBufferRatio=1.0,desiredRatio=1.0
04-11 12:38:56.104  2399  3200 D SurfaceFlinger: updateWinowInfo=1, setFocusedWindow timestamp=881695464208344, windowName=ca16b01 com.binance.monitor/com.binance.monitor.ui.account.AccountStatsBridgeActivity
04-11 12:38:56.104  3590  8793 I InputDispatcher: NFW_setFocusedWindow, ca16b01 com.binance.monitor/com.binance.monitor.ui.account.AccountStatsBridgeActivity on display 0, same as the previous:0
04-11 12:38:56.110  2727  3986 D QmiClient: qmiServiceEventCallback recv msg id 1099
04-11 12:38:56.110  2727  3986 D QmiClient: enter -mServiceType 4 onQmiServiceEventCallback msgId 1099
04-11 12:38:56.110  2727  3986 D QmiClient: onQmiServiceEventCallback - enter. msgId=1099
04-11 12:38:56.110  2727  3986 D QmiVsClientEvent: QosPeriodReportInd MSG IND data_len 2052
04-11 12:38:56.110  2727  3986 D QmiVsClientEvent: qmiVsClientNotifyQosPeriodReportIndEvent - RADIO_EVENT_QOS_PERIOD_REPORT_NOTIFY_IND
04-11 12:38:56.110  2727  2826 D VsProxy : handleMessage msg is 2420
04-11 12:38:56.111  2727  2826 D VsProxy : handleQosPeriodReportInd for instance 0 data_len 145
04-11 12:38:56.111  3438  3988 D QmiClient: qmiServiceEventCallback recv msg id 1099
04-11 12:38:56.111  3438  3988 D QmiClient: enter -mServiceType 4 onQmiServiceEventCallback msgId 1099
04-11 12:38:56.111  3438  3988 D QmiClient: onQmiServiceEventCallback - enter. msgId=1099
04-11 12:38:56.111  3438  3988 D QmiVsClientEvent: QosPeriodReportInd MSG IND data_len 2052
04-11 12:38:56.111  3438  3988 D QmiVsClientEvent: qmiVsClientNotifyQosPeriodReportIndEvent - RADIO_EVENT_QOS_PERIOD_REPORT_NOTIFY_IND
04-11 12:38:56.111  3438  3485 D VsProxy : handleMessage msg is 2420
04-11 12:38:56.111  3438  3485 D VsProxy : handleQosPeriodReportInd for instance 1 data_len 199
04-11 12:38:56.111 14034 14747 D SubsysRadioIndication[0]: radioQosPeriodReportInd result [8, -92, -23, -10, -50, 14, 34, 12, 8, -84, -69, -57, -50, 14, 16, 4, 24, 1, 32, 3, 58, 61, 8, -59, -34, -10, -50, 14, 16, 5, 24, -64, -92, 38, 32, -22, 6, 40, -98, -1, -1, -1, -1, -1, -1, -1, -1, 1, 48, -11, -1, -1, -1, -1, -1, -1, -1, -1, 1, 56, 2, 64, -99, -1, -1, -1, -1, -1, -1, -1, -1, 1, 72, -100, -1, -1, -1, -1, -1, -1, -1, -1, 1, 66, 29, 8, -57, -20, -92, -50, 14, 16, 5, 34, 19, 8, -64, -92, 38, 16, -22, 6, 24, 78, 32, 13, 40, -117, -32, -94, -93, 2, 48, 2, 90, 0, 98, 10, 8, -41, -26, -92, -50, 14, 16, 3, 24, 5, 122, 15, 8, -8, -24, -92, -50, 14, 16, -52, 2, 24, -21, 1, 32, -90, 9]
04-11 12:38:56.111 14034   947 D SubsysRadioIndication[1]: radioQosPeriodReportInd result [8, -92, -23, -10, -50, 14, 18, 8, 8, -31, -24, -10, -50, 14, 72, 1, 26, 13, 8, -14, -25, -10, -50, 14, 16, 1, 40, 1, 56, -98, 1, 34, 12, 8, -84, -69, -57, -50, 14, 16, 4, 24, 1, 32, 3, 58, 83, 8, -31, -24, -10, -50, 14, 16, 5, 24, -98, -23, 30, 32, -54, 1, 40, -90, -1, -1, -1, -1, -1, -1, -1, -1, 1, 48, -11, -1, -1, -1, -1, -1, -1, -1, -1, 1, 56, 4, 64, -90, -1, -1, -1, -1, -1, -1, -1, -1, 1, 72, -90, -1, -1, -1, -1, -1, -1, -1, -1, 1, 80, -90, -1, -1, -1, -1, -1, -1, -1, -1, 1, 88, -94, -1, -1, -1, -1, -1, -1, -1, -1, 1, 66, 31, 8, -120, -25, -29, -50, 14, 16, 5, 24, 2, 34, 19, 8, -98, -23, 30, 16, -54, 1, 24, 41, 32, 13, 40, -126, -128, -52, -67, 21, 48, 2, 90, 0, 98, 10, 8, -85, -54, -73, -50, 14, 16, 3, 24, 5, 122, 20, 8, -26, -28, -10, -50, 14, 16, -1, -1, 1, 24, -1, -1, 1, 32, -1, -1, -1, -1, 15]
04-11 12:38:56.111 14034 14034 D NetworkService[0]: handleMessage what:1005
04-11 12:38:56.111 14034 14034 D RadioAtomTracker: parseQosPeriodData ModemQos:CellularQosInfo2{5G, 627264/874, EndcState=0, Band=78, DLBW=13, Rsrp=-98, Rsrq=-11, Snr=2, SvcStatus=3, ULPDCPNumDataPdu=-1, ULPDCPNumDropPdu=-1, ULPDCPTput=-1, ULRLCNumDataPdu=-1, ULRLCNumRetxPdu=-1, ULGrant=-1, ULBSR=-1, ULBler=-1, DLPDCPNumDataPdu=-1, DLPDCPTput=-1, DLRLCNumDataPdu=-1, DLRLCNumRetxPdu=-1, DLRLCNumDropPdu=-1, DLMACPaddingBytes=-1, DLPdcpNumMissToUppPdu=-1, DLBler=-1, RlfCount=0, CellChangeCount=0, IsRedirectionOccur=0, IsDualSimConflict=0, Latency=0, Sub1RrcState=1, Sub2RrcState=3, RachCount=0, CalcPower=332, Mtpl=235, PathLoss=1190, CellLoad=0}
04-11 12:38:56.111 14034 14034 D NetworkService[0]: EVENT_REG_QOS_PERIOD_REPORT_IND_CHANGED ENTER
04-11 12:38:56.111 14034 14034 D NetworkService[1]: handleMessage what:1005
04-11 12:38:56.111 14034 14034 D RadioAtomTracker: parseQosPeriodData ModemQos:CellularQosInfo1{5G, 504990/202, EndcState=2, Band=41, DLBW=13, Rsrp=-90, Rsrq=-11, Snr=4, SvcStatus=3, ULPDCPNumDataPdu=0, ULPDCPNumDropPdu=0, ULPDCPTput=0, ULRLCNumDataPdu=0, ULRLCNumRetxPdu=0, ULGrant=0, ULBSR=0, ULBler=1, DLPDCPNumDataPdu=1, DLPDCPTput=158, DLRLCNumDataPdu=1, DLRLCNumRetxPdu=0, DLRLCNumDropPdu=0, DLMACPaddingBytes=0, DLPdcpNumMissToUppPdu=0, DLBler=0, RlfCount=0, CellChangeCount=0, IsRedirectionOccur=0, IsDualSimConflict=0, Latency=5, Sub1RrcState=1, Sub2RrcState=3, RachCount=0, CalcPower=32767, Mtpl=32767, PathLoss=-1, CellLoad=0}
04-11 12:38:56.111 14034 14034 D NetworkService[1]: EVENT_REG_QOS_PERIOD_REPORT_IND_CHANGED ENTER
04-11 12:38:56.111 14034 14034 D AtomModemKpiInfo: handleMessage what:1001
04-11 12:38:56.111 14034 14034 D AtomModemKpiInfo: analyseQosInfo success
04-11 12:38:56.124  2258  2258 D SensorFeature: name=ssc_screenshot_info ,index = 22
04-11 12:38:56.124  2258  2258 D SensorFeature: write 39 bytes:929549960831031,929551538093582,31135,0
04-11 12:38:56.124   579   775 D BLASTBufferQueue: [VRI[AccountStatsBridgeActivity]#4](f:0,a:1) acquireNextBufferLocked size=1264x2780 mFrameNumber=1 applyTransaction=true mTimestamp=881695498619907(auto) mPendingTransactions.size=0 graphicBufferId=2486786064405 transform=0
04-11 12:38:56.124   579   775 D VRI[AccountStatsBridgeActivity]: Received frameCommittedCallback lastAttemptedDrawFrameNum=1 didProduceBuffer=true syncBuffer=false
04-11 12:38:56.124   579   579 D VRI[AccountStatsBridgeActivity]: draw finished. seqId=0
04-11 12:38:56.125  3590  8278 D WindowManager: onSyncFinishedDrawing: Window{ca16b01 u0 com.binance.monitor/com.binance.monitor.ui.account.AccountStatsBridgeActivity}
04-11 12:38:56.125  3590  8278 I WindowManager: finishDrawing skipLayout:false,syncSeqId=0,mPrepareSyncSeqId=0 Window{ca16b01 u0 com.binance.monitor/com.binance.monitor.ui.account.AccountStatsBridgeActivity} com.android.server.wm.WindowManagerService.finishDrawingWindow:3217 com.android.server.wm.Session.finishDrawing:399 android.view.IWindowSession$Stub.onTransact:793 
04-11 12:38:56.125  3590  8278 I WindowManager: Window{ca16b01 u0 com.binance.monitor/com.binance.monitor.ui.account.AccountStatsBridgeActivity} state from DRAW_PENDING to COMMIT_DRAW_PENDING; reason: finishDrawingLocked
04-11 12:38:56.125  3590  3796 D InsetsSourceProvider: updateSourceFrameForServerVisibility mandatorySystemGestures EMPTY_RECT
04-11 12:38:56.125  3590  3796 D InsetsSourceProvider: updateSourceFrameForServerVisibility mandatorySystemGestures EMPTY_RECT
04-11 12:38:56.125  3590  3796 I WindowManager: Window{ca16b01 u0 com.binance.monitor/com.binance.monitor.ui.account.AccountStatsBridgeActivity} state from COMMIT_DRAW_PENDING to READY_TO_SHOW; reason: commitFinishDrawingLocked
04-11 12:38:56.125  3590  3796 D CoreBackPreview:  return markWindowHasDrawn mComposed: false  mWaitTransition: false
04-11 12:38:56.125  3590  3796 D ActivityTaskManager: Clearing startingData for activity=ActivityRecord{187072952 u0 com.binance.monitor/.ui.account.AccountStatsBridgeActivity t13170} mStartingData=null mStartingSurface=null
04-11 12:38:56.125  3590  3796 D QuickBackInputPolicy: setAppLaunchEndTime update timePair=Pair{ActivityRecord{187072952 u0 com.binance.monitor/.ui.account.AccountStatsBridgeActivity t13170} 881695500}
04-11 12:38:56.126  3590  3796 D ActivityTaskManager: commitVisibility: ActivityRecord{187072952 u0 com.binance.monitor/.ui.account.AccountStatsBridgeActivity t13170}: visible=true visibleRequested=true, isInTransition=true 
04-11 12:38:56.126  3590  3796 D CoreBackPreview:  return markWindowHasDrawn mComposed: false  mWaitTransition: false
04-11 12:38:56.126  3590  3796 D ActivityTaskManager: Clearing startingData for activity=ActivityRecord{187072952 u0 com.binance.monitor/.ui.account.AccountStatsBridgeActivity t13170} mStartingData=null mStartingSurface=null
04-11 12:38:56.126  3590  3796 I WindowManager: Window{ca16b01 u0 com.binance.monitor/com.binance.monitor.ui.account.AccountStatsBridgeActivity} state from READY_TO_SHOW to HAS_DRAWN; reason: performShowLocked
04-11 12:38:56.126  3590  3796 D CoreBackPreview:  return markWindowHasDrawn mComposed: false  mWaitTransition: false
04-11 12:38:56.126  3590  3796 E OplusAppQuickStart_AppQuickStartController: not start from launcher transition:27137
04-11 12:38:56.126  3590  3796 D Transition: collectOrderChanges onTopTasksEnd: [Task{b287a2f #13170 type=standard A=10512:com.binance.monitor}], reportedOnTop:null, mOnTopTasksStart: [Task{b287a2f #13170 type=standard A=10512:com.binance.monitor}], TDA child: [Task{2ae848 #3 type=undefined}, Task{59d6dd0 #13088 type=standard A=10306:com.binance.dev}, Task{100415c #13133 type=standard A=10397:com.v2ray.ang}, Task{1abb46b #12626 type=standard A=10345:com.tencent.mm}, Task{1b9ad4c #1 type=home}, Task{7fffd36 #13163 type=standard A=10515:com.mobilecodex.nativeapp}, Task{b287a2f #13170 type=standard A=10512:com.binance.monitor}]
04-11 12:38:56.127  3590  3796 D OplusFlexibleActivityTransitionManager: fixTransitType type result:1, targets: [ChangeInfo{73c506e container=ActivityRecord{194469255 u0 com.binance.monitor/.ui.settings.SettingsActivity t13170 f}} flags=0x0}, ChangeInfo{843f30f container=ActivityRecord{187072952 u0 com.binance.monitor/.ui.account.AccountStatsBridgeActivity t13170} flags=0x0}]
04-11 12:38:56.127  3590  3796 D OplusTransitionAnimationManager: activityRecordCount1fullScreenArBeHindStartingWindow null
04-11 12:38:56.127  3590  3796 D OplusTransitionAnimationManager: activityRecordCount1fullScreenArBeHindStartingWindow null
04-11 12:38:56.127  3590  3796 D QuickBackInputPolicy: resetInputInterceptState for remoteTransition: false
04-11 12:38:56.128  3590  3796 D OplusTransitionController: onTransactionReady, transition: 27137, info: {id=27137 t=OPEN f=0x0 trk=0 r=[0@Point(0, 0)] c=[{m=CLOSE f=FILLS_TASK leash=Surface(name=ActivityRecord{194469255 u0 com.binance.monitor/.ui.settings.SettingsActivity t13170})/@0x3963268 sb=Rect(0, 0 - 1264, 2780) eb=Rect(0, 0 - 1264, 2780) epz=Point(1264, 2780) d=0 bc=fffef7ff component=com.binance.monitor/.ui.settings.SettingsActivity opt={t=FROM_STYLE mUserId=0}},{m=TO_FRONT f=FILLS_TASK leash=Surface(name=ActivityRecord{187072952 u0 com.binance.monitor/.ui.account.AccountStatsBridgeActivity t13170})/@0xdda1671 sb=Rect(0, 0 - 1264, 2780) eb=Rect(0, 0 - 1264, 2780) epz=Point(1264, 2780) d=0 bc=fffef7ff component=com.binance.monitor/.ui.account.AccountStatsBridgeActivity opt={t=FROM_STYLE mUserId=0}}] 
04-11 12:38:56.128  3590  3796 D OplusTransitionController: extendInfo=[
04-11 12:38:56.128  3590  3796 D OplusTransitionController:  OplusTransitionExtendedInfo{mTmpFinishT=null, mInOplusCompatMode=false, mIsProcessRunning=false, mHasMismatchBoundsTarget=false, mRecentsController=null, mRemoteTransition=null, mIsTranslucentActivityToHome=false, mAvoidInterceptKeyEventToHome=false, mIsFromHome=false, mParentLeash=null, mBackAnimClosingLeash=null, mIsOplusAnimRes=false, mKeepBgForContinuous=false, mIsBalAllow=false, mTaskNotInRecent=false, mIsPredictiveBackAnim=false, mIsMergedWithPredictive=false, mIsLaunchFromSpruce=false, mIsLaunchFromDrive=false, mGlobalSearchPageSwitch=false, mNeedNoAlphaGlobalSearchScene=false, mAssistScreenShowing=false, mSwipeUpBrowserScreenShowing=false, mUserIdTransition=-1
04-11 12:38:56.128  3590  3796 D OplusTransitionController: , mInRemoteScene=false, mInPreReady=false, mPreStart=false, mToken=null, mAbortByRemoteFromHome=false, mShellApplyToken=null, mRequestTransitionTaskId=13170, mAbortTransitionOnShell=0, mStartFromShortcut=false, mRemovedTaskId=-1, mTransitionInterruptType=0, mMergeSecondTaskId=-1, mTaskIdStartFromRecents=0, mTransitionId=27137, mCanUseSpringSlideAnim=false, mTransitionLaunchFrom=0, mFoldChangeType=-1, mAnimStartingPosition=[0, 0, 0, 0], mIsOpeningStkDialogActivity=false, mSecondaryHomeToFrontWhenUnFolding=false, mIsNeedApplyStartTForEmbedded=false
04-11 12:38:56.128  3590  3796 D OplusTransitionController: , mNeedCanvasExitAnim=false, mMergeSecondTaskAnimation=false, mIsLaunchUnityStart=false, mIsLaunchFromAssistantByDefault=false, mSkipRemoteTransitionfalse, mIsStartFromKeyguard=false flags=0x0, mWCT=null, mIsOpenMergeToInValidPredictive=false, mPromoteTaskWhenKeyguard-1, mRootLayerZOrderArray={}}]}, targets : [ChangeInfo{73c506e container=ActivityRecord{194469255 u0 com.binance.monitor/.ui.settings.SettingsActivity t13170 f}} flags=0x0}, ChangeInfo{843f30f container=ActivityRecord{187072952 u0 com.binance.monitor/.ui.account.AccountStatsBridgeActivity t13170} flags=0x0}], participants: {ActivityRecord{125339432 u0 com.binance.monitor/.ui.account.AccountStatsBridgeActivity t-1}, ActivityRecord{187072952 u0 com.binance.monitor/.ui.account.AccountStatsBridgeActivity t13170}, ActivityRecord{194469255 u0 com.binance.monitor/.ui.settings.SettingsActivity t13170 f}}}
04-11 12:38:56.128 15031 15220 I Quality-ScreenOnOffLogProcessor: withInScreenOnOffRange mIsScreenOn:true refTime:1775882335855 mRecentScreenOnTime:1775878373956 mRecentScreenOffTime:1775878373425
04-11 12:38:56.128  3590  3792 V WindowManager: Sent Transition (#27137) createdAt=04-11 12:38:55.851 via request=TransitionRequestInfo { type = OPEN, triggerTask = TaskInfo{userId=0 taskId=13170 effectiveUid=10512 displayId=0 isRunning=true baseIntent=Intent { flg=0x10000000 cmp=com.binance.monitor/.ui.main.MainActivity mCallingUid=2000 } baseActivity=ComponentInfo{com.binance.monitor/com.binance.monitor.ui.main.MainActivity} topActivity=ComponentInfo{com.binance.monitor/com.binance.monitor.ui.account.AccountStatsBridgeActivity} origActivity=null realActivity=ComponentInfo{com.binance.monitor/com.binance.monitor.ui.main.MainActivity}
04-11 12:38:56.128  3590  3792 V WindowManager:  numActivities=2 lastActiveTime=929551267 supportsSplitScreenMultiWindow=true supportsMultiWindow=true supportsPocketStudioMultiWindow=true isInFlexibleEmbedded = false uid = 10512 pid = 579 resizeMode=1 isResizeable=true minWidth=-1 minHeight=-1 defaultMinSize=220 token=WCT{RemoteToken{1063ea5 Task{b287a2f #13170 type=standard A=10512:com.binance.monitor}}} topActivityType=1 pictureInPictureParams=null shouldDockBigOverlays=false launchIntoPipHostTaskId=-1 lastParentTaskIdBeforePip=-1 displayCutoutSafeInsets=Rect(0, 140 - 0, 0)
04-11 12:38:56.128  3590  3792 V WindowManager:  topActivityInfo=ActivityInfo{902b7e2 com.binance.monitor.ui.account.AccountStatsBridgeActivity} launchCookies=[] positionInParent=Point(0, 0) parentTaskId=-1 isFocused=true isVisible=true isVisibleRequested=false isTopActivityNoDisplay=false isSleeping=false locusId=null displayAreaFeatureId=1 isTopActivityTransparent=false isActivityStackTransparent=false lastNonFullscreenBounds=Rect(330, 828 - 935, 2092) capturedLink=null capturedLinkTimestamp=0 requestedVisibleTypes=-9 topActivityRequestOpenInBrowserEducationTimestamp=0
04-11 12:38:56.128  3590  3792 V WindowManager:  appCompatTaskInfo=AppCompatTaskInfo { topActivityInSizeCompat=false topActivityInOplusCompatMode=false eligibleForLetterboxEducation= false isLetterboxEducationEnabled= false isLetterboxDoubleTapEnabled= false eligibleForUserAspectRatioButton= false topActivityBoundsLetterboxed= false isFromLetterboxDoubleTap= false topActivityLetterboxVerticalPosition= -1 topActivityLetterboxHorizontalPosition= -1 topActivityLetterboxWidth=-1 topActivityLetterboxHeight=-1 topActivityAppBounds=Rect(0, 140 - 1264, 2780) isUserFullscreenOverrideEnabled=false isSystemFullscreenOverrideEnabled=false hasMinAspectRatioOverride=false topActivityLetterboxBounds=null cameraCompatTaskInfo=CameraCompatTaskInfo { freeformCameraCompatMode=inactive}} topActivityMainWindowFrame=null topActivityLetterboxInsets=Rect(0, 0 - 0, 0)
04-11 12:38:56.128  3590  3792 V WindowManager:  mOplusExtraBundle = Bundle[{androidx.flexible.taskFrame=Rect(0, 0 - 0, 0), topOpaqueSystemBarsAppearance=0, androidx.flexible.Alpha=1.0, androidx.activity.task.attach.blur=0, androidx.activity.LaunchInsensible=0, androidx.activity.LaunchCornerRadius=0, key_flexible_task_state=0, topActivitySupportAppInnerSplit=false, key_flexible_task_animating_type=-1, key_flexible_task_root_activity_processname=com.binance.monitor, androidx.activity.LaunchScenario=0, is_oplus_clone_task=false, flexible_super_mini_state=false, topRunningActivityHash=187072952, androidx.activity.LaunchScale=1.0, androidx.activity.LaunchShadowRadius=0, is_transient_hide_for_task_info=false, key_flexible_task_root_activity_pid=579, key_flexible_task_root_activity_uid=10512}]}, pipChange = null, remoteTransition = null, displayChange = null, flags = 0, debugId = 27137 }
04-11 12:38:56.128  8338  9841 V WindowManagerShell: onTransitionReady(transaction=15418935203276)
04-11 12:38:56.128  3590  3796 D InsetsSourceProvider: updateSourceFrameForServerVisibility mandatorySystemGestures EMPTY_RECT
04-11 12:38:56.128  3590  3792 V WindowManager:     startWCT=WindowContainerTransaction { changes= {} hops= [] errorCallbackToken=null taskFragmentOrganizer=null }
04-11 12:38:56.129  3590  3792 V WindowManager:     info={id=27137 t=OPEN f=0x0 trk=0 r=[0@Point(0, 0)] c=[
04-11 12:38:56.129  3590  3792 V WindowManager:         {m=CLOSE f=FILLS_TASK leash=Surface(name=ActivityRecord{194469255 u0 com.binance.monitor/.ui.settings.SettingsActivity t13170})/@0x3963268 sb=Rect(0, 0 - 1264, 2780) eb=Rect(0, 0 - 1264, 2780) epz=Point(1264, 2780) d=0 component=com.binance.monitor/.ui.settings.SettingsActivity opt={t=CUSTOM enterResId=0 changeResId=0 exitResId=0 mUserId=0}},
04-11 12:38:56.129  3590  3792 V WindowManager:         {m=TO_FRONT f=FILLS_TASK leash=Surface(name=ActivityRecord{187072952 u0 com.binance.monitor/.ui.account.AccountStatsBridgeActivity t13170})/@0xdda1671 sb=Rect(0, 0 - 1264, 2780) eb=Rect(0, 0 - 1264, 2780) epz=Point(1264, 2780) d=0 component=com.binance.monitor/.ui.account.AccountStatsBridgeActivity opt={t=CUSTOM enterResId=0 changeResId=0 exitResId=0 mUserId=0}}
04-11 12:38:56.129  3590  3792 V WindowManager:     ] 
04-11 12:38:56.129  3590  3792 V WindowManager: extendInfo=[
04-11 12:38:56.129  3590  3792 V WindowManager:  OplusTransitionExtendedInfo{mTmpFinishT=null, mInOplusCompatMode=false, mIsProcessRunning=false, mHasMismatchBoundsTarget=false, mRecentsController=null, mRemoteTransition=null, mIsTranslucentActivityToHome=false, mAvoidInterceptKeyEventToHome=false, mIsFromHome=false, mParentLeash=null, mBackAnimClosingLeash=null, mIsOplusAnimRes=false, mKeepBgForContinuous=false, mIsBalAllow=false, mTaskNotInRecent=false, mIsPredictiveBackAnim=false, mIsMergedWithPredictive=false, mIsLaunchFromSpruce=false, mIsLaunchFromDrive=false, mGlobalSearchPageSwitch=false, mNeedNoAlphaGlobalSearchScene=false, mAssistScreenShowing=false, mSwipeUpBrowserScreenShowing=false, mUserIdTransition=-1
04-11 12:38:56.129  3590  3792 V WindowManager: , mInRemoteScene=false, mInPreReady=false, mPreStart=false, mToken=null, mAbortByRemoteFromHome=false, mShellApplyToken=null, mRequestTransitionTaskId=13170, mAbortTransitionOnShell=0, mStartFromShortcut=false, mRemovedTaskId=-1, mTransitionInterruptType=0, mMergeSecondTaskId=-1, mTaskIdStartFromRecents=0, mTransitionId=27137, mCanUseSpringSlideAnim=false, mTransitionLaunchFrom=0, mFoldChangeType=-1, mAnimStartingPosition=[0, 0, 0, 0], mIsOpeningStkDialogActivity=false, mSecondaryHomeToFrontWhenUnFolding=false, mIsNeedApplyStartTForEmbedded=false
04-11 12:38:56.129  3590  3792 V WindowManager: , mNeedCanvasExitAnim=false, mMergeSecondTaskAnimation=false, mIsLaunchUnityStart=false, mIsLaunchFromAssistantByDefault=false, mSkipRemoteTransitionfalse, mIsStartFromKeyguard=false flags=0x0, mWCT=null, mIsOpenMergeToInValidPredictive=false, mPromoteTaskWhenKeyguard-1, mRootLayerZOrderArray={}}]}
04-11 12:38:56.129  8338  8381 V WindowManagerShell: onTransitionReady (#27137) android.os.BinderProxy@e5f26fd: {id=27137 t=OPEN f=0x0 trk=0 r=[0@Point(0, 0)] c=[
04-11 12:38:56.129  8338  8381 V WindowManagerShell:         {m=CLOSE f=FILLS_TASK leash=Surface(name=ActivityRecord{194469255 u0 com.binance.monitor/.ui.settings.SettingsActivity t13170})/@0xa7584c0 sb=Rect(0, 0 - 1264, 2780) eb=Rect(0, 0 - 1264, 2780) epz=Point(1264, 2780) d=0 component=com.binance.monitor/.ui.settings.SettingsActivity opt={t=CUSTOM enterResId=0 changeResId=0 exitResId=0 mUserId=0}},
04-11 12:38:56.129  8338  8381 V WindowManagerShell:         {m=TO_FRONT f=FILLS_TASK leash=Surface(name=ActivityRecord{187072952 u0 com.binance.monitor/.ui.account.AccountStatsBridgeActivity t13170})/@0xefc35f9 sb=Rect(0, 0 - 1264, 2780) eb=Rect(0, 0 - 1264, 2780) epz=Point(1264, 2780) d=0 component=com.binance.monitor/.ui.account.AccountStatsBridgeActivity opt={t=CUSTOM enterResId=0 changeResId=0 exitResId=0 mUserId=0}}
04-11 12:38:56.129  8338  8381 V WindowManagerShell:     ] 
04-11 12:38:56.129  8338  8381 V WindowManagerShell: extendInfo=[
