04-11 12:38:51.459  3590  3796 D OplusTransitionController:  OplusTransitionExtendedInfo{mTmpFinishT=null, mInOplusCompatMode=false, mIsProcessRunning=false, mHasMismatchBoundsTarget=false, mRecentsController=null, mRemoteTransition=null, mIsTranslucentActivityToHome=false, mAvoidInterceptKeyEventToHome=false, mIsFromHome=false, mParentLeash=null, mBackAnimClosingLeash=null, mIsOplusAnimRes=false, mKeepBgForContinuous=false, mIsBalAllow=false, mTaskNotInRecent=false, mIsPredictiveBackAnim=false, mIsMergedWithPredictive=false, mIsLaunchFromSpruce=false, mIsLaunchFromDrive=false, mGlobalSearchPageSwitch=false, mNeedNoAlphaGlobalSearchScene=false, mAssistScreenShowing=false, mSwipeUpBrowserScreenShowing=false, mUserIdTransition=-1
04-11 12:38:51.459  3590  3796 D OplusTransitionController: , mInRemoteScene=false, mInPreReady=false, mPreStart=false, mToken=null, mAbortByRemoteFromHome=false, mShellApplyToken=null, mRequestTransitionTaskId=13170, mAbortTransitionOnShell=0, mStartFromShortcut=false, mRemovedTaskId=-1, mTransitionInterruptType=0, mMergeSecondTaskId=-1, mTaskIdStartFromRecents=0, mTransitionId=27136, mCanUseSpringSlideAnim=false, mTransitionLaunchFrom=0, mFoldChangeType=-1, mAnimStartingPosition=[0, 0, 0, 0], mIsOpeningStkDialogActivity=false, mSecondaryHomeToFrontWhenUnFolding=false, mIsNeedApplyStartTForEmbedded=false
04-11 12:38:51.459  3590  3796 D OplusTransitionController: , mNeedCanvasExitAnim=false, mMergeSecondTaskAnimation=false, mIsLaunchUnityStart=false, mIsLaunchFromAssistantByDefault=false, mSkipRemoteTransitionfalse, mIsStartFromKeyguard=false flags=0x0, mWCT=null, mIsOpenMergeToInValidPredictive=false, mPromoteTaskWhenKeyguard-1, mRootLayerZOrderArray={}}]}, targets : [ChangeInfo{fcbcf05 container=ActivityRecord{194469255 u0 com.binance.monitor/.ui.settings.SettingsActivity t13170} flags=0x0}, ChangeInfo{5b8db5a container=ActivityRecord{187072952 u0 com.binance.monitor/.ui.account.AccountStatsBridgeActivity t13170} flags=0x0}], participants: {ActivityRecord{187072952 u0 com.binance.monitor/.ui.account.AccountStatsBridgeActivity t13170}, ActivityRecord{194469255 u0 com.binance.monitor/.ui.settings.SettingsActivity t13170}}
04-11 12:38:51.459   579   775 D VRI[SettingsActivity]: Received frameCommittedCallback lastAttemptedDrawFrameNum=2 didProduceBuffer=true syncBuffer=false
04-11 12:38:51.459  3590  3796 I Quality : LaunchTime2.0: com.binance.monitor/.ui.settings.SettingsActivity 2 66 com.binance.monitor -1 -1
04-11 12:38:51.459   579   579 D VRI[SettingsActivity]: draw finished. seqId=0
04-11 12:38:51.459  8338  9841 V WindowManagerShell: onTransitionReady(transaction=15418935203252)
04-11 12:38:51.459 15031 15220 I Quality-ScreenOnOffLogProcessor: withInScreenOnOffRange mIsScreenOn:true refTime:1775882331394 mRecentScreenOnTime:1775878373956 mRecentScreenOffTime:1775878373425
04-11 12:38:51.459  3590  3792 I ActivityTaskManager: Displayed com.binance.monitor/.ui.settings.SettingsActivity for user 0: +69ms
04-11 12:38:51.459  3590  3796 D InsetsSourceProvider: updateSourceFrameForServerVisibility mandatorySystemGestures EMPTY_RECT
04-11 12:38:51.460  3590  3796 D InsetsSourceProvider: updateSourceFrameForServerVisibility mandatorySystemGestures EMPTY_RECT
04-11 12:38:51.460  8338  8381 V WindowManagerShell: onTransitionReady (#27136) android.os.BinderProxy@b0bc95f: {id=27136 t=OPEN f=0x0 trk=0 r=[0@Point(0, 0)] c=[
04-11 12:38:51.460  8338  8381 V WindowManagerShell:         {m=OPEN f=FILLS_TASK leash=Surface(name=ActivityRecord{194469255 u0 com.binance.monitor/.ui.settings.SettingsActivity t13170})/@0x19e4c0a sb=Rect(0, 0 - 0, 0) eb=Rect(0, 0 - 1264, 2780) epz=Point(1264, 2780) d=-1->0 r=-1->0:-1 component=com.binance.monitor/.ui.settings.SettingsActivity opt={t=CUSTOM enterResId=0 changeResId=0 exitResId=0 mUserId=0}},
04-11 12:38:51.460  8338  8381 V WindowManagerShell:         {m=TO_BACK f=FILLS_TASK leash=Surface(name=ActivityRecord{187072952 u0 com.binance.monitor/.ui.account.AccountStatsBridgeActivity t13170})/@0x54d9c7b sb=Rect(0, 0 - 1264, 2780) eb=Rect(0, 0 - 1264, 2780) epz=Point(1264, 2780) d=0 component=com.binance.monitor/.ui.account.AccountStatsBridgeActivity opt={t=CUSTOM enterResId=0 changeResId=0 exitResId=0 mUserId=0}}
04-11 12:38:51.460  8338  8381 V WindowManagerShell:     ] 
04-11 12:38:51.460  8338  8381 V WindowManagerShell: extendInfo=[
04-11 12:38:51.460  8338  8381 V WindowManagerShell:  OplusTransitionExtendedInfo{mTmpFinishT=null, mInOplusCompatMode=false, mIsProcessRunning=false, mHasMismatchBoundsTarget=false, mRecentsController=null, mRemoteTransition=null, mIsTranslucentActivityToHome=false, mAvoidInterceptKeyEventToHome=false, mIsFromHome=false, mParentLeash=null, mBackAnimClosingLeash=null, mIsOplusAnimRes=false, mKeepBgForContinuous=false, mIsBalAllow=false, mTaskNotInRecent=false, mIsPredictiveBackAnim=false, mIsMergedWithPredictive=false, mIsLaunchFromSpruce=false, mIsLaunchFromDrive=false, mGlobalSearchPageSwitch=false, mNeedNoAlphaGlobalSearchScene=false, mAssistScreenShowing=false, mSwipeUpBrowserScreenShowing=false, mUserIdTransition=-1
04-11 12:38:51.460  8338  8381 V WindowManagerShell: , mInRemoteScene=false, mInPreReady=false, mPreStart=false, mToken=null, mAbortByRemoteFromHome=false, mShellApplyToken=null, mRequestTransitionTaskId=13170, mAbortTransitionOnShell=0, mStartFromShortcut=false, mRemovedTaskId=-1, mTransitionInterruptType=0, mMergeSecondTaskId=-1, mTaskIdStartFromRecents=0, mTransitionId=27136, mCanUseSpringSlideAnim=false, mTransitionLaunchFrom=0, mFoldChangeType=-1, mAnimStartingPosition=[0, 0, 0, 0], mIsOpeningStkDialogActivity=false, mSecondaryHomeToFrontWhenUnFolding=false, mIsNeedApplyStartTForEmbedded=false
04-11 12:38:51.460  8338  8381 V WindowManagerShell: , mNeedCanvasExitAnim=false, mMergeSecondTaskAnimation=false, mIsLaunchUnityStart=false, mIsLaunchFromAssistantByDefault=false, mSkipRemoteTransitionfalse, mIsStartFromKeyguard=false flags=0x0, mWCT=null, mIsOpenMergeToInValidPredictive=false, mPromoteTaskWhenKeyguard-1, mRootLayerZOrderArray={}}]}
04-11 12:38:51.460  8338  8381 D OplusShellTransition: dispatchReady, active:(#27136) android.os.BinderProxy@b0bc95f@0, isSync=false, track:com.android.wm.shell.transition.Transitions$Track@f3fa59b
04-11 12:38:51.460  8338  8381 D OplusShellTransition: Abort transition (#27136) android.os.BinderProxy@b0bc95f@0 WMCore requested. reason: 0; abortTransition: false
04-11 12:38:51.460  8338  8381 V WindowManagerShell: Playing animation for (#27136) android.os.BinderProxy@b0bc95f@0
04-11 12:38:51.460  3590  3792 V WindowManager: Sent Transition (#27136) createdAt=04-11 12:38:51.390 via request=TransitionRequestInfo { type = OPEN, triggerTask = TaskInfo{userId=0 taskId=13170 effectiveUid=10512 displayId=0 isRunning=true baseIntent=Intent { flg=0x10000000 cmp=com.binance.monitor/.ui.main.MainActivity mCallingUid=2000 } baseActivity=ComponentInfo{com.binance.monitor/com.binance.monitor.ui.main.MainActivity} topActivity=ComponentInfo{com.binance.monitor/com.binance.monitor.ui.settings.SettingsActivity} origActivity=null realActivity=ComponentInfo{com.binance.monitor/com.binance.monitor.ui.main.MainActivity}
04-11 12:38:51.460  3590  3792 V WindowManager:  numActivities=3 lastActiveTime=929546806 supportsSplitScreenMultiWindow=true supportsMultiWindow=true supportsPocketStudioMultiWindow=true isInFlexibleEmbedded = false uid = 10512 pid = 0 resizeMode=1 isResizeable=true minWidth=-1 minHeight=-1 defaultMinSize=220 token=WCT{RemoteToken{1063ea5 Task{b287a2f #13170 type=standard A=10512:com.binance.monitor}}} topActivityType=1 pictureInPictureParams=null shouldDockBigOverlays=false launchIntoPipHostTaskId=-1 lastParentTaskIdBeforePip=-1 displayCutoutSafeInsets=Rect(0, 0 - 0, 0)
04-11 12:38:51.460  3590  3792 V WindowManager:  topActivityInfo=ActivityInfo{4d00d14 com.binance.monitor.ui.settings.SettingsActivity} launchCookies=[] positionInParent=Point(0, 0) parentTaskId=-1 isFocused=true isVisible=true isVisibleRequested=true isTopActivityNoDisplay=false isSleeping=false locusId=null displayAreaFeatureId=1 isTopActivityTransparent=false isActivityStackTransparent=false lastNonFullscreenBounds=Rect(330, 828 - 935, 2092) capturedLink=null capturedLinkTimestamp=0 requestedVisibleTypes=-9 topActivityRequestOpenInBrowserEducationTimestamp=0
04-11 12:38:51.460  3590  3792 V WindowManager:  appCompatTaskInfo=AppCompatTaskInfo { topActivityInSizeCompat=false topActivityInOplusCompatMode=false eligibleForLetterboxEducation= false isLetterboxEducationEnabled= false isLetterboxDoubleTapEnabled= false eligibleForUserAspectRatioButton= false topActivityBoundsLetterboxed= false isFromLetterboxDoubleTap= false topActivityLetterboxVerticalPosition= -1 topActivityLetterboxHorizontalPosition= -1 topActivityLetterboxWidth=-1 topActivityLetterboxHeight=-1 topActivityAppBounds=Rect(0, 140 - 1264, 2780) isUserFullscreenOverrideEnabled=false isSystemFullscreenOverrideEnabled=false hasMinAspectRatioOverride=false topActivityLetterboxBounds=null cameraCompatTaskInfo=CameraCompatTaskInfo { freeformCameraCompatMode=inactive}} topActivityMainWindowFrame=null topActivityLetterboxInsets=Rect(0, 0 - 0, 0)
04-11 12:38:51.460  3590  3792 V WindowManager:  mOplusExtraBundle = Bundle[{androidx.flexible.taskFrame=Rect(0, 0 - 0, 0), topOpaqueSystemBarsAppearance=0, androidx.flexible.Alpha=1.0, androidx.activity.task.attach.blur=0, androidx.activity.LaunchInsensible=0, androidx.activity.LaunchCornerRadius=0, key_flexible_task_state=0, topActivitySupportAppInnerSplit=false, key_flexible_task_animating_type=-1, key_flexible_task_root_activity_processname=com.binance.monitor, androidx.activity.LaunchScenario=0, is_oplus_clone_task=false, flexible_super_mini_state=false, topRunningActivityHash=194469255, androidx.activity.LaunchScale=1.0, androidx.activity.LaunchShadowRadius=0, is_transient_hide_for_task_info=false, key_flexible_task_root_activity_pid=579, key_flexible_task_root_activity_uid=10512}]}, pipChange = null, remoteTransition = null, displayChange = null, flags = 0, debugId = 27136 }
04-11 12:38:51.460  3590  3792 V WindowManager:     startWCT=WindowContainerTransaction { changes= {} hops= [] errorCallbackToken=null taskFragmentOrganizer=null }
04-11 12:38:51.460  8338  8381 V ShellRecents: RecentsTransitionHandler.startAnimation: no controller found
04-11 12:38:51.460  3590  3792 V WindowManager:     info={id=27136 t=OPEN f=0x0 trk=0 r=[0@Point(0, 0)] c=[
04-11 12:38:51.460  3590  3792 V WindowManager:         {m=OPEN f=FILLS_TASK leash=Surface(name=ActivityRecord{194469255 u0 com.binance.monitor/.ui.settings.SettingsActivity t13170})/@0x3963268 sb=Rect(0, 0 - 0, 0) eb=Rect(0, 0 - 1264, 2780) epz=Point(1264, 2780) d=-1->0 r=-1->0:-1 component=com.binance.monitor/.ui.settings.SettingsActivity opt={t=CUSTOM enterResId=0 changeResId=0 exitResId=0 mUserId=0}},
04-11 12:38:51.460  3590  3792 V WindowManager:         {m=TO_BACK f=FILLS_TASK leash=Surface(name=ActivityRecord{187072952 u0 com.binance.monitor/.ui.account.AccountStatsBridgeActivity t13170})/@0xdda1671 sb=Rect(0, 0 - 1264, 2780) eb=Rect(0, 0 - 1264, 2780) epz=Point(1264, 2780) d=0 component=com.binance.monitor/.ui.account.AccountStatsBridgeActivity opt={t=CUSTOM enterResId=0 changeResId=0 exitResId=0 mUserId=0}}
04-11 12:38:51.460  3590  3792 V WindowManager:     ] 
04-11 12:38:51.460  3590  3792 V WindowManager: extendInfo=[
04-11 12:38:51.460  3590  3792 V WindowManager:  OplusTransitionExtendedInfo{mTmpFinishT=null, mInOplusCompatMode=false, mIsProcessRunning=false, mHasMismatchBoundsTarget=false, mRecentsController=null, mRemoteTransition=null, mIsTranslucentActivityToHome=false, mAvoidInterceptKeyEventToHome=false, mIsFromHome=false, mParentLeash=null, mBackAnimClosingLeash=null, mIsOplusAnimRes=false, mKeepBgForContinuous=false, mIsBalAllow=false, mTaskNotInRecent=false, mIsPredictiveBackAnim=false, mIsMergedWithPredictive=false, mIsLaunchFromSpruce=false, mIsLaunchFromDrive=false, mGlobalSearchPageSwitch=false, mNeedNoAlphaGlobalSearchScene=false, mAssistScreenShowing=false, mSwipeUpBrowserScreenShowing=false, mUserIdTransition=-1
04-11 12:38:51.460  3590  3792 V WindowManager: , mInRemoteScene=false, mInPreReady=false, mPreStart=false, mToken=null, mAbortByRemoteFromHome=false, mShellApplyToken=null, mRequestTransitionTaskId=13170, mAbortTransitionOnShell=0, mStartFromShortcut=false, mRemovedTaskId=-1, mTransitionInterruptType=0, mMergeSecondTaskId=-1, mTaskIdStartFromRecents=0, mTransitionId=27136, mCanUseSpringSlideAnim=false, mTransitionLaunchFrom=0, mFoldChangeType=-1, mAnimStartingPosition=[0, 0, 0, 0], mIsOpeningStkDialogActivity=false, mSecondaryHomeToFrontWhenUnFolding=false, mIsNeedApplyStartTForEmbedded=false
04-11 12:38:51.460  3590  3792 V WindowManager: , mNeedCanvasExitAnim=false, mMergeSecondTaskAnimation=false, mIsLaunchUnityStart=false, mIsLaunchFromAssistantByDefault=false, mSkipRemoteTransitionfalse, mIsStartFromKeyguard=false flags=0x0, mWCT=null, mIsOpenMergeToInValidPredictive=false, mPromoteTaskWhenKeyguard-1, mRootLayerZOrderArray={}}]}
04-11 12:38:51.460  8338  8381 V WindowManagerShell: start OnePuttTransition animation, info = {id=27136 t=OPEN f=0x0 trk=0 r=[0@Point(0, 0)] c=[{m=OPEN f=FILLS_TASK leash=Surface(name=ActivityRecord{194469255 u0 com.binance.monitor/.ui.settings.SettingsActivity t13170})/@0x19e4c0a sb=Rect(0, 0 - 0, 0) eb=Rect(0, 0 - 1264, 2780) epz=Point(1264, 2780) d=-1->0 r=-1->0:-1 component=com.binance.monitor/.ui.settings.SettingsActivity opt={t=CUSTOM enterResId=0 changeResId=0 exitResId=0 mUserId=0}},{m=TO_BACK f=FILLS_TASK leash=Surface(name=ActivityRecord{187072952 u0 com.binance.monitor/.ui.account.AccountStatsBridgeActivity t13170})/@0x54d9c7b sb=Rect(0, 0 - 1264, 2780) eb=Rect(0, 0 - 1264, 2780) epz=Point(1264, 2780) d=0 component=com.binance.monitor/.ui.account.AccountStatsBridgeActivity opt={t=CUSTOM enterResId=0 changeResId=0 exitResId=0 mUserId=0}}] 
04-11 12:38:51.460  8338  8381 V WindowManagerShell: extendInfo=[
04-11 12:38:51.460  8338  8381 V WindowManagerShell:  OplusTransitionExtendedInfo{mTmpFinishT=null, mInOplusCompatMode=false, mIsProcessRunning=false, mHasMismatchBoundsTarget=false, mRecentsController=null, mRemoteTransition=null, mIsTranslucentActivityToHome=false, mAvoidInterceptKeyEventToHome=false, mIsFromHome=false, mParentLeash=null, mBackAnimClosingLeash=null, mIsOplusAnimRes=false, mKeepBgForContinuous=false, mIsBalAllow=false, mTaskNotInRecent=false, mIsPredictiveBackAnim=false, mIsMergedWithPredictive=false, mIsLaunchFromSpruce=false, mIsLaunchFromDrive=false, mGlobalSearchPageSwitch=false, mNeedNoAlphaGlobalSearchScene=false, mAssistScreenShowing=false, mSwipeUpBrowserScreenShowing=false, mUserIdTransition=-1
04-11 12:38:51.460  8338  8381 V WindowManagerShell: , mInRemoteScene=false, mInPreReady=false, mPreStart=false, mToken=null, mAbortByRemoteFromHome=false, mShellApplyToken=null, mRequestTransitionTaskId=13170, mAbortTransitionOnShell=0, mStartFromShortcut=false, mRemovedTaskId=-1, mTransitionInterruptType=0, mMergeSecondTaskId=-1, mTaskIdStartFromRecents=0, mTransitionId=27136, mCanUseSpringSlideAnim=false, mTransitionLaunchFrom=0, mFoldChangeType=-1, mAnimStartingPosition=[0, 0, 0, 0], mIsOpeningStkDialogActivity=false, mSecondaryHomeToFrontWhenUnFolding=false, mIsNeedApplyStartTForEmbedded=false
04-11 12:38:51.460  8338  8381 V WindowManagerShell: , mNeedCanvasExitAnim=false, mMergeSecondTaskAnimation=false, mIsLaunchUnityStart=false, mIsLaunchFromAssistantByDefault=false, mSkipRemoteTransitionfalse, mIsStartFromKeyguard=false flags=0x0, mWCT=null, mIsOpenMergeToInValidPredictive=false, mPromoteTaskWhenKeyguard-1, mRootLayerZOrderArray={}}]}
04-11 12:38:51.460  8338  8381 D FlexibleTaskTransitionHandler:  performAnimation transition:android.os.BinderProxy@b0bc95f ,info:{id=27136 t=OPEN f=0x0 trk=0 r=[0@Point(0, 0)] c=[{m=OPEN f=FILLS_TASK leash=Surface(name=ActivityRecord{194469255 u0 com.binance.monitor/.ui.settings.SettingsActivity t13170})/@0x19e4c0a sb=Rect(0, 0 - 0, 0) eb=Rect(0, 0 - 1264, 2780) epz=Point(1264, 2780) d=-1->0 r=-1->0:-1 component=com.binance.monitor/.ui.settings.SettingsActivity opt={t=CUSTOM enterResId=0 changeResId=0 exitResId=0 mUserId=0}},{m=TO_BACK f=FILLS_TASK leash=Surface(name=ActivityRecord{187072952 u0 com.binance.monitor/.ui.account.AccountStatsBridgeActivity t13170})/@0x54d9c7b sb=Rect(0, 0 - 1264, 2780) eb=Rect(0, 0 - 1264, 2780) epz=Point(1264, 2780) d=0 component=com.binance.monitor/.ui.account.AccountStatsBridgeActivity opt={t=CUSTOM enterResId=0 changeResId=0 exitResId=0 mUserId=0}}] 
04-11 12:38:51.460  8338  8381 D FlexibleTaskTransitionHandler: extendInfo=[
04-11 12:38:51.460  8338  8381 D FlexibleTaskTransitionHandler:  OplusTransitionExtendedInfo{mTmpFinishT=null, mInOplusCompatMode=false, mIsProcessRunning=false, mHasMismatchBoundsTarget=false, mRecentsController=null, mRemoteTransition=null, mIsTranslucentActivityToHome=false, mAvoidInterceptKeyEventToHome=false, mIsFromHome=false, mParentLeash=null, mBackAnimClosingLeash=null, mIsOplusAnimRes=false, mKeepBgForContinuous=false, mIsBalAllow=false, mTaskNotInRecent=false, mIsPredictiveBackAnim=false, mIsMergedWithPredictive=false, mIsLaunchFromSpruce=false, mIsLaunchFromDrive=false, mGlobalSearchPageSwitch=false, mNeedNoAlphaGlobalSearchScene=false, mAssistScreenShowing=false, mSwipeUpBrowserScreenShowing=false, mUserIdTransition=-1
04-11 12:38:51.460  8338  8381 D FlexibleTaskTransitionHandler: , mInRemoteScene=false, mInPreReady=false, mPreStart=false, mToken=null, mAbortByRemoteFromHome=false, mShellApplyToken=null, mRequestTransitionTaskId=13170, mAbortTransitionOnShell=0, mStartFromShortcut=false, mRemovedTaskId=-1, mTransitionInterruptType=0, mMergeSecondTaskId=-1, mTaskIdStartFromRecents=0, mTransitionId=27136, mCanUseSpringSlideAnim=false, mTransitionLaunchFrom=0, mFoldChangeType=-1, mAnimStartingPosition=[0, 0, 0, 0], mIsOpeningStkDialogActivity=false, mSecondaryHomeToFrontWhenUnFolding=false, mIsNeedApplyStartTForEmbedded=false
04-11 12:38:51.460  8338  8381 D FlexibleTaskTransitionHandler: , mNeedCanvasExitAnim=false, mMergeSecondTaskAnimation=false, mIsLaunchUnityStart=false, mIsLaunchFromAssistantByDefault=false, mSkipRemoteTransitionfalse, mIsStartFromKeyguard=false flags=0x0, mWCT=null, mIsOpenMergeToInValidPredictive=false, mPromoteTaskWhenKeyguard-1, mRootLayerZOrderArray={}}]}
04-11 12:38:51.460  8338  8381 D FlexibleTaskTransitionHandler:  no need handler this transitionInfo: {id=27136 t=OPEN f=0x0 trk=0 r=[0@Point(0, 0)] c=[{m=OPEN f=FILLS_TASK leash=Surface(name=ActivityRecord{194469255 u0 com.binance.monitor/.ui.settings.SettingsActivity t13170})/@0x19e4c0a sb=Rect(0, 0 - 0, 0) eb=Rect(0, 0 - 1264, 2780) epz=Point(1264, 2780) d=-1->0 r=-1->0:-1 component=com.binance.monitor/.ui.settings.SettingsActivity opt={t=CUSTOM enterResId=0 changeResId=0 exitResId=0 mUserId=0}},{m=TO_BACK f=FILLS_TASK leash=Surface(name=ActivityRecord{187072952 u0 com.binance.monitor/.ui.account.AccountStatsBridgeActivity t13170})/@0x54d9c7b sb=Rect(0, 0 - 1264, 2780) eb=Rect(0, 0 - 1264, 2780) epz=Point(1264, 2780) d=0 component=com.binance.monitor/.ui.account.AccountStatsBridgeActivity opt={t=CUSTOM enterResId=0 changeResId=0 exitResId=0 mUserId=0}}] 
04-11 12:38:51.460  8338  8381 D FlexibleTaskTransitionHandler: extendInfo=[
04-11 12:38:51.460  8338  8381 D FlexibleTaskTransitionHandler:  OplusTransitionExtendedInfo{mTmpFinishT=null, mInOplusCompatMode=false, mIsProcessRunning=false, mHasMismatchBoundsTarget=false, mRecentsController=null, mRemoteTransition=null, mIsTranslucentActivityToHome=false, mAvoidInterceptKeyEventToHome=false, mIsFromHome=false, mParentLeash=null, mBackAnimClosingLeash=null, mIsOplusAnimRes=false, mKeepBgForContinuous=false, mIsBalAllow=false, mTaskNotInRecent=false, mIsPredictiveBackAnim=false, mIsMergedWithPredictive=false, mIsLaunchFromSpruce=false, mIsLaunchFromDrive=false, mGlobalSearchPageSwitch=false, mNeedNoAlphaGlobalSearchScene=false, mAssistScreenShowing=false, mSwipeUpBrowserScreenShowing=false, mUserIdTransition=-1
04-11 12:38:51.460  8338  8381 D FlexibleTaskTransitionHandler: , mInRemoteScene=false, mInPreReady=false, mPreStart=false, mToken=null, mAbortByRemoteFromHome=false, mShellApplyToken=null, mRequestTransitionTaskId=13170, mAbortTransitionOnShell=0, mStartFromShortcut=false, mRemovedTaskId=-1, mTransitionInterruptType=0, mMergeSecondTaskId=-1, mTaskIdStartFromRecents=0, mTransitionId=27136, mCanUseSpringSlideAnim=false, mTransitionLaunchFrom=0, mFoldChangeType=-1, mAnimStartingPosition=[0, 0, 0, 0], mIsOpeningStkDialogActivity=false, mSecondaryHomeToFrontWhenUnFolding=false, mIsNeedApplyStartTForEmbedded=false
04-11 12:38:51.460  8338  8381 D FlexibleTaskTransitionHandler: , mNeedCanvasExitAnim=false, mMergeSecondTaskAnimation=false, mIsLaunchUnityStart=false, mIsLaunchFromAssistantByDefault=false, mSkipRemoteTransitionfalse, mIsStartFromKeyguard=false flags=0x0, mWCT=null, mIsOpenMergeToInValidPredictive=false, mPromoteTaskWhenKeyguard-1, mRootLayerZOrderArray={}}]}
04-11 12:38:51.460  8338  8381 V WindowManagerShell: Transition doesn't have explicit remote, search filters for match for {id=27136 t=OPEN f=0x0 trk=0 r=[0@Point(0, 0)] c=[{m=OPEN f=FILLS_TASK leash=Surface(name=ActivityRecord{194469255 u0 com.binance.monitor/.ui.settings.SettingsActivity t13170})/@0x19e4c0a sb=Rect(0, 0 - 0, 0) eb=Rect(0, 0 - 1264, 2780) epz=Point(1264, 2780) d=-1->0 r=-1->0:-1 component=com.binance.monitor/.ui.settings.SettingsActivity opt={t=CUSTOM enterResId=0 changeResId=0 exitResId=0 mUserId=0}},{m=TO_BACK f=FILLS_TASK leash=Surface(name=ActivityRecord{187072952 u0 com.binance.monitor/.ui.account.AccountStatsBridgeActivity t13170})/@0x54d9c7b sb=Rect(0, 0 - 1264, 2780) eb=Rect(0, 0 - 1264, 2780) epz=Point(1264, 2780) d=0 component=com.binance.monitor/.ui.account.AccountStatsBridgeActivity opt={t=CUSTOM enterResId=0 changeResId=0 exitResId=0 mUserId=0}}] 
04-11 12:38:51.460  8338  8381 V WindowManagerShell: extendInfo=[
04-11 12:38:51.460  8338  8381 V WindowManagerShell:  OplusTransitionExtendedInfo{mTmpFinishT=null, mInOplusCompatMode=false, mIsProcessRunning=false, mHasMismatchBoundsTarget=false, mRecentsController=null, mRemoteTransition=null, mIsTranslucentActivityToHome=false, mAvoidInterceptKeyEventToHome=false, mIsFromHome=false, mParentLeash=null, mBackAnimClosingLeash=null, mIsOplusAnimRes=false, mKeepBgForContinuous=false, mIsBalAllow=false, mTaskNotInRecent=false, mIsPredictiveBackAnim=false, mIsMergedWithPredictive=false, mIsLaunchFromSpruce=false, mIsLaunchFromDrive=false, mGlobalSearchPageSwitch=false, mNeedNoAlphaGlobalSearchScene=false, mAssistScreenShowing=false, mSwipeUpBrowserScreenShowing=false, mUserIdTransition=-1
04-11 12:38:51.460  8338  8381 V WindowManagerShell: , mInRemoteScene=false, mInPreReady=false, mPreStart=false, mToken=null, mAbortByRemoteFromHome=false, mShellApplyToken=null, mRequestTransitionTaskId=13170, mAbortTransitionOnShell=0, mStartFromShortcut=false, mRemovedTaskId=-1, mTransitionInterruptType=0, mMergeSecondTaskId=-1, mTaskIdStartFromRecents=0, mTransitionId=27136, mCanUseSpringSlideAnim=false, mTransitionLaunchFrom=0, mFoldChangeType=-1, mAnimStartingPosition=[0, 0, 0, 0], mIsOpeningStkDialogActivity=false, mSecondaryHomeToFrontWhenUnFolding=false, mIsNeedApplyStartTForEmbedded=false
04-11 12:38:51.460  8338  8381 V WindowManagerShell: , mNeedCanvasExitAnim=false, mMergeSecondTaskAnimation=false, mIsLaunchUnityStart=false, mIsLaunchFromAssistantByDefault=false, mSkipRemoteTransitionfalse, mIsStartFromKeyguard=false flags=0x0, mWCT=null, mIsOpenMergeToInValidPredictive=false, mPromoteTaskWhenKeyguard-1, mRootLayerZOrderArray={}}]}
04-11 12:38:51.460  8338  8381 V WindowManagerShell:  Checking filter Pair{{types=[] flags=0x0] notFlags=0x100 checks=[{atype=home independent=true modes=[OPEN,TO_FRONT] flags=NONE mustBeTask=false order=TOP topActivity=ComponentInfo{com.android.launcher/com.android.launcher.Launcher} launchCookie=null windowingMode=undefined},{atype=standard independent=true modes=[CLOSE,TO_BACK] flags=NONE mustBeTask=false order=ANY topActivity=null launchCookie=null windowingMode=undefined}]} RemoteTransition { remoteTransition = android.window.IRemoteTransition$Stub$Proxy@a5bfc11, appThread = android.app.IApplicationThread$Stub$Proxy@61db176, debugName = QuickstepLaunchHome }}
04-11 12:38:51.460  8338  8381 V WindowManagerShell:  Delegate animation for (#27136) to null
04-11 12:38:51.460  8338  8381 V WindowManagerShell: start default transition animation, info = {id=27136 t=OPEN f=0x0 trk=0 r=[0@Point(0, 0)] c=[{m=OPEN f=FILLS_TASK leash=Surface(name=ActivityRecord{194469255 u0 com.binance.monitor/.ui.settings.SettingsActivity t13170})/@0x19e4c0a sb=Rect(0, 0 - 0, 0) eb=Rect(0, 0 - 1264, 2780) epz=Point(1264, 2780) d=-1->0 r=-1->0:-1 component=com.binance.monitor/.ui.settings.SettingsActivity opt={t=CUSTOM enterResId=0 changeResId=0 exitResId=0 mUserId=0}},{m=TO_BACK f=FILLS_TASK leash=Surface(name=ActivityRecord{187072952 u0 com.binance.monitor/.ui.account.AccountStatsBridgeActivity t13170})/@0x54d9c7b sb=Rect(0, 0 - 1264, 2780) eb=Rect(0, 0 - 1264, 2780) epz=Point(1264, 2780) d=0 component=com.binance.monitor/.ui.account.AccountStatsBridgeActivity opt={t=CUSTOM enterResId=0 changeResId=0 exitResId=0 mUserId=0}}] 
04-11 12:38:51.460  8338  8381 V WindowManagerShell: extendInfo=[
04-11 12:38:51.460  8338  8381 V WindowManagerShell:  OplusTransitionExtendedInfo{mTmpFinishT=null, mInOplusCompatMode=false, mIsProcessRunning=false, mHasMismatchBoundsTarget=false, mRecentsController=null, mRemoteTransition=null, mIsTranslucentActivityToHome=false, mAvoidInterceptKeyEventToHome=false, mIsFromHome=false, mParentLeash=null, mBackAnimClosingLeash=null, mIsOplusAnimRes=false, mKeepBgForContinuous=false, mIsBalAllow=false, mTaskNotInRecent=false, mIsPredictiveBackAnim=false, mIsMergedWithPredictive=false, mIsLaunchFromSpruce=false, mIsLaunchFromDrive=false, mGlobalSearchPageSwitch=false, mNeedNoAlphaGlobalSearchScene=false, mAssistScreenShowing=false, mSwipeUpBrowserScreenShowing=false, mUserIdTransition=-1
04-11 12:38:51.460  8338  8381 V WindowManagerShell: , mInRemoteScene=false, mInPreReady=false, mPreStart=false, mToken=null, mAbortByRemoteFromHome=false, mShellApplyToken=null, mRequestTransitionTaskId=13170, mAbortTransitionOnShell=0, mStartFromShortcut=false, mRemovedTaskId=-1, mTransitionInterruptType=0, mMergeSecondTaskId=-1, mTaskIdStartFromRecents=0, mTransitionId=27136, mCanUseSpringSlideAnim=false, mTransitionLaunchFrom=0, mFoldChangeType=-1, mAnimStartingPosition=[0, 0, 0, 0], mIsOpeningStkDialogActivity=false, mSecondaryHomeToFrontWhenUnFolding=false, mIsNeedApplyStartTForEmbedded=false
04-11 12:38:51.460  8338  8381 V WindowManagerShell: , mNeedCanvasExitAnim=false, mMergeSecondTaskAnimation=false, mIsLaunchUnityStart=false, mIsLaunchFromAssistantByDefault=false, mSkipRemoteTransitionfalse, mIsStartFromKeyguard=false flags=0x0, mWCT=null, mIsOpenMergeToInValidPredictive=false, mPromoteTaskWhenKeyguard-1, mRootLayerZOrderArray={}}]}
04-11 12:38:51.460  8338  8381 D FSS_OplusFoldSwitchStateObserver: cancelAnimationIfNeedWhenFolding: foldChangeType = -1
04-11 12:38:51.461  3590  3796 D SurfaceComposerClient: Transaction::apply InputWindowCommands.focusRequests timestamp=881690826022304, windowName=fac22e4 com.binance.monitor/com.binance.monitor.ui.settings.SettingsActivity
04-11 12:38:51.461  8338  8381 D OplusShellTransition: canCustomizeAppTransition, isGlobalSearchPageSwitch = false, swipeUpBrowserPageSwitch = false, onlyHasTranslucentActivity = false, pkgName = com.binance.monitor
04-11 12:38:51.461  8338  8381 D OplusShellTransition: This page has its own override animation, enterResId = 0, closeResId = 0, pkgName = com.binance.monitor
04-11 12:38:51.461  8338  8381 D OplusShellTransition: checkAndLoadCustomAnimation packageName =:com.binance.monitor,transit =:1,enter =:false,animResId =:0
04-11 12:38:51.461  8338  8381 D OplusShellTransition: canCustomizeAppTransition, isGlobalSearchPageSwitch = false, swipeUpBrowserPageSwitch = false, onlyHasTranslucentActivity = false, pkgName = com.binance.monitor
04-11 12:38:51.461  8338  8381 D OplusShellTransition: This page has its own override animation, enterResId = 0, closeResId = 0, pkgName = com.binance.monitor
04-11 12:38:51.461  8338  8381 D OplusShellTransition: checkAndLoadCustomAnimation packageName =:com.binance.monitor,transit =:1,enter =:true,animResId =:0
04-11 12:38:51.461  8338  8381 D OplusShellTransition: addBackgroundColorOnTask, , isTaskLevelTransition = false, hasBgAlready = false
04-11 12:38:51.462  8338  8381 D OplusShellTransition: DefaultTransitionHandler#onAnimFinish=> transition=android.os.BinderProxy@b0bc95f, backAnimContinue=false
04-11 12:38:51.462  8338  8381 V WindowManagerShell: Transition animation finished (aborted=false), notifying core (#27136) android.os.BinderProxy@b0bc95f@0
04-11 12:38:51.462  8338  8381 D SplitScreen-->AppLockManager: setStartFromSafeControl mStartFromSafeControl=false
04-11 12:38:51.462  8338  8381 D ShellTaskOrganizerExt: adjust change for exiting mini task: -1
04-11 12:38:51.462  3590  3796 D InsetsSourceProvider: updateSourceFrameForServerVisibility mandatorySystemGestures EMPTY_RECT
04-11 12:38:51.462  3590  3796 D InsetsSourceProvider: updateSourceFrameForServerVisibility mandatorySystemGestures EMPTY_RECT
04-11 12:38:51.463  3590  8838 D Transition: finishTransition ar ActivityRecord{187072952 u0 com.binance.monitor/.ui.account.AccountStatsBridgeActivity t13170}, isVisibleRequested=false, state=PAUSED, visibleAtTransitionEndTokens={ActivityRecord{194469255 u0 com.binance.monitor/.ui.settings.SettingsActivity t13170}}, this=TransitionRecord{c7f54b9 id=27136 track=0 type=OPEN flags=0x0 state=2 c=[
04-11 12:38:51.463  3590  8838 D Transition:    ChangeInfo{e1da0fe container=Display{#0 state=ON size=1264x2780 ROTATION_0} flags=0x0}
04-11 12:38:51.463  3590  8838 D Transition:    ChangeInfo{c1f205f container=DefaultTaskDisplayArea@136308155 flags=0x0}
04-11 12:38:51.463  3590  8838 D Transition:    ChangeInfo{5b8db5a container=ActivityRecord{187072952 u0 com.binance.monitor/.ui.account.AccountStatsBridgeActivity t13170} flags=0x0}
04-11 12:38:51.463  3590  8838 D Transition:    ChangeInfo{d97eaac container=Task{b287a2f #13170 type=standard A=10512:com.binance.monitor} flags=0x0}
04-11 12:38:51.463  3590  8838 D Transition:    ChangeInfo{fcbcf05 container=ActivityRecord{194469255 u0 com.binance.monitor/.ui.settings.SettingsActivity t13170} flags=0x0}
04-11 12:38:51.463  3590  8838 D Transition: ]
04-11 12:38:51.463  3590  8838 D Transition: }
04-11 12:38:51.463  3590  8838 D ActivityTaskManager: commitVisibility: ActivityRecord{187072952 u0 com.binance.monitor/.ui.account.AccountStatsBridgeActivity t13170}: visible=false visibleRequested=false, isInTransition=false 
04-11 12:38:51.463  3590  8838 D WindowManager: NFW_setClientVisible:ActivityRecord{187072952 u0 com.binance.monitor/.ui.account.AccountStatsBridgeActivity t13170} clientVisible:false
04-11 12:38:51.463  3590  8838 I WindowManager: Window{ca16b01 u0 com.binance.monitor/com.binance.monitor.ui.account.AccountStatsBridgeActivity} state from HAS_DRAWN to DRAW_PENDING; reason: resetDrawState
04-11 12:38:51.463  3590  8838 D Transition: finishTransition ar ActivityRecord{194469255 u0 com.binance.monitor/.ui.settings.SettingsActivity t13170}, isVisibleRequested=true, state=RESUMED, visibleAtTransitionEndTokens={ActivityRecord{194469255 u0 com.binance.monitor/.ui.settings.SettingsActivity t13170}}, this=TransitionRecord{c7f54b9 id=27136 track=0 type=OPEN flags=0x0 state=2 c=[
04-11 12:38:51.463  3590  8838 D Transition:    ChangeInfo{e1da0fe container=Display{#0 state=ON size=1264x2780 ROTATION_0} flags=0x0}
04-11 12:38:51.463  3590  8838 D Transition:    ChangeInfo{c1f205f container=DefaultTaskDisplayArea@136308155 flags=0x0}
04-11 12:38:51.463  3590  8838 D Transition:    ChangeInfo{5b8db5a container=ActivityRecord{187072952 u0 com.binance.monitor/.ui.account.AccountStatsBridgeActivity t13170} flags=0x0}
04-11 12:38:51.463  3590  8838 D Transition:    ChangeInfo{d97eaac container=Task{b287a2f #13170 type=standard A=10512:com.binance.monitor} flags=0x0}
04-11 12:38:51.463  3590  8838 D Transition:    ChangeInfo{fcbcf05 container=ActivityRecord{194469255 u0 com.binance.monitor/.ui.settings.SettingsActivity t13170} flags=0x0}
04-11 12:38:51.463  3590  8838 D Transition: ]
04-11 12:38:51.463  3590  8838 D Transition: }
04-11 12:38:51.463   579   605 D VRI[AccountStatsBridgeActivity]: dispatchAppVisibility visible:false mUpcomingWindowFocus:false
04-11 12:38:51.463  3590  8838 I OplusAppSwitchManagerService:  handleAppVisible , r = ActivityRecord{194469255 u0 com.binance.monitor/.ui.settings.SettingsActivity t13170}
04-11 12:38:51.464  3590  8838 D OplusTransitionController: finishTransition, transition: TransitionRecord{c7f54b9 id=27136 track=0 type=OPEN flags=0x0 state=4 c=[
04-11 12:38:51.464  3590  8838 D OplusTransitionController:    ChangeInfo{e1da0fe container=Display{#0 state=ON size=1264x2780 ROTATION_0} flags=0x0}
04-11 12:38:51.464  3590  8838 D OplusTransitionController:    ChangeInfo{c1f205f container=DefaultTaskDisplayArea@136308155 flags=0x0}
04-11 12:38:51.464  3590  8838 D OplusTransitionController:    ChangeInfo{5b8db5a container=ActivityRecord{187072952 u0 com.binance.monitor/.ui.account.AccountStatsBridgeActivity t13170} flags=0x0}
04-11 12:38:51.464  3590  8838 D OplusTransitionController:    ChangeInfo{d97eaac container=Task{b287a2f #13170 type=standard A=10512:com.binance.monitor} flags=0x0}
04-11 12:38:51.464  3590  8838 D OplusTransitionController:    ChangeInfo{fcbcf05 container=ActivityRecord{194469255 u0 com.binance.monitor/.ui.settings.SettingsActivity t13170} flags=0x0}
04-11 12:38:51.464  3590  8838 D OplusTransitionController: ]
04-11 12:38:51.464  3590  8838 D OplusTransitionController: }
04-11 12:38:51.464  3590  8838 D FlexibleTaskTransitionController:  finishTransition pendingRecentToFlexibleTask:null,isRotationTransition:false ,pendingRecentToFlexible:null ,transition:TransitionRecord{c7f54b9 id=27136 track=0 type=OPEN flags=0x0 state=4 c=[
04-11 12:38:51.464  3590  8838 D FlexibleTaskTransitionController:    ChangeInfo{e1da0fe container=Display{#0 state=ON size=1264x2780 ROTATION_0} flags=0x0}
04-11 12:38:51.464  3590  8838 D FlexibleTaskTransitionController:    ChangeInfo{c1f205f container=DefaultTaskDisplayArea@136308155 flags=0x0}
04-11 12:38:51.464  3590  8838 D FlexibleTaskTransitionController:    ChangeInfo{5b8db5a container=ActivityRecord{187072952 u0 com.binance.monitor/.ui.account.AccountStatsBridgeActivity t13170} flags=0x0}
04-11 12:38:51.464  3590  8838 D FlexibleTaskTransitionController:    ChangeInfo{d97eaac container=Task{b287a2f #13170 type=standard A=10512:com.binance.monitor} flags=0x0}
04-11 12:38:51.464  3590  8838 D FlexibleTaskTransitionController:    ChangeInfo{fcbcf05 container=ActivityRecord{194469255 u0 com.binance.monitor/.ui.settings.SettingsActivity t13170} flags=0x0}
04-11 12:38:51.464  3590  8838 D FlexibleTaskTransitionController: ]
04-11 12:38:51.464  3590  8838 D FlexibleTaskTransitionController: }
04-11 12:38:51.464  3590  8838 D TransitionControllerExtImpl: NFW_send RECOMPUTE_FOCUS in finishTransition
04-11 12:38:51.464  8338  8381 D ShellTaskOrganizer: onTransitionFinish, isRecent:false
04-11 12:38:51.465  3590  3795 D WindowManager: NFW_findFocusedWindowIfNeeded:Window{fac22e4 u0 com.binance.monitor/com.binance.monitor.ui.settings.SettingsActivity} mCurrentFocus:Window{fac22e4 u0 com.binance.monitor/com.binance.monitor.ui.settings.SettingsActivity}
04-11 12:38:51.465  8338  8381 V WindowManagerShell: Track 0 became idle
04-11 12:38:51.465  8338  8381 V WindowManagerShell: All active transition animations finished
04-11 12:38:51.465  8338  8381 V WindowManagerShell:  animated by com.android.wm.shell.transition.DefaultTransitionHandler@423c8cd
04-11 12:38:51.465  8338  8381 D OplusShellTransition: dispatchTransition, animated mHandler: com.android.wm.shell.transition.DefaultTransitionHandler@423c8cd
04-11 12:38:51.465  8338  8381 V WindowManagerShell: Track 0 became idle
04-11 12:38:51.465  8338  8381 V WindowManagerShell: All active transition animations finished
04-11 12:38:51.472  3590  8835 I BLASTSyncEngine: onCommitted syncId: 27136, timeout: false ran: false
04-11 12:38:51.472   579   579 D VRI[AccountStatsBridgeActivity]: visibilityChanged oldVisibility=true newVisibility=false
04-11 12:38:51.472  3590  8835 D Transition: finishTransaction-onCommitted syncId=27136
04-11 12:38:51.472   579   579 D VRI[AccountStatsBridgeActivity]: setWindowStopped stopped:true
04-11 12:38:51.473  2399  3200 D SurfaceFlinger: updateWinowInfo=1, setFocusedWindow timestamp=881690826022304, windowName=fac22e4 com.binance.monitor/com.binance.monitor.ui.settings.SettingsActivity
04-11 12:38:51.473  2258  2258 D SensorFeature: name=ssc_screenshot_info ,index = 22
04-11 12:38:51.473  3590  8838 I InputDispatcher: NFW_setFocusedWindow, fac22e4 com.binance.monitor/com.binance.monitor.ui.settings.SettingsActivity on display 0, same as the previous:0
04-11 12:38:51.473  2258  2258 D SensorFeature: write 39 bytes:929546572414470,929546886857126,31120,0
04-11 12:38:51.473  3590  8835 I InputDispatcher: updateFocusedWindow, fac22e4 com.binance.monitor/com.binance.monitor.ui.settings.SettingsActivity on display 0, reason: Window became focusable. Previous reason: NO_WINDOW, result:   FocusedWindows:
04-11 12:38:51.473  3590  8835 I InputDispatcher:     displayId=0, name='fac22e4 com.binance.monitor/com.binance.monitor.ui.settings.SettingsActivity'
04-11 12:38:51.476   579   579 D VRI[SettingsActivity]: onFocusEvent true
04-11 12:38:51.480   579   579 D HWUI    : RenderProxy::destroy: this=0xb4000070f9b83300, mContext=0xb4000070e8924400
04-11 12:38:51.480   579   775 D HWUI    : SkiaVulkanPipeline::setSurface: this=0xb4000070efc2f780, surface=NULL
04-11 12:38:51.481   579   775 D BufferQueueProducer: [VRI[AccountStatsBridgeActivity]#2(BLAST Consumer)2](id:24300000002,api:1,p:579,c:579) disconnect: api 1
04-11 12:38:51.481   579   579 D ViewRootImplExtImpl: wrapConfigInfoIntoFlags rotation=0, smallestScreenWidthDp=361, residentWS=false, scenario=0, bounds=Rect(0, 0 - 1264, 2780), relayoutAsync=false, flags=0, newFlags=1457532192, title=com.binance.monitor/com.binance.monitor.ui.account.AccountStatsBridgeActivity
04-11 12:38:51.481  3590  8835 V WindowManager: Relayout Window{ca16b01 u0 com.binance.monitor/com.binance.monitor.ui.account.AccountStatsBridgeActivity}: viewVisibility=8, oldvis=0, req=1264x2780 , apr = 0, vsysui=, x=0, y=0
04-11 12:38:51.481  3590  8835 D InsetsSourceProvider: updateSourceFrameForServerVisibility mandatorySystemGestures EMPTY_RECT
04-11 12:38:51.482  3590  8835 D InsetsSourceProvider: updateSourceFrameForServerVisibility mandatorySystemGestures EMPTY_RECT
04-11 12:38:51.482  3590  8835 D WindowManager: NFW_findFocusedWindowIfNeeded:Window{fac22e4 u0 com.binance.monitor/com.binance.monitor.ui.settings.SettingsActivity} mCurrentFocus:Window{fac22e4 u0 com.binance.monitor/com.binance.monitor.ui.settings.SettingsActivity}
04-11 12:38:51.483   579   579 D VRI[AccountStatsBridgeActivity]: relayoutWindow result, sizeChanged:false, surfaceControlChanged:true, transformHintChanged:false, mSurfaceSize:Point(1264, 2780), mLastSurfaceSize:Point(1264, 2780), mWidth:1264, mHeight:2780, requestedWidth:1264, requestedHeight:2780, transformHint:0, installOrientation:0, displayRotation:0, isSurfaceValid:false, attr.flag:-2122252032, tmpFrames:ClientWindowFrames{frame=[0,0][1264,2780] display=[0,0][1264,2780] parentFrame=[0,0][0,0]}, relayoutAsync:false, mSyncSeqId:0
04-11 12:38:51.484   579   808 D BLASTBufferQueue: [VRI[AccountStatsBridgeActivity]#2](f:0,a:1) destructor()
04-11 12:38:51.484   579   808 D BufferQueueConsumer: [VRI[AccountStatsBridgeActivity]#2(BLAST Consumer)2](id:24300000002,api:0,p:-1,c:579) disconnect
04-11 12:38:51.484  3590  8838 I WindowManager: Window{ca16b01 u0 com.binance.monitor/com.binance.monitor.ui.account.AccountStatsBridgeActivity} state from DRAW_PENDING to NO_SURFACE; reason: destroySurface
04-11 12:38:51.484  3590  7959 D BackgroundInstallControlService: Package event received: 0
04-11 12:38:51.484  3590  8838 D OplusStartingWindowManager: skip remove starting window for activity = ActivityRecord{187072952 u0 com.binance.monitor/.ui.account.AccountStatsBridgeActivity t13170} ,ar != topActivityContainsStartingWindow on activityStopped
04-11 12:38:51.485  3590  7380 D InputMethodManagerService: isSecurity: attribute.packageName = com.binance.monitor mCurMethodId = com.sohu.inputmethod.sogou/.SogouIME isSecurity = false ( enable = true needShow = false inBlackList = false isExist = true )
04-11 12:38:51.485  3590  7380 I ImeTracker: com.binance.monitor:2f9b407c: onRequestHide at ORIGIN_SERVER reason HIDE_UNSPECIFIED_WINDOW fromUser false
04-11 12:38:51.485   579   579 D InsetsController: hide(ime(), fromIme=false)
04-11 12:38:51.485   579   579 I ImeTracker: com.binance.monitor:2f9b407c: onCancelled at PHASE_CLIENT_ALREADY_HIDDEN
04-11 12:38:51.487  3590  9132 I ImeTracker: system_server:3440c618: onRequestHide at ORIGIN_SERVER reason IME_REQUESTED_CHANGED_LISTENER fromUser false
04-11 12:38:51.487  3590  7380 I ImeTracker: system_server:3440c618: onCancelled at PHASE_SERVER_SHOULD_HIDE
04-11 12:38:51.487  3590  3796 D InsetsSourceProvider: updateSourceFrameForServerVisibility mandatorySystemGestures EMPTY_RECT
04-11 12:38:51.487  3590  3796 D InsetsSourceProvider: updateSourceFrameForServerVisibility mandatorySystemGestures EMPTY_RECT
04-11 12:38:51.591  2181  2506 I SDM     : DisplayBuiltIn::IdlePowerCollapse: IPC received, disabling partial update for one frame
04-11 12:38:51.625  3590  8280 I Osense-BaseDecisionMaker: notifySceneToAthenaPolicy: SCENE_ACTIVITY_IDLE, bundle: Bundle[{scene=SCENE_ACTIVITY_IDLE}]
04-11 12:38:51.659 13843  6300 D gaia-GaiaConnectChecker: start connect check++
04-11 12:38:51.660  3590  8472 I OplusHansManager : uid=10397, pkg=com.v2ray.ang cannot transition from R to M, importance=vpn
04-11 12:38:51.661  2113 17862 I sensors-hal: handle_oplus_wise_rgb_event:161, wise_rgb: (43426)(cct, lux, ir)[7366.03, 388.10, 40.900658] (r, g, b, c)[16482.95, 11959.31, 7796.74, 33542.75]                 (pwm, hbm, brl, algo)[0.0 0.0 1419.0 2.0], flag 31120
04-11 12:38:51.664 13839 14712 I SmartDataSwitchStateManager: handle message:7
04-11 12:38:51.664 13839 14712 I SmartDataSwitchSM: [DisableState]Handle msg: 2
04-11 12:38:51.664 13839 14712 I SmartDataSwitchSM: [DisableState]handle state change, reason:DataScoreLow
04-11 12:38:51.703  2181  2506 I SDM     : DisplayBuiltIn::IdlePowerCollapse: IPC received, disabling partial update for one frame
04-11 12:38:51.711  4482  4659 W ServiceManagerCppClient: Waited one second for SystemClearService (is service started? Number of threads started in the threadpool: 16. Are binder threads started and available?)
04-11 12:38:51.711  4482  4680 W ServiceManagerCppClient: Waited one second for SystemClearService (is service started? Number of threads started in the threadpool: 16. Are binder threads started and available?)
04-11 12:38:51.712  1254  1102 W libc    : Unable to set property "ctl.interface_start" to "aidl/SystemClearService": PROP_ERROR_HANDLE_CONTROL_MESSAGE (0x20)
04-11 12:38:51.712  1254  1103 W libc    : Unable to set property "ctl.interface_start" to "aidl/SystemClearService": PROP_ERROR_HANDLE_CONTROL_MESSAGE (0x20)
04-11 12:38:51.719  3590  3590 D RefreshRate: app switch boost timeout,transition isPlaying:false isInInterruptScene:false
04-11 12:38:51.719  3590  3796 D InsetsSourceProvider: updateSourceFrameForServerVisibility mandatorySystemGestures EMPTY_RECT
04-11 12:38:51.720  3590  3875 D VRR [OPlusRefreshRateService]:  setDirectorStates [flag: 1, state: 0, directorStateOff: 0]
04-11 12:38:51.720  2399  3197 D VRR [RefreshRateDirector]: updateState mState = 1
04-11 12:38:51.726  3590  9788 I AICCTModule: SensorFilter: brightness threshold 1.4 screenNit is 104.459 ave enviroment lux is 323.54132 luxForNit 102.01008demarcationPoint200.0 result is false
04-11 12:38:51.726  3590  9788 I AICCTModule: SensorFilter: findSecondNearestValue, sensorValue: 7729.0645 nearestMaxValue:7706.9272 secondNearestValue: 7706.9272
04-11 12:38:51.726  3590  9788 I AICCTModule: SensorFilter: findSecondNearestValue, sensorValue: 321.46207 nearestMaxValue:321.2727 secondNearestValue: 323.3162
04-11 12:38:51.783 14034 15457 D AppSenseConfig: getIgnoreAppList: [com.android.launcher, com.android.contacts, com.oplus.wirelesssettings, com.coloros.alarmclock, com.coloros.calculator, com.coloros.calendar, com.coloros.phonemanager, com.android.settings, com.android.phone, com.oplus.nas, com.oplus.nhs, com.oplus.appdetail, com.android.permissioncontroller, com.oplus.pscanvas, com.oplus.autotest.test.ctp, com.android.systemui, com.android.systemui.overlay.fingerprint.anim.fy, com.android.systemui.overlay.fingerprint.anim.qy, com.android.systemui.overlay.fingerprint.anim.sw, com.android.systemui.overlay.fingerprint.anim.xw, com.android.systemui.overlay.fingerprint.anim.ccyh, com.android.systemui.overlay.fingerprint.anim.halo, com.android.systemui.overlay.fingerprint.anim.jslz, com.android.systemui.overlay.fingerprint.anim.none, com.android.systemui.overlay.fingerprint.anim.xklc]
04-11 12:38:51.783 14034 15457 D AppSenseConfig: getIgnoreAppList: [com.android.launcher, com.android.contacts, com.oplus.wirelesssettings, com.coloros.alarmclock, com.coloros.calculator, com.coloros.calendar, com.coloros.phonemanager, com.android.settings, com.android.phone, com.oplus.nas, com.oplus.nhs, com.oplus.appdetail, com.android.permissioncontroller, com.oplus.pscanvas, com.oplus.autotest.test.ctp, com.android.systemui, com.android.systemui.overlay.fingerprint.anim.fy, com.android.systemui.overlay.fingerprint.anim.qy, com.android.systemui.overlay.fingerprint.anim.sw, com.android.systemui.overlay.fingerprint.anim.xw, com.android.systemui.overlay.fingerprint.anim.ccyh, com.android.systemui.overlay.fingerprint.anim.halo, com.android.systemui.overlay.fingerprint.anim.jslz, com.android.systemui.overlay.fingerprint.anim.none, com.android.systemui.overlay.fingerprint.anim.xklc]
04-11 12:38:51.783 14034 15457 D AppSenseConfig: getIgnoreAppList: [com.android.launcher, com.android.contacts, com.oplus.wirelesssettings, com.coloros.alarmclock, com.coloros.calculator, com.coloros.calendar, com.coloros.phonemanager, com.android.settings, com.android.phone, com.oplus.nas, com.oplus.nhs, com.oplus.appdetail, com.android.permissioncontroller, com.oplus.pscanvas, com.oplus.autotest.test.ctp, com.android.systemui, com.android.systemui.overlay.fingerprint.anim.fy, com.android.systemui.overlay.fingerprint.anim.qy, com.android.systemui.overlay.fingerprint.anim.sw, com.android.systemui.overlay.fingerprint.anim.xw, com.android.systemui.overlay.fingerprint.anim.ccyh, com.android.systemui.overlay.fingerprint.anim.halo, com.android.systemui.overlay.fingerprint.anim.jslz, com.android.systemui.overlay.fingerprint.anim.none, com.android.systemui.overlay.fingerprint.anim.xklc]
04-11 12:38:51.783 14034 15457 D ActivityAdapter: taskChange: pre: 1, cur: 1, changed:true
04-11 12:38:51.784 14034 15457 D ActivityAdapter: notifyActivityQuery: [com.binance.monitor; com.binance.monitor.ui.settings.SettingsActivity; 1; COMMON; 10512]
04-11 12:38:51.784 14034 15457 D OPlusFrontAppManager: useAdapterResult, pkg=com.binance.monitor,activity=com.binance.monitor.ui.settings.SettingsActivity,result=true
04-11 12:38:51.784 14034 15457 D OPlusFrontAppManager: decide -->> [com.binance.monitor; com.binance.monitor.ui.settings.SettingsActivity; 1; COMMON; 10512]
04-11 12:38:51.784 14034 15457 D ConferenceScene: pkg:com.binance.monitor, activity:com.binance.monitor.ui.settings.SettingsActivity, appSense:COMMON
04-11 12:38:51.784 14034 15457 D ConferenceScene: pkg:com.binance.monitor, activity:com.binance.monitor.ui.account.AccountStatsBridgeActivity, appSense:COMMON
04-11 12:38:51.784 14034 14034 D AtomHighLoadSenseInfo: handleMessage what:1000
04-11 12:38:51.784 14034 14034 D AtomHighLoadSenseInfo: handleAppSenseChanged original mode:{live:0,video:0,voice call:0,video call:0,live host:0,meeting:0}
04-11 12:38:51.784 14034 14034 D AtomHighLoadSenseInfo: handleAppSenseChanged appInfoUnit:{pkgName:com.binance.monitor,activityName:,winMode:1,event:COMMON,type:0,subEvent:0,pid:579,uid:10512}
04-11 12:38:51.784 14034 15313 D Subsys-ScoreAppManager: handleMessage what:2
04-11 12:38:51.784 14034 14034 D AtomNetworkScoreInfo: handleMessage: 1006
04-11 12:38:51.784 14034 14034 D AtomNetworkScoreInfo: top app size: 1
04-11 12:38:51.784 14034 14034 D AtomNetworkScoreInfo: Front app state: 1
04-11 12:38:51.784 14034 15313 D Subsys-ScoreAppManager: EVENT_ID_APP_SENSE_CHANGE  onFrontActivityChanged
04-11 12:38:51.784 14034 15297 D CellMap/GameLatencyMapService: handleAppSceneChange: [{pkgName:com.binance.monitor,activityName:,winMode:1,event:COMMON,type:0,subEvent:0,pid:579,uid:10512}]
04-11 12:38:51.784 14034 15313 D Subsys-ScoreAppManager: appSceneChange fgAppUnits size 1 fgAppUnits [{pkgName:com.binance.monitor,activityName:,winMode:1,event:COMMON,type:0,subEvent:0,pid:579,uid:10512}] mLastNetworkList[255, 264]
04-11 12:38:51.784 14034 14034 D AtomModemKpiInfo: handleMessage what:1000
04-11 12:38:51.784 14034 15313 D Subsys-ScoreAppManager: createApp
04-11 12:38:51.784 14034 15297 D CellMap/QoeMapService: handleAppSceneChange: [{pkgName:com.binance.monitor,activityName:,winMode:1,event:COMMON,type:0,subEvent:0,pid:579,uid:10512}]
04-11 12:38:51.784 14034 14034 D SceneService: handleMessage what:1004
