04-11 12:27:59.712 32357 32357 I ChainTrace: stream type=heartbeat gapMs=956 refreshMarket=false
04-11 12:27:59.716 25867 25867 W dumpsys : Thread Pool max thread count is 0. Cannot cache binder as linkToDeath cannot be implemented. serviceName: gfxinfo
04-11 12:27:59.717  3590  8848 D ActivityManager: freezer override set to true
04-11 12:27:59.717  3590  8848 D ActivityManager: freezer override callers: 25867/2000 com.android.server.am.ActivityManagerService$GraphicsBinder.dump:2380 android.os.Binder.doDump:1085 android.os.Binder.dump:1075 android.os.Binder.onTransact:945 android.os.Binder.execTransactInternal:1444 
04-11 12:27:59.719  3590  8848 D ActivityManager: freezer override set to false
04-11 12:27:59.719  3590  8848 D ActivityManager: freezer override callers: 25867/2000 com.android.server.am.ActivityManagerService$GraphicsBinder.dump:2386 android.os.Binder.doDump:1085 android.os.Binder.dump:1075 android.os.Binder.onTransact:945 android.os.Binder.execTransactInternal:1444 
04-11 12:27:59.754  3590  8282 I Osense-BaseDecisionMaker: notifySceneToAthenaPolicy: SCENE_RES_IO_PSI, bundle: Bundle[{ioLevel=3}]
04-11 12:27:59.754  3590  8282 I Osense-BaseDecisionMaker: scene: SCENE_RES_IO_PSI, excutingPolicy: reentrant
04-11 12:27:59.754  3590  8282 D Osense-BaseDecisionMaker: invoke reentrant policy
04-11 12:27:59.754 17904 17919 V OCAM_Performance: onOsenseEventSceneChanged, event: 112
04-11 12:27:59.754 17904 17919 V OCAM_Performance: onOsenseEventSceneChanged, [extra] startTime: 1775881679754
04-11 12:27:59.754 17904 17919 V OCAM_Performance: onOsenseEventSceneChanged, [extra] currentAvailmem: 3641
04-11 12:27:59.754 17904 17919 V OCAM_Performance: onOsenseEventSceneChanged, [extra] killTriggerMem: 2000
04-11 12:27:59.754 17904 17939 D OCAM_Performance: onOsenseEventSceneChanged, pressure IO eventStateType: 2, startTime: 1775881679754, currentAvailmem: 3641, killTriggerMem: 2000, ioLevel: 3
04-11 12:27:59.754 17904 17919 V OCAM_Performance: onOsenseEventSceneChanged, [extra] ioLevel: 3
04-11 12:27:59.754 17904 17919 V OCAM_Performance: onOsenseEventSceneChanged, event: 104
04-11 12:27:59.754 17904 17919 W OCAM_Performance: onOsenseEventSceneChanged, high I/O pressure
04-11 12:27:59.754 17904 17919 V OCAM_Performance: onOsenseEventSceneChanged, [extra] startTime: 1775881679754
04-11 12:27:59.762  3590  8848 D NotificationService--OplusNotificationFixHelper: fixAppIcon: pkg=com.v2ray.ang
04-11 12:27:59.762  3590  8848 D NotificationService--OplusNotificationFixHelper: fixAppIcon: appIcon = null, pkg = com.v2ray.ang
04-11 12:27:59.762  3590  8848 D NotificationService--NotificationRecord: isSupportRearLight , isRearLight = false mLedRM = false isMultilLed = false
04-11 12:27:59.762  3590  8848 I OplusStatusBarManagerServiceEnhance:  getTopIsFullscreen mTopIsFullscreen: false
04-11 12:27:59.763  3590  8848 W ActivityManager: Permission Denial: getTopApplicationInfo from pid=18198, uid=10397 requires oplus.permission.OPLUS_COMPONENT_SAFE
04-11 12:27:59.763  3590  8848 E OplusNotificationCenter: getForegroundApplication exception
04-11 12:27:59.763  3590  3590 D NotificationService--OplusNotificationManagerServiceExtImpl: isForwardToAssistants: true, case : Is local notification
04-11 12:27:59.763  3590  3590 D NotificationService: This application enqueue notifications is need postDelayed mcsAssistantDelayTime: 50
04-11 12:27:59.776  3590  7998 I [UAH_CLIENT]: UahEventAcquire, cmdid:2, pkg:none, identity:com.android.server.wm
04-11 12:27:59.776  3590  8848 W ActivityTaskManager: Permission Denial: starting Intent { flg=0x34000000 xflg=0x4 cmp=com.binance.monitor/.ui.account.AccountStatsBridgeActivity mCallingUid=2000 } from null (pid=25873, uid=2000) not exported from uid 10512
04-11 12:27:59.777  3590  8848 I ActivityTaskManager: START u0 {flg=0x34000000 xflg=0x4 cmp=com.binance.monitor/.ui.account.AccountStatsBridgeActivity mCallingUid=2000} with LAUNCH_MULTIPLE from uid 2000 result code=0
04-11 12:27:59.817  8338  8338 I SystemUi--Notification: OplusLiveAlertNotificationsRepository-->onRankingApplied
04-11 12:27:59.821  8338  8338 I PluginSeedling--Track: RequestHandler-->notificationUpdated 0|com.v2ray.ang|1|null|10397 postTime: 1775881679762
04-11 12:27:59.821  8338  8338 E LockScreenNotificationDispatcherImp: updateNotificationListOnKg size:0
04-11 12:27:59.823  8338  8338 W SystemUi--Notification: OplusNotificationGroupExtImpl-->setChildrenExpanded: groupHeader is null
04-11 12:27:59.824  8338  8338 I SystemUi--Notification: LockScreenNotificationDispatcherImp-->updateNotificationListOnKg resultCode: 0
04-11 12:27:59.836  8338  8706 D LocalImageResolver: Couldn't use ImageDecoder for drawable, falling back to non-resized load.
04-11 12:27:59.837  8338  8338 D OplusNotificationDateTimeView: setTime mSettingTimeMillis 1775881679760, mSettingLocalDateTime 2026-04-11T12:27:00.760
04-11 12:27:59.839  8338  8706 D LocalImageResolver: Couldn't use ImageDecoder for drawable, falling back to non-resized load.
04-11 12:27:59.840  8338  8338 D OplusNotificationDateTimeView: setTime mSettingTimeMillis 1775881679760, mSettingLocalDateTime 2026-04-11T12:27:00.760
04-11 12:27:59.842  8338  8706 D LocalImageResolver: Couldn't use ImageDecoder for drawable, falling back to non-resized load.
04-11 12:27:59.843  8338  8338 D OplusNotificationDateTimeView: setTime mSettingTimeMillis 1775881679760, mSettingLocalDateTime 2026-04-11T12:27:00.760
04-11 12:27:59.844 14599 11093 I StepApp_StepProvider: (binder:14599_A)call:package=com.oplus.metis	method=method_call_by_assistantscreen_and_health_from_table_day_step_data	arg=	extras=Bundle[mParcelledData.dataSize=296]	pid=14599
04-11 12:27:59.844 14599 11093 I StepApp_StepProvider: (binder:14599_A)parserQueryData:queryData=QueryData(uri=content://com.oplus.healthservice.stepprovider/day_statistic, projection=null, selection=day_date=?, selectionArgs=[2026-04-11], sortOrder=null, startPos=null)
04-11 12:27:59.844 14599 11093 I StepApp_StepProvider: (binder:14599_A)resultListString :[{"date":"2026-04-11","offset":35,"offsetRun":0,"offsetWalk":35,"step":50482,"stepRun":2573,"stepWalk":6163,"timestamp":0}]
04-11 12:27:59.845  8338  8338 I SystemUi--Notification: OplusNotificationTempla-->resolveContentMargin: marginTop=112 isChildInGroup=false hasSubtitle=true params.topMargin=112
04-11 12:27:59.846  8338  8338 W SystemUi--Notification: OplusNotificationGroupExtImpl-->setChildrenExpanded: groupHeader is null
04-11 12:27:59.854  8338  8338 E LockScreenNotificationDispatcherImp: updateNotificationListOnKg size:0
04-11 12:27:59.857  8338  8338 W SystemUi--Notification: OplusNotificationGroupExtImpl-->setChildrenExpanded: groupHeader is null
04-11 12:27:59.857  8338  8338 I SystemUi--Notification: LockScreenNotificationDispatcherImp-->updateNotificationListOnKg resultCode: 0
04-11 12:27:59.923  2181 26958 E CwbService: Panel not support apl read or getDisplayPanelAplValue timeout 10ms.
04-11 12:27:59.923  2258  2258 D SensorFeature: name=ssc_screenshot_info ,index = 22
04-11 12:27:59.923  2258  2258 D SensorFeature: write 39 bytes:928895302036228,928895327060603,29121,0
04-11 12:27:59.925  2113 17888 I sensors-hal: handle_sns_std_sensor_event:114, oplus rgb_rear sample: (cct, lux, ir, x, y)[9995, 18, 345, 260, 325]
04-11 12:27:59.925  2113 17888 I sensors-hal: handle_sns_std_sensor_event:116, oplus rgb_rear sample: (r, g, b, c w)[721, 1462, 326, 505, 0]
04-11 12:27:59.947  2113 17862 I sensors-hal: handle_oplus_wise_rgb_event:161, wise_rgb: (31996)(cct, lux, ir)[5898.48, 152.49, 55.149197] (r, g, b, c)[7223.60, 4834.75, 3083.82, 13683.78]                 (pwm, hbm, brl, algo)[0.0 0.0 1310.0 2.0], flag 29121
04-11 12:27:59.950 14034 15313 D CommonApp-264-10512: transport layer data is invalid
04-11 12:27:59.950 14034 15313 D CommonApp-255-10512: commonScoreStrategy scenarios low package
04-11 12:27:59.950 14034 15313 D ScorePolicy: handleScoreChanged: []
04-11 12:27:59.950 14034 15313 D ScorePolicy: handleScoreChanged: []
04-11 12:27:59.950 14034 15313 D ScorePolicy: handleScoreChanged: []
04-11 12:27:59.974 16242 16346 E CCTBackstopTask: The BackstopTask future failed!
04-11 12:27:59.974 16242 16346 E CCTBackstopTask: java.net.SocketTimeoutException
04-11 12:27:59.974 16242 16346 E CCTBackstopTask: 	at bgeg.a(:com.google.android.gms@261133035@26.11.33 (260400-887465546):139)
04-11 12:27:59.974 16242 16346 E CCTBackstopTask: 	at bfow.a(:com.google.android.gms@261133035@26.11.33 (260400-887465546):568)
04-11 12:27:59.974 16242 16346 E CCTBackstopTask: 	at hggs.d(:com.google.android.gms@261133035@26.11.33 (260400-887465546):3)
04-11 12:27:59.974 16242 16346 E CCTBackstopTask: 	at hggu.run(:com.google.android.gms@261133035@26.11.33 (260400-887465546):38)
04-11 12:27:59.974 16242 16346 E CCTBackstopTask: 	at bikd.c(:com.google.android.gms@261133035@26.11.33 (260400-887465546):50)
04-11 12:27:59.974 16242 16346 E CCTBackstopTask: 	at bikd.run(:com.google.android.gms@261133035@26.11.33 (260400-887465546):73)
04-11 12:27:59.974 16242 16346 E CCTBackstopTask: 	at java.util.concurrent.ThreadPoolExecutor.runWorker(ThreadPoolExecutor.java:1156)
04-11 12:27:59.974 16242 16346 E CCTBackstopTask: 	at java.util.concurrent.ThreadPoolExecutor$Worker.run(ThreadPoolExecutor.java:651)
04-11 12:27:59.974 16242 16346 E CCTBackstopTask: 	at bipu.run(:com.google.android.gms@261133035@26.11.33 (260400-887465546):8)
04-11 12:27:59.974 16242 16346 E CCTBackstopTask: 	at java.lang.Thread.run(Thread.java:1119)
04-11 12:28:00.000  3590  7344 V AlarmManager: sending alarm Alarm{9a7b607 type 3 origWhen 928895414 whenElapsed 928895414 android} uid 1000 whenElapsed 928895414 windowLength 0 maxWhenElapsed 928895414 repeatInterval 0 action null component null tag TIME_TICK flags 0x9 procName system_server
04-11 12:28:00.001 14034 14034 D SubsysBroadcastManager: onReceive action:android.intent.action.TIME_TICK
04-11 12:28:00.001 13839 14694 D AMC     : [TriggerSystem] handleLoopTick trigger:vowifihandover phoneId:0 voWifiHandoverCount:0
04-11 12:28:00.001 13839 14694 D AMC     : [TriggerSystem] handleLoopTick trigger:vowifihandover phoneId:1 voWifiHandoverCount:0
04-11 12:28:00.002  8338  8338 I SystemUi--SystemUi--: Clock-->smallTime: 12:28
04-11 12:28:00.002  8338  8338 I SystemUi--SystemUi--: Clock-->smallTime: 12:28
04-11 12:28:00.002  8338  8338 I SystemUi--SystemUi--: Clock-->smallTime: 12:28
04-11 12:28:00.002  8338  8338 I SystemUi--SystemUi--: Clock-->smallTime: 12:28
04-11 12:28:00.002  3590  3872 D OplusDisplayBrightnessBroadcastReceiver: onReceive action = android.intent.action.TIME_TICK , listeners = [com.android.server.display.feature.ambience.events.event.TimeEvent$TimeChangeReceiver@5d7ccc3, com.android.server.display.color.eyeprotect.manager.AiCurveManager$RhythmBroadcastReceiverWithUpgradeUI@f17c940]
04-11 12:28:00.002 15757  7046 D PhoneUsageTime: lastChargeFullTime=1775881620006 LastChargeFullDurationTime=18997087
04-11 12:28:00.011  8338  8338 I SystemUi--Notification: SimpleQsClock-->textWidth:114.0, mPaddingEnd 21, dynamicWidth 174, systemFontScale 1.15
04-11 12:28:00.021  3438  4039 D QmiClient: qmiServiceEventCallback recv msg id 47
04-11 12:28:00.021  3438  4039 D QmiClient: enter -mServiceType 10 onQmiServiceEventCallback msgId 47
04-11 12:28:00.021  3438  4039 D QmiClient: onQmiServiceEventCallback - enter. msgId=47
04-11 12:28:00.021  3438  3488 D OttProxy: handleMessage msg is 3001
04-11 12:28:00.021 14034  6711 D SubsysRadioIndication[1]: radioLinkLatencyInfoInd
04-11 12:28:00.021 14034  6711 D SubsysRadioIndication[1]: notify enter
04-11 12:28:00.021 14034 14034 D NetworkService[1]: handleMessage what:1008
04-11 12:28:00.021 14034 14034 D NetworkService[1]: EVENT_REG_LINK_LATENCY_INFO_CHANGE ulLatency:6394
04-11 12:28:00.201  2399  2399 I OplusPerfCollect: The layer number in last 60029ms is: 3 layer, 234 time, 4 layer, 10 time, 5 layer, 24 time, 
04-11 12:28:00.256  2181  2532 E CwbService: Panel not support apl read or getDisplayPanelAplValue timeout 10ms.
04-11 12:28:00.256  2258  2258 D SensorFeature: name=ssc_screenshot_info ,index = 22
04-11 12:28:00.256  2258  2258 D SensorFeature: write 39 bytes:928895635189562,928895660320499,29122,0
04-11 12:28:00.258  2113 20704 I sensors-hal: handle_oplus_wise_rgb_event:189, high_pwm_light:lux 154.1,cct 5927.0,brl/algo/ir 1310.0/2.0/53.3,pwm/dc 0.0/0.0,rgbc 7241.037598/4845.753418/3088.234619/13723.412109,ts 928895598978322,cnt 32000,flag 131072
04-11 12:28:00.438  3590  8472 I OplusHansManager : uid=10515, pkg=com.mobilecodex.nativeapp M enter(), R stay=3
04-11 12:28:00.438  3590  8475 I OplusHansManager : p_job: 10515
04-11 12:28:00.438  3590  8475 I OplusHansManager : p_service: 10515
04-11 12:28:00.438  3590  8475 I OplusHansManager : p_alarm 10515
04-11 12:28:00.438  3590  8475 D OplusAlarmAdjustment: proxyAlarmsByUid(), uid=10515, pkgName=com.mobilecodex.nativeapp, requester=1
04-11 12:28:00.438  3590  8475 I OplusHansManager : try idling uid 10515 package com.mobilecodex.nativeapp from OFreezer.
04-11 12:28:00.438  3590  7342 D OplusAlarmAdjustMap: addProxyUid, uid=10515, pkgName=com.mobilecodex.nativeapp, requester=1
04-11 12:28:00.438  3590  8475 I OplusHansManager : trimMem uid=10515, pid=21078
04-11 12:28:00.439  2013  2036 E statsd  : Predicate 1508000004 dropping data for dimension key (100234)0x10000->10515[I] 
04-11 12:28:00.450 21078 21107 D HWUI    : RenderThread::destroyRenderingContext: this=0xb4000071e14e0e80
04-11 12:28:00.450 21078 21107 D HWUI    : SkiaVulkanPipeline::onContextDestroyed: this=0xb40000718093bcc0
04-11 12:28:00.451 21078 21086 I Quality : GCInfo: com.mobilecodex.nativeapp,50-2.628s-2.589s-1.551ms-1078MB-1094MB-14MB-0B-0-1762077.286s,0,0,49-2.603s-2.565s-1.558ms-1084MB-1099MB-14MB-0B,1,0,1-24.906ms-23.372ms-1.207ms-499MB-532MB-4839KB-0B
04-11 12:28:00.480  2113 17862 I sensors-hal: handle_oplus_wise_rgb_event:161, wise_rgb: (32001)(cct, lux, ir)[5926.78, 154.36, 53.587292] (r, g, b, c)[7258.48, 4861.15, 3092.65, 13739.73]                 (pwm, hbm, brl, algo)[0.0 0.0 1310.0 2.0], flag 29122
04-11 12:28:00.480  3590  9788 I AICCTModule: SensorFilter: brightness threshold 1.2 screenNit is 88.015 ave enviroment lux is 103.07133 luxForNit 87.42021demarcationPoint200.0 result is false
04-11 12:28:00.480  3590  9788 I AICCTModule: SensorFilter: findSecondNearestValue, sensorValue: 6404.266 nearestMaxValue:6394.432 secondNearestValue: 6394.432
04-11 12:28:00.480  3590  9788 I AICCTModule: SensorFilter: findSecondNearestValue, sensorValue: 102.82901 nearestMaxValue:102.88578 secondNearestValue: 102.88578
04-11 12:28:00.481  3590  9788 D AICCTModule: AICurveModel: findPointWithLuxForSmartByX lux42.449093
04-11 12:28:00.481  3590  9788 I AICCTModule: AICurveModel: findPointByX x:13.39652, rightPoint:Point:(13.4, 6077.003, 6077.003)
04-11 12:28:00.481  3590  9788 I AICCTModule: AICurveModel: StablePoints has no dragSplineLine
04-11 12:28:00.481  3590  9788 I AICCTModule: AICurveModel: findPointByY y:6081.052, rightPoint:Point:(13.41, 6081.052, 6081.052)
04-11 12:28:00.481  3590  9788 I AICCTModule: AICurveModel: findPointByY y:6081.052, rightPoint:Point:(13.41, 6081.052, 6081.052)
04-11 12:28:00.481  3590  9788 I AICCTModule: AICurveModel: findPointByY y:6081.052, rightPoint:Point:(13.41, 6081.052, 6081.052)
04-11 12:28:00.481  3590  9788 I AICCTModule: AICurveModel: StablePoints y1Left:6081.052, y2Left:0.0, leftY:6081.052
04-11 12:28:00.481  3590  9788 I AICCTModule: AICurveModel: findPointByY y:6081.052, rightPoint:Point:(13.41, 6081.052, 6081.052)
04-11 12:28:00.481  3590  9788 I AICCTModule: AICurveModel: findPointByY y:6081.052, rightPoint:Point:(13.41, 6081.052, 6081.052)
04-11 12:28:00.481  3590  9788 I AICCTModule: AICurveModel: getNextPoint isLargeChange, 6400.0, 6077.003
04-11 12:28:00.481  3590  9788 I AICCTModule: AICurveModel: handleUpdateCCT cct change from:(6416.010742,6081.051758)->(6400.000000,6077.002930),curPoint(6400.000000,6077.002930),stablePoint=LeftLarge(6416.0107,6081.052)-RightLarge(6416.0107,6081.052),LeftSmall(6416.0107,6081.052)-RightSmall(6416.0107,6081.052),TLSmall(6416.0107,6081.052)-TRSmall(6416.0107,6081.052)
04-11 12:28:00.481  3590  9788 I AICCTModule: AICurveModel: onTargetCCTChange cct change to 6077.003
04-11 12:28:00.567  2181  2532 E CwbService: Panel not support apl read or getDisplayPanelAplValue timeout 10ms.
04-11 12:28:00.568  2258  2258 D SensorFeature: name=ssc_screenshot_info ,index = 22
04-11 12:28:00.568  2258  2258 D SensorFeature: write 39 bytes:928895946157999,928895971372009,29123,0
04-11 12:28:00.627  2280  2331 D BatteryChargeControl: bcc get no support from charging protocol
04-11 12:28:00.650  4482  4659 W ServiceManagerCppClient: Waited one second for SystemClearService (is service started? Number of threads started in the threadpool: 16. Are binder threads started and available?)
04-11 12:28:00.651  4482  4680 W ServiceManagerCppClient: Waited one second for SystemClearService (is service started? Number of threads started in the threadpool: 16. Are binder threads started and available?)
04-11 12:28:00.651  1254 25883 W libc    : Unable to set property "ctl.interface_start" to "aidl/SystemClearService": PROP_ERROR_HANDLE_CONTROL_MESSAGE (0x20)
04-11 12:28:00.651  1254 25884 W libc    : Unable to set property "ctl.interface_start" to "aidl/SystemClearService": PROP_ERROR_HANDLE_CONTROL_MESSAGE (0x20)
04-11 12:28:00.655  2727  3986 D QmiClient: qmiServiceEventCallback recv msg id 1099
04-11 12:28:00.655  3438  3988 D QmiClient: qmiServiceEventCallback recv msg id 1099
04-11 12:28:00.655  3438  3988 D QmiClient: enter -mServiceType 4 onQmiServiceEventCallback msgId 1099
04-11 12:28:00.655  2727  3986 D QmiClient: enter -mServiceType 4 onQmiServiceEventCallback msgId 1099
04-11 12:28:00.655  3438  3988 D QmiClient: onQmiServiceEventCallback - enter. msgId=1099
04-11 12:28:00.655  2727  3986 D QmiClient: onQmiServiceEventCallback - enter. msgId=1099
04-11 12:28:00.655  3438  3988 D QmiVsClientEvent: QosPeriodReportInd MSG IND data_len 2052
04-11 12:28:00.655  2727  3986 D QmiVsClientEvent: QosPeriodReportInd MSG IND data_len 2052
04-11 12:28:00.655  3438  3988 D QmiVsClientEvent: qmiVsClientNotifyQosPeriodReportIndEvent - RADIO_EVENT_QOS_PERIOD_REPORT_NOTIFY_IND
04-11 12:28:00.655  2727  3986 D QmiVsClientEvent: qmiVsClientNotifyQosPeriodReportIndEvent - RADIO_EVENT_QOS_PERIOD_REPORT_NOTIFY_IND
04-11 12:28:00.655  2727  2826 D VsProxy : handleMessage msg is 2420
04-11 12:28:00.655  3438  3485 D VsProxy : handleMessage msg is 2420
04-11 12:28:00.655  2727  2826 D VsProxy : handleQosPeriodReportInd for instance 0 data_len 145
04-11 12:28:00.655  3438  3485 D VsProxy : handleQosPeriodReportInd for instance 1 data_len 204
04-11 12:28:00.655 14034 14747 D SubsysRadioIndication[1]: radioQosPeriodReportInd result [8, -59, -24, -50, -50, 14, 18, 14, 8, -19, -27, -50, -50, 14, 16, 1, 32, 53, 40, 1, 72, 1, 26, 12, 8, -102, -26, -50, -50, 14, 16, 1, 40, 1, 56, 87, 34, 12, 8, -84, -69, -57, -50, 14, 16, 4, 24, 1, 32, 3, 58, 83, 8, -69, -25, -50, -50, 14, 16, 5, 24, -98, -23, 30, 32, -54, 1, 40, -93, -1, -1, -1, -1, -1, -1, -1, -1, 1, 48, -12, -1, -1, -1, -1, -1, -1, -1, -1, 1, 56, 2, 64, -93, -1, -1, -1, -1, -1, -1, -1, -1, 1, 72, -94, -1, -1, -1, -1, -1, -1, -1, -1, 1, 80, -100, -1, -1, -1, -1, -1, -1, -1, -1, 1, 88, -93, -1, -1, -1, -1, -1, -1, -1, -1, 1, 66, 31, 8, -81, -69, -57, -50, 14, 16, 5, 24, 2, 34, 19, 8, -98, -23, 30, 16, -54, 1, 24, 41, 32, 13, 40, -126, -128, -52, -67, 21, 48, 2, 90, 0, 98, 10, 8, -85, -54, -73, -50, 14, 16, 3, 24, 5, 122, 20, 8, -26, -28, -50, -50, 14, 16, -1, -1, 1, 24, -1, -1, 1, 32, -1, -1, -1, -1, 15]
04-11 12:28:00.656 14034  6711 D SubsysRadioIndication[0]: radioQosPeriodReportInd result [8, -59, -24, -50, -50, 14, 34, 12, 8, -84, -69, -57, -50, 14, 16, 4, 24, 1, 32, 3, 58, 61, 8, -79, -34, -50, -50, 14, 16, 5, 24, -64, -92, 38, 32, -22, 6, 40, -95, -1, -1, -1, -1, -1, -1, -1, -1, 1, 48, -11, -1, -1, -1, -1, -1, -1, -1, -1, 1, 56, 5, 64, -98, -1, -1, -1, -1, -1, -1, -1, -1, 1, 72, -95, -1, -1, -1, -1, -1, -1, -1, -1, 1, 66, 29, 8, -57, -20, -92, -50, 14, 16, 5, 34, 19, 8, -64, -92, 38, 16, -22, 6, 24, 78, 32, 13, 40, -117, -32, -94, -93, 2, 48, 2, 90, 0, 98, 10, 8, -41, -26, -92, -50, 14, 16, 3, 24, 5, 122, 15, 8, -8, -24, -92, -50, 14, 16, -52, 2, 24, -21, 1, 32, -90, 9]
04-11 12:28:00.656 14034 14034 D NetworkService[1]: handleMessage what:1005
04-11 12:28:00.656 14034 14034 D RadioAtomTracker: parseQosPeriodData ModemQos:CellularQosInfo1{5G, 504990/202, EndcState=2, Band=41, DLBW=13, Rsrp=-93, Rsrq=-12, Snr=2, SvcStatus=3, ULPDCPNumDataPdu=1, ULPDCPNumDropPdu=0, ULPDCPTput=53, ULRLCNumDataPdu=1, ULRLCNumRetxPdu=0, ULGrant=0, ULBSR=0, ULBler=1, DLPDCPNumDataPdu=1, DLPDCPTput=87, DLRLCNumDataPdu=1, DLRLCNumRetxPdu=0, DLRLCNumDropPdu=0, DLMACPaddingBytes=0, DLPdcpNumMissToUppPdu=0, DLBler=0, RlfCount=0, CellChangeCount=0, IsRedirectionOccur=0, IsDualSimConflict=0, Latency=6, Sub1RrcState=1, Sub2RrcState=3, RachCount=0, CalcPower=32767, Mtpl=32767, PathLoss=-1, CellLoad=0}
04-11 12:28:00.656 14034 14034 D NetworkService[1]: EVENT_REG_QOS_PERIOD_REPORT_IND_CHANGED ENTER
04-11 12:28:00.656 14034 14034 D NetworkService[0]: handleMessage what:1005
04-11 12:28:00.656 14034 14034 D RadioAtomTracker: parseQosPeriodData ModemQos:CellularQosInfo2{5G, 627264/874, EndcState=0, Band=78, DLBW=13, Rsrp=-95, Rsrq=-11, Snr=5, SvcStatus=3, ULPDCPNumDataPdu=-1, ULPDCPNumDropPdu=-1, ULPDCPTput=-1, ULRLCNumDataPdu=-1, ULRLCNumRetxPdu=-1, ULGrant=-1, ULBSR=-1, ULBler=-1, DLPDCPNumDataPdu=-1, DLPDCPTput=-1, DLRLCNumDataPdu=-1, DLRLCNumRetxPdu=-1, DLRLCNumDropPdu=-1, DLMACPaddingBytes=-1, DLPdcpNumMissToUppPdu=-1, DLBler=-1, RlfCount=0, CellChangeCount=0, IsRedirectionOccur=0, IsDualSimConflict=0, Latency=0, Sub1RrcState=1, Sub2RrcState=3, RachCount=0, CalcPower=332, Mtpl=235, PathLoss=1190, CellLoad=0}
04-11 12:28:00.656 14034 14034 D NetworkService[0]: EVENT_REG_QOS_PERIOD_REPORT_IND_CHANGED ENTER
04-11 12:28:00.656 14034 14034 D AtomModemKpiInfo: handleMessage what:1001
04-11 12:28:00.656 14034 14034 D AtomModemKpiInfo: analyseQosInfo success
04-11 12:28:00.681 32357 32357 I ChainTrace: stream type=syncEvent gapMs=969 refreshMarket=false
04-11 12:28:00.688  3590  8848 V WindowManager: Relayout Window{83978a2 u0 com.binance.monitor}: viewVisibility=0, oldvis=0, req=315x429 , apr = 0, vsysui=, x=-407, y=2142
04-11 12:28:00.688  3590  7998 I [UAH_CLIENT]: uahRuleCtl, ruleId:206, status:3
04-11 12:28:00.688 32357 32357 I SurfaceControl:  setExtendedRangeBrightness sc=Surface(name=)/@0x6fc43b4,currentBufferRatio=1.0,desiredRatio=1.0
04-11 12:28:00.688  3590  8848 D InsetsSourceProvider: updateSourceFrameForServerVisibility mandatorySystemGestures EMPTY_RECT
04-11 12:28:00.689  3590  8848 D InsetsSourceProvider: updateSourceFrameForServerVisibility mandatorySystemGestures EMPTY_RECT
04-11 12:28:00.689  3590  3875 D VRR [OPlusSurfaceFlingerController]:  setComplexSceneEnable : false
04-11 12:28:00.747  2113 20704 I sensors-hal: handle_oplus_wise_rgb_event:189, high_pwm_light:lux 153.7,cct 5906.2,brl/algo/ir 1310.0/2.0/54.6,pwm/dc 0.0/0.0,rgbc 7223.595215/4832.555664/3070.574951/13693.106445,ts 928895977062697,cnt 32010,flag 94659
04-11 12:28:00.747  2113 17862 I sensors-hal: handle_oplus_wise_rgb_event:161, wise_rgb: (32006)(cct, lux, ir)[5906.23, 153.73, 54.615856] (r, g, b, c)[7228.58, 4841.35, 3081.61, 13693.11]                 (pwm, hbm, brl, algo)[0.0 0.0 1310.0 2.0], flag 29123
04-11 12:28:00.747  3590  7333 D FusionLightNextGen: process end reported = 1, mode: 0, cnt: 396995, lux 102.2, cct 6461.8, r/g/b/c: 7263.5/4861.2/3101.5/13718.7, R/G/B: 149.0/143.0/126.0, bri 1310.0, match 1.00, ir 0.069231, conf 5.0, ts 928895977062697
04-11 12:28:00.798  3590  8282 I Osense-BaseDecisionMaker: notifySceneToAthenaPolicy: SCENE_RES_IO_PSI, bundle: Bundle[{ioLevel=3}]
04-11 12:28:00.798  3590  8282 I Osense-BaseDecisionMaker: scene: SCENE_RES_IO_PSI, excutingPolicy: reentrant
04-11 12:28:00.798  3590  8282 D Osense-BaseDecisionMaker: invoke reentrant policy
04-11 12:28:00.798 17904 17919 V OCAM_Performance: onOsenseEventSceneChanged, event: 104
04-11 12:28:00.798 17904 17919 V OCAM_Performance: onOsenseEventSceneChanged, [extra] startTime: 1775881680798
04-11 12:28:00.867  2181  2532 E CwbService: Panel not support apl read or getDisplayPanelAplValue timeout 10ms.
04-11 12:28:00.867  2258  2258 D SensorFeature: name=ssc_screenshot_info ,index = 22
04-11 12:28:00.867  2258  2258 D SensorFeature: write 39 bytes:928896257114822,928896271034405,29124,0
04-11 12:28:00.919  3590  7344 V AlarmManager: sending alarm Alarm{8872b91 type 1 origWhen 1775881680919 whenElapsed 928896333 android} uid 1000 whenElapsed 928896333 windowLength 0 maxWhenElapsed 928896333 repeatInterval 0 action null component null tag StorgaeBandInfoAlarmTag flags 0x9 procName system_server
04-11 12:28:00.919  3590 10338 E OplusStorageUFSBandwidth: storage_io_metrics_path is /proc/oplus_storage/io_metrics/forever/
04-11 12:28:00.920  3590 10338 E OplusStorageUFSBandwidth: Bandwidth - Read: 57.47 MB/s, Write: 2.50 MB/s
04-11 12:28:00.920  3590 10338 E OplusStorageUFSBandwidth: Task time: 1ms
04-11 12:28:00.922  3590 10338 E OplusStorageUFSBandwidth: Alarm set to trigger in 10 seconds
04-11 12:28:00.974 14034 15313 D CommonApp-264-10512: transport layer data is invalid
04-11 12:28:00.975 14034 15313 D CommonApp-255-10512: commonScoreStrategy scenarios low package
04-11 12:28:00.975 14034 15313 D ScorePolicy: handleScoreChanged: []
04-11 12:28:00.975 14034 15313 D ScorePolicy: handleScoreChanged: []
04-11 12:28:00.975 14034 15313 D ScorePolicy: handleScoreChanged: []
04-11 12:28:01.014  2113 17862 I sensors-hal: handle_oplus_wise_rgb_event:161, wise_rgb: (32011)(cct, lux, ir)[5973.97, 154.47, 52.764164] (r, g, b, c)[7228.58, 4845.75, 3088.23, 13702.43]                 (pwm, hbm, brl, algo)[0.0 0.0 1310.0 2.0], flag 29124
04-11 12:28:01.080  3438  4039 D QmiClient: qmiServiceEventCallback recv msg id 47
04-11 12:28:01.080  3438  4039 D QmiClient: enter -mServiceType 10 onQmiServiceEventCallback msgId 47
04-11 12:28:01.080  3438  4039 D QmiClient: onQmiServiceEventCallback - enter. msgId=47
04-11 12:28:01.081  3438  3488 D OttProxy: handleMessage msg is 3001
04-11 12:28:01.081 14034 14747 D SubsysRadioIndication[1]: radioLinkLatencyInfoInd
04-11 12:28:01.081 14034 14747 D SubsysRadioIndication[1]: notify enter
04-11 12:28:01.081 14034 14034 D NetworkService[1]: handleMessage what:1008
04-11 12:28:01.081 14034 14034 D NetworkService[1]: EVENT_REG_LINK_LATENCY_INFO_CHANGE ulLatency:8164
04-11 12:28:01.170 13839 14712 I SmartDataSwitchStateManager: handle message:7
04-11 12:28:01.170 13839 14712 I SmartDataSwitchSM: [DisableState]Handle msg: 2
04-11 12:28:01.170 13839 14712 I SmartDataSwitchSM: [DisableState]handle state change, reason:DataScoreLow
04-11 12:28:01.180  2181 26958 E CwbService: Panel not support apl read or getDisplayPanelAplValue timeout 10ms.
04-11 12:28:01.181  2258  2258 D SensorFeature: name=ssc_screenshot_info ,index = 22
04-11 12:28:01.181  2258  2258 D SensorFeature: write 39 bytes:928896557300811,928896583634197,29125,0
04-11 12:28:01.280  2113 20704 I sensors-hal: handle_oplus_wise_rgb_event:189, high_pwm_light:lux 154.0,cct 5982.4,brl/algo/ir 1310.0/2.0/53.4,pwm/dc 0.0/0.0,rgbc 7201.168945/4834.754883/3070.574951/13665.132812,ts 928896587335718,cnt 32020,flag 94661
04-11 12:28:01.280  2113 17862 I sensors-hal: handle_oplus_wise_rgb_event:161, wise_rgb: (32016)(cct, lux, ir)[5982.44, 154.03, 53.389259] (r, g, b, c)[7203.66, 4814.96, 3072.78, 13688.44]                 (pwm, hbm, brl, algo)[0.0 0.0 1310.0 2.0], flag 29125
04-11 12:28:01.397  3590  8280 I Osense-BaseDecisionMaker: notifySceneToAthenaPolicy: SCENE_IDLE_RECOVER, bundle: Bundle[{scene=SCENE_IDLE_RECOVER}]
04-11 12:28:01.399  3590  8280 I Osense-BaseDecisionMaker: scene: SCENE_IDLE_RECOVER, excutingPolicy: respreload
04-11 12:28:01.399  3590  8280 D Osense-BaseDecisionMaker: invoke process preload policy
04-11 12:28:01.400  3590  8280 I Osense-BaseDecisionMaker: scene: SCENE_IDLE_RECOVER, excutingPolicy: clear
04-11 12:28:01.400  3590  8280 D Osense-BaseDecisionMaker: invoke clear policy,type: unforbid
04-11 12:28:01.400  3590  8280 I OsenseKillAction: KillAction: skip reason: non-low-mem-req, req_id=57555, enable=true, scene=SCENE_IDLE_RECOVER, type=unforbid, cchOnly=false, appcare=0, bloM=false, bloP=false
04-11 12:28:01.515  2181 26958 E CwbService: Panel not support apl read or getDisplayPanelAplValue timeout 10ms.
04-11 12:28:01.515  2258  2258 D SensorFeature: name=ssc_screenshot_info ,index = 22
04-11 12:28:01.515  2258  2258 D SensorFeature: write 39 bytes:928896879552374,928896917451592,29126,0
04-11 12:28:01.548  3590  9788 I AICCTModule: SensorFilter: brightness threshold 1.2 screenNit is 88.015 ave enviroment lux is 102.66082 luxForNit 87.36516demarcationPoint200.0 result is false
04-11 12:28:01.548  3590  9788 I AICCTModule: SensorFilter: findSecondNearestValue, sensorValue: 6394.432 nearestMaxValue:6461.805 secondNearestValue: 6461.805
04-11 12:28:01.548  3590  9788 I AICCTModule: SensorFilter: findSecondNearestValue, sensorValue: 102.88578 nearestMaxValue:102.89783 secondNearestValue: 102.89783
04-11 12:28:01.548  2113 17862 I sensors-hal: handle_oplus_wise_rgb_event:161, wise_rgb: (32021)(cct, lux, ir)[5988.49, 153.59, 53.880978] (r, g, b, c)[7198.68, 4836.95, 3081.61, 13665.13]                 (pwm, hbm, brl, algo)[0.0 0.0 1310.0 2.0], flag 29126
04-11 12:28:01.628  2280  2331 D BatteryChargeControl: bcc get no support from charging protocol
04-11 12:28:01.635 32357 32357 I ChainTrace: stream type=syncEvent gapMs=954 refreshMarket=true
04-11 12:28:01.636 32357 32357 I ChainTrace: main_render symbol=BTCUSDT closeTime=1775881679999 repoToMainMs=57036 triggerToMainMs=-1
04-11 12:28:01.639 13843  6300 D gaia-GaiaConnectChecker: start connect check++
04-11 12:28:01.651  4482  4659 W ServiceManagerCppClient: Waited one second for SystemClearService (is service started? Number of threads started in the threadpool: 16. Are binder threads started and available?)
04-11 12:28:01.651  4482  4680 W ServiceManagerCppClient: Waited one second for SystemClearService (is service started? Number of threads started in the threadpool: 16. Are binder threads started and available?)
04-11 12:28:01.653  1254 25888 W libc    : Unable to set property "ctl.interface_start" to "aidl/SystemClearService": PROP_ERROR_HANDLE_CONTROL_MESSAGE (0x20)
04-11 12:28:01.653  1254 25889 W libc    : Unable to set property "ctl.interface_start" to "aidl/SystemClearService": PROP_ERROR_HANDLE_CONTROL_MESSAGE (0x20)
04-11 12:28:01.655  2727  3986 D QmiClient: qmiServiceEventCallback recv msg id 1099
04-11 12:28:01.655  2727  3986 D QmiClient: enter -mServiceType 4 onQmiServiceEventCallback msgId 1099
04-11 12:28:01.655  2727  3986 D QmiClient: onQmiServiceEventCallback - enter. msgId=1099
04-11 12:28:01.655  2727  3986 D QmiVsClientEvent: QosPeriodReportInd MSG IND data_len 2052
04-11 12:28:01.655  2727  3986 D QmiVsClientEvent: qmiVsClientNotifyQosPeriodReportIndEvent - RADIO_EVENT_QOS_PERIOD_REPORT_NOTIFY_IND
04-11 12:28:01.655  2727  2826 D VsProxy : handleMessage msg is 2420
04-11 12:28:01.655  2727  2826 D VsProxy : handleQosPeriodReportInd for instance 0 data_len 145
04-11 12:28:01.655  3438  3988 D QmiClient: qmiServiceEventCallback recv msg id 1099
04-11 12:28:01.655  3438  3988 D QmiClient: enter -mServiceType 4 onQmiServiceEventCallback msgId 1099
04-11 12:28:01.655  3438  3988 D QmiClient: onQmiServiceEventCallback - enter. msgId=1099
04-11 12:28:01.655  3438  3988 D QmiVsClientEvent: QosPeriodReportInd MSG IND data_len 2052
04-11 12:28:01.655  3438  3988 D QmiVsClientEvent: qmiVsClientNotifyQosPeriodReportIndEvent - RADIO_EVENT_QOS_PERIOD_REPORT_NOTIFY_IND
04-11 12:28:01.656 14034 14747 D SubsysRadioIndication[0]: radioQosPeriodReportInd result [8, -84, -16, -50, -50, 14, 34, 12, 8, -84, -69, -57, -50, 14, 16, 4, 24, 1, 32, 3, 58, 61, 8, -79, -34, -50, -50, 14, 16, 5, 24, -64, -92, 38, 32, -22, 6, 40, -95, -1, -1, -1, -1, -1, -1, -1, -1, 1, 48, -11, -1, -1, -1, -1, -1, -1, -1, -1, 1, 56, 5, 64, -98, -1, -1, -1, -1, -1, -1, -1, -1, 1, 72, -95, -1, -1, -1, -1, -1, -1, -1, -1, 1, 66, 29, 8, -57, -20, -92, -50, 14, 16, 5, 34, 19, 8, -64, -92, 38, 16, -22, 6, 24, 78, 32, 13, 40, -117, -32, -94, -93, 2, 48, 2, 90, 0, 98, 10, 8, -41, -26, -92, -50, 14, 16, 3, 24, 5, 122, 15, 8, -8, -24, -92, -50, 14, 16, -52, 2, 24, -21, 1, 32, -90, 9]
04-11 12:28:01.656 14034 14034 D NetworkService[0]: handleMessage what:1005
04-11 12:28:01.656  3438  3485 D VsProxy : handleMessage msg is 2420
04-11 12:28:01.656  3438  3485 D VsProxy : handleQosPeriodReportInd for instance 1 data_len 207
04-11 12:28:01.656 14034 14034 D RadioAtomTracker: parseQosPeriodData ModemQos:CellularQosInfo2{5G, 627264/874, EndcState=0, Band=78, DLBW=13, Rsrp=-95, Rsrq=-11, Snr=5, SvcStatus=3, ULPDCPNumDataPdu=-1, ULPDCPNumDropPdu=-1, ULPDCPTput=-1, ULRLCNumDataPdu=-1, ULRLCNumRetxPdu=-1, ULGrant=-1, ULBSR=-1, ULBler=-1, DLPDCPNumDataPdu=-1, DLPDCPTput=-1, DLRLCNumDataPdu=-1, DLRLCNumRetxPdu=-1, DLRLCNumDropPdu=-1, DLMACPaddingBytes=-1, DLPdcpNumMissToUppPdu=-1, DLBler=-1, RlfCount=0, CellChangeCount=0, IsRedirectionOccur=0, IsDualSimConflict=0, Latency=0, Sub1RrcState=1, Sub2RrcState=3, RachCount=0, CalcPower=332, Mtpl=235, PathLoss=1190, CellLoad=0}
04-11 12:28:01.656 14034 14034 D NetworkService[0]: EVENT_REG_QOS_PERIOD_REPORT_IND_CHANGED ENTER
04-11 12:28:01.656 14034 14034 D AtomModemKpiInfo: handleMessage what:1001
04-11 12:28:01.656 14034 14034 D AtomModemKpiInfo: analyseQosInfo success
04-11 12:28:01.657 14034 14747 D SubsysRadioIndication[1]: radioQosPeriodReportInd result [8, -84, -16, -50, -50, 14, 18, 14, 8, -27, -18, -50, -50, 14, 16, 1, 32, 53, 40, 1, 72, 1, 26, 15, 8, -26, -17, -50, -50, 14, 16, 1, 40, 1, 56, -91, 3, 72, 20, 34, 12, 8, -84, -69, -57, -50, 14, 16, 4, 24, 1, 32, 3, 58, 83, 8, -122, -16, -50, -50, 14, 16, 5, 24, -98, -23, 30, 32, -54, 1, 40, -93, -1, -1, -1, -1, -1, -1, -1, -1, 1, 48, -12, -1, -1, -1, -1, -1, -1, -1, -1, 1, 56, 3, 64, -93, -1, -1, -1, -1, -1, -1, -1, -1, 1, 72, -94, -1, -1, -1, -1, -1, -1, -1, -1, 1, 80, -102, -1, -1, -1, -1, -1, -1, -1, -1, 1, 88, -94, -1, -1, -1, -1, -1, -1, -1, -1, 1, 66, 31, 8, -81, -69, -57, -50, 14, 16, 5, 24, 2, 34, 19, 8, -98, -23, 30, 16, -54, 1, 24, 41, 32, 13, 40, -126, -128, -52, -67, 21, 48, 2, 90, 0, 98, 10, 8, -85, -54, -73, -50, 14, 16, 3, 24, 5, 122, 20, 8, -73, -17, -50, -50, 14, 16, -1, -1, 1, 24, -1, -1, 1, 32, -1, -1, -1, -1, 15]
04-11 12:28:01.657 14034 14034 D NetworkService[1]: handleMessage what:1005
04-11 12:28:01.657 14034 14034 D RadioAtomTracker: parseQosPeriodData ModemQos:CellularQosInfo1{5G, 504990/202, EndcState=2, Band=41, DLBW=13, Rsrp=-93, Rsrq=-12, Snr=3, SvcStatus=3, ULPDCPNumDataPdu=1, ULPDCPNumDropPdu=0, ULPDCPTput=53, ULRLCNumDataPdu=1, ULRLCNumRetxPdu=0, ULGrant=0, ULBSR=0, ULBler=1, DLPDCPNumDataPdu=1, DLPDCPTput=421, DLRLCNumDataPdu=1, DLRLCNumRetxPdu=0, DLRLCNumDropPdu=0, DLMACPaddingBytes=0, DLPdcpNumMissToUppPdu=0, DLBler=20, RlfCount=0, CellChangeCount=0, IsRedirectionOccur=0, IsDualSimConflict=0, Latency=8, Sub1RrcState=1, Sub2RrcState=3, RachCount=0, CalcPower=32767, Mtpl=32767, PathLoss=-1, CellLoad=0}
04-11 12:28:01.658 14034 14034 D NetworkService[1]: EVENT_REG_QOS_PERIOD_REPORT_IND_CHANGED ENTER
04-11 12:28:01.658 14034 14034 D AtomModemKpiInfo: handleMessage what:1001
04-11 12:28:01.658 14034 14034 D AtomModemKpiInfo: analyseQosInfo success
04-11 12:28:01.684 32357 32357 I ChainTrace: floating_update symbol=BTCUSDT closeTime=1775881679999 repoToFloatingUpdateMs=57084
04-11 12:28:01.694 32357 32357 I ChainTrace: floating_render symbol=BTCUSDT closeTime=1775881679999 updateToRenderMs=10 repoToFloatingRenderMs=57094 triggerToFloatingRenderMs=-1
04-11 12:28:01.699  3590  8848 V WindowManager: Relayout Window{83978a2 u0 com.binance.monitor}: viewVisibility=0, oldvis=0, req=315x429 , apr = 0, vsysui=, x=-407, y=2142
04-11 12:28:01.699 32357 32357 I SurfaceControl:  setExtendedRangeBrightness sc=Surface(name=)/@0x6fc43b4,currentBufferRatio=1.0,desiredRatio=1.0
04-11 12:28:01.700  3590  8848 D InsetsSourceProvider: updateSourceFrameForServerVisibility mandatorySystemGestures EMPTY_RECT
04-11 12:28:01.701  3590  8848 D InsetsSourceProvider: updateSourceFrameForServerVisibility mandatorySystemGestures EMPTY_RECT
04-11 12:28:01.838  3590  8282 I Osense-BaseDecisionMaker: notifySceneToAthenaPolicy: SCENE_RES_IO_PSI, bundle: Bundle[{ioLevel=3}]
04-11 12:28:01.838  3590  8282 I Osense-BaseDecisionMaker: scene: SCENE_RES_IO_PSI, excutingPolicy: reentrant
04-11 12:28:01.838  3590  8282 D Osense-BaseDecisionMaker: invoke reentrant policy
04-11 12:28:01.839 17904 17919 V OCAM_Performance: onOsenseEventSceneChanged, event: 104
04-11 12:28:01.839 17904 17919 V OCAM_Performance: onOsenseEventSceneChanged, [extra] startTime: 1775881681838
04-11 12:28:01.847  2181 23599 E CwbService: Panel not support apl read or getDisplayPanelAplValue timeout 10ms.
04-11 12:28:01.847  2258  2258 D SensorFeature: name=ssc_screenshot_info ,index = 22
04-11 12:28:01.847  2258  2258 D SensorFeature: write 39 bytes:928897213020655,928897250212686,29127,0
04-11 12:28:01.849  2113 17862 I sensors-hal: handle_oplus_wise_rgb_event:161, wise_rgb: (32026)(cct, lux, ir)[5924.94, 153.36, 55.706280] (r, g, b, c)[7216.12, 4856.75, 3088.23, 13707.09]                 (pwm, hbm, brl, algo)[0.0 0.0 1310.0 2.0], flag 131072
04-11 12:28:01.926  2113 17888 I sensors-hal: handle_sns_std_sensor_event:114, oplus rgb_rear sample: (cct, lux, ir, x, y)[9989, 18, 344, 260, 325]
04-11 12:28:01.926  2113 17888 I sensors-hal: handle_sns_std_sensor_event:116, oplus rgb_rear sample: (r, g, b, c w)[721, 1465, 324, 505, 0]
04-11 12:28:01.999 14034 15313 D CommonApp-264-10512: transport layer data is invalid
04-11 12:28:02.000 14034 15313 D CommonApp-255-10512: commonScoreStrategy scenarios low package
04-11 12:28:02.001 14034 15313 D ScorePolicy: handleScoreChanged: []
04-11 12:28:02.001 14034 15313 D ScorePolicy: handleScoreChanged: []
04-11 12:28:02.001 14034 15313 D ScorePolicy: handleScoreChanged: []
04-11 12:28:02.033  3438  4039 D QmiClient: qmiServiceEventCallback recv msg id 47
04-11 12:28:02.033  3438  4039 D QmiClient: enter -mServiceType 10 onQmiServiceEventCallback msgId 47
04-11 12:28:02.033  3438  4039 D QmiClient: onQmiServiceEventCallback - enter. msgId=47
04-11 12:28:02.034  3438  3488 D OttProxy: handleMessage msg is 3001
04-11 12:28:02.034 14034 14747 D SubsysRadioIndication[1]: radioLinkLatencyInfoInd
04-11 12:28:02.034 14034 14747 D SubsysRadioIndication[1]: notify enter
04-11 12:28:02.034 14034 14034 D NetworkService[1]: handleMessage what:1008
04-11 12:28:02.034 14034 14034 D NetworkService[1]: EVENT_REG_LINK_LATENCY_INFO_CHANGE ulLatency:10148
04-11 12:28:02.079  2113 20704 I sensors-hal: handle_oplus_wise_rgb_event:189, high_pwm_light:lux 154.3,cct 6061.2,brl/algo/ir 1310.0/2.0/53.7,pwm/dc 0.0/0.0,rgbc 7213.627930/4845.753418/3097.064453/13730.404297,ts 928897265284677,cnt 32030,flag 29127
04-11 12:28:02.080  3590  7333 D FusionLightNextGen: process end reported = 1, mode: 0, cnt: 397000, lux 102.6, cct 6462.7, r/g/b/c: 7213.6/4859.0/3088.2/13716.4, R/G/B: 149.0/144.0/130.0, bri 1310.0, match 1.00, ir 0.066388, conf 5.0, ts 928897276355666
04-11 12:28:02.081  2113 17862 I sensors-hal: handle_oplus_wise_rgb_event:161, wise_rgb: (32031)(cct, lux, ir)[6061.23, 154.30, 53.654556] (r, g, b, c)[7206.15, 4847.95, 3094.86, 13709.42]                 (pwm, hbm, brl, algo)[0.0 0.0 1310.0 2.0], flag 94663
04-11 12:28:02.203  2181 23599 E CwbService: Panel not support apl read or getDisplayPanelAplValue timeout 10ms.
04-11 12:28:02.204  2258  2258 D SensorFeature: name=ssc_screenshot_info ,index = 22
04-11 12:28:02.204  2258  2258 D SensorFeature: write 39 bytes:928897568248155,928897605882946,29128,0
04-11 12:28:02.261  2187  2298 E PERFHAL-PERFCTRL: PERFHAL-PERFCTRL: chk_core_online_poll_loop() 748: poll() has timed out for /sys/kernel/msm_performance/events/cpu_hotplug
04-11 12:28:02.262  2187  2298 E PERFHAL-PERFCTRL: PERFHAL-PERFCTRL: chk_core_online_poll_loop() 743: Block on poll()
04-11 12:28:02.347  2113 17862 I sensors-hal: handle_oplus_wise_rgb_event:161, wise_rgb: (32036)(cct, lux, ir)[6007.04, 154.86, 53.639729] (r, g, b, c)[7241.04, 4869.95, 3108.10, 13746.72]                 (pwm, hbm, brl, algo)[0.0 0.0 1310.0 2.0], flag 94664
04-11 12:28:02.457 10250 16907 E midasd  : getTotalFlipsFromSf mCurFrameCount: 11742962
04-11 12:28:02.457 10250 16907 I midasd  : DisplayAgent updateDisplayDevInfo getRenderFps mFps:90 mRenderFps:13 mWidth:1264 mHeight:2780
04-11 12:28:02.534  2181 26958 E CwbService: Panel not support apl read or getDisplayPanelAplValue timeout 10ms.
04-11 12:28:02.534  2258  2258 D SensorFeature: name=ssc_screenshot_info ,index = 22
04-11 12:28:02.534  2258  2258 D SensorFeature: write 39 bytes:928897926148294,928897937259405,29129,0
04-11 12:28:02.545  3590  7167 I resRelease: policy type is 1
04-11 12:28:02.613  2113 20704 I sensors-hal: handle_oplus_wise_rgb_event:189, high_pwm_light:lux 155.3,cct 6024.9,brl/algo/ir 1310.0/2.0/53.0,pwm/dc 0.0/0.0,rgbc 7236.053711/4869.949219/3108.101807/13784.021484,ts 928897931494989,cnt 32040,flag 29129
04-11 12:28:02.613  2113 17862 I sensors-hal: handle_oplus_wise_rgb_event:161, wise_rgb: (32041)(cct, lux, ir)[6024.90, 155.27, 53.044876] (r, g, b, c)[7248.51, 4874.35, 3112.52, 13795.68]                 (pwm, hbm, brl, algo)[0.0 0.0 1310.0 2.0], flag 94665
04-11 12:28:02.616 32357 32357 I ChainTrace: stream type=syncEvent gapMs=981 refreshMarket=true
04-11 12:28:02.628  2280  2331 D BatteryChargeControl: bcc get no support from charging protocol
04-11 12:28:02.652  4482  4659 W ServiceManagerCppClient: Waited one second for SystemClearService (is service started? Number of threads started in the threadpool: 16. Are binder threads started and available?)
04-11 12:28:02.653  4482  4680 W ServiceManagerCppClient: Waited one second for SystemClearService (is service started? Number of threads started in the threadpool: 16. Are binder threads started and available?)
04-11 12:28:02.655  1254 25894 W libc    : Unable to set property "ctl.interface_start" to "aidl/SystemClearService": PROP_ERROR_HANDLE_CONTROL_MESSAGE (0x20)
04-11 12:28:02.655  1254 25895 W libc    : Unable to set property "ctl.interface_start" to "aidl/SystemClearService": PROP_ERROR_HANDLE_CONTROL_MESSAGE (0x20)
04-11 12:28:02.655  3438  3988 D QmiClient: qmiServiceEventCallback recv msg id 1099
04-11 12:28:02.655  3438  3988 D QmiClient: enter -mServiceType 4 onQmiServiceEventCallback msgId 1099
04-11 12:28:02.655  3438  3988 D QmiClient: onQmiServiceEventCallback - enter. msgId=1099
04-11 12:28:02.655  3438  3988 D QmiVsClientEvent: QosPeriodReportInd MSG IND data_len 2052
04-11 12:28:02.655  3438  3988 D QmiVsClientEvent: qmiVsClientNotifyQosPeriodReportIndEvent - RADIO_EVENT_QOS_PERIOD_REPORT_NOTIFY_IND
04-11 12:28:02.656  2727  3986 D QmiClient: qmiServiceEventCallback recv msg id 1099
04-11 12:28:02.656  2727  3986 D QmiClient: enter -mServiceType 4 onQmiServiceEventCallback msgId 1099
04-11 12:28:02.656  3438  3485 D VsProxy : handleMessage msg is 2420
04-11 12:28:02.656  2727  3986 D QmiClient: onQmiServiceEventCallback - enter. msgId=1099
04-11 12:28:02.656  3438  3485 D VsProxy : handleQosPeriodReportInd for instance 1 data_len 205
04-11 12:28:02.656  2727  3986 D QmiVsClientEvent: QosPeriodReportInd MSG IND data_len 2052
04-11 12:28:02.656  2727  3986 D QmiVsClientEvent: qmiVsClientNotifyQosPeriodReportIndEvent - RADIO_EVENT_QOS_PERIOD_REPORT_NOTIFY_IND
04-11 12:28:02.656  2727  2826 D VsProxy : handleMessage msg is 2420
04-11 12:28:02.656  2727  2826 D VsProxy : handleQosPeriodReportInd for instance 0 data_len 145
04-11 12:28:02.656 14034 14747 D SubsysRadioIndication[1]: radioQosPeriodReportInd result [8, -107, -8, -50, -50, 14, 18, 14, 8, -18, -9, -50, -50, 14, 16, 1, 32, 53, 40, 1, 72, 1, 26, 13, 8, -50, -9, -50, -50, 14, 16, 1, 40, 1, 56, -56, 1, 34, 12, 8, -84, -69, -57, -50, 14, 16, 4, 24, 1, 32, 3, 58, 83, 8, -19, -9, -50, -50, 14, 16, 5, 24, -98, -23, 30, 32, -54, 1, 40, -94, -1, -1, -1, -1, -1, -1, -1, -1, 1, 48, -12, -1, -1, -1, -1, -1, -1, -1, -1, 1, 56, 2, 64, -94, -1, -1, -1, -1, -1, -1, -1, -1, 1, 72, -95, -1, -1, -1, -1, -1, -1, -1, -1, 1, 80, -98, -1, -1, -1, -1, -1, -1, -1, -1, 1, 88, -93, -1, -1, -1, -1, -1, -1, -1, -1, 1, 66, 31, 8, -81, -69, -57, -50, 14, 16, 5, 24, 2, 34, 19, 8, -98, -23, 30, 16, -54, 1, 24, 41, 32, 13, 40, -126, -128, -52, -67, 21, 48, 2, 90, 0, 98, 10, 8, -85, -54, -73, -50, 14, 16, 3, 24, 5, 122, 20, 8, -74, -10, -50, -50, 14, 16, -1, -1, 1, 24, -1, -1, 1, 32, -1, -1, -1, -1, 15]
04-11 12:28:02.657 14034  6711 D SubsysRadioIndication[0]: radioQosPeriodReportInd result [8, -107, -8, -50, -50, 14, 34, 12, 8, -84, -69, -57, -50, 14, 16, 4, 24, 1, 32, 3, 58, 61, 8, -81, -15, -50, -50, 14, 16, 5, 24, -64, -92, 38, 32, -22, 6, 40, -95, -1, -1, -1, -1, -1, -1, -1, -1, 1, 48, -11, -1, -1, -1, -1, -1, -1, -1, -1, 1, 56, 5, 64, -98, -1, -1, -1, -1, -1, -1, -1, -1, 1, 72, -95, -1, -1, -1, -1, -1, -1, -1, -1, 1, 66, 29, 8, -57, -20, -92, -50, 14, 16, 5, 34, 19, 8, -64, -92, 38, 16, -22, 6, 24, 78, 32, 13, 40, -117, -32, -94, -93, 2, 48, 2, 90, 0, 98, 10, 8, -41, -26, -92, -50, 14, 16, 3, 24, 5, 122, 15, 8, -8, -24, -92, -50, 14, 16, -52, 2, 24, -21, 1, 32, -90, 9]
04-11 12:28:02.657 14034 14034 D NetworkService[1]: handleMessage what:1005
04-11 12:28:02.657 14034 14034 D RadioAtomTracker: parseQosPeriodData ModemQos:CellularQosInfo1{5G, 504990/202, EndcState=2, Band=41, DLBW=13, Rsrp=-94, Rsrq=-12, Snr=2, SvcStatus=3, ULPDCPNumDataPdu=1, ULPDCPNumDropPdu=0, ULPDCPTput=53, ULRLCNumDataPdu=1, ULRLCNumRetxPdu=0, ULGrant=0, ULBSR=0, ULBler=1, DLPDCPNumDataPdu=1, DLPDCPTput=200, DLRLCNumDataPdu=1, DLRLCNumRetxPdu=0, DLRLCNumDropPdu=0, DLMACPaddingBytes=0, DLPdcpNumMissToUppPdu=0, DLBler=0, RlfCount=0, CellChangeCount=0, IsRedirectionOccur=0, IsDualSimConflict=0, Latency=10, Sub1RrcState=1, Sub2RrcState=3, RachCount=0, CalcPower=32767, Mtpl=32767, PathLoss=-1, CellLoad=0}
04-11 12:28:02.657 14034 14034 D NetworkService[1]: EVENT_REG_QOS_PERIOD_REPORT_IND_CHANGED ENTER
04-11 12:28:02.657 14034 14034 D NetworkService[0]: handleMessage what:1005
04-11 12:28:02.657 14034 14034 D RadioAtomTracker: parseQosPeriodData ModemQos:CellularQosInfo2{5G, 627264/874, EndcState=0, Band=78, DLBW=13, Rsrp=-95, Rsrq=-11, Snr=5, SvcStatus=3, ULPDCPNumDataPdu=-1, ULPDCPNumDropPdu=-1, ULPDCPTput=-1, ULRLCNumDataPdu=-1, ULRLCNumRetxPdu=-1, ULGrant=-1, ULBSR=-1, ULBler=-1, DLPDCPNumDataPdu=-1, DLPDCPTput=-1, DLRLCNumDataPdu=-1, DLRLCNumRetxPdu=-1, DLRLCNumDropPdu=-1, DLMACPaddingBytes=-1, DLPdcpNumMissToUppPdu=-1, DLBler=-1, RlfCount=0, CellChangeCount=0, IsRedirectionOccur=0, IsDualSimConflict=0, Latency=0, Sub1RrcState=1, Sub2RrcState=3, RachCount=0, CalcPower=332, Mtpl=235, PathLoss=1190, CellLoad=0}
04-11 12:28:02.657 14034 14034 D NetworkService[0]: EVENT_REG_QOS_PERIOD_REPORT_IND_CHANGED ENTER
04-11 12:28:02.658 14034 14034 D AtomModemKpiInfo: handleMessage what:1001
04-11 12:28:02.658 14034 14034 D AtomModemKpiInfo: analyseQosInfo success
04-11 12:28:02.726  3590  9788 I AICCTModule: SensorFilter: brightness threshold 1.2 screenNit is 88.015 ave enviroment lux is 102.59388 luxForNit 87.35616demarcationPoint200.0 result is false
04-11 12:28:02.726  3590  9788 I AICCTModule: SensorFilter: findSecondNearestValue, sensorValue: 6461.805 nearestMaxValue:6462.74 secondNearestValue: 6462.74
04-11 12:28:02.726  3590  9788 I AICCTModule: SensorFilter: findSecondNearestValue, sensorValue: 102.89783 nearestMaxValue:102.780464 secondNearestValue: 102.780464
04-11 12:28:02.870  2181 23599 E CwbService: Panel not support apl read or getDisplayPanelAplValue timeout 10ms.
04-11 12:28:02.870  2258  2258 D SensorFeature: name=ssc_screenshot_info ,index = 22
04-11 12:28:02.870  2258  2258 D SensorFeature: write 39 bytes:928898234603779,928898272509873,29130,0
04-11 12:28:02.880  2113 17862 I sensors-hal: handle_oplus_wise_rgb_event:161, wise_rgb: (32046)(cct, lux, ir)[6017.10, 155.43, 53.332119] (r, g, b, c)[7283.40, 4896.34, 3116.93, 13837.64]                 (pwm, hbm, brl, algo)[0.0 0.0 1310.0 2.0], flag 94666
04-11 12:28:02.920  3590  7344 V AlarmManager: sending alarm Alarm{9bd120b type 1 origWhen 1775881682920 whenElapsed 928898334 android} uid 1000 whenElapsed 928898334 windowLength 0 maxWhenElapsed 928898334 repeatInterval 0 action null component null tag StorgaeBandInfoAlarmTag flags 0x9 procName system_server
04-11 12:28:02.920  3590 10338 E OplusStorageUFSBandwidth: storage_io_metrics_path is /proc/oplus_storage/io_metrics/forever/
04-11 12:28:02.921  3590 10338 E OplusStorageUFSBandwidth: Bandwidth - Read: 0.50 MB/s, Write: 1.00 MB/s
04-11 12:28:02.921  3590 10338 E OplusStorageUFSBandwidth: Task time: 1ms
04-11 12:28:02.925  3590 10338 E OplusStorageUFSBandwidth: Alarm set to trigger in 10 seconds
04-11 12:28:02.978 17904 17935 I APS_ALOG: flushRoutine g_immediateFlush=0 g_pendingCount=0 g_oobCount=0
04-11 12:28:03.022 14034 15313 D CommonApp-264-10512: transport layer data is invalid
04-11 12:28:03.023 14034 15313 D CommonApp-255-10512: commonScoreStrategy scenarios low package
04-11 12:28:03.023 14034 15313 D ScorePolicy: handleScoreChanged: []
04-11 12:28:03.023 14034 15313 D ScorePolicy: handleScoreChanged: []
04-11 12:28:03.023 14034 15313 D ScorePolicy: handleScoreChanged: []
04-11 12:28:03.047 17904 17919 V OCAM_Performance: onOsenseEventSceneChanged, event: 112
04-11 12:28:03.047 17904 17919 V OCAM_Performance: onOsenseEventSceneChanged, [extra] startTime: 1775881683046
04-11 12:28:03.048 17904 17939 D OCAM_Performance: onOsenseEventSceneChanged, pressure IO eventStateType: 2, startTime: 1775881683046, currentAvailmem: 3639, killTriggerMem: 2000, ioLevel: 0
