04-11 12:28:13.048 14034 14034 D NetworkService[1]: EVENT_REG_LINK_LATENCY_INFO_CHANGE ulLatency:14335
04-11 12:28:13.048  2258  2258 D SensorFeature: name=ssc_screenshot_info ,index = 22
04-11 12:28:13.048  2258  2258 D SensorFeature: write 39 bytes:928908396002942,928908450261692,29161,0
04-11 12:28:13.050  2113 20704 I sensors-hal: handle_oplus_wise_rgb_event:189, high_pwm_light:lux 151.7,cct 6098.4,brl/algo/ir 1310.0/2.0/52.6,pwm/dc 0.0/0.0,rgbc 6924.584473/4685.181641/2984.484375/13203.567383,ts 928908392069052,cnt 32220,flag 94697
04-11 12:28:13.051  2113 17862 I sensors-hal: handle_oplus_wise_rgb_event:161, wise_rgb: (32216)(cct, lux, ir)[6098.39, 151.65, 52.592812] (r, g, b, c)[6904.65, 4674.18, 2991.11, 13210.56]                 (pwm, hbm, brl, algo)[0.0 0.0 1310.0 2.0], flag 29161
04-11 12:28:13.051  3590  9788 I AICCTModule: SensorFilter: brightness threshold 1.2 screenNit is 88.015 ave enviroment lux is 97.90437 luxForNit 86.555725demarcationPoint200.0 result is false
04-11 12:28:13.051  3590  9788 I AICCTModule: SensorFilter: findSecondNearestValue, sensorValue: 6571.3203 nearestMaxValue:6602.489 secondNearestValue: 6602.489
04-11 12:28:13.052  3590  9788 I AICCTModule: SensorFilter: findSecondNearestValue, sensorValue: 102.46046 nearestMaxValue:98.5985 secondNearestValue: 98.5985
04-11 12:28:13.263 14034 15313 D CommonApp-264-10512: transport layer data is invalid
04-11 12:28:13.264 14034 15313 D CommonApp-255-10512: commonScoreStrategy scenarios low package
04-11 12:28:13.264 14034 15313 D ScorePolicy: handleScoreChanged: []
04-11 12:28:13.264 14034 15313 D ScorePolicy: handleScoreChanged: []
04-11 12:28:13.264 14034 15313 D ScorePolicy: handleScoreChanged: []
04-11 12:28:13.274  2113 17862 I sensors-hal: handle_oplus_wise_rgb_event:161, wise_rgb: (32221)(cct, lux, ir)[6123.85, 148.79, 52.710270] (r, g, b, c)[6919.60, 4689.58, 3004.35, 13219.89]                 (pwm, hbm, brl, algo)[0.0 0.0 1310.0 2.0], flag 29161
04-11 12:28:13.351  2258  2258 D SensorFeature: name=ssc_screenshot_info ,index = 22
04-11 12:28:13.351  2258  2258 D SensorFeature: write 39 bytes:928908396002942,928908763675494,29162,0
04-11 12:28:13.394  8406  9876 D OplusCellularNetworkConfig: getDnsQueryPriority value=http://public1.alidns.com
04-11 12:28:13.395 14034 15313 D NetworkService[0]: getActiveNetworks networkList size:1
04-11 12:28:13.395 14034 15313 D SubsysThreadPool: execute task
04-11 12:28:13.397 14034 14759 D libc-netbsd: [oplusDnsOpenProxy]: __netdClientDispatch.connect errno = 111
04-11 12:28:13.398 14034 14759 D DNS_CACHE: oplus_oplus_getaddrinfo_proxy open dns proxy failed, use android flow: 1000
04-11 12:28:13.541  2113 20704 I sensors-hal: handle_oplus_wise_rgb_event:189, high_pwm_light:lux 149.0,cct 6082.4,brl/algo/ir 1310.0/2.0/53.9,pwm/dc 0.0/0.0,rgbc 6932.059570/4696.179199/2997.729004/13236.203125,ts 928908748409781,cnt 32230,flag 94698
04-11 12:28:13.543  2113 17862 I sensors-hal: handle_oplus_wise_rgb_event:161, wise_rgb: (32226)(cct, lux, ir)[6082.38, 148.97, 53.944969] (r, g, b, c)[6934.55, 4704.98, 3002.14, 13275.83]                 (pwm, hbm, brl, algo)[0.0 0.0 1310.0 2.0], flag 29162
04-11 12:28:13.626 32357 32357 I ChainTrace: stream type=syncEvent gapMs=952 refreshMarket=true
04-11 12:28:13.642  2280  2331 D BatteryChargeControl: bcc get no support from charging protocol
04-11 12:28:13.664  2181 26958 E CwbService: Panel not support apl read or getDisplayPanelAplValue timeout 10ms.
04-11 12:28:13.664  2258  2258 D SensorFeature: name=ssc_screenshot_info ,index = 22
04-11 12:28:13.664  2258  2258 D SensorFeature: write 39 bytes:928909051348463,928909066590650,29163,0
04-11 12:28:13.665  4482  4659 W ServiceManagerCppClient: Waited one second for SystemClearService (is service started? Number of threads started in the threadpool: 16. Are binder threads started and available?)
04-11 12:28:13.666  4482  4680 W ServiceManagerCppClient: Waited one second for SystemClearService (is service started? Number of threads started in the threadpool: 16. Are binder threads started and available?)
04-11 12:28:13.668  1254 26057 W libc    : Unable to set property "ctl.interface_start" to "aidl/SystemClearService": PROP_ERROR_HANDLE_CONTROL_MESSAGE (0x20)
04-11 12:28:13.668  1254 26059 W libc    : Unable to set property "ctl.interface_start" to "aidl/SystemClearService": PROP_ERROR_HANDLE_CONTROL_MESSAGE (0x20)
04-11 12:28:13.728  2181  2506 I SDM     : DisplayBuiltIn::IdlePowerCollapse: IPC received, disabling partial update for one frame
04-11 12:28:13.751  2727  3986 D QmiClient: qmiServiceEventCallback recv msg id 1099
04-11 12:28:13.751  2727  3986 D QmiClient: enter -mServiceType 4 onQmiServiceEventCallback msgId 1099
04-11 12:28:13.751  2727  3986 D QmiClient: onQmiServiceEventCallback - enter. msgId=1099
04-11 12:28:13.751  2727  3986 D QmiVsClientEvent: QosPeriodReportInd MSG IND data_len 2052
04-11 12:28:13.751  2727  3986 D QmiVsClientEvent: qmiVsClientNotifyQosPeriodReportIndEvent - RADIO_EVENT_QOS_PERIOD_REPORT_NOTIFY_IND
04-11 12:28:13.751  2727  2826 D VsProxy : handleMessage msg is 2420
04-11 12:28:13.751  3438  3988 D QmiClient: qmiServiceEventCallback recv msg id 1099
04-11 12:28:13.751  3438  3988 D QmiClient: enter -mServiceType 4 onQmiServiceEventCallback msgId 1099
04-11 12:28:13.751  3438  3988 D QmiClient: onQmiServiceEventCallback - enter. msgId=1099
04-11 12:28:13.751  3438  3988 D QmiVsClientEvent: QosPeriodReportInd MSG IND data_len 2052
04-11 12:28:13.751  3438  3988 D QmiVsClientEvent: qmiVsClientNotifyQosPeriodReportIndEvent - RADIO_EVENT_QOS_PERIOD_REPORT_NOTIFY_IND
04-11 12:28:13.751  2727  2826 D VsProxy : handleQosPeriodReportInd for instance 0 data_len 145
04-11 12:28:13.751  3438  3485 D VsProxy : handleMessage msg is 2420
04-11 12:28:13.751  3438  3485 D VsProxy : handleQosPeriodReportInd for instance 1 data_len 206
04-11 12:28:13.751 14034 14747 D SubsysRadioIndication[0]: radioQosPeriodReportInd result [8, -20, -50, -49, -50, 14, 34, 12, 8, -84, -69, -57, -50, 14, 16, 4, 24, 1, 32, 3, 58, 61, 8, -82, -63, -49, -50, 14, 16, 5, 24, -64, -92, 38, 32, -22, 6, 40, -99, -1, -1, -1, -1, -1, -1, -1, -1, 1, 48, -11, -1, -1, -1, -1, -1, -1, -1, -1, 1, 56, 4, 64, -99, -1, -1, -1, -1, -1, -1, -1, -1, 1, 72, -99, -1, -1, -1, -1, -1, -1, -1, -1, 1, 66, 29, 8, -57, -20, -92, -50, 14, 16, 5, 34, 19, 8, -64, -92, 38, 16, -22, 6, 24, 78, 32, 13, 40, -117, -32, -94, -93, 2, 48, 2, 90, 0, 98, 10, 8, -41, -26, -92, -50, 14, 16, 3, 24, 5, 122, 15, 8, -8, -24, -92, -50, 14, 16, -52, 2, 24, -21, 1, 32, -90, 9]
04-11 12:28:13.752 14034 14034 D NetworkService[0]: handleMessage what:1005
04-11 12:28:13.752 14034  6711 D SubsysRadioIndication[1]: radioQosPeriodReportInd result [8, -20, -50, -49, -50, 14, 18, 15, 8, -40, -52, -49, -50, 14, 16, 5, 32, -47, 2, 40, 5, 72, 1, 26, 13, 8, -104, -50, -49, -50, 14, 16, 2, 40, 2, 56, -17, 2, 34, 12, 8, -84, -69, -57, -50, 14, 16, 4, 24, 1, 32, 3, 58, 83, 8, -16, -51, -49, -50, 14, 16, 5, 24, -98, -23, 30, 32, -54, 1, 40, -94, -1, -1, -1, -1, -1, -1, -1, -1, 1, 48, -12, -1, -1, -1, -1, -1, -1, -1, -1, 1, 56, 1, 64, -94, -1, -1, -1, -1, -1, -1, -1, -1, 1, 72, -98, -1, -1, -1, -1, -1, -1, -1, -1, 1, 80, -93, -1, -1, -1, -1, -1, -1, -1, -1, 1, 88, -93, -1, -1, -1, -1, -1, -1, -1, -1, 1, 66, 31, 8, -33, -5, -50, -50, 14, 16, 5, 24, 2, 34, 19, 8, -98, -23, 30, 16, -54, 1, 24, 41, 32, 13, 40, -126, -128, -52, -67, 21, 48, 2, 90, 0, 98, 10, 8, -85, -54, -73, -50, 14, 16, 3, 24, 5, 122, 20, 8, -75, -50, -49, -50, 14, 16, -1, -1, 1, 24, -1, -1, 1, 32, -1, -1, -1, -1, 15]
04-11 12:28:13.752 14034 14034 D RadioAtomTracker: parseQosPeriodData ModemQos:CellularQosInfo2{5G, 627264/874, EndcState=0, Band=78, DLBW=13, Rsrp=-99, Rsrq=-11, Snr=4, SvcStatus=3, ULPDCPNumDataPdu=-1, ULPDCPNumDropPdu=-1, ULPDCPTput=-1, ULRLCNumDataPdu=-1, ULRLCNumRetxPdu=-1, ULGrant=-1, ULBSR=-1, ULBler=-1, DLPDCPNumDataPdu=-1, DLPDCPTput=-1, DLRLCNumDataPdu=-1, DLRLCNumRetxPdu=-1, DLRLCNumDropPdu=-1, DLMACPaddingBytes=-1, DLPdcpNumMissToUppPdu=-1, DLBler=-1, RlfCount=0, CellChangeCount=0, IsRedirectionOccur=0, IsDualSimConflict=0, Latency=0, Sub1RrcState=1, Sub2RrcState=3, RachCount=0, CalcPower=332, Mtpl=235, PathLoss=1190, CellLoad=0}
04-11 12:28:13.752 14034 14034 D NetworkService[0]: EVENT_REG_QOS_PERIOD_REPORT_IND_CHANGED ENTER
04-11 12:28:13.752 14034 14034 D NetworkService[1]: handleMessage what:1005
04-11 12:28:13.752 14034 14034 D RadioAtomTracker: parseQosPeriodData ModemQos:CellularQosInfo1{5G, 504990/202, EndcState=2, Band=41, DLBW=13, Rsrp=-94, Rsrq=-12, Snr=1, SvcStatus=3, ULPDCPNumDataPdu=5, ULPDCPNumDropPdu=0, ULPDCPTput=337, ULRLCNumDataPdu=5, ULRLCNumRetxPdu=0, ULGrant=0, ULBSR=0, ULBler=1, DLPDCPNumDataPdu=2, DLPDCPTput=367, DLRLCNumDataPdu=2, DLRLCNumRetxPdu=0, DLRLCNumDropPdu=0, DLMACPaddingBytes=0, DLPdcpNumMissToUppPdu=0, DLBler=0, RlfCount=0, CellChangeCount=0, IsRedirectionOccur=0, IsDualSimConflict=0, Latency=14, Sub1RrcState=1, Sub2RrcState=3, RachCount=0, CalcPower=32767, Mtpl=32767, PathLoss=-1, CellLoad=0}
04-11 12:28:13.752 14034 14034 D NetworkService[1]: EVENT_REG_QOS_PERIOD_REPORT_IND_CHANGED ENTER
04-11 12:28:13.752 14034 14034 D AtomModemKpiInfo: handleMessage what:1001
04-11 12:28:13.752 14034 14034 D AtomModemKpiInfo: analyseQosInfo success
04-11 12:28:13.761  3590  8837 V WindowManager: Relayout Window{83978a2 u0 com.binance.monitor}: viewVisibility=0, oldvis=0, req=315x429 , apr = 0, vsysui=, x=-407, y=2142
04-11 12:28:13.762 32357 32357 I SurfaceControl:  setExtendedRangeBrightness sc=Surface(name=)/@0x6fc43b4,currentBufferRatio=1.0,desiredRatio=1.0
04-11 12:28:13.762  3590  8837 D InsetsSourceProvider: updateSourceFrameForServerVisibility mandatorySystemGestures EMPTY_RECT
04-11 12:28:13.763  3590  8837 D InsetsSourceProvider: updateSourceFrameForServerVisibility mandatorySystemGestures EMPTY_RECT
04-11 12:28:13.808  2113 17862 I sensors-hal: handle_oplus_wise_rgb_event:161, wise_rgb: (32231)(cct, lux, ir)[6033.84, 149.27, 52.847572] (r, g, b, c)[6959.47, 4715.98, 3002.14, 13259.51]                 (pwm, hbm, brl, algo)[0.0 0.0 1310.0 2.0], flag 29163
04-11 12:28:13.860  2181  2506 I SDM     : DisplayBuiltIn::IdlePowerCollapse: IPC received, disabling partial update for one frame
04-11 12:28:13.926  2113 17888 I sensors-hal: handle_sns_std_sensor_event:114, oplus rgb_rear sample: (cct, lux, ir, x, y)[9097, 23, 310, 268, 336]
04-11 12:28:13.926  2113 17888 I sensors-hal: handle_sns_std_sensor_event:116, oplus rgb_rear sample: (r, g, b, c w)[946, 1875, 348, 583, 0]
04-11 12:28:14.010  2181  2506 I SDM     : DisplayBuiltIn::IdlePowerCollapse: IPC received, disabling partial update for one frame
04-11 12:28:14.011 15031 15220 D ShellSubscriberWorkerThread: the first 8 bytes empty, and RestData length > 8 
04-11 12:28:14.014  2181 26958 E CwbService: Panel not support apl read or getDisplayPanelAplValue timeout 10ms.
04-11 12:28:14.014  2258  2258 D SensorFeature: name=ssc_screenshot_info ,index = 22
04-11 12:28:14.015  2258  2258 D SensorFeature: write 39 bytes:928909362262421,928909416516171,29164,0
04-11 12:28:14.023  3438  4039 D QmiClient: qmiServiceEventCallback recv msg id 47
04-11 12:28:14.023  3438  4039 D QmiClient: enter -mServiceType 10 onQmiServiceEventCallback msgId 47
04-11 12:28:14.023  3438  4039 D QmiClient: onQmiServiceEventCallback - enter. msgId=47
04-11 12:28:14.023  3438  3488 D OttProxy: handleMessage msg is 3001
04-11 12:28:14.024 14034  6711 D SubsysRadioIndication[1]: radioLinkLatencyInfoInd
04-11 12:28:14.024 14034  6711 D SubsysRadioIndication[1]: notify enter
04-11 12:28:14.024 14034 14034 D NetworkService[1]: handleMessage what:1008
04-11 12:28:14.024 14034 14034 D NetworkService[1]: EVENT_REG_LINK_LATENCY_INFO_CHANGE ulLatency:13375
04-11 12:28:14.077  2113 20704 I sensors-hal: handle_oplus_wise_rgb_event:189, high_pwm_light:lux 150.7,cct 6053.6,brl/algo/ir 1310.0/2.0/52.6,pwm/dc 0.0/0.0,rgbc 7081.564941/4751.169922/3030.840820/13448.336914,ts 928909403285562,cnt 32240,flag 94700
04-11 12:28:14.078  3590  7333 D FusionLightNextGen: process end reported = 1, mode: 0, cnt: 397045, lux 98.6, cct 6418.9, r/g/b/c: 7081.6/4751.2/3030.8/13448.3, R/G/B: 149.0/145.0/134.0, bri 1310.0, match 1.00, ir 0.067021, conf 5.0, ts 928909403285562
04-11 12:28:14.078  2113 17862 I sensors-hal: handle_oplus_wise_rgb_event:161, wise_rgb: (32236)(cct, lux, ir)[6053.55, 150.68, 52.614563] (r, g, b, c)[7069.11, 4770.97, 3046.29, 13439.01]                 (pwm, hbm, brl, algo)[0.0 0.0 1310.0 2.0], flag 29164
04-11 12:28:14.128  3590  9788 I AICCTModule: SensorFilter: brightness threshold 1.2 screenNit is 88.015 ave enviroment lux is 97.49104 luxForNit 86.452484demarcationPoint200.0 result is false
04-11 12:28:14.128  3590  9788 I AICCTModule: SensorFilter: findSecondNearestValue, sensorValue: 6602.489 nearestMaxValue:6609.4067 secondNearestValue: 6609.4067
04-11 12:28:14.128  3590  9788 I AICCTModule: SensorFilter: findSecondNearestValue, sensorValue: 98.5985 nearestMaxValue:98.5985 secondNearestValue: 98.5985
04-11 12:28:14.272  2187  2298 E PERFHAL-PERFCTRL: PERFHAL-PERFCTRL: chk_core_online_poll_loop() 748: poll() has timed out for /sys/kernel/msm_performance/events/cpu_hotplug
04-11 12:28:14.272  2187  2298 E PERFHAL-PERFCTRL: PERFHAL-PERFCTRL: chk_core_online_poll_loop() 743: Block on poll()
04-11 12:28:14.287 14034 15313 D CommonApp-264-10512: transport layer data is invalid
04-11 12:28:14.288 14034 15313 D CommonApp-255-10512: commonScoreStrategy scenarios low package
04-11 12:28:14.288 14034 15313 D ScorePolicy: handleScoreChanged: []
04-11 12:28:14.288 14034 15313 D ScorePolicy: handleScoreChanged: []
04-11 12:28:14.288 14034 15313 D ScorePolicy: handleScoreChanged: []
04-11 12:28:14.318  2258  2258 D SensorFeature: name=ssc_screenshot_info ,index = 22
04-11 12:28:14.319  2258  2258 D SensorFeature: write 39 bytes:928909362262421,928909730604400,29165,0
04-11 12:28:14.341  2113 17862 I sensors-hal: handle_oplus_wise_rgb_event:161, wise_rgb: (32241)(cct, lux, ir)[6059.60, 151.40, 53.790051] (r, g, b, c)[7026.75, 4748.97, 3030.84, 13427.36]                 (pwm, hbm, brl, algo)[0.0 0.0 1310.0 2.0], flag 29165
04-11 12:28:14.613 32357 32357 I ChainTrace: stream type=syncEvent gapMs=986 refreshMarket=true
04-11 12:28:14.618  2181  2506 I SDM     : DisplayBuiltIn::IdlePowerCollapse: IPC received, disabling partial update for one frame
04-11 12:28:14.644  2280  2331 D BatteryChargeControl: bcc get no support from charging protocol
04-11 12:28:14.667  4482  4659 W ServiceManagerCppClient: Waited one second for SystemClearService (is service started? Number of threads started in the threadpool: 16. Are binder threads started and available?)
04-11 12:28:14.667  4482  4680 W ServiceManagerCppClient: Waited one second for SystemClearService (is service started? Number of threads started in the threadpool: 16. Are binder threads started and available?)
04-11 12:28:14.669  1254 26079 W libc    : Unable to set property "ctl.interface_start" to "aidl/SystemClearService": PROP_ERROR_HANDLE_CONTROL_MESSAGE (0x20)
04-11 12:28:14.669  1254 26080 W libc    : Unable to set property "ctl.interface_start" to "aidl/SystemClearService": PROP_ERROR_HANDLE_CONTROL_MESSAGE (0x20)
04-11 12:28:14.682  2280  2323 D vendor.oplus.hardware.charger-V10-service: ret_value:122, read content:,311,311,4362,4359,-101,93,95,1,1,0,494,5018,95,1,4480,600,500,0,7,9500,7,0,1,0,2,0,0,0,1,5868,96,0,4656,5046,0,0,0,0,0,0
04-11 12:28:14.682  2280  2323 D vendor.oplus.hardware.charger-V10-service: gmtime: 2026-04-11-12-28-14
04-11 12:28:14.682  2280  2323 D vendor.oplus.hardware.charger-V10-service: usb_online:1, ac_online:-2147483648, wireless_online:-2147483648
04-11 12:28:14.704  2181 26958 E CwbService: Panel not support apl read or getDisplayPanelAplValue timeout 10ms.
04-11 12:28:14.704  2258  2258 D SensorFeature: name=ssc_screenshot_info ,index = 22
04-11 12:28:14.704  2258  2258 D SensorFeature: write 39 bytes:928910051003619,928910105956744,29166,0
04-11 12:28:14.706  2113 17862 I sensors-hal: handle_oplus_wise_rgb_event:161, wise_rgb: (32246)(cct, lux, ir)[6041.10, 150.43, 53.510731] (r, g, b, c)[7014.29, 4726.97, 3026.43, 13371.41]                 (pwm, hbm, brl, algo)[0.0 0.0 1310.0 2.0], flag 131072
04-11 12:28:14.717  2181  2506 I SDM     : DisplayBuiltIn::IdlePowerCollapse: IPC received, disabling partial update for one frame
04-11 12:28:14.753  8406  8406 D OplusTelephonyController: onSignalStrengthChanged: SignalStrength=SignalStrength:{mCdma=CellSignalStrengthCdma: cdmaDbm=2147483647 cdmaEcio=2147483647 evdoDbm=2147483647 evdoEcio=2147483647 evdoSnr=2147483647 level=0,mGsm=CellSignalStrengthGsm: rssi=2147483647 ber=2147483647 mTa=2147483647 mLevel=0,mWcdma=CellSignalStrengthWcdma: ss=2147483647 ber=2147483647 rscp=2147483647 ecno=2147483647 level=0,mTdscdma=CellSignalStrengthTdscdma: rssi=2147483647 ber=2147483647 rscp=2147483647 level=0,mLte=CellSignalStrengthLte: rssi=2147483647 rsrp=2147483647 rsrq=2147483647 rssnr=2147483647 cqiTableIndex=2147483647 cqi=2147483647 ta=2147483647 level=0 parametersUseForLevel=0,mNr=CellSignalStrengthNr:{ csiRsrp = 2147483647 csiRsrq = 2147483647 csiCqiTableIndex = 2147483647 csiCqiReport = [] ssRsrp = -98 ssRsrq = -12 ssSinr = 5 level = 4 parametersUseForLevel = 0 timingAdvance = 2147483647 },primary=CellSignalStrengthNr}
04-11 12:28:14.753  3438  3988 D QmiClient: qmiServiceEventCallback recv msg id 1099
04-11 12:28:14.753  3438  3988 D QmiClient: enter -mServiceType 4 onQmiServiceEventCallback msgId 1099
04-11 12:28:14.753  3438  3988 D QmiClient: onQmiServiceEventCallback - enter. msgId=1099
04-11 12:28:14.754  3438  3988 D QmiVsClientEvent: QosPeriodReportInd MSG IND data_len 2052
04-11 12:28:14.754  3438  3988 D QmiVsClientEvent: qmiVsClientNotifyQosPeriodReportIndEvent - RADIO_EVENT_QOS_PERIOD_REPORT_NOTIFY_IND
04-11 12:28:14.754  2727  3986 D QmiClient: qmiServiceEventCallback recv msg id 1099
04-11 12:28:14.754  2727  3986 D QmiClient: enter -mServiceType 4 onQmiServiceEventCallback msgId 1099
04-11 12:28:14.754  2727  3986 D QmiClient: onQmiServiceEventCallback - enter. msgId=1099
04-11 12:28:14.754  2727  3986 D QmiVsClientEvent: QosPeriodReportInd MSG IND data_len 2052
04-11 12:28:14.754  2727  3986 D QmiVsClientEvent: qmiVsClientNotifyQosPeriodReportIndEvent - RADIO_EVENT_QOS_PERIOD_REPORT_NOTIFY_IND
04-11 12:28:14.754  3438  3485 D VsProxy : handleMessage msg is 2420
04-11 12:28:14.754  3438  3485 D VsProxy : handleQosPeriodReportInd for instance 1 data_len 199
04-11 12:28:14.754  2727  2826 D VsProxy : handleMessage msg is 2420
04-11 12:28:14.754  2727  2826 D VsProxy : handleQosPeriodReportInd for instance 0 data_len 145
04-11 12:28:14.755 14034 14747 D SubsysRadioIndication[0]: radioQosPeriodReportInd result [8, -44, -42, -49, -50, 14, 34, 12, 8, -84, -69, -57, -50, 14, 16, 4, 24, 1, 32, 3, 58, 61, 8, -33, -43, -49, -50, 14, 16, 5, 24, -64, -92, 38, 32, -22, 6, 40, -97, -1, -1, -1, -1, -1, -1, -1, -1, 1, 48, -11, -1, -1, -1, -1, -1, -1, -1, -1, 1, 56, 4, 64, -101, -1, -1, -1, -1, -1, -1, -1, -1, 1, 72, -97, -1, -1, -1, -1, -1, -1, -1, -1, 1, 66, 29, 8, -57, -20, -92, -50, 14, 16, 5, 34, 19, 8, -64, -92, 38, 16, -22, 6, 24, 78, 32, 13, 40, -117, -32, -94, -93, 2, 48, 2, 90, 0, 98, 10, 8, -41, -26, -92, -50, 14, 16, 3, 24, 5, 122, 15, 8, -8, -24, -92, -50, 14, 16, -52, 2, 24, -21, 1, 32, -90, 9]
04-11 12:28:14.755 14034   947 D SubsysRadioIndication[1]: radioQosPeriodReportInd result [8, -44, -42, -49, -50, 14, 18, 15, 8, -46, -42, -49, -50, 14, 16, 5, 32, -47, 2, 40, 5, 72, 1, 26, 6, 8, -68, -43, -49, -50, 14, 34, 12, 8, -84, -69, -57, -50, 14, 16, 4, 24, 1, 32, 3, 58, 83, 8, -103, -44, -49, -50, 14, 16, 5, 24, -98, -23, 30, 32, -54, 1, 40, -96, -1, -1, -1, -1, -1, -1, -1, -1, 1, 48, -12, -1, -1, -1, -1, -1, -1, -1, -1, 1, 56, 2, 64, -96, -1, -1, -1, -1, -1, -1, -1, -1, 1, 72, -96, -1, -1, -1, -1, -1, -1, -1, -1, 1, 80, -91, -1, -1, -1, -1, -1, -1, -1, -1, 1, 88, -94, -1, -1, -1, -1, -1, -1, -1, -1, 1, 66, 31, 8, -33, -5, -50, -50, 14, 16, 5, 24, 1, 34, 19, 8, -98, -23, 30, 16, -54, 1, 24, 41, 32, 13, 40, -126, -128, -52, -67, 21, 48, 2, 90, 0, 98, 10, 8, -85, -54, -73, -50, 14, 16, 3, 24, 5, 122, 20, 8, -51, -42, -49, -50, 14, 16, -1, -1, 1, 24, -1, -1, 1, 32, -1, -1, -1, -1, 15]
04-11 12:28:14.756 14034 14034 D NetworkService[0]: handleMessage what:1005
04-11 12:28:14.756 14034 14034 D RadioAtomTracker: parseQosPeriodData ModemQos:CellularQosInfo2{5G, 627264/874, EndcState=0, Band=78, DLBW=13, Rsrp=-97, Rsrq=-11, Snr=4, SvcStatus=3, ULPDCPNumDataPdu=-1, ULPDCPNumDropPdu=-1, ULPDCPTput=-1, ULRLCNumDataPdu=-1, ULRLCNumRetxPdu=-1, ULGrant=-1, ULBSR=-1, ULBler=-1, DLPDCPNumDataPdu=-1, DLPDCPTput=-1, DLRLCNumDataPdu=-1, DLRLCNumRetxPdu=-1, DLRLCNumDropPdu=-1, DLMACPaddingBytes=-1, DLPdcpNumMissToUppPdu=-1, DLBler=-1, RlfCount=0, CellChangeCount=0, IsRedirectionOccur=0, IsDualSimConflict=0, Latency=0, Sub1RrcState=1, Sub2RrcState=3, RachCount=0, CalcPower=332, Mtpl=235, PathLoss=1190, CellLoad=0}
04-11 12:28:14.756 14034 14034 D NetworkService[0]: EVENT_REG_QOS_PERIOD_REPORT_IND_CHANGED ENTER
04-11 12:28:14.756 14034 14034 D NetworkService[1]: handleMessage what:1005
04-11 12:28:14.756 14034 14034 D RadioAtomTracker: parseQosPeriodData ModemQos:CellularQosInfo1{5G, 504990/202, EndcState=1, Band=41, DLBW=13, Rsrp=-96, Rsrq=-12, Snr=2, SvcStatus=3, ULPDCPNumDataPdu=5, ULPDCPNumDropPdu=0, ULPDCPTput=337, ULRLCNumDataPdu=5, ULRLCNumRetxPdu=0, ULGrant=0, ULBSR=0, ULBler=1, DLPDCPNumDataPdu=0, DLPDCPTput=0, DLRLCNumDataPdu=0, DLRLCNumRetxPdu=0, DLRLCNumDropPdu=0, DLMACPaddingBytes=0, DLPdcpNumMissToUppPdu=0, DLBler=0, RlfCount=0, CellChangeCount=0, IsRedirectionOccur=0, IsDualSimConflict=0, Latency=13, Sub1RrcState=1, Sub2RrcState=3, RachCount=0, CalcPower=32767, Mtpl=32767, PathLoss=-1, CellLoad=0}
04-11 12:28:14.756 14034 14034 D NetworkService[1]: EVENT_REG_QOS_PERIOD_REPORT_IND_CHANGED ENTER
04-11 12:28:14.756 14034 14034 D AtomModemKpiInfo: handleMessage what:1001
04-11 12:28:14.756 14034 14034 D AtomModemKpiInfo: analyseQosInfo success
04-11 12:28:14.757 14034 14034 D SubsysEventListenerManager-SubsysTelephonyCallback[0]: onSignalStrengthsChanged
04-11 12:28:14.757  8338  8520 I SystemUi--Statusbar: MobileConnectionRepositoryImpl-->subId:2 isSoftSimCard:false slotId:0
04-11 12:28:14.799  3590  8837 D NotificationService--OplusNotificationFixHelper: fixAppIcon: pkg=com.v2ray.ang
04-11 12:28:14.799  3590  8837 D NotificationService--OplusNotificationFixHelper: fixAppIcon: appIcon = null, pkg = com.v2ray.ang
04-11 12:28:14.800  3590  8837 D NotificationService--NotificationRecord: isSupportRearLight , isRearLight = false mLedRM = false isMultilLed = false
04-11 12:28:14.800  3590  8837 I OplusStatusBarManagerServiceEnhance:  getTopIsFullscreen mTopIsFullscreen: false
04-11 12:28:14.801  3590  8837 W ActivityManager: Permission Denial: getTopApplicationInfo from pid=18198, uid=10397 requires oplus.permission.OPLUS_COMPONENT_SAFE
04-11 12:28:14.801  3590  8837 E OplusNotificationCenter: getForegroundApplication exception
04-11 12:28:14.801  3590  3590 D NotificationService--OplusNotificationManagerServiceExtImpl: isForwardToAssistants: true, case : Is local notification
04-11 12:28:14.801  3590  3590 D NotificationService: This application enqueue notifications is need postDelayed mcsAssistantDelayTime: 50
04-11 12:28:14.860  8338  8338 I SystemUi--Notification: OplusLiveAlertNotificationsRepository-->onRankingApplied
04-11 12:28:14.870  8338  8338 I PluginSeedling--Track: RequestHandler-->notificationUpdated 0|com.v2ray.ang|1|null|10397 postTime: 1775881694799
04-11 12:28:14.871  8338  8338 E LockScreenNotificationDispatcherImp: updateNotificationListOnKg size:0
04-11 12:28:14.875  8338  8338 W SystemUi--Notification: OplusNotificationGroupExtImpl-->setChildrenExpanded: groupHeader is null
04-11 12:28:14.876  8338  8338 I SystemUi--Notification: LockScreenNotificationDispatcherImp-->updateNotificationListOnKg resultCode: 0
04-11 12:28:14.902  8338  8706 D LocalImageResolver: Couldn't use ImageDecoder for drawable, falling back to non-resized load.
04-11 12:28:14.906  8338  8338 D OplusNotificationDateTimeView: setTime mSettingTimeMillis 1775881694796, mSettingLocalDateTime 2026-04-11T12:28:00.796
04-11 12:28:14.906  2113 17862 I sensors-hal: handle_oplus_wise_rgb_event:161, wise_rgb: (32251)(cct, lux, ir)[6010.75, 150.60, 53.992401] (r, g, b, c)[7039.21, 4764.37, 3044.09, 13394.72]                 (pwm, hbm, brl, algo)[0.0 0.0 1310.0 2.0], flag 94702
04-11 12:28:14.906  2113 20704 I sensors-hal: handle_oplus_wise_rgb_event:189, high_pwm_light:lux 150.6,cct 6010.8,brl/algo/ir 1310.0/2.0/54.0,pwm/dc 0.0/0.0,rgbc 7026.746582/4731.373535/3017.596191/13404.045898,ts 928910081286656,cnt 32250,flag 29166
04-11 12:28:14.909  3590  7234 I system_server: AssetManager2(0xb4000070d4ad3e28) locale list changing from [] to [zh-CN]
04-11 12:28:14.911  8338  8706 D LocalImageResolver: Couldn't use ImageDecoder for drawable, falling back to non-resized load.
04-11 12:28:14.913  8338  8338 D OplusNotificationDateTimeView: setTime mSettingTimeMillis 1775881694796, mSettingLocalDateTime 2026-04-11T12:28:00.796
04-11 12:28:14.918  8338  8706 D LocalImageResolver: Couldn't use ImageDecoder for drawable, falling back to non-resized load.
04-11 12:28:14.919  8338  8338 D OplusNotificationDateTimeView: setTime mSettingTimeMillis 1775881694796, mSettingLocalDateTime 2026-04-11T12:28:00.796
04-11 12:28:14.924  8338  8338 I SystemUi--Notification: OplusNotificationTempla-->resolveContentMargin: marginTop=112 isChildInGroup=false hasSubtitle=true params.topMargin=112
04-11 12:28:14.926  8338  8338 W SystemUi--Notification: OplusNotificationGroupExtImpl-->setChildrenExpanded: groupHeader is null
04-11 12:28:14.927  8338  8338 E LockScreenNotificationDispatcherImp: updateNotificationListOnKg size:0
04-11 12:28:14.932  8338  8338 W SystemUi--Notification: OplusNotificationGroupExtImpl-->setChildrenExpanded: groupHeader is null
04-11 12:28:14.932  8338  8338 I SystemUi--Notification: LockScreenNotificationDispatcherImp-->updateNotificationListOnKg resultCode: 0
04-11 12:28:14.935  3590  7344 V AlarmManager: sending alarm Alarm{4f05c52 type 1 origWhen 1775881694935 whenElapsed 928910349 android} uid 1000 whenElapsed 928910349 windowLength 0 maxWhenElapsed 928910349 repeatInterval 0 action null component null tag StorgaeBandInfoAlarmTag flags 0x9 procName system_server
04-11 12:28:14.935  3590 10338 E OplusStorageUFSBandwidth: storage_io_metrics_path is /proc/oplus_storage/io_metrics/forever/
04-11 12:28:14.935  3590 10338 E OplusStorageUFSBandwidth: Bandwidth - Read: 0.00 MB/s, Write: 0.00 MB/s
04-11 12:28:14.936  3590 10338 E OplusStorageUFSBandwidth: Task time: 1ms
04-11 12:28:14.937  3590 10338 E OplusStorageUFSBandwidth: Alarm set to trigger in 10 seconds
04-11 12:28:15.032  3438  4039 D QmiClient: qmiServiceEventCallback recv msg id 47
04-11 12:28:15.032  3438  4039 D QmiClient: enter -mServiceType 10 onQmiServiceEventCallback msgId 47
04-11 12:28:15.032  3438  4039 D QmiClient: onQmiServiceEventCallback - enter. msgId=47
04-11 12:28:15.032  3438  3488 D OttProxy: handleMessage msg is 3001
04-11 12:28:15.032 14034  6711 D SubsysRadioIndication[1]: radioLinkLatencyInfoInd
04-11 12:28:15.033 14034  6711 D SubsysRadioIndication[1]: notify enter
04-11 12:28:15.033 14034 14034 D NetworkService[1]: handleMessage what:1008
04-11 12:28:15.033 14034 14034 D NetworkService[1]: EVENT_REG_LINK_LATENCY_INFO_CHANGE ulLatency:14809
04-11 12:28:15.041  2181  2506 I SDM     : DisplayBuiltIn::IdlePowerCollapse: IPC received, disabling partial update for one frame
04-11 12:28:15.046  2181 26958 E CwbService: Panel not support apl read or getDisplayPanelAplValue timeout 10ms.
04-11 12:28:15.047  2258  2258 D SensorFeature: name=ssc_screenshot_info ,index = 22
04-11 12:28:15.047  2258  2258 D SensorFeature: write 39 bytes:928910395182681,928910449375806,29167,0
04-11 12:28:15.141  2113 17862 I sensors-hal: handle_oplus_wise_rgb_event:161, wise_rgb: (32256)(cct, lux, ir)[6011.21, 150.33, 54.473637] (r, g, b, c)[7061.63, 4764.37, 3039.67, 13434.35]                 (pwm, hbm, brl, algo)[0.0 0.0 1310.0 2.0], flag 94703
04-11 12:28:15.311 14034 15313 D CommonApp-264-10512: transport layer data is invalid
04-11 12:28:15.313 14034 15313 D CommonApp-255-10512: commonScoreStrategy scenarios low package
04-11 12:28:15.313 14034 15313 D ScorePolicy: handleScoreChanged: []
04-11 12:28:15.313 14034 15313 D ScorePolicy: handleScoreChanged: []
04-11 12:28:15.313 14034 15313 D ScorePolicy: handleScoreChanged: []
04-11 12:28:15.327  3590  9788 I AICCTModule: SensorFilter: brightness threshold 1.2 screenNit is 88.015 ave enviroment lux is 98.24455 luxForNit 86.64029demarcationPoint200.0 result is false
04-11 12:28:15.327  3590  9788 I AICCTModule: SensorFilter: findSecondNearestValue, sensorValue: 6609.4067 nearestMaxValue:6513.59 secondNearestValue: 6513.59
04-11 12:28:15.328  3590  9788 I AICCTModule: SensorFilter: findSecondNearestValue, sensorValue: 98.5985 nearestMaxValue:98.61933 secondNearestValue: 98.70465
04-11 12:28:15.350  2258  2258 D SensorFeature: name=ssc_screenshot_info ,index = 22
04-11 12:28:15.351  2258  2258 D SensorFeature: write 39 bytes:928910395182681,928910762402733,29168,0
04-11 12:28:15.406  2113 20704 I sensors-hal: handle_oplus_wise_rgb_event:189, high_pwm_light:lux 150.9,cct 5986.5,brl/algo/ir 1310.0/2.0/54.6,pwm/dc 0.0/0.0,rgbc 7034.221680/4735.772461/3026.426025/13383.065430,ts 928910735760718,cnt 32260,flag 29168
04-11 12:28:15.407  3590  7333 D FusionLightNextGen: process end reported = 1, mode: 0, cnt: 397050, lux 97.4, cct 6504.7, r/g/b/c: 7036.7/4718.2/3024.2/13366.7, R/G/B: 149.0/145.0/134.0, bri 1310.0, match 1.00, ir 0.067442, conf 5.0, ts 928910746831708
04-11 12:28:15.408  2113 17862 I sensors-hal: handle_oplus_wise_rgb_event:161, wise_rgb: (32261)(cct, lux, ir)[5986.46, 150.86, 54.557610] (r, g, b, c)[7036.71, 4718.18, 3024.22, 13366.75]                 (pwm, hbm, brl, algo)[0.0 0.0 1310.0 2.0], flag 94704
04-11 12:28:15.615 32357 32357 I ChainTrace: stream type=syncEvent gapMs=1003 refreshMarket=true
04-11 12:28:15.618  2181  2506 I SDM     : DisplayBuiltIn::IdlePowerCollapse: IPC received, disabling partial update for one frame
04-11 12:28:15.644  2280  2331 D BatteryChargeControl: bcc get no support from charging protocol
04-11 12:28:15.668  4482  4659 W ServiceManagerCppClient: Waited one second for SystemClearService (is service started? Number of threads started in the threadpool: 16. Are binder threads started and available?)
04-11 12:28:15.669  4482  4680 W ServiceManagerCppClient: Waited one second for SystemClearService (is service started? Number of threads started in the threadpool: 16. Are binder threads started and available?)
04-11 12:28:15.670  1254 26089 W libc    : Unable to set property "ctl.interface_start" to "aidl/SystemClearService": PROP_ERROR_HANDLE_CONTROL_MESSAGE (0x20)
04-11 12:28:15.670  1254 26091 W libc    : Unable to set property "ctl.interface_start" to "aidl/SystemClearService": PROP_ERROR_HANDLE_CONTROL_MESSAGE (0x20)
04-11 12:28:15.703  2181  2532 E CwbService: Panel not support apl read or getDisplayPanelAplValue timeout 10ms.
04-11 12:28:15.703  2258  2258 D SensorFeature: name=ssc_screenshot_info ,index = 22
04-11 12:28:15.704  2258  2258 D SensorFeature: write 39 bytes:928911050546327,928911105314608,29169,0
04-11 12:28:15.706  2113 17862 I sensors-hal: handle_oplus_wise_rgb_event:161, wise_rgb: (32266)(cct, lux, ir)[6026.48, 150.86, 53.425552] (r, g, b, c)[7211.14, 4839.15, 3086.03, 13707.09]                 (pwm, hbm, brl, algo)[0.0 0.0 1310.0 2.0], flag 94705
04-11 12:28:15.717  2181  2506 I SDM     : DisplayBuiltIn::IdlePowerCollapse: IPC received, disabling partial update for one frame
04-11 12:28:15.769  2727  3986 D QmiClient: qmiServiceEventCallback recv msg id 1099
04-11 12:28:15.769  2727  3986 D QmiClient: enter -mServiceType 4 onQmiServiceEventCallback msgId 1099
04-11 12:28:15.769  2727  3986 D QmiClient: onQmiServiceEventCallback - enter. msgId=1099
04-11 12:28:15.769  2727  3986 D QmiVsClientEvent: QosPeriodReportInd MSG IND data_len 2052
04-11 12:28:15.769  3438  3988 D QmiClient: qmiServiceEventCallback recv msg id 1099
04-11 12:28:15.769  2727  3986 D QmiVsClientEvent: qmiVsClientNotifyQosPeriodReportIndEvent - RADIO_EVENT_QOS_PERIOD_REPORT_NOTIFY_IND
04-11 12:28:15.770  3438  3988 D QmiClient: enter -mServiceType 4 onQmiServiceEventCallback msgId 1099
04-11 12:28:15.770  3438  3988 D QmiClient: onQmiServiceEventCallback - enter. msgId=1099
04-11 12:28:15.770  3438  3988 D QmiVsClientEvent: QosPeriodReportInd MSG IND data_len 2052
04-11 12:28:15.770  3438  3988 D QmiVsClientEvent: qmiVsClientNotifyQosPeriodReportIndEvent - RADIO_EVENT_QOS_PERIOD_REPORT_NOTIFY_IND
04-11 12:28:15.770  3438  3988 D QmiClient: qmiServiceEventCallback recv msg id 1110
04-11 12:28:15.770  2727  2826 D VsProxy : handleMessage msg is 2420
04-11 12:28:15.770  3438  3988 D QmiClient: enter -mServiceType 4 onQmiServiceEventCallback msgId 1110
04-11 12:28:15.770  3438  3988 D QmiClient: onQmiServiceEventCallback - enter. msgId=1110
04-11 12:28:15.770  3438  3485 D VsProxy : handleMessage msg is 2420
04-11 12:28:15.770  3438  3988 D QmiVsClientEvent: qmiVsClientNotifyNrcaInfoChangeEvent - RADIO_EVENT_NRCA_INFO_IND
04-11 12:28:15.770  2727  2826 D VsProxy : handleQosPeriodReportInd for instance 0 data_len 145
04-11 12:28:15.770  3438  3485 D VsProxy : handleQosPeriodReportInd for instance 1 data_len 209
04-11 12:28:15.770  3438  3485 D VsProxy : handleMessage msg is 2429
04-11 12:28:15.770  3438  3485 D VsProxy : handleNrcaInfoChangeInd for instance 1
04-11 12:28:15.770  3438  3438 D VendorService: NrcaInfoChangeInd numCarriers 1
04-11 12:28:15.770 14034  6711 D SubsysRadioIndication[0]: radioQosPeriodReportInd result [8, -50, -34, -49, -50, 14, 34, 12, 8, -84, -69, -57, -50, 14, 16, 4, 24, 1, 32, 3, 58, 61, 8, -33, -43, -49, -50, 14, 16, 5, 24, -64, -92, 38, 32, -22, 6, 40, -97, -1, -1, -1, -1, -1, -1, -1, -1, 1, 48, -11, -1, -1, -1, -1, -1, -1, -1, -1, 1, 56, 4, 64, -101, -1, -1, -1, -1, -1, -1, -1, -1, 1, 72, -97, -1, -1, -1, -1, -1, -1, -1, -1, 1, 66, 29, 8, -57, -20, -92, -50, 14, 16, 5, 34, 19, 8, -64, -92, 38, 16, -22, 6, 24, 78, 32, 13, 40, -117, -32, -94, -93, 2, 48, 2, 90, 0, 98, 10, 8, -41, -26, -92, -50, 14, 16, 3, 24, 5, 122, 15, 8, -8, -24, -92, -50, 14, 16, -52, 2, 24, -21, 1, 32, -90, 9]
04-11 12:28:15.771 14034   947 D SubsysRadioIndication[1]: radioQosPeriodReportInd result [8, -50, -34, -49, -50, 14, 18, 18, 8, -5, -36, -49, -50, 14, 16, 5, 32, -47, 2, 40, 6, 56, -74, 1, 72, 1, 26, 13, 8, -26, -37, -49, -50, 14, 16, 1, 40, 1, 56, -62, 1, 34, 12, 8, -84, -69, -57, -50, 14, 16, 4, 24, 1, 32, 3, 58, 83, 8, -102, -34, -49, -50, 14, 16, 5, 24, -98, -23, 30, 32, -54, 1, 40, -95, -1, -1, -1, -1, -1, -1, -1, -1, 1, 48, -12, -1, -1, -1, -1, -1, -1, -1, -1, 1, 56, 3, 64, -94, -1, -1, -1, -1, -1, -1, -1, -1, 1, 72, -95, -1, -1, -1, -1, -1, -1, -1, -1, 1, 80, -93, -1, -1, -1, -1, -1, -1, -1, -1, 1, 88, -92, -1, -1, -1, -1, -1, -1, -1, -1, 1, 66, 31, 8, -114, -41, -49, -50, 14, 16, 5, 24, 2, 34, 19, 8, -98, -23, 30, 16, -54, 1, 24, 41, 32, 13, 40, -126, -128, -52, -67, 21, 48, 2, 90, 0, 98, 10, 8, -85, -54, -73, -50, 14, 16, 3, 24, 5, 122, 20, 8, -90, -38, -49, -50, 14, 16, -1, -1, 1, 24, -1, -1, 1, 32, -1, -1, -1, -1, 15]
04-11 12:28:15.771 14034 14034 D NetworkService[0]: handleMessage what:1005
04-11 12:28:15.771 14034   947 D SubsysRadioIndication[1]: radioNrcaInfoChangeInd nrcaInfo.numCarriers: 1
04-11 12:28:15.771 14034 14034 D RadioAtomTracker: parseQosPeriodData ModemQos:CellularQosInfo2{5G, 627264/874, EndcState=0, Band=78, DLBW=13, Rsrp=-97, Rsrq=-11, Snr=4, SvcStatus=3, ULPDCPNumDataPdu=-1, ULPDCPNumDropPdu=-1, ULPDCPTput=-1, ULRLCNumDataPdu=-1, ULRLCNumRetxPdu=-1, ULGrant=-1, ULBSR=-1, ULBler=-1, DLPDCPNumDataPdu=-1, DLPDCPTput=-1, DLRLCNumDataPdu=-1, DLRLCNumRetxPdu=-1, DLRLCNumDropPdu=-1, DLMACPaddingBytes=-1, DLPdcpNumMissToUppPdu=-1, DLBler=-1, RlfCount=0, CellChangeCount=0, IsRedirectionOccur=0, IsDualSimConflict=0, Latency=0, Sub1RrcState=1, Sub2RrcState=3, RachCount=0, CalcPower=332, Mtpl=235, PathLoss=1190, CellLoad=0}
04-11 12:28:15.771 14034 14034 D NetworkService[0]: EVENT_REG_QOS_PERIOD_REPORT_IND_CHANGED ENTER
04-11 12:28:15.771 14034 14034 D NetworkService[1]: handleMessage what:1005
04-11 12:28:15.771 14034 14034 D RadioAtomTracker: parseQosPeriodData ModemQos:CellularQosInfo1{5G, 504990/202, EndcState=2, Band=41, DLBW=13, Rsrp=-95, Rsrq=-12, Snr=3, SvcStatus=3, ULPDCPNumDataPdu=5, ULPDCPNumDropPdu=0, ULPDCPTput=337, ULRLCNumDataPdu=6, ULRLCNumRetxPdu=0, ULGrant=182, ULBSR=0, ULBler=1, DLPDCPNumDataPdu=1, DLPDCPTput=194, DLRLCNumDataPdu=1, DLRLCNumRetxPdu=0, DLRLCNumDropPdu=0, DLMACPaddingBytes=0, DLPdcpNumMissToUppPdu=0, DLBler=0, RlfCount=0, CellChangeCount=0, IsRedirectionOccur=0, IsDualSimConflict=0, Latency=14, Sub1RrcState=1, Sub2RrcState=3, RachCount=0, CalcPower=32767, Mtpl=32767, PathLoss=-1, CellLoad=0}
04-11 12:28:15.772 14034 14034 D NetworkService[1]: EVENT_REG_QOS_PERIOD_REPORT_IND_CHANGED ENTER
04-11 12:28:15.772 14034 14034 D AtomModemKpiInfo: handleMessage what:1001
04-11 12:28:15.772  8406  8406 W Settings: Setting airplane_mode_on has moved from android.provider.Settings.System to android.provider.Settings.Global, returning read-only value.
04-11 12:28:15.772 14034 14034 D AtomModemKpiInfo: analyseQosInfo success
04-11 12:28:15.823 26093 26093 W dumpsys : Thread Pool max thread count is 0. Cannot cache binder as linkToDeath cannot be implemented. serviceName: gfxinfo
04-11 12:28:15.824  3590  8848 D ActivityManager: freezer override set to true
04-11 12:28:15.825  3590  8848 D ActivityManager: freezer override callers: 26093/2000 com.android.server.am.ActivityManagerService$GraphicsBinder.dump:2380 android.os.Binder.doDump:1085 android.os.Binder.dump:1075 android.os.Binder.onTransact:945 android.os.Binder.execTransactInternal:1444 
04-11 12:28:15.828  3590  8848 D ActivityManager: freezer override set to false
04-11 12:28:15.829  3590  8848 D ActivityManager: freezer override callers: 26093/2000 com.android.server.am.ActivityManagerService$GraphicsBinder.dump:2386 android.os.Binder.doDump:1085 android.os.Binder.dump:1075 android.os.Binder.onTransact:945 android.os.Binder.execTransactInternal:1444 
04-11 12:28:15.897 26101 26101 W dumpsys : Thread Pool max thread count is 0. Cannot cache binder as linkToDeath cannot be implemented. serviceName: activity
04-11 12:28:15.927  2113 17888 I sensors-hal: handle_sns_std_sensor_event:114, oplus rgb_rear sample: (cct, lux, ir, x, y)[9810, 15, 387, 261, 327]
04-11 12:28:15.927  2113 17888 I sensors-hal: handle_sns_std_sensor_event:116, oplus rgb_rear sample: (r, g, b, c w)[611, 1233, 265, 478, 0]
04-11 12:28:15.940  2113 20704 I sensors-hal: handle_oplus_wise_rgb_event:189, high_pwm_light:lux 154.6,cct 6032.8,brl/algo/ir 1310.0/2.0/53.7,pwm/dc 0.0/0.0,rgbc 7228.578125/4874.348633/3110.309326/13793.344727,ts 928911124915614,cnt 32270,flag 29169
04-11 12:28:15.940  2113 17862 I sensors-hal: handle_oplus_wise_rgb_event:161, wise_rgb: (32271)(cct, lux, ir)[6032.83, 154.63, 53.670143] (r, g, b, c)[7246.02, 4876.55, 3114.72, 13800.34]                 (pwm, hbm, brl, algo)[0.0 0.0 1310.0 2.0], flag 94705
