04-11 12:28:03.048 17904 17919 V OCAM_Performance: onOsenseEventSceneChanged, [extra] currentAvailmem: 3639
04-11 12:28:03.048 17904 17919 V OCAM_Performance: onOsenseEventSceneChanged, [extra] killTriggerMem: 2000
04-11 12:28:03.048 17904 17919 V OCAM_Performance: onOsenseEventSceneChanged, [extra] ioLevel: 0
04-11 12:28:03.057  3438  4039 D QmiClient: qmiServiceEventCallback recv msg id 47
04-11 12:28:03.058  3438  4039 D QmiClient: enter -mServiceType 10 onQmiServiceEventCallback msgId 47
04-11 12:28:03.058  3438  4039 D QmiClient: onQmiServiceEventCallback - enter. msgId=47
04-11 12:28:03.058  3438  3488 D OttProxy: handleMessage msg is 3001
04-11 12:28:03.058 14034  6711 D SubsysRadioIndication[1]: radioLinkLatencyInfoInd
04-11 12:28:03.058 14034  6711 D SubsysRadioIndication[1]: notify enter
04-11 12:28:03.058 14034 14034 D NetworkService[1]: handleMessage what:1008
04-11 12:28:03.058 14034 14034 D NetworkService[1]: EVENT_REG_LINK_LATENCY_INFO_CHANGE ulLatency:6821
04-11 12:28:03.095  3590  7902 D InetDiagMessage: Destroyed 0 sockets, proto=IPPROTO_TCP, family=AF_INET, states=14
04-11 12:28:03.099  3590  7902 D InetDiagMessage: Destroyed 1 sockets, proto=IPPROTO_TCP, family=AF_INET6, states=14
04-11 12:28:03.099  3590  7902 D InetDiagMessage: Destroyed live tcp sockets for uids={10515} in 7ms
04-11 12:28:03.102  3590  7902 D InetDiagMessage: Destroyed 0 sockets, proto=IPPROTO_TCP, family=AF_INET, states=14
04-11 12:28:03.106  3590  7902 D InetDiagMessage: Destroyed 0 sockets, proto=IPPROTO_TCP, family=AF_INET6, states=14
04-11 12:28:03.106  3590  7902 D InetDiagMessage: Destroyed live tcp sockets for uids={20515} in 7ms
04-11 12:28:03.225  2181 26958 E CwbService: Panel not support apl read or getDisplayPanelAplValue timeout 10ms.
04-11 12:28:03.225  2258  2258 D SensorFeature: name=ssc_screenshot_info ,index = 22
04-11 12:28:03.225  2258  2258 D SensorFeature: write 39 bytes:928898589737321,928898627684352,29131,0
04-11 12:28:03.364  3590  3795 W SettingsProvider: notifyForSettingsChange delay for eyeprotect_display_cct, value: 6081, delta: 0, lastNotifyTimestamp: 881042738, minInterval: 10
04-11 12:28:03.421  2181  2506 I SDM     : DisplayBuiltIn::IdlePowerCollapse: IPC received, disabling partial update for one frame
04-11 12:28:03.427  2113 17862 I sensors-hal: handle_oplus_wise_rgb_event:161, wise_rgb: (32051)(cct, lux, ir)[6047.90, 155.35, 54.521740] (r, g, b, c)[7275.92, 4898.54, 3130.18, 13858.62]                 (pwm, hbm, brl, algo)[0.0 0.0 1310.0 2.0], flag 29131
04-11 12:28:03.428  2113 20704 I sensors-hal: handle_oplus_wise_rgb_event:189, high_pwm_light:lux 155.3,cct 6047.9,brl/algo/ir 1310.0/2.0/54.5,pwm/dc 0.0/0.0,rgbc 7265.955078/4900.743652/3134.591553/13870.273438,ts 928898597705093,cnt 32050,flag 29131
04-11 12:28:03.429  3590  7333 D FusionLightNextGen: process end reported = 1, mode: 0, cnt: 397005, lux 103.3, cct 6549.8, r/g/b/c: 7258.5/4905.1/3134.6/13844.6, R/G/B: 149.0/145.0/133.0, bri 1310.0, match 1.00, ir 0.066245, conf 5.0, ts 928898619847072
04-11 12:28:03.441  3590  8472 I OplusHansManager : uid=10515, pkg=com.mobilecodex.nativeapp F enter(), M stay=3
04-11 12:28:03.443  3590  8472 I OplusHansManager : freeze uid: 10515 com.mobilecodex.nativeapp pids: [21078] scene: LcdOn
04-11 12:28:03.444  3590  9766 I OStatsManager_OplusBatteryStatsManager: updateStateTime: PkgName = com.mobilecodex.nativeapp, uid = 10515, state to em, mForegroundCnt = 0, isFg = false
04-11 12:28:03.444  3590  8475 I OplusHansManager : p_BC uid=10515 pkg=com.mobilecodex.nativeapp
04-11 12:28:03.444  3590  8475 I OplusBinderProxy: proxyBinder uid: 10515 pkg: com.mobilecodex.nativeapp proxy: true calling: OFreezer
04-11 12:28:03.444  3590  8475 I LocationFreezeProc: will freezeLocationProcess for com.mobilecodex.nativeapp, 10515, true, false
04-11 12:28:03.445  1905 26190 E         : destroyAllSocketForUid:10515
04-11 12:28:03.445  3590  8475 I LocationFreezeProc: Executing freeze operation for com.mobilecodex.nativeapp, 10515, true, false
04-11 12:28:03.445  3590  8475 W LocationFreezeProc: Do nothing for the app is not record!
04-11 12:28:03.445  3590  8475 I OplusHansManager : p_gps: uid 10515 result false
04-11 12:28:03.445  3590  8475 D OplusHansManager : onUidHansStateChanged: uid = 10515, isFreeze = true, frozenStatus = 0
04-11 12:28:03.452  3590  8085 D OAppNetControlService: Hans update:[10515=true][0|0] blackList:[10515]
04-11 12:28:03.535  2181 26958 E CwbService: Panel not support apl read or getDisplayPanelAplValue timeout 10ms.
04-11 12:28:03.536  2258  2258 D SensorFeature: name=ssc_screenshot_info ,index = 22
04-11 12:28:03.536  2258  2258 D SensorFeature: write 39 bytes:928898922845446,928898938178779,29132,0
04-11 12:28:03.596  2181  2506 I SDM     : DisplayBuiltIn::IdlePowerCollapse: IPC received, disabling partial update for one frame
04-11 12:28:03.629  2280  2331 D BatteryChargeControl: bcc get no support from charging protocol
04-11 12:28:03.654  4482  4680 W ServiceManagerCppClient: Waited one second for SystemClearService (is service started? Number of threads started in the threadpool: 16. Are binder threads started and available?)
04-11 12:28:03.654  4482  4659 W ServiceManagerCppClient: Waited one second for SystemClearService (is service started? Number of threads started in the threadpool: 16. Are binder threads started and available?)
04-11 12:28:03.656  1254 25902 W libc    : Unable to set property "ctl.interface_start" to "aidl/SystemClearService": PROP_ERROR_HANDLE_CONTROL_MESSAGE (0x20)
04-11 12:28:03.656  1254 25903 W libc    : Unable to set property "ctl.interface_start" to "aidl/SystemClearService": PROP_ERROR_HANDLE_CONTROL_MESSAGE (0x20)
04-11 12:28:03.681  2113 17862 I sensors-hal: handle_oplus_wise_rgb_event:161, wise_rgb: (32056)(cct, lux, ir)[6041.44, 155.87, 53.670677] (r, g, b, c)[7268.45, 4891.94, 3127.97, 13846.96]                 (pwm, hbm, brl, algo)[0.0 0.0 1310.0 2.0], flag 29132
04-11 12:28:03.695  2727  3986 D QmiClient: qmiServiceEventCallback recv msg id 1099
04-11 12:28:03.695  2727  3986 D QmiClient: enter -mServiceType 4 onQmiServiceEventCallback msgId 1099
04-11 12:28:03.695  2727  3986 D QmiClient: onQmiServiceEventCallback - enter. msgId=1099
04-11 12:28:03.695  2727  3986 D QmiVsClientEvent: QosPeriodReportInd MSG IND data_len 2052
04-11 12:28:03.695  2727  3986 D QmiVsClientEvent: qmiVsClientNotifyQosPeriodReportIndEvent - RADIO_EVENT_QOS_PERIOD_REPORT_NOTIFY_IND
04-11 12:28:03.696  2727  2826 D VsProxy : handleMessage msg is 2420
04-11 12:28:03.696  2727  2826 D VsProxy : handleQosPeriodReportInd for instance 0 data_len 145
04-11 12:28:03.696 14034  6711 D SubsysRadioIndication[0]: radioQosPeriodReportInd result [8, -91, -128, -49, -50, 14, 34, 12, 8, -84, -69, -57, -50, 14, 16, 4, 24, 1, 32, 3, 58, 61, 8, -81, -15, -50, -50, 14, 16, 5, 24, -64, -92, 38, 32, -22, 6, 40, -95, -1, -1, -1, -1, -1, -1, -1, -1, 1, 48, -11, -1, -1, -1, -1, -1, -1, -1, -1, 1, 56, 5, 64, -98, -1, -1, -1, -1, -1, -1, -1, -1, 1, 72, -95, -1, -1, -1, -1, -1, -1, -1, -1, 1, 66, 29, 8, -57, -20, -92, -50, 14, 16, 5, 34, 19, 8, -64, -92, 38, 16, -22, 6, 24, 78, 32, 13, 40, -117, -32, -94, -93, 2, 48, 2, 90, 0, 98, 10, 8, -41, -26, -92, -50, 14, 16, 3, 24, 5, 122, 15, 8, -8, -24, -92, -50, 14, 16, -52, 2, 24, -21, 1, 32, -90, 9]
04-11 12:28:03.696  3438  3988 D QmiClient: qmiServiceEventCallback recv msg id 1099
04-11 12:28:03.696  3438  3988 D QmiClient: enter -mServiceType 4 onQmiServiceEventCallback msgId 1099
04-11 12:28:03.697 14034 14034 D NetworkService[0]: handleMessage what:1005
04-11 12:28:03.697 14034 14034 D RadioAtomTracker: parseQosPeriodData ModemQos:CellularQosInfo2{5G, 627264/874, EndcState=0, Band=78, DLBW=13, Rsrp=-95, Rsrq=-11, Snr=5, SvcStatus=3, ULPDCPNumDataPdu=-1, ULPDCPNumDropPdu=-1, ULPDCPTput=-1, ULRLCNumDataPdu=-1, ULRLCNumRetxPdu=-1, ULGrant=-1, ULBSR=-1, ULBler=-1, DLPDCPNumDataPdu=-1, DLPDCPTput=-1, DLRLCNumDataPdu=-1, DLRLCNumRetxPdu=-1, DLRLCNumDropPdu=-1, DLMACPaddingBytes=-1, DLPdcpNumMissToUppPdu=-1, DLBler=-1, RlfCount=0, CellChangeCount=0, IsRedirectionOccur=0, IsDualSimConflict=0, Latency=0, Sub1RrcState=1, Sub2RrcState=3, RachCount=0, CalcPower=332, Mtpl=235, PathLoss=1190, CellLoad=0}
04-11 12:28:03.697  3438  3988 D QmiClient: onQmiServiceEventCallback - enter. msgId=1099
04-11 12:28:03.697  3438  3988 D QmiVsClientEvent: QosPeriodReportInd MSG IND data_len 2052
04-11 12:28:03.697  3438  3988 D QmiVsClientEvent: qmiVsClientNotifyQosPeriodReportIndEvent - RADIO_EVENT_QOS_PERIOD_REPORT_NOTIFY_IND
04-11 12:28:03.697 14034 14034 D NetworkService[0]: EVENT_REG_QOS_PERIOD_REPORT_IND_CHANGED ENTER
04-11 12:28:03.697 14034 14034 D AtomModemKpiInfo: handleMessage what:1001
04-11 12:28:03.697 14034 14034 D AtomModemKpiInfo: analyseQosInfo success
04-11 12:28:03.698  3438  3485 D VsProxy : handleMessage msg is 2420
04-11 12:28:03.698  3438  3485 D VsProxy : handleQosPeriodReportInd for instance 1 data_len 210
04-11 12:28:03.698 14034  6711 D SubsysRadioIndication[1]: radioQosPeriodReportInd result [8, -91, -128, -49, -50, 14, 18, 17, 8, -26, -3, -50, -50, 14, 16, 1, 32, 53, 40, 2, 56, -93, 1, 72, 1, 26, 15, 8, -20, -3, -50, -50, 14, 16, 1, 40, 1, 56, -82, 1, 72, 1, 34, 12, 8, -84, -69, -57, -50, 14, 16, 4, 24, 1, 32, 3, 58, 83, 8, -122, -1, -50, -50, 14, 16, 5, 24, -98, -23, 30, 32, -54, 1, 40, -94, -1, -1, -1, -1, -1, -1, -1, -1, 1, 48, -12, -1, -1, -1, -1, -1, -1, -1, -1, 1, 56, 3, 64, -94, -1, -1, -1, -1, -1, -1, -1, -1, 1, 72, -95, -1, -1, -1, -1, -1, -1, -1, -1, 1, 80, -99, -1, -1, -1, -1, -1, -1, -1, -1, 1, 88, -94, -1, -1, -1, -1, -1, -1, -1, -1, 1, 66, 31, 8, -33, -5, -50, -50, 14, 16, 5, 24, 2, 34, 19, 8, -98, -23, 30, 16, -54, 1, 24, 41, 32, 13, 40, -126, -128, -52, -67, 21, 48, 2, 90, 0, 98, 10, 8, -85, -54, -73, -50, 14, 16, 3, 24, 5, 122, 20, 8, -74, -2, -50, -50, 14, 16, -1, -1, 1, 24, -1, -1, 1, 32, -1, -1, -1, -1, 15]
04-11 12:28:03.698 14034 14034 D NetworkService[1]: handleMessage what:1005
04-11 12:28:03.698 14034 14034 D RadioAtomTracker: parseQosPeriodData ModemQos:CellularQosInfo1{5G, 504990/202, EndcState=2, Band=41, DLBW=13, Rsrp=-94, Rsrq=-12, Snr=3, SvcStatus=3, ULPDCPNumDataPdu=1, ULPDCPNumDropPdu=0, ULPDCPTput=53, ULRLCNumDataPdu=2, ULRLCNumRetxPdu=0, ULGrant=163, ULBSR=0, ULBler=1, DLPDCPNumDataPdu=1, DLPDCPTput=174, DLRLCNumDataPdu=1, DLRLCNumRetxPdu=0, DLRLCNumDropPdu=0, DLMACPaddingBytes=0, DLPdcpNumMissToUppPdu=0, DLBler=1, RlfCount=0, CellChangeCount=0, IsRedirectionOccur=0, IsDualSimConflict=0, Latency=6, Sub1RrcState=1, Sub2RrcState=3, RachCount=0, CalcPower=32767, Mtpl=32767, PathLoss=-1, CellLoad=0}
04-11 12:28:03.699 14034 14034 D NetworkService[1]: EVENT_REG_QOS_PERIOD_REPORT_IND_CHANGED ENTER
04-11 12:28:03.699 14034 14034 D AtomModemKpiInfo: handleMessage what:1001
04-11 12:28:03.699 14034 14034 D AtomModemKpiInfo: analyseQosInfo success
04-11 12:28:03.715 32357 32357 I ChainTrace: stream type=syncEvent gapMs=1099 refreshMarket=true
04-11 12:28:03.715 32357 32357 I ChainTrace: market_apply symbol=XAUUSDT closeTime=1775881739999 fetchMs=-1 triggerToApplyMs=-1
04-11 12:28:03.715 32357 32357 I ChainTrace: repo_kline symbol=XAUUSDT closeTime=1775881739999 applyToRepoMs=0
04-11 12:28:03.809  2181  2506 I SDM     : DisplayBuiltIn::IdlePowerCollapse: IPC received, disabling partial update for one frame
04-11 12:28:03.859 25909 25909 W dumpsys : Thread Pool max thread count is 0. Cannot cache binder as linkToDeath cannot be implemented. serviceName: gfxinfo
04-11 12:28:03.860  3590  8848 D ActivityManager: freezer override set to true
04-11 12:28:03.861  3590  8848 D ActivityManager: freezer override callers: 25909/2000 com.android.server.am.ActivityManagerService$GraphicsBinder.dump:2380 android.os.Binder.doDump:1085 android.os.Binder.dump:1075 android.os.Binder.onTransact:945 android.os.Binder.execTransactInternal:1444 
04-11 12:28:03.865  3590  8848 D ActivityManager: freezer override set to false
04-11 12:28:03.865  3590  8848 D ActivityManager: freezer override callers: 25909/2000 com.android.server.am.ActivityManagerService$GraphicsBinder.dump:2386 android.os.Binder.doDump:1085 android.os.Binder.dump:1075 android.os.Binder.onTransact:945 android.os.Binder.execTransactInternal:1444 
04-11 12:28:03.893  2181  2506 I SDM     : DisplayBuiltIn::IdlePowerCollapse: IPC received, disabling partial update for one frame
04-11 12:28:03.896  2181 23599 E CwbService: Panel not support apl read or getDisplayPanelAplValue timeout 10ms.
04-11 12:28:03.896  2258  2258 D SensorFeature: name=ssc_screenshot_info ,index = 22
04-11 12:28:03.897  2258  2258 D SensorFeature: write 39 bytes:928899244756383,928899299055914,29133,0
04-11 12:28:03.926  2113 17888 I sensors-hal: handle_sns_std_sensor_event:114, oplus rgb_rear sample: (cct, lux, ir, x, y)[9973, 18, 351, 260, 325]
04-11 12:28:03.926  2113 17888 I sensors-hal: handle_sns_std_sensor_event:116, oplus rgb_rear sample: (r, g, b, c w)[721, 1462, 324, 514, 0]
04-11 12:28:03.926  3590  9788 I AICCTModule: SensorFilter: brightness threshold 1.2 screenNit is 88.015 ave enviroment lux is 103.25307 luxForNit 87.44447demarcationPoint200.0 result is false
04-11 12:28:03.926  3590  9788 I AICCTModule: SensorFilter: findSecondNearestValue, sensorValue: 6462.74 nearestMaxValue:6502.082 secondNearestValue: 6502.082
04-11 12:28:03.926  3590  9788 I AICCTModule: SensorFilter: findSecondNearestValue, sensorValue: 102.780464 nearestMaxValue:103.21839 secondNearestValue: 103.21839
04-11 12:28:03.931 25913 25913 W dumpsys : Thread Pool max thread count is 0. Cannot cache binder as linkToDeath cannot be implemented. serviceName: activity
04-11 12:28:03.945  2113 20704 I sensors-hal: handle_oplus_wise_rgb_event:189, high_pwm_light:lux 155.6,cct 6144.4,brl/algo/ir 1310.0/2.0/52.6,pwm/dc 0.0/0.0,rgbc 7263.463379/4883.146973/3121.346680/13842.299805,ts 928899264041812,cnt 32060,flag 29133
04-11 12:28:03.946  2113 17862 I sensors-hal: handle_oplus_wise_rgb_event:161, wise_rgb: (32061)(cct, lux, ir)[6144.44, 155.61, 52.616306] (r, g, b, c)[7248.51, 4900.74, 3125.76, 13825.98]                 (pwm, hbm, brl, algo)[0.0 0.0 1310.0 2.0], flag 29133
04-11 12:28:04.002 25916 25916 W dumpsys : Thread Pool max thread count is 0. Cannot cache binder as linkToDeath cannot be implemented. serviceName: gfxinfo
04-11 12:28:04.003  3590  8848 D ActivityManager: freezer override set to true
04-11 12:28:04.003  3590  8848 D ActivityManager: freezer override callers: 25916/2000 com.android.server.am.ActivityManagerService$GraphicsBinder.dump:2380 android.os.Binder.doDump:1085 android.os.Binder.dump:1075 android.os.Binder.onTransact:945 android.os.Binder.execTransactInternal:1444 
04-11 12:28:04.008  3590  8848 D ActivityManager: freezer override set to false
04-11 12:28:04.008  3590  8848 D ActivityManager: freezer override callers: 25916/2000 com.android.server.am.ActivityManagerService$GraphicsBinder.dump:2386 android.os.Binder.doDump:1085 android.os.Binder.dump:1075 android.os.Binder.onTransact:945 android.os.Binder.execTransactInternal:1444 
04-11 12:28:04.022  3438  4039 D QmiClient: qmiServiceEventCallback recv msg id 47
04-11 12:28:04.022  3438  4039 D QmiClient: enter -mServiceType 10 onQmiServiceEventCallback msgId 47
04-11 12:28:04.022  3438  4039 D QmiClient: onQmiServiceEventCallback - enter. msgId=47
04-11 12:28:04.022  3438  3488 D OttProxy: handleMessage msg is 3001
04-11 12:28:04.022 14034  6711 D SubsysRadioIndication[1]: radioLinkLatencyInfoInd
04-11 12:28:04.023 14034  6711 D SubsysRadioIndication[1]: notify enter
04-11 12:28:04.023 14034 14034 D NetworkService[1]: handleMessage what:1008
04-11 12:28:04.023 14034 14034 D NetworkService[1]: EVENT_REG_LINK_LATENCY_INFO_CHANGE ulLatency:7736
04-11 12:28:04.048 14034 15313 D CommonApp-264-10512: transport layer data is invalid
04-11 12:28:04.049 14034 15313 D CommonApp-255-10512: commonScoreStrategy scenarios low package
04-11 12:28:04.049 14034 15313 D ScorePolicy: handleScoreChanged: []
04-11 12:28:04.049 14034 15313 D ScorePolicy: handleScoreChanged: []
04-11 12:28:04.049 14034 15313 D ScorePolicy: handleScoreChanged: []
04-11 12:28:04.078  3438  3988 D QmiClient: qmiServiceEventCallback recv msg id 1110
04-11 12:28:04.078  3438  3988 D QmiClient: enter -mServiceType 4 onQmiServiceEventCallback msgId 1110
04-11 12:28:04.078  3438  3988 D QmiClient: onQmiServiceEventCallback - enter. msgId=1110
04-11 12:28:04.078  3438  3988 D QmiVsClientEvent: qmiVsClientNotifyNrcaInfoChangeEvent - RADIO_EVENT_NRCA_INFO_IND
04-11 12:28:04.078  3438  3485 D VsProxy : handleMessage msg is 2429
04-11 12:28:04.078  3438  3485 D VsProxy : handleNrcaInfoChangeInd for instance 1
04-11 12:28:04.078  3438  3438 D VendorService: NrcaInfoChangeInd numCarriers 1
04-11 12:28:04.079 14034  6711 D SubsysRadioIndication[1]: radioNrcaInfoChangeInd nrcaInfo.numCarriers: 1
04-11 12:28:04.080  8406  8406 W Settings: Setting airplane_mode_on has moved from android.provider.Settings.System to android.provider.Settings.Global, returning read-only value.
04-11 12:28:04.087  3590  7998 I [UAH_CLIENT]: UahEventAcquire, cmdid:2, pkg:none, identity:com.android.server.wm
04-11 12:28:04.087  3590  8848 W ActivityTaskManager: Permission Denial: starting Intent { flg=0x34000000 xflg=0x4 cmp=com.binance.monitor/.ui.chart.MarketChartActivity mCallingUid=2000 } from null (pid=25922, uid=2000) not exported from uid 10512
04-11 12:28:04.088  3590  8848 I ActivityTaskManager: START u0 {flg=0x34000000 xflg=0x4 cmp=com.binance.monitor/.ui.chart.MarketChartActivity mCallingUid=2000} with LAUNCH_MULTIPLE from uid 2000 result code=0
04-11 12:28:04.198  2258  2258 D SensorFeature: name=ssc_screenshot_info ,index = 22
04-11 12:28:04.198  2258  2258 D SensorFeature: write 39 bytes:928899244756383,928899611730862,29134,0
04-11 12:28:04.211  2113 17862 I sensors-hal: handle_oplus_wise_rgb_event:161, wise_rgb: (32066)(cct, lux, ir)[6092.11, 155.75, 53.116360] (r, g, b, c)[7228.58, 4872.15, 3123.55, 13777.03]                 (pwm, hbm, brl, algo)[0.0 0.0 1310.0 2.0], flag 29134
04-11 12:28:04.257  3590  7167 D osense.compress: com.v2ray.ang do shrink, target ratio = 82, final ratio = 90, cur ratio = 74
04-11 12:28:04.446 16527 16543 D IHansComunication: HANS sendMessageToKernel: threadId = 511992380480, netLinkSetup = 1, type = FROZEN_TRANS, targetUid = 10515, pkgCmd = PKG_CMD_MAX
04-11 12:28:04.499  2258  2258 D SensorFeature: name=ssc_screenshot_info ,index = 22
04-11 12:28:04.499  2258  2258 D SensorFeature: write 39 bytes:928899244756383,928899913372320,29135,0
04-11 12:28:04.501  2113 20704 I sensors-hal: handle_oplus_wise_rgb_event:189, high_pwm_light:lux 155.0,cct 5959.3,brl/algo/ir 1310.0/2.0/54.2,pwm/dc 0.0/0.0,rgbc 7241.037598/4867.750000/3119.139160/13770.035156,ts 928899841329208,cnt 32070,flag 29135
04-11 12:28:04.501  2113 17862 I sensors-hal: handle_oplus_wise_rgb_event:161, wise_rgb: (32071)(cct, lux, ir)[5959.31, 154.97, 54.215855] (r, g, b, c)[7218.61, 4863.35, 3119.14, 13749.05]                 (pwm, hbm, brl, algo)[0.0 0.0 1310.0 2.0], flag 29135
04-11 12:28:04.538 14034 14034 D NetworkService[1]: handleMessage what:1011
04-11 12:28:04.596  2181  2506 I SDM     : DisplayBuiltIn::IdlePowerCollapse: IPC received, disabling partial update for one frame
04-11 12:28:04.630  2280  2331 D BatteryChargeControl: bcc get no support from charging protocol
04-11 12:28:04.655  4482  4680 W ServiceManagerCppClient: Waited one second for SystemClearService (is service started? Number of threads started in the threadpool: 16. Are binder threads started and available?)
04-11 12:28:04.656  4482  4659 W ServiceManagerCppClient: Waited one second for SystemClearService (is service started? Number of threads started in the threadpool: 16. Are binder threads started and available?)
04-11 12:28:04.658  1254 25930 W libc    : Unable to set property "ctl.interface_start" to "aidl/SystemClearService": PROP_ERROR_HANDLE_CONTROL_MESSAGE (0x20)
04-11 12:28:04.658  1254 25931 W libc    : Unable to set property "ctl.interface_start" to "aidl/SystemClearService": PROP_ERROR_HANDLE_CONTROL_MESSAGE (0x20)
04-11 12:28:04.680 32357 32357 I ChainTrace: stream type=syncEvent gapMs=965 refreshMarket=true
04-11 12:28:04.681  2280  2323 D vendor.oplus.hardware.charger-V10-service: ret_value:120, read content:,311,311,4342,4341,93,93,95,1,1,0,500,5031,95,1,4480,600,500,0,7,9500,7,0,1,0,2,0,0,0,1,5868,96,0,4656,5046,0,0,0,0,0,0
04-11 12:28:04.681  2280  2323 D vendor.oplus.hardware.charger-V10-service: gmtime: 2026-04-11-12-28-04
04-11 12:28:04.681  2280  2323 D vendor.oplus.hardware.charger-V10-service: usb_online:1, ac_online:-2147483648, wireless_online:-2147483648
04-11 12:28:04.696  2727  3986 D QmiClient: qmiServiceEventCallback recv msg id 1099
04-11 12:28:04.696  2727  3986 D QmiClient: enter -mServiceType 4 onQmiServiceEventCallback msgId 1099
04-11 12:28:04.696  2727  3986 D QmiClient: onQmiServiceEventCallback - enter. msgId=1099
04-11 12:28:04.696  2727  3986 D QmiVsClientEvent: QosPeriodReportInd MSG IND data_len 2052
04-11 12:28:04.696  2727  3986 D QmiVsClientEvent: qmiVsClientNotifyQosPeriodReportIndEvent - RADIO_EVENT_QOS_PERIOD_REPORT_NOTIFY_IND
04-11 12:28:04.696  3438  3988 D QmiClient: qmiServiceEventCallback recv msg id 1099
04-11 12:28:04.696  3438  3988 D QmiClient: enter -mServiceType 4 onQmiServiceEventCallback msgId 1099
04-11 12:28:04.696  3438  3988 D QmiClient: onQmiServiceEventCallback - enter. msgId=1099
04-11 12:28:04.696  3438  3988 D QmiVsClientEvent: QosPeriodReportInd MSG IND data_len 2052
04-11 12:28:04.696  3438  3988 D QmiVsClientEvent: qmiVsClientNotifyQosPeriodReportIndEvent - RADIO_EVENT_QOS_PERIOD_REPORT_NOTIFY_IND
04-11 12:28:04.697  2727  2826 D VsProxy : handleMessage msg is 2420
04-11 12:28:04.697  2727  2826 D VsProxy : handleQosPeriodReportInd for instance 0 data_len 145
04-11 12:28:04.697  3438  3485 D VsProxy : handleMessage msg is 2420
04-11 12:28:04.697  3438  3485 D VsProxy : handleQosPeriodReportInd for instance 1 data_len 204
04-11 12:28:04.697 14034  6711 D SubsysRadioIndication[1]: radioQosPeriodReportInd result [8, -114, -120, -49, -50, 14, 18, 13, 8, -66, -123, -49, -50, 14, 16, 8, 32, -16, 3, 40, 8, 26, 13, 8, -69, -121, -49, -50, 14, 16, 4, 40, 9, 56, -29, 5, 34, 12, 8, -84, -69, -57, -50, 14, 16, 4, 24, 1, 32, 3, 58, 83, 8, -26, -121, -49, -50, 14, 16, 5, 24, -98, -23, 30, 32, -54, 1, 40, -93, -1, -1, -1, -1, -1, -1, -1, -1, 1, 48, -12, -1, -1, -1, -1, -1, -1, -1, -1, 1, 56, 3, 64, -93, -1, -1, -1, -1, -1, -1, -1, -1, 1, 72, -94, -1, -1, -1, -1, -1, -1, -1, -1, 1, 80, -101, -1, -1, -1, -1, -1, -1, -1, -1, 1, 88, -93, -1, -1, -1, -1, -1, -1, -1, -1, 1, 66, 31, 8, -33, -5, -50, -50, 14, 16, 5, 24, 2, 34, 19, 8, -98, -23, 30, 16, -54, 1, 24, 41, 32, 13, 40, -126, -128, -52, -67, 21, 48, 2, 90, 0, 98, 10, 8, -85, -54, -73, -50, 14, 16, 3, 24, 5, 122, 20, 8, -69, -121, -49, -50, 14, 16, -1, -1, 1, 24, -1, -1, 1, 32, -1, -1, -1, -1, 15]
04-11 12:28:04.698 14034 14747 D SubsysRadioIndication[0]: radioQosPeriodReportInd result [8, -114, -120, -49, -50, 14, 34, 12, 8, -84, -69, -57, -50, 14, 16, 4, 24, 1, 32, 3, 58, 61, 8, -64, -123, -49, -50, 14, 16, 5, 24, -64, -92, 38, 32, -22, 6, 40, -96, -1, -1, -1, -1, -1, -1, -1, -1, 1, 48, -11, -1, -1, -1, -1, -1, -1, -1, -1, 1, 56, 3, 64, -98, -1, -1, -1, -1, -1, -1, -1, -1, 1, 72, -96, -1, -1, -1, -1, -1, -1, -1, -1, 1, 66, 29, 8, -57, -20, -92, -50, 14, 16, 5, 34, 19, 8, -64, -92, 38, 16, -22, 6, 24, 78, 32, 13, 40, -117, -32, -94, -93, 2, 48, 2, 90, 0, 98, 10, 8, -41, -26, -92, -50, 14, 16, 3, 24, 5, 122, 15, 8, -8, -24, -92, -50, 14, 16, -52, 2, 24, -21, 1, 32, -90, 9]
04-11 12:28:04.698 14034 14034 D NetworkService[1]: handleMessage what:1005
04-11 12:28:04.698 14034 14034 D RadioAtomTracker: parseQosPeriodData ModemQos:CellularQosInfo1{5G, 504990/202, EndcState=2, Band=41, DLBW=13, Rsrp=-93, Rsrq=-12, Snr=3, SvcStatus=3, ULPDCPNumDataPdu=8, ULPDCPNumDropPdu=0, ULPDCPTput=496, ULRLCNumDataPdu=8, ULRLCNumRetxPdu=0, ULGrant=0, ULBSR=0, ULBler=0, DLPDCPNumDataPdu=9, DLPDCPTput=739, DLRLCNumDataPdu=4, DLRLCNumRetxPdu=0, DLRLCNumDropPdu=0, DLMACPaddingBytes=0, DLPdcpNumMissToUppPdu=0, DLBler=0, RlfCount=0, CellChangeCount=0, IsRedirectionOccur=0, IsDualSimConflict=0, Latency=7, Sub1RrcState=1, Sub2RrcState=3, RachCount=0, CalcPower=32767, Mtpl=32767, PathLoss=-1, CellLoad=0}
04-11 12:28:04.698 14034 14034 D NetworkService[1]: tryReportModemUlTPutGuarantee: clear calculator
04-11 12:28:04.698 14034 14034 D NetworkService[1]: EVENT_REG_QOS_PERIOD_REPORT_IND_CHANGED ENTER
04-11 12:28:04.698 14034 14034 D NetworkService[0]: handleMessage what:1005
04-11 12:28:04.698 14034 14034 D RadioAtomTracker: parseQosPeriodData ModemQos:CellularQosInfo2{5G, 627264/874, EndcState=0, Band=78, DLBW=13, Rsrp=-96, Rsrq=-11, Snr=3, SvcStatus=3, ULPDCPNumDataPdu=-1, ULPDCPNumDropPdu=-1, ULPDCPTput=-1, ULRLCNumDataPdu=-1, ULRLCNumRetxPdu=-1, ULGrant=-1, ULBSR=-1, ULBler=-1, DLPDCPNumDataPdu=-1, DLPDCPTput=-1, DLRLCNumDataPdu=-1, DLRLCNumRetxPdu=-1, DLRLCNumDropPdu=-1, DLMACPaddingBytes=-1, DLPdcpNumMissToUppPdu=-1, DLBler=-1, RlfCount=0, CellChangeCount=0, IsRedirectionOccur=0, IsDualSimConflict=0, Latency=0, Sub1RrcState=1, Sub2RrcState=3, RachCount=0, CalcPower=332, Mtpl=235, PathLoss=1190, CellLoad=0}
04-11 12:28:04.698 14034 14034 D NetworkService[0]: EVENT_REG_QOS_PERIOD_REPORT_IND_CHANGED ENTER
04-11 12:28:04.698 14034 14034 D AtomModemKpiInfo: handleMessage what:1001
04-11 12:28:04.698 14034 14034 D AtomModemKpiInfo: analyseQosInfo success
04-11 12:28:04.745  3590  7333 D FusionLightNextGen: process end reported = 1, mode: 0, cnt: 397010, lux 102.4, cct 6500.6, r/g/b/c: 7238.5/4874.3/3116.9/13784.0, R/G/B: 149.0/145.0/134.0, bri 1310.0, match 1.00, ir 0.066299, conf 5.0, ts 928899941806083
04-11 12:28:04.746  2113 17862 I sensors-hal: handle_oplus_wise_rgb_event:161, wise_rgb: (32076)(cct, lux, ir)[6028.34, 155.22, 54.527775] (r, g, b, c)[7265.96, 4902.94, 3130.18, 13865.61]                 (pwm, hbm, brl, algo)[0.0 0.0 1310.0 2.0], flag 29135
04-11 12:28:04.778  2181  2506 I SDM     : DisplayBuiltIn::IdlePowerCollapse: IPC received, disabling partial update for one frame
04-11 12:28:04.857  2181  2506 I SDM     : DisplayBuiltIn::IdlePowerCollapse: IPC received, disabling partial update for one frame
04-11 12:28:04.862  2181 23599 E CwbService: Panel not support apl read or getDisplayPanelAplValue timeout 10ms.
04-11 12:28:04.863  2258  2258 D SensorFeature: name=ssc_screenshot_info ,index = 22
04-11 12:28:04.863  2258  2258 D SensorFeature: write 39 bytes:928900211047008,928900265393102,29136,0
04-11 12:28:04.922  3590  7344 V AlarmManager: sending alarm Alarm{61971c4 type 1 origWhen 1775881684921 whenElapsed 928900335 android} uid 1000 whenElapsed 928900335 windowLength 0 maxWhenElapsed 928900335 repeatInterval 0 action null component null tag StorgaeBandInfoAlarmTag flags 0x9 procName system_server
04-11 12:28:04.923  3590 10338 E OplusStorageUFSBandwidth: storage_io_metrics_path is /proc/oplus_storage/io_metrics/forever/
04-11 12:28:04.924  3590 10338 E OplusStorageUFSBandwidth: Bandwidth - Read: 0.50 MB/s, Write: 0.50 MB/s
04-11 12:28:04.924  3590 10338 E OplusStorageUFSBandwidth: Task time: 1ms
04-11 12:28:04.928  3590 10338 E OplusStorageUFSBandwidth: Alarm set to trigger in 10 seconds
04-11 12:28:05.011  2113 20704 I sensors-hal: handle_oplus_wise_rgb_event:189, high_pwm_light:lux 155.6,cct 6005.8,brl/algo/ir 1310.0/2.0/53.7,pwm/dc 0.0/0.0,rgbc 7305.823242/4920.540039/3134.591553/13886.590820,ts 928900230093583,cnt 32080,flag 29136
04-11 12:28:05.012  2113 17862 I sensors-hal: handle_oplus_wise_rgb_event:161, wise_rgb: (32081)(cct, lux, ir)[6005.80, 155.63, 53.710735] (r, g, b, c)[7258.48, 4894.15, 3121.35, 13858.62]                 (pwm, hbm, brl, algo)[0.0 0.0 1310.0 2.0], flag 29136
04-11 12:28:05.013  3590  9788 I AICCTModule: SensorFilter: brightness threshold 1.2 screenNit is 88.015 ave enviroment lux is 102.55375 luxForNit 87.35076demarcationPoint200.0 result is false
04-11 12:28:05.013  3590  9788 I AICCTModule: SensorFilter: findSecondNearestValue, sensorValue: 6502.082 nearestMaxValue:6500.6245 secondNearestValue: 6500.6245
04-11 12:28:05.013  3590  9788 I AICCTModule: SensorFilter: findSecondNearestValue, sensorValue: 103.21839 nearestMaxValue:103.26577 secondNearestValue: 103.60622
04-11 12:28:05.071 14034 15313 D CommonApp-264-10512: transport layer data is invalid
04-11 12:28:05.072 14034 15313 D CommonApp-255-10512: commonScoreStrategy scenarios low package
04-11 12:28:05.072 14034 15313 D ScorePolicy: handleScoreChanged: []
04-11 12:28:05.072 14034 15313 D ScorePolicy: handleScoreChanged: []
04-11 12:28:05.072 14034 15313 D ScorePolicy: handleScoreChanged: []
04-11 12:28:05.074  3438  4039 D QmiClient: qmiServiceEventCallback recv msg id 47
04-11 12:28:05.074  3438  4039 D QmiClient: enter -mServiceType 10 onQmiServiceEventCallback msgId 47
04-11 12:28:05.074  3438  4039 D QmiClient: onQmiServiceEventCallback - enter. msgId=47
04-11 12:28:05.074  3438  3488 D OttProxy: handleMessage msg is 3001
04-11 12:28:05.075 14034 14747 D SubsysRadioIndication[1]: radioLinkLatencyInfoInd
04-11 12:28:05.075 14034 14747 D SubsysRadioIndication[1]: notify enter
04-11 12:28:05.075 14034 14034 D NetworkService[1]: handleMessage what:1008
04-11 12:28:05.075 14034 14034 D NetworkService[1]: EVENT_REG_LINK_LATENCY_INFO_CHANGE ulLatency:9216
04-11 12:28:05.166  2258  2258 D SensorFeature: name=ssc_screenshot_info ,index = 22
04-11 12:28:05.166  2258  2258 D SensorFeature: write 39 bytes:928900211047008,928900578420445,29137,0
04-11 12:28:05.265  2187  2298 E PERFHAL-PERFCTRL: PERFHAL-PERFCTRL: chk_core_online_poll_loop() 748: poll() has timed out for /sys/kernel/msm_performance/events/cpu_hotplug
04-11 12:28:05.265  2187  2298 E PERFHAL-PERFCTRL: PERFHAL-PERFCTRL: chk_core_online_poll_loop() 743: Block on poll()
04-11 12:28:05.282  2113 17862 I sensors-hal: handle_oplus_wise_rgb_event:161, wise_rgb: (32086)(cct, lux, ir)[5979.25, 156.13, 53.077187] (r, g, b, c)[7275.92, 4902.94, 3121.35, 13821.32]                 (pwm, hbm, brl, algo)[0.0 0.0 1310.0 2.0], flag 29137
04-11 12:28:05.469  2258  2258 D SensorFeature: name=ssc_screenshot_info ,index = 22
04-11 12:28:05.470  2258  2258 D SensorFeature: write 39 bytes:928900211047008,928900881957216,29138,0
04-11 12:28:05.545  2113 20704 I sensors-hal: handle_oplus_wise_rgb_event:189, high_pwm_light:lux 155.7,cct 6054.4,brl/algo/ir 1310.0/2.0/53.4,pwm/dc 0.0/0.0,rgbc 7290.872070/4896.344727/3125.761475/13886.590820,ts 928900840658947,cnt 32090,flag 29138
04-11 12:28:05.545  2113 17862 I sensors-hal: handle_oplus_wise_rgb_event:161, wise_rgb: (32091)(cct, lux, ir)[6054.43, 155.67, 53.375523] (r, g, b, c)[7280.91, 4916.14, 3139.01, 13886.59]                 (pwm, hbm, brl, algo)[0.0 0.0 1310.0 2.0], flag 29138
04-11 12:28:05.601  2181  2506 I SDM     : DisplayBuiltIn::IdlePowerCollapse: IPC received, disabling partial update for one frame
04-11 12:28:05.635  2280  2331 D BatteryChargeControl: bcc get no support from charging protocol
04-11 12:28:05.638 32357 32357 I ChainTrace: stream type=heartbeat gapMs=958 refreshMarket=false
04-11 12:28:05.657  4482  4659 W ServiceManagerCppClient: Waited one second for SystemClearService (is service started? Number of threads started in the threadpool: 16. Are binder threads started and available?)
04-11 12:28:05.657  4482  4680 W ServiceManagerCppClient: Waited one second for SystemClearService (is service started? Number of threads started in the threadpool: 16. Are binder threads started and available?)
04-11 12:28:05.660  1254 25939 W libc    : Unable to set property "ctl.interface_start" to "aidl/SystemClearService": PROP_ERROR_HANDLE_CONTROL_MESSAGE (0x20)
04-11 12:28:05.661  1254 25938 W libc    : Unable to set property "ctl.interface_start" to "aidl/SystemClearService": PROP_ERROR_HANDLE_CONTROL_MESSAGE (0x20)
04-11 12:28:05.698  2727  3986 D QmiClient: qmiServiceEventCallback recv msg id 1099
04-11 12:28:05.699  2727  3986 D QmiClient: enter -mServiceType 4 onQmiServiceEventCallback msgId 1099
04-11 12:28:05.699  2727  3986 D QmiClient: onQmiServiceEventCallback - enter. msgId=1099
04-11 12:28:05.699  2727  3986 D QmiVsClientEvent: QosPeriodReportInd MSG IND data_len 2052
04-11 12:28:05.699  2727  3986 D QmiVsClientEvent: qmiVsClientNotifyQosPeriodReportIndEvent - RADIO_EVENT_QOS_PERIOD_REPORT_NOTIFY_IND
04-11 12:28:05.699  2727  2826 D VsProxy : handleMessage msg is 2420
04-11 12:28:05.699  3438  3988 D QmiClient: qmiServiceEventCallback recv msg id 1099
04-11 12:28:05.699  3438  3988 D QmiClient: enter -mServiceType 4 onQmiServiceEventCallback msgId 1099
04-11 12:28:05.699  3438  3988 D QmiClient: onQmiServiceEventCallback - enter. msgId=1099
04-11 12:28:05.699  3438  3988 D QmiVsClientEvent: QosPeriodReportInd MSG IND data_len 2052
04-11 12:28:05.699  3438  3988 D QmiVsClientEvent: qmiVsClientNotifyQosPeriodReportIndEvent - RADIO_EVENT_QOS_PERIOD_REPORT_NOTIFY_IND
04-11 12:28:05.699  3438  3485 D VsProxy : handleMessage msg is 2420
04-11 12:28:05.699  2727  2826 D VsProxy : handleQosPeriodReportInd for instance 0 data_len 145
04-11 12:28:05.699  3438  3485 D VsProxy : handleQosPeriodReportInd for instance 1 data_len 203
04-11 12:28:05.700 14034 14747 D SubsysRadioIndication[0]: radioQosPeriodReportInd result [8, -11, -113, -49, -50, 14, 34, 12, 8, -84, -69, -57, -50, 14, 16, 4, 24, 1, 32, 3, 58, 61, 8, -64, -123, -49, -50, 14, 16, 5, 24, -64, -92, 38, 32, -22, 6, 40, -96, -1, -1, -1, -1, -1, -1, -1, -1, 1, 48, -11, -1, -1, -1, -1, -1, -1, -1, -1, 1, 56, 3, 64, -98, -1, -1, -1, -1, -1, -1, -1, -1, 1, 72, -96, -1, -1, -1, -1, -1, -1, -1, -1, 1, 66, 29, 8, -57, -20, -92, -50, 14, 16, 5, 34, 19, 8, -64, -92, 38, 16, -22, 6, 24, 78, 32, 13, 40, -117, -32, -94, -93, 2, 48, 2, 90, 0, 98, 10, 8, -41, -26, -92, -50, 14, 16, 3, 24, 5, 122, 15, 8, -8, -24, -92, -50, 14, 16, -52, 2, 24, -21, 1, 32, -90, 9]
04-11 12:28:05.700 14034  6711 D SubsysRadioIndication[1]: radioQosPeriodReportInd result [8, -10, -113, -49, -50, 14, 18, 17, 8, -23, -115, -49, -50, 14, 16, 2, 32, 106, 40, 2, 56, -76, 1, 72, 1, 26, 13, 8, -35, -113, -49, -50, 14, 16, 10, 40, 2, 56, -32, 1, 34, 12, 8, -84, -69, -57, -50, 14, 16, 4, 24, 1, 32, 3, 58, 83, 8, -4, -114, -49, -50, 14, 16, 5, 24, -98, -23, 30, 32, -54, 1, 40, -94, -1, -1, -1, -1, -1, -1, -1, -1, 1, 48, -12, -1, -1, -1, -1, -1, -1, -1, -1, 1, 56, 2, 64, -94, -1, -1, -1, -1, -1, -1, -1, -1, 1, 72, -96, -1, -1, -1, -1, -1, -1, -1, -1, 1, 80, -101, -1, -1, -1, -1, -1, -1, -1, -1, 1, 88, -95, -1, -1, -1, -1, -1, -1, -1, -1, 1, 66, 31, 8, -33, -5, -50, -50, 14, 16, 5, 24, 2, 34, 19, 8, -98, -23, 30, 16, -54, 1, 24, 41, 32, 13, 40, -126, -128, -52, -67, 21, 48, 2, 90, 0, 98, 10, 8, -85, -54, -73, -50, 14, 16, 3, 24, 5, 122, 15, 8, -4, -114, -49, -50, 14, 16, -15, 1, 24, -1, 1, 32, -22, 8]
04-11 12:28:05.701 14034 14034 D NetworkService[0]: handleMessage what:1005
04-11 12:28:05.701 14034 14034 D RadioAtomTracker: parseQosPeriodData ModemQos:CellularQosInfo2{5G, 627264/874, EndcState=0, Band=78, DLBW=13, Rsrp=-96, Rsrq=-11, Snr=3, SvcStatus=3, ULPDCPNumDataPdu=-1, ULPDCPNumDropPdu=-1, ULPDCPTput=-1, ULRLCNumDataPdu=-1, ULRLCNumRetxPdu=-1, ULGrant=-1, ULBSR=-1, ULBler=-1, DLPDCPNumDataPdu=-1, DLPDCPTput=-1, DLRLCNumDataPdu=-1, DLRLCNumRetxPdu=-1, DLRLCNumDropPdu=-1, DLMACPaddingBytes=-1, DLPdcpNumMissToUppPdu=-1, DLBler=-1, RlfCount=0, CellChangeCount=0, IsRedirectionOccur=0, IsDualSimConflict=0, Latency=0, Sub1RrcState=1, Sub2RrcState=3, RachCount=0, CalcPower=332, Mtpl=235, PathLoss=1190, CellLoad=0}
04-11 12:28:05.701 14034 14034 D NetworkService[0]: EVENT_REG_QOS_PERIOD_REPORT_IND_CHANGED ENTER
04-11 12:28:05.701 14034 14034 D NetworkService[1]: handleMessage what:1005
04-11 12:28:05.701 14034 14034 D RadioAtomTracker: parseQosPeriodData ModemQos:CellularQosInfo1{5G, 504990/202, EndcState=2, Band=41, DLBW=13, Rsrp=-94, Rsrq=-12, Snr=2, SvcStatus=3, ULPDCPNumDataPdu=2, ULPDCPNumDropPdu=0, ULPDCPTput=106, ULRLCNumDataPdu=2, ULRLCNumRetxPdu=0, ULGrant=180, ULBSR=0, ULBler=1, DLPDCPNumDataPdu=2, DLPDCPTput=224, DLRLCNumDataPdu=10, DLRLCNumRetxPdu=0, DLRLCNumDropPdu=0, DLMACPaddingBytes=0, DLPdcpNumMissToUppPdu=0, DLBler=0, RlfCount=0, CellChangeCount=0, IsRedirectionOccur=0, IsDualSimConflict=0, Latency=9, Sub1RrcState=1, Sub2RrcState=3, RachCount=0, CalcPower=241, Mtpl=255, PathLoss=1130, CellLoad=0}
04-11 12:28:05.701 14034 14034 D NetworkService[1]: EVENT_REG_QOS_PERIOD_REPORT_IND_CHANGED ENTER
04-11 12:28:05.701 14034 14034 D AtomModemKpiInfo: handleMessage what:1001
04-11 12:28:05.701 14034 14034 D AtomModemKpiInfo: analyseQosInfo success
04-11 12:28:05.787  3590  8848 D NotificationService--OplusNotificationFixHelper: fixAppIcon: pkg=com.v2ray.ang
04-11 12:28:05.787  3590  8848 D NotificationService--OplusNotificationFixHelper: fixAppIcon: appIcon = null, pkg = com.v2ray.ang
04-11 12:28:05.787  3590  8848 D NotificationService--NotificationRecord: isSupportRearLight , isRearLight = false mLedRM = false isMultilLed = false
04-11 12:28:05.788  3590  8848 I OplusStatusBarManagerServiceEnhance:  getTopIsFullscreen mTopIsFullscreen: false
04-11 12:28:05.788  3590  8848 W ActivityManager: Permission Denial: getTopApplicationInfo from pid=18198, uid=10397 requires oplus.permission.OPLUS_COMPONENT_SAFE
04-11 12:28:05.788  3590  8848 E OplusNotificationCenter: getForegroundApplication exception
04-11 12:28:05.788  3590  3590 D NotificationService--OplusNotificationManagerServiceExtImpl: isForwardToAssistants: true, case : Is local notification
04-11 12:28:05.788  3590  3590 D NotificationService: This application enqueue notifications is need postDelayed mcsAssistantDelayTime: 50
04-11 12:28:05.811  2181  2506 I SDM     : DisplayBuiltIn::IdlePowerCollapse: IPC received, disabling partial update for one frame
04-11 12:28:05.817  2181 26958 E CwbService: Panel not support apl read or getDisplayPanelAplValue timeout 10ms.
04-11 12:28:05.817  2258  2258 D SensorFeature: name=ssc_screenshot_info ,index = 22
04-11 12:28:05.818  2258  2258 D SensorFeature: write 39 bytes:928901166247685,928901220415549,29139,0
04-11 12:28:05.820  2113 17862 I sensors-hal: handle_oplus_wise_rgb_event:161, wise_rgb: (32096)(cct, lux, ir)[6071.92, 155.38, 54.335213] (r, g, b, c)[7293.36, 4916.14, 3139.01, 13879.60]                 (pwm, hbm, brl, algo)[0.0 0.0 1310.0 2.0], flag 29139
04-11 12:28:05.850  8338  8338 W OPLUS_LOG_LOAD: ==LOGS PROG INFO, prog(com.android.systemui) ==
04-11 12:28:05.850  8338  8338 I SystemUi--Notification: OplusLiveAlertNotificationsRepository-->onRankingApplied
04-11 12:28:05.864  8338  8338 I PluginSeedling--Track: RequestHandler-->notificationUpdated 0|com.v2ray.ang|1|null|10397 postTime: 1775881685787
04-11 12:28:05.864  8338  8338 E LockScreenNotificationDispatcherImp: updateNotificationListOnKg size:0
04-11 12:28:05.869  8338  8338 W SystemUi--Notification: OplusNotificationGroupExtImpl-->setChildrenExpanded: groupHeader is null
04-11 12:28:05.870  8338  8338 I SystemUi--Notification: LockScreenNotificationDispatcherImp-->updateNotificationListOnKg resultCode: 0
04-11 12:28:05.893  8338  8706 D LocalImageResolver: Couldn't use ImageDecoder for drawable, falling back to non-resized load.
04-11 12:28:05.894  8338  8338 D OplusNotificationDateTimeView: setTime mSettingTimeMillis 1775881685784, mSettingLocalDateTime 2026-04-11T12:28:00.784
04-11 12:28:05.901  8338  8706 D LocalImageResolver: Couldn't use ImageDecoder for drawable, falling back to non-resized load.
04-11 12:28:05.903  8338  8338 D OplusNotificationDateTimeView: setTime mSettingTimeMillis 1775881685784, mSettingLocalDateTime 2026-04-11T12:28:00.784
04-11 12:28:05.907  8338  8706 D LocalImageResolver: Couldn't use ImageDecoder for drawable, falling back to non-resized load.
04-11 12:28:05.907  8338  8338 D OplusNotificationDateTimeView: setTime mSettingTimeMillis 1775881685784, mSettingLocalDateTime 2026-04-11T12:28:00.784
04-11 12:28:05.912  8338  8338 I SystemUi--Notification: OplusNotificationTempla-->resolveContentMargin: marginTop=112 isChildInGroup=false hasSubtitle=true params.topMargin=112
04-11 12:28:05.914  8338  8338 W SystemUi--Notification: OplusNotificationGroupExtImpl-->setChildrenExpanded: groupHeader is null
04-11 12:28:05.918  8338  8338 E LockScreenNotificationDispatcherImp: updateNotificationListOnKg size:0
04-11 12:28:05.922  8338  8338 W SystemUi--Notification: OplusNotificationGroupExtImpl-->setChildrenExpanded: groupHeader is null
04-11 12:28:05.922  8338  8338 I SystemUi--Notification: LockScreenNotificationDispatcherImp-->updateNotificationListOnKg resultCode: 0
04-11 12:28:05.926  2113 17888 I sensors-hal: handle_sns_std_sensor_event:114, oplus rgb_rear sample: (cct, lux, ir, x, y)[10070, 24, 263, 259, 324]
04-11 12:28:05.926  2113 17888 I sensors-hal: handle_sns_std_sensor_event:116, oplus rgb_rear sample: (r, g, b, c w)[944, 1932, 434, 510, 0]
04-11 12:28:06.022  3438  4039 D QmiClient: qmiServiceEventCallback recv msg id 47
04-11 12:28:06.022  3438  4039 D QmiClient: enter -mServiceType 10 onQmiServiceEventCallback msgId 47
04-11 12:28:06.022  3438  4039 D QmiClient: onQmiServiceEventCallback - enter. msgId=47
04-11 12:28:06.022  3438  3488 D OttProxy: handleMessage msg is 3001
04-11 12:28:06.023 14034  6711 D SubsysRadioIndication[1]: radioLinkLatencyInfoInd
04-11 12:28:06.023 14034  6711 D SubsysRadioIndication[1]: notify enter
04-11 12:28:06.023 14034 14034 D NetworkService[1]: handleMessage what:1008
04-11 12:28:06.023 14034 14034 D NetworkService[1]: EVENT_REG_LINK_LATENCY_INFO_CHANGE ulLatency:13413
04-11 12:28:06.096 14034 15313 D CommonApp-264-10512: transport layer data is invalid
04-11 12:28:06.098 14034 15313 D CommonApp-255-10512: commonScoreStrategy scenarios low package
04-11 12:28:06.098 14034 15313 D ScorePolicy: handleScoreChanged: []
04-11 12:28:06.098 14034 15313 D ScorePolicy: handleScoreChanged: []
04-11 12:28:06.098 14034 15313 D ScorePolicy: handleScoreChanged: []
04-11 12:28:06.122  2258  2258 D SensorFeature: name=ssc_screenshot_info ,index = 22
04-11 12:28:06.123  2258  2258 D SensorFeature: write 39 bytes:928901166247685,928901535286591,29140,0
04-11 12:28:06.125  2113 20704 I sensors-hal: handle_oplus_wise_rgb_event:189, high_pwm_light:lux 156.5,cct 6034.6,brl/algo/ir 1310.0/2.0/52.6,pwm/dc 0.0/0.0,rgbc 7285.889160/4905.143066/3147.836182/13898.247070,ts 928901440090666,cnt 32100,flag 29140
04-11 12:28:06.126  3590  7333 D FusionLightNextGen: process end reported = 1, mode: 0, cnt: 397015, lux 104.1, cct 6547.8, r/g/b/c: 7285.9/4918.3/3145.6/13907.6, R/G/B: 149.0/145.0/134.0, bri 1310.0, match 1.00, ir 0.065315, conf 5.0, ts 928901462232697
04-11 12:28:06.126  2113 17862 I sensors-hal: handle_oplus_wise_rgb_event:161, wise_rgb: (32101)(cct, lux, ir)[6034.61, 156.47, 52.589664] (r, g, b, c)[7300.84, 4916.14, 3130.18, 13898.25]                 (pwm, hbm, brl, algo)[0.0 0.0 1310.0 2.0], flag 29140
04-11 12:28:06.127  3590  9788 I AICCTModule: SensorFilter: brightness threshold 1.2 screenNit is 88.015 ave enviroment lux is 103.51759 luxForNit 87.479675demarcationPoint200.0 result is false
04-11 12:28:06.127  3590  9788 I AICCTModule: SensorFilter: findSecondNearestValue, sensorValue: 6500.6245 nearestMaxValue:6476.3945 secondNearestValue: 6476.3945
04-11 12:28:06.127  3590  9788 I AICCTModule: SensorFilter: findSecondNearestValue, sensorValue: 103.60622 nearestMaxValue:103.39401 secondNearestValue: 103.39401
04-11 12:28:06.176 13839 14712 I SmartDataSwitchStateManager: handle message:7
04-11 12:28:06.176 13839 14712 I SmartDataSwitchSM: [DisableState]Handle msg: 2
04-11 12:28:06.176 13839 14712 I SmartDataSwitchSM: [DisableState]handle state change, reason:DataScoreLow
04-11 12:28:06.346  2113 17862 I sensors-hal: handle_oplus_wise_rgb_event:161, wise_rgb: (32106)(cct, lux, ir)[6070.92, 155.96, 53.792145] (r, g, b, c)[7293.36, 4913.94, 3145.63, 13900.58]                 (pwm, hbm, brl, algo)[0.0 0.0 1310.0 2.0], flag 29140
04-11 12:28:06.426  2258  2258 D SensorFeature: name=ssc_screenshot_info ,index = 22
04-11 12:28:06.426  2258  2258 D SensorFeature: write 39 bytes:928901166247685,928901838340184,29141,0
04-11 12:28:06.465  2181  2506 I SDM     : DisplayBuiltIn::IdlePowerCollapse: IPC received, disabling partial update for one frame
04-11 12:28:06.601  2181  2506 I SDM     : DisplayBuiltIn::IdlePowerCollapse: IPC received, disabling partial update for one frame
04-11 12:28:06.611  2113 20704 I sensors-hal: handle_oplus_wise_rgb_event:189, high_pwm_light:lux 155.5,cct 6067.0,brl/algo/ir 1310.0/2.0/54.7,pwm/dc 0.0/0.0,rgbc 7280.905273/4913.941406/3139.006348/13888.921875,ts 928901796050614,cnt 32110,flag 29141
04-11 12:28:06.612  2113 17862 I sensors-hal: handle_oplus_wise_rgb_event:161, wise_rgb: (32111)(cct, lux, ir)[6066.97, 155.49, 54.746468] (r, g, b, c)[7275.92, 4913.94, 3127.97, 13884.26]                 (pwm, hbm, brl, algo)[0.0 0.0 1310.0 2.0], flag 29141
04-11 12:28:06.618  2181  2506 I SDM     : DisplayBuiltIn::IdlePowerCollapse: IPC received, disabling partial update for one frame
04-11 12:28:06.638  2280  2331 D BatteryChargeControl: bcc get no support from charging protocol
04-11 12:28:06.659  4482  4659 W ServiceManagerCppClient: Waited one second for SystemClearService (is service started? Number of threads started in the threadpool: 16. Are binder threads started and available?)
04-11 12:28:06.660  4482  4680 W ServiceManagerCppClient: Waited one second for SystemClearService (is service started? Number of threads started in the threadpool: 16. Are binder threads started and available?)
04-11 12:28:06.661  1254 25945 W libc    : Unable to set property "ctl.interface_start" to "aidl/SystemClearService": PROP_ERROR_HANDLE_CONTROL_MESSAGE (0x20)
04-11 12:28:06.661  1254 25947 W libc    : Unable to set property "ctl.interface_start" to "aidl/SystemClearService": PROP_ERROR_HANDLE_CONTROL_MESSAGE (0x20)
04-11 12:28:06.696  3438  3988 D QmiClient: qmiServiceEventCallback recv msg id 1099
04-11 12:28:06.696  3438  3988 D QmiClient: enter -mServiceType 4 onQmiServiceEventCallback msgId 1099
04-11 12:28:06.696  3438  3988 D QmiClient: onQmiServiceEventCallback - enter. msgId=1099
04-11 12:28:06.696  3438  3988 D QmiVsClientEvent: QosPeriodReportInd MSG IND data_len 2052
04-11 12:28:06.696  3438  3988 D QmiVsClientEvent: qmiVsClientNotifyQosPeriodReportIndEvent - RADIO_EVENT_QOS_PERIOD_REPORT_NOTIFY_IND
04-11 12:28:06.697  3438  3485 D VsProxy : handleMessage msg is 2420
04-11 12:28:06.697  2727  3986 D QmiClient: qmiServiceEventCallback recv msg id 1099
04-11 12:28:06.697  3438  3485 D VsProxy : handleQosPeriodReportInd for instance 1 data_len 202
04-11 12:28:06.697  2727  3986 D QmiClient: enter -mServiceType 4 onQmiServiceEventCallback msgId 1099
04-11 12:28:06.697  2727  3986 D QmiClient: onQmiServiceEventCallback - enter. msgId=1099
04-11 12:28:06.697  2727  3986 D QmiVsClientEvent: QosPeriodReportInd MSG IND data_len 2052
04-11 12:28:06.697  2727  3986 D QmiVsClientEvent: qmiVsClientNotifyQosPeriodReportIndEvent - RADIO_EVENT_QOS_PERIOD_REPORT_NOTIFY_IND
04-11 12:28:06.697  2727  2826 D VsProxy : handleMessage msg is 2420
04-11 12:28:06.698  2727  2826 D VsProxy : handleQosPeriodReportInd for instance 0 data_len 145
04-11 12:28:06.698 14034  6711 D SubsysRadioIndication[1]: radioQosPeriodReportInd result [8, -34, -105, -49, -50, 14, 18, 14, 8, -25, -106, -49, -50, 14, 16, 1, 32, 53, 40, 1, 72, 1, 26, 10, 8, -25, -106, -49, -50, 14, 40, 1, 56, 93, 34, 12, 8, -84, -69, -57, -50, 14, 16, 4, 24, 1, 32, 3, 58, 83, 8, -25, -106, -49, -50, 14, 16, 5, 24, -98, -23, 30, 32, -54, 1, 40, -94, -1, -1, -1, -1, -1, -1, -1, -1, 1, 48, -12, -1, -1, -1, -1, -1, -1, -1, -1, 1, 56, 4, 64, -94, -1, -1, -1, -1, -1, -1, -1, -1, 1, 72, -96, -1, -1, -1, -1, -1, -1, -1, -1, 1, 80, -101, -1, -1, -1, -1, -1, -1, -1, -1, 1, 88, -95, -1, -1, -1, -1, -1, -1, -1, -1, 1, 66, 31, 8, -33, -5, -50, -50, 14, 16, 5, 24, 1, 34, 19, 8, -98, -23, 30, 16, -54, 1, 24, 41, 32, 13, 40, -126, -128, -52, -67, 21, 48, 2, 90, 0, 98, 10, 8, -85, -54, -73, -50, 14, 16, 3, 24, 5, 122, 20, 8, -18, -110, -49, -50, 14, 16, -1, -1, 1, 24, -1, -1, 1, 32, -1, -1, -1, -1, 15]
04-11 12:28:06.698 14034 14034 D NetworkService[1]: handleMessage what:1005
04-11 12:28:06.698 14034  6711 D SubsysRadioIndication[0]: radioQosPeriodReportInd result [8, -34, -105, -49, -50, 14, 34, 12, 8, -84, -69, -57, -50, 14, 16, 4, 24, 1, 32, 3, 58, 61, 8, -64, -123, -49, -50, 14, 16, 5, 24, -64, -92, 38, 32, -22, 6, 40, -96, -1, -1, -1, -1, -1, -1, -1, -1, 1, 48, -11, -1, -1, -1, -1, -1, -1, -1, -1, 1, 56, 3, 64, -98, -1, -1, -1, -1, -1, -1, -1, -1, 1, 72, -96, -1, -1, -1, -1, -1, -1, -1, -1, 1, 66, 29, 8, -57, -20, -92, -50, 14, 16, 5, 34, 19, 8, -64, -92, 38, 16, -22, 6, 24, 78, 32, 13, 40, -117, -32, -94, -93, 2, 48, 2, 90, 0, 98, 10, 8, -41, -26, -92, -50, 14, 16, 3, 24, 5, 122, 15, 8, -8, -24, -92, -50, 14, 16, -52, 2, 24, -21, 1, 32, -90, 9]
04-11 12:28:06.698 14034 14034 D RadioAtomTracker: parseQosPeriodData ModemQos:CellularQosInfo1{5G, 504990/202, EndcState=1, Band=41, DLBW=13, Rsrp=-94, Rsrq=-12, Snr=4, SvcStatus=3, ULPDCPNumDataPdu=1, ULPDCPNumDropPdu=0, ULPDCPTput=53, ULRLCNumDataPdu=1, ULRLCNumRetxPdu=0, ULGrant=0, ULBSR=0, ULBler=1, DLPDCPNumDataPdu=1, DLPDCPTput=93, DLRLCNumDataPdu=0, DLRLCNumRetxPdu=0, DLRLCNumDropPdu=0, DLMACPaddingBytes=0, DLPdcpNumMissToUppPdu=0, DLBler=0, RlfCount=0, CellChangeCount=0, IsRedirectionOccur=0, IsDualSimConflict=0, Latency=13, Sub1RrcState=1, Sub2RrcState=3, RachCount=0, CalcPower=32767, Mtpl=32767, PathLoss=-1, CellLoad=0}
04-11 12:28:06.698 14034 14034 D NetworkService[1]: EVENT_REG_QOS_PERIOD_REPORT_IND_CHANGED ENTER
04-11 12:28:06.698 14034 14034 D NetworkService[0]: handleMessage what:1005
