04-11 12:27:57.452  2782  5326 D HoloAudio::SpecailizerPLService_Aidl: getMssEnable --- com.binance.monitor[0]
04-11 12:27:57.452 15757 22446 W Battery : AppSceneCenter: PerfPolicy not enable!
04-11 12:27:57.453  3590  7234 W JobScheduler.Concurrency: Had fewer than 16 in existence
04-11 12:27:57.453 15757 16090 W Battery : ThermalControllHandler: MSG_THERMAL_CONTROL_CATEGORY_CHANGED
04-11 12:27:57.453  6374  6445 W metis_v2_OifaceBindUtils: bindTask
04-11 12:27:57.454  8338  8546 D BLASTBufferQueue: [VRI[monitor]#19804](f:0,a:1) acquireNextBufferLocked size=1264x2780 mFrameNumber=1 applyTransaction=true mTimestamp=881036828084429(auto) mPendingTransactions.size=0 graphicBufferId=35811437815484 transform=0
04-11 12:27:57.454  8338  8546 D VRI[monitor]: Received frameCommittedCallback lastAttemptedDrawFrameNum=1 didProduceBuffer=true syncBuffer=false
04-11 12:27:57.454  8338  8422 D VRI[monitor]: draw finished. seqId=0
04-11 12:27:57.454  3590  8837 D WindowManager: onSyncFinishedDrawing: Window{e796197 u0 Splash Screen com.binance.monitor}
04-11 12:27:57.454  3590  8837 I WindowManager: finishDrawing skipLayout:false,syncSeqId=0,mPrepareSyncSeqId=0 Window{e796197 u0 Splash Screen com.binance.monitor} com.android.server.wm.WindowManagerService.finishDrawingWindow:3217 com.android.server.wm.Session.finishDrawing:399 android.view.IWindowSession$Stub.onTransact:793 
04-11 12:27:57.454  3590  8837 I WindowManager: Window{e796197 u0 Splash Screen com.binance.monitor} state from DRAW_PENDING to COMMIT_DRAW_PENDING; reason: finishDrawingLocked
04-11 12:27:57.455  3590  3796 D InsetsSourceProvider: updateSourceFrameForServerVisibility mandatorySystemGestures EMPTY_RECT
04-11 12:27:57.455  3590  3796 D InsetsSourceProvider: updateSourceFrameForServerVisibility mandatorySystemGestures EMPTY_RECT
04-11 12:27:57.455  3590  3796 I WindowManager: Window{e796197 u0 Splash Screen com.binance.monitor} state from COMMIT_DRAW_PENDING to READY_TO_SHOW; reason: commitFinishDrawingLocked
04-11 12:27:57.455  3590  3796 D ActivityTaskManager: onStartingWindowDrawn: app=ProcessRecord{6e2a459 32357:com.binance.monitor/u0a512}, mStartingData=SplashScreenStartingData{d3c0ba2 removeAfterTransaction= 0}, finishing=false,mLaunchedFromBubble=false, mVisibleRequested=true, mDisplayContent=Display{#0 state=ON size=1264x2780 ROTATION_0}, isZoomMode=false
04-11 12:27:57.455  3590  3796 D ActivityTaskManager: commitVisibility: ActivityRecord{259948047 u0 com.binance.monitor/.launcher.IconFinancialAlias t13089}: visible=true visibleRequested=true, isInTransition=true 
04-11 12:27:57.455  3590  3796 I WindowManager: Window{e796197 u0 Splash Screen com.binance.monitor} state from READY_TO_SHOW to HAS_DRAWN; reason: performShowLocked
04-11 12:27:57.455  3590  3796 I WindowStateExtImpl: onSurfaceShowChange show = true mPackageName = com.binance.monitor parentPkgName = com.binance.monitor
04-11 12:27:57.455  3590  3796 D CoreBackPreview:  return markWindowHasDrawn mComposed: false  mWaitTransition: false
04-11 12:27:57.455  3590  3796 E OplusAppQuickStart_AppQuickStartController: not start from launcher transition:27126
04-11 12:27:57.455  3590  3796 D Transition: collectOrderChanges onTopTasksEnd: [Task{a10d0a5 #13089 type=standard A=10512:com.binance.monitor}], reportedOnTop:null, mOnTopTasksStart: [Task{7fffd36 #13163 type=standard A=10515:com.mobilecodex.nativeapp}], TDA child: [Task{2ae848 #3 type=undefined}, Task{59d6dd0 #13088 type=standard A=10306:com.binance.dev}, Task{100415c #13133 type=standard A=10397:com.v2ray.ang}, Task{1abb46b #12626 type=standard A=10345:com.tencent.mm}, Task{1b9ad4c #1 type=home}, Task{7fffd36 #13163 type=standard A=10515:com.mobilecodex.nativeapp}, Task{a10d0a5 #13089 type=standard A=10512:com.binance.monitor}]
04-11 12:27:57.455  3590  3796 D Transition: collectOrderChanges **mParticipants add task: Task{a10d0a5 #13089 type=standard A=10512:com.binance.monitor}
04-11 12:27:57.456  3590  3796 D OplusFlexibleActivityTransitionManager: fixTransitType type result:1, targets: [ChangeInfo{16dcca1 container=Task{a10d0a5 #13089 type=standard A=10512:com.binance.monitor} flags=0x30}, ChangeInfo{59f5ec6 container=Task{7fffd36 #13163 type=standard A=10515:com.mobilecodex.nativeapp} flags=0x10}]
04-11 12:27:57.456 15031  1029 I OplusObrain: OplusObrainClientInvoke.nativeGetTelephonyInfo
04-11 12:27:57.456  3590  3796 D OplusTransitionAnimationManager: activityRecordCount0fullScreenArBeHindStartingWindow null
04-11 12:27:57.456  3590  3796 D OplusTransitionAnimationManager: activityRecordCount0fullScreenArBeHindStartingWindow null
04-11 12:27:57.457  2013  2036 I statsd  : An anomaly (104240000001) (42)0x10000->10512[I] (42)0x20000->com.binance.monitor[S] (42)0x30000->.ui.main.MainActivity[S]  has occurred! Informing subscribers.
04-11 12:27:57.458 15031 19293 I OplusObrain: OplusObrainClientInvoke.nativeGetTrafficTypeInfoForNetworkType networkType 0
04-11 12:27:57.459  3590  8793 D KernelStatsHelper: getKernelStats start!
04-11 12:27:57.459  2384 29871 D AudioBoost: audioSchedBoost, pid=2384, tid=29871, enable=1, ret=0
04-11 12:27:57.459  2384 29871 D AudioFlingerExtImpl: AudioFlingerExtImpl oplusSetParameters: keyvalue onForegroundActivitiesChanged=com.binance.monitor:foreground:1|10512:32357
04-11 12:27:57.459  2384 29871 D AudioFlingerExtImpl: updateForegroundInfo, mapInf mForegroundMap(2)|[com.binance.monitor]=1|[com.mobilecodex.nativeapp]=1, uidPidMapInf mForegroundUidPidMap(2)|[10512]=32357|[10515]=21078
04-11 12:27:57.459  2399  3200 D SurfaceFlinger: updateWinowInfo=1, setFocusedWindow timestamp=881036816267293, windowName=<null>
04-11 12:27:57.459  2384 29871 D AudioBoost: audioSchedBoost, pid=2384, tid=29871, enable=0, ret=0
04-11 12:27:57.459  3590  3796 D QuickBackInputPolicy: resetInputInterceptState for remoteTransition: true
04-11 12:27:57.459  3590  9001 I InputDispatcher: NFW_setFocusedWindow, <null> on display 0, same as the previous:0
04-11 12:27:57.459  3590  9001 I InputDispatcher: updateFocusedWindow,  on display 0, reason: Waiting for window because NO_WINDOW, result:   FocusedWindows: <none>
04-11 12:27:57.460  3590  9766 E KernelCpuUidFreqTimeReader: Negative delta from freq time for uid: 10194, delta: -15
04-11 12:27:57.460 21078 21078 D VRI[MainActivity]: onFocusEvent false
04-11 12:27:57.460  3590  9766 I OStatsManager_Calc: add screen power pkgName = com.mobilecodex.nativeapp, uid = 10515, power = 68394.29417999089, is Fg = true, fore size = 1, mScale = 1.0
04-11 12:27:57.460  3590  9766 I OStatsManager_Calc: noteBeforePkgSwitch change = true, curTime = 928892870, com.binance.monitor, fg = false
04-11 12:27:57.460  3590  9766 I OStatsManager_OplusBatteryStatsManager: updateStateTime: PkgName = com.binance.monitor, uid = 10512, state to fg, mForegroundCnt = 1, isFg = true
04-11 12:27:57.460  3590  9766 I OStatsManager_OplusBatteryStatsManager: notePkgForeground [com.binance.monitor10512, com.mobilecodex.nativeapp10515], uid = 10512, pid = 32357, pkgName = com.binance.monitor
04-11 12:27:57.460 32357 32357 D ViewRootImplExtImpl: wrapConfigInfoIntoFlags rotation=0, smallestScreenWidthDp=361, residentWS=false, scenario=0, bounds=Rect(0, 0 - 1264, 2780), relayoutAsync=false, flags=0, newFlags=1457532192, title=com.binance.monitor/com.binance.monitor.launcher.IconFinancialAlias
04-11 12:27:57.460  3590  3796 D OplusTransitionController: onTransactionReady, transition: 27126, info: {id=27126 t=OPEN f=0x0 trk=0 r=[0@Point(0, 0)] c=[{WCT{RemoteToken{8f51364 Task{a10d0a5 #13089 type=standard A=10512:com.binance.monitor}}} m=TO_FRONT f=MOVE_TO_TOP leash=Surface(name=Task=13089)/@0xd1fb646 sb=Rect(0, 0 - 1264, 2780) eb=Rect(0, 0 - 1264, 2780) epz=Point(1264, 2780) d=0 taskParent=-1},{WCT{RemoteToken{29945be Task{7fffd36 #13163 type=standard A=10515:com.mobilecodex.nativeapp}}} m=TO_BACK f=NONE leash=Surface(name=Task=13163)/@0x591c010 sb=Rect(0, 0 - 1264, 2780) eb=Rect(0, 0 - 1264, 2780) epz=Point(1264, 2780) d=0 taskParent=-1}] 
04-11 12:27:57.460  3590  3796 D OplusTransitionController: extendInfo=[
04-11 12:27:57.460  3590  3796 D OplusTransitionController:  OplusTransitionExtendedInfo{mTmpFinishT=null, mInOplusCompatMode=false, mIsProcessRunning=true, mHasMismatchBoundsTarget=false, mRecentsController=null, mRemoteTransition=null, mIsTranslucentActivityToHome=false, mAvoidInterceptKeyEventToHome=false, mIsFromHome=false, mParentLeash=null, mBackAnimClosingLeash=null, mIsOplusAnimRes=false, mKeepBgForContinuous=false, mIsBalAllow=true, mTaskNotInRecent=false, mIsPredictiveBackAnim=false, mIsMergedWithPredictive=false, mIsLaunchFromSpruce=false, mIsLaunchFromDrive=false, mGlobalSearchPageSwitch=false, mNeedNoAlphaGlobalSearchScene=false, mAssistScreenShowing=false, mSwipeUpBrowserScreenShowing=false, mUserIdTransition=0
04-11 12:27:57.460  3590  3796 D OplusTransitionController: , mInRemoteScene=false, mInPreReady=false, mPreStart=false, mToken=null, mAbortByRemoteFromHome=false, mShellApplyToken=null, mRequestTransitionTaskId=13089, mAbortTransitionOnShell=0, mStartFromShortcut=false, mRemovedTaskId=-1, mTransitionInterruptType=0, mMergeSecondTaskId=-1, mTaskIdStartFromRecents=0, mTransitionId=27126, mCanUseSpringSlideAnim=false, mTransitionLaunchFrom=0, mFoldChangeType=-1, mAnimStartingPosition=[0, 0, 0, 0], mIsOpeningStkDialogActivity=false, mSecondaryHomeToFrontWhenUnFolding=false, mIsNeedApplyStartTForEmbedded=false
04-11 12:27:57.460  3590  3796 D OplusTransitionController: , mNeedCanvasExitAnim=false, mMergeSecondTaskAnimation=false, mIsLaunchUnityStart=false, mIsLaunchFromAssistantByDefault=false, mSkipRemoteTransitionfalse, mIsStartFromKeyguard=false flags=0x0, mWCT=null, mIsOpenMergeToInValidPredictive=false, mPromoteTaskWhenKeyguard-1, mRootLayerZOrderArray={}}]}, targets : [ChangeInfo{16dcca1 container=Task{a10d0a5 #13089 type=standard A=10512:com.binance.monitor} flags=0x30}, ChangeInfo{59f5ec6 container=Task{7fffd36 #13163 type=standard A=10515:com.mobilecodex.nativeapp} flags=0x10}], participants: {ActivityRecord{58623377 u0 com.binance.monitor/.ui.chart.MarketChartActivity t-1 f}}, ActivityRecord{91429274 u0 com.binance.monitor/.ui.main.MainActivity t-1}, Task{a10d0a5 #13089 type=standard A=10512:com.binance.monitor}, ActivityRecord{223848952 u0 com.mobilecodex.nativeapp/.MainActivity t13163}, ActivityRecord{259948047 u0 com.binance.monitor/.launcher.IconFinancialAlias t13089}}
04-11 12:27:57.461  3590  7988 D OplusNetlinkSocket: handleNetlinkRecvKernelMessage:nlmsghdr:StructNlMsgHdr{ nlmsg_len{3004}, nlmsg_type{43()}, nlmsg_flags{0()}, nlmsg_seq{0}, nlmsg_pid{235282228} }
04-11 12:27:57.461  3590  7988 D KernelStatsHelper: get magic :[-1, -1, -1, 77, 65, 71, 73, 67]
04-11 12:27:57.461  3590  7988 D KernelStatsHelper: magic matched count:622 data_len:32344
04-11 12:27:57.461  3590  7988 D OplusNetlinkSocket: handleNetlinkRecvKernelMessage:nlmsghdr:StructNlMsgHdr{ nlmsg_len{2988}, nlmsg_type{43()}, nlmsg_flags{0()}, nlmsg_seq{0}, nlmsg_pid{235282228} }
04-11 12:27:57.461  3590  7988 D OplusNetlinkSocket: handleNetlinkRecvKernelMessage:nlmsghdr:StructNlMsgHdr{ nlmsg_len{2988}, nlmsg_type{43()}, nlmsg_flags{0()}, nlmsg_seq{0}, nlmsg_pid{235282228} }
04-11 12:27:57.461  3590  8173 D CompatChangeReporter: Compat change id reported: 311208629; UID 10099; state: ENABLED
04-11 12:27:57.461  3590  7988 D OplusNetlinkSocket: handleNetlinkRecvKernelMessage:nlmsghdr:StructNlMsgHdr{ nlmsg_len{2988}, nlmsg_type{43()}, nlmsg_flags{0()}, nlmsg_seq{0}, nlmsg_pid{235282228} }
04-11 12:27:57.461  3590  7988 D OplusNetlinkSocket: handleNetlinkRecvKernelMessage:nlmsghdr:StructNlMsgHdr{ nlmsg_len{2988}, nlmsg_type{43()}, nlmsg_flags{0()}, nlmsg_seq{0}, nlmsg_pid{235282228} }
04-11 12:27:57.461  3590  7988 D OplusNetlinkSocket: handleNetlinkRecvKernelMessage:nlmsghdr:StructNlMsgHdr{ nlmsg_len{2988}, nlmsg_type{43()}, nlmsg_flags{0()}, nlmsg_seq{0}, nlmsg_pid{235282228} }
04-11 12:27:57.461  3590  7988 D OplusNetlinkSocket: handleNetlinkRecvKernelMessage:nlmsghdr:StructNlMsgHdr{ nlmsg_len{2988}, nlmsg_type{43()}, nlmsg_flags{0()}, nlmsg_seq{0}, nlmsg_pid{235282228} }
04-11 12:27:57.461  3590  7988 D OplusNetlinkSocket: handleNetlinkRecvKernelMessage:nlmsghdr:StructNlMsgHdr{ nlmsg_len{2988}, nlmsg_type{43()}, nlmsg_flags{0()}, nlmsg_seq{0}, nlmsg_pid{235282228} }
04-11 12:27:57.461  3590  7988 D OplusNetlinkSocket: handleNetlinkRecvKernelMessage:nlmsghdr:StructNlMsgHdr{ nlmsg_len{2988}, nlmsg_type{43()}, nlmsg_flags{0()}, nlmsg_seq{0}, nlmsg_pid{235282228} }
04-11 12:27:57.461  3590  7988 D OplusNetlinkSocket: handleNetlinkRecvKernelMessage:nlmsghdr:StructNlMsgHdr{ nlmsg_len{2988}, nlmsg_type{43()}, nlmsg_flags{0()}, nlmsg_seq{0}, nlmsg_pid{235282228} }
04-11 12:27:57.461  3590  7988 D OplusNetlinkSocket: handleNetlinkRecvKernelMessage:nlmsghdr:StructNlMsgHdr{ nlmsg_len{2728}, nlmsg_type{43()}, nlmsg_flags{0()}, nlmsg_seq{0}, nlmsg_pid{235282228} }
04-11 12:27:57.461  3590  7988 D KernelStatsHelper: data over! check: true
04-11 12:27:57.461  3590  3796 W WindowManager: captureTaskSnapshot mSnapshotMode= 0 source=Task{7fffd36 #13163 type=standard A=10515:com.mobilecodex.nativeapp}
04-11 12:27:57.462  3590  3796 D TaskSnapshotControllerExtImpl: createTaskSnapshot isCompatMode:false, isCompactWindow:false
04-11 12:27:57.462  8338  8817 V WindowManagerShell: onTransitionReady(transaction=15418935202613)
04-11 12:27:57.462  3590  3796 W AbsAppSnapshotControllerExtImpl: updateExcludeLayers, addExcludeLayerList is null or empty, return excludeLayers
04-11 12:27:57.462  6374  6445 E metis_v2_JenaHandlerManager: local thread match
04-11 12:27:57.462  8338  8381 V WindowManagerShell: onTransitionReady (#27126) android.os.BinderProxy@f0b22d4: {id=27126 t=OPEN f=0x0 trk=0 r=[0@Point(0, 0)] c=[
04-11 12:27:57.462  8338  8381 V WindowManagerShell:         {m=TO_FRONT f=MOVE_TO_TOP leash=Surface(name=Task=13089)/@0xf2b9170 sb=Rect(0, 0 - 1264, 2780) eb=Rect(0, 0 - 1264, 2780) epz=Point(1264, 2780) d=0 taskParent=-1},
04-11 12:27:57.462  8338  8381 V WindowManagerShell:         {m=TO_BACK f=NONE leash=Surface(name=Task=13163)/@0x87d3ce9 sb=Rect(0, 0 - 1264, 2780) eb=Rect(0, 0 - 1264, 2780) epz=Point(1264, 2780) d=0 taskParent=-1}
04-11 12:27:57.462  8338  8381 V WindowManagerShell:     ] 
04-11 12:27:57.462  8338  8381 V WindowManagerShell: extendInfo=[
04-11 12:27:57.462  8338  8381 V WindowManagerShell:  OplusTransitionExtendedInfo{mTmpFinishT=null, mInOplusCompatMode=false, mIsProcessRunning=true, mHasMismatchBoundsTarget=false, mRecentsController=null, mRemoteTransition=null, mIsTranslucentActivityToHome=false, mAvoidInterceptKeyEventToHome=false, mIsFromHome=false, mParentLeash=null, mBackAnimClosingLeash=null, mIsOplusAnimRes=false, mKeepBgForContinuous=false, mIsBalAllow=true, mTaskNotInRecent=false, mIsPredictiveBackAnim=false, mIsMergedWithPredictive=false, mIsLaunchFromSpruce=false, mIsLaunchFromDrive=false, mGlobalSearchPageSwitch=false, mNeedNoAlphaGlobalSearchScene=false, mAssistScreenShowing=false, mSwipeUpBrowserScreenShowing=false, mUserIdTransition=0
04-11 12:27:57.462  8338  8381 V WindowManagerShell: , mInRemoteScene=false, mInPreReady=false, mPreStart=false, mToken=null, mAbortByRemoteFromHome=false, mShellApplyToken=null, mRequestTransitionTaskId=13089, mAbortTransitionOnShell=0, mStartFromShortcut=false, mRemovedTaskId=-1, mTransitionInterruptType=0, mMergeSecondTaskId=-1, mTaskIdStartFromRecents=0, mTransitionId=27126, mCanUseSpringSlideAnim=false, mTransitionLaunchFrom=0, mFoldChangeType=-1, mAnimStartingPosition=[0, 0, 0, 0], mIsOpeningStkDialogActivity=false, mSecondaryHomeToFrontWhenUnFolding=false, mIsNeedApplyStartTForEmbedded=false
04-11 12:27:57.462  8338  8381 V WindowManagerShell: , mNeedCanvasExitAnim=false, mMergeSecondTaskAnimation=false, mIsLaunchUnityStart=false, mIsLaunchFromAssistantByDefault=false, mSkipRemoteTransitionfalse, mIsStartFromKeyguard=false flags=0x0, mWCT=null, mIsOpenMergeToInValidPredictive=false, mPromoteTaskWhenKeyguard-1, mRootLayerZOrderArray={}}]}
04-11 12:27:57.462  8338  8381 D OplusShellTransition: dispatchReady, active:(#27126) android.os.BinderProxy@f0b22d4@0, isSync=false, track:com.android.wm.shell.transition.Transitions$Track@f3fa59b
04-11 12:27:57.462 15031 15220 I Quality-ScreenOnOffLogProcessor: withInScreenOnOffRange mIsScreenOn:true refTime:1775881677428 mRecentScreenOnTime:1775878373956 mRecentScreenOffTime:1775878373425
04-11 12:27:57.462  8338  8381 D OplusShellTransition: Abort transition (#27126) android.os.BinderProxy@f0b22d4@0 WMCore requested. reason: 0; abortTransition: false
04-11 12:27:57.462  8338  8381 V WindowManagerShell: Playing animation for (#27126) android.os.BinderProxy@f0b22d4@0
04-11 12:27:57.463  8338  8381 V ShellRecents: RecentsTransitionHandler.startAnimation: no controller found
04-11 12:27:57.463  8338  8381 V WindowManagerShell: start OnePuttTransition animation, info = {id=27126 t=OPEN f=0x0 trk=0 r=[0@Point(0, 0)] c=[{m=TO_FRONT f=MOVE_TO_TOP leash=Surface(name=Task=13089)/@0xf2b9170 sb=Rect(0, 0 - 1264, 2780) eb=Rect(0, 0 - 1264, 2780) epz=Point(1264, 2780) d=0 taskParent=-1},{m=TO_BACK f=NONE leash=Surface(name=Task=13163)/@0x87d3ce9 sb=Rect(0, 0 - 1264, 2780) eb=Rect(0, 0 - 1264, 2780) epz=Point(1264, 2780) d=0 taskParent=-1}] 
04-11 12:27:57.463  8338  8381 V WindowManagerShell: extendInfo=[
04-11 12:27:57.463  8338  8381 V WindowManagerShell:  OplusTransitionExtendedInfo{mTmpFinishT=null, mInOplusCompatMode=false, mIsProcessRunning=true, mHasMismatchBoundsTarget=false, mRecentsController=null, mRemoteTransition=null, mIsTranslucentActivityToHome=false, mAvoidInterceptKeyEventToHome=false, mIsFromHome=false, mParentLeash=null, mBackAnimClosingLeash=null, mIsOplusAnimRes=false, mKeepBgForContinuous=false, mIsBalAllow=true, mTaskNotInRecent=false, mIsPredictiveBackAnim=false, mIsMergedWithPredictive=false, mIsLaunchFromSpruce=false, mIsLaunchFromDrive=false, mGlobalSearchPageSwitch=false, mNeedNoAlphaGlobalSearchScene=false, mAssistScreenShowing=false, mSwipeUpBrowserScreenShowing=false, mUserIdTransition=0
04-11 12:27:57.463  8338  8381 V WindowManagerShell: , mInRemoteScene=false, mInPreReady=false, mPreStart=false, mToken=null, mAbortByRemoteFromHome=false, mShellApplyToken=null, mRequestTransitionTaskId=13089, mAbortTransitionOnShell=0, mStartFromShortcut=false, mRemovedTaskId=-1, mTransitionInterruptType=0, mMergeSecondTaskId=-1, mTaskIdStartFromRecents=0, mTransitionId=27126, mCanUseSpringSlideAnim=false, mTransitionLaunchFrom=0, mFoldChangeType=-1, mAnimStartingPosition=[0, 0, 0, 0], mIsOpeningStkDialogActivity=false, mSecondaryHomeToFrontWhenUnFolding=false, mIsNeedApplyStartTForEmbedded=false
04-11 12:27:57.463  8338  8381 V WindowManagerShell: , mNeedCanvasExitAnim=false, mMergeSecondTaskAnimation=false, mIsLaunchUnityStart=false, mIsLaunchFromAssistantByDefault=false, mSkipRemoteTransitionfalse, mIsStartFromKeyguard=false flags=0x0, mWCT=null, mIsOpenMergeToInValidPredictive=false, mPromoteTaskWhenKeyguard-1, mRootLayerZOrderArray={}}]}
04-11 12:27:57.463  8338  8381 D FlexibleTaskTransitionHandler:  performAnimation transition:android.os.BinderProxy@f0b22d4 ,info:{id=27126 t=OPEN f=0x0 trk=0 r=[0@Point(0, 0)] c=[{m=TO_FRONT f=MOVE_TO_TOP leash=Surface(name=Task=13089)/@0xf2b9170 sb=Rect(0, 0 - 1264, 2780) eb=Rect(0, 0 - 1264, 2780) epz=Point(1264, 2780) d=0 taskParent=-1},{m=TO_BACK f=NONE leash=Surface(name=Task=13163)/@0x87d3ce9 sb=Rect(0, 0 - 1264, 2780) eb=Rect(0, 0 - 1264, 2780) epz=Point(1264, 2780) d=0 taskParent=-1}] 
04-11 12:27:57.463  8338  8381 D FlexibleTaskTransitionHandler: extendInfo=[
04-11 12:27:57.463  8338  8381 D FlexibleTaskTransitionHandler:  OplusTransitionExtendedInfo{mTmpFinishT=null, mInOplusCompatMode=false, mIsProcessRunning=true, mHasMismatchBoundsTarget=false, mRecentsController=null, mRemoteTransition=null, mIsTranslucentActivityToHome=false, mAvoidInterceptKeyEventToHome=false, mIsFromHome=false, mParentLeash=null, mBackAnimClosingLeash=null, mIsOplusAnimRes=false, mKeepBgForContinuous=false, mIsBalAllow=true, mTaskNotInRecent=false, mIsPredictiveBackAnim=false, mIsMergedWithPredictive=false, mIsLaunchFromSpruce=false, mIsLaunchFromDrive=false, mGlobalSearchPageSwitch=false, mNeedNoAlphaGlobalSearchScene=false, mAssistScreenShowing=false, mSwipeUpBrowserScreenShowing=false, mUserIdTransition=0
04-11 12:27:57.463  8338  8381 D FlexibleTaskTransitionHandler: , mInRemoteScene=false, mInPreReady=false, mPreStart=false, mToken=null, mAbortByRemoteFromHome=false, mShellApplyToken=null, mRequestTransitionTaskId=13089, mAbortTransitionOnShell=0, mStartFromShortcut=false, mRemovedTaskId=-1, mTransitionInterruptType=0, mMergeSecondTaskId=-1, mTaskIdStartFromRecents=0, mTransitionId=27126, mCanUseSpringSlideAnim=false, mTransitionLaunchFrom=0, mFoldChangeType=-1, mAnimStartingPosition=[0, 0, 0, 0], mIsOpeningStkDialogActivity=false, mSecondaryHomeToFrontWhenUnFolding=false, mIsNeedApplyStartTForEmbedded=false
04-11 12:27:57.463  8338  8381 D FlexibleTaskTransitionHandler: , mNeedCanvasExitAnim=false, mMergeSecondTaskAnimation=false, mIsLaunchUnityStart=false, mIsLaunchFromAssistantByDefault=false, mSkipRemoteTransitionfalse, mIsStartFromKeyguard=false flags=0x0, mWCT=null, mIsOpenMergeToInValidPredictive=false, mPromoteTaskWhenKeyguard-1, mRootLayerZOrderArray={}}]}
04-11 12:27:57.463  8338  8381 D FlexibleTaskTransitionHandler:  no need handler this transitionInfo: {id=27126 t=OPEN f=0x0 trk=0 r=[0@Point(0, 0)] c=[{m=TO_FRONT f=MOVE_TO_TOP leash=Surface(name=Task=13089)/@0xf2b9170 sb=Rect(0, 0 - 1264, 2780) eb=Rect(0, 0 - 1264, 2780) epz=Point(1264, 2780) d=0 taskParent=-1},{m=TO_BACK f=NONE leash=Surface(name=Task=13163)/@0x87d3ce9 sb=Rect(0, 0 - 1264, 2780) eb=Rect(0, 0 - 1264, 2780) epz=Point(1264, 2780) d=0 taskParent=-1}] 
04-11 12:27:57.463  8338  8381 D FlexibleTaskTransitionHandler: extendInfo=[
04-11 12:27:57.463  8338  8381 D FlexibleTaskTransitionHandler:  OplusTransitionExtendedInfo{mTmpFinishT=null, mInOplusCompatMode=false, mIsProcessRunning=true, mHasMismatchBoundsTarget=false, mRecentsController=null, mRemoteTransition=null, mIsTranslucentActivityToHome=false, mAvoidInterceptKeyEventToHome=false, mIsFromHome=false, mParentLeash=null, mBackAnimClosingLeash=null, mIsOplusAnimRes=false, mKeepBgForContinuous=false, mIsBalAllow=true, mTaskNotInRecent=false, mIsPredictiveBackAnim=false, mIsMergedWithPredictive=false, mIsLaunchFromSpruce=false, mIsLaunchFromDrive=false, mGlobalSearchPageSwitch=false, mNeedNoAlphaGlobalSearchScene=false, mAssistScreenShowing=false, mSwipeUpBrowserScreenShowing=false, mUserIdTransition=0
04-11 12:27:57.463  8338  8381 D FlexibleTaskTransitionHandler: , mInRemoteScene=false, mInPreReady=false, mPreStart=false, mToken=null, mAbortByRemoteFromHome=false, mShellApplyToken=null, mRequestTransitionTaskId=13089, mAbortTransitionOnShell=0, mStartFromShortcut=false, mRemovedTaskId=-1, mTransitionInterruptType=0, mMergeSecondTaskId=-1, mTaskIdStartFromRecents=0, mTransitionId=27126, mCanUseSpringSlideAnim=false, mTransitionLaunchFrom=0, mFoldChangeType=-1, mAnimStartingPosition=[0, 0, 0, 0], mIsOpeningStkDialogActivity=false, mSecondaryHomeToFrontWhenUnFolding=false, mIsNeedApplyStartTForEmbedded=false
04-11 12:27:57.463  8338  8381 D FlexibleTaskTransitionHandler: , mNeedCanvasExitAnim=false, mMergeSecondTaskAnimation=false, mIsLaunchUnityStart=false, mIsLaunchFromAssistantByDefault=false, mSkipRemoteTransitionfalse, mIsStartFromKeyguard=false flags=0x0, mWCT=null, mIsOpenMergeToInValidPredictive=false, mPromoteTaskWhenKeyguard-1, mRootLayerZOrderArray={}}]}
04-11 12:27:57.463  8338  8381 V WindowManagerShell: Transition doesn't have explicit remote, search filters for match for {id=27126 t=OPEN f=0x0 trk=0 r=[0@Point(0, 0)] c=[{m=TO_FRONT f=MOVE_TO_TOP leash=Surface(name=Task=13089)/@0xf2b9170 sb=Rect(0, 0 - 1264, 2780) eb=Rect(0, 0 - 1264, 2780) epz=Point(1264, 2780) d=0 taskParent=-1},{m=TO_BACK f=NONE leash=Surface(name=Task=13163)/@0x87d3ce9 sb=Rect(0, 0 - 1264, 2780) eb=Rect(0, 0 - 1264, 2780) epz=Point(1264, 2780) d=0 taskParent=-1}] 
04-11 12:27:57.463  8338  8381 V WindowManagerShell: extendInfo=[
04-11 12:27:57.463  8338  8381 V WindowManagerShell:  OplusTransitionExtendedInfo{mTmpFinishT=null, mInOplusCompatMode=false, mIsProcessRunning=true, mHasMismatchBoundsTarget=false, mRecentsController=null, mRemoteTransition=null, mIsTranslucentActivityToHome=false, mAvoidInterceptKeyEventToHome=false, mIsFromHome=false, mParentLeash=null, mBackAnimClosingLeash=null, mIsOplusAnimRes=false, mKeepBgForContinuous=false, mIsBalAllow=true, mTaskNotInRecent=false, mIsPredictiveBackAnim=false, mIsMergedWithPredictive=false, mIsLaunchFromSpruce=false, mIsLaunchFromDrive=false, mGlobalSearchPageSwitch=false, mNeedNoAlphaGlobalSearchScene=false, mAssistScreenShowing=false, mSwipeUpBrowserScreenShowing=false, mUserIdTransition=0
04-11 12:27:57.463  8338  8381 V WindowManagerShell: , mInRemoteScene=false, mInPreReady=false, mPreStart=false, mToken=null, mAbortByRemoteFromHome=false, mShellApplyToken=null, mRequestTransitionTaskId=13089, mAbortTransitionOnShell=0, mStartFromShortcut=false, mRemovedTaskId=-1, mTransitionInterruptType=0, mMergeSecondTaskId=-1, mTaskIdStartFromRecents=0, mTransitionId=27126, mCanUseSpringSlideAnim=false, mTransitionLaunchFrom=0, mFoldChangeType=-1, mAnimStartingPosition=[0, 0, 0, 0], mIsOpeningStkDialogActivity=false, mSecondaryHomeToFrontWhenUnFolding=false, mIsNeedApplyStartTForEmbedded=false
04-11 12:27:57.463  8338  8381 V WindowManagerShell: , mNeedCanvasExitAnim=false, mMergeSecondTaskAnimation=false, mIsLaunchUnityStart=false, mIsLaunchFromAssistantByDefault=false, mSkipRemoteTransitionfalse, mIsStartFromKeyguard=false flags=0x0, mWCT=null, mIsOpenMergeToInValidPredictive=false, mPromoteTaskWhenKeyguard-1, mRootLayerZOrderArray={}}]}
04-11 12:27:57.463  8338  8381 V WindowManagerShell:  Checking filter Pair{{types=[] flags=0x0] notFlags=0x100 checks=[{atype=home independent=true modes=[OPEN,TO_FRONT] flags=NONE mustBeTask=false order=TOP topActivity=ComponentInfo{com.android.launcher/com.android.launcher.Launcher} launchCookie=null windowingMode=undefined},{atype=standard independent=true modes=[CLOSE,TO_BACK] flags=NONE mustBeTask=false order=ANY topActivity=null launchCookie=null windowingMode=undefined}]} RemoteTransition { remoteTransition = android.window.IRemoteTransition$Stub$Proxy@a5bfc11, appThread = android.app.IApplicationThread$Stub$Proxy@61db176, debugName = QuickstepLaunchHome }}
04-11 12:27:57.463  8338  8381 V WindowManagerShell:  Delegate animation for (#27126) to null
04-11 12:27:57.463  8338  8381 V WindowManagerShell: start default transition animation, info = {id=27126 t=OPEN f=0x0 trk=0 r=[0@Point(0, 0)] c=[{m=TO_FRONT f=MOVE_TO_TOP leash=Surface(name=Task=13089)/@0xf2b9170 sb=Rect(0, 0 - 1264, 2780) eb=Rect(0, 0 - 1264, 2780) epz=Point(1264, 2780) d=0 taskParent=-1},{m=TO_BACK f=NONE leash=Surface(name=Task=13163)/@0x87d3ce9 sb=Rect(0, 0 - 1264, 2780) eb=Rect(0, 0 - 1264, 2780) epz=Point(1264, 2780) d=0 taskParent=-1}] 
04-11 12:27:57.463  8338  8381 V WindowManagerShell: extendInfo=[
04-11 12:27:57.463  8338  8381 V WindowManagerShell:  OplusTransitionExtendedInfo{mTmpFinishT=null, mInOplusCompatMode=false, mIsProcessRunning=true, mHasMismatchBoundsTarget=false, mRecentsController=null, mRemoteTransition=null, mIsTranslucentActivityToHome=false, mAvoidInterceptKeyEventToHome=false, mIsFromHome=false, mParentLeash=null, mBackAnimClosingLeash=null, mIsOplusAnimRes=false, mKeepBgForContinuous=false, mIsBalAllow=true, mTaskNotInRecent=false, mIsPredictiveBackAnim=false, mIsMergedWithPredictive=false, mIsLaunchFromSpruce=false, mIsLaunchFromDrive=false, mGlobalSearchPageSwitch=false, mNeedNoAlphaGlobalSearchScene=false, mAssistScreenShowing=false, mSwipeUpBrowserScreenShowing=false, mUserIdTransition=0
04-11 12:27:57.463  8338  8381 V WindowManagerShell: , mInRemoteScene=false, mInPreReady=false, mPreStart=false, mToken=null, mAbortByRemoteFromHome=false, mShellApplyToken=null, mRequestTransitionTaskId=13089, mAbortTransitionOnShell=0, mStartFromShortcut=false, mRemovedTaskId=-1, mTransitionInterruptType=0, mMergeSecondTaskId=-1, mTaskIdStartFromRecents=0, mTransitionId=27126, mCanUseSpringSlideAnim=false, mTransitionLaunchFrom=0, mFoldChangeType=-1, mAnimStartingPosition=[0, 0, 0, 0], mIsOpeningStkDialogActivity=false, mSecondaryHomeToFrontWhenUnFolding=false, mIsNeedApplyStartTForEmbedded=false
04-11 12:27:57.463  8338  8381 V WindowManagerShell: , mNeedCanvasExitAnim=false, mMergeSecondTaskAnimation=false, mIsLaunchUnityStart=false, mIsLaunchFromAssistantByDefault=false, mSkipRemoteTransitionfalse, mIsStartFromKeyguard=false flags=0x0, mWCT=null, mIsOpenMergeToInValidPredictive=false, mPromoteTaskWhenKeyguard-1, mRootLayerZOrderArray={}}]}
04-11 12:27:57.463  8338  8381 D FSS_OplusFoldSwitchStateObserver: cancelAnimationIfNeedWhenFolding: foldChangeType = -1
04-11 12:27:57.463  6374  6445 E metis_v2_JenaHandlerManager: local thread match
04-11 12:27:57.463  8338  8381 W OplusShellTransition: no system app in targets, skip loading oplus animation.
04-11 12:27:57.463  3590  8061 V GrammaticalInflectionUtils: AttributionSource: android.content.AttributionSource@4f5f1f07 does not have READ_SYSTEM_GRAMMATICAL_GENDER permission.
04-11 12:27:57.463  3590  8061 D CompatChangeReporter: Compat change id reported: 151861875; UID 10099; state: ENABLED
04-11 12:27:57.464  8338  8381 V WindowManagerShell: loadAnimation: anim=android.view.animation.AnimationSet@6de8a2b animAttr=0x9 type=OPEN isEntrance=false
04-11 12:27:57.464  6374  6386 D SceneSDK.1.0.4-SNAPSHOT.6374.DeepThinkerAppSwitchAbility: onAppSwitchEvent: AppSwitchEvent(timeStamp=1775881677440, eventType=1, targetName=com.binance.monitor, firstStart=false, multiApp=false, windowMode=1, resumingPackageName=, resumingActivityName=, isResumingMultiApp=false, isResumingFirstStart=false)
04-11 12:27:57.464  6374  6386 I metis_v2_AppSwitchDataCollector: AppEnterEvent =  com.binance.monitor, windowMode = 1,firstStart = false
04-11 12:27:57.464  6374  6386 W metis_v2_AppSwitchDataCollector: fenceKey = com.oplus.metis:TOP_APPLICATION, getExits = [], getEnters = [] packageName = com.binance.monitor
04-11 12:27:57.464  6374  6386 W metis_v2_AppSwitchDataCollector: pid = 32357, cachePid=32357
04-11 12:27:57.464  8338  8381 I ndroid.systemui: AssetManager2(0xb4000070cfd3c328) locale list changing from [] to [zh-CN]
04-11 12:27:57.465  6374  6386 I metis_v2_AppSwitchDataCollector:  set isNotifiedTVCast
04-11 12:27:57.465  6374  6386 E metis_v2_FactManager: There is no subModel: com.oplus.linker
04-11 12:27:57.465  6374  6386 I metis_v2_AppSwitchDataCollector: Skip call fire
04-11 12:27:57.466  3590  3828 D AppProfilerExtImpl: Skipped pss collection for CPU busy
04-11 12:27:57.468  3590  3796 D TaskSnapshotCache: putSnapshot mRunningCache top= ActivityRecord{223848952 u0 com.mobilecodex.nativeapp/.MainActivity t13163}, mTaskId=13163, snapshot=TaskSnapshot{ mId=1775881677462 mCaptureTime=928892882209406 mTopActivityComponent=com.mobilecodex.nativeapp/.MainActivity mSnapshot=android.hardware.HardwareBuffer@1177777 (1264x2780) mColorSpace=sRGB IEC61966-2.1 (id=0, model=RGB) mOrientation=1 mRotation=0 mTaskSize=Point(1264, 2780) mOplusCompatMode=false mTopActivityBounds=[0,0][1264,2780] mHasDimLayer=false mContentInsets=[0,140][0,0] mLetterboxInsets=[0,0][0,0] mIsLowResolution=false mIsRealSnapshot=true mWindowingMode=1 mAppearance=8 mIsTranslucent=false mHasImeSurface=false mInternalReferences=2 mUiMode=21, mAppIdMap size= 2
04-11 12:27:57.468  3590  3792 V WindowManager: Sent Transition (#27126) createdAt=04-11 12:27:57.424 via request=TransitionRequestInfo { type = OPEN, triggerTask = TaskInfo{userId=0 taskId=13089 effectiveUid=10512 displayId=0 isRunning=true baseIntent=Intent { act=android.intent.action.MAIN cat=[android.intent.category.LAUNCHER] flg=0x10200000 cmp=com.binance.monitor/.launcher.IconFinancialAlias mCallingUid=10214 } baseActivity=ComponentInfo{com.binance.monitor/com.binance.monitor.ui.main.MainActivity} topActivity=ComponentInfo{com.binance.monitor/com.binance.monitor.ui.main.MainActivity} origActivity=ComponentInfo{com.binance.monitor/com.binance.monitor.launcher.IconFinancialAlias} realActivity=ComponentInfo{com.binance.monitor/com.binance.monitor.ui.main.MainActivity}
04-11 12:27:57.468  3590  3792 V WindowManager:  numActivities=1 lastActiveTime=928253982 supportsSplitScreenMultiWindow=true supportsMultiWindow=true supportsPocketStudioMultiWindow=true isInFlexibleEmbedded = false uid = 10512 pid = 32357 resizeMode=1 isResizeable=true minWidth=-1 minHeight=-1 defaultMinSize=220 token=WCT{RemoteToken{8f51364 Task{a10d0a5 #13089 type=standard A=10512:com.binance.monitor}}} topActivityType=1 pictureInPictureParams=null shouldDockBigOverlays=false launchIntoPipHostTaskId=-1 lastParentTaskIdBeforePip=-1 displayCutoutSafeInsets=Rect(0, 140 - 0, 0)
04-11 12:27:57.468  3590  3792 V WindowManager:  topActivityInfo=ActivityInfo{4761d94 com.binance.monitor.launcher.IconFinancialAlias} launchCookies=[] positionInParent=Point(0, 0) parentTaskId=-1 isFocused=false isVisible=false isVisibleRequested=false isTopActivityNoDisplay=false isSleeping=false locusId=null displayAreaFeatureId=1 isTopActivityTransparent=false isActivityStackTransparent=false lastNonFullscreenBounds=Rect(330, 828 - 935, 2092) capturedLink=null capturedLinkTimestamp=0 requestedVisibleTypes=-9 topActivityRequestOpenInBrowserEducationTimestamp=0
04-11 12:27:57.468  3590  3792 V WindowManager:  appCompatTaskInfo=AppCompatTaskInfo { topActivityInSizeCompat=false topActivityInOplusCompatMode=false eligibleForLetterboxEducation= false isLetterboxEducationEnabled= false isLetterboxDoubleTapEnabled= false eligibleForUserAspectRatioButton= false topActivityBoundsLetterboxed= false isFromLetterboxDoubleTap= false topActivityLetterboxVerticalPosition= -1 topActivityLetterboxHorizontalPosition= -1 topActivityLetterboxWidth=-1 topActivityLetterboxHeight=-1 topActivityAppBounds=Rect(0, 140 - 1264, 2780) isUserFullscreenOverrideEnabled=false isSystemFullscreenOverrideEnabled=false hasMinAspectRatioOverride=false topActivityLetterboxBounds=null cameraCompatTaskInfo=CameraCompatTaskInfo { freeformCameraCompatMode=inactive}} topActivityMainWindowFrame=null topActivityLetterboxInsets=Rect(0, 0 - 0, 0)
04-11 12:27:57.468  3590  3792 V WindowManager:  mOplusExtraBundle = Bundle[{androidx.flexible.taskFrame=Rect(0, 0 - 0, 0), topOpaqueSystemBarsAppearance=0, androidx.flexible.Alpha=1.0, androidx.activity.task.attach.blur=0, androidx.activity.LaunchInsensible=0, androidx.activity.LaunchCornerRadius=0, key_flexible_task_state=0, topActivitySupportAppInnerSplit=false, key_flexible_task_animating_type=-1, key_flexible_task_root_activity_processname=com.binance.monitor, androidx.activity.LaunchScenario=0, is_oplus_clone_task=false, flexible_super_mini_state=false, topRunningActivityHash=259948047, androidx.activity.LaunchScale=1.0, androidx.activity.LaunchShadowRadius=0, is_transient_hide_for_task_info=false, key_flexible_task_root_activity_pid=32357, key_flexible_task_root_activity_uid=10512}]}, pipChange = null, remoteTransition = null, displayChange = null, flags = 0, debugId = 27126 }
04-11 12:27:57.468  3590  3792 V WindowManager:     startWCT=WindowContainerTransaction { changes= {} hops= [] errorCallbackToken=null taskFragmentOrganizer=null }
04-11 12:27:57.468  3590  9001 V WindowManager: Relayout Window{b52e3af u0 com.binance.monitor/com.binance.monitor.launcher.IconFinancialAlias}: viewVisibility=0, oldvis=8, req=1264x2780 , apr = 0, vsysui=, x=0, y=0
04-11 12:27:57.468  3590  3792 V WindowManager:     info={id=27126 t=OPEN f=0x0 trk=0 r=[0@Point(0, 0)] c=[
04-11 12:27:57.468  3590  3792 V WindowManager:         {WCT{RemoteToken{8f51364 Task{a10d0a5 #13089 type=standard A=10512:com.binance.monitor}}} m=TO_FRONT f=MOVE_TO_TOP leash=Surface(name=Task=13089)/@0xd1fb646 sb=Rect(0, 0 - 1264, 2780) eb=Rect(0, 0 - 1264, 2780) epz=Point(1264, 2780) d=0 taskParent=-1},
04-11 12:27:57.468  3590  3792 V WindowManager:         {WCT{RemoteToken{29945be Task{7fffd36 #13163 type=standard A=10515:com.mobilecodex.nativeapp}}} m=TO_BACK f=NONE leash=Surface(name=Task=13163)/@0x591c010 sb=Rect(0, 0 - 1264, 2780) eb=Rect(0, 0 - 1264, 2780) epz=Point(1264, 2780) d=0 taskParent=-1}
04-11 12:27:57.468  3590  3792 V WindowManager:     ] 
04-11 12:27:57.468  3590  3792 V WindowManager: extendInfo=[
04-11 12:27:57.468  3590  3792 V WindowManager:  OplusTransitionExtendedInfo{mTmpFinishT=null, mInOplusCompatMode=false, mIsProcessRunning=true, mHasMismatchBoundsTarget=false, mRecentsController=null, mRemoteTransition=null, mIsTranslucentActivityToHome=false, mAvoidInterceptKeyEventToHome=false, mIsFromHome=false, mParentLeash=null, mBackAnimClosingLeash=null, mIsOplusAnimRes=false, mKeepBgForContinuous=false, mIsBalAllow=true, mTaskNotInRecent=false, mIsPredictiveBackAnim=false, mIsMergedWithPredictive=false, mIsLaunchFromSpruce=false, mIsLaunchFromDrive=false, mGlobalSearchPageSwitch=false, mNeedNoAlphaGlobalSearchScene=false, mAssistScreenShowing=false, mSwipeUpBrowserScreenShowing=false, mUserIdTransition=0
04-11 12:27:57.468  3590  3792 V WindowManager: , mInRemoteScene=false, mInPreReady=false, mPreStart=false, mToken=null, mAbortByRemoteFromHome=false, mShellApplyToken=null, mRequestTransitionTaskId=13089, mAbortTransitionOnShell=0, mStartFromShortcut=false, mRemovedTaskId=-1, mTransitionInterruptType=0, mMergeSecondTaskId=-1, mTaskIdStartFromRecents=0, mTransitionId=27126, mCanUseSpringSlideAnim=false, mTransitionLaunchFrom=0, mFoldChangeType=-1, mAnimStartingPosition=[0, 0, 0, 0], mIsOpeningStkDialogActivity=false, mSecondaryHomeToFrontWhenUnFolding=false, mIsNeedApplyStartTForEmbedded=false
04-11 12:27:57.468  3590  3792 V WindowManager: , mNeedCanvasExitAnim=false, mMergeSecondTaskAnimation=false, mIsLaunchUnityStart=false, mIsLaunchFromAssistantByDefault=false, mSkipRemoteTransitionfalse, mIsStartFromKeyguard=false flags=0x0, mWCT=null, mIsOpenMergeToInValidPredictive=false, mPromoteTaskWhenKeyguard-1, mRootLayerZOrderArray={}}]}
04-11 12:27:57.468  3590  9001 I WindowManager: Window{b52e3af u0 com.binance.monitor/com.binance.monitor.launcher.IconFinancialAlias} state from NO_SURFACE to DRAW_PENDING; reason: resetDrawState
04-11 12:27:57.469  3590  9001 D InsetsSourceProvider: updateSourceFrameForServerVisibility mandatorySystemGestures EMPTY_RECT
04-11 12:27:57.470  3590  8061 I OplusExSystemServiceHelper: connected :com.android.providers.media.oplus.deletereport.OplusDeleteEventService
04-11 12:27:57.470  3590  9001 D InsetsSourceProvider: updateSourceFrameForServerVisibility mandatorySystemGestures EMPTY_RECT
04-11 12:27:57.470  3590  9001 I TaskOrganizerController: onTaskInfoChanged taskid 13089 config { mBounds=Rect(0, 0 - 1264, 2780) mAppBounds=Rect(0, 0 - 1264, 2780) mMaxBounds=Rect(0, 0 - 1264, 2780) mDisplayRotation=ROTATION_0 mWindowingMode=fullscreen mActivityType=standard mAlwaysOnTop=undefined mRotation=ROTATION_0}
04-11 12:27:57.470  3590  9001 D OplusVisibleTasks:  notifyTasksNumChange no need to notify.
04-11 12:27:57.470  3590  9001 D OplusFlexibleDragToSplitAnimController: visibleFlexibleTaskInfos delete:13089
04-11 12:27:57.470  3590  9001 E FlexibleWindowManagerService: notifyTaskObserverToAttachController not need to notify!
04-11 12:27:57.470  3590  9001 I FlexibleWindowManagerService: onFlexibleWindowTaskInfoChanged, return for cur task not embedded
04-11 12:27:57.470  3590  9001 D WindowManager: NFW_findFocusedWindowIfNeeded:Window{b52e3af u0 com.binance.monitor/com.binance.monitor.launcher.IconFinancialAlias} mCurrentFocus:null
04-11 12:27:57.470  3590  9001 V WindowManager: Changing focus from null to Window{b52e3af u0 com.binance.monitor/com.binance.monitor.launcher.IconFinancialAlias},diplayid=0
04-11 12:27:57.470  3590  3875 D VRR [OPlusSurfaceFlingerController]:  setComplexSceneEnable : false
04-11 12:27:57.470  3590  7998 I [UAH_CLIENT]: uahRuleCtl, ruleId:206, status:3
04-11 12:27:57.471  3590  9001 D Theia.NoFocusWindow: FocusWindowErrorScene cancelCheckFreezeScreen
04-11 12:27:57.471  3590  9001 W TheiaWindowMonitor: [check] focusedWindow is null or enable is false
04-11 12:27:57.471 32357 32357 D VRI[IconFinancialAlias]: relayoutWindow result, sizeChanged:false, surfaceControlChanged:true, transformHintChanged:false, mSurfaceSize:Point(1264, 2780), mLastSurfaceSize:Point(1264, 2780), mWidth:1264, mHeight:2780, requestedWidth:1264, requestedHeight:2780, transformHint:0, installOrientation:0, displayRotation:0, isSurfaceValid:true, attr.flag:-2122252032, tmpFrames:ClientWindowFrames{frame=[0,0][1264,2780] display=[0,0][1264,2780] parentFrame=[0,0][0,0]}, relayoutAsync:false, mSyncSeqId:0
04-11 12:27:57.471 32357 32357 W VRI[IconFinancialAlias]: updateBlastSurfaceIfNeeded, surfaceSize:Point(1264, 2780), lastSurfaceSize:Point(1264, 2780), format:-3, blastBufferQueue:null
04-11 12:27:57.471 32357 32357 D BufferQueueConsumer: [](id:7e6500000048,api:0,p:-1,c:32357) connect: controlledByApp=false
04-11 12:27:57.471 32357 32357 D BufferQueueConsumer: [VRI[IconFinancialAlias]#72(BLAST Consumer)72](id:7e6500000048,api:0,p:-1,c:32357) setMaxAcquiredBufferCount: 2
04-11 12:27:57.471  8338  8381 I ndroid.systemui: AssetManager2(0xb400007064bfca28) locale list changing from [] to [zh-CN]
04-11 12:27:57.471  3590  3796 D SurfaceComposerClient: Transaction::apply InputWindowCommands.focusRequests timestamp=881036845802449, windowName=b52e3af com.binance.monitor/com.binance.monitor.launcher.IconFinancialAlias
04-11 12:27:57.471 11108 25805 D OplusDeleteEventReport: json string is empty, return
04-11 12:27:57.472  8338  8381 D OplusShellTransition: default transition handler transfer value refresh rate rect:Rect(0, 0 - 1264, 2780)
04-11 12:27:57.472  8338  8338 I SystemUi--NavBar: NavigationBarGestureExImpl-->oplusAllowSystemGestureIgnoringBarVisibility isOplusFlagAllowBackGestureIgnoreVisibilityState = false isGestureMisTouchPreventionEnable = true
04-11 12:27:57.472  8338  8381 D OplusShellTransition: startAnimation transitionToken=android.os.BinderProxy@f0b22d4
04-11 12:27:57.472  8338  8381 D AdfrV32FrameRateUtils: getAnimationVelocityCalculator, leash=Surface(name=Task=13163)/@0x87d3ce9, transaction=android.view.SurfaceControl$Transaction@c85a9a9, typeId=20101, typeEnable=false
04-11 12:27:57.472  8730  8730 W OPLUS_LOG_LOAD: ==LOGS PROG INFO, prog(com.android.launcher) ==
04-11 12:27:57.472  8730  8730 W System.err: java.lang.NoSuchFieldException: No field mSnapshotBundle in class Landroid/window/TaskSnapshot; (declaration of 'android.window.TaskSnapshot' appears in /system/framework/framework.jar!classes5.dex)
04-11 12:27:57.473  8730  8730 W System.err: 	at java.lang.Class.getDeclaredField(Native Method)
04-11 12:27:57.473  8730  8730 W System.err: 	at com.oplus.basecommon.util.ReflectUtil.getFieldValue(SourceFile:4)
04-11 12:27:57.473  8730  8730 W System.err: 	at com.oplus.basecommon.util.ReflectUtil.getFieldValue(SourceFile:1)
04-11 12:27:57.473  8730  8730 W System.err: 	at com.oplus.basecommon.util.ReflectUtil.getRefBundle(Unknown Source:0)
04-11 12:27:57.473  8730  8730 W System.err: 	at com.android.systemui.shared.recents.model.ThumbnailData.<init>(SourceFile:31)
04-11 12:27:57.473  8730  8730 W System.err: 	at com.android.systemui.shared.system.TaskStackChangeListeners$Impl.lambda$handleMessage$1(Unknown Source:22)
04-11 12:27:57.473  8730  8730 W System.err: 	at com.android.systemui.shared.system.TaskStackChangeListeners$Impl.b(Unknown Source:0)
04-11 12:27:57.473  8730  8730 W System.err: 	at com.android.systemui.shared.system.l.run(Unknown Source:6)
04-11 12:27:57.473  8730  8730 W System.err: 	at com.android.quickstep.OplusTaskThumbnailCacheImpl.callTaskSnapshotChanged(Unknown Source:62)
04-11 12:27:57.473  8338  8381 W OplusShellTransition: no system app in targets, skip loading oplus animation.
04-11 12:27:57.473  8730  8730 W System.err: 	at com.android.systemui.shared.system.TaskStackChangeListeners$Impl.handleMessage(Unknown Source:632)
04-11 12:27:57.473  8730  8730 W System.err: 	at android.os.Handler.dispatchMessage(Handler.java:111)
04-11 12:27:57.473  8730  8730 W System.err: 	at android.os.Looper.loopOnce(Looper.java:302)
04-11 12:27:57.473  8730  8730 W System.err: 	at android.os.Looper.loop(Looper.java:412)
04-11 12:27:57.473  8730  8730 W System.err: 	at com.android.launcher.monitor.exception.MainThreadExceptionMonitor.startWatching$lambda$2(Unknown Source:14)
04-11 12:27:57.473  8730  8730 W System.err: 	at com.android.launcher.monitor.exception.MainThreadExceptionMonitor.a(Unknown Source:0)
04-11 12:27:57.473  8730  8730 W System.err: 	at com.android.launcher.batchdrag.g.run(Unknown Source:92)
04-11 12:27:57.473  8730  8730 W System.err: 	at android.os.Handler.handleCallback(Handler.java:1027)
04-11 12:27:57.473  8730  8730 W System.err: 	at android.os.Handler.dispatchMessage(Handler.java:108)
04-11 12:27:57.473  8730  8730 W System.err: 	at android.os.Looper.loopOnce(Looper.java:302)
04-11 12:27:57.473  8730  8730 W System.err: 	at android.os.Looper.loop(Looper.java:412)
04-11 12:27:57.473  8730  8730 W System.err: 	at android.app.ActivityThread.main(ActivityThread.java:9998)
04-11 12:27:57.473  8730  8730 W System.err: 	at java.lang.reflect.Method.invoke(Native Method)
04-11 12:27:57.473  8730  8730 W System.err: 	at com.android.internal.os.RuntimeInit$MethodAndArgsCaller.run(RuntimeInit.java:613)
04-11 12:27:57.473  8730  8730 W System.err: 	at com.android.internal.os.ZygoteInit.main(ZygoteInit.java:1074)
04-11 12:27:57.473  8730  9060 I SystemUiProxy: SystemUiProxy#getRecentTasks isInGoRecentsAnim: false
04-11 12:27:57.473  8338  8381 V WindowManagerShell: loadAnimation: anim=android.view.animation.AnimationSet@8b99e07 animAttr=0x8 type=OPEN isEntrance=true
04-11 12:27:57.473  8338  8381 D OplusShellTransition: default transition handler transfer value refresh rate rect:Rect(0, 0 - 1264, 2780)
04-11 12:27:57.473  8338  8381 D OplusShellTransition: startAnimation transitionToken=android.os.BinderProxy@f0b22d4
04-11 12:27:57.473  8338  8381 D AdfrV32FrameRateUtils: getAnimationVelocityCalculator, leash=Surface(name=Task=13089)/@0xf2b9170, transaction=android.view.SurfaceControl$Transaction@c85a9a9, typeId=20101, typeEnable=false
04-11 12:27:57.473  8338  8381 D OplusShellTransition: addBackgroundColorOnTask, , isTaskLevelTransition = true, hasBgAlready = false
04-11 12:27:57.473  8338  8381 V WindowManagerShell:  animated by com.android.wm.shell.transition.DefaultTransitionHandler@423c8cd
04-11 12:27:57.473  8338  8381 D OplusShellTransition: dispatchTransition, animated mHandler: com.android.wm.shell.transition.DefaultTransitionHandler@423c8cd
04-11 12:27:57.473  8338  8381 D ShellTaskOrganizerExt: visibleFlexibleTaskInfos delete:13089
04-11 12:27:57.473  8338  8381 D ShellTaskOrganizerExt: isOnCanvas size:0
04-11 12:27:57.473  8338  8381 D ShellTaskOrganizerExt: isOnThreeFlexibleCanvas size:0
04-11 12:27:57.473  8338  8397 D AdfrV32FrameRateUtils: animationVelocityCalculator: nullbounds: 0 0 1264 2780
04-11 12:27:57.474  8338  8397 D AdfrV32FrameRateUtils: animationVelocityCalculator: nullbounds: 0 0 1264 2780
04-11 12:27:57.474  3590  9001 D ActivityTaskManager: Skipping, invisible task: Task{735fad8 #2 type=undefined I=com.android.launcher/.Launcher}
04-11 12:27:57.474  3590  9001 D ActivityTaskManager: after skip size:7,pre-Filtered:com.binance.monitor # com.mobilecodex.nativeapp # com.tencent.mm # com.ss.android.ugc.aweme # com.v2ray.ang # com.smzdm.client.android # com.binance.dev # 
04-11 12:27:57.474  2014  2014 D Zygote  : Forked child process 25807
04-11 12:27:57.474 32357 32399 D BufferQueueProducer: [VRI[IconFinancialAlias]#72(BLAST Consumer)72](id:7e6500000048,api:1,p:32357,c:32357) connect: api=1 producerControlledByApp=true
04-11 12:27:57.474  3590  3837 I ActivityManager: Start proc 25807:com.oplus.statistics.rom:cc/u0a99 for content provider {com.oplus.statistics.rom/com.oplus.dcc.cloudctl.CloudCtlContentProvider}
04-11 12:27:57.474  3590  3793 I ActivityManager: ProcessObserver broadcast disabled
04-11 12:27:57.475  3590  3837 W ContextImpl: Calling a method in the system process without a qualified user: android.app.ContextImpl.sendBroadcast:1281 com.android.server.am.OplusAppStartupConfig.sendAbnormalNotify:2301 com.android.server.am.OplusAppStartupConfig.notifyAbnormalInfo:2234 com.android.server.am.OplusAppStartupManager.handleStartAppInfo:5824 com.android.server.am.ProcessListExtImpl.hookHandleProcessStart:338 
04-11 12:27:57.475  3590  7167 I MemoryOperationUtils: add 25807 to inactive
04-11 12:27:57.476 32357 32357 I SurfaceControl:  setExtendedRangeBrightness sc=Surface(name=com.binance.monitor/com.binance.monitor.launcher.IconFinancialAlias)/@0x368cceb,currentBufferRatio=1.0,desiredRatio=1.0
04-11 12:27:57.477  8338  8397 D AdfrV32FrameRateUtils: animationVelocityCalculator: nullbounds: 0 0 1264 2780
04-11 12:27:57.477  8338  8397 D AdfrV32FrameRateUtils: animationVelocityCalculator: nullbounds: 0 0 1264 2780
04-11 12:27:57.482  2399  3200 D SurfaceFlinger: updateWinowInfo=1, setFocusedWindow timestamp=881036845802449, windowName=b52e3af com.binance.monitor/com.binance.monitor.launcher.IconFinancialAlias
04-11 12:27:57.482  3590  8837 I InputDispatcher: NFW_setFocusedWindow, b52e3af com.binance.monitor/com.binance.monitor.launcher.IconFinancialAlias on display 0, same as the previous:0
04-11 12:27:57.482  3590  8848 I BLASTSyncEngine: onCommitted syncId: 27126, timeout: false ran: false
04-11 12:27:57.484 25807 25807 I atistics.rom:cc: isSwordfishLaunchAppEnabled_ 1 isSwordfishInstallAppEnabled_ 1
04-11 12:27:57.484 25807 25807 E atistics.rom:cc: Unknown bits set in runtime_flags: 0x40000000
04-11 12:27:57.484 25807 25807 I atistics.rom:cc: Using CollectorTypeCMC GC.
