04-12 01:13:04.137  8338  8422 W VRI[monitor]: updateBlastSurfaceIfNeeded, surfaceSize:Point(1264, 2780), lastSurfaceSize:Point(0, 0), format:-3, blastBufferQueue:null
04-12 01:13:04.137  8338  8422 D BufferQueueConsumer: [](id:209200004f1d,api:0,p:-1,c:8338) connect: controlledByApp=false
04-12 01:13:04.137  8338  8422 D BufferQueueConsumer: [VRI[monitor]#20244(BLAST Consumer)20244](id:209200004f1d,api:0,p:-1,c:8338) setMaxAcquiredBufferCount: 2
04-12 01:13:04.138  8338  8546 D BufferQueueProducer: [VRI[monitor]#20244(BLAST Consumer)20244](id:209200004f1d,api:1,p:8338,c:8338) connect: api=1 producerControlledByApp=true
04-12 01:13:04.138  8338  8422 I SurfaceControl:  setExtendedRangeBrightness sc=Surface(name=Splash Screen com.binance.monitor)/@0x43fdf63,currentBufferRatio=1.0,desiredRatio=1.0
04-12 01:13:04.141  8338  8546 D BLASTBufferQueue: [VRI[monitor]#20244](f:0,a:1) acquireNextBufferLocked size=1264x2780 mFrameNumber=1 applyTransaction=true mTimestamp=924645304822064(auto) mPendingTransactions.size=0 graphicBufferId=35811437819284 transform=0
04-12 01:13:04.141  8338  8546 D VRI[monitor]: Received frameCommittedCallback lastAttemptedDrawFrameNum=1 didProduceBuffer=true syncBuffer=false
04-12 01:13:04.141  8338  8422 D VRI[monitor]: draw finished. seqId=0
04-12 01:13:04.141  2258  2258 D SensorFeature: name=ssc_screenshot_info ,index = 22
04-12 01:13:04.142  2258  2258 D SensorFeature: write 39 bytes:974798583089855,974799555563708,29567,0
04-12 01:13:04.141 31147 31147 I binance.monitor: isSwordfishLaunchAppEnabled_ 1 isSwordfishInstallAppEnabled_ 1
04-12 01:13:04.142 31147 31147 I binance.monitor: Late-enabling -Xcheck:jni
04-12 01:13:04.142  3590  7162 D WindowManager: onSyncFinishedDrawing: Window{4d736a0 u0 Splash Screen com.binance.monitor}
04-12 01:13:04.142  3590  7162 I WindowManager: finishDrawing skipLayout:false,syncSeqId=0,mPrepareSyncSeqId=0 Window{4d736a0 u0 Splash Screen com.binance.monitor} com.android.server.wm.WindowManagerService.finishDrawingWindow:3217 com.android.server.wm.Session.finishDrawing:399 android.view.IWindowSession$Stub.onTransact:793 
04-12 01:13:04.142  3590  7162 I WindowManager: Window{4d736a0 u0 Splash Screen com.binance.monitor} state from DRAW_PENDING to COMMIT_DRAW_PENDING; reason: finishDrawingLocked
04-12 01:13:04.142  3590  3796 D InsetsSourceProvider: updateSourceFrameForServerVisibility mandatorySystemGestures EMPTY_RECT
04-12 01:13:04.143  3590  3796 D InsetsSourceProvider: updateSourceFrameForServerVisibility mandatorySystemGestures EMPTY_RECT
04-12 01:13:04.143  3590  3796 I WindowManager: Window{4d736a0 u0 Splash Screen com.binance.monitor} state from COMMIT_DRAW_PENDING to READY_TO_SHOW; reason: commitFinishDrawingLocked
04-12 01:13:04.143  3590  3796 D ActivityTaskManager: onStartingWindowDrawn: app=null, mStartingData=SplashScreenStartingData{83dbe1e removeAfterTransaction= 0}, finishing=false,mLaunchedFromBubble=false, mVisibleRequested=true, mDisplayContent=Display{#0 state=ON size=1264x2780 ROTATION_0}, isZoomMode=false
04-12 01:13:04.143  3590  3796 D ActivityTaskManager: commitVisibility: ActivityRecord{215839126 u0 com.binance.monitor/.ui.main.MainActivity t13213}: visible=true visibleRequested=true, isInTransition=true 
04-12 01:13:04.143  3590  3796 I WindowManager: Window{4d736a0 u0 Splash Screen com.binance.monitor} state from READY_TO_SHOW to HAS_DRAWN; reason: performShowLocked
04-12 01:13:04.143  3590  3796 I WindowStateExtImpl: onSurfaceShowChange show = true mPackageName = com.binance.monitor parentPkgName = com.binance.monitor
04-12 01:13:04.143  3590  3796 D CoreBackPreview:  return markWindowHasDrawn mComposed: false  mWaitTransition: false
04-12 01:13:04.143  3590  3796 E OplusAppQuickStart_AppQuickStartController: not start from launcher transition:27636
04-12 01:13:04.143  3590  3796 D Transition: collectOrderChanges onTopTasksEnd: [Task{defe904 #13213 type=standard A=10512:com.binance.monitor}], reportedOnTop:null, mOnTopTasksStart: [Task{defe904 #13213 type=standard A=10512:com.binance.monitor}], TDA child: [Task{2ae848 #3 type=undefined}, Task{dfd0936 #13193 type=standard A=99910345:com.tencent.mm}, Task{ce7aac2 #13196 type=standard A=10296:com.coloros.filemanager}, Task{faa1241 #13200 type=standard A=10103:android.task.contacts}, Task{1abb46b #12626 type=standard A=10345:com.tencent.mm}, Task{6450600 #13210 type=standard A=10516:com.mobilecodex.nativeapp}, Task{1b9ad4c #1 type=home}, Task{defe904 #13213 type=standard A=10512:com.binance.monitor}]
04-12 01:13:04.143  3590  3796 D OplusFlexibleActivityTransitionManager: fixTransitType type result:1, targets: [ChangeInfo{465798a container=Task{defe904 #13213 type=standard A=10512:com.binance.monitor} flags=0x10}, ChangeInfo{4f8fbfb container=Task{1b9ad4c #1 type=home} flags=0x10}]
04-12 01:13:04.144  2014  2014 D Zygote  : Forked child process 31152
04-12 01:13:04.144  3590  3796 D OplusTransitionAnimationManager: activityRecordCount0fullScreenArBeHindStartingWindow null
04-12 01:13:04.144  3590  3837 I ActivityManager: Start proc 31152:com.qualcomm.qti.workloadclassifier/u0a255 for broadcast {com.qualcomm.qti.workloadclassifier/com.qualcomm.qti.workloadclassifier.WLCReceiver}
04-12 01:13:04.144  3590  3837 D OplusAppStartupManager: Now Begin Monitor App StartInfo's Time == 974799558
04-12 01:13:04.144  3590  3793 I ActivityManager: ProcessObserver broadcast disabled
04-12 01:13:04.144  3590  3796 D OplusTransitionAnimationManager: activityRecordCount0fullScreenArBeHindStartingWindow null
04-12 01:13:04.144  3590  3796 D QuickBackInputPolicy: resetInputInterceptState for remoteTransition: false
04-12 01:13:04.144  3590  9766 I OStatsManager_OplusBatteryStatsManager: updateStateTime: PkgName = com.qualcomm.qti.workloadclassifier, uid = 10255, state to bg, mForegroundCnt = 0, isFg = false
04-12 01:13:04.144  3590  3796 D OplusTransitionController: onTransactionReady, transition: 27636, info: {id=27636 t=OPEN f=0x0 trk=0 r=[0@Point(0, 0)] c=[{WCT{RemoteToken{3522b93 Task{defe904 #13213 type=standard A=10512:com.binance.monitor}}} m=OPEN f=NONE leash=Surface(name=Task=13213)/@0x1d15cd7 sb=Rect(0, 0 - 1264, 2780) eb=Rect(0, 0 - 1264, 2780) epz=Point(1264, 2780) d=0 taskParent=-1},{WCT{RemoteToken{4daf3e9 Task{1b9ad4c #1 type=home}}} m=TO_BACK f=SHOW_WALLPAPER leash=Surface(name=Task=1)/@0x621c470 sb=Rect(0, 0 - 1264, 2780) eb=Rect(0, 0 - 1264, 2780) epz=Point(1264, 2780) d=0 taskParent=-1}] 
04-12 01:13:04.144  3590  3796 D OplusTransitionController: extendInfo=[
04-12 01:13:04.144  3590  3796 D OplusTransitionController:  OplusTransitionExtendedInfo{mTmpFinishT=null, mInOplusCompatMode=false, mIsProcessRunning=false, mHasMismatchBoundsTarget=false, mRecentsController=null, mRemoteTransition=null, mIsTranslucentActivityToHome=false, mAvoidInterceptKeyEventToHome=false, mIsFromHome=false, mParentLeash=null, mBackAnimClosingLeash=null, mIsOplusAnimRes=false, mKeepBgForContinuous=false, mIsBalAllow=true, mTaskNotInRecent=false, mIsPredictiveBackAnim=false, mIsMergedWithPredictive=false, mIsLaunchFromSpruce=false, mIsLaunchFromDrive=false, mGlobalSearchPageSwitch=false, mNeedNoAlphaGlobalSearchScene=false, mAssistScreenShowing=false, mSwipeUpBrowserScreenShowing=false, mUserIdTransition=0
04-12 01:13:04.144  3590  3796 D OplusTransitionController: , mInRemoteScene=false, mInPreReady=false, mPreStart=false, mToken=null, mAbortByRemoteFromHome=false, mShellApplyToken=null, mRequestTransitionTaskId=13213, mAbortTransitionOnShell=0, mStartFromShortcut=false, mRemovedTaskId=-1, mTransitionInterruptType=0, mMergeSecondTaskId=-1, mTaskIdStartFromRecents=0, mTransitionId=27636, mCanUseSpringSlideAnim=false, mTransitionLaunchFrom=0, mFoldChangeType=-1, mAnimStartingPosition=[0, 0, 0, 0], mIsOpeningStkDialogActivity=false, mSecondaryHomeToFrontWhenUnFolding=false, mIsNeedApplyStartTForEmbedded=false
04-12 01:13:04.144  3590  3796 D OplusTransitionController: , mNeedCanvasExitAnim=false, mMergeSecondTaskAnimation=false, mIsLaunchUnityStart=false, mIsLaunchFromAssistantByDefault=false, mSkipRemoteTransitionfalse, mIsStartFromKeyguard=false flags=0x0, mWCT=null, mIsOpenMergeToInValidPredictive=false, mPromoteTaskWhenKeyguard-1, mRootLayerZOrderArray={}}]}, targets : [ChangeInfo{465798a container=Task{defe904 #13213 type=standard A=10512:com.binance.monitor} flags=0x10}, ChangeInfo{4f8fbfb container=Task{1b9ad4c #1 type=home} flags=0x10}], participants: {WallpaperWindowToken{3abc1ac showWhenLocked=false}, ActivityRecord{75462386 u0 com.android.launcher/.Launcher t2}, WallpaperWindowToken{a06f6f8 showWhenLocked=true}, ActivityRecord{215839126 u0 com.binance.monitor/.ui.main.MainActivity t13213}, Task{defe904 #13213 type=standard A=10512:com.binance.monitor}}
04-12 01:13:04.145  3590  7167 I MemoryOperationUtils: add 31152 to inactive
04-12 01:13:04.145 15031 15220 I Quality-ScreenOnOffLogProcessor: withInScreenOnOffRange mIsScreenOn:true refTime:1775927584120 mRecentScreenOnTime:1775927242814 mRecentScreenOffTime:1775927165884
04-12 01:13:04.145  3590  3792 V WindowManager: Sent Transition (#27636) createdAt=04-12 01:13:04.115 via request=TransitionRequestInfo { type = OPEN, triggerTask = TaskInfo{userId=0 taskId=13213 effectiveUid=10512 displayId=0 isRunning=true baseIntent=Intent { flg=0x10000000 cmp=com.binance.monitor/.ui.main.MainActivity mCallingUid=2000 } baseActivity=ComponentInfo{com.binance.monitor/com.binance.monitor.ui.main.MainActivity} topActivity=ComponentInfo{com.binance.monitor/com.binance.monitor.ui.main.MainActivity} origActivity=null realActivity=ComponentInfo{com.binance.monitor/com.binance.monitor.ui.main.MainActivity}
04-12 01:13:04.145  3590  3792 V WindowManager:  numActivities=1 lastActiveTime=974799534 supportsSplitScreenMultiWindow=true supportsMultiWindow=true supportsPocketStudioMultiWindow=true isInFlexibleEmbedded = false uid = 10512 pid = 0 resizeMode=1 isResizeable=true minWidth=-1 minHeight=-1 defaultMinSize=220 token=WCT{RemoteToken{3522b93 Task{defe904 #13213 type=standard A=10512:com.binance.monitor}}} topActivityType=1 pictureInPictureParams=null shouldDockBigOverlays=false launchIntoPipHostTaskId=-1 lastParentTaskIdBeforePip=-1 displayCutoutSafeInsets=Rect(0, 140 - 0, 0)
04-12 01:13:04.145  3590  3792 V WindowManager:  topActivityInfo=ActivityInfo{9f587d0 com.binance.monitor.ui.main.MainActivity} launchCookies=[] positionInParent=Point(0, 0) parentTaskId=-1 isFocused=false isVisible=false isVisibleRequested=false isTopActivityNoDisplay=false isSleeping=false locusId=null displayAreaFeatureId=1 isTopActivityTransparent=false isActivityStackTransparent=false lastNonFullscreenBounds=Rect(330, 828 - 935, 2092) capturedLink=null capturedLinkTimestamp=0 requestedVisibleTypes=-9 topActivityRequestOpenInBrowserEducationTimestamp=0
04-12 01:13:04.145  3590  3792 V WindowManager:  appCompatTaskInfo=AppCompatTaskInfo { topActivityInSizeCompat=false topActivityInOplusCompatMode=false eligibleForLetterboxEducation= false isLetterboxEducationEnabled= false isLetterboxDoubleTapEnabled= false eligibleForUserAspectRatioButton= false topActivityBoundsLetterboxed= false isFromLetterboxDoubleTap= false topActivityLetterboxVerticalPosition= -1 topActivityLetterboxHorizontalPosition= -1 topActivityLetterboxWidth=-1 topActivityLetterboxHeight=-1 topActivityAppBounds=Rect(0, 140 - 1264, 2780) isUserFullscreenOverrideEnabled=false isSystemFullscreenOverrideEnabled=false hasMinAspectRatioOverride=false topActivityLetterboxBounds=null cameraCompatTaskInfo=CameraCompatTaskInfo { freeformCameraCompatMode=inactive}} topActivityMainWindowFrame=null topActivityLetterboxInsets=Rect(0, 0 - 0, 0)
04-12 01:13:04.145  3590  3792 V WindowManager:  mOplusExtraBundle = Bundle[{androidx.flexible.taskFrame=Rect(0, 0 - 0, 0), androidx.flexible.Alpha=1.0, androidx.activity.task.attach.blur=0, androidx.activity.LaunchInsensible=0, androidx.activity.LaunchCornerRadius=0, key_flexible_task_state=0, topActivitySupportAppInnerSplit=false, key_flexible_task_animating_type=-1, key_flexible_task_root_activity_processname=com.binance.monitor, androidx.activity.LaunchScenario=0, is_oplus_clone_task=false, flexible_super_mini_state=false, topRunningActivityHash=215839126, androidx.activity.LaunchScale=1.0, androidx.activity.LaunchShadowRadius=0, is_transient_hide_for_task_info=false, key_flexible_task_root_activity_pid=0, key_flexible_task_root_activity_uid=10512}]}, pipChange = null, remoteTransition = null, displayChange = null, flags = 0, debugId = 27636 }
04-12 01:13:04.145  3590  3792 V WindowManager:     startWCT=WindowContainerTransaction { changes= {} hops= [] errorCallbackToken=null taskFragmentOrganizer=null }
04-12 01:13:04.145  3590  3792 V WindowManager:     info={id=27636 t=OPEN f=0x0 trk=0 r=[0@Point(0, 0)] c=[
04-12 01:13:04.145  3590  3792 V WindowManager:         {WCT{RemoteToken{3522b93 Task{defe904 #13213 type=standard A=10512:com.binance.monitor}}} m=OPEN f=NONE leash=Surface(name=Task=13213)/@0x1d15cd7 sb=Rect(0, 0 - 1264, 2780) eb=Rect(0, 0 - 1264, 2780) epz=Point(1264, 2780) d=0 taskParent=-1},
04-12 01:13:04.145  3590  3792 V WindowManager:         {WCT{RemoteToken{4daf3e9 Task{1b9ad4c #1 type=home}}} m=TO_BACK f=SHOW_WALLPAPER leash=Surface(name=Task=1)/@0x621c470 sb=Rect(0, 0 - 1264, 2780) eb=Rect(0, 0 - 1264, 2780) epz=Point(1264, 2780) d=0 taskParent=-1}
04-12 01:13:04.145  3590  3792 V WindowManager:     ] 
04-12 01:13:04.145  3590  3792 V WindowManager: extendInfo=[
04-12 01:13:04.145  3590  3792 V WindowManager:  OplusTransitionExtendedInfo{mTmpFinishT=null, mInOplusCompatMode=false, mIsProcessRunning=false, mHasMismatchBoundsTarget=false, mRecentsController=null, mRemoteTransition=null, mIsTranslucentActivityToHome=false, mAvoidInterceptKeyEventToHome=false, mIsFromHome=false, mParentLeash=null, mBackAnimClosingLeash=null, mIsOplusAnimRes=false, mKeepBgForContinuous=false, mIsBalAllow=true, mTaskNotInRecent=false, mIsPredictiveBackAnim=false, mIsMergedWithPredictive=false, mIsLaunchFromSpruce=false, mIsLaunchFromDrive=false, mGlobalSearchPageSwitch=false, mNeedNoAlphaGlobalSearchScene=false, mAssistScreenShowing=false, mSwipeUpBrowserScreenShowing=false, mUserIdTransition=0
04-12 01:13:04.145  3590  3792 V WindowManager: , mInRemoteScene=false, mInPreReady=false, mPreStart=false, mToken=null, mAbortByRemoteFromHome=false, mShellApplyToken=null, mRequestTransitionTaskId=13213, mAbortTransitionOnShell=0, mStartFromShortcut=false, mRemovedTaskId=-1, mTransitionInterruptType=0, mMergeSecondTaskId=-1, mTaskIdStartFromRecents=0, mTransitionId=27636, mCanUseSpringSlideAnim=false, mTransitionLaunchFrom=0, mFoldChangeType=-1, mAnimStartingPosition=[0, 0, 0, 0], mIsOpeningStkDialogActivity=false, mSecondaryHomeToFrontWhenUnFolding=false, mIsNeedApplyStartTForEmbedded=false
04-12 01:13:04.145  3590  3792 V WindowManager: , mNeedCanvasExitAnim=false, mMergeSecondTaskAnimation=false, mIsLaunchUnityStart=false, mIsLaunchFromAssistantByDefault=false, mSkipRemoteTransitionfalse, mIsStartFromKeyguard=false flags=0x0, mWCT=null, mIsOpenMergeToInValidPredictive=false, mPromoteTaskWhenKeyguard-1, mRootLayerZOrderArray={}}]}
04-12 01:13:04.145  8338  8363 V WindowManagerShell: onTransitionReady(transaction=15418935265712)
04-12 01:13:04.145  8338  8381 V WindowManagerShell: onTransitionReady (#27636) android.os.BinderProxy@4413856: {id=27636 t=OPEN f=0x0 trk=0 r=[0@Point(0, 0)] c=[
04-12 01:13:04.145  8338  8381 V WindowManagerShell:         {m=OPEN f=NONE leash=Surface(name=Task=13213)/@0x267d7db sb=Rect(0, 0 - 1264, 2780) eb=Rect(0, 0 - 1264, 2780) epz=Point(1264, 2780) d=0 taskParent=-1},
04-12 01:13:04.145  8338  8381 V WindowManagerShell:         {m=TO_BACK f=SHOW_WALLPAPER leash=Surface(name=Task=1)/@0x85dd278 sb=Rect(0, 0 - 1264, 2780) eb=Rect(0, 0 - 1264, 2780) epz=Point(1264, 2780) d=0 taskParent=-1}
04-12 01:13:04.145  8338  8381 V WindowManagerShell:     ] 
04-12 01:13:04.145  8338  8381 V WindowManagerShell: extendInfo=[
04-12 01:13:04.145  8338  8381 V WindowManagerShell:  OplusTransitionExtendedInfo{mTmpFinishT=null, mInOplusCompatMode=false, mIsProcessRunning=false, mHasMismatchBoundsTarget=false, mRecentsController=null, mRemoteTransition=null, mIsTranslucentActivityToHome=false, mAvoidInterceptKeyEventToHome=false, mIsFromHome=false, mParentLeash=null, mBackAnimClosingLeash=null, mIsOplusAnimRes=false, mKeepBgForContinuous=false, mIsBalAllow=true, mTaskNotInRecent=false, mIsPredictiveBackAnim=false, mIsMergedWithPredictive=false, mIsLaunchFromSpruce=false, mIsLaunchFromDrive=false, mGlobalSearchPageSwitch=false, mNeedNoAlphaGlobalSearchScene=false, mAssistScreenShowing=false, mSwipeUpBrowserScreenShowing=false, mUserIdTransition=0
04-12 01:13:04.145  8338  8381 V WindowManagerShell: , mInRemoteScene=false, mInPreReady=false, mPreStart=false, mToken=null, mAbortByRemoteFromHome=false, mShellApplyToken=null, mRequestTransitionTaskId=13213, mAbortTransitionOnShell=0, mStartFromShortcut=false, mRemovedTaskId=-1, mTransitionInterruptType=0, mMergeSecondTaskId=-1, mTaskIdStartFromRecents=0, mTransitionId=27636, mCanUseSpringSlideAnim=false, mTransitionLaunchFrom=0, mFoldChangeType=-1, mAnimStartingPosition=[0, 0, 0, 0], mIsOpeningStkDialogActivity=false, mSecondaryHomeToFrontWhenUnFolding=false, mIsNeedApplyStartTForEmbedded=false
04-12 01:13:04.145  8338  8381 V WindowManagerShell: , mNeedCanvasExitAnim=false, mMergeSecondTaskAnimation=false, mIsLaunchUnityStart=false, mIsLaunchFromAssistantByDefault=false, mSkipRemoteTransitionfalse, mIsStartFromKeyguard=false flags=0x0, mWCT=null, mIsOpenMergeToInValidPredictive=false, mPromoteTaskWhenKeyguard-1, mRootLayerZOrderArray={}}]}
04-12 01:13:04.145  8338  8381 D OplusShellTransition: dispatchReady, active:(#27636) android.os.BinderProxy@4413856@0, isSync=false, track:com.android.wm.shell.transition.Transitions$Track@f3fa59b
04-12 01:13:04.146  3590  3796 D InsetsSourceProvider: updateSourceFrameForServerVisibility mandatorySystemGestures EMPTY_RECT
04-12 01:13:04.146  8338  8381 D OplusShellTransition: Abort transition (#27636) android.os.BinderProxy@4413856@0 WMCore requested. reason: 0; abortTransition: false
04-12 01:13:04.146  8338  8381 V WindowManagerShell: Playing animation for (#27636) android.os.BinderProxy@4413856@0
04-12 01:13:04.146  8338  8381 V ShellRecents: RecentsTransitionHandler.startAnimation: no controller found
04-12 01:13:04.146  8338  8381 V WindowManagerShell: start OnePuttTransition animation, info = {id=27636 t=OPEN f=0x0 trk=0 r=[0@Point(0, 0)] c=[{m=OPEN f=NONE leash=Surface(name=Task=13213)/@0x267d7db sb=Rect(0, 0 - 1264, 2780) eb=Rect(0, 0 - 1264, 2780) epz=Point(1264, 2780) d=0 taskParent=-1},{m=TO_BACK f=SHOW_WALLPAPER leash=Surface(name=Task=1)/@0x85dd278 sb=Rect(0, 0 - 1264, 2780) eb=Rect(0, 0 - 1264, 2780) epz=Point(1264, 2780) d=0 taskParent=-1}] 
04-12 01:13:04.146  8338  8381 V WindowManagerShell: extendInfo=[
04-12 01:13:04.146  8338  8381 V WindowManagerShell:  OplusTransitionExtendedInfo{mTmpFinishT=null, mInOplusCompatMode=false, mIsProcessRunning=false, mHasMismatchBoundsTarget=false, mRecentsController=null, mRemoteTransition=null, mIsTranslucentActivityToHome=false, mAvoidInterceptKeyEventToHome=false, mIsFromHome=false, mParentLeash=null, mBackAnimClosingLeash=null, mIsOplusAnimRes=false, mKeepBgForContinuous=false, mIsBalAllow=true, mTaskNotInRecent=false, mIsPredictiveBackAnim=false, mIsMergedWithPredictive=false, mIsLaunchFromSpruce=false, mIsLaunchFromDrive=false, mGlobalSearchPageSwitch=false, mNeedNoAlphaGlobalSearchScene=false, mAssistScreenShowing=false, mSwipeUpBrowserScreenShowing=false, mUserIdTransition=0
04-12 01:13:04.146  8338  8381 V WindowManagerShell: , mInRemoteScene=false, mInPreReady=false, mPreStart=false, mToken=null, mAbortByRemoteFromHome=false, mShellApplyToken=null, mRequestTransitionTaskId=13213, mAbortTransitionOnShell=0, mStartFromShortcut=false, mRemovedTaskId=-1, mTransitionInterruptType=0, mMergeSecondTaskId=-1, mTaskIdStartFromRecents=0, mTransitionId=27636, mCanUseSpringSlideAnim=false, mTransitionLaunchFrom=0, mFoldChangeType=-1, mAnimStartingPosition=[0, 0, 0, 0], mIsOpeningStkDialogActivity=false, mSecondaryHomeToFrontWhenUnFolding=false, mIsNeedApplyStartTForEmbedded=false
04-12 01:13:04.146  8338  8381 V WindowManagerShell: , mNeedCanvasExitAnim=false, mMergeSecondTaskAnimation=false, mIsLaunchUnityStart=false, mIsLaunchFromAssistantByDefault=false, mSkipRemoteTransitionfalse, mIsStartFromKeyguard=false flags=0x0, mWCT=null, mIsOpenMergeToInValidPredictive=false, mPromoteTaskWhenKeyguard-1, mRootLayerZOrderArray={}}]}
04-12 01:13:04.146  8338  8381 D FlexibleTaskTransitionHandler:  performAnimation transition:android.os.BinderProxy@4413856 ,info:{id=27636 t=OPEN f=0x0 trk=0 r=[0@Point(0, 0)] c=[{m=OPEN f=NONE leash=Surface(name=Task=13213)/@0x267d7db sb=Rect(0, 0 - 1264, 2780) eb=Rect(0, 0 - 1264, 2780) epz=Point(1264, 2780) d=0 taskParent=-1},{m=TO_BACK f=SHOW_WALLPAPER leash=Surface(name=Task=1)/@0x85dd278 sb=Rect(0, 0 - 1264, 2780) eb=Rect(0, 0 - 1264, 2780) epz=Point(1264, 2780) d=0 taskParent=-1}] 
04-12 01:13:04.146  8338  8381 D FlexibleTaskTransitionHandler: extendInfo=[
04-12 01:13:04.146  8338  8381 D FlexibleTaskTransitionHandler:  OplusTransitionExtendedInfo{mTmpFinishT=null, mInOplusCompatMode=false, mIsProcessRunning=false, mHasMismatchBoundsTarget=false, mRecentsController=null, mRemoteTransition=null, mIsTranslucentActivityToHome=false, mAvoidInterceptKeyEventToHome=false, mIsFromHome=false, mParentLeash=null, mBackAnimClosingLeash=null, mIsOplusAnimRes=false, mKeepBgForContinuous=false, mIsBalAllow=true, mTaskNotInRecent=false, mIsPredictiveBackAnim=false, mIsMergedWithPredictive=false, mIsLaunchFromSpruce=false, mIsLaunchFromDrive=false, mGlobalSearchPageSwitch=false, mNeedNoAlphaGlobalSearchScene=false, mAssistScreenShowing=false, mSwipeUpBrowserScreenShowing=false, mUserIdTransition=0
04-12 01:13:04.146  8338  8381 D FlexibleTaskTransitionHandler: , mInRemoteScene=false, mInPreReady=false, mPreStart=false, mToken=null, mAbortByRemoteFromHome=false, mShellApplyToken=null, mRequestTransitionTaskId=13213, mAbortTransitionOnShell=0, mStartFromShortcut=false, mRemovedTaskId=-1, mTransitionInterruptType=0, mMergeSecondTaskId=-1, mTaskIdStartFromRecents=0, mTransitionId=27636, mCanUseSpringSlideAnim=false, mTransitionLaunchFrom=0, mFoldChangeType=-1, mAnimStartingPosition=[0, 0, 0, 0], mIsOpeningStkDialogActivity=false, mSecondaryHomeToFrontWhenUnFolding=false, mIsNeedApplyStartTForEmbedded=false
04-12 01:13:04.146  8338  8381 D FlexibleTaskTransitionHandler: , mNeedCanvasExitAnim=false, mMergeSecondTaskAnimation=false, mIsLaunchUnityStart=false, mIsLaunchFromAssistantByDefault=false, mSkipRemoteTransitionfalse, mIsStartFromKeyguard=false flags=0x0, mWCT=null, mIsOpenMergeToInValidPredictive=false, mPromoteTaskWhenKeyguard-1, mRootLayerZOrderArray={}}]}
04-12 01:13:04.146  3590  3796 D FlexibleWindowManagerService: onFlexibleWindowTaskAppeared: task = 13213, visible = true
04-12 01:13:04.146  8338  8381 D FlexibleTaskTransitionHandler:  no need handler this transitionInfo: {id=27636 t=OPEN f=0x0 trk=0 r=[0@Point(0, 0)] c=[{m=OPEN f=NONE leash=Surface(name=Task=13213)/@0x267d7db sb=Rect(0, 0 - 1264, 2780) eb=Rect(0, 0 - 1264, 2780) epz=Point(1264, 2780) d=0 taskParent=-1},{m=TO_BACK f=SHOW_WALLPAPER leash=Surface(name=Task=1)/@0x85dd278 sb=Rect(0, 0 - 1264, 2780) eb=Rect(0, 0 - 1264, 2780) epz=Point(1264, 2780) d=0 taskParent=-1}] 
04-12 01:13:04.146  8338  8381 D FlexibleTaskTransitionHandler: extendInfo=[
04-12 01:13:04.146  8338  8381 D FlexibleTaskTransitionHandler:  OplusTransitionExtendedInfo{mTmpFinishT=null, mInOplusCompatMode=false, mIsProcessRunning=false, mHasMismatchBoundsTarget=false, mRecentsController=null, mRemoteTransition=null, mIsTranslucentActivityToHome=false, mAvoidInterceptKeyEventToHome=false, mIsFromHome=false, mParentLeash=null, mBackAnimClosingLeash=null, mIsOplusAnimRes=false, mKeepBgForContinuous=false, mIsBalAllow=true, mTaskNotInRecent=false, mIsPredictiveBackAnim=false, mIsMergedWithPredictive=false, mIsLaunchFromSpruce=false, mIsLaunchFromDrive=false, mGlobalSearchPageSwitch=false, mNeedNoAlphaGlobalSearchScene=false, mAssistScreenShowing=false, mSwipeUpBrowserScreenShowing=false, mUserIdTransition=0
04-12 01:13:04.146  8338  8381 D FlexibleTaskTransitionHandler: , mInRemoteScene=false, mInPreReady=false, mPreStart=false, mToken=null, mAbortByRemoteFromHome=false, mShellApplyToken=null, mRequestTransitionTaskId=13213, mAbortTransitionOnShell=0, mStartFromShortcut=false, mRemovedTaskId=-1, mTransitionInterruptType=0, mMergeSecondTaskId=-1, mTaskIdStartFromRecents=0, mTransitionId=27636, mCanUseSpringSlideAnim=false, mTransitionLaunchFrom=0, mFoldChangeType=-1, mAnimStartingPosition=[0, 0, 0, 0], mIsOpeningStkDialogActivity=false, mSecondaryHomeToFrontWhenUnFolding=false, mIsNeedApplyStartTForEmbedded=false
04-12 01:13:04.146  8338  8381 D FlexibleTaskTransitionHandler: , mNeedCanvasExitAnim=false, mMergeSecondTaskAnimation=false, mIsLaunchUnityStart=false, mIsLaunchFromAssistantByDefault=false, mSkipRemoteTransitionfalse, mIsStartFromKeyguard=false flags=0x0, mWCT=null, mIsOpenMergeToInValidPredictive=false, mPromoteTaskWhenKeyguard-1, mRootLayerZOrderArray={}}]}
04-12 01:13:04.146  3590  3796 D OplusFlexibleWindowMinimizedManagerHelper: onTaskAppered taskInfo:13213
04-12 01:13:04.146  3590  3796 D OplusFlexibleDragToSplitAnimController: visibleFlexibleTaskInfos delete:13213
04-12 01:13:04.146  3590  3796 E FlexibleWindowManagerService: notifyTaskObserverToAttachController not need to notify!
04-12 01:13:04.146  3590  3796 D FlexibleWindowManagerService: should not dispatch appeared task Task{defe904 #13213 type=standard A=10512:com.binance.monitor}
04-12 01:13:04.146  8338  8381 V WindowManagerShell: Transition doesn't have explicit remote, search filters for match for {id=27636 t=OPEN f=0x0 trk=0 r=[0@Point(0, 0)] c=[{m=OPEN f=NONE leash=Surface(name=Task=13213)/@0x267d7db sb=Rect(0, 0 - 1264, 2780) eb=Rect(0, 0 - 1264, 2780) epz=Point(1264, 2780) d=0 taskParent=-1},{m=TO_BACK f=SHOW_WALLPAPER leash=Surface(name=Task=1)/@0x85dd278 sb=Rect(0, 0 - 1264, 2780) eb=Rect(0, 0 - 1264, 2780) epz=Point(1264, 2780) d=0 taskParent=-1}] 
04-12 01:13:04.146  8338  8381 V WindowManagerShell: extendInfo=[
04-12 01:13:04.146  8338  8381 V WindowManagerShell:  OplusTransitionExtendedInfo{mTmpFinishT=null, mInOplusCompatMode=false, mIsProcessRunning=false, mHasMismatchBoundsTarget=false, mRecentsController=null, mRemoteTransition=null, mIsTranslucentActivityToHome=false, mAvoidInterceptKeyEventToHome=false, mIsFromHome=false, mParentLeash=null, mBackAnimClosingLeash=null, mIsOplusAnimRes=false, mKeepBgForContinuous=false, mIsBalAllow=true, mTaskNotInRecent=false, mIsPredictiveBackAnim=false, mIsMergedWithPredictive=false, mIsLaunchFromSpruce=false, mIsLaunchFromDrive=false, mGlobalSearchPageSwitch=false, mNeedNoAlphaGlobalSearchScene=false, mAssistScreenShowing=false, mSwipeUpBrowserScreenShowing=false, mUserIdTransition=0
04-12 01:13:04.146  8338  8381 V WindowManagerShell: , mInRemoteScene=false, mInPreReady=false, mPreStart=false, mToken=null, mAbortByRemoteFromHome=false, mShellApplyToken=null, mRequestTransitionTaskId=13213, mAbortTransitionOnShell=0, mStartFromShortcut=false, mRemovedTaskId=-1, mTransitionInterruptType=0, mMergeSecondTaskId=-1, mTaskIdStartFromRecents=0, mTransitionId=27636, mCanUseSpringSlideAnim=false, mTransitionLaunchFrom=0, mFoldChangeType=-1, mAnimStartingPosition=[0, 0, 0, 0], mIsOpeningStkDialogActivity=false, mSecondaryHomeToFrontWhenUnFolding=false, mIsNeedApplyStartTForEmbedded=false
04-12 01:13:04.146  8338  8381 V WindowManagerShell: , mNeedCanvasExitAnim=false, mMergeSecondTaskAnimation=false, mIsLaunchUnityStart=false, mIsLaunchFromAssistantByDefault=false, mSkipRemoteTransitionfalse, mIsStartFromKeyguard=false flags=0x0, mWCT=null, mIsOpenMergeToInValidPredictive=false, mPromoteTaskWhenKeyguard-1, mRootLayerZOrderArray={}}]}
04-12 01:13:04.146  8338  8381 V WindowManagerShell:  Checking filter Pair{{types=[] flags=0x0] notFlags=0x100 checks=[{atype=home independent=true modes=[OPEN,TO_FRONT] flags=NONE mustBeTask=false order=TOP topActivity=ComponentInfo{com.android.launcher/com.android.launcher.Launcher} launchCookie=null windowingMode=undefined},{atype=standard independent=true modes=[CLOSE,TO_BACK] flags=NONE mustBeTask=false order=ANY topActivity=null launchCookie=null windowingMode=undefined}]} RemoteTransition { remoteTransition = android.window.IRemoteTransition$Stub$Proxy@a5bfc11, appThread = android.app.IApplicationThread$Stub$Proxy@61db176, debugName = QuickstepLaunchHome }}
04-12 01:13:04.146  8338  8381 V WindowManagerShell:  Delegate animation for (#27636) to null
04-12 01:13:04.146  8338  8381 V WindowManagerShell: start default transition animation, info = {id=27636 t=OPEN f=0x0 trk=0 r=[0@Point(0, 0)] c=[{m=OPEN f=NONE leash=Surface(name=Task=13213)/@0x267d7db sb=Rect(0, 0 - 1264, 2780) eb=Rect(0, 0 - 1264, 2780) epz=Point(1264, 2780) d=0 taskParent=-1},{m=TO_BACK f=SHOW_WALLPAPER leash=Surface(name=Task=1)/@0x85dd278 sb=Rect(0, 0 - 1264, 2780) eb=Rect(0, 0 - 1264, 2780) epz=Point(1264, 2780) d=0 taskParent=-1}] 
04-12 01:13:04.146  8338  8381 V WindowManagerShell: extendInfo=[
04-12 01:13:04.146  8338  8381 V WindowManagerShell:  OplusTransitionExtendedInfo{mTmpFinishT=null, mInOplusCompatMode=false, mIsProcessRunning=false, mHasMismatchBoundsTarget=false, mRecentsController=null, mRemoteTransition=null, mIsTranslucentActivityToHome=false, mAvoidInterceptKeyEventToHome=false, mIsFromHome=false, mParentLeash=null, mBackAnimClosingLeash=null, mIsOplusAnimRes=false, mKeepBgForContinuous=false, mIsBalAllow=true, mTaskNotInRecent=false, mIsPredictiveBackAnim=false, mIsMergedWithPredictive=false, mIsLaunchFromSpruce=false, mIsLaunchFromDrive=false, mGlobalSearchPageSwitch=false, mNeedNoAlphaGlobalSearchScene=false, mAssistScreenShowing=false, mSwipeUpBrowserScreenShowing=false, mUserIdTransition=0
04-12 01:13:04.146  8338  8381 V WindowManagerShell: , mInRemoteScene=false, mInPreReady=false, mPreStart=false, mToken=null, mAbortByRemoteFromHome=false, mShellApplyToken=null, mRequestTransitionTaskId=13213, mAbortTransitionOnShell=0, mStartFromShortcut=false, mRemovedTaskId=-1, mTransitionInterruptType=0, mMergeSecondTaskId=-1, mTaskIdStartFromRecents=0, mTransitionId=27636, mCanUseSpringSlideAnim=false, mTransitionLaunchFrom=0, mFoldChangeType=-1, mAnimStartingPosition=[0, 0, 0, 0], mIsOpeningStkDialogActivity=false, mSecondaryHomeToFrontWhenUnFolding=false, mIsNeedApplyStartTForEmbedded=false
04-12 01:13:04.146  8338  8381 V WindowManagerShell: , mNeedCanvasExitAnim=false, mMergeSecondTaskAnimation=false, mIsLaunchUnityStart=false, mIsLaunchFromAssistantByDefault=false, mSkipRemoteTransitionfalse, mIsStartFromKeyguard=false flags=0x0, mWCT=null, mIsOpenMergeToInValidPredictive=false, mPromoteTaskWhenKeyguard-1, mRootLayerZOrderArray={}}]}
04-12 01:13:04.146  8338  8381 D FSS_OplusFoldSwitchStateObserver: cancelAnimationIfNeedWhenFolding: foldChangeType = -1
04-12 01:13:04.146  8338  8381 W OplusShellTransition: no system app in targets, skip loading oplus animation.
04-12 01:13:04.147  8338  8381 V WindowManagerShell: loadAnimation: anim=android.view.animation.AnimationSet@ed99e24 animAttr=0x13 type=OPEN isEntrance=false
04-12 01:13:04.147  8338  8381 D OplusShellTransition: default transition handler transfer value refresh rate rect:Rect(0, 0 - 1264, 2780)
04-12 01:13:04.147  8338  8381 D OplusShellTransition: startAnimation transitionToken=android.os.BinderProxy@4413856
04-12 01:13:04.147  8338  8381 D AdfrV32FrameRateUtils: getAnimationVelocityCalculator, leash=Surface(name=Task=1)/@0x85dd278, transaction=android.view.SurfaceControl$Transaction@c85a9a9, typeId=20101, typeEnable=false
04-12 01:13:04.147  8338  8381 W OplusShellTransition: no system app in targets, skip loading oplus animation.
04-12 01:13:04.147  8338  8381 V WindowManagerShell: loadAnimation: anim=android.view.animation.AnimationSet@5247890 animAttr=0x12 type=OPEN isEntrance=true
04-12 01:13:04.147  8338  8381 D OplusShellTransition: default transition handler transfer value refresh rate rect:Rect(0, 0 - 1264, 2780)
04-12 01:13:04.147  8338  8381 D OplusShellTransition: startAnimation transitionToken=android.os.BinderProxy@4413856
04-12 01:13:04.147  8338  8381 D AdfrV32FrameRateUtils: getAnimationVelocityCalculator, leash=Surface(name=Task=13213)/@0x267d7db, transaction=android.view.SurfaceControl$Transaction@c85a9a9, typeId=20101, typeEnable=false
04-12 01:13:04.147  8338  8381 D OplusShellTransition: addBackgroundColorOnTask, , isTaskLevelTransition = true, hasBgAlready = false
04-12 01:13:04.148  8338  8397 D AdfrV32FrameRateUtils: animationVelocityCalculator: nullbounds: 0 0 1264 2780
04-12 01:13:04.148  8338  8397 D AdfrV32FrameRateUtils: animationVelocityCalculator: nullbounds: 0 0 1264 2780
04-12 01:13:04.148  8338  8381 V WindowManagerShell:  animated by com.android.wm.shell.transition.DefaultTransitionHandler@423c8cd
04-12 01:13:04.148  8338  8381 D OplusShellTransition: dispatchTransition, animated mHandler: com.android.wm.shell.transition.DefaultTransitionHandler@423c8cd
04-12 01:13:04.148  8338  8381 D ShellTaskOrganizer: Task appeared taskId=13213, parentTaskId=-1, taskVisibility=true
04-12 01:13:04.148  8338  8381 D ShellTaskOrganizerExt: visibleFlexibleTaskInfos delete:13213
04-12 01:13:04.148  8338  8381 D ShellTaskOrganizerExt: isOnCanvas size:0
04-12 01:13:04.148  8338  8381 D ShellTaskOrganizerExt: isOnThreeFlexibleCanvas size:0
04-12 01:13:04.149  3590  7162 I BLASTSyncEngine: onCommitted syncId: 27636, timeout: false ran: false
04-12 01:13:04.150 31152 31152 I kloadclassifier: isSwordfishLaunchAppEnabled_ 1 isSwordfishInstallAppEnabled_ 1
04-12 01:13:04.150 31152 31152 E kloadclassifier: Unknown bits set in runtime_flags: 0x40000000
04-12 01:13:04.150 31152 31152 I kloadclassifier: Using CollectorTypeCMC GC.
04-12 01:13:04.150  3590  7162 I InputDispatcher: updateFocusedWindow,  on display 0, reason: NO_WINDOW, result:   FocusedWindows: <none>
04-12 01:13:04.151  8730  8730 D VRI[Launcher]: onFocusEvent false
04-12 01:13:04.151  8338  8397 D AdfrV32FrameRateUtils: animationVelocityCalculator: nullbounds: 0 0 1264 2780
04-12 01:13:04.151  8338  8397 D AdfrV32FrameRateUtils: animationVelocityCalculator: nullbounds: 0 0 1264 2780
04-12 01:13:04.153 31152 31152 E kloadclassifier: Not starting debugger since process cannot load the jdwp agent.
04-12 01:13:04.154 31152 31152 D nativeloader: Load libframework-connectivity-tiramisu-jni.so using APEX ns com_android_tethering for caller /apex/com.android.tethering/javalib/framework-connectivity-t.jar: ok
04-12 01:13:04.156 31152 31152 W libc    : Access denied finding property "persist.vendor.sys.activitylog"
04-12 01:13:04.156 31152 31152 I OneTrace: Mark active for pid=31152? true
04-12 01:13:04.156 31152 31152 D cutils-dev: otrace_set_tracing_enabled? true tag:0
04-12 01:13:04.157 31152 31152 D cutils-dev: properties changed in otrace_seq_number_changed!
04-12 01:13:04.158  3590  8311 D SplitScreenAppReader: SPLIT_TOUCH support check:com.qualcomm.qti.workloadclassifier = false
04-12 01:13:04.158  3590  8311 D ActivityTaskManagerServiceExtImpl: preBindApplication record is null
04-12 01:13:04.158  3590  8311 D RGBNormalizeServer: OplusRGBNormalize feature enabled ? true
04-12 01:13:04.158  3590  8311 D ResourcesManagerCache: For package com.qualcomm.qti.workloadclassifier we got cacheList [null] appInfoExt is null ? false hasFeature ? false
04-12 01:13:04.159  8338  8397 D AdfrV32FrameRateUtils: animationVelocityCalculator: nullbounds: 0 0 1264 2780
04-12 01:13:04.160  8338  8397 D AdfrV32FrameRateUtils: animationVelocityCalculator: nullbounds: 0 0 1264 2780
04-12 01:13:04.160  8337  9773 V OsAgent : broadcastSystemEvent - 7
04-12 01:13:04.160 31147 31147 E binance.monitor: Unknown bits set in runtime_flags: 0x40000000
04-12 01:13:04.160 31147 31147 I binance.monitor: Using CollectorTypeCMC GC.
04-12 01:13:04.162 31152 31152 D CompactWindowAppManager: initCompactApplicationInfo CompactMode: , NormalMode: 
04-12 01:13:04.162 19173 19180 I adbd    : jdwp connection from 31147
04-12 01:13:04.163 31152 31152 V Configuration: Updating configuration, locales updated from [] to [zh_CN]
04-12 01:13:04.163 31152 31152 D OplusScrollToTopManager: setIsInWhiteList false
04-12 01:13:04.163 31152 31152 D OplusViewDebugManager: OplusViewDebugManager Constructor android.view.debug.OplusViewDebugManager@641bd33 [mHasViewDebugProperty true] [mHasMsgDebugProperty false] [DEBUG false] [EXTRAINFOENABLE false] [LIGHT_OS false]
04-12 01:13:04.164 31147 31147 D nativeloader: Load libframework-connectivity-tiramisu-jni.so using APEX ns com_android_tethering for caller /apex/com.android.tethering/javalib/framework-connectivity-t.jar: ok
04-12 01:13:04.165 31152 31152 D CompatChangeReporter: Compat change id reported: 202956589; UID 10255; state: ENABLED
04-12 01:13:04.166 31152 31152 W libc    : Access denied finding property "ro.odm.prev.product.name"
04-12 01:13:04.167 31147 31147 W libc    : Access denied finding property "persist.vendor.sys.activitylog"
04-12 01:13:04.167 31147 31147 I OneTrace: Mark active for pid=31147? true
04-12 01:13:04.167 31147 31147 D cutils-dev: otrace_set_tracing_enabled? true tag:0
04-12 01:13:04.167 31152 31152 E OplusCustomizePackageManager: mIOplusCustomizePackageManagerService is null
04-12 01:13:04.167 31147 31174 D cutils-dev: properties changed in otrace_seq_number_changed!
04-12 01:13:04.167 31152 31152 E OplusCustomizePackageManager: mIOplusCustomizePackageManagerService is null
04-12 01:13:04.167 31152 31152 E OplusCustomizePackageManager: isOplusCertificatePackage Errorjava.lang.NullPointerException: Attempt to invoke interface method 'boolean android.os.customize.IOplusCustomizePackageManagerService.isOplusCertificatePackage(java.lang.String)' on a null object reference
04-12 01:13:04.168  8338  8397 D AdfrV32FrameRateUtils: animationVelocityCalculator: nullbounds: 0 0 1264 2780
04-12 01:13:04.168  8338  8397 D AdfrV32FrameRateUtils: animationVelocityCalculator: nullbounds: 0 0 1264 2780
04-12 01:13:04.168  3590  3792 D SensorServiceExtImpl: notifyApplicationLaunchStage processName=com.binance.monitor, uid=10512, pid=31147, stage=1
04-12 01:13:04.168 31152 31152 D nativeloader: Configuring clns-shared-9 for other apk /system_ext/app/workloadclassifier/workloadclassifier.apk. target_sdk_version=35, uses_libraries=, library_path=/system_ext/app/workloadclassifier/lib/arm64:/system/lib64:/system_ext/lib64, permitted_path=/data:/mnt/expand:/data/user/0/com.qualcomm.qti.workloadclassifier:/system_ext/app/workloadclassifier:/system/lib64:/system_ext/lib64
04-12 01:13:04.169  3590  7162 D SplitScreenAppReader: SPLIT_TOUCH support check:com.binance.monitor = false
04-12 01:13:04.170  3590  7162 D RGBNormalizeServer: OplusRGBNormalize feature enabled ? true
04-12 01:13:04.170  3590  7162 D ResourcesManagerCache: For package com.binance.monitor we got cacheList [null] appInfoExt is null ? false hasFeature ? false
04-12 01:13:04.170 31152 31152 I kloadclassifier: AssetManager2(0xb400007246ca0428) locale list changing from [] to [zh-CN]
04-12 01:13:04.171  3590  7162 D FlexibleTaskController: isFullToFlexibleAnimating: false
04-12 01:13:04.171  3590  7162 D WindowManager: rotation(ROTATION_0) no changed  displayId = 0, lastOrientation = 1
04-12 01:13:04.171  3590  7162 I TaskOrganizerController: onTaskInfoChanged taskid 13213 config { mBounds=Rect(0, 0 - 1264, 2780) mAppBounds=Rect(0, 0 - 1264, 2780) mMaxBounds=Rect(0, 0 - 1264, 2780) mDisplayRotation=ROTATION_0 mWindowingMode=fullscreen mActivityType=standard mAlwaysOnTop=undefined mRotation=ROTATION_0}
04-12 01:13:04.171  3590  7162 D OplusFlexibleDragToSplitAnimController: visibleFlexibleTaskInfos delete:13213
04-12 01:13:04.171  3590  7162 E FlexibleWindowManagerService: notifyTaskObserverToAttachController not need to notify!
04-12 01:13:04.171  3590  7162 I FlexibleWindowManagerService: onFlexibleWindowTaskInfoChanged, return for cur task not embedded
04-12 01:13:04.171  3590  7162 E OplusDexOptimizeManager: pkgSetting or primaryCpuAbi is null for package: com.binance.monitor
04-12 01:13:04.171  8338  8381 D ShellTaskOrganizerExt: visibleFlexibleTaskInfos delete:13213
04-12 01:13:04.171  8338  8381 D ShellTaskOrganizerExt: isOnCanvas size:0
04-12 01:13:04.171  3590  7162 D OplusFeatureColorMode: ColorMode getColorMode =0
04-12 01:13:04.171  8338  8381 D ShellTaskOrganizerExt: isOnThreeFlexibleCanvas size:0
04-12 01:13:04.171  3590  7162 D ColorDisplayServiceExtImpl: getWCGVersion1App, packageName=com.binance.monitor, sSupportWCG1 = true, sSupportWCG3 = false, nRet = 0
04-12 01:13:04.171 13847 14731 D OplusAtlas.OplusAudioScene: callback success event:atlas_event_on_foreground_activities_changed eventInfo:pid:31147,uid:10512,hasForegroundActivities:1
04-12 01:13:04.171  3590  7162 D ActivityTaskManager: onWindowFocusChanged Task{defe904 #13213 type=standard A=10512:com.binance.monitor} would transfer to compact
04-12 01:13:04.171  3590  3830 I UserAwareMgr: handleTopAppChanged: com.binance.monitor, pid: 31147, uid: 10512
04-12 01:13:04.171  3590  7162 D ActivityTaskManager: NFW_setLastResumedActivityUncheckLocked:true r:ActivityRecord{215839126 u0 com.binance.monitor/.ui.main.MainActivity t13213} currentFocus:null
04-12 01:13:04.171  3590  7162 D WindowManager: NFW_findFocusedWindowIfNeeded:null mCurrentFocus:null
04-12 01:13:04.171  3590  7162 D FlexibleTaskController: onTaskFocusChanged prevTask:Task{735fad8 #2 type=undefined I=com.android.launcher/.Launcher} ,currentTask:Task{defe904 #13213 type=standard A=10512:com.binance.monitor}, reason: realStartActivityLocked - onActivityStateChanged
04-12 01:13:04.171  3590  7162 D OplusFlexibleDCSManager: onNextPkgChanged pkg = com.binance.monitor
04-12 01:13:04.171  3590  8480 I OPM     : handlePackageLaunched pkg: com.binance.monitor, uid: 10512, pid: 31147
04-12 01:13:04.171  3590  7162 D OplusVisibleTasks:  notifyTaskFocusChange no need.
04-12 01:13:04.171  3590  8480 D OPM     : preload hitted!
04-12 01:13:04.171 13847 14731 D MssPanelHelper: FOREGROUND_ACTIVITIES_CHANGED package: com.binance.monitor hasForegroundActivities: 1
04-12 01:13:04.171  3590  7162 I OplusAppSwitchManagerService: appswitch hasProcess ActivityRecord{215839126 u0 com.binance.monitor/.ui.main.MainActivity t13213}
04-12 01:13:04.171  2782  5326 D HoloAudio::SpecailizerPLService_Aidl: callClient:clientID:1 exist:1, event:18, isOneWay:0
04-12 01:13:04.171  3590  7998 I [UAH_CLIENT]: UahEventAcquire, cmdid:0, pkg:com.binance.monitor, identity:com.android.server.wm
04-12 01:13:04.171  3590  7162 I OplusJoystickManager: handleApplicationSwitch deprecated!
04-12 01:13:04.171  3590  7162 I GameManagerServiceExt-GameManagerServiceExt: on FG change: com.android.launcher|com.binance.monitor
04-12 01:13:04.171  3590  7162 I OplusAppSwitchManagerService: appswitch hasProcess ActivityRecord{215839126 u0 com.binance.monitor/.ui.main.MainActivity t13213}
04-12 01:13:04.172  3590  3848 E OplusThermalStats: Error getting package info: com.binance.monitor
04-12 01:13:04.172  2782  5326 D HoloAudio::SpecailizerPLService_Aidl: getMssEnable --- com.binance.monitor[0]
04-12 01:13:04.172  8092 13385 D AONLog  : TopActivityMonitor: OnAppSwitchObserver: onActivityExit , info = OplusAppExitInfo = {  targetName = com.android.launcher.Launcher hasResumingActivity = true resumingPackageName = com.binance.monitor resumingActivityName = com.binance.monitor.ui.main.MainActivity resumingWindowMode = 1 isResumingMultiApp = false isResumingFirstStart = true extension = Bundle[mParcelledData.dataSize=640]}
04-12 01:13:04.172  8092 13385 D AONLog  : IntelPerceptMgr: activityName Exit: com.android.launcher.Launcher
04-12 01:13:04.172  8092 13385 D AONLog  : TopActivityMonitor: onAppExit: info = OplusAppExitInfo = {  targetName = com.android.launcher hasResumingActivity = true resumingPackageName = com.binance.monitor resumingActivityName = com.binance.monitor.ui.main.MainActivity resumingWindowMode = 1 isResumingMultiApp = false isResumingFirstStart = true extension = Bundle[mParcelledData.dataSize=584]}
04-12 01:13:04.172 14599 11093 V DCSEX-AppSwitchManager: OnAppSwitchObserver: onAppExit, resuming = com.binance.monitor, target = com.android.launcher, is ResumingFirstStart =  true, is ResumingMultiApp =  false, extensionInfo =  Bundle[mParcelledData.dataSize=584]
04-12 01:13:04.172  3590  8591 D OplusWifiPower_TriggerCenter: mComponentCallback: fgapplist
04-12 01:13:04.172  3590  8591 D OplusEapManager: mTargetExitName :com.android.launcher
04-12 01:13:04.172 15757 15772 W Battery : AppSwitchDetectorV2: OnAppSwitchObserver: onAppExit , info = OplusAppExitInfo = {  targetName = com.android.launcher hasResumingActivity = true resumingPackageName = com.binance.monitor resumingActivityName = com.binance.monitor.ui.main.MainActivity resumingWindowMode = 1 isResumingMultiApp = false isResumingFirstStart = true extension = Bundle[mParcelledData.dataSize=584]} lastReg=1775916343986
04-12 01:13:04.172 15757 15772 W Battery : AppSwitchManager: onAppSwitch: [m4.o$d@5fc51d5]
04-12 01:13:04.173 15757 15772 W Battery : ThermalControlUtils: mForegroundPkg=com.binance.monitor mLastWindowMode=1
04-12 01:13:04.173 14599  8049 D DCSEX-AppLaunchEventRecorder: onAppSwitch from = com.android.launcher to = com.binance.monitor
04-12 01:13:04.173  3590  8591 D OplusAppSwitchRuleInfo: generateAppEnterInfo - launch_source_type =  , launch_source_traceid = 
04-12 01:13:04.173  3590  8591 D OplusAppSwitchRuleInfo: generateAppEnterInfo - launch_source_type =  , launch_source_traceid = 
04-12 01:13:04.173  3590  8591 D OplusAppSwitchRuleInfo: generateAppEnterInfo - launch_source_type =  , launch_source_traceid = 
04-12 01:13:04.173  3590  8591 D OplusAppSwitchRuleInfo: generateAppEnterInfo - launch_source_type =  , launch_source_traceid = 
04-12 01:13:04.173  3590  8591 D OplusAppSwitchRuleInfo: generateAppEnterInfo - launch_source_type =  , launch_source_traceid = 
04-12 01:13:04.173  3590  8591 D OplusAppSwitchRuleInfo: generateAppEnterInfo - launch_source_type =  , launch_source_traceid = 
04-12 01:13:04.173  3590  8591 D OplusLatencyOptimizerManager: enter pkg: com.binance.monitor isPrevBlackAppTop: false mIsBlackAppTop: false
04-12 01:13:04.173 14599  9220 V DCSEX-AppSwitchManager: OnAppSwitchObserver: onAppEnter, launchedFrom =  com.android.shell, target =  com.binance.monitor, is firstStart =  true, is multiApp =  false, extensionInfo =  Bundle[mParcelledData.dataSize=976], launch_source_type =  , launch_source_traceid =  
04-12 01:13:04.173  3590  8591 I OPM     : home scene change to false
04-12 01:13:04.173  3590  8591 D OplusEapManager: mTargetEnterName :com.binance.monitor
04-12 01:13:04.173  3590  8591 D OplusAppSwitchRuleInfo: generateAppEnterInfo - launch_source_type =  , launch_source_traceid = 
04-12 01:13:04.173  3590  8591 D OplusAppSwitchRuleInfo: generateAppEnterInfo - launch_source_type =  , launch_source_traceid = 
04-12 01:13:04.173  3590  8591 D OplusAppSwitchRuleInfo: generateAppEnterInfo - launch_source_type =  , launch_source_traceid = 
04-12 01:13:04.173  3590  8591 D OplusAppSwitchRuleInfo: generateAppEnterInfo - launch_source_type =  , launch_source_traceid = 
04-12 01:13:04.173  3590  8591 D OplusAppSwitchRuleInfo: generateAppEnterInfo - launch_source_type =  , launch_source_traceid = 
04-12 01:13:04.173  3590  8591 D OplusAppSwitchRuleInfo: generateActivityEnterInfo - launch_source_type =  , launch_source_traceid = 
04-12 01:13:04.173  3590  8591 D OplusAppSwitchRuleInfo: generateActivityEnterInfo - launch_source_type =  , launch_source_traceid = 
04-12 01:13:04.173  3590  8591 D OplusAppSwitchRuleInfo: generateActivityEnterInfo - launch_source_type =  , launch_source_traceid = 
04-12 01:13:04.173  8092  8092 D AONLog  : IntelPerceptMgr: unRegisterRotationSensor:true
04-12 01:13:04.173  8092  8092 V SystemSensorManagerExtImpl: unRegisterListener by com.aiunit.aon.intelligentperception.n@cddd4ba
04-12 01:13:04.173  3590  8311 W SensorService: SensorEventConnection sensor handle=1782, package = com.aiunit.aon.intelligentperception.n disable
04-12 01:13:04.174 14011 14029 I Athena  : AthenaDynamicReceiver: pre_app:com.android.launcher, next_app:com.binance.monitor(10512|31147)
04-12 01:13:04.174  3590  8311 D SensorService: 0xb40000707c102400 removeFd fd=1304
04-12 01:13:04.174  3590  8311 D SensorService: SensorDevice::activate: ident=0xb40000707c102400, handle=0x000006f6, enabled=0, count=1
04-12 01:13:04.174  3590  8311 D SensorService: disable index=0
04-12 01:13:04.174  3590  8311 D SensorService: activateHardware = 1
04-12 01:13:04.174  3590  8311 D SensorService: 	>>> actuating h/w activate handle=1782 enabled=0
04-12 01:13:04.174  2113  2113 I sensors-hal: activate:116, qti.sensor.rotation/1782 en=0
04-12 01:13:04.174  2113  2113 I sensors-hal: send_sync_sensor_request:443, send sync request
04-12 01:13:04.174  2113  2113 I sensors-hal: send_sync_sensor_request:472, wait for notification of response
04-12 01:13:04.174  8338  8338 I PluginSeedling--Origin: LiveAlertInteractorImpl-->notifyEntryDataChanged ENTRY_STATUS_BAR, result:, noe: false
04-12 01:13:04.174  8338  8338 I PluginSeedling--Origin: LiveAlertInteractorImpl-->notifyEntryDataChanged ENTRY_NOTIFICATION, result:, noe: false
04-12 01:13:04.174  8338  8338 I PluginSeedling--Notification: NotificationRepository-->onDataChanged, []
04-12 01:13:04.174  3590  3795 D OplusBatteryManager: getPsyBatteryRm: 4756
04-12 01:13:04.174  3590  3795 D BatteryStatsImplExtImpl: resumedUid:10512 resumedBatteryLevel:100  resumedPackage:com.binance.monitor  resumedBatteryRealtimeCapacity:4756
04-12 01:13:04.174  3590  3795 D FlexibleTaskController: check task which not have enough child, isInSingleWhiteList:false isCloneTask:false
