04-12 01:13:04.428  3590  8311 D OplusTransitionController:    ChangeInfo{4f8fbfb container=Task{1b9ad4c #1 type=home} flags=0x10}
04-12 01:13:04.428  3590  8311 D OplusTransitionController:    ChangeInfo{f889bbb container=WallpaperWindowToken{3abc1ac showWhenLocked=false} flags=0x0}
04-12 01:13:04.428  3590  8311 D OplusTransitionController:    ChangeInfo{a3f78d8 container=ActivityRecord{75462386 u0 com.android.launcher/.Launcher t2} flags=0x0}
04-12 01:13:04.428  3590  8311 D OplusTransitionController:    ChangeInfo{2e87431 container=Task{735fad8 #2 type=undefined I=com.android.launcher/.Launcher} flags=0x10}
04-12 01:13:04.428  3590  8311 D OplusTransitionController:    ChangeInfo{f469716 container=DefaultTaskDisplayArea@136308155 flags=0x0}
04-12 01:13:04.428  3590  8311 D OplusTransitionController:    ChangeInfo{41b3897 container=WallpaperWindowToken{a06f6f8 showWhenLocked=true} flags=0x0}
04-12 01:13:04.428  3590  8311 D OplusTransitionController:    ChangeInfo{69f4a84 container=ActivityRecord{215839126 u0 com.binance.monitor/.ui.main.MainActivity t13213} flags=0x0}
04-12 01:13:04.428  3590  8311 D OplusTransitionController:    ChangeInfo{465798a container=Task{defe904 #13213 type=standard A=10512:com.binance.monitor} flags=0x10}
04-12 01:13:04.428  3590  8311 D OplusTransitionController: ]
04-12 01:13:04.428  3590  8311 D OplusTransitionController: }
04-12 01:13:04.428  3590  8311 D FlexibleTaskTransitionController:  finishTransition pendingRecentToFlexibleTask:null,isRotationTransition:false ,pendingRecentToFlexible:null ,transition:TransitionRecord{8571b5 id=27636 track=0 type=OPEN flags=0x0 state=4 c=[
04-12 01:13:04.428  3590  8311 D FlexibleTaskTransitionController:    ChangeInfo{874c04a container=Display{#0 state=ON size=1264x2780 ROTATION_0} flags=0x0}
04-12 01:13:04.428  3590  8311 D FlexibleTaskTransitionController:    ChangeInfo{4f8fbfb container=Task{1b9ad4c #1 type=home} flags=0x10}
04-12 01:13:04.428  3590  8311 D FlexibleTaskTransitionController:    ChangeInfo{f889bbb container=WallpaperWindowToken{3abc1ac showWhenLocked=false} flags=0x0}
04-12 01:13:04.428  3590  8311 D FlexibleTaskTransitionController:    ChangeInfo{a3f78d8 container=ActivityRecord{75462386 u0 com.android.launcher/.Launcher t2} flags=0x0}
04-12 01:13:04.428  3590  8311 D FlexibleTaskTransitionController:    ChangeInfo{2e87431 container=Task{735fad8 #2 type=undefined I=com.android.launcher/.Launcher} flags=0x10}
04-12 01:13:04.428  3590  8311 D FlexibleTaskTransitionController:    ChangeInfo{f469716 container=DefaultTaskDisplayArea@136308155 flags=0x0}
04-12 01:13:04.428  3590  8311 D FlexibleTaskTransitionController:    ChangeInfo{41b3897 container=WallpaperWindowToken{a06f6f8 showWhenLocked=true} flags=0x0}
04-12 01:13:04.428  3590  8311 D FlexibleTaskTransitionController:    ChangeInfo{69f4a84 container=ActivityRecord{215839126 u0 com.binance.monitor/.ui.main.MainActivity t13213} flags=0x0}
04-12 01:13:04.428  3590  8311 D FlexibleTaskTransitionController:    ChangeInfo{465798a container=Task{defe904 #13213 type=standard A=10512:com.binance.monitor} flags=0x10}
04-12 01:13:04.428  3590  8311 D FlexibleTaskTransitionController: ]
04-12 01:13:04.428  3590  8311 D FlexibleTaskTransitionController: }
04-12 01:13:04.428  3590  8311 D RefreshRate: ***** request traversal for refresh rate change, reason is highTempRefreshRateChanged: false, windowRefreshRateChanged: true, flexibleWindowStateChanged: false, has float/zoom window *****
04-12 01:13:04.428  3590  8311 D TransitionControllerExtImpl: NFW_send RECOMPUTE_FOCUS in finishTransition
04-12 01:13:04.428  8338  8381 D ShellTaskOrganizer: onTransitionFinish, isRecent:false
04-12 01:13:04.429  8730  8905 D BufferQueueProducer: [VRI[Launcher]#776(BLAST Consumer)776](id:221a0000092f,api:1,p:8730,c:8730) disconnect: api 1
04-12 01:13:04.429  8730  8905 D BufferQueueProducer: [VRI[Launcher]#776(BLAST Consumer)776](id:221a0000092f,api:1,p:8730,c:8730) connect: api=1 producerControlledByApp=true
04-12 01:13:04.429  8338  8381 V WindowManagerShell: Track 0 became idle
04-12 01:13:04.429  8338  8381 V WindowManagerShell: All active transition animations finished
04-12 01:13:04.429  3590  3796 D InsetsSourceProvider: updateSourceFrameForServerVisibility mandatorySystemGestures EMPTY_RECT
04-12 01:13:04.429  3590  3796 D VRR [OPlusRefreshRatePolicy]: setRefreshRatePolicy policy=POLICY_SYSTEM, refreshRate=120, statusOn=false
04-12 01:13:04.429  3590  3796 D VRR [OPlusRefreshRatePolicy]: setRefreshRatePolicy policy=POLICY_SYSTEM, refreshRate=90, statusOn=true
04-12 01:13:04.429  3590  3796 W SettingsProvider: notifyForSettingsChange delay for adfr_policy_change, value: 26874, delta: 0, lastNotifyTimestamp: 924645593, minInterval: 10
04-12 01:13:04.429  3590  3875 D VRR [OPlusRefreshRateService]:  setDirectorStates [flag: 1, state: 0, directorStateOff: 0]
04-12 01:13:04.429  3590  3796 D RefreshRate: Refresh rate changing from 120.00001 to 90.0,maxRefreshRate=90.0 FOR:{
04-12 01:13:04.429  3590  3796 D RefreshRate:     | COURSE[; Win preferred rateId=0, appReqFirst=false, data= RateData{} ;win name:Splash Screen com.binance.monitor]
04-12 01:13:04.429  3590  3796 D RefreshRate:     | VOTES[PRIORITY_WINDOW_REQUEST -> Vote{mRefreshRate=90.0, mMinRefreshRate=90.0, mRequestSource=null};]
04-12 01:13:04.429  3590  3796 D RefreshRate:     | TIME:2026-04-11 17:13:04}
04-12 01:13:04.429  3590  3796 D DisplayModeDirector: setAppRequest displayId : 0  modeId: 3  requestedRefreshRate: 0.0  requestedMinRefreshRateRange: 0.0  requestedMaxRefreshRateRange: 90.0
04-12 01:13:04.429  2399  2621 D VRR [RefreshRateDirector]: updateState mState = 1
04-12 01:13:04.429 15031 15220 I Quality-ScreenOnOffLogProcessor: withInScreenOnOffRange mIsScreenOn:true refTime:1775927583922 mRecentScreenOnTime:1775927242814 mRecentScreenOffTime:1775927165884
04-12 01:13:04.429  2181  2532 E CwbService: Panel not support apl read or getDisplayPanelAplValue timeout 10ms.
04-12 01:13:04.430  2258  2258 D SensorFeature: name=ssc_screenshot_info ,index = 22
04-12 01:13:04.430  2258  2258 D SensorFeature: write 39 bytes:974799825267302,974799833600635,29568,0
04-12 01:13:04.430  3590  3796 I TaskOrganizerController: onTaskInfoChanged taskid 13213 config { mBounds=Rect(0, 0 - 1264, 2780) mAppBounds=Rect(0, 0 - 1264, 2780) mMaxBounds=Rect(0, 0 - 1264, 2780) mDisplayRotation=ROTATION_0 mWindowingMode=fullscreen mActivityType=standard mAlwaysOnTop=undefined mRotation=ROTATION_0}
04-12 01:13:04.430  3590  3796 D OplusFlexibleDragToSplitAnimController: visibleFlexibleTaskInfos delete:13213
04-12 01:13:04.430  3590  3796 E FlexibleWindowManagerService: notifyTaskObserverToAttachController not need to notify!
04-12 01:13:04.430  3590  3796 I FlexibleWindowManagerService: onFlexibleWindowTaskInfoChanged, return for cur task not embedded
04-12 01:13:04.430  3590  3796 I TaskOrganizerController: onTaskInfoChanged taskid 1 config { mBounds=Rect(0, 0 - 1264, 2780) mAppBounds=Rect(0, 0 - 1264, 2780) mMaxBounds=Rect(0, 0 - 1264, 2780) mDisplayRotation=ROTATION_0 mWindowingMode=fullscreen mActivityType=home mAlwaysOnTop=undefined mRotation=ROTATION_0}
04-12 01:13:04.430  8338  8381 D ShellTaskOrganizerExt: visibleFlexibleTaskInfos delete:13213
04-12 01:13:04.430  8338  8381 D ShellTaskOrganizerExt: isOnCanvas size:0
04-12 01:13:04.430  8338  8381 D ShellTaskOrganizerExt: isOnThreeFlexibleCanvas size:0
04-12 01:13:04.430  3590  3796 D OplusFlexibleDragToSplitAnimController: visibleFlexibleTaskInfos delete:1
04-12 01:13:04.430  3590  3796 E FlexibleWindowManagerService: notifyTaskObserverToAttachController not need to notify!
04-12 01:13:04.430  3590  3796 I FlexibleWindowManagerService: onFlexibleWindowTaskInfoChanged, return for cur task not embedded
04-12 01:13:04.430  8338  8381 D ShellTaskOrganizerExt: visibleFlexibleTaskInfos delete:1
04-12 01:13:04.430  8338  8381 D ShellTaskOrganizerExt: isOnCanvas size:0
04-12 01:13:04.430  8338  8381 D ShellTaskOrganizerExt: isOnThreeFlexibleCanvas size:0
04-12 01:13:04.430  3590  3795 D WindowManager: NFW_findFocusedWindowIfNeeded:null mCurrentFocus:null
04-12 01:13:04.430  3590  3795 D DisplayManagerServiceExtImpl: scheduleTraversalLocked intraversal=false
04-12 01:13:04.430  3590  3795 D DisplayManagerService: MSG_REQUEST_TRAVERSAL pendingCompleted=false
04-12 01:13:04.430  3590  3796 D InsetsSourceProvider: updateSourceFrameForServerVisibility mandatorySystemGestures EMPTY_RECT
04-12 01:13:04.431  3590  3796 D DisplayManagerService: performTraversalInternal pendingTraversal
04-12 01:13:04.431  3590  3796 D DisplayDevice: setLayerStackLocked id=local:4630946685746860179 token=android.os.BinderProxy@fdd71ea stack=0->0
04-12 01:13:04.431  3590  3875 D LocalDisplayAdapter: setDesiredDisplayModeSpecsAsync: display unique id = local:4630946685746860179, display mode specs = defaultMode=2 allowGroupSwitching=false primaryRanges=physical: (0.0 120.0) render:  (0.0 90.0) appRequestRanges=physical: (0.0 120.0) render:  (0.0 90.0) idleScreenRefreshRate=null
04-12 01:13:04.431  2399  2621 D SurfaceFlinger: VRR [SurfaceFlinger] setDesiredDisplayModeSpecs, from process 3590, 2, 0, primaryRanges = [ 0.000000, 120.000000, 0.000000, 90.000000 ], appRequestRanges = [ 0.000000, 120.000000, 0.000000 90.000000 ]
04-12 01:13:04.431  2399  2399 I RefreshRateSelector: Display 4630946685746860179 policy changed
04-12 01:13:04.431  2399  2399 I RefreshRateSelector: Previous: {defaultModeId=0, allowGroupSwitching=false, primaryRanges={physical=[0.00 Hz, 120.00 Hz], render=[0.00 Hz, 120.00 Hz]}, appRequestRanges={physical=[0.00 Hz, 120.00 Hz], render=[0.00 Hz, 120.00 Hz]} idleScreenConfig=nullptr}
04-12 01:13:04.431  2399  2399 I RefreshRateSelector: Current:  DisplayManagerPolicy{defaultModeId=2, allowGroupSwitching=false, primaryRanges={physical=[0.00 Hz, 120.00 Hz], render=[0.00 Hz, 90.00 Hz]}, appRequestRanges={physical=[0.00 Hz, 120.00 Hz], render=[0.00 Hz, 90.00 Hz]} idleScreenConfig=nullptr}
04-12 01:13:04.431  2399  2399 I RefreshRateSelector: 0 mode changes were performed under the previous policy
04-12 01:13:04.431  2399  2399 D SurfaceFlinger: VRR [SurfaceFlinger] applyRefreshRateSelectorPolicy: 2 (90.00 Hz), policy: {defaultModeId=2, allowGroupSwitching=false, primaryRanges={physical=[0.00 Hz, 120.00 Hz], render=[0.00 Hz, 90.00 Hz]}, appRequestRanges={physical=[0.00 Hz, 120.00 Hz], render=[0.00 Hz, 90.00 Hz]} idleScreenConfig=nullptr}
04-12 01:13:04.431  2399  2399 D SurfaceFlinger: VRR [SurfaceFlinger] setDesiredActiveMode: displayId: 4630946685746860179, renderRate: 90, vsyncRate: 90, event: 1
04-12 01:13:04.431  2399  2399 D DisplayModeController: setDesiredMode 4630946685746860179 {mode={fps=90.00 Hz, modePtr={id=2, vsyncRate=90.00 Hz, peakRefreshRate=90.00 Hz}}, emitEvent=true, force=false}
04-12 01:13:04.431  3590  3872 D OplusFeatureDMR[display=0]: onConfigChanged threadId=70 threadName=OplusDisplayWorkHandler physicalDisplayId=4630946685746860179 modeId=0  
04-12 01:13:04.431  2399  3162 D VRR [OTI]: handleIdle from 0 to 0
04-12 01:13:04.431  2399  3162 D VRR [OTI-HW]: isStateReady 0
04-12 01:13:04.431  2399  3162 D VRR [OTI-HW]: keep rate.
04-12 01:13:04.431  2399  2399 I HWC2    : [0] setActiveConfigWithConstraints[2]
04-12 01:13:04.431  2181  2532 I SDM     : SDMDisplayIris::SetActiveConfigToIrisWrapper: SetActiveConfigToIrisWrapper [2] on id_: 0
04-12 01:13:04.431  2181  2532 W SDM     : SDMDisplayIris::SetActiveConfigToIrisWrapper: HWC SetActiveConfig [2], switch to [1264x2780@90]
04-12 01:13:04.432  2181  2532 I SDM     : SDMDisplayIris::SetActiveConfigToIrisWrapper: SetActiveConfigToIrisWrapper [2] on id_: 0
04-12 01:13:04.432  2181  2532 W SDM     : SDMDisplayIris::SetActiveConfigToIrisWrapper: HWC SetActiveConfig [2], switch to [1264x2780@90]
04-12 01:13:04.432  2181  2532 W SDM     : HWDeviceDRM::GetSupportedBitClkRate: Requested rate not supported: 1012000000
04-12 01:13:04.432  2181  2532 I SDM     : HWDeviceDRM::UpdateMixerAttributes: Mixer WxH 1264x2780-1 for Peripheral
04-12 01:13:04.432  2181  2532 I CwbService: CwbService::notifyConfigChange: display:0, config:2 size:4, sec.size():0
04-12 01:13:04.432  2181  2437 D SDM     : HWDeviceDRM::SetupAtomic: APUIR: m_isswitchfps 2
04-12 01:13:04.440  3590  3872 D OplusFeatureDMR[display=0]: onConfigChanged threadId=70 threadName=OplusDisplayWorkHandler physicalDisplayId=4630946685746860179 modeId=2  
04-12 01:13:04.440  3590  3795 I DisplayDeviceRepository: Display device changed render timings: "内置屏幕", renderFrameRate=90.0, presentationDeadlineNanos=14111110, appVsyncOffsetNanos=6555557, frameRateOverrides=[]
04-12 01:13:04.440  3590  3795 D LogicalDisplayExt: set displayInfo flag FLAG_ROTATES_WITH_CONTENT
04-12 01:13:04.440  3590  3795 D DisplayManagerService: Delivering display event: displayId=0, event=EVENT_DISPLAY_REFRESH_RATE_CHANGED
04-12 01:13:04.440  3590  3793 D WindowManager: DeferredDisplayUpdater: partially applying DisplayInfo(1264 x 2780) immediately
04-12 01:13:04.440  2399  3162 D VRR [OTI-HW]: isStateReady 0
04-12 01:13:04.440  3590  7162 D Transition: finishTransaction-onCommitted syncId=27636
04-12 01:13:04.440  2399  3162 D VRR [OTI-HW]: keep rate.
04-12 01:13:04.440  3590  3590 E OplusGestureAnimationManagerPolicy: mScreenHeight:2780 mScreenWidth:1264 mRotation:0
04-12 01:13:04.440  3590  3793 D OplusVFXScreenEffectFeature: notifySFCompatWindowStateChange entered false
04-12 01:13:04.440  3590  3793 D FSS_FoldScreenBlackCoverController: displayChangeToOn, dc:Display{#0 state=ON size=1264x2780 ROTATION_0}
04-12 01:13:04.440  2399  9261 D [PREVIEW]: SF obtain preview_adapter: 0
04-12 01:13:04.440  2399  9261 D [PREVIEW]: TabletPreviewAdapter::parallel world 0
04-12 01:13:04.440  2384 13729 D AudioBoost: audioSchedBoost, pid=2384, tid=13729, enable=1, ret=0
04-12 01:13:04.441  2384 13729 D AudioFlingerExtImpl: AudioFlingerExtImpl oplusSetParameters: keyvalue screen_state=on
04-12 01:13:04.441  2384 13729 D DeviceHalAidl: [default] setParameters: parameters: "screen_state=on"
04-12 01:13:04.441  3590  3793 D InsetsSourceProvider: updateSourceFrameForServerVisibility mandatorySystemGestures EMPTY_RECT
04-12 01:13:04.441  2399  2399 I DispPerfService: updateLayerMask 0
04-12 01:13:04.441  2128  2153 I PAL: ResourceManager: setParameter: 11709: Screen State:1
04-12 01:13:04.441  2384 13729 D DeviceHalAidl: [usb] setParameters: parameters: "screen_state=on"
04-12 01:13:04.441  2128  2153 D AHAL_Module: updateScreenState: usb: 1
04-12 01:13:04.441  2384 13729 D DeviceHalAidl: [r_submix] setParameters: parameters: "screen_state=on"
04-12 01:13:04.441  2128  2153 D AHAL_Module: updateScreenState: r_submix: 1
04-12 01:13:04.441  2384 13729 D DeviceHalAidl: [bluetooth] setParameters: parameters: "screen_state=on"
04-12 01:13:04.441  2128  2153 D AHAL_Module: updateScreenState: bluetooth: 1
04-12 01:13:04.441  2384 13729 D DeviceHalAidl: [binaural_record] setParameters: parameters: "screen_state=on"
04-12 01:13:04.442  2181  2437 D SDM     : HWDeviceDRM::SetupAtomic: APUIR: m_isswitchfps 1
04-12 01:13:04.442  2128  2153 D AHAL_Module: updateScreenState: bluetooth: 1
04-12 01:13:04.442  2384 13729 D DeviceHalAidl: [virtual] setParameters: parameters: "screen_state=on"
04-12 01:13:04.442  2128  2153 D AHAL_Module: updateScreenState: stub: 1
04-12 01:13:04.442  2384 13729 D AudioBoost: audioSchedBoost, pid=2384, tid=13729, enable=0, ret=0
04-12 01:13:04.442  8338  8338 I KeyguardDisplayManager: onDisplayChanged displayId: 0
04-12 01:13:04.442  8338  8338 I SystemUi--Keyguard: KeyguardDisplayManagerExImpl-->orientationChanged=false, presentationDisplayChanged=false, lastPresentationWidth=0, lastPresentationHeight=0, lastPresentationDensity=0
04-12 01:13:04.452  2181  2437 D SDM     : HWDeviceDRM::SetupAtomic: APUIR: m_isswitchfps 0
04-12 01:13:04.453 31147 31147 D DesktopModeFlags: Toggle override initialized to: OVERRIDE_UNSET
04-12 01:13:04.455 31147 31147 I binance.monitor: hiddenapi: Accessing hidden method Landroid/view/ViewGroup;->makeOptionalFitsSystemWindows()V (runtime_flags=0, domain=platform, api=unsupported) from Landroidx/appcompat/widget/ViewUtils; (domain=app) using reflection: allowed
04-12 01:13:04.456  3590  8849 I ActivityManager: Background started FGS: Allowed [callingPackage: com.binance.monitor; callingUid: 10512; uidState: TOP ; uidBFSL: [BFSL]; intent: Intent { act=com.binance.monitor.action.BOOTSTRAP xflg=0x4 cmp=com.binance.monitor/.service.MonitorService mCallingUid=10512 }; code:PROC_STATE_TOP; tempAllowListReason:<null>; allowWiu:12; targetSdkVersion:34; callerTargetSdkVersion:34; startForegroundCount:0; bindFromPackage:null: isBindService:false]
04-12 01:13:04.457 14034 15457 I ConferenceScene: onForegroundServiceStateChanged 31147 10512 0 fg_stateMachinesuid is null
04-12 01:13:04.463 31147 31147 D ActivityThread: ComponentInfo{com.binance.monitor/com.binance.monitor.ui.main.MainActivity} checkFinished=false 2
04-12 01:13:04.463 31147 31147 D ResourcesManagerExtImpl: applyConfigurationToAppResourcesLocked app.getDisplayId() return callback.displayId:0
04-12 01:13:04.467  3590  3830 W UserAwareMgr: process owner is not matched: 10, threadName: HwUiTask, pid: 31147,tid=31210,owner=fg1
04-12 01:13:04.467  3590  3830 W UserAwareMgr: process owner is not matched: 10, threadName: HwUiTask, pid: 31147,tid=31211,owner=fg1
04-12 01:13:04.467 31147 31147 D WindowManager: Add to mViews: com.android.internal.policy.DecorView{112785d I.E...... R.....I. 0,0-0,0 alpha=1.0 viewInfo = }[MainActivity],pkg= com.binance.monitor
04-12 01:13:04.468 31147 31203 D ExtensionsLoader: createInstance(64bit) : createExtendedFactory
04-12 01:13:04.468 31147 31203 D ExtensionsLoader: Opened libhwuiextimpl.so
04-12 01:13:04.468 31147 31203 D skia    : setRusSupported enable 0
04-12 01:13:04.468  3590  3830 W UserAwareMgr: process owner is not matched: 10, threadName: RenderThread, pid: 31147,tid=31203,owner=fg1
04-12 01:13:04.469  3590  7162 E SchedAssist: ofbCfgFrameTask tid(31203) failed with error=Try again
04-12 01:13:04.470  3590  7162 I WindowManager: addWindow: New client android.os.BinderProxy@b93e9ab : window=Window{46ec808 u0 com.binance.monitor/com.binance.monitor.ui.main.MainActivity}
04-12 01:13:04.471 31147 31147 D ViewRootImplExtImpl: onDisplayChanged -1 for VRI android.view.ViewRootImpl@a833d59
04-12 01:13:04.471 31147 31147 D ResourcesManagerExtImpl: applyConfigurationToAppResourcesLocked app.getDisplayId() return callback.displayId:0
04-12 01:13:04.473 31147 31147 E OplusBracketLog: [OplusViewMirrorManager] updateHostViewRootIfNeeded, not support android.view.ViewRootImpl@a833d59
04-12 01:13:04.474  3590  3796 I TaskOrganizerController: onTaskInfoChanged taskid 13213 config { mBounds=Rect(0, 0 - 1264, 2780) mAppBounds=Rect(0, 0 - 1264, 2780) mMaxBounds=Rect(0, 0 - 1264, 2780) mDisplayRotation=ROTATION_0 mWindowingMode=fullscreen mActivityType=standard mAlwaysOnTop=undefined mRotation=ROTATION_0}
04-12 01:13:04.474  3590  3796 D OplusFlexibleDragToSplitAnimController: visibleFlexibleTaskInfos delete:13213
04-12 01:13:04.474  3590  3796 E FlexibleWindowManagerService: notifyTaskObserverToAttachController not need to notify!
04-12 01:13:04.474  3590  3796 I FlexibleWindowManagerService: onFlexibleWindowTaskInfoChanged, return for cur task not embedded
04-12 01:13:04.474  8338  8381 D ShellTaskOrganizerExt: visibleFlexibleTaskInfos delete:13213
04-12 01:13:04.474  8338  8381 D ShellTaskOrganizerExt: isOnCanvas size:0
04-12 01:13:04.474  8338  8381 D ShellTaskOrganizerExt: isOnThreeFlexibleCanvas size:0
04-12 01:13:04.478 31147 31147 D WindowOnBackDispatcher:  predictive settings is disabled for com.binance.monitor
04-12 01:13:04.478 31147 31147 D WindowOnBackDispatcher:  predictive settings is disabled for com.binance.monitor
04-12 01:13:04.478  3590  7162 D CoreBackPreview: Window{46ec808 u0 com.binance.monitor/com.binance.monitor.ui.main.MainActivity}: Setting back callback OnBackInvokedCallbackInfo{mCallback=android.window.IOnBackInvokedCallback$Stub$Proxy@eb0f1c6, mPriority=0, mIsAnimationCallback=false, mOverrideBehavior=0}
04-12 01:13:04.485 31147 31147 D ViewRootImplExtImpl: wrapConfigInfoIntoFlags rotation=0, smallestScreenWidthDp=0, residentWS=false, scenario=0, bounds=Rect(0, 0 - 1264, 2780), relayoutAsync=false, flags=0, newFlags=1457520640, title=com.binance.monitor/com.binance.monitor.ui.main.MainActivity
04-12 01:13:04.486  3590  7162 V WindowManager: Relayout Window{46ec808 u0 com.binance.monitor/com.binance.monitor.ui.main.MainActivity}: viewVisibility=0, oldvis=4, req=1264x2780 , apr = 0, vsysui=, x=0, y=0
04-12 01:13:04.486  3590  7162 I WindowManager: Window{46ec808 u0 com.binance.monitor/com.binance.monitor.ui.main.MainActivity} state from NO_SURFACE to DRAW_PENDING; reason: resetDrawState
04-12 01:13:04.486  3590  7162 D InsetsSourceProvider: updateSourceFrameForServerVisibility mandatorySystemGestures EMPTY_RECT
04-12 01:13:04.486  3590  7162 D InsetsSourceProvider: updateSourceFrameForServerVisibility mandatorySystemGestures EMPTY_RECT
04-12 01:13:04.487  3590  7162 D WindowManager: NFW_findFocusedWindowIfNeeded:Window{46ec808 u0 com.binance.monitor/com.binance.monitor.ui.main.MainActivity} mCurrentFocus:null
04-12 01:13:04.487  3590  7162 V WindowManager: Changing focus from null to Window{46ec808 u0 com.binance.monitor/com.binance.monitor.ui.main.MainActivity},diplayid=0
04-12 01:13:04.487  3590  3875 D VRR [OPlusSurfaceFlingerController]:  setComplexSceneEnable : false
04-12 01:13:04.487  3590  7162 D Theia.NoFocusWindow: FocusWindowErrorScene cancelCheckFreezeScreen
04-12 01:13:04.487  3590  7162 W TheiaWindowMonitor: [check] focusedWindow is null or enable is false
04-12 01:13:04.488 31147 31147 D VRI[MainActivity]: relayoutWindow result, sizeChanged:true, surfaceControlChanged:true, transformHintChanged:false, mSurfaceSize:Point(1264, 2780), mLastSurfaceSize:Point(0, 0), mWidth:-1, mHeight:-1, requestedWidth:1264, requestedHeight:2780, transformHint:0, installOrientation:0, displayRotation:0, isSurfaceValid:true, attr.flag:-2122252032, tmpFrames:ClientWindowFrames{frame=[0,0][1264,2780] display=[0,0][1264,2780] parentFrame=[0,0][0,0]}, relayoutAsync:false, mSyncSeqId:0
04-12 01:13:04.488 31147 31147 W VRI[MainActivity]: updateBlastSurfaceIfNeeded, surfaceSize:Point(1264, 2780), lastSurfaceSize:Point(0, 0), format:-3, blastBufferQueue:null
04-12 01:13:04.488 31147 31147 D BufferQueueConsumer: [](id:79ab00000000,api:0,p:-1,c:31147) connect: controlledByApp=false
04-12 01:13:04.488 31147 31147 D BufferQueueConsumer: [VRI[MainActivity]#0(BLAST Consumer)0](id:79ab00000000,api:0,p:-1,c:31147) setMaxAcquiredBufferCount: 2
04-12 01:13:04.489 31147 31203 D BufferQueueProducer: [VRI[MainActivity]#0(BLAST Consumer)0](id:79ab00000000,api:1,p:31147,c:31147) connect: api=1 producerControlledByApp=true
04-12 01:13:04.489  3590  3875 D VRR [OPlusRefreshRateService]: handleConfigIdChange physicalDisplayId: 4630946685746860179 configId: 2 renderPeriod: 11111111
04-12 01:13:04.489  3590  3875 D VRR [OPlusGameStatusManager]: updateGameState mOSyncFeatureSwitch: false mIsGamePolicy: false
04-12 01:13:04.489  3590  3875 D VRR [OPlusGameStatusManager]: updateGameAccelerationStatus pkgName: com.binance.monitor mOSyncFeatureSwitch: false mIsGamePolicy: false mHeartStop: false mHasFlickerRisk: false mForceAcceleration: false mToastReady: false enable: false
04-12 01:13:04.489  3590  3875 D VRR [OPlusExternalRefreshRateManager]:  Display refreshrate :90 , Switch to OTI-HW 
04-12 01:13:04.489  2399  3162 D VRR [OTI-HW]: isStateReady 0
04-12 01:13:04.489  2399  3162 D VRR [OTI-HW]: keep rate.
04-12 01:13:04.495  3590  3796 D SurfaceComposerClient: Transaction::apply InputWindowCommands.focusRequests timestamp=924645651512949, windowName=46ec808 com.binance.monitor/com.binance.monitor.ui.main.MainActivity
04-12 01:13:04.497 31147 31147 I SurfaceControl:  setExtendedRangeBrightness sc=Surface(name=com.binance.monitor/com.binance.monitor.ui.main.MainActivity)/@0x8bf383a,currentBufferRatio=1.0,desiredRatio=1.0
04-12 01:13:04.505 31147 31203 I AdrenoUtils: <ReadGpuID:366>: Reading chip ID through GSL
04-12 01:13:04.507  2399  3200 D SurfaceFlinger: updateWinowInfo=1, setFocusedWindow timestamp=924645651512949, windowName=46ec808 com.binance.monitor/com.binance.monitor.ui.main.MainActivity
04-12 01:13:04.507  3590  8311 I InputDispatcher: NFW_setFocusedWindow, 46ec808 com.binance.monitor/com.binance.monitor.ui.main.MainActivity on display 0, same as the previous:0
04-12 01:13:04.514 31147 31203 D BLASTBufferQueue: [VRI[MainActivity]#0](f:0,a:1) acquireNextBufferLocked size=1264x2780 mFrameNumber=1 applyTransaction=true mTimestamp=924645677989929(auto) mPendingTransactions.size=0 graphicBufferId=133775346368515 transform=0
04-12 01:13:04.514 31147 31203 D VRI[MainActivity]: Received frameCommittedCallback lastAttemptedDrawFrameNum=1 didProduceBuffer=true syncBuffer=false
04-12 01:13:04.515  2399  9261 I ClientCache: add: Cache owner=0xb400007e71b06100
04-12 01:13:04.515 31147 31203 D ExtensionsLoader: createInstance(64bit) : createExtendedFactory
04-12 01:13:04.515 31147 31203 D ExtensionsLoader: Opened libSchedAssistExtImpl.so
04-12 01:13:04.515 31147 31147 D VRI[MainActivity]: draw finished. seqId=0
04-12 01:13:04.515  3590  7162 I WindowManager: Window{46ec808 u0 com.binance.monitor/com.binance.monitor.ui.main.MainActivity} state from DRAW_PENDING to COMMIT_DRAW_PENDING; reason: finishDrawingLocked
04-12 01:13:04.515  3590  3796 D InsetsSourceProvider: updateSourceFrameForServerVisibility mandatorySystemGestures EMPTY_RECT
04-12 01:13:04.515  3590  3796 D InsetsSourceProvider: updateSourceFrameForServerVisibility mandatorySystemGestures EMPTY_RECT
04-12 01:13:04.516  3590  3796 I WindowManager: Window{46ec808 u0 com.binance.monitor/com.binance.monitor.ui.main.MainActivity} state from COMMIT_DRAW_PENDING to READY_TO_SHOW; reason: commitFinishDrawingLocked
04-12 01:13:04.516  3590  3796 D CoreBackPreview:  return markWindowHasDrawn mComposed: false  mWaitTransition: false
04-12 01:13:04.516  3590  3796 D ActivityTaskManager: Finish StartingWindow: ActivityRecord{215839126 u0 com.binance.monitor/.ui.main.MainActivity t13213}first real window is shown
04-12 01:13:04.516  3590  3796 D ActivityTaskManager: removeStartingWindowAnimation starting ActivityRecord{215839126 u0 com.binance.monitor/.ui.main.MainActivity t13213} startingWindow=null ,startingView=com.android.server.wm.StartingSurfaceController$StartingSurface@9d1ee95,Callers=com.android.server.wm.ActivityRecord.removeStartingWindow:3386 com.android.server.wm.ActivityRecord.onFirstWindowDrawn:8055 com.android.server.wm.WindowState.performShowLocked:4933 com.android.server.wm.WindowStateAnimator.commitFinishDrawingLocked:403 com.android.server.wm.DisplayContent.lambda$new$8:1154 
04-12 01:13:04.516  3590  3796 D OplusStartingWindowManager: interceptRemoveStartingWindow: packageName=com.binance.monitor,  componentName=com.binance.monitor/.ui.main.MainActivity, isSnapshot=false, startingSurfaceRunnable=null, isDrawCompleted=false, hasSurfaceView=false, inTransition=false
04-12 01:13:04.516  3590  3796 D OplusSplitScreenDnDUI: notifyRemoveStartingWindow isSpitScreenDrag = false mDropTargetSurface = null StartingWindowpkgName = com.binance.monitor DragPkg = null isLauncherResume = false
04-12 01:13:04.516  3590  3796 D OplusStartingWindowManager: interceptRemoveStartingWindow: hasSplashWindowFlag() return false for activity=ActivityRecord{215839126 u0 com.binance.monitor/.ui.main.MainActivity t13213}
04-12 01:13:04.516  3590  3796 D TaskOrganizerController: TaskOrganizerController.removeStartingWindow: call wmshell to removeStartingWindow Task{defe904 #13213 type=standard A=10512:com.binance.monitor}null
04-12 01:13:04.516  8543  9893 I iopgp   : Iopgp: TRANSACTION_IOPGP_ON_ACTIVITY_LAUNCH_FINISHED sequence_id = 1218 timestamp_nanos = 924645680372376
04-12 01:13:04.517  3590  3796 I Quality : LaunchTime2.0: com.binance.monitor/.ui.main.MainActivity 1 396 com.android.shell 28 56
04-12 01:13:04.517  3590  3796 D QuickBackInputPolicy: setAppLaunchEndTime update timePair=Pair{ActivityRecord{215839126 u0 com.binance.monitor/.ui.main.MainActivity t13213} 924645680}
04-12 01:13:04.517  3590  8480 I OPM     : handleNotifyLaunchTime : com.binance.monitor, :393
04-12 01:13:04.517  3590  3796 I WindowManager: Window{46ec808 u0 com.binance.monitor/com.binance.monitor.ui.main.MainActivity} state from READY_TO_SHOW to HAS_DRAWN; reason: performShowLocked
04-12 01:13:04.517  3590  3796 D InsetsSourceProvider: updateSourceFrameForServerVisibility mandatorySystemGestures EMPTY_RECT
04-12 01:13:04.517  3590  3796 D InsetsSourceProvider: updateSourceFrameForServerVisibility mandatorySystemGestures EMPTY_RECT
04-12 01:13:04.518  3590  3792 I ActivityTaskManager: Displayed com.binance.monitor/.ui.main.MainActivity for user 0: +403ms
04-12 01:13:04.518  2013  2036 E statsd  : Gauge Stats puller failed for tag: 150134 at 974799931944646
04-12 01:13:04.518  2013  2036 I statsd  : An anomaly (104840000001) (48)0x10000->10512[I] (48)0x20000->com.binance.monitor[S] (48)0x30000->3[I]  has occurred! Informing subscribers.
04-12 01:13:04.518  3590  3796 D CoreBackPreview:  return markWindowHasDrawn mComposed: false  mWaitTransition: false
04-12 01:13:04.518  3590  3830 I UserAwareMgr: event is already released: SceneEvent{id=5007, maxWorkDurationMs=200, caller='[android]', eventFlags=256, fbPriority=1, keyThreads=[KeyThread{name=binder, owner=android, schedPolicy=ux, priority=HEAVY, maxThreadCount=16}], vipBinderGroup=null}, callingPid: 3590, appPid: 0
04-12 01:13:04.530  3590  7162 I InputDispatcher: updateFocusedWindow, 46ec808 com.binance.monitor/com.binance.monitor.ui.main.MainActivity on display 0, reason: Window became focusable. Previous reason: NOT_VISIBLE, result:   FocusedWindows:
04-12 01:13:04.530  3590  7162 I InputDispatcher:     displayId=0, name='46ec808 com.binance.monitor/com.binance.monitor.ui.main.MainActivity'
04-12 01:13:04.537 10330 10351 I ostats_tpd: stats_write, records atomId:100100, event_id:903, cpu:0, values: 903-0-1-213-(cpu-1-1-1)-28-0-1
04-12 01:13:04.537 10385 10548 I ThermalEngine: VIRTUAL-CPU-L-PID, Update received trip sensor cpu-1-1-1 92300
04-12 01:13:04.537 10330 10351 I ostats_tpd: stats_write, records atomId:100100, event_id:903, cpu:3, values: 903-0-1-10614-(cpu-1-1-1)-28-0-1
04-12 01:13:04.540  3590  3875 D VRR [OPlusSAManager]: updateAutoMinfps for 4630946685746860179 with nits: 96.458, mHistOK true, mAmbientOK true, mCctOK true, mIrOK true, mBrightnessOK true, isPkgOK true, SA min fps: 89
04-12 01:13:04.540  2399  9261 I VRR-[OPlusRefreshRateSelector]: updateAutoMode success, display 0, mode 0, fakeframe 1, min fps: 1
04-12 01:13:04.540  2181  2532 I SDM     : DisplayBuiltIn::SetQSyncMode: VRR + update qsync mode 0 minfps 00C08181
04-12 01:13:04.541  2181  2437 E SDM     : DRMConnector::Perform: Connector 68: Setting Qsync min fps 12616065
04-12 01:13:04.558 10385 10645 I ThermalEngine: ACTION: CPU - Setting CPU[6] to 4
04-12 01:13:04.568 10385 10645 I ThermalEngine: ACTION: CPU - Setting CPU[6] to 3
04-12 01:13:04.578 10385 10645 I ThermalEngine: ACTION: CPU - Setting CPU[6] to 4
04-12 01:13:04.586 31147 31174 I binance.monitor: Compiler allocated 7246KB to compile void android.view.ViewRootImpl.performTraversals()
04-12 01:13:04.588 10385 10645 I ThermalEngine: ACTION: CPU - Setting CPU[6] to 3
04-12 01:13:04.598 10385 10645 I ThermalEngine: ACTION: CPU - Setting CPU[6] to 4
04-12 01:13:04.608 10385 10645 I ThermalEngine: ACTION: CPU - Setting CPU[6] to 3
04-12 01:13:04.619 10385 10645 I ThermalEngine: ACTION: CPU - Setting CPU[6] to 4
04-12 01:13:04.629 10385 10645 I ThermalEngine: ACTION: CPU - Setting CPU[6] to 3
04-12 01:13:04.639 10385 10645 I ThermalEngine: ACTION: CPU - Setting CPU[6] to 4
04-12 01:13:04.647  8770  8799 I APS_ALOG: flushRoutine g_immediateFlush=0 g_pendingCount=0 g_oobCount=0
04-12 01:13:04.649 10385 10645 I ThermalEngine: ACTION: CPU - Setting CPU[6] to 3
04-12 01:13:04.659 10385 10645 I ThermalEngine: ACTION: CPU - Setting CPU[6] to 5
04-12 01:13:04.669 10385 10645 I ThermalEngine: ACTION: CPU - Setting CPU[6] to 3
04-12 01:13:04.679 10385 10645 I ThermalEngine: ACTION: CPU - Setting CPU[6] to 4
04-12 01:13:04.684  2181  2181 I SDM     : PartialUpdateSrcSplit::SetCwbRoiForNonPU: CWB ROI Rect(754.000000 49.000000 794.000000 119.000000)
04-12 01:13:04.690 10385 10645 I ThermalEngine: ACTION: CPU - Setting CPU[6] to 3
04-12 01:13:04.700 10385 10645 I ThermalEngine: ACTION: CPU - Setting CPU[6] to 5
04-12 01:13:04.710 10385 10645 I ThermalEngine: ACTION: CPU - Setting CPU[6] to 2
04-12 01:13:04.715  2181  2532 E CwbService: Panel not support apl read or getDisplayPanelAplValue timeout 10ms.
04-12 01:13:04.716  2258  2258 D SensorFeature: name=ssc_screenshot_info ,index = 22
04-12 01:13:04.716  2258  2258 D SensorFeature: write 39 bytes:974800108539524,974800119650635,29569,0
04-12 01:13:04.720 10385 10645 I ThermalEngine: ACTION: CPU - Setting CPU[6] to 3
04-12 01:13:04.758 31147 31147 D WindowManager: Add to mViews: android.widget.FrameLayout{4a34642 V.E...... ......I. 0,0-0,0 #7f08020d app:id/rootFloating alpha=1.0 viewInfo = },pkg= null
04-12 01:13:04.758 31147 31203 D skia    : setRusSupported enable 0
04-12 01:13:04.759 10385 10548 I ThermalEngine: VIRTUAL-CPU-L-PID, Update received trip sensor cpu-1-1-1 79900
04-12 01:13:04.759 10385 10645 I ThermalEngine: ACTION: CPU - Setting CPU[6] to 0
04-12 01:13:04.759  3590  7162 I WindowManager: addWindow: New client android.os.BinderProxy@4808602 : window=Window{e744150 u0 com.binance.monitor}
04-12 01:13:04.760 31147 31147 D ViewRootImplExtImpl: onDisplayChanged -1 for VRI android.view.ViewRootImpl@4474c89
04-12 01:13:04.765 31147 31147 D VRI[MainActivity]: onFocusEvent true
04-12 01:13:04.765  2280  2331 D BatteryChargeControl: bcc get no support from charging protocol
04-12 01:13:04.766  3590  7162 W ForegroundServiceTypeLoggerModule: Foreground service start for UID: 10512 does not have any types
04-12 01:13:04.767  8338 14027 I SystemUi--QuickSettings: OplusFgsManagerController-->onForegroundStateChanged: com.binance.monitor 0 true 1
04-12 01:13:04.767 14034 15457 I ConferenceScene: onForegroundServiceStateChanged 31147 10512 1 fg_stateMachinesuid is null
04-12 01:13:04.767  8338 14027 I SystemUi--QuickSettings: OplusFgsManagerController-->onForegroundStateChanged numPackagesAfter: 2
04-12 01:13:04.767  8338  8430 I SystemUi--QuickSettings: OplusSeparateQSPrivacyManager-->onNumberOfPackagesChanged numPackages 2
04-12 01:13:04.767  3590  3836 D NotificationService--OplusNotificationFixHelper: fixAppIcon: pkg=com.binance.monitor
04-12 01:13:04.767  3590  3836 D NotificationService--OplusNotificationFixHelper: fixAppIcon: appIcon = null, pkg = com.binance.monitor
04-12 01:13:04.771 31147 31220 D libc-netbsd: [oplusDnsOpenProxy]: __netdClientDispatch.connect errno = 111
04-12 01:13:04.771 31147 31219 D libc-netbsd: [oplusDnsOpenProxy]: __netdClientDispatch.connect errno = 111
04-12 01:13:04.771 31147 31219 D DNS_CACHE: oplus_oplus_getaddrinfo_proxy open dns proxy failed, use android flow: 10512
04-12 01:13:04.771 31147 31220 D DNS_CACHE: oplus_oplus_getaddrinfo_proxy open dns proxy failed, use android flow: 10512
04-12 01:13:04.773 10385 10548 I ThermalEngine: VIRTUAL-CPU-L-PID, Update received trip sensor cpu-1-1-1 92300
04-12 01:13:04.773 10330 10351 I ostats_tpd: stats_write, records atomId:100100, event_id:903, cpu:0, values: 903-0-1-213-(cpu-1-1-1)-28-0-1
04-12 01:13:04.773 10330 10351 I ostats_tpd: stats_write, records atomId:100100, event_id:903, cpu:0, values: 903-0-1-213-(cpu-1-1-1)-28-0-1
04-12 01:13:04.774 28141 28333 I GoLog   : from udp:127.0.0.1:46705 accepted udp:114.114.114.114:53 [socks -> dns-out]
04-12 01:13:04.774 28141 28333 I GoLog   : from udp:127.0.0.1:59690 accepted udp:114.114.114.114:53 [socks -> dns-out]
04-12 01:13:04.774 28141 18561 I GoLog   : from DNS accepted udp:8.8.8.8:53 [dns-module -> proxy]
04-12 01:13:04.776  3438  4039 D QmiClient: qmiServiceEventCallback recv msg id 47
04-12 01:13:04.776  3438  4039 D QmiClient: enter -mServiceType 10 onQmiServiceEventCallback msgId 47
04-12 01:13:04.776  3438  4039 D QmiClient: onQmiServiceEventCallback - enter. msgId=47
04-12 01:13:04.776  3438  3488 D OttProxy: handleMessage msg is 3001
04-12 01:13:04.776 14034 14677 D SubsysRadioIndication[1]: radioLinkLatencyInfoInd
04-12 01:13:04.776 14034 14677 D SubsysRadioIndication[1]: notify enter
04-12 01:13:04.776 14034 14034 D NetworkService[1]: handleMessage what:1008
04-12 01:13:04.776 14034 14034 D NetworkService[1]: EVENT_REG_LINK_LATENCY_INFO_CHANGE ulLatency:5508
04-12 01:13:04.785 31147 31147 E OplusBracketLog: [OplusViewMirrorManager] updateHostViewRootIfNeeded, not support android.view.ViewRootImpl@4474c89
04-12 01:13:04.785 31147 31147 D WindowOnBackDispatcher:  predictive settings is disabled for com.binance.monitor
04-12 01:13:04.785 31147 31147 D WindowOnBackDispatcher:  predictive settings is disabled for com.binance.monitor
04-12 01:13:04.786  3590  8173 D CoreBackPreview: Window{e744150 u0 com.binance.monitor}: Setting back callback OnBackInvokedCallbackInfo{mCallback=android.window.IOnBackInvokedCallback$Stub$Proxy@335ae81, mPriority=0, mIsAnimationCallback=false, mOverrideBehavior=0}
04-12 01:13:04.786  3590  8311 V WindowManager: Relayout Window{e744150 u0 com.binance.monitor}: viewVisibility=0, oldvis=0, req=315x422 , apr = 0, vsysui=, x=42, y=420
04-12 01:13:04.786  3590  8311 I WindowManager: Window{e744150 u0 com.binance.monitor} state from NO_SURFACE to DRAW_PENDING; reason: resetDrawState
04-12 01:13:04.786  3590  8311 D InsetsSourceProvider: updateSourceFrameForServerVisibility mandatorySystemGestures EMPTY_RECT
04-12 01:13:04.786  3590  8311 D InsetsSourceProvider: updateSourceFrameForServerVisibility mandatorySystemGestures EMPTY_RECT
04-12 01:13:04.787  3590  8311 D WindowManager: NFW_findFocusedWindowIfNeeded:Window{46ec808 u0 com.binance.monitor/com.binance.monitor.ui.main.MainActivity} mCurrentFocus:Window{46ec808 u0 com.binance.monitor/com.binance.monitor.ui.main.MainActivity}
04-12 01:13:04.787 31147 31147 D BufferQueueConsumer: [](id:79ab00000001,api:0,p:-1,c:31147) connect: controlledByApp=false
04-12 01:13:04.787 31147 31147 D BufferQueueConsumer: [VRI[]#1(BLAST Consumer)1](id:79ab00000001,api:0,p:-1,c:31147) setMaxAcquiredBufferCount: 2
04-12 01:13:04.788 31147 31203 D BufferQueueProducer: [VRI[]#1(BLAST Consumer)1](id:79ab00000001,api:1,p:31147,c:31147) connect: api=1 producerControlledByApp=true
04-12 01:13:04.788 31147 31147 I SurfaceControl:  setExtendedRangeBrightness sc=Surface(name=)/@0x59a2d25,currentBufferRatio=1.0,desiredRatio=1.0
04-12 01:13:04.790 31147 31203 D BLASTBufferQueue: [VRI[]#1](f:0,a:1) acquireNextBufferLocked size=315x422 mFrameNumber=1 applyTransaction=true mTimestamp=924645953795814(auto) mPendingTransactions.size=0 graphicBufferId=133775346368517 transform=0
04-12 01:13:04.790 31147 31203 D VRI[]   : Received frameCommittedCallback lastAttemptedDrawFrameNum=1 didProduceBuffer=true syncBuffer=false
04-12 01:13:04.790 31147 31147 D VRI[]   : draw finished. seqId=0
04-12 01:13:04.790  3590  8311 I WindowManager: Window{e744150 u0 com.binance.monitor} state from DRAW_PENDING to COMMIT_DRAW_PENDING; reason: finishDrawingLocked
04-12 01:13:04.790 31147 31147 W VRI[MainActivity]: handleResized, msg:, frameChanged:false, configChanged:false, displayChanged:false, attachedFrameChanged:false, compatScaleChanged:false, pendingDragResizing=false
04-12 01:13:04.790  3590  3796 D InsetsSourceProvider: updateSourceFrameForServerVisibility mandatorySystemGestures EMPTY_RECT
04-12 01:13:04.790  3590  3796 D InsetsSourceProvider: updateSourceFrameForServerVisibility mandatorySystemGestures EMPTY_RECT
04-12 01:13:04.791  3590  3796 I WindowManager: Window{e744150 u0 com.binance.monitor} state from COMMIT_DRAW_PENDING to READY_TO_SHOW; reason: commitFinishDrawingLocked
04-12 01:13:04.791  3590  3796 I WindowManager: Window{e744150 u0 com.binance.monitor} state from READY_TO_SHOW to HAS_DRAWN; reason: performShowLocked
04-12 01:13:04.791 31147 31147 I DynamicFramerate [FRTCConfigManager]: initFrameRateConfig: 
04-12 01:13:04.791 31147 31147 I DynamicFramerate [FRTCConfigManager]: 	levelsFor120hz: [120, 90, 72, 60]
04-12 01:13:04.791 31147 31147 I DynamicFramerate [FRTCConfigManager]: 	thresholdsFor120hz: [1080, 300, 200]
04-12 01:13:04.791 31147 31147 I DynamicFramerate [FRTCConfigManager]: 	levelsFor90hz: [90]
04-12 01:13:04.791 31147 31147 I DynamicFramerate [FRTCConfigManager]: 	thresholdsFor90hz: []
04-12 01:13:04.791 31147 31147 I DynamicFramerate [FRTCConfigManager]: FRTCConfigManager: FRTC_CAPABILITY = 360, package name = com.binance.monitor, WINDOW_ANIMATION_SPEED_RATE = 10, SCROLL_ANIMATION_SPEED_RATE = 20, PACKAGE_ENABLE = false
04-12 01:13:04.791 31147 31147 I DynamicFramerate [DynamicFrameRateController]: init info: mPackageName = com.binance.monitor, mIsEnabled = false
04-12 01:13:04.792 31147 31228 D libc-netbsd: [oplusDnsOpenProxy]: __netdClientDispatch.connect errno = 111
04-12 01:13:04.792 31147 31228 D DNS_CACHE: oplus_oplus_getaddrinfo_proxy open dns proxy failed, use android flow: 10512
04-12 01:13:04.795  3590  7380 D InputMethodManagerService: isSecurity: attribute.packageName = com.binance.monitor mCurMethodId = com.sohu.inputmethod.sogou/.SogouIME isSecurity = false ( enable = true needShow = false inBlackList = false isExist = true )
04-12 01:13:04.795  3590  7380 I ImeTracker: com.binance.monitor:2cd7405f: onRequestHide at ORIGIN_SERVER reason HIDE_UNSPECIFIED_WINDOW fromUser false
04-12 01:13:04.796  3590  3830 I UserAwareMgr: handleFgAppChanged, pkgName: com.binance.monitor, pid: 31147, isVisible: true, fgAppType: FG2
04-12 01:13:04.796  3590  3830 I UserAwareMgr: fg app status not changed, beforeVisible: true, currentVisible: true
04-12 01:13:04.796  3590  7998 I Osense-FloatWindowComplexScene: getNoSharedData pid=13839,result=[Bundle[{isExitWindow=false, isFocused=true, floatWindowType=3, taskId=-1, pkgName=com.binance.monitor, isVisible=true, pid=31147, uid=10512, type=2, hwuiTaskThreads=[31210, 31211], renderThreadTid=31203, activityName=null, isEnter=false}];Bundle[{isExitWindow=false, isFocused=false, taskId=2, pkgName=com.android.launcher, isVisible=true, pid=8730, uid=10214, type=1, hwuiTaskThreads=[9163, 9164], renderThreadTid=8905, activityName=com.android.launcher/.Launcher, isEnter=false}];Bundle[{isExitWindow=false, isFocused=false, taskId=13213, pkgName=com.binance.monitor, isVisible=true, pid=31147, uid=10512, type=1, hwuiTaskThreads=[31210, 31211], renderThreadTid=31203, activityName=com.binance.monitor/.ui.main.MainActivity, isEnter=false}]]
04-12 01:13:04.796  3590  3875 D VRR [OPlusSurfaceFlingerController]:  setComplexSceneEnable : true
04-12 01:13:04.796  3590  3872 D OplusFeatureUIR: Receive float window scene changed eventId = 3 bundleList.size = 3 mFloatWindowApps [com.binance.monitor] mCurrentPkg com.binance.monitor
04-12 01:13:04.796 13839 13365 D UserAppScenarioEvent: mComplexSceneObserver eventId: 3, bundle: [Bundle[mParcelledData.dataSize=472], Bundle[mParcelledData.dataSize=500], Bundle[mParcelledData.dataSize=516]]
04-12 01:13:04.796  3590  3830 W QosScheduler: executeSceneQosStrategy failed! qos feature no enable
04-12 01:13:04.796  3590  7998 I [UAH_CLIENT]: uahRuleCtl, ruleId:206, status:2
04-12 01:13:04.796 13839 14694 D AMC     : [TriggerForeground] handleFloatWindowStateChanged on:true
04-12 01:13:04.796  3590  3795 D PendingIntent: getActivity use FLAG_CANCEL_CURRENT, packageName = android
04-12 01:13:04.797  8338  8338 I SystemUi--Notification: OplusLiveAlertNotificationsRepository-->onNotificationChannelModified: android 0 “交易终端”正在其他应用的上层显示内容 1
04-12 01:13:04.798  3590  8173 I ImeTracker: system_server:108993c1: onRequestHide at ORIGIN_SERVER reason IME_REQUESTED_CHANGED_LISTENER fromUser false
04-12 01:13:04.798  3590  7162 D ActivityManager: Cancel freezing 11382 com.oplus.notificationmanager
04-12 01:13:04.798  3590  7380 I ImeTracker: system_server:108993c1: onCancelled at PHASE_SERVER_SHOULD_HIDE
04-12 01:13:04.798 10385 10443 I ThermalEngine: VIRTUAL-CPU-L-PID, Update received trip sensor cpu-1-0-1 92300
04-12 01:13:04.798  3590  3796 D InsetsSourceProvider: updateSourceFrameForServerVisibility mandatorySystemGestures EMPTY_RECT
04-12 01:13:04.798 10330 10351 I ostats_tpd: stats_write, records atomId:100100, event_id:903, cpu:0, values: 903-0-1-213-(cpu-1-0-1)-26-0-1
04-12 01:13:04.799 10330 10351 I ostats_tpd: stats_write, records atomId:100100, event_id:903, cpu:5, values: 903-0-1-10614-(cpu-1-0-1)-26-0-1
04-12 01:13:04.801  3590  3795 D NotificationService--OplusNotificationFixHelper: fixAppIcon: pkg=android
04-12 01:13:04.801  3590  3795 D NotificationService--OplusNotificationFixHelper: fixAppIcon: appIcon = null, pkg = android
04-12 01:13:04.801  3590  3795 D NotificationService--NotificationRecord: isSupportRearLight , isRearLight = false mLedRM = false isMultilLed = false
04-12 01:13:04.802  3590  3795 I OplusStatusBarManagerServiceEnhance:  getTopIsFullscreen mTopIsFullscreen: false
04-12 01:13:04.802  3590  3590 D NotificationService--OplusNotificationManagerServiceExtImpl: isForwardToAssistants: false, case : Is in mMcsNotInterceptPkgList or is isSystemApp
04-12 01:13:04.802  3590  3590 D NotificationService: This application enqueue notifications is not need postDelayed
04-12 01:13:04.803  3590  3830 W QosSceneRecognizer[NotificationScene]: get pid failed while enterNotificationScene, processInfos is null! uid: -1
04-12 01:13:04.804 10385 10645 I ThermalEngine: ACTION: CPU - Setting CPU[6] to 5
04-12 01:13:04.804  8338  8338 I SystemUi--Notification: OplusLiveAlertNotificationsRepository-->onRankingApplied
04-12 01:13:04.808 31147 31203 D VRI[MainActivity]: Received frameCommittedCallback lastAttemptedDrawFrameNum=3 didProduceBuffer=true syncBuffer=false
04-12 01:13:04.808 31147 31147 D VRI[MainActivity]: draw finished. seqId=0
04-12 01:13:04.808  3590  3796 D InsetsSourceProvider: updateSourceFrameForServerVisibility mandatorySystemGestures EMPTY_RECT
04-12 01:13:04.809  3590  3796 D InsetsSourceProvider: updateSourceFrameForServerVisibility mandatorySystemGestures EMPTY_RECT
04-12 01:13:04.813 10385 10548 I ThermalEngine: VIRTUAL-CPU-L-PID, Update received trip sensor cpu-1-1-1 79900
04-12 01:13:04.814 10385 10645 I ThermalEngine: ACTION: CPU - Setting CPU[6] to 2
04-12 01:13:04.816  8338  8338 E LockScreenNotificationDispatcherImp: updateNotificationListOnKg size:0
04-12 01:13:04.817  8338  8338 I SystemUi--Notification: LockScreenNotificationDispatcherImp-->updateNotificationListOnKg resultCode: 0
04-12 01:13:04.818  8338  8338 W SystemUi--Common: SubsetBitmapDrawable-->[isValid] innerBitmap?.isRecycled=null
04-12 01:13:04.820  3590  8311 D NotificationService--OplusNotificationFixHelper: fixAppIcon: pkg=com.binance.monitor
04-12 01:13:04.820  3590  8311 D NotificationService--OplusNotificationFixHelper: fixAppIcon: appIcon = null, pkg = com.binance.monitor
04-12 01:13:04.820 31147 31147 D InsetsController: hide(ime(), fromIme=false)
04-12 01:13:04.820 31147 31147 I ImeTracker: com.binance.monitor:2cd7405f: onCancelled at PHASE_CLIENT_ALREADY_HIDDEN
04-12 01:13:04.822 31147 31203 D VRI[]   : Received frameCommittedCallback lastAttemptedDrawFrameNum=2 didProduceBuffer=false syncBuffer=false
04-12 01:13:04.822 31147 31147 D VRI[]   : draw finished. seqId=0
04-12 01:13:04.822  3590  3796 D InsetsSourceProvider: updateSourceFrameForServerVisibility mandatorySystemGestures EMPTY_RECT
04-12 01:13:04.822  3590  3796 D InsetsSourceProvider: updateSourceFrameForServerVisibility mandatorySystemGestures EMPTY_RECT
04-12 01:13:04.823 10385 10443 I ThermalEngine: VIRTUAL-CPU-L-PID, Update received trip sensor cpu-1-0-1 79500
04-12 01:13:04.823 10385 10645 I ThermalEngine: ACTION: CPU - Setting CPU[6] to 0
04-12 01:13:04.827  3590  7998 D JobSchedulerServiceExtImpl: updateOsenseRestrictMode for 1 false false
04-12 01:13:04.827  3590  8280 I Osense-BaseDecisionMaker: notifySceneToAthenaPolicy: SCENE_ACTIVITY_IDLE, bundle: Bundle[{scene=SCENE_ACTIVITY_IDLE}]
04-12 01:13:04.828  8730  8730 I SplitScreenManager: Attached Launcher#cbc0fb1 ON_STOP
04-12 01:13:04.828  3590  8280 I Osense-BaseDecisionMaker: scene: SCENE_ACTIVITY_IDLE, excutingPolicy: compress
04-12 01:13:04.828  3590  8280 D Osense-BaseDecisionMaker: invoke compress policy,type: idle
04-12 01:13:04.828  3590  8280 D OplusAthenaAm: reset: skip request 59566
04-12 01:13:04.828  8730  8730 I AutofillManager: onInvisibleForAutofill(): expiringResponse
04-12 01:13:04.828  8730  8730 W LauncherClient[u0]: isConnected false because mOverlay is null
04-12 01:13:04.829  8730  8853 I ImeTracker: com.android.launcher:9b1f2d0c: onRequestHide at ORIGIN_CLIENT reason HIDE_SOFT_INPUT fromUser false
04-12 01:13:04.829  8730  8853 I ImeTracker: com.android.launcher:9b1f2d0c: onFailed at PHASE_CLIENT_VIEW_SERVED
04-12 01:13:04.829  8730  8730 D AnimSeqTimeStamp: resetLastLaunchTaskTime
04-12 01:13:04.829  3590  3830 I UserAwareMgr: handleAppChangedToBg, pkgName: com.android.launcher, pid: 8730
04-12 01:13:04.830  8338  8706 D LocalImageResolver: Couldn't use ImageDecoder for drawable, falling back to non-resized load.
04-12 01:13:04.830  3590  8173 D OplusStartingWindowManager: skip remove starting window for activity = ActivityRecord{75462386 u0 com.android.launcher/.Launcher t2} ,ar != topActivityContainsStartingWindow on activityStopped
04-12 01:13:04.830  8338  8338 D OplusNotificationDateTimeView: setTime mSettingTimeMillis 1775927584801, mSettingLocalDateTime 2026-04-12T01:13:00.801
04-12 01:13:04.831  8337  9773 V OsAgent : broadcastSystemEvent - 7
04-12 01:13:04.831  3590  7959 D BackgroundInstallControlService: Package event received: 0
04-12 01:13:04.832  8337  9773 V OsAgent : broadcastSystemEvent - 7
