--------- beginning of system
04-12 01:13:01.790  3590  8847 D ActivityManager: freezer override set to true
04-12 01:13:01.790  3590  8847 D ActivityManager: pid 29272 com.android.packageinstaller received async transactions while frozen
04-12 01:13:01.791  3590  7335 D ActivityManager: reportOneUidFrozenStateChanged uid 10211 frozen = false
04-12 01:13:01.791  3590  8847 D ActivityManager: sync unfroze 29272 com.android.packageinstaller for 19
04-12 01:13:01.791  3590  8847 D ActivityManager: pid 6694 com.oplus.trafficmonitor received async transactions while frozen
04-12 01:13:01.791  3590  8847 D ActivityManager: sync unfroze 6694 com.oplus.trafficmonitor for 19
04-12 01:13:01.791  3590  8847 D ActivityManager: sync unfroze 24380 com.google.android.webview:webview_service for 19
04-12 01:13:01.792  3590  8847 D ActivityManager: sync unfroze 18240 com.android.DeviceAsWebcam for 19
04-12 01:13:01.792  3590  8847 D ActivityManager: pid 19138 com.heytap.htms:sysintegrity received async transactions while frozen
04-12 01:13:01.792  3590  8847 D ActivityManager: sync unfroze 19138 com.heytap.htms:sysintegrity for 19
04-12 01:13:01.793  3590  8847 D ActivityManager: sync unfroze 18923 com.heytap.htms for 19
04-12 01:13:01.793  3590  8847 D ActivityManager: sync unfroze 21974 com.android.calllogbackup for 19
04-12 01:13:01.793  3590  8847 D ActivityManager: sync unfroze 699 com.android.cellbroadcastreceiver.module for 19
04-12 01:13:01.793  3590  8847 D ActivityManager: sync unfroze 24966 com.android.providers.calendar for 19
04-12 01:13:01.794  3590  8847 D ActivityManager: sync unfroze 26319 com.oplus.safecenter for 19
04-12 01:13:01.794  3590  8847 D ActivityManager: sync unfroze 26218 com.android.keychain for 19
04-12 01:13:01.794  3590  8847 D ActivityManager: sync unfroze 21890 com.android.permissioncontroller for 19
04-12 01:13:01.794  3590  8847 D ActivityManager: sync unfroze 12901 com.oplus.securitypermission for 19
04-12 01:13:01.795  3590  8847 D ActivityManager: sync unfroze 22499 com.oplus.securitypermission for 19
04-12 01:13:01.795  3590  8847 D ActivityManager: pid 9565 com.android.incallui received async transactions while frozen
04-12 01:13:01.795  3590  8847 D ActivityManager: sync unfroze 9565 com.android.incallui for 19
04-12 01:13:01.797  3590  8847 D ActivityManager: sync unfroze 29183 com.android.mms for 19
04-12 01:13:01.797  3590  8847 D ActivityManager: sync unfroze 2096 com.microsoft.appmanager for 19
04-12 01:13:01.798  3590  8847 D ActivityManager: sync unfroze 11382 com.oplus.notificationmanager for 19
04-12 01:13:01.798  3590  8847 D ActivityManager: pid 27799 com.coloros.alarmclock received async transactions while frozen
04-12 01:13:01.800  3590  8847 D ActivityManager: sync unfroze 27799 com.coloros.alarmclock for 19
04-12 01:13:01.800  3590  8847 D ActivityManager: sync unfroze 15448 com.coloros.alarmclock:clockWidget for 19
04-12 01:13:01.800  3590  8847 D ActivityManager: sync unfroze 5090 com.google.android.projection.gearhead:shared for 19
04-12 01:13:01.801  3590  8847 D ActivityManager: sync unfroze 29258 com.oplus.romupdate for 19
04-12 01:13:01.801  3590  8847 D ActivityManager: sync unfroze 9864 com.ted.number for 19
04-12 01:13:01.801  3590  8847 D ActivityManager: pid 12014 com.android.contacts received async transactions while frozen
04-12 01:13:01.802  3590  8847 D ActivityManager: sync unfroze 12014 com.android.contacts for 19
04-12 01:13:01.802  3590  8847 D ActivityManager: freezer override callers: 31051/2000 com.android.server.am.ActivityManagerService$GraphicsBinder.dump:2380 android.os.Binder.doDump:1085 android.os.Binder.dump:1075 android.os.Binder.onTransact:945 android.os.Binder.execTransactInternal:1444 
04-12 01:13:01.802  3590  3844 D ActivityManager: Async freezing 29183 com.android.mms
04-12 01:13:01.802  3590  3844 D ActivityManager: Async freezing 11382 com.oplus.notificationmanager
04-12 01:13:01.803  3590  3844 W ProcessStats: Tracking association SourceState{3530b01 com.android.mms/10118 Service #1298187} whose proc state 8 is better than process ProcessState{f85c6c6 com.oplus.notificationmanager/1000 pkg=com.oplus.notificationmanager} proc state 15 (28 skipped)
04-12 01:13:01.803  3590  7335 D ActivityManager: reportOneUidFrozenStateChanged uid 10265 frozen = false
04-12 01:13:01.803  3590  7335 D ActivityManager: reportOneUidFrozenStateChanged uid 10276 frozen = false
04-12 01:13:01.803  3590  7335 D ActivityManager: reportOneUidFrozenStateChanged uid 10202 frozen = false
04-12 01:13:01.803  3590  7335 D ActivityManager: reportOneUidFrozenStateChanged uid 10284 frozen = false
04-12 01:13:01.803  3590  7335 D ActivityManager: reportOneUidFrozenStateChanged uid 99901000 frozen = false
04-12 01:13:01.803  3590  7335 D ActivityManager: reportOneUidFrozenStateChanged uid 10114 frozen = false
04-12 01:13:01.803  3590  7335 D ActivityManager: reportOneUidFrozenStateChanged uid 10294 frozen = false
04-12 01:13:01.803  3590  7335 D ActivityManager: reportOneUidFrozenStateChanged uid 10264 frozen = false
04-12 01:13:01.803  3590  7335 D ActivityManager: reportOneUidFrozenStateChanged uid 10186 frozen = false
04-12 01:13:01.803  3590  7335 D ActivityManager: reportOneUidFrozenStateChanged uid 10120 frozen = false
04-12 01:13:01.803  3590  7335 D ActivityManager: reportOneUidFrozenStateChanged uid 10103 frozen = false
04-12 01:13:01.805  3590  8847 D ActivityManager: freezer override set to false
04-12 01:13:01.805  3590  8847 D ActivityManager: Async freezing 29272 com.android.packageinstaller
04-12 01:13:01.805  3590  8847 D ActivityManager: Async freezing 6694 com.oplus.trafficmonitor
04-12 01:13:01.805  3590  8847 D ActivityManager: Async freezing 24380 com.google.android.webview:webview_service
04-12 01:13:01.805  3590  8847 D ActivityManager: Async freezing 18240 com.android.DeviceAsWebcam
04-12 01:13:01.805  3590  8847 D ActivityManager: Async freezing 19138 com.heytap.htms:sysintegrity
04-12 01:13:01.805  3590  8847 D ActivityManager: Async freezing 18923 com.heytap.htms
04-12 01:13:01.805  3590  8847 D ActivityManager: Async freezing 21974 com.android.calllogbackup
04-12 01:13:01.805  3590  8847 D ActivityManager: Async freezing 699 com.android.cellbroadcastreceiver.module
04-12 01:13:01.805  3590  8847 D ActivityManager: Async freezing 24966 com.android.providers.calendar
04-12 01:13:01.805  3590  8847 D ActivityManager: Async freezing 26319 com.oplus.safecenter
04-12 01:13:01.805  3590  8847 D ActivityManager: Async freezing 26218 com.android.keychain
04-12 01:13:01.805  3590  8847 D ActivityManager: Async freezing 21890 com.android.permissioncontroller
04-12 01:13:01.805  3590  8847 D ActivityManager: Async freezing 12901 com.oplus.securitypermission
04-12 01:13:01.805  3590  8847 D ActivityManager: Async freezing 22499 com.oplus.securitypermission
04-12 01:13:01.806  3590  8847 D ActivityManager: Async freezing 9565 com.android.incallui
04-12 01:13:01.806  3590  8847 D ActivityManager: Async freezing 2096 com.microsoft.appmanager
04-12 01:13:01.806  3590  8847 D ActivityManager: Async freezing 27799 com.coloros.alarmclock
04-12 01:13:01.806  3590  8847 D ActivityManager: Async freezing 15448 com.coloros.alarmclock:clockWidget
04-12 01:13:01.806  3590  8847 D ActivityManager: Async freezing 5090 com.google.android.projection.gearhead:shared
04-12 01:13:01.806  3590  8847 D ActivityManager: Async freezing 29258 com.oplus.romupdate
04-12 01:13:01.806  3590  8847 D ActivityManager: Async freezing 9864 com.ted.number
04-12 01:13:01.806  3590  8847 D ActivityManager: Async freezing 12014 com.android.contacts
04-12 01:13:01.806  3590  8847 D ActivityManager: freezer override callers: 31051/2000 com.android.server.am.ActivityManagerService$GraphicsBinder.dump:2386 android.os.Binder.doDump:1085 android.os.Binder.dump:1075 android.os.Binder.onTransact:945 android.os.Binder.execTransactInternal:1444 
04-12 01:13:01.862  3590  8790 E BatteryStatsImplExtImpl: collectCheckinFile 1 0
04-12 01:13:01.867  3590  3848 E BluetoothPowerStatsCollector: Cannot acquire BluetoothActivityEnergyInfo
04-12 01:13:01.867  3590  3848 E BluetoothPowerStatsCollector: java.util.concurrent.ExecutionException: java.lang.RuntimeException: error: 9
04-12 01:13:01.867  3590  3848 E BluetoothPowerStatsCollector: 	at java.util.concurrent.CompletableFuture.reportGet(CompletableFuture.java:372)
04-12 01:13:01.867  3590  3848 E BluetoothPowerStatsCollector: 	at java.util.concurrent.CompletableFuture.get(CompletableFuture.java:2072)
04-12 01:13:01.867  3590  3848 E BluetoothPowerStatsCollector: 	at com.android.server.power.stats.BluetoothPowerStatsCollector.collectBluetoothActivityInfo(BluetoothPowerStatsCollector.java:192)
04-12 01:13:01.867  3590  3848 E BluetoothPowerStatsCollector: 	at com.android.server.power.stats.BluetoothPowerStatsCollector.collectStats(BluetoothPowerStatsCollector.java:155)
04-12 01:13:01.867  3590  3848 E BluetoothPowerStatsCollector: 	at com.android.server.power.stats.PowerStatsCollector.collectAndDeliverStats(PowerStatsCollector.java:176)
04-12 01:13:01.867  3590  3848 E BluetoothPowerStatsCollector: 	at com.android.server.power.stats.PowerStatsCollector$$ExternalSyntheticLambda0.run(D8$$SyntheticClass:0)
04-12 01:13:01.867  3590  3848 E BluetoothPowerStatsCollector: 	at android.os.Handler.handleCallback(Handler.java:1027)
04-12 01:13:01.867  3590  3848 E BluetoothPowerStatsCollector: 	at android.os.Handler.dispatchMessage(Handler.java:108)
04-12 01:13:01.867  3590  3848 E BluetoothPowerStatsCollector: 	at android.os.Looper.loopOnce(Looper.java:302)
04-12 01:13:01.867  3590  3848 E BluetoothPowerStatsCollector: 	at android.os.Looper.loop(Looper.java:412)
04-12 01:13:01.867  3590  3848 E BluetoothPowerStatsCollector: 	at android.os.HandlerThread.run(HandlerThread.java:85)
04-12 01:13:01.867  3590  3848 E BluetoothPowerStatsCollector: Caused by: java.lang.RuntimeException: error: 9
04-12 01:13:01.867  3590  3848 E BluetoothPowerStatsCollector: 	at com.android.server.power.stats.BluetoothPowerStatsCollector$1.onBluetoothActivityEnergyInfoError(BluetoothPowerStatsCollector.java:181)
04-12 01:13:01.867  3590  3848 E BluetoothPowerStatsCollector: 	at android.bluetooth.BluetoothAdapter$OnBluetoothActivityEnergyInfoProxy.lambda$onError$2(BluetoothAdapter.java:1097)
04-12 01:13:01.867  3590  3848 E BluetoothPowerStatsCollector: 	at android.bluetooth.BluetoothAdapter$OnBluetoothActivityEnergyInfoProxy$$ExternalSyntheticLambda0.run(D8$$SyntheticClass:0)
04-12 01:13:01.867  3590  3848 E BluetoothPowerStatsCollector: 	at com.android.server.SystemServerInitThreadPool$$ExternalSyntheticLambda0.execute(D8$$SyntheticClass:0)
04-12 01:13:01.867  3590  3848 E BluetoothPowerStatsCollector: 	at android.bluetooth.BluetoothAdapter$OnBluetoothActivityEnergyInfoProxy.onError(BluetoothAdapter.java:1097)
04-12 01:13:01.867  3590  3848 E BluetoothPowerStatsCollector: 	at android.bluetooth.BluetoothAdapter.requestControllerActivityEnergyInfo(BluetoothAdapter.java:2938)
04-12 01:13:01.867  3590  3848 E BluetoothPowerStatsCollector: 	at com.android.server.power.stats.BatteryStatsImpl$BluetoothStatsRetrieverImpl.requestControllerActivityEnergyInfo(BatteryStatsImpl.java:503)
04-12 01:13:01.867  3590  3848 E BluetoothPowerStatsCollector: 	at com.android.server.power.stats.BluetoothPowerStatsCollector.collectBluetoothActivityInfo(BluetoothPowerStatsCollector.java:170)
04-12 01:13:01.867  3590  3848 E BluetoothPowerStatsCollector: 	... 8 more
04-12 01:13:01.921  3590  8790 I OplusBatteryService: dumpInternal args is : unplug
04-12 01:13:01.924  3590  3590 D BatteryServiceExtImpl: send broadcast : BATTERY_PLUGGED_CHANGED : plugType = 0
04-12 01:13:01.924  3590  3590 W ContextImpl: Calling a method in the system process without a qualified user: android.app.ContextImpl.sendBroadcast:1296 com.android.server.BatteryServiceExtImpl$1.run:231 android.os.Handler.handleCallback:1027 android.os.Handler.dispatchMessage:108 android.os.Looper.loopOnce:302 
04-12 01:13:01.926  3590  3590 W PackageManager: do not hide app's stop state for: com.heytap.market
04-12 01:13:01.926  3590  3590 W PackageManager: do not hide app's stop state for: com.heytap.cloud
04-12 01:13:01.932  3590  8085 D CommSceneService: notify charging changed state=0
04-12 01:13:01.933  3590  7396 W OplusStorageManagerFeature: mScreenReceiver action:android.intent.action.BATTERY_LEVEL_CHANGED
04-12 01:13:01.933  3590  7396 I OplusStorageManagerFeature: TmemoryBetterySwitch: level=100 state=2
04-12 01:13:01.933  3590  7396 I OplusStorageManagerFeature: TmemoryBetterySwitch: action=0 state=2
04-12 01:13:01.933  3590  7396 W OplusStorageManagerFeature: Ready to deal actionParam:0
04-12 01:13:01.934  3590  3862 D OplusFeatureAOD: notifySfUnBlockScreenOn
04-12 01:13:01.935  3590  3862 D OplusPowerManagerHelper: scheduleNotifyStopDream
04-12 01:13:01.935  3590  3862 D PowerManagerService: userActivityNoUpdateLocked: groupId=0, eventTime=924643098, event=other, flags=0x0, uid=1000
04-12 01:13:01.935  3590  3862 D OplusPowerManagerHelper: handleMessage:102
04-12 01:13:01.935  3590  3862 D OplusPowerManagerHelper: MSG_STOP_DEAM
04-12 01:13:01.937 21460 21460 W ContextImpl: Calling a method in the system process without a qualified user: android.app.ContextImpl.sendBroadcast:1281 android.content.ContextWrapper.sendBroadcast:516 com.android.settings.fuelgauge.batteryusage.BootBroadcastReceiver.invokeJobRecheck:16 com.android.settings.fuelgauge.batteryusage.BatteryUsageBroadcastReceiver.tryToFetchUsageData:82 com.android.settings.fuelgauge.batteryusage.BatteryUsageBroadcastReceiver.onReceive:182 
04-12 01:13:01.939  3590  8848 D OplusCustomizeRestrictionManagerService: isSuperPowerSavingModeDisabled Pid: 8338, Uid: 10216
04-12 01:13:01.940  3590  8790 D OplusCustomizeRestrictionManagerService: isSuperPowerSavingModeDisabled Pid: 8338, Uid: 10216
04-12 01:13:01.940  3590  8790 D OplusCustomizeRestrictionManagerService: isSuperPowerSavingModeDisabled Pid: 8338, Uid: 10216
04-12 01:13:01.940  3590  8790 D OplusCustomizeRestrictionManagerService: isSuperPowerSavingModeDisabled Pid: 8338, Uid: 10216
04-12 01:13:01.940  3590  8847 D OplusCustomizeRestrictionManagerService: isSuperPowerSavingModeDisabled Pid: 8338, Uid: 10216
04-12 01:13:01.940  3590  8847 D OplusCustomizeRestrictionManagerService: isSuperPowerSavingModeDisabled Pid: 8338, Uid: 10216
04-12 01:13:01.942  3590  8779 D OplusCustomizeRestrictionManagerService: isSuperPowerSavingModeDisabled Pid: 15757, Uid: 1000
04-12 01:13:01.942  3590  8779 D OplusCustomizeRestrictionManagerService: isSuperPowerSavingModeDisabled Pid: 15757, Uid: 1000
04-12 01:13:01.949  3590  3848 D BatteryExternalStatsWorker: begin updateExternalStatsSync reason=reset flag:255
04-12 01:13:01.977  3590  8838 I ActivityManager: Force stopping com.binance.monitor appid=10512 user=0: from pid 31077
04-12 01:13:01.978  3590  8848 V WindowManager: Relayout Window{fff4969 u0 com.binance.monitor}: viewVisibility=0, oldvis=0, req=315x429 , apr = 0, vsysui=, x=42, y=420
04-12 01:13:01.978  3590  8848 D InsetsSourceProvider: updateSourceFrameForServerVisibility mandatorySystemGestures EMPTY_RECT
04-12 01:13:01.978  3590  3830 W UserAwareMgr: top app is killed
04-12 01:13:01.979  3590  3590 D NotificationService--OplusNotificationManagerServiceExtImpl: onUidGone : uid = [10512],diePkg = [com.binance.monitor],clear all notification; mExpFeature: false
04-12 01:13:01.979  3590  8848 D InsetsSourceProvider: updateSourceFrameForServerVisibility mandatorySystemGestures EMPTY_RECT
04-12 01:13:01.979  3590  3830 I UserAwareMgr: process killed: {pkgName='com.binance.monitor', serviceName='', procName=com.binance.monitor, pid=28409, uid=10512, appId=0, owner='null', flags='tp|fg2', renderTid=28448, hwuiTids=[28454, 28455], glTids=null, threadInfos=null, mVideoActivityList=[], mStates=0}
04-12 01:13:01.979  3590  3830 I UserAwareMgr: handleProcessKilled, pkgName: com.binance.monitor, pid: 28409
04-12 01:13:01.979  3590  8838 I ActivityManager: Killing 28409:com.binance.monitor/u0a512 (adj 0): stop com.binance.monitor due to from pid 31077
04-12 01:13:01.980  3590  3590 D NotificationGroupType: maybeUngroupOplus:after all cleared
04-12 01:13:01.981  3590  8480 I OPM     : handleUidGone uid: 10512, disabled: false
04-12 01:13:01.982  3590  8838 W ForegroundServiceTypeLoggerModule: FGS stop call for: 10512 has no types!
04-12 01:13:01.982  3590  8838 W ActivityTaskManager: Force removing ActivityRecord{184254410 u0 com.binance.monitor/.ui.main.MainActivity t13212 f}}: app died, no saved state
04-12 01:13:01.983  3590  3872 D OplusFeatureUIR: Receive float window scene changed eventId = 4 bundleList.size = 1 mFloatWindowApps [] mCurrentPkg com.binance.monitor
04-12 01:13:01.983  8338  8381 V WindowManagerShell: Transition requested (#27635): android.os.BinderProxy@e789785 TransitionRequestInfo { type = CLOSE, triggerTask = TaskInfo{userId=0 taskId=13212 effectiveUid=10512 displayId=0 isRunning=false baseIntent=Intent { flg=0x10000000 cmp=com.binance.monitor/.ui.main.MainActivity mCallingUid=2000 } baseActivity=null topActivity=null origActivity=null realActivity=ComponentInfo{com.binance.monitor/com.binance.monitor.ui.main.MainActivity}
04-12 01:13:01.983  8338  8381 V WindowManagerShell:  numActivities=0 lastActiveTime=974661967 supportsSplitScreenMultiWindow=true supportsMultiWindow=true supportsPocketStudioMultiWindow=true isInFlexibleEmbedded = false uid = -1 pid = -1 resizeMode=1 isResizeable=true minWidth=-1 minHeight=-1 defaultMinSize=220 token=WCT{android.window.IWindowContainerToken$Stub$Proxy@d6139da} topActivityType=1 pictureInPictureParams=null shouldDockBigOverlays=false launchIntoPipHostTaskId=-1 lastParentTaskIdBeforePip=-1 displayCutoutSafeInsets=Rect(0, 0 - 0, 0)
04-12 01:13:01.983  8338  8381 V WindowManagerShell:  topActivityInfo=null launchCookies=[] positionInParent=Point(0, 0) parentTaskId=-1 isFocused=true isVisible=true isVisibleRequested=true isTopActivityNoDisplay=false isSleeping=false locusId=null displayAreaFeatureId=1 isTopActivityTransparent=false isActivityStackTransparent=true lastNonFullscreenBounds=Rect(330, 828 - 935, 2092) capturedLink=null capturedLinkTimestamp=0 requestedVisibleTypes=-9 topActivityRequestOpenInBrowserEducationTimestamp=0
04-12 01:13:01.983  8338  8381 V WindowManagerShell:  appCompatTaskInfo=AppCompatTaskInfo { topActivityInSizeCompat=false topActivityInOplusCompatMode=false eligibleForLetterboxEducation= false isLetterboxEducationEnabled= false isLetterboxDoubleTapEnabled= false eligibleForUserAspectRatioButton= false topActivityBoundsLetterboxed= false isFromLetterboxDoubleTap= false topActivityLetterboxVerticalPosition= -1 topActivityLetterboxHorizontalPosition= -1 topActivityLetterboxWidth=-1 topActivityLetterboxHeight=-1 topActivityAppBounds=Rect(0, 0 - 0, 0) isUserFullscreenOverrideEnabled=false isSystemFullscreenOverrideEnabled=false hasMinAspectRatioOverride=false topActivityLetterboxBounds=null cameraCompatTaskInfo=CameraCompatTaskInfo { freeformCameraCompatMode=undefined}} topActivityMainWindowFrame=null topActivityLetterboxInsets=Rect(0, 0 - 0, 0)
04-12 01:13:01.983  8338  8381 V WindowManagerShell:  mOplusExtraBundle = Bundle[mParcelledData.dataSize=1172]}, pipChange = null, remoteTransition = null, displayChange = null, flags = 0, debugId = 27635 }
04-12 01:13:01.983  3590  8838 D ActivityTaskManager: removeAppToken: ActivityRecord{184254410 u0 com.binance.monitor/.ui.main.MainActivity t13212 f}} delayed=true parent=Task{1b70458 #13212 type=standard A=10512:com.binance.monitor} animating=true Callers=com.android.server.wm.DisplayContent.removeAppToken:1759 com.android.server.wm.ActivityRecord.removeFromHistory:4970 com.android.server.wm.ActivityRecord.handleAppDied:5329 com.android.server.wm.WindowProcessController.handleAppDied:1709 
04-12 01:13:01.983  3590  8838 D WindowManager: NFW_findFocusedWindowIfNeeded:null mCurrentFocus:Window{74572cb u0 com.binance.monitor/com.binance.monitor.ui.main.MainActivity}
04-12 01:13:01.983  3590  8838 D WindowManager: attachImeScreenshotOnTargetIfNeeded, mImeHiding = false, requestedVisibleTypes = -9
04-12 01:13:01.983  3590  8838 V WindowManager: Changing focus from Window{74572cb u0 com.binance.monitor/com.binance.monitor.ui.main.MainActivity} to null,diplayid=0
04-12 01:13:01.984  3590  8838 D FlexibleWindowManagerService: [resetSiblingEmbeddedTasksToFullScreen]size of embedded tasks is illegal
04-12 01:13:01.984  3590  3875 D VRR [OPlusSurfaceFlingerController]:  setComplexSceneEnable : false
04-12 01:13:01.984  3590  8838 I OplusAccessController: enter isIgnoreAppSwitchActivity
04-12 01:13:01.984  3590  8838 I OplusAccessController: enter isIgnoreAppSwitchActivity and intent != null
04-12 01:13:01.984  3590  8838 I OplusAccessController: enter isIgnoreAppSwitchActivity and componentName != null
04-12 01:13:01.984  3590  8838 I OplusAccessController: enter isIgnoreAppSwitchActivity and packageName&activity is not Empty
04-12 01:13:01.985  3590  8838 D RefreshRate: boostRefreshId choose max:currentRefreshRate:90.0 targetRefreshRate:120.0 mCurrentPickRate:90.0
04-12 01:13:01.985  3590  8838 D RefreshRate: Trigger app switch boost, ar=ActivityRecord{75462386 u0 com.android.launcher/.Launcher t2},currDisplayRate=90.0,boostId=3
04-12 01:13:01.985  3590  8838 D RefreshRate: setDisplayConfigSpecs complete: targetMode={id=1, width=1264, height=2780, fps=120.00001, vsync=120.00001, synthetic=false, alternativeRefreshRates=[60.000004, 90.0], supportedHdrTypes=[1, 2, 3, 4]},srcMode={id=1, width=1264, height=2780, fps=120.00001, vsync=120.00001, synthetic=false, alternativeRefreshRates=[60.000004, 90.0], supportedHdrTypes=[1, 2, 3, 4]},sfModId=0,rate=120.00001
04-12 01:13:01.985  3590  3875 D RefreshRate: do setDisplayConfigSpecs  
04-12 01:13:01.985  3590  8838 D RefreshRate: Refresh rate changing from 90.0 to 120.00001,maxRefreshRate=120.00001 FOR:{
04-12 01:13:01.985  3590  8838 D RefreshRate:     | COURSE[Trigger app switch boost, ar=ActivityRecord{75462386 u0 com.android.launcher/.Launcher t2},currDisplayRate=90.0,boostId=3setDisplayConfigSpecs complete: targetMode={id=1, width=1264, height=2780, fps=120.00001, vsync=120.00001, synthetic=false, alternativeRefreshRates=[60.000004, 90.0], supportedHdrTypes=[1, 2, 3, 4]},srcMode={id=1, width=1264, height=2780, fps=120.00001, vsync=120.00001, synthetic=false, alternativeRefreshRates=[60.000004, 90.0], supportedHdrTypes=[1, 2, 3, 4]},sfModId=0,rate=120.00001]
04-12 01:13:01.985  3590  8838 D RefreshRate:     | VOTES[PRIORITY_START_ANIMATION_BOOST -> Vote{mRefreshRate=120.0, mMinRefreshRate=120.0, mRequestSource=null};PRIORITY_WINDOW_REQUEST -> Vote{mRefreshRate=90.0, mMinRefreshRate=90.0, mRequestSource=null};]
04-12 01:13:01.985  3590  8838 D RefreshRate:     | TIME:2026-04-11 17:13:01}
04-12 01:13:01.985  3590  8838 D RefreshRate: startAppSwitchBoost targetMode={id=1, width=1264, height=2780, fps=120.00001, vsync=120.00001, synthetic=false, alternativeRefreshRates=[60.000004, 90.0], supportedHdrTypes=[1, 2, 3, 4]} record=ActivityRecord{75462386 u0 com.android.launcher/.Launcher t2}: votes=PRIORITY_START_ANIMATION_BOOST -> Vote{mRefreshRate=120.0, mMinRefreshRate=120.0, mRequestSource=null};PRIORITY_WINDOW_REQUEST -> Vote{mRefreshRate=90.0, mMinRefreshRate=90.0, mRequestSource=null};
04-12 01:13:01.985  3590  8838 D ActivityTaskManager: setAppVisibility(Token{e95e916 ActivityRecord{75462386 u0 com.android.launcher/.Launcher t2}}, visible=true):  visible=false mVisibleRequested=false
04-12 01:13:01.985  3590  8838 D WindowManager: NFW_setClientVisible:ActivityRecord{75462386 u0 com.android.launcher/.Launcher t2} clientVisible:true
04-12 01:13:01.985  3590  8838 D ActivityTaskManager: setVisibility(Token{e95e916 ActivityRecord{75462386 u0 com.android.launcher/.Launcher t2}}, visible=true) defer commitVisibility for transition collecting
04-12 01:13:01.985  3590  3875 D DisplayModeDirector: setAppRequest displayId : 0  modeId: 1  requestedRefreshRate: 120.00001  requestedMinRefreshRateRange: 120.00001  requestedMaxRefreshRateRange: 120.00001
04-12 01:13:01.985  3590  8838 D ActivityTaskManager: onWindowFocusChanged Task{735fad8 #2 type=undefined I=com.android.launcher/.Launcher} would transfer to compact
04-12 01:13:01.985  3590  3830 I UserAwareMgr: handleTopAppChanged: com.android.launcher, pid: 8730, uid: 10214
04-12 01:13:01.985  3590  8838 D ActivityTaskManager: NFW_setLastResumedActivityUncheckLocked:true r:ActivityRecord{75462386 u0 com.android.launcher/.Launcher t2} currentFocus:null
04-12 01:13:01.985  3590  8838 D QuickBackInputPolicy: hasMultiChildrenInTask: false
04-12 01:13:01.985  3590  8838 D WindowManager: NFW_findFocusedWindowIfNeeded:Window{763c9b2 u0 com.android.launcher/com.android.launcher.Launcher} mCurrentFocus:null
04-12 01:13:01.985  3590  8838 D WindowManager: attachImeScreenshotOnTargetIfNeeded, mImeHiding = false, requestedVisibleTypes = -9
04-12 01:13:01.985  3590  3872 D OplusFeatureDMR[display=0]: onConfigChanged threadId=70 threadName=OplusDisplayWorkHandler physicalDisplayId=4630946685746860179 modeId=2  
04-12 01:13:01.985  3590  8838 D QuickBackInputPolicy: hasMultiChildrenInTask: false
04-12 01:13:01.986  3590  8838 V WindowManager: Changing focus from null to Window{763c9b2 u0 com.android.launcher/com.android.launcher.Launcher},diplayid=0
04-12 01:13:01.986  3590  3875 D VRR [OPlusSurfaceFlingerController]:  setComplexSceneEnable : false
04-12 01:13:01.986  3590  7959 D BackgroundInstallControlService: Package event received: 0
04-12 01:13:01.986  3590  8480 I OPM     : handleAppExit info: ApplicationExitInfo(timestamp=2026/4/12 01:13 pid=28409 realUid=10512 packageUid=10512 definingUid=10512 user=0 process=com.binance.monitor reason=10 (USER REQUESTED) subreason=21 (FORCE STOP) status=0 importance=100 pss=0.00 rss=0.00 description=stop com.binance.monitor due to from pid 31077 state=empty trace=null
04-12 01:13:01.986  3590  8838 D FlexibleTaskController: onTaskFocusChanged prevTask:Task{1b70458 #13212 type=standard A=10512:com.binance.monitor} ,currentTask:Task{735fad8 #2 type=undefined I=com.android.launcher/.Launcher}, reason: resumeTopActivity - onActivityStateChanged
04-12 01:13:01.986  3590  8838 D OplusFlexibleDCSManager: onNextPkgChanged pkg = com.android.launcher
04-12 01:13:01.987  3590  8838 I OplusJoystickManager: handleApplicationSwitch deprecated!
04-12 01:13:01.987  3590  8838 I GameManagerServiceExt-GameManagerServiceExt: on FG change: com.binance.monitor|com.android.launcher
04-12 01:13:01.987  3590  8838 D FlexibleTaskController: isFullToFlexibleAnimating: false
04-12 01:13:01.987  3590  8838 D WindowManager: rotation(ROTATION_0) no changed  displayId = 0, lastOrientation = 5
04-12 01:13:01.987  3590  8838 D OplusFeatureColorMode: ColorMode getColorMode =0
04-12 01:13:01.987  3590  8838 D ColorDisplayServiceExtImpl: getWCGVersion1App, packageName=com.android.launcher, sSupportWCG1 = true, sSupportWCG3 = false, nRet = 0
04-12 01:13:01.988  3590  8838 D WindowManager: NFW_setClientVisible:WallpaperWindowToken{3abc1ac showWhenLocked=false} clientVisible:true
04-12 01:13:01.988  3590  8838 D InsetsSourceProvider: updateSourceFrameForServerVisibility mandatorySystemGestures EMPTY_RECT
04-12 01:13:01.988  3590  8838 D InsetsSourceProvider: updateSourceFrameForServerVisibility mandatorySystemGestures EMPTY_RECT
04-12 01:13:01.988  3590  8838 D VRR [OPlusRefreshRatePolicy]: setRefreshRatePolicy policy=POLICY_SYSTEM, refreshRate=90, statusOn=false
04-12 01:13:01.988  3590  8591 D OplusEapManager: mTargetExitName :com.binance.monitor
04-12 01:13:01.988  3590  8838 D VRR [OPlusRefreshRatePolicy]: setRefreshRatePolicy policy=POLICY_SYSTEM, refreshRate=120, statusOn=true
04-12 01:13:01.988  3590  8838 D DisplayModeDirector: setAppRequest displayId : 0  modeId: 1  requestedRefreshRate: 0.0  requestedMinRefreshRateRange: 0.0  requestedMaxRefreshRateRange: 120.00001
04-12 01:13:01.989  3590  8838 I TaskOrganizerController: onTaskInfoChanged taskid 13212 config { mBounds=Rect(0, 0 - 1264, 2780) mAppBounds=Rect(0, 0 - 1264, 2780) mMaxBounds=Rect(0, 0 - 1264, 2780) mDisplayRotation=ROTATION_0 mWindowingMode=fullscreen mActivityType=standard mAlwaysOnTop=undefined mRotation=ROTATION_0}
04-12 01:13:01.989  3590  8591 D OplusAppSwitchRuleInfo: generateAppEnterInfo - launch_source_type =  , launch_source_traceid = 
04-12 01:13:01.989  3590  8591 D OplusAppSwitchRuleInfo: generateAppEnterInfo - launch_source_type =  , launch_source_traceid = 
04-12 01:13:01.989  3590  8591 D OplusAppSwitchRuleInfo: generateAppEnterInfo - launch_source_type =  , launch_source_traceid = 
04-12 01:13:01.989  3590  8838 D OplusFlexibleDragToSplitAnimController: visibleFlexibleTaskInfos delete:13212
04-12 01:13:01.989  3590  8591 D OplusAppSwitchRuleInfo: generateAppEnterInfo - launch_source_type =  , launch_source_traceid = 
04-12 01:13:01.989  3590  8838 E FlexibleWindowManagerService: notifyTaskObserverToAttachController not need to notify!
04-12 01:13:01.989  3590  8838 I FlexibleWindowManagerService: onFlexibleWindowTaskInfoChanged, return for cur task not embedded
04-12 01:13:01.989  3590  8591 D OplusAppSwitchRuleInfo: generateAppEnterInfo - launch_source_type =  , launch_source_traceid = 
04-12 01:13:01.989  3590  8838 I TaskOrganizerController: onTaskInfoChanged taskid 1 config { mBounds=Rect(0, 0 - 1264, 2780) mAppBounds=Rect(0, 0 - 1264, 2780) mMaxBounds=Rect(0, 0 - 1264, 2780) mDisplayRotation=ROTATION_0 mWindowingMode=fullscreen mActivityType=home mAlwaysOnTop=undefined mRotation=ROTATION_0}
04-12 01:13:01.989  3590  8591 D OplusAppSwitchRuleInfo: generateAppEnterInfo - launch_source_type =  , launch_source_traceid = 
04-12 01:13:01.989  3590  8838 D OplusFlexibleDragToSplitAnimController: visibleFlexibleTaskInfos delete:1
04-12 01:13:01.989  3590  8838 E FlexibleWindowManagerService: notifyTaskObserverToAttachController not need to notify!
04-12 01:13:01.989  3590  8838 I FlexibleWindowManagerService: onFlexibleWindowTaskInfoChanged, return for cur task not embedded
04-12 01:13:01.989  3590  8591 I OPM     : home scene change to true
04-12 01:13:01.989  3590  8838 D InsetsSourceProvider: updateSourceFrameForServerVisibility mandatorySystemGestures EMPTY_RECT
04-12 01:13:01.989  3590  8591 D OplusEapManager: mTargetEnterName :com.android.launcher
04-12 01:13:01.989  3590  8591 D OplusAppSwitchRuleInfo: generateAppEnterInfo - launch_source_type =  , launch_source_traceid = 
04-12 01:13:01.989  3590  8591 D OplusAppSwitchRuleInfo: generateAppEnterInfo - launch_source_type =  , launch_source_traceid = 
04-12 01:13:01.989  3590  8591 D OplusAppSwitchRuleInfo: generateAppEnterInfo - launch_source_type =  , launch_source_traceid = 
04-12 01:13:01.989  3590  8591 D OplusAppSwitchRuleInfo: generateAppEnterInfo - launch_source_type =  , launch_source_traceid = 
04-12 01:13:01.989  3590  8591 D OplusAppSwitchRuleInfo: generateAppEnterInfo - launch_source_type =  , launch_source_traceid = 
04-12 01:13:01.989  3590  8838 D InsetsSourceProvider: updateSourceFrameForServerVisibility mandatorySystemGestures EMPTY_RECT
04-12 01:13:01.989  3590  8591 D OplusAppSwitchRuleInfo: generateAppEnterInfo - launch_source_type =  , launch_source_traceid = 
04-12 01:13:01.989  3590  8591 D OplusAppSwitchRuleInfo: generateActivityEnterInfo - launch_source_type =  , launch_source_traceid = 
04-12 01:13:01.989  3590  8591 D OplusAppSwitchRuleInfo: generateActivityEnterInfo - launch_source_type =  , launch_source_traceid = 
04-12 01:13:01.989  3590  8591 D OplusAppSwitchRuleInfo: generateActivityEnterInfo - launch_source_type =  , launch_source_traceid = 
04-12 01:13:01.989  3590  8591 D OplusAppSwitchRuleInfo: generateActivityEnterInfo - launch_source_type =  , launch_source_traceid = 
04-12 01:13:01.989  3590  8591 D OplusAppSwitchRuleInfo: generateActivityEnterInfo - launch_source_type =  , launch_source_traceid = 
04-12 01:13:01.990  3590  3875 D VRR [OPlusRefreshRateService]: handleFrontAppChange pkgName: null
04-12 01:13:01.990  3590  3875 D VRR [OPlusRefreshRateService]:  setDirectorStates [flag: 1, state: 1, directorStateOff: 1]
04-12 01:13:01.990  3590  3875 D VRR [OPlusRefreshRateService]: handleFrontAppChange pkgName: com.android.launcher
04-12 01:13:01.990  3590  3872 D OplusAppSwitchListener: App Activity Change
04-12 01:13:01.990  3590  3872 D OplusAppSwitchListener: Detect com.binance.monitor switch to background
04-12 01:13:01.990  3590  3872 D OplusFeatureReduceBrightness: onAppExit , info = com.binance.monitor
04-12 01:13:01.990  3590  3872 D OplusAppSwitchListener: Detect com.android.launcher switch to foreground
04-12 01:13:01.990  3590  3872 D OplusFeatureGlobalLimitBrightness: switch to display extreme mode 
04-12 01:13:01.990  3590  3796 D InsetsSourceProvider: updateSourceFrameForServerVisibility mandatorySystemGestures EMPTY_RECT
04-12 01:13:01.990  3590  3875 D VRR [OPlusSAManager]: updateAutoMinfps for 4630946685746860179 with nits: 96.458, mHistOK true, mAmbientOK true, mCctOK true, mIrOK true, mBrightnessOK true, isPkgOK true, SA min fps: 89
04-12 01:13:01.990  3590  3796 D WindowManager: onSyncFinishedDrawing: Window{763c9b2 u0 com.android.launcher/com.android.launcher.Launcher}
04-12 01:13:01.990  8730  8730 D ActivityThread: ComponentInfo{com.android.launcher/com.android.launcher.Launcher} checkFinished=false 2
04-12 01:13:01.990  8730  8730 D ResourcesManagerExtImpl: applyConfigurationToAppResourcesLocked app.getDisplayId() return callback.displayId:0
04-12 01:13:01.991  3590  3796 D ActivityTaskManager: commitVisibility: ActivityRecord{75462386 u0 com.android.launcher/.Launcher t2}: visible=true visibleRequested=true, isInTransition=true 
04-12 01:13:01.991  3590  3796 E OplusAppQuickStart_AppQuickStartController: not start from launcher transition:27635
04-12 01:13:01.991  3590  3796 D Transition: collectOrderChanges onTopTasksEnd: [Task{1b9ad4c #1 type=home}, Task{735fad8 #2 type=undefined I=com.android.launcher/.Launcher}], reportedOnTop:null, mOnTopTasksStart: [Task{1b70458 #13212 type=standard A=10512:com.binance.monitor}], TDA child: [Task{2ae848 #3 type=undefined}, Task{dfd0936 #13193 type=standard A=99910345:com.tencent.mm}, Task{ce7aac2 #13196 type=standard A=10296:com.coloros.filemanager}, Task{faa1241 #13200 type=standard A=10103:android.task.contacts}, Task{1abb46b #12626 type=standard A=10345:com.tencent.mm}, Task{6450600 #13210 type=standard A=10516:com.mobilecodex.nativeapp}, Task{1b70458 #13212 type=standard A=10512:com.binance.monitor}, Task{1b9ad4c #1 type=home}]
04-12 01:13:01.991  3590  3796 D Transition: collectOrderChanges **mParticipants add task: Task{735fad8 #2 type=undefined I=com.android.launcher/.Launcher}
04-12 01:13:01.991  3590  3796 D Transition: collectOrderChanges **mParticipants add task: Task{1b9ad4c #1 type=home}
04-12 01:13:01.991  3590  3796 D OplusFlexibleActivityTransitionManager: fixTransitType type result:2, targets: [ChangeInfo{9e59096 container=Task{1b9ad4c #1 type=home} flags=0x30}, ChangeInfo{2d07417 container=Task{1b70458 #13212 type=standard A=10512:com.binance.monitor} flags=0x0}, ChangeInfo{6eaa004 container=WallpaperWindowToken{3abc1ac showWhenLocked=false} flags=0x0}]
04-12 01:13:01.991  3590  3796 D OplusTransitionAnimationManager: activityRecordCount0fullScreenArBeHindStartingWindow null
04-12 01:13:01.991  3590  3796 D OplusTransitionAnimationManager: activityRecordCount0fullScreenArBeHindStartingWindow null
04-12 01:13:01.991  3590  3796 D OplusTransitionAnimationManager: activityRecordCount0fullScreenArBeHindStartingWindow null
04-12 01:13:01.992  3590  3796 D ContinuousTransitionController: is match the remote transition.
04-12 01:13:01.992  3590  3796 D QuickBackInputPolicy: resetInputInterceptState for remoteTransition: false
04-12 01:13:01.992  3590  3796 D OplusTransitionController: onTransactionReady, transition: 27635, info: {id=27635 t=CLOSE f=0x0 trk=0 r=[0@Point(0, 0)] c=[{WCT{RemoteToken{4daf3e9 Task{1b9ad4c #1 type=home}}} m=TO_FRONT f=SHOW_WALLPAPER|MOVE_TO_TOP leash=Surface(name=Task=1)/@0x621c470 sb=Rect(0, 0 - 1264, 2780) eb=Rect(0, 0 - 1264, 2780) epz=Point(1264, 2780) d=0 taskParent=-1},{WCT{RemoteToken{5c4d493 Task{1b70458 #13212 type=standard A=10512:com.binance.monitor}}} m=CLOSE f=NONE leash=Surface(name=Task=13212)/@0x75c15e8 sb=Rect(0, 0 - 1264, 2780) eb=Rect(0, 0 - 1264, 2780) epz=Point(1264, 2780) d=0 taskParent=-1},{m=TO_FRONT f=IS_WALLPAPER leash=Surface(name=WallpaperWindowToken{3abc1ac showWhenLocked=false})/@0xc3ef003 sb=Rect(0, 0 - 1264, 2780) eb=Rect(0, 0 - 1264, 2780) epz=Point(1264, 2780) d=0}] 
04-12 01:13:01.992  3590  3796 D OplusTransitionController: extendInfo=[
04-12 01:13:01.992  3590  3796 D OplusTransitionController:  OplusTransitionExtendedInfo{mTmpFinishT=null, mInOplusCompatMode=false, mIsProcessRunning=false, mHasMismatchBoundsTarget=false, mRecentsController=null, mRemoteTransition=null, mIsTranslucentActivityToHome=false, mAvoidInterceptKeyEventToHome=false, mIsFromHome=false, mParentLeash=null, mBackAnimClosingLeash=null, mIsOplusAnimRes=false, mKeepBgForContinuous=false, mIsBalAllow=false, mTaskNotInRecent=false, mIsPredictiveBackAnim=false, mIsMergedWithPredictive=false, mIsLaunchFromSpruce=false, mIsLaunchFromDrive=false, mGlobalSearchPageSwitch=false, mNeedNoAlphaGlobalSearchScene=false, mAssistScreenShowing=false, mSwipeUpBrowserScreenShowing=false, mUserIdTransition=0
04-12 01:13:01.992  3590  3796 D OplusTransitionController: , mInRemoteScene=false, mInPreReady=false, mPreStart=false, mToken=null, mAbortByRemoteFromHome=false, mShellApplyToken=null, mRequestTransitionTaskId=13212, mAbortTransitionOnShell=0, mStartFromShortcut=false, mRemovedTaskId=-1, mTransitionInterruptType=0, mMergeSecondTaskId=-1, mTaskIdStartFromRecents=0, mTransitionId=27635, mCanUseSpringSlideAnim=false, mTransitionLaunchFrom=0, mFoldChangeType=-1, mAnimStartingPosition=[0, 0, 0, 0], mIsOpeningStkDialogActivity=false, mSecondaryHomeToFrontWhenUnFolding=false, mIsNeedApplyStartTForEmbedded=false
04-12 01:13:01.992  3590  3796 D OplusTransitionController: , mNeedCanvasExitAnim=false, mMergeSecondTaskAnimation=false, mIsLaunchUnityStart=false, mIsLaunchFromAssistantByDefault=false, mSkipRemoteTransitionfalse, mIsStartFromKeyguard=false flags=0x0, mWCT=null, mIsOpenMergeToInValidPredictive=false, mPromoteTaskWhenKeyguard-1, mRootLayerZOrderArray={}}]}, targets : [ChangeInfo{9e59096 container=Task{1b9ad4c #1 type=home} flags=0x30}, ChangeInfo{2d07417 container=Task{1b70458 #13212 type=standard A=10512:com.binance.monitor} flags=0x0}, ChangeInfo{6eaa004 container=WallpaperWindowToken{3abc1ac showWhenLocked=false} flags=0x0}], participants: {Task{1b70458 #13212 type=standard A=10512:com.binance.monitor}, Task{1b9ad4c #1 type=home}, WallpaperWindowToken{3abc1ac showWhenLocked=false}, ActivityRecord{75462386 u0 com.android.launcher/.Launcher t2}, Task{735fad8 #2 type=undefined I=com.android.launcher/.Launcher}, ActivityRecord{184254410 u0 com.binance.monitor/.ui.main.MainActivity t13212 f} isExiting}}
04-12 01:13:01.992  3590  8838 D ActivityManager: Async freezing 23510 com.tencent.soter.soterserver
04-12 01:13:01.992  3590  3796 D CoreBackPreview:  return markWindowHasDrawn mComposed: false  mWaitTransition: false
04-12 01:13:01.992  3590  3796 W WindowManager: captureTaskSnapshot mSnapshotMode= 0 source=Task{1b70458 #13212 type=standard A=10512:com.binance.monitor}
04-12 01:13:01.992  3590  3796 D TaskSnapshotControllerExtImpl: createTaskSnapshot isCompatMode:false, isCompactWindow:false
04-12 01:13:01.992  3590  3796 W AbsAppSnapshotControllerExtImpl: updateExcludeLayers, addExcludeLayerList is null or empty, return excludeLayers
04-12 01:13:01.993  3590  8838 D BootPressureHolder:  clear delayed queue records for com.binance.monitor
04-12 01:13:01.994  8338 25352 V WindowManagerShell: onTransitionReady(transaction=15418935265560)
04-12 01:13:01.994  8338  8381 V WindowManagerShell: onTransitionReady (#27635) android.os.BinderProxy@e789785: {id=27635 t=CLOSE f=0x0 trk=0 r=[0@Point(0, 0)] c=[
04-12 01:13:01.994  8338  8381 V WindowManagerShell:         {m=TO_FRONT f=SHOW_WALLPAPER|MOVE_TO_TOP leash=Surface(name=Task=1)/@0xaa23e0b sb=Rect(0, 0 - 1264, 2780) eb=Rect(0, 0 - 1264, 2780) epz=Point(1264, 2780) d=0 taskParent=-1},
04-12 01:13:01.994  8338  8381 V WindowManagerShell:         {m=CLOSE f=NONE leash=Surface(name=Task=13212)/@0xd7df4e8 sb=Rect(0, 0 - 1264, 2780) eb=Rect(0, 0 - 1264, 2780) epz=Point(1264, 2780) d=0 taskParent=-1},
04-12 01:13:01.994  8338  8381 V WindowManagerShell:         {m=TO_FRONT f=IS_WALLPAPER leash=Surface(name=WallpaperWindowToken{3abc1ac showWhenLocked=false})/@0x2b02701 sb=Rect(0, 0 - 1264, 2780) eb=Rect(0, 0 - 1264, 2780) epz=Point(1264, 2780) d=0}
04-12 01:13:01.994  8338  8381 V WindowManagerShell:     ] 
04-12 01:13:01.994  8338  8381 V WindowManagerShell: extendInfo=[
04-12 01:13:01.994  8338  8381 V WindowManagerShell:  OplusTransitionExtendedInfo{mTmpFinishT=null, mInOplusCompatMode=false, mIsProcessRunning=false, mHasMismatchBoundsTarget=false, mRecentsController=null, mRemoteTransition=null, mIsTranslucentActivityToHome=false, mAvoidInterceptKeyEventToHome=false, mIsFromHome=false, mParentLeash=null, mBackAnimClosingLeash=null, mIsOplusAnimRes=false, mKeepBgForContinuous=false, mIsBalAllow=false, mTaskNotInRecent=false, mIsPredictiveBackAnim=false, mIsMergedWithPredictive=false, mIsLaunchFromSpruce=false, mIsLaunchFromDrive=false, mGlobalSearchPageSwitch=false, mNeedNoAlphaGlobalSearchScene=false, mAssistScreenShowing=false, mSwipeUpBrowserScreenShowing=false, mUserIdTransition=0
04-12 01:13:01.994  8338  8381 V WindowManagerShell: , mInRemoteScene=false, mInPreReady=false, mPreStart=false, mToken=null, mAbortByRemoteFromHome=false, mShellApplyToken=null, mRequestTransitionTaskId=13212, mAbortTransitionOnShell=0, mStartFromShortcut=false, mRemovedTaskId=-1, mTransitionInterruptType=0, mMergeSecondTaskId=-1, mTaskIdStartFromRecents=0, mTransitionId=27635, mCanUseSpringSlideAnim=false, mTransitionLaunchFrom=0, mFoldChangeType=-1, mAnimStartingPosition=[0, 0, 0, 0], mIsOpeningStkDialogActivity=false, mSecondaryHomeToFrontWhenUnFolding=false, mIsNeedApplyStartTForEmbedded=false
04-12 01:13:01.994  8338  8381 V WindowManagerShell: , mNeedCanvasExitAnim=false, mMergeSecondTaskAnimation=false, mIsLaunchUnityStart=false, mIsLaunchFromAssistantByDefault=false, mSkipRemoteTransitionfalse, mIsStartFromKeyguard=false flags=0x0, mWCT=null, mIsOpenMergeToInValidPredictive=false, mPromoteTaskWhenKeyguard-1, mRootLayerZOrderArray={}}]}
04-12 01:13:01.994  8338  8381 V WindowManagerShell: Playing animation for (#27635) android.os.BinderProxy@e789785@0
04-12 01:13:01.994  8338  8381 V ShellRecents: RecentsTransitionHandler.startAnimation: no controller found
04-12 01:13:01.994  8338  8381 V WindowManagerShell: start OnePuttTransition animation, info = {id=27635 t=CLOSE f=0x0 trk=0 r=[0@Point(0, 0)] c=[{m=TO_FRONT f=SHOW_WALLPAPER|MOVE_TO_TOP leash=Surface(name=Task=1)/@0xaa23e0b sb=Rect(0, 0 - 1264, 2780) eb=Rect(0, 0 - 1264, 2780) epz=Point(1264, 2780) d=0 taskParent=-1},{m=CLOSE f=NONE leash=Surface(name=Task=13212)/@0xd7df4e8 sb=Rect(0, 0 - 1264, 2780) eb=Rect(0, 0 - 1264, 2780) epz=Point(1264, 2780) d=0 taskParent=-1},{m=TO_FRONT f=IS_WALLPAPER leash=Surface(name=WallpaperWindowToken{3abc1ac showWhenLocked=false})/@0x2b02701 sb=Rect(0, 0 - 1264, 2780) eb=Rect(0, 0 - 1264, 2780) epz=Point(1264, 2780) d=0}] 
04-12 01:13:01.994  8338  8381 V WindowManagerShell: extendInfo=[
04-12 01:13:01.994  8338  8381 V WindowManagerShell:  OplusTransitionExtendedInfo{mTmpFinishT=null, mInOplusCompatMode=false, mIsProcessRunning=false, mHasMismatchBoundsTarget=false, mRecentsController=null, mRemoteTransition=null, mIsTranslucentActivityToHome=false, mAvoidInterceptKeyEventToHome=false, mIsFromHome=false, mParentLeash=null, mBackAnimClosingLeash=null, mIsOplusAnimRes=false, mKeepBgForContinuous=false, mIsBalAllow=false, mTaskNotInRecent=false, mIsPredictiveBackAnim=false, mIsMergedWithPredictive=false, mIsLaunchFromSpruce=false, mIsLaunchFromDrive=false, mGlobalSearchPageSwitch=false, mNeedNoAlphaGlobalSearchScene=false, mAssistScreenShowing=false, mSwipeUpBrowserScreenShowing=false, mUserIdTransition=0
04-12 01:13:01.994  8338  8381 V WindowManagerShell: , mInRemoteScene=false, mInPreReady=false, mPreStart=false, mToken=null, mAbortByRemoteFromHome=false, mShellApplyToken=null, mRequestTransitionTaskId=13212, mAbortTransitionOnShell=0, mStartFromShortcut=false, mRemovedTaskId=-1, mTransitionInterruptType=0, mMergeSecondTaskId=-1, mTaskIdStartFromRecents=0, mTransitionId=27635, mCanUseSpringSlideAnim=false, mTransitionLaunchFrom=0, mFoldChangeType=-1, mAnimStartingPosition=[0, 0, 0, 0], mIsOpeningStkDialogActivity=false, mSecondaryHomeToFrontWhenUnFolding=false, mIsNeedApplyStartTForEmbedded=false
04-12 01:13:01.994  8338  8381 V WindowManagerShell: , mNeedCanvasExitAnim=false, mMergeSecondTaskAnimation=false, mIsLaunchUnityStart=false, mIsLaunchFromAssistantByDefault=false, mSkipRemoteTransitionfalse, mIsStartFromKeyguard=false flags=0x0, mWCT=null, mIsOpenMergeToInValidPredictive=false, mPromoteTaskWhenKeyguard-1, mRootLayerZOrderArray={}}]}
04-12 01:13:01.994  8338  8381 V WindowManagerShell: Transition doesn't have explicit remote, search filters for match for {id=27635 t=CLOSE f=0x0 trk=0 r=[0@Point(0, 0)] c=[{m=TO_FRONT f=SHOW_WALLPAPER|MOVE_TO_TOP leash=Surface(name=Task=1)/@0xaa23e0b sb=Rect(0, 0 - 1264, 2780) eb=Rect(0, 0 - 1264, 2780) epz=Point(1264, 2780) d=0 taskParent=-1},{m=CLOSE f=NONE leash=Surface(name=Task=13212)/@0xd7df4e8 sb=Rect(0, 0 - 1264, 2780) eb=Rect(0, 0 - 1264, 2780) epz=Point(1264, 2780) d=0 taskParent=-1},{m=TO_FRONT f=IS_WALLPAPER leash=Surface(name=WallpaperWindowToken{3abc1ac showWhenLocked=false})/@0x2b02701 sb=Rect(0, 0 - 1264, 2780) eb=Rect(0, 0 - 1264, 2780) epz=Point(1264, 2780) d=0}] 
04-12 01:13:01.994  8338  8381 V WindowManagerShell: extendInfo=[
04-12 01:13:01.994  8338  8381 V WindowManagerShell:  OplusTransitionExtendedInfo{mTmpFinishT=null, mInOplusCompatMode=false, mIsProcessRunning=false, mHasMismatchBoundsTarget=false, mRecentsController=null, mRemoteTransition=null, mIsTranslucentActivityToHome=false, mAvoidInterceptKeyEventToHome=false, mIsFromHome=false, mParentLeash=null, mBackAnimClosingLeash=null, mIsOplusAnimRes=false, mKeepBgForContinuous=false, mIsBalAllow=false, mTaskNotInRecent=false, mIsPredictiveBackAnim=false, mIsMergedWithPredictive=false, mIsLaunchFromSpruce=false, mIsLaunchFromDrive=false, mGlobalSearchPageSwitch=false, mNeedNoAlphaGlobalSearchScene=false, mAssistScreenShowing=false, mSwipeUpBrowserScreenShowing=false, mUserIdTransition=0
04-12 01:13:01.994  8338  8381 V WindowManagerShell: , mInRemoteScene=false, mInPreReady=false, mPreStart=false, mToken=null, mAbortByRemoteFromHome=false, mShellApplyToken=null, mRequestTransitionTaskId=13212, mAbortTransitionOnShell=0, mStartFromShortcut=false, mRemovedTaskId=-1, mTransitionInterruptType=0, mMergeSecondTaskId=-1, mTaskIdStartFromRecents=0, mTransitionId=27635, mCanUseSpringSlideAnim=false, mTransitionLaunchFrom=0, mFoldChangeType=-1, mAnimStartingPosition=[0, 0, 0, 0], mIsOpeningStkDialogActivity=false, mSecondaryHomeToFrontWhenUnFolding=false, mIsNeedApplyStartTForEmbedded=false
04-12 01:13:01.994  8338  8381 V WindowManagerShell: , mNeedCanvasExitAnim=false, mMergeSecondTaskAnimation=false, mIsLaunchUnityStart=false, mIsLaunchFromAssistantByDefault=false, mSkipRemoteTransitionfalse, mIsStartFromKeyguard=false flags=0x0, mWCT=null, mIsOpenMergeToInValidPredictive=false, mPromoteTaskWhenKeyguard-1, mRootLayerZOrderArray={}}]}
04-12 01:13:01.994  8338  8381 V WindowManagerShell:  Checking filter Pair{{types=[] flags=0x0] notFlags=0x100 checks=[{atype=home independent=true modes=[OPEN,TO_FRONT] flags=NONE mustBeTask=false order=TOP topActivity=ComponentInfo{com.android.launcher/com.android.launcher.Launcher} launchCookie=null windowingMode=undefined},{atype=standard independent=true modes=[CLOSE,TO_BACK] flags=NONE mustBeTask=false order=ANY topActivity=null launchCookie=null windowingMode=undefined}]} RemoteTransition { remoteTransition = android.window.IRemoteTransition$Stub$Proxy@a5bfc11, appThread = android.app.IApplicationThread$Stub$Proxy@61db176, debugName = QuickstepLaunchHome }}
04-12 01:13:01.994  8338  8381 D RemoteTransitionHandler: Found filterPair{{types=[] flags=0x0] notFlags=0x100 checks=[{atype=home independent=true modes=[OPEN,TO_FRONT] flags=NONE mustBeTask=false order=TOP topActivity=ComponentInfo{com.android.launcher/com.android.launcher.Launcher} launchCookie=null windowingMode=undefined},{atype=standard independent=true modes=[CLOSE,TO_BACK] flags=NONE mustBeTask=false order=ANY topActivity=null launchCookie=null windowingMode=undefined}]} RemoteTransition { remoteTransition = android.window.IRemoteTransition$Stub$Proxy@a5bfc11, appThread = android.app.IApplicationThread$Stub$Proxy@61db176, debugName = QuickstepLaunchHome }}
04-12 01:13:01.994  8338  8381 V WindowManagerShell:  Delegate animation for (#27635) to RemoteTransition { remoteTransition = android.window.IRemoteTransition$Stub$Proxy@a5bfc11, appThread = android.app.IApplicationThread$Stub$Proxy@61db176, debugName = QuickstepLaunchHome }
04-12 01:13:01.994  3590  9025 D RefreshRate: setHighTemperatureStatusWithoutUpdate: status = 0, rate = 0
04-12 01:13:01.996  3590  9766 E KernelCpuUidFreqTimeReader: Negative delta from freq time for uid: 10194, delta: -15
04-12 01:13:01.996  3590  3862 D OplusBiometricsDisplayHelper: isFold: false, isUnblockByFp: null
