04-12 01:13:02.986  8498  8498 D AppSenseClient: notifyAppEvent: pkgName: com.binance.monitor,activityName:com.binance.monitor.ui.main.MainActivity;state: 0;event: COMMON;type: 0;subEvent: 0;pid: 28409;uid: 10512
04-12 01:13:02.986  8406  8866 D AppSenseClient: notifyAppEvent: pkgName: com.binance.monitor,activityName:com.binance.monitor.ui.main.MainActivity;state: 0;event: COMMON;type: 0;subEvent: 0;pid: 28409;uid: 10512
04-12 01:13:02.986  8498  8498 D AppSenseClient: notifyAppChanges: []
04-12 01:13:02.986  8406  8866 D AppSenseClient: notifyAppChanges: []
04-12 01:13:02.986  8498  8498 D NhsAppSenseListener: onAppEvent enter
04-12 01:13:02.986  8498  8498 D NhsAppSenseListener: new event: event=0, state=0, pkg=com.binance.monitor, type=0, subEvent=0
04-12 01:13:02.986  8498  8498 D NhsAppSenseListener: onAppChanged, app list size: 0
04-12 01:13:02.987 14034 15457 D AppSenseService: notifySenseEvent: 
04-12 01:13:02.987 14034 15313 D NetlinkUtils: sendTransportScoreInfo result:true
04-12 01:13:02.987 14034 15313 D CommonApp-265-10512: Remaining data save time: 0
04-12 01:13:02.987 14034 15313 D Subsys-ScoreAppManager: createApp
04-12 01:13:02.987 14034 15313 D CommonApp-265-10512: CommonState exit
04-12 01:13:02.987 14034 15313 D CommonApp-264-10512: CommonState exit
04-12 01:13:02.987  3438  3485 D VsProxy : handleMessage msg is 4001
04-12 01:13:02.987  3438  3485 D RadioProxy: setQosConfig : response cb for instance 1
04-12 01:13:02.987 13839 14411 D AppSenseClient: handleMessage: 100
04-12 01:13:02.987 14034 15313 D Subsys-ScoreAppManager: handleMessage what:40
04-12 01:13:02.987 14034 15313 D Subsys-ScoreAppManager: EVENT_SCORE_STATE_INFOfalse
04-12 01:13:02.987 13839 14411 D AppSenseClient: handleSenseEvent appInfoUnits: 
04-12 01:13:02.987 14034 15313 D ScorePolicyManager: handleMessage: SCORE_STATE_CHANGEfalse
04-12 01:13:02.988 13839 14411 D AppSenseClient: handleSenseEvent clients: 1
04-12 01:13:02.988 13839 14411 D AppSenseClient: handleSenseEvent clientId: 106466519
04-12 01:13:02.988 13839 14411 D AppSenseClient: notifyAppEvent: pkgName: com.binance.monitor,activityName:com.binance.monitor.ui.main.MainActivity;state: 0;event: COMMON;type: 0;subEvent: 0;pid: 28409;uid: 10512
04-12 01:13:02.988 14034 14677 D RadioProxyJ[1]: [105377924]< setQosConfigResponse 
04-12 01:13:02.988 13839 14411 D AppSenseClient: notifyAppChanges: []
04-12 01:13:02.988 13839 14411 D NAS-DataSceneEvent: onAppEvent enter
04-12 01:13:02.988 13839 14411 D NAS-DataSceneEvent: new event: event=0, state=0, pkg=com.binance.monitor, type=0, subEvent=0
04-12 01:13:02.988 13839 14411 D NAS-DataSceneEvent: onAppChanged, app list size: 0
04-12 01:13:02.988 13839 14411 D NAS-DataSceneEvent: updateAppSenseChange []
04-12 01:13:02.989 13839 14674 D OplusLinkBoostSceneManager: handleAppSceneChange empty
04-12 01:13:02.989 13839 14698 E OplusNetlinkConnect: parse rsp msg failed!Message missing required fields: header
04-12 01:13:03.007  3590  3797 D OplusWallpaperSurfaceAnimation: resetEnable curState: STARTED
04-12 01:13:03.007  3590  3797 D OplusWallpaperAnimationManager: onAnimationEnd
04-12 01:13:03.007  3590  3797 D OplusWallpaperAnimationManager: setSkipUpdateWallpaperPosition skip: false, wallpaper: Window{18929f3 u0 com.android.systemui.wallpapers.ImageWallpaper}
04-12 01:13:03.007  3590  3797 D OplusWallpaperSurfaceAnimation: setAnimationState curState: IDLE
04-12 01:13:03.012  8730  8787 D OplusScrollToTopManager: com.android.launcher/com.android.launcher.Launcher,This com.android.internal.policy.DecorView{f8402b8 V.E...... R....... 0,0-1264,2780 aid=15 alpha=1.0 viewInfo = }[Launcher] change focus to true
04-12 01:13:03.015 13839 14674 I TcpSyn  : updateFrontUidsToKernel, uids = [10214]
04-12 01:13:03.027  8338  8338 E LockScreenNotificationDispatcherImp: updateNotificationListOnKg size:0
04-12 01:13:03.031  8338  8338 I SystemUi--Notification: LockScreenNotificationDispatcherImp-->updateNotificationListOnKg resultCode: 0
04-12 01:13:03.095  2181  2506 I SDM     : DisplayBuiltIn::IdlePowerCollapse: IPC received, disabling partial update for one frame
04-12 01:13:03.112  2113 25475 I sensors-hal: handle_oplus_wise_rgb_event:161, wise_rgb: (7429)(cct, lux, ir)[6156.23, 203.20, 22.340729] (r, g, b, c)[7654.90, 5845.29, 3317.17, 16029.39]                 (pwm, hbm, brl, algo)[0.0 0.0 1368.0 2.0], flag 29563
04-12 01:13:03.149  2181  2532 I SDM     : PartialUpdateSrcSplit::SetCwbRoiForNonPU: CWB ROI Rect(754.000000 49.000000 794.000000 119.000000)
04-12 01:13:03.228  2181  2506 I SDM     : DisplayBuiltIn::IdlePowerCollapse: IPC received, disabling partial update for one frame
04-12 01:13:03.235  2181  2181 E CwbService: Panel not support apl read or getDisplayPanelAplValue timeout 10ms.
04-12 01:13:03.235  2258  2258 D SensorFeature: name=ssc_screenshot_info ,index = 22
04-12 01:13:03.235  2258  2258 D SensorFeature: write 39 bytes:974798583089855,974798637277407,29564,0
04-12 01:13:03.287  3590  7344 V AlarmManager: sending alarm Alarm{d10f86c type 1 origWhen 1775927583286 whenElapsed 974798700 android} uid 1000 whenElapsed 974798700 windowLength 0 maxWhenElapsed 974798700 repeatInterval 0 action null component null tag StorgaeBandInfoAlarmTag flags 0x9 procName system_server
04-12 01:13:03.287  3590 10338 E OplusStorageUFSBandwidth: storage_io_metrics_path is /proc/oplus_storage/io_metrics/forever/
04-12 01:13:03.290  3590 10338 E OplusStorageUFSBandwidth: Bandwidth - Read: 4.49 MB/s, Write: 1.00 MB/s
04-12 01:13:03.290  3590 10338 E OplusStorageUFSBandwidth: Task time: 3ms
04-12 01:13:03.294  3590 10338 E OplusStorageUFSBandwidth: Alarm set to trigger in 10 seconds
04-12 01:13:03.377  2113 20704 I sensors-hal: handle_oplus_wise_rgb_event:189, high_pwm_light:lux 201.6,cct 6158.5,brl/algo/ir 1368.0/2.0/24.5,pwm/dc 0.0/0.0,rgbc 7644.931152/5842.354980/3323.061279/16054.255859,ts 974798594408139,cnt 7432,flag 29564
04-12 01:13:03.378  2113 25475 I sensors-hal: handle_oplus_wise_rgb_event:161, wise_rgb: (7434)(cct, lux, ir)[6158.55, 201.58, 24.514307] (r, g, b, c)[7608.38, 5821.82, 3311.29, 16048.04]                 (pwm, hbm, brl, algo)[0.0 0.0 1368.0 2.0], flag 29564
04-12 01:13:03.491  2113 25491 I sensors-hal: handle_sns_std_sensor_event:114, oplus rgb_rear sample: (cct, lux, ir, x, y)[4544, 13, 17, 364, 392]
04-12 01:13:03.491  2113 25491 I sensors-hal: handle_sns_std_sensor_event:116, oplus rgb_rear sample: (r, g, b, c w)[743, 1403, 188, 24, 0]
04-12 01:13:03.538  2258  2258 D SensorFeature: name=ssc_screenshot_info ,index = 22
04-12 01:13:03.538  2258  2258 D SensorFeature: write 39 bytes:974798583089855,974798950787771,29565,0
04-12 01:13:03.646  2113 25475 I sensors-hal: handle_oplus_wise_rgb_event:161, wise_rgb: (7439)(cct, lux, ir)[6135.13, 202.44, 23.447332] (r, g, b, c)[7664.87, 5865.82, 3346.61, 16057.36]                 (pwm, hbm, brl, algo)[0.0 0.0 1368.0 2.0], flag 29565
04-12 01:13:03.653  2399  3162 D VRR [OTI]: handleIdle from 0 to 1
04-12 01:13:03.653  2399  3162 D VRR [OTI-HW]: isStateReady 0
04-12 01:13:03.653  2399  3162 D VRR [OTI-HW]: keep rate.
04-12 01:13:03.653  2399  3162 D VRR [OTI-ADFR]: getBestTargetRate 60, modeTypeIsReady 1, currentFps 120
04-12 01:13:03.653  2399  3162 D VRR [OTI-ADFR]: targetRate change from 0 to 60
04-12 01:13:03.653  2399  3162 D VRR [RefreshRateDirector]: requestRefreshRateByOti insert [ oti-adfr, {fps=60, modePtr={id=0, vsyncRate=120.00 Hz, peakRefreshRate=120.00 Hz}} ]
04-12 01:13:03.653  2399  3162 I VRR-[OPlusRefreshRateSelector]: setIdleModeExternal success, idle fps: 60
04-12 01:13:03.653  2181  2181 I SDM     : DisplayBuiltIn::SetQSyncMode: VRR + update qsync mode 0 minfps 00C200BC
04-12 01:13:03.657  2399  2399 I VRR [AVT]: setFrameRate with [60, oti-adfr]
04-12 01:13:03.657  2399  2399 D VRR [OplusVSyncPredictor]: setCvtRefreshRate (0), Period (8333333)
04-12 01:13:03.659  2181  2437 E SDM     : DRMConnector::Perform: Connector 68: Setting Qsync min fps 12714172
04-12 01:13:03.698  2399  2399 I VRR-[OPlusRefreshRateSelector]: updateDispTePeriod magic_mode: 5a83c000, fps: 60
04-12 01:13:03.699  2181  2181 I SDM     : HWDeviceDRM::OPlusGetHighPrecisionFps: VRR +  OPlusGetHighPrecisionFps: 8634368
04-12 01:13:03.699  2181  2181 I SDM     : DisplayBuiltIn::SetQSyncMode: VRR + update qsync mode 0 high_precision_fps 0083C000
04-12 01:13:03.699  2181  2437 I SDM     : HWDeviceDRM::OPlusGetHighPrecisionFps: VRR +  OPlusGetHighPrecisionFps: 8634368
04-12 01:13:03.699  2181  2437 I SDM     : HWDeviceDRM::OPlusGetHighPrecisionFps: VRR +  OPlusGetHighPrecisionFps: 8634368
04-12 01:13:03.699  2181  2437 E SDM     : DRMConnector::Perform: Connector 68: Setting high_precision_fps 8634368
04-12 01:13:03.701  2399  2399 D VRR-[OPlusVSyncReactor]: Set Avt Period and update immediately with period 16666666.
04-12 01:13:03.765  2280  2331 D BatteryChargeControl: bcc get no support from charging protocol
04-12 01:13:03.817  3438  4039 D QmiClient: qmiServiceEventCallback recv msg id 47
04-12 01:13:03.818  3438  4039 D QmiClient: enter -mServiceType 10 onQmiServiceEventCallback msgId 47
04-12 01:13:03.818  3438  4039 D QmiClient: onQmiServiceEventCallback - enter. msgId=47
04-12 01:13:03.818  3438  3488 D OttProxy: handleMessage msg is 3001
04-12 01:13:03.818 14034 14677 D SubsysRadioIndication[1]: radioLinkLatencyInfoInd
04-12 01:13:03.819 14034 14677 D SubsysRadioIndication[1]: notify enter
04-12 01:13:03.819 14034 14034 D NetworkService[1]: handleMessage what:1008
04-12 01:13:03.819 14034 14034 D NetworkService[1]: EVENT_REG_LINK_LATENCY_INFO_CHANGE ulLatency:8054
04-12 01:13:03.836  2181  2506 I SDM     : DisplayBuiltIn::IdlePowerCollapse: IPC received, disabling partial update for one frame
04-12 01:13:03.840  2258  2258 D SensorFeature: name=ssc_screenshot_info ,index = 22
04-12 01:13:03.840  2258  2258 D SensorFeature: write 39 bytes:974798583089855,974799253097042,29566,0
04-12 01:13:03.893  3590  9788 I AICCTModule: SensorFilter: brightness threshold 1.2 screenNit is 96.458 ave enviroment lux is 194.30673 luxForNit 94.63883demarcationPoint200.0 result is false
04-12 01:13:03.893  3590  9788 I AICCTModule: SensorFilter: findSecondNearestValue, sensorValue: 6143.3813 nearestMaxValue:6094.766 secondNearestValue: 6094.766
04-12 01:13:03.893  3590  9788 I AICCTModule: SensorFilter: findSecondNearestValue, sensorValue: 192.1988 nearestMaxValue:193.86664 secondNearestValue: 193.86664
04-12 01:13:03.987  2727  3986 D QmiClient: qmiServiceEventCallback recv msg id 1099
04-12 01:13:03.987  2727  3986 D QmiClient: enter -mServiceType 4 onQmiServiceEventCallback msgId 1099
04-12 01:13:03.987  2727  3986 D QmiClient: onQmiServiceEventCallback - enter. msgId=1099
04-12 01:13:03.987  2727  3986 D QmiVsClientEvent: QosPeriodReportInd MSG IND data_len 2052
04-12 01:13:03.987  2727  3986 D QmiVsClientEvent: qmiVsClientNotifyQosPeriodReportIndEvent - RADIO_EVENT_QOS_PERIOD_REPORT_NOTIFY_IND
04-12 01:13:03.987  2727  2826 D VsProxy : handleMessage msg is 2420
04-12 01:13:03.987  2727  2826 D VsProxy : handleQosPeriodReportInd for instance 0 data_len 145
04-12 01:13:03.988 14034 14677 D SubsysRadioIndication[0]: radioQosPeriodReportInd result [8, -87, -60, -64, -28, 14, 34, 12, 8, -89, -101, -71, -28, 14, 16, 4, 24, 1, 32, 3, 58, 61, 8, -73, -67, -64, -28, 14, 16, 5, 24, -64, -92, 38, 32, -22, 6, 40, -92, -1, -1, -1, -1, -1, -1, -1, -1, 1, 48, -10, -1, -1, -1, -1, -1, -1, -1, -1, 1, 56, 10, 64, -93, -1, -1, -1, -1, -1, -1, -1, -1, 1, 72, -93, -1, -1, -1, -1, -1, -1, -1, -1, 1, 66, 29, 8, -36, -85, -116, -28, 14, 16, 5, 34, 19, 8, -64, -92, 38, 16, -22, 6, 24, 78, 32, 13, 40, -117, -32, -94, -93, 2, 48, 2, 90, 0, 98, 10, 8, -83, -91, -116, -28, 14, 16, 3, 24, 5, 122, 15, 8, -30, -89, -116, -28, 14, 16, -18, 1, 24, -21, 1, 32, -42, 8]
04-12 01:13:03.988 14034 14034 D NetworkService[0]: handleMessage what:1005
04-12 01:13:03.988 14034 14034 D RadioAtomTracker: parseQosPeriodData ModemQos:CellularQosInfo2{5G, 627264/874, EndcState=0, Band=78, DLBW=13, Rsrp=-92, Rsrq=-10, Snr=10, SvcStatus=3, ULPDCPNumDataPdu=-1, ULPDCPNumDropPdu=-1, ULPDCPTput=-1, ULRLCNumDataPdu=-1, ULRLCNumRetxPdu=-1, ULGrant=-1, ULBSR=-1, ULBler=-1, DLPDCPNumDataPdu=-1, DLPDCPTput=-1, DLRLCNumDataPdu=-1, DLRLCNumRetxPdu=-1, DLRLCNumDropPdu=-1, DLMACPaddingBytes=-1, DLPdcpNumMissToUppPdu=-1, DLBler=-1, RlfCount=0, CellChangeCount=0, IsRedirectionOccur=0, IsDualSimConflict=0, Latency=0, Sub1RrcState=1, Sub2RrcState=3, RachCount=0, CalcPower=238, Mtpl=235, PathLoss=1110, CellLoad=0}
04-12 01:13:03.988 14034 14034 D NetworkService[0]: EVENT_REG_QOS_PERIOD_REPORT_IND_CHANGED ENTER
04-12 01:13:03.989 14034 14034 D AtomModemKpiInfo: handleMessage what:1001
04-12 01:13:03.989 14034 14034 D AtomModemKpiInfo: analyseQosInfo success
04-12 01:13:04.068  2181  2506 I SDM     : DisplayBuiltIn::IdlePowerCollapse: IPC received, disabling partial update for one frame
04-12 01:13:04.113  3590  7998 I [UAH_CLIENT]: UahEventAcquire, cmdid:2, pkg:none, identity:com.android.server.wm
04-12 01:13:04.113  3590  8173 E system_server: No package ID 7f found for resource ID 0x7f11022d.
04-12 01:13:04.113  3590  8173 W ActivityTaskManager: callingPackage for (uid=2000, pid=31138) has no WPC
04-12 01:13:04.114  3590  8173 D WindowManager: NFW_setClientVisible:ActivityRecord{215839126 u0 com.binance.monitor/.ui.main.MainActivity clientVisible:true
04-12 01:13:04.114  3590  8173 V GrammaticalInflectionUtils: AttributionSource: android.content.AttributionSource@1020978a does not have READ_SYSTEM_GRAMMATICAL_GENDER permission.
04-12 01:13:04.114  3590  8173 D OplusCompatModeManagerService: getRequestedConfigurationOrientation  res:1,req:1,config.old:0,config.new:0,ActivityRecord{215839126 u0 com.binance.monitor/.ui.main.MainActivity t-1}
04-12 01:13:04.114  3590  8173 D OplusCompatModeManagerService:  onPreActivityRecordConfigurationChanged {0.0 ?mcc??mnc ?localeList ?layoutDir ?swdp ?wdp ?hdp ?density ?lsize ?long ?ldr ?wideColorGamut ?orien ?uimode ?night ?touch ?keyb/?/? ?nav/? winConfig={ mBounds=Rect(0, 0 - 0, 0) mAppBounds=null mMaxBounds=Rect(0, 0 - 0, 0) mDisplayRotation=undefined mWindowingMode=undefined mActivityType=undefined mAlwaysOnTop=undefined mRotation=undefined} ?fontWeightAdjustmentmThemeChanged= 0, mThemeChangedFlags= 0, mFlipFont= 0, mScenario= -1, mAccessibleChanged= 0, mUxIconConfig= 0, mMaterialColor= ffffffffffffffff, mUserId= -1, mFontUserId= -1, mFontVariationSettings= ffffffff, mFoldingAngle = -1.0, mIconPackName= , mDarkModeBackgroundMaxL= -1.0, mDarkModeDialogBgMaxL= -1.0, mDarkModeForegroundMinL= -1.0, mOplusConfigType= 0, mOplusChangedConfigs= 0, OpSans= -1, mBurmeseFontFlag= -1, mFlag= 0, mExtraFlag= 0, mFlexibleActivitySuitable= -1, mPuttDisplayFlag= -1}
04-12 01:13:04.114  3590  8173 D OplusCompatModeManagerService:  disable:true,valid:false,computeReq:1,isGameRatio:false
04-12 01:13:04.114  3590  8173 D OplusCompatModeManagerService:  getOverrideMinAspectRatioForCompatMode: 0.0 getRawOverrideMinAspectRatioForCompatMode: 0.0
04-12 01:13:04.114  3590  8173 D OplusCompatModeManagerService:  ar : ActivityRecord{215839126 u0 com.binance.monitor/.ui.main.MainActivity t-1} displayId:-1 inCompatMode: false
04-12 01:13:04.114  3590  8173 D OplusCompatModeManagerService: isDefaultDisplay true oldRect: Rect(0, 0 - 0, 0) newRect Rect(0, 0 - 0, 0)
04-12 01:13:04.114  3590  8173 D OplusCompatModeManagerService: reloadCompactRatio mParWorldContainer.isEnabledParallelWindow(pkg):false,mParWorldContainer.isDisabledCompactWindow:false,isUIAutoLayout:false, isFullOrientation: false
04-12 01:13:04.115  3590  8173 D FlexibleTaskController: isSupportFlexibleWindow target = com.binance.monitor/.ui.main.MainActivity callPkg = FlexibleTaskController support = true ,caller = 3590
04-12 01:13:04.115  3590  8173 D ActivityStarterExtImpl: do not intercept for realCallingAppIsSystemApp or CallingAppIsSystemApp
04-12 01:13:04.115  3590  3830 E QosSceneRecognizer[ActivityStartScene]: notifyActivityStart get launchedFromUid failed through AppManager! launchedFromPackage: com.android.shell, pkg: com.binance.monitor
04-12 01:13:04.115  3590  8173 D FlexibleWindowManagerService: isIgnoreAppearedAcrossTask:false
04-12 01:13:04.115  3590  8173 D FlexibleWindowManagerService: isIgnoreAppearedAcrossTask:false
04-12 01:13:04.115  3590  8173 D FlexibleTaskController: findSourceTaskForFreeForm: sourceRecord = null ,realCallingPid:31138 ,launchFromZoomMode:false ,prevTopTask:Task{735fad8 #2 type=undefined I=com.android.launcher/.Launcher}
04-12 01:13:04.115  3590  8173 D FlexibleTaskController: findSourceTaskForFreeForm: the caller is not a flexible freeform window application and does not have a zoom windowMode startup parameter
04-12 01:13:04.115  3590  8173 D FlexibleTaskController: adjustOptionsForFlexibleTask not allow options follow process task's options, reason:9 ,reusedOptions:null
04-12 01:13:04.115  3590  8173 D FlexibleTaskController: isSupportFlexibleWindow target = com.binance.monitor/.ui.main.MainActivity callPkg = FlexibleTaskController support = true ,caller = 3590
04-12 01:13:04.115  3590  8173 D FlexibleWindowManagerService: no reused task found for ActivityRecord{215839126 u0 com.binance.monitor/.ui.main.MainActivity t-1}
04-12 01:13:04.116  3590  8480 I OPM     : handleActivityStart : ActivityRecord{215839126 u0 com.binance.monitor/.ui.main.MainActivity t-1}
04-12 01:13:04.117  3590  8173 D OplusCompatModeManagerService: getRequestedConfigurationOrientation  res:1,req:1,config.old:0,config.new:1,ActivityRecord{215839126 u0 com.binance.monitor/.ui.main.MainActivity t13213}
04-12 01:13:04.117  3590  8173 D OplusCompatModeManagerService:  onPreActivityRecordConfigurationChanged {1.15 ??mcc??mnc [zh_CN,en_US] ldltr sw361dp w361dp h794dp 560dpi nrml long hdr widecg port night finger -keyb/v/h -nav/h winConfig={ mBounds=Rect(0, 0 - 1264, 2780) mAppBounds=Rect(0, 0 - 1264, 2780) mMaxBounds=Rect(0, 0 - 1264, 2780) mDisplayRotation=ROTATION_0 mWindowingMode=fullscreen mActivityType=standard mAlwaysOnTop=undefined mRotation=ROTATION_0} as.10 s.12661 fontWeightAdjustment=0mThemeChanged= 1, mThemeChangedFlags= 1, mFlipFont= 0, mScenario= 0, mAccessibleChanged= -1, mUxIconConfig= 1e177014640920, mMaterialColor= 100040017, mUserId= 0, mFontUserId= 0, mFontVariationSettings= 11d7, mFoldingAngle = -1.0, mIconPackName= , mDarkModeBackgroundMaxL= 8.0, mDarkModeDialogBgMaxL= 27.0, mDarkModeForegroundMinL= 100.0, mOplusConfigType= 1, mOplusChangedConfigs= 0, OpSans= -1, mBurmeseFontFlag= 2, mFlag= 0, mExtraFlag= 0, mFlexibleActivitySuitable= -1, mPuttDisplayFlag= -1}
04-12 01:13:04.117  3590  8173 D OplusCompatModeManagerService:  disable:true,valid:false,computeReq:1,isGameRatio:false
04-12 01:13:04.117  3590  8173 D OplusCompatModeManagerService:  getOverrideMinAspectRatioForCompatMode: 0.0 getRawOverrideMinAspectRatioForCompatMode: 0.0
04-12 01:13:04.117  3590  8173 D OplusCompatModeManagerService:  ar : ActivityRecord{215839126 u0 com.binance.monitor/.ui.main.MainActivity t13213} displayId:0 inCompatMode: false
04-12 01:13:04.117  3590  8173 D OplusCompatModeManagerService: isDefaultDisplay true oldRect: Rect(0, 0 - 0, 0) newRect Rect(0, 0 - 1264, 2780)
04-12 01:13:04.117  3590  8173 D OplusCompatModeManagerService: reloadCompactRatio mParWorldContainer.isEnabledParallelWindow(pkg):false,mParWorldContainer.isDisabledCompactWindow:false,isUIAutoLayout:false, isFullOrientation: false
04-12 01:13:04.118  3590  8173 D SecondaryPageStartupPolicy: checkSecondaryPageStartupStatus not support sourcePackage=com.android.shell
04-12 01:13:04.118  3590  8173 D OplusStartingWindowManager: we don't revise window flags for third app
04-12 01:13:04.118  3590  8173 D ActivityTaskManager: validateStartingWindowTheme:  Pkg=com.binance.monitor, Translucent=false, Floating=false, ShowWallpaper=false, Disable=false, LaunchSource=4, Prev=null, LaunchedFromPackage=com.android.shell
04-12 01:13:04.118  3590  8173 D OplusAlwaysAliveManager: save launch theme 0x7f11022d for Task{defe904 #13213 type=standard A=10512:com.binance.monitor}, act=com.android.server.wm.OplusAlwaysAliveManager@b38ce16
04-12 01:13:04.118  3590  8173 D ActivityTaskManager: addStartingWindow for ActivityRecord{215839126 u0 com.binance.monitor/.ui.main.MainActivity t13213}, mainWin=null, state=INITIALIZING, isKeyguardLocked=false, isKeyguardGoingAway=false
04-12 01:13:04.118  3590  8173 D ActivityTaskManager: getStartingWindowType: , newTask=true, taskSwitch=true, processRunning=false, allowTaskSnapshot=true, activityCreated=false, activityAllDrawn=false, snapshot exist: false
04-12 01:13:04.118  3590  8173 D ActivityRecordExtImpl: handleStartingWindowForCompactWindow origin type:2, adjustType : 2
04-12 01:13:04.118  3590  8173 D TaskOrganizerController: TaskOrganizerController.addStartingWindow: call wmshell to addStartingWindow:ActivityRecord{215839126 u0 com.binance.monitor/.ui.main.MainActivity t13213}
04-12 01:13:04.118 15031 15220 D ShellSubscriberWorkerThread: the first 8 bytes empty, and RestData length > 8 
04-12 01:13:04.119  8338  8422 D PhoneStartingWindowTypeAlgorithm: preferredStartingWindowType newTask=true, taskSwitch=true, processRunning=false, allowTaskSnapshot=true, activityCreated=false, isSolidColorSplashScreen=false, legacySplashScreen=false, activityDrawn=false, windowless=false, topIsHome=false
04-12 01:13:04.119  8338  8422 D OplusShellStartingWindowManager: getReviseStartingWindowType not support, windowInfo is null
04-12 01:13:04.119  3590  8173 D ActivityTrigger: ActivityTrigger activityPauseTrigger 
04-12 01:13:04.119  8338  8422 D OplusShellStartingWindowManager: adjustSuggestedWindowType originType: 1, wi: StartingWindowInfo{taskId=13213 targetActivityInfo=null displayId=0 topActivityType=1 preferredStartingWindowType=8b mainWindowLayoutParams=null splashScreenThemeResId 7f11022d, exi: OplusStartingWindowExtendedInfo{mAppToken=android.os.BinderProxy@1e76bf5, mSupportSplashScreenPreview=false, mIsSystemApp=false, mIsExceptionListApp=false, mPreviewBitmap=null, mShouldDrawBackground=false, mForceLightMode=false, mForceNightMode=false, mNotSupportNightMode=false, mForcePreview=false, mForceBigIcon=false, mQuickStartingSurface=null, mForceSolidColorSplash=false}
04-12 01:13:04.119  8338  8422 D OplusShellStartingWindowManager: adjustSuggestedWindowType: skip no-system app and no-exception list app
04-12 01:13:04.119  3590  7998 I [UAH_CLIENT]: UahEventAcquire, cmdid:1, pkg:com.binance.monitor, identity:com.android.server.wm
04-12 01:13:04.120  3590  8173 D ActivityTaskManager: notifyTaskRemoved, task: Task{1b70458 #13212 type=standard A=10512:com.binance.monitor} trace:com.android.server.wm.RecentTasks.removeForAddTask:1888 com.android.server.wm.RecentTasks.add:1377 com.android.server.wm.ActivityStarter.startActivityInner:3039 com.android.server.wm.ActivityStarter.startActivityUnchecked:2174 com.android.server.wm.ActivityStarter.executeRequest:1924 
04-12 01:13:04.120  3590  8420 V GrammaticalInflectionUtils: AttributionSource: android.content.AttributionSource@1020978a does not have READ_SYSTEM_GRAMMATICAL_GENDER permission.
04-12 01:13:04.120  3590  8173 D ActivityTaskManager: notifyTaskAdded, task: Task{defe904 #13213 type=standard A=10512:com.binance.monitor} trace:com.android.server.wm.RecentTasks.add:1392 com.android.server.wm.ActivityStarter.startActivityInner:3039 com.android.server.wm.ActivityStarter.startActivityUnchecked:2174 com.android.server.wm.ActivityStarter.executeRequest:1924 com.android.server.wm.ActivityStarter.execute:1012 
04-12 01:13:04.120  8338  8423 D ShellStartingWindow: getWindowAttrs SplashScreenWindowAttrs{ mWindowBgResId: 7f070079, mWindowBgColor: 0, mWindowBgImage: false, mSplashScreenIcon: false, mBrandingImage: false, mIconBgColor: 0, uiMode: 0}
04-12 01:13:04.120  8338  8423 I ShellStartingWindow: makeSplashScreenContentView themeBGColor: ff0e1a2f, isDark: true, last config hash: 1822101690
04-12 01:13:04.120  8338  8422 D WindowManager: Add to mViews: android.widget.FrameLayout{98c6818 V.E...... ......I. 0,0-0,0 alpha=1.0 viewInfo = },pkg= com.binance.monitor
04-12 01:13:04.121  8338  8546 D skia    : setRusSupported enable 0
04-12 01:13:04.121  3590  8173 D osense.compress: notifyActivityLaunched pkgName = com.binance.monitor, userId = 0
04-12 01:13:04.121  8338  8381 V WindowManagerShell: Transition requested (#27636): android.os.BinderProxy@4413856 TransitionRequestInfo { type = OPEN, triggerTask = TaskInfo{userId=0 taskId=13213 effectiveUid=10512 displayId=0 isRunning=true baseIntent=Intent { flg=0x10000000 cmp=com.binance.monitor/.ui.main.MainActivity mCallingUid=2000 } baseActivity=ComponentInfo{com.binance.monitor/com.binance.monitor.ui.main.MainActivity} topActivity=ComponentInfo{com.binance.monitor/com.binance.monitor.ui.main.MainActivity} origActivity=null realActivity=ComponentInfo{com.binance.monitor/com.binance.monitor.ui.main.MainActivity}
04-12 01:13:04.121  8338  8381 V WindowManagerShell:  numActivities=1 lastActiveTime=974799534 supportsSplitScreenMultiWindow=true supportsMultiWindow=true supportsPocketStudioMultiWindow=true isInFlexibleEmbedded = false uid = 10512 pid = 0 resizeMode=1 isResizeable=true minWidth=-1 minHeight=-1 defaultMinSize=220 token=WCT{android.window.IWindowContainerToken$Stub$Proxy@77360d7} topActivityType=1 pictureInPictureParams=null shouldDockBigOverlays=false launchIntoPipHostTaskId=-1 lastParentTaskIdBeforePip=-1 displayCutoutSafeInsets=Rect(0, 140 - 0, 0)
04-12 01:13:04.121  8338  8381 V WindowManagerShell:  topActivityInfo=ActivityInfo{ebedc4 com.binance.monitor.ui.main.MainActivity} launchCookies=[] positionInParent=Point(0, 0) parentTaskId=-1 isFocused=false isVisible=false isVisibleRequested=false isTopActivityNoDisplay=false isSleeping=false locusId=null displayAreaFeatureId=1 isTopActivityTransparent=false isActivityStackTransparent=false lastNonFullscreenBounds=Rect(330, 828 - 935, 2092) capturedLink=null capturedLinkTimestamp=0 requestedVisibleTypes=-9 topActivityRequestOpenInBrowserEducationTimestamp=0
04-12 01:13:04.121  8338  8381 V WindowManagerShell:  appCompatTaskInfo=AppCompatTaskInfo { topActivityInSizeCompat=false topActivityInOplusCompatMode=false eligibleForLetterboxEducation= false isLetterboxEducationEnabled= false isLetterboxDoubleTapEnabled= false eligibleForUserAspectRatioButton= false topActivityBoundsLetterboxed= false isFromLetterboxDoubleTap= false topActivityLetterboxVerticalPosition= -1 topActivityLetterboxHorizontalPosition= -1 topActivityLetterboxWidth=-1 topActivityLetterboxHeight=-1 topActivityAppBounds=Rect(0, 140 - 1264, 2780) isUserFullscreenOverrideEnabled=false isSystemFullscreenOverrideEnabled=false hasMinAspectRatioOverride=false topActivityLetterboxBounds=null cameraCompatTaskInfo=CameraCompatTaskInfo { freeformCameraCompatMode=inactive}} topActivityMainWindowFrame=null topActivityLetterboxInsets=Rect(0, 0 - 0, 0)
04-12 01:13:04.121  8338  8381 V WindowManagerShell:  mOplusExtraBundle = Bundle[mParcelledData.dataSize=1468]}, pipChange = null, remoteTransition = null, displayChange = null, flags = 0, debugId = 27636 }
04-12 01:13:04.121  3590  8173 I ActivityTaskManager: START u0 {flg=0x10000000 xflg=0x4 cmp=com.binance.monitor/.ui.main.MainActivity mCallingUid=2000} with LAUNCH_MULTIPLE from uid 2000 (BAL_ALLOW_PERMISSION (START_ACTIVITIES_FROM_BACKGROUND permission granted)) result code=0
04-12 01:13:04.121  8338  8381 D ShellSplitScreen: logExit: no-op, mLoggerSessionId is null
04-12 01:13:04.121  8730  8730 I PantaCard.Lnch.InstantCard:  100335&1000001&1_sid=536877599_rk=ea6994,onInvisible: 100335&1000001&1, engine is null: false[sdk:v1.3.122-1545084,seed-plugin:v16.1.126-d5777f7c,app:v16.4.22] [OplusLauncher|com.android.launcher|2.0.44-25e9612]
04-12 01:13:04.121  8730  8730 I PantaCard.Lnch.InstantCardEngine:  100335&1000001&1_sid=536877599_rk=ea6994,onCardInVisible, cardTag: 100335&1000001&1, last code: 200[sdk:v1.3.122-1545084,seed-plugin:v16.1.126-d5777f7c,app:v16.4.22]
04-12 01:13:04.121  8730  8730 W Page    : setState : 2 (CAS: 3 -> 2)
04-12 01:13:04.121  8730  8730 W CardMonitor: {hash: 1081e1, url: hap://widget/io.iftech.quickapp.box/card/springFestivalCalendar2x2, action: onHide, engine: 10.4.1, versionCode: 129, versionName: 1.0.129, minPlatformVer: 1080, engineChange: false, js_tid: 1953}
04-12 01:13:04.121  8730  8730 I SplitScreenManager: Attached Launcher#cbc0fb1 ON_PAUSE
04-12 01:13:04.121  8730  8730 W LauncherClient[u0]: isConnected false because mOverlay is null
04-12 01:13:04.121  8730  8730 D AnimSeqTimeStamp: resetLastLaunchTaskTime
04-12 01:13:04.121  8730  8730 W RootView: 0x1081e1 io.iftech.quickapp.box setCurrentPageVisible : false, attach : true , childCount : 1
04-12 01:13:04.122  8730  1953 I JsConsole: ### App Framework ### 页面(8) "onHide"
04-12 01:13:04.122  3590  7162 I OplusAccessController: enter isIgnoreAppSwitchActivity
04-12 01:13:04.122  3590  7162 I OplusAccessController: enter isIgnoreAppSwitchActivity and intent != null
04-12 01:13:04.122  3590  7162 I OplusAccessController: enter isIgnoreAppSwitchActivity and componentName != null
04-12 01:13:04.122  3590  7162 I OplusAccessController: enter isIgnoreAppSwitchActivity and packageName&activity is not Empty
04-12 01:13:04.122  8338  8381 D ZoomController: onTaskMovedToFront, task id:13213
04-12 01:13:04.122  8338  8381 I ZoomUiController: FloatHandle-isFloatHandleShow mPackageName = null
04-12 01:13:04.122  3590  7162 I AppsFilter: interaction: PackageSetting{26246c1 com.android.microdroid.empty_payload/10286} -> PackageSetting{5219b34 com.binance.monitor/10512} BLOCKED
04-12 01:13:04.122  8543  9893 I iopgp   : Iopgp: TRANSACTION_IOPGP_PRELOAD Sequence_id = 1218 pkg_name = com.binance.monitor uid = 10512 size = 1 isProfile = 1
04-12 01:13:04.122  3590  7162 I AppsFilter: interaction: PackageSetting{eb2ea54 com.oplus.locationproxy/10171} -> PackageSetting{5219b34 com.binance.monitor/10512} BLOCKED
04-12 01:13:04.123  3590  7162 I AppsFilter: interaction: PackageSetting{68b8dfd com.android.certinstaller/10226} -> PackageSetting{5219b34 com.binance.monitor/10512} BLOCKED
04-12 01:13:04.123  3590  7162 I AppsFilter: interaction: PackageSetting{d5cbaf2 com.oplus.location/10244} -> PackageSetting{5219b34 com.binance.monitor/10512} BLOCKED
04-12 01:13:04.123  3590  7162 I OplusHansManager : front pkg: com.binance.monitor, uid: 10512, prev pkg: com.android.launcher, prev uid: 10214
04-12 01:13:04.123  3590  7162 D RefreshRate: boostRefreshId choose max:currentRefreshRate:120.00001 targetRefreshRate:60.0 mCurrentPickRate:120.00001
04-12 01:13:04.123  3590  7162 D RefreshRate: Trigger app switch boost, ar=ActivityRecord{215839126 u0 com.binance.monitor/.ui.main.MainActivity t13213},currDisplayRate=120.00001,boostId=3
04-12 01:13:04.123  3590  8475 D NativeFreezeManager: freezeForAppSwitchScene mAppLaunchFzDxEnable enter, mFgAppPkgname com.binance.monitor
04-12 01:13:04.123  3590  7162 D RefreshRate: setDisplayConfigSpecs complete: targetMode={id=1, width=1264, height=2780, fps=120.00001, vsync=120.00001, synthetic=false, alternativeRefreshRates=[60.000004, 90.0], supportedHdrTypes=[1, 2, 3, 4]},srcMode={id=1, width=1264, height=2780, fps=120.00001, vsync=120.00001, synthetic=false, alternativeRefreshRates=[60.000004, 90.0], supportedHdrTypes=[1, 2, 3, 4]},sfModId=0,rate=120.00001
04-12 01:13:04.123  3590  7162 D RefreshRate: startAppSwitchBoost targetMode={id=1, width=1264, height=2780, fps=120.00001, vsync=120.00001, synthetic=false, alternativeRefreshRates=[60.000004, 90.0], supportedHdrTypes=[1, 2, 3, 4]} record=ActivityRecord{215839126 u0 com.binance.monitor/.ui.main.MainActivity t13213}: votes=PRIORITY_START_ANIMATION_BOOST -> Vote{mRefreshRate=120.0, mMinRefreshRate=120.0, mRequestSource=null};PRIORITY_WINDOW_REQUEST -> Vote{mRefreshRate=120.0, mMinRefreshRate=120.0, mRequestSource=null};
04-12 01:13:04.123  3590  7998 D JobSchedulerServiceExtImpl: updateOsenseRestrictMode for 1 true false
04-12 01:13:04.123  3590  7162 V SensorManager: call sensorServiceCommonInterface name: setScreenShotDisable
04-12 01:13:04.123  3590  7162 D SensorServiceExtImpl: sensorServiceCommonInterface funcName = setScreenShotDisable, flag = 0, status = 0
04-12 01:13:04.123  3590  7998 I [UAH_CLIENT]: UahEventAcquire, cmdid:1, pkg:com.binance.monitor, identity:com.android.server.wm
04-12 01:13:04.123  8338  8381 D WindowManagerShell: setLauncherKeepClearAreaHeight: visible=false, height=266
04-12 01:13:04.123  3590  7162 D ActivityTaskManager: setAppVisibility(Token{53d9eed ActivityRecord{215839126 u0 com.binance.monitor/.ui.main.MainActivity t13213}}, visible=true):  visible=false mVisibleRequested=false
04-12 01:13:04.124  3590  7162 D ActivityTaskManager: setVisibility(Token{53d9eed ActivityRecord{215839126 u0 com.binance.monitor/.ui.main.MainActivity t13213}}, visible=true) defer commitVisibility for transition collecting
04-12 01:13:04.124  3590  7162 V SensorManager: call sensorServiceCommonInterface name: setScreenShotDisable
04-12 01:13:04.124  3590  7162 D SensorServiceExtImpl: sensorServiceCommonInterface funcName = setScreenShotDisable, flag = 0, status = 0
04-12 01:13:04.124  3590  7998 I [UAH_CLIENT]: UahEventAcquire, cmdid:1, pkg:com.binance.monitor, identity:com.android.server.wm
04-12 01:13:04.124  3590  7162 D ActivityTaskManager: setAppVisibility(Token{e95e916 ActivityRecord{75462386 u0 com.android.launcher/.Launcher t2}}, visible=false):  visible=true mVisibleRequested=true
04-12 01:13:04.124  3590  7162 D ActivityTaskManager: setVisibility(Token{e95e916 ActivityRecord{75462386 u0 com.android.launcher/.Launcher t2}}, visible=false) defer commitVisibility for transition collecting
04-12 01:13:04.124  3590  7162 D InsetsSourceProvider: updateSourceFrameForServerVisibility mandatorySystemGestures EMPTY_RECT
04-12 01:13:04.124  3590  7162 D InsetsSourceProvider: updateSourceFrameForServerVisibility mandatorySystemGestures EMPTY_RECT
04-12 01:13:04.125  3590  7996 D osense-blo: [0, false] [0, false] [0, false] 
04-12 01:13:04.125  3590  8480 I OPM-Process: resume pkg: com.binance.monitor, uid:10512, prev pkg: com.android.launcher, prev uid: 10214
04-12 01:13:04.125  3590  3875 D RefreshRate: do setDisplayConfigSpecs  
04-12 01:13:04.125  3590  8279 I Osense-BaseDecisionMaker: notifySceneToAthenaPolicy: SCENE_APP_SWITCH, bundle: Bundle[{prevPkgName=com.android.launcher, curUid=10512, isGame=false, curPkgName=com.binance.monitor, prevUid=10214}]
04-12 01:13:04.125  2399  3197 D SurfaceFlinger: VRR [SurfaceFlinger] setDesiredDisplayModeSpecs, from process 3590, 0, 0, primaryRanges = [ 120.000008, 120.000008, 120.000008, 120.000008 ], appRequestRanges = [ 120.000008, 120.000008, 120.000008 120.000008 ]
04-12 01:13:04.125  3590  8279 I Osense-BaseDecisionMaker: scene: SCENE_APP_SWITCH, excutingPolicy: freezer
04-12 01:13:04.125  3590  8279 D Osense-BaseDecisionMaker: invoke freezer policy,type: fast
04-12 01:13:04.125  2399  2399 I RefreshRateSelector: Display 4630946685746860179 policy changed
04-12 01:13:04.125  2399  2399 I RefreshRateSelector: Previous: {defaultModeId=0, allowGroupSwitching=false, primaryRanges={physical=[0.00 Hz, 120.00 Hz], render=[0.00 Hz, 120.00 Hz]}, appRequestRanges={physical=[0.00 Hz, 120.00 Hz], render=[0.00 Hz, 120.00 Hz]} idleScreenConfig=nullptr}
04-12 01:13:04.125  2399  2399 I RefreshRateSelector: Current:  DisplayManagerPolicy{defaultModeId=0, allowGroupSwitching=false, primaryRanges={physical=[120.00 Hz, 120.00 Hz], render=[120.00 Hz, 120.00 Hz]}, appRequestRanges={physical=[120.00 Hz, 120.00 Hz], render=[120.00 Hz, 120.00 Hz]} idleScreenConfig=nullptr}
04-12 01:13:04.125  2399  2399 I RefreshRateSelector: 0 mode changes were performed under the previous policy
04-12 01:13:04.125  2399  2399 D SurfaceFlinger: VRR [SurfaceFlinger] applyRefreshRateSelectorPolicy: 0 (120.00 Hz), policy: {defaultModeId=0, allowGroupSwitching=false, primaryRanges={physical=[120.00 Hz, 120.00 Hz], render=[120.00 Hz, 120.00 Hz]}, appRequestRanges={physical=[120.00 Hz, 120.00 Hz], render=[120.00 Hz, 120.00 Hz]} idleScreenConfig=nullptr}
04-12 01:13:04.125  2399  2399 D SurfaceFlinger: VRR [SurfaceFlinger] setDesiredActiveMode: displayId: 4630946685746860179, renderRate: 120, vsyncRate: 120, event: 1
04-12 01:13:04.125  2399  2399 D DisplayModeController: setDesiredMode 4630946685746860179 {mode={fps=120.00 Hz, modePtr={id=0, vsyncRate=120.00 Hz, peakRefreshRate=120.00 Hz}}, emitEvent=true, force=false}
04-12 01:13:04.125  2399  3162 D VRR [OTI]: handleIdle from 1 to 0
04-12 01:13:04.125  2399  3162 D VRR [OTI-HW]: isStateReady 0
04-12 01:13:04.125  2399  3162 D VRR [OTI-HW]: keep rate.
04-12 01:13:04.125  2399  3162 D VRR [OTI-ADFR]: targetRate change from 60 to 0
04-12 01:13:04.125  2399  3162 D VRR [RefreshRateDirector]: requestRefreshRateByOti insert [ oti-adfr, {fps=0, modePtr={id=0, vsyncRate=120.00 Hz, peakRefreshRate=120.00 Hz}} ]
04-12 01:13:04.125  2399  3162 I VRR-[OPlusRefreshRateSelector]: setIdleModeExternal success, idle fps: 0
04-12 01:13:04.125  3590  3875 D DisplayModeDirector: setAppRequest displayId : 0  modeId: 1  requestedRefreshRate: 120.00001  requestedMinRefreshRateRange: 120.00001  requestedMaxRefreshRateRange: 120.00001
04-12 01:13:04.125  2181  2181 I SDM     : DisplayBuiltIn::SetQSyncMode: VRR + update qsync mode 0 minfps 00C20080
04-12 01:13:04.125  3590  3875 D VRR [OPlusRefreshRateService]:  setDirectorStates [flag: 1, state: 1, directorStateOff: 1]
04-12 01:13:04.125  2399  8068 D VRR [RefreshRateDirector]: updateState mState = 0
04-12 01:13:04.125  3590  8777 D OplusHansManager : onUidHansStateChanged: uid = 10512, isFreeze = false, frozenStatus = 0
04-12 01:13:04.126  3590  8816 D OPM     : notifyPreloadResult com.binance.monitor, type: 2, success: true, res: 0
04-12 01:13:04.126  3590  8777 I OplusHansManager : FastFreeze enter, freeze uids: []
04-12 01:13:04.126  3590  8777 I OplusHansManager : enter FastFreezer, frontApp: 10512, frozen uids: [], important uids: {10295=input, 10296=exemptionFromFreezer-{10296}, 10397=vpn}, reason: osense
04-12 01:13:04.126  3590  8311 I AppSnapshotController: attachStartingWindow, win = Window{4d736a0 u0 Splash Screen com.binance.monitor}, shouldAppSnapshot = false
04-12 01:13:04.126  3590  8311 D ActivityTaskManager: attachStartingWindow: mStartingData=SplashScreenStartingData{83dbe1e removeAfterTransaction= 0}, mAssociatedTask=null, mStartingWindow=Window{4d736a0 u0 Splash Screen com.binance.monitor}
04-12 01:13:04.126  3590  8311 D WindowManager: attachImeScreenshotOnTargetIfNeeded, mImeHiding = false, requestedVisibleTypes = -9
04-12 01:13:04.127  3590  8311 I WindowManager: addWindow: New client android.os.BinderProxy@e2513a3 : window=Window{4d736a0 u0 Splash Screen com.binance.monitor}
04-12 01:13:04.127  3590  8311 D FlexibleTaskController: isFullToFlexibleAnimating: false
04-12 01:13:04.127  3590  3872 D OplusFeatureDMR[display=0]: onConfigChanged threadId=70 threadName=OplusDisplayWorkHandler physicalDisplayId=4630946685746860179 modeId=0  
04-12 01:13:04.127  3590  8311 D WindowManager: rotation(ROTATION_0) no changed  displayId = 0, lastOrientation = 1
04-12 01:13:04.127  8338  8423 D ShellStartingWindow: inconsize = 560
04-12 01:13:04.127  3590  3796 D InsetsSourceProvider: updateSourceFrameForServerVisibility mandatorySystemGestures EMPTY_RECT
04-12 01:13:04.127  3590  3795 D DisplayManagerServiceExtImpl: scheduleTraversalLocked intraversal=false
04-12 01:13:04.128  3590  3796 D InsetsSourceProvider: updateSourceFrameForServerVisibility mandatorySystemGestures EMPTY_RECT
04-12 01:13:04.128  3590  3796 D DisplayModeDirector: setAppRequest displayId : 0  modeId: 1  requestedRefreshRate: 0.0  requestedMinRefreshRateRange: 0.0  requestedMaxRefreshRateRange: 120.00001
04-12 01:13:04.128  3590  3796 D DisplayManagerService: performTraversalInternal pendingTraversal
04-12 01:13:04.128  3590  3796 D DisplayDevice: setLayerStackLocked id=local:4630946685746860179 token=android.os.BinderProxy@fdd71ea stack=0->0
04-12 01:13:04.128  3590  3875 D LocalDisplayAdapter: setDesiredDisplayModeSpecsAsync: display unique id = local:4630946685746860179, display mode specs = defaultMode=0 allowGroupSwitching=false primaryRanges=physical: (120.0 120.00001) render:  (120.0 120.00001) appRequestRanges=physical: (120.0 120.00001) render:  (120.0 120.00001) idleScreenRefreshRate=null
04-12 01:13:04.128  8338  8422 D ViewRootImplExtImpl: onDisplayChanged -1 for VRI android.view.ViewRootImpl@51e931d
04-12 01:13:04.128  2399  3197 D SurfaceFlinger: VRR [SurfaceFlinger] setDesiredDisplayModeSpecs, from process 3590, 0, 0, primaryRanges = [ 120.000000, 120.000008, 120.000000, 120.000008 ], appRequestRanges = [ 120.000000, 120.000008, 120.000000 120.000008 ]
04-12 01:13:04.128  3590  7959 D BackgroundInstallControlService: Package event received: 0
04-12 01:13:04.130  3590  8311 W SurfaceFlingerPuller: Failed to pull atom 150134 from surfaceflinger. Success is 0, binder status is EX_NONE
04-12 01:13:04.130  2013  2036 E statsd  : Stats puller failed for tag: 150134 at 974799536282042
04-12 01:13:04.130  2013  2036 W statsd  : StatsPullerManager: Unknown tagId 150146
04-12 01:13:04.130  2013  2036 E statsd  : Stats puller failed for tag: 150146 at 974799536282042
04-12 01:13:04.130  3590  3795 D ActivityManager: Async freezing 23510 com.tencent.soter.soterserver
04-12 01:13:04.130  3590  7380 I VibrationEffectConvertor: onInputMethodListUpdated received, info.size = 3
04-12 01:13:04.130  3590  3795 D DisplayManagerService: MSG_REQUEST_TRAVERSAL pendingCompleted=false
04-12 01:13:04.130  3590  7380 I VibrationEffectConvertor: userid = 0, packageName = com.sohu.inputmethod.sogou
04-12 01:13:04.130  3590  7380 I VibrationEffectConvertor: userid = 0, packageName = com.baidu.input_oppo
04-12 01:13:04.130  3590  7380 I VibrationEffectConvertor: userid = 0, packageName = com.oplus.securitykeyboard
04-12 01:13:04.130  3590  3795 D DisplayManagerServiceExtImpl: scheduleTraversalLocked intraversal=false
04-12 01:13:04.131  3590  3795 D DisplayManagerService: MSG_REQUEST_TRAVERSAL pendingCompleted=false
04-12 01:13:04.131  3590  3796 D InsetsSourceProvider: updateSourceFrameForServerVisibility mandatorySystemGestures EMPTY_RECT
04-12 01:13:04.131  3590  3796 D DisplayManagerService: performTraversalInternal pendingTraversal
04-12 01:13:04.131  3590  3796 D DisplayDevice: setLayerStackLocked id=local:4630946685746860179 token=android.os.BinderProxy@fdd71ea stack=0->0
04-12 01:13:04.131  3590  8777 I OplusHansManager : onUidActive() update stay time, uid=10512, pkgName=com.binance.monitor, U stay=137
04-12 01:13:04.131  8337  9773 V OsAgent : broadcastSystemEvent - 7
04-12 01:13:04.131  3590  3875 D LocalDisplayAdapter: setDesiredDisplayModeSpecsAsync: display unique id = local:4630946685746860179, display mode specs = defaultMode=0 allowGroupSwitching=false primaryRanges=physical: (0.0 120.0) render:  (0.0 120.0) appRequestRanges=physical: (0.0 120.0) render:  (0.0 120.0) idleScreenRefreshRate=null
04-12 01:13:04.131  3590  3796 D InsetsSourceProvider: updateSourceFrameForServerVisibility mandatorySystemGestures EMPTY_RECT
04-12 01:13:04.131  2399  3197 D SurfaceFlinger: VRR [SurfaceFlinger] setDesiredDisplayModeSpecs, from process 3590, 0, 0, primaryRanges = [ 0.000000, 120.000000, 0.000000, 120.000000 ], appRequestRanges = [ 0.000000, 120.000000, 0.000000 120.000000 ]
04-12 01:13:04.131  2399  2399 I RefreshRateSelector: Display 4630946685746860179 policy changed
04-12 01:13:04.131  2399  2399 I RefreshRateSelector: Previous: {defaultModeId=0, allowGroupSwitching=false, primaryRanges={physical=[120.00 Hz, 120.00 Hz], render=[120.00 Hz, 120.00 Hz]}, appRequestRanges={physical=[120.00 Hz, 120.00 Hz], render=[120.00 Hz, 120.00 Hz]} idleScreenConfig=nullptr}
04-12 01:13:04.131  2399  2399 I RefreshRateSelector: Current:  DisplayManagerPolicy{defaultModeId=0, allowGroupSwitching=false, primaryRanges={physical=[0.00 Hz, 120.00 Hz], render=[0.00 Hz, 120.00 Hz]}, appRequestRanges={physical=[0.00 Hz, 120.00 Hz], render=[0.00 Hz, 120.00 Hz]} idleScreenConfig=nullptr}
04-12 01:13:04.131  2399  2399 I RefreshRateSelector: 0 mode changes were performed under the previous policy
04-12 01:13:04.131  2399  2399 D SurfaceFlinger: VRR [SurfaceFlinger] applyRefreshRateSelectorPolicy: 0 (120.00 Hz), policy: {defaultModeId=0, allowGroupSwitching=false, primaryRanges={physical=[0.00 Hz, 120.00 Hz], render=[0.00 Hz, 120.00 Hz]}, appRequestRanges={physical=[0.00 Hz, 120.00 Hz], render=[0.00 Hz, 120.00 Hz]} idleScreenConfig=nullptr}
04-12 01:13:04.131  2399  2399 D SurfaceFlinger: VRR [SurfaceFlinger] setDesiredActiveMode: displayId: 4630946685746860179, renderRate: 120, vsyncRate: 120, event: 1
04-12 01:13:04.131  2399  2399 D DisplayModeController: setDesiredMode 4630946685746860179 {mode={fps=120.00 Hz, modePtr={id=0, vsyncRate=120.00 Hz, peakRefreshRate=120.00 Hz}}, emitEvent=true, force=false}
04-12 01:13:04.131  2399  3162 D VRR [OTI]: handleIdle from 0 to 0
04-12 01:13:04.131  2399  3162 D VRR [OTI-HW]: isStateReady 0
04-12 01:13:04.131  2399  3162 D VRR [OTI-HW]: keep rate.
04-12 01:13:04.131  3590  3872 D OplusFeatureDMR[display=0]: onConfigChanged threadId=70 threadName=OplusDisplayWorkHandler physicalDisplayId=4630946685746860179 modeId=0  
04-12 01:13:04.132  2399  2399 I BpBinder: onLastStrongRef automatically unlinking death recipients: 
04-12 01:13:04.132  2399  2399 I VRR [AVT]: setFrameRate with [0, oti-adfr]
04-12 01:13:04.132  2399  2399 D VRR-[OPlusVSyncReactor]: Set Avt Period and update immediately with period 0.
04-12 01:13:04.132  2399  2399 I VRR-[OPlusRefreshRateSelector]: updateDispTePeriod magic_mode: 5a878000, fps: 120
04-12 01:13:04.132  2181  2181 I SDM     : HWDeviceDRM::OPlusGetHighPrecisionFps: VRR +  OPlusGetHighPrecisionFps: 8880128
04-12 01:13:04.132  2181  2181 I SDM     : DisplayBuiltIn::SetQSyncMode: VRR + update qsync mode 0 high_precision_fps 00878000
04-12 01:13:04.132  2013  2036 E statsd  : Predicate 1508000004 dropping data for dimension key (100234)0x10000->10512[I] 
04-12 01:13:04.132  2181  2437 E SDM     : DRMConnector::Perform: Connector 68: Setting Qsync min fps 12714112
04-12 01:13:04.132  2181  2437 I SDM     : HWDeviceDRM::OPlusGetHighPrecisionFps: VRR +  OPlusGetHighPrecisionFps: 8880128
04-12 01:13:04.132  2181  2437 I SDM     : HWDeviceDRM::OPlusGetHighPrecisionFps: VRR +  OPlusGetHighPrecisionFps: 8880128
04-12 01:13:04.132  2181  2437 E SDM     : DRMConnector::Perform: Connector 68: Setting high_precision_fps 8880128
04-12 01:13:04.133  2014  2014 D Zygote  : Forked child process 31147
04-12 01:13:04.133  3590  3837 I ActivityManager: Start proc 31147:com.binance.monitor/u0a512 for next-top-activity {com.binance.monitor/com.binance.monitor.ui.main.MainActivity}
04-12 01:13:04.133  3590  3793 I ActivityManager: ProcessObserver broadcast disabled
04-12 01:13:04.133  3590 31148 W ContextImpl: Calling a method in the system process without a qualified user: android.app.ContextImpl.sendBroadcast:1281 com.qualcomm.qti.Performance$SendGameLaunchBroadcast.run:292 java.lang.Thread.run:1119 <bottom of call stack> <bottom of call stack> 
04-12 01:13:04.133  3590  3837 W ContextImpl: Calling a method in the system process without a qualified user: android.app.ContextImpl.sendBroadcast:1281 com.android.server.am.OplusAppStartupConfig.sendAbnormalNotify:2301 com.android.server.am.OplusAppStartupConfig.notifyAbnormalInfo:2234 com.android.server.am.OplusAppStartupManager.handleStartAppInfo:5824 com.android.server.am.ProcessListExtImpl.hookHandleProcessStart:338 
04-12 01:13:04.134  3590  8480 I OPM     : handleProcessStart : ProcessRecord{d18bea5 31147:com.binance.monitor/u0a512}
04-12 01:13:04.134  3590  9766 I OStatsManager_OplusBatteryStatsManager: updateStateTime: PkgName = com.binance.monitor, uid = 10512, state to bg, mForegroundCnt = 0, isFg = false
04-12 01:13:04.134  3590  7167 I MemoryOperationUtils: add 31147 to com.binance.monitor
04-12 01:13:04.134  8338  8422 E OplusBracketLog: [OplusViewMirrorManager] updateHostViewRootIfNeeded, not support android.view.ViewRootImpl@51e931d
04-12 01:13:04.135  3590  3844 V GrammaticalInflectionUtils: AttributionSource: android.content.AttributionSource@59931feb does not have READ_SYSTEM_GRAMMATICAL_GENDER permission.
04-12 01:13:04.135  3590  3844 D CompatChangeReporter: Compat change id reported: 151861875; UID 10255; state: ENABLED
04-12 01:13:04.135  8338  8422 D ViewRootImplExtImpl: wrapConfigInfoIntoFlags rotation=0, smallestScreenWidthDp=0, residentWS=false, scenario=0, bounds=Rect(0, 0 - 1264, 2780), relayoutAsync=false, flags=0, newFlags=1457520640, title=Splash Screen com.binance.monitor
04-12 01:13:04.135  3590  8311 D CoreBackPreview: Window{4d736a0 u0 Splash Screen com.binance.monitor}: Setting back callback OnBackInvokedCallbackInfo{mCallback=android.window.IOnBackInvokedCallback$Stub$Proxy@fcc47f5, mPriority=0, mIsAnimationCallback=false, mOverrideBehavior=0}
04-12 01:13:04.135  3590  7162 V WindowManager: Relayout Window{4d736a0 u0 Splash Screen com.binance.monitor}: viewVisibility=0, oldvis=0, req=1264x2780 , apr = 0, vsysui=, x=0, y=0
04-12 01:13:04.135  3590  7162 I WindowManager: Window{4d736a0 u0 Splash Screen com.binance.monitor} state from NO_SURFACE to DRAW_PENDING; reason: resetDrawState
04-12 01:13:04.136  3590  7162 D InsetsSourceProvider: updateSourceFrameForServerVisibility mandatorySystemGestures EMPTY_RECT
04-12 01:13:04.136  3590  7162 D InsetsSourceProvider: updateSourceFrameForServerVisibility mandatorySystemGestures EMPTY_RECT
04-12 01:13:04.136  3590  7162 D WindowManager: NFW_findFocusedWindowIfNeeded:null mCurrentFocus:Window{763c9b2 u0 com.android.launcher/com.android.launcher.Launcher}
04-12 01:13:04.136  3590  7162 V WindowManager: Changing focus from Window{763c9b2 u0 com.android.launcher/com.android.launcher.Launcher} to null,diplayid=0
