04-11 13:08:42.966 I/OplusAppSwitchManagerService( 3590): appswitch registerAppSwitchObserver pName = com@@coloros@@codebook_180509589 observer = com.oplus.app.IOplusAppSwitchObserver$Stub$Proxy@641620e config = OplusAppSwitchConfig = {  observerFingerPrint = 184302656}
04-11 13:08:42.966 I/OplusAppSwitchStateDispatcher( 3590): registerAppSwitchObserver addDynamicListener OK, info = OplusAppSwitchRuleInfo = {  observer = com.oplus.app.IOplusAppSwitchObserver$Stub$Proxy@641620e observerFingerPrint = 184302656} rule size =2
04-11 13:08:42.966 D/OplusAppSwitchManager(30174): observer =  mDefaultMatchActivity = false mDefaultMatchApp false
04-11 13:08:42.966 I/OplusKeyEventManager(30174): start registerKeyEventObserver, pkg: com.coloros.codebook
04-11 13:08:42.966 I/KEYLOG_OplusKeyEventUtil( 3590): registerKeyEventObserver, observerFingerPrint: 21059449com.coloros.codebook30174, listenFlag: 0
04-11 13:08:42.966 D/AutoFillLog.CommonUtil(30174): registerKeyListener -> true, listener:com.oplus.autofill.ui.listener.OnKeyEventListener@1415779
04-11 13:08:42.967 D/AutoFillLog.DeviceAuthenUtil(30174): the device current secure state is true
04-11 13:08:42.967 I/MSP-LOG-SDK-KeyPath(30174): onExecute, id=146d511045e04e76a0cbea89ae8ec165, method=isLogin
04-11 13:08:42.967 I/MSP-LOG-SDK-SdkConfigImpl(30174): do compatible app
04-11 13:08:42.967 I/userCenterIpc(30174): ipc data cache
04-11 13:08:42.967 I/MSP-LOG-SDK-KeyPath(30174): onCallback, id=146d511045e04e76a0cbea89ae8ec165, method=isLogin, code=0, msg=account isLogin success
04-11 13:08:42.967 I/MSP-LOG-SDK-KeyPath(30174): onUseApp, id=146d511045e04e76a0cbea89ae8ec165, method=isLogin, useApp=false
04-11 13:08:42.967 D/AutoFillLog.CommonUtil(30174): not needGuide
04-11 13:08:42.968 D/AutoFillLog.OriginalAutoFillImpl(30174): no rule
04-11 13:08:42.968 D/AutoFillLog.AutofillContentHelper(30174): focusedId= 1073741829@1722112550, mLastFocuseId= null, fillContexts size= 1
04-11 13:08:42.968 D/AutoFillLog.AutofillContentHelper(30174): parsing fillContext, android.service.autofill.FillContext@e12ff34
04-11 13:08:42.968 D/AutoFillLog.AutofillContentHelper(30174): getAssistStructureFlags : 0
04-11 13:08:42.968 D/AutoFillLog.AutofillContentHelper(30174): parsing windowNode, com.binance.monitor/com.binance.monitor.ui.account.AccountStatsBridgeActivity importance:0
04-11 13:08:42.968 D/AutoFillLog.AutofillContentHelper(30174): parseViewNode: focusNode: android.app.assist.AssistStructure$ViewNode@e10b15d, focusNodeLeft: 42, focusNodeTop: 10840  viewTop:323
04-11 13:08:42.968 D/AutoFillLog.AutoFillContentType(30174): getContentType start node pos=Rect(42, 10840 - 527, 10980), hint=开始日期, id=1073741829@1722112550
04-11 13:08:42.968 D/AutoFillLog.AutoFillContentType(30174): getContentType word:开始日期, type:
04-11 13:08:42.968 D/AutoFillLog.OriginalAutoFillImpl(30174): get currentInputType from hint:
04-11 13:08:42.968 D/AutoFillLog.LocalRuleManager(30174): start activityInBlackList, classname:com.binance.monitor.ui.account.AccountStatsBridgeActivity, isFromSms:false
04-11 13:08:42.969 D/AutoFillLog.LocalRuleManager(30174): start activityInSceneList
04-11 13:08:42.969 D/AutoFillLog.LocalRuleManager(30174): activityInWhiteList start
04-11 13:08:42.969 D/AutoFillLog.LocalRuleManager(30174): activityInWhiteList is not white
04-11 13:08:42.969 E/AutoFillLog.OriginalAutoFillImpl(30174): current activity is not scene or white,return!!!
04-11 13:08:42.969 D/AutoFillLog.AccessibilityUtil(30174): stopA11yServiceIfNeed
04-11 13:08:42.969 D/AutoFillLog.AccessibilityUtil(30174): stopA11yServiceIfNeed, enabledServices:[]
04-11 13:08:42.969 D/AutoFillLog.AccessibilityUtil(30174): stopA11yServiceIfNeed, no need stop
04-11 13:08:42.971 E/FileStrategy(14596): java.io.IOException: Read-only file system
04-11 13:08:42.971 I/NLogWriter(14596): loganProtocolStatus: clogan_open,-2010
04-11 13:08:42.973 E/FileStrategy(14596): java.io.IOException: Read-only file system
04-11 13:08:42.974 E/KeymasterUtils( 1311): IKMHal_sendCmd failed with rsp_header->status: -28
04-11 13:08:42.974 E/KeyMasterHalDevice( 1311): abort_operation
04-11 13:08:42.974 E/KeyMasterHalDevice( 1311): ret: -28
04-11 13:08:42.975 E/KeymasterUtils( 1311): IKMHal_sendCmd failed with rsp_header->status: -28
04-11 13:08:42.975 D/AutoFillLog.Belong(30174): mBaseInfo: w4PFNssUhIPA1J4F
04-11 13:08:42.975 D/AutoFillLog.Belong(30174): peqxXvwscNDxRrD+1y/omf+VJ9gVNAyndEkfwj7syY+MmTUZeXWDPyiTg+DgsozQGxZaznFRPY5Z
04-11 13:08:42.975 D/AutoFillLog.Belong(30174): 7Zx+9e/MbGKzf1RKz7d3CcMF925IZZDtuUI9PAI0u0pcOzfs3M9MwyLElxWOWnMkb0MAk4oGIifY
04-11 13:08:42.975 D/AutoFillLog.Belong(30174): B0dPohlv0+2ttC/fZTqXg8qTBKPt6qON4PuUONUXyDYghqWk+7mv1yj8OYNGyQUT3jUUAuVrU94e
04-11 13:08:42.975 D/AutoFillLog.Belong(30174): Iaz8jVwS99oZujaSCmESxf7yc/bs4lfNTh+fgdka8KtohFQXRCiqhbeVliWRLKVKwPaXC3J+oJGU
04-11 13:08:42.975 D/AutoFillLog.Belong(30174): Vpb70YF+A+chpR4rmPrdq2tO5iV87x7gsO/gG4vgfWsenaD+ji6PFNkNUIrJCikfE/2ntc9wDW3w
04-11 13:08:42.975 D/AutoFillLog.Belong(30174): Z30Ozy4Xw5MCJIw4uNWitcqOIlgJNiM2oj1Y7SRDAl2354KJa9EXPOedh69gln+KjaHasst4Xx2U
04-11 13:08:42.975 D/AutoFillLog.Belong(30174): TNTlIyMeG73e+lPc+7+KjNceONNlyhoFWBUCEeQbeAMhABAL5CwM3r/pZ5lc/CCrTwhcMyAhFwu0
04-11 13:08:42.975 D/AutoFillLog.Belong(30174): HpSKTHie7jxueWt+dmKqpjRdXdXDNB85W5712Oc6ueZYezFQs9BMCG6R/3rwmbwSw4at/MLsU7cz
04-11 13:08:42.975 D/AutoFillLog.Belong(30174): /S0QVsLb5/OCyIS+VY5REn5JxmwJ1HwXleOTAOoAPC3NldnkjGgveZZDSTAd/SH6/bZfGCAVKPU7
04-11 13:08:42.975 D/AutoFillLog.Belong(30174): ilPfSA51Gplthly8HF71EYZwIQ0NY1Vj7nFXORx2izeKJPAx5rWL0wxLPgbA+ABx8oJ2yLXJOLjZ
04-11 13:08:42.975 D/AutoFillLog.Belong(30174): E283GFx7eJKaAZNAk1k31bIIYMSzLK5IjmWjJUwyUhFOg9seGFZDZEG05lXndiuPuOQ7Bw9n8P3J
04-11 13:08:42.975 D/AutoFillLog.Belong(30174): Hz04VHBZahEzjkQjykHzklJIFJmdMDoY9ALCy5o3ccPXJhCTEbJjU9yIkQB4+0JAOHbp6h75ojE5
04-11 13:08:42.975 D/AutoFillLog.Belong(30174): rTDdmZFp8peCgjMp0xavAa2xgpW4w6Js/6QqT/paoXpBKvfh1CI4z8bcyz+ZkuzmVQMonUjfio7C
04-11 13:08:42.975 D/AutoFillLog.Belong(30174): uYHVFSpc+SlMSbqGT9EOmQX6k57dT1cPmPf9eWnWKZvQSgS8wRptNW8SwkwrVxQ+UvmippVmEqO2
04-11 13:08:42.975 D/AutoFillLog.Belong(30174): GgZcbU2nWZ8VFwJA1QsyIhoCws5Z9TwlfporHcmIDo69UE7JVBrDV0TA84t1vHACHMP4nYlhwH+D
04-11 13:08:42.975 D/AutoFillLog.Belong(30174): IDV40CWgEhSlBlwroXkWpRlT6FwHQG7JmoaBASHtCa9iV49ig5oNmdJhNV/8EtHuwqfvol2iEkgH
04-11 13:08:42.975 D/AutoFillLog.Belong(30174): QrQvSGAokXWjC7+dPlu9bdJoywcQDmMBa5xSBCC237zJSoUsC4BECEloMaAzHF8YNoDoBq/Y1b7Z
04-11 13:08:42.975 D/AutoFillLog.Belong(30174): eMPkzhmPT1d99+UVw+JynO06+GnqgJ9QhEKEuH3e4yXoHdrpiknw2kE32TtiNBMOBSk=
04-11 13:08:42.975 D/AutoFillLog.Belong(30174): , BaseInfo{mName=BasicData{mValue='常', mCount='1', mCreateTime='1737981592696', mUpdateTime='1746888003557', mIsDefault='1', mBelong='null'}, mFirstName=null, mLastName=null, mGender=BasicData{mValue='null', mCount='0', mCreateTime='1737981592696', mUpdateTime='1737981592696', mIsDefault='0', mBelong='null'}, mBirthday=BasicData{mValue='null', mCount='0', mCreateTime='1737981592696', mUpdateTime='1737981592696', mIsDefault='0', mBelong='null'}, mIdCardNum=BasicData{mValue='null', mCount='0', mCreateTime='1737981592696', mUpdateTime='1737981592696', mIsDefault='0', mBelong='null'}, mIdCardValidity=BasicData{mValue='null', mCount='0', mCreateTime='1737981592696', mUpdateTime='1737981592696', mIsDefault='0', mBelong='null'}, mNationality=BasicData{mValue='null', mCount='0', mCreateTime='1737981592696', mUpdateTime='1737981592696', mIsDefault='0', mBelong='null'}}, mBelong:常
04-11 13:08:42.975 E/KeyMasterHalDevice( 1311): abort_operation
04-11 13:08:42.975 E/KeyMasterHalDevice( 1311): ret: -28
04-11 13:08:42.987 E/KeymasterUtils( 1311): IKMHal_sendCmd failed with rsp_header->status: -28
04-11 13:08:42.987 E/KeyMasterHalDevice( 1311): abort_operation
04-11 13:08:42.987 E/KeyMasterHalDevice( 1311): ret: -28
04-11 13:08:42.987 D/AutoFillLog.Belong(30174): mPhones: D+BTVsLxeCJY7F3S
04-11 13:08:42.987 D/AutoFillLog.Belong(30174): Pm3jO9hh0AgWQLeMjdph1EArb2yXQvfbgaP5YfFliIjeoHYKRddY3Do97v80A0KuzfgxGkwR+aXi
04-11 13:08:42.987 D/AutoFillLog.Belong(30174): kPZY8KnsHfnm86AWG4q1Rj+m+tof+mLYQ6QRuQjD27vYmYpEWm5yYZq8HLsM2Gs0xv5FAukVyD7M
04-11 13:08:42.987 D/AutoFillLog.Belong(30174): vvgGK7szErW+Zw6yFrJG/UiLwoLyF2NydO/ebNxkLjSSx0a6q7uOS+c19fN6jE2wpU13ngbGVDJw
04-11 13:08:42.987 D/AutoFillLog.Belong(30174): bqkN4BUxEJgGXUQNAELLH9wBaA==
04-11 13:08:42.987 D/AutoFillLog.Belong(30174): , [Phone{mValue='17710307783'}]
04-11 13:08:42.988 D/libc-netbsd(30174): [oplusDnsOpenProxy]: __netdClientDispatch.connect errno = 111
04-11 13:08:42.989 D/NetworkService[1](14034): getIfIndexByNetid netId:255,ifName:tun0,ifIndex:97
04-11 13:08:42.989 D/NetworkService[0](14034): getIfIndexByNetid netId:255,ifName:tun0,ifIndex:97
04-11 13:08:42.990 I/GoLog   (18198): from udp:127.0.0.1:44493 accepted udp:139.199.214.202:123 [socks -> direct]
04-11 13:08:42.997 E/KeymasterUtils( 1311): IKMHal_sendCmd failed with rsp_header->status: -28
04-11 13:08:42.997 E/KeyMasterHalDevice( 1311): abort_operation
04-11 13:08:42.997 E/KeyMasterHalDevice( 1311): ret: -28
04-11 13:08:43.009 E/KeymasterUtils( 1311): IKMHal_sendCmd failed with rsp_header->status: -28
04-11 13:08:43.009 E/KeyMasterHalDevice( 1311): abort_operation
04-11 13:08:43.009 E/KeyMasterHalDevice( 1311): ret: -28
04-11 13:08:43.018 I/SmartDataSwitchStateManager(13839): handle message:7
04-11 13:08:43.019 I/SmartDataSwitchSM(13839): [DisableState]Handle msg: 2
04-11 13:08:43.019 I/SmartDataSwitchSM(13839): [DisableState]handle state change, reason:DataScoreLow
04-11 13:08:43.021 E/KeymasterUtils( 1311): IKMHal_sendCmd failed with rsp_header->status: -28
04-11 13:08:43.021 E/KeyMasterHalDevice( 1311): abort_operation
04-11 13:08:43.021 E/KeyMasterHalDevice( 1311): ret: -28
04-11 13:08:43.021 D/QmiClient( 3438): qmiServiceEventCallback recv msg id 47
04-11 13:08:43.021 D/QmiClient( 3438): enter -mServiceType 10 onQmiServiceEventCallback msgId 47
04-11 13:08:43.021 D/QmiClient( 3438): onQmiServiceEventCallback - enter. msgId=47
04-11 13:08:43.021 D/OttProxy( 3438): handleMessage msg is 3001
04-11 13:08:43.021 D/SubsysRadioIndication[1](14034): radioLinkLatencyInfoInd
04-11 13:08:43.021 D/SubsysRadioIndication[1](14034): notify enter
04-11 13:08:43.021 D/NetworkService[1](14034): handleMessage what:1008
04-11 13:08:43.021 D/NetworkService[1](14034): EVENT_REG_LINK_LATENCY_INFO_CHANGE ulLatency:9491
04-11 13:08:43.023 I/SDM     ( 2181): DisplayBuiltIn::IdlePowerCollapse: IPC received, disabling partial update for one frame
04-11 13:08:43.032 E/KeymasterUtils( 1311): IKMHal_sendCmd failed with rsp_header->status: -28
04-11 13:08:43.032 E/KeyMasterHalDevice( 1311): abort_operation
04-11 13:08:43.032 E/KeyMasterHalDevice( 1311): ret: -28
04-11 13:08:43.038 I/sensors-hal( 2113): handle_oplus_wise_rgb_event:161, wise_rgb: (9126)(cct, lux, ir)[6203.64, 140.09, 55.215340] (r, g, b, c)[6518.43, 4456.42, 2856.45, 12469.26]                 (pwm, hbm, brl, algo)[0.0 0.0 1309.0 2.0], flag 102211
04-11 13:08:43.038 D/FusionLightNextGen( 3590): process end reported = 1, mode: 0, cnt: 406105, lux 89.3, cct 6919.4, r/g/b/c: 6498.5/4436.6/2834.4/12459.9, R/G/B: 149.0/143.0/127.0, bri 1309.0, match 1.00, ir 0.067907, conf 5.0, ts 931338245407335
04-11 13:08:43.042 E/KeymasterUtils( 1311): IKMHal_sendCmd failed with rsp_header->status: -28
04-11 13:08:43.042 E/KeyMasterHalDevice( 1311): abort_operation
04-11 13:08:43.042 E/KeyMasterHalDevice( 1311): ret: -28
04-11 13:08:43.054 E/KeymasterUtils( 1311): IKMHal_sendCmd failed with rsp_header->status: -28
04-11 13:08:43.054 E/KeyMasterHalDevice( 1311): abort_operation
04-11 13:08:43.054 E/KeyMasterHalDevice( 1311): ret: -28
04-11 13:08:43.064 E/KeymasterUtils( 1311): IKMHal_sendCmd failed with rsp_header->status: -28
04-11 13:08:43.064 E/KeyMasterHalDevice( 1311): abort_operation
04-11 13:08:43.064 E/KeyMasterHalDevice( 1311): ret: -28
04-11 13:08:43.074 E/KeymasterUtils( 1311): IKMHal_sendCmd failed with rsp_header->status: -28
04-11 13:08:43.074 E/KeyMasterHalDevice( 1311): abort_operation
04-11 13:08:43.074 E/KeyMasterHalDevice( 1311): ret: -28
04-11 13:08:43.083 D/AutoFillLog.AutoFillRepository(30174): queryAllBelongs 466258342 , 1
04-11 13:08:43.083 E/KeymasterUtils( 1311): IKMHal_sendCmd failed with rsp_header->status: -28
04-11 13:08:43.083 E/KeyMasterHalDevice( 1311): abort_operation
04-11 13:08:43.083 E/KeyMasterHalDevice( 1311): ret: -28
04-11 13:08:43.083 D/AutoFillLog.AutoFillRepository(30174): queryAllBelongs [Belong{mBelong='常'mSsoid='466258342', mBaseInfo=BaseInfo{mName=BasicData{mValue='常', mCount='1', mCreateTime='1737981592696', mUpdateTime='1746888003557', mIsDefault='1', mBelong='null'}, mFirstName=null, mLastName=null, mGender=BasicData{mValue='null', mCount='0', mCreateTime='1737981592696', mUpdateTime='1737981592696', mIsDefault='0', mBelong='null'}, mBirthday=BasicData{mValue='null', mCount='0', mCreateTime='1737981592696', mUpdateTime='1737981592696', mIsDefault='0', mBelong='null'}, mIdCardNum=BasicData{mValue='null', mCount='0', mCreateTime='1737981592696', mUpdateTime='1737981592696', mIsDefault='0', mBelong='null'}, mIdCardValidity=BasicData{mValue='null', mCount='0', mCreateTime='1737981592696', mUpdateTime='1737981592696', mIsDefault='0', mBelong='null'}, mNationality=BasicData{mValue='null', mCount='0', mCreateTime='1737981592696', mUpdateTime='1737981592696', mIsDefault='0', mBelong='null'}}, mPhones=[Phone{mValue='17710307783'}], mEmails=null, mAddresses=[Address{mValue='复兴路40号铁建大厦B座10层'}, Address{mValue='长兴路15号院1号楼2号门4层432（青年公寓）'}, Address{mValue='北京市丰台区中国铁建悦居项目'}], mDriverLicences=[], mCarLicences=[], mPassport=Passport{mPassportNum=BasicData{mValue='autofill_default_value1765709395677', mCount='0', mCreateTime='1765709395677', mUpdateTime='1765709395677', mIsDefault='0', mBelong='null'}, mPassportValidity=null, mPassportIssueAt=null}, mHkMacauPassport=HkMacauPassport{mHkMacauPassportNum=BasicData{mValue='autofill_default_value1765709395677', mCount='0', mCreateTime='1765709395677', mUpdateTime='1765709395677', mIsDefault='0', mBelong='null'}, mHkMacauPassportValidity=null, mHkMacauPassportIssueAt=null}, mBankCards=[], mTaxes=[], mCustoms=null}]
04-11 13:08:43.083 D/AutoFillLog.AutoFillDataManager(30174): initBelongs: find first default belong: 常
04-11 13:08:43.083 D/AutoFillLog.AutoFillDataManager(30174): initCombineDatas
04-11 13:08:43.083 D/AutoFillLog.SortHelper(30174): sortBelongs
04-11 13:08:43.083 D/AutoFillLog.AutoFillDataManager(30174): latch.countDown() finish!
04-11 13:08:43.129 D/AppSenseConfig(14034): getIgnoreAppList: [com.android.launcher, com.android.contacts, com.oplus.wirelesssettings, com.coloros.alarmclock, com.coloros.calculator, com.coloros.calendar, com.coloros.phonemanager, com.android.settings, com.android.phone, com.oplus.nas, com.oplus.nhs, com.oplus.appdetail, com.android.permissioncontroller, com.oplus.pscanvas, com.oplus.autotest.test.ctp, com.android.systemui, com.android.systemui.overlay.fingerprint.anim.fy, com.android.systemui.overlay.fingerprint.anim.qy, com.android.systemui.overlay.fingerprint.anim.sw, com.android.systemui.overlay.fingerprint.anim.xw, com.android.systemui.overlay.fingerprint.anim.ccyh, com.android.systemui.overlay.fingerprint.anim.halo, com.android.systemui.overlay.fingerprint.anim.jslz, com.android.systemui.overlay.fingerprint.anim.none, com.android.systemui.overlay.fingerprint.anim.xklc]
04-11 13:08:43.129 D/AppSenseConfig(14034): getIgnoreAppList: [com.android.launcher, com.android.contacts, com.oplus.wirelesssettings, com.coloros.alarmclock, com.coloros.calculator, com.coloros.calendar, com.coloros.phonemanager, com.android.settings, com.android.phone, com.oplus.nas, com.oplus.nhs, com.oplus.appdetail, com.android.permissioncontroller, com.oplus.pscanvas, com.oplus.autotest.test.ctp, com.android.systemui, com.android.systemui.overlay.fingerprint.anim.fy, com.android.systemui.overlay.fingerprint.anim.qy, com.android.systemui.overlay.fingerprint.anim.sw, com.android.systemui.overlay.fingerprint.anim.xw, com.android.systemui.overlay.fingerprint.anim.ccyh, com.android.systemui.overlay.fingerprint.anim.halo, com.android.systemui.overlay.fingerprint.anim.jslz, com.android.systemui.overlay.fingerprint.anim.none, com.android.systemui.overlay.fingerprint.anim.xklc]
04-11 13:08:43.129 D/AppSenseConfig(14034): getIgnoreAppList: [com.android.launcher, com.android.contacts, com.oplus.wirelesssettings, com.coloros.alarmclock, com.coloros.calculator, com.coloros.calendar, com.coloros.phonemanager, com.android.settings, com.android.phone, com.oplus.nas, com.oplus.nhs, com.oplus.appdetail, com.android.permissioncontroller, com.oplus.pscanvas, com.oplus.autotest.test.ctp, com.android.systemui, com.android.systemui.overlay.fingerprint.anim.fy, com.android.systemui.overlay.fingerprint.anim.qy, com.android.systemui.overlay.fingerprint.anim.sw, com.android.systemui.overlay.fingerprint.anim.xw, com.android.systemui.overlay.fingerprint.anim.ccyh, com.android.systemui.overlay.fingerprint.anim.halo, com.android.systemui.overlay.fingerprint.anim.jslz, com.android.systemui.overlay.fingerprint.anim.none, com.android.systemui.overlay.fingerprint.anim.xklc]
04-11 13:08:43.129 D/ActivityAdapter(14034): taskChange: pre: 2, cur: 1, changed:true
04-11 13:08:43.130 D/ActivityAdapter(14034): notifyActivityQuery: [com.binance.monitor; com.binance.monitor.ui.account.AccountStatsBridgeActivity; 1; COMMON; 10512]
04-11 13:08:43.130 D/OPlusFrontAppManager(14034): useAdapterResult, pkg=com.binance.monitor,activity=com.binance.monitor.ui.account.AccountStatsBridgeActivity,result=true
04-11 13:08:43.130 D/OPlusFrontAppManager(14034): decide -->> [com.binance.monitor; com.binance.monitor.ui.account.AccountStatsBridgeActivity; 1; COMMON; 10512]
04-11 13:08:43.130 D/ConferenceScene(14034): pkg:com.binance.monitor, activity:com.binance.monitor.ui.main.MainActivity, appSense:COMMON
04-11 13:08:43.132 I/SDM     ( 2181): DisplayBuiltIn::IdlePowerCollapse: IPC received, disabling partial update for one frame
04-11 13:08:43.183 E/CwbService( 2181): Panel not support apl read or getDisplayPanelAplValue timeout 10ms.
04-11 13:08:43.184 D/SensorFeature( 2258): name=ssc_screenshot_info ,index = 22
04-11 13:08:43.184 D/SensorFeature( 2258): write 39 bytes:931338570561078,931338586195609,36676,0
04-11 13:08:43.214 D/CommonApp-264-10512(14034): transport layer data is invalid
04-11 13:08:43.216 D/CommonApp-255-10512(14034): commonScoreStrategy scenarios 5 mdnsScore=0
04-11 13:08:43.216 D/CommonApp-255-10512(14034): notifyScoreChange appScene COMMON score 100
04-11 13:08:43.216 D/ScorePolicy(14034): handleScoreChanged: []
04-11 13:08:43.216 D/ScorePolicy(14034): handleScoreChanged: []
04-11 13:08:43.216 D/ScorePolicy(14034): handleScoreChanged: []
04-11 13:08:43.256 I/SDM     ( 2181): DisplayBuiltIn::IdlePowerCollapse: IPC received, disabling partial update for one frame
04-11 13:08:43.278 D/UlPriorityPolicyForeground(13839): match: config has not com.binance.monitor
04-11 13:08:43.294 I/sensors-hal( 2113): handle_oplus_wise_rgb_event:189, high_pwm_light:lux 133.9,cct 6053.6,brl/algo/ir 1309.0/2.0/56.4,pwm/dc 0.0/0.0,rgbc 6020.078125/4073.688232/2587.141602/11378.286133,ts 931338578791241,cnt 9130,flag 36676
04-11 13:08:43.294 I/sensors-hal( 2113): handle_oplus_wise_rgb_event:161, wise_rgb: (9131)(cct, lux, ir)[6053.61, 133.89, 56.359688] (r, g, b, c)[5967.75, 4034.09, 2556.24, 11294.36]                 (pwm, hbm, brl, algo)[0.0 0.0 1309.0 2.0], flag 102212
04-11 13:08:43.320 I/APS_ALOG(17904): flushRoutine g_immediateFlush=0 g_pendingCount=0 g_oobCount=0
04-11 13:08:43.344 I/SDM     ( 2181): DisplayBuiltIn::IdlePowerCollapse: IPC received, disabling partial update for one frame
04-11 13:08:43.444 I/SDM     ( 2181): DisplayBuiltIn::IdlePowerCollapse: IPC received, disabling partial update for one frame
04-11 13:08:43.451 W/ServiceManagerCppClient( 4482): Waited one second for SystemClearService (is service started? Number of threads started in the threadpool: 16. Are binder threads started and available?)
04-11 13:08:43.453 W/libc    ( 1254): Unable to set property "ctl.interface_start" to "aidl/SystemClearService": PROP_ERROR_HANDLE_CONTROL_MESSAGE (0x20)
04-11 13:08:43.474 D/OplusScrollToTopManager(30023): com.binance.monitor/com.binance.monitor.ui.main.MainActivity,This com.android.internal.policy.DecorView{112785d I.E...... R......D 0,0-1264,2780 aid=0 alpha=1.0 viewInfo = }[MainActivity] change focus to false
04-11 13:08:43.482 V/OCAM_Performance(17904): onOsenseEventSceneChanged, event: 112
04-11 13:08:43.483 V/OCAM_Performance(17904): onOsenseEventSceneChanged, [extra] startTime: 1775884123482
04-11 13:08:43.483 V/OCAM_Performance(17904): onOsenseEventSceneChanged, [extra] currentAvailmem: 2889
04-11 13:08:43.483 V/OCAM_Performance(17904): onOsenseEventSceneChanged, [extra] killTriggerMem: 2000
04-11 13:08:43.483 V/OCAM_Performance(17904): onOsenseEventSceneChanged, [extra] ioLevel: 1
04-11 13:08:43.483 D/OCAM_Performance(17904): onOsenseEventSceneChanged, pressure IO eventStateType: 2, startTime: 1775884123482, currentAvailmem: 2889, killTriggerMem: 2000, ioLevel: 1
04-11 13:08:43.483 E/CwbService( 2181): Panel not support apl read or getDisplayPanelAplValue timeout 10ms.
04-11 13:08:43.484 D/SensorFeature( 2258): name=ssc_screenshot_info ,index = 22
04-11 13:08:43.484 D/SensorFeature( 2258): write 39 bytes:931338875507571,931338886618682,36677,0
04-11 13:08:43.487 W/ServiceManagerCppClient( 4482): Waited one second for SystemClearService (is service started? Number of threads started in the threadpool: 16. Are binder threads started and available?)
04-11 13:08:43.488 W/libc    ( 1254): Unable to set property "ctl.interface_start" to "aidl/SystemClearService": PROP_ERROR_HANDLE_CONTROL_MESSAGE (0x20)
04-11 13:08:43.528 E/PERFHAL-PERFCTRL( 2187): PERFHAL-PERFCTRL: chk_core_online_poll_loop() 748: poll() has timed out for /sys/kernel/msm_performance/events/cpu_hotplug
04-11 13:08:43.528 E/PERFHAL-PERFCTRL( 2187): PERFHAL-PERFCTRL: chk_core_online_poll_loop() 743: Block on poll()
04-11 13:08:43.560 I/sensors-hal( 2113): handle_oplus_wise_rgb_event:161, wise_rgb: (9136)(cct, lux, ir)[5747.87, 120.61, 59.566608] (r, g, b, c)[5504.28, 3677.76, 2306.79, 10289.65]                 (pwm, hbm, brl, algo)[0.0 0.0 1309.0 2.0], flag 102213
04-11 13:08:43.623 D/QmiClient( 2727): qmiServiceEventCallback recv msg id 1099
04-11 13:08:43.623 D/QmiClient( 2727): enter -mServiceType 4 onQmiServiceEventCallback msgId 1099
04-11 13:08:43.624 D/QmiClient( 2727): onQmiServiceEventCallback - enter. msgId=1099
04-11 13:08:43.624 D/QmiVsClientEvent( 2727): QosPeriodReportInd MSG IND data_len 2052
04-11 13:08:43.624 D/QmiVsClientEvent( 2727): qmiVsClientNotifyQosPeriodReportIndEvent - RADIO_EVENT_QOS_PERIOD_REPORT_NOTIFY_IND
04-11 13:08:43.624 D/QmiClient( 3438): qmiServiceEventCallback recv msg id 1099
04-11 13:08:43.624 D/QmiClient( 3438): enter -mServiceType 4 onQmiServiceEventCallback msgId 1099
04-11 13:08:43.624 D/QmiClient( 3438): onQmiServiceEventCallback - enter. msgId=1099
04-11 13:08:43.624 D/QmiVsClientEvent( 3438): QosPeriodReportInd MSG IND data_len 2052
04-11 13:08:43.624 D/QmiVsClientEvent( 3438): qmiVsClientNotifyQosPeriodReportIndEvent - RADIO_EVENT_QOS_PERIOD_REPORT_NOTIFY_IND
04-11 13:08:43.624 D/VsProxy ( 2727): handleMessage msg is 2420
04-11 13:08:43.624 D/VsProxy ( 2727): handleQosPeriodReportInd for instance 0 data_len 145
04-11 13:08:43.624 D/VsProxy ( 3438): handleMessage msg is 2420
04-11 13:08:43.624 D/VsProxy ( 3438): handleQosPeriodReportInd for instance 1 data_len 209
04-11 13:08:43.625 D/SubsysRadioIndication[1](14034): radioQosPeriodReportInd result [8, -99, -10, -29, -49, 14, 18, 18, 8, -98, -11, -29, -49, 14, 16, 16, 32, -72, 36, 40, 16, 56, -92, 1, 72, 1, 26, 13, 8, -51, -13, -29, -49, 14, 16, 15, 40, 15, 56, -87, 47, 34, 12, 8, -116, -79, -35, -49, 14, 16, 4, 24, 1, 32, 3, 58, 83, 8, -62, -12, -29, -49, 14, 16, 5, 24, -98, -23, 30, 32, -54, 1, 40, -94, -1, -1, -1, -1, -1, -1, -1, -1, 1, 48, -13, -1, -1, -1, -1, -1, -1, -1, -1, 1, 56, 1, 64, -94, -1, -1, -1, -1, -1, -1, -1, -1, 1, 72, -94, -1, -1, -1, -1, -1, -1, -1, -1, 1, 80, -100, -1, -1, -1, -1, -1, -1, -1, -1, 1, 88, -96, -1, -1, -1, -1, -1, -1, -1, -1, 1, 66, 31, 8, -83, -79, -35, -49, 14, 16, 5, 24, 2, 34, 19, 8, -98, -23, 30, 16, -54, 1, 24, 41, 32, 13, 40, -126, -128, -52, -67, 21, 48, 2, 90, 0, 98, 10, 8, -98, -59, -47, -49, 14, 16, 3, 24, 5, 122, 20, 8, -82, -12, -29, -49, 14, 16, -1, -1, 1, 24, -1, -1, 1, 32, -1, -1, -1, -1, 15]
04-11 13:08:43.625 D/NetworkService[1](14034): handleMessage what:1005
04-11 13:08:43.625 D/RadioAtomTracker(14034): parseQosPeriodData ModemQos:CellularQosInfo1{5G, 504990/202, EndcState=2, Band=41, DLBW=13, Rsrp=-94, Rsrq=-13, Snr=1, SvcStatus=3, ULPDCPNumDataPdu=16, ULPDCPNumDropPdu=0, ULPDCPTput=4664, ULRLCNumDataPdu=16, ULRLCNumRetxPdu=0, ULGrant=164, ULBSR=0, ULBler=1, DLPDCPNumDataPdu=15, DLPDCPTput=6057, DLRLCNumDataPdu=15, DLRLCNumRetxPdu=0, DLRLCNumDropPdu=0, DLMACPaddingBytes=0, DLPdcpNumMissToUppPdu=0, DLBler=0, RlfCount=0, CellChangeCount=0, IsRedirectionOccur=0, IsDualSimConflict=0, Latency=9, Sub1RrcState=1, Sub2RrcState=3, RachCount=0, CalcPower=32767, Mtpl=32767, PathLoss=-1, CellLoad=0}
04-11 13:08:43.625 D/SubsysRadioIndication[0](14034): radioQosPeriodReportInd result [8, -99, -10, -29, -49, 14, 34, 12, 8, -116, -79, -35, -49, 14, 16, 4, 24, 1, 32, 3, 58, 61, 8, -81, -17, -29, -49, 14, 16, 5, 24, -64, -92, 38, 32, -22, 6, 40, -98, -1, -1, -1, -1, -1, -1, -1, -1, 1, 48, -10, -1, -1, -1, -1, -1, -1, -1, -1, 1, 56, 9, 64, -98, -1, -1, -1, -1, -1, -1, -1, -1, 1, 72, -106, -1, -1, -1, -1, -1, -1, -1, -1, 1, 66, 29, 8, -58, -2, -37, -49, 14, 16, 5, 34, 19, 8, -64, -92, 38, 16, -22, 6, 24, 78, 32, 13, 40, -117, -32, -94, -93, 2, 48, 2, 90, 0, 98, 10, 8, -95, -8, -37, -49, 14, 16, 3, 24, 5, 122, 15, 8, -109, -8, -37, -49, 14, 16, -18, 2, 24, -21, 1, 32, -60, 9]
04-11 13:08:43.626 D/NetworkService[1](14034): EVENT_REG_QOS_PERIOD_REPORT_IND_CHANGED ENTER
04-11 13:08:43.626 D/AtomModemKpiInfo(14034): handleMessage what:1001
04-11 13:08:43.626 D/AtomModemKpiInfo(14034): analyseQosInfo success
04-11 13:08:43.626 D/NetworkService[0](14034): handleMessage what:1005
04-11 13:08:43.626 D/RadioAtomTracker(14034): parseQosPeriodData ModemQos:CellularQosInfo2{5G, 627264/874, EndcState=0, Band=78, DLBW=13, Rsrp=-98, Rsrq=-10, Snr=9, SvcStatus=3, ULPDCPNumDataPdu=-1, ULPDCPNumDropPdu=-1, ULPDCPTput=-1, ULRLCNumDataPdu=-1, ULRLCNumRetxPdu=-1, ULGrant=-1, ULBSR=-1, ULBler=-1, DLPDCPNumDataPdu=-1, DLPDCPTput=-1, DLRLCNumDataPdu=-1, DLRLCNumRetxPdu=-1, DLRLCNumDropPdu=-1, DLMACPaddingBytes=-1, DLPdcpNumMissToUppPdu=-1, DLBler=-1, RlfCount=0, CellChangeCount=0, IsRedirectionOccur=0, IsDualSimConflict=0, Latency=0, Sub1RrcState=1, Sub2RrcState=3, RachCount=0, CalcPower=366, Mtpl=235, PathLoss=1220, CellLoad=0}
04-11 13:08:43.626 D/NetworkService[0](14034): EVENT_REG_QOS_PERIOD_REPORT_IND_CHANGED ENTER
04-11 13:08:43.626 D/AtomModemKpiInfo(14034): handleMessage what:1001
04-11 13:08:43.626 D/AtomModemKpiInfo(14034): analyseQosInfo success
04-11 13:08:43.656 I/SDM     ( 2181): DisplayBuiltIn::IdlePowerCollapse: IPC received, disabling partial update for one frame
04-11 13:08:43.725 D/BatteryChargeControl( 2280): bcc get no support from charging protocol
04-11 13:08:43.726 I/AICCTModule( 3590): SensorFilter: brightness threshold 1.2 screenNit is 87.884 ave enviroment lux is 76.03752 luxForNit 85.41696demarcationPoint200.0 result is false
04-11 13:08:43.726 I/AICCTModule( 3590): SensorFilter: findSecondNearestValue, sensorValue: 6988.275 nearestMaxValue:6919.3755 secondNearestValue: 6919.3755
04-11 13:08:43.726 I/AICCTModule( 3590): SensorFilter: findSecondNearestValue, sensorValue: 92.884056 nearestMaxValue:94.84449 secondNearestValue: 94.84449
04-11 13:08:43.793 D/OplusScrollToTopManager(30023): com.binance.monitor/com.binance.monitor.ui.account.AccountStatsBridgeActivity,This com.android.internal.policy.DecorView{56a55d8 V.E...... R....... 0,0-1264,2780 aid=1 alpha=1.0 viewInfo = }[AccountStatsBridgeActivity] change focus to true
04-11 13:08:43.794 I/Osense-BaseDecisionMaker( 3590): notifySceneToAthenaPolicy: SCENE_RES_IO_PSI, bundle: Bundle[{ioLevel=3}]
04-11 13:08:43.794 I/Osense-BaseDecisionMaker( 3590): scene: SCENE_RES_IO_PSI, excutingPolicy: reentrant
04-11 13:08:43.795 D/Osense-BaseDecisionMaker( 3590): invoke reentrant policy
04-11 13:08:43.795 V/OCAM_Performance(17904): onOsenseEventSceneChanged, event: 112
04-11 13:08:43.795 V/OCAM_Performance(17904): onOsenseEventSceneChanged, [extra] startTime: 1775884123794
04-11 13:08:43.795 V/OCAM_Performance(17904): onOsenseEventSceneChanged, [extra] currentAvailmem: 2887
04-11 13:08:43.795 V/OCAM_Performance(17904): onOsenseEventSceneChanged, [extra] killTriggerMem: 2000
04-11 13:08:43.795 V/OCAM_Performance(17904): onOsenseEventSceneChanged, [extra] ioLevel: 3
04-11 13:08:43.795 V/OCAM_Performance(17904): onOsenseEventSceneChanged, event: 104
04-11 13:08:43.795 V/OCAM_Performance(17904): onOsenseEventSceneChanged, [extra] startTime: 1775884123795
04-11 13:08:43.795 D/OCAM_Performance(17904): onOsenseEventSceneChanged, pressure IO eventStateType: 2, startTime: 1775884123794, currentAvailmem: 2887, killTriggerMem: 2000, ioLevel: 3
04-11 13:08:43.805 E/CwbService( 2181): Panel not support apl read or getDisplayPanelAplValue timeout 10ms.
04-11 13:08:43.806 D/SensorFeature( 2258): name=ssc_screenshot_info ,index = 22
04-11 13:08:43.806 D/SensorFeature( 2258): write 39 bytes:931339170300557,931339208246702,36678,0
04-11 13:08:43.826 I/sensors-hal( 2113): handle_oplus_wise_rgb_event:189, high_pwm_light:lux 114.2,cct 5576.8,brl/algo/ir 1309.0/2.0/61.0,pwm/dc 0.0/0.0,rgbc 5347.304199/3591.972412/2256.022949/10044.875000,ts 931339189344574,cnt 9140,flag 36678
04-11 13:08:43.827 I/sensors-hal( 2113): handle_oplus_wise_rgb_event:161, wise_rgb: (9141)(cct, lux, ir)[5576.79, 114.19, 60.971241] (r, g, b, c)[5339.83, 3583.17, 2249.40, 10030.89]                 (pwm, hbm, brl, algo)[0.0 0.0 1309.0 2.0], flag 102214
04-11 13:08:43.876 I/SDM     ( 2181): DisplayBuiltIn::IdlePowerCollapse: IPC received, disabling partial update for one frame
04-11 13:08:43.876 I/ChainTrace(30023): stream type=heartbeat gapMs=1060 refreshMarket=false
04-11 13:08:43.879 V/AlarmManager( 3590): sending alarm Alarm{8a6a67d type 1 origWhen 1775884123877 whenElapsed 931339291 android} uid 1000 whenElapsed 931339291 windowLength 0 maxWhenElapsed 931339291 repeatInterval 0 action null component null tag StorgaeBandInfoAlarmTag flags 0x9 procName system_server
04-11 13:08:43.879 D/BufferQueueConsumer( 9059): [ImageReader-1x1f22m6-9059-138](id:23630000069d,api:1,p:25587,c:9059) disconnect
04-11 13:08:43.879 E/OplusStorageUFSBandwidth( 3590): storage_io_metrics_path is /proc/oplus_storage/io_metrics/forever/
04-11 13:08:43.881 E/OplusStorageUFSBandwidth( 3590): Bandwidth - Read: 77.35 MB/s, Write: 1.00 MB/s
04-11 13:08:43.881 E/OplusStorageUFSBandwidth( 3590): Task time: 2ms
04-11 13:08:43.884 E/OplusStorageUFSBandwidth( 3590): Alarm set to trigger in 10 seconds
04-11 13:08:43.896 D/BufferQueueProducer( 9059): [ImageReader-1x1f22m6-9059-138](id:23630000069d,api:1,p:25587,c:9059) disconnect: api 1
04-11 13:08:43.897 E/BufferQueueProducer( 9059): [ImageReader-1x1f22m6-9059-138](id:23630000069d,api:1,p:25587,c:9059) query: BufferQueue has been abandoned
04-11 13:08:43.916 I/nt.mm:appbrand1(25587): System.exit called, status: 0
04-11 13:08:43.916 I/NativeImage(25587): [WxImageLoader] unregisterListener but not found. [magicadbrandservice-9059.883167982://res]
04-11 13:08:43.916 I/AndroidRuntime(25587): VM exiting with result code 0, cleanup skipped.
04-11 13:08:43.916 I/NativeImage(25587): [WxImageLoader] unregisterListener but not found. [wxfile://usr/download_9e39d208b29514c9_1]
04-11 13:08:43.916 I/NativeImage(25587): [WxImageLoader] unregisterListener but not found. [magicadbrandservice-9059.883167982://res]
04-11 13:08:43.916 I/NativeImage(25587): [WxImageLoader] unregisterListener but not found. [wxfile://usr/download_1e28e9426f705637_1]
04-11 13:08:43.916 I/NativeImage(25587): [WxImageLoader] unregisterListener but not found. [magicadbrandservice-9059.883167982://res]
04-11 13:08:43.916 I/NativeImage(25587): [WxImageLoader] unregisterListener but not found. [wxfile://usr/download_d85063d49f4815d_17]
04-11 13:08:43.916 I/NativeImage(25587): [WxImageLoader] unregisterListener but not found. [wxfile://usr/download_b2bb181977b77a85_1]
04-11 13:08:43.916 I/NativeImage(25587): [WxImageLoader] unregisterListener but not found. [magicadbrandservice-9059.883167982://res]
04-11 13:08:43.916 I/NativeImage(25587): [WxImageLoader] unregisterListener but not found. [wxfile://usr/download_ffd10e708dfc986a_1]
04-11 13:08:43.922 I/Process ( 9059): Sending signal. PID: 25587 SIG: 9
04-11 13:08:43.926 I/sensors-hal( 2113): handle_sns_std_sensor_event:114, oplus rgb_rear sample: (cct, lux, ir, x, y)[9503, 21, 205, 265, 329]
04-11 13:08:43.926 I/sensors-hal( 2113): handle_sns_std_sensor_event:116, oplus rgb_rear sample: (r, g, b, c w)[838, 1671, 350, 343, 0]
04-11 13:08:43.971 W/AS.PlaybackActivityMon( 3590): client died
04-11 13:08:43.972 I/ActivityManager( 3590): Death received, pid = 25587, processName = com.tencent.mm:appbrand1 for thread android.os.BinderProxy@f3268e8
04-11 13:08:43.972 D/ConnectivityService( 3590): releasing NetworkRequest [ REQUEST id=41091, [ Capabilities: INTERNET&NOT_RESTRICTED&TRUSTED&NOT_VCN_MANAGED&NOT_BANDWIDTH_CONSTRAINED Uid: 10345 RequestorUid: 10345 RequestorPkg: com.tencent.mm UnderlyingNetworks: Null] ] (release request)
04-11 13:08:43.972 D/SensorService( 3590): ~SensorEventConnection(0xb400006f960fe400)
04-11 13:08:43.972 D/SensorService( 3590): 15 active sensors
04-11 13:08:43.972 D/SensorService( 3590): 0: disabling handle=0x0000000b
04-11 13:08:43.972 D/SensorService( 3590): SensorDevice::activate: ident=0xb400006f960fe400, handle=0x0000000b, enabled=0, count=3
04-11 13:08:43.972 D/SensorService( 3590): disable index=0
04-11 13:08:43.972 D/SensorService( 3590): 	>>> actuating h/w batch 0x0000000b 20000000 2000000000
04-11 13:08:43.972 D/AidlBufferPool( 2200): bufferpool2 0xb400007a9bc8c4e8 : 0(0 size) total buffers - 0(0 size) used buffers - 0/10 (recycle/alloc) - 1/1 (fetch/transfer)
04-11 13:08:43.972 D/AidlBufferPool( 2200): Destruction - bufferpool2 0xb400007a9bc8c4e8 cached: 0/0M, 0/0% in use; allocs: 10, 0% recycled; transfers: 1, 0% unfetched
04-11 13:08:43.972 D/AidlBufferPool( 2200): bufferpool2 0xb400007a67241ce8 : 0(0 size) total buffers - 0(0 size) used buffers - 0/10 (recycle/alloc) - 1/1 (fetch/transfer)
04-11 13:08:43.972 D/AidlBufferPool( 2200): Destruction - bufferpool2 0xb400007a67241ce8 cached: 0/0M, 0/0% in use; allocs: 10, 0% recycled; transfers: 1, 0% unfetched
04-11 13:08:43.972 D/AidlBufferPool( 2200): bufferpool2 0xb400007a9bc897e8 : 0(0 size) total buffers - 0(0 size) used buffers - 0/10 (recycle/alloc) - 1/1 (fetch/transfer)
04-11 13:08:43.972 D/AidlBufferPool( 2200): Destruction - bufferpool2 0xb400007a9bc897e8 cached: 0/0M, 0/0% in use; allocs: 10, 0% recycled; transfers: 1, 0% unfetched
04-11 13:08:43.973 I/ActivityManager( 3590): Process com.tencent.mm:appbrand1 (pid 25587) has died: cch CACC
04-11 13:08:43.973 D/ConnectivityService( 3590): releasing NetworkRequest [ REQUEST id=41088, [ Capabilities: INTERNET&NOT_RESTRICTED&TRUSTED&NOT_VCN_MANAGED&NOT_BANDWIDTH_CONSTRAINED Uid: 10345 RequestorUid: 10345 RequestorPkg: com.tencent.mm UnderlyingNetworks: Null] ] (release request)
04-11 13:08:43.973 D/BufferQueueProducer( 9059): [ImageReader-1x1f22m6-9059-138](id:23630000069d,api:1,p:25587,c:9059) disconnect: api 1
04-11 13:08:43.973 I/libprocessgroup( 3590): Removed cgroup /sys/fs/cgroup/apps/uid_10345/pid_25587
04-11 13:08:43.973 I/Zygote  ( 2058): Process 25587 exited cleanly (0)
04-11 13:08:43.973 I/sensors-hal( 2113): batch:163, android.sensor.accelerometer/11, period=20000000, max_latency=2000000000
04-11 13:08:43.973 I/sensors-hal( 2113): send_sensor_config_request:500, resampler is used, set resampler config
04-11 13:08:43.973 I/sensors-hal( 2113): send_sync_sensor_request:443, send sync request
04-11 13:08:43.974 I/sensors-hal( 2113): send_sync_sensor_request:472, wait for notification of response
04-11 13:08:43.974 I/sensors-hal( 2113): qsh_conn_resp_cb:793, resp_value = 0 for accel 
04-11 13:08:43.974 I/sensors-hal( 2113): send_sync_sensor_request:478, takes 0 ms to receive the response with 0
04-11 13:08:43.974 I/sensors-hal( 2113): batch:185, android.sensor.accelerometer/11, period=20000000, max_latency=2000000000 request completed
04-11 13:08:43.974 D/SensorService( 3590): activateHardware = 0
04-11 13:08:43.975 I/UserAwareMgr( 3590): process killed: {pkgName='com.tencent.mm', serviceName='', procName=com.tencent.mm:appbrand1, pid=25587, uid=10345, appId=0, owner='null', flags='bg|associated', renderTid=0, hwuiTids=null, glTids=null, threadInfos=null, mVideoActivityList=[], mStates=0}
04-11 13:08:43.975 I/UserAwareMgr( 3590): handleProcessKilled, pkgName: com.tencent.mm, pid: 25587
04-11 13:08:43.975 E/WindowProcessControllerExtImpl( 3590): shouldMakeAbnormalActivityFinishing, list may empty, mHasActivities: false
04-11 13:08:43.976 D/HoloAudio::SpecailizerPLService_Aidl( 2782): callClient:clientID:1 exist:1, event:18, isOneWay:0
04-11 13:08:43.977 D/HoloAudio::SpecailizerPLService_Aidl( 2782): getMssEnable --- com.tencent.mm[0]
04-11 13:08:43.979 D/ShellSubscriberWorkerThread(15031): the first 8 bytes empty, and RestData length > 8 
04-11 13:08:43.989 I/SDM     ( 2181): DisplayBuiltIn::IdlePowerCollapse: IPC received, disabling partial update for one frame
04-11 13:08:44.014 W/QosScheduler( 3590): executeSceneQosStrategy failed! qos feature no enable
04-11 13:08:44.025 D/QmiClient( 3438): qmiServiceEventCallback recv msg id 47
04-11 13:08:44.025 D/QmiClient( 3438): enter -mServiceType 10 onQmiServiceEventCallback msgId 47
04-11 13:08:44.025 D/QmiClient( 3438): onQmiServiceEventCallback - enter. msgId=47
04-11 13:08:44.025 D/OttProxy( 3438): handleMessage msg is 3001
04-11 13:08:44.025 D/SubsysRadioIndication[1](14034): radioLinkLatencyInfoInd
04-11 13:08:44.025 D/SubsysRadioIndication[1](14034): notify enter
04-11 13:08:44.026 D/NetworkService[1](14034): handleMessage what:1008
04-11 13:08:44.026 D/NetworkService[1](14034): EVENT_REG_LINK_LATENCY_INFO_CHANGE ulLatency:8965
04-11 13:08:44.088 I/SDM     ( 2181): DisplayBuiltIn::IdlePowerCollapse: IPC received, disabling partial update for one frame
04-11 13:08:44.177 E/CwbService( 2181): Panel not support apl read or getDisplayPanelAplValue timeout 10ms.
04-11 13:08:44.178 D/SensorFeature( 2258): name=ssc_screenshot_info ,index = 22
04-11 13:08:44.178 D/SensorFeature( 2258): write 39 bytes:931339526679046,931339580706963,36679,0
04-11 13:08:44.200 I/SDM     ( 2181): DisplayBuiltIn::IdlePowerCollapse: IPC received, disabling partial update for one frame
04-11 13:08:44.238 D/CommonApp-264-10512(14034): transport layer data is invalid
04-11 13:08:44.239 D/CommonApp-255-10512(14034): commonScoreStrategy scenarios low package
04-11 13:08:44.239 D/ScorePolicy(14034): handleScoreChanged: []
04-11 13:08:44.239 D/ScorePolicy(14034): handleScoreChanged: []
04-11 13:08:44.239 D/ScorePolicy(14034): handleScoreChanged: []
04-11 13:08:44.241 D/NotificationService--OplusNotificationFixHelper( 3590): fixAppIcon: pkg=com.v2ray.ang
04-11 13:08:44.241 D/NotificationService--OplusNotificationFixHelper( 3590): fixAppIcon: appIcon = null, pkg = com.v2ray.ang
04-11 13:08:44.241 D/NotificationService--NotificationRecord( 3590): isSupportRearLight , isRearLight = false mLedRM = false isMultilLed = false
04-11 13:08:44.242 I/OplusStatusBarManagerServiceEnhance( 3590):  getTopIsFullscreen mTopIsFullscreen: false
04-11 13:08:44.242 W/ActivityManager( 3590): Permission Denial: getTopApplicationInfo from pid=18198, uid=10397 requires oplus.permission.OPLUS_COMPONENT_SAFE
04-11 13:08:44.242 E/OplusNotificationCenter( 3590): getForegroundApplication exception
04-11 13:08:44.243 D/NotificationService--OplusNotificationManagerServiceExtImpl( 3590): isForwardToAssistants: true, case : Is local notification
04-11 13:08:44.243 D/NotificationService( 3590): This application enqueue notifications is need postDelayed mcsAssistantDelayTime: 50
04-11 13:08:44.248 I/OplusCpuLimitManager( 3590): Request oomadj change group  uid: 10345 pid: 9059 is moved to newGroup: 10, fromflag: vip app,reason: vip-hbg
04-11 13:08:44.250 I/OplusCpuLimitManager( 3590): Request oomadj change group  uid: 10345 pid: 25600 is moved to newGroup: 10, fromflag: vip app,reason: vip-hbg
04-11 13:08:44.252 I/OplusCpuLimitManager( 3590): CpuLimit SetGrp  uid: 10345 pid: 9059 to 10, fromflag: vip app, reason: vip-hbg
04-11 13:08:44.252 I/OplusCpuLimitManager( 3590): Request oomadj change group  uid: 10345 pid: 25614 is moved to newGroup: 10, fromflag: vip app,reason: vip-hbg
04-11 13:08:44.252 E/OplusCpuLimitManager( 3590): getProcessGroup pid: 25587 e=java.io.FileNotFoundException: /proc/25587/cgroup: open failed: ENOENT (No such file or directory)
04-11 13:08:44.252 W/System.err( 3590): java.io.FileNotFoundException: /proc/25587/cgroup: open failed: ENOENT (No such file or directory)
04-11 13:08:44.252 W/System.err( 3590): 	at libcore.io.IoBridge.open(IoBridge.java:574)
04-11 13:08:44.252 I/OplusCpuLimitManager( 3590): CpuLimit SetGrp  uid: 10345 pid: 25600 to 10, fromflag: vip app, reason: vip-hbg
04-11 13:08:44.253 W/System.err( 3590): 	at java.io.FileInputStream.<init>(FileInputStream.java:179)
04-11 13:08:44.253 W/System.err( 3590): 	at java.io.FileInputStream.<init>(FileInputStream.java:133)
04-11 13:08:44.253 W/System.err( 3590): 	at java.io.FileReader.<init>(FileReader.java:60)
04-11 13:08:44.253 W/System.err( 3590): 	at com.android.server.am.OplusCpuLimitManager.getTargetProcessGroup(OplusCpuLimitManager.java:1327)
04-11 13:08:44.253 W/System.err( 3590): 	at com.android.server.am.OplusCpuLimitManager.adjustProcessGroup(OplusCpuLimitManager.java:787)
04-11 13:08:44.253 W/System.err( 3590): 	at com.android.server.am.OplusCpuLimitManager$CpuLimitHandler.handleMessage(OplusCpuLimitManager.java:1109)
04-11 13:08:44.253 W/System.err( 3590): 	at android.os.Handler.dispatchMessage(Handler.java:115)
04-11 13:08:44.253 W/System.err( 3590): 	at android.os.Looper.loopOnce(Looper.java:302)
04-11 13:08:44.253 W/System.err( 3590): 	at android.os.Looper.loop(Looper.java:412)
04-11 13:08:44.253 W/System.err( 3590): 	at android.os.HandlerThread.run(HandlerThread.java:85)
04-11 13:08:44.253 W/System.err( 3590): Caused by: android.system.ErrnoException: open failed: ENOENT (No such file or directory)
04-11 13:08:44.253 W/System.err( 3590): 	at libcore.io.Linux.open(Native Method)
04-11 13:08:44.253 W/System.err( 3590): 	at libcore.io.ForwardingOs.open(ForwardingOs.java:568)
04-11 13:08:44.253 W/System.err( 3590): 	at libcore.io.BlockGuardOs.open(BlockGuardOs.java:274)
04-11 13:08:44.253 W/System.err( 3590): 	at libcore.io.IoBridge.open(IoBridge.java:560)
04-11 13:08:44.253 W/System.err( 3590): 	... 10 more
04-11 13:08:44.253 I/OplusCpuLimitManager( 3590): CpuLimit SetGrp  uid: 10345 pid: 25614 to 10, fromflag: vip app, reason: vip-hbg
04-11 13:08:44.253 I/OplusCpuLimitManager( 3590): Request oomadj change group  uid: 10345 pid: 9999 is moved to newGroup: 10, fromflag: vip app,reason: vip-hbg
04-11 13:08:44.254 I/OplusCpuLimitManager( 3590): CpuLimit SetGrp  uid: 10345 pid: 9999 to 10, fromflag: vip app, reason: vip-hbg
04-11 13:08:44.301 I/SystemUi--Notification( 8338): OplusLiveAlertNotificationsRepository-->onRankingApplied
04-11 13:08:44.312 I/PluginSeedling--Track( 8338): RequestHandler-->notificationUpdated 0|com.v2ray.ang|1|null|10397 postTime: 1775884124241
04-11 13:08:44.313 E/LockScreenNotificationDispatcherImp( 8338): updateNotificationListOnKg size:0
04-11 13:08:44.316 I/SDM     ( 2181): DisplayBuiltIn::IdlePowerCollapse: IPC received, disabling partial update for one frame
04-11 13:08:44.317 W/SystemUi--Notification( 8338): OplusNotificationGroupExtImpl-->setChildrenExpanded: groupHeader is null
04-11 13:08:44.317 I/SystemUi--Notification( 8338): LockScreenNotificationDispatcherImp-->updateNotificationListOnKg resultCode: 0
04-11 13:08:44.342 D/LocalImageResolver( 8338): Couldn't use ImageDecoder for drawable, falling back to non-resized load.
04-11 13:08:44.343 D/OplusNotificationDateTimeView( 8338): setTime mSettingTimeMillis 1775884124238, mSettingLocalDateTime 2026-04-11T13:08:00.238
04-11 13:08:44.348 D/LocalImageResolver( 8338): Couldn't use ImageDecoder for drawable, falling back to non-resized load.
04-11 13:08:44.349 D/OplusNotificationDateTimeView( 8338): setTime mSettingTimeMillis 1775884124238, mSettingLocalDateTime 2026-04-11T13:08:00.238
04-11 13:08:44.352 D/LocalImageResolver( 8338): Couldn't use ImageDecoder for drawable, falling back to non-resized load.
04-11 13:08:44.352 D/OplusNotificationDateTimeView( 8338): setTime mSettingTimeMillis 1775884124238, mSettingLocalDateTime 2026-04-11T13:08:00.238
04-11 13:08:44.355 I/SystemUi--Notification( 8338): OplusNotificationTempla-->resolveContentMargin: marginTop=112 isChildInGroup=false hasSubtitle=true params.topMargin=112
04-11 13:08:44.357 W/SystemUi--Notification( 8338): OplusNotificationGroupExtImpl-->setChildrenExpanded: groupHeader is null
04-11 13:08:44.357 E/LockScreenNotificationDispatcherImp( 8338): updateNotificationListOnKg size:0
04-11 13:08:44.360 W/SystemUi--Notification( 8338): OplusNotificationGroupExtImpl-->setChildrenExpanded: groupHeader is null
04-11 13:08:44.360 I/SystemUi--Notification( 8338): LockScreenNotificationDispatcherImp-->updateNotificationListOnKg resultCode: 0
04-11 13:08:44.380 I/sensors-hal( 2113): handle_oplus_wise_rgb_event:161, wise_rgb: (9146)(cct, lux, ir)[5713.87, 108.93, 57.686752] (r, g, b, c)[5105.60, 3462.20, 2156.69, 9664.90]                 (pwm, hbm, brl, algo)[0.0 0.0 1309.0 2.0], flag 36679
04-11 13:08:44.381 D/FusionLightNextGen( 3590): process end reported = 1, mode: 0, cnt: 406110, lux 57.2, cct 6506.0, r/g/b/c: 5118.1/3451.2/2165.5/9646.2, R/G/B: 149.0/143.0/128.0, bri 1309.0, match 1.00, ir 0.081523, conf 5.0, ts 931339567380043
04-11 13:08:44.432 I/SDM     ( 2181): DisplayBuiltIn::IdlePowerCollapse: IPC received, disabling partial update for one frame
04-11 13:08:44.444 D/ActivityManager( 3590): freezing 472 com.android.permissioncontroller
04-11 13:08:44.446 D/ActivityManager( 3590): Freeze process 472, not check file locks
04-11 13:08:44.446 D/ActivityManager( 3590): reportOneUidFrozenStateChanged uid 10284 frozen = true
04-11 13:08:44.450 D/InetDiagMessage( 3590): Destroyed 0 sockets, proto=IPPROTO_TCP, family=AF_INET, states=14
04-11 13:08:44.452 W/ServiceManagerCppClient( 4482): Waited one second for SystemClearService (is service started? Number of threads started in the threadpool: 16. Are binder threads started and available?)
04-11 13:08:44.454 D/InetDiagMessage( 3590): Destroyed 0 sockets, proto=IPPROTO_TCP, family=AF_INET6, states=14
04-11 13:08:44.454 W/libc    ( 1254): Unable to set property "ctl.interface_start" to "aidl/SystemClearService": PROP_ERROR_HANDLE_CONTROL_MESSAGE (0x20)
04-11 13:08:44.454 D/InetDiagMessage( 3590): Destroyed live tcp sockets for uids={10284} in 8ms
04-11 13:08:44.472 E/CwbService( 2181): Panel not support apl read or getDisplayPanelAplValue timeout 10ms.
04-11 13:08:44.473 D/SensorFeature( 2258): name=ssc_screenshot_info ,index = 22
04-11 13:08:44.473 D/SensorFeature( 2258): write 39 bytes:931339864674654,931339875785765,36680,0
04-11 13:08:44.488 W/ServiceManagerCppClient( 4482): Waited one second for SystemClearService (is service started? Number of threads started in the threadpool: 16. Are binder threads started and available?)
04-11 13:08:44.489 D/healthd ( 2110): system healthd: battery l=97 v=4323 t=30.1 h=2 st=2 c=-97 fc=6100000 cc=441 chg=u
04-11 13:08:44.489 W/libc    ( 1254): Unable to set property "ctl.interface_start" to "aidl/SystemClearService": PROP_ERROR_HANDLE_CONTROL_MESSAGE (0x20)
04-11 13:08:44.496 D/ChargerInfo( 2280): getInfo: type: 0x1, update: 1
04-11 13:08:44.496 D/ChargerInfo( 2280): chargerInfoUpdateThread: update start
04-11 13:08:44.497 D/ChargerInfo( 2280): enableTx: path(/proc/wireless/enable_tx): not exist
04-11 13:08:44.497 D/ChargerInfo( 2280): wlsAdapterPower: path(/sys/class/oplus_chg/wireless/max_w_power): not exist
04-11 13:08:44.497 D/ChargerInfo( 2280): unknown: path(/sys/class/oplus_chg/ac/online) and backupPath(/sys/class/power_supply/ac/online) not exist
04-11 13:08:44.498 D/ChargerInfo( 2280): unknown: path(/sys/class/oplus_chg/ac/online) and backupPath(/sys/class/power_supply/ac/online) not exist
04-11 13:08:44.498 D/ChargerInfo( 2280): get_ui_charge_icon_type: [0 0] [0 0] 1
04-11 13:08:44.498 D/ChargerInfo( 2280): unknown: path(/sys/class/oplus_chg/ac/online) and backupPath(/sys/class/power_supply/ac/online) not exist
04-11 13:08:44.499 D/ChargerInfo( 2280): unknown: path(/sys/class/oplus_chg/ac/online) and backupPath(/sys/class/power_supply/ac/online) not exist
04-11 13:08:44.499 E/ChargerInfo( 2280): SingleHyperPath not found
04-11 13:08:44.499 D/ChargerInfo( 2280): chargerInfoUpdateThread: update end
04-11 13:08:44.499 D/ChargerInfo( 2280): chargerInfoUpdateThread: update wait
04-11 13:08:44.499 D/ChargerInfo( 2280): enableTx: path(/proc/wireless/enable_tx): not exist
04-11 13:08:44.499 D/ChargerInfo( 2280): wlsAdapterPower: path(/sys/class/oplus_chg/wireless/max_w_power): not exist
04-11 13:08:44.499 D/ChargerInfo( 2280): getInfo: {"Update":{"batteryFcc":5814,"batteryRm":4764,"bddLeakCurr":0,"bmsStatus":0,"bypassChgStatus":2,"chargeTimeRemaining":0,"cpaPower":2,"enableTx":"0","fastCharge":0,"isSupportSpeedCharge":0,"notifyCode":0,"otgOnline":1,"ppsChargePower":0,"ppsCharging":0,"shortCHwStatus":0,"shortIcOtpStatus":0,"uiIconType":0,"uiPower":0,"usbStatus":0,"wlsAdapterPower":0}}
