04-11 13:08:39.525 I/SDM     ( 2181): DisplayBuiltIn::ControlPartialUpdateLocked: PDFR enable = 1
04-11 13:08:39.525 I/ActivityManager( 3590): Waited long enough for: ServiceRecord{dc3cb54 u0 com.qualcomm.qti.workloadclassifier/.WLCService c:com.qualcomm.qti.workloadclassifier}
04-11 13:08:39.526 E/binance.monitor(30023): Unknown bits set in runtime_flags: 0x40000000
04-11 13:08:39.526 I/binance.monitor(30023): Using CollectorTypeCMC GC.
04-11 13:08:39.527 D/AdfrV32FrameRateUtils( 8338): animationVelocityCalculator: nullbounds: 0 0 1264 2780
04-11 13:08:39.527 D/AdfrV32FrameRateUtils( 8338): animationVelocityCalculator: nullbounds: 0 0 1264 2780
04-11 13:08:39.533 I/adbd    (23001): jdwp connection from 30023
04-11 13:08:39.534 D/nativeloader(30023): Load libframework-connectivity-tiramisu-jni.so using APEX ns com_android_tethering for caller /apex/com.android.tethering/javalib/framework-connectivity-t.jar: ok
04-11 13:08:39.543 W/libc    (30023): Access denied finding property "persist.vendor.sys.activitylog"
04-11 13:08:39.543 I/OneTrace(30023): Mark active for pid=30023? true
04-11 13:08:39.543 D/AdfrV32FrameRateUtils( 8338): animationVelocityCalculator: nullbounds: 0 0 1264 2780
04-11 13:08:39.543 D/cutils-dev(30023): otrace_set_tracing_enabled? true tag:0
04-11 13:08:39.543 D/cutils-dev(30023): properties changed in otrace_seq_number_changed!
04-11 13:08:39.543 D/AdfrV32FrameRateUtils( 8338): animationVelocityCalculator: nullbounds: 0 0 1264 2780
04-11 13:08:39.544 D/QmiClient( 3438): qmiServiceEventCallback recv msg id 1099
04-11 13:08:39.544 D/QmiClient( 3438): enter -mServiceType 4 onQmiServiceEventCallback msgId 1099
04-11 13:08:39.544 D/QmiClient( 3438): onQmiServiceEventCallback - enter. msgId=1099
04-11 13:08:39.544 D/QmiVsClientEvent( 3438): QosPeriodReportInd MSG IND data_len 2052
04-11 13:08:39.544 D/QmiVsClientEvent( 3438): qmiVsClientNotifyQosPeriodReportIndEvent - RADIO_EVENT_QOS_PERIOD_REPORT_NOTIFY_IND
04-11 13:08:39.544 D/VsProxy ( 3438): handleMessage msg is 2420
04-11 13:08:39.544 D/QmiClient( 2727): qmiServiceEventCallback recv msg id 1099
04-11 13:08:39.544 D/QmiClient( 2727): enter -mServiceType 4 onQmiServiceEventCallback msgId 1099
04-11 13:08:39.544 D/QmiClient( 2727): onQmiServiceEventCallback - enter. msgId=1099
04-11 13:08:39.544 D/QmiVsClientEvent( 2727): QosPeriodReportInd MSG IND data_len 2052
04-11 13:08:39.544 D/QmiVsClientEvent( 2727): qmiVsClientNotifyQosPeriodReportIndEvent - RADIO_EVENT_QOS_PERIOD_REPORT_NOTIFY_IND
04-11 13:08:39.544 D/VsProxy ( 3438): handleQosPeriodReportInd for instance 1 data_len 203
04-11 13:08:39.544 D/VsProxy ( 2727): handleMessage msg is 2420
04-11 13:08:39.544 D/VsProxy ( 2727): handleQosPeriodReportInd for instance 0 data_len 145
04-11 13:08:39.544 D/SubsysRadioIndication[0](14034): radioQosPeriodReportInd result [8, -83, -42, -29, -49, 14, 34, 12, 8, -116, -79, -35, -49, 14, 16, 4, 24, 1, 32, 3, 58, 61, 8, -66, -52, -29, -49, 14, 16, 5, 24, -64, -92, 38, 32, -22, 6, 40, -99, -1, -1, -1, -1, -1, -1, -1, -1, 1, 48, -10, -1, -1, -1, -1, -1, -1, -1, -1, 1, 56, 9, 64, -99, -1, -1, -1, -1, -1, -1, -1, -1, 1, 72, -106, -1, -1, -1, -1, -1, -1, -1, -1, 1, 66, 29, 8, -58, -2, -37, -49, 14, 16, 5, 34, 19, 8, -64, -92, 38, 16, -22, 6, 24, 78, 32, 13, 40, -117, -32, -94, -93, 2, 48, 2, 90, 0, 98, 10, 8, -95, -8, -37, -49, 14, 16, 3, 24, 5, 122, 15, 8, -109, -8, -37, -49, 14, 16, -18, 2, 24, -21, 1, 32, -60, 9]
04-11 13:08:39.544 D/SubsysRadioIndication[1](14034): radioQosPeriodReportInd result [8, -82, -42, -29, -49, 14, 18, 8, 8, -86, -44, -29, -49, 14, 72, 1, 26, 8, 8, -33, -46, -29, -49, 14, 72, 1, 34, 12, 8, -116, -79, -35, -49, 14, 16, 4, 24, 1, 32, 3, 58, 92, 8, -60, -44, -29, -49, 14, 16, 5, 24, -98, -23, 30, 32, -54, 1, 40, -95, -1, -1, -1, -1, -1, -1, -1, -1, 1, 48, -14, -1, -1, -1, -1, -1, -1, -1, -1, 1, 56, -1, -1, -1, -1, -1, -1, -1, -1, -1, 1, 64, -95, -1, -1, -1, -1, -1, -1, -1, -1, 1, 72, -99, -1, -1, -1, -1, -1, -1, -1, -1, 1, 80, -102, -1, -1, -1, -1, -1, -1, -1, -1, 1, 88, -99, -1, -1, -1, -1, -1, -1, -1, -1, 1, 66, 31, 8, -83, -79, -35, -49, 14, 16, 5, 24, 1, 34, 19, 8, -98, -23, 30, 16, -54, 1, 24, 41, 32, 13, 40, -126, -128, -52, -67, 21, 48, 2, 90, 0, 98, 10, 8, -98, -59, -47, -49, 14, 16, 3, 24, 5, 122, 20, 8, -110, -46, -29, -49, 14, 16, -1, -1, 1, 24, -1, -1, 1, 32, -1, -1, -1, -1, 15]
04-11 13:08:39.544 D/NetworkService[0](14034): handleMessage what:1005
04-11 13:08:39.544 D/RadioAtomTracker(14034): parseQosPeriodData ModemQos:CellularQosInfo2{5G, 627264/874, EndcState=0, Band=78, DLBW=13, Rsrp=-99, Rsrq=-10, Snr=9, SvcStatus=3, ULPDCPNumDataPdu=-1, ULPDCPNumDropPdu=-1, ULPDCPTput=-1, ULRLCNumDataPdu=-1, ULRLCNumRetxPdu=-1, ULGrant=-1, ULBSR=-1, ULBler=-1, DLPDCPNumDataPdu=-1, DLPDCPTput=-1, DLRLCNumDataPdu=-1, DLRLCNumRetxPdu=-1, DLRLCNumDropPdu=-1, DLMACPaddingBytes=-1, DLPdcpNumMissToUppPdu=-1, DLBler=-1, RlfCount=0, CellChangeCount=0, IsRedirectionOccur=0, IsDualSimConflict=0, Latency=0, Sub1RrcState=1, Sub2RrcState=3, RachCount=0, CalcPower=366, Mtpl=235, PathLoss=1220, CellLoad=0}
04-11 13:08:39.544 D/NetworkService[0](14034): EVENT_REG_QOS_PERIOD_REPORT_IND_CHANGED ENTER
04-11 13:08:39.544 D/NetworkService[1](14034): handleMessage what:1005
04-11 13:08:39.544 D/RadioAtomTracker(14034): parseQosPeriodData ModemQos:CellularQosInfo1{5G, 504990/202, EndcState=1, Band=41, DLBW=13, Rsrp=-95, Rsrq=-14, Snr=-1, SvcStatus=3, ULPDCPNumDataPdu=0, ULPDCPNumDropPdu=0, ULPDCPTput=0, ULRLCNumDataPdu=0, ULRLCNumRetxPdu=0, ULGrant=0, ULBSR=0, ULBler=1, DLPDCPNumDataPdu=0, DLPDCPTput=0, DLRLCNumDataPdu=0, DLRLCNumRetxPdu=0, DLRLCNumDropPdu=0, DLMACPaddingBytes=0, DLPdcpNumMissToUppPdu=0, DLBler=1, RlfCount=0, CellChangeCount=0, IsRedirectionOccur=0, IsDualSimConflict=0, Latency=0, Sub1RrcState=1, Sub2RrcState=3, RachCount=0, CalcPower=32767, Mtpl=32767, PathLoss=-1, CellLoad=0}
04-11 13:08:39.544 D/NetworkService[1](14034): EVENT_REG_QOS_PERIOD_REPORT_IND_CHANGED ENTER
04-11 13:08:39.544 D/AtomModemKpiInfo(14034): handleMessage what:1001
04-11 13:08:39.544 D/AtomModemKpiInfo(14034): analyseQosInfo success
04-11 13:08:39.545 D/SensorServiceExtImpl( 3590): notifyApplicationLaunchStage processName=com.binance.monitor, uid=10512, pid=30023, stage=1
04-11 13:08:39.546 D/SplitScreenAppReader( 3590): SPLIT_TOUCH support check:com.binance.monitor = false
04-11 13:08:39.546 D/RGBNormalizeServer( 3590): OplusRGBNormalize feature enabled ? true
04-11 13:08:39.546 D/ResourcesManagerCache( 3590): For package com.binance.monitor we got cacheList [null] appInfoExt is null ? false hasFeature ? false
04-11 13:08:39.547 D/FlexibleTaskController( 3590): isFullToFlexibleAnimating: false
04-11 13:08:39.547 D/WindowManager( 3590): rotation(ROTATION_0) no changed  displayId = 0, lastOrientation = 1
04-11 13:08:39.547 I/TaskOrganizerController( 3590): onTaskInfoChanged taskid 13177 config { mBounds=Rect(0, 0 - 1264, 2780) mAppBounds=Rect(0, 0 - 1264, 2780) mMaxBounds=Rect(0, 0 - 1264, 2780) mDisplayRotation=ROTATION_0 mWindowingMode=fullscreen mActivityType=standard mAlwaysOnTop=undefined mRotation=ROTATION_0}
04-11 13:08:39.548 D/OplusFlexibleDragToSplitAnimController( 3590): visibleFlexibleTaskInfos delete:13177
04-11 13:08:39.548 E/FlexibleWindowManagerService( 3590): notifyTaskObserverToAttachController not need to notify!
04-11 13:08:39.548 I/FlexibleWindowManagerService( 3590): onFlexibleWindowTaskInfoChanged, return for cur task not embedded
04-11 13:08:39.548 E/OplusDexOptimizeManager( 3590): pkgSetting or primaryCpuAbi is null for package: com.binance.monitor
04-11 13:08:39.548 D/OplusFeatureColorMode( 3590): ColorMode getColorMode =0
04-11 13:08:39.548 D/ColorDisplayServiceExtImpl( 3590): getWCGVersion1App, packageName=com.binance.monitor, sSupportWCG1 = true, sSupportWCG3 = false, nRet = 0
04-11 13:08:39.548 D/ShellTaskOrganizerExt( 8338): visibleFlexibleTaskInfos delete:13177
04-11 13:08:39.548 D/ShellTaskOrganizerExt( 8338): isOnCanvas size:0
04-11 13:08:39.548 D/ShellTaskOrganizerExt( 8338): isOnThreeFlexibleCanvas size:0
04-11 13:08:39.548 D/ActivityTaskManager( 3590): onWindowFocusChanged Task{5fe99c3 #13177 type=standard A=10512:com.binance.monitor} would transfer to compact
04-11 13:08:39.548 I/UserAwareMgr( 3590): handleTopAppChanged: com.binance.monitor, pid: 30023, uid: 10512
04-11 13:08:39.548 D/ActivityTaskManager( 3590): NFW_setLastResumedActivityUncheckLocked:true r:ActivityRecord{46427773 u0 com.binance.monitor/.ui.main.MainActivity t13177} currentFocus:null
04-11 13:08:39.548 D/WindowManager( 3590): NFW_findFocusedWindowIfNeeded:null mCurrentFocus:null
04-11 13:08:39.548 D/FlexibleTaskController( 3590): onTaskFocusChanged prevTask:Task{1abb46b #12626 type=standard A=10345:com.tencent.mm} ,currentTask:Task{5fe99c3 #13177 type=standard A=10512:com.binance.monitor}, reason: realStartActivityLocked - onActivityStateChanged
04-11 13:08:39.548 D/OplusFlexibleDCSManager( 3590): onNextPkgChanged pkg = com.binance.monitor
04-11 13:08:39.548 D/OplusAtlas.OplusAudioScene(13847): callback success event:atlas_event_on_foreground_activities_changed eventInfo:pid:30023,uid:10512,hasForegroundActivities:1
04-11 13:08:39.548 D/OplusVisibleTasks( 3590):  notifyTaskFocusChange no need.
04-11 13:08:39.548 D/MssPanelHelper(13847): FOREGROUND_ACTIVITIES_CHANGED package: com.binance.monitor hasForegroundActivities: 1
04-11 13:08:39.548 I/OplusAppSwitchManagerService( 3590): appswitch hasProcess ActivityRecord{46427773 u0 com.binance.monitor/.ui.main.MainActivity t13177}
04-11 13:08:39.548 I/[UAH_CLIENT]( 3590): UahEventAcquire, cmdid:0, pkg:com.binance.monitor, identity:com.android.server.wm
04-11 13:08:39.548 I/OplusJoystickManager( 3590): handleApplicationSwitch deprecated!
04-11 13:08:39.548 I/GameManagerServiceExt-GameManagerServiceExt( 3590): on FG change: com.tencent.mm|com.binance.monitor
04-11 13:08:39.549 D/BindServiceNotify(14599): notifyActivityExit AppExitInfo{providerName='AddOnAppSwitch', targetName='com.tencent.mm.ui.LauncherUI', sourceExitInfo=OplusAppExitInfo = {  targetName = com.tencent.mm.ui.LauncherUI hasResumingActivity = true resumingPackageName = com.binance.monitor resumingActivityName = com.binance.monitor.ui.main.MainActivity resumingWindowMode = 1 isResumingMultiApp = false isResumingFirstStart = true extension = Bundle[mParcelledData.dataSize=616]}}
04-11 13:08:39.549 D/ServiceConnectionHolder(14599): unBindIfNeeded activityExit and AppExitInfo{providerName='AddOnAppSwitch', targetName='com.tencent.mm.ui.LauncherUI', sourceExitInfo=OplusAppExitInfo = {  targetName = com.tencent.mm.ui.LauncherUI hasResumingActivity = true resumingPackageName = com.binance.monitor resumingActivityName = com.binance.monitor.ui.main.MainActivity resumingWindowMode = 1 isResumingMultiApp = false isResumingFirstStart = true extension = Bundle[mParcelledData.dataSize=616]}}
04-11 13:08:39.549 D/VRR [OPlusRefreshRateService]( 3590): handleFrontAppChange pkgName: null
04-11 13:08:39.550 D/AudioBoost( 2384): audioSchedBoost, pid=2384, tid=29605, enable=1, ret=0
04-11 13:08:39.550 D/OplusWifiPower_TriggerCenter( 3590): mComponentCallback: fgapplist
04-11 13:08:39.550 D/OplusEapManager( 3590): mTargetExitName :com.tencent.mm
04-11 13:08:39.550 D/AudioFlingerExtImpl( 2384): AudioFlingerExtImpl oplusSetParameters: keyvalue topActivity=false
04-11 13:08:39.550 D/AudioBoost( 2384): audioSchedBoost, pid=2384, tid=29605, enable=0, ret=0
04-11 13:08:39.550 V/OsAgent ( 8337): broadcastSystemEvent - 7
04-11 13:08:39.551 W/Battery (15757): AppSwitchDetectorV2: OnAppSwitchObserver: onAppExit , info = OplusAppExitInfo = {  targetName = com.tencent.mm hasResumingActivity = true resumingPackageName = com.binance.monitor resumingActivityName = com.binance.monitor.ui.main.MainActivity resumingWindowMode = 1 isResumingMultiApp = false isResumingFirstStart = true extension = Bundle[mParcelledData.dataSize=572]} lastReg=1775865613607
04-11 13:08:39.551 W/Battery (15757): AppSwitchManager: onAppSwitch: [m4.o$d@5fc51d5]
04-11 13:08:39.551 D/ServiceConnectionHolder(14599): unbindServiceIfNeed activityExit
04-11 13:08:39.551 D/ServiceConnectionHolder(14599): unbindService for d7.k$a@da921c0
04-11 13:08:39.551 D/HoloAudio::SpecailizerPLService_Aidl( 2782): callClient:clientID:1 exist:1, event:18, isOneWay:0
04-11 13:08:39.551 I/PluginSeedling--Origin( 8338): LiveAlertInteractorImpl-->notifyEntryDataChanged ENTRY_STATUS_BAR, result:, noe: false
04-11 13:08:39.551 I/PluginSeedling--Origin( 8338): LiveAlertInteractorImpl-->notifyEntryDataChanged ENTRY_NOTIFICATION, result:, noe: false
04-11 13:08:39.551 I/PluginSeedling--Notification( 8338): NotificationRepository-->onDataChanged, []
04-11 13:08:39.551 I/OplusAppSwitchManagerService( 3590): appswitch hasProcess ActivityRecord{46427773 u0 com.binance.monitor/.ui.main.MainActivity t13177}
04-11 13:08:39.551 D/OplusAppSwitchRuleInfo( 3590): generateAppEnterInfo - launch_source_type =  , launch_source_traceid = 
04-11 13:08:39.552 V/DCSEX-AppSwitchManager(14599): OnAppSwitchObserver: onAppExit, resuming = com.binance.monitor, target = com.tencent.mm, is ResumingFirstStart =  true, is ResumingMultiApp =  false, extensionInfo =  Bundle[mParcelledData.dataSize=572]
04-11 13:08:39.552 D/OplusAppSwitchRuleInfo( 3590): generateAppEnterInfo - launch_source_type =  , launch_source_traceid = 
04-11 13:08:39.552 D/VRR [OTI-HW]( 2399): isStateReady 0
04-11 13:08:39.552 D/VRR [OTI-HW]( 2399): keep rate.
04-11 13:08:39.552 D/VRR [OTI-ADFR]( 2399): getBestTargetRate 60, modeTypeIsReady 1, currentFps 120
04-11 13:08:39.552 D/OplusAppSwitchRuleInfo( 3590): generateAppEnterInfo - launch_source_type =  , launch_source_traceid = 
04-11 13:08:39.552 D/OplusAppSwitchRuleInfo( 3590): generateAppEnterInfo - launch_source_type =  , launch_source_traceid = 
04-11 13:08:39.552 D/OplusAppSwitchRuleInfo( 3590): generateAppEnterInfo - launch_source_type =  , launch_source_traceid = 
04-11 13:08:39.552 D/OplusAppSwitchRuleInfo( 3590): generateAppEnterInfo - launch_source_type =  , launch_source_traceid = 
04-11 13:08:39.552 D/OplusLatencyOptimizerManager( 3590): enter pkg: com.binance.monitor isPrevBlackAppTop: false mIsBlackAppTop: false
04-11 13:08:39.552 D/FlexibleTaskController( 3590): check task which not have enough child, isInSingleWhiteList:false isCloneTask:false
04-11 13:08:39.552 D/OplusEapManager( 3590): mTargetEnterName :com.binance.monitor
04-11 13:08:39.552 D/OplusAppSwitchRuleInfo( 3590): generateAppEnterInfo - launch_source_type =  , launch_source_traceid = 
04-11 13:08:39.552 D/OplusAppSwitchRuleInfo( 3590): generateAppEnterInfo - launch_source_type =  , launch_source_traceid = 
04-11 13:08:39.552 V/DCSEX-AppSwitchManager(14599): OnAppSwitchObserver: onAppEnter, launchedFrom =  com.android.shell, target =  com.binance.monitor, is firstStart =  true, is multiApp =  false, extensionInfo =  Bundle[mParcelledData.dataSize=952], launch_source_type =  , launch_source_traceid =  
04-11 13:08:39.552 D/OplusAppSwitchRuleInfo( 3590): generateAppEnterInfo - launch_source_type =  , launch_source_traceid = 
04-11 13:08:39.552 D/OplusAppSwitchRuleInfo( 3590): generateAppEnterInfo - launch_source_type =  , launch_source_traceid = 
04-11 13:08:39.552 D/VRR [OPlusRefreshRateService]( 3590): handleFrontAppChange pkgName: com.binance.monitor
04-11 13:08:39.552 D/OplusAppSwitchRuleInfo( 3590): generateActivityEnterInfo - launch_source_type =  , launch_source_traceid = 
04-11 13:08:39.552 D/OplusAppSwitchRuleInfo( 3590): generateActivityEnterInfo - launch_source_type =  , launch_source_traceid = 
04-11 13:08:39.552 D/OplusAppSwitchRuleInfo( 3590): generateActivityEnterInfo - launch_source_type =  , launch_source_traceid = 
04-11 13:08:39.552 D/AppInfoController(14599): onAppExit enterTaskId: 13177; exitTaskId: 12626
04-11 13:08:39.552 W/Battery (15757): ThermalControlUtils: mForegroundPkg=com.binance.monitor mLastWindowMode=1
04-11 13:08:39.553 E/OplusThermalStats( 3590): Error getting package info: com.binance.monitor
04-11 13:08:39.554 D/VRR [OPlusSAManager]( 3590): updateAutoMinfps for 4630946685746860179 with nits: 87.90722, mHistOK true, mAmbientOK true, mCctOK true, mIrOK true, mBrightnessOK true, isPkgOK true, SA min fps: 11
04-11 13:08:39.555 D/HoloAudio::SpecailizerPLService_Aidl( 2782): getMssEnable --- com.binance.monitor[0]
04-11 13:08:39.555 I/Athena  (14011): AthenaDynamicReceiver: pre_app:com.tencent.mm, next_app:com.binance.monitor(10512|30023)
04-11 13:08:39.555 D/OplusActivityManager(30023): get AMS extension: android.os.BinderProxy@f01ca2
04-11 13:08:39.556 D/DCSEX-AppLaunchEventRecorder(14599): onAppSwitch from = com.tencent.mm to = com.binance.monitor
04-11 13:08:39.556 D/FlexibleTaskController( 3590): check task which not have enough child, isInSingleWhiteList:false isCloneTask:false
04-11 13:08:39.556 I/OPM-WakePreloadPolicy( 3590): remove preload pkg = com.binance.monitor, reason = app launch
04-11 13:08:39.556 I/OPM     ( 3590): handlePackageLaunched pkg: com.binance.monitor, uid: 10512, pid: 30023
04-11 13:08:39.556 D/OPM     ( 3590): preload hitted!
04-11 13:08:39.556 D/OplusAppSwitchListener( 3590): App Activity Change
04-11 13:08:39.556 D/OplusAppSwitchListener( 3590): Detect com.tencent.mm switch to background
04-11 13:08:39.556 D/OplusFeatureReduceBrightness( 3590): onAppExit , info = com.tencent.mm
04-11 13:08:39.556 D/AMC     (13839): [TriggerForeground] handle fg app changed:com.android.launcher
04-11 13:08:39.557 W/statsd  ( 2013): StatsPullerManager: Unknown tagId 150146
04-11 13:08:39.557 E/statsd  ( 2013): Gauge Stats puller failed for tag: 150146 at 931334966590558
04-11 13:08:39.557 D/DCSEX-AppLaunchEventRecorder(14599): recordExitApp = com.tencent.mm
04-11 13:08:39.556 I/AMC     (13839): [TriggerForeground] update top pkg to:null
04-11 13:08:39.557 I/AMC     (13839): [TriggerForeground] unregister fg triggers!
04-11 13:08:39.557 D/OplusVideoFeatureModeAtlas(13847): unregisterDynamicListener
04-11 13:08:39.558 D/OplusFeatureFoss( 3590): foss for pkg=com.tencent.mm
04-11 13:08:39.558 D/OplusFeatureFoss( 3590): onAppExit , info = com.tencent.mm
04-11 13:08:39.558 D/SubsysEventListenerManager-SubsysTelephonyCallback[1](14034): onSignalStrengthsChanged
04-11 13:08:39.558 D/OplusAppSwitchListener( 3590): Detect com.binance.monitor switch to foreground
04-11 13:08:39.558 D/BackgroundInstallControlService( 3590): Package event received: 0
04-11 13:08:39.559 D/SurfaceSyncGroup(30023): preCreateSurfaceSyncGroupTimerThread
04-11 13:08:39.559 D/SceneSDK.1.0.4-SNAPSHOT.6374.DeepThinkerAppSwitchAbility( 6374): onAppSwitchEvent: AppSwitchEvent(timeStamp=1775884119550, eventType=2, targetName=com.tencent.mm, firstStart=false, multiApp=false, windowMode=0, resumingPackageName=com.binance.monitor, resumingActivityName=com.binance.monitor.ui.main.MainActivity, isResumingMultiApp=false, isResumingFirstStart=true)
04-11 13:08:39.559 I/ContextAware_AppRecommendAdapter( 6374): receive app recommend from AppSwitchEvent(eventId=2, switchInfo=AppSwitchInfo(targetName=com.tencent.mm, firstStart=false, multiApp=false, windowMode=0, resumingPackageName=com.binance.monitor, resumingActivityName=com.binance.monitor.ui.main.MainActivity, isResumingFirstStart=true, isResumingMultiApp=false))
04-11 13:08:39.560 D/CompactWindowAppManager(30023): initCompactApplicationInfo CompactMode: , NormalMode: 
04-11 13:08:39.560 D/AdfrV32FrameRateUtils( 8338): animationVelocityCalculator: nullbounds: 0 0 1264 2780
04-11 13:08:39.560 D/ColorModeChangeItem(30023): preExecute mColorMode=0
04-11 13:08:39.560 D/Tile.OplusCellularTile( 8338): refreshState: tile not listening, ignore
04-11 13:08:39.560 D/AdfrV32FrameRateUtils( 8338): animationVelocityCalculator: nullbounds: 0 0 1264 2780
04-11 13:08:39.561 I/AMC     (13839): [TriggerForeground] unregister score changed with policy l5!
04-11 13:08:39.562 D/RadioMessenger(14034): handleMessage Request msgid 2341
04-11 13:08:39.562 D/ScorePolicyManager(14034): removeID 28981718 policy 3342340
04-11 13:08:39.562 W/Battery (15757): ThermalControllerCenter: mSafetyState=10000,  mSafetyTestConfigList=01111,10111,11011,11101,11110,00111,01011,01101,01110,10011,10101,10110,11001,11010,11100,11111
04-11 13:08:39.562 W/Battery (15757): ThermalControlConfig: mNonBigVersionOtaPeriodVal=2
04-11 13:08:39.562 D/AppInfoController(14599): updateVisibleTaskInfo beInVisible, RunningTaskInfo{, taskId = 12626, userId = 0, isVisible = true, isVisibleRequested = true, scenario = 0}
04-11 13:08:39.562 D/AudioBoost( 2384): audioSchedBoost, pid=2384, tid=29605, enable=1, ret=0
04-11 13:08:39.562 D/HLog-UpMgr( 6374): [metis]CheckWhetherUploadBody Mgr:com.oplus.sdp.y9.c@30c88f
04-11 13:08:39.562 D/HLog-MultiConfigManage( 6374): [metis]checkAllPushTask
04-11 13:08:39.562 I/DisplayPanel_Session( 2288): setDisplayPanelFeatureValue DP_FeatureId=225, display_id = 0
04-11 13:08:39.562 D/HLog-MultiConfigManage( 6374): [metis]checkAllPushTask existPushInfo : 
04-11 13:08:39.562 D/DisplayPanelInterface( 2288): setFossParam fossEnable = 0, ratio = 15 type = 4
04-11 13:08:39.562 D/AudioFlingerExtImpl( 2384): AudioFlingerExtImpl oplusSetParameters: keyvalue onForegroundActivitiesChanged=com.binance.monitor:foreground:1|10512:30023
04-11 13:08:39.562 D/AudioFlingerExtImpl( 2384): updateForegroundInfo, mapInf mForegroundMap(2)|[com.binance.monitor]=1|[com.tencent.mm]=1, uidPidMapInf mForegroundUidPidMap(2)|[10512]=30023|[10345]=9059
04-11 13:08:39.562 D/AudioBoost( 2384): audioSchedBoost, pid=2384, tid=29605, enable=0, ret=0
04-11 13:08:39.562 E/KernelCpuUidFreqTimeReader( 3590): Negative delta from freq time for uid: 10194, delta: -15
04-11 13:08:39.562 V/Configuration(30023): Updating configuration, locales updated from [] to [zh_CN]
04-11 13:08:39.562 W/Battery (15757): ThermalControllHandler: tempLevel=[2],userMode=2,gameUserMode=-1,appType=-1,envTempType=0,appStates=[],appSwitchSafetyMode=true,split=[],float={},full=[com.binance.monitor], tempGear=[2],configItemName=common_config
04-11 13:08:39.562 W/Battery (15757): StateManager: getAppType com.binance.monitor, last=1775884119562
04-11 13:08:39.562 E/KernelCpuUidFreqTimeReader( 3590): Negative delta from freq time for uid: 99117, delta: -3
04-11 13:08:39.562 I/OStatsManager_Calc( 3590): add screen power pkgName = com.tencent.mm, uid = 10345, power = 46822.59414499998, is Fg = true, fore size = 1, mScale = 1.0
04-11 13:08:39.563 I/OStatsManager_Calc( 3590): noteBeforePkgSwitch change = true, curTime = 931334961, com.binance.monitor, fg = false
04-11 13:08:39.563 I/OStatsManager_OplusBatteryStatsManager( 3590): updateStateTime: PkgName = com.binance.monitor, uid = 10512, state to fg, mForegroundCnt = 1, isFg = true
04-11 13:08:39.563 I/OStatsManager_OplusBatteryStatsManager( 3590): notePkgForeground [com.tencent.mm10345, com.binance.monitor10512], uid = 10512, pid = 30023, pkgName = com.binance.monitor
04-11 13:08:39.563 D/OplusScrollToTopManager(30023): setIsInWhiteList false
04-11 13:08:39.563 D/NasPowerManager( 3590): unregister touch idle event!
04-11 13:08:39.563 D/ExtractHandler(14599): process on extract AIFluidProcessingContext{mSeqId=817, mOrderDetailInfo=null, mAppPkgName='null, mUserId=0, mServiceInstanceId='null, mCurrentPkgName='com.tencent.mm, mCurrentActivity='com.tencent.mm.ui.LauncherUI, mCurrentLabel='null, mCurrentTaskId=12626, mNextPkg:com.binance.monitor, trigger type: appexit},rusItemInfo = null
04-11 13:08:39.563 D/OplusViewDebugManager(30023): OplusViewDebugManager Constructor android.view.debug.OplusViewDebugManager@a1548f0 [mHasViewDebugProperty true] [mHasMsgDebugProperty false] [DEBUG false] [EXTRAINFOENABLE false] [LIGHT_OS false]
04-11 13:08:39.563 D/SceneSDK.1.0.4-SNAPSHOT.6374.DeepThinkerAppSwitchAbility( 6374): onAppSwitchEvent: AppSwitchEvent(timeStamp=1775884119550, eventType=2, targetName=com.tencent.mm, firstStart=false, multiApp=false, windowMode=0, resumingPackageName=com.binance.monitor, resumingActivityName=com.binance.monitor.ui.main.MainActivity, isResumingMultiApp=false, isResumingFirstStart=true)
04-11 13:08:39.564 I/metis_v2_AppSwitchDataCollector( 6374): AppExitEvent =  com.tencent.mm, NextAppName = com.binance.monitor
04-11 13:08:39.564 D/OplusBatteryServiceFeature( 3590): setSmartCoolDown: coolDown = 0, normalCoolDown = 0, pkgName = com.binance.monitor
04-11 13:08:39.564 D/NasPowerManager( 8406): unregister touch idle event!
04-11 13:08:39.564 D/OplusLinkBoostSceneManager(13839): onAppExit:com.tencent.mm
04-11 13:08:39.564 D/CompatChangeReporter(30023): Compat change id reported: 242716250; UID 10512; state: ENABLED
04-11 13:08:39.564 D/OplusLinkBoostSceneManager(13839): onCommonAppExit: reset foreground app
04-11 13:08:39.564 D/ScoreInfoMgr(13839): onAppExit:com.tencent.mm, 10345
04-11 13:08:39.564 D/NasPowerManager( 8406): unregister top full screen event!
04-11 13:08:39.564 D/NasPowerManager( 3590): unregister top full screen event!
04-11 13:08:39.565 I/SDM     ( 2181): FHistService::setFossHistEnable: foss:setFossEnable FossStatus(0) mEnableFossHist 0 mHdrSwitch 1 mPanelNitSwitch 1
04-11 13:08:39.565 I/SystemUi--Statusbar( 8338): MobileConnectionRepositoryImpl-->subId:1 isSoftSimCard:false slotId:1
04-11 13:08:39.565 I/AIKitLog(16103): [16.0.100][KitRunningTimeManager](main) recycleKitApp, intent: Intent { act=oplus.exsystemservice.service.action.APP_SWITCH_NOTIFY id=com.tencent.mm.ui.LauncherUI xflg=0x4 pkg=com.oplus.aiwriter (has extras) mCallingUid=1000 }
04-11 13:08:39.565 W/AIKitLog(16103): [16.0.100][KitRunningTimeManager](main) from ex system service, skip!!!
04-11 13:08:39.565 D/ExtractHandler(14599): unknown app, context:AIFluidProcessingContext mSeqId=817
04-11 13:08:39.566 D/AMC     (13839): [TriggerForeground] handleStuckStateChanged stuck:false
04-11 13:08:39.566 E/AMC     (13839): [P-msc_qqlive] execute failed in triggers[0]:[touchidle:false][viewdanmaku:null, validviewspeed:null, fullscreen:false, mtsvideoenduringmode:null, touchidle:false, mscblockabort:null, qqlivedownload:null, audioplay:false, fgapplist4:false]
04-11 13:08:39.566 E/AMC     (13839): [P-msc_mango] execute failed in triggers[0]:[touchidle:false][fgapplist7:false, viewdanmaku:null, validviewspeed:null, fullscreen:false, audioplaydelay:false, chatroom:null, mtsvideoenduringmode:null, touchidle:false, mscblockabort:null, mangodownload:null]
04-11 13:08:39.566 I/AIKitLog(16103): [16.0.100][KitRunningTimeBgManager](DefaultDispatcher-worker-1) clearBackgroundKit!
04-11 13:08:39.566 D/vendor.oplus.hardware.charger-V10-service( 2280): set cooldown:0,  normalCoolDown:0
04-11 13:08:39.566 I/statsd  ( 2013): An anomaly (119840000001) (100198)0x10000->com.binance.monitor[S] (100198)0x20000->10512[I]  has occurred! Informing subscribers.
04-11 13:08:39.566 I/BpBinder(10222): onLastStrongRef automatically unlinking death recipients: 
04-11 13:08:39.566 D/OplusFeatureFoss( 3590): Foss Ratio = 0.15 enable = false id = 4
04-11 13:08:39.567 W/Battery (15757): ThermalControllHandler: MSG_THERMAL_CONTROL_CATEGORY_CHANGED
04-11 13:08:39.567 W/Battery (15757): ThermalControllerCenter: startCollingMethods,thermalPolicy=Policy info
04-11 13:08:39.567 W/Battery (15757): {
04-11 13:08:39.567 W/Battery (15757):  categoryName: common_config
04-11 13:08:39.567 W/Battery (15757):  configItemName: gear_config 
04-11 13:08:39.567 W/Battery (15757):  gearVal:[1], cpuVal:-1, gpuVal:-1, restrictVal:0, brightnessVal:0, chargeVal:0, modemVal:0, disFlashVal:0, stopCameraVideoVal:0, cameraBrightnessVal:0, disCameraVal:0, disWifiHotSpotVal:0, disTorchVal:0, disFrameInsertVal:-2, fpsVal:0, refreshRateVal:0, cpuPowerVal:-1, disVideoSRVal:0, thermalSerious:-2, speedChargeAdd:-2, ipaweight:-1, boostBreak1:20, boostBreak2:10, heatoffPolicy:0, freezer:-2 
04-11 13:08:39.567 W/Battery (15757): } 
04-11 13:08:39.567 W/Battery (15757): ThermalControlUtils: not set the same modem=0
04-11 13:08:39.567 D/OplusBatteryServiceFeature( 3590): setSmartCoolDown: coolDown = 0, normalCoolDown = 0, pkgName = com.binance.monitor
04-11 13:08:39.568 W/Battery (15757): AppSceneCenter: PerfPolicy not enable!
04-11 13:08:39.568 D/vendor.oplus.hardware.charger-V10-service( 2280): set cooldown:0,  normalCoolDown:0
04-11 13:08:39.568 W/Battery (15757): ThermalControlUtils: not set the same wifi=0
04-11 13:08:39.568 W/libc    (30023): Access denied finding property "ro.odm.prev.product.name"
04-11 13:08:39.569 E/statsd  ( 2013): Stats puller failed for tag: 150134 at 931334970044308
04-11 13:08:39.569 I/DeepThinker(12992): IntentManager: onIntentProduced 1
04-11 13:08:39.569 I/DeepThinker(12992): IntentManager: dispatchIntents 1
04-11 13:08:39.569 I/DeepThinker(12992): EventFountainDispatcher: dispatchSpecificIntents 1
04-11 13:08:39.570 I/DeepThinker(12992): EventFountainDispatcher: dispatchSpecificIntents com.pantanal.action.APPS_LIST
04-11 13:08:39.570 I/OplusObrain(15031): OplusObrainClientInvoke.nativeGetTelephonyInfo
04-11 13:08:39.570 E/android.hardware.power.stats-impl.oplus( 2247): HandleFactory::read open charger_input_current_now(/proc/charger/input_current_now) failed! fd: -1 errno: 2
04-11 13:08:39.570 W/android.hardware.power.stats-impl.oplus( 2247): PruneException: Unknown binder exception (2) pruned into EX_TRANSACTION_FAILED
04-11 13:08:39.570 W/midasd  (10250): handleFactory read failed.
04-11 13:08:39.570 I/midasd  (10250): app forground called:com.binance.monitor
04-11 13:08:39.570 I/OplusObrain(15031): OplusObrainClientInvoke.nativeGetTrafficTypeInfoForNetworkType networkType 0
04-11 13:08:39.571 D/SceneSDK.1.0.4-SNAPSHOT.6374.DeepThinkerAppSwitchAbility( 6374): onAppSwitchEvent: AppSwitchEvent(timeStamp=1775884119569, eventType=1, targetName=com.binance.monitor, firstStart=true, multiApp=false, windowMode=1, resumingPackageName=, resumingActivityName=, isResumingMultiApp=false, isResumingFirstStart=false)
04-11 13:08:39.571 I/ContextAware_AppRecommendAdapter( 6374): receive app recommend from AppSwitchEvent(eventId=1, switchInfo=AppSwitchInfo(targetName=com.binance.monitor, firstStart=true, multiApp=false, windowMode=1, resumingPackageName=, resumingActivityName=, isResumingFirstStart=false, isResumingMultiApp=false))
04-11 13:08:39.572 W/Battery (15757): ThermalControllerCenter: Same as last cpu policy, gpu policy and thermalSerious
04-11 13:08:39.572 W/Battery (15757): ThermalControllHandler: MSG_THERMAL_CONTROL_TRACEINFO_UPLOAD. isTraceMonitorOn:false, hasTraceAidl:false
04-11 13:08:39.572 I/OplusObrain(15031): OplusObrainClientInvoke.getAllTopAppInfos
04-11 13:08:39.572 I/OplusPerfCollect( 2399): OplusPerfCollect onPullAtom
04-11 13:08:39.572 D/midasd  (10250): PowerFactors is null 
04-11 13:08:39.572 I/OplusPerfCollect( 2399): OplusPerfCollect OplusVrrInfoRecord clear
04-11 13:08:39.572 I/CameraMidasService( 2278): getExplorerInfo The size of ExplorerInfo is 240 ,The size of ExplorerInfo is 0, The memory size of ExplorerInfo is 0
04-11 13:08:39.572 D/midasd  (10250): getExplorerInfo is null 
04-11 13:08:39.572 I/statsd  ( 2013): An anomaly (104240000001) (42)0x10000->10512[I] (42)0x20000->com.binance.monitor[S] (42)0x30000->.ui.main.MainActivity[S]  has occurred! Informing subscribers.
04-11 13:08:39.572 E/statsd  ( 2013): Predicate 1508000004 dropping data for dimension key (100234)0x10000->10512[I] 
04-11 13:08:39.572 D/FlexibleTaskController( 3590): check task which not have enough child, isInSingleWhiteList:false isCloneTask:false
04-11 13:08:39.575 I/oplus-gfx-stc( 2181): Exitfoss:mCurrentRatio:0.000000 FossStatus(0) mPanelNit 87.000000
04-11 13:08:39.577 D/AdfrV32FrameRateUtils( 8338): animationVelocityCalculator: nullbounds: 0 0 1264 2780
04-11 13:08:39.577 D/AdfrV32FrameRateUtils( 8338): animationVelocityCalculator: nullbounds: 0 0 1264 2780
04-11 13:08:39.581 I/MMKV    (27449): <MMKV_IO.cpp:456::writeActualSize> [mmkv.default] increase sequence to 540339, crc 785242955, actualSize 940
04-11 13:08:39.581 E/FileStrategy(16103): java.io.IOException: Read-only file system
04-11 13:08:39.583 W/s.securityguard(29902): Cleared Reference was only reachable from finalizer (only reported once)
04-11 13:08:39.585 I/18145PAS[16002114][f26f602].AndroidCallProviderNotify_com.coloros.filemanager(18145): notifyAppExit: AppExitInfo(providerName=AddOnAppSwitch, targetName=com.tencent.mm, sourceExitInfo=OplusAppExitInfo = {  targetName = com.tencent.mm hasResumingActivity = true resumingPackageName = com.binance.monitor resumingActivityName = com.binance.monitor.ui.main.MainActivity resumingWindowMode = 1 isResumingMultiApp = false isResumingFirstStart = true extension = Bundle[mParcelledData.dataSize=572]})
04-11 13:08:39.585 I/18145PAS[16002114][f26f602].AndroidCallProviderNotify_com.coloros.filemanager_Travel(18145): callProvider: event = appExit, provider = AddOnAppSwitch, target = com.tencent.mm
04-11 13:08:39.586 E/metis_v2_JenaHandlerManager( 6374): local thread match
04-11 13:08:39.586 W/system_server( 3590): Large reply transaction of 617712 bytes, interface descriptor android.content.pm.IPackageManager, code 3
04-11 13:08:39.587 I/AppSwitchProvider(25472): call method notify_app_switch_update, arg null, extra Bundle[mParcelledData.dataSize=1064]
04-11 13:08:39.587 E/metis_v2_JenaHandlerManager( 6374): local thread match
04-11 13:08:39.588 D/FileManager::HansFreezeManager(25472): getFrozenDelayTime
04-11 13:08:39.588 D/SceneSDK.1.0.4-SNAPSHOT.6374.DeepThinkerAppSwitchAbility( 6374): onAppSwitchEvent: AppSwitchEvent(timeStamp=1775884119569, eventType=1, targetName=com.binance.monitor, firstStart=true, multiApp=false, windowMode=1, resumingPackageName=, resumingActivityName=, isResumingMultiApp=false, isResumingFirstStart=false)
04-11 13:08:39.588 I/metis_v2_AppSwitchDataCollector( 6374): AppEnterEvent =  com.binance.monitor, windowMode = 1,firstStart = true
04-11 13:08:39.588 D/FileManager::HansFreezeManager(25472): getFrozenDelayTime tmp 9223372036854775807
04-11 13:08:39.589 I/AppSwitchProvider(25472): onAppSwitchCalled AddOnAppSwitch, eventName appExit, targetName com.tencent.mm
04-11 13:08:39.589 W/metis_v2_AppSwitchDataCollector( 6374): fenceKey = com.oplus.metis:TOP_APPLICATION, getExits = [], getEnters = [] packageName = com.binance.monitor
04-11 13:08:39.589 W/metis_v2_AppSwitchDataCollector( 6374): pid = 30023, cachePid=19632
04-11 13:08:39.589 E/metis_v2_JenaAdapter( 6374): getIndividualByIndividualName individualName is empty
04-11 13:08:39.590 I/metis_v2_AppSwitchDataCollector( 6374):  set isNotifiedTVCast
04-11 13:08:39.590 E/metis_v2_FactManager( 6374): There is no subModel: com.oplus.linker
04-11 13:08:39.590 I/metis_v2_AppSwitchDataCollector( 6374): Skip call fire
04-11 13:08:39.591 D/PhoneInterfaceManager( 8406): QueryTelephonyChecker-getDataNetworkTypeForSubscriber: packageName = com.oplus.statistics.rom, isGrant = true
04-11 13:08:39.593 D/AdfrV32FrameRateUtils( 8338): animationVelocityCalculator: nullbounds: 0 0 1264 2780
04-11 13:08:39.593 D/AdfrV32FrameRateUtils( 8338): animationVelocityCalculator: nullbounds: 0 0 1264 2780
04-11 13:08:39.610 D/AdfrV32FrameRateUtils( 8338): animationVelocityCalculator: nullbounds: 0 0 1264 2780
04-11 13:08:39.610 D/AdfrV32FrameRateUtils( 8338): animationVelocityCalculator: nullbounds: 0 0 1264 2780
04-11 13:08:39.623 I/MMKV    (27449): <MMKV_IO.cpp:456::writeActualSize> [mmkv.default] increase sequence to 540340, crc 4024733037, actualSize 940
04-11 13:08:39.626 D/AdfrV32FrameRateUtils( 8338): animationVelocityCalculator: nullbounds: 0 0 1264 2780
04-11 13:08:39.627 D/AdfrV32FrameRateUtils( 8338): animationVelocityCalculator: nullbounds: 0 0 1264 2780
04-11 13:08:39.640 I/ActivityManager( 3590): Waited long enough for: ServiceRecord{8ab45f4 u0 com.oplus.sau/com.oplusos.sau.aidl.SauBinderUpdateService c:com.oplus.sau}
04-11 13:08:39.643 D/AdfrV32FrameRateUtils( 8338): animationVelocityCalculator: nullbounds: 0 0 1264 2780
04-11 13:08:39.643 D/AdfrV32FrameRateUtils( 8338): animationVelocityCalculator: nullbounds: 0 0 1264 2780
04-11 13:08:39.650 D/nativeloader(30023): Configuring clns-9 for other apk /data/app/~~4rmkNe7lNu8xu-aBcSkjmA==/com.binance.monitor-z9DAgVQynj1_zCEh7cFkiA==/base.apk. target_sdk_version=34, uses_libraries=, library_path=/data/app/~~4rmkNe7lNu8xu-aBcSkjmA==/com.binance.monitor-z9DAgVQynj1_zCEh7cFkiA==/lib/arm64, permitted_path=/data:/mnt/expand:/data/user/0/com.binance.monitor
04-11 13:08:39.655 I/binance.monitor(30023): AssetManager2(0xb400007246ca0428) locale list changing from [] to [zh-CN]
04-11 13:08:39.657 V/GraphicsEnvironment(30023): Currently set values for:
04-11 13:08:39.657 V/GraphicsEnvironment(30023):   angle_gl_driver_selection_pkgs=[]
04-11 13:08:39.657 V/GraphicsEnvironment(30023):   angle_gl_driver_selection_values=[]
04-11 13:08:39.657 V/GraphicsEnvironment(30023): com.binance.monitor is not listed in per-application setting
04-11 13:08:39.657 V/GraphicsEnvironment(30023): ANGLE allowlist from config: 
04-11 13:08:39.657 V/GraphicsEnvironment(30023): com.binance.monitor is not listed in ANGLE allowlist or settings, returning default
04-11 13:08:39.657 V/GraphicsEnvironment(30023): Updatable production driver is not supported on the device.
04-11 13:08:39.658 D/ResourcesManagerExtImpl(30023): applyConfigurationToAppResourcesLocked app.getDisplayId() return callback.displayId:-1
04-11 13:08:39.660 D/AdfrV32FrameRateUtils( 8338): animationVelocityCalculator: nullbounds: 0 0 1264 2780
04-11 13:08:39.660 D/AdfrV32FrameRateUtils( 8338): animationVelocityCalculator: nullbounds: 0 0 1264 2780
04-11 13:08:39.664 D/OplusGraphicsEvent(30023): OplusGraphicsEventListener create now!
04-11 13:08:39.664 D/OplusGraphicsEvent(30023): addEventListener success!
04-11 13:08:39.664 E/[UAH_CLIENT](30023): uahInit enter
04-11 13:08:39.665 W/binance.monitor(30023): AIBinder_linkToDeath is being called with a non-null cookie and no onUnlink callback set. This might not be intended. AIBinder_DeathRecipient_setOnUnlinked should be called first.
04-11 13:08:39.665 I/UrccFramework-halservice( 2303): Urcc::init is called 
04-11 13:08:39.666 I/[UAH_CLIENT](30023): UahGetFeatureStatus enter
04-11 13:08:39.677 D/AdfrV32FrameRateUtils( 8338): animationVelocityCalculator: nullbounds: 0 0 1264 2780
04-11 13:08:39.677 D/AdfrV32FrameRateUtils( 8338): animationVelocityCalculator: nullbounds: 0 0 1264 2780
04-11 13:08:39.685 I/sensors-hal( 2113): handle_oplus_wise_rgb_event:161, wise_rgb: (9076)(cct, lux, ir)[6047.70, 132.69, 56.326679] (r, g, b, c)[6216.28, 4208.72, 2672.58, 11854.97]                 (pwm, hbm, brl, algo)[0.0 0.0 1309.0 2.0], flag 36664
04-11 13:08:39.693 D/AdfrV32FrameRateUtils( 8338): animationVelocityCalculator: nullbounds: 0 0 1264 2780
04-11 13:08:39.693 D/AdfrV32FrameRateUtils( 8338): animationVelocityCalculator: nullbounds: 0 0 1264 2780
04-11 13:08:39.710 D/AdfrV32FrameRateUtils( 8338): animationVelocityCalculator: nullbounds: 0 0 1264 2780
04-11 13:08:39.710 D/AdfrV32FrameRateUtils( 8338): animationVelocityCalculator: nullbounds: 0 0 1264 2780
04-11 13:08:39.724 D/BatteryChargeControl( 2280): bcc get no support from charging protocol
04-11 13:08:39.726 D/AdfrV32FrameRateUtils( 8338): animationVelocityCalculator: nullbounds: 0 0 1264 2780
04-11 13:08:39.726 D/AdfrV32FrameRateUtils( 8338): animationVelocityCalculator: nullbounds: 0 0 1264 2780
04-11 13:08:39.738 E/CwbService( 2181): Panel not support apl read or getDisplayPanelAplValue timeout 10ms.
04-11 13:08:39.738 D/SensorFeature( 2258): name=ssc_screenshot_info ,index = 22
04-11 13:08:39.739 D/SensorFeature( 2258): write 39 bytes:931335134037121,931335142370454,36665,0
04-11 13:08:39.743 D/AdfrV32FrameRateUtils( 8338): animationVelocityCalculator: nullbounds: 0 0 1264 2780
04-11 13:08:39.743 D/AdfrV32FrameRateUtils( 8338): animationVelocityCalculator: nullbounds: 0 0 1264 2780
04-11 13:08:39.751 I/ostats_tpd(10330): stats_write, records atomId:100100, event_id:903, cpu:1, values: 903-0-1-213-(cpu-1-0-1)-26-0-1
04-11 13:08:39.751 I/ThermalEngine(10385): VIRTUAL-CPU-L-PID, Update received trip sensor cpu-1-0-1 92300
04-11 13:08:39.751 I/ostats_tpd(10330): stats_write, records atomId:100100, event_id:903, cpu:5, values: 903-0-1-10614-(cpu-1-0-1)-26-0-1
04-11 13:08:39.759 I/ThermalEngine(10385): VIRTUAL-CPU-L-PID, Update received trip sensor cpu-1-0-1 79900
04-11 13:08:39.760 D/AdfrV32FrameRateUtils( 8338): animationVelocityCalculator: nullbounds: 0 0 1264 2780
04-11 13:08:39.760 D/AdfrV32FrameRateUtils( 8338): animationVelocityCalculator: nullbounds: 0 0 1264 2780
04-11 13:08:39.760 I/ThermalEngine(10385): VIRTUAL-CPU-L-PID, Update received trip sensor cpu-1-1-1 92300
04-11 13:08:39.760 I/ostats_tpd(10330): stats_write, records atomId:100100, event_id:903, cpu:1, values: 903-0-1-213-(cpu-1-1-1)-28-0-1
04-11 13:08:39.760 I/ostats_tpd(10330): stats_write, records atomId:100100, event_id:903, cpu:5, values: 903-0-1-10614-(cpu-1-1-1)-28-0-1
04-11 13:08:39.762 W/PackageManager( 3590): package com.binance.monitor uid 10512 pid 30023 call SetEnabledSetting(com.binance.monitor component = com.binance.monitor.launcher.IconFinancialAlias, 1, 0)
04-11 13:08:39.762 W/PackageManager( 3590): package com.binance.monitor uid 10512 pid 30023 call SetEnabledSetting(com.binance.monitor component = com.binance.monitor.launcher.IconVintageAlias, 2, 0)
04-11 13:08:39.762 W/PackageManager( 3590): package com.binance.monitor uid 10512 pid 30023 call SetEnabledSetting(com.binance.monitor component = com.binance.monitor.launcher.IconBinanceAlias, 2, 0)
04-11 13:08:39.762 W/PackageManager( 3590): package com.binance.monitor uid 10512 pid 30023 call SetEnabledSetting(com.binance.monitor component = com.binance.monitor.launcher.IconTradingViewAlias, 2, 0)
04-11 13:08:39.762 W/PackageManager( 3590): package com.binance.monitor uid 10512 pid 30023 call SetEnabledSetting(com.binance.monitor component = com.binance.monitor.launcher.IconLightAlias, 2, 0)
04-11 13:08:39.765 I/ThermalEngine(10385): VIRTUAL-CPU-L-PID, Update received trip sensor cpu-1-1-1 79900
04-11 13:08:39.771 I/binance.monitor(30023): ThrowNoClassDefFoundError when open swordfish
04-11 13:08:39.771 I/binance.monitor(30023): ThrowNoClassDefFoundError when open swordfish
04-11 13:08:39.771 I/binance.monitor(30023): ThrowNoClassDefFoundError when open swordfish
04-11 13:08:39.771 I/binance.monitor(30023): ThrowNoClassDefFoundError when open swordfish
04-11 13:08:39.771 I/binance.monitor(30023): ThrowNoClassDefFoundError when open swordfish
04-11 13:08:39.771 I/binance.monitor(30023): ThrowNoClassDefFoundError when open swordfish
04-11 13:08:39.771 I/binance.monitor(30023): ThrowNoClassDefFoundError when open swordfish
04-11 13:08:39.771 I/binance.monitor(30023): ThrowNoClassDefFoundError when open swordfish
04-11 13:08:39.771 I/binance.monitor(30023): ThrowNoClassDefFoundError when open swordfish
04-11 13:08:39.771 I/binance.monitor(30023): ThrowNoClassDefFoundError when open swordfish
04-11 13:08:39.771 I/binance.monitor(30023): ThrowNoClassDefFoundError when open swordfish
04-11 13:08:39.771 I/binance.monitor(30023): ThrowNoClassDefFoundError when open swordfish
04-11 13:08:39.771 I/binance.monitor(30023): ThrowNoClassDefFoundError when open swordfish
04-11 13:08:39.771 I/binance.monitor(30023): ThrowNoClassDefFoundError when open swordfish
04-11 13:08:39.776 D/AdfrV32FrameRateUtils( 8338): animationVelocityCalculator: nullbounds: 0 0 1264 2780
04-11 13:08:39.777 D/AdfrV32FrameRateUtils( 8338): animationVelocityCalculator: nullbounds: 0 0 1264 2780
04-11 13:08:39.778 I/ActivityManager( 3590): Flag disabled. Ignoring finishAttachApplication from uid: 10512. pid: 30023
04-11 13:08:39.779 I/[UAH_CLIENT]( 3590): UahEventAcquire, cmdid:2, pkg:none, identity:OplusActivityManagerServiceEnhance
04-11 13:08:39.780 D/GpuServiceExtImpl( 2391): getRUSWhiteList  size 2
04-11 13:08:39.780 I/HWUI    (30023): SupportApps size 2
04-11 13:08:39.780 D/ExtensionsLoader(30023): createInstance(64bit) : createExtendedFactory
04-11 13:08:39.781 D/ExtensionsLoader(30023): Opened libSchedAssistExtImpl.so
04-11 13:08:39.781 E/SchedAssist(30023): open sharedFd failed with error=Permission denied
04-11 13:08:39.781 E/SchedAssist(30023): open sharedFd failed with error=Permission denied
04-11 13:08:39.781 E/SchedAssist(30023): open sharedFd failed with error=Permission denied
04-11 13:08:39.781 D/ExtensionsLoader(30023): createInstance(64bit) : createExtendedFactory
04-11 13:08:39.781 D/ExtensionsLoader(30023): Opened libSchedAssistExtImpl.so
04-11 13:08:39.781 I/DisplayManager(30023): Choreographer implicitly registered for the refresh rate.
04-11 13:08:39.782 I/binance.monitor(30023): AssetManager2(0xb400007246ca0a28) locale list changing from [] to [zh-CN]
04-11 13:08:39.782 D/ResourcesManagerExtImpl(30023): applyConfigurationToAppResourcesLocked app.getDisplayId() return callback.displayId:0
04-11 13:08:39.786 D/colorx  (30023): I can't find colorx layer , let's enumerate colorx layers first.
04-11 13:08:39.789 D/AppCompatDelegate(30023): Checking for metadata for AppLocalesMetadataHolderService : Service not found
04-11 13:08:39.790 I/binance.monitor(30023): AssetManager2(0xb400007246dd8928) locale list changing from [] to [zh-CN]
04-11 13:08:39.791 E/ashmem  (30023): Pinning is deprecated since Android Q. Please use trim or other methods.
04-11 13:08:39.793 I/qspmHal ( 2226): enter getGpuProf at: 2062626545
04-11 13:08:39.793 I/qspmHal ( 2226): PID 30023 from GFX matched.
04-11 13:08:39.793 I/qspmHal ( 2226): gpuProfName:com.binance.monitor-gpu - gpu prof_info.path:/data/vendor/gaming/com.binance.monitor-gpu
04-11 13:08:39.793 E/qspmHal ( 2226): GPU profile file NOT found !!
04-11 13:08:39.793 D/AdfrV32FrameRateUtils( 8338): animationVelocityCalculator: nullbounds: 0 0 1264 2780
04-11 13:08:39.794 D/AdfrV32FrameRateUtils( 8338): animationVelocityCalculator: nullbounds: 0 0 1264 2780
04-11 13:08:39.794 I/AdrenoVK-0(30023): ===== BEGIN DUMP OF OVERRIDDEN SETTINGS =====
04-11 13:08:39.794 I/AdrenoVK-0(30023): ===== END DUMP OF OVERRIDDEN SETTINGS =====
04-11 13:08:39.795 E/OplusPredictiveBackController(30023):  NoSuchMethodException 
04-11 13:08:39.795 E/OplusPredictiveBackController(30023):  NoSuchMethodException 
04-11 13:08:39.795 E/OplusPredictiveBackController(30023):  NoSuchMethodException 
04-11 13:08:39.795 D/OplusPredictiveBackController(30023): initPredictiveBackConfig for com.binance.monitor.ui.main.MainActivity@e3565b0 initPredictiveBackConfig mShouldInterceptKeyEvent false
04-11 13:08:39.795 D/WindowOnBackDispatcher(30023):  predictive settings is disabled for com.binance.monitor
04-11 13:08:39.797 D/qdgralloc(30023): Fetching IMapper5 from QtiMapper5
04-11 13:08:39.797 I/oplus.android.OplusFrameworkFactoryImpl(30023): Unknow feature:IOplusTextViewRTLUtilForUG
04-11 13:08:39.800 D/ScrollOptimizationHelper(30023): can't find the config file for optimizaiton
04-11 13:08:39.800 D/ScrollOptimizationHelper(30023): will not debug for debug is false
04-11 13:08:39.803 I/SnapAlloc(30023): Graphics lib is available
04-11 13:08:39.804 E/OplusCustomizeRestrictionManager(30023): sInstance is null, start a new sInstance
04-11 13:08:39.807 I/Adreno-UNKNOWN(30023): Using previously loaded IMapper library.
04-11 13:08:39.809 I/AdrenoVK-0(30023): QUALCOMM build          : d9c51359ee, Ib0a60ffc99
04-11 13:08:39.809 I/AdrenoVK-0(30023): Build Date              : 12/19/25
04-11 13:08:39.809 I/AdrenoVK-0(30023): Shader Compiler Version : E031.47.18.44
04-11 13:08:39.809 I/AdrenoVK-0(30023): Local Branch            : 
04-11 13:08:39.809 I/AdrenoVK-0(30023): Remote Branch           : refs/tags/AU_LINUX_ANDROID_LA.VENDOR.15.4.0.11.00.00.1088.837
04-11 13:08:39.809 I/AdrenoVK-0(30023): Remote Branch           : NONE
04-11 13:08:39.809 I/AdrenoVK-0(30023): Reconstruct Branch      : NOTHING
04-11 13:08:39.809 I/AdrenoVK-0(30023): Build Config            : S P 18.0.0 AArch64
04-11 13:08:39.809 I/AdrenoVK-0(30023): Driver Path             : /vendor/lib64/hw/vulkan.adreno.so
04-11 13:08:39.809 I/AdrenoVK-0(30023): Driver Version          : 0800.67
04-11 13:08:39.809 I/AdrenoVK-0(30023): PFP                     : 0x01500081
04-11 13:08:39.809 I/AdrenoVK-0(30023): ME                      : 0x01500022
04-11 13:08:39.809 I/AdrenoVK-0(30023): Application Name    : android framework
04-11 13:08:39.809 I/AdrenoVK-0(30023): Process Name        : com.binance.monitor
04-11 13:08:39.809 I/AdrenoVK-0(30023): Application Version : 0x00000000
04-11 13:08:39.809 I/AdrenoVK-0(30023): Engine Name         : android framework
04-11 13:08:39.809 I/AdrenoVK-0(30023): Engine Version      : 0x00000000
04-11 13:08:39.809 I/AdrenoVK-0(30023): Api Version         : 0x00401000
04-11 13:08:39.810 D/AdfrV32FrameRateUtils( 8338): animationVelocityCalculator: nullbounds: 0 0 1264 2780
04-11 13:08:39.810 D/AdfrV32FrameRateUtils( 8338): animationVelocityCalculator: nullbounds: 0 0 1264 2780
04-11 13:08:39.812 D/ExtensionsLoader(30023): createInstance(64bit) : createExtendedFactory
04-11 13:08:39.812 D/ExtensionsLoader(30023): Opened libeglextimpl.so
04-11 13:08:39.812 D/PreCache(30023): [IPreCacheRus]loadRUSConfigs#102 failed to transact: -22 prc:com.binance.monitor
04-11 13:08:39.816 I/OplusHansManager ( 3590): uid=99910345, pkg=com.tencent.mm M FastFreeze is on, delay the transition to F until FastFreezerExit
04-11 13:08:39.826 D/AdfrV32FrameRateUtils( 8338): animationVelocityCalculator: nullbounds: 0 0 1264 2780
04-11 13:08:39.826 D/AdfrV32FrameRateUtils( 8338): animationVelocityCalculator: nullbounds: 0 0 1264 2780
04-11 13:08:39.836 D/OplusInputMethodUtil(30023): init sDebug to false, init sDebugIme to false, init sAlwaysOn to false
04-11 13:08:39.836 D/OplusInputMethodUtil(30023): updateDebugToClass InputMethodManager.DEBUG = false
04-11 13:08:39.836 D/OplusInputMethodUtil(30023): updateDebugToClass ImeFocusController.DEBUG = false
04-11 13:08:39.836 D/OplusInputMethodUtil(30023): updateDebugToClass OnBackInvokedDispatcher.DEBUG = false
04-11 13:08:39.836 D/OplusInputMethodUtil(30023): updateDebugToClass InsetsController.DEBUG = false
04-11 13:08:39.836 D/OplusInputMethodUtil(30023): updateDebugToClass BaseInputConnection.DEBUG = false
