--------- beginning of main
04-11 13:08:38.179 D/SubsysCallManager(13839): parseMdmInfoData len:392
04-11 13:08:38.179 I/OplusObrain(15031): OplusObrainClientInvoke.nativeGetTelephonyInfo
04-11 13:08:38.179 D/OplusGameImsReg(13839): receive handle Message:MSG_NEC_DATA_IND_SIM1
04-11 13:08:38.179 D/SubsysCallManager(13839): onMdmEvent moduleId:6,eventId:4
04-11 13:08:38.179 D/ModemDataAnalysis(13839): phoneId = 0, moduleId = 6, onEvent...4, version = 0, size:380
04-11 13:08:38.179 E/AMC     (13839): [P-mpss_reset/1] execute failed in triggers[0]:[sleept:7][sleept:801]
04-11 13:08:38.179 E/AMC     (13839): [P-pidnetdisable_recovery] execute failed in triggers[0]:[sleept:7][pidnetdisable:null]
04-11 13:08:38.179 I/AMC     (13839): [P-standby_5gbackoff/0] execute single in triggers[0]:[sleept:7][sleept:389] successfully!
04-11 13:08:38.179 I/OplusObrain(15031): OplusObrainClientInvoke.nativeGetTrafficTypeInfoForNetworkType networkType 0
04-11 13:08:38.179 D/KernelStatsHelper( 3590): getKernelStats start!
04-11 13:08:38.179 D/OplusNetlinkSocket( 3590): handleNetlinkRecvKernelMessage:nlmsghdr:StructNlMsgHdr{ nlmsg_len{3004}, nlmsg_type{43()}, nlmsg_flags{0()}, nlmsg_seq{0}, nlmsg_pid{235282228} }
04-11 13:08:38.179 D/KernelStatsHelper( 3590): get magic :[-1, -1, -1, 77, 65, 71, 73, 67]
04-11 13:08:38.179 D/KernelStatsHelper( 3590): magic matched count:622 data_len:32344
04-11 13:08:38.179 D/OplusNetlinkSocket( 3590): handleNetlinkRecvKernelMessage:nlmsghdr:StructNlMsgHdr{ nlmsg_len{2988}, nlmsg_type{43()}, nlmsg_flags{0()}, nlmsg_seq{0}, nlmsg_pid{235282228} }
04-11 13:08:38.180 D/OplusNetlinkSocket( 3590): handleNetlinkRecvKernelMessage:nlmsghdr:StructNlMsgHdr{ nlmsg_len{2988}, nlmsg_type{43()}, nlmsg_flags{0()}, nlmsg_seq{0}, nlmsg_pid{235282228} }
04-11 13:08:38.180 D/OplusNetlinkSocket( 3590): handleNetlinkRecvKernelMessage:nlmsghdr:StructNlMsgHdr{ nlmsg_len{2988}, nlmsg_type{43()}, nlmsg_flags{0()}, nlmsg_seq{0}, nlmsg_pid{235282228} }
04-11 13:08:38.180 D/OplusNetlinkSocket( 3590): handleNetlinkRecvKernelMessage:nlmsghdr:StructNlMsgHdr{ nlmsg_len{2988}, nlmsg_type{43()}, nlmsg_flags{0()}, nlmsg_seq{0}, nlmsg_pid{235282228} }
04-11 13:08:38.180 D/OplusNetlinkSocket( 3590): handleNetlinkRecvKernelMessage:nlmsghdr:StructNlMsgHdr{ nlmsg_len{2988}, nlmsg_type{43()}, nlmsg_flags{0()}, nlmsg_seq{0}, nlmsg_pid{235282228} }
04-11 13:08:38.180 D/OplusNetlinkSocket( 3590): handleNetlinkRecvKernelMessage:nlmsghdr:StructNlMsgHdr{ nlmsg_len{2988}, nlmsg_type{43()}, nlmsg_flags{0()}, nlmsg_seq{0}, nlmsg_pid{235282228} }
04-11 13:08:38.180 D/OplusNetlinkSocket( 3590): handleNetlinkRecvKernelMessage:nlmsghdr:StructNlMsgHdr{ nlmsg_len{2988}, nlmsg_type{43()}, nlmsg_flags{0()}, nlmsg_seq{0}, nlmsg_pid{235282228} }
04-11 13:08:38.180 D/OplusNetlinkSocket( 3590): handleNetlinkRecvKernelMessage:nlmsghdr:StructNlMsgHdr{ nlmsg_len{2988}, nlmsg_type{43()}, nlmsg_flags{0()}, nlmsg_seq{0}, nlmsg_pid{235282228} }
04-11 13:08:38.180 D/OplusNetlinkSocket( 3590): handleNetlinkRecvKernelMessage:nlmsghdr:StructNlMsgHdr{ nlmsg_len{2988}, nlmsg_type{43()}, nlmsg_flags{0()}, nlmsg_seq{0}, nlmsg_pid{235282228} }
04-11 13:08:38.180 D/OplusNetlinkSocket( 3590): handleNetlinkRecvKernelMessage:nlmsghdr:StructNlMsgHdr{ nlmsg_len{2728}, nlmsg_type{43()}, nlmsg_flags{0()}, nlmsg_seq{0}, nlmsg_pid{235282228} }
04-11 13:08:38.180 D/KernelStatsHelper( 3590): data over! check: true
04-11 13:08:38.180 I/AMC     (13839): [P-standby_5gbackoff/0] execute check triggers[0]:[call, oos, inactive, charge, sleept, endcactt, screen] logical:and
04-11 13:08:38.180 E/AMC     (13839): [P-standby_5gbackoff/0] execute failed check triggers[0]:[sleept:7][inactive:false, charge:true, endcactt:0, screen:true]
04-11 13:08:38.180 I/AMC     (13839): [P-standby_5gbackoff/1] execute single in triggers[0]:[sleept:7][sleept:389] successfully!
04-11 13:08:38.181 I/AMC     (13839): [P-standby_5gbackoff/1] execute check triggers[0]:[call, oos, inactive, charge, sleept, endcactt, screen] logical:and
04-11 13:08:38.181 E/AMC     (13839): [P-standby_5gbackoff/1] execute failed check triggers[0]:[sleept:7][inactive:false, charge:true, endcactt:0, screen:true]
04-11 13:08:38.192 I/android.hardware.power.stats-impl.oplus( 2247): subSystem data{ name:adsp, totalSleepCount:74685588, totalSleepTime:665473811}
04-11 13:08:38.192 I/android.hardware.power.stats-impl.oplus( 2247): subSystem data{ name:adsp_island, totalSleepCount:2658852, totalSleepTime:122602049}
04-11 13:08:38.192 I/android.hardware.power.stats-impl.oplus( 2247): subSystem data{ name:apss, totalSleepCount:5179658, totalSleepTime:135135749}
04-11 13:08:38.192 I/android.hardware.power.stats-impl.oplus( 2247): subSystem data{ name:cdsp, totalSleepCount:5040, totalSleepTime:920710724}
04-11 13:08:38.192 I/android.hardware.power.stats-impl.oplus( 2247): subSystem data{ name:mpss, totalSleepCount:6115301, totalSleepTime:367354260}
04-11 13:08:38.192 I/android.hardware.power.stats-impl.oplus( 2247): subSystem data{ name:vlow, totalSleepCount:1140851, totalSleepTime:31736515}
04-11 13:08:38.192 I/android.hardware.power.stats-impl.oplus( 2247): subSystem data{ name:vmin, totalSleepCount:445025, totalSleepTime:40154489}
04-11 13:08:38.208 E/WifiHAL ( 2123): wifi_get_cached_scan_results: Wifi Cached Scan Result not supported by driver
04-11 13:08:38.208 E/WifiStaIfaceAidlImpl( 3590): getCachedScanData failed with service-specific exception: android.os.ServiceSpecificException:  (code 4)
04-11 13:08:38.221 D/gaia-GaiaConnectChecker(13843): start connect check++
04-11 13:08:38.231 I/SDM     ( 2181): DisplayBuiltIn::IdlePowerCollapse: IPC received, disabling partial update for one frame
--------- beginning of system
04-11 13:08:38.234 D/NotificationService--OplusNotificationFixHelper( 3590): fixAppIcon: pkg=com.v2ray.ang
04-11 13:08:38.234 D/NotificationService--OplusNotificationFixHelper( 3590): fixAppIcon: appIcon = null, pkg = com.v2ray.ang
04-11 13:08:38.234 D/NotificationService--NotificationRecord( 3590): isSupportRearLight , isRearLight = false mLedRM = false isMultilLed = false
04-11 13:08:38.234 I/OplusStatusBarManagerServiceEnhance( 3590):  getTopIsFullscreen mTopIsFullscreen: false
04-11 13:08:38.234 W/ActivityManager( 3590): Permission Denial: getTopApplicationInfo from pid=18198, uid=10397 requires oplus.permission.OPLUS_COMPONENT_SAFE
04-11 13:08:38.234 E/OplusNotificationCenter( 3590): getForegroundApplication exception
04-11 13:08:38.234 D/NotificationService--OplusNotificationManagerServiceExtImpl( 3590): isForwardToAssistants: true, case : Is local notification
04-11 13:08:38.234 D/NotificationService( 3590): This application enqueue notifications is need postDelayed mcsAssistantDelayTime: 50
04-11 13:08:38.240 E/CwbService( 2181): Panel not support apl read or getDisplayPanelAplValue timeout 10ms.
04-11 13:08:38.240 D/SensorFeature( 2258): name=ssc_screenshot_info ,index = 22
04-11 13:08:38.240 D/SensorFeature( 2258): write 39 bytes:931333593089673,931333643839257,36660,0
04-11 13:08:38.241 E/android.system.suspend-service( 1344): Error opening wakeup34/name for wakeup34: Permission denied
04-11 13:08:38.242 E/android.system.suspend-service( 1344): Error opening wakeup34/active_count for wakeup34: Permission denied
04-11 13:08:38.242 E/android.system.suspend-service( 1344): Error opening wakeup34/last_change_ms for wakeup34: Permission denied
04-11 13:08:38.242 E/android.system.suspend-service( 1344): Error opening wakeup34/max_time_ms for wakeup34: Permission denied
04-11 13:08:38.242 E/android.system.suspend-service( 1344): Error opening wakeup34/total_time_ms for wakeup34: Permission denied
04-11 13:08:38.242 E/android.system.suspend-service( 1344): Error opening wakeup34/active_time_ms for wakeup34: Permission denied
04-11 13:08:38.242 E/android.system.suspend-service( 1344): Error opening wakeup34/event_count for wakeup34: Permission denied
04-11 13:08:38.242 E/android.system.suspend-service( 1344): Error opening wakeup34/expire_count for wakeup34: Permission denied
04-11 13:08:38.242 E/android.system.suspend-service( 1344): Error opening wakeup34/prevent_suspend_time_ms for wakeup34: Permission denied
04-11 13:08:38.242 E/android.system.suspend-service( 1344): Error opening wakeup34/wakeup_count for wakeup34: Permission denied
04-11 13:08:38.245 E/android.system.suspend-service( 1344): Error opening wakeup55/name for wakeup55: Permission denied
04-11 13:08:38.245 E/android.system.suspend-service( 1344): Error opening wakeup55/active_count for wakeup55: Permission denied
04-11 13:08:38.245 E/android.system.suspend-service( 1344): Error opening wakeup55/last_change_ms for wakeup55: Permission denied
04-11 13:08:38.245 E/android.system.suspend-service( 1344): Error opening wakeup55/max_time_ms for wakeup55: Permission denied
04-11 13:08:38.245 E/android.system.suspend-service( 1344): Error opening wakeup55/total_time_ms for wakeup55: Permission denied
04-11 13:08:38.245 E/android.system.suspend-service( 1344): Error opening wakeup55/active_time_ms for wakeup55: Permission denied
04-11 13:08:38.245 E/android.system.suspend-service( 1344): Error opening wakeup55/event_count for wakeup55: Permission denied
04-11 13:08:38.245 E/android.system.suspend-service( 1344): Error opening wakeup55/expire_count for wakeup55: Permission denied
04-11 13:08:38.246 E/android.system.suspend-service( 1344): Error opening wakeup55/prevent_suspend_time_ms for wakeup55: Permission denied
04-11 13:08:38.246 E/android.system.suspend-service( 1344): Error opening wakeup55/wakeup_count for wakeup55: Permission denied
04-11 13:08:38.246 E/android.system.suspend-service( 1344): Error opening wakeup63/name for wakeup63: Permission denied
04-11 13:08:38.246 E/android.system.suspend-service( 1344): Error opening wakeup63/active_count for wakeup63: Permission denied
04-11 13:08:38.247 E/android.system.suspend-service( 1344): Error opening wakeup63/last_change_ms for wakeup63: Permission denied
04-11 13:08:38.247 E/android.system.suspend-service( 1344): Error opening wakeup63/max_time_ms for wakeup63: Permission denied
04-11 13:08:38.247 E/android.system.suspend-service( 1344): Error opening wakeup63/total_time_ms for wakeup63: Permission denied
04-11 13:08:38.247 E/android.system.suspend-service( 1344): Error opening wakeup63/active_time_ms for wakeup63: Permission denied
04-11 13:08:38.247 E/android.system.suspend-service( 1344): Error opening wakeup63/event_count for wakeup63: Permission denied
04-11 13:08:38.247 E/android.system.suspend-service( 1344): Error opening wakeup63/expire_count for wakeup63: Permission denied
04-11 13:08:38.247 E/android.system.suspend-service( 1344): Error opening wakeup63/prevent_suspend_time_ms for wakeup63: Permission denied
04-11 13:08:38.247 E/android.system.suspend-service( 1344): Error opening wakeup63/wakeup_count for wakeup63: Permission denied
04-11 13:08:38.248 E/android.system.suspend-service( 1344): Error opening wakeup41/name for wakeup41: Permission denied
04-11 13:08:38.248 E/android.system.suspend-service( 1344): Error opening wakeup41/active_count for wakeup41: Permission denied
04-11 13:08:38.248 E/android.system.suspend-service( 1344): Error opening wakeup41/last_change_ms for wakeup41: Permission denied
04-11 13:08:38.248 E/android.system.suspend-service( 1344): Error opening wakeup41/max_time_ms for wakeup41: Permission denied
04-11 13:08:38.248 E/android.system.suspend-service( 1344): Error opening wakeup41/total_time_ms for wakeup41: Permission denied
04-11 13:08:38.249 E/android.system.suspend-service( 1344): Error opening wakeup41/active_time_ms for wakeup41: Permission denied
04-11 13:08:38.249 E/android.system.suspend-service( 1344): Error opening wakeup41/event_count for wakeup41: Permission denied
04-11 13:08:38.249 E/android.system.suspend-service( 1344): Error opening wakeup41/expire_count for wakeup41: Permission denied
04-11 13:08:38.249 E/android.system.suspend-service( 1344): Error opening wakeup41/prevent_suspend_time_ms for wakeup41: Permission denied
04-11 13:08:38.249 E/android.system.suspend-service( 1344): Error opening wakeup41/wakeup_count for wakeup41: Permission denied
04-11 13:08:38.273 D/BatteryExternalStatsWorker( 3590): end updateExternalStatsSync
04-11 13:08:38.274 E/PhoneInterfaceManager( 8406): queryModemActivityInfo: invalid response
04-11 13:08:38.275 D/TelephonyManager( 3590): requestModemActivityInfo: Sending result to app: ModemActivityInfo{ mTimestamp=931333592 mSleepTimeMs=144921216 mIdleTimeMs=6202476 mActivityStatsTechSpecificInfo=[{mRat=UNKNOWN,mFrequencyRange=UNKNOWN,mTxTimeMs[]=[169169, 149977, 216053, 160511, 160661],mRxTimeMs=391326543}]}
04-11 13:08:38.288 I/SystemUi--Notification( 8338): OplusLiveAlertNotificationsRepository-->onRankingApplied
04-11 13:08:38.294 I/PluginSeedling--Track( 8338): RequestHandler-->notificationUpdated 0|com.v2ray.ang|1|null|10397 postTime: 1775884118234
04-11 13:08:38.295 E/LockScreenNotificationDispatcherImp( 8338): updateNotificationListOnKg size:0
04-11 13:08:38.296 E/BluetoothPowerStatsCollector( 3590): Cannot acquire BluetoothActivityEnergyInfo
04-11 13:08:38.296 E/BluetoothPowerStatsCollector( 3590): java.util.concurrent.ExecutionException: java.lang.RuntimeException: error: 9
04-11 13:08:38.296 E/BluetoothPowerStatsCollector( 3590): 	at java.util.concurrent.CompletableFuture.reportGet(CompletableFuture.java:372)
04-11 13:08:38.296 E/BluetoothPowerStatsCollector( 3590): 	at java.util.concurrent.CompletableFuture.get(CompletableFuture.java:2072)
04-11 13:08:38.296 E/BluetoothPowerStatsCollector( 3590): 	at com.android.server.power.stats.BluetoothPowerStatsCollector.collectBluetoothActivityInfo(BluetoothPowerStatsCollector.java:192)
04-11 13:08:38.296 E/BluetoothPowerStatsCollector( 3590): 	at com.android.server.power.stats.BluetoothPowerStatsCollector.collectStats(BluetoothPowerStatsCollector.java:155)
04-11 13:08:38.296 E/BluetoothPowerStatsCollector( 3590): 	at com.android.server.power.stats.PowerStatsCollector.collectAndDeliverStats(PowerStatsCollector.java:176)
04-11 13:08:38.296 E/BluetoothPowerStatsCollector( 3590): 	at com.android.server.power.stats.PowerStatsCollector$$ExternalSyntheticLambda0.run(D8$$SyntheticClass:0)
04-11 13:08:38.296 E/BluetoothPowerStatsCollector( 3590): 	at android.os.Handler.handleCallback(Handler.java:1027)
04-11 13:08:38.296 E/BluetoothPowerStatsCollector( 3590): 	at android.os.Handler.dispatchMessage(Handler.java:108)
04-11 13:08:38.296 E/BluetoothPowerStatsCollector( 3590): 	at android.os.Looper.loopOnce(Looper.java:302)
04-11 13:08:38.296 E/BluetoothPowerStatsCollector( 3590): 	at android.os.Looper.loop(Looper.java:412)
04-11 13:08:38.296 E/BluetoothPowerStatsCollector( 3590): 	at android.os.HandlerThread.run(HandlerThread.java:85)
04-11 13:08:38.296 E/BluetoothPowerStatsCollector( 3590): Caused by: java.lang.RuntimeException: error: 9
04-11 13:08:38.296 E/BluetoothPowerStatsCollector( 3590): 	at com.android.server.power.stats.BluetoothPowerStatsCollector$1.onBluetoothActivityEnergyInfoError(BluetoothPowerStatsCollector.java:181)
04-11 13:08:38.296 E/BluetoothPowerStatsCollector( 3590): 	at android.bluetooth.BluetoothAdapter$OnBluetoothActivityEnergyInfoProxy.lambda$onError$2(BluetoothAdapter.java:1097)
04-11 13:08:38.296 E/BluetoothPowerStatsCollector( 3590): 	at android.bluetooth.BluetoothAdapter$OnBluetoothActivityEnergyInfoProxy$$ExternalSyntheticLambda0.run(D8$$SyntheticClass:0)
04-11 13:08:38.296 E/BluetoothPowerStatsCollector( 3590): 	at com.android.server.SystemServerInitThreadPool$$ExternalSyntheticLambda0.execute(D8$$SyntheticClass:0)
04-11 13:08:38.296 E/BluetoothPowerStatsCollector( 3590): 	at android.bluetooth.BluetoothAdapter$OnBluetoothActivityEnergyInfoProxy.onError(BluetoothAdapter.java:1097)
04-11 13:08:38.296 E/BluetoothPowerStatsCollector( 3590): 	at android.bluetooth.BluetoothAdapter.requestControllerActivityEnergyInfo(BluetoothAdapter.java:2938)
04-11 13:08:38.296 E/BluetoothPowerStatsCollector( 3590): 	at com.android.server.power.stats.BatteryStatsImpl$BluetoothStatsRetrieverImpl.requestControllerActivityEnergyInfo(BatteryStatsImpl.java:503)
04-11 13:08:38.296 E/BluetoothPowerStatsCollector( 3590): 	at com.android.server.power.stats.BluetoothPowerStatsCollector.collectBluetoothActivityInfo(BluetoothPowerStatsCollector.java:170)
04-11 13:08:38.296 E/BluetoothPowerStatsCollector( 3590): 	... 8 more
04-11 13:08:38.296 W/SystemUi--Notification( 8338): OplusNotificationGroupExtImpl-->setChildrenExpanded: groupHeader is null
04-11 13:08:38.296 I/SystemUi--Notification( 8338): LockScreenNotificationDispatcherImp-->updateNotificationListOnKg resultCode: 0
04-11 13:08:38.313 E/WifiHAL ( 2123): wifi_get_cached_scan_results: Wifi Cached Scan Result not supported by driver
04-11 13:08:38.313 E/WifiStaIfaceAidlImpl( 3590): getCachedScanData failed with service-specific exception: android.os.ServiceSpecificException:  (code 4)
04-11 13:08:38.313 D/WifiPowerStatsCollector( 3590): collectWifiActivityInfo: duration : 9220 rx : 0 tx : 0 scan : 0 idleDuration : 0 interval : 152
04-11 13:08:38.314 D/LocalImageResolver( 8338): Couldn't use ImageDecoder for drawable, falling back to non-resized load.
04-11 13:08:38.316 D/OplusNotificationDateTimeView( 8338): setTime mSettingTimeMillis 1775884118232, mSettingLocalDateTime 2026-04-11T13:08:00.232
04-11 13:08:38.317 D/LocalImageResolver( 8338): Couldn't use ImageDecoder for drawable, falling back to non-resized load.
04-11 13:08:38.319 D/LocalImageResolver( 8338): Couldn't use ImageDecoder for drawable, falling back to non-resized load.
04-11 13:08:38.319 D/OplusNotificationDateTimeView( 8338): setTime mSettingTimeMillis 1775884118232, mSettingLocalDateTime 2026-04-11T13:08:00.232
04-11 13:08:38.319 D/OplusNotificationDateTimeView( 8338): setTime mSettingTimeMillis 1775884118232, mSettingLocalDateTime 2026-04-11T13:08:00.232
04-11 13:08:38.320 W/OPLUS_LOG_LOAD(17904): ==LOGS PROG INFO, prog(com.oplus.camera) ==
04-11 13:08:38.320 I/APS_ALOG(17904): flushRoutine g_immediateFlush=0 g_pendingCount=0 g_oobCount=0
04-11 13:08:38.321 I/SystemUi--Notification( 8338): OplusNotificationTempla-->resolveContentMargin: marginTop=112 isChildInGroup=false hasSubtitle=true params.topMargin=112
04-11 13:08:38.322 I/ActivityManager( 3590): Force stopping com.binance.monitor appid=10512 user=0: from pid 30001
04-11 13:08:38.322 W/SystemUi--Notification( 8338): OplusNotificationGroupExtImpl-->setChildrenExpanded: groupHeader is null
04-11 13:08:38.323 W/ProcessStats( 3590): Tracking association SourceState{d07d094 system/1000 BFgs #1264636} whose proc state 4 is better than process ProcessState{703b9ec com.android.wallpaper.livepicker:wallpaperService/10256 pkg=com.android.wallpaper.livepicker} proc state 5 (21 skipped)
04-11 13:08:38.324 D/BootPressureHolder( 3590):  clear delayed queue records for com.binance.monitor
04-11 13:08:38.325 I/AppsFilter( 3590): interaction: PackageSetting{520312a com.android.microdroid.empty_payload/10286} -> PackageSetting{c67ea4f com.binance.monitor/10512} BLOCKED
04-11 13:08:38.325 E/PhoneInterfaceManager( 8406): queryModemActivityInfo: invalid response
04-11 13:08:38.325 I/AppsFilter( 3590): interaction: PackageSetting{8e835f6 com.oplus.locationproxy/10171} -> PackageSetting{c67ea4f com.binance.monitor/10512} BLOCKED
04-11 13:08:38.325 I/AppsFilter( 3590): interaction: PackageSetting{d941df7 com.android.certinstaller/10226} -> PackageSetting{c67ea4f com.binance.monitor/10512} BLOCKED
04-11 13:08:38.325 I/AppsFilter( 3590): interaction: PackageSetting{d3c3464 com.oplus.location/10244} -> PackageSetting{c67ea4f com.binance.monitor/10512} BLOCKED
04-11 13:08:38.325 D/TelephonyManager( 3590): requestModemActivityInfo: Sending result to app: ModemActivityInfo{ mTimestamp=931333592 mSleepTimeMs=144921216 mIdleTimeMs=6202476 mActivityStatsTechSpecificInfo=[{mRat=UNKNOWN,mFrequencyRange=UNKNOWN,mTxTimeMs[]=[169169, 149977, 216053, 160511, 160661],mRxTimeMs=391326543}]}
04-11 13:08:38.325 W/ActivityManager( 3590): Invalid packageName: com.binance.monitor
04-11 13:08:38.327 D/NotificationService--OplusNotificationManagerServiceExtImpl( 3590): notifyDelayRemovedLocked,reason:10020 isGroup:false
04-11 13:08:38.327 D/LocationManagerService( 3590): package com.binance.monitor reset
04-11 13:08:38.327 W/GnssListenerMultiplexer( 3590): onPackageReset com.binance.monitor
04-11 13:08:38.327 W/GnssListenerMultiplexer( 3590): onPackageReset com.binance.monitor
04-11 13:08:38.328 E/LockScreenNotificationDispatcherImp( 8338): updateNotificationListOnKg size:0
04-11 13:08:38.328 I/VibrationEffectConvertor( 3590): onInputMethodListUpdated received, info.size = 3
04-11 13:08:38.328 D/CarrierSvcBindHelper( 8406): onHandleForceStop: [com.binance.monitor]
04-11 13:08:38.328 I/VibrationEffectConvertor( 3590): userid = 0, packageName = com.sohu.inputmethod.sogou
04-11 13:08:38.328 I/VibrationEffectConvertor( 3590): userid = 0, packageName = com.baidu.input_oppo
04-11 13:08:38.328 I/VibrationEffectConvertor( 3590): userid = 0, packageName = com.oplus.securitykeyboard
04-11 13:08:38.328 D/CarrierSvcBindHelper( 8406): No carrier app for: 0
04-11 13:08:38.328 D/CarrierSvcBindHelper( 8406): No carrier app for: 1
04-11 13:08:38.331 W/SystemUi--Notification( 8338): OplusNotificationGroupExtImpl-->setChildrenExpanded: groupHeader is null
04-11 13:08:38.331 I/SystemUi--Notification( 8338): LockScreenNotificationDispatcherImp-->updateNotificationListOnKg resultCode: 0
04-11 13:08:38.352 I/sensors-hal( 2113): handle_oplus_wise_rgb_event:189, high_pwm_light:lux 134.7,cct 5944.3,brl/algo/ir 1309.0/2.0/56.1,pwm/dc 0.0/0.0,rgbc 6209.637695/4194.059570/2672.577148/11795.914062,ts 931333594993897,cnt 9050,flag 36660
04-11 13:08:38.353 I/sensors-hal( 2113): handle_oplus_wise_rgb_event:161, wise_rgb: (9051)(cct, lux, ir)[5944.32, 134.67, 56.143745] (r, g, b, c)[6222.93, 4185.26, 2654.92, 11777.27]                 (pwm, hbm, brl, algo)[0.0 0.0 1309.0 2.0], flag 36660
04-11 13:08:38.424 D/QmiClient( 2727): qmiServiceEventCallback recv msg id 1099
04-11 13:08:38.424 D/QmiClient( 2727): enter -mServiceType 4 onQmiServiceEventCallback msgId 1099
04-11 13:08:38.424 D/QmiClient( 2727): onQmiServiceEventCallback - enter. msgId=1099
04-11 13:08:38.425 D/QmiVsClientEvent( 2727): QosPeriodReportInd MSG IND data_len 2052
04-11 13:08:38.425 D/QmiVsClientEvent( 2727): qmiVsClientNotifyQosPeriodReportIndEvent - RADIO_EVENT_QOS_PERIOD_REPORT_NOTIFY_IND
04-11 13:08:38.425 D/VsProxy ( 2727): handleMessage msg is 2420
04-11 13:08:38.425 D/QmiClient( 3438): qmiServiceEventCallback recv msg id 1099
04-11 13:08:38.425 D/QmiClient( 3438): enter -mServiceType 4 onQmiServiceEventCallback msgId 1099
04-11 13:08:38.425 D/QmiClient( 3438): onQmiServiceEventCallback - enter. msgId=1099
04-11 13:08:38.425 D/QmiVsClientEvent( 3438): QosPeriodReportInd MSG IND data_len 2052
04-11 13:08:38.425 D/QmiVsClientEvent( 3438): qmiVsClientNotifyQosPeriodReportIndEvent - RADIO_EVENT_QOS_PERIOD_REPORT_NOTIFY_IND
04-11 13:08:38.425 D/VsProxy ( 2727): handleQosPeriodReportInd for instance 0 data_len 145
04-11 13:08:38.425 D/VsProxy ( 3438): handleMessage msg is 2420
04-11 13:08:38.425 D/VsProxy ( 3438): handleQosPeriodReportInd for instance 1 data_len 190
04-11 13:08:38.425 D/SubsysRadioIndication[0](14034): radioQosPeriodReportInd result [8, -50, -51, -29, -49, 14, 34, 12, 8, -116, -79, -35, -49, 14, 16, 4, 24, 1, 32, 3, 58, 61, 8, -66, -52, -29, -49, 14, 16, 5, 24, -64, -92, 38, 32, -22, 6, 40, -99, -1, -1, -1, -1, -1, -1, -1, -1, 1, 48, -10, -1, -1, -1, -1, -1, -1, -1, -1, 1, 56, 9, 64, -99, -1, -1, -1, -1, -1, -1, -1, -1, 1, 72, -106, -1, -1, -1, -1, -1, -1, -1, -1, 1, 66, 29, 8, -58, -2, -37, -49, 14, 16, 5, 34, 19, 8, -64, -92, 38, 16, -22, 6, 24, 78, 32, 13, 40, -117, -32, -94, -93, 2, 48, 2, 90, 0, 98, 10, 8, -95, -8, -37, -49, 14, 16, 3, 24, 5, 122, 15, 8, -109, -8, -37, -49, 14, 16, -18, 2, 24, -21, 1, 32, -60, 9]
04-11 13:08:38.425 D/SubsysRadioIndication[1](14034): radioQosPeriodReportInd result [8, -50, -51, -29, -49, 14, 18, 8, 8, -9, -54, -29, -49, 14, 72, 1, 26, 6, 8, -9, -54, -29, -49, 14, 34, 12, 8, -116, -79, -35, -49, 14, 16, 4, 24, 1, 32, 3, 58, 81, 8, -9, -54, -29, -49, 14, 16, 5, 24, -98, -23, 30, 32, -54, 1, 40, -94, -1, -1, -1, -1, -1, -1, -1, -1, 1, 48, -13, -1, -1, -1, -1, -1, -1, -1, -1, 1, 64, -95, -1, -1, -1, -1, -1, -1, -1, -1, 1, 72, -99, -1, -1, -1, -1, -1, -1, -1, -1, 1, 80, -98, -1, -1, -1, -1, -1, -1, -1, -1, 1, 88, -97, -1, -1, -1, -1, -1, -1, -1, -1, 1, 66, 31, 8, -83, -79, -35, -49, 14, 16, 5, 24, 1, 34, 19, 8, -98, -23, 30, 16, -54, 1, 24, 41, 32, 13, 40, -126, -128, -52, -67, 21, 48, 2, 90, 0, 98, 10, 8, -98, -59, -47, -49, 14, 16, 3, 24, 5, 122, 20, 8, -18, -55, -29, -49, 14, 16, -1, -1, 1, 24, -1, -1, 1, 32, -1, -1, -1, -1, 15]
04-11 13:08:38.425 D/NetworkService[1](14034): handleMessage what:1005
04-11 13:08:38.425 D/RadioAtomTracker(14034): parseQosPeriodData ModemQos:CellularQosInfo1{5G, 504990/202, EndcState=1, Band=41, DLBW=13, Rsrp=-94, Rsrq=-13, Snr=0, SvcStatus=3, ULPDCPNumDataPdu=0, ULPDCPNumDropPdu=0, ULPDCPTput=0, ULRLCNumDataPdu=0, ULRLCNumRetxPdu=0, ULGrant=0, ULBSR=0, ULBler=1, DLPDCPNumDataPdu=0, DLPDCPTput=0, DLRLCNumDataPdu=0, DLRLCNumRetxPdu=0, DLRLCNumDropPdu=0, DLMACPaddingBytes=0, DLPdcpNumMissToUppPdu=0, DLBler=0, RlfCount=0, CellChangeCount=0, IsRedirectionOccur=0, IsDualSimConflict=0, Latency=0, Sub1RrcState=1, Sub2RrcState=3, RachCount=0, CalcPower=32767, Mtpl=32767, PathLoss=-1, CellLoad=0}
04-11 13:08:38.425 D/NetworkService[1](14034): EVENT_REG_QOS_PERIOD_REPORT_IND_CHANGED ENTER
04-11 13:08:38.425 D/NetworkService[0](14034): handleMessage what:1005
04-11 13:08:38.425 D/RadioAtomTracker(14034): parseQosPeriodData ModemQos:CellularQosInfo2{5G, 627264/874, EndcState=0, Band=78, DLBW=13, Rsrp=-99, Rsrq=-10, Snr=9, SvcStatus=3, ULPDCPNumDataPdu=-1, ULPDCPNumDropPdu=-1, ULPDCPTput=-1, ULRLCNumDataPdu=-1, ULRLCNumRetxPdu=-1, ULGrant=-1, ULBSR=-1, ULBler=-1, DLPDCPNumDataPdu=-1, DLPDCPTput=-1, DLRLCNumDataPdu=-1, DLRLCNumRetxPdu=-1, DLRLCNumDropPdu=-1, DLMACPaddingBytes=-1, DLPdcpNumMissToUppPdu=-1, DLBler=-1, RlfCount=0, CellChangeCount=0, IsRedirectionOccur=0, IsDualSimConflict=0, Latency=0, Sub1RrcState=1, Sub2RrcState=3, RachCount=0, CalcPower=366, Mtpl=235, PathLoss=1220, CellLoad=0}
04-11 13:08:38.426 D/NetworkService[0](14034): EVENT_REG_QOS_PERIOD_REPORT_IND_CHANGED ENTER
04-11 13:08:38.426 D/AtomModemKpiInfo(14034): handleMessage what:1001
04-11 13:08:38.426 D/AtomModemKpiInfo(14034): analyseQosInfo success
04-11 13:08:38.447 W/ServiceManagerCppClient( 4482): Waited one second for SystemClearService (is service started? Number of threads started in the threadpool: 16. Are binder threads started and available?)
04-11 13:08:38.449 W/libc    ( 1254): Unable to set property "ctl.interface_start" to "aidl/SystemClearService": PROP_ERROR_HANDLE_CONTROL_MESSAGE (0x20)
04-11 13:08:38.483 W/ServiceManagerCppClient( 4482): Waited one second for SystemClearService (is service started? Number of threads started in the threadpool: 16. Are binder threads started and available?)
04-11 13:08:38.485 W/libc    ( 1254): Unable to set property "ctl.interface_start" to "aidl/SystemClearService": PROP_ERROR_HANDLE_CONTROL_MESSAGE (0x20)
04-11 13:08:38.542 D/SensorFeature( 2258): name=ssc_screenshot_info ,index = 22
04-11 13:08:38.542 D/SensorFeature( 2258): write 39 bytes:931333593089673,931333954999413,36661,0
04-11 13:08:38.592 D/OplusTelephonyController( 8406): onSignalStrengthChanged: SignalStrength=SignalStrength:{mCdma=CellSignalStrengthCdma: cdmaDbm=2147483647 cdmaEcio=2147483647 evdoDbm=2147483647 evdoEcio=2147483647 evdoSnr=2147483647 level=0,mGsm=CellSignalStrengthGsm: rssi=2147483647 ber=2147483647 mTa=2147483647 mLevel=0,mWcdma=CellSignalStrengthWcdma: ss=2147483647 ber=2147483647 rscp=2147483647 ecno=2147483647 level=0,mTdscdma=CellSignalStrengthTdscdma: rssi=2147483647 ber=2147483647 rscp=2147483647 level=0,mLte=CellSignalStrengthLte: rssi=2147483647 rsrp=2147483647 rsrq=2147483647 rssnr=2147483647 cqiTableIndex=2147483647 cqi=2147483647 ta=2147483647 level=0 parametersUseForLevel=0,mNr=CellSignalStrengthNr:{ csiRsrp = 2147483647 csiRsrq = 2147483647 csiCqiTableIndex = 2147483647 csiCqiReport = [] ssRsrp = -96 ssRsrq = -11 ssSinr = 10 level = 4 parametersUseForLevel = 0 timingAdvance = 2147483647 },primary=CellSignalStrengthNr}
04-11 13:08:38.596 D/SubsysEventListenerManager-SubsysTelephonyCallback[0](14034): onSignalStrengthsChanged
04-11 13:08:38.598 I/SystemUi--Statusbar( 8338): MobileConnectionRepositoryImpl-->subId:2 isSoftSimCard:false slotId:0
04-11 13:08:38.613 I/SDM     ( 2181): DisplayBuiltIn::IdlePowerCollapse: IPC received, disabling partial update for one frame
04-11 13:08:38.621 D/FusionLightNextGen( 3590): process end reported = 1, mode: 0, cnt: 406090, lux 87.6, cct 6830.7, r/g/b/c: 6478.8/4402.3/2799.1/12352.3, R/G/B: 151.0/143.0/125.0, bri 1309.0, match 1.00, ir 0.069967, conf 5.0, ts 931333936671501
04-11 13:08:38.622 I/sensors-hal( 2113): handle_oplus_wise_rgb_event:161, wise_rgb: (9056)(cct, lux, ir)[6001.60, 132.86, 55.936954] (r, g, b, c)[6455.50, 4372.97, 2781.48, 12268.37]                 (pwm, hbm, brl, algo)[0.0 0.0 1309.0 2.0], flag 36661
04-11 13:08:38.627 D/HLog-HLog( 6374): [metis]updateMemoryCache existPushInfo : 
04-11 13:08:38.627 D/HLog-UpMgr( 6374): [metis]配置是否有变更 : true
04-11 13:08:38.627 D/HLog-HLog( 6374): [metis]findCurrentTraceDto existPushInfo : 
04-11 13:08:38.627 D/HLog-UpMgr( 6374): [metis]检查配置是否有更新 !
04-11 13:08:38.723 D/BatteryChargeControl( 2280): bcc get no support from charging protocol
04-11 13:08:38.834 I/SDM     ( 2181): DisplayBuiltIn::IdlePowerCollapse: IPC received, disabling partial update for one frame
04-11 13:08:38.845 D/SensorFeature( 2258): name=ssc_screenshot_info ,index = 22
04-11 13:08:38.845 D/SensorFeature( 2258): write 39 bytes:931333593089673,931334258057017,36662,0
04-11 13:08:38.850 D/osense.compress( 3590): com.google.android.gms do shrink, target ratio = 60, final ratio = 90, cur ratio = 31
04-11 13:08:38.886 I/sensors-hal( 2113): handle_oplus_wise_rgb_event:189, high_pwm_light:lux 142.7,cct 6027.6,brl/algo/ir 1309.0/2.0/54.5,pwm/dc 0.0/0.0,rgbc 6844.223145/4631.063477/2969.857422/13079.633789,ts 931334203194730,cnt 9060,flag 36662
04-11 13:08:38.886 I/sensors-hal( 2113): handle_oplus_wise_rgb_event:161, wise_rgb: (9061)(cct, lux, ir)[6027.60, 142.72, 54.484604] (r, g, b, c)[6837.58, 4642.79, 2975.74, 13110.72]                 (pwm, hbm, brl, algo)[0.0 0.0 1309.0 2.0], flag 36662
04-11 13:08:38.926 I/AICCTModule( 3590): SensorFilter: brightness threshold 1.2 screenNit is 87.884 ave enviroment lux is 95.610695 luxForNit 86.063736demarcationPoint200.0 result is false
04-11 13:08:38.926 I/AICCTModule( 3590): SensorFilter: findSecondNearestValue, sensorValue: 6530.634 nearestMaxValue:6664.7427 secondNearestValue: 6725.7017
04-11 13:08:38.926 I/AICCTModule( 3590): SensorFilter: findSecondNearestValue, sensorValue: 81.20581 nearestMaxValue:80.89703 secondNearestValue: 80.89703
04-11 13:08:39.010 D/ShellSubscriberWorkerThread(15031): the first 8 bytes empty, and RestData length > 8 
04-11 13:08:39.066 D/QmiClient( 3438): qmiServiceEventCallback recv msg id 47
04-11 13:08:39.066 D/QmiClient( 3438): enter -mServiceType 10 onQmiServiceEventCallback msgId 47
04-11 13:08:39.066 D/QmiClient( 3438): onQmiServiceEventCallback - enter. msgId=47
04-11 13:08:39.066 D/OttProxy( 3438): handleMessage msg is 3001
04-11 13:08:39.067 D/SubsysRadioIndication[1](14034): radioLinkLatencyInfoInd
04-11 13:08:39.067 D/SubsysRadioIndication[1](14034): notify enter
04-11 13:08:39.067 D/NetworkService[1](14034): handleMessage what:1008
04-11 13:08:39.067 D/NetworkService[1](14034): EVENT_REG_LINK_LATENCY_INFO_CHANGE ulLatency:-1
04-11 13:08:39.119 D/IMApp-264-10345(14034): transport layer data is invalid
04-11 13:08:39.119 D/IMApp-255-10345(14034): transport layer data is invalid
04-11 13:08:39.119 D/ScorePolicy(14034): handleScoreChanged: []
04-11 13:08:39.119 D/ScorePolicy(14034): handleScoreChanged: []
04-11 13:08:39.120 D/ScorePolicy(14034): handleScoreChanged: []
04-11 13:08:39.148 D/SensorFeature( 2258): name=ssc_screenshot_info ,index = 22
04-11 13:08:39.148 D/SensorFeature( 2258): write 39 bytes:931333593089673,931334560783944,36663,0
04-11 13:08:39.156 I/sensors-hal( 2113): handle_oplus_wise_rgb_event:161, wise_rgb: (9066)(cct, lux, ir)[6151.19, 147.00, 53.948650] (r, g, b, c)[6644.88, 4502.02, 2878.61, 12706.64]                 (pwm, hbm, brl, algo)[0.0 0.0 1309.0 2.0], flag 36663
04-11 13:08:39.448 W/ServiceManagerCppClient( 4482): Waited one second for SystemClearService (is service started? Number of threads started in the threadpool: 16. Are binder threads started and available?)
04-11 13:08:39.450 D/SensorFeature( 2258): name=ssc_screenshot_info ,index = 22
04-11 13:08:39.450 W/libc    ( 1254): Unable to set property "ctl.interface_start" to "aidl/SystemClearService": PROP_ERROR_HANDLE_CONTROL_MESSAGE (0x20)
04-11 13:08:39.450 D/SensorFeature( 2258): write 39 bytes:931333593089673,931334863605767,36664,0
04-11 13:08:39.454 I/sensors-hal( 2113): handle_oplus_wise_rgb_event:189, high_pwm_light:lux 141.7,cct 6093.5,brl/algo/ir 1309.0/2.0/52.8,pwm/dc 0.0/0.0,rgbc 6242.862305/4220.456543/2681.407227/11886.053711,ts 931334777507126,cnt 9070,flag 36664
04-11 13:08:39.454 I/sensors-hal( 2113): handle_oplus_wise_rgb_event:161, wise_rgb: (9071)(cct, lux, ir)[6093.49, 141.66, 52.809174] (r, g, b, c)[6232.89, 4208.72, 2678.46, 11854.97]                 (pwm, hbm, brl, algo)[0.0 0.0 1309.0 2.0], flag 36664
04-11 13:08:39.462 I/[UAH_CLIENT]( 3590): UahEventAcquire, cmdid:2, pkg:none, identity:com.android.server.wm
04-11 13:08:39.462 E/system_server( 3590): No package ID 7f found for resource ID 0x7f11022d.
04-11 13:08:39.462 W/ActivityTaskManager( 3590): callingPackage for (uid=2000, pid=30011) has no WPC
04-11 13:08:39.465 D/WindowManager( 3590): NFW_setClientVisible:ActivityRecord{46427773 u0 com.binance.monitor/.ui.main.MainActivity clientVisible:true
04-11 13:08:39.465 V/GrammaticalInflectionUtils( 3590): AttributionSource: android.content.AttributionSource@1020978a does not have READ_SYSTEM_GRAMMATICAL_GENDER permission.
04-11 13:08:39.466 D/OplusCompatModeManagerService( 3590): getRequestedConfigurationOrientation  res:1,req:1,config.old:0,config.new:0,ActivityRecord{46427773 u0 com.binance.monitor/.ui.main.MainActivity t-1}
04-11 13:08:39.466 D/OplusCompatModeManagerService( 3590):  onPreActivityRecordConfigurationChanged {0.0 ?mcc??mnc ?localeList ?layoutDir ?swdp ?wdp ?hdp ?density ?lsize ?long ?ldr ?wideColorGamut ?orien ?uimode ?night ?touch ?keyb/?/? ?nav/? winConfig={ mBounds=Rect(0, 0 - 0, 0) mAppBounds=null mMaxBounds=Rect(0, 0 - 0, 0) mDisplayRotation=undefined mWindowingMode=undefined mActivityType=undefined mAlwaysOnTop=undefined mRotation=undefined} ?fontWeightAdjustmentmThemeChanged= 0, mThemeChangedFlags= 0, mFlipFont= 0, mScenario= -1, mAccessibleChanged= 0, mUxIconConfig= 0, mMaterialColor= ffffffffffffffff, mUserId= -1, mFontUserId= -1, mFontVariationSettings= ffffffff, mFoldingAngle = -1.0, mIconPackName= , mDarkModeBackgroundMaxL= -1.0, mDarkModeDialogBgMaxL= -1.0, mDarkModeForegroundMinL= -1.0, mOplusConfigType= 0, mOplusChangedConfigs= 0, OpSans= -1, mBurmeseFontFlag= -1, mFlag= 0, mExtraFlag= 0, mFlexibleActivitySuitable= -1, mPuttDisplayFlag= -1}
04-11 13:08:39.466 D/OplusCompatModeManagerService( 3590):  disable:true,valid:false,computeReq:1,isGameRatio:false
04-11 13:08:39.466 D/OplusCompatModeManagerService( 3590):  getOverrideMinAspectRatioForCompatMode: 0.0 getRawOverrideMinAspectRatioForCompatMode: 0.0
04-11 13:08:39.466 D/OplusCompatModeManagerService( 3590):  ar : ActivityRecord{46427773 u0 com.binance.monitor/.ui.main.MainActivity t-1} displayId:-1 inCompatMode: false
04-11 13:08:39.466 D/OplusCompatModeManagerService( 3590): isDefaultDisplay true oldRect: Rect(0, 0 - 0, 0) newRect Rect(0, 0 - 0, 0)
04-11 13:08:39.466 D/OplusCompatModeManagerService( 3590): reloadCompactRatio mParWorldContainer.isEnabledParallelWindow(pkg):false,mParWorldContainer.isDisabledCompactWindow:false,isUIAutoLayout:false, isFullOrientation: false
04-11 13:08:39.466 D/FlexibleTaskController( 3590): isSupportFlexibleWindow target = com.binance.monitor/.ui.main.MainActivity callPkg = FlexibleTaskController support = true ,caller = 3590
04-11 13:08:39.466 D/ActivityStarterExtImpl( 3590): do not intercept for realCallingAppIsSystemApp or CallingAppIsSystemApp
04-11 13:08:39.466 E/QosSceneRecognizer[ActivityStartScene]( 3590): notifyActivityStart get launchedFromUid failed through AppManager! launchedFromPackage: com.android.shell, pkg: com.binance.monitor
04-11 13:08:39.466 D/FlexibleWindowManagerService( 3590): isIgnoreAppearedAcrossTask:false
04-11 13:08:39.467 D/FlexibleWindowManagerService( 3590): isIgnoreAppearedAcrossTask:false
04-11 13:08:39.467 D/FlexibleTaskController( 3590): findSourceTaskForFreeForm: sourceRecord = null ,realCallingPid:30011 ,launchFromZoomMode:false ,prevTopTask:Task{1abb46b #12626 type=standard A=10345:com.tencent.mm}
04-11 13:08:39.467 D/FlexibleTaskController( 3590): findSourceTaskForFreeForm: the caller is not a flexible freeform window application and does not have a zoom windowMode startup parameter
04-11 13:08:39.467 D/FlexibleTaskController( 3590): adjustOptionsForFlexibleTask not allow options follow process task's options, reason:9 ,reusedOptions:null
04-11 13:08:39.467 D/FlexibleTaskController( 3590): isSupportFlexibleWindow target = com.binance.monitor/.ui.main.MainActivity callPkg = FlexibleTaskController support = true ,caller = 3590
04-11 13:08:39.467 D/FlexibleWindowManagerService( 3590): no reused task found for ActivityRecord{46427773 u0 com.binance.monitor/.ui.main.MainActivity t-1}
04-11 13:08:39.467 I/OPM     ( 3590): handleActivityStart : ActivityRecord{46427773 u0 com.binance.monitor/.ui.main.MainActivity t-1}
04-11 13:08:39.471 D/OplusCompatModeManagerService( 3590): getRequestedConfigurationOrientation  res:1,req:1,config.old:0,config.new:1,ActivityRecord{46427773 u0 com.binance.monitor/.ui.main.MainActivity t13177}
04-11 13:08:39.471 D/OplusCompatModeManagerService( 3590):  onPreActivityRecordConfigurationChanged {1.15 ??mcc??mnc [zh_CN,en_US] ldltr sw361dp w361dp h794dp 560dpi nrml long hdr widecg port night finger -keyb/v/h -nav/h winConfig={ mBounds=Rect(0, 0 - 1264, 2780) mAppBounds=Rect(0, 0 - 1264, 2780) mMaxBounds=Rect(0, 0 - 1264, 2780) mDisplayRotation=ROTATION_0 mWindowingMode=fullscreen mActivityType=standard mAlwaysOnTop=undefined mRotation=ROTATION_0} as.10 s.12661 fontWeightAdjustment=0mThemeChanged= 1, mThemeChangedFlags= 1, mFlipFont= 0, mScenario= 0, mAccessibleChanged= -1, mUxIconConfig= 1e177014640920, mMaterialColor= 100040017, mUserId= 0, mFontUserId= 0, mFontVariationSettings= 11d7, mFoldingAngle = -1.0, mIconPackName= , mDarkModeBackgroundMaxL= 8.0, mDarkModeDialogBgMaxL= 27.0, mDarkModeForegroundMinL= 100.0, mOplusConfigType= 1, mOplusChangedConfigs= 0, OpSans= -1, mBurmeseFontFlag= 2, mFlag= 0, mExtraFlag= 0, mFlexibleActivitySuitable= -1, mPuttDisplayFlag= -1}
04-11 13:08:39.471 D/OplusCompatModeManagerService( 3590):  disable:true,valid:false,computeReq:1,isGameRatio:false
04-11 13:08:39.471 D/OplusCompatModeManagerService( 3590):  getOverrideMinAspectRatioForCompatMode: 0.0 getRawOverrideMinAspectRatioForCompatMode: 0.0
04-11 13:08:39.471 D/OplusCompatModeManagerService( 3590):  ar : ActivityRecord{46427773 u0 com.binance.monitor/.ui.main.MainActivity t13177} displayId:0 inCompatMode: false
04-11 13:08:39.471 D/OplusCompatModeManagerService( 3590): isDefaultDisplay true oldRect: Rect(0, 0 - 0, 0) newRect Rect(0, 0 - 1264, 2780)
04-11 13:08:39.471 D/OplusCompatModeManagerService( 3590): reloadCompactRatio mParWorldContainer.isEnabledParallelWindow(pkg):false,mParWorldContainer.isDisabledCompactWindow:false,isUIAutoLayout:false, isFullOrientation: false
04-11 13:08:39.472 D/SecondaryPageStartupPolicy( 3590): checkSecondaryPageStartupStatus not support sourcePackage=com.android.shell
04-11 13:08:39.472 D/OplusStartingWindowManager( 3590): we don't revise window flags for third app
04-11 13:08:39.472 D/ActivityTaskManager( 3590): validateStartingWindowTheme:  Pkg=com.binance.monitor, Translucent=false, Floating=false, ShowWallpaper=false, Disable=false, LaunchSource=4, Prev=null, LaunchedFromPackage=com.android.shell
04-11 13:08:39.472 D/OplusAlwaysAliveManager( 3590): save launch theme 0x7f11022d for Task{5fe99c3 #13177 type=standard A=10512:com.binance.monitor}, act=com.android.server.wm.OplusAlwaysAliveManager@b38ce16
04-11 13:08:39.472 D/ActivityTaskManager( 3590): addStartingWindow for ActivityRecord{46427773 u0 com.binance.monitor/.ui.main.MainActivity t13177}, mainWin=null, state=INITIALIZING, isKeyguardLocked=false, isKeyguardGoingAway=false
04-11 13:08:39.472 D/ActivityTaskManager( 3590): getStartingWindowType: , newTask=true, taskSwitch=true, processRunning=false, allowTaskSnapshot=true, activityCreated=false, activityAllDrawn=false, snapshot exist: false
04-11 13:08:39.472 D/ActivityRecordExtImpl( 3590): handleStartingWindowForCompactWindow origin type:2, adjustType : 2
04-11 13:08:39.473 D/TaskOrganizerController( 3590): TaskOrganizerController.addStartingWindow: call wmshell to addStartingWindow:ActivityRecord{46427773 u0 com.binance.monitor/.ui.main.MainActivity t13177}
04-11 13:08:39.474 D/ActivityTrigger( 3590): ActivityTrigger activityPauseTrigger 
04-11 13:08:39.474 D/PhoneStartingWindowTypeAlgorithm( 8338): preferredStartingWindowType newTask=true, taskSwitch=true, processRunning=false, allowTaskSnapshot=true, activityCreated=false, isSolidColorSplashScreen=false, legacySplashScreen=false, activityDrawn=false, windowless=false, topIsHome=false
04-11 13:08:39.474 D/OplusShellStartingWindowManager( 8338): getReviseStartingWindowType not support, windowInfo is null
04-11 13:08:39.474 D/TaskFragmentExtImpl( 3590): shouldSetReadyFalse and resumedActivity: ActivityRecord{46427773 u0 com.binance.monitor/.ui.main.MainActivity t13177} prev: ActivityRecord{240062920 u0 com.tencent.mm/.ui.LauncherUI t12626} resumedLaunchFromLauncher: false prevLaunchFromApp: true transitionType: 1
04-11 13:08:39.474 I/[UAH_CLIENT]( 3590): UahEventAcquire, cmdid:1, pkg:com.binance.monitor, identity:com.android.server.wm
04-11 13:08:39.475 V/GrammaticalInflectionUtils( 3590): AttributionSource: android.content.AttributionSource@1020978a does not have READ_SYSTEM_GRAMMATICAL_GENDER permission.
04-11 13:08:39.476 I/ndroid.systemui( 8338): AssetManager2(0xb40000706d572a28) locale list changing from [] to [zh-CN]
04-11 13:08:39.477 D/ActivityTaskManager( 3590): notifyTaskRemoved, task: Task{f60dd48 #13176 type=standard A=10512:com.binance.monitor} trace:com.android.server.wm.RecentTasks.removeForAddTask:1888 com.android.server.wm.RecentTasks.add:1377 com.android.server.wm.ActivityStarter.startActivityInner:3039 com.android.server.wm.ActivityStarter.startActivityUnchecked:2174 com.android.server.wm.ActivityStarter.executeRequest:1924 
04-11 13:08:39.477 D/OplusShellStartingWindowManager( 8338): adjustSuggestedWindowType originType: 1, wi: StartingWindowInfo{taskId=13177 targetActivityInfo=null displayId=0 topActivityType=1 preferredStartingWindowType=8b mainWindowLayoutParams=null splashScreenThemeResId 7f11022d, exi: OplusStartingWindowExtendedInfo{mAppToken=android.os.BinderProxy@2a8609, mSupportSplashScreenPreview=false, mIsSystemApp=false, mIsExceptionListApp=false, mPreviewBitmap=null, mShouldDrawBackground=false, mForceLightMode=false, mForceNightMode=false, mNotSupportNightMode=false, mForcePreview=false, mForceBigIcon=false, mQuickStartingSurface=null, mForceSolidColorSplash=false}
04-11 13:08:39.477 D/OplusShellStartingWindowManager( 8338): adjustSuggestedWindowType: skip no-system app and no-exception list app
04-11 13:08:39.477 D/ActivityTaskManager( 3590): notifyTaskAdded, task: Task{5fe99c3 #13177 type=standard A=10512:com.binance.monitor} trace:com.android.server.wm.RecentTasks.add:1392 com.android.server.wm.ActivityStarter.startActivityInner:3039 com.android.server.wm.ActivityStarter.startActivityUnchecked:2174 com.android.server.wm.ActivityStarter.executeRequest:1924 com.android.server.wm.ActivityStarter.execute:1012 
04-11 13:08:39.478 D/osense.compress( 3590): notifyActivityLaunched pkgName = com.binance.monitor, userId = 0
04-11 13:08:39.478 V/WindowManagerShell( 8338): Transition requested (#27186): android.os.BinderProxy@ae8000e TransitionRequestInfo { type = OPEN, triggerTask = TaskInfo{userId=0 taskId=13177 effectiveUid=10512 displayId=0 isRunning=true baseIntent=Intent { flg=0x10000000 cmp=com.binance.monitor/.ui.main.MainActivity mCallingUid=2000 } baseActivity=ComponentInfo{com.binance.monitor/com.binance.monitor.ui.main.MainActivity} topActivity=ComponentInfo{com.binance.monitor/com.binance.monitor.ui.main.MainActivity} origActivity=null realActivity=ComponentInfo{com.binance.monitor/com.binance.monitor.ui.main.MainActivity}
04-11 13:08:39.478 V/WindowManagerShell( 8338):  numActivities=1 lastActiveTime=931334891 supportsSplitScreenMultiWindow=true supportsMultiWindow=true supportsPocketStudioMultiWindow=true isInFlexibleEmbedded = false uid = 10512 pid = 0 resizeMode=1 isResizeable=true minWidth=-1 minHeight=-1 defaultMinSize=220 token=WCT{android.window.IWindowContainerToken$Stub$Proxy@da07a2f} topActivityType=1 pictureInPictureParams=null shouldDockBigOverlays=false launchIntoPipHostTaskId=-1 lastParentTaskIdBeforePip=-1 displayCutoutSafeInsets=Rect(0, 140 - 0, 0)
04-11 13:08:39.478 V/WindowManagerShell( 8338):  topActivityInfo=ActivityInfo{1e8883c com.binance.monitor.ui.main.MainActivity} launchCookies=[] positionInParent=Point(0, 0) parentTaskId=-1 isFocused=false isVisible=false isVisibleRequested=false isTopActivityNoDisplay=false isSleeping=false locusId=null displayAreaFeatureId=1 isTopActivityTransparent=false isActivityStackTransparent=false lastNonFullscreenBounds=Rect(330, 828 - 935, 2092) capturedLink=null capturedLinkTimestamp=0 requestedVisibleTypes=-9 topActivityRequestOpenInBrowserEducationTimestamp=0
04-11 13:08:39.478 V/WindowManagerShell( 8338):  appCompatTaskInfo=AppCompatTaskInfo { topActivityInSizeCompat=false topActivityInOplusCompatMode=false eligibleForLetterboxEducation= false isLetterboxEducationEnabled= false isLetterboxDoubleTapEnabled= false eligibleForUserAspectRatioButton= false topActivityBoundsLetterboxed= false isFromLetterboxDoubleTap= false topActivityLetterboxVerticalPosition= -1 topActivityLetterboxHorizontalPosition= -1 topActivityLetterboxWidth=-1 topActivityLetterboxHeight=-1 topActivityAppBounds=Rect(0, 140 - 1264, 2780) isUserFullscreenOverrideEnabled=false isSystemFullscreenOverrideEnabled=false hasMinAspectRatioOverride=false topActivityLetterboxBounds=null cameraCompatTaskInfo=CameraCompatTaskInfo { freeformCameraCompatMode=inactive}} topActivityMainWindowFrame=null topActivityLetterboxInsets=Rect(0, 0 - 0, 0)
04-11 13:08:39.478 V/WindowManagerShell( 8338):  mOplusExtraBundle = Bundle[mParcelledData.dataSize=1468]}, pipChange = null, remoteTransition = null, displayChange = null, flags = 0, debugId = 27186 }
04-11 13:08:39.478 I/ActivityTaskManager( 3590): START u0 {flg=0x10000000 xflg=0x4 cmp=com.binance.monitor/.ui.main.MainActivity mCallingUid=2000} with LAUNCH_MULTIPLE from uid 2000 (BAL_ALLOW_PERMISSION (START_ACTIVITIES_FROM_BACKGROUND permission granted)) result code=0
04-11 13:08:39.478 D/ShellSplitScreen( 8338): logExit: no-op, mLoggerSessionId is null
04-11 13:08:39.478 I/iopgp   ( 8543): Iopgp: TRANSACTION_IOPGP_PRELOAD Sequence_id = 1188 pkg_name = com.binance.monitor uid = 10512 size = 1 isProfile = 1
04-11 13:08:39.479 D/ShellStartingWindow( 8338): getWindowAttrs SplashScreenWindowAttrs{ mWindowBgResId: 7f070079, mWindowBgColor: 0, mWindowBgImage: false, mSplashScreenIcon: false, mBrandingImage: false, mIconBgColor: 0, uiMode: 0}
04-11 13:08:39.479 D/WindowManager( 8338): Add to mViews: android.widget.FrameLayout{a1fed41 V.E...... ......I. 0,0-0,0 alpha=1.0 viewInfo = },pkg= com.binance.monitor
04-11 13:08:39.479 D/skia    ( 8338): setRusSupported enable 0
04-11 13:08:39.480 W/ShellStartingWindow( 8338): peekWindowBGColor mWindowBgColor:0 mWindowBgResId:2131165305 estimatedWindowBGColor:-15853009
04-11 13:08:39.480 I/ShellStartingWindow( 8338): makeSplashScreenContentView themeBGColor: ff0e1a2f, isDark: true, last config hash: 1822101690
04-11 13:08:39.481 I/AppSnapshotController( 3590): attachStartingWindow, win = Window{37f4304 u0 Splash Screen com.binance.monitor}, shouldAppSnapshot = false
04-11 13:08:39.481 D/ActivityTaskManager( 3590): attachStartingWindow: mStartingData=SplashScreenStartingData{1e6fb22 removeAfterTransaction= 0}, mAssociatedTask=null, mStartingWindow=Window{37f4304 u0 Splash Screen com.binance.monitor}
04-11 13:08:39.481 I/WindowManager( 3590): addWindow: New client android.os.BinderProxy@615c317 : window=Window{37f4304 u0 Splash Screen com.binance.monitor}
04-11 13:08:39.482 D/ViewRootImplExtImpl( 8338): onDisplayChanged -1 for VRI android.view.ViewRootImpl@72a4d1f
04-11 13:08:39.484 I/JniHook ( 9059): println_native hooked: 0
04-11 13:08:39.484 E/FA      ( 9059): Task exception on worker thread: java.lang.IllegalStateException: AppMeasurement is not initialized: com.google.android.gms.internal.measurement.zzgl.zzch(Unknown Source:9)
04-11 13:08:39.484 I/JniHook ( 9059): println_native hooked: 0
04-11 13:08:39.484 D/HTTPDNS ( 9059): com.tencent.mm.ui.LauncherUI@9ddc8dc.onPause
04-11 13:08:39.484 D/ZoomController( 8338): onTaskMovedToFront, task id:13177
04-11 13:08:39.484 I/ZoomUiController( 8338): FloatHandle-isFloatHandleShow mPackageName = null
04-11 13:08:39.485 D/OPM     ( 3590): notifyPreloadResult com.binance.monitor, type: 2, success: true, res: 0
