04-11 13:08:42.830 D/OplusStartingWindowManager( 3590): skip remove starting window for activity = ActivityRecord{46427773 u0 com.binance.monitor/.ui.main.MainActivity t13177} ,ar != topActivityContainsStartingWindow on activityStopped
04-11 13:08:42.830 D/Zygote  ( 2014): Forked child process 30174
04-11 13:08:42.831 I/ActivityManager( 3590): Start proc 30174:com.coloros.codebook/u0a95 for service {com.coloros.codebook/com.coloros.codebook.book.CodeBookService}
04-11 13:08:42.832 I/OStatsManager_OplusBatteryStatsManager( 3590): updateStateTime: PkgName = com.coloros.codebook, uid = 10095, state to bg, mForegroundCnt = 0, isFg = false
04-11 13:08:42.832 I/MemoryOperationUtils( 3590): add 30174 to inactive
04-11 13:08:42.832 I/Osense-BaseDecisionMaker( 3590): notifySceneToAthenaPolicy: SCENE_ACTIVITY_IDLE, bundle: Bundle[{scene=SCENE_ACTIVITY_IDLE}]
04-11 13:08:42.833 V/OsAgent ( 8337): broadcastSystemEvent - 7
04-11 13:08:42.833 I/ActivityManager( 3590): ProcessObserver broadcast disabled
04-11 13:08:42.833 I/Osense-BaseDecisionMaker( 3590): scene: SCENE_ACTIVITY_IDLE, excutingPolicy: compress
04-11 13:08:42.833 D/Osense-BaseDecisionMaker( 3590): invoke compress policy,type: idle
04-11 13:08:42.834 D/OplusAthenaAm( 3590): reset: skip request 57739
04-11 13:08:42.836 E/CwbService( 2181): Panel not support apl read or getDisplayPanelAplValue timeout 10ms.
04-11 13:08:42.837 D/SensorFeature( 2258): name=ssc_screenshot_info ,index = 22
04-11 13:08:42.837 D/SensorFeature( 2258): write 39 bytes:931338226040765,931338240248213,36675,0
04-11 13:08:42.838 I/sensors-hal( 2113): handle_oplus_wise_rgb_event:161, wise_rgb: (9121)(cct, lux, ir)[6247.99, 143.75, 53.296864] (r, g, b, c)[6548.33, 4458.62, 2858.66, 12497.23]                 (pwm, hbm, brl, algo)[0.0 0.0 1309.0 2.0], flag 131072
04-11 13:08:42.845 I/oloros.codebook(30174): isSwordfishLaunchAppEnabled_ 1 isSwordfishInstallAppEnabled_ 1
04-11 13:08:42.845 E/oloros.codebook(30174): Unknown bits set in runtime_flags: 0x40000000
04-11 13:08:42.845 I/oloros.codebook(30174): Using CollectorTypeCMC GC.
04-11 13:08:42.848 E/oloros.codebook(30174): Not starting debugger since process cannot load the jdwp agent.
04-11 13:08:42.851 D/nativeloader(30174): Load libframework-connectivity-tiramisu-jni.so using APEX ns com_android_tethering for caller /apex/com.android.tethering/javalib/framework-connectivity-t.jar: ok
04-11 13:08:42.853 W/libc    (30174): Access denied finding property "persist.vendor.sys.activitylog"
04-11 13:08:42.853 I/OneTrace(30174): Mark active for pid=30174? true
04-11 13:08:42.853 D/cutils-dev(30174): otrace_set_tracing_enabled? true tag:0
04-11 13:08:42.853 D/cutils-dev(30174): properties changed in otrace_seq_number_changed!
04-11 13:08:42.855 D/SplitScreenAppReader( 3590): SPLIT_TOUCH support check:com.coloros.codebook = false
04-11 13:08:42.855 D/ActivityTaskManagerServiceExtImpl( 3590): preBindApplication record is null
04-11 13:08:42.855 D/RGBNormalizeServer( 3590): OplusRGBNormalize feature enabled ? true
04-11 13:08:42.855 D/ResourcesManagerCache( 3590): For package com.coloros.codebook we got cacheList [null] appInfoExt is null ? false hasFeature ? false
04-11 13:08:42.860 D/CompactWindowAppManager(30174): initCompactApplicationInfo CompactMode: , NormalMode: 
04-11 13:08:42.860 V/Configuration(30174): Updating configuration, locales updated from [] to [zh_CN]
04-11 13:08:42.861 D/OplusScrollToTopManager(30174): setIsInWhiteList false
04-11 13:08:42.861 D/OplusViewDebugManager(30174): OplusViewDebugManager Constructor android.view.debug.OplusViewDebugManager@641bd33 [mHasViewDebugProperty true] [mHasMsgDebugProperty false] [DEBUG false] [EXTRAINFOENABLE false] [LIGHT_OS false]
04-11 13:08:42.863 W/libc    (30174): Access denied finding property "ro.odm.prev.product.name"
04-11 13:08:42.868 D/nativeloader(30174): Configuring clns-9 for other apk /system/system_ext/framework/vendor.oplus.hardware.cryptoeng-V1.0-java.jar. target_sdk_version=36, uses_libraries=ALL, library_path=/product/priv-app/CodeBook/lib/arm64:/product/priv-app/CodeBook/CodeBook.apk!/lib/arm64-v8a, permitted_path=/data:/mnt/expand:/data/user/0/com.coloros.codebook
04-11 13:08:42.868 D/nativeloader(30174): Extending system_exposed_libraries: libbinauralrenderer_wrapper.qti.so:libhoaeffects.qti.so:libsuperNight.oplus.so:libAPSClient-cmd-jni-extension.oplus.so:libsatellite_audio_jni.oplus.so:libortc_so.oplus.so:libsoundtouch.oplus.so:libsoundtouch_jni.oplus.so:libOplusStringJNI-extension.oplus.so:libsatellite_ostx_jni.oplus.so:libapssuspend-jni.oplus.so:libupdateprof.qti.so:libthermalclient.qti.so:libqape.qti.so:libqesdk_ndk_platform.qti.so:liblistenjni.qti.so
04-11 13:08:42.868 D/ApplicationLoaders(30174): Returning zygote-cached class loader: /system_ext/framework/androidx.window.extensions.jar
04-11 13:08:42.868 D/ApplicationLoaders(30174): Returning zygote-cached class loader: /system_ext/framework/androidx.window.sidecar.jar
04-11 13:08:42.898 D/nativeloader(30174): InitLlndkLibrariesProduct: libEGL.so:libGLESv1_CM.so:libGLESv2.so:libGLESv3.so:libRS.so:libandroid_net.so:libapexsupport.so:libavf.so:libbinder_ndk.so:libc.so:libcgrouprc.so:libclang_rt.asan-aarch64-android.so:libclang_rt.asan-arm-android.so:libclang_rt.hwasan-aarch64-android.so:libcom.android.tethering.connectivity_native.so:libdl.so:libft2.so:liblog.so:libm.so:libmediandk.so:libnativewindow.so:libneuralnetworks.so:libselinux.so:libsync.so:libvendorsupport.so:libvndksupport.so:libvulkan.so
04-11 13:08:42.898 D/nativeloader(30174): Configuring product-clns-10 for unbundled product apk /product/priv-app/CodeBook/CodeBook.apk. target_sdk_version=36, uses_libraries=, library_path=/product/priv-app/CodeBook/lib/arm64:/product/priv-app/CodeBook/CodeBook.apk!/lib/arm64-v8a:/product/lib64:/system/product/lib64, permitted_path=/data:/mnt/expand:/data/user/0/com.coloros.codebook:/product/lib64:/system/product/lib64
04-11 13:08:42.898 D/nativeloader(30174): InitVndkspLibrariesProduct: VNDK is deprecated with product
04-11 13:08:42.900 I/oloros.codebook(30174): AssetManager2(0xb400007246ca0428) locale list changing from [] to [zh-CN]
04-11 13:08:42.903 V/GraphicsEnvironment(30174): Currently set values for:
04-11 13:08:42.903 V/GraphicsEnvironment(30174):   angle_gl_driver_selection_pkgs=[]
04-11 13:08:42.903 V/GraphicsEnvironment(30174):   angle_gl_driver_selection_values=[]
04-11 13:08:42.903 V/GraphicsEnvironment(30174): com.coloros.codebook is not listed in per-application setting
04-11 13:08:42.903 V/GraphicsEnvironment(30174): ANGLE allowlist from config: 
04-11 13:08:42.903 V/GraphicsEnvironment(30174): com.coloros.codebook is not listed in ANGLE allowlist or settings, returning default
04-11 13:08:42.904 D/ResourcesManagerExtImpl(30174): applyConfigurationToAppResourcesLocked app.getDisplayId() return callback.displayId:-1
04-11 13:08:42.912 I/AutoFillLog(30174): OppoLog, sQELogOn = false, sQELogOnMTK = false, sIsDebugTagOn = false
04-11 13:08:42.912 D/AutoFillLog.AutoFillProvider(30174): attachInfo
04-11 13:08:42.913 D/OplusUserManagerServiceEnhance( 3590): getMultiSystemUserId  res = -10000
04-11 13:08:42.913 D/OplusMultiUserManager(30174): getMultiSystemUserIdNoCheck res: -10000
04-11 13:08:42.913 D/AutoFillLog.AutoFillProvider(30174): checkAutoFillSupport supportAutoFill: true
04-11 13:08:42.913 W/PackageManager( 3590): package com.coloros.codebook uid 10095 pid 30174 call SetEnabledSetting(com.coloros.codebook component = com.oplus.autofill.service.AutofillAccessibilityServiceGesture, 1, 0)
04-11 13:08:42.914 D/AutoFillLog.AutoFillProvider(30174): initAll
04-11 13:08:42.914 D/AutoFillLog.AutoFillProvider(30174): attachInfo finished
04-11 13:08:42.915 D/AutoFillLog.AutoFillProvider(30174): attachInfo
04-11 13:08:42.915 D/AutoFillLog.AutoFillProvider(30174): checkAutoFillSupport supportAutoFill: true
04-11 13:08:42.915 D/AutoFillLog.AutoFillProvider(30174): initAll
04-11 13:08:42.915 D/AutoFillLog.AutoFillProvider(30174): attachInfo finished
04-11 13:08:42.915 W/PackageManager( 3590): package com.coloros.codebook uid 10095 pid 30174 call SetEnabledSetting(com.coloros.codebook component = com.oplus.autofill.service.AutofillAccessibilityServiceGesture, 1, 0)
04-11 13:08:42.915 D/AutoFillLog.RuleManager(30174): updateAllRulesIfNeed start
04-11 13:08:42.915 D/AutoFillLog.RuleManager(30174): updateAllRulesIfNeed start
04-11 13:08:42.915 D/CardWidget_SeedlingCardWidgetProvider(30174): (SeedlingSupportFixedExecutor-pool-1-thread-1) SeedlingCardWidgetProvider initChannel start.context=com.coloros.codebook.CodeBookApplication@a9aa15a
04-11 13:08:42.915 D/CardWidget_SEEDLING_SUPPORT_SDK(3000006)(30174): (SeedlingSupportFixedExecutor-pool-1-thread-1) setSuperChannelHost:[]
04-11 13:08:42.915 D/CardWidget_SEEDLING_SUPPORT_SDK(3000006)(30174): (SeedlingSupportFixedExecutor-pool-1-thread-1) init:clientName = com.oplus.autofill.provider.InfoSaveCardWidgetProviderinit:sdk_version = lite_3000006
04-11 13:08:42.915 D/CardWidget_Utils(30174): (SeedlingSupportFixedExecutor-pool-1-thread-1) Utils sIsDebug sync ret: false
04-11 13:08:42.915 D/CardWidget_SEEDLING_SUPPORT_SDK(3000006)(30174): (SeedlingSupportFixedExecutor-pool-1-thread-1) SeedlingUpdateManager start init
04-11 13:08:42.915 I/Channel.Client[1000028]ClientChannel(30174): initClientChannel by Context
04-11 13:08:42.915 D/CardWidget_SEEDLING_SUPPORT_SDK(3000006)(30174): (SeedlingSupportFixedExecutor-pool-1-thread-1) initClientImpl by UMS
04-11 13:08:42.916 I/Channel.Client[1000028]ClientChannel(30174): initClientImpl serverAuthority = [com.oplus.pantanal.ums.cardservice.provider.CardServiceServerProvider], clientName = [com.oplus.autofill.provider.InfoSaveCardWidgetProvider], client = [com.oplus.pantanal.seedling.b.a@8d2503]
04-11 13:08:42.916 I/Channel.Client[1000028].codebook.WorkHandler(30174): getInstance, instance com.oplus.channel.client.utils.WorkHandler@b1dc80
04-11 13:08:42.916 D/CardWidget_SEEDLING_SUPPORT_SDK(3000006)(30174): (SeedlingSupportFixedExecutor-pool-1-thread-1) initSupperChannelClient hostSet: []
04-11 13:08:42.916 D/CardWidget_SeedlingCardWidgetProvider(30174): (SeedlingSupportFixedExecutor-pool-1-thread-1) SeedlingCardWidgetProvider initChannel end
04-11 13:08:42.916 W/ContentProviderHelper( 3590): Permission Denial: opening provider com.pantanal.server.decision.result.DecisionProvider from ProcessRecord{efec3dd 30174:com.coloros.codebook/u0a95} (pid=30174, uid=10095) requires com.oplus.permission.safe.ASSISTANT or com.oplus.permission.safe.ASSISTANT
04-11 13:08:42.916 E/Channel.Client[1000028].codebook.ChannelClientLogUtil(30174): registerContentObserver error exception:Permission Denial: opening provider com.pantanal.server.decision.result.DecisionProvider from ProcessRecord{efec3dd 30174:com.coloros.codebook/u0a95} (pid=30174, uid=10095) requires com.oplus.permission.safe.ASSISTANT or com.oplus.permission.safe.ASSISTANT
04-11 13:08:42.917 D/AutoFillLog.AIUnitHelper(30174): supportSmartRecommendationFeature cost: 2ms, value:true
04-11 13:08:42.917 D/AutoFillLog.AIUnitHelper(30174): isSupportSmartRecommendation by feature true
04-11 13:08:42.917 D/AutoFillLog.AIUnitHelper(30174): isSupportSmartRecommendation by feature true
04-11 13:08:42.917 I/-AIProtocol(30174): getServiceVersion = 204 for com.oplus.aiunit
04-11 13:08:42.918 E/ashmem  (30174): Pinning is deprecated since Android Q. Please use trim or other methods.
04-11 13:08:42.918 D/OplusGraphicsEvent(30174): OplusGraphicsEventListener create now!
04-11 13:08:42.918 D/OplusGraphicsEvent(30174): addEventListener success!
04-11 13:08:42.919 I/AIUnit-AIUnitProvider( 9061): call status = {id: com.oplus.aiunit, product: full, region: domestic, ver: 16.0.28_spshop, auth: true, rod: false, android: 36, OplusOS: 37}
04-11 13:08:42.920 I/UMS.CardServiceServerProvider(12913): call, method=pullCommand, arg=com.oplus.autofill.provider.InfoSaveCardWidgetProvider, extras=null callingPackage=com.coloros.c***k, callingPid=30174, [UMS|com.oplus.pantanal.ums|2.0.42-6d1531a]
04-11 13:08:42.920 I/AIUnit-AIUnitProvider( 9061): processGetDetectData: UnitCheck(oapApi=ai_caption_card, callPackageName=com.coloros.codebook, method=gdd)
04-11 13:08:42.920 I/AIUnit-UnitManager( 9061): getDetectData: detectName = ai_caption_card.
04-11 13:08:42.920 E/[UAH_CLIENT](30174): uahInit enter
04-11 13:08:42.920 I/AIUnit-UnitManager( 9061): queryDetectInfo: state=6 unitName=oap_nlp_caption_card_4b_sm8750 checkErrorCode=kErrorNoDownload
04-11 13:08:42.920 I/Channel.Server[1000038].ums.IServerImpl(12913): getCommandList, clientName=com.oplus.autofill.provider.InfoSaveCardWidgetProvider, clientProxy=null
04-11 13:08:42.920 I/CardService[1006180].CardServiceServerProviderProxy(12913): call: method = pullCommand, callingPackageName = *om.co*oros.*odebo*k, callingPid = 30174
04-11 13:08:42.920 I/-ProviderClient(30174): call AIUNIT Bundle[{package::package_name=com.coloros.codebook, ai::key::download_enable=true, package::core_sdk_version=143, ai::key::client_protocol=143, package::unit_name=ai_caption_card, ai::key::download_group=auto_fill, ai_caption_card, package::auth_style=0, ai::key::method_call=ai::value::get_detect_data, package::package_version=16008000, package::unit_api_level=143, package::sdk_version=143, package::sdk_version_name=1.4.3-beta03b4c4f}]. cost[3]
04-11 13:08:42.920 D/AutoFillLog.AIUnitHelper(30174): supportSmartRecommendationAISettings cost: 3ms, value:true
04-11 13:08:42.920 I/Channel.Server[1000038].ums.ChannelServerProvider(12913): call, method=[pullCommand], clientName=[com.oplus.autofill.provider.InfoSaveCardWidgetProvider], resultCallBackId=[null]
04-11 13:08:42.920 D/AutoFillLog.AIUnitHelper(30174): isSupportSmartRecommendation by AISettings true
04-11 13:08:42.920 D/AutoFillLog.AIUnitHelper(30174): isSupportSmartRecommendation by AISettings true
04-11 13:08:42.920 W/Channel.Client[1000028].codebook.ClientProxy.InfoSaveCardWidgetProvider(30174): pullCommand, result.byteArray is null
04-11 13:08:42.920 I/Channel.Client[1000028].codebook.ClientProxy.InfoSaveCardWidgetProvider(30174): pullAndRunCommand commandList = []
04-11 13:08:42.921 I/MSP-LOG-SDK-MSP-LOG-SDK-(30174): isDebug=false ,IS_SYSOPEN=false
04-11 13:08:42.921 I/MSP-LOG-SDK-SdkAgent(30174): SdkAgent init 1115_
04-11 13:08:42.921 I/MSP-LOG-SDK-SdkAgent(30174): env:0 isDebug:false
04-11 13:08:42.921 W/oloros.codebook(30174): AIBinder_linkToDeath is being called with a non-null cookie and no onUnlink callback set. This might not be intended. AIBinder_DeathRecipient_setOnUnlinked should be called first.
04-11 13:08:42.921 I/UrccFramework-halservice( 2303): Urcc::init is called 
04-11 13:08:42.921 I/[UAH_CLIENT](30174): UahGetFeatureStatus enter
04-11 13:08:42.921 D/WM-WrkMgrInitializer(30174): Initializing WorkManager with default configuration.
04-11 13:08:42.921 W/PackageManager( 3590): package com.coloros.codebook uid 10095 pid 30174 call SetEnabledSetting(com.coloros.codebook component = androidx.work.impl.background.systemjob.SystemJobService, 1, 0)
04-11 13:08:42.922 D/ConnectivityService( 3590): requestNetwork for uid/pid:10095/30174 activeRequest: null callbackRequest: 41097 [NetworkRequest [ REQUEST id=41098, [ Capabilities: INTERNET&NOT_RESTRICTED&TRUSTED&NOT_VCN_MANAGED&NOT_BANDWIDTH_CONSTRAINED Uid: 10095 RequestorUid: 10095 RequestorPkg: com.coloros.codebook UnderlyingNetworks: Null] ]] callback flags: 0 order: 2147483647 isUidTracked: false declaredMethods: AVAIL|LOST|NC
04-11 13:08:42.922 D/AutoFillLog.AutoFillDataManager(30174): init ssoid: , masterSsoid: 
04-11 13:08:42.922 I/MSP-LOG-SDK-SdkAgent(30174): SdkAgent init 1115_
04-11 13:08:42.922 I/MSP-LOG-SDK-SdkAgent(30174): env:0 isDebug:false
04-11 13:08:42.922 D/AutoFillLog.AutoFillDataManager(30174): init ssoid: , masterSsoid: 
04-11 13:08:42.922 I/MSP-LOG-SDK-SdkAgent(30174): SdkAgent init 1115_
04-11 13:08:42.922 I/MSP-LOG-SDK-SdkAgent(30174): env:0 isDebug:false
04-11 13:08:42.922 I/MSP-LOG-SDK-SdkAgent(30174): SdkAgent init 1115_
04-11 13:08:42.922 I/MSP-LOG-SDK-SdkAgent(30174): env:0 isDebug:false
04-11 13:08:42.923 D/OemPaidWifiNetworkFactory( 3590): got request NetworkRequest [ REQUEST id=41098, [ Capabilities: INTERNET&NOT_RESTRICTED&TRUSTED&NOT_VCN_MANAGED&NOT_BANDWIDTH_CONSTRAINED Uid: 10095 RequestorUid: 10095 RequestorPkg: com.coloros.codebook UnderlyingNetworks: Null] ]
04-11 13:08:42.923 D/MultiInternetWifiNetworkFactory( 3590): got request NetworkRequest [ REQUEST id=41098, [ Capabilities: INTERNET&NOT_RESTRICTED&TRUSTED&NOT_VCN_MANAGED&NOT_BANDWIDTH_CONSTRAINED Uid: 10095 RequestorUid: 10095 RequestorPkg: com.coloros.codebook UnderlyingNetworks: Null] ]
04-11 13:08:42.923 D/ConnectivityService( 3590): NetReassign [41098 : null → 255] [c 0] [a 0] [i 1]
04-11 13:08:42.923 D/UntrustedWifiNetworkFactory( 3590): got request NetworkRequest [ REQUEST id=41098, [ Capabilities: INTERNET&NOT_RESTRICTED&TRUSTED&NOT_VCN_MANAGED&NOT_BANDWIDTH_CONSTRAINED Uid: 10095 RequestorUid: 10095 RequestorPkg: com.coloros.codebook UnderlyingNetworks: Null] ]
04-11 13:08:42.923 I/MSP-LOG-SDK-SdkConfigImpl(30174): meta val 1
04-11 13:08:42.923 I/WindowExtensionsImpl(30174): Initializing Window Extensions, vendor API level=9, activity embedding enabled=true
04-11 13:08:42.924 I/MSP-LOG-SDK-KeyPath(30174): onExecute, id=7430b110acb34fb8a84f39332225d6ee, method=getAccountEntity
04-11 13:08:42.924 I/MSP-LOG-SDK-KeyPath(30174): onExecute, id=1bd553cbe85e49e0a5ccbaa49b835af6, method=getAccountEntity
04-11 13:08:42.925 I/MSP-LOG-SDK-SdkConfigImpl(30174): do compatible app
04-11 13:08:42.925 I/MSP-LOG-SDK-SdkConfigImpl(30174): do compatible app
04-11 13:08:42.925 I/userCenterIpc(30174): get ipc remote data
04-11 13:08:42.925 I/userCenterIpc(30174): clean cache success
04-11 13:08:42.926 I/userCenterIpc(30174): get ipc remote data
04-11 13:08:42.926 I/userCenterIpc(30174): clean cache success
04-11 13:08:42.926 I/SplitController(30174): Initializing Activity Embedding Controller.
04-11 13:08:42.928 I/SplitController(30174): Setting embedding rules. Size: 0
04-11 13:08:42.930 I/CodeBook(30174): OppoLog, sQELogOn = false, sQELogOnMTK = false, sIsDebugTagOn = false
04-11 13:08:42.930 D/CodeBook.CodeBookApplication(30174): onCreate
04-11 13:08:42.930 D/AutoFillLog.LocalRuleManager(30174): parseAppletList start
04-11 13:08:42.930 D/CodeBook.VersionUtil(30174): lastUpdateTime = 1772508897896 , firstInstallTime = 29997832
04-11 13:08:42.930 I/CloudConfig(30174): setEnv:CloudEnv{value=0, cnHost='cloudkit-api-gl.heytapmobi.com', overseasHost='cloudkit-api-gl.heytapmobile.com'}
04-11 13:08:42.931 I/CloudSyncManager(30174): ------------application processName: com.coloros.codebook   pkg: com.coloros.codebook, serviceProcessName:com.coloros.codebook
04-11 13:08:42.931 I/〇oO   (30174): isMainProcess appPkgName:com.coloros.codebook    manifestProc: com.coloros.codebook
04-11 13:08:42.931 I/CloudSyncManager(30174): initInApplication setAppContext config
04-11 13:08:42.931 I/CloudKitLog.CloudKitLogUtil(30174): xlog init processName:com.coloros.codebook, LEVEL_NONE, isSystemLogOpen:false, null
04-11 13:08:42.931 D/AutoFillLog.LocalRuleManager(30174): parseAppletList start
04-11 13:08:42.931 D/CompatChangeReporter( 3590): Compat change id reported: 349487600; UID 10095; state: ENABLED
04-11 13:08:42.931 D/AutoFillLog.LocalRuleManager(30174): parseAppletList, fillAllAppletMap:
04-11 13:08:42.931 D/AutoFillLog.LocalRuleManager(30174): {北京动物园官方购票=true, 南京红山森林动物园=true, 东南大学附属中大医院互联网医院=true, 武汉九峰森林动物园=true, 饿了么=false, 一部手机游龙虎山=true, 横店影视城会员中心=true, 中山大学中山眼科中心=true, 浙江省博物馆预约=true, 尧山景区=true, 香港迪士尼乐园=true, 山东博物馆=true, 成都动物园官方购票=true, 微病案=true, 北京安贞医院=true, 扎尕那大景区=true, 天安门广场预约参观=true, 南方医科大学南方医院=true, 交大一附院患者服务=true, 昆明市博物馆=true, 上海市精神卫生中心=true, 中国医大一院智慧医院=true, 济南野生动物世界=true, 江博预约=true, 普陀山一码通=true, 票牛演出丨演唱会音乐节话剧门票=true, 南宁极地海洋世界=true, 大麦l演唱会话剧音乐比赛门票=true, 西安交大二附院患者服务平台=true, 中通快递管家=true, 拼多多=true, 灵山胜境=true, 中山大学附属第三医院互联网医院=true, 武大云医患者端=true, 石家庄市毗卢寺博物院=true, 美团外卖=true, 天目湖旅游门票=true, 中南大学湘雅三e院=true, 天津市肿瘤医院互联网医院=true, 千岛湖旅游官方票务平台=true, 浙大妇院互联网医院=true, 巴松措旅游景区=true, 顺丰速运+=false, 北京儿童医院=true, 申通快递=true, 北京胸科医院互联网医院=true, 新疆自治区博物馆=true, 沃尔玛=true, 优衣库UNIQLO=true, 晋游票务=true, 中日友好医院=true, 古茗茶饮点单=true, 中南大学湘雅医院=true, 武汉大学中南医院互联网用户端=true, 安徽省地质博物馆票务=true, 肯德基宅急送=true, 京喜=true, 重医一院=true, 湖南省科学技术馆门票预约=true, 香港海洋公园官网=true, 成都博物馆票务系统=true, 重庆云阳龙缸景区=true, 独秀峰王城景区=true, 京东快递=true, 深圳市人民医院互联网医院=true, 掌上阜外医院=true, 天台山旅游景区购票=true, 广东省人民医院5G互联网医院=true, 武汉大学口腔医院线上医生咨询=true, 上海迪士尼度假区=true, 北京政务服务=true, 内蒙古博物院文创=true, 上海野生动物园=true, 天涯海角游览区=true, 老虎滩海洋乐园门票团购=true, 云冈石窟=true, 广东省人民医院=true, 海南分界洲岛旅游区=true, 河南博物院票务预约=true, 粤省事=true, 天津医科大学总医院互联网医院=true, 西安城墙景区=true, 安徽博物院=true, 大河票务网演出旅游=true, 毛主席纪念堂预约瞻仰=true, 哈尔滨医科大学附属第二医院=true, 安医大一附院互联网医院=true, 东湖一键游=true, 印鸽=true, 浙里办=true, 湄洲岛轮渡=true, 中山大学附属第一医院互联网医院=true, 首都医科大学附属北京同仁医院=true, 便利蜂=true, 新疆赛里木湖=true, 神农架景区=true, 欢乐谷官方小程序=true, 国家博物馆=true, 四川科技馆门票预约=true, 北京野生动物园=true, 中山大学附属第一医院=true, 中南大学湘雅三院互联网医院=true, 掌上新桥在线问诊=true, 首都医科大学附属北京天坛医院=true, 货拉拉丨拉货搬家货运货车物流=true, 京喜拼拼=true, 重庆医科大学附属儿童医院互联网医院=true, 京通=true, 浙江大学医学院附属儿童医院=true, 中山大学附属肿瘤医院=true, 重庆科技馆参观预约系统=true, 厦门科技馆=true, 深圳市人民医院互联网医院 新版=true, 南昌动物园购票=true, 万达广场=true, 华清宫景区=true, 中山大学附属第三医院=true, 太行大峡谷景区=true, 河南省医=true, 北京同仁医院=true, 云货优选=true, 山东大学齐鲁医院=true, 省医互联网医院=true, 国务院客户端=true, 深圳市人民医院=true, 陕西电信=false, 长春市动植物公园=true, 奈雪点单=true, 慕田峪长城景区=true, 电子营业执照=true, 国家远程医疗中心互联网诊疗平台=true, 北京大�
04-11 13:08:42.932 W/Parcel  (10256): **** enforceInterface() expected 'com.oplus.oiface.IOIfaceService' but read 'com.oppo.oiface.IOIfaceService'
04-11 13:08:42.932 I/IPCThreadState(10256): oneway function results for code 7 on binder at 0xb40000702b05e8a0 will be dropped but finished with status PERMISSION_DENIED
04-11 13:08:42.932 D/AutoFillLog.LocalRuleManager(30174): parseAppletList, fillAllAppletMap:
04-11 13:08:42.932 D/AutoFillLog.LocalRuleManager(30174): {北京动物园官方购票=true, 南京红山森林动物园=true, 东南大学附属中大医院互联网医院=true, 武汉九峰森林动物园=true, 饿了么=false, 一部手机游龙虎山=true, 横店影视城会员中心=true, 中山大学中山眼科中心=true, 浙江省博物馆预约=true, 尧山景区=true, 香港迪士尼乐园=true, 山东博物馆=true, 成都动物园官方购票=true, 微病案=true, 北京安贞医院=true, 扎尕那大景区=true, 天安门广场预约参观=true, 南方医科大学南方医院=true, 交大一附院患者服务=true, 昆明市博物馆=true, 上海市精神卫生中心=true, 中国医大一院智慧医院=true, 济南野生动物世界=true, 江博预约=true, 普陀山一码通=true, 票牛演出丨演唱会音乐节话剧门票=true, 南宁极地海洋世界=true, 大麦l演唱会话剧音乐比赛门票=true, 西安交大二附院患者服务平台=true, 中通快递管家=true, 拼多多=true, 灵山胜境=true, 中山大学附属第三医院互联网医院=true, 武大云医患者端=true, 石家庄市毗卢寺博物院=true, 美团外卖=true, 天目湖旅游门票=true, 中南大学湘雅三e院=true, 天津市肿瘤医院互联网医院=true, 千岛湖旅游官方票务平台=true, 浙大妇院互联网医院=true, 巴松措旅游景区=true, 顺丰速运+=false, 北京儿童医院=true, 申通快递=true, 北京胸科医院互联网医院=true, 新疆自治区博物馆=true, 沃尔玛=true, 优衣库UNIQLO=true, 晋游票务=true, 中日友好医院=true, 古茗茶饮点单=true, 中南大学湘雅医院=true, 武汉大学中南医院互联网用户端=true, 安徽省地质博物馆票务=true, 肯德基宅急送=true, 京喜=true, 重医一院=true, 湖南省科学技术馆门票预约=true, 香港海洋公园官网=true, 成都博物馆票务系统=true, 重庆云阳龙缸景区=true, 独秀峰王城景区=true, 京东快递=true, 深圳市人民医院互联网医院=true, 掌上阜外医院=true, 天台山旅游景区购票=true, 广东省人民医院5G互联网医院=true, 武汉大学口腔医院线上医生咨询=true, 上海迪士尼度假区=true, 北京政务服务=true, 内蒙古博物院文创=true, 上海野生动物园=true, 天涯海角游览区=true, 老虎滩海洋乐园门票团购=true, 云冈石窟=true, 广东省人民医院=true, 海南分界洲岛旅游区=true, 河南博物院票务预约=true, 粤省事=true, 天津医科大学总医院互联网医院=true, 西安城墙景区=true, 安徽博物院=true, 大河票务网演出旅游=true, 毛主席纪念堂预约瞻仰=true, 哈尔滨医科大学附属第二医院=true, 安医大一附院互联网医院=true, 东湖一键游=true, 印鸽=true, 浙里办=true, 湄洲岛轮渡=true, 中山大学附属第一医院互联网医院=true, 首都医科大学附属北京同仁医院=true, 便利蜂=true, 新疆赛里木湖=true, 神农架景区=true, 欢乐谷官方小程序=true, 国家博物馆=true, 四川科技馆门票预约=true, 北京野生动物园=true, 中山大学附属第一医院=true, 中南大学湘雅三院互联网医院=true, 掌上新桥在线问诊=true, 首都医科大学附属北京天坛医院=true, 货拉拉丨拉货搬家货运货车物流=true, 京喜拼拼=true, 重庆医科大学附属儿童医院互联网医院=true, 京通=true, 浙江大学医学院附属儿童医院=true, 中山大学附属肿瘤医院=true, 重庆科技馆参观预约系统=true, 厦门科技馆=true, 深圳市人民医院互联网医院 新版=true, 南昌动物园购票=true, 万达广场=true, 华清宫景区=true, 中山大学附属第三医院=true, 太行大峡谷景区=true, 河南省医=true, 北京同仁医院=true, 云货优选=true, 山东大学齐鲁医院=true, 省医互联网医院=true, 国务院客户端=true, 深圳市人民医院=true, 陕西电信=false, 长春市动植物公园=true, 奈雪点单=true, 慕田峪长城景区=true, 电子营业执照=true, 国家远程医疗中心互联网诊疗平台=true, 北京大�
04-11 13:08:42.932 D/AutoFillLog.LocalRuleManager(30174): parseAppletList, longTimeObject:
04-11 13:08:42.932 D/AutoFillLog.LocalRuleManager(30174): {"得物App":"true","星巴克":"true","中通快递管家":"true"}
04-11 13:08:42.932 D/AutoFillLog.LocalRuleManager(30174): parseAppletList, dividePhoneObject:
04-11 13:08:42.932 D/AutoFillLog.LocalRuleManager(30174): {"顺丰速运+":"true","美团丨外卖美食买菜酒店电影购物":"true","京东购物":"false","饿了么 l 外卖美食超市买菜水果":"true","美团外卖丨外卖美食奶茶咖啡水果":"true"}
04-11 13:08:42.932 D/AutoFillLog.LocalRuleManager(30174): parseAppletList, longTimeObject:
04-11 13:08:42.932 D/AutoFillLog.LocalRuleManager(30174): {"得物App":"true","星巴克":"true","中通快递管家":"true"}
04-11 13:08:42.932 D/AutoFillLog.LocalRuleManager(30174): parseAppletList, dividePhoneObject:
04-11 13:08:42.932 D/AutoFillLog.LocalRuleManager(30174): {"顺丰速运+":"true","美团丨外卖美食买菜酒店电影购物":"true","京东购物":"false","饿了么 l 外卖美食超市买菜水果":"true","美团外卖丨外卖美食奶茶咖啡水果":"true"}
04-11 13:08:42.932 D/AutoFillLog.LocalRuleManager(30174): parseAppletList, doubleClickObject:
04-11 13:08:42.932 D/AutoFillLog.LocalRuleManager(30174): {"得物App":"address","峨眉山景区识途网":"phone","星巴克":"phone","孩子王l母婴童商品和服务精选":"address"}
04-11 13:08:42.932 D/AutoFillLog.LocalRuleManager(30174): parseAppletList, blackHintObject:
04-11 13:08:42.932 D/AutoFillLog.LocalRuleManager(30174): {"1":"银行名/账号/户名/手机号"}
04-11 13:08:42.932 D/AutoFillLog.LocalRuleManager(30174): parseAppletList, needDegreeModelList:
04-11 13:08:42.932 D/AutoFillLog.LocalRuleManager(30174): [22021, 22023, 21135, 23021, 22047, 22017, 21127, 22823, 22113, 21007, 23628, 23083, 23611, 23612, 23615, 21121, 23081, 23101, 23106]
04-11 13:08:42.932 D/AutoFillLog.LocalRuleManager(30174): parseAppletList, specialSms:
04-11 13:08:42.932 D/AutoFillLog.LocalRuleManager(30174): {"com.dragon.read.v1":"com.dragon.read.component.biz.impl.mine.LoginActivity","com.dianping.v1":"com.dianping.main.login.picassologin.LoginLiteActivity"}
04-11 13:08:42.932 I/〇oO   (30174): isServiceProcess:com.coloros.codebook
04-11 13:08:42.932 I/CloudSyncManager(30174): singleProcess init true
04-11 13:08:42.932 D/AutoFillLog.LocalRuleManager(30174): parseAppletList, doubleClickObject:
04-11 13:08:42.932 D/AutoFillLog.LocalRuleManager(30174): {"得物App":"address","峨眉山景区识途网":"phone","星巴克":"phone","孩子王l母婴童商品和服务精选":"address"}
04-11 13:08:42.932 D/AutoFillLog.LocalRuleManager(30174): parseAppletList, blackHintObject:
04-11 13:08:42.932 D/AutoFillLog.LocalRuleManager(30174): {"1":"银行名/账号/户名/手机号"}
04-11 13:08:42.932 D/AutoFillLog.LocalRuleManager(30174): parseAppletList, needDegreeModelList:
04-11 13:08:42.932 D/AutoFillLog.LocalRuleManager(30174): [22021, 22023, 21135, 23021, 22047, 22017, 21127, 22823, 22113, 21007, 23628, 23083, 23611, 23612, 23615, 21121, 23081, 23101, 23106]
04-11 13:08:42.932 D/AutoFillLog.LocalRuleManager(30174): parseAppletList, specialSms:
04-11 13:08:42.932 D/AutoFillLog.LocalRuleManager(30174): {"com.dragon.read.v1":"com.dragon.read.component.biz.impl.mine.LoginActivity","com.dianping.v1":"com.dianping.main.login.picassologin.LoginLiteActivity"}
04-11 13:08:42.933 D/ConnectivityService( 3590): NetReassign [no changes] [c 1] [a 0] [i 1]
04-11 13:08:42.933 I/CloudNearLog(30174): init processName:com.coloros.codebook businessType:cloudkit, bizSubType:, businessPkg:com.coloros.codebook, logPath:/storage/emulated/0/Android/data/com.coloros.codebook/cache/CloudKit/log
04-11 13:08:42.934 D/libc-netbsd(30174): [oplusDnsOpenProxy]: __netdClientDispatch.connect errno = 111
04-11 13:08:42.934 D/DNS_CACHE(30174): oplus_oplus_getaddrinfo_proxy open dns proxy failed, use android flow: 10095
04-11 13:08:42.935 W/oloros.codebook(30174): Method void oo〇O.〇Ooo.〇O8(android.content.Context, java.util.List, boolean) failed lock verification and will run slower.
04-11 13:08:42.935 W/oloros.codebook(30174): Common causes for lock verification issues are non-optimized dex code
04-11 13:08:42.935 W/oloros.codebook(30174): and incorrect proguard optimizations.
04-11 13:08:42.937 I/GoLog   (18198): from udp:127.0.0.1:42723 accepted udp:114.114.114.114:53 [socks -> dns-out]
04-11 13:08:42.940 D/CodeBook.MasterKey(30174): checkDecryptKeyIsNullOrUnRecoverable result is false
04-11 13:08:42.941 D/CodeBook.DeviceSecureUtil(30174): the device current secure state is true
04-11 13:08:42.944 D/CodeBook.MasterKey(30174): checkDecryptKeyIsNullOrUnRecoverable result is false
04-11 13:08:42.945 E/CodeBook.FileUtil(30174): read file is null
04-11 13:08:42.945 W/AndroidKeyStoreProvider(30174): not found: temp_br_alias, Key not found (internal Keystore code: 7 message: system/security/keystore2/src/service.rs:157: while trying to load key info.
04-11 13:08:42.945 W/AndroidKeyStoreProvider(30174): 
04-11 13:08:42.945 W/AndroidKeyStoreProvider(30174): Caused by:
04-11 13:08:42.945 W/AndroidKeyStoreProvider(30174):     0: Legacy database is empty.
04-11 13:08:42.945 W/AndroidKeyStoreProvider(30174):     1: Error::Rc(r#KEY_NOT_FOUND))
04-11 13:08:42.945 D/CodeBook.CodeBookApplication(30174): onCreate finish
04-11 13:08:42.946 I/ActivityManager( 3590): Flag disabled. Ignoring finishAttachApplication from uid: 10095. pid: 30174
04-11 13:08:42.946 E/ActivityThread(14596): Failed to find provider info for com.platform.usercenter.vip
04-11 13:08:42.946 E/ActivityThread(14596): Failed to find provider info for com.platform.usercenter.vip
04-11 13:08:42.947 E/ANDR-PERF-CLIENT-SYS(30174): death recipent object is fine
04-11 13:08:42.947 W/oloros.codebook(30174): AIBinder_linkToDeath is being called with a non-null cookie and no onUnlink callback set. This might not be intended. AIBinder_DeathRecipient_setOnUnlinked should be called first.
04-11 13:08:42.947 D/OplusActivityManager(30174): get AMS extension: android.os.BinderProxy@d2ead52
04-11 13:08:42.948 D/CodeBook.DeviceSecureUtil(30174): the device current secure state is true
04-11 13:08:42.948 D/AutoFillLog.AutoFillControllerImpl(30174): onCreate
04-11 13:08:42.948 D/AutoFillLog.SecurityVerify(30174): registerScreenOffBroadcast
04-11 13:08:42.949 D/AutoFillLog.AutoFillServiceLifeCycleImpl(30174): onCreate
04-11 13:08:42.949 D/AutoFillLog.AIUnitHelper(30174): initAIUnit start
04-11 13:08:42.949 I/-AIProtocol(30174): getServiceVersion = 204 for com.oplus.aiunit
04-11 13:08:42.949 I/-AIProtocol(30174): getServiceVersion = 204 for com.oplus.aiunit
04-11 13:08:42.949 I/-AIProtocol(30174): getServiceVersion = 204 for com.oplus.aiunit
04-11 13:08:42.949 D/AutoFillLog.AutofillInputEventManager(30174): registerInputEvent
04-11 13:08:42.949 I/AIUnit-AIUnitProvider( 9061): call status = {id: com.oplus.aiunit, product: full, region: domestic, ver: 16.0.28_spshop, auth: true, rod: false, android: 36, OplusOS: 37}
04-11 13:08:42.949 I/AIUnit-AIUnitProvider( 9061): processGetDetectData: UnitCheck(oapApi=ocr_detection, callPackageName=com.coloros.codebook, method=gdd)
04-11 13:08:42.949 I/AIUnit-UnitManager( 9061): getDetectData: detectName = ocr_detection.
04-11 13:08:42.950 W/AIUnit-UnitRouter( 9061): updateWrapperWithFileStatus, DependConfig(id=218103809, strict=true) skipped updating for no matching config
04-11 13:08:42.950 W/AIUnit-UnitRouter( 9061): updateWrapperWithFileStatus, DependConfig(id=234881025, strict=true) skipped updating for no matching config
04-11 13:08:42.950 W/AIUnit-UnitRouter( 9061): updateWrapperWithFileStatus, DependConfig(id=218103811, strict=true) skipped updating for no matching config
04-11 13:08:42.950 W/AIUnit-UnitRouter( 9061): updateWrapperWithFileStatus, DependConfig(id=234881027, strict=true) skipped updating for no matching config
04-11 13:08:42.950 I/AIUnit-UnitManager( 9061): queryDetectInfo: state=2 unitName=ocr_detection checkErrorCode=kErrorNone
04-11 13:08:42.950 I/-ProviderClient(30174): call AIUNIT Bundle[{package::package_name=com.coloros.codebook, ai::key::download_enable=true, package::core_sdk_version=143, ai::key::client_protocol=143, package::unit_name=ocr_detection, ai::key::download_group=auto_fill, ai_caption_card, package::auth_style=0, ai::key::method_call=ai::value::get_detect_data, package::package_version=16008000, package::unit_api_level=143, package::sdk_version=143, package::sdk_version_name=1.4.3-beta03b4c4f}]. cost[1]
04-11 13:08:42.950 I/-AIProtocol(30174): getServiceVersion = 204 for com.oplus.aiunit
04-11 13:08:42.950 I/AIUnit-AIUnitProvider( 9061): call status = {id: com.oplus.aiunit, product: full, region: domestic, ver: 16.0.28_spshop, auth: true, rod: false, android: 36, OplusOS: 37}
04-11 13:08:42.950 I/OplusCpuLimitManager( 3590): OplusCpuHighLoad: request instant cpu load
04-11 13:08:42.950 I/AIUnit-AIUnitProvider( 9061): processGetDetectData: UnitCheck(oapApi=ner_auto_fill, callPackageName=com.coloros.codebook, method=gdd)
04-11 13:08:42.951 I/AIUnit-UnitManager( 9061): getDetectData: detectName = ner_auto_fill.
04-11 13:08:42.951 W/AIUnit-UnitRouter( 9061): updateWrapperWithFileStatus, DependConfig(id=218103809, strict=true) skipped updating for no matching config
04-11 13:08:42.951 W/AIUnit-UnitRouter( 9061): updateWrapperWithFileStatus, DependConfig(id=234881025, strict=true) skipped updating for no matching config
04-11 13:08:42.951 W/AIUnit-UnitRouter( 9061): updateWrapperWithFileStatus, DependConfig(id=218103811, strict=true) skipped updating for no matching config
04-11 13:08:42.951 W/AIUnit-UnitRouter( 9061): updateWrapperWithFileStatus, DependConfig(id=234881027, strict=true) skipped updating for no matching config
04-11 13:08:42.951 I/AIUnit-UnitManager( 9061): queryDetectInfo: state=2 unitName=ner_auto_fill checkErrorCode=kErrorNone
04-11 13:08:42.951 E/OsenseCommonUtils( 3590): write /dev/memcg/memory.force_shrink_file failed
04-11 13:08:42.951 E/OsenseCommonUtils( 3590): java.io.IOException: write failed: EBUSY (Device or resource busy)
04-11 13:08:42.951 E/OsenseCommonUtils( 3590): 	at libcore.io.IoBridge.write(IoBridge.java:651)
04-11 13:08:42.951 E/OsenseCommonUtils( 3590): 	at java.io.FileOutputStream.write(FileOutputStream.java:436)
04-11 13:08:42.951 E/OsenseCommonUtils( 3590): 	at sun.nio.cs.StreamEncoder.writeBytes(StreamEncoder.java:233)
04-11 13:08:42.951 E/OsenseCommonUtils( 3590): 	at sun.nio.cs.StreamEncoder.implFlushBuffer(StreamEncoder.java:309)
04-11 13:08:42.951 E/OsenseCommonUtils( 3590): 	at sun.nio.cs.StreamEncoder.implFlush(StreamEncoder.java:313)
04-11 13:08:42.951 E/OsenseCommonUtils( 3590): 	at sun.nio.cs.StreamEncoder.flush(StreamEncoder.java:153)
04-11 13:08:42.951 E/OsenseCommonUtils( 3590): 	at java.io.OutputStreamWriter.flush(OutputStreamWriter.java:248)
04-11 13:08:42.951 E/OsenseCommonUtils( 3590): 	at com.android.server.oplus.osense.utils.OsenseCommonUtils.writeFile(OsenseCommonUtils.java:154)
04-11 13:08:42.951 E/OsenseCommonUtils( 3590): 	at com.android.server.am.OplusOsenseCompressAction.doGlobalShrink(OplusOsenseCompressAction.java:1887)
04-11 13:08:42.951 E/OsenseCommonUtils( 3590): 	at com.android.server.am.OplusOsenseCompressAction.-$$Nest$mdoGlobalShrink(Unknown Source:0)
04-11 13:08:42.951 E/OsenseCommonUtils( 3590): 	at com.android.server.am.OplusOsenseCompressAction$CompressHandler.handleMessage(OplusOsenseCompressAction.java:1335)
04-11 13:08:42.951 E/OsenseCommonUtils( 3590): 	at android.os.Handler.dispatchMessage(Handler.java:115)
04-11 13:08:42.951 E/OsenseCommonUtils( 3590): 	at android.os.Looper.loopOnce(Looper.java:302)
04-11 13:08:42.951 E/OsenseCommonUtils( 3590): 	at android.os.Looper.loop(Looper.java:412)
04-11 13:08:42.951 E/OsenseCommonUtils( 3590): 	at android.os.HandlerThread.run(HandlerThread.java:85)
04-11 13:08:42.951 E/OsenseCommonUtils( 3590): Caused by: android.system.ErrnoException: write failed: EBUSY (Device or resource busy)
04-11 13:08:42.951 E/OsenseCommonUtils( 3590): 	at libcore.io.Linux.writeBytes(Native Method)
04-11 13:08:42.951 E/OsenseCommonUtils( 3590): 	at libcore.io.Linux.write(Linux.java:336)
04-11 13:08:42.951 E/OsenseCommonUtils( 3590): 	at libcore.io.ForwardingOs.write(ForwardingOs.java:948)
04-11 13:08:42.951 E/OsenseCommonUtils( 3590): 	at libcore.io.BlockGuardOs.write(BlockGuardOs.java:448)
04-11 13:08:42.951 E/OsenseCommonUtils( 3590): 	at libcore.io.IoBridge.write(IoBridge.java:646)
04-11 13:08:42.951 E/OsenseCommonUtils( 3590): 	... 14 more
04-11 13:08:42.951 I/-ProviderClient(30174): call AIUNIT Bundle[{package::package_name=com.coloros.codebook, ai::key::download_enable=true, package::core_sdk_version=143, ai::key::client_protocol=143, package::unit_name=ner_auto_fill, ai::key::download_group=auto_fill, ai_caption_card, package::auth_style=0, ai::key::method_call=ai::value::get_detect_data, package::package_version=16008000, package::unit_api_level=143, package::sdk_version=143, package::sdk_version_name=1.4.3-beta03b4c4f}]. cost[1]
04-11 13:08:42.951 I/OplusCpuLimitManager( 3590): OplusCpuHighLoad: release instant cpu load
04-11 13:08:42.951 I/-AIProtocol(30174): getServiceVersion = 204 for com.oplus.aiunit
04-11 13:08:42.951 D/OIM_Policy( 3590): registerInputEvent start!
04-11 13:08:42.951 D/OIM_Helper( 3590): enableInputReceiver, receiver=com.android.server.oplus.input.exinputservice.inputmonitor.OplusInputMonitorHelper$ColorExInputEventReceiver@75a9bd4, moniting=true sExChannelName=OplusExInputReceiver1
04-11 13:08:42.951 I/AIUnit-AIUnitProvider( 9061): call status = {id: com.oplus.aiunit, product: full, region: domestic, ver: 16.0.28_spshop, auth: true, rod: false, android: 36, OplusOS: 37}
04-11 13:08:42.951 I/AIUnit-AIUnitProvider( 9061): processGetDetectData: UnitCheck(oapApi=ocr_detection, callPackageName=com.coloros.codebook, method=gdd)
04-11 13:08:42.951 I/AIUnit-UnitManager( 9061): getDetectData: detectName = ocr_detection.
04-11 13:08:42.951 W/AIUnit-UnitRouter( 9061): updateWrapperWithFileStatus, DependConfig(id=218103809, strict=true) skipped updating for no matching config
04-11 13:08:42.951 W/AIUnit-UnitRouter( 9061): updateWrapperWithFileStatus, DependConfig(id=234881025, strict=true) skipped updating for no matching config
04-11 13:08:42.951 W/AIUnit-UnitRouter( 9061): updateWrapperWithFileStatus, DependConfig(id=218103811, strict=true) skipped updating for no matching config
04-11 13:08:42.951 W/AIUnit-UnitRouter( 9061): updateWrapperWithFileStatus, DependConfig(id=234881027, strict=true) skipped updating for no matching config
04-11 13:08:42.951 I/AIUnit-UnitManager( 9061): queryDetectInfo: state=2 unitName=ocr_detection checkErrorCode=kErrorNone
04-11 13:08:42.951 D/AutoFillLog.AppSwitchManager(30174): registerAppSwitch for com.binance.monitor.ui.account.AccountStatsBridgeActivity
04-11 13:08:42.951 D/AutoFillLog.AppSwitchManager(30174): registerAppSwitch: com.oplus.autofill.util.AppSwitchManager$registerOneTimeActivityExitObserverForTopActivity$1$appSwitchObserver$1@91af37f for com.binance.monitor.ui.account.AccountStatsBridgeActivity
04-11 13:08:42.952 I/-ProviderClient(30174): call AIUNIT Bundle[{package::package_name=com.coloros.codebook, ai::key::download_enable=true, package::core_sdk_version=143, ai::key::client_protocol=143, package::unit_name=ocr_detection, ai::key::download_group=auto_fill, ai_caption_card, package::auth_style=0, ai::key::method_call=ai::value::get_detect_data, package::package_version=16008000, package::unit_api_level=143, package::sdk_version=143, package::sdk_version_name=1.4.3-beta03b4c4f}]. cost[0]
04-11 13:08:42.952 I/OplusAppSwitchManagerService( 3590): appswitch registerAppSwitchObserver pName = com@@coloros@@codebook_180509589 observer = com.oplus.app.IOplusAppSwitchObserver$Stub$Proxy@ff3f96a config = OplusAppSwitchConfig = {  observerFingerPrint = 165973836}
04-11 13:08:42.952 I/OplusAppSwitchStateDispatcher( 3590): registerAppSwitchObserver addDynamicListener OK, info = OplusAppSwitchRuleInfo = {  observer = com.oplus.app.IOplusAppSwitchObserver$Stub$Proxy@ff3f96a observerFingerPrint = 165973836} rule size =0
04-11 13:08:42.952 I/-AIProtocol(30174): getServiceVersion = 204 for com.oplus.aiunit
04-11 13:08:42.952 I/AIUnit-AIUnitProvider( 9061): call status = {id: com.oplus.aiunit, product: full, region: domestic, ver: 16.0.28_spshop, auth: true, rod: false, android: 36, OplusOS: 37}
04-11 13:08:42.952 D/OplusAppSwitchManager(30174): observer =  mDefaultMatchActivity = false mDefaultMatchApp false
04-11 13:08:42.952 I/AIUnit-AIUnitProvider( 9061): processGetDetectData: UnitCheck(oapApi=ner_auto_fill, callPackageName=com.coloros.codebook, method=gdd)
04-11 13:08:42.952 I/AIUnit-UnitManager( 9061): getDetectData: detectName = ner_auto_fill.
04-11 13:08:42.952 W/AIUnit-UnitRouter( 9061): updateWrapperWithFileStatus, DependConfig(id=218103809, strict=true) skipped updating for no matching config
04-11 13:08:42.952 D/AutoFillLog.AppSwitchManager(30174): Add observer: com.oplus.autofill.util.AppSwitchManager$registerOneTimeActivityExitObserverForTopActivity$1$appSwitchObserver$1@91af37f for com.binance.monitor.ui.account.AccountStatsBridgeActivity
04-11 13:08:42.952 D/AutoFillLog.AppSwitchManager(30174): add AppSwitchObserver: com.oplus.autofill.util.AppSwitchManager$registerOneTimeActivityExitObserverForTopActivity$1$appSwitchObserver$1@91af37f for com.binance.monitor.ui.account.AccountStatsBridgeActivity
04-11 13:08:42.952 W/AIUnit-UnitRouter( 9061): updateWrapperWithFileStatus, DependConfig(id=234881025, strict=true) skipped updating for no matching config
04-11 13:08:42.952 W/AIUnit-UnitRouter( 9061): updateWrapperWithFileStatus, DependConfig(id=218103811, strict=true) skipped updating for no matching config
04-11 13:08:42.952 I/OplusAppSwitchManagerService( 3590): appswitch registerAppSwitchObserver pName = com@@coloros@@codebook_180509589 observer = com.oplus.app.IOplusAppSwitchObserver$Stub$Proxy@2dbae5b config = OplusAppSwitchConfig = {  observerFingerPrint = 115774634}
04-11 13:08:42.952 I/OplusAppSwitchStateDispatcher( 3590): registerAppSwitchObserver addDynamicListener OK, info = OplusAppSwitchRuleInfo = {  observer = com.oplus.app.IOplusAppSwitchObserver$Stub$Proxy@2dbae5b observerFingerPrint = 115774634} rule size =1
04-11 13:08:42.952 W/AIUnit-UnitRouter( 9061): updateWrapperWithFileStatus, DependConfig(id=234881027, strict=true) skipped updating for no matching config
04-11 13:08:42.952 I/AIUnit-UnitManager( 9061): queryDetectInfo: state=2 unitName=ner_auto_fill checkErrorCode=kErrorNone
04-11 13:08:42.952 D/OplusAppSwitchManager(30174): observer =  mDefaultMatchActivity = false mDefaultMatchApp false
04-11 13:08:42.952 D/AutoFillLog.LauncherSwitchObserver(30174): [registerObserver] listenerSize:1
04-11 13:08:42.952 I/-ProviderClient(30174): call AIUNIT Bundle[{package::package_name=com.coloros.codebook, ai::key::download_enable=true, package::core_sdk_version=143, ai::key::client_protocol=143, package::unit_name=ner_auto_fill, ai::key::download_group=auto_fill, ai_caption_card, package::auth_style=0, ai::key::method_call=ai::value::get_detect_data, package::package_version=16008000, package::unit_api_level=143, package::sdk_version=143, package::sdk_version_name=1.4.3-beta03b4c4f}]. cost[0]
04-11 13:08:42.952 D/AutoFillLog.AIUnitHelper(30174): init aiUnit success
04-11 13:08:42.952 D/AutoFillLog.AIUnitHelper(30174): globalDepSupported: true
04-11 13:08:42.952 D/AutoFillLog.AIUnitHelper(30174): downloadSupport: true
04-11 13:08:42.952 D/AutoFillLog.AIUnitHelper(30174): supportOcr: true
04-11 13:08:42.952 D/AutoFillLog.AIUnitHelper(30174): supportNer: true
04-11 13:08:42.952 D/AutoFillLog.AIUnitHelper(30174): ocr state: 2
04-11 13:08:42.952 D/AutoFillLog.AIUnitHelper(30174): ner state: 2
04-11 13:08:42.952 D/CodeBook.MasterKey(30174): checkDecryptKeyIsNullOrUnRecoverable result is false
04-11 13:08:42.952 D/CodeBook.DeviceSecureUtil(30174): the device current secure state is true
04-11 13:08:42.953 E/KeymasterUtils( 1311): IKMHal_sendCmd failed with rsp_header->status: -28
04-11 13:08:42.953 E/KeyMasterHalDevice( 1311): abort_operation
04-11 13:08:42.953 E/KeyMasterHalDevice( 1311): ret: -28
04-11 13:08:42.954 E/SchedAssist(30174): open sharedFd failed with error=Permission denied
04-11 13:08:42.954 I/DynamicFramerate [FRTCConfigManager](30174): initFrameRateConfig: 
04-11 13:08:42.954 I/DynamicFramerate [FRTCConfigManager](30174): 	levelsFor120hz: [120, 90, 72, 60]
04-11 13:08:42.954 I/DynamicFramerate [FRTCConfigManager](30174): 	thresholdsFor120hz: [1080, 300, 200]
04-11 13:08:42.954 I/DynamicFramerate [FRTCConfigManager](30174): 	levelsFor90hz: [90]
04-11 13:08:42.954 I/DynamicFramerate [FRTCConfigManager](30174): 	thresholdsFor90hz: []
04-11 13:08:42.954 I/DynamicFramerate [FRTCConfigManager](30174): FRTCConfigManager: FRTC_CAPABILITY = 360, package name = com.coloros.codebook, WINDOW_ANIMATION_SPEED_RATE = 10, SCROLL_ANIMATION_SPEED_RATE = 20, PACKAGE_ENABLE = false
04-11 13:08:42.954 I/DynamicFramerate [DynamicFrameRateController](30174): init info: mPackageName = com.coloros.codebook, mIsEnabled = false
04-11 13:08:42.954 I/MSP-LOG-SDK-KeyPath(30174): onCallback, id=1bd553cbe85e49e0a5ccbaa49b835af6, method=getAccountEntity, code=0, msg=get accountEntity success
04-11 13:08:42.954 D/CodeBook.CodeBookService(30174): onFillRequest
04-11 13:08:42.955 I/MSP-LOG-SDK-KeyPath(30174): onCallback, id=7430b110acb34fb8a84f39332225d6ee, method=getAccountEntity, code=0, msg=get accountEntity success
04-11 13:08:42.955 D/CodeBook.OsenseResEventClientUtils(30174): cancelFreezeDelay  requestId:-1
04-11 13:08:42.955 I/MSP-LOG-SDK-KeyPath(30174): onUseApp, id=7430b110acb34fb8a84f39332225d6ee, method=getAccountEntity, useApp=false
04-11 13:08:42.955 D/AutoFillLog.AutoFillDataManager(30174): initInScheduledThread ssoid: 466258342, masterSsoid: 
04-11 13:08:42.955 D/AutoFillLog.AutoFillDataManager(30174): initWithSsoid: 466258342
04-11 13:08:42.955 D/AutoFillLog.AutofillMasterKey(30174): init ssoid: 466258342
04-11 13:08:42.955 D/AutoFillLog.DebugUtils(30174): AutoFill debug connect state is false
04-11 13:08:42.955 I/MSP-LOG-SDK-KeyPath(30174): onUseApp, id=1bd553cbe85e49e0a5ccbaa49b835af6, method=getAccountEntity, useApp=false
04-11 13:08:42.955 D/AutoFillLog.AutoFillDataManager(30174): initInScheduledThread ssoid: 466258342, masterSsoid: 466258342
04-11 13:08:42.955 D/AutoFillLog.AutoFillUIImpl(30174): [updateTopActivity] topActivity:com.binance.monitor.ui.account.AccountStatsBridgeActivity
04-11 13:08:42.955 D/CodeBook.OsenseResEventClientUtils(30174): requestFreezeDelay reason:reason_fill_request, delayInfo:requestId:36, delayTime:30000, resultCode:10000
04-11 13:08:42.955 D/CodeBook.CodeBook(30174): buildCodeBook, ComponentInfo{com.binance.monitor/com.binance.monitor.ui.account.AccountStatsBridgeActivity}
04-11 13:08:42.955 E/CodeBook.CodeBookApplication(30174): initStrongBoxKey, key is null
04-11 13:08:42.956 I/AssistStructure( 3590): Flattened final assist data: 46028 bytes, containing 1 windows, 456 views
04-11 13:08:42.956 D/AutoFillLog.AutofillMasterKey(30174): wrapper key already exists
04-11 13:08:42.956 D/AutoFillLog.DebugUtils(30174): AutoFill debug connect state is false
04-11 13:08:42.956 D/CodeBook.CodeDataUtils(30174): package num is 22
04-11 13:08:42.956 D/CodeBook.CodeBook(30174): parsePasswordEditText: isEditTextType=true, inputypeIsPassword=false, i=0
04-11 13:08:42.956 D/CodeBook.CodeBook(30174): parsePasswordEditText: isEditTextType=true, inputypeIsPassword=false, i=1
04-11 13:08:42.956 D/CodeBook.CodeBook(30174): parseHintEditText: isEditTextType=true, isEditTextHint=false, i=0
04-11 13:08:42.957 D/CodeBook.CodeBook(30174): parseHintEditText: isEditTextType=true, isEditTextHint=false, i=1
04-11 13:08:42.957 D/CodeBook.CodeBook(30174): setTargetViewNodeInfos begin, isAutoFillType = false, isAutofillHints = false, filterType= 0, autofillHint = 开始日期
04-11 13:08:42.957 D/CodeBook.CodeBook(30174): setTargetViewNodeInfos begin, isAutoFillType = false, isAutofillHints = false, filterType= 0, autofillHint = 结束日期
04-11 13:08:42.957 D/CodeBook.CodeBook(30174): codebook view node size is 0, true, false
04-11 13:08:42.957 D/CodeBook.CodeBookService(30174): onFillRequest, isCodeBookType: false, hasFocusedNode: false
04-11 13:08:42.957 D/AutoFillLog.AutofillMasterKey(30174): master key already exists
04-11 13:08:42.957 D/AutoFillLog.OriginalAutoFillImpl(30174): call onFillRequest
04-11 13:08:42.957 D/AutoFillLog.AutoFillDataManager(30174): initBelongs: 466258342
04-11 13:08:42.957 E/AutoFillLog.CommonUtil(30174): isSuperPowerModeOn error: super_powersave_mode_state
04-11 13:08:42.957 D/AutoFillLog.OriginalAutoFillImpl(30174): currentCallback: android.service.autofill.FillCallback@6223e4b
04-11 13:08:42.957 D/AutoFillLog.WindowUtil(30174): initWindowManager
04-11 13:08:42.958 D/FlexibleTaskController( 3590): not in list
04-11 13:08:42.958 D/nativeloader(30174): Load /product/priv-app/CodeBook/CodeBook.apk!/lib/arm64-v8a/libopluslog.so using class loader ns product-clns-10 (caller=<unknown>): ok
04-11 13:08:42.958 D/AutoFillLog.WindowUtil(30174): appinfos:[OplusAppInfo{windowingMode=1, activityType=1, taskId=13177, appBounds=Rect(0, 0 - 1264, 2780), appInfo=ApplicationInfo{2d6c141 com.binance.monitor}, topActivity=ComponentInfo{com.binance.monitor/com.binance.monitor.ui.account.AccountStatsBridgeActivity}, displayId=0, orientation=1, userId=0, launchedFromPackage=com.binance.monitor, isRootActivity=false, extension=Bundle[mParcelledData.dataSize=616]}] and appinfos size:1
04-11 13:08:42.958 D/AutoFillLog.ClipBoardDataHelper(30174): registerClipboard
04-11 13:08:42.962 E/LoganThread(30174): com_coloros_codebook_2026_04_01_13.dog3被删除
04-11 13:08:42.963 D/LoggingInterceptor(14214): CallerPackage:com.coloros.codebook ,componentName:android.content.ClipboardManager ,actionName:getPrimaryClip
04-11 13:08:42.964 D/LoggingInterceptor(14214): CallerPackage:com.coloros.codebook ,componentName:android.content.ClipboardManager ,actionName:addPrimaryClipChangedListener
04-11 13:08:42.966 D/ClipboardService( 3590): clipboardAccessAllowed: op=29 result=true callingPackage=com.oplus.appplatform
04-11 13:08:42.966 D/AutoFillLog.ClipBoardDataHelper(30174): currentTextFromClipBoard:0
04-11 13:08:42.966 D/AutoFillLog.ClipBoardDataHelper(30174): current text is same as invalid text
04-11 13:08:42.966 D/AutoFillLog.OriginalAutoFillImpl(30174): registerAppSwitch
