04-11 12:56:24.750 D/QmiClient( 3438): onQmiServiceEventCallback - enter. msgId=1099
04-11 12:56:24.750 D/QmiVsClientEvent( 3438): QosPeriodReportInd MSG IND data_len 2052
04-11 12:56:24.750 D/QmiClient( 2727): qmiServiceEventCallback recv msg id 1099
04-11 12:56:24.750 D/QmiVsClientEvent( 3438): qmiVsClientNotifyQosPeriodReportIndEvent - RADIO_EVENT_QOS_PERIOD_REPORT_NOTIFY_IND
04-11 12:56:24.750 D/VsProxy ( 3438): handleMessage msg is 2420
04-11 12:56:24.750 D/QmiClient( 2727): enter -mServiceType 4 onQmiServiceEventCallback msgId 1099
04-11 12:56:24.750 D/QmiClient( 2727): onQmiServiceEventCallback - enter. msgId=1099
04-11 12:56:24.751 D/VsProxy ( 3438): handleQosPeriodReportInd for instance 1 data_len 207
04-11 12:56:24.751 D/QmiVsClientEvent( 2727): QosPeriodReportInd MSG IND data_len 2052
04-11 12:56:24.751 D/QmiVsClientEvent( 2727): qmiVsClientNotifyQosPeriodReportIndEvent - RADIO_EVENT_QOS_PERIOD_REPORT_NOTIFY_IND
04-11 12:56:24.751 D/SubsysRadioIndication[1](14034): radioQosPeriodReportInd result [8, -28, -23, -74, -49, 14, 18, 14, 8, -119, -23, -74, -49, 14, 16, 1, 32, 53, 40, 1, 72, 1, 26, 15, 8, -64, -24, -74, -49, 14, 16, 8, 40, 6, 56, -88, 3, 72, 1, 34, 12, 8, -84, -69, -57, -50, 14, 16, 4, 24, 1, 32, 3, 58, 83, 8, -119, -23, -74, -49, 14, 16, 5, 24, -98, -23, 30, 32, -54, 1, 40, -91, -1, -1, -1, -1, -1, -1, -1, -1, 1, 48, -12, -1, -1, -1, -1, -1, -1, -1, -1, 1, 56, 1, 64, -92, -1, -1, -1, -1, -1, -1, -1, -1, 1, 72, -91, -1, -1, -1, -1, -1, -1, -1, -1, 1, 80, -104, -1, -1, -1, -1, -1, -1, -1, -1, 1, 88, -91, -1, -1, -1, -1, -1, -1, -1, -1, 1, 66, 31, 8, -101, -22, -108, -49, 14, 16, 5, 24, 2, 34, 19, 8, -98, -23, 30, 16, -54, 1, 24, 41, 32, 13, 40, -126, -128, -52, -67, 21, 48, 2, 90, 0, 98, 10, 8, -85, -54, -73, -50, 14, 16, 3, 24, 5, 122, 20, 8, -90, -27, -74, -49, 14, 16, -1, -1, 1, 24, -1, -1, 1, 32, -1, -1, -1, -1, 15]
04-11 12:56:24.751 D/NetworkService[1](14034): handleMessage what:1005
04-11 12:56:24.751 D/VsProxy ( 2727): handleMessage msg is 2420
04-11 12:56:24.751 D/VsProxy ( 2727): handleQosPeriodReportInd for instance 0 data_len 145
04-11 12:56:24.751 D/RadioAtomTracker(14034): parseQosPeriodData ModemQos:CellularQosInfo1{5G, 504990/202, EndcState=2, Band=41, DLBW=13, Rsrp=-91, Rsrq=-12, Snr=1, SvcStatus=3, ULPDCPNumDataPdu=1, ULPDCPNumDropPdu=0, ULPDCPTput=53, ULRLCNumDataPdu=1, ULRLCNumRetxPdu=0, ULGrant=0, ULBSR=0, ULBler=1, DLPDCPNumDataPdu=6, DLPDCPTput=424, DLRLCNumDataPdu=8, DLRLCNumRetxPdu=0, DLRLCNumDropPdu=0, DLMACPaddingBytes=0, DLPdcpNumMissToUppPdu=0, DLBler=1, RlfCount=0, CellChangeCount=0, IsRedirectionOccur=0, IsDualSimConflict=0, Latency=6, Sub1RrcState=1, Sub2RrcState=3, RachCount=0, CalcPower=32767, Mtpl=32767, PathLoss=-1, CellLoad=0}
04-11 12:56:24.751 D/NetworkService[1](14034): EVENT_REG_QOS_PERIOD_REPORT_IND_CHANGED ENTER
04-11 12:56:24.751 D/AtomModemKpiInfo(14034): handleMessage what:1001
04-11 12:56:24.751 D/AtomModemKpiInfo(14034): analyseQosInfo success
04-11 12:56:24.751 D/SubsysRadioIndication[0](14034): radioQosPeriodReportInd result [8, -28, -23, -74, -49, 14, 34, 12, 8, -84, -69, -57, -50, 14, 16, 4, 24, 1, 32, 3, 58, 61, 8, -62, -37, -74, -49, 14, 16, 5, 24, -64, -92, 38, 32, -22, 6, 40, -98, -1, -1, -1, -1, -1, -1, -1, -1, 1, 48, -11, -1, -1, -1, -1, -1, -1, -1, -1, 1, 56, 8, 64, -99, -1, -1, -1, -1, -1, -1, -1, -1, 1, 72, -102, -1, -1, -1, -1, -1, -1, -1, -1, 1, 66, 29, 8, -57, -20, -92, -50, 14, 16, 5, 34, 19, 8, -64, -92, 38, 16, -22, 6, 24, 78, 32, 13, 40, -117, -32, -94, -93, 2, 48, 2, 90, 0, 98, 10, 8, -41, -26, -92, -50, 14, 16, 3, 24, 5, 122, 15, 8, -8, -24, -92, -50, 14, 16, -52, 2, 24, -21, 1, 32, -90, 9]
04-11 12:56:24.751 D/NetworkService[0](14034): handleMessage what:1005
04-11 12:56:24.751 D/RadioAtomTracker(14034): parseQosPeriodData ModemQos:CellularQosInfo2{5G, 627264/874, EndcState=0, Band=78, DLBW=13, Rsrp=-98, Rsrq=-11, Snr=8, SvcStatus=3, ULPDCPNumDataPdu=-1, ULPDCPNumDropPdu=-1, ULPDCPTput=-1, ULRLCNumDataPdu=-1, ULRLCNumRetxPdu=-1, ULGrant=-1, ULBSR=-1, ULBler=-1, DLPDCPNumDataPdu=-1, DLPDCPTput=-1, DLRLCNumDataPdu=-1, DLRLCNumRetxPdu=-1, DLRLCNumDropPdu=-1, DLMACPaddingBytes=-1, DLPdcpNumMissToUppPdu=-1, DLBler=-1, RlfCount=0, CellChangeCount=0, IsRedirectionOccur=0, IsDualSimConflict=0, Latency=0, Sub1RrcState=1, Sub2RrcState=3, RachCount=0, CalcPower=332, Mtpl=235, PathLoss=1190, CellLoad=0}
04-11 12:56:24.751 D/NetworkService[0](14034): EVENT_REG_QOS_PERIOD_REPORT_IND_CHANGED ENTER
04-11 12:56:24.751 D/AtomModemKpiInfo(14034): handleMessage what:1001
04-11 12:56:24.751 D/AtomModemKpiInfo(14034): analyseQosInfo success
04-11 12:56:24.752 I/ChainTrace(19632): account_render phase=apply_curve_range account=7400048@ICMarketsSC-MT5-6 durationMs=5 trades=1113 positions=6 curves=5717
04-11 12:56:24.780 I/ThermalEngine(10385): VIRTUAL-CPU-L-PID, Update received trip sensor cpu-1-1-1 92300
04-11 12:56:24.780 I/ostats_tpd(10330): stats_write, records atomId:100100, event_id:903, cpu:0, values: 903-0-1-213-(cpu-1-1-1)-28-0-1
04-11 12:56:24.780 I/ostats_tpd(10330): stats_write, records atomId:100100, event_id:903, cpu:0, values: 903-0-1-10614-(cpu-1-1-1)-28-0-1
04-11 12:56:24.790 D/ExtremeCommService(14034): handleMessage what:1011
04-11 12:56:24.791 I/ThermalEngine(10385): ACTION: CPU - Setting CPU[6] to 3
04-11 12:56:24.800 I/ChainTrace(19632): account_render phase=refresh_trade_stats account=7400048@ICMarketsSC-MT5-6 durationMs=48 trades=1113 positions=6 curves=5717
04-11 12:56:24.800 I/ChainTrace(19632): account_render phase=refresh_positions account=7400048@ICMarketsSC-MT5-6 durationMs=0 trades=1113 positions=6 curves=5717
04-11 12:56:24.802 I/ThermalEngine(10385): ACTION: CPU - Setting CPU[6] to 0
04-11 12:56:24.808 I/ChainTrace(19632): account_render phase=refresh_trades account=7400048@ICMarketsSC-MT5-6 durationMs=8 trades=1113 positions=6 curves=5717
04-11 12:56:24.808 I/ChainTrace(19632): account_render phase=apply_snapshot_total account=7400048@ICMarketsSC-MT5-6 durationMs=95 trades=1113 positions=6 curves=5717
04-11 12:56:24.809 I/ThermalEngine(10385): VIRTUAL-CPU-L-PID, Update received trip sensor cpu-1-1-1 79500
04-11 12:56:24.832 I/sensors-hal( 2113): handle_oplus_wise_rgb_event:161, wise_rgb: (61891)(cct, lux, ir)[6732.31, 198.02, 42.282192] (r, g, b, c)[8853.20, 6033.55, 3933.69, 17352.99]                 (pwm, hbm, brl, algo)[0.0 0.0 1327.0 2.0], flag 34355
04-11 12:56:24.882 E/PERFHAL-PERFCTRL( 2187): PERFHAL-PERFCTRL: chk_core_online_poll_loop() 748: poll() has timed out for /sys/kernel/msm_performance/events/cpu_hotplug
04-11 12:56:24.882 E/PERFHAL-PERFCTRL( 2187): PERFHAL-PERFCTRL: chk_core_online_poll_loop() 743: Block on poll()
04-11 12:56:24.910 D/CommonApp-264-10512(14034): transport layer data is invalid
04-11 12:56:24.911 D/CommonApp-255-10512(14034): commonScoreStrategy scenarios low package
04-11 12:56:24.911 D/ScorePolicy(14034): handleScoreChanged: []
04-11 12:56:24.911 D/ScorePolicy(14034): handleScoreChanged: []
04-11 12:56:24.911 D/ScorePolicy(14034): handleScoreChanged: []
04-11 12:56:24.952 I/SDM     ( 2181): DisplayBuiltIn::IdlePowerCollapse: IPC received, disabling partial update for one frame
04-11 12:56:25.021 D/QmiClient( 3438): qmiServiceEventCallback recv msg id 47
04-11 12:56:25.021 D/QmiClient( 3438): enter -mServiceType 10 onQmiServiceEventCallback msgId 47
04-11 12:56:25.021 D/QmiClient( 3438): onQmiServiceEventCallback - enter. msgId=47
04-11 12:56:25.021 D/OttProxy( 3438): handleMessage msg is 3001
04-11 12:56:25.021 D/SubsysRadioIndication[1](14034): radioLinkLatencyInfoInd
04-11 12:56:25.021 D/SubsysRadioIndication[1](14034): notify enter
04-11 12:56:25.021 D/NetworkService[1](14034): handleMessage what:1008
04-11 12:56:25.021 D/NetworkService[1](14034): EVENT_REG_LINK_LATENCY_INFO_CHANGE ulLatency:6882
04-11 12:56:25.035 I/SDM     ( 2181): DisplayBuiltIn::IdlePowerCollapse: IPC received, disabling partial update for one frame
04-11 12:56:25.039 V/AlarmManager( 3590): sending alarm Alarm{7871b1e type 1 origWhen 1775883385039 whenElapsed 930600453 android} uid 1000 whenElapsed 930600453 windowLength 0 maxWhenElapsed 930600453 repeatInterval 0 action null component null tag StorgaeBandInfoAlarmTag flags 0x9 procName system_server
04-11 12:56:25.040 E/OplusStorageUFSBandwidth( 3590): storage_io_metrics_path is /proc/oplus_storage/io_metrics/forever/
04-11 12:56:25.040 E/CwbService( 2181): Panel not support apl read or getDisplayPanelAplValue timeout 10ms.
04-11 12:56:25.040 D/SensorFeature( 2258): name=ssc_screenshot_info ,index = 22
04-11 12:56:25.040 D/SensorFeature( 2258): write 39 bytes:930600390714588,930600443691776,34356,0
04-11 12:56:25.041 E/OplusStorageUFSBandwidth( 3590): Bandwidth - Read: 0.50 MB/s, Write: 1.50 MB/s
04-11 12:56:25.041 E/OplusStorageUFSBandwidth( 3590): Task time: 1ms
04-11 12:56:25.044 E/OplusStorageUFSBandwidth( 3590): Alarm set to trigger in 10 seconds
04-11 12:56:25.078 D/vendor.oplus.hardware.charger-V10-service( 2280): ret_value:121, read content:,290,290,4351,4349,288,94,96,1,1,0,494,5014,96,1,4480,600,500,0,0,9500,0,0,1,0,2,0,0,0,1,5868,96,0,4738,5046,0,0,0,0,0,0
04-11 12:56:25.078 D/vendor.oplus.hardware.charger-V10-service( 2280): gmtime: 2026-04-11-12-56-25
04-11 12:56:25.078 D/vendor.oplus.hardware.charger-V10-service( 2280): usb_online:1, ac_online:-2147483648, wireless_online:-2147483648
04-11 12:56:25.091 I/sensors-hal( 2113): handle_oplus_wise_rgb_event:189, high_pwm_light:lux 197.9,cct 6729.5,brl/algo/ir 1327.0/2.0/41.8,pwm/dc 0.0/0.0,rgbc 8800.875977/5987.354004/3898.372070/17320.359375,ts 930600432075340,cnt 61900,flag 99892
04-11 12:56:25.091 I/sensors-hal( 2113): handle_oplus_wise_rgb_event:161, wise_rgb: (61896)(cct, lux, ir)[6729.55, 197.94, 41.814632] (r, g, b, c)[8835.76, 6004.95, 3907.20, 17297.05]                 (pwm, hbm, brl, algo)[0.0 0.0 1327.0 2.0], flag 34356
04-11 12:56:25.119 D/BatteryChargeControl( 2280): bcc get no support from charging protocol
04-11 12:56:25.326 I/AICCTModule( 3590): SensorFilter: brightness threshold 1.2 screenNit is 90.251 ave enviroment lux is 132.04358 luxForNit 90.55604demarcationPoint200.0 result is false
04-11 12:56:25.326 I/AICCTModule( 3590): SensorFilter: findSecondNearestValue, sensorValue: 7474.1216 nearestMaxValue:7500.2866 secondNearestValue: 7500.2866
04-11 12:56:25.326 I/AICCTModule( 3590): SensorFilter: findSecondNearestValue, sensorValue: 129.91148 nearestMaxValue:131.57043 secondNearestValue: 131.57043
04-11 12:56:25.343 D/SensorFeature( 2258): name=ssc_screenshot_info ,index = 22
04-11 12:56:25.344 D/SensorFeature( 2258): write 39 bytes:930600390714588,930600756039849,34357,0
04-11 12:56:25.358 D/FusionLightNextGen( 3590): process end reported = 1, mode: 0, cnt: 403390, lux 131.5, cct 7478.7, r/g/b/c: 8813.3/5998.4/3894.0/17297.0, R/G/B: 167.0/161.0/146.0, bri 1327.0, match 1.00, ir 0.050268, conf 5.0, ts 930600742540861
04-11 12:56:25.358 I/sensors-hal( 2113): handle_oplus_wise_rgb_event:161, wise_rgb: (61901)(cct, lux, ir)[6660.53, 198.23, 41.720818] (r, g, b, c)[8818.32, 5998.35, 3907.20, 17287.72]                 (pwm, hbm, brl, algo)[0.0 0.0 1327.0 2.0], flag 34357
04-11 12:56:25.405 W/ServiceManagerCppClient( 4482): Waited one second for SystemClearService (is service started? Number of threads started in the threadpool: 16. Are binder threads started and available?)
04-11 12:56:25.406 W/ServiceManagerCppClient( 4482): Waited one second for SystemClearService (is service started? Number of threads started in the threadpool: 16. Are binder threads started and available?)
04-11 12:56:25.408 W/libc    ( 1254): Unable to set property "ctl.interface_start" to "aidl/SystemClearService": PROP_ERROR_HANDLE_CONTROL_MESSAGE (0x20)
04-11 12:56:25.409 W/libc    ( 1254): Unable to set property "ctl.interface_start" to "aidl/SystemClearService": PROP_ERROR_HANDLE_CONTROL_MESSAGE (0x20)
04-11 12:56:25.425 I/SDM     ( 2181): DisplayBuiltIn::IdlePowerCollapse: IPC received, disabling partial update for one frame
04-11 12:56:25.615 D/LocationManagerExtImpl(12992): handleMessage: remove location cache
04-11 12:56:25.634 I/ChainTrace(19632): stream type=syncEvent gapMs=1044 refreshMarket=true
04-11 12:56:25.681 I/SDM     ( 2181): DisplayBuiltIn::IdlePowerCollapse: IPC received, disabling partial update for one frame
04-11 12:56:25.686 E/CwbService( 2181): Panel not support apl read or getDisplayPanelAplValue timeout 10ms.
04-11 12:56:25.686 D/SensorFeature( 2258): name=ssc_screenshot_info ,index = 22
04-11 12:56:25.686 D/SensorFeature( 2258): write 39 bytes:930601035092765,930601088244328,34358,0
04-11 12:56:25.688 I/sensors-hal( 2113): handle_oplus_wise_rgb_event:161, wise_rgb: (61906)(cct, lux, ir)[6721.88, 198.07, 41.503159] (r, g, b, c)[8848.22, 5998.35, 3911.62, 17359.99]                 (pwm, hbm, brl, algo)[0.0 0.0 1327.0 2.0], flag 131072
04-11 12:56:25.776 D/QmiClient( 2727): qmiServiceEventCallback recv msg id 1099
04-11 12:56:25.777 D/QmiClient( 2727): enter -mServiceType 4 onQmiServiceEventCallback msgId 1099
04-11 12:56:25.777 D/QmiClient( 2727): onQmiServiceEventCallback - enter. msgId=1099
04-11 12:56:25.777 D/QmiVsClientEvent( 2727): QosPeriodReportInd MSG IND data_len 2052
04-11 12:56:25.777 D/QmiVsClientEvent( 2727): qmiVsClientNotifyQosPeriodReportIndEvent - RADIO_EVENT_QOS_PERIOD_REPORT_NOTIFY_IND
04-11 12:56:25.777 D/QmiClient( 3438): qmiServiceEventCallback recv msg id 1099
04-11 12:56:25.777 D/VsProxy ( 2727): handleMessage msg is 2420
04-11 12:56:25.777 D/QmiClient( 3438): enter -mServiceType 4 onQmiServiceEventCallback msgId 1099
04-11 12:56:25.777 D/VsProxy ( 2727): handleQosPeriodReportInd for instance 0 data_len 145
04-11 12:56:25.777 D/QmiClient( 3438): onQmiServiceEventCallback - enter. msgId=1099
04-11 12:56:25.777 D/QmiVsClientEvent( 3438): QosPeriodReportInd MSG IND data_len 2052
04-11 12:56:25.777 D/QmiVsClientEvent( 3438): qmiVsClientNotifyQosPeriodReportIndEvent - RADIO_EVENT_QOS_PERIOD_REPORT_NOTIFY_IND
04-11 12:56:25.777 D/VsProxy ( 3438): handleMessage msg is 2420
04-11 12:56:25.777 D/VsProxy ( 3438): handleQosPeriodReportInd for instance 1 data_len 209
04-11 12:56:25.778 D/SubsysRadioIndication[0](14034): radioQosPeriodReportInd result [8, -27, -15, -74, -49, 14, 34, 12, 8, -84, -69, -57, -50, 14, 16, 4, 24, 1, 32, 3, 58, 61, 8, -45, -22, -74, -49, 14, 16, 5, 24, -64, -92, 38, 32, -22, 6, 40, -97, -1, -1, -1, -1, -1, -1, -1, -1, 1, 48, -10, -1, -1, -1, -1, -1, -1, -1, -1, 1, 56, 10, 64, -97, -1, -1, -1, -1, -1, -1, -1, -1, 1, 72, -101, -1, -1, -1, -1, -1, -1, -1, -1, 1, 66, 29, 8, -57, -20, -92, -50, 14, 16, 5, 34, 19, 8, -64, -92, 38, 16, -22, 6, 24, 78, 32, 13, 40, -117, -32, -94, -93, 2, 48, 2, 90, 0, 98, 10, 8, -41, -26, -92, -50, 14, 16, 3, 24, 5, 122, 15, 8, -8, -24, -92, -50, 14, 16, -52, 2, 24, -21, 1, 32, -90, 9]
04-11 12:56:25.778 D/SubsysRadioIndication[1](14034): radioQosPeriodReportInd result [8, -27, -15, -74, -49, 14, 18, 18, 8, -59, -16, -74, -49, 14, 16, 4, 32, -32, 1, 40, 4, 56, -86, 1, 72, 1, 26, 13, 8, -118, -15, -74, -49, 14, 16, 2, 40, 3, 56, -47, 5, 34, 12, 8, -84, -69, -57, -50, 14, 16, 4, 24, 1, 32, 3, 58, 83, 8, -59, -16, -74, -49, 14, 16, 5, 24, -98, -23, 30, 32, -54, 1, 40, -91, -1, -1, -1, -1, -1, -1, -1, -1, 1, 48, -12, -1, -1, -1, -1, -1, -1, -1, -1, 1, 56, 1, 64, -91, -1, -1, -1, -1, -1, -1, -1, -1, 1, 72, -91, -1, -1, -1, -1, -1, -1, -1, -1, 1, 80, -107, -1, -1, -1, -1, -1, -1, -1, -1, 1, 88, -91, -1, -1, -1, -1, -1, -1, -1, -1, 1, 66, 31, 8, -101, -22, -108, -49, 14, 16, 5, 24, 2, 34, 19, 8, -98, -23, 30, 16, -54, 1, 24, 41, 32, 13, 40, -126, -128, -52, -67, 21, 48, 2, 90, 0, 98, 10, 8, -85, -54, -73, -50, 14, 16, 3, 24, 5, 122, 20, 8, -90, -17, -74, -49, 14, 16, -1, -1, 1, 24, -1, -1, 1, 32, -1, -1, -1, -1, 15]
04-11 12:56:25.778 D/NetworkService[0](14034): handleMessage what:1005
04-11 12:56:25.779 D/RadioAtomTracker(14034): parseQosPeriodData ModemQos:CellularQosInfo2{5G, 627264/874, EndcState=0, Band=78, DLBW=13, Rsrp=-97, Rsrq=-10, Snr=10, SvcStatus=3, ULPDCPNumDataPdu=-1, ULPDCPNumDropPdu=-1, ULPDCPTput=-1, ULRLCNumDataPdu=-1, ULRLCNumRetxPdu=-1, ULGrant=-1, ULBSR=-1, ULBler=-1, DLPDCPNumDataPdu=-1, DLPDCPTput=-1, DLRLCNumDataPdu=-1, DLRLCNumRetxPdu=-1, DLRLCNumDropPdu=-1, DLMACPaddingBytes=-1, DLPdcpNumMissToUppPdu=-1, DLBler=-1, RlfCount=0, CellChangeCount=0, IsRedirectionOccur=0, IsDualSimConflict=0, Latency=0, Sub1RrcState=1, Sub2RrcState=3, RachCount=0, CalcPower=332, Mtpl=235, PathLoss=1190, CellLoad=0}
04-11 12:56:25.779 D/NetworkService[0](14034): EVENT_REG_QOS_PERIOD_REPORT_IND_CHANGED ENTER
04-11 12:56:25.779 D/NetworkService[1](14034): handleMessage what:1005
04-11 12:56:25.779 D/RadioAtomTracker(14034): parseQosPeriodData ModemQos:CellularQosInfo1{5G, 504990/202, EndcState=2, Band=41, DLBW=13, Rsrp=-91, Rsrq=-12, Snr=1, SvcStatus=3, ULPDCPNumDataPdu=4, ULPDCPNumDropPdu=0, ULPDCPTput=224, ULRLCNumDataPdu=4, ULRLCNumRetxPdu=0, ULGrant=170, ULBSR=0, ULBler=1, DLPDCPNumDataPdu=3, DLPDCPTput=721, DLRLCNumDataPdu=2, DLRLCNumRetxPdu=0, DLRLCNumDropPdu=0, DLMACPaddingBytes=0, DLPdcpNumMissToUppPdu=0, DLBler=0, RlfCount=0, CellChangeCount=0, IsRedirectionOccur=0, IsDualSimConflict=0, Latency=6, Sub1RrcState=1, Sub2RrcState=3, RachCount=0, CalcPower=32767, Mtpl=32767, PathLoss=-1, CellLoad=0}
04-11 12:56:25.779 D/NetworkService[1](14034): EVENT_REG_QOS_PERIOD_REPORT_IND_CHANGED ENTER
04-11 12:56:25.779 D/AtomModemKpiInfo(14034): handleMessage what:1001
04-11 12:56:25.779 D/AtomModemKpiInfo(14034): analyseQosInfo success
04-11 12:56:25.894 I/sensors-hal( 2113): handle_oplus_wise_rgb_event:189, high_pwm_light:lux 198.4,cct 6711.4,brl/algo/ir 1327.0/2.0/41.8,pwm/dc 0.0/0.0,rgbc 8828.284180/6026.946777/3911.616943/17366.980469,ts 930601076589246,cnt 61910,flag 34358
04-11 12:56:25.894 I/sensors-hal( 2113): handle_oplus_wise_rgb_event:161, wise_rgb: (61911)(cct, lux, ir)[6711.35, 198.42, 41.809452] (r, g, b, c)[8848.22, 6011.55, 3896.16, 17339.01]                 (pwm, hbm, brl, algo)[0.0 0.0 1327.0 2.0], flag 99894
04-11 12:56:25.926 I/sensors-hal( 2113): handle_sns_std_sensor_event:114, oplus rgb_rear sample: (cct, lux, ir, x, y)[10140, 29, 183, 259, 323]
04-11 12:56:25.926 I/sensors-hal( 2113): handle_sns_std_sensor_event:116, oplus rgb_rear sample: (r, g, b, c w)[1167, 2417, 556, 443, 0]
04-11 12:56:25.934 D/CommonApp-264-10512(14034): transport layer data is invalid
04-11 12:56:25.935 D/CommonApp-255-10512(14034): commonScoreStrategy scenarios low package
04-11 12:56:25.936 D/ScorePolicy(14034): handleScoreChanged: []
04-11 12:56:25.936 D/ScorePolicy(14034): handleScoreChanged: []
04-11 12:56:25.936 D/ScorePolicy(14034): handleScoreChanged: []
04-11 12:56:25.988 D/SensorFeature( 2258): name=ssc_screenshot_info ,index = 22
04-11 12:56:25.988 D/SensorFeature( 2258): write 39 bytes:930601035092765,930601401174848,34359,0
04-11 12:56:26.033 D/QmiClient( 3438): qmiServiceEventCallback recv msg id 47
04-11 12:56:26.034 D/QmiClient( 3438): enter -mServiceType 10 onQmiServiceEventCallback msgId 47
04-11 12:56:26.034 D/QmiClient( 3438): onQmiServiceEventCallback - enter. msgId=47
04-11 12:56:26.034 D/OttProxy( 3438): handleMessage msg is 3001
04-11 12:56:26.034 D/SubsysRadioIndication[1](14034): radioLinkLatencyInfoInd
04-11 12:56:26.035 D/SubsysRadioIndication[1](14034): notify enter
04-11 12:56:26.035 D/NetworkService[1](14034): handleMessage what:1008
04-11 12:56:26.035 D/NetworkService[1](14034): EVENT_REG_LINK_LATENCY_INFO_CHANGE ulLatency:12298
04-11 12:56:26.120 D/BatteryChargeControl( 2280): bcc get no support from charging protocol
04-11 12:56:26.132 D/libc-netbsd(19632): [oplusDnsOpenProxy]: __netdClientDispatch.connect errno = 111
04-11 12:56:26.132 D/DNS_CACHE(19632): oplus_oplus_getaddrinfo_proxy open dns proxy failed, use android flow: 10512
04-11 12:56:26.133 D/libc-netbsd(19632): [oplusDnsOpenProxy]: __netdClientDispatch.connect errno = 111
04-11 12:56:26.138 I/GoLog   (18198): from tcp:127.0.0.1:41484 accepted tcp:43.155.214.62:443 [socks >> proxy]
04-11 12:56:26.158 I/sensors-hal( 2113): handle_oplus_wise_rgb_event:161, wise_rgb: (61916)(cct, lux, ir)[6560.80, 192.56, 43.119930] (r, g, b, c)[8539.24, 5743.20, 3712.95, 16574.39]                 (pwm, hbm, brl, algo)[0.0 0.0 1327.0 2.0], flag 99895
04-11 12:56:26.267 D/ActivityManager( 3590): freezing 27799 com.coloros.alarmclock
04-11 12:56:26.272 D/ActivityManager( 3590): freezing 12677 com.google.android.webview:webview_service
04-11 12:56:26.273 D/ActivityManager( 3590): Freeze process 12677, not check file locks
04-11 12:56:26.273 D/ActivityManager( 3590): freezing 14376 com.android.rkpdapp
04-11 12:56:26.274 D/ActivityManager( 3590): Freeze process 14376, not check file locks
04-11 12:56:26.274 D/ActivityManager( 3590): freezing 16103 com.oplus.aiwriter
04-11 12:56:26.276 D/ActivityManager( 3590): Freeze process 16103, not check file locks
04-11 12:56:26.276 D/ActivityManager( 3590): freezing 17796 com.coloros.ocs.opencapabilityservice:ocs
04-11 12:56:26.277 D/ActivityManager( 3590): Freeze process 17796, not check file locks
04-11 12:56:26.277 D/ActivityManager( 3590): freezing 15448 com.coloros.alarmclock:clockWidget
04-11 12:56:26.279 D/ActivityManager( 3590): Freeze process 15448, not check file locks
04-11 12:56:26.279 D/ActivityManager( 3590): freezing 21483 com.android.cellbroadcastreceiver.module
04-11 12:56:26.280 D/ActivityManager( 3590): Freeze process 21483, not check file locks
04-11 12:56:26.280 D/ActivityManager( 3590): freezing 22292 com.google.android.projection.gearhead:shared
04-11 12:56:26.281 D/ActivityManager( 3590): Freeze process 22292, not check file locks
04-11 12:56:26.282 D/ActivityManager( 3590): freezing 27126 com.android.providers.calendar
04-11 12:56:26.282 I/SDM     ( 2181): DisplayBuiltIn::IdlePowerCollapse: IPC received, disabling partial update for one frame
04-11 12:56:26.282 D/ActivityManager( 3590): Freeze process 27126, not check file locks
04-11 12:56:26.282 D/ActivityManager( 3590): freezing 27201 com.heytap.htms:kit_hlog
04-11 12:56:26.283 D/ActivityManager( 3590): freezing 10944 com.heytap.htms
04-11 12:56:26.286 D/ActivityManager( 3590): freezing 27289 com.heytap.htms:sysintegrity
04-11 12:56:26.287 D/ActivityManager( 3590): Freeze process 27289, not check file locks
04-11 12:56:26.287 D/ActivityManager( 3590): freezing 22324 com.heytap.cloud
04-11 12:56:26.290 D/ActivityManager( 3590): Freeze process 22324, not check file locks
04-11 12:56:26.290 D/ActivityManager( 3590): freezing 16209 com.android.calllogbackup
04-11 12:56:26.290 D/SensorFeature( 2258): name=ssc_screenshot_info ,index = 22
04-11 12:56:26.290 D/SensorFeature( 2258): write 39 bytes:930601035092765,930601703586463,34360,0
04-11 12:56:26.291 D/ActivityManager( 3590): freezing 18026 com.microsoft.deviceintegrationservice
04-11 12:56:26.291 D/ActivityManager( 3590): Freeze process 18026, not check file locks
04-11 12:56:26.291 D/ActivityManager( 3590): freezing 18072 com.microsoftsdk.crossdeviceservicebroker
04-11 12:56:26.292 D/ActivityManager( 3590): Freeze process 18072, not check file locks
04-11 12:56:26.292 D/ActivityManager( 3590): freezing 17857 com.microsoft.appmanager
04-11 12:56:26.294 D/ActivityManager( 3590): Freeze process 17857, not check file locks
04-11 12:56:26.294 D/ActivityManager( 3590): reportOneUidFrozenStateChanged uid 10265 frozen = true
04-11 12:56:26.294 D/ActivityManager( 3590): reportOneUidFrozenStateChanged uid 10290 frozen = true
04-11 12:56:26.294 D/ActivityManager( 3590): reportOneUidFrozenStateChanged uid 10439 frozen = true
04-11 12:56:26.294 D/ActivityManager( 3590): reportOneUidFrozenStateChanged uid 10177 frozen = true
04-11 12:56:26.294 D/ActivityManager( 3590): reportOneUidFrozenStateChanged uid 10294 frozen = true
04-11 12:56:26.294 D/ActivityManager( 3590): reportOneUidFrozenStateChanged uid 10276 frozen = true
04-11 12:56:26.294 D/ActivityManager( 3590): reportOneUidFrozenStateChanged uid 10264 frozen = true
04-11 12:56:26.294 D/ActivityManager( 3590): reportOneUidFrozenStateChanged uid 10202 frozen = true
04-11 12:56:26.294 D/ActivityManager( 3590): reportOneUidFrozenStateChanged uid 10176 frozen = true
04-11 12:56:26.294 D/ActivityManager( 3590): reportOneUidFrozenStateChanged uid 10158 frozen = true
04-11 12:56:26.294 D/ActivityManager( 3590): reportOneUidFrozenStateChanged uid 10102 frozen = true
04-11 12:56:26.294 D/ActivityManager( 3590): reportOneUidFrozenStateChanged uid 10077 frozen = true
04-11 12:56:26.294 D/ActivityManager( 3590): reportOneUidFrozenStateChanged uid 10114 frozen = true
04-11 12:56:26.296 D/InetDiagMessage( 3590): Destroyed 0 sockets, proto=IPPROTO_TCP, family=AF_INET, states=14
04-11 12:56:26.297 D/InetDiagMessage( 3590): Destroyed 0 sockets, proto=IPPROTO_TCP, family=AF_INET6, states=14
04-11 12:56:26.297 D/InetDiagMessage( 3590): Destroyed live tcp sockets for uids={10265} in 3ms
04-11 12:56:26.299 D/InetDiagMessage( 3590): Destroyed 0 sockets, proto=IPPROTO_TCP, family=AF_INET, states=14
04-11 12:56:26.300 D/InetDiagMessage( 3590): Destroyed 0 sockets, proto=IPPROTO_TCP, family=AF_INET6, states=14
04-11 12:56:26.300 D/InetDiagMessage( 3590): Destroyed live tcp sockets for uids={10290} in 3ms
04-11 12:56:26.301 D/InetDiagMessage( 3590): Destroyed 0 sockets, proto=IPPROTO_TCP, family=AF_INET, states=14
04-11 12:56:26.303 D/InetDiagMessage( 3590): Destroyed 0 sockets, proto=IPPROTO_TCP, family=AF_INET6, states=14
04-11 12:56:26.303 D/InetDiagMessage( 3590): Destroyed live tcp sockets for uids={10439} in 3ms
04-11 12:56:26.304 D/InetDiagMessage( 3590): Destroyed 0 sockets, proto=IPPROTO_TCP, family=AF_INET, states=14
04-11 12:56:26.305 D/InetDiagMessage( 3590): Destroyed 0 sockets, proto=IPPROTO_TCP, family=AF_INET6, states=14
04-11 12:56:26.305 D/InetDiagMessage( 3590): Destroyed live tcp sockets for uids={10177} in 2ms
04-11 12:56:26.307 D/InetDiagMessage( 3590): Destroyed 0 sockets, proto=IPPROTO_TCP, family=AF_INET, states=14
04-11 12:56:26.308 D/InetDiagMessage( 3590): Destroyed 0 sockets, proto=IPPROTO_TCP, family=AF_INET6, states=14
04-11 12:56:26.308 D/InetDiagMessage( 3590): Destroyed live tcp sockets for uids={10294} in 3ms
04-11 12:56:26.309 D/InetDiagMessage( 3590): Destroyed 0 sockets, proto=IPPROTO_TCP, family=AF_INET, states=14
04-11 12:56:26.310 D/InetDiagMessage( 3590): Destroyed 0 sockets, proto=IPPROTO_TCP, family=AF_INET6, states=14
04-11 12:56:26.310 D/InetDiagMessage( 3590): Destroyed live tcp sockets for uids={10276} in 2ms
04-11 12:56:26.311 D/InetDiagMessage( 3590): Destroyed 0 sockets, proto=IPPROTO_TCP, family=AF_INET, states=14
04-11 12:56:26.312 D/InetDiagMessage( 3590): Destroyed 0 sockets, proto=IPPROTO_TCP, family=AF_INET6, states=14
04-11 12:56:26.312 D/InetDiagMessage( 3590): Destroyed live tcp sockets for uids={10264} in 2ms
04-11 12:56:26.314 D/InetDiagMessage( 3590): Destroyed 0 sockets, proto=IPPROTO_TCP, family=AF_INET, states=14
04-11 12:56:26.315 D/InetDiagMessage( 3590): Destroyed 0 sockets, proto=IPPROTO_TCP, family=AF_INET6, states=14
04-11 12:56:26.315 D/InetDiagMessage( 3590): Destroyed live tcp sockets for uids={10202} in 2ms
04-11 12:56:26.316 D/InetDiagMessage( 3590): Destroyed 0 sockets, proto=IPPROTO_TCP, family=AF_INET, states=14
04-11 12:56:26.317 D/InetDiagMessage( 3590): Destroyed 0 sockets, proto=IPPROTO_TCP, family=AF_INET6, states=14
04-11 12:56:26.317 D/InetDiagMessage( 3590): Destroyed live tcp sockets for uids={10176} in 2ms
04-11 12:56:26.318 D/InetDiagMessage( 3590): Destroyed 0 sockets, proto=IPPROTO_TCP, family=AF_INET, states=14
04-11 12:56:26.319 D/InetDiagMessage( 3590): Destroyed 0 sockets, proto=IPPROTO_TCP, family=AF_INET6, states=14
04-11 12:56:26.319 D/InetDiagMessage( 3590): Destroyed live tcp sockets for uids={10158} in 2ms
04-11 12:56:26.320 D/InetDiagMessage( 3590): Destroyed 0 sockets, proto=IPPROTO_TCP, family=AF_INET, states=14
04-11 12:56:26.321 D/InetDiagMessage( 3590): Destroyed 0 sockets, proto=IPPROTO_TCP, family=AF_INET6, states=14
04-11 12:56:26.321 D/InetDiagMessage( 3590): Destroyed live tcp sockets for uids={10102} in 2ms
04-11 12:56:26.322 D/InetDiagMessage( 3590): Destroyed 0 sockets, proto=IPPROTO_TCP, family=AF_INET, states=14
04-11 12:56:26.323 D/InetDiagMessage( 3590): Destroyed 0 sockets, proto=IPPROTO_TCP, family=AF_INET6, states=14
04-11 12:56:26.323 D/InetDiagMessage( 3590): Destroyed live tcp sockets for uids={10077} in 2ms
04-11 12:56:26.324 D/InetDiagMessage( 3590): Destroyed 0 sockets, proto=IPPROTO_TCP, family=AF_INET, states=14
04-11 12:56:26.325 D/InetDiagMessage( 3590): Destroyed 0 sockets, proto=IPPROTO_TCP, family=AF_INET6, states=14
04-11 12:56:26.325 D/InetDiagMessage( 3590): Destroyed live tcp sockets for uids={10114} in 2ms
04-11 12:56:26.407 W/ServiceManagerCppClient( 4482): Waited one second for SystemClearService (is service started? Number of threads started in the threadpool: 16. Are binder threads started and available?)
04-11 12:56:26.408 W/ServiceManagerCppClient( 4482): Waited one second for SystemClearService (is service started? Number of threads started in the threadpool: 16. Are binder threads started and available?)
04-11 12:56:26.410 W/libc    ( 1254): Unable to set property "ctl.interface_start" to "aidl/SystemClearService": PROP_ERROR_HANDLE_CONTROL_MESSAGE (0x20)
04-11 12:56:26.411 W/libc    ( 1254): Unable to set property "ctl.interface_start" to "aidl/SystemClearService": PROP_ERROR_HANDLE_CONTROL_MESSAGE (0x20)
04-11 12:56:26.425 I/sensors-hal( 2113): handle_oplus_wise_rgb_event:189, high_pwm_light:lux 186.7,cct 6513.4,brl/algo/ir 1327.0/2.0/42.9,pwm/dc 0.0/0.0,rgbc 8374.785156/5626.616699/3629.062012/16229.385742,ts 930601676226433,cnt 61920,flag 34360
04-11 12:56:26.425 I/sensors-hal( 2113): handle_oplus_wise_rgb_event:161, wise_rgb: (61921)(cct, lux, ir)[6513.36, 186.68, 42.919765] (r, g, b, c)[8364.82, 5600.22, 3626.85, 16231.72]                 (pwm, hbm, brl, algo)[0.0 0.0 1327.0 2.0], flag 99896
04-11 12:56:26.426 I/AICCTModule( 3590): SensorFilter: brightness threshold 1.2 screenNit is 90.251 ave enviroment lux is 121.03059 luxForNit 89.52174demarcationPoint200.0 result is false
04-11 12:56:26.426 I/AICCTModule( 3590): SensorFilter: findSecondNearestValue, sensorValue: 7500.2866 nearestMaxValue:7478.71 secondNearestValue: 7478.71
04-11 12:56:26.426 I/AICCTModule( 3590): SensorFilter: findSecondNearestValue, sensorValue: 131.57043 nearestMaxValue:131.54637 secondNearestValue: 131.54637
04-11 12:56:26.453 I/SDM     ( 2181): DisplayBuiltIn::IdlePowerCollapse: IPC received, disabling partial update for one frame
04-11 12:56:26.592 D/SensorFeature( 2258): name=ssc_screenshot_info ,index = 22
04-11 12:56:26.592 D/SensorFeature( 2258): write 39 bytes:930601035092765,930602005409484,34361,0
04-11 12:56:26.596 I/ChainTrace(19632): stream type=syncEvent gapMs=962 refreshMarket=true
04-11 12:56:26.695 I/sensors-hal( 2113): handle_oplus_wise_rgb_event:161, wise_rgb: (61926)(cct, lux, ir)[6475.84, 185.80, 42.697273] (r, g, b, c)[8402.19, 5661.81, 3651.14, 16331.96]                 (pwm, hbm, brl, algo)[0.0 0.0 1327.0 2.0], flag 99897
04-11 12:56:26.695 D/FusionLightNextGen( 3590): process end reported = 1, mode: 0, cnt: 403395, lux 120.0, cct 7211.9, r/g/b/c: 8402.2/5661.8/3651.1/16332.0, R/G/B: 167.0/161.0/146.0, bri 1327.0, match 1.00, ir 0.053386, conf 5.0, ts 930601987099298
04-11 12:56:26.777 D/QmiClient( 3438): qmiServiceEventCallback recv msg id 1099
04-11 12:56:26.777 D/QmiClient( 2727): qmiServiceEventCallback recv msg id 1099
04-11 12:56:26.778 D/QmiClient( 2727): enter -mServiceType 4 onQmiServiceEventCallback msgId 1099
04-11 12:56:26.778 D/QmiClient( 2727): onQmiServiceEventCallback - enter. msgId=1099
04-11 12:56:26.778 D/QmiVsClientEvent( 2727): QosPeriodReportInd MSG IND data_len 2052
04-11 12:56:26.778 D/QmiVsClientEvent( 2727): qmiVsClientNotifyQosPeriodReportIndEvent - RADIO_EVENT_QOS_PERIOD_REPORT_NOTIFY_IND
04-11 12:56:26.778 D/QmiClient( 3438): enter -mServiceType 4 onQmiServiceEventCallback msgId 1099
04-11 12:56:26.778 D/QmiClient( 3438): onQmiServiceEventCallback - enter. msgId=1099
04-11 12:56:26.778 D/QmiVsClientEvent( 3438): QosPeriodReportInd MSG IND data_len 2052
04-11 12:56:26.778 D/QmiVsClientEvent( 3438): qmiVsClientNotifyQosPeriodReportIndEvent - RADIO_EVENT_QOS_PERIOD_REPORT_NOTIFY_IND
04-11 12:56:26.778 D/VsProxy ( 3438): handleMessage msg is 2420
04-11 12:56:26.778 D/VsProxy ( 3438): handleQosPeriodReportInd for instance 1 data_len 205
04-11 12:56:26.778 D/VsProxy ( 2727): handleMessage msg is 2420
04-11 12:56:26.778 D/VsProxy ( 2727): handleQosPeriodReportInd for instance 0 data_len 145
04-11 12:56:26.779 D/SubsysRadioIndication[1](14034): radioQosPeriodReportInd result [8, -51, -7, -74, -49, 14, 18, 19, 8, -77, -7, -74, -49, 14, 16, 5, 32, -80, 16, 40, 5, 56, -67, 2, 64, -40, 2, 26, 13, 8, -7, -8, -74, -49, 14, 16, 18, 40, 16, 56, -49, 99, 34, 12, 8, -84, -69, -57, -50, 14, 16, 4, 24, 1, 32, 3, 58, 83, 8, -4, -8, -74, -49, 14, 16, 5, 24, -98, -23, 30, 32, -54, 1, 40, -90, -1, -1, -1, -1, -1, -1, -1, -1, 1, 48, -11, -1, -1, -1, -1, -1, -1, -1, -1, 1, 56, 4, 64, -91, -1, -1, -1, -1, -1, -1, -1, -1, 1, 72, -90, -1, -1, -1, -1, -1, -1, -1, -1, 1, 80, -94, -1, -1, -1, -1, -1, -1, -1, -1, 1, 88, -90, -1, -1, -1, -1, -1, -1, -1, -1, 1, 66, 31, 8, -101, -22, -108, -49, 14, 16, 5, 24, 2, 34, 19, 8, -98, -23, 30, 16, -54, 1, 24, 41, 32, 13, 40, -126, -128, -52, -67, 21, 48, 2, 90, 0, 98, 10, 8, -85, -54, -73, -50, 14, 16, 3, 24, 5, 122, 15, 8, -6, -9, -74, -49, 14, 16, -69, 1, 24, -11, 1, 32, -52, 8]
04-11 12:56:26.779 D/NetworkService[1](14034): handleMessage what:1005
04-11 12:56:26.780 D/RadioAtomTracker(14034): parseQosPeriodData ModemQos:CellularQosInfo1{5G, 504990/202, EndcState=2, Band=41, DLBW=13, Rsrp=-90, Rsrq=-11, Snr=4, SvcStatus=3, ULPDCPNumDataPdu=5, ULPDCPNumDropPdu=0, ULPDCPTput=2096, ULRLCNumDataPdu=5, ULRLCNumRetxPdu=0, ULGrant=317, ULBSR=344, ULBler=0, DLPDCPNumDataPdu=16, DLPDCPTput=12751, DLRLCNumDataPdu=18, DLRLCNumRetxPdu=0, DLRLCNumDropPdu=0, DLMACPaddingBytes=0, DLPdcpNumMissToUppPdu=0, DLBler=0, RlfCount=0, CellChangeCount=0, IsRedirectionOccur=0, IsDualSimConflict=0, Latency=12, Sub1RrcState=1, Sub2RrcState=3, RachCount=0, CalcPower=187, Mtpl=245, PathLoss=1100, CellLoad=0}
04-11 12:56:26.780 D/SubsysRadioIndication[0](14034): radioQosPeriodReportInd result [8, -51, -7, -74, -49, 14, 34, 12, 8, -84, -69, -57, -50, 14, 16, 4, 24, 1, 32, 3, 58, 61, 8, -74, -7, -74, -49, 14, 16, 5, 24, -64, -92, 38, 32, -22, 6, 40, -97, -1, -1, -1, -1, -1, -1, -1, -1, 1, 48, -10, -1, -1, -1, -1, -1, -1, -1, -1, 1, 56, 8, 64, -97, -1, -1, -1, -1, -1, -1, -1, -1, 1, 72, -101, -1, -1, -1, -1, -1, -1, -1, -1, 1, 66, 29, 8, -57, -20, -92, -50, 14, 16, 5, 34, 19, 8, -64, -92, 38, 16, -22, 6, 24, 78, 32, 13, 40, -117, -32, -94, -93, 2, 48, 2, 90, 0, 98, 10, 8, -41, -26, -92, -50, 14, 16, 3, 24, 5, 122, 15, 8, -8, -24, -92, -50, 14, 16, -52, 2, 24, -21, 1, 32, -90, 9]
04-11 12:56:26.780 D/NetworkService[1](14034): EVENT_REG_QOS_PERIOD_REPORT_IND_CHANGED ENTER
04-11 12:56:26.780 D/NetworkService[0](14034): handleMessage what:1005
04-11 12:56:26.780 D/RadioAtomTracker(14034): parseQosPeriodData ModemQos:CellularQosInfo2{5G, 627264/874, EndcState=0, Band=78, DLBW=13, Rsrp=-97, Rsrq=-10, Snr=8, SvcStatus=3, ULPDCPNumDataPdu=-1, ULPDCPNumDropPdu=-1, ULPDCPTput=-1, ULRLCNumDataPdu=-1, ULRLCNumRetxPdu=-1, ULGrant=-1, ULBSR=-1, ULBler=-1, DLPDCPNumDataPdu=-1, DLPDCPTput=-1, DLRLCNumDataPdu=-1, DLRLCNumRetxPdu=-1, DLRLCNumDropPdu=-1, DLMACPaddingBytes=-1, DLPdcpNumMissToUppPdu=-1, DLBler=-1, RlfCount=0, CellChangeCount=0, IsRedirectionOccur=0, IsDualSimConflict=0, Latency=0, Sub1RrcState=1, Sub2RrcState=3, RachCount=0, CalcPower=332, Mtpl=235, PathLoss=1190, CellLoad=0}
04-11 12:56:26.780 D/NetworkService[0](14034): EVENT_REG_QOS_PERIOD_REPORT_IND_CHANGED ENTER
04-11 12:56:26.780 D/AtomModemKpiInfo(14034): handleMessage what:1001
04-11 12:56:26.780 D/AtomModemKpiInfo(14034): analyseQosInfo success
04-11 12:56:26.893 D/SensorFeature( 2258): name=ssc_screenshot_info ,index = 22
04-11 12:56:26.893 D/SensorFeature( 2258): write 39 bytes:930601035092765,930602307165681,34362,0
04-11 12:56:26.958 D/CommonApp-264-10512(14034): transport layer data is invalid
04-11 12:56:26.958 I/sensors-hal( 2113): handle_oplus_wise_rgb_event:189, high_pwm_light:lux 188.1,cct 6532.9,brl/algo/ir 1327.0/2.0/43.0,pwm/dc 0.0/0.0,rgbc 8556.683594/5780.589844/3739.435303/16704.937500,ts 930602275588413,cnt 61930,flag 34362
04-11 12:56:26.958 I/sensors-hal( 2113): handle_oplus_wise_rgb_event:161, wise_rgb: (61931)(cct, lux, ir)[6532.85, 188.07, 42.987324] (r, g, b, c)[8571.63, 5771.79, 3730.61, 16725.92]                 (pwm, hbm, brl, algo)[0.0 0.0 1327.0 2.0], flag 99898
04-11 12:56:26.959 I/SDM     ( 2181): DisplayBuiltIn::IdlePowerCollapse: IPC received, disabling partial update for one frame
04-11 12:56:26.960 D/CommonApp-255-10512(14034): commonScoreStrategy scenarios 5 mdnsScore=0
04-11 12:56:26.960 D/CommonApp-255-10512(14034): notifyScoreChange appScene COMMON score 100
04-11 12:56:26.960 D/ScorePolicy(14034): handleScoreChanged: []
04-11 12:56:26.960 D/ScorePolicy(14034): handleScoreChanged: []
04-11 12:56:26.960 D/ScorePolicy(14034): handleScoreChanged: []
04-11 12:56:26.964 I/ChainTrace(19632): account_render phase=build_overview account=7400048@ICMarketsSC-MT5-6 durationMs=2 trades=1113 positions=6 curves=5717
04-11 12:56:26.965 I/ChainTrace(19632): account_render phase=bind_overview_and_filters account=7400048@ICMarketsSC-MT5-6 durationMs=1 trades=1113 positions=6 curves=5717
04-11 12:56:26.970 I/SDM     ( 2181): DisplayBuiltIn::IdlePowerCollapse: IPC received, disabling partial update for one frame
04-11 12:56:26.973 I/ChainTrace(19632): account_render phase=render_returns_table account=7400048@ICMarketsSC-MT5-6 durationMs=8 trades=1113 positions=6 curves=5717
04-11 12:56:26.978 I/ChainTrace(19632): account_render phase=apply_curve_range account=7400048@ICMarketsSC-MT5-6 durationMs=5 trades=1113 positions=6 curves=5717
04-11 12:56:26.980 I/SDM     ( 2181): DisplayBuiltIn::IdlePowerCollapse: IPC received, disabling partial update for one frame
04-11 12:56:26.988 I/ostats_tpd(10330): stats_write, records atomId:100100, event_id:903, cpu:0, values: 903-0-1-213-(cpu-1-0-1)-26-0-1
04-11 12:56:26.988 I/ThermalEngine(10385): VIRTUAL-CPU-L-PID, Update received trip sensor cpu-1-0-1 92300
04-11 12:56:26.988 I/ostats_tpd(10330): stats_write, records atomId:100100, event_id:903, cpu:5, values: 903-0-1-10614-(cpu-1-0-1)-26-0-1
04-11 12:56:26.992 I/SDM     ( 2181): DisplayBuiltIn::IdlePowerCollapse: IPC received, disabling partial update for one frame
04-11 12:56:26.999 I/ThermalEngine(10385): ACTION: CPU - Setting CPU[6] to 3
04-11 12:56:27.003 I/SDM     ( 2181): DisplayBuiltIn::IdlePowerCollapse: IPC received, disabling partial update for one frame
04-11 12:56:27.009 I/ThermalEngine(10385): ACTION: CPU - Setting CPU[6] to 0
04-11 12:56:27.014 I/SDM     ( 2181): DisplayBuiltIn::IdlePowerCollapse: IPC received, disabling partial update for one frame
04-11 12:56:27.019 I/ThermalEngine(10385): ACTION: CPU - Setting CPU[6] to 3
04-11 12:56:27.021 D/QmiClient( 3438): qmiServiceEventCallback recv msg id 47
04-11 12:56:27.021 D/QmiClient( 3438): enter -mServiceType 10 onQmiServiceEventCallback msgId 47
04-11 12:56:27.021 D/QmiClient( 3438): onQmiServiceEventCallback - enter. msgId=47
04-11 12:56:27.021 D/OttProxy( 3438): handleMessage msg is 3001
04-11 12:56:27.021 D/SubsysRadioIndication[1](14034): radioLinkLatencyInfoInd
04-11 12:56:27.021 D/SubsysRadioIndication[1](14034): notify enter
04-11 12:56:27.021 D/NetworkService[1](14034): handleMessage what:1008
04-11 12:56:27.021 D/NetworkService[1](14034): EVENT_REG_LINK_LATENCY_INFO_CHANGE ulLatency:13474
04-11 12:56:27.025 I/ChainTrace(19632): account_render phase=refresh_trade_stats account=7400048@ICMarketsSC-MT5-6 durationMs=47 trades=1113 positions=6 curves=5717
04-11 12:56:27.025 I/SDM     ( 2181): DisplayBuiltIn::IdlePowerCollapse: IPC received, disabling partial update for one frame
04-11 12:56:27.025 I/ChainTrace(19632): account_render phase=refresh_positions account=7400048@ICMarketsSC-MT5-6 durationMs=0 trades=1113 positions=6 curves=5717
04-11 12:56:27.029 I/ThermalEngine(10385): ACTION: CPU - Setting CPU[6] to 0
04-11 12:56:27.032 I/ChainTrace(19632): account_render phase=refresh_trades account=7400048@ICMarketsSC-MT5-6 durationMs=7 trades=1113 positions=6 curves=5717
04-11 12:56:27.032 I/ChainTrace(19632): account_render phase=apply_snapshot_total account=7400048@ICMarketsSC-MT5-6 durationMs=82 trades=1113 positions=6 curves=5717
04-11 12:56:27.033 I/ThermalEngine(10385): VIRTUAL-CPU-L-PID, Update received trip sensor cpu-1-0-1 79500
04-11 12:56:27.041 V/AlarmManager( 3590): sending alarm Alarm{10d6ff6 type 1 origWhen 1775883387041 whenElapsed 930602455 android} uid 1000 whenElapsed 930602455 windowLength 0 maxWhenElapsed 930602455 repeatInterval 0 action null component null tag StorgaeBandInfoAlarmTag flags 0x9 procName system_server
04-11 12:56:27.041 E/OplusStorageUFSBandwidth( 3590): storage_io_metrics_path is /proc/oplus_storage/io_metrics/forever/
04-11 12:56:27.041 E/OplusStorageUFSBandwidth( 3590): Bandwidth - Read: 0.00 MB/s, Write: 1.00 MB/s
04-11 12:56:27.042 E/OplusStorageUFSBandwidth( 3590): Task time: 1ms
04-11 12:56:27.042 E/OplusStorageUFSBandwidth( 3590): Alarm set to trigger in 10 seconds
04-11 12:56:27.120 D/BatteryChargeControl( 2280): bcc get no support from charging protocol
04-11 12:56:27.165 I/SDM     ( 2181): DisplayBuiltIn::IdlePowerCollapse: IPC received, disabling partial update for one frame
04-11 12:56:27.244 I/SDM     ( 2181): DisplayBuiltIn::IdlePowerCollapse: IPC received, disabling partial update for one frame
04-11 12:56:27.252 E/CwbService( 2181): Panel not support apl read or getDisplayPanelAplValue timeout 10ms.
04-11 12:56:27.252 D/SensorFeature( 2258): name=ssc_screenshot_info ,index = 22
04-11 12:56:27.252 D/SensorFeature( 2258): write 39 bytes:930602601111150,930602655245681,34363,0
04-11 12:56:27.255 I/sensors-hal( 2113): handle_oplus_wise_rgb_event:161, wise_rgb: (61936)(cct, lux, ir)[6546.12, 191.16, 42.730511] (r, g, b, c)[8631.44, 5835.58, 3774.75, 16828.49]                 (pwm, hbm, brl, algo)[0.0 0.0 1327.0 2.0], flag 99899
04-11 12:56:27.296 D/ActivityManager( 3590): Freezer deadlock watchdog
04-11 12:56:27.409 W/ServiceManagerCppClient( 4482): Waited one second for SystemClearService (is service started? Number of threads started in the threadpool: 16. Are binder threads started and available?)
04-11 12:56:27.410 W/ServiceManagerCppClient( 4482): Waited one second for SystemClearService (is service started? Number of threads started in the threadpool: 16. Are binder threads started and available?)
04-11 12:56:27.411 W/libc    ( 1254): Unable to set property "ctl.interface_start" to "aidl/SystemClearService": PROP_ERROR_HANDLE_CONTROL_MESSAGE (0x20)
04-11 12:56:27.411 W/libc    ( 1254): Unable to set property "ctl.interface_start" to "aidl/SystemClearService": PROP_ERROR_HANDLE_CONTROL_MESSAGE (0x20)
04-11 12:56:27.494 I/sensors-hal( 2113): handle_oplus_wise_rgb_event:189, high_pwm_light:lux 192.0,cct 6590.4,brl/algo/ir 1327.0/2.0/42.9,pwm/dc 0.0/0.0,rgbc 8638.912109/5831.181152/3783.584473/16854.130859,ts 930602676056746,cnt 61940,flag 34363
04-11 12:56:27.495 I/sensors-hal( 2113): handle_oplus_wise_rgb_event:161, wise_rgb: (61941)(cct, lux, ir)[6590.36, 191.95, 42.891151] (r, g, b, c)[8638.91, 5833.38, 3772.55, 16837.81]                 (pwm, hbm, brl, algo)[0.0 0.0 1327.0 2.0], flag 99899
04-11 12:56:27.520 I/SmartDataSwitchStateManager(13839): handle message:7
04-11 12:56:27.521 I/SmartDataSwitchSM(13839): [DisableState]Handle msg: 2
04-11 12:56:27.521 I/SmartDataSwitchSM(13839): [DisableState]handle state change, reason:DataScoreLow
04-11 12:56:27.531 I/AICCTModule( 3590): SensorFilter: brightness threshold 1.2 screenNit is 90.251 ave enviroment lux is 125.70349 luxForNit 89.98121demarcationPoint200.0 result is false
04-11 12:56:27.531 I/AICCTModule( 3590): SensorFilter: findSecondNearestValue, sensorValue: 7478.71 nearestMaxValue:7298.0444 secondNearestValue: 7298.0444
04-11 12:56:27.531 I/AICCTModule( 3590): SensorFilter: findSecondNearestValue, sensorValue: 131.54637 nearestMaxValue:125.70349 secondNearestValue: 125.70349
04-11 12:56:27.555 D/SensorFeature( 2258): name=ssc_screenshot_info ,index = 22
04-11 12:56:27.555 D/SensorFeature( 2258): write 39 bytes:930602601111150,930602967686358,34364,0
04-11 12:56:27.603 V/WindowManager( 3590): Relayout Window{59ec0cd u0 com.binance.monitor}: viewVisibility=0, oldvis=0, req=315x429 , apr = 0, vsysui=, x=42, y=420
04-11 12:56:27.604 I/SurfaceControl(19632):  setExtendedRangeBrightness sc=Surface(name=)/@0xc04aefa,currentBufferRatio=1.0,desiredRatio=1.0
04-11 12:56:27.604 D/InsetsSourceProvider( 3590): updateSourceFrameForServerVisibility mandatorySystemGestures EMPTY_RECT
04-11 12:56:27.605 D/InsetsSourceProvider( 3590): updateSourceFrameForServerVisibility mandatorySystemGestures EMPTY_RECT
04-11 12:56:27.626 D/NotificationService--OplusNotificationFixHelper( 3590): fixAppIcon: pkg=com.v2ray.ang
04-11 12:56:27.626 D/NotificationService--OplusNotificationFixHelper( 3590): fixAppIcon: appIcon = null, pkg = com.v2ray.ang
04-11 12:56:27.626 D/NotificationService--NotificationRecord( 3590): isSupportRearLight , isRearLight = false mLedRM = false isMultilLed = false
04-11 12:56:27.627 I/OplusStatusBarManagerServiceEnhance( 3590):  getTopIsFullscreen mTopIsFullscreen: false
04-11 12:56:27.627 W/ActivityManager( 3590): Permission Denial: getTopApplicationInfo from pid=18198, uid=10397 requires oplus.permission.OPLUS_COMPONENT_SAFE
04-11 12:56:27.627 E/OplusNotificationCenter( 3590): getForegroundApplication exception
04-11 12:56:27.627 D/NotificationService--OplusNotificationManagerServiceExtImpl( 3590): isForwardToAssistants: true, case : Is local notification
04-11 12:56:27.627 D/NotificationService( 3590): This application enqueue notifications is need postDelayed mcsAssistantDelayTime: 50
04-11 12:56:27.688 W/OPLUS_LOG_LOAD( 8338): ==LOGS PROG INFO, prog(com.android.systemui) ==
04-11 12:56:27.688 I/SystemUi--Notification( 8338): OplusLiveAlertNotificationsRepository-->onRankingApplied
04-11 12:56:27.698 I/SDM     ( 2181): DisplayBuiltIn::IdlePowerCollapse: IPC received, disabling partial update for one frame
04-11 12:56:27.699 I/PluginSeedling--Track( 8338): RequestHandler-->notificationUpdated 0|com.v2ray.ang|1|null|10397 postTime: 1775883387626
04-11 12:56:27.699 E/LockScreenNotificationDispatcherImp( 8338): updateNotificationListOnKg size:0
04-11 12:56:27.703 W/SystemUi--Notification( 8338): OplusNotificationGroupExtImpl-->setChildrenExpanded: groupHeader is null
04-11 12:56:27.703 I/SystemUi--Notification( 8338): LockScreenNotificationDispatcherImp-->updateNotificationListOnKg resultCode: 0
04-11 12:56:27.715 I/ChainTrace(19632): stream type=syncEvent gapMs=1119 refreshMarket=true
04-11 12:56:27.730 D/LocalImageResolver( 8338): Couldn't use ImageDecoder for drawable, falling back to non-resized load.
04-11 12:56:27.732 D/OplusNotificationDateTimeView( 8338): setTime mSettingTimeMillis 1775883387622, mSettingLocalDateTime 2026-04-11T12:56:00.622
04-11 12:56:27.739 D/LocalImageResolver( 8338): Couldn't use ImageDecoder for drawable, falling back to non-resized load.
04-11 12:56:27.741 D/OplusNotificationDateTimeView( 8338): setTime mSettingTimeMillis 1775883387622, mSettingLocalDateTime 2026-04-11T12:56:00.622
04-11 12:56:27.746 D/LocalImageResolver( 8338): Couldn't use ImageDecoder for drawable, falling back to non-resized load.
04-11 12:56:27.747 D/OplusNotificationDateTimeView( 8338): setTime mSettingTimeMillis 1775883387622, mSettingLocalDateTime 2026-04-11T12:56:00.622
04-11 12:56:27.753 I/SystemUi--Notification( 8338): OplusNotificationTempla-->resolveContentMargin: marginTop=112 isChildInGroup=false hasSubtitle=true params.topMargin=112
04-11 12:56:27.756 W/SystemUi--Notification( 8338): OplusNotificationGroupExtImpl-->setChildrenExpanded: groupHeader is null
04-11 12:56:27.757 I/sensors-hal( 2113): handle_oplus_wise_rgb_event:161, wise_rgb: (61946)(cct, lux, ir)[6670.52, 198.79, 42.971325] (r, g, b, c)[9012.67, 6119.33, 3977.84, 17653.71]                 (pwm, hbm, brl, algo)[0.0 0.0 1327.0 2.0], flag 99900
04-11 12:56:27.757 E/LockScreenNotificationDispatcherImp( 8338): updateNotificationListOnKg size:0
04-11 12:56:27.762 W/SystemUi--Notification( 8338): OplusNotificationGroupExtImpl-->setChildrenExpanded: groupHeader is null
04-11 12:56:27.762 I/SystemUi--Notification( 8338): LockScreenNotificationDispatcherImp-->updateNotificationListOnKg resultCode: 0
04-11 12:56:27.776 D/QmiClient( 3438): qmiServiceEventCallback recv msg id 1099
04-11 12:56:27.776 D/QmiClient( 3438): enter -mServiceType 4 onQmiServiceEventCallback msgId 1099
04-11 12:56:27.776 D/QmiClient( 3438): onQmiServiceEventCallback - enter. msgId=1099
04-11 12:56:27.776 D/QmiVsClientEvent( 3438): QosPeriodReportInd MSG IND data_len 2052
04-11 12:56:27.776 D/QmiVsClientEvent( 3438): qmiVsClientNotifyQosPeriodReportIndEvent - RADIO_EVENT_QOS_PERIOD_REPORT_NOTIFY_IND
04-11 12:56:27.776 D/QmiClient( 2727): qmiServiceEventCallback recv msg id 1099
04-11 12:56:27.776 D/QmiClient( 2727): enter -mServiceType 4 onQmiServiceEventCallback msgId 1099
04-11 12:56:27.776 D/VsProxy ( 3438): handleMessage msg is 2420
04-11 12:56:27.776 D/QmiClient( 2727): onQmiServiceEventCallback - enter. msgId=1099
04-11 12:56:27.776 D/QmiVsClientEvent( 2727): QosPeriodReportInd MSG IND data_len 2052
04-11 12:56:27.776 D/QmiVsClientEvent( 2727): qmiVsClientNotifyQosPeriodReportIndEvent - RADIO_EVENT_QOS_PERIOD_REPORT_NOTIFY_IND
04-11 12:56:27.777 D/VsProxy ( 3438): handleQosPeriodReportInd for instance 1 data_len 207
04-11 12:56:27.777 D/VsProxy ( 2727): handleMessage msg is 2420
04-11 12:56:27.777 D/VsProxy ( 2727): handleQosPeriodReportInd for instance 0 data_len 145
