04-11 12:56:18.482 D/InsetsSourceProvider( 3590): updateSourceFrameForServerVisibility mandatorySystemGestures EMPTY_RECT
04-11 12:56:18.482 D/InsetsSourceProvider( 3590): updateSourceFrameForServerVisibility mandatorySystemGestures EMPTY_RECT
04-11 12:56:18.482 D/CoreBackPreview( 3590): Window{9aa2878 u0 Splash Screen com.binance.monitor EXITING}: Setting back callback null
04-11 12:56:18.483 I/Finsky  (17276): [881] lgm.f(41): Completed 0 account content syncs with 0 successful.
04-11 12:56:18.483 I/Finsky  (17276): [2] ContentSyncJob.a(14): [ContentSync] Installation state replication succeeded.
04-11 12:56:18.483 I/Finsky  (17276): [2] acem.r(83): SCH: jobFinished: 12-1. TimeElapsed: 42ms.
04-11 12:56:18.485 I/Finsky  (17276): [742] pis.accept(67): SCH: Scheduling phonesky job Id: 1-1337, CT: 1775840548968, Constraints: [{ L: 43155435, D: 86355435, C: 1, I: 1, N: 1 }]
04-11 12:56:18.485 I/Finsky  (17276): [742] pis.accept(67): SCH: Scheduling phonesky job Id: 34-17, CT: 1775807149623, Constraints: [{ L: 79199893, D: 1375199893, C: 1, I: 1, N: 1 }]
04-11 12:56:18.485 I/Finsky  (17276): [742] pis.accept(67): SCH: Scheduling phonesky job Id: 34-19, CT: 1775807150729, Constraints: [{ L: 604800000, D: 2591998905, C: 1, I: 1, N: 1 }]
04-11 12:56:18.486 I/Finsky  (17276): [739] jyn.apply(28): SCH: Scheduling 1 system job(s)
04-11 12:56:18.486 I/Finsky  (17276): [739] aceh.d(88): SCH: Scheduling system job Id: 9705, L: 325917, D: 43525917, C: false, I: false, N: 1
04-11 12:56:18.487 I/Finsky  (17276): [880] acgh.a(26): SCH: job service finished with id 9700.
04-11 12:56:18.489 I/Finsky  (17276): [2] voq.onTrimMemory(13): Memory trim requested to level 40
04-11 12:56:18.489 I/Finsky  (17276): [2] vop.accept(93): Flushing in-memory image cache
04-11 12:56:18.489 I/Finsky:background(17409): [2] voq.onTrimMemory(13): Memory trim requested to level 40
04-11 12:56:18.490 I/OplusCpuLimitManager( 3590): OplusCpuHighLoad: request instant cpu load
04-11 12:56:18.491 E/OsenseCommonUtils( 3590): write /dev/memcg/memory.force_shrink_file failed
04-11 12:56:18.491 E/OsenseCommonUtils( 3590): java.io.IOException: write failed: EBUSY (Device or resource busy)
04-11 12:56:18.491 E/OsenseCommonUtils( 3590): 	at libcore.io.IoBridge.write(IoBridge.java:651)
04-11 12:56:18.491 E/OsenseCommonUtils( 3590): 	at java.io.FileOutputStream.write(FileOutputStream.java:436)
04-11 12:56:18.491 E/OsenseCommonUtils( 3590): 	at sun.nio.cs.StreamEncoder.writeBytes(StreamEncoder.java:233)
04-11 12:56:18.491 E/OsenseCommonUtils( 3590): 	at sun.nio.cs.StreamEncoder.implFlushBuffer(StreamEncoder.java:309)
04-11 12:56:18.491 E/OsenseCommonUtils( 3590): 	at sun.nio.cs.StreamEncoder.implFlush(StreamEncoder.java:313)
04-11 12:56:18.491 E/OsenseCommonUtils( 3590): 	at sun.nio.cs.StreamEncoder.flush(StreamEncoder.java:153)
04-11 12:56:18.491 E/OsenseCommonUtils( 3590): 	at java.io.OutputStreamWriter.flush(OutputStreamWriter.java:248)
04-11 12:56:18.491 E/OsenseCommonUtils( 3590): 	at com.android.server.oplus.osense.utils.OsenseCommonUtils.writeFile(OsenseCommonUtils.java:154)
04-11 12:56:18.491 E/OsenseCommonUtils( 3590): 	at com.android.server.am.OplusOsenseCompressAction.doGlobalShrink(OplusOsenseCompressAction.java:1887)
04-11 12:56:18.491 E/OsenseCommonUtils( 3590): 	at com.android.server.am.OplusOsenseCompressAction.-$$Nest$mdoGlobalShrink(Unknown Source:0)
04-11 12:56:18.491 E/OsenseCommonUtils( 3590): 	at com.android.server.am.OplusOsenseCompressAction$CompressHandler.handleMessage(OplusOsenseCompressAction.java:1335)
04-11 12:56:18.491 E/OsenseCommonUtils( 3590): 	at android.os.Handler.dispatchMessage(Handler.java:115)
04-11 12:56:18.491 E/OsenseCommonUtils( 3590): 	at android.os.Looper.loopOnce(Looper.java:302)
04-11 12:56:18.491 E/OsenseCommonUtils( 3590): 	at android.os.Looper.loop(Looper.java:412)
04-11 12:56:18.491 E/OsenseCommonUtils( 3590): 	at android.os.HandlerThread.run(HandlerThread.java:85)
04-11 12:56:18.491 E/OsenseCommonUtils( 3590): Caused by: android.system.ErrnoException: write failed: EBUSY (Device or resource busy)
04-11 12:56:18.491 E/OsenseCommonUtils( 3590): 	at libcore.io.Linux.writeBytes(Native Method)
04-11 12:56:18.491 E/OsenseCommonUtils( 3590): 	at libcore.io.Linux.write(Linux.java:336)
04-11 12:56:18.491 E/OsenseCommonUtils( 3590): 	at libcore.io.ForwardingOs.write(ForwardingOs.java:948)
04-11 12:56:18.491 E/OsenseCommonUtils( 3590): 	at libcore.io.BlockGuardOs.write(BlockGuardOs.java:448)
04-11 12:56:18.491 E/OsenseCommonUtils( 3590): 	at libcore.io.IoBridge.write(IoBridge.java:646)
04-11 12:56:18.491 E/OsenseCommonUtils( 3590): 	... 14 more
04-11 12:56:18.491 I/OplusCpuLimitManager( 3590): OplusCpuHighLoad: release instant cpu load
04-11 12:56:18.499 D/libc-netbsd(19632): [oplusDnsOpenProxy]: __netdClientDispatch.connect errno = 111
04-11 12:56:18.499 D/libc-netbsd(19632): [oplusDnsOpenProxy]: __netdClientDispatch.connect errno = 111
04-11 12:56:18.499 D/libc-netbsd(19632): [oplusDnsOpenProxy]: __netdClientDispatch.connect errno = 111
04-11 12:56:18.500 D/NetworkService[1](14034): getIfIndexByNetid netId:255,ifName:tun0,ifIndex:97
04-11 12:56:18.500 D/NetworkService[0](14034): getIfIndexByNetid netId:255,ifName:tun0,ifIndex:97
04-11 12:56:18.534 E/CwbService( 2181): Panel not support apl read or getDisplayPanelAplValue timeout 10ms.
04-11 12:56:18.534 D/SensorFeature( 2258): name=ssc_screenshot_info ,index = 22
04-11 12:56:18.535 D/SensorFeature( 2258): write 39 bytes:930593927271657,930593938382768,34337,0
04-11 12:56:18.566 D/osense.compress( 3590): try do inactive compress task
04-11 12:56:18.572 V/OsAgent ( 8337): broadcastSystemEvent - 7
04-11 12:56:18.573 I/FontLog (25257): (REDACTED) Received query %s, URI %s
04-11 12:56:18.575 I/FontLog (25257): (REDACTED) Query [%s] resolved to %s
04-11 12:56:18.580 I/FontLog (25257): (REDACTED) Fetch %s end status %s
04-11 12:56:18.581 I/FontLog (25257): (REDACTED) Pulling font file for id = %d, cache size = %d
04-11 12:56:18.583 I/FontLog (25257): (REDACTED) Pulling font file for id = %d, cache size = %d
04-11 12:56:18.609 D/NotificationService--OplusNotificationFixHelper( 3590): fixAppIcon: pkg=com.v2ray.ang
04-11 12:56:18.609 D/NotificationService--OplusNotificationFixHelper( 3590): fixAppIcon: appIcon = null, pkg = com.v2ray.ang
04-11 12:56:18.609 D/NotificationService--NotificationRecord( 3590): isSupportRearLight , isRearLight = false mLedRM = false isMultilLed = false
04-11 12:56:18.610 I/OplusStatusBarManagerServiceEnhance( 3590):  getTopIsFullscreen mTopIsFullscreen: false
04-11 12:56:18.610 W/ActivityManager( 3590): Permission Denial: getTopApplicationInfo from pid=18198, uid=10397 requires oplus.permission.OPLUS_COMPONENT_SAFE
04-11 12:56:18.610 E/OplusNotificationCenter( 3590): getForegroundApplication exception
04-11 12:56:18.610 D/NotificationService--OplusNotificationManagerServiceExtImpl( 3590): isForwardToAssistants: true, case : Is local notification
04-11 12:56:18.610 D/NotificationService( 3590): This application enqueue notifications is need postDelayed mcsAssistantDelayTime: 50
04-11 12:56:18.636 D/SurfaceAnimationRunner( 3590): onAnimationEnd:Surface(name=Surface(name=9aa2878 Splash Screen com.binance.monitor)/@0x776195 - animation-leash of window_animation)/@0xce22aa
04-11 12:56:18.636 I/WindowStateExtImpl( 3590): onSurfaceShowChange show = false mPackageName = com.binance.monitor parentPkgName = com.binance.monitor
04-11 12:56:18.636 I/WindowManager( 3590): Window{9aa2878 u0 Splash Screen com.binance.monitor EXITING} state from HAS_DRAWN to NO_SURFACE; reason: destroySurface
04-11 12:56:18.637 D/InsetsSourceProvider( 3590): updateSourceFrameForServerVisibility mandatorySystemGestures EMPTY_RECT
04-11 12:56:18.637 D/InsetsSourceProvider( 3590): updateSourceFrameForServerVisibility mandatorySystemGestures EMPTY_RECT
04-11 12:56:18.648 D/InsetsSourceProvider( 3590): updateSourceFrameForServerVisibility mandatorySystemGestures EMPTY_RECT
04-11 12:56:18.663 I/SystemUi--Notification( 8338): OplusLiveAlertNotificationsRepository-->onRankingApplied
04-11 12:56:18.667 I/PluginSeedling--Track( 8338): RequestHandler-->notificationUpdated 0|com.v2ray.ang|1|null|10397 postTime: 1775883378609
04-11 12:56:18.667 E/LockScreenNotificationDispatcherImp( 8338): updateNotificationListOnKg size:0
04-11 12:56:18.671 W/SystemUi--Notification( 8338): OplusNotificationGroupExtImpl-->setChildrenExpanded: groupHeader is null
04-11 12:56:18.671 I/SystemUi--Notification( 8338): LockScreenNotificationDispatcherImp-->updateNotificationListOnKg resultCode: 0
04-11 12:56:18.692 D/LocalImageResolver( 8338): Couldn't use ImageDecoder for drawable, falling back to non-resized load.
04-11 12:56:18.693 D/OplusNotificationDateTimeView( 8338): setTime mSettingTimeMillis 1775883378608, mSettingLocalDateTime 2026-04-11T12:56:00.608
04-11 12:56:18.693 I/sensors-hal( 2113): handle_oplus_wise_rgb_event:189, high_pwm_light:lux 193.0,cct 6632.8,brl/algo/ir 1327.0/2.0/41.8,pwm/dc 0.0/0.0,rgbc 8633.927734/5844.378906/3774.754639/16886.765625,ts 930593923806329,cnt 61790,flag 34337
04-11 12:56:18.693 I/sensors-hal( 2113): handle_oplus_wise_rgb_event:161, wise_rgb: (61791)(cct, lux, ir)[6632.76, 193.03, 41.829899] (r, g, b, c)[8651.37, 5833.38, 3783.58, 16875.11]                 (pwm, hbm, brl, algo)[0.0 0.0 1327.0 2.0], flag 34337
04-11 12:56:18.694 D/FusionLightNextGen( 3590): process end reported = 1, mode: 0, cnt: 403365, lux 128.3, cct 7520.2, r/g/b/c: 8651.4/5833.4/3783.6/16875.1, R/G/B: 167.0/158.0/137.0, bri 1327.0, match 1.00, ir 0.050879, conf 5.0, ts 930593945948308
04-11 12:56:18.695 D/LocalImageResolver( 8338): Couldn't use ImageDecoder for drawable, falling back to non-resized load.
04-11 12:56:18.696 D/OplusNotificationDateTimeView( 8338): setTime mSettingTimeMillis 1775883378608, mSettingLocalDateTime 2026-04-11T12:56:00.608
04-11 12:56:18.698 D/LocalImageResolver( 8338): Couldn't use ImageDecoder for drawable, falling back to non-resized load.
04-11 12:56:18.698 D/OplusNotificationDateTimeView( 8338): setTime mSettingTimeMillis 1775883378608, mSettingLocalDateTime 2026-04-11T12:56:00.608
04-11 12:56:18.700 I/SystemUi--Notification( 8338): OplusNotificationTempla-->resolveContentMargin: marginTop=112 isChildInGroup=false hasSubtitle=true params.topMargin=112
04-11 12:56:18.702 W/SystemUi--Notification( 8338): OplusNotificationGroupExtImpl-->setChildrenExpanded: groupHeader is null
04-11 12:56:18.702 E/LockScreenNotificationDispatcherImp( 8338): updateNotificationListOnKg size:0
04-11 12:56:18.704 W/SystemUi--Notification( 8338): OplusNotificationGroupExtImpl-->setChildrenExpanded: groupHeader is null
04-11 12:56:18.704 I/SystemUi--Notification( 8338): LockScreenNotificationDispatcherImp-->updateNotificationListOnKg resultCode: 0
04-11 12:56:18.714 D/AppSenseConfig(14034): getIgnoreAppList: [com.android.launcher, com.android.contacts, com.oplus.wirelesssettings, com.coloros.alarmclock, com.coloros.calculator, com.coloros.calendar, com.coloros.phonemanager, com.android.settings, com.android.phone, com.oplus.nas, com.oplus.nhs, com.oplus.appdetail, com.android.permissioncontroller, com.oplus.pscanvas, com.oplus.autotest.test.ctp, com.android.systemui, com.android.systemui.overlay.fingerprint.anim.fy, com.android.systemui.overlay.fingerprint.anim.qy, com.android.systemui.overlay.fingerprint.anim.sw, com.android.systemui.overlay.fingerprint.anim.xw, com.android.systemui.overlay.fingerprint.anim.ccyh, com.android.systemui.overlay.fingerprint.anim.halo, com.android.systemui.overlay.fingerprint.anim.jslz, com.android.systemui.overlay.fingerprint.anim.none, com.android.systemui.overlay.fingerprint.anim.xklc]
04-11 12:56:18.714 D/AppSenseConfig(14034): getIgnoreAppList: [com.android.launcher, com.android.contacts, com.oplus.wirelesssettings, com.coloros.alarmclock, com.coloros.calculator, com.coloros.calendar, com.coloros.phonemanager, com.android.settings, com.android.phone, com.oplus.nas, com.oplus.nhs, com.oplus.appdetail, com.android.permissioncontroller, com.oplus.pscanvas, com.oplus.autotest.test.ctp, com.android.systemui, com.android.systemui.overlay.fingerprint.anim.fy, com.android.systemui.overlay.fingerprint.anim.qy, com.android.systemui.overlay.fingerprint.anim.sw, com.android.systemui.overlay.fingerprint.anim.xw, com.android.systemui.overlay.fingerprint.anim.ccyh, com.android.systemui.overlay.fingerprint.anim.halo, com.android.systemui.overlay.fingerprint.anim.jslz, com.android.systemui.overlay.fingerprint.anim.none, com.android.systemui.overlay.fingerprint.anim.xklc]
04-11 12:56:18.714 D/AppSenseConfig(14034): getIgnoreAppList: [com.android.launcher, com.android.contacts, com.oplus.wirelesssettings, com.coloros.alarmclock, com.coloros.calculator, com.coloros.calendar, com.coloros.phonemanager, com.android.settings, com.android.phone, com.oplus.nas, com.oplus.nhs, com.oplus.appdetail, com.android.permissioncontroller, com.oplus.pscanvas, com.oplus.autotest.test.ctp, com.android.systemui, com.android.systemui.overlay.fingerprint.anim.fy, com.android.systemui.overlay.fingerprint.anim.qy, com.android.systemui.overlay.fingerprint.anim.sw, com.android.systemui.overlay.fingerprint.anim.xw, com.android.systemui.overlay.fingerprint.anim.ccyh, com.android.systemui.overlay.fingerprint.anim.halo, com.android.systemui.overlay.fingerprint.anim.jslz, com.android.systemui.overlay.fingerprint.anim.none, com.android.systemui.overlay.fingerprint.anim.xklc]
04-11 12:56:18.714 D/ActivityAdapter(14034): taskChange: pre: 1, cur: 1, changed:true
04-11 12:56:18.714 D/ActivityAdapter(14034): app com.mobilecodex.nativeapp; com.mobilecodex.nativeapp.MainActivity; 1; COMMON; 10515 exit
04-11 12:56:18.714 D/ActivityAdapter(14034): isEnterBGAppScene, mActiveUidMap has no app com.mobilecodex.nativeapp
04-11 12:56:18.714 D/ActivityAdapter(14034): notifyActivityQuery: [com.binance.monitor; com.binance.monitor.ui.main.MainActivity; 1; COMMON; 10512]
04-11 12:56:18.714 D/OPlusFrontAppManager(14034): useAdapterResult, pkg=com.binance.monitor,activity=com.binance.monitor.ui.main.MainActivity,result=true
04-11 12:56:18.714 D/OPlusFrontAppManager(14034): decide -->> [com.binance.monitor; com.binance.monitor.ui.main.MainActivity; 1; COMMON; 10512]
04-11 12:56:18.714 D/ActivityAdapter(14034): notifyActivityQuery: [com.binance.monitor; com.binance.monitor.ui.main.MainActivity; 1; COMMON; 10512]
04-11 12:56:18.714 D/OPlusFrontAppManager(14034): useAdapterResult, pkg=com.binance.monitor,activity=com.binance.monitor.ui.main.MainActivity,result=true
04-11 12:56:18.714 D/OPlusFrontAppManager(14034): decide -->> [com.binance.monitor; com.binance.monitor.ui.main.MainActivity; 1; COMMON; 10512]
04-11 12:56:18.714 D/ConferenceScene(14034): pkg:com.binance.monitor, activity:com.binance.monitor.ui.main.MainActivity, appSense:COMMON
04-11 12:56:18.714 D/ConferenceScene(14034): pkg:com.mobilecodex.nativeapp, activity:com.mobilecodex.nativeapp.MainActivity, appSense:COMMON
04-11 12:56:18.714 D/Subsys-ScoreAppManager(14034): handleMessage what:2
04-11 12:56:18.714 D/Subsys-ScoreAppManager(14034): EVENT_ID_APP_SENSE_CHANGE  onFrontActivityChanged
04-11 12:56:18.714 D/AtomHighLoadSenseInfo(14034): handleMessage what:1000
04-11 12:56:18.715 D/AtomHighLoadSenseInfo(14034): handleAppSenseChanged original mode:{live:0,video:0,voice call:0,video call:0,live host:0,meeting:0}
04-11 12:56:18.715 D/Subsys-ScoreAppManager(14034): appSceneChange fgAppUnits size 1 fgAppUnits [{pkgName:com.binance.monitor,activityName:,winMode:1,event:COMMON,type:0,subEvent:0,pid:19632,uid:10512}] mLastNetworkList[255, 264]
04-11 12:56:18.715 D/AtomHighLoadSenseInfo(14034): handleAppSenseChanged appInfoUnit:{pkgName:com.binance.monitor,activityName:,winMode:1,event:COMMON,type:0,subEvent:0,pid:19632,uid:10512}
04-11 12:56:18.715 D/CommonApp-255-10515(14034): destory
04-11 12:56:18.715 D/CommonApp-255-10515(14034): stopDataCollection
04-11 12:56:18.715 D/CommonApp-255-10515(14034): current network isn't cellular,not need disable modem report
04-11 12:56:18.715 D/CommonApp-255-10515(14034): Remaining data save time: 0
04-11 12:56:18.715 D/Subsys-ScoreAppManager(14034): createApp
04-11 12:56:18.715 D/CommonApp-255-10512(14034): init22
04-11 12:56:18.715 D/CellMap/GameLatencyMapService(14034): handleAppSceneChange: [{pkgName:com.binance.monitor,activityName:,winMode:1,event:COMMON,type:0,subEvent:0,pid:19632,uid:10512}]
04-11 12:56:18.715 D/AppSenseClient( 3590): handleMessage: 100
04-11 12:56:18.715 D/CellMap/QoeMapService(14034): handleAppSceneChange: [{pkgName:com.binance.monitor,activityName:,winMode:1,event:COMMON,type:0,subEvent:0,pid:19632,uid:10512}]
04-11 12:56:18.715 D/AppSenseClient( 3590): handleSenseEvent appInfoUnits: {pkgName:com.binance.monitor,activityName:com.binance.monitor.ui.main.MainActivity,winMode:1,event:COMMON,type:0,subEvent:0,pid:19632,uid:10512},
04-11 12:56:18.715 D/CellMap/QoeMapService(14034): handleAppSceneChange update: 0
04-11 12:56:18.715 D/AppSenseClient( 3590): handleSenseEvent clients: 1
04-11 12:56:18.715 D/AppSenseClient( 3590): handleSenseEvent clientId: 224279445
04-11 12:56:18.715 D/AtomNetworkScoreInfo(14034): handleMessage: 1006
04-11 12:56:18.715 D/AtomNetworkScoreInfo(14034): top app size: 1
04-11 12:56:18.715 D/AtomNetworkScoreInfo(14034): Front app state: 1
04-11 12:56:18.715 D/AppSenseClient( 3590): notifyAppEvent: pkgName: com.binance.monitor,activityName:com.binance.monitor.ui.main.MainActivity;state: 1;event: COMMON;type: 0;subEvent: 0;pid: 19632;uid: 10512
04-11 12:56:18.715 D/AppSenseClient( 3590): notifyAppEvent: pkgName: com.mobilecodex.nativeapp,activityName:com.mobilecodex.nativeapp.MainActivity;state: 0;event: COMMON;type: 0;subEvent: 0;pid: 21078;uid: 10515
04-11 12:56:18.715 D/AtomModemKpiInfo(14034): handleMessage what:1000
04-11 12:56:18.715 D/NetworkService[0](14034): getIfIndexByNetid netId:255,ifName:tun0,ifIndex:97
04-11 12:56:18.715 D/AppSenseClient( 3590): notifyAppChanges: [{pkgName:com.binance.monitor,activityName:com.binance.monitor.ui.main.MainActivity,winMode:1,event:COMMON,type:0,subEvent:0,pid:19632,uid:10512}]
04-11 12:56:18.715 D/SceneService(14034): handleMessage what:1004
04-11 12:56:18.715 D/SceneService(14034): notifyAppSceneChanged original mode:{live:0,video:0,voice call:0,video call:0,live host:0,game:0,meeting:0,news:0,file transfer:0},appInfoUnit:[{pkgName:com.binance.monitor,activityName:,winMode:1,event:COMMON,type:0,subEvent:0,pid:19632,uid:10512}]
04-11 12:56:18.715 D/ExtremeCommService(14034): handleMessage what:1012
04-11 12:56:18.715 D/ExtremeCommService(14034): updateAppInfo appInfoUnit: com.binance.monitor, winMode:1
04-11 12:56:18.715 D/FrontAppsEvent(14034): receive msg:1001
04-11 12:56:18.715 D/NetworkService[0](14034): getIfIndexByNetid netId:255,ifName:tun0,ifIndex:97
04-11 12:56:18.715 D/FrontAppsEvent(14034): onAppSceneUpdate, infoList:[{pkgName:com.binance.monitor,activityName:,winMode:1,event:COMMON,type:0,subEvent:0,pid:19632,uid:10512}]
04-11 12:56:18.715 D/CommonApp-255-10512(14034): BaseApp init, mNetId 255 mIfIndex 97 network 255
04-11 12:56:18.715 E/PhoneInterfaceManager( 8406): getServiceStateForSlot retuning null for invalid slotIndex=-1
04-11 12:56:18.715 D/AppSenseClient( 8498): handleMessage: 100
04-11 12:56:18.715 D/AppSenseClient( 8406): handleMessage: 100
04-11 12:56:18.715 D/AppSenseClient( 8498): handleSenseEvent appInfoUnits: {pkgName:com.binance.monitor,activityName:com.binance.monitor.ui.main.MainActivity,winMode:1,event:COMMON,type:0,subEvent:0,pid:19632,uid:10512},
04-11 12:56:18.715 D/AppSenseClient( 8498): handleSenseEvent clients: 1
04-11 12:56:18.715 D/AppSenseClient( 8498): handleSenseEvent clientId: 74017188
04-11 12:56:18.715 D/CommonApp-255-10512(14034): choiceScoreWay
04-11 12:56:18.715 D/CommonApp-255-10512(14034): useTraditionalScore
04-11 12:56:18.715 D/CommonApp-255-10512(14034): initState
04-11 12:56:18.715 D/AppSenseClient( 8406): handleSenseEvent appInfoUnits: {pkgName:com.binance.monitor,activityName:com.binance.monitor.ui.main.MainActivity,winMode:1,event:COMMON,type:0,subEvent:0,pid:19632,uid:10512},
04-11 12:56:18.715 D/CommonApp-255-10512(14034): createScenarios
04-11 12:56:18.715 D/CommonApp-255-10512(14034): init end
04-11 12:56:18.715 D/AppSenseClient( 8498): notifyAppEvent: pkgName: com.binance.monitor,activityName:com.binance.monitor.ui.main.MainActivity;state: 1;event: COMMON;type: 0;subEvent: 0;pid: 19632;uid: 10512
04-11 12:56:18.715 D/AppSenseClient( 8406): handleSenseEvent clients: 1
04-11 12:56:18.715 D/CommonApp-264-10515(14034): destory
04-11 12:56:18.715 D/AppSenseClient( 8406): handleSenseEvent clientId: 101737326
04-11 12:56:18.715 D/CommonApp-264-10515(14034): stopDataCollection
04-11 12:56:18.715 D/AppSenseClient( 8498): notifyAppEvent: pkgName: com.mobilecodex.nativeapp,activityName:com.mobilecodex.nativeapp.MainActivity;state: 0;event: COMMON;type: 0;subEvent: 0;pid: 21078;uid: 10515
04-11 12:56:18.715 D/CommonApp-264-10515(14034): modemQosReportStop
04-11 12:56:18.715 D/AppSenseClient( 8498): notifyAppChanges: [{pkgName:com.binance.monitor,activityName:com.binance.monitor.ui.main.MainActivity,winMode:1,event:COMMON,type:0,subEvent:0,pid:19632,uid:10512}]
04-11 12:56:18.715 D/NhsAppSenseListener( 8498): onAppEvent enter
04-11 12:56:18.715 D/AppSenseService(14034): notifySenseEvent: {pkgName:com.binance.monitor,activityName:com.binance.monitor.ui.main.MainActivity,winMode:1,event:COMMON,type:0,subEvent:0,pid:19632,uid:10512},
04-11 12:56:18.715 D/AppSenseClient( 8406): notifyAppEvent: pkgName: com.binance.monitor,activityName:com.binance.monitor.ui.main.MainActivity;state: 1;event: COMMON;type: 0;subEvent: 0;pid: 19632;uid: 10512
04-11 12:56:18.715 D/NhsAppSenseListener( 8498): new event: event=0, state=1, pkg=com.binance.monitor, type=0, subEvent=0
04-11 12:56:18.715 D/AppSenseClient( 8406): notifyAppEvent: pkgName: com.mobilecodex.nativeapp,activityName:com.mobilecodex.nativeapp.MainActivity;state: 0;event: COMMON;type: 0;subEvent: 0;pid: 21078;uid: 10515
04-11 12:56:18.715 D/NhsAppSenseListener( 8498): onAppEvent enter
04-11 12:56:18.715 D/NhsAppSenseListener( 8498): new event: event=0, state=0, pkg=com.mobilecodex.nativeapp, type=0, subEvent=0
04-11 12:56:18.715 D/RadioProxyJ[1](14034): [105375451]> setQosConfig enabled:0 config:[0]
04-11 12:56:18.715 D/NhsAppSenseListener( 8498): onAppChanged, app list size: 1
04-11 12:56:18.715 D/AppSenseClient( 8406): notifyAppChanges: [{pkgName:com.binance.monitor,activityName:com.binance.monitor.ui.main.MainActivity,winMode:1,event:COMMON,type:0,subEvent:0,pid:19632,uid:10512}]
04-11 12:56:18.715 D/AppSenseClient(13839): handleMessage: 100
04-11 12:56:18.715 D/NetworkService[1](14034): unregisterEventRegistrants eventId:25,messenger:null,handler:Handler (com.oplus.sense.netscore.n0) {f5d8d7a}
04-11 12:56:18.715 D/AppSenseClient(13839): handleSenseEvent appInfoUnits: {pkgName:com.binance.monitor,activityName:com.binance.monitor.ui.main.MainActivity,winMode:1,event:COMMON,type:0,subEvent:0,pid:19632,uid:10512},
04-11 12:56:18.715 D/AppSenseClient(13839): handleSenseEvent clients: 1
04-11 12:56:18.716 D/AppSenseClient(13839): handleSenseEvent clientId: 106466519
04-11 12:56:18.716 D/AppSenseClient(13839): notifyAppEvent: pkgName: com.binance.monitor,activityName:com.binance.monitor.ui.main.MainActivity;state: 1;event: COMMON;type: 0;subEvent: 0;pid: 19632;uid: 10512
04-11 12:56:18.716 D/NetlinkUtils(14034): sendToKernel byteBuffer:java.nio.HeapByteBuffer[pos=32 lim=32 cap=32],nlmsg_pid:14034,nlmsg_type:45,cmdType:1,type:10,nla_len:12
04-11 12:56:18.716 D/AppSenseClient(13839): notifyAppEvent: pkgName: com.mobilecodex.nativeapp,activityName:com.mobilecodex.nativeapp.MainActivity;state: 0;event: COMMON;type: 0;subEvent: 0;pid: 21078;uid: 10515
04-11 12:56:18.716 D/AppSenseClient(13839): notifyAppChanges: [{pkgName:com.binance.monitor,activityName:com.binance.monitor.ui.main.MainActivity,winMode:1,event:COMMON,type:0,subEvent:0,pid:19632,uid:10512}]
04-11 12:56:18.716 D/NAS-DataSceneEvent(13839): onAppEvent enter
04-11 12:56:18.716 D/NetlinkUtils(14034): sendTransportScoreInfo result:true
04-11 12:56:18.716 D/NAS-DataSceneEvent(13839): new event: event=0, state=1, pkg=com.binance.monitor, type=0, subEvent=0
04-11 12:56:18.716 D/QmiVsClient( 3438): setQosConfig - enter
04-11 12:56:18.716 D/NAS-DataSceneEvent(13839): onAppEvent enter
04-11 12:56:18.716 D/CommonApp-264-10515(14034): Remaining data save time: 0
04-11 12:56:18.716 D/NAS-DataSceneEvent(13839): new event: event=0, state=0, pkg=com.mobilecodex.nativeapp, type=0, subEvent=0
04-11 12:56:18.716 D/NAS-DataSceneEvent(13839): onAppChanged, app list size: 1
04-11 12:56:18.716 D/Subsys-ScoreAppManager(14034): createApp
04-11 12:56:18.716 D/NAS-DataSceneEvent(13839): updateAppSenseChange [{pkgName:com.binance.monitor,activityName:com.binance.monitor.ui.main.MainActivity,winMode:1,event:COMMON,type:0,subEvent:0,pid:19632,uid:10512}]
04-11 12:56:18.716 D/CommonApp-264-10512(14034): init22
04-11 12:56:18.716 E/QmiVsClient( 3438): sendAsyncRequest QMI_VS_SET_QOS_CONFIG_REQ_MSG_V01 ret 0
04-11 12:56:18.716 D/OplusLinkBoostSceneManager(13839): handleAppSceneChange: live broadcast off
04-11 12:56:18.716 D/NetworkService[0](14034): getIfIndexByNetid netId:264,ifName:rmnet_data4,ifIndex:31
04-11 12:56:18.716 D/NetworkService[0](14034): getIfIndexByNetid netId:264,ifName:rmnet_data4,ifIndex:31
04-11 12:56:18.716 D/CommonApp-264-10512(14034): BaseApp init, mNetId 264 mIfIndex 31 network 264
04-11 12:56:18.716 D/CommonApp-264-10512(14034): network 264 capability [ Transports: CELLULAR Capabilities: SUPL&XCAP&INTERNET&NOT_RESTRICTED&TRUSTED&NOT_VPN&VALIDATED&NOT_ROAMING&FOREGROUND&NOT_CONGESTED&NOT_SUSPENDED&NOT_VCN_MANAGED&BIP&NOT_BANDWIDTH_CONSTRAINED LinkUpBandwidth>=4797Kbps LinkDnBandwidth>=4797Kbps Specifier: <TelephonyNetworkSpecifier [mSubId = 1]> SubscriptionIds: {1} UnderlyingNetworks: Null] subId 1
04-11 12:56:18.716 E/OplusNetlinkConnect(13839): parse rsp msg failed!Message missing required fields: header
04-11 12:56:18.717 D/VsProxy ( 3438): handleMessage msg is 4001
04-11 12:56:18.717 D/RadioProxy( 3438): setQosConfig : response cb for instance 1
04-11 12:56:18.717 D/RadioProxyJ[1](14034): [105375451]< setQosConfigResponse 
04-11 12:56:18.718 D/CommonApp-264-10512(14034): choiceScoreWay
04-11 12:56:18.718 D/CommonApp-264-10512(14034): useTraditionalScore
04-11 12:56:18.718 D/CommonApp-264-10512(14034): initState
04-11 12:56:18.718 D/CommonApp-264-10512(14034): createScenarios
04-11 12:56:18.718 D/CommonApp-264-10512(14034): init end
04-11 12:56:18.718 D/Subsys-ScoreAppManager(14034): unit: {pkgName:com.binance.monitor,activityName:,winMode:1,event:COMMON,type:0,subEvent:0,pid:19632,uid:10512}
04-11 12:56:18.718 D/CommonApp-264-10512(14034): CommonState enter
04-11 12:56:18.718 D/CommonApp-264-10515(14034): CommonState exit
04-11 12:56:18.718 D/CommonApp-255-10512(14034): CommonState enter
04-11 12:56:18.718 D/CommonApp-255-10515(14034): CommonState exit
04-11 12:56:18.718 D/CommonApp-255-10512(14034): DefaultState EVENT_INIT_STATE_COMPLETE
04-11 12:56:18.718 D/CommonApp-255-10512(14034): startDataCollection
04-11 12:56:18.718 D/CommonApp-255-10512(14034): current network isn't cellular,not need enable modem report
04-11 12:56:18.718 D/NetlinkUtils(14034): sendToKernel byteBuffer:java.nio.HeapByteBuffer[pos=32 lim=32 cap=32],nlmsg_pid:14034,nlmsg_type:45,cmdType:1,type:9,nla_len:12
04-11 12:56:18.718 D/NetlinkUtils(14034): sendTransportScoreInfo result:true
04-11 12:56:18.718 D/CommonApp-264-10512(14034): DefaultState EVENT_INIT_STATE_COMPLETE
04-11 12:56:18.718 D/CommonApp-264-10512(14034): startDataCollection
04-11 12:56:18.718 D/CommonApp-264-10512(14034): current network is cellular
04-11 12:56:18.718 D/STS-ModemDataCollection-1(14034): ModemDataCollection, mSlotId = 1
04-11 12:56:18.718 D/RadioProxyJ[1](14034): [105375452]> setQosConfig enabled:1 config:[1]
04-11 12:56:18.718 D/NetworkService[1](14034): registerEventRegistrants eventId:25,what:44,obj:null,messenger:null,handler:Handler (com.oplus.sense.netscore.n0) {a0f8d77}
04-11 12:56:18.718 D/ModemStuckAnalyse1(14034): ModemStuckAnalyse, mSlotId = 1
04-11 12:56:18.718 D/QmiVsClient( 3438): setQosConfig - enter
04-11 12:56:18.718 E/QmiVsClient( 3438): sendAsyncRequest QMI_VS_SET_QOS_CONFIG_REQ_MSG_V01 ret 0
04-11 12:56:18.719 D/VsProxy ( 3438): handleMessage msg is 4001
04-11 12:56:18.719 D/RadioProxy( 3438): setQosConfig : response cb for instance 1
04-11 12:56:18.719 D/RadioProxyJ[1](14034): [105375452]< setQosConfigResponse 
04-11 12:56:18.733 D/OplusScrollToTopManager(21078): com.mobilecodex.nativeapp/com.mobilecodex.nativeapp.MainActivity,This com.android.internal.policy.DecorView{a377460 I.E...... R.....ID 0,0-1264,2780 aid=0 alpha=1.0 viewInfo = }[MainActivity] change focus to false
04-11 12:56:18.744 I/SDM     ( 2181): DisplayBuiltIn::IdlePowerCollapse: IPC received, disabling partial update for one frame
04-11 12:56:18.758 I/TcpSyn  (13839): updateFrontUidsToKernel, uids = [10512]
04-11 12:56:18.766 D/CommonApp-264-10512(14034): transport layer data is invalid
04-11 12:56:18.766 D/CommonApp-255-10512(14034): commonScoreStrategy scenarios low package
04-11 12:56:18.766 D/ScorePolicy(14034): handleScoreChanged: []
04-11 12:56:18.766 D/ScorePolicy(14034): handleScoreChanged: []
04-11 12:56:18.766 D/ScorePolicy(14034): handleScoreChanged: []
04-11 12:56:18.831 D/osense.compress( 3590): com.google.android.gms do shrink, target ratio = 61, final ratio = 90, cur ratio = 33
04-11 12:56:18.867 I/SDM     ( 2181): DisplayBuiltIn::IdlePowerCollapse: IPC received, disabling partial update for one frame
04-11 12:56:18.873 E/CwbService( 2181): Panel not support apl read or getDisplayPanelAplValue timeout 10ms.
04-11 12:56:18.873 D/SensorFeature( 2258): name=ssc_screenshot_info ,index = 22
04-11 12:56:18.873 D/SensorFeature( 2258): write 39 bytes:930594226260789,930594277215320,34338,0
04-11 12:56:18.877 E/PERFHAL-PERFCTRL( 2187): PERFHAL-PERFCTRL: chk_core_online_poll_loop() 748: poll() has timed out for /sys/kernel/msm_performance/events/cpu_hotplug
04-11 12:56:18.878 E/PERFHAL-PERFCTRL( 2187): PERFHAL-PERFCTRL: chk_core_online_poll_loop() 743: Block on poll()
04-11 12:56:18.884 D/SubsysEventListenerManager-SubsysTelephonyCallback[1](14034): onDataActivity
04-11 12:56:18.884 D/DataService[1](14034): onDataActivity direction:3
04-11 12:56:18.884 D/Tile.OplusCellularTile( 8338): refreshState: tile not listening, ignore
04-11 12:56:18.885 I/SystemUi--Statusbar( 8338): MobileConnectionRepositoryImpl-->subId:1 isSoftSimCard:false slotId:1
04-11 12:56:18.911 I/GoLog   (18198): from tcp:127.0.0.1:55952 accepted tcp:43.155.214.62:443 [socks >> proxy]
04-11 12:56:18.911 I/GoLog   (18198): from tcp:127.0.0.1:55938 accepted tcp:43.155.214.62:443 [socks >> proxy]
04-11 12:56:18.929 I/OplusHansManager ( 3590): FastFreeze exit, unfreeze uids: [10345]
04-11 12:56:18.929 I/OplusHansManager ( 3590): exit FastFreezer, unfreeze uids: [10345] thaw: [], reason: exitFF
04-11 12:56:18.929 I/OplusHansManager ( 3590): notify state machine event=FF_EXIT to uids=[10512, 10295, 10345, 10397, 10515]
04-11 12:56:18.929 I/OplusHansManager ( 3590): FF exit, uid=10345, pkg=com.tencent.mm M transition to F
04-11 12:56:18.929 I/OplusHansManager ( 3590): uid=10345, pkg=com.tencent.mm F enter(), M stay=5
04-11 12:56:18.930 D/IHansComunication(16527): HANS sendMessageToKernel: threadId = 511992380480, netLinkSetup = 1, type = PKG, targetUid = 10345, pkgCmd = ADD_ONE_UID
04-11 12:56:18.936 I/OplusHansManager ( 3590): freeze uid: 10345 com.tencent.mm pids: [9059, 19462, 9999, 9448] scene: LcdOn
04-11 12:56:18.936 I/OStatsManager_OplusBatteryStatsManager( 3590): updateStateTime: PkgName = com.tencent.mm, uid = 10345, state to em, mForegroundCnt = 0, isFg = false
04-11 12:56:18.936 I/OplusHansManager ( 3590): p_BC uid=10345 pkg=com.tencent.mm
04-11 12:56:18.936 D/IHansComunication(16527): HANS sendMessageToKernel: threadId = 511992380480, netLinkSetup = 1, type = PKG, targetUid = 10345, pkgCmd = ADD_ONE_UID
04-11 12:56:18.936 V/SensorManager( 3590): call sensorServiceCommonInterface name: setSensorAccessState
04-11 12:56:18.936 D/SensorServiceExtImpl( 3590): sensorServiceCommonInterface funcName = setSensorAccessState, flag = 10345, status = 0
04-11 12:56:18.937 D/SensorServiceExtImpl( 3590): setSensorAccessState uid = 10345, state = 0
04-11 12:56:18.937 I/OplusHansManager ( 3590): p_sensor: 10345
04-11 12:56:18.937 I/OplusCameraManagerGlobal( 3590): reportAppFreeze E
04-11 12:56:18.937 I/OplusBinderProxy( 3590): proxyBinder uid: 10345 pkg: com.tencent.mm proxy: true calling: OFreezer
04-11 12:56:18.937 I/LocationFreezeProc( 3590): will freezeLocationProcess for com.tencent.mm, 10345, true, false
04-11 12:56:18.937 I/LocationFreezeProc( 3590): Executing freeze operation for com.tencent.mm, 10345, true, false
04-11 12:56:18.937 W/LocationFreezeProc( 3590): Do nothing for the app is not record!
04-11 12:56:18.937 I/OplusHansManager ( 3590): p_gps: uid 10345 result false
04-11 12:56:18.937 D/OplusHansManager ( 3590): onUidHansStateChanged: uid = 10345, isFreeze = true, frozenStatus = 1
04-11 12:56:18.950 W/QosScheduler( 3590): executeSceneQosStrategy failed! qos feature no enable
04-11 12:56:18.950 D/OplusLinkBoostSceneManager(13839): handleAppSceneChange: live broadcast off
04-11 12:56:18.950 W/Battery (15757): UadListener: onSceneStateChange, sceneId=19, type=7, windowinfos=[SceneListenerWindowInfo{mWindowMode=1, mPkgName=com.binance.monitor, mUid=10512, mPid=19632, mIsGame=false, mIsCamera=false, mIsMiniFloat=false, mIsFocused=true}, SceneListenerWindowInfo{mWindowMode=2, mPkgName=com.binance.monitor, mUid=10512, mPid=19632, mIsGame=false, mIsCamera=false, mIsMiniFloat=false, mIsFocused=true}]
04-11 12:56:18.951 W/OplusGameOptManager( 7586): getService fail.vendor.oplus.hardware.gameopt.IGameOptHalService/default
04-11 12:56:18.952 W/OplusGameOptManager( 7586): getService fail.vendor.oplus.hardware.gameopt.IGameOptHalService/default
04-11 12:56:18.960 I/sensors-hal( 2113): handle_oplus_wise_rgb_event:161, wise_rgb: (61796)(cct, lux, ir)[6559.45, 193.09, 42.395496] (r, g, b, c)[8643.89, 5857.58, 3790.21, 16863.46]                 (pwm, hbm, brl, algo)[0.0 0.0 1327.0 2.0], flag 34338
04-11 12:56:18.979 I/SDM     ( 2181): DisplayBuiltIn::IdlePowerCollapse: IPC received, disabling partial update for one frame
04-11 12:56:19.021 D/QmiClient( 3438): qmiServiceEventCallback recv msg id 47
04-11 12:56:19.021 D/QmiClient( 3438): enter -mServiceType 10 onQmiServiceEventCallback msgId 47
04-11 12:56:19.021 D/QmiClient( 3438): onQmiServiceEventCallback - enter. msgId=47
04-11 12:56:19.021 D/OttProxy( 3438): handleMessage msg is 3001
04-11 12:56:19.021 D/SubsysRadioIndication[1](14034): radioLinkLatencyInfoInd
04-11 12:56:19.021 D/SubsysRadioIndication[1](14034): notify enter
04-11 12:56:19.021 D/NetworkService[1](14034): handleMessage what:1008
04-11 12:56:19.021 D/NetworkService[1](14034): EVENT_REG_LINK_LATENCY_INFO_CHANGE ulLatency:9547
04-11 12:56:19.034 W/OPLUS_LOG_LOAD( 3590): ==LOGS PROG INFO, prog(system_server) ==
04-11 12:56:19.034 V/AlarmManager( 3590): sending alarm Alarm{c6944bd type 1 origWhen 1775883379034 whenElapsed 930594448 android} uid 1000 whenElapsed 930594448 windowLength 0 maxWhenElapsed 930594448 repeatInterval 0 action null component null tag StorgaeBandInfoAlarmTag flags 0x9 procName system_server
04-11 12:56:19.034 E/OplusStorageUFSBandwidth( 3590): storage_io_metrics_path is /proc/oplus_storage/io_metrics/forever/
04-11 12:56:19.035 E/OplusStorageUFSBandwidth( 3590): Bandwidth - Read: 8.00 MB/s, Write: 0.50 MB/s
04-11 12:56:19.035 E/OplusStorageUFSBandwidth( 3590): Task time: 1ms
04-11 12:56:19.038 E/OplusStorageUFSBandwidth( 3590): Alarm set to trigger in 10 seconds
04-11 12:56:19.116 D/BatteryChargeControl( 2280): bcc get no support from charging protocol
04-11 12:56:19.213 I/SDM     ( 2181): DisplayBuiltIn::IdlePowerCollapse: IPC received, disabling partial update for one frame
04-11 12:56:19.216 D/UlPriorityPolicyForeground(13839): match: config has not com.binance.monitor
04-11 12:56:19.218 E/CwbService( 2181): Panel not support apl read or getDisplayPanelAplValue timeout 10ms.
04-11 12:56:19.218 D/SensorFeature( 2258): name=ssc_screenshot_info ,index = 22
04-11 12:56:19.218 D/SensorFeature( 2258): write 39 bytes:930594570411257,930594621589070,34339,0
04-11 12:56:19.227 I/sensors-hal( 2113): handle_oplus_wise_rgb_event:189, high_pwm_light:lux 193.1,cct 6564.8,brl/algo/ir 1327.0/2.0/42.6,pwm/dc 0.0/0.0,rgbc 8653.862305/5859.775879/3792.414307/16896.089844,ts 930594589752840,cnt 61800,flag 34339
04-11 12:56:19.227 I/sensors-hal( 2113): handle_oplus_wise_rgb_event:161, wise_rgb: (61801)(cct, lux, ir)[6564.83, 193.06, 42.586624] (r, g, b, c)[8648.88, 5837.78, 3792.41, 16868.12]                 (pwm, hbm, brl, algo)[0.0 0.0 1327.0 2.0], flag 34339
04-11 12:56:19.331 I/PhoneManager.ViewExtractModel(19655): requestViewExtractTree now
04-11 12:56:19.332 D/OplusWindowManager(19655): get WMS extension: android.os.BinderProxy@cd3dac4
04-11 12:56:19.335 E/HwcComposer( 2399): getLuts failed Status(-129, EX_TRANSACTION_FAILED): 'UNKNOWN_TRANSACTION: '
04-11 12:56:19.340 D/qdgralloc(19655): Fetching IMapper5 from QtiMapper5
04-11 12:56:19.345 I/SnapAlloc(19655): Graphics lib is available
04-11 12:56:19.348 D/GpuServiceExtImpl( 2391): getRUSWhiteList  size 2
04-11 12:56:19.348 I/HWUI    (19655): SupportApps size 2
04-11 12:56:19.349 D/ExtensionsLoader(19655): createInstance(64bit) : createExtendedFactory
04-11 12:56:19.349 D/ExtensionsLoader(19655): Opened libSchedAssistExtImpl.so
04-11 12:56:19.349 E/SchedAssist(19655): open sharedFd failed with error=Permission denied
04-11 12:56:19.350 D/OplusGraphicsEvent(19655): OplusGraphicsEventListener create now!
04-11 12:56:19.350 D/OplusGraphicsEvent(19655): addEventListener success!
04-11 12:56:19.350 D/ExtensionsLoader(19655): createInstance(64bit) : createExtendedFactory
04-11 12:56:19.350 D/ExtensionsLoader(19655): Opened libSchedAssistExtImpl.so
04-11 12:56:19.350 I/DisplayManager(19655): Choreographer implicitly registered for the refresh rate.
04-11 12:56:19.351 D/vulkan  (19655): searching for layers in '/product/priv-app/PhoneManager/PhoneManager.apk!/lib/arm64-v8a'
04-11 12:56:19.356 D/colorx  (19655): I can't find colorx layer , let's enumerate colorx layers first.
04-11 12:56:19.359 I/qspmHal ( 2226): enter getGpuProf at: 2061886111
04-11 12:56:19.359 I/qspmHal ( 2226): PID 19655 from GFX matched.
04-11 12:56:19.359 I/qspmHal ( 2226): gpuProfName:com.binance.monitor-gpu - gpu prof_info.path:/data/vendor/gaming/com.binance.monitor-gpu
04-11 12:56:19.359 E/qspmHal ( 2226): GPU profile file NOT found !!
04-11 12:56:19.359 I/AdrenoVK-0(19655): ===== BEGIN DUMP OF OVERRIDDEN SETTINGS =====
04-11 12:56:19.359 I/AdrenoVK-0(19655): ===== END DUMP OF OVERRIDDEN SETTINGS =====
04-11 12:56:19.362 I/Adreno-UNKNOWN(19655): Using previously loaded IMapper library.
04-11 12:56:19.364 I/AdrenoVK-0(19655): QUALCOMM build          : d9c51359ee, Ib0a60ffc99
04-11 12:56:19.364 I/AdrenoVK-0(19655): Build Date              : 12/19/25
04-11 12:56:19.364 I/AdrenoVK-0(19655): Shader Compiler Version : E031.47.18.44
04-11 12:56:19.364 I/AdrenoVK-0(19655): Local Branch            : 
04-11 12:56:19.364 I/AdrenoVK-0(19655): Remote Branch           : refs/tags/AU_LINUX_ANDROID_LA.VENDOR.15.4.0.11.00.00.1088.837
04-11 12:56:19.364 I/AdrenoVK-0(19655): Remote Branch           : NONE
04-11 12:56:19.364 I/AdrenoVK-0(19655): Reconstruct Branch      : NOTHING
04-11 12:56:19.364 I/AdrenoVK-0(19655): Build Config            : S P 18.0.0 AArch64
04-11 12:56:19.364 I/AdrenoVK-0(19655): Driver Path             : /vendor/lib64/hw/vulkan.adreno.so
04-11 12:56:19.364 I/AdrenoVK-0(19655): Driver Version          : 0800.67
04-11 12:56:19.364 I/AdrenoVK-0(19655): PFP                     : 0x01500081
04-11 12:56:19.364 I/AdrenoVK-0(19655): ME                      : 0x01500022
04-11 12:56:19.364 I/AdrenoVK-0(19655): Application Name    : android framework
04-11 12:56:19.364 I/AdrenoVK-0(19655): Process Name        : com.coloros.phonemanager:adidentify
04-11 12:56:19.364 I/AdrenoVK-0(19655): Application Version : 0x00000000
04-11 12:56:19.364 I/AdrenoVK-0(19655): Engine Name         : android framework
04-11 12:56:19.364 I/AdrenoVK-0(19655): Engine Version      : 0x00000000
04-11 12:56:19.364 I/AdrenoVK-0(19655): Api Version         : 0x00401000
04-11 12:56:19.366 D/ExtensionsLoader(19655): createInstance(64bit) : createExtendedFactory
04-11 12:56:19.366 D/ExtensionsLoader(19655): Opened libeglextimpl.so
04-11 12:56:19.366 D/PreCache(19655): [IPreCacheRus]loadRUSConfigs#102 failed to transact: -22 prc:com.coloros.phonemanager:adidentify
04-11 12:56:19.398 D/OplusScrollToTopManager(19632): com.binance.monitor/com.binance.monitor.ui.main.MainActivity,This com.android.internal.policy.DecorView{112785d V.E...... R....... 0,0-1264,2780 aid=0 alpha=1.0 viewInfo = }[MainActivity] change focus to true
04-11 12:56:19.399 W/ServiceManagerCppClient( 4482): Waited one second for SystemClearService (is service started? Number of threads started in the threadpool: 16. Are binder threads started and available?)
04-11 12:56:19.399 W/ServiceManagerCppClient( 4482): Waited one second for SystemClearService (is service started? Number of threads started in the threadpool: 16. Are binder threads started and available?)
04-11 12:56:19.400 W/libc    ( 1254): Unable to set property "ctl.interface_start" to "aidl/SystemClearService": PROP_ERROR_HANDLE_CONTROL_MESSAGE (0x20)
04-11 12:56:19.400 W/libc    ( 1254): Unable to set property "ctl.interface_start" to "aidl/SystemClearService": PROP_ERROR_HANDLE_CONTROL_MESSAGE (0x20)
04-11 12:56:19.401 I/SurfaceControl(19632):  setExtendedRangeBrightness sc=Surface(name=)/@0xc04aefa,currentBufferRatio=1.0,desiredRatio=1.0
04-11 12:56:19.401 V/WindowManager( 3590): Relayout Window{59ec0cd u0 com.binance.monitor}: viewVisibility=0, oldvis=0, req=315x422 , apr = 0, vsysui=, x=42, y=420
04-11 12:56:19.401 D/VRR [OPlusSurfaceFlingerController]( 3590):  setComplexSceneEnable : true
04-11 12:56:19.401 I/[UAH_CLIENT]( 3590): uahRuleCtl, ruleId:206, status:3
04-11 12:56:19.401 D/InsetsSourceProvider( 3590): updateSourceFrameForServerVisibility mandatorySystemGestures EMPTY_RECT
04-11 12:56:19.402 D/InsetsSourceProvider( 3590): updateSourceFrameForServerVisibility mandatorySystemGestures EMPTY_RECT
04-11 12:56:19.409 W/QosScheduler( 3590): executeSceneQosStrategy failed! qos feature no enable
04-11 12:56:19.456 W/Settings( 3590): Setting notification_bubbles has moved from android.provider.Settings.Global to android.provider.Settings.Secure, returning read-only value.
04-11 12:56:19.456 W/Settings( 3590): Setting apply_ramping_ringer has moved from android.provider.Settings.Global to android.provider.Settings.System, returning read-only value.
04-11 12:56:19.457 W/SettingsStatsUtil( 3590): Can not parse value to float: +network
04-11 12:56:19.457 W/SettingsStatsUtil( 3590): Can not parse value to float: +network
04-11 12:56:19.575 I/SDM     ( 2181): DisplayBuiltIn::IdlePowerCollapse: IPC received, disabling partial update for one frame
04-11 12:56:19.584 E/CwbService( 2181): Panel not support apl read or getDisplayPanelAplValue timeout 10ms.
04-11 12:56:19.584 D/SensorFeature( 2258): name=ssc_screenshot_info ,index = 22
04-11 12:56:19.584 D/SensorFeature( 2258): write 39 bytes:930594936880163,930594987677663,34340,0
04-11 12:56:19.586 I/AICCTModule( 3590): SensorFilter: brightness threshold 1.2 screenNit is 90.251 ave enviroment lux is 127.980835 luxForNit 90.19382demarcationPoint200.0 result is false
04-11 12:56:19.586 I/AICCTModule( 3590): SensorFilter: findSecondNearestValue, sensorValue: 5724.957 nearestMaxValue:7445.8833 secondNearestValue: 7475.99
04-11 12:56:19.586 I/AICCTModule( 3590): SensorFilter: findSecondNearestValue, sensorValue: 136.75375 nearestMaxValue:128.62093 secondNearestValue: 128.62093
04-11 12:56:19.586 D/AICCTModule( 3590): AICurveModel: findPointWithLuxForSmartByX lux218.15439
04-11 12:56:19.586 I/AICCTModule( 3590): AICurveModel: findPointByX x:14.046381, rightPoint:Point:(14.049999, 5937.3394, 5937.3394)
04-11 12:56:19.586 I/AICCTModule( 3590): AICurveModel: StablePoints has no dragSplineLine
04-11 12:56:19.586 I/AICCTModule( 3590): AICurveModel: findPointByY y:5325.74, rightPoint:Point:(12.799999, 5325.74, 5325.74)
04-11 12:56:19.586 I/AICCTModule( 3590): AICurveModel: findPointByY y:5325.74, rightPoint:Point:(12.799999, 5325.74, 5325.74)
04-11 12:56:19.586 I/AICCTModule( 3590): AICurveModel: findPointByY y:5325.74, rightPoint:Point:(12.799999, 5325.74, 5325.74)
04-11 12:56:19.586 I/AICCTModule( 3590): AICurveModel: StablePoints y1Left:5325.74, y2Left:0.0, leftY:5325.74
04-11 12:56:19.586 I/AICCTModule( 3590): AICurveModel: findPointByY y:5325.74, rightPoint:Point:(12.799999, 5325.74, 5325.74)
04-11 12:56:19.586 I/AICCTModule( 3590): AICurveModel: findPointByY y:5325.74, rightPoint:Point:(12.799999, 5325.74, 5325.74)
04-11 12:56:19.586 I/AICCTModule( 3590): AICurveModel: getNextPoint isLargeChange, 7482.25, 5937.3394
04-11 12:56:19.586 I/AICCTModule( 3590): AICurveModel: handleUpdateCCT cct change from:(5475.999023,5325.740234)->(7482.250000,5937.339355),curPoint(7482.250000,5937.339355),stablePoint=LeftLarge(5475.999,5325.74)-RightLarge(5475.999,5325.74),LeftSmall(5475.999,5325.74)-RightSmall(5475.999,5325.74),TLSmall(5475.999,5325.74)-TRSmall(5475.999,5325.74)
04-11 12:56:19.586 I/AICCTModule( 3590): AICurveModel: onTargetCCTChange cct change to 5937.3394
04-11 12:56:19.602 D/NotificationService--OplusNotificationFixHelper( 3590): fixAppIcon: pkg=com.binance.monitor
04-11 12:56:19.602 D/NotificationService--OplusNotificationFixHelper( 3590): fixAppIcon: appIcon = null, pkg = com.binance.monitor
04-11 12:56:19.634 I/OplusBinderProxy( 3590): pb uid: 10345 pid: 9059 desc: android.database.IContentObserver/2
04-11 12:56:19.637 I/Quality (19655): BitmapCompressInfo:1264,2780,1,100,288603645
04-11 12:56:19.637 I/PhoneManager.ScreenCaptureHelper(19655): captureScreen use 306ms
04-11 12:56:19.637 I/PhoneManager.ViewExtractModel(19655): screen capture when 306ms passed
04-11 12:56:19.637 D/ViewExtract(19655): [OplusViewExtractManager] OplusViewExtractManager init com.coloros.phonemanager
04-11 12:56:19.638 D/ViewExtract(19655): [OplusViewExtractManager] requestViewExtractData com.coloros.phonemanager  GET_VIEW_ASSIST_STRUCTURE
04-11 12:56:19.640 D/ViewExtract( 3590): [OplusViewExtractManagerService] requestViewExtractData isFindAllMatchActivities=false, activityName=null
04-11 12:56:19.640 D/ViewExtract( 3590): [OplusViewExtractManagerService] hookViewExtract: token = 0; activityName = null; activity = ActivityRecord{7869242 u0 com.binance.monitor/.ui.main.MainActivity t13176}; Feature =GET_VIEW_ASSIST_STRUCTURE
04-11 12:56:19.641 I/ChainTrace(19632): stream type=syncBootstrap gapMs=-1 refreshMarket=true
04-11 12:56:19.641 I/ChainTrace(19632): market_apply symbol=BTCUSDT closeTime=1775883419999 fetchMs=-1 triggerToApplyMs=-1
04-11 12:56:19.641 I/ChainTrace(19632): market_apply symbol=XAUUSDT closeTime=1775883419999 fetchMs=-1 triggerToApplyMs=-1
04-11 12:56:19.641 I/ChainTrace(19632): repo_kline symbol=BTCUSDT closeTime=1775883419999 applyToRepoMs=0
04-11 12:56:19.641 I/ChainTrace(19632): repo_kline symbol=XAUUSDT closeTime=1775883419999 applyToRepoMs=0
04-11 12:56:19.643 D/ViewExtract(19632): [OplusViewExtractManager] OplusViewExtractManager init com.binance.monitor
04-11 12:56:19.643 D/ViewExtract(19632): [OplusViewExtractManager] addViewExtractFlag: 10000001
04-11 12:56:19.653 I/ChainTrace(19632): main_render symbol=BTCUSDT closeTime=1775883359999 repoToMainMs=-1 triggerToMainMs=-1
04-11 12:56:19.653 I/PhoneManager.ViewExtractModel(19655): requestViewExtractTree structure called back!
04-11 12:56:19.657 I/AssistStructure(19632): Flattened partial assist data: 65960 bytes, containing 1 windows, 107 views
04-11 12:56:19.660 I/AssistStructure(19632): Flattened final assist data: 35740 bytes, containing 0 windows, 54 views
04-11 12:56:19.661 I/PhoneManager.ViewExtractModel(19655): requestViewExtractTree  now parse top window: com.binance.monitor/com.binance.monitor.ui.main.MainActivity
04-11 12:56:19.662 I/PhoneManager.ViewExtractModel(19655): extractLayoutCharacter use 331ms, extract 0 image(s), use 0ms,extract 0 webview(s), use 0ms
04-11 12:56:19.693 D/OplusCellularNetworkConfig( 8406): getDnsQueryPriority value=http://pdns.dnspod.cn
04-11 12:56:19.694 D/NetworkService[0](14034): getActiveNetworks networkList size:1
04-11 12:56:19.694 D/SubsysThreadPool(14034): execute task
04-11 12:56:19.694 D/libc-netbsd(14034): [oplusDnsOpenProxy]: __netdClientDispatch.connect errno = 111
04-11 12:56:19.694 D/DNS_CACHE(14034): oplus_oplus_getaddrinfo_proxy open dns proxy failed, use android flow: 1000
04-11 12:56:19.709 D/Osense-BaseDecisionMaker( 3590): notifyDelayedSceneToPolicy
04-11 12:56:19.719 D/QmiClient( 2727): qmiServiceEventCallback recv msg id 1099
04-11 12:56:19.720 D/QmiClient( 3438): qmiServiceEventCallback recv msg id 1099
04-11 12:56:19.720 D/QmiClient( 3438): enter -mServiceType 4 onQmiServiceEventCallback msgId 1099
04-11 12:56:19.720 D/QmiClient( 3438): onQmiServiceEventCallback - enter. msgId=1099
04-11 12:56:19.720 D/QmiVsClientEvent( 3438): QosPeriodReportInd MSG IND data_len 2052
04-11 12:56:19.720 D/QmiVsClientEvent( 3438): qmiVsClientNotifyQosPeriodReportIndEvent - RADIO_EVENT_QOS_PERIOD_REPORT_NOTIFY_IND
04-11 12:56:19.720 D/QmiClient( 2727): enter -mServiceType 4 onQmiServiceEventCallback msgId 1099
04-11 12:56:19.720 D/QmiClient( 2727): onQmiServiceEventCallback - enter. msgId=1099
04-11 12:56:19.720 D/QmiVsClientEvent( 2727): QosPeriodReportInd MSG IND data_len 2052
04-11 12:56:19.720 D/QmiVsClientEvent( 2727): qmiVsClientNotifyQosPeriodReportIndEvent - RADIO_EVENT_QOS_PERIOD_REPORT_NOTIFY_IND
04-11 12:56:19.720 D/VsProxy ( 2727): handleMessage msg is 2420
