04-11 12:56:19.720 D/VsProxy ( 2727): handleQosPeriodReportInd for instance 0 data_len 145
04-11 12:56:19.720 D/VsProxy ( 3438): handleMessage msg is 2420
04-11 12:56:19.720 D/VsProxy ( 3438): handleQosPeriodReportInd for instance 1 data_len 213
04-11 12:56:19.721 D/SubsysRadioIndication[0](14034): radioQosPeriodReportInd result [8, -67, -62, -74, -49, 14, 34, 12, 8, -84, -69, -57, -50, 14, 16, 4, 24, 1, 32, 3, 58, 61, 8, -32, -67, -74, -49, 14, 16, 5, 24, -64, -92, 38, 32, -22, 6, 40, -98, -1, -1, -1, -1, -1, -1, -1, -1, 1, 48, -10, -1, -1, -1, -1, -1, -1, -1, -1, 1, 56, 9, 64, -98, -1, -1, -1, -1, -1, -1, -1, -1, 1, 72, -103, -1, -1, -1, -1, -1, -1, -1, -1, 1, 66, 29, 8, -57, -20, -92, -50, 14, 16, 5, 34, 19, 8, -64, -92, 38, 16, -22, 6, 24, 78, 32, 13, 40, -117, -32, -94, -93, 2, 48, 2, 90, 0, 98, 10, 8, -41, -26, -92, -50, 14, 16, 3, 24, 5, 122, 15, 8, -8, -24, -92, -50, 14, 16, -52, 2, 24, -21, 1, 32, -90, 9]
04-11 12:56:19.721 D/SubsysRadioIndication[1](14034): radioQosPeriodReportInd result [8, -67, -62, -74, -49, 14, 18, 19, 8, -80, -62, -74, -49, 14, 16, 54, 32, -75, 125, 40, 54, 56, -115, 7, 64, -40, 4, 26, 16, 8, -21, -64, -74, -49, 14, 16, 61, 40, 54, 56, -97, -95, 2, 72, 4, 34, 12, 8, -84, -69, -57, -50, 14, 16, 4, 24, 1, 32, 3, 58, 83, 8, -73, -63, -74, -49, 14, 16, 5, 24, -98, -23, 30, 32, -54, 1, 40, -91, -1, -1, -1, -1, -1, -1, -1, -1, 1, 48, -12, -1, -1, -1, -1, -1, -1, -1, -1, 1, 56, 3, 64, -93, -1, -1, -1, -1, -1, -1, -1, -1, 1, 72, -90, -1, -1, -1, -1, -1, -1, -1, -1, 1, 80, -101, -1, -1, -1, -1, -1, -1, -1, -1, 1, 88, -90, -1, -1, -1, -1, -1, -1, -1, -1, 1, 66, 31, 8, -101, -22, -108, -49, 14, 16, 5, 24, 2, 34, 19, 8, -98, -23, 30, 16, -54, 1, 24, 41, 32, 13, 40, -126, -128, -52, -67, 21, 48, 2, 90, 0, 98, 10, 8, -85, -54, -73, -50, 14, 16, 3, 24, 5, 122, 20, 8, -127, -62, -74, -49, 14, 16, -1, -1, 1, 24, -1, -1, 1, 32, -1, -1, -1, -1, 15]
04-11 12:56:19.721 D/NetworkService[0](14034): handleMessage what:1005
04-11 12:56:19.721 D/RadioAtomTracker(14034): parseQosPeriodData ModemQos:CellularQosInfo2{5G, 627264/874, EndcState=0, Band=78, DLBW=13, Rsrp=-98, Rsrq=-10, Snr=9, SvcStatus=3, ULPDCPNumDataPdu=-1, ULPDCPNumDropPdu=-1, ULPDCPTput=-1, ULRLCNumDataPdu=-1, ULRLCNumRetxPdu=-1, ULGrant=-1, ULBSR=-1, ULBler=-1, DLPDCPNumDataPdu=-1, DLPDCPTput=-1, DLRLCNumDataPdu=-1, DLRLCNumRetxPdu=-1, DLRLCNumDropPdu=-1, DLMACPaddingBytes=-1, DLPdcpNumMissToUppPdu=-1, DLBler=-1, RlfCount=0, CellChangeCount=0, IsRedirectionOccur=0, IsDualSimConflict=0, Latency=0, Sub1RrcState=1, Sub2RrcState=3, RachCount=0, CalcPower=332, Mtpl=235, PathLoss=1190, CellLoad=0}
04-11 12:56:19.721 D/NetworkService[0](14034): EVENT_REG_QOS_PERIOD_REPORT_IND_CHANGED ENTER
04-11 12:56:19.721 D/NetworkService[1](14034): handleMessage what:1005
04-11 12:56:19.721 D/RadioAtomTracker(14034): parseQosPeriodData ModemQos:CellularQosInfo1{5G, 504990/202, EndcState=2, Band=41, DLBW=13, Rsrp=-91, Rsrq=-12, Snr=3, SvcStatus=3, ULPDCPNumDataPdu=54, ULPDCPNumDropPdu=0, ULPDCPTput=16053, ULRLCNumDataPdu=54, ULRLCNumRetxPdu=0, ULGrant=909, ULBSR=600, ULBler=0, DLPDCPNumDataPdu=54, DLPDCPTput=37023, DLRLCNumDataPdu=61, DLRLCNumRetxPdu=0, DLRLCNumDropPdu=0, DLMACPaddingBytes=0, DLPdcpNumMissToUppPdu=0, DLBler=4, RlfCount=0, CellChangeCount=0, IsRedirectionOccur=0, IsDualSimConflict=0, Latency=9, Sub1RrcState=1, Sub2RrcState=3, RachCount=0, CalcPower=32767, Mtpl=32767, PathLoss=-1, CellLoad=0}
04-11 12:56:19.721 D/NetworkService[1](14034): EVENT_REG_QOS_PERIOD_REPORT_IND_CHANGED ENTER
04-11 12:56:19.721 D/AtomModemKpiInfo(14034): handleMessage what:1001
04-11 12:56:19.721 D/AtomModemKpiInfo(14034): analyseQosInfo success
04-11 12:56:19.758 W/QosScheduler( 3590): executeSceneQosStrategy failed! qos feature no enable
04-11 12:56:19.781 I/MMKV    (27449): <MMKV_IO.cpp:456::writeActualSize> [mmkv.default] increase sequence to 540332, crc 2412965575, actualSize 940
04-11 12:56:19.786 I/sensors-hal( 2113): handle_oplus_wise_rgb_event:161, wise_rgb: (61806)(cct, lux, ir)[6533.62, 192.66, 43.498753] (r, g, b, c)[8651.37, 5842.18, 3790.21, 16886.77]                 (pwm, hbm, brl, algo)[0.0 0.0 1327.0 2.0], flag 34340
04-11 12:56:19.789 D/CommonApp-264-10512(14034): transport layer data is invalid
04-11 12:56:19.790 D/CommonApp-255-10512(14034): commonScoreStrategy scenarios 3 mTLD.uplink_packets + mTLD.downlink_packets > 10 avgRtt20
04-11 12:56:19.790 D/CommonApp-255-10512(14034): notifyScoreChange appScene COMMON score 100
04-11 12:56:19.790 D/CommonApp-255-10512(14034): needNotify 77777
04-11 12:56:19.790 D/ScorePolicy(14034): handleScoreChanged: [mInstanceId: -1 mPolicyId: 3342338 mLevel: 2 mValue: 100 mTechnology: 2 mNetId: 255 mUid: 10512 mPeriod: 0 mThreshold: 0 mBadReasonType: 0 mBadReason: 0 mScene: 0 mCBClientId: 0]
04-11 12:56:19.790 D/ScorePolicy(14034): handleScoreChanged: [mInstanceId: -1 mPolicyId: 3342340 mLevel: 1 mValue: 100 mTechnology: 2 mNetId: 255 mUid: 10512 mPeriod: 0 mThreshold: 0 mBadReasonType: 0 mBadReason: 0 mScene: 0 mCBClientId: 0]
04-11 12:56:19.790 D/ScorePolicy(14034): handleScoreChanged: []
04-11 12:56:19.790 D/ScoreClient(14034): notifyScoreChange2457667 1001
04-11 12:56:19.790 D/ScoreClient(14034): notifyScoreChange268075477 1006
04-11 12:56:19.790 D/ScoreClient(14034): notifyScoreChange172017572 1
04-11 12:56:19.790 D/ScoreClient(14034): notifyScoreChange235975006 1
04-11 12:56:19.790 D/AtomHighLoadSenseInfo(14034): handleMessage what:1001
04-11 12:56:19.790 D/AtomHighLoadSenseInfo(14034): handleScoreChanged results:[mInstanceId: -1 mPolicyId: 3342338 mLevel: 2 mValue: 100 mTechnology: 2 mNetId: 255 mUid: 10512 mPeriod: 0 mThreshold: 0 mBadReasonType: 0 mBadReason: 0 mScene: 0 mCBClientId: 2457667]
04-11 12:56:19.790 D/ExtremeCommService(14034): handleMessage what:1006
04-11 12:56:19.790 D/ExtremeCommService(14034): EVENT_NETWORK_QUALITY_CHANGE score level:2
04-11 12:56:19.790 D/ScoreClient(14034): notifyScoreChange236195522 1008
04-11 12:56:19.790 D/NetworkScoreEvent(14034): update event
04-11 12:56:19.790 D/ScoreLoader(14034): clinetId 51262116 [mInstanceId: -1 mPolicyId: 3342340 mLevel: 1 mValue: 100 mTechnology: 2 mNetId: 255 mUid: 10512 mPeriod: 0 mThreshold: 0 mBadReasonType: 0 mBadReason: 0 mScene: 0 mCBClientId: 39376926]
04-11 12:56:19.790 D/RegStateTracker(14034): Received scoreresult[mInstanceId: -1 mPolicyId: 3342340 mLevel: 1 mValue: 100 mTechnology: 2 mNetId: 255 mUid: 10512 mPeriod: 0 mThreshold: 0 mBadReasonType: 0 mBadReason: 0 mScene: 0 mCBClientId: 235975006]
04-11 12:56:19.790 D/AtomNetworkScoreInfo(14034): handleMessage: 1008
04-11 12:56:19.790 D/AtomNetworkScoreInfo(14034): Received scoreresult[mInstanceId: -1 mPolicyId: 3342340 mLevel: 1 mValue: 100 mTechnology: 2 mNetId: 255 mUid: 10512 mPeriod: 0 mThreshold: 0 mBadReasonType: 0 mBadReason: 0 mScene: 0 mCBClientId: 236195522]
04-11 12:56:19.790 D/ScoreLoader(14034): clinetId 5475375 [mInstanceId: -1 mPolicyId: 3342338 mLevel: 2 mValue: 100 mTechnology: 2 mNetId: 255 mUid: 10512 mPeriod: 0 mThreshold: 0 mBadReasonType: 0 mBadReason: 0 mScene: 0 mCBClientId: 219934186, mInstanceId: -1 mPolicyId: 3342338 mLevel: 2 mValue: 100 mTechnology: 2 mNetId: 255 mUid: 10512 mPeriod: 0 mThreshold: 0 mBadReasonType: 0 mBadReason: 0 mScene: 0 mCBClientId: 79861825, mInstanceId: -1 mPolicyId: 3342338 mLevel: 2 mValue: 100 mTechnology: 2 mNetId: 255 mUid: 10512 mPeriod: 0 mThreshold: 0 mBadReasonType: 0 mBadReason: 0 mScene: 0 mCBClientId: 190672651, mInstanceId: -1 mPolicyId: 3342338 mLevel: 2 mValue: 100 mTechnology: 2 mNetId: 255 mUid: 10512 mPeriod: 0 mThreshold: 0 mBadReasonType: 0 mBadReason: 0 mScene: 0 mCBClientId: 58006050, mInstanceId: -1 mPolicyId: 3342338 mLevel: 2 mValue: 100 mTechnology: 2 mNetId: 255 mUid: 10512 mPeriod: 0 mThreshold: 0 mBadReasonType: 0 mBadReason: 0 mScene: 0 mCBClientId: 64307998, mInstanceId: -1 mPolicyId: 3342340 mLevel: 1 mValue: 100 mTechnology: 2 mNetId: 255 mUid: 10512 mPeriod: 0 mThreshold: 0 mBadReasonType: 0 mBadReason: 0 mScene: 0 mCBClientId: 73361374, mInstanceId: -1 mPolicyId: 3342340 mLevel: 1 mValue: 100 mTechnology: 2 mNetId: 255 mUid: 10512 mPeriod: 0 mThreshold: 0 mBadReasonType: 0 mBadReason: 0 mScene: 0 mCBClientId: 263796602, mInstanceId: -1 mPolicyId: 3342340 mLevel: 1 mValue: 100 mTechnology: 2 mNetId: 255 mUid: 10512 mPeriod: 0 mThreshold: 0 mBadReasonType: 0 mBadReason: 0 mScene: 0 mCBClientId: 128379457, mInstanceId: -1 mPolicyId: 3342340 mLevel: 1 mValue: 100 mTechnology: 2 mNetId: 255 mUid: 10512 mPeriod: 0 mThreshold: 0 mBadReasonType: 0 mBadReason: 0 mScene: 0 mCBClientId: 183644090, mInstanceId: -1 mPolicyId: 3342340 mLevel: 1 mValue: 100 mTechnology: 2 mNetId: 255 mUid: 10512 mPeriod: 0 mThreshold: 0 mBadReasonType: 0 mBadReason: 0 mScene: 0 mCBClientId: 71781513, mInstanceId: -1 mPolicyId: 3342340 mLevel: 1 mValue: 100 mTechnology: 2 mNetId: 255 mUid: 10512 mPeriod: 0 mThreshold: 0 mBadReasonType: 0 mBadReason: 0 mScene: 0 mCBClientId: 119001807, mInstanceId: -1 mPolicyId: 3342340 mLevel: 1 mValue: 100 mTechnology: 2 mNetId: 255 mUid: 10512 mPeriod: 0 mThreshold: 0 mBadReasonType: 0 mBadReason: 0 mScene: 0 mCBClientId: 159917397, mInstanceId: -1 mPolicyId: 3342340 mLevel: 1 mValue: 100 mTechnology: 2 mNetId: 255 mUid: 10512 mPeriod: 0 mThreshold: 0 mBadReasonType: 0 mBadReason: 0 mScene: 0 mCBClientId: 253278887]
04-11 12:56:19.790 D/OplusRecoveryEventData(13839): onScoreChanged mInstanceId: -1 mPolicyId: 3342338 mLevel: 2 mValue: 100 mTechnology: 2 mNetId: 255 mUid: 10512 mPeriod: 0 mThreshold: 0 mBadReasonType: 0 mBadReason: 0 mScene: 0 mCBClientId: 219934186
04-11 12:56:19.790 D/ScoreLoader(14034): clinetId 18804689 [mInstanceId: -1 mPolicyId: 3342340 mLevel: 1 mValue: 100 mTechnology: 2 mNetId: 255 mUid: 10512 mPeriod: 0 mThreshold: 0 mBadReasonType: 0 mBadReason: 0 mScene: 0 mCBClientId: 162591356, mInstanceId: -1 mPolicyId: 3342340 mLevel: 1 mValue: 100 mTechnology: 2 mNetId: 255 mUid: 10512 mPeriod: 0 mThreshold: 0 mBadReasonType: 0 mBadReason: 0 mScene: 0 mCBClientId: 3198911]
04-11 12:56:19.790 D/OLK-NAS (13839): get score result     mInstanceId: -1 mPolicyId: 3342340 mLevel: 1 mValue: 100 mTechnology: 2 mNetId: 255 mUid: 10512 mPeriod: 0 mThreshold: 0 mBadReasonType: 0 mBadReason: 0 mScene: 0 mCBClientId: 128379457
04-11 12:56:19.790 D/OLK-NAS (13839): networkScoreChange networkId: 255 better = true, score = 100
04-11 12:56:19.790 D/SmartStrategyCooperateMachine(13839): now score is 100
04-11 12:56:19.790 D/OplusL3Monitor( 3590): network=255, score=100, onScoreChanged result = mInstanceId: -1 mPolicyId: 3342340 mLevel: 1 mValue: 100 mTechnology: 2 mNetId: 255 mUid: 10512 mPeriod: 0 mThreshold: 0 mBadReasonType: 0 mBadReason: 0 mScene: 0 mCBClientId: 3198911, screen= true
04-11 12:56:19.790 E/SmartDataSwitchStateManager(13839): null network score or unexpected tech
04-11 12:56:19.843 W/libc    (19655): Unable to set property "oplus.systemclearservice.status" to "0": connection failed: Permission denied
04-11 12:56:19.843 E/PhoneManager.SystemPropertiesFeature(19655):  set, onFailure: java.lang.RuntimeException: failed to set system property "oplus.systemclearservice.status" to "0": Permission denied
04-11 12:56:19.851 W/SQLiteLog(19235): (28) double-quoted string literal: "sys_unused_trash_files_path"
04-11 12:56:19.862 W/SQLiteLog(19235): (28) double-quoted string literal: "safe_virus_certMD5_whitelist"
04-11 12:56:19.872 D/nativeloader(19655): Load /product/priv-app/PhoneManager/PhoneManager.apk!/lib/arm64-v8a/libcrypto.so using class loader ns product-clns-9 (caller=/product/priv-app/PhoneManager/PhoneManager.apk!classes4.dex): ok
04-11 12:56:19.908 D/NotificationCenter(  424): NotificationCenterService-->onDestroy: 
04-11 12:56:19.912 D/WM-PackageManagerHelper(19655): Skipping component enablement for androidx.work.impl.background.systemjob.SystemJobService
04-11 12:56:19.912 D/WM-Schedulers(19655): Created SystemJobScheduler and enabled SystemJobService
04-11 12:56:19.912 D/WM-RemoteWorkManagerCli(19655): Creating a new session
04-11 12:56:19.912 D/WM-ForceStopRunnable(19655): Is default app process = false
04-11 12:56:19.913 D/WM-RemoteWMgr.Connectio(19655): Service connected
04-11 12:56:19.914 W/PhoneManager.CleanShortcutManager(19655): [checkUpdate] : Not supported regions!
04-11 12:56:19.915 W/PhoneManager.SystemAccelerationShortcutManager(19655): [checkUpdate] : Not supported regions!
04-11 12:56:19.915 D/WM-GreedyScheduler( 4482): Ignoring {WorkSpec: 37134dfc-51a3-4591-a488-052819dded3f}. Requires device idle.
04-11 12:56:19.915 D/WM-GreedyScheduler( 4482): Ignoring {WorkSpec: 37134dfc-51a3-4591-a488-052819dded3f}. Requires device idle.
04-11 12:56:19.916 D/ShortcutService( 3590): rescanPackageIfNeeded 0@com.coloros.phonemanager, forceRescan=false , isNewApp=false
04-11 12:56:19.918 I/system_server( 3590): AssetManager2(0xb4000070df9e5128) locale list changing from [] to [zh-CN]
04-11 12:56:19.919 D/ShortcutService( 3590): rescanPackageIfNeeded 0@com.coloros.phonemanager, forceRescan=false , isNewApp=false
04-11 12:56:19.925 I/sensors-hal( 2113): handle_sns_std_sensor_event:114, oplus rgb_rear sample: (cct, lux, ir, x, y)[10036, 19, 294, 259, 325]
04-11 12:56:19.925 I/sensors-hal( 2113): handle_sns_std_sensor_event:116, oplus rgb_rear sample: (r, g, b, c w)[774, 1585, 350, 466, 0]
04-11 12:56:19.938 D/IHansComunication(16527): HANS sendMessageToKernel: threadId = 511992380480, netLinkSetup = 1, type = FROZEN_TRANS, targetUid = 10345, pkgCmd = PKG_CMD_MAX
04-11 12:56:19.948 E/CwbService( 2181): Panel not support apl read or getDisplayPanelAplValue timeout 10ms.
04-11 12:56:19.948 D/SensorFeature( 2258): name=ssc_screenshot_info ,index = 22
04-11 12:56:19.948 D/SensorFeature( 2258): write 39 bytes:930595303575111,930595351323601,34341,0
04-11 12:56:20.019 D/ShortcutService( 3590): Saving package item com.coloros.phonemanager to /data/system_ce/0/shortcut_service/packages/com.coloros.phonemanager.xml
04-11 12:56:20.020 D/ShortcutService( 3590): Getting shortcuts for launcher= com.android.systemuiuserId=0 pkg=com.coloros.phonemanager
04-11 12:56:20.020 D/ShortcutService( 3590): Persisting shortcuts from 0@com.coloros.phonemanager
04-11 12:56:20.020 D/ShortcutService( 3590): com.oplus.phonemanager.shortcut_system_acceleration [DynIc-rStr]
04-11 12:56:20.021 D/ShortcutService( 3590): com.oplus.phonemanager.pin_shortcut [ImManIc-rStr]
04-11 12:56:20.021 D/ShortcutService( 3590): auto_clear [DynIc-rStr]
04-11 12:56:20.023 D/QmiClient( 3438): qmiServiceEventCallback recv msg id 47
04-11 12:56:20.023 D/QmiClient( 3438): enter -mServiceType 10 onQmiServiceEventCallback msgId 47
04-11 12:56:20.023 D/QmiClient( 3438): onQmiServiceEventCallback - enter. msgId=47
04-11 12:56:20.023 D/OttProxy( 3438): handleMessage msg is 3001
04-11 12:56:20.024 D/SubsysRadioIndication[1](14034): radioLinkLatencyInfoInd
04-11 12:56:20.024 D/SubsysRadioIndication[1](14034): notify enter
04-11 12:56:20.024 D/NetworkService[1](14034): handleMessage what:1008
04-11 12:56:20.024 D/NetworkService[1](14034): EVENT_REG_LINK_LATENCY_INFO_CHANGE ulLatency:10216
04-11 12:56:20.026 I/sensors-hal( 2113): handle_oplus_wise_rgb_event:189, high_pwm_light:lux 193.3,cct 6508.0,brl/algo/ir 1327.0/2.0/43.2,pwm/dc 0.0/0.0,rgbc 8688.747070/5881.772461/3812.281494/16942.712891,ts 930595311850965,cnt 61810,flag 34341
04-11 12:56:20.027 I/sensors-hal( 2113): handle_oplus_wise_rgb_event:161, wise_rgb: (61811)(cct, lux, ir)[6508.01, 193.31, 43.219715] (r, g, b, c)[8671.30, 5861.98, 3794.62, 16917.07]                 (pwm, hbm, brl, algo)[0.0 0.0 1327.0 2.0], flag 34341
04-11 12:56:20.028 D/ShortcutService( 3590): Getting shortcuts for launcher= com.android.launcheruserId=0 pkg=com.coloros.phonemanager
04-11 12:56:20.028 D/FusionLightNextGen( 3590): process end reported = 1, mode: 0, cnt: 403370, lux 128.6, cct 7574.5, r/g/b/c: 8661.3/5859.8/3807.9/16919.4, R/G/B: 167.0/158.0/138.0, bri 1327.0, match 1.00, ir 0.051392, conf 5.0, ts 930595345063933
04-11 12:56:20.077 D/vendor.oplus.hardware.charger-V10-service( 2280): ret_value:122, read content:,290,290,4398,4397,-159,94,96,1,1,0,494,5016,96,1,4480,600,500,0,0,9500,0,0,1,0,2,0,0,0,1,5868,96,0,4738,5046,0,0,0,0,0,0
04-11 12:56:20.078 D/vendor.oplus.hardware.charger-V10-service( 2280): gmtime: 2026-04-11-12-56-20
04-11 12:56:20.078 D/vendor.oplus.hardware.charger-V10-service( 2280): usb_online:1, ac_online:-2147483648, wireless_online:-2147483648
04-11 12:56:20.117 D/BatteryChargeControl( 2280): bcc get no support from charging protocol
04-11 12:56:20.227 D/VRR [OTI]( 2399): handleIdle from 1 to 0
04-11 12:56:20.227 D/VRR [OTI-HW]( 2399): isStateReady 0
04-11 12:56:20.227 D/VRR [OTI-HW]( 2399): keep rate.
04-11 12:56:20.228 D/GestureLog_OplusMultiPointerDetector( 3590): onTouchEvent------>start, mCurNumPointers=1, mCurrStatus=0 mIsDownIntervalTimeout=true, action=0 downTime=882739600 deviceId=-1
04-11 12:56:20.228 I/[UAH_CLIENT]( 3590): UahEventAcquire, cmdid:37, pkg:none, identity:OplusUAwareInputHelper
04-11 12:56:20.228 D/PowerManagerService( 3590): userActivityNoUpdateLocked: groupId=0, eventTime=882739600, event=touch, flags=0x0, uid=1000
04-11 12:56:20.228 D/PowerManagerService( 3590): userActivityNoUpdateLocked: groupId=0, eventTime=882739600, event=touch, flags=0x0, uid=1000
04-11 12:56:20.228 D/UAH-UahAdaptHelper( 3590): adaptSetNotification identity = OplusUAwareInputHelpersrc = 1000 , type 0 ,p1 = -1 ,p2 = -1 ,p3 = -1 ,p4 =
04-11 12:56:20.228 I/[UAH_CLIENT]( 3590): uahRuleCtl, ruleId:1000, status:0
04-11 12:56:20.231 D/OplusActivityThreadExtImpl(19632): init method, sSupressionGC = public static native void dalvik.system.VMRuntime.SupressionGC(int,int), sDesupressionGC = public static native void dalvik.system.VMRuntime.DesupressionGC(int)
04-11 12:56:20.232 E/IJankManager(19632): slideSceneEnd unknown scene 1000 mScene:-1
04-11 12:56:20.235 D/UAH-UahAdaptHelper( 3590): adaptSetNotification identity = OplusUAwareInputHelpersrc = 1000 , type 1 ,p1 = -1 ,p2 = -1 ,p3 = -1 ,p4 =
04-11 12:56:20.235 I/[UAH_CLIENT]( 3590): uahRuleCtl, ruleId:1000, status:1
04-11 12:56:20.235 D/PowerManagerService( 3590): userActivityNoUpdateLocked: groupId=0, eventTime=882739600, event=touch, flags=0x0, uid=1000
04-11 12:56:20.235 D/PowerManagerService( 3590): userActivityNoUpdateLocked: groupId=0, eventTime=882739600, event=touch, flags=0x0, uid=1000
04-11 12:56:20.235 D/OplusInputMethodManagerInternal(19632): get inputMethodManager extension: com.android.internal.view.IInputMethodManager$Stub$Proxy@9967459
04-11 12:56:20.235 D/OplusViewDragTouchViewHelper(19632): dispatchTouchView action = 1
04-11 12:56:20.236 D/ViewRootImplExtImpl(19632): the up motion event handled by client, just return
04-11 12:56:20.239 I/[UAH_CLIENT]( 3590): UahEventAcquire, cmdid:2, pkg:none, identity:com.android.server.wm
04-11 12:56:20.239 D/WindowManager( 3590): NFW_setClientVisible:ActivityRecord{126608797 u0 com.binance.monitor/.ui.account.AccountStatsBridgeActivity clientVisible:true
04-11 12:56:20.239 V/GrammaticalInflectionUtils( 3590): AttributionSource: android.content.AttributionSource@1020978a does not have READ_SYSTEM_GRAMMATICAL_GENDER permission.
04-11 12:56:20.239 D/OplusCompatModeManagerService( 3590): getRequestedConfigurationOrientation  res:1,req:1,config.old:0,config.new:0,ActivityRecord{126608797 u0 com.binance.monitor/.ui.account.AccountStatsBridgeActivity t-1}
04-11 12:56:20.239 D/OplusCompatModeManagerService( 3590):  onPreActivityRecordConfigurationChanged {0.0 ?mcc??mnc ?localeList ?layoutDir ?swdp ?wdp ?hdp ?density ?lsize ?long ?ldr ?wideColorGamut ?orien ?uimode ?night ?touch ?keyb/?/? ?nav/? winConfig={ mBounds=Rect(0, 0 - 0, 0) mAppBounds=null mMaxBounds=Rect(0, 0 - 0, 0) mDisplayRotation=undefined mWindowingMode=undefined mActivityType=undefined mAlwaysOnTop=undefined mRotation=undefined} ?fontWeightAdjustmentmThemeChanged= 0, mThemeChangedFlags= 0, mFlipFont= 0, mScenario= -1, mAccessibleChanged= 0, mUxIconConfig= 0, mMaterialColor= ffffffffffffffff, mUserId= -1, mFontUserId= -1, mFontVariationSettings= ffffffff, mFoldingAngle = -1.0, mIconPackName= , mDarkModeBackgroundMaxL= -1.0, mDarkModeDialogBgMaxL= -1.0, mDarkModeForegroundMinL= -1.0, mOplusConfigType= 0, mOplusChangedConfigs= 0, OpSans= -1, mBurmeseFontFlag= -1, mFlag= 0, mExtraFlag= 0, mFlexibleActivitySuitable= -1, mPuttDisplayFlag= -1}
04-11 12:56:20.239 D/OplusCompatModeManagerService( 3590):  disable:true,valid:false,computeReq:1,isGameRatio:false
04-11 12:56:20.239 D/OplusCompatModeManagerService( 3590):  getOverrideMinAspectRatioForCompatMode: 0.0 getRawOverrideMinAspectRatioForCompatMode: 0.0
04-11 12:56:20.239 D/OplusCompatModeManagerService( 3590):  ar : ActivityRecord{126608797 u0 com.binance.monitor/.ui.account.AccountStatsBridgeActivity t-1} displayId:-1 inCompatMode: false
04-11 12:56:20.239 D/OplusCompatModeManagerService( 3590): isDefaultDisplay true oldRect: Rect(0, 0 - 0, 0) newRect Rect(0, 0 - 0, 0)
04-11 12:56:20.239 D/OplusCompatModeManagerService( 3590): reloadCompactRatio mParWorldContainer.isEnabledParallelWindow(pkg):false,mParWorldContainer.isDisabledCompactWindow:false,isUIAutoLayout:false, isFullOrientation: false
04-11 12:56:20.240 D/FlexibleTaskController( 3590): isSupportFlexibleWindow target = com.binance.monitor/.ui.account.AccountStatsBridgeActivity callPkg = FlexibleTaskController support = true ,caller = 3590
04-11 12:56:20.240 D/ActivityStarterExtImpl( 3590): checkOpMode: 3
04-11 12:56:20.240 W/QosScheduler( 3590): executeSceneQosStrategy failed! qos feature no enable
04-11 12:56:20.240 D/FlexibleWindowManagerService( 3590): isIgnoreAppearedAcrossTask:false
04-11 12:56:20.240 D/ActivityStarterExtImpl( 3590): setForceUpdateWindow, targetTask = Task{f60dd48 #13176 type=standard A=10512:com.binance.monitor} r = ActivityRecord{126608797 u0 com.binance.monitor/.ui.account.AccountStatsBridgeActivity t-1} notFinish =false
04-11 12:56:20.240 D/FlexibleWindowManagerService( 3590): isIgnoreAppearedAcrossTask:false
04-11 12:56:20.240 D/FlexibleTaskController( 3590): adjustOptionsForFlexibleTask skip adjust options reason:4
04-11 12:56:20.240 I/InsensibleTaskController( 3590): adjustOptionsForInsensibleTask targetTask is resuse so not pureInsensibleOptions
04-11 12:56:20.240 D/FlexibleTaskController( 3590): isSupportFlexibleWindow target = com.binance.monitor/.ui.account.AccountStatsBridgeActivity callPkg = FlexibleTaskController support = true ,caller = 3590
04-11 12:56:20.240 D/FlexibleWindowManagerService( 3590): no reused task found for ActivityRecord{126608797 u0 com.binance.monitor/.ui.account.AccountStatsBridgeActivity t-1}
04-11 12:56:20.241 D/ActivityStarterExtImpl( 3590): isLaunchingRootActivity = false
04-11 12:56:20.241 D/ActivityStarterExtImpl( 3590): resume targetTask isVisibleRequested is true or in SkipCheckedList, need resume:targetTask=Task{f60dd48 #13176 type=standard A=10512:com.binance.monitor}
04-11 12:56:20.241 I/OPM     ( 3590): handleActivityStart : ActivityRecord{126608797 u0 com.binance.monitor/.ui.account.AccountStatsBridgeActivity t-1}
04-11 12:56:20.241 D/OplusCompatModeManagerService( 3590): getRequestedConfigurationOrientation  res:1,req:1,config.old:0,config.new:1,ActivityRecord{126608797 u0 com.binance.monitor/.ui.account.AccountStatsBridgeActivity t13176}
04-11 12:56:20.241 D/OplusCompatModeManagerService( 3590):  onPreActivityRecordConfigurationChanged {1.15 ??mcc??mnc [zh_CN,en_US] ldltr sw361dp w361dp h794dp 560dpi nrml long hdr widecg port night finger -keyb/v/h -nav/h winConfig={ mBounds=Rect(0, 0 - 1264, 2780) mAppBounds=Rect(0, 0 - 1264, 2780) mMaxBounds=Rect(0, 0 - 1264, 2780) mDisplayRotation=ROTATION_0 mWindowingMode=fullscreen mActivityType=standard mAlwaysOnTop=undefined mRotation=ROTATION_0} as.10 s.12661 fontWeightAdjustment=0mThemeChanged= 1, mThemeChangedFlags= 1, mFlipFont= 0, mScenario= 0, mAccessibleChanged= -1, mUxIconConfig= 1e177014640920, mMaterialColor= 100040017, mUserId= 0, mFontUserId= 0, mFontVariationSettings= 11d7, mFoldingAngle = -1.0, mIconPackName= , mDarkModeBackgroundMaxL= 8.0, mDarkModeDialogBgMaxL= 27.0, mDarkModeForegroundMinL= 100.0, mOplusConfigType= 1, mOplusChangedConfigs= 0, OpSans= -1, mBurmeseFontFlag= 2, mFlag= 0, mExtraFlag= 0, mFlexibleActivitySuitable= -1, mPuttDisplayFlag= -1}
04-11 12:56:20.241 D/OplusCompatModeManagerService( 3590):  disable:true,valid:false,computeReq:1,isGameRatio:false
04-11 12:56:20.241 D/OplusCompatModeManagerService( 3590):  getOverrideMinAspectRatioForCompatMode: 0.0 getRawOverrideMinAspectRatioForCompatMode: 0.0
04-11 12:56:20.241 D/OplusCompatModeManagerService( 3590):  ar : ActivityRecord{126608797 u0 com.binance.monitor/.ui.account.AccountStatsBridgeActivity t13176} displayId:0 inCompatMode: false
04-11 12:56:20.241 D/OplusCompatModeManagerService( 3590): isDefaultDisplay true oldRect: Rect(0, 0 - 0, 0) newRect Rect(0, 0 - 1264, 2780)
04-11 12:56:20.241 D/OplusCompatModeManagerService( 3590): reloadCompactRatio mParWorldContainer.isEnabledParallelWindow(pkg):false,mParWorldContainer.isDisabledCompactWindow:false,isUIAutoLayout:false, isFullOrientation: false
04-11 12:56:20.242 D/SecondaryPageStartupPolicy( 3590): checkSecondaryPageStartupStatus not support sourcePackage=com.binance.monitor
04-11 12:56:20.242 D/OplusStartingWindowManager( 3590): we don't revise window flags for third app
04-11 12:56:20.242 D/ActivityTaskManager( 3590): validateStartingWindowTheme:  Pkg=com.binance.monitor, Translucent=false, Floating=false, ShowWallpaper=false, Disable=false, LaunchSource=4, Prev=null, LaunchedFromPackage=com.binance.monitor
04-11 12:56:20.242 D/ActivityTaskManager( 3590): addStartingWindow for ActivityRecord{126608797 u0 com.binance.monitor/.ui.account.AccountStatsBridgeActivity t13176}, mainWin=null, state=INITIALIZING, isKeyguardLocked=false, isKeyguardGoingAway=false
04-11 12:56:20.242 D/ActivityTaskManager( 3590): getStartingWindowType: , newTask=false, taskSwitch=false, processRunning=true, allowTaskSnapshot=true, activityCreated=false, activityAllDrawn=false, snapshot exist: false
04-11 12:56:20.242 D/ActivityRecordExtImpl( 3590): handleStartingWindowForCompactWindow origin type:0, adjustType : 0
04-11 12:56:20.242 D/OplusWindowAnimationManager( 3590): applyNoAnimationForResumed resumed: ActivityRecord{7869242 u0 com.binance.monitor/.ui.main.MainActivity t13176}
04-11 12:56:20.242 D/ActivityTrigger( 3590): ActivityTrigger activityPauseTrigger 
04-11 12:56:20.244 I/ActivityTaskManager( 3590): START u0 {flg=0x24000000 xflg=0x4 cmp=com.binance.monitor/.ui.account.AccountStatsBridgeActivity mCallingUid=10512} with LAUNCH_MULTIPLE from uid 10512 (sr=7869242) (BAL_ALLOW_VISIBLE_WINDOW (callingUid has visible window)) result code=0
04-11 12:56:20.244 V/WindowManagerShell( 8338): Transition requested (#27155): android.os.BinderProxy@c49ebed TransitionRequestInfo { type = OPEN, triggerTask = TaskInfo{userId=0 taskId=13176 effectiveUid=10512 displayId=0 isRunning=true baseIntent=Intent { flg=0x10000000 cmp=com.binance.monitor/.ui.main.MainActivity mCallingUid=2000 } baseActivity=ComponentInfo{com.binance.monitor/com.binance.monitor.ui.main.MainActivity} topActivity=ComponentInfo{com.binance.monitor/com.binance.monitor.ui.account.AccountStatsBridgeActivity} origActivity=null realActivity=ComponentInfo{com.binance.monitor/com.binance.monitor.ui.main.MainActivity}
04-11 12:56:20.244 V/WindowManagerShell( 8338):  numActivities=2 lastActiveTime=930595657 supportsSplitScreenMultiWindow=true supportsMultiWindow=true supportsPocketStudioMultiWindow=true isInFlexibleEmbedded = false uid = 10512 pid = 0 resizeMode=1 isResizeable=true minWidth=-1 minHeight=-1 defaultMinSize=220 token=WCT{android.window.IWindowContainerToken$Stub$Proxy@7a9da22} topActivityType=1 pictureInPictureParams=null shouldDockBigOverlays=false launchIntoPipHostTaskId=-1 lastParentTaskIdBeforePip=-1 displayCutoutSafeInsets=Rect(0, 0 - 0, 0)
04-11 12:56:20.244 V/WindowManagerShell( 8338):  topActivityInfo=ActivityInfo{c146cb3 com.binance.monitor.ui.account.AccountStatsBridgeActivity} launchCookies=[] positionInParent=Point(0, 0) parentTaskId=-1 isFocused=true isVisible=true isVisibleRequested=true isTopActivityNoDisplay=false isSleeping=false locusId=null displayAreaFeatureId=1 isTopActivityTransparent=false isActivityStackTransparent=false lastNonFullscreenBounds=Rect(330, 828 - 935, 2092) capturedLink=null capturedLinkTimestamp=0 requestedVisibleTypes=-9 topActivityRequestOpenInBrowserEducationTimestamp=0
04-11 12:56:20.244 V/WindowManagerShell( 8338):  appCompatTaskInfo=AppCompatTaskInfo { topActivityInSizeCompat=false topActivityInOplusCompatMode=false eligibleForLetterboxEducation= false isLetterboxEducationEnabled= false isLetterboxDoubleTapEnabled= false eligibleForUserAspectRatioButton= false topActivityBoundsLetterboxed= false isFromLetterboxDoubleTap= false topActivityLetterboxVerticalPosition= -1 topActivityLetterboxHorizontalPosition= -1 topActivityLetterboxWidth=-1 topActivityLetterboxHeight=-1 topActivityAppBounds=Rect(0, 140 - 1264, 2780) isUserFullscreenOverrideEnabled=false isSystemFullscreenOverrideEnabled=false hasMinAspectRatioOverride=false topActivityLetterboxBounds=null cameraCompatTaskInfo=CameraCompatTaskInfo { freeformCameraCompatMode=inactive}} topActivityMainWindowFrame=null topActivityLetterboxInsets=Rect(0, 0 - 0, 0)
04-11 12:56:20.244 V/WindowManagerShell( 8338):  mOplusExtraBundle = Bundle[mParcelledData.dataSize=1540]}, pipChange = null, remoteTransition = null, displayChange = null, flags = 0, debugId = 27155 }
04-11 12:56:20.244 D/ShellSplitScreen( 8338): logExit: no-op, mLoggerSessionId is null
04-11 12:56:20.247 I/TaskOrganizerController( 3590): onTaskInfoChanged taskid 13176 config { mBounds=Rect(0, 0 - 1264, 2780) mAppBounds=Rect(0, 0 - 1264, 2780) mMaxBounds=Rect(0, 0 - 1264, 2780) mDisplayRotation=ROTATION_0 mWindowingMode=fullscreen mActivityType=standard mAlwaysOnTop=undefined mRotation=ROTATION_0}
04-11 12:56:20.247 D/OplusFlexibleDragToSplitAnimController( 3590): visibleFlexibleTaskInfos delete:13176
04-11 12:56:20.247 E/FlexibleWindowManagerService( 3590): notifyTaskObserverToAttachController not need to notify!
04-11 12:56:20.247 I/FlexibleWindowManagerService( 3590): onFlexibleWindowTaskInfoChanged, return for cur task not embedded
04-11 12:56:20.247 D/ShellTaskOrganizerExt( 8338): visibleFlexibleTaskInfos delete:13176
04-11 12:56:20.247 D/ShellTaskOrganizerExt( 8338): isOnCanvas size:0
04-11 12:56:20.247 D/ShellTaskOrganizerExt( 8338): isOnThreeFlexibleCanvas size:0
04-11 12:56:20.250 I/OplusAccessController( 3590): enter isIgnoreAppSwitchActivity
04-11 12:56:20.250 I/OplusAccessController( 3590): enter isIgnoreAppSwitchActivity and intent != null
04-11 12:56:20.250 I/OplusAccessController( 3590): enter isIgnoreAppSwitchActivity and componentName != null
04-11 12:56:20.250 I/OplusAccessController( 3590): enter isIgnoreAppSwitchActivity and packageName&activity is not Empty
04-11 12:56:20.250 D/RefreshRate( 3590): boostRefreshId choose max:currentRefreshRate:90.0 targetRefreshRate:60.0 mCurrentPickRate:90.0
04-11 12:56:20.250 D/RefreshRate( 3590): Trigger app switch boost, ar=ActivityRecord{126608797 u0 com.binance.monitor/.ui.account.AccountStatsBridgeActivity t13176},currDisplayRate=90.0,boostId=1
04-11 12:56:20.250 D/RefreshRate( 3590): setDisplayConfigSpecs complete: targetMode={id=3, width=1264, height=2780, fps=90.0, vsync=90.0, synthetic=false, alternativeRefreshRates=[60.000004, 120.00001, 120.00001], supportedHdrTypes=[1, 2, 3, 4]},srcMode={id=3, width=1264, height=2780, fps=90.0, vsync=90.0, synthetic=false, alternativeRefreshRates=[60.000004, 120.00001, 120.00001], supportedHdrTypes=[1, 2, 3, 4]},sfModId=2,rate=90.0
04-11 12:56:20.250 D/RefreshRate( 3590): startAppSwitchBoost targetMode={id=3, width=1264, height=2780, fps=90.0, vsync=90.0, synthetic=false, alternativeRefreshRates=[60.000004, 120.00001, 120.00001], supportedHdrTypes=[1, 2, 3, 4]} record=ActivityRecord{126608797 u0 com.binance.monitor/.ui.account.AccountStatsBridgeActivity t13176}: votes=PRIORITY_START_ANIMATION_BOOST -> Vote{mRefreshRate=90.0, mMinRefreshRate=90.0, mRequestSource=null};PRIORITY_WINDOW_REQUEST -> Vote{mRefreshRate=90.0, mMinRefreshRate=90.0, mRequestSource=null};
04-11 12:56:20.250 D/RefreshRate( 3590): do setDisplayConfigSpecs  
04-11 12:56:20.250 I/ActivityTaskManager( 3590): The Process com.binance.monitor Already Exists in BG. So sending its PID: 19632
04-11 12:56:20.250 D/BackgroundInstallControlService( 3590): Package event received: 0
04-11 12:56:20.250 D/SurfaceFlinger( 2399): VRR [SurfaceFlinger] setDesiredDisplayModeSpecs, from process 3590, 2, 0, primaryRanges = [ 90.000000, 90.000000, 90.000000, 90.000000 ], appRequestRanges = [ 90.000000, 90.000000, 90.000000 90.000000 ]
04-11 12:56:20.250 D/DisplayModeDirector( 3590): setAppRequest displayId : 0  modeId: 3  requestedRefreshRate: 90.0  requestedMinRefreshRateRange: 90.0  requestedMaxRefreshRateRange: 90.0
04-11 12:56:20.250 W/SurfaceFlingerPuller( 3590): Failed to pull atom 150134 from surfaceflinger. Success is 0, binder status is EX_NONE
04-11 12:56:20.250 D/ActivityTaskManager( 3590): setAppVisibility(Token{bb7b5e3 ActivityRecord{126608797 u0 com.binance.monitor/.ui.account.AccountStatsBridgeActivity t13176}}, visible=true):  visible=false mVisibleRequested=false
04-11 12:56:20.250 D/ActivityTaskManager( 3590): setVisibility(Token{bb7b5e3 ActivityRecord{126608797 u0 com.binance.monitor/.ui.account.AccountStatsBridgeActivity t13176}}, visible=true) defer commitVisibility for transition collecting
04-11 12:56:20.250 E/statsd  ( 2013): Stats puller failed for tag: 150134 at 930595664085007
04-11 12:56:20.250 D/ActivityTaskManager( 3590): setAppVisibility(Token{d5a57e1 ActivityRecord{7869242 u0 com.binance.monitor/.ui.main.MainActivity t13176}}, visible=false):  visible=true mVisibleRequested=true
04-11 12:56:20.250 D/ActivityTaskManager( 3590): setVisibility(Token{d5a57e1 ActivityRecord{7869242 u0 com.binance.monitor/.ui.main.MainActivity t13176}}, visible=false) defer commitVisibility for transition collecting
04-11 12:56:20.250 D/FlexibleTaskController( 3590): isFullToFlexibleAnimating: false
04-11 12:56:20.250 D/WindowManager( 3590): rotation(ROTATION_0) no changed  displayId = 0, lastOrientation = 1
04-11 12:56:20.251 I/TaskOrganizerController( 3590): onTaskInfoChanged taskid 13176 config { mBounds=Rect(0, 0 - 1264, 2780) mAppBounds=Rect(0, 0 - 1264, 2780) mMaxBounds=Rect(0, 0 - 1264, 2780) mDisplayRotation=ROTATION_0 mWindowingMode=fullscreen mActivityType=standard mAlwaysOnTop=undefined mRotation=ROTATION_0}
04-11 12:56:20.251 D/OplusVisibleTasks( 3590):  notifyTasksNumChange no need to notify.
04-11 12:56:20.251 D/OplusFlexibleDragToSplitAnimController( 3590): visibleFlexibleTaskInfos delete:13176
04-11 12:56:20.251 E/FlexibleWindowManagerService( 3590): notifyTaskObserverToAttachController not need to notify!
04-11 12:56:20.251 I/FlexibleWindowManagerService( 3590): onFlexibleWindowTaskInfoChanged, return for cur task not embedded
04-11 12:56:20.251 D/ActivityTaskManager( 3590): setAppVisibility(Token{bb7b5e3 ActivityRecord{126608797 u0 com.binance.monitor/.ui.account.AccountStatsBridgeActivity t13176}}, visible=true):  visible=false mVisibleRequested=true
04-11 12:56:20.251 D/ActivityTaskManager( 3590): setVisibility(Token{bb7b5e3 ActivityRecord{126608797 u0 com.binance.monitor/.ui.account.AccountStatsBridgeActivity t13176}}, visible=true) defer commitVisibility for transition collecting
04-11 12:56:20.251 E/OplusDexOptimizeManager( 3590): pkgSetting or primaryCpuAbi is null for package: com.binance.monitor
04-11 12:56:20.251 D/ShellTaskOrganizerExt( 8338): visibleFlexibleTaskInfos delete:13176
04-11 12:56:20.251 D/ShellTaskOrganizerExt( 8338): isOnCanvas size:0
04-11 12:56:20.251 D/ShellTaskOrganizerExt( 8338): isOnThreeFlexibleCanvas size:0
04-11 12:56:20.251 D/OplusFeatureColorMode( 3590): ColorMode getColorMode =0
04-11 12:56:20.251 D/ColorDisplayServiceExtImpl( 3590): getWCGVersion1App, packageName=com.binance.monitor, sSupportWCG1 = true, sSupportWCG3 = false, nRet = 0
04-11 12:56:20.251 I/OPM     ( 3590): handlePackageLaunched pkg: com.binance.monitor, uid: 10512, pid: 19632
04-11 12:56:20.251 D/ActivityTaskManager( 3590): NFW_setLastResumedActivityUncheckLocked:true r:ActivityRecord{126608797 u0 com.binance.monitor/.ui.account.AccountStatsBridgeActivity t13176} currentFocus:Window{67d7ae u0 com.binance.monitor/com.binance.monitor.ui.main.MainActivity}
04-11 12:56:20.251 D/WindowManager( 3590): NFW_findFocusedWindowIfNeeded:null mCurrentFocus:Window{67d7ae u0 com.binance.monitor/com.binance.monitor.ui.main.MainActivity}
04-11 12:56:20.251 D/ColorModeChangeItem(19632): preExecute mColorMode=0
04-11 12:56:20.251 V/WindowManager( 3590): Changing focus from Window{67d7ae u0 com.binance.monitor/com.binance.monitor.ui.main.MainActivity} to null,diplayid=0
04-11 12:56:20.252 D/InsetsSourceProvider( 3590): updateSourceFrameForServerVisibility mandatorySystemGestures EMPTY_RECT
04-11 12:56:20.252 D/DisplayModeDirector( 3590): setAppRequest displayId : 0  modeId: 3  requestedRefreshRate: 0.0  requestedMinRefreshRateRange: 0.0  requestedMaxRefreshRateRange: 90.0
04-11 12:56:20.252 D/VRR [OPlusRefreshRateService]( 3590):  setDirectorStates [flag: 1, state: 1, directorStateOff: 1]
04-11 12:56:20.252 D/OplusAppSwitchRuleInfo( 3590): generateActivityEnterInfo - launch_source_type =  , launch_source_traceid = 
04-11 12:56:20.252 D/OplusAppSwitchRuleInfo( 3590): generateActivityEnterInfo - launch_source_type =  , launch_source_traceid = 
04-11 12:56:20.252 D/VRR [RefreshRateDirector]( 2399): updateState mState = 0
04-11 12:56:20.252 D/OplusAppSwitchRuleInfo( 3590): generateActivityEnterInfo - launch_source_type =  , launch_source_traceid = 
04-11 12:56:20.253 D/InsetsSourceProvider( 3590): updateSourceFrameForServerVisibility mandatorySystemGestures EMPTY_RECT
04-11 12:56:20.253 D/FlexibleTaskController( 3590): not in list
04-11 12:56:20.253 D/BackgroundInstallControlService( 3590): Package event received: 0
04-11 12:56:20.253 I/binance.monitor(19632): _Desupression native alloc gc_urgency: 98981 native bytes: 29733948
04-11 12:56:20.255 E/statsd  ( 2013): Stats puller failed for tag: 150134 at 930595667759851
04-11 12:56:20.255 I/OplusPerfCollect( 2399): OplusPerfCollect onPullAtom
04-11 12:56:20.255 I/OplusPerfCollect( 2399): OplusPerfCollect OplusVrrInfoRecord clear
04-11 12:56:20.255 I/statsd  ( 2013): An anomaly (104240000001) (42)0x10000->10512[I] (42)0x20000->com.binance.monitor[S] (42)0x30000->.ui.account.AccountStatsBridgeActivity[S]  has occurred! Informing subscribers.
04-11 12:56:20.256 E/midasd  (10250): getTotalFlipsFromSf mCurFrameCount: 11751613
04-11 12:56:20.256 I/midasd  (10250): DisplayAgent updateDisplayDevInfo getRenderFps mFps:90 mRenderFps:18 mWidth:1264 mHeight:2780
04-11 12:56:20.258 D/SurfaceComposerClient( 3590): Transaction::apply InputWindowCommands.focusRequests timestamp=882739627049873, windowName=<null>
04-11 12:56:20.258 I/BpBinder( 2399): onLastStrongRef automatically unlinking death recipients: 
04-11 12:56:20.258 I/ChainTrace(19632): floating_update symbol=BTCUSDT closeTime=1775883359999 repoToFloatingUpdateMs=-1
04-11 12:56:20.260 I/ChainTrace(19632): floating_render symbol=BTCUSDT closeTime=1775883359999 updateToRenderMs=4 repoToFloatingRenderMs=-1 triggerToFloatingRenderMs=-1
04-11 12:56:20.269 D/SurfaceFlinger( 2399): updateWinowInfo=1, setFocusedWindow timestamp=882739627049873, windowName=<null>
04-11 12:56:20.269 I/InputDispatcher( 3590): updateFocusedWindow,  on display 0, reason: NO_WINDOW, result:   FocusedWindows: <none>
04-11 12:56:20.269 I/InputDispatcher( 3590): NFW_setFocusedWindow, <null> on display 0, same as the previous:1
04-11 12:56:20.269 D/InputDispatcher( 3590): setFocusedWindow <null> on display 0 ignored, reason: already focused
04-11 12:56:20.302 E/CwbService( 2181): Panel not support apl read or getDisplayPanelAplValue timeout 10ms.
04-11 12:56:20.303 D/SensorFeature( 2258): name=ssc_screenshot_info ,index = 22
04-11 12:56:20.303 D/SensorFeature( 2258): write 39 bytes:930595659043757,930595706482663,34342,0
04-11 12:56:20.304 I/sensors-hal( 2113): handle_oplus_wise_rgb_event:161, wise_rgb: (61816)(cct, lux, ir)[6568.44, 193.56, 42.792080] (r, g, b, c)[8678.78, 5866.38, 3799.04, 16947.38]                 (pwm, hbm, brl, algo)[0.0 0.0 1327.0 2.0], flag 34342
04-11 12:56:20.361 D/VRI[MainActivity](19632): onFocusEvent false
04-11 12:56:20.361 I/[UAH_CLIENT]( 3590): UahEventAcquire, cmdid:2, pkg:none, identity:OplusActivityManagerServiceEnhance
04-11 12:56:20.362 D/ResourcesManagerExtImpl(19632): applyConfigurationToAppResourcesLocked app.getDisplayId() return callback.displayId:0
04-11 12:56:20.364 I/GoLog   (18198): from tcp:127.0.0.1:55960 accepted tcp:43.155.214.62:443 [socks >> proxy]
04-11 12:56:20.369 I/binance.monitor(19632): AssetManager2(0xb40000718277fb28) locale list changing from [] to [zh-CN]
04-11 12:56:20.371 E/OplusPredictiveBackController(19632):  NoSuchMethodException 
04-11 12:56:20.372 E/OplusPredictiveBackController(19632):  NoSuchMethodException 
04-11 12:56:20.372 E/OplusPredictiveBackController(19632):  NoSuchMethodException 
04-11 12:56:20.372 D/OplusPredictiveBackController(19632): initPredictiveBackConfig for com.binance.monitor.ui.account.AccountStatsBridgeActivity@336bd7e initPredictiveBackConfig mShouldInterceptKeyEvent false
04-11 12:56:20.372 D/WindowOnBackDispatcher(19632):  predictive settings is disabled for com.binance.monitor
04-11 12:56:20.389 D/RadioMessenger(14034): handleMessage Request msgid 2220
04-11 12:56:20.389 D/RadioMessenger(14034): handleSetSyncWithAp: -1, syncFlag: 1
04-11 12:56:20.390 D/QtiRadioService(14034): setSyncWithAp
04-11 12:56:20.390 D/RadioProxyJ[0](14034): [105375453]> setSyncWithAp syncFlag:1
04-11 12:56:20.390 E/PhoneInterfaceManager( 8406): queryModemActivityInfo: invalid response
04-11 12:56:20.390 D/TelephonyManager( 8406): requestModemActivityInfo: Sending result to app: ModemActivityInfo{ mTimestamp=930589793 mSleepTimeMs=144693638 mIdleTimeMs=6193261 mActivityStatsTechSpecificInfo=[{mRat=UNKNOWN,mFrequencyRange=UNKNOWN,mTxTimeMs[]=[169169, 149977, 216053, 160511, 160661],mRxTimeMs=391042846}]}
04-11 12:56:20.390 D/RadioService( 2727): setSyncWithAp with instance 0
04-11 12:56:20.390 D/VendorService( 2727): VendorService::setSyncWithAp
04-11 12:56:20.390 D/QmiVsClient( 2727): setSyncWithAp - enter
04-11 12:56:20.390 E/QmiVsClient( 2727): sendAsyncRequest QMI_VS_SET_SYNC_WITH_AP_REQ_MSG_V01 ret 0
04-11 12:56:20.390 D/VsProxy ( 2727): handleMessage msg is 4001
04-11 12:56:20.390 D/QmiClient( 2727): qmiServiceEventCallback recv msg id 1085
04-11 12:56:20.390 D/QmiClient( 2727): enter -mServiceType 4 onQmiServiceEventCallback msgId 1085
04-11 12:56:20.390 D/QmiClient( 2727): onQmiServiceEventCallback - enter. msgId=1085
04-11 12:56:20.390 D/RadioProxy( 2727): setSyncWithAp : response cb for instance 0
04-11 12:56:20.390 D/QmiVsClientEvent( 2727): qmiVsClientNotifyNecEvent - RADIO_EVENT_NEC_IND
04-11 12:56:20.390 D/VsProxy ( 2727): handleMessage msg is 2403
04-11 12:56:20.390 D/VsProxy ( 2727): handleNecInd for instance 0
04-11 12:56:20.390 D/RadioServiceResponse( 2727): RadioServiceResponse::setSyncWithApResponse
04-11 12:56:20.390 D/SubsysRadioResponse(14034): setSyncWithApResponse info.error = 0
04-11 12:56:20.390 D/SubsysRadioIndication[0](14034): radioNecInd 
04-11 12:56:20.390 D/RadioProxyJ[0](14034): [105375453]< setSyncWithApResponse 
04-11 12:56:20.390 D/MessengerResponseHandler(14034): handleMessage Response msgid 210
04-11 12:56:20.390 D/ModemChannel(14034): handleMessage what:102
04-11 12:56:20.390 D/ModemChannel(14034): handleNecEvent
04-11 12:56:20.391 D/TelephonyManager( 8406): requestModemActivityInfo: Sending result to app: ModemActivityInfo{ mTimestamp=930595804 mSleepTimeMs=144696407 mIdleTimeMs=6193362 mActivityStatsTechSpecificInfo=[{mRat=UNKNOWN,mFrequencyRange=UNKNOWN,mTxTimeMs[]=[169169, 149977, 216053, 160511, 160661],mRxTimeMs=391045989}]}
04-11 12:56:20.391 D/SubsysCallManager(13839): handleMessage what:102
04-11 12:56:20.391 D/SubsysCallManager(13839): parseMdmInfoData len:392
04-11 12:56:20.391 D/SubsysCallManager(13839): onMdmEvent moduleId:6,eventId:4
04-11 12:56:20.391 D/ModemDataAnalysis(13839): phoneId = 0, moduleId = 6, onEvent...4, version = 0, size:380
04-11 12:56:20.391 D/OplusGameImsReg(13839): receive handle Message:MSG_NEC_DATA_IND_SIM1
04-11 12:56:20.391 I/ModemAci( 8498): [ModemActivityInfo] [LO, DA]:{ stamp=930595805 duration=6 sleepTMs=2769 idleTMs=101 rxTMs=3143 5gRxTMs=0 txTMs=[0, 0, 0, 0, 0, 0, 0, 0] 5gTxTMs=[0, 0, 0, 2, 241929, 266654, 202495, 246341] rrc10sC[]=[0, 0] rrc20sC[]=[0, 0] rrcMore20sC[]=[0, 0] rrcC[]=[0, 0] rrcT[]=[0, 0] saRrc10sC[]=[0, 0] saRrc20sC[]=[0, 0] saRrcMore20sC[]=[0, 0] saRrcC[]=[0, 0] saRrcT[]=[0, 6] endcActT[]=[0, 0] wifiRrcT[]=[0, 0] csChgC[]=[0, 0] psChgC[]=[0, 0] iRatC[]=[0, 0] cellUpdC[]=[0, 0] handOverC[]=[0, 0] nwSrchC[]=[0, 0] nwSrchT[]=[0, 0] psRegT[]=[6, 6] csRegT[]=[6, 6] psNoRegT[]=[0, 0] csNoRegT[]=[0, 0] sigGrid0T[]=[0, 0] gpsTMs=4 wlanTMs=0 sim15gTxTMs[]=[0, 0, 0, 0, 1133, 1313, 964, 1997] sim25gTxTMs[]=[0, 0, 0, 2, 240796, 265341, 201531, 244344] techTMs[]=[0, 0, 0, 0, 0, 0, 0, 0, 153] saActT[]=[0, 6] lteHoC[]=[0, 0] saHoC[]=[0, 0]}
04-11 12:56:20.391 I/midasd  (10250): OplusObrainService::notifyEventString eventId:11 strParam:{"5gRxTimeMs":0,"5gTxTimeMs":[],"idleTimeMs":101,"lteRrcC":[0,0],"lteRrcT":[0,0],"nrRrcC":[0,0],"nrRrcT":[0,6],"rxTimeMs":3143,"sleepTimeMs":2769,"timestamp":1775883380391,"txTimeMs":[0,0,0,0,0,0,0,0]}
04-11 12:56:20.391 E/AMC     (13839): [P-ooslimited_deep/0] execute failed in triggers[0]:[nwsrcht:0][nwsrcht:0]
04-11 12:56:20.391 E/AMC     (13839): [P-ooslimited_deep/1] execute failed in triggers[0]:[nwsrcht:0][nwsrcht:0]
04-11 12:56:20.391 E/AMC     (13839): [P-mpss_reset/0] execute failed in triggers[0]:[sleept:2][sleept:826]
04-11 12:56:20.391 E/AMC     (13839): [P-mpss_reset/1] execute failed in triggers[0]:[sleept:2][sleept:826]
04-11 12:56:20.391 E/AMC     (13839): [P-pidnetdisable_recovery] execute failed in triggers[0]:[sleept:2][pidnetdisable:null]
04-11 12:56:20.391 I/AMC     (13839): [P-standby_5gbackoff/0] execute single in triggers[0]:[sleept:2][sleept:418] successfully!
04-11 12:56:20.391 I/OplusObrain(15031): OplusObrainClientInvoke.nativeGetTelephonyInfo
04-11 12:56:20.392 I/OplusObrain(15031): OplusObrainClientInvoke.nativeGetTrafficTypeInfoForNetworkType networkType 0
04-11 12:56:20.393 I/AMC     (13839): [P-standby_5gbackoff/0] execute check triggers[0]:[call, oos, inactive, charge, sleept, endcactt, screen] logical:and
04-11 12:56:20.393 E/AMC     (13839): [P-standby_5gbackoff/0] execute failed check triggers[0]:[sleept:2][inactive:false, charge:true, endcactt:0, screen:true]
04-11 12:56:20.393 I/AMC     (13839): [P-standby_5gbackoff/1] execute single in triggers[0]:[sleept:2][sleept:418] successfully!
04-11 12:56:20.394 I/AMC     (13839): [P-standby_5gbackoff/1] execute check triggers[0]:[call, oos, inactive, charge, sleept, endcactt, screen] logical:and
04-11 12:56:20.394 E/AMC     (13839): [P-standby_5gbackoff/1] execute failed check triggers[0]:[sleept:2][inactive:false, charge:true, endcactt:0, screen:true]
04-11 12:56:20.399 W/ServiceManagerCppClient( 4482): Waited one second for SystemClearService (is service started? Number of threads started in the threadpool: 16. Are binder threads started and available?)
04-11 12:56:20.399 W/ServiceManagerCppClient( 4482): Waited one second for SystemClearService (is service started? Number of threads started in the threadpool: 16. Are binder threads started and available?)
04-11 12:56:20.400 W/libc    ( 1254): Unable to set property "ctl.interface_start" to "aidl/SystemClearService": PROP_ERROR_HANDLE_CONTROL_MESSAGE (0x20)
04-11 12:56:20.400 W/libc    ( 1254): Unable to set property "ctl.interface_start" to "aidl/SystemClearService": PROP_ERROR_HANDLE_CONTROL_MESSAGE (0x20)
04-11 12:56:20.423 I/ChainTrace(19632): account_render phase=on_create_inflate_and_content account=7400048@ICMarketsSC-MT5-6 durationMs=51 trades=0 positions=0 curves=0
04-11 12:56:20.439 E/KeymasterUtils( 1311): IKMHal_sendCmd failed with rsp_header->status: -28
04-11 12:56:20.439 E/KeyMasterHalDevice( 1311): abort_operation
04-11 12:56:20.439 E/KeyMasterHalDevice( 1311): ret: -28
04-11 12:56:20.448 I/ChainTrace(19632): account_render phase=on_create_runtime_init account=7400048@ICMarketsSC-MT5-6 durationMs=25 trades=0 positions=0 curves=0
04-11 12:56:20.449 E/KeymasterUtils( 1311): IKMHal_sendCmd failed with rsp_header->status: -28
04-11 12:56:20.449 E/KeyMasterHalDevice( 1311): abort_operation
04-11 12:56:20.449 E/KeyMasterHalDevice( 1311): ret: -28
04-11 12:56:20.449 I/ChainTrace(19632): account_render phase=on_create_adapter_init account=7400048@ICMarketsSC-MT5-6 durationMs=1 trades=0 positions=0 curves=0
04-11 12:56:20.461 E/KeymasterUtils( 1311): IKMHal_sendCmd failed with rsp_header->status: -28
04-11 12:56:20.461 E/KeyMasterHalDevice( 1311): abort_operation
04-11 12:56:20.461 E/KeyMasterHalDevice( 1311): ret: -28
04-11 12:56:20.470 E/KeymasterUtils( 1311): IKMHal_sendCmd failed with rsp_header->status: -28
04-11 12:56:20.470 E/KeyMasterHalDevice( 1311): abort_operation
04-11 12:56:20.470 E/KeyMasterHalDevice( 1311): ret: -28
04-11 12:56:20.479 E/KeymasterUtils( 1311): IKMHal_sendCmd failed with rsp_header->status: -28
04-11 12:56:20.479 E/KeyMasterHalDevice( 1311): abort_operation
04-11 12:56:20.479 E/KeyMasterHalDevice( 1311): ret: -28
04-11 12:56:20.488 I/ChainTrace(19632): account_render phase=on_create_restore_ui_state account=7400048@ICMarketsSC-MT5-6 durationMs=39 trades=0 positions=0 curves=0
04-11 12:56:20.488 E/KeymasterUtils( 1311): IKMHal_sendCmd failed with rsp_header->status: -28
04-11 12:56:20.488 E/KeyMasterHalDevice( 1311): abort_operation
04-11 12:56:20.488 E/KeyMasterHalDevice( 1311): ret: -28
