04-11 12:56:21.298 V/WindowManager( 3590):  numActivities=2 lastActiveTime=930595657 supportsSplitScreenMultiWindow=true supportsMultiWindow=true supportsPocketStudioMultiWindow=true isInFlexibleEmbedded = false uid = 10512 pid = 0 resizeMode=1 isResizeable=true minWidth=-1 minHeight=-1 defaultMinSize=220 token=WCT{RemoteToken{2fd5ac1 Task{f60dd48 #13176 type=standard A=10512:com.binance.monitor}}} topActivityType=1 pictureInPictureParams=null shouldDockBigOverlays=false launchIntoPipHostTaskId=-1 lastParentTaskIdBeforePip=-1 displayCutoutSafeInsets=Rect(0, 0 - 0, 0)
04-11 12:56:21.298 V/WindowManager( 3590):  topActivityInfo=ActivityInfo{f328b17 com.binance.monitor.ui.account.AccountStatsBridgeActivity} launchCookies=[] positionInParent=Point(0, 0) parentTaskId=-1 isFocused=true isVisible=true isVisibleRequested=true isTopActivityNoDisplay=false isSleeping=false locusId=null displayAreaFeatureId=1 isTopActivityTransparent=false isActivityStackTransparent=false lastNonFullscreenBounds=Rect(330, 828 - 935, 2092) capturedLink=null capturedLinkTimestamp=0 requestedVisibleTypes=-9 topActivityRequestOpenInBrowserEducationTimestamp=0
04-11 12:56:21.298 V/WindowManager( 3590):  appCompatTaskInfo=AppCompatTaskInfo { topActivityInSizeCompat=false topActivityInOplusCompatMode=false eligibleForLetterboxEducation= false isLetterboxEducationEnabled= false isLetterboxDoubleTapEnabled= false eligibleForUserAspectRatioButton= false topActivityBoundsLetterboxed= false isFromLetterboxDoubleTap= false topActivityLetterboxVerticalPosition= -1 topActivityLetterboxHorizontalPosition= -1 topActivityLetterboxWidth=-1 topActivityLetterboxHeight=-1 topActivityAppBounds=Rect(0, 140 - 1264, 2780) isUserFullscreenOverrideEnabled=false isSystemFullscreenOverrideEnabled=false hasMinAspectRatioOverride=false topActivityLetterboxBounds=null cameraCompatTaskInfo=CameraCompatTaskInfo { freeformCameraCompatMode=inactive}} topActivityMainWindowFrame=null topActivityLetterboxInsets=Rect(0, 0 - 0, 0)
04-11 12:56:21.298 V/WindowManager( 3590):  mOplusExtraBundle = Bundle[{androidx.flexible.taskFrame=Rect(0, 0 - 0, 0), topOpaqueSystemBarsAppearance=0, androidx.flexible.Alpha=1.0, androidx.activity.task.attach.blur=0, androidx.activity.LaunchInsensible=0, androidx.activity.LaunchCornerRadius=0, key_flexible_task_state=0, topActivitySupportAppInnerSplit=false, key_flexible_task_animating_type=-1, key_flexible_task_root_activity_processname=com.binance.monitor, androidx.activity.LaunchScenario=0, is_oplus_clone_task=false, flexible_super_mini_state=false, topRunningActivityHash=126608797, androidx.activity.LaunchScale=1.0, androidx.activity.LaunchShadowRadius=0, is_transient_hide_for_task_info=false, key_flexible_task_root_activity_pid=19632, key_flexible_task_root_activity_uid=10512}]}, pipChange = null, remoteTransition = null, displayChange = null, flags = 0, debugId = 27155 }
04-11 12:56:21.298 V/WindowManager( 3590):     startWCT=WindowContainerTransaction { changes= {} hops= [] errorCallbackToken=null taskFragmentOrganizer=null }
04-11 12:56:21.298 V/WindowManager( 3590):     info={id=27155 t=OPEN f=0x0 trk=0 r=[0@Point(0, 0)] c=[
04-11 12:56:21.298 V/WindowManager( 3590):         {m=OPEN f=FILLS_TASK leash=Surface(name=ActivityRecord{126608797 u0 com.binance.monitor/.ui.account.AccountStatsBridgeActivity t13176})/@0x9f404ca sb=Rect(0, 0 - 0, 0) eb=Rect(0, 0 - 1264, 2780) epz=Point(1264, 2780) d=-1->0 r=-1->0:-1 component=com.binance.monitor/.ui.account.AccountStatsBridgeActivity opt={t=CUSTOM enterResId=0 changeResId=0 exitResId=0 mUserId=0}},
04-11 12:56:21.298 V/WindowManager( 3590):         {m=TO_BACK f=FILLS_TASK leash=Surface(name=ActivityRecord{7869242 u0 com.binance.monitor/.ui.main.MainActivity t13176})/@0x497c63b sb=Rect(0, 0 - 1264, 2780) eb=Rect(0, 0 - 1264, 2780) epz=Point(1264, 2780) d=0 component=com.binance.monitor/.ui.main.MainActivity opt={t=CUSTOM enterResId=0 changeResId=0 exitResId=0 mUserId=0}}
04-11 12:56:21.298 V/WindowManager( 3590):     ] 
04-11 12:56:21.298 V/WindowManager( 3590): extendInfo=[
04-11 12:56:21.298 V/WindowManager( 3590):  OplusTransitionExtendedInfo{mTmpFinishT=null, mInOplusCompatMode=false, mIsProcessRunning=false, mHasMismatchBoundsTarget=false, mRecentsController=null, mRemoteTransition=null, mIsTranslucentActivityToHome=false, mAvoidInterceptKeyEventToHome=false, mIsFromHome=false, mParentLeash=null, mBackAnimClosingLeash=null, mIsOplusAnimRes=false, mKeepBgForContinuous=false, mIsBalAllow=false, mTaskNotInRecent=false, mIsPredictiveBackAnim=false, mIsMergedWithPredictive=false, mIsLaunchFromSpruce=false, mIsLaunchFromDrive=false, mGlobalSearchPageSwitch=false, mNeedNoAlphaGlobalSearchScene=false, mAssistScreenShowing=false, mSwipeUpBrowserScreenShowing=false, mUserIdTransition=-1
04-11 12:56:21.298 V/WindowManager( 3590): , mInRemoteScene=false, mInPreReady=false, mPreStart=false, mToken=null, mAbortByRemoteFromHome=false, mShellApplyToken=null, mRequestTransitionTaskId=13176, mAbortTransitionOnShell=0, mStartFromShortcut=false, mRemovedTaskId=-1, mTransitionInterruptType=0, mMergeSecondTaskId=-1, mTaskIdStartFromRecents=0, mTransitionId=27155, mCanUseSpringSlideAnim=false, mTransitionLaunchFrom=0, mFoldChangeType=-1, mAnimStartingPosition=[0, 0, 0, 0], mIsOpeningStkDialogActivity=false, mSecondaryHomeToFrontWhenUnFolding=false, mIsNeedApplyStartTForEmbedded=false
04-11 12:56:21.298 V/WindowManager( 3590): , mNeedCanvasExitAnim=false, mMergeSecondTaskAnimation=false, mIsLaunchUnityStart=false, mIsLaunchFromAssistantByDefault=false, mSkipRemoteTransitionfalse, mIsStartFromKeyguard=false flags=0x0, mWCT=null, mIsOpenMergeToInValidPredictive=false, mPromoteTaskWhenKeyguard-1, mRootLayerZOrderArray={}}]}
04-11 12:56:21.298 D/Transition( 3590): finishTransition ar ActivityRecord{7869242 u0 com.binance.monitor/.ui.main.MainActivity t13176}, isVisibleRequested=false, state=PAUSED, visibleAtTransitionEndTokens={ActivityRecord{126608797 u0 com.binance.monitor/.ui.account.AccountStatsBridgeActivity t13176}}, this=TransitionRecord{9b06b04 id=27155 track=0 type=OPEN flags=0x0 state=2 c=[
04-11 12:56:21.298 D/Transition( 3590):    ChangeInfo{9d0f8ed container=Display{#0 state=ON size=1264x2780 ROTATION_0} flags=0x0}
04-11 12:56:21.298 D/Transition( 3590):    ChangeInfo{b3a6c container=ActivityRecord{7869242 u0 com.binance.monitor/.ui.main.MainActivity t13176} flags=0x0}
04-11 12:56:21.298 D/Transition( 3590):    ChangeInfo{f92d71f container=ActivityRecord{126608797 u0 com.binance.monitor/.ui.account.AccountStatsBridgeActivity t13176} flags=0x0}
04-11 12:56:21.298 D/Transition( 3590):    ChangeInfo{e206322 container=DefaultTaskDisplayArea@136308155 flags=0x0}
04-11 12:56:21.298 D/Transition( 3590):    ChangeInfo{4ac1b3 container=Task{f60dd48 #13176 type=standard A=10512:com.binance.monitor} flags=0x0}
04-11 12:56:21.298 D/Transition( 3590): ]
04-11 12:56:21.298 D/Transition( 3590): }
04-11 12:56:21.298 D/ActivityTaskManager( 3590): commitVisibility: ActivityRecord{7869242 u0 com.binance.monitor/.ui.main.MainActivity t13176}: visible=false visibleRequested=false, isInTransition=false 
04-11 12:56:21.298 D/WindowManager( 3590): NFW_setClientVisible:ActivityRecord{7869242 u0 com.binance.monitor/.ui.main.MainActivity t13176} clientVisible:false
04-11 12:56:21.299 I/WindowManager( 3590): Window{67d7ae u0 com.binance.monitor/com.binance.monitor.ui.main.MainActivity} state from HAS_DRAWN to DRAW_PENDING; reason: resetDrawState
04-11 12:56:21.299 D/Transition( 3590): finishTransition ar ActivityRecord{126608797 u0 com.binance.monitor/.ui.account.AccountStatsBridgeActivity t13176}, isVisibleRequested=true, state=RESUMED, visibleAtTransitionEndTokens={ActivityRecord{126608797 u0 com.binance.monitor/.ui.account.AccountStatsBridgeActivity t13176}}, this=TransitionRecord{9b06b04 id=27155 track=0 type=OPEN flags=0x0 state=2 c=[
04-11 12:56:21.299 D/Transition( 3590):    ChangeInfo{9d0f8ed container=Display{#0 state=ON size=1264x2780 ROTATION_0} flags=0x0}
04-11 12:56:21.299 D/Transition( 3590):    ChangeInfo{b3a6c container=ActivityRecord{7869242 u0 com.binance.monitor/.ui.main.MainActivity t13176} flags=0x0}
04-11 12:56:21.299 D/Transition( 3590):    ChangeInfo{f92d71f container=ActivityRecord{126608797 u0 com.binance.monitor/.ui.account.AccountStatsBridgeActivity t13176} flags=0x0}
04-11 12:56:21.299 D/Transition( 3590):    ChangeInfo{e206322 container=DefaultTaskDisplayArea@136308155 flags=0x0}
04-11 12:56:21.299 D/Transition( 3590):    ChangeInfo{4ac1b3 container=Task{f60dd48 #13176 type=standard A=10512:com.binance.monitor} flags=0x0}
04-11 12:56:21.299 D/Transition( 3590): ]
04-11 12:56:21.299 D/Transition( 3590): }
04-11 12:56:21.299 I/OplusAppSwitchManagerService( 3590):  handleAppVisible , r = ActivityRecord{126608797 u0 com.binance.monitor/.ui.account.AccountStatsBridgeActivity t13176}
04-11 12:56:21.299 D/VRI[MainActivity](19632): dispatchAppVisibility visible:false mUpcomingWindowFocus:false
04-11 12:56:21.300 D/OplusTransitionController( 3590): finishTransition, transition: TransitionRecord{9b06b04 id=27155 track=0 type=OPEN flags=0x0 state=4 c=[
04-11 12:56:21.300 D/OplusTransitionController( 3590):    ChangeInfo{9d0f8ed container=Display{#0 state=ON size=1264x2780 ROTATION_0} flags=0x0}
04-11 12:56:21.300 D/OplusTransitionController( 3590):    ChangeInfo{b3a6c container=ActivityRecord{7869242 u0 com.binance.monitor/.ui.main.MainActivity t13176} flags=0x0}
04-11 12:56:21.300 D/OplusTransitionController( 3590):    ChangeInfo{f92d71f container=ActivityRecord{126608797 u0 com.binance.monitor/.ui.account.AccountStatsBridgeActivity t13176} flags=0x0}
04-11 12:56:21.300 D/OplusTransitionController( 3590):    ChangeInfo{e206322 container=DefaultTaskDisplayArea@136308155 flags=0x0}
04-11 12:56:21.300 D/OplusTransitionController( 3590):    ChangeInfo{4ac1b3 container=Task{f60dd48 #13176 type=standard A=10512:com.binance.monitor} flags=0x0}
04-11 12:56:21.300 D/OplusTransitionController( 3590): ]
04-11 12:56:21.300 D/OplusTransitionController( 3590): }
04-11 12:56:21.300 D/FlexibleTaskTransitionController( 3590):  finishTransition pendingRecentToFlexibleTask:null,isRotationTransition:false ,pendingRecentToFlexible:null ,transition:TransitionRecord{9b06b04 id=27155 track=0 type=OPEN flags=0x0 state=4 c=[
04-11 12:56:21.300 D/FlexibleTaskTransitionController( 3590):    ChangeInfo{9d0f8ed container=Display{#0 state=ON size=1264x2780 ROTATION_0} flags=0x0}
04-11 12:56:21.300 D/FlexibleTaskTransitionController( 3590):    ChangeInfo{b3a6c container=ActivityRecord{7869242 u0 com.binance.monitor/.ui.main.MainActivity t13176} flags=0x0}
04-11 12:56:21.300 D/FlexibleTaskTransitionController( 3590):    ChangeInfo{f92d71f container=ActivityRecord{126608797 u0 com.binance.monitor/.ui.account.AccountStatsBridgeActivity t13176} flags=0x0}
04-11 12:56:21.300 D/FlexibleTaskTransitionController( 3590):    ChangeInfo{e206322 container=DefaultTaskDisplayArea@136308155 flags=0x0}
04-11 12:56:21.300 D/FlexibleTaskTransitionController( 3590):    ChangeInfo{4ac1b3 container=Task{f60dd48 #13176 type=standard A=10512:com.binance.monitor} flags=0x0}
04-11 12:56:21.300 D/FlexibleTaskTransitionController( 3590): ]
04-11 12:56:21.300 D/FlexibleTaskTransitionController( 3590): }
04-11 12:56:21.300 D/TransitionControllerExtImpl( 3590): NFW_send RECOMPUTE_FOCUS in finishTransition
04-11 12:56:21.301 D/ShellTaskOrganizer( 8338): onTransitionFinish, isRecent:false
04-11 12:56:21.301 D/InsetsSourceProvider( 3590): updateSourceFrameForServerVisibility mandatorySystemGestures EMPTY_RECT
04-11 12:56:21.301 D/VRR [OPlusRefreshRateService]( 3590):  setDirectorStates [flag: 1, state: 0, directorStateOff: 0]
04-11 12:56:21.301 V/WindowManagerShell( 8338): Track 0 became idle
04-11 12:56:21.301 V/WindowManagerShell( 8338): All active transition animations finished
04-11 12:56:21.301 V/WindowManagerShell( 8338):  animated by com.android.wm.shell.transition.DefaultTransitionHandler@423c8cd
04-11 12:56:21.301 D/OplusShellTransition( 8338): dispatchTransition, animated mHandler: com.android.wm.shell.transition.DefaultTransitionHandler@423c8cd
04-11 12:56:21.301 V/WindowManagerShell( 8338): Track 0 became idle
04-11 12:56:21.301 V/WindowManagerShell( 8338): All active transition animations finished
04-11 12:56:21.301 D/VRR [RefreshRateDirector]( 2399): updateState mState = 1
04-11 12:56:21.301 D/ShellTaskOrganizerExt( 8338): visibleFlexibleTaskInfos delete:13176
04-11 12:56:21.301 D/ShellTaskOrganizerExt( 8338): isOnCanvas size:0
04-11 12:56:21.301 D/ShellTaskOrganizerExt( 8338): isOnThreeFlexibleCanvas size:0
04-11 12:56:21.302 D/WindowManager( 3590): NFW_findFocusedWindowIfNeeded:Window{62ca3c u0 com.binance.monitor/com.binance.monitor.ui.account.AccountStatsBridgeActivity} mCurrentFocus:Window{62ca3c u0 com.binance.monitor/com.binance.monitor.ui.account.AccountStatsBridgeActivity}
04-11 12:56:21.302 I/BLASTSyncEngine( 3590): onCommitted syncId: 27155, timeout: false ran: false
04-11 12:56:21.302 D/Transition( 3590): finishTransaction-onCommitted syncId=27155
04-11 12:56:21.303 I/InputDispatcher( 3590): updateFocusedWindow, 62ca3c com.binance.monitor/com.binance.monitor.ui.account.AccountStatsBridgeActivity on display 0, reason: Window became focusable. Previous reason: NOT_VISIBLE, result:   FocusedWindows:
04-11 12:56:21.303 I/InputDispatcher( 3590):     displayId=0, name='62ca3c com.binance.monitor/com.binance.monitor.ui.account.AccountStatsBridgeActivity'
04-11 12:56:21.304 I/HWUI    (19632): Davey! duration=1042ms; Flags=1, FrameTimelineVsyncId=351179062, IntendedVsync=882739629713809, Vsync=882740507278199, InputEventId=0, HandleInputStart=882740509187581, AnimationStart=882740509189143, PerformTraversalsStart=882740509232997, DrawStart=882740607500237, FrameDeadline=882739643380475, FrameStartTime=882740508945810, FrameInterval=11108410, WorkloadTarget=13666666, SyncQueued=882740653970081, SyncStart=882740654028674, IssueDrawCommandsStart=882740654899716, SwapBuffers=882740663673466, FrameCompleted=882740672167424, DequeueBufferDuration=13958, QueueBufferDuration=166250, GpuCompleted=882740672167424, SwapBuffersCompleted=882740663890966, DisplayPresentTime=0, CommandSubmissionCompleted=882740663673466, 
04-11 12:56:21.313 D/VRI[AccountStatsBridgeActivity](19632): onFocusEvent true
04-11 12:56:21.318 W/VRI[]   (19632): handleResized abandoned!
04-11 12:56:21.359 D/VRI[MainActivity](19632): visibilityChanged oldVisibility=true newVisibility=false
04-11 12:56:21.359 D/VRI[MainActivity](19632): setWindowStopped stopped:true
04-11 12:56:21.359 I/sensors-hal( 2113): handle_oplus_wise_rgb_event:189, high_pwm_light:lux 195.2,cct 6654.8,brl/algo/ir 1327.0/2.0/42.5,pwm/dc 0.0/0.0,rgbc 8736.089844/5921.365723/3854.222900/17084.914062,ts 930596622697163,cnt 61830,flag 34345
04-11 12:56:21.359 D/FusionLightNextGen( 3590): process end reported = 1, mode: 0, cnt: 403375, lux 130.0, cct 7481.0, r/g/b/c: 8753.5/5941.2/3854.2/17101.2, R/G/B: 167.0/159.0/141.0, bri 1327.0, match 1.00, ir 0.052344, conf 5.0, ts 930596666981173
04-11 12:56:21.359 I/sensors-hal( 2113): handle_oplus_wise_rgb_event:161, wise_rgb: (61831)(cct, lux, ir)[6654.77, 195.18, 42.490959] (r, g, b, c)[8726.12, 5916.97, 3856.43, 17112.89]                 (pwm, hbm, brl, algo)[0.0 0.0 1327.0 2.0], flag 34345
04-11 12:56:21.364 D/InputMethodManagerService( 3590): isSecurity: attribute.packageName = com.binance.monitor mCurMethodId = com.sohu.inputmethod.sogou/.SogouIME isSecurity = false ( enable = true needShow = false inBlackList = false isExist = true )
04-11 12:56:21.364 I/ImeTracker( 3590): com.binance.monitor:ee497596: onRequestHide at ORIGIN_SERVER reason HIDE_UNSPECIFIED_WINDOW fromUser false
04-11 12:56:21.364 D/HWUI    (19632): RenderProxy::destroy: this=0xb400007246ddad00, mContext=0xb400007180688300
04-11 12:56:21.364 D/HWUI    (19632): SkiaVulkanPipeline::setSurface: this=0xb4000071ed489fc0, surface=NULL
04-11 12:56:21.365 D/BufferQueueProducer(19632): [VRI[MainActivity]#0(BLAST Consumer)0](id:4cb000000000,api:1,p:19632,c:19632) disconnect: api 1
04-11 12:56:21.365 D/BLASTBufferQueue(19632): [VRI[MainActivity]#0](f:0,a:1) destructor()
04-11 12:56:21.365 D/BufferQueueConsumer(19632): [VRI[MainActivity]#0(BLAST Consumer)0](id:4cb000000000,api:0,p:-1,c:19632) disconnect
04-11 12:56:21.366 D/ViewRootImplExtImpl(19632): wrapConfigInfoIntoFlags rotation=0, smallestScreenWidthDp=361, residentWS=false, scenario=0, bounds=Rect(0, 0 - 1264, 2780), relayoutAsync=false, flags=0, newFlags=1457532192, title=com.binance.monitor/com.binance.monitor.ui.main.MainActivity
04-11 12:56:21.366 I/ImeTracker( 3590): system_server:65e2c4ee: onRequestHide at ORIGIN_SERVER reason IME_REQUESTED_CHANGED_LISTENER fromUser false
04-11 12:56:21.366 I/ImeTracker( 3590): system_server:65e2c4ee: onCancelled at PHASE_SERVER_SHOULD_HIDE
04-11 12:56:21.367 D/InsetsSourceProvider( 3590): updateSourceFrameForServerVisibility mandatorySystemGestures EMPTY_RECT
04-11 12:56:21.367 V/WindowManager( 3590): Relayout Window{67d7ae u0 com.binance.monitor/com.binance.monitor.ui.main.MainActivity}: viewVisibility=8, oldvis=0, req=1264x2780 , apr = 0, vsysui=, x=0, y=0
04-11 12:56:21.368 D/InsetsSourceProvider( 3590): updateSourceFrameForServerVisibility mandatorySystemGestures EMPTY_RECT
04-11 12:56:21.368 D/InsetsSourceProvider( 3590): updateSourceFrameForServerVisibility mandatorySystemGestures EMPTY_RECT
04-11 12:56:21.368 D/WindowManager( 3590): NFW_findFocusedWindowIfNeeded:Window{62ca3c u0 com.binance.monitor/com.binance.monitor.ui.account.AccountStatsBridgeActivity} mCurrentFocus:Window{62ca3c u0 com.binance.monitor/com.binance.monitor.ui.account.AccountStatsBridgeActivity}
04-11 12:56:21.369 D/VRI[MainActivity](19632): relayoutWindow result, sizeChanged:false, surfaceControlChanged:true, transformHintChanged:false, mSurfaceSize:Point(1264, 2780), mLastSurfaceSize:Point(1264, 2780), mWidth:1264, mHeight:2780, requestedWidth:1264, requestedHeight:2780, transformHint:0, installOrientation:0, displayRotation:0, isSurfaceValid:false, attr.flag:-2122252032, tmpFrames:ClientWindowFrames{frame=[0,0][1264,2780] display=[0,0][1264,2780] parentFrame=[0,0][0,0]}, relayoutAsync:false, mSyncSeqId:0
04-11 12:56:21.379 D/InsetsController(19632): hide(ime(), fromIme=false)
04-11 12:56:21.379 I/ImeTracker(19632): com.binance.monitor:ee497596: onCancelled at PHASE_CLIENT_ALREADY_HIDDEN
04-11 12:56:21.379 I/WindowManager( 3590): Window{67d7ae u0 com.binance.monitor/com.binance.monitor.ui.main.MainActivity} state from DRAW_PENDING to NO_SURFACE; reason: destroySurface
04-11 12:56:21.379 D/BackgroundInstallControlService( 3590): Package event received: 0
04-11 12:56:21.379 D/OplusStartingWindowManager( 3590): skip remove starting window for activity = ActivityRecord{7869242 u0 com.binance.monitor/.ui.main.MainActivity t13176} ,ar != topActivityContainsStartingWindow on activityStopped
04-11 12:56:21.381 I/Osense-BaseDecisionMaker( 3590): notifySceneToAthenaPolicy: SCENE_ACTIVITY_IDLE, bundle: Bundle[{scene=SCENE_ACTIVITY_IDLE}]
04-11 12:56:21.382 I/Osense-BaseDecisionMaker( 3590): scene: SCENE_ACTIVITY_IDLE, excutingPolicy: compress
04-11 12:56:21.382 D/Osense-BaseDecisionMaker( 3590): invoke compress policy,type: idle
04-11 12:56:21.382 D/OplusAthenaAm( 3590): reset: skip request 57692
04-11 12:56:21.400 W/ServiceManagerCppClient( 4482): Waited one second for SystemClearService (is service started? Number of threads started in the threadpool: 16. Are binder threads started and available?)
04-11 12:56:21.400 W/ServiceManagerCppClient( 4482): Waited one second for SystemClearService (is service started? Number of threads started in the threadpool: 16. Are binder threads started and available?)
04-11 12:56:21.400 W/libc    ( 1254): Unable to set property "ctl.interface_start" to "aidl/SystemClearService": PROP_ERROR_HANDLE_CONTROL_MESSAGE (0x20)
04-11 12:56:21.401 W/libc    ( 1254): Unable to set property "ctl.interface_start" to "aidl/SystemClearService": PROP_ERROR_HANDLE_CONTROL_MESSAGE (0x20)
04-11 12:56:21.437 I/Osense-BaseDecisionMaker( 3590): notifySceneToAthenaPolicy: SCENE_IDLE_RECOVER, bundle: Bundle[{scene=SCENE_IDLE_RECOVER}]
04-11 12:56:21.438 I/Osense-BaseDecisionMaker( 3590): scene: SCENE_IDLE_RECOVER, excutingPolicy: compress
04-11 12:56:21.438 D/Osense-BaseDecisionMaker( 3590): invoke compress policy,type: idle
04-11 12:56:21.438 D/OplusAthenaAm( 3590): reset: skip request 57693
04-11 12:56:21.438 I/Osense-BaseDecisionMaker( 3590): scene: SCENE_IDLE_RECOVER, excutingPolicy: respreload
04-11 12:56:21.439 D/Osense-BaseDecisionMaker( 3590): invoke process preload policy
04-11 12:56:21.439 I/Osense-BaseDecisionMaker( 3590): scene: SCENE_IDLE_RECOVER, excutingPolicy: clear
04-11 12:56:21.439 D/Osense-BaseDecisionMaker( 3590): invoke clear policy,type: unforbid
04-11 12:56:21.439 I/OsenseKillAction( 3590): KillAction: skip reason: non-low-mem-req, req_id=57693, enable=true, scene=SCENE_IDLE_RECOVER, type=unforbid, cchOnly=false, appcare=0, bloM=false, bloP=false
04-11 12:56:21.488 E/TetherController( 1905): property_get sys.radio.data.modem_share_flag return 0, 1!
04-11 12:56:21.500 V/NetworkPolicy( 3590): updateNetworkEnabledNL() return
04-11 12:56:21.500 V/NetworkPolicy( 3590): updateNotificationsNL not process
04-11 12:56:21.501 V/MonthTrafficAlert(13839): getWarningNotification subId:1 numWarningNotificaion:2
04-11 12:56:21.520 V/MonthTrafficAlert(13839): getWarningNotification subId:2 numWarningNotificaion:0
04-11 12:56:21.562 E/CwbService( 2181): Panel not support apl read or getDisplayPanelAplValue timeout 10ms.
04-11 12:56:21.563 D/SensorFeature( 2258): name=ssc_screenshot_info ,index = 22
04-11 12:56:21.563 D/SensorFeature( 2258): write 39 bytes:930596954481812,930596965592923,34346,0
04-11 12:56:21.615 D/NotificationService--OplusNotificationFixHelper( 3590): fixAppIcon: pkg=com.v2ray.ang
04-11 12:56:21.615 D/NotificationService--OplusNotificationFixHelper( 3590): fixAppIcon: appIcon = null, pkg = com.v2ray.ang
04-11 12:56:21.615 D/NotificationService--NotificationRecord( 3590): isSupportRearLight , isRearLight = false mLedRM = false isMultilLed = false
04-11 12:56:21.616 I/OplusStatusBarManagerServiceEnhance( 3590):  getTopIsFullscreen mTopIsFullscreen: false
04-11 12:56:21.616 W/ActivityManager( 3590): Permission Denial: getTopApplicationInfo from pid=18198, uid=10397 requires oplus.permission.OPLUS_COMPONENT_SAFE
04-11 12:56:21.617 E/OplusNotificationCenter( 3590): getForegroundApplication exception
04-11 12:56:21.617 D/NotificationService--OplusNotificationManagerServiceExtImpl( 3590): isForwardToAssistants: true, case : Is local notification
04-11 12:56:21.617 D/NotificationService( 3590): This application enqueue notifications is need postDelayed mcsAssistantDelayTime: 50
04-11 12:56:21.626 I/sensors-hal( 2113): handle_oplus_wise_rgb_event:161, wise_rgb: (61836)(cct, lux, ir)[6616.46, 194.87, 42.958897] (r, g, b, c)[8731.11, 5912.57, 3840.98, 17129.20]                 (pwm, hbm, brl, algo)[0.0 0.0 1327.0 2.0], flag 34346
04-11 12:56:21.635 I/ChainTrace(19632): stream type=syncEvent gapMs=660 refreshMarket=true
04-11 12:56:21.645 V/WindowManager( 3590): Relayout Window{59ec0cd u0 com.binance.monitor}: viewVisibility=0, oldvis=0, req=315x429 , apr = 0, vsysui=, x=42, y=420
04-11 12:56:21.645 I/SurfaceControl(19632):  setExtendedRangeBrightness sc=Surface(name=)/@0xc04aefa,currentBufferRatio=1.0,desiredRatio=1.0
04-11 12:56:21.645 D/VRR [OPlusSurfaceFlingerController]( 3590):  setComplexSceneEnable : true
04-11 12:56:21.645 I/[UAH_CLIENT]( 3590): uahRuleCtl, ruleId:206, status:3
04-11 12:56:21.645 D/InsetsSourceProvider( 3590): updateSourceFrameForServerVisibility mandatorySystemGestures EMPTY_RECT
04-11 12:56:21.646 D/InsetsSourceProvider( 3590): updateSourceFrameForServerVisibility mandatorySystemGestures EMPTY_RECT
04-11 12:56:21.669 D/AppSenseConfig(14034): getIgnoreAppList: [com.android.launcher, com.android.contacts, com.oplus.wirelesssettings, com.coloros.alarmclock, com.coloros.calculator, com.coloros.calendar, com.coloros.phonemanager, com.android.settings, com.android.phone, com.oplus.nas, com.oplus.nhs, com.oplus.appdetail, com.android.permissioncontroller, com.oplus.pscanvas, com.oplus.autotest.test.ctp, com.android.systemui, com.android.systemui.overlay.fingerprint.anim.fy, com.android.systemui.overlay.fingerprint.anim.qy, com.android.systemui.overlay.fingerprint.anim.sw, com.android.systemui.overlay.fingerprint.anim.xw, com.android.systemui.overlay.fingerprint.anim.ccyh, com.android.systemui.overlay.fingerprint.anim.halo, com.android.systemui.overlay.fingerprint.anim.jslz, com.android.systemui.overlay.fingerprint.anim.none, com.android.systemui.overlay.fingerprint.anim.xklc]
04-11 12:56:21.669 D/AppSenseConfig(14034): getIgnoreAppList: [com.android.launcher, com.android.contacts, com.oplus.wirelesssettings, com.coloros.alarmclock, com.coloros.calculator, com.coloros.calendar, com.coloros.phonemanager, com.android.settings, com.android.phone, com.oplus.nas, com.oplus.nhs, com.oplus.appdetail, com.android.permissioncontroller, com.oplus.pscanvas, com.oplus.autotest.test.ctp, com.android.systemui, com.android.systemui.overlay.fingerprint.anim.fy, com.android.systemui.overlay.fingerprint.anim.qy, com.android.systemui.overlay.fingerprint.anim.sw, com.android.systemui.overlay.fingerprint.anim.xw, com.android.systemui.overlay.fingerprint.anim.ccyh, com.android.systemui.overlay.fingerprint.anim.halo, com.android.systemui.overlay.fingerprint.anim.jslz, com.android.systemui.overlay.fingerprint.anim.none, com.android.systemui.overlay.fingerprint.anim.xklc]
04-11 12:56:21.669 D/AppSenseConfig(14034): getIgnoreAppList: [com.android.launcher, com.android.contacts, com.oplus.wirelesssettings, com.coloros.alarmclock, com.coloros.calculator, com.coloros.calendar, com.coloros.phonemanager, com.android.settings, com.android.phone, com.oplus.nas, com.oplus.nhs, com.oplus.appdetail, com.android.permissioncontroller, com.oplus.pscanvas, com.oplus.autotest.test.ctp, com.android.systemui, com.android.systemui.overlay.fingerprint.anim.fy, com.android.systemui.overlay.fingerprint.anim.qy, com.android.systemui.overlay.fingerprint.anim.sw, com.android.systemui.overlay.fingerprint.anim.xw, com.android.systemui.overlay.fingerprint.anim.ccyh, com.android.systemui.overlay.fingerprint.anim.halo, com.android.systemui.overlay.fingerprint.anim.jslz, com.android.systemui.overlay.fingerprint.anim.none, com.android.systemui.overlay.fingerprint.anim.xklc]
04-11 12:56:21.670 D/ActivityAdapter(14034): taskChange: pre: 1, cur: 1, changed:true
04-11 12:56:21.670 D/ActivityAdapter(14034): notifyActivityQuery: [com.binance.monitor; com.binance.monitor.ui.account.AccountStatsBridgeActivity; 1; COMMON; 10512]
04-11 12:56:21.670 D/OPlusFrontAppManager(14034): useAdapterResult, pkg=com.binance.monitor,activity=com.binance.monitor.ui.account.AccountStatsBridgeActivity,result=true
04-11 12:56:21.670 D/OPlusFrontAppManager(14034): decide -->> [com.binance.monitor; com.binance.monitor.ui.account.AccountStatsBridgeActivity; 1; COMMON; 10512]
04-11 12:56:21.670 D/ConferenceScene(14034): pkg:com.binance.monitor, activity:com.binance.monitor.ui.account.AccountStatsBridgeActivity, appSense:COMMON
04-11 12:56:21.670 D/ConferenceScene(14034): pkg:com.binance.monitor, activity:com.binance.monitor.ui.main.MainActivity, appSense:COMMON
04-11 12:56:21.671 D/CellMap/GameLatencyMapService(14034): handleAppSceneChange: [{pkgName:com.binance.monitor,activityName:,winMode:1,event:COMMON,type:0,subEvent:0,pid:19632,uid:10512}]
04-11 12:56:21.671 D/CellMap/QoeMapService(14034): handleAppSceneChange: [{pkgName:com.binance.monitor,activityName:,winMode:1,event:COMMON,type:0,subEvent:0,pid:19632,uid:10512}]
04-11 12:56:21.671 D/CellMap/QoeMapService(14034): handleAppSceneChange update: 0
04-11 12:56:21.671 D/AtomHighLoadSenseInfo(14034): handleMessage what:1000
04-11 12:56:21.671 D/AtomHighLoadSenseInfo(14034): handleAppSenseChanged original mode:{live:0,video:0,voice call:0,video call:0,live host:0,meeting:0}
04-11 12:56:21.671 D/AtomHighLoadSenseInfo(14034): handleAppSenseChanged appInfoUnit:{pkgName:com.binance.monitor,activityName:,winMode:1,event:COMMON,type:0,subEvent:0,pid:19632,uid:10512}
04-11 12:56:21.671 D/AtomNetworkScoreInfo(14034): handleMessage: 1006
04-11 12:56:21.671 D/AtomNetworkScoreInfo(14034): top app size: 1
04-11 12:56:21.671 D/AtomNetworkScoreInfo(14034): Front app state: 1
04-11 12:56:21.671 D/AtomModemKpiInfo(14034): handleMessage what:1000
04-11 12:56:21.671 D/SceneService(14034): handleMessage what:1004
04-11 12:56:21.671 D/SceneService(14034): notifyAppSceneChanged original mode:{live:0,video:0,voice call:0,video call:0,live host:0,game:0,meeting:0,news:0,file transfer:0},appInfoUnit:[{pkgName:com.binance.monitor,activityName:,winMode:1,event:COMMON,type:0,subEvent:0,pid:19632,uid:10512}]
04-11 12:56:21.671 D/ExtremeCommService(14034): handleMessage what:1012
04-11 12:56:21.671 D/ExtremeCommService(14034): updateAppInfo appInfoUnit: com.binance.monitor, winMode:1
04-11 12:56:21.671 D/FrontAppsEvent(14034): receive msg:1001
04-11 12:56:21.671 D/FrontAppsEvent(14034): onAppSceneUpdate, infoList:[{pkgName:com.binance.monitor,activityName:,winMode:1,event:COMMON,type:0,subEvent:0,pid:19632,uid:10512}]
04-11 12:56:21.672 D/Subsys-ScoreAppManager(14034): handleMessage what:2
04-11 12:56:21.672 D/Subsys-ScoreAppManager(14034): EVENT_ID_APP_SENSE_CHANGE  onFrontActivityChanged
04-11 12:56:21.672 D/Subsys-ScoreAppManager(14034): appSceneChange fgAppUnits size 1 fgAppUnits [{pkgName:com.binance.monitor,activityName:,winMode:1,event:COMMON,type:0,subEvent:0,pid:19632,uid:10512}] mLastNetworkList[255, 264]
04-11 12:56:21.672 D/Subsys-ScoreAppManager(14034): createApp
04-11 12:56:21.672 D/Subsys-ScoreAppManager(14034): createApp
04-11 12:56:21.672 D/Subsys-ScoreAppManager(14034): unit: {pkgName:com.binance.monitor,activityName:,winMode:1,event:COMMON,type:0,subEvent:0,pid:19632,uid:10512}
04-11 12:56:21.672 D/CommonApp-255-10512(14034): DefaultState EVENT_SCENARIOS_CHANGE
04-11 12:56:21.672 D/CommonApp-255-10512(14034): scene=COMMON pn=com.binance.monitor
04-11 12:56:21.672 D/CommonApp-264-10512(14034): DefaultState EVENT_SCENARIOS_CHANGE
04-11 12:56:21.672 D/CommonApp-264-10512(14034): scene=COMMON pn=com.binance.monitor
04-11 12:56:21.672 D/AppSenseService(14034): notifySenseEvent: {pkgName:com.binance.monitor,activityName:com.binance.monitor.ui.account.AccountStatsBridgeActivity,winMode:1,event:COMMON,type:0,subEvent:0,pid:19632,uid:10512},
04-11 12:56:21.672 D/AppSenseClient( 8406): handleMessage: 100
04-11 12:56:21.672 D/AppSenseClient( 3590): handleMessage: 100
04-11 12:56:21.673 D/AppSenseClient( 3590): handleSenseEvent appInfoUnits: {pkgName:com.binance.monitor,activityName:com.binance.monitor.ui.account.AccountStatsBridgeActivity,winMode:1,event:COMMON,type:0,subEvent:0,pid:19632,uid:10512},
04-11 12:56:21.673 D/AppSenseClient( 8406): handleSenseEvent appInfoUnits: {pkgName:com.binance.monitor,activityName:com.binance.monitor.ui.account.AccountStatsBridgeActivity,winMode:1,event:COMMON,type:0,subEvent:0,pid:19632,uid:10512},
04-11 12:56:21.673 D/AppSenseClient( 3590): handleSenseEvent clients: 1
04-11 12:56:21.673 D/AppSenseClient( 3590): handleSenseEvent clientId: 224279445
04-11 12:56:21.673 D/AppSenseClient( 8406): handleSenseEvent clients: 1
04-11 12:56:21.673 D/AppSenseClient( 8406): handleSenseEvent clientId: 101737326
04-11 12:56:21.673 D/AppSenseClient( 8406): notifyAppChanges: [{pkgName:com.binance.monitor,activityName:com.binance.monitor.ui.account.AccountStatsBridgeActivity,winMode:1,event:COMMON,type:0,subEvent:0,pid:19632,uid:10512}]
04-11 12:56:21.673 D/AppSenseClient( 3590): notifyAppChanges: [{pkgName:com.binance.monitor,activityName:com.binance.monitor.ui.account.AccountStatsBridgeActivity,winMode:1,event:COMMON,type:0,subEvent:0,pid:19632,uid:10512}]
04-11 12:56:21.673 D/AppSenseClient( 8498): handleMessage: 100
04-11 12:56:21.673 D/AppSenseClient(13839): handleMessage: 100
04-11 12:56:21.673 D/AppSenseClient( 8498): handleSenseEvent appInfoUnits: {pkgName:com.binance.monitor,activityName:com.binance.monitor.ui.account.AccountStatsBridgeActivity,winMode:1,event:COMMON,type:0,subEvent:0,pid:19632,uid:10512},
04-11 12:56:21.673 D/AppSenseClient(13839): handleSenseEvent appInfoUnits: {pkgName:com.binance.monitor,activityName:com.binance.monitor.ui.account.AccountStatsBridgeActivity,winMode:1,event:COMMON,type:0,subEvent:0,pid:19632,uid:10512},
04-11 12:56:21.673 D/AppSenseClient( 8498): handleSenseEvent clients: 1
04-11 12:56:21.673 D/AppSenseClient(13839): handleSenseEvent clients: 1
04-11 12:56:21.673 D/AppSenseClient(13839): handleSenseEvent clientId: 106466519
04-11 12:56:21.673 D/AppSenseClient( 8498): handleSenseEvent clientId: 74017188
04-11 12:56:21.674 D/AppSenseClient( 8498): notifyAppChanges: [{pkgName:com.binance.monitor,activityName:com.binance.monitor.ui.account.AccountStatsBridgeActivity,winMode:1,event:COMMON,type:0,subEvent:0,pid:19632,uid:10512}]
04-11 12:56:21.674 D/NhsAppSenseListener( 8498): onAppChanged, app list size: 1
04-11 12:56:21.675 D/AppSenseClient(13839): notifyAppChanges: [{pkgName:com.binance.monitor,activityName:com.binance.monitor.ui.account.AccountStatsBridgeActivity,winMode:1,event:COMMON,type:0,subEvent:0,pid:19632,uid:10512}]
04-11 12:56:21.675 D/NAS-DataSceneEvent(13839): onAppChanged, app list size: 1
04-11 12:56:21.675 D/NAS-DataSceneEvent(13839): updateAppSenseChange [{pkgName:com.binance.monitor,activityName:com.binance.monitor.ui.account.AccountStatsBridgeActivity,winMode:1,event:COMMON,type:0,subEvent:0,pid:19632,uid:10512}]
04-11 12:56:21.676 D/OplusLinkBoostSceneManager(13839): handleAppSceneChange: live broadcast off
04-11 12:56:21.676 E/OplusNetlinkConnect(13839): parse rsp msg failed!Message missing required fields: header
04-11 12:56:21.678 I/SystemUi--Notification( 8338): OplusLiveAlertNotificationsRepository-->onRankingApplied
04-11 12:56:21.690 I/PluginSeedling--Track( 8338): RequestHandler-->notificationUpdated 0|com.v2ray.ang|1|null|10397 postTime: 1775883381615
04-11 12:56:21.691 E/LockScreenNotificationDispatcherImp( 8338): updateNotificationListOnKg size:0
04-11 12:56:21.696 W/SystemUi--Notification( 8338): OplusNotificationGroupExtImpl-->setChildrenExpanded: groupHeader is null
04-11 12:56:21.696 I/SystemUi--Notification( 8338): LockScreenNotificationDispatcherImp-->updateNotificationListOnKg resultCode: 0
04-11 12:56:21.719 D/LocalImageResolver( 8338): Couldn't use ImageDecoder for drawable, falling back to non-resized load.
04-11 12:56:21.720 D/QmiClient( 2727): qmiServiceEventCallback recv msg id 1099
04-11 12:56:21.720 D/QmiClient( 2727): enter -mServiceType 4 onQmiServiceEventCallback msgId 1099
04-11 12:56:21.720 D/QmiClient( 2727): onQmiServiceEventCallback - enter. msgId=1099
04-11 12:56:21.720 D/QmiVsClientEvent( 2727): QosPeriodReportInd MSG IND data_len 2052
04-11 12:56:21.720 D/QmiVsClientEvent( 2727): qmiVsClientNotifyQosPeriodReportIndEvent - RADIO_EVENT_QOS_PERIOD_REPORT_NOTIFY_IND
04-11 12:56:21.720 D/QmiClient( 3438): qmiServiceEventCallback recv msg id 1099
04-11 12:56:21.720 D/QmiClient( 3438): enter -mServiceType 4 onQmiServiceEventCallback msgId 1099
04-11 12:56:21.720 D/QmiClient( 3438): onQmiServiceEventCallback - enter. msgId=1099
04-11 12:56:21.720 D/QmiVsClientEvent( 3438): QosPeriodReportInd MSG IND data_len 2052
04-11 12:56:21.720 D/QmiVsClientEvent( 3438): qmiVsClientNotifyQosPeriodReportIndEvent - RADIO_EVENT_QOS_PERIOD_REPORT_NOTIFY_IND
04-11 12:56:21.721 D/OplusNotificationDateTimeView( 8338): setTime mSettingTimeMillis 1775883381611, mSettingLocalDateTime 2026-04-11T12:56:00.611
04-11 12:56:21.721 D/VsProxy ( 2727): handleMessage msg is 2420
04-11 12:56:21.721 D/VsProxy ( 3438): handleMessage msg is 2420
04-11 12:56:21.721 D/VsProxy ( 2727): handleQosPeriodReportInd for instance 0 data_len 145
04-11 12:56:21.721 D/VsProxy ( 3438): handleQosPeriodReportInd for instance 1 data_len 210
04-11 12:56:21.721 D/SubsysRadioIndication[0](14034): radioQosPeriodReportInd result [8, -114, -46, -74, -49, 14, 34, 12, 8, -84, -69, -57, -50, 14, 16, 4, 24, 1, 32, 3, 58, 61, 8, -42, -52, -74, -49, 14, 16, 5, 24, -64, -92, 38, 32, -22, 6, 40, -98, -1, -1, -1, -1, -1, -1, -1, -1, 1, 48, -10, -1, -1, -1, -1, -1, -1, -1, -1, 1, 56, 10, 64, -98, -1, -1, -1, -1, -1, -1, -1, -1, 1, 72, -101, -1, -1, -1, -1, -1, -1, -1, -1, 1, 66, 29, 8, -57, -20, -92, -50, 14, 16, 5, 34, 19, 8, -64, -92, 38, 16, -22, 6, 24, 78, 32, 13, 40, -117, -32, -94, -93, 2, 48, 2, 90, 0, 98, 10, 8, -41, -26, -92, -50, 14, 16, 3, 24, 5, 122, 15, 8, -8, -24, -92, -50, 14, 16, -52, 2, 24, -21, 1, 32, -90, 9]
04-11 12:56:21.721 D/NetworkService[0](14034): handleMessage what:1005
04-11 12:56:21.721 D/RadioAtomTracker(14034): parseQosPeriodData ModemQos:CellularQosInfo2{5G, 627264/874, EndcState=0, Band=78, DLBW=13, Rsrp=-98, Rsrq=-10, Snr=10, SvcStatus=3, ULPDCPNumDataPdu=-1, ULPDCPNumDropPdu=-1, ULPDCPTput=-1, ULRLCNumDataPdu=-1, ULRLCNumRetxPdu=-1, ULGrant=-1, ULBSR=-1, ULBler=-1, DLPDCPNumDataPdu=-1, DLPDCPTput=-1, DLRLCNumDataPdu=-1, DLRLCNumRetxPdu=-1, DLRLCNumDropPdu=-1, DLMACPaddingBytes=-1, DLPdcpNumMissToUppPdu=-1, DLBler=-1, RlfCount=0, CellChangeCount=0, IsRedirectionOccur=0, IsDualSimConflict=0, Latency=0, Sub1RrcState=1, Sub2RrcState=3, RachCount=0, CalcPower=332, Mtpl=235, PathLoss=1190, CellLoad=0}
04-11 12:56:21.721 D/NetworkService[0](14034): EVENT_REG_QOS_PERIOD_REPORT_IND_CHANGED ENTER
04-11 12:56:21.722 D/AtomModemKpiInfo(14034): handleMessage what:1001
04-11 12:56:21.722 D/AtomModemKpiInfo(14034): analyseQosInfo success
04-11 12:56:21.722 D/SubsysRadioIndication[1](14034): radioQosPeriodReportInd result [8, -114, -46, -74, -49, 14, 18, 19, 8, -24, -47, -74, -49, 14, 16, 9, 32, -21, 23, 40, 12, 56, -128, 3, 64, -27, 1, 26, 13, 8, -24, -47, -74, -49, 14, 16, 21, 40, 21, 56, -21, 114, 34, 12, 8, -84, -69, -57, -50, 14, 16, 4, 24, 1, 32, 3, 58, 83, 8, -32, -47, -74, -49, 14, 16, 5, 24, -98, -23, 30, 32, -54, 1, 40, -90, -1, -1, -1, -1, -1, -1, -1, -1, 1, 48, -12, -1, -1, -1, -1, -1, -1, -1, -1, 1, 56, 2, 64, -92, -1, -1, -1, -1, -1, -1, -1, -1, 1, 72, -90, -1, -1, -1, -1, -1, -1, -1, -1, 1, 80, -102, -1, -1, -1, -1, -1, -1, -1, -1, 1, 88, -90, -1, -1, -1, -1, -1, -1, -1, -1, 1, 66, 31, 8, -101, -22, -108, -49, 14, 16, 5, 24, 2, 34, 19, 8, -98, -23, 30, 16, -54, 1, 24, 41, 32, 13, 40, -126, -128, -52, -67, 21, 48, 2, 90, 0, 98, 10, 8, -85, -54, -73, -50, 14, 16, 3, 24, 5, 122, 20, 8, -67, -50, -74, -49, 14, 16, -1, -1, 1, 24, -1, -1, 1, 32, -1, -1, -1, -1, 15]
04-11 12:56:21.722 D/NetworkService[1](14034): handleMessage what:1005
04-11 12:56:21.723 D/RadioAtomTracker(14034): parseQosPeriodData ModemQos:CellularQosInfo1{5G, 504990/202, EndcState=2, Band=41, DLBW=13, Rsrp=-90, Rsrq=-12, Snr=2, SvcStatus=3, ULPDCPNumDataPdu=9, ULPDCPNumDropPdu=0, ULPDCPTput=3051, ULRLCNumDataPdu=12, ULRLCNumRetxPdu=0, ULGrant=384, ULBSR=229, ULBler=0, DLPDCPNumDataPdu=21, DLPDCPTput=14699, DLRLCNumDataPdu=21, DLRLCNumRetxPdu=0, DLRLCNumDropPdu=0, DLMACPaddingBytes=0, DLPdcpNumMissToUppPdu=0, DLBler=0, RlfCount=0, CellChangeCount=0, IsRedirectionOccur=0, IsDualSimConflict=0, Latency=9, Sub1RrcState=1, Sub2RrcState=3, RachCount=0, CalcPower=32767, Mtpl=32767, PathLoss=-1, CellLoad=0}
04-11 12:56:21.723 D/NetworkService[1](14034): EVENT_REG_QOS_PERIOD_REPORT_IND_CHANGED ENTER
04-11 12:56:21.723 D/AtomModemKpiInfo(14034): handleMessage what:1001
04-11 12:56:21.723 D/AtomModemKpiInfo(14034): analyseQosInfo success
04-11 12:56:21.725 D/gaia-GaiaConnectChecker(13843): start connect check++
04-11 12:56:21.729 D/LocalImageResolver( 8338): Couldn't use ImageDecoder for drawable, falling back to non-resized load.
04-11 12:56:21.731 D/OplusNotificationDateTimeView( 8338): setTime mSettingTimeMillis 1775883381611, mSettingLocalDateTime 2026-04-11T12:56:00.611
04-11 12:56:21.735 D/LocalImageResolver( 8338): Couldn't use ImageDecoder for drawable, falling back to non-resized load.
04-11 12:56:21.736 D/OplusNotificationDateTimeView( 8338): setTime mSettingTimeMillis 1775883381611, mSettingLocalDateTime 2026-04-11T12:56:00.611
04-11 12:56:21.741 I/SystemUi--Notification( 8338): OplusNotificationTempla-->resolveContentMargin: marginTop=112 isChildInGroup=false hasSubtitle=true params.topMargin=112
04-11 12:56:21.743 W/SystemUi--Notification( 8338): OplusNotificationGroupExtImpl-->setChildrenExpanded: groupHeader is null
04-11 12:56:21.745 E/LockScreenNotificationDispatcherImp( 8338): updateNotificationListOnKg size:0
04-11 12:56:21.748 W/SystemUi--Notification( 8338): OplusNotificationGroupExtImpl-->setChildrenExpanded: groupHeader is null
04-11 12:56:21.749 I/SystemUi--Notification( 8338): LockScreenNotificationDispatcherImp-->updateNotificationListOnKg resultCode: 0
04-11 12:56:21.838 D/CommonApp-264-10512(14034): transport layer data is invalid
04-11 12:56:21.839 D/CommonApp-255-10512(14034): commonScoreStrategy scenarios 5 mdnsScore=0
04-11 12:56:21.839 D/CommonApp-255-10512(14034): notifyScoreChange appScene COMMON score 100
04-11 12:56:21.839 D/ScorePolicy(14034): handleScoreChanged: []
04-11 12:56:21.839 D/ScorePolicy(14034): handleScoreChanged: []
04-11 12:56:21.840 D/ScorePolicy(14034): handleScoreChanged: []
04-11 12:56:21.881 E/PERFHAL-PERFCTRL( 2187): PERFHAL-PERFCTRL: chk_core_online_poll_loop() 748: poll() has timed out for /sys/kernel/msm_performance/events/cpu_hotplug
04-11 12:56:21.881 E/PERFHAL-PERFCTRL( 2187): PERFHAL-PERFCTRL: chk_core_online_poll_loop() 743: Block on poll()
04-11 12:56:21.927 I/sensors-hal( 2113): handle_sns_std_sensor_event:114, oplus rgb_rear sample: (cct, lux, ir, x, y)[10074, 19, 293, 259, 324]
04-11 12:56:21.927 I/sensors-hal( 2113): handle_sns_std_sensor_event:116, oplus rgb_rear sample: (r, g, b, c w)[772, 1576, 355, 462, 0]
04-11 12:56:21.928 I/AICCTModule( 3590): SensorFilter: brightness threshold 1.2 screenNit is 90.251 ave enviroment lux is 130.03648 luxForNit 90.37975demarcationPoint200.0 result is false
04-11 12:56:21.928 I/AICCTModule( 3590): SensorFilter: findSecondNearestValue, sensorValue: 7461.0737 nearestMaxValue:7480.997 secondNearestValue: 7480.997
04-11 12:56:21.928 I/AICCTModule( 3590): SensorFilter: findSecondNearestValue, sensorValue: 128.63634 nearestMaxValue:130.01492 secondNearestValue: 130.01492
04-11 12:56:21.933 E/CwbService( 2181): Panel not support apl read or getDisplayPanelAplValue timeout 10ms.
04-11 12:56:21.933 D/SensorFeature( 2258): name=ssc_screenshot_info ,index = 22
04-11 12:56:21.934 D/SensorFeature( 2258): write 39 bytes:930597281060631,930597335479798,34347,0
04-11 12:56:21.936 I/sensors-hal( 2113): handle_oplus_wise_rgb_event:189, high_pwm_light:lux 195.4,cct 6675.5,brl/algo/ir 1327.0/2.0/42.2,pwm/dc 0.0/0.0,rgbc 8728.615234/5910.367188/3849.808105/17117.548828,ts 930597233348204,cnt 61840,flag 34347
04-11 12:56:21.936 I/sensors-hal( 2113): handle_oplus_wise_rgb_event:161, wise_rgb: (61841)(cct, lux, ir)[6675.46, 195.37, 42.187222] (r, g, b, c)[8741.07, 5938.96, 3849.81, 17077.92]                 (pwm, hbm, brl, algo)[0.0 0.0 1327.0 2.0], flag 34347
04-11 12:56:22.023 D/QmiClient( 3438): qmiServiceEventCallback recv msg id 47
04-11 12:56:22.023 D/QmiClient( 3438): enter -mServiceType 10 onQmiServiceEventCallback msgId 47
04-11 12:56:22.023 D/QmiClient( 3438): onQmiServiceEventCallback - enter. msgId=47
04-11 12:56:22.023 D/OttProxy( 3438): handleMessage msg is 3001
04-11 12:56:22.024 D/SubsysRadioIndication[1](14034): radioLinkLatencyInfoInd
04-11 12:56:22.024 D/SubsysRadioIndication[1](14034): notify enter
04-11 12:56:22.024 D/NetworkService[1](14034): handleMessage what:1008
04-11 12:56:22.024 D/NetworkService[1](14034): EVENT_REG_LINK_LATENCY_INFO_CHANGE ulLatency:10150
04-11 12:56:22.117 D/BatteryChargeControl( 2280): bcc get no support from charging protocol
04-11 12:56:22.160 I/sensors-hal( 2113): handle_oplus_wise_rgb_event:161, wise_rgb: (61846)(cct, lux, ir)[6680.49, 196.04, 41.329151] (r, g, b, c)[8708.68, 5932.36, 3836.56, 17070.93]                 (pwm, hbm, brl, algo)[0.0 0.0 1327.0 2.0], flag 34347
04-11 12:56:22.178 D/UlPriorityPolicyForeground(13839): match: config has not com.binance.monitor
04-11 12:56:22.235 D/VRR [OTI]( 2399): handleIdle from 0 to 1
04-11 12:56:22.235 D/VRR [OTI-HW]( 2399): isStateReady 0
04-11 12:56:22.235 D/VRR [OTI-HW]( 2399): keep rate.
04-11 12:56:22.240 W/QosScheduler( 3590): executeSceneQosStrategy failed! qos feature no enable
04-11 12:56:22.245 I/SDM     ( 2181): DisplayBuiltIn::IdlePowerCollapse: IPC received, disabling partial update for one frame
04-11 12:56:22.296 D/OplusScrollToTopManager(19632): com.binance.monitor/com.binance.monitor.ui.main.MainActivity,This com.android.internal.policy.DecorView{112785d I.E...... R......D 0,0-1264,2780 aid=0 alpha=1.0 viewInfo = }[MainActivity] change focus to false
04-11 12:56:22.332 E/CwbService( 2181): Panel not support apl read or getDisplayPanelAplValue timeout 10ms.
04-11 12:56:22.332 D/SensorFeature( 2258): name=ssc_screenshot_info ,index = 22
04-11 12:56:22.332 D/SensorFeature( 2258): write 39 bytes:930597680834954,930597735071412,34348,0
04-11 12:56:22.362 D/OplusScrollToTopManager(19632): com.binance.monitor/com.binance.monitor.ui.account.AccountStatsBridgeActivity,This com.android.internal.policy.DecorView{232ef7c V.E...... R....... 0,0-1264,2780 aid=2 alpha=1.0 viewInfo = }[AccountStatsBridgeActivity] change focus to true
04-11 12:56:22.401 W/ServiceManagerCppClient( 4482): Waited one second for SystemClearService (is service started? Number of threads started in the threadpool: 16. Are binder threads started and available?)
04-11 12:56:22.402 W/ServiceManagerCppClient( 4482): Waited one second for SystemClearService (is service started? Number of threads started in the threadpool: 16. Are binder threads started and available?)
04-11 12:56:22.406 W/libc    ( 1254): Unable to set property "ctl.interface_start" to "aidl/SystemClearService": PROP_ERROR_HANDLE_CONTROL_MESSAGE (0x20)
04-11 12:56:22.406 W/libc    ( 1254): Unable to set property "ctl.interface_start" to "aidl/SystemClearService": PROP_ERROR_HANDLE_CONTROL_MESSAGE (0x20)
04-11 12:56:22.426 I/sensors-hal( 2113): handle_oplus_wise_rgb_event:189, high_pwm_light:lux 195.8,cct 6680.4,brl/algo/ir 1327.0/2.0/42.5,pwm/dc 0.0/0.0,rgbc 8753.532227/5947.760742/3852.015625/17150.185547,ts 930597677946538,cnt 61850,flag 34348
04-11 12:56:22.426 I/sensors-hal( 2113): handle_oplus_wise_rgb_event:161, wise_rgb: (61851)(cct, lux, ir)[6680.45, 195.83, 42.458691] (r, g, b, c)[8770.97, 5943.36, 3865.26, 17131.54]                 (pwm, hbm, brl, algo)[0.0 0.0 1327.0 2.0], flag 34348
04-11 12:56:22.494 I/OplusCpuLimitManager( 3590): OplusCpuHighLoad: request instant cpu load
04-11 12:56:22.495 E/OsenseCommonUtils( 3590): write /dev/memcg/memory.force_shrink_file failed
04-11 12:56:22.495 E/OsenseCommonUtils( 3590): java.io.IOException: write failed: EBUSY (Device or resource busy)
04-11 12:56:22.495 E/OsenseCommonUtils( 3590): 	at libcore.io.IoBridge.write(IoBridge.java:651)
04-11 12:56:22.495 E/OsenseCommonUtils( 3590): 	at java.io.FileOutputStream.write(FileOutputStream.java:436)
04-11 12:56:22.495 E/OsenseCommonUtils( 3590): 	at sun.nio.cs.StreamEncoder.writeBytes(StreamEncoder.java:233)
04-11 12:56:22.495 E/OsenseCommonUtils( 3590): 	at sun.nio.cs.StreamEncoder.implFlushBuffer(StreamEncoder.java:309)
04-11 12:56:22.495 E/OsenseCommonUtils( 3590): 	at sun.nio.cs.StreamEncoder.implFlush(StreamEncoder.java:313)
04-11 12:56:22.495 E/OsenseCommonUtils( 3590): 	at sun.nio.cs.StreamEncoder.flush(StreamEncoder.java:153)
04-11 12:56:22.495 E/OsenseCommonUtils( 3590): 	at java.io.OutputStreamWriter.flush(OutputStreamWriter.java:248)
04-11 12:56:22.495 E/OsenseCommonUtils( 3590): 	at com.android.server.oplus.osense.utils.OsenseCommonUtils.writeFile(OsenseCommonUtils.java:154)
04-11 12:56:22.495 E/OsenseCommonUtils( 3590): 	at com.android.server.am.OplusOsenseCompressAction.doGlobalShrink(OplusOsenseCompressAction.java:1887)
04-11 12:56:22.495 E/OsenseCommonUtils( 3590): 	at com.android.server.am.OplusOsenseCompressAction.-$$Nest$mdoGlobalShrink(Unknown Source:0)
04-11 12:56:22.495 E/OsenseCommonUtils( 3590): 	at com.android.server.am.OplusOsenseCompressAction$CompressHandler.handleMessage(OplusOsenseCompressAction.java:1335)
04-11 12:56:22.495 E/OsenseCommonUtils( 3590): 	at android.os.Handler.dispatchMessage(Handler.java:115)
04-11 12:56:22.495 E/OsenseCommonUtils( 3590): 	at android.os.Looper.loopOnce(Looper.java:302)
04-11 12:56:22.495 E/OsenseCommonUtils( 3590): 	at android.os.Looper.loop(Looper.java:412)
04-11 12:56:22.495 E/OsenseCommonUtils( 3590): 	at android.os.HandlerThread.run(HandlerThread.java:85)
04-11 12:56:22.495 E/OsenseCommonUtils( 3590): Caused by: android.system.ErrnoException: write failed: EBUSY (Device or resource busy)
04-11 12:56:22.495 E/OsenseCommonUtils( 3590): 	at libcore.io.Linux.writeBytes(Native Method)
04-11 12:56:22.495 E/OsenseCommonUtils( 3590): 	at libcore.io.Linux.write(Linux.java:336)
04-11 12:56:22.495 E/OsenseCommonUtils( 3590): 	at libcore.io.ForwardingOs.write(ForwardingOs.java:948)
04-11 12:56:22.495 E/OsenseCommonUtils( 3590): 	at libcore.io.BlockGuardOs.write(BlockGuardOs.java:448)
04-11 12:56:22.495 E/OsenseCommonUtils( 3590): 	at libcore.io.IoBridge.write(IoBridge.java:646)
04-11 12:56:22.495 E/OsenseCommonUtils( 3590): 	... 14 more
04-11 12:56:22.495 I/OplusCpuLimitManager( 3590): OplusCpuHighLoad: release instant cpu load
04-11 12:56:22.501 V/MonthTrafficAlert(13839): getWarningNotification subId:1 numWarningNotificaion:2
04-11 12:56:22.502 V/MonthTrafficAlert(13839): getWarningNotification subId:2 numWarningNotificaion:0
04-11 12:56:22.513 I/SmartDataSwitchStateManager(13839): handle message:7
04-11 12:56:22.513 I/SmartDataSwitchSM(13839): [DisableState]Handle msg: 2
04-11 12:56:22.513 I/SmartDataSwitchSM(13839): [DisableState]handle state change, reason:DataScoreLow
