04-12 17:27:18.717 14034 15457 D AppSenseConfig: getIgnoreAppList: [com.android.launcher, com.android.contacts, com.oplus.wirelesssettings, com.coloros.alarmclock, com.coloros.calculator, com.coloros.calendar, com.coloros.phonemanager, com.android.settings, com.android.phone, com.oplus.nas, com.oplus.nhs, com.oplus.appdetail, com.android.permissioncontroller, com.oplus.pscanvas, com.oplus.autotest.test.ctp, com.android.systemui, com.android.systemui.overlay.fingerprint.anim.fy, com.android.systemui.overlay.fingerprint.anim.qy, com.android.systemui.overlay.fingerprint.anim.sw, com.android.systemui.overlay.fingerprint.anim.xw, com.android.systemui.overlay.fingerprint.anim.ccyh, com.android.systemui.overlay.fingerprint.anim.halo, com.android.systemui.overlay.fingerprint.anim.jslz, com.android.systemui.overlay.fingerprint.anim.none, com.android.systemui.overlay.fingerprint.anim.xklc]
04-12 17:27:18.717 14034 15457 D AppSenseConfig: getIgnoreAppList: [com.android.launcher, com.android.contacts, com.oplus.wirelesssettings, com.coloros.alarmclock, com.coloros.calculator, com.coloros.calendar, com.coloros.phonemanager, com.android.settings, com.android.phone, com.oplus.nas, com.oplus.nhs, com.oplus.appdetail, com.android.permissioncontroller, com.oplus.pscanvas, com.oplus.autotest.test.ctp, com.android.systemui, com.android.systemui.overlay.fingerprint.anim.fy, com.android.systemui.overlay.fingerprint.anim.qy, com.android.systemui.overlay.fingerprint.anim.sw, com.android.systemui.overlay.fingerprint.anim.xw, com.android.systemui.overlay.fingerprint.anim.ccyh, com.android.systemui.overlay.fingerprint.anim.halo, com.android.systemui.overlay.fingerprint.anim.jslz, com.android.systemui.overlay.fingerprint.anim.none, com.android.systemui.overlay.fingerprint.anim.xklc]
04-12 17:27:18.717 14034 15457 D ActivityAdapter: taskChange: pre: 1, cur: 1, changed:true
04-12 17:27:18.717 14034 15457 D ActivityAdapter: notifyActivityQuery: [com.binance.monitor; com.binance.monitor.ui.chart.MarketChartActivity; 1; COMMON; 10512]
04-12 17:27:18.717 14034 15457 D OPlusFrontAppManager: useAdapterResult, pkg=com.binance.monitor,activity=com.binance.monitor.ui.chart.MarketChartActivity,result=true
04-12 17:27:18.717 14034 15457 D OPlusFrontAppManager: decide -->> [com.binance.monitor; com.binance.monitor.ui.chart.MarketChartActivity; 1; COMMON; 10512]
04-12 17:27:18.717 14034 15457 D ConferenceScene: pkg:com.binance.monitor, activity:com.binance.monitor.ui.chart.MarketChartActivity, appSense:COMMON
04-12 17:27:18.717 14034 15457 D ConferenceScene: pkg:com.binance.monitor, activity:com.binance.monitor.ui.main.MainActivity, appSense:COMMON
04-12 17:27:18.718 14034 15297 D CellMap/GameLatencyMapService: handleAppSceneChange: [{pkgName:com.binance.monitor,activityName:,winMode:1,event:COMMON,type:0,subEvent:0,pid:7398,uid:10512}]
04-12 17:27:18.718 14034 15313 D Subsys-ScoreAppManager: handleMessage what:2
04-12 17:27:18.718 14034 15313 D Subsys-ScoreAppManager: EVENT_ID_APP_SENSE_CHANGE  onFrontActivityChanged
04-12 17:27:18.718 14034 15297 D CellMap/QoeMapService: handleAppSceneChange: [{pkgName:com.binance.monitor,activityName:,winMode:1,event:COMMON,type:0,subEvent:0,pid:7398,uid:10512}]
04-12 17:27:18.718 14034 15297 D CellMap/QoeMapService: handleAppSceneChange update: 0
04-12 17:27:18.718 14034 14034 D AtomHighLoadSenseInfo: handleMessage what:1000
04-12 17:27:18.718 14034 14034 D AtomHighLoadSenseInfo: handleAppSenseChanged original mode:{live:0,video:0,voice call:0,video call:0,live host:0,meeting:0}
04-12 17:27:18.718 14034 14034 D AtomHighLoadSenseInfo: handleAppSenseChanged appInfoUnit:{pkgName:com.binance.monitor,activityName:,winMode:1,event:COMMON,type:0,subEvent:0,pid:7398,uid:10512}
04-12 17:27:18.718 14034 14034 D AtomNetworkScoreInfo: handleMessage: 1006
04-12 17:27:18.718 14034 15313 D Subsys-ScoreAppManager: appSceneChange fgAppUnits size 1 fgAppUnits [{pkgName:com.binance.monitor,activityName:,winMode:1,event:COMMON,type:0,subEvent:0,pid:7398,uid:10512}] mLastNetworkList[265, 266]
04-12 17:27:18.718 14034 15313 D Subsys-ScoreAppManager: createApp
04-12 17:27:18.718 14034 15313 D Subsys-ScoreAppManager: createApp
04-12 17:27:18.718 14034 14034 D AtomNetworkScoreInfo: top app size: 1
04-12 17:27:18.718 14034 15313 D Subsys-ScoreAppManager: unit: {pkgName:com.binance.monitor,activityName:,winMode:1,event:COMMON,type:0,subEvent:0,pid:7398,uid:10512}
04-12 17:27:18.718 14034 14034 D AtomNetworkScoreInfo: Front app state: 1
04-12 17:27:18.718 14034 14034 D AtomModemKpiInfo: handleMessage what:1000
04-12 17:27:18.718 14034 15313 D CommonApp-265-10512: DefaultState EVENT_SCENARIOS_CHANGE
04-12 17:27:18.718 14034 15313 D CommonApp-265-10512: scene=COMMON pn=com.binance.monitor
04-12 17:27:18.718 14034 15313 D CommonApp-266-10512: DefaultState EVENT_SCENARIOS_CHANGE
04-12 17:27:18.718 14034 14034 D SceneService: handleMessage what:1004
04-12 17:27:18.718 14034 14034 D SceneService: notifyAppSceneChanged original mode:{live:0,video:0,voice call:0,video call:0,live host:0,game:0,meeting:0,news:0,file transfer:0},appInfoUnit:[{pkgName:com.binance.monitor,activityName:,winMode:1,event:COMMON,type:0,subEvent:0,pid:7398,uid:10512}]
04-12 17:27:18.718  3590  3795 D AppSenseClient: handleMessage: 100
04-12 17:27:18.718 14034 14034 D ExtremeCommService: handleMessage what:1012
04-12 17:27:18.718 14034 14034 D ExtremeCommService: updateAppInfo appInfoUnit: com.binance.monitor, winMode:1
04-12 17:27:18.718 14034 14034 D FrontAppsEvent: receive msg:1001
04-12 17:27:18.718 14034 14034 D FrontAppsEvent: onAppSceneUpdate, infoList:[{pkgName:com.binance.monitor,activityName:,winMode:1,event:COMMON,type:0,subEvent:0,pid:7398,uid:10512}]
04-12 17:27:18.718  3590  3795 D AppSenseClient: handleSenseEvent appInfoUnits: {pkgName:com.binance.monitor,activityName:com.binance.monitor.ui.chart.MarketChartActivity,winMode:1,event:COMMON,type:0,subEvent:0,pid:7398,uid:10512},
04-12 17:27:18.718  3590  3795 D AppSenseClient: handleSenseEvent clients: 1
04-12 17:27:18.718  3590  3795 D AppSenseClient: handleSenseEvent clientId: 224279445
04-12 17:27:18.718 14034 15313 D CommonApp-266-10512: scene=COMMON pn=com.binance.monitor
04-12 17:27:18.718  3590  3795 D AppSenseClient: notifyAppChanges: [{pkgName:com.binance.monitor,activityName:com.binance.monitor.ui.chart.MarketChartActivity,winMode:1,event:COMMON,type:0,subEvent:0,pid:7398,uid:10512}]
04-12 17:27:18.718  8406  8866 D AppSenseClient: handleMessage: 100
04-12 17:27:18.718  8498  8498 D AppSenseClient: handleMessage: 100
04-12 17:27:18.718  8498  8498 D AppSenseClient: handleSenseEvent appInfoUnits: {pkgName:com.binance.monitor,activityName:com.binance.monitor.ui.chart.MarketChartActivity,winMode:1,event:COMMON,type:0,subEvent:0,pid:7398,uid:10512},
04-12 17:27:18.718  8406  8866 D AppSenseClient: handleSenseEvent appInfoUnits: {pkgName:com.binance.monitor,activityName:com.binance.monitor.ui.chart.MarketChartActivity,winMode:1,event:COMMON,type:0,subEvent:0,pid:7398,uid:10512},
04-12 17:27:18.718  8498  8498 D AppSenseClient: handleSenseEvent clients: 1
04-12 17:27:18.718  8498  8498 D AppSenseClient: handleSenseEvent clientId: 74017188
04-12 17:27:18.718  8406  8866 D AppSenseClient: handleSenseEvent clients: 1
04-12 17:27:18.718  8406  8866 D AppSenseClient: handleSenseEvent clientId: 101737326
04-12 17:27:18.718  8498  8498 D AppSenseClient: notifyAppChanges: [{pkgName:com.binance.monitor,activityName:com.binance.monitor.ui.chart.MarketChartActivity,winMode:1,event:COMMON,type:0,subEvent:0,pid:7398,uid:10512}]
04-12 17:27:18.718  8406  8866 D AppSenseClient: notifyAppChanges: [{pkgName:com.binance.monitor,activityName:com.binance.monitor.ui.chart.MarketChartActivity,winMode:1,event:COMMON,type:0,subEvent:0,pid:7398,uid:10512}]
04-12 17:27:18.718  8498  8498 D NhsAppSenseListener: onAppChanged, app list size: 1
04-12 17:27:18.718 14034 15457 D AppSenseService: notifySenseEvent: {pkgName:com.binance.monitor,activityName:com.binance.monitor.ui.chart.MarketChartActivity,winMode:1,event:COMMON,type:0,subEvent:0,pid:7398,uid:10512},
04-12 17:27:18.719 13839 14411 D AppSenseClient: handleMessage: 100
04-12 17:27:18.719 13839 14411 D AppSenseClient: handleSenseEvent appInfoUnits: {pkgName:com.binance.monitor,activityName:com.binance.monitor.ui.chart.MarketChartActivity,winMode:1,event:COMMON,type:0,subEvent:0,pid:7398,uid:10512},
04-12 17:27:18.719 13839 14411 D AppSenseClient: handleSenseEvent clients: 1
04-12 17:27:18.719 13839 14411 D AppSenseClient: handleSenseEvent clientId: 106466519
04-12 17:27:18.719 13839 14411 D AppSenseClient: notifyAppChanges: [{pkgName:com.binance.monitor,activityName:com.binance.monitor.ui.chart.MarketChartActivity,winMode:1,event:COMMON,type:0,subEvent:0,pid:7398,uid:10512}]
04-12 17:27:18.719 13839 14411 D NAS-DataSceneEvent: onAppChanged, app list size: 1
04-12 17:27:18.719 13839 14411 D NAS-DataSceneEvent: updateAppSenseChange [{pkgName:com.binance.monitor,activityName:com.binance.monitor.ui.chart.MarketChartActivity,winMode:1,event:COMMON,type:0,subEvent:0,pid:7398,uid:10512}]
04-12 17:27:18.719 13839 14674 D OplusLinkBoostSceneManager: handleAppSceneChange: live broadcast off
04-12 17:27:18.719 13839 14698 E OplusNetlinkConnect: parse rsp msg failed!Message missing required fields: header
04-12 17:27:18.762  3590  9788 I AICCTModule: SensorFilter: brightness threshold 1.2 screenNit is 92.519 ave enviroment lux is 114.6648 luxForNit 88.84145demarcationPoint200.0 result is false
04-12 17:27:18.762  3590  9788 I AICCTModule: SensorFilter: findSecondNearestValue, sensorValue: 6111.04 nearestMaxValue:6102.164 secondNearestValue: 6102.164
04-12 17:27:18.762  3590  9788 I AICCTModule: SensorFilter: findSecondNearestValue, sensorValue: 113.37022 nearestMaxValue:114.6648 secondNearestValue: 114.6648
04-12 17:27:18.781  2181  7371 E CwbService: Panel not support apl read or getDisplayPanelAplValue timeout 10ms.
04-12 17:27:18.781  2258  2258 D SensorFeature: name=ssc_screenshot_info ,index = 22
04-12 17:27:18.781  2258  2258 D SensorFeature: write 41 bytes:1033254173720310,1033254184831421,39611,0
04-12 17:27:18.784  3590  7333 D FusionLightNextGen: process end reported = 1, mode: 0, cnt: 82915, lux 114.7, cct 6102.2, r/g/b/c: 5728.1/3714.3/2442.3/10762.1, R/G/B: 31.0/33.0/33.0, bri 1341.0, match 0.91, ir 0.053196, conf 5.0, ts 1033254169464148
04-12 17:27:18.784  2113 30657 I sensors-hal: handle_oplus_wise_rgb_event:161, wise_rgb: (25671)(cct, lux, ir)[6125.04, 117.39, 55.461296] (r, g, b, c)[5680.76, 3685.69, 2426.87, 10650.16]                 (pwm, hbm, brl, algo)[0.0 0.0 1341.0 2.0], flag 105147
04-12 17:27:18.882  3438  4039 D QmiClient: qmiServiceEventCallback recv msg id 47
04-12 17:27:18.882  3438  4039 D QmiClient: enter -mServiceType 10 onQmiServiceEventCallback msgId 47
04-12 17:27:18.882  3438  4039 D QmiClient: onQmiServiceEventCallback - enter. msgId=47
04-12 17:27:18.882  3438  3488 D OttProxy: handleMessage msg is 3001
04-12 17:27:18.882 14034 14677 D SubsysRadioIndication[1]: radioLinkLatencyInfoInd
04-12 17:27:18.882 14034 14677 D SubsysRadioIndication[1]: notify enter
04-12 17:27:18.882 14034 14034 D NetworkService[1]: handleMessage what:1008
04-12 17:27:18.882 14034 14034 D NetworkService[1]: EVENT_REG_LINK_LATENCY_INFO_CHANGE ulLatency:10480
04-12 17:27:18.911  7398  7398 I ChainTrace: chart_realtime_render symbol=BTCUSDT closeTime=1775986079999 interval=1m repoToChartMs=14675 triggerToChartMs=-1
04-12 17:27:18.962 14034 15313 D CommonApp-266-10512: transport layer data is invalid
04-12 17:27:18.963 14034 15313 D CommonApp-265-10512: commonScoreStrategy scenarios 5 mdnsScore=0
04-12 17:27:18.963 14034 15313 D CommonApp-265-10512: notifyScoreChange appScene COMMON score 100
04-12 17:27:18.963 14034 15313 D ScorePolicy: handleScoreChanged: []
04-12 17:27:18.963 14034 15313 D ScorePolicy: handleScoreChanged: []
04-12 17:27:18.963 14034 15313 D ScorePolicy: handleScoreChanged: []
04-12 17:27:19.071  2181  7371 E CwbService: Panel not support apl read or getDisplayPanelAplValue timeout 10ms.
04-12 17:27:19.071  2258  2258 D SensorFeature: name=ssc_screenshot_info ,index = 22
04-12 17:27:19.071  2258  2258 D SensorFeature: write 41 bytes:1033254463569789,1033254474680900,39612,0
04-12 17:27:19.132  3590  3830 I UserAwareMgr: handleAppChangedToBg, pkgName: com.android.systemui, pid: 8338
04-12 17:27:19.133  3590  3830 I UserAwareMgr: handleAppChangedToBg, pkgName: com.android.systemui, pid: 8338
04-12 17:27:19.133  3590  3830 W UserAwareMgr: app not not found or not visible: {pkgName='com.android.systemui', serviceName='', procName=com.android.systemui, pid=8338, uid=10216, appId=0, owner='systemui', flags='bg|system_app', renderTid=8546, hwuiTids=[8530, 8531], glTids=null, threadInfos={VolumeDialogControllerImpl={threadName='VolumeDialogControllerImpl', tid=9014, reporterPid=8338, currentThreadCount=1, maxThreadCount=1, extendTids=null}, ll.splashscreen={threadName='ll.splashscreen', tid=8422, reporterPid=3590, currentThreadCount=1, maxThreadCount=16, extendTids=null}, KeyguardWorkerThread={threadName='KeyguardWorkerThread', tid=8549, reporterPid=8338, currentThreadCount=1, maxThreadCount=1, extendTids=null}, OnScreenFingerprint WorkerThread={threadName='OnScreenFingerprint WorkerThread', tid=9119, reporterPid=8338, currentThreadCount=1, maxThreadCount=1, extendTids=null}, SysUiTileBg={threadName='SysUiTileBg', tid=9230, reporterPid=8338, currentThreadCount=1, maxThreadCount=1, extendTids=null}, ImageWallpaper={threadName='ImageWallpaper', tid=9180, reporterPid=8338, currentThreadCount=1, maxThreadCount=1, extendTids=null}, KgdAnimThread={threadName='KgdAnimThread', tid=8554, reporterPid=8338, currentThreadCount=1, maxThreadCount=1, extendTids=null}, GestureUI={threadName='GestureUI', tid=8727, reporterPid=8338, currentThreadCount=1, maxThreadCount=1, extendTids=null}, SysUiLng={threadName='SysUiLng', tid=9177, reporterPid=8338, currentThreadCount=1, maxThreadCount=1, extendTids=null}, SysUiQsBg={threadName='SysUiQsBg', tid=8672, reporterPid=8338, currentThreadCount=1, maxThreadCount=1, extendTids=null}, wmshell.main={threadName='wmshell.main', tid=8381, reporterPid=8338, currentThreadCount=1, maxThreadCount=1, extendTids=null}, ll.splashworker={threadName='ll.splashworker', tid=8423, reporterPid=3590, currentThreadCount=1, maxThreadCount=16, extendTids=null}, wmshell.anim={threadName='wmshell.anim', tid=8397, reporterPid=3590, currentThreadCount=1, maxThreadCount=16, extendTids=null}, OnScreenFingerprint OpticalUIUpdateThread={threadName='OnScreenFingerprint OpticalUIUpdateThread', tid=9120, reporterPid=8338, currentThreadCount=1, maxThreadCount=1, extendTids=null}}, mVideoActivityList=[], mStates=0}
04-12 17:27:19.133  3590  3830 W UserAwareMgr: handleAppChangedToBg process is empty
04-12 17:27:19.133  3590  3830 I UserAwareMgr: handleTopAppChanged: com.binance.monitor, pid: 7398, uid: 10512
04-12 17:27:19.190  3438  3988 D QmiClient: qmiServiceEventCallback recv msg id 1099
04-12 17:27:19.190  3438  3988 D QmiClient: enter -mServiceType 4 onQmiServiceEventCallback msgId 1099
04-12 17:27:19.190  3438  3988 D QmiClient: onQmiServiceEventCallback - enter. msgId=1099
04-12 17:27:19.190  3438  3988 D QmiVsClientEvent: QosPeriodReportInd MSG IND data_len 2052
04-12 17:27:19.190  3438  3988 D QmiVsClientEvent: qmiVsClientNotifyQosPeriodReportIndEvent - RADIO_EVENT_QOS_PERIOD_REPORT_NOTIFY_IND
04-12 17:27:19.190  3438  3485 D VsProxy : handleMessage msg is 2420
04-12 17:27:19.190  2727  3986 D QmiClient: qmiServiceEventCallback recv msg id 1099
04-12 17:27:19.190  2727  3986 D QmiClient: enter -mServiceType 4 onQmiServiceEventCallback msgId 1099
04-12 17:27:19.190  2727  3986 D QmiClient: onQmiServiceEventCallback - enter. msgId=1099
04-12 17:27:19.190  2727  3986 D QmiVsClientEvent: QosPeriodReportInd MSG IND data_len 2052
04-12 17:27:19.190  2727  3986 D QmiVsClientEvent: qmiVsClientNotifyQosPeriodReportIndEvent - RADIO_EVENT_QOS_PERIOD_REPORT_NOTIFY_IND
04-12 17:27:19.190  3438  3485 D VsProxy : handleQosPeriodReportInd for instance 1 data_len 188
04-12 17:27:19.190  2727  2826 D VsProxy : handleMessage msg is 2420
04-12 17:27:19.190  2727  2826 D VsProxy : handleQosPeriodReportInd for instance 0 data_len 145
04-12 17:27:19.190 14034 25134 D SubsysRadioIndication[0]: radioQosPeriodReportInd result [8, -53, -83, -80, -128, 15, 34, 12, 8, -6, -46, -82, -128, 15, 16, 4, 24, 1, 32, 3, 58, 61, 8, -126, -88, -80, -128, 15, 16, 5, 24, -64, -92, 38, 32, -22, 6, 40, -87, -1, -1, -1, -1, -1, -1, -1, -1, 1, 48, -10, -1, -1, -1, -1, -1, -1, -1, -1, 1, 56, 16, 64, -90, -1, -1, -1, -1, -1, -1, -1, -1, 1, 72, -87, -1, -1, -1, -1, -1, -1, -1, -1, 1, 66, 29, 8, -82, -39, -82, -128, 15, 16, 5, 34, 19, 8, -64, -92, 38, 16, -22, 6, 24, 78, 32, 13, 40, -117, -32, -94, -93, 2, 48, 2, 90, 0, 98, 10, 8, -120, -45, -82, -128, 15, 16, 3, 24, 5, 122, 15, 8, -4, -44, -82, -128, 15, 16, -42, 1, 24, -21, 1, 32, -72, 8]
04-12 17:27:19.190 14034 14677 D SubsysRadioIndication[1]: radioQosPeriodReportInd result [8, -53, -83, -80, -128, 15, 18, 19, 8, -83, -83, -80, -128, 15, 16, 13, 32, -60, 33, 40, 14, 56, -15, 3, 64, -86, 1, 26, 13, 8, -82, -84, -80, -128, 15, 16, 18, 40, 19, 56, -32, 125, 34, 12, 8, -6, -46, -82, -128, 15, 16, 4, 24, 1, 32, 3, 58, 61, 8, -124, -83, -80, -128, 15, 16, 5, 24, -98, -23, 30, 32, -10, 3, 40, -88, -1, -1, -1, -1, -1, -1, -1, -1, 1, 48, -11, -1, -1, -1, -1, -1, -1, -1, -1, 1, 56, 7, 64, -89, -1, -1, -1, -1, -1, -1, -1, -1, 1, 72, -89, -1, -1, -1, -1, -1, -1, -1, -1, 1, 66, 31, 8, -66, -40, -83, -128, 15, 16, 5, 24, 2, 34, 19, 8, -98, -23, 30, 16, -10, 3, 24, 41, 32, 13, 40, -126, -64, -27, -123, 21, 48, 2, 90, 0, 98, 10, 8, -66, -31, -92, -128, 15, 16, 3, 24, 5, 122, 20, 8, -15, -85, -80, -128, 15, 16, -1, -1, 1, 24, -1, -1, 1, 32, -1, -1, -1, -1, 15]
04-12 17:27:19.190 14034 14034 D NetworkService[0]: handleMessage what:1005
04-12 17:27:19.190 14034 14034 D RadioAtomTracker: parseQosPeriodData ModemQos:CellularQosInfo2{5G, 627264/874, EndcState=0, Band=78, DLBW=13, Rsrp=-87, Rsrq=-10, Snr=16, SvcStatus=3, ULPDCPNumDataPdu=-1, ULPDCPNumDropPdu=-1, ULPDCPTput=-1, ULRLCNumDataPdu=-1, ULRLCNumRetxPdu=-1, ULGrant=-1, ULBSR=-1, ULBler=-1, DLPDCPNumDataPdu=-1, DLPDCPTput=-1, DLRLCNumDataPdu=-1, DLRLCNumRetxPdu=-1, DLRLCNumDropPdu=-1, DLMACPaddingBytes=-1, DLPdcpNumMissToUppPdu=-1, DLBler=-1, RlfCount=0, CellChangeCount=0, IsRedirectionOccur=0, IsDualSimConflict=0, Latency=0, Sub1RrcState=1, Sub2RrcState=3, RachCount=0, CalcPower=214, Mtpl=235, PathLoss=1080, CellLoad=0}
04-12 17:27:19.190 14034 14034 D NetworkService[0]: EVENT_REG_QOS_PERIOD_REPORT_IND_CHANGED ENTER
04-12 17:27:19.190 14034 14034 D NetworkService[1]: handleMessage what:1005
04-12 17:27:19.190 14034 14034 D RadioAtomTracker: parseQosPeriodData ModemQos:CellularQosInfo1{5G, 504990/502, EndcState=2, Band=41, DLBW=13, Rsrp=-88, Rsrq=-11, Snr=7, SvcStatus=3, ULPDCPNumDataPdu=13, ULPDCPNumDropPdu=0, ULPDCPTput=4292, ULRLCNumDataPdu=14, ULRLCNumRetxPdu=0, ULGrant=497, ULBSR=170, ULBler=0, DLPDCPNumDataPdu=19, DLPDCPTput=16096, DLRLCNumDataPdu=18, DLRLCNumRetxPdu=0, DLRLCNumDropPdu=0, DLMACPaddingBytes=0, DLPdcpNumMissToUppPdu=0, DLBler=0, RlfCount=0, CellChangeCount=0, IsRedirectionOccur=0, IsDualSimConflict=0, Latency=10, Sub1RrcState=1, Sub2RrcState=3, RachCount=0, CalcPower=32767, Mtpl=32767, PathLoss=-1, CellLoad=0}
04-12 17:27:19.190 14034 14034 D NetworkService[1]: EVENT_REG_QOS_PERIOD_REPORT_IND_CHANGED ENTER
04-12 17:27:19.190 14034 14034 D AtomModemKpiInfo: handleMessage what:1001
04-12 17:27:19.190 14034 14034 D AtomModemKpiInfo: analyseQosInfo success
04-12 17:27:19.219 13839 14674 D UlPriorityPolicyForeground: match: config has not com.binance.monitor
04-12 17:27:19.273  7398  7540 I ChainTrace: stream type=syncEvent gapMs=1108 refreshMarket=true
04-12 17:27:19.281  7398 11364 I ChainTrace: chart_pull phase=load_done symbol=BTCUSDT interval=1m request=1 durationMs=909 itemCount=240
04-12 17:27:19.317  2113 26293 I sensors-hal: handle_oplus_wise_rgb_event:189, high_pwm_light:lux 124.3,cct 6204.5,brl/algo/ir 1341.0/2.0/54.6,pwm/dc 0.0/0.0,rgbc 6014.775879/3910.129639/2579.243896/11305.443359,ts 1033254481375138,cnt 25674,flag 39612
04-12 17:27:19.317  2113 30657 I sensors-hal: handle_oplus_wise_rgb_event:161, wise_rgb: (25676)(cct, lux, ir)[6204.50, 124.26, 54.600761] (r, g, b, c)[6042.19, 3918.93, 2585.87, 11363.74]                 (pwm, hbm, brl, algo)[0.0 0.0 1341.0 2.0], flag 39612
04-12 17:27:19.358  2181  7371 E CwbService: Panel not support apl read or getDisplayPanelAplValue timeout 10ms.
04-12 17:27:19.358  2258  2258 D SensorFeature: name=ssc_screenshot_info ,index = 22
04-12 17:27:19.358  2258  2258 D SensorFeature: write 41 bytes:1033254750807913,1033254761919024,39613,0
04-12 17:27:19.394  7398  7456 D OplusScrollToTopManager: com.binance.monitor/com.binance.monitor.launcher.IconFinancialAlias,This com.android.internal.policy.DecorView{a5ac09f I.E...... R......D 0,0-1264,2780 aid=2 alpha=1.0 viewInfo = }[IconFinancialAlias] change focus to false
04-12 17:27:19.419  7398  7456 D OplusScrollToTopManager: com.binance.monitor/com.binance.monitor.ui.chart.MarketChartActivity,This com.android.internal.policy.DecorView{4285802 V.E...... R.....ID 0,0-1264,2780 aid=3 alpha=1.0 viewInfo = }[MarketChartActivity] change focus to true
04-12 17:27:19.422  7398  7398 I ChainTrace: chart_pull phase=ui_applied symbol=BTCUSDT interval=1m request=1 durationMs=1050 itemCount=240
04-12 17:27:19.499  2280  2331 D BatteryChargeControl: bcc get no support from charging protocol
04-12 17:27:19.533  2181  2506 I SDM     : DisplayBuiltIn::IdlePowerCollapse: IPC received, disabling partial update for one frame
04-12 17:27:19.584  2113 30657 I sensors-hal: handle_oplus_wise_rgb_event:161, wise_rgb: (25681)(cct, lux, ir)[6210.88, 127.48, 53.408176] (r, g, b, c)[6126.94, 3982.74, 2618.99, 11545.64]                 (pwm, hbm, brl, algo)[0.0 0.0 1341.0 2.0], flag 39613
04-12 17:27:19.693  2181  2506 I SDM     : DisplayBuiltIn::IdlePowerCollapse: IPC received, disabling partial update for one frame
04-12 17:27:19.702  2181  7371 E CwbService: Panel not support apl read or getDisplayPanelAplValue timeout 10ms.
04-12 17:27:19.702  2258  2258 D SensorFeature: name=ssc_screenshot_info ,index = 22
04-12 17:27:19.702  2258  2258 D SensorFeature: write 41 bytes:1033255050753295,1033255104874545,39614,0
04-12 17:27:19.812  2399  3162 D VRR [OTI]: handleIdle from 0 to 1
04-12 17:27:19.813  2399  3162 D VRR [OTI-HW]: isStateReady 0
04-12 17:27:19.813  2399  3162 D VRR [OTI-HW]: keep rate.
04-12 17:27:19.851  2113 30657 I sensors-hal: handle_oplus_wise_rgb_event:161, wise_rgb: (25686)(cct, lux, ir)[6202.34, 125.18, 54.602596] (r, g, b, c)[6047.18, 3923.33, 2583.66, 11370.74]                 (pwm, hbm, brl, algo)[0.0 0.0 1341.0 2.0], flag 39614
04-12 17:27:19.898  3438  4039 D QmiClient: qmiServiceEventCallback recv msg id 47
04-12 17:27:19.898  3438  4039 D QmiClient: enter -mServiceType 10 onQmiServiceEventCallback msgId 47
04-12 17:27:19.899  3438  4039 D QmiClient: onQmiServiceEventCallback - enter. msgId=47
04-12 17:27:19.899  3438  3488 D OttProxy: handleMessage msg is 3001
04-12 17:27:19.899 14034 25134 D SubsysRadioIndication[1]: radioLinkLatencyInfoInd
04-12 17:27:19.899 14034 25134 D SubsysRadioIndication[1]: notify enter
04-12 17:27:19.900 14034 14034 D NetworkService[1]: handleMessage what:1008
04-12 17:27:19.900 14034 14034 D NetworkService[1]: EVENT_REG_LINK_LATENCY_INFO_CHANGE ulLatency:9259
04-12 17:27:19.904  2113 26293 I sensors-hal: handle_oplus_wise_rgb_event:189, high_pwm_light:lux 125.2,cct 6202.3,brl/algo/ir 1341.0/2.0/54.6,pwm/dc 0.0/0.0,rgbc 6064.628906/3921.131836/2594.701660/11380.067383,ts 1033255058473315,cnt 25684,flag 39614
04-12 17:27:19.905  3590  9788 I AICCTModule: SensorFilter: brightness threshold 1.2 screenNit is 92.519 ave enviroment lux is 122.18721 luxForNit 89.63847demarcationPoint200.0 result is false
04-12 17:27:19.905  3590  9788 I AICCTModule: SensorFilter: findSecondNearestValue, sensorValue: 6102.164 nearestMaxValue:6102.164 secondNearestValue: 6102.164
04-12 17:27:19.905  3590  9788 I AICCTModule: SensorFilter: findSecondNearestValue, sensorValue: 114.6648 nearestMaxValue:114.6648 secondNearestValue: 114.6648
04-12 17:27:19.987 14034 15313 D CommonApp-266-10512: transport layer data is invalid
04-12 17:27:19.988 14034 15313 D CommonApp-265-10512: commonScoreStrategy scenarios 5 mdnsScore=0
04-12 17:27:19.988 14034 15313 D CommonApp-265-10512: notifyScoreChange appScene COMMON score 100
04-12 17:27:19.988 14034 15313 D ScorePolicy: handleScoreChanged: []
04-12 17:27:19.988 14034 15313 D ScorePolicy: handleScoreChanged: []
04-12 17:27:19.988 14034 15313 D ScorePolicy: handleScoreChanged: []
04-12 17:27:20.000  3590  7344 V AlarmManager: sending alarm Alarm{45b4c8e type 1 origWhen 1775986040000 whenElapsed 1033255414 android} uid 1000 whenElapsed 1033255414 windowLength 0 maxWhenElapsed 1033255414 repeatInterval 0 action null component null tag StorgaeBandInfoAlarmTag flags 0x9 procName system_server
04-12 17:27:20.001  3590 10338 E OplusStorageUFSBandwidth: storage_io_metrics_path is /proc/oplus_storage/io_metrics/forever/
04-12 17:27:20.002  3590 10338 E OplusStorageUFSBandwidth: Bandwidth - Read: 7.99 MB/s, Write: 0.00 MB/s
04-12 17:27:20.002  3590 10338 E OplusStorageUFSBandwidth: Task time: 1ms
04-12 17:27:20.004  2258  2258 D SensorFeature: name=ssc_screenshot_info ,index = 22
04-12 17:27:20.004  2258  2258 D SensorFeature: write 41 bytes:1033255050753295,1033255417552826,39615,0
04-12 17:27:20.006  3590 10338 E OplusStorageUFSBandwidth: Alarm set to trigger in 10 seconds
04-12 17:27:20.118  3590  7333 D FusionLightNextGen: process end reported = 1, mode: 0, cnt: 82920, lux 121.1, cct 6132.5, r/g/b/c: 6037.2/3923.3/2583.7/11354.4, R/G/B: 31.0/33.0/33.0, bri 1341.0, match 1.00, ir 0.053382, conf 5.0, ts 1033255402950919
04-12 17:27:20.119  2113 30657 I sensors-hal: handle_oplus_wise_rgb_event:161, wise_rgb: (25691)(cct, lux, ir)[6125.25, 124.33, 55.306702] (r, g, b, c)[6037.21, 3910.13, 2572.62, 11319.44]                 (pwm, hbm, brl, algo)[0.0 0.0 1341.0 2.0], flag 39615
04-12 17:27:20.190  2727  3986 D QmiClient: qmiServiceEventCallback recv msg id 1099
04-12 17:27:20.191  2727  3986 D QmiClient: enter -mServiceType 4 onQmiServiceEventCallback msgId 1099
04-12 17:27:20.191  3438  3988 D QmiClient: qmiServiceEventCallback recv msg id 1099
04-12 17:27:20.191  2727  3986 D QmiClient: onQmiServiceEventCallback - enter. msgId=1099
04-12 17:27:20.191  3438  3988 D QmiClient: enter -mServiceType 4 onQmiServiceEventCallback msgId 1099
04-12 17:27:20.191  3438  3988 D QmiClient: onQmiServiceEventCallback - enter. msgId=1099
04-12 17:27:20.191  2727  3986 D QmiVsClientEvent: QosPeriodReportInd MSG IND data_len 2052
04-12 17:27:20.191  2727  3986 D QmiVsClientEvent: qmiVsClientNotifyQosPeriodReportIndEvent - RADIO_EVENT_QOS_PERIOD_REPORT_NOTIFY_IND
04-12 17:27:20.191  3438  3988 D QmiVsClientEvent: QosPeriodReportInd MSG IND data_len 2052
04-12 17:27:20.191  3438  3988 D QmiVsClientEvent: qmiVsClientNotifyQosPeriodReportIndEvent - RADIO_EVENT_QOS_PERIOD_REPORT_NOTIFY_IND
04-12 17:27:20.191  2727  2826 D VsProxy : handleMessage msg is 2420
04-12 17:27:20.191  3438  3485 D VsProxy : handleMessage msg is 2420
04-12 17:27:20.191  2727  2826 D VsProxy : handleQosPeriodReportInd for instance 0 data_len 145
04-12 17:27:20.191  3438  3485 D VsProxy : handleQosPeriodReportInd for instance 1 data_len 192
04-12 17:27:20.192 14034 25134 D SubsysRadioIndication[0]: radioQosPeriodReportInd result [8, -76, -75, -80, -128, 15, 34, 12, 8, -6, -46, -82, -128, 15, 16, 4, 24, 1, 32, 3, 58, 61, 8, -126, -88, -80, -128, 15, 16, 5, 24, -64, -92, 38, 32, -22, 6, 40, -87, -1, -1, -1, -1, -1, -1, -1, -1, 1, 48, -10, -1, -1, -1, -1, -1, -1, -1, -1, 1, 56, 16, 64, -90, -1, -1, -1, -1, -1, -1, -1, -1, 1, 72, -87, -1, -1, -1, -1, -1, -1, -1, -1, 1, 66, 29, 8, -82, -39, -82, -128, 15, 16, 5, 34, 19, 8, -64, -92, 38, 16, -22, 6, 24, 78, 32, 13, 40, -117, -32, -94, -93, 2, 48, 2, 90, 0, 98, 10, 8, -120, -45, -82, -128, 15, 16, 3, 24, 5, 122, 15, 8, -4, -44, -82, -128, 15, 16, -42, 1, 24, -21, 1, 32, -72, 8]
04-12 17:27:20.192 14034 14677 D SubsysRadioIndication[1]: radioQosPeriodReportInd result [8, -76, -75, -80, -128, 15, 18, 21, 8, -10, -77, -80, -128, 15, 16, 12, 32, -92, 24, 40, 12, 56, -19, 3, 64, -57, 2, 72, 1, 26, 15, 8, -82, -78, -80, -128, 15, 16, 15, 40, 12, 56, -29, 84, 72, 6, 34, 12, 8, -6, -46, -82, -128, 15, 16, 4, 24, 1, 32, 3, 58, 61, 8, -10, -77, -80, -128, 15, 16, 5, 24, -98, -23, 30, 32, -10, 3, 40, -89, -1, -1, -1, -1, -1, -1, -1, -1, 1, 48, -12, -1, -1, -1, -1, -1, -1, -1, -1, 1, 56, 6, 64, -89, -1, -1, -1, -1, -1, -1, -1, -1, 1, 72, -90, -1, -1, -1, -1, -1, -1, -1, -1, 1, 66, 31, 8, -66, -40, -83, -128, 15, 16, 5, 24, 2, 34, 19, 8, -98, -23, 30, 16, -10, 3, 24, 41, 32, 13, 40, -126, -64, -27, -123, 21, 48, 2, 90, 0, 98, 10, 8, -66, -31, -92, -128, 15, 16, 3, 24, 5, 122, 20, 8, -28, -78, -80, -128, 15, 16, -1, -1, 1, 24, -1, -1, 1, 32, -1, -1, -1, -1, 15]
04-12 17:27:20.192 14034 14034 D NetworkService[0]: handleMessage what:1005
04-12 17:27:20.192 14034 14034 D RadioAtomTracker: parseQosPeriodData ModemQos:CellularQosInfo2{5G, 627264/874, EndcState=0, Band=78, DLBW=13, Rsrp=-87, Rsrq=-10, Snr=16, SvcStatus=3, ULPDCPNumDataPdu=-1, ULPDCPNumDropPdu=-1, ULPDCPTput=-1, ULRLCNumDataPdu=-1, ULRLCNumRetxPdu=-1, ULGrant=-1, ULBSR=-1, ULBler=-1, DLPDCPNumDataPdu=-1, DLPDCPTput=-1, DLRLCNumDataPdu=-1, DLRLCNumRetxPdu=-1, DLRLCNumDropPdu=-1, DLMACPaddingBytes=-1, DLPdcpNumMissToUppPdu=-1, DLBler=-1, RlfCount=0, CellChangeCount=0, IsRedirectionOccur=0, IsDualSimConflict=0, Latency=0, Sub1RrcState=1, Sub2RrcState=3, RachCount=0, CalcPower=214, Mtpl=235, PathLoss=1080, CellLoad=0}
04-12 17:27:20.192 14034 14034 D NetworkService[0]: EVENT_REG_QOS_PERIOD_REPORT_IND_CHANGED ENTER
04-12 17:27:20.192 14034 14034 D NetworkService[1]: handleMessage what:1005
04-12 17:27:20.192 14034 14034 D RadioAtomTracker: parseQosPeriodData ModemQos:CellularQosInfo1{5G, 504990/502, EndcState=2, Band=41, DLBW=13, Rsrp=-89, Rsrq=-12, Snr=6, SvcStatus=3, ULPDCPNumDataPdu=12, ULPDCPNumDropPdu=0, ULPDCPTput=3108, ULRLCNumDataPdu=12, ULRLCNumRetxPdu=0, ULGrant=493, ULBSR=327, ULBler=1, DLPDCPNumDataPdu=12, DLPDCPTput=10851, DLRLCNumDataPdu=15, DLRLCNumRetxPdu=0, DLRLCNumDropPdu=0, DLMACPaddingBytes=0, DLPdcpNumMissToUppPdu=0, DLBler=6, RlfCount=0, CellChangeCount=0, IsRedirectionOccur=0, IsDualSimConflict=0, Latency=9, Sub1RrcState=1, Sub2RrcState=3, RachCount=0, CalcPower=32767, Mtpl=32767, PathLoss=-1, CellLoad=0}
04-12 17:27:20.192 14034 14034 D NetworkService[1]: EVENT_REG_QOS_PERIOD_REPORT_IND_CHANGED ENTER
04-12 17:27:20.192 14034 14034 D AtomModemKpiInfo: handleMessage what:1001
04-12 17:27:20.192 14034 14034 D AtomModemKpiInfo: analyseQosInfo success
04-12 17:27:20.218  3590  3830 W QosScheduler: executeSceneQosStrategy failed! qos feature no enable
04-12 17:27:20.237  7398  7540 I ChainTrace: stream type=syncEvent gapMs=964 refreshMarket=true
04-12 17:27:20.252  2181  2506 I SDM     : DisplayBuiltIn::IdlePowerCollapse: IPC received, disabling partial update for one frame
04-12 17:27:20.258 20008 20257 D HLog-HLog: [metis]updateMemoryCache existPushInfo : 
04-12 17:27:20.258 20008 20257 D HLog-UpMgr: [metis]配置是否有变更 : true
04-12 17:27:20.258 20008 20257 D HLog-HLog: [metis]findCurrentTraceDto existPushInfo : 
04-12 17:27:20.258 20008 20257 D HLog-UpMgr: [metis]检查配置是否有更新 !
04-12 17:27:20.261  2258  2258 D SensorFeature: name=ssc_screenshot_info ,index = 22
04-12 17:27:20.261  2258  2258 D SensorFeature: write 41 bytes:1033255050753295,1033255675057045,39616,0
04-12 17:27:20.277  7398  7425 I binance.monitor: _Desupression native alloc gc_urgency: 70269 native bytes: 40189144
04-12 17:27:20.332  3590  9134 D NotificationService--OplusNotificationFixHelper: fixAppIcon: pkg=com.v2ray.ang
04-12 17:27:20.332  3590  9134 D NotificationService--OplusNotificationFixHelper: fixAppIcon: appIcon = null, pkg = com.v2ray.ang
04-12 17:27:20.332  3590  9134 D NotificationService--NotificationRecord: isSupportRearLight , isRearLight = false mLedRM = false isMultilLed = false
04-12 17:27:20.333  3590  9134 I OplusStatusBarManagerServiceEnhance:  getTopIsFullscreen mTopIsFullscreen: false
04-12 17:27:20.333  3590  9134 W ActivityManager: Permission Denial: getTopApplicationInfo from pid=28141, uid=10397 requires oplus.permission.OPLUS_COMPONENT_SAFE
04-12 17:27:20.333  3590  9134 E OplusNotificationCenter: getForegroundApplication exception
04-12 17:27:20.333  3590  3590 D NotificationService--OplusNotificationManagerServiceExtImpl: isForwardToAssistants: true, case : Is local notification
04-12 17:27:20.333  3590  3590 D NotificationService: This application enqueue notifications is need postDelayed mcsAssistantDelayTime: 50
04-12 17:27:20.336  2181  2506 I SDM     : DisplayBuiltIn::IdlePowerCollapse: IPC received, disabling partial update for one frame
04-12 17:27:20.384  2113 26293 I sensors-hal: handle_oplus_wise_rgb_event:189, high_pwm_light:lux 124.8,cct 6275.4,brl/algo/ir 1341.0/2.0/53.0,pwm/dc 0.0/0.0,rgbc 6044.687012/3907.929443/2572.618652/11345.085938,ts 1033255625235242,cnt 25694,flag 39616
04-12 17:27:20.385  2113 30657 I sensors-hal: handle_oplus_wise_rgb_event:161, wise_rgb: (25696)(cct, lux, ir)[6275.41, 124.82, 53.007915] (r, g, b, c)[6027.24, 3905.73, 2570.41, 11335.76]                 (pwm, hbm, brl, algo)[0.0 0.0 1341.0 2.0], flag 39616
04-12 17:27:20.393  7398  7398 I SurfaceControl:  setExtendedRangeBrightness sc=Surface(name=)/@0xb5ec0c6,currentBufferRatio=1.0,desiredRatio=1.0
04-12 17:27:20.393  3590  8836 V WindowManager: Relayout Window{2232c0f u0 com.binance.monitor}: viewVisibility=0, oldvis=0, req=315x429 , apr = 0, vsysui=, x=42, y=420
04-12 17:27:20.393  3590  7998 I [UAH_CLIENT]: uahRuleCtl, ruleId:206, status:3
04-12 17:27:20.393  3590  8836 D InsetsSourceProvider: updateSourceFrameForServerVisibility mandatorySystemGestures EMPTY_RECT
04-12 17:27:20.395  3590  3875 D VRR [OPlusSurfaceFlingerController]:  setComplexSceneEnable : true
04-12 17:27:20.395  3590  8836 D InsetsSourceProvider: updateSourceFrameForServerVisibility mandatorySystemGestures EMPTY_RECT
04-12 17:27:20.397  8338  8338 W OPLUS_LOG_LOAD: ==LOGS PROG INFO, prog(com.android.systemui) ==
04-12 17:27:20.397  8338  8338 I SystemUi--Notification: OplusLiveAlertNotificationsRepository-->onRankingApplied
04-12 17:27:20.403  8338  8338 I PluginSeedling--Track: RequestHandler-->notificationUpdated 0|com.v2ray.ang|1|null|10397 postTime: 1775986040332
04-12 17:27:20.403  8338  8338 E LockScreenNotificationDispatcherImp: updateNotificationListOnKg size:0
04-12 17:27:20.407  8338  8338 W SystemUi--Notification: OplusNotificationGroupExtImpl-->setChildrenExpanded: groupHeader is null
04-12 17:27:20.408  8338  8338 I SystemUi--Notification: LockScreenNotificationDispatcherImp-->updateNotificationListOnKg resultCode: 0
04-12 17:27:20.426  8338  8706 D LocalImageResolver: Couldn't use ImageDecoder for drawable, falling back to non-resized load.
04-12 17:27:20.428  8338  8706 D LocalImageResolver: Couldn't use ImageDecoder for drawable, falling back to non-resized load.
04-12 17:27:20.428  8338  8338 D OplusNotificationDateTimeView: setTime mSettingTimeMillis 1775986040329, mSettingLocalDateTime 2026-04-12T17:27:00.329
04-12 17:27:20.430  8338  8706 D LocalImageResolver: Couldn't use ImageDecoder for drawable, falling back to non-resized load.
04-12 17:27:20.437  8338  8338 D OplusNotificationDateTimeView: setTime mSettingTimeMillis 1775986040329, mSettingLocalDateTime 2026-04-12T17:27:00.329
04-12 17:27:20.440  8338  8338 D OplusNotificationDateTimeView: setTime mSettingTimeMillis 1775986040329, mSettingLocalDateTime 2026-04-12T17:27:00.329
04-12 17:27:20.440  8338  8338 I SystemUi--Notification: OplusNotificationTempla-->resolveContentMargin: marginTop=112 isChildInGroup=false hasSubtitle=true params.topMargin=112
04-12 17:27:20.441  8338  8338 W SystemUi--Notification: OplusNotificationGroupExtImpl-->setChildrenExpanded: groupHeader is null
04-12 17:27:20.447  8338  8338 E LockScreenNotificationDispatcherImp: updateNotificationListOnKg size:0
04-12 17:27:20.453  8338  8338 W SystemUi--Notification: OplusNotificationGroupExtImpl-->setChildrenExpanded: groupHeader is null
04-12 17:27:20.453  8338  8338 I SystemUi--Notification: LockScreenNotificationDispatcherImp-->updateNotificationListOnKg resultCode: 0
04-12 17:27:20.465  3590  7335 D ActivityManager: freezing 14836 com.google.android.projection.gearhead:shared
04-12 17:27:20.467  3590  7335 D ActivityManager: Freeze process 14836, not check file locks
04-12 17:27:20.467  3590  7335 D ActivityManager: freezing 6694 com.oplus.trafficmonitor
04-12 17:27:20.468  3590  7335 D ActivityManager: freezing 24591 com.google.android.webview:webview_service
04-12 17:27:20.469  3590  7335 D ActivityManager: Freeze process 24591, not check file locks
04-12 17:27:20.469  3590  7335 D ActivityManager: freezing 29272 com.android.packageinstaller
04-12 17:27:20.470  3590  7335 D ActivityManager: Freeze process 29272, not check file locks
04-12 17:27:20.470  3590  7335 D ActivityManager: freezing 27799 com.coloros.alarmclock
04-12 17:27:20.472  3590  7335 D ActivityManager: freezing 9565 com.android.incallui
04-12 17:27:20.474  3590  7335 D ActivityManager: freezing 27732 com.google.android.webview:webview_service
04-12 17:27:20.475  3590  7335 D ActivityManager: Freeze process 27732, not check file locks
04-12 17:27:20.475  3590  7335 D ActivityManager: freezing 18489 com.android.cellbroadcastreceiver.module
04-12 17:27:20.475  3590  7335 D ActivityManager: Freeze process 18489, not check file locks
04-12 17:27:20.475  3590  7335 D ActivityManager: freezing 5279 com.android.settings:background
04-12 17:27:20.476  3590  7335 D ActivityManager: freezing 4384 com.android.DeviceAsWebcam
04-12 17:27:20.476  3590  7335 D ActivityManager: freezing 15448 com.coloros.alarmclock:clockWidget
04-12 17:27:20.477  3590  7335 D ActivityManager: Freeze process 15448, not check file locks
04-12 17:27:20.477  3590  7335 D ActivityManager: freezing 30478 com.oplus.safecenter
04-12 17:27:20.477  3590  7335 D ActivityManager: freezing 6613 com.android.keychain
04-12 17:27:20.478  3590  7335 D ActivityManager: freezing 20304 com.oplus.notificationmanager
04-12 17:27:20.478  3590  7335 D ActivityManager: freezing 27263 com.oplus.securitypermission
04-12 17:27:20.479  3590  7335 D ActivityManager: Freeze process 27263, not check file locks
04-12 17:27:20.479  3590  7335 D ActivityManager: freezing 25236 com.android.mms
04-12 17:27:20.481  3590  7335 D ActivityManager: freezing 28186 com.microsoft.appmanager
04-12 17:27:20.482  3590  7335 D ActivityManager: Freeze process 28186, not check file locks
04-12 17:27:20.482  3590  7335 D ActivityManager: freezing 12014 com.android.contacts
04-12 17:27:20.484  3590  7335 D ActivityManager: freezing 22968 com.oplus.securitypermission
04-12 17:27:20.485  3590  7335 D ActivityManager: freezing 6651 com.android.permissioncontroller
04-12 17:27:20.485  3590  7335 D ActivityManager: Freeze process 6651, not check file locks
04-12 17:27:20.485  3590  7335 D ActivityManager: freezing 21998 com.ted.number
04-12 17:27:20.486  3590  7335 D ActivityManager: Freeze process 21998, not check file locks
04-12 17:27:20.486  3590  7335 D ActivityManager: freezing 7560 com.android.contacts:syswork
04-12 17:27:20.486  3590  7335 D ActivityManager: Freeze process 7560, not check file locks
04-12 17:27:20.487  3590  7335 D ActivityManager: freezing 4724 com.oplus.romupdate
04-12 17:27:20.487  3590  7335 D ActivityManager: Freeze process 4724, not check file locks
04-12 17:27:20.487  3590  7335 D ActivityManager: reportOneUidFrozenStateChanged uid 10264 frozen = true
04-12 17:27:20.487  3590  7335 D ActivityManager: reportOneUidFrozenStateChanged uid 99910265 frozen = true
04-12 17:27:20.487  3590  7335 D ActivityManager: reportOneUidFrozenStateChanged uid 10211 frozen = true
04-12 17:27:20.487  3590  7335 D ActivityManager: reportOneUidFrozenStateChanged uid 10265 frozen = true
04-12 17:27:20.487  3590  7335 D ActivityManager: reportOneUidFrozenStateChanged uid 10276 frozen = true
04-12 17:27:20.487  3590  7335 D ActivityManager: reportOneUidFrozenStateChanged uid 10294 frozen = true
04-12 17:27:20.487  3590  7335 D ActivityManager: reportOneUidFrozenStateChanged uid 99901000 frozen = true
04-12 17:27:20.487  3590  7335 D ActivityManager: reportOneUidFrozenStateChanged uid 10114 frozen = true
04-12 17:27:20.487  3590  7335 D ActivityManager: reportOneUidFrozenStateChanged uid 10284 frozen = true
04-12 17:27:20.487  3590  7335 D ActivityManager: reportOneUidFrozenStateChanged uid 10120 frozen = true
04-12 17:27:20.487  3590  7335 D ActivityManager: reportOneUidFrozenStateChanged uid 10103 frozen = true
04-12 17:27:20.487  3590  7335 D ActivityManager: reportOneUidFrozenStateChanged uid 10186 frozen = true
04-12 17:27:20.487  3590  8475 I OplusHansManager : addToManagedMap(), uid=10095, targetId=1, mSceneCombo.getTargetFlags()=5
04-12 17:27:20.487  3590  8475 I OplusHansManager : addToManagedMap(), uid=10095, pkgName=com.coloros.codebook, can enter SM
04-12 17:27:20.487  3590  8475 I OplusHansManager : addToManagedMap(), uid=10096, targetId=1, mSceneCombo.getTargetFlags()=5
04-12 17:27:20.487  3590  8475 I OplusHansManager : addToManagedMap(), uid=10107, targetId=1, mSceneCombo.getTargetFlags()=5
04-12 17:27:20.487  3590  8475 I OplusHansManager : addToManagedMap(), uid=10107, pkgName=com.heytap.market, can enter SM
04-12 17:27:20.487  3590  8475 I OplusHansManager : addToManagedMap(), uid=10108, targetId=1, mSceneCombo.getTargetFlags()=5
04-12 17:27:20.487  3590  8475 I OplusHansManager : addToManagedMap(), uid=10108, pkgName=com.oplus.appdetail, can enter SM
04-12 17:27:20.487  3590  8472 I OplusHansManager : uid=10095, pkg=com.coloros.codebook enter SM
04-12 17:27:20.487  3590  8475 I OplusHansManager : addToManagedMap(), uid=10119, targetId=1, mSceneCombo.getTargetFlags()=5
04-12 17:27:20.487  3590  8475 I OplusHansManager : addToManagedMap(), uid=10119, pkgName=com.heytap.openid, can enter SM
04-12 17:27:20.487  3590  8475 I OplusHansManager : addToManagedMap(), uid=10130, targetId=1, mSceneCombo.getTargetFlags()=5
04-12 17:27:20.487  3590  8475 I OplusHansManager : addToManagedMap(), uid=10130, pkgName=com.coloros.gallery3d, can enter SM
04-12 17:27:20.487  3590  8475 I OplusHansManager : addToManagedMap(), uid=10136, targetId=1, mSceneCombo.getTargetFlags()=5
04-12 17:27:20.487  3590  8475 I OplusHansManager : addToManagedMap(), uid=10149, targetId=1, mSceneCombo.getTargetFlags()=5
04-12 17:27:20.487  3590  8475 I OplusHansManager : addToManagedMap(), uid=10149, pkgName=com.oplus.aiunit, can enter SM
04-12 17:27:20.487  3590  8472 I OplusHansManager : uid=10095, pkg=com.coloros.codebook R enter(), D stay=145
04-12 17:27:20.487  3590  8475 I OplusHansManager : addToManagedMap(), uid=10155, targetId=1, mSceneCombo.getTargetFlags()=5
04-12 17:27:20.487  3590  8472 I OplusHansManager : uid=10107, pkg=com.heytap.market enter SM
04-12 17:27:20.487  3590  8475 I OplusHansManager : addToManagedMap(), uid=10161, targetId=1, mSceneCombo.getTargetFlags()=5
04-12 17:27:20.487  3590  8472 I OplusHansManager : uid=10107, pkg=com.heytap.market R enter(), D stay=145
04-12 17:27:20.487  3590  8472 I OplusHansManager : uid=10108, pkg=com.oplus.appdetail enter SM
04-12 17:27:20.487  3590  8475 I OplusHansManager : addToManagedMap(), uid=10167, targetId=1, mSceneCombo.getTargetFlags()=5
04-12 17:27:20.487  3590  8472 I OplusHansManager : uid=10108, pkg=com.oplus.appdetail R enter(), D stay=145
04-12 17:27:20.487  3590  8472 I OplusHansManager : uid=10119, pkg=com.heytap.openid enter SM
04-12 17:27:20.487  3590  8472 I OplusHansManager : uid=10119, pkg=com.heytap.openid R enter(), D stay=145
04-12 17:27:20.487  3590  8475 I OplusHansManager : addToManagedMap(), uid=10168, targetId=1, mSceneCombo.getTargetFlags()=5
04-12 17:27:20.487  3590  8472 I OplusHansManager : uid=10130, pkg=com.coloros.gallery3d enter SM
04-12 17:27:20.487  3590  8475 I OplusHansManager : addToManagedMap(), uid=10173, targetId=1, mSceneCombo.getTargetFlags()=5
04-12 17:27:20.487  3590  8472 I OplusHansManager : uid=10130, pkg=com.coloros.gallery3d R enter(), D stay=145
04-12 17:27:20.487  3590  8475 I OplusHansManager : addToManagedMap(), uid=10173, pkgName=com.nearme.instant.platform, can enter SM
04-12 17:27:20.487  3590  8472 I OplusHansManager : uid=10149, pkg=com.oplus.aiunit enter SM
04-12 17:27:20.487  3590  8475 I OplusHansManager : addToManagedMap(), uid=10178, targetId=1, mSceneCombo.getTargetFlags()=5
04-12 17:27:20.487  3590  8475 I OplusHansManager : addToManagedMap(), uid=10179, targetId=1, mSceneCombo.getTargetFlags()=5
04-12 17:27:20.487  3590  8475 I OplusHansManager : addToManagedMap(), uid=10188, targetId=1, mSceneCombo.getTargetFlags()=5
04-12 17:27:20.487  3590  8472 I OplusHansManager : uid=10149, pkg=com.oplus.aiunit R enter(), D stay=145
04-12 17:27:20.488  3590  8472 I OplusHansManager : uid=10173, pkg=com.nearme.instant.platform enter SM
04-12 17:27:20.488  3590  8475 I OplusHansManager : addToManagedMap(), uid=10188, pkgName=com.coloros.weather.service, can enter SM
04-12 17:27:20.488  3590  8472 I OplusHansManager : uid=10173, pkg=com.nearme.instant.platform R enter(), D stay=145
04-12 17:27:20.488  3590  8475 I OplusHansManager : addToManagedMap(), uid=10190, targetId=1, mSceneCombo.getTargetFlags()=5
04-12 17:27:20.488  3590  8472 I OplusHansManager : uid=10188, pkg=com.coloros.weather.service enter SM
04-12 17:27:20.488  3590  8472 I OplusHansManager : uid=10188, pkg=com.coloros.weather.service R enter(), D stay=145
04-12 17:27:20.488  3590  8475 I OplusHansManager : addToManagedMap(), uid=10191, targetId=1, mSceneCombo.getTargetFlags()=5
04-12 17:27:20.488  3590  8475 I OplusHansManager : addToManagedMap(), uid=10191, pkgName=com.coloros.securityguard, can enter SM
04-12 17:27:20.488  3590  8475 I OplusHansManager : addToManagedMap(), uid=10192, targetId=1, mSceneCombo.getTargetFlags()=5
04-12 17:27:20.488  3590  8472 I OplusHansManager : uid=10191, pkg=com.coloros.securityguard enter SM
04-12 17:27:20.488  3590  8472 I OplusHansManager : uid=10191, pkg=com.coloros.securityguard R enter(), D stay=145
04-12 17:27:20.488  3590  8475 I OplusHansManager : addToManagedMap(), uid=10199, targetId=1, mSceneCombo.getTargetFlags()=5
04-12 17:27:20.488  3590  8475 I OplusHansManager : addToManagedMap(), uid=10201, targetId=1, mSceneCombo.getTargetFlags()=5
04-12 17:27:20.488  3590  8475 I OplusHansManager : addToManagedMap(), uid=10218, targetId=1, mSceneCombo.getTargetFlags()=5
04-12 17:27:20.488  3590  8475 I OplusHansManager : addToManagedMap(), uid=10241, targetId=1, mSceneCombo.getTargetFlags()=5
04-12 17:27:20.488  3590  8475 I OplusHansManager : addToManagedMap(), uid=10245, targetId=1, mSceneCombo.getTargetFlags()=5
04-12 17:27:20.488  3590  8475 I OplusHansManager : addToManagedMap(), uid=10253, targetId=1, mSceneCombo.getTargetFlags()=5
04-12 17:27:20.488  3590  8475 I OplusHansManager : addToManagedMap(), uid=10260, targetId=1, mSceneCombo.getTargetFlags()=5
04-12 17:27:20.488  3590  8475 I OplusHansManager : addToManagedMap(), uid=10298, targetId=1, mSceneCombo.getTargetFlags()=5
04-12 17:27:20.488  3590  8475 I OplusHansManager : addToManagedMap(), uid=10298, pkgName=com.coloros.calendar, can enter SM
04-12 17:27:20.488  3590  8475 I OplusHansManager : addToManagedMap(), uid=10301, targetId=1, mSceneCombo.getTargetFlags()=5
04-12 17:27:20.488  3590  8475 I OplusHansManager : addToManagedMap(), uid=10301, pkgName=com.finshell.wallet, can enter SM
04-12 17:27:20.488  3590  8475 I OplusHansManager : addToManagedMap(), uid=10313, targetId=1, mSceneCombo.getTargetFlags()=5
04-12 17:27:20.488  3590  8472 I OplusHansManager : uid=10298, pkg=com.coloros.calendar enter SM
04-12 17:27:20.488  3590  8475 I OplusHansManager : addToManagedMap(), uid=10318, targetId=1, mSceneCombo.getTargetFlags()=5
04-12 17:27:20.488  3590  8475 I OplusHansManager : addToManagedMap(), uid=10318, pkgName=com.coloros.weather2, can enter SM
04-12 17:27:20.488  3590  8472 I OplusHansManager : uid=10298, pkg=com.coloros.calendar R enter(), D stay=145
04-12 17:27:20.488  3590  8472 I OplusHansManager : uid=10301, pkg=com.finshell.wallet enter SM
04-12 17:27:20.488  3590  8475 I OplusHansManager : addToManagedMap(), uid=10319, targetId=1, mSceneCombo.getTargetFlags()=5
04-12 17:27:20.488  3590  8475 I OplusHansManager : addToManagedMap(), uid=10327, targetId=1, mSceneCombo.getTargetFlags()=5
04-12 17:27:20.488  3590  8475 I OplusHansManager : addToManagedMap(), uid=10338, targetId=1, mSceneCombo.getTargetFlags()=5
04-12 17:27:20.488  3590  8472 I OplusHansManager : uid=10301, pkg=com.finshell.wallet R enter(), D stay=145
04-12 17:27:20.488  3590  8472 I OplusHansManager : uid=10318, pkg=com.coloros.weather2 enter SM
04-12 17:27:20.488  3590  8472 I OplusHansManager : uid=10318, pkg=com.coloros.weather2 R enter(), D stay=145
04-12 17:27:20.488  3590  7902 D InetDiagMessage: Destroyed 0 sockets, proto=IPPROTO_TCP, family=AF_INET, states=14
04-12 17:27:20.489  3590  7902 D InetDiagMessage: Destroyed 0 sockets, proto=IPPROTO_TCP, family=AF_INET6, states=14
04-12 17:27:20.489  3590  7902 D InetDiagMessage: Destroyed live tcp sockets for uids={10264} in 2ms
04-12 17:27:20.490  3590  7902 D InetDiagMessage: Destroyed 0 sockets, proto=IPPROTO_TCP, family=AF_INET, states=14
04-12 17:27:20.491  3590  7902 D InetDiagMessage: Destroyed 0 sockets, proto=IPPROTO_TCP, family=AF_INET6, states=14
04-12 17:27:20.491  3590  7902 D InetDiagMessage: Destroyed live tcp sockets for uids={99910265} in 2ms
04-12 17:27:20.492  3590  7902 D InetDiagMessage: Destroyed 0 sockets, proto=IPPROTO_TCP, family=AF_INET, states=14
