04-12 17:24:33.524  1344  7973 E android.system.suspend-service: Error opening wakeup55/wakeup_count for wakeup55: Permission denied
04-12 17:24:33.525  1344  7973 E android.system.suspend-service: Error opening wakeup63/name for wakeup63: Permission denied
04-12 17:24:33.525  1344  7973 E android.system.suspend-service: Error opening wakeup63/active_count for wakeup63: Permission denied
04-12 17:24:33.525  1344  7973 E android.system.suspend-service: Error opening wakeup63/last_change_ms for wakeup63: Permission denied
04-12 17:24:33.525  1344  7973 E android.system.suspend-service: Error opening wakeup63/max_time_ms for wakeup63: Permission denied
04-12 17:24:33.525  1344  7973 E android.system.suspend-service: Error opening wakeup63/total_time_ms for wakeup63: Permission denied
04-12 17:24:33.525  1344  7973 E android.system.suspend-service: Error opening wakeup63/active_time_ms for wakeup63: Permission denied
04-12 17:24:33.525  1344  7973 E android.system.suspend-service: Error opening wakeup63/event_count for wakeup63: Permission denied
04-12 17:24:33.525  1344  7973 E android.system.suspend-service: Error opening wakeup63/expire_count for wakeup63: Permission denied
04-12 17:24:33.525  1344  7973 E android.system.suspend-service: Error opening wakeup63/prevent_suspend_time_ms for wakeup63: Permission denied
04-12 17:24:33.525  1344  7973 E android.system.suspend-service: Error opening wakeup63/wakeup_count for wakeup63: Permission denied
04-12 17:24:33.525  1344  7973 E android.system.suspend-service: Error opening wakeup41/name for wakeup41: Permission denied
04-12 17:24:33.525  1344  7973 E android.system.suspend-service: Error opening wakeup41/active_count for wakeup41: Permission denied
04-12 17:24:33.525  1344  7973 E android.system.suspend-service: Error opening wakeup41/last_change_ms for wakeup41: Permission denied
04-12 17:24:33.525  1344  7973 E android.system.suspend-service: Error opening wakeup41/max_time_ms for wakeup41: Permission denied
04-12 17:24:33.525  1344  7973 E android.system.suspend-service: Error opening wakeup41/total_time_ms for wakeup41: Permission denied
04-12 17:24:33.525  1344  7973 E android.system.suspend-service: Error opening wakeup41/active_time_ms for wakeup41: Permission denied
04-12 17:24:33.525  1344  7973 E android.system.suspend-service: Error opening wakeup41/event_count for wakeup41: Permission denied
04-12 17:24:33.525  1344  7973 E android.system.suspend-service: Error opening wakeup41/expire_count for wakeup41: Permission denied
04-12 17:24:33.525  1344  7973 E android.system.suspend-service: Error opening wakeup41/prevent_suspend_time_ms for wakeup41: Permission denied
04-12 17:24:33.525  1344  7973 E android.system.suspend-service: Error opening wakeup41/wakeup_count for wakeup41: Permission denied
04-12 17:24:33.526 21998 22023 D libc-netbsd: [oplusDnsOpenProxy]: __netdClientDispatch.connect errno = 111
04-12 17:24:33.526 21998 22023 D DNS_CACHE: oplus_oplus_getaddrinfo_proxy open dns proxy failed, use android flow: 10120
04-12 17:24:33.538 28141 28305 I GoLog   : from udp:127.0.0.1:54040 accepted udp:114.114.114.114:53 [socks -> dns-out]
04-12 17:24:33.539  1905  2002 E TetherController: property_get sys.radio.data.modem_share_flag return 0, 1!
04-12 17:24:33.540 28141 28305 I GoLog   : from DNS accepted udp:114.114.114.114:53 [domestic-dns -> direct]
04-12 17:24:33.540  3590  3848 D BatteryExternalStatsWorker: end updateExternalStatsSync
04-12 17:24:33.541  3590  3849 I OplusThermalStats: mChargeUploadMap StartBatRm:4104
04-12 17:24:33.541  3590  3849 I OplusThermalStats: mChargeUploadMap startTemp:277
04-12 17:24:33.541  3590  3849 I OplusThermalStats: mChargeUploadMap chargePlug:usb
04-12 17:24:33.541  3590  3849 I OplusThermalStats: mChargeUploadMap EndBatRm:4126
04-12 17:24:33.541  3590  3849 I OplusThermalStats: mChargeUploadMap chargeTime:4
04-12 17:24:33.541  3590  3849 I OplusThermalStats: mChargeUploadMap maxTemp:277
04-12 17:24:33.541  3590  3849 I OplusThermalStats: mChargeUploadMap startLevel:84
04-12 17:24:33.541  3590  3849 I OplusThermalStats: mChargeUploadMap endLevel:84
04-12 17:24:33.541  3590  3849 I OplusThermalStats: mChargeUploadMap minTemp:274
04-12 17:24:33.541  3590  3849 I OplusThermalStats: mChargeUploadMap startHour:17
04-12 17:24:33.541  3590  3849 I OplusThermalStats: mChargeUploadMap chargeId:0
04-12 17:24:33.541  3590  3849 I OplusThermalStats: mChargeUploadMap startTime:2026-04-12-17-19-54
04-12 17:24:33.541  3590  3849 I OplusThermalStats: mChargeUploadMap endTime:2026-04-12-17-24-33
04-12 17:24:33.541  3590  3849 I OplusThermalStats: mChargeUploadMap endTemp:274
04-12 17:24:33.541  3590  8837 E BatteryStatsImplExtImpl: collectCheckinFile 1 6
04-12 17:24:33.541  3590  8837 E BatteryStatsImplExtImpl: collectCheckinFile 2
04-12 17:24:33.549  3590  3828 E AtomicFile: Failed to sync file output stream
04-12 17:24:33.551  1896  1896 I PowerConnectionReceiver: onReceive oplus.intent.action.ACTION_OPLUS_POWER_CHECKIN_SAVED
04-12 17:24:33.551  1896  1896 D PowerConnectionReceiver: congfigVersion:202510201800
04-12 17:24:33.552  3590  3848 E BluetoothPowerStatsCollector: Cannot acquire BluetoothActivityEnergyInfo
04-12 17:24:33.552  3590  3848 E BluetoothPowerStatsCollector: java.util.concurrent.ExecutionException: java.lang.RuntimeException: error: 9
04-12 17:24:33.552  3590  3848 E BluetoothPowerStatsCollector: 	at java.util.concurrent.CompletableFuture.reportGet(CompletableFuture.java:372)
04-12 17:24:33.552  3590  3848 E BluetoothPowerStatsCollector: 	at java.util.concurrent.CompletableFuture.get(CompletableFuture.java:2072)
04-12 17:24:33.552  3590  3848 E BluetoothPowerStatsCollector: 	at com.android.server.power.stats.BluetoothPowerStatsCollector.collectBluetoothActivityInfo(BluetoothPowerStatsCollector.java:192)
04-12 17:24:33.552  3590  3848 E BluetoothPowerStatsCollector: 	at com.android.server.power.stats.BluetoothPowerStatsCollector.collectStats(BluetoothPowerStatsCollector.java:155)
04-12 17:24:33.552  3590  3848 E BluetoothPowerStatsCollector: 	at com.android.server.power.stats.PowerStatsCollector.collectAndDeliverStats(PowerStatsCollector.java:176)
04-12 17:24:33.552  3590  3848 E BluetoothPowerStatsCollector: 	at com.android.server.power.stats.PowerStatsCollector$$ExternalSyntheticLambda0.run(D8$$SyntheticClass:0)
04-12 17:24:33.552  3590  3848 E BluetoothPowerStatsCollector: 	at android.os.Handler.handleCallback(Handler.java:1027)
04-12 17:24:33.552  3590  3848 E BluetoothPowerStatsCollector: 	at android.os.Handler.dispatchMessage(Handler.java:108)
04-12 17:24:33.552  3590  3848 E BluetoothPowerStatsCollector: 	at android.os.Looper.loopOnce(Looper.java:302)
04-12 17:24:33.552  3590  3848 E BluetoothPowerStatsCollector: 	at android.os.Looper.loop(Looper.java:412)
04-12 17:24:33.552  3590  3848 E BluetoothPowerStatsCollector: 	at android.os.HandlerThread.run(HandlerThread.java:85)
04-12 17:24:33.552  3590  3848 E BluetoothPowerStatsCollector: Caused by: java.lang.RuntimeException: error: 9
04-12 17:24:33.552  3590  3848 E BluetoothPowerStatsCollector: 	at com.android.server.power.stats.BluetoothPowerStatsCollector$1.onBluetoothActivityEnergyInfoError(BluetoothPowerStatsCollector.java:181)
04-12 17:24:33.552  3590  3848 E BluetoothPowerStatsCollector: 	at android.bluetooth.BluetoothAdapter$OnBluetoothActivityEnergyInfoProxy.lambda$onError$2(BluetoothAdapter.java:1097)
04-12 17:24:33.552  3590  3848 E BluetoothPowerStatsCollector: 	at android.bluetooth.BluetoothAdapter$OnBluetoothActivityEnergyInfoProxy$$ExternalSyntheticLambda0.run(D8$$SyntheticClass:0)
04-12 17:24:33.552  3590  3848 E BluetoothPowerStatsCollector: 	at com.android.server.SystemServerInitThreadPool$$ExternalSyntheticLambda0.execute(D8$$SyntheticClass:0)
04-12 17:24:33.552  3590  3848 E BluetoothPowerStatsCollector: 	at android.bluetooth.BluetoothAdapter$OnBluetoothActivityEnergyInfoProxy.onError(BluetoothAdapter.java:1097)
04-12 17:24:33.552  3590  3848 E BluetoothPowerStatsCollector: 	at android.bluetooth.BluetoothAdapter.requestControllerActivityEnergyInfo(BluetoothAdapter.java:2938)
04-12 17:24:33.552  3590  3848 E BluetoothPowerStatsCollector: 	at com.android.server.power.stats.BatteryStatsImpl$BluetoothStatsRetrieverImpl.requestControllerActivityEnergyInfo(BatteryStatsImpl.java:503)
04-12 17:24:33.552  3590  3848 E BluetoothPowerStatsCollector: 	at com.android.server.power.stats.BluetoothPowerStatsCollector.collectBluetoothActivityInfo(BluetoothPowerStatsCollector.java:170)
04-12 17:24:33.552  3590  3848 E BluetoothPowerStatsCollector: 	... 8 more
04-12 17:24:33.552  1896  1896 D OplusPowerMonitorService: addTaskToCheckList FeedBackBatteryStatsService
04-12 17:24:33.555  1896  1896 D FeedBackBatteryStatsService: lastVersion: 16, currentVersion 16
04-12 17:24:33.555  1896  1896 D FeedBackBatteryStatsService: onStartCommand action =   dumphistory
04-12 17:24:33.555  1896  1896 D FeedBackBatteryStatsService: onStartCommand ACTION_DUMP_HISTORY
04-12 17:24:33.556  1896  7348 D FeedBackBatteryStatsService: DumpBatteryStats to /data/oplus/psw/powermonitor/
04-12 17:24:33.556  1896  7348 D FeedBackBatteryStatsService: dumpBatteryStatsLocked:  sCanFeedBack = false; mHasAndroidLog = false
04-12 17:24:33.556  1896  7348 D FeedBackBatteryStatsService: cmds:dumpsys batterystats --oplusCheckin;
04-12 17:24:33.556  1896  7348 D DumpServiceUtil: parseOneDumpServiceCommand:dumpsys batterystats --oplusCheckin
04-12 17:24:33.556  1896  7348 D DumpServiceUtil: tempItem2:--oplusCheckin
04-12 17:24:33.556  1896  7348 D FeedBackBatteryStatsService: exec cmd cmd: dumpsys batterystats [--oplusCheckin] 
04-12 17:24:33.556  1896  7348 D DumpServiceUtil: getDumpServiceSaveName: cmd = cmd: dumpsys batterystats [--oplusCheckin] 
04-12 17:24:33.556  1896  7348 D DumpServiceUtil: dumpsys service:batterystats
04-12 17:24:33.560  3590  8619 W BatteryStatsExtImpl: BatteryStatsExtImpl is inited
04-12 17:24:33.561  3590  8619 D BatteryStatsImplExtImpl: systemDir IS NULL
04-12 17:24:33.562  3590  8619 D BatteryStatsExtImpl: init local BatteryStats instance with com.android.server.power.stats.BatteryStatsImpl@7b774dc
04-12 17:24:33.563 15757 15989 W Battery : BatteryCardUtil: updateQuickCardData level=84, status=2, plug=0, isPowerSaveOn=false, -1
04-12 17:24:33.563 20008 23208 I metis_v2_SettingUtils: switchObserver, onChange: false uri:content://settings/secure/oplus_battery_card flags:32769
04-12 17:24:33.564 20008 20257 D HLog-UpMgr: [metis]CheckWhetherUploadBody Mgr:com.oplus.sdp.y9.c@2288120
04-12 17:24:33.564 20008 20257 D HLog-MultiConfigManage: [metis]checkAllPushTask
04-12 17:24:33.564 20008 20257 D HLog-MultiConfigManage: [metis]checkAllPushTask existPushInfo : 
04-12 17:24:33.564 20008 20261 E FileStrategy: java.io.IOException: Read-only file system
04-12 17:24:33.568  2123  8027 E WifiHAL : wifi_get_cached_scan_results: Wifi Cached Scan Result not supported by driver
04-12 17:24:33.568  3590  7894 E WifiStaIfaceAidlImpl: getCachedScanData failed with service-specific exception: android.os.ServiceSpecificException:  (code 4)
04-12 17:24:33.568  3590  3848 D WifiPowerStatsCollector: collectWifiActivityInfo: duration : 0 rx : 1309 tx : 5167 scan : 22661 idleDuration : 18538 interval : 803968
04-12 17:24:33.585 14034 14034 D RadioMessenger: handleMessage Request msgid 2220
04-12 17:24:33.585 14034 14034 D RadioMessenger: handleSetSyncWithAp: -1, syncFlag: 1
04-12 17:24:33.585 14034 14034 D QtiRadioService: setSyncWithAp
04-12 17:24:33.585 14034 14034 D RadioProxyJ[0]: [105380701]> setSyncWithAp syncFlag:1
04-12 17:24:33.585  2727  8022 D RadioService: setSyncWithAp with instance 0
04-12 17:24:33.585  2727  8022 D VendorService: VendorService::setSyncWithAp
04-12 17:24:33.585  2727  2826 D QmiVsClient: setSyncWithAp - enter
04-12 17:24:33.585  2727  2826 E QmiVsClient: sendAsyncRequest QMI_VS_SET_SYNC_WITH_AP_REQ_MSG_V01 ret 0
04-12 17:24:33.586  2727  3986 D QmiClient: qmiServiceEventCallback recv msg id 1085
04-12 17:24:33.586  2727  3986 D QmiClient: enter -mServiceType 4 onQmiServiceEventCallback msgId 1085
04-12 17:24:33.586  2727  3986 D QmiClient: onQmiServiceEventCallback - enter. msgId=1085
04-12 17:24:33.586  2727  3986 D QmiVsClientEvent: qmiVsClientNotifyNecEvent - RADIO_EVENT_NEC_IND
04-12 17:24:33.586  2727  2826 D VsProxy : handleMessage msg is 2403
04-12 17:24:33.586  2727  2826 D VsProxy : handleNecInd for instance 0
04-12 17:24:33.586  2727  2826 D VsProxy : handleMessage msg is 4001
04-12 17:24:33.586  2727  2826 D RadioProxy: setSyncWithAp : response cb for instance 0
04-12 17:24:33.586  2727  2727 D RadioServiceResponse: RadioServiceResponse::setSyncWithApResponse
04-12 17:24:33.586 14034   947 D SubsysRadioResponse: setSyncWithApResponse info.error = 0
04-12 17:24:33.586 14034   947 D RadioProxyJ[0]: [105380701]< setSyncWithApResponse 
04-12 17:24:33.586 14034 14677 D SubsysRadioIndication[0]: radioNecInd 
04-12 17:24:33.586 14034 14034 D MessengerResponseHandler: handleMessage Response msgid 210
04-12 17:24:33.586 14034 14034 D ModemChannel: handleMessage what:102
04-12 17:24:33.586 14034 14034 D ModemChannel: handleNecEvent
04-12 17:24:33.587  8498  8797 I ModemAci: [ModemActivityInfo] [LO, DA]:{ stamp=1033089001 duration=138 sleepTMs=79138 idleTMs=2087 rxTMs=57338 5gRxTMs=0 txTMs=[0, 0, 0, 0, 0, 0, 0, 0] 5gTxTMs=[0, 0, 46, 122, 273228, 295098, 218087, 261887] rrc10sC[]=[0, 0] rrc20sC[]=[0, 0] rrcMore20sC[]=[0, 0] rrcC[]=[0, 0] rrcT[]=[0, 0] saRrc10sC[]=[0, 0] saRrc20sC[]=[0, 0] saRrcMore20sC[]=[0, 1] saRrcC[]=[0, 1] saRrcT[]=[0, 132] endcActT[]=[0, 0] wifiRrcT[]=[0, 0] csChgC[]=[0, 0] psChgC[]=[0, 0] iRatC[]=[0, 0] cellUpdC[]=[0, 0] handOverC[]=[0, 0] nwSrchC[]=[0, 0] nwSrchT[]=[0, 0] psRegT[]=[139, 139] csRegT[]=[139, 139] psNoRegT[]=[0, 0] csNoRegT[]=[0, 0] sigGrid0T[]=[0, 0] gpsTMs=409 wlanTMs=0 sim15gTxTMs[]=[0, 0, 0, 0, 1137, 1380, 1169, 2182] sim25gTxTMs[]=[0, 0, 46, 122, 272091, 293718, 216918, 259705] techTMs[]=[0, 0, 0, 0, 0, 0, 0, 0, 3447] saActT[]=[0, 132] lteHoC[]=[0, 0] saHoC[]=[0, 0]}
04-12 17:24:33.587 13839 14676 D SubsysCallManager: handleMessage what:102
04-12 17:24:33.587 13839 14676 D SubsysCallManager: parseMdmInfoData len:392
04-12 17:24:33.587 13839 14676 D SubsysCallManager: onMdmEvent moduleId:6,eventId:4
04-12 17:24:33.587 13839 14676 D ModemDataAnalysis: phoneId = 0, moduleId = 6, onEvent...4, version = 0, size:380
04-12 17:24:33.587 13839 14679 D OplusGameImsReg: receive handle Message:MSG_NEC_DATA_IND_SIM1
04-12 17:24:33.587  3590  8849 D TelephonyManager: requestModemActivityInfo: Sending result to app: ModemActivityInfo{ mTimestamp=1033089000 mSleepTimeMs=169157426 mIdleTimeMs=7052267 mActivityStatsTechSpecificInfo=[{mRat=UNKNOWN,mFrequencyRange=UNKNOWN,mTxTimeMs[]=[169169, 150149, 216749, 161294, 163505],mRxTimeMs=417465956}]}
04-12 17:24:33.587 13839 14694 E AMC     : [P-ooslimited_deep/0] execute failed in triggers[0]:[nwsrcht:0][nwsrcht:0]
04-12 17:24:33.587 13839 14694 E AMC     : [P-ooslimited_deep/1] execute failed in triggers[0]:[nwsrcht:0][nwsrcht:0]
04-12 17:24:33.587 10250 10250 I midasd  : OplusObrainService::notifyEventString eventId:11 strParam:{"5gRxTimeMs":0,"5gTxTimeMs":[],"idleTimeMs":2087,"lteRrcC":[0,0],"lteRrcT":[0,0],"nrRrcC":[0,1],"nrRrcT":[0,132],"rxTimeMs":57338,"sleepTimeMs":79138,"timestamp":1775985873587,"txTimeMs":[0,0,0,0,0,0,0,0]}
04-12 17:24:33.587 13839 14694 E AMC     : [P-mpss_reset/0] execute failed in triggers[0]:[sleept:79][sleept:1238]
04-12 17:24:33.587 13839 14694 E AMC     : [P-mpss_reset/1] execute failed in triggers[0]:[sleept:79][sleept:1238]
04-12 17:24:33.587 13839 14694 E AMC     : [P-pidnetdisable_recovery] execute failed in triggers[0]:[sleept:79][sleept:1238, pidnetdisable:null]
04-12 17:24:33.587 13839 14694 E AMC     : [P-standby_5gbackoff/0] execute failed in triggers[0]:[sleept:79][inactive:false, sleept:545]
04-12 17:24:33.587 13839 14694 E AMC     : [P-standby_5gbackoff/1] execute failed in triggers[0]:[sleept:79][inactive:false, sleept:545]
04-12 17:24:33.587 15031 24719 I OplusObrain: OplusObrainClientInvoke.nativeGetTelephonyInfo
04-12 17:24:33.588 15031 24719 I OplusObrain: OplusObrainClientInvoke.nativeGetTrafficTypeInfoForNetworkType networkType 0
04-12 17:24:33.588  3590  8849 D KernelStatsHelper: getKernelStats start!
04-12 17:24:33.588  3590  7988 D OplusNetlinkSocket: handleNetlinkRecvKernelMessage:nlmsghdr:StructNlMsgHdr{ nlmsg_len{3004}, nlmsg_type{43()}, nlmsg_flags{0()}, nlmsg_seq{0}, nlmsg_pid{235282228} }
04-12 17:24:33.588  3590  7988 D KernelStatsHelper: get magic :[-1, -1, -1, 77, 65, 71, 73, 67]
04-12 17:24:33.588  3590  7988 D KernelStatsHelper: magic matched count:630 data_len:32760
04-12 17:24:33.588  3590  7988 D OplusNetlinkSocket: handleNetlinkRecvKernelMessage:nlmsghdr:StructNlMsgHdr{ nlmsg_len{2988}, nlmsg_type{43()}, nlmsg_flags{0()}, nlmsg_seq{0}, nlmsg_pid{235282228} }
04-12 17:24:33.588  3590  7988 D OplusNetlinkSocket: handleNetlinkRecvKernelMessage:nlmsghdr:StructNlMsgHdr{ nlmsg_len{2988}, nlmsg_type{43()}, nlmsg_flags{0()}, nlmsg_seq{0}, nlmsg_pid{235282228} }
04-12 17:24:33.588  3590  7988 D OplusNetlinkSocket: handleNetlinkRecvKernelMessage:nlmsghdr:StructNlMsgHdr{ nlmsg_len{2988}, nlmsg_type{43()}, nlmsg_flags{0()}, nlmsg_seq{0}, nlmsg_pid{235282228} }
04-12 17:24:33.589  3590  7988 D OplusNetlinkSocket: handleNetlinkRecvKernelMessage:nlmsghdr:StructNlMsgHdr{ nlmsg_len{2988}, nlmsg_type{43()}, nlmsg_flags{0()}, nlmsg_seq{0}, nlmsg_pid{235282228} }
04-12 17:24:33.589  3590  7988 D OplusNetlinkSocket: handleNetlinkRecvKernelMessage:nlmsghdr:StructNlMsgHdr{ nlmsg_len{2988}, nlmsg_type{43()}, nlmsg_flags{0()}, nlmsg_seq{0}, nlmsg_pid{235282228} }
04-12 17:24:33.589  3590  7988 D OplusNetlinkSocket: handleNetlinkRecvKernelMessage:nlmsghdr:StructNlMsgHdr{ nlmsg_len{2988}, nlmsg_type{43()}, nlmsg_flags{0()}, nlmsg_seq{0}, nlmsg_pid{235282228} }
04-12 17:24:33.589  3590  7988 D OplusNetlinkSocket: handleNetlinkRecvKernelMessage:nlmsghdr:StructNlMsgHdr{ nlmsg_len{2988}, nlmsg_type{43()}, nlmsg_flags{0()}, nlmsg_seq{0}, nlmsg_pid{235282228} }
04-12 17:24:33.589  3590  7988 D OplusNetlinkSocket: handleNetlinkRecvKernelMessage:nlmsghdr:StructNlMsgHdr{ nlmsg_len{2988}, nlmsg_type{43()}, nlmsg_flags{0()}, nlmsg_seq{0}, nlmsg_pid{235282228} }
04-12 17:24:33.589  3590  7988 D OplusNetlinkSocket: handleNetlinkRecvKernelMessage:nlmsghdr:StructNlMsgHdr{ nlmsg_len{2988}, nlmsg_type{43()}, nlmsg_flags{0()}, nlmsg_seq{0}, nlmsg_pid{235282228} }
04-12 17:24:33.589  3590  7988 D OplusNetlinkSocket: handleNetlinkRecvKernelMessage:nlmsghdr:StructNlMsgHdr{ nlmsg_len{2988}, nlmsg_type{43()}, nlmsg_flags{0()}, nlmsg_seq{0}, nlmsg_pid{235282228} }
04-12 17:24:33.589  3590  7988 D OplusNetlinkSocket: handleNetlinkRecvKernelMessage:nlmsghdr:StructNlMsgHdr{ nlmsg_len{180}, nlmsg_type{43()}, nlmsg_flags{0()}, nlmsg_seq{0}, nlmsg_pid{235282228} }
04-12 17:24:33.589  3590  7988 D KernelStatsHelper: data over! check: true
04-12 17:24:33.590 14034 14034 D SubsysEventListenerManager-SubsysTelephonyCallback[1]: onDataActivity
04-12 17:24:33.590 14034 14034 D DataService[1]: onDataActivity direction:2
04-12 17:24:33.590  8338  8338 D Tile.OplusCellularTile: refreshState: tile not listening, ignore
04-12 17:24:33.590  8338  8520 I SystemUi--Statusbar: MobileConnectionRepositoryImpl-->subId:1 isSoftSimCard:false slotId:1
04-12 17:24:33.591 21998 22023 D libc-netbsd: [oplusDnsOpenProxy]: __netdClientDispatch.connect errno = 111
04-12 17:24:33.592 14034 15346 D NetworkService[1]: getIfIndexByNetid netId:265,ifName:tun0,ifIndex:99
04-12 17:24:33.592 14034 15346 D NetworkService[0]: getIfIndexByNetid netId:265,ifName:tun0,ifIndex:99
04-12 17:24:33.593 28141 28267 I GoLog   : from tcp:127.0.0.1:52700 accepted tcp:106.39.205.8:443 [socks -> direct]
04-12 17:24:33.598  1905  2002 E TetherController: property_get sys.radio.data.modem_share_flag return 0, 1!
04-12 17:24:33.601  3590  3848 D BatteryExternalStatsWorker: begin updateExternalStatsSync reason=reset flag:255
04-12 17:24:33.618  2123  8027 E WifiHAL : wifi_get_cached_scan_results: Wifi Cached Scan Result not supported by driver
04-12 17:24:33.618  3590  7894 E WifiStaIfaceAidlImpl: getCachedScanData failed with service-specific exception: android.os.ServiceSpecificException:  (code 4)
04-12 17:24:33.621  1344  1344 E android.system.suspend-service: Error opening wakeup34/name for wakeup34: Permission denied
04-12 17:24:33.621  1344  1344 E android.system.suspend-service: Error opening wakeup34/active_count for wakeup34: Permission denied
04-12 17:24:33.621  1344  1344 E android.system.suspend-service: Error opening wakeup34/last_change_ms for wakeup34: Permission denied
04-12 17:24:33.621  1344  1344 E android.system.suspend-service: Error opening wakeup34/max_time_ms for wakeup34: Permission denied
04-12 17:24:33.621  1344  1344 E android.system.suspend-service: Error opening wakeup34/total_time_ms for wakeup34: Permission denied
04-12 17:24:33.621  1344  1344 E android.system.suspend-service: Error opening wakeup34/active_time_ms for wakeup34: Permission denied
04-12 17:24:33.621  1344  1344 E android.system.suspend-service: Error opening wakeup34/event_count for wakeup34: Permission denied
04-12 17:24:33.621  1344  1344 E android.system.suspend-service: Error opening wakeup34/expire_count for wakeup34: Permission denied
04-12 17:24:33.621  1344  1344 E android.system.suspend-service: Error opening wakeup34/prevent_suspend_time_ms for wakeup34: Permission denied
04-12 17:24:33.621  1344  1344 E android.system.suspend-service: Error opening wakeup34/wakeup_count for wakeup34: Permission denied
04-12 17:24:33.623  1344  1344 E android.system.suspend-service: Error opening wakeup55/name for wakeup55: Permission denied
04-12 17:24:33.623  1344  1344 E android.system.suspend-service: Error opening wakeup55/active_count for wakeup55: Permission denied
04-12 17:24:33.623  1344  1344 E android.system.suspend-service: Error opening wakeup55/last_change_ms for wakeup55: Permission denied
04-12 17:24:33.623  1344  1344 E android.system.suspend-service: Error opening wakeup55/max_time_ms for wakeup55: Permission denied
04-12 17:24:33.623  1344  1344 E android.system.suspend-service: Error opening wakeup55/total_time_ms for wakeup55: Permission denied
04-12 17:24:33.623  1344  1344 E android.system.suspend-service: Error opening wakeup55/active_time_ms for wakeup55: Permission denied
04-12 17:24:33.623  1344  1344 E android.system.suspend-service: Error opening wakeup55/event_count for wakeup55: Permission denied
04-12 17:24:33.623  1344  1344 E android.system.suspend-service: Error opening wakeup55/expire_count for wakeup55: Permission denied
04-12 17:24:33.623  1344  1344 E android.system.suspend-service: Error opening wakeup55/prevent_suspend_time_ms for wakeup55: Permission denied
04-12 17:24:33.623  1344  1344 E android.system.suspend-service: Error opening wakeup55/wakeup_count for wakeup55: Permission denied
04-12 17:24:33.623  1344  1344 E android.system.suspend-service: Error opening wakeup63/name for wakeup63: Permission denied
04-12 17:24:33.623  1344  1344 E android.system.suspend-service: Error opening wakeup63/active_count for wakeup63: Permission denied
04-12 17:24:33.624  1344  1344 E android.system.suspend-service: Error opening wakeup63/last_change_ms for wakeup63: Permission denied
04-12 17:24:33.624  1344  1344 E android.system.suspend-service: Error opening wakeup63/max_time_ms for wakeup63: Permission denied
04-12 17:24:33.624  1344  1344 E android.system.suspend-service: Error opening wakeup63/total_time_ms for wakeup63: Permission denied
04-12 17:24:33.624  1344  1344 E android.system.suspend-service: Error opening wakeup63/active_time_ms for wakeup63: Permission denied
04-12 17:24:33.624  1344  1344 E android.system.suspend-service: Error opening wakeup63/event_count for wakeup63: Permission denied
04-12 17:24:33.624  1344  1344 E android.system.suspend-service: Error opening wakeup63/expire_count for wakeup63: Permission denied
04-12 17:24:33.624  1344  1344 E android.system.suspend-service: Error opening wakeup63/prevent_suspend_time_ms for wakeup63: Permission denied
04-12 17:24:33.624  1344  1344 E android.system.suspend-service: Error opening wakeup63/wakeup_count for wakeup63: Permission denied
04-12 17:24:33.624  1344  1344 E android.system.suspend-service: Error opening wakeup41/name for wakeup41: Permission denied
04-12 17:24:33.624  1344  1344 E android.system.suspend-service: Error opening wakeup41/active_count for wakeup41: Permission denied
04-12 17:24:33.624  1344  1344 E android.system.suspend-service: Error opening wakeup41/last_change_ms for wakeup41: Permission denied
04-12 17:24:33.624  1344  1344 E android.system.suspend-service: Error opening wakeup41/max_time_ms for wakeup41: Permission denied
04-12 17:24:33.624  1344  1344 E android.system.suspend-service: Error opening wakeup41/total_time_ms for wakeup41: Permission denied
04-12 17:24:33.624  1344  1344 E android.system.suspend-service: Error opening wakeup41/active_time_ms for wakeup41: Permission denied
04-12 17:24:33.624  1344  1344 E android.system.suspend-service: Error opening wakeup41/event_count for wakeup41: Permission denied
04-12 17:24:33.624  1344  1344 E android.system.suspend-service: Error opening wakeup41/expire_count for wakeup41: Permission denied
04-12 17:24:33.624  1344  1344 E android.system.suspend-service: Error opening wakeup41/prevent_suspend_time_ms for wakeup41: Permission denied
04-12 17:24:33.624  1344  1344 E android.system.suspend-service: Error opening wakeup41/wakeup_count for wakeup41: Permission denied
04-12 17:24:33.645  3590  3848 D BatteryExternalStatsWorker: end updateExternalStatsSync
04-12 17:24:33.647 15031 24719 E MIDASApplication: MIDASPullAtomManager: onPullAtom 150017
04-12 17:24:33.647  3590  8849 D KernelStatsHelper: getKernelStats start!
04-12 17:24:33.647  3590  7988 D OplusNetlinkSocket: handleNetlinkRecvKernelMessage:nlmsghdr:StructNlMsgHdr{ nlmsg_len{3004}, nlmsg_type{43()}, nlmsg_flags{0()}, nlmsg_seq{0}, nlmsg_pid{235282228} }
04-12 17:24:33.647  3590  7988 D KernelStatsHelper: get magic :[-1, -1, -1, 77, 65, 71, 73, 67]
04-12 17:24:33.647  3590  7988 D KernelStatsHelper: magic matched count:630 data_len:32760
04-12 17:24:33.647  3590  7988 D OplusNetlinkSocket: handleNetlinkRecvKernelMessage:nlmsghdr:StructNlMsgHdr{ nlmsg_len{2988}, nlmsg_type{43()}, nlmsg_flags{0()}, nlmsg_seq{0}, nlmsg_pid{235282228} }
04-12 17:24:33.647  3590  7988 D OplusNetlinkSocket: handleNetlinkRecvKernelMessage:nlmsghdr:StructNlMsgHdr{ nlmsg_len{2988}, nlmsg_type{43()}, nlmsg_flags{0()}, nlmsg_seq{0}, nlmsg_pid{235282228} }
04-12 17:24:33.647  3590  7988 D OplusNetlinkSocket: handleNetlinkRecvKernelMessage:nlmsghdr:StructNlMsgHdr{ nlmsg_len{2988}, nlmsg_type{43()}, nlmsg_flags{0()}, nlmsg_seq{0}, nlmsg_pid{235282228} }
04-12 17:24:33.647  3590  7988 D OplusNetlinkSocket: handleNetlinkRecvKernelMessage:nlmsghdr:StructNlMsgHdr{ nlmsg_len{2988}, nlmsg_type{43()}, nlmsg_flags{0()}, nlmsg_seq{0}, nlmsg_pid{235282228} }
04-12 17:24:33.647  3590  7988 D OplusNetlinkSocket: handleNetlinkRecvKernelMessage:nlmsghdr:StructNlMsgHdr{ nlmsg_len{2988}, nlmsg_type{43()}, nlmsg_flags{0()}, nlmsg_seq{0}, nlmsg_pid{235282228} }
04-12 17:24:33.647  3590  7988 D OplusNetlinkSocket: handleNetlinkRecvKernelMessage:nlmsghdr:StructNlMsgHdr{ nlmsg_len{2988}, nlmsg_type{43()}, nlmsg_flags{0()}, nlmsg_seq{0}, nlmsg_pid{235282228} }
04-12 17:24:33.647  3590  7988 D OplusNetlinkSocket: handleNetlinkRecvKernelMessage:nlmsghdr:StructNlMsgHdr{ nlmsg_len{2988}, nlmsg_type{43()}, nlmsg_flags{0()}, nlmsg_seq{0}, nlmsg_pid{235282228} }
04-12 17:24:33.647  3590  7988 D OplusNetlinkSocket: handleNetlinkRecvKernelMessage:nlmsghdr:StructNlMsgHdr{ nlmsg_len{2988}, nlmsg_type{43()}, nlmsg_flags{0()}, nlmsg_seq{0}, nlmsg_pid{235282228} }
04-12 17:24:33.648  3590  7988 D OplusNetlinkSocket: handleNetlinkRecvKernelMessage:nlmsghdr:StructNlMsgHdr{ nlmsg_len{2988}, nlmsg_type{43()}, nlmsg_flags{0()}, nlmsg_seq{0}, nlmsg_pid{235282228} }
04-12 17:24:33.648  3590  7988 D OplusNetlinkSocket: handleNetlinkRecvKernelMessage:nlmsghdr:StructNlMsgHdr{ nlmsg_len{2988}, nlmsg_type{43()}, nlmsg_flags{0()}, nlmsg_seq{0}, nlmsg_pid{235282228} }
04-12 17:24:33.648  3590  7988 D OplusNetlinkSocket: handleNetlinkRecvKernelMessage:nlmsghdr:StructNlMsgHdr{ nlmsg_len{180}, nlmsg_type{43()}, nlmsg_flags{0()}, nlmsg_seq{0}, nlmsg_pid{235282228} }
04-12 17:24:33.648  3590  7988 D KernelStatsHelper: data over! check: true
04-12 17:24:33.650  3590  7998 I [UAH_CLIENT]: UahEventAcquire, cmdid:2, pkg:none, identity:com.android.server.wm
04-12 17:24:33.650  3590  8837 E system_server: No package ID 7f found for resource ID 0x7f11022d.
04-12 17:24:33.651 15031 24719 E MIDASApplication: MIDASPullAtomManager: onPullAtom 150016
04-12 17:24:33.651  3590  8837 W ActivityTaskManager: callingPackage for (uid=2000, pid=7354) has no WPC
04-12 17:24:33.653  3590  8837 I system_server: AssetManager2(0xb4000070996b6928) locale list changing from [] to [zh-CN]
04-12 17:24:33.654  3590  8837 D WindowManager: NFW_setClientVisible:ActivityRecord{143301216 u0 com.binance.monitor/.ui.main.MainActivity clientVisible:true
04-12 17:24:33.654  3590  8837 V GrammaticalInflectionUtils: AttributionSource: android.content.AttributionSource@1020978a does not have READ_SYSTEM_GRAMMATICAL_GENDER permission.
04-12 17:24:33.654  3590  8837 D OplusCompatModeManagerService: getRequestedConfigurationOrientation  res:1,req:1,config.old:0,config.new:0,ActivityRecord{143301216 u0 com.binance.monitor/.ui.main.MainActivity t-1}
04-12 17:24:33.654  3590  8837 D OplusCompatModeManagerService:  onPreActivityRecordConfigurationChanged {0.0 ?mcc??mnc ?localeList ?layoutDir ?swdp ?wdp ?hdp ?density ?lsize ?long ?ldr ?wideColorGamut ?orien ?uimode ?night ?touch ?keyb/?/? ?nav/? winConfig={ mBounds=Rect(0, 0 - 0, 0) mAppBounds=null mMaxBounds=Rect(0, 0 - 0, 0) mDisplayRotation=undefined mWindowingMode=undefined mActivityType=undefined mAlwaysOnTop=undefined mRotation=undefined} ?fontWeightAdjustmentmThemeChanged= 0, mThemeChangedFlags= 0, mFlipFont= 0, mScenario= -1, mAccessibleChanged= 0, mUxIconConfig= 0, mMaterialColor= ffffffffffffffff, mUserId= -1, mFontUserId= -1, mFontVariationSettings= ffffffff, mFoldingAngle = -1.0, mIconPackName= , mDarkModeBackgroundMaxL= -1.0, mDarkModeDialogBgMaxL= -1.0, mDarkModeForegroundMinL= -1.0, mOplusConfigType= 0, mOplusChangedConfigs= 0, OpSans= -1, mBurmeseFontFlag= -1, mFlag= 0, mExtraFlag= 0, mFlexibleActivitySuitable= -1, mPuttDisplayFlag= -1}
04-12 17:24:33.654  3590  8837 D OplusCompatModeManagerService:  disable:true,valid:false,computeReq:1,isGameRatio:false
04-12 17:24:33.654  3590  8837 D OplusCompatModeManagerService:  getOverrideMinAspectRatioForCompatMode: 0.0 getRawOverrideMinAspectRatioForCompatMode: 0.0
04-12 17:24:33.654  3590  8837 D OplusCompatModeManagerService:  ar : ActivityRecord{143301216 u0 com.binance.monitor/.ui.main.MainActivity t-1} displayId:-1 inCompatMode: false
04-12 17:24:33.654  3590  8837 D OplusCompatModeManagerService: isDefaultDisplay true oldRect: Rect(0, 0 - 0, 0) newRect Rect(0, 0 - 0, 0)
04-12 17:24:33.654  3590  8837 D OplusCompatModeManagerService: reloadCompactRatio mParWorldContainer.isEnabledParallelWindow(pkg):false,mParWorldContainer.isDisabledCompactWindow:false,isUIAutoLayout:false, isFullOrientation: false
04-12 17:24:33.655  3590  8837 D FlexibleTaskController: isSupportFlexibleWindow target = com.binance.monitor/.ui.main.MainActivity callPkg = FlexibleTaskController support = true ,caller = 3590
04-12 17:24:33.655  3590  8837 D ActivityStarterExtImpl: do not intercept for realCallingAppIsSystemApp or CallingAppIsSystemApp
04-12 17:24:33.655  3590  3830 E QosSceneRecognizer[ActivityStartScene]: notifyActivityStart get launchedFromUid failed through AppManager! launchedFromPackage: com.android.shell, pkg: com.binance.monitor
04-12 17:24:33.655  3590  8837 D FlexibleWindowManagerService: isIgnoreAppearedAcrossTask:false
04-12 17:24:33.655  3590  8837 D FlexibleWindowManagerService: isIgnoreAppearedAcrossTask:false
04-12 17:24:33.655  3590  8837 D FlexibleTaskController: findSourceTaskForFreeForm: sourceRecord = null ,realCallingPid:7354 ,launchFromZoomMode:false ,prevTopTask:Task{735fad8 #2 type=undefined I=com.android.launcher/.Launcher}
04-12 17:24:33.655  3590  8837 D FlexibleTaskController: findSourceTaskForFreeForm: the caller is not a flexible freeform window application and does not have a zoom windowMode startup parameter
04-12 17:24:33.655  3590  8837 D FlexibleTaskController: adjustOptionsForFlexibleTask not allow options follow process task's options, reason:9 ,reusedOptions:null
04-12 17:24:33.656  3590  8837 D FlexibleTaskController: isSupportFlexibleWindow target = com.binance.monitor/.ui.main.MainActivity callPkg = FlexibleTaskController support = true ,caller = 3590
04-12 17:24:33.656  3590  8837 D FlexibleWindowManagerService: no reused task found for ActivityRecord{143301216 u0 com.binance.monitor/.ui.main.MainActivity t-1}
04-12 17:24:33.656  3590  8480 I OPM     : handleActivityStart : ActivityRecord{143301216 u0 com.binance.monitor/.ui.main.MainActivity t-1}
04-12 17:24:33.658  3590  8837 D OplusCompatModeManagerService: getRequestedConfigurationOrientation  res:1,req:1,config.old:0,config.new:1,ActivityRecord{143301216 u0 com.binance.monitor/.ui.main.MainActivity t13247}
04-12 17:24:33.658  3590  8837 D OplusCompatModeManagerService:  onPreActivityRecordConfigurationChanged {1.15 ??mcc??mnc [zh_CN,en_US] ldltr sw361dp w361dp h794dp 560dpi nrml long hdr widecg port night finger -keyb/v/h -nav/h winConfig={ mBounds=Rect(0, 0 - 1264, 2780) mAppBounds=Rect(0, 0 - 1264, 2780) mMaxBounds=Rect(0, 0 - 1264, 2780) mDisplayRotation=ROTATION_0 mWindowingMode=fullscreen mActivityType=standard mAlwaysOnTop=undefined mRotation=ROTATION_0} as.10 s.13460 fontWeightAdjustment=0mThemeChanged= 1, mThemeChangedFlags= 1, mFlipFont= 0, mScenario= 0, mAccessibleChanged= -1, mUxIconConfig= 1e177014640920, mMaterialColor= 100040017, mUserId= 0, mFontUserId= 0, mFontVariationSettings= 11d7, mFoldingAngle = -1.0, mIconPackName= , mDarkModeBackgroundMaxL= 8.0, mDarkModeDialogBgMaxL= 27.0, mDarkModeForegroundMinL= 100.0, mOplusConfigType= 1, mOplusChangedConfigs= 0, OpSans= -1, mBurmeseFontFlag= 2, mFlag= 0, mExtraFlag= 0, mFlexibleActivitySuitable= -1, mPuttDisplayFlag= -1}
04-12 17:24:33.658  3590  8837 D OplusCompatModeManagerService:  disable:true,valid:false,computeReq:1,isGameRatio:false
04-12 17:24:33.658  3590  8837 D OplusCompatModeManagerService:  getOverrideMinAspectRatioForCompatMode: 0.0 getRawOverrideMinAspectRatioForCompatMode: 0.0
04-12 17:24:33.658  3590  8837 D OplusCompatModeManagerService:  ar : ActivityRecord{143301216 u0 com.binance.monitor/.ui.main.MainActivity t13247} displayId:0 inCompatMode: false
04-12 17:24:33.658  3590  8837 D OplusCompatModeManagerService: isDefaultDisplay true oldRect: Rect(0, 0 - 0, 0) newRect Rect(0, 0 - 1264, 2780)
04-12 17:24:33.658  3590  8837 D OplusCompatModeManagerService: reloadCompactRatio mParWorldContainer.isEnabledParallelWindow(pkg):false,mParWorldContainer.isDisabledCompactWindow:false,isUIAutoLayout:false, isFullOrientation: false
04-12 17:24:33.659  3590  8837 D SecondaryPageStartupPolicy: checkSecondaryPageStartupStatus not support sourcePackage=com.android.shell
04-12 17:24:33.659  3590  8837 D OplusStartingWindowManager: we don't revise window flags for third app
04-12 17:24:33.659  3590  8837 D ActivityTaskManager: validateStartingWindowTheme:  Pkg=com.binance.monitor, Translucent=false, Floating=false, ShowWallpaper=false, Disable=false, LaunchSource=4, Prev=null, LaunchedFromPackage=com.android.shell
04-12 17:24:33.659  3590  8837 D OplusAlwaysAliveManager: save launch theme 0x7f11022d for Task{65327de #13247 type=standard A=10512:com.binance.monitor}, act=com.android.server.wm.OplusAlwaysAliveManager@b38ce16
04-12 17:24:33.659  3590  8837 D ActivityTaskManager: addStartingWindow for ActivityRecord{143301216 u0 com.binance.monitor/.ui.main.MainActivity t13247}, mainWin=null, state=INITIALIZING, isKeyguardLocked=false, isKeyguardGoingAway=false
04-12 17:24:33.659  3590  8837 D ActivityTaskManager: getStartingWindowType: , newTask=true, taskSwitch=true, processRunning=false, allowTaskSnapshot=true, activityCreated=false, activityAllDrawn=false, snapshot exist: false
04-12 17:24:33.659  3590  8837 D ActivityRecordExtImpl: handleStartingWindowForCompactWindow origin type:2, adjustType : 2
04-12 17:24:33.660  3590  8837 D TaskOrganizerController: TaskOrganizerController.addStartingWindow: call wmshell to addStartingWindow:ActivityRecord{143301216 u0 com.binance.monitor/.ui.main.MainActivity t13247}
04-12 17:24:33.660  3590  8837 D ActivityTrigger: ActivityTrigger activityPauseTrigger 
04-12 17:24:33.660  8338  8422 D PhoneStartingWindowTypeAlgorithm: preferredStartingWindowType newTask=true, taskSwitch=true, processRunning=false, allowTaskSnapshot=true, activityCreated=false, isSolidColorSplashScreen=false, legacySplashScreen=false, activityDrawn=false, windowless=false, topIsHome=false
04-12 17:24:33.661  8338  8422 D OplusShellStartingWindowManager: getReviseStartingWindowType not support, windowInfo is null
04-12 17:24:33.661  3590  7998 I [UAH_CLIENT]: UahEventAcquire, cmdid:1, pkg:com.binance.monitor, identity:com.android.server.wm
04-12 17:24:33.662  3590  8837 D ActivityTaskManager: notifyTaskRemoved, task: Task{92f0126 #13239 type=standard A=10512:com.binance.monitor} trace:com.android.server.wm.RecentTasks.removeForAddTask:1888 com.android.server.wm.RecentTasks.add:1377 com.android.server.wm.ActivityStarter.startActivityInner:3039 com.android.server.wm.ActivityStarter.startActivityUnchecked:2174 com.android.server.wm.ActivityStarter.executeRequest:1924 
04-12 17:24:33.662  3590  8420 V GrammaticalInflectionUtils: AttributionSource: android.content.AttributionSource@1020978a does not have READ_SYSTEM_GRAMMATICAL_GENDER permission.
04-12 17:24:33.662  3590  8837 D ActivityTaskManager: notifyTaskAdded, task: Task{65327de #13247 type=standard A=10512:com.binance.monitor} trace:com.android.server.wm.RecentTasks.add:1392 com.android.server.wm.ActivityStarter.startActivityInner:3039 com.android.server.wm.ActivityStarter.startActivityUnchecked:2174 com.android.server.wm.ActivityStarter.executeRequest:1924 com.android.server.wm.ActivityStarter.execute:1012 
04-12 17:24:33.662  8338  8422 I ndroid.systemui: AssetManager2(0xb400007066a34828) locale list changing from [] to [zh-CN]
04-12 17:24:33.663  8338  8422 D OplusShellStartingWindowManager: adjustSuggestedWindowType originType: 1, wi: StartingWindowInfo{taskId=13247 targetActivityInfo=null displayId=0 topActivityType=1 preferredStartingWindowType=8b mainWindowLayoutParams=null splashScreenThemeResId 7f11022d, exi: OplusStartingWindowExtendedInfo{mAppToken=android.os.BinderProxy@a9783a7, mSupportSplashScreenPreview=false, mIsSystemApp=false, mIsExceptionListApp=false, mPreviewBitmap=null, mShouldDrawBackground=false, mForceLightMode=false, mForceNightMode=false, mNotSupportNightMode=false, mForcePreview=false, mForceBigIcon=false, mQuickStartingSurface=null, mForceSolidColorSplash=false}
04-12 17:24:33.663  8338  8422 D OplusShellStartingWindowManager: adjustSuggestedWindowType: skip no-system app and no-exception list app
04-12 17:24:33.663  8338  8423 D ShellStartingWindow: getWindowAttrs SplashScreenWindowAttrs{ mWindowBgResId: 7f070079, mWindowBgColor: 0, mWindowBgImage: false, mSplashScreenIcon: false, mBrandingImage: false, mIconBgColor: 0, uiMode: 0}
04-12 17:24:33.663  3590  8837 D osense.compress: notifyActivityLaunched pkgName = com.binance.monitor, userId = 0
04-12 17:24:33.663  8338  8422 D WindowManager: Add to mViews: android.widget.FrameLayout{9d2edc0 V.E...... ......I. 0,0-0,0 alpha=1.0 viewInfo = },pkg= com.binance.monitor
04-12 17:24:33.663  8338  8381 V WindowManagerShell: Transition requested (#28415): android.os.BinderProxy@ee18bfd TransitionRequestInfo { type = OPEN, triggerTask = TaskInfo{userId=0 taskId=13247 effectiveUid=10512 displayId=0 isRunning=true baseIntent=Intent { flg=0x10000000 cmp=com.binance.monitor/.ui.main.MainActivity mCallingUid=2000 } baseActivity=ComponentInfo{com.binance.monitor/com.binance.monitor.ui.main.MainActivity} topActivity=ComponentInfo{com.binance.monitor/com.binance.monitor.ui.main.MainActivity} origActivity=null realActivity=ComponentInfo{com.binance.monitor/com.binance.monitor.ui.main.MainActivity}
04-12 17:24:33.663  8338  8381 V WindowManagerShell:  numActivities=1 lastActiveTime=1033089077 supportsSplitScreenMultiWindow=true supportsMultiWindow=true supportsPocketStudioMultiWindow=true isInFlexibleEmbedded = false uid = 10512 pid = 0 resizeMode=1 isResizeable=true minWidth=-1 minHeight=-1 defaultMinSize=220 token=WCT{android.window.IWindowContainerToken$Stub$Proxy@15de0f2} topActivityType=1 pictureInPictureParams=null shouldDockBigOverlays=false launchIntoPipHostTaskId=-1 lastParentTaskIdBeforePip=-1 displayCutoutSafeInsets=Rect(0, 140 - 0, 0)
04-12 17:24:33.663  8338  8381 V WindowManagerShell:  topActivityInfo=ActivityInfo{caeb343 com.binance.monitor.ui.main.MainActivity} launchCookies=[] positionInParent=Point(0, 0) parentTaskId=-1 isFocused=false isVisible=false isVisibleRequested=false isTopActivityNoDisplay=false isSleeping=false locusId=null displayAreaFeatureId=1 isTopActivityTransparent=false isActivityStackTransparent=false lastNonFullscreenBounds=Rect(330, 828 - 935, 2092) capturedLink=null capturedLinkTimestamp=0 requestedVisibleTypes=-9 topActivityRequestOpenInBrowserEducationTimestamp=0
04-12 17:24:33.663  8338  8381 V WindowManagerShell:  appCompatTaskInfo=AppCompatTaskInfo { topActivityInSizeCompat=false topActivityInOplusCompatMode=false eligibleForLetterboxEducation= false isLetterboxEducationEnabled= false isLetterboxDoubleTapEnabled= false eligibleForUserAspectRatioButton= false topActivityBoundsLetterboxed= false isFromLetterboxDoubleTap= false topActivityLetterboxVerticalPosition= -1 topActivityLetterboxHorizontalPosition= -1 topActivityLetterboxWidth=-1 topActivityLetterboxHeight=-1 topActivityAppBounds=Rect(0, 140 - 1264, 2780) isUserFullscreenOverrideEnabled=false isSystemFullscreenOverrideEnabled=false hasMinAspectRatioOverride=false topActivityLetterboxBounds=null cameraCompatTaskInfo=CameraCompatTaskInfo { freeformCameraCompatMode=inactive}} topActivityMainWindowFrame=null topActivityLetterboxInsets=Rect(0, 0 - 0, 0)
04-12 17:24:33.663  8338  8381 V WindowManagerShell:  mOplusExtraBundle = Bundle[mParcelledData.dataSize=1468]}, pipChange = null, remoteTransition = null, displayChange = null, flags = 0, debugId = 28415 }
04-12 17:24:33.663  3590  8837 I ActivityTaskManager: START u0 {flg=0x10000000 xflg=0x4 cmp=com.binance.monitor/.ui.main.MainActivity mCallingUid=2000} with LAUNCH_MULTIPLE from uid 2000 (BAL_ALLOW_PERMISSION (START_ACTIVITIES_FROM_BACKGROUND permission granted)) result code=0
04-12 17:24:33.663  8338  8381 D ShellSplitScreen: logExit: no-op, mLoggerSessionId is null
04-12 17:24:33.664  8338  8546 D skia    : setRusSupported enable 0
04-12 17:24:33.664  8730  8730 W OPLUS_LOG_LOAD: ==LOGS PROG INFO, prog(com.android.launcher) ==
04-12 17:24:33.664  8730  8730 I PantaCard.Lnch.InstantCard:  100335&1000001&1_sid=536877599_rk=ea6994,onInvisible: 100335&1000001&1, engine is null: false[sdk:v1.3.122-1545084,seed-plugin:v16.1.126-d5777f7c,app:v16.4.22] [OplusLauncher|com.android.launcher|2.0.44-25e9612]
04-12 17:24:33.664  8730  8730 I PantaCard.Lnch.InstantCardEngine:  100335&1000001&1_sid=536877599_rk=ea6994,onCardInVisible, cardTag: 100335&1000001&1, last code: 200[sdk:v1.3.122-1545084,seed-plugin:v16.1.126-d5777f7c,app:v16.4.22]
04-12 17:24:33.664  8730  8730 W Page    : setState : 2 (CAS: 3 -> 2)
04-12 17:24:33.664  8730  8730 W CardMonitor: {hash: 1081e1, url: hap://widget/io.iftech.quickapp.box/card/springFestivalCalendar2x2, action: onHide, engine: 10.4.1, versionCode: 129, versionName: 1.0.129, minPlatformVer: 1080, engineChange: false, js_tid: 1953}
04-12 17:24:33.664  8543  9893 I iopgp   : Iopgp: TRANSACTION_IOPGP_PRELOAD Sequence_id = 1250 pkg_name = com.binance.monitor uid = 10512 size = 1 isProfile = 1
04-12 17:24:33.664  8730  8730 I SplitScreenManager: Attached Launcher#cbc0fb1 ON_PAUSE
04-12 17:24:33.664  2181  7371 E CwbService: Panel not support apl read or getDisplayPanelAplValue timeout 10ms.
04-12 17:24:33.664  8338  8423 W ShellStartingWindow: peekWindowBGColor mWindowBgColor:0 mWindowBgResId:2131165305 estimatedWindowBGColor:-15853009
04-12 17:24:33.664  8338  8423 I ShellStartingWindow: makeSplashScreenContentView themeBGColor: ff0e1a2f, isDark: true, last config hash: 1822101690
04-12 17:24:33.664  8730  8730 W LauncherClient[u0]: isConnected false because mOverlay is null
04-12 17:24:33.664  8730  8730 D AnimSeqTimeStamp: resetLastLaunchTaskTime
04-12 17:24:33.664  8730  8730 W RootView: 0x1081e1 io.iftech.quickapp.box setCurrentPageVisible : false, attach : true , childCount : 1
04-12 17:24:33.665  3590  9025 I OplusAccessController: enter isIgnoreAppSwitchActivity
04-12 17:24:33.665  3590  9025 I OplusAccessController: enter isIgnoreAppSwitchActivity and intent != null
04-12 17:24:33.665  3590  9025 I OplusAccessController: enter isIgnoreAppSwitchActivity and componentName != null
04-12 17:24:33.665  3590  9025 I OplusAccessController: enter isIgnoreAppSwitchActivity and packageName&activity is not Empty
04-12 17:24:33.665  3590  9025 I OplusHansManager : front pkg: com.binance.monitor, uid: 10512, prev pkg: com.android.launcher, prev uid: 10214
04-12 17:24:33.665  3590  8475 D NativeFreezeManager: freezeForAppSwitchScene mAppLaunchFzDxEnable enter, mFgAppPkgname com.binance.monitor
04-12 17:24:33.665  3590  9025 D RefreshRate: boostRefreshId choose max:currentRefreshRate:120.00001 targetRefreshRate:60.0 mCurrentPickRate:120.00001
04-12 17:24:33.665  3590  9025 D RefreshRate: Trigger app switch boost, ar=ActivityRecord{143301216 u0 com.binance.monitor/.ui.main.MainActivity t13247},currDisplayRate=120.00001,boostId=3
04-12 17:24:33.665  3590  9025 D RefreshRate: setDisplayConfigSpecs complete: targetMode={id=1, width=1264, height=2780, fps=120.00001, vsync=120.00001, synthetic=false, alternativeRefreshRates=[60.000004, 90.0], supportedHdrTypes=[1, 2, 3, 4]},srcMode={id=1, width=1264, height=2780, fps=120.00001, vsync=120.00001, synthetic=false, alternativeRefreshRates=[60.000004, 90.0], supportedHdrTypes=[1, 2, 3, 4]},sfModId=0,rate=120.00001
04-12 17:24:33.665  3590  9025 D RefreshRate: startAppSwitchBoost targetMode={id=1, width=1264, height=2780, fps=120.00001, vsync=120.00001, synthetic=false, alternativeRefreshRates=[60.000004, 90.0], supportedHdrTypes=[1, 2, 3, 4]} record=ActivityRecord{143301216 u0 com.binance.monitor/.ui.main.MainActivity t13247}: votes=PRIORITY_START_ANIMATION_BOOST -> Vote{mRefreshRate=120.0, mMinRefreshRate=120.0, mRequestSource=null};PRIORITY_WINDOW_REQUEST -> Vote{mRefreshRate=120.0, mMinRefreshRate=120.0, mRequestSource=null};
04-12 17:24:33.665  3590  7998 D JobSchedulerServiceExtImpl: updateOsenseRestrictMode for 1 true false
04-12 17:24:33.665  3590  8777 D OplusHansManager : onUidHansStateChanged: uid = 10512, isFreeze = false, frozenStatus = 0
04-12 17:24:33.665  8730  1953 I JsConsole: ### App Framework ### 页面(8) "onHide"
04-12 17:24:33.665  3590  9025 V SensorManager: call sensorServiceCommonInterface name: setScreenShotDisable
04-12 17:24:33.666  3590  9025 D SensorServiceExtImpl: sensorServiceCommonInterface funcName = setScreenShotDisable, flag = 0, status = 0
04-12 17:24:33.666  3590  8279 I Osense-BaseDecisionMaker: notifySceneToAthenaPolicy: SCENE_APP_SWITCH, bundle: Bundle[{prevPkgName=com.android.launcher, curUid=10512, isGame=false, curPkgName=com.binance.monitor, prevUid=10214}]
04-12 17:24:33.666  3590  8480 I OPM-Process: resume pkg: com.binance.monitor, uid:10512, prev pkg: com.android.launcher, prev uid: 10214
04-12 17:24:33.666  3590  7998 I [UAH_CLIENT]: UahEventAcquire, cmdid:1, pkg:com.binance.monitor, identity:com.android.server.wm
04-12 17:24:33.666  3590  8279 I Osense-BaseDecisionMaker: scene: SCENE_APP_SWITCH, excutingPolicy: freezer
04-12 17:24:33.666  3590  8279 D Osense-BaseDecisionMaker: invoke freezer policy,type: fast
04-12 17:24:33.666  3590  8777 I OplusHansManager : FastFreeze enter, freeze uids: []
04-12 17:24:33.666  3590  8777 I OplusHansManager : enter FastFreezer, frontApp: 10512, frozen uids: [], important uids: {10295=input, 10397=vpn}, reason: osense
04-12 17:24:33.666  3590  9025 D ActivityTaskManager: setAppVisibility(Token{b41cdbf ActivityRecord{143301216 u0 com.binance.monitor/.ui.main.MainActivity t13247}}, visible=true):  visible=false mVisibleRequested=false
04-12 17:24:33.666  3590  8816 D OPM     : notifyPreloadResult com.binance.monitor, type: 2, success: true, res: 0
04-12 17:24:33.666  3590  9025 D ActivityTaskManager: setVisibility(Token{b41cdbf ActivityRecord{143301216 u0 com.binance.monitor/.ui.main.MainActivity t13247}}, visible=true) defer commitVisibility for transition collecting
04-12 17:24:33.666  3590  9025 V SensorManager: call sensorServiceCommonInterface name: setScreenShotDisable
04-12 17:24:33.666  3590  9025 D SensorServiceExtImpl: sensorServiceCommonInterface funcName = setScreenShotDisable, flag = 0, status = 0
04-12 17:24:33.666  3590  7998 I [UAH_CLIENT]: UahEventAcquire, cmdid:1, pkg:com.binance.monitor, identity:com.android.server.wm
04-12 17:24:33.666  3590  9025 D ActivityTaskManager: setAppVisibility(Token{e95e916 ActivityRecord{75462386 u0 com.android.launcher/.Launcher t2}}, visible=false):  visible=true mVisibleRequested=true
04-12 17:24:33.667  3590  9025 D ActivityTaskManager: setVisibility(Token{e95e916 ActivityRecord{75462386 u0 com.android.launcher/.Launcher t2}}, visible=false) defer commitVisibility for transition collecting
