04-12 17:24:33.667  3590  9025 D InsetsSourceProvider: updateSourceFrameForServerVisibility mandatorySystemGestures EMPTY_RECT
04-12 17:24:33.667  3590  9025 D InsetsSourceProvider: updateSourceFrameForServerVisibility mandatorySystemGestures EMPTY_RECT
04-12 17:24:33.667  8338  8381 D WindowManagerShell: setLauncherKeepClearAreaHeight: visible=false, height=266
04-12 17:24:33.667  8338  8381 D ZoomController: onTaskMovedToFront, task id:13247
04-12 17:24:33.667  8338  8381 I ZoomUiController: FloatHandle-isFloatHandleShow mPackageName = null
04-12 17:24:33.667  3590  3875 D RefreshRate: do setDisplayConfigSpecs  
04-12 17:24:33.667  3590  7996 D osense-blo: [0, false] [0, false] [0, false] 
04-12 17:24:33.667  2399  2621 D SurfaceFlinger: VRR [SurfaceFlinger] setDesiredDisplayModeSpecs, from process 3590, 0, 0, primaryRanges = [ 120.000008, 120.000008, 120.000008, 120.000008 ], appRequestRanges = [ 120.000008, 120.000008, 120.000008 120.000008 ]
04-12 17:24:33.668  2399  2399 I RefreshRateSelector: Display 4630946685746860179 policy changed
04-12 17:24:33.668  2399  2399 I RefreshRateSelector: Previous: {defaultModeId=0, allowGroupSwitching=false, primaryRanges={physical=[0.00 Hz, 120.00 Hz], render=[0.00 Hz, 120.00 Hz]}, appRequestRanges={physical=[0.00 Hz, 120.00 Hz], render=[0.00 Hz, 120.00 Hz]} idleScreenConfig=nullptr}
04-12 17:24:33.668  2399  2399 I RefreshRateSelector: Current:  DisplayManagerPolicy{defaultModeId=0, allowGroupSwitching=false, primaryRanges={physical=[120.00 Hz, 120.00 Hz], render=[120.00 Hz, 120.00 Hz]}, appRequestRanges={physical=[120.00 Hz, 120.00 Hz], render=[120.00 Hz, 120.00 Hz]} idleScreenConfig=nullptr}
04-12 17:24:33.668  2399  2399 I RefreshRateSelector: 0 mode changes were performed under the previous policy
04-12 17:24:33.668  2399  2399 D SurfaceFlinger: VRR [SurfaceFlinger] applyRefreshRateSelectorPolicy: 0 (120.00 Hz), policy: {defaultModeId=0, allowGroupSwitching=false, primaryRanges={physical=[120.00 Hz, 120.00 Hz], render=[120.00 Hz, 120.00 Hz]}, appRequestRanges={physical=[120.00 Hz, 120.00 Hz], render=[120.00 Hz, 120.00 Hz]} idleScreenConfig=nullptr}
04-12 17:24:33.668  2399  2399 D SurfaceFlinger: VRR [SurfaceFlinger] setDesiredActiveMode: displayId: 4630946685746860179, renderRate: 120, vsyncRate: 120, event: 1
04-12 17:24:33.668  2399  2399 D DisplayModeController: setDesiredMode 4630946685746860179 {mode={fps=120.00 Hz, modePtr={id=0, vsyncRate=120.00 Hz, peakRefreshRate=120.00 Hz}}, emitEvent=true, force=false}
04-12 17:24:33.668  2399  3162 D VRR [OTI]: handleIdle from 1 to 0
04-12 17:24:33.668  2399  3162 D VRR [OTI-HW]: isStateReady 0
04-12 17:24:33.668  2399  3162 D VRR [OTI-HW]: keep rate.
04-12 17:24:33.668  2399  3162 D VRR [OTI-ADFR]: targetRate change from 60 to 0
04-12 17:24:33.668  2399  3162 D VRR [RefreshRateDirector]: requestRefreshRateByOti insert [ oti-adfr, {fps=0, modePtr={id=0, vsyncRate=120.00 Hz, peakRefreshRate=120.00 Hz}} ]
04-12 17:24:33.668  2399  3162 I VRR-[OPlusRefreshRateSelector]: setIdleModeExternal success, idle fps: 0
04-12 17:24:33.668  3590  3875 D DisplayModeDirector: setAppRequest displayId : 0  modeId: 1  requestedRefreshRate: 120.00001  requestedMinRefreshRateRange: 120.00001  requestedMaxRefreshRateRange: 120.00001
04-12 17:24:33.668  2258  2258 D SensorFeature: name=ssc_screenshot_info ,index = 22
04-12 17:24:33.668  3590  3875 D VRR [OPlusRefreshRateService]:  setDirectorStates [flag: 1, state: 1, directorStateOff: 1]
04-12 17:24:33.668  3590  3872 D OplusFeatureDMR[display=0]: onConfigChanged threadId=70 threadName=OplusDisplayWorkHandler physicalDisplayId=4630946685746860179 modeId=0  
04-12 17:24:33.668  2181  7371 I SDM     : DisplayBuiltIn::SetQSyncMode: VRR + update qsync mode 0 minfps 00C20080
04-12 17:24:33.668  2123  2123 E WifiHAL : wifi_get_cached_scan_results: Wifi Cached Scan Result not supported by driver
04-12 17:24:33.668  2399  3197 D VRR [RefreshRateDirector]: updateState mState = 0
04-12 17:24:33.668  3590  7894 E WifiStaIfaceAidlImpl: getCachedScanData failed with service-specific exception: android.os.ServiceSpecificException:  (code 4)
04-12 17:24:33.668  3590  8790 I AppSnapshotController: attachStartingWindow, win = Window{6cfa4af u0 Splash Screen com.binance.monitor}, shouldAppSnapshot = false
04-12 17:24:33.668  3590  8790 D ActivityTaskManager: attachStartingWindow: mStartingData=SplashScreenStartingData{cd5e845 removeAfterTransaction= 0}, mAssociatedTask=null, mStartingWindow=Window{6cfa4af u0 Splash Screen com.binance.monitor}
04-12 17:24:33.668  2258  2258 D SensorFeature: write 41 bytes:1033089054364765,1033089067899661,39108,0
04-12 17:24:33.668  3590  8790 D WindowManager: attachImeScreenshotOnTargetIfNeeded, mImeHiding = false, requestedVisibleTypes = -9
04-12 17:24:33.669  2187  2257 I [UAH_CLIENT]: UahPlatformResAcquire
04-12 17:24:33.669  2187  2257 I [UAH_CLIENT]: UahEventAcquire, cmdid:-3, pkg:2399 11030, identity:qcom-perfd
04-12 17:24:33.668  3590  8790 I WindowManager: addWindow: New client android.os.BinderProxy@d07448e : window=Window{6cfa4af u0 Splash Screen com.binance.monitor}
04-12 17:24:33.669  3590  8790 D FlexibleTaskController: isFullToFlexibleAnimating: false
04-12 17:24:33.669  3590  8790 D WindowManager: rotation(ROTATION_0) no changed  displayId = 0, lastOrientation = 1
04-12 17:24:33.669  2187  2257 E PERFHAL-RESOURCEQS: PERFHAL-RESOURCEQS: AddAndApply() 130: Resource with major=18, minor=41 not supported
04-12 17:24:33.669  2187  2257 E PERFHAL-OPTSHANDLER: PERFHAL-OPTSHANDLER: unsupported() 909: Error: This resource is not supported
04-12 17:24:33.669  2187  2257 E PERFHAL-RESOURCEQS: PERFHAL-RESOURCEQS: RemoveAndApply() 299: Failed to reset optimization here [18, 41]
04-12 17:24:33.669  2187  2257 I [UAH_CLIENT]: UahRelease, handle:628139
04-12 17:24:33.669  3590  3796 D InsetsSourceProvider: updateSourceFrameForServerVisibility mandatorySystemGestures EMPTY_RECT
04-12 17:24:33.670  3590  3796 D InsetsSourceProvider: updateSourceFrameForServerVisibility mandatorySystemGestures EMPTY_RECT
04-12 17:24:33.670  3590  3796 D DisplayModeDirector: setAppRequest displayId : 0  modeId: 1  requestedRefreshRate: 0.0  requestedMinRefreshRateRange: 0.0  requestedMaxRefreshRateRange: 120.00001
04-12 17:24:33.670  8338  8422 D ViewRootImplExtImpl: onDisplayChanged -1 for VRI android.view.ViewRootImpl@ff48469
04-12 17:24:33.670  3590  7959 D BackgroundInstallControlService: Package event received: 0
04-12 17:24:33.670  2399  2399 I BpBinder: onLastStrongRef automatically unlinking death recipients: 
04-12 17:24:33.670  8338  8423 D ShellStartingWindow: inconsize = 560
04-12 17:24:33.670  2399  2399 I VRR [AVT]: setFrameRate with [0, oti-adfr]
04-12 17:24:33.670  2399  2399 D VRR-[OPlusVSyncReactor]: Set Avt Period and update immediately with period 0.
04-12 17:24:33.670  2399  2399 I VRR-[OPlusRefreshRateSelector]: updateDispTePeriod magic_mode: 5a878000, fps: 120
04-12 17:24:33.670  2181  7371 I SDM     : HWDeviceDRM::OPlusGetHighPrecisionFps: VRR +  OPlusGetHighPrecisionFps: 8880128
04-12 17:24:33.670  2181  7371 I SDM     : DisplayBuiltIn::SetQSyncMode: VRR + update qsync mode 0 high_precision_fps 00878000
04-12 17:24:33.671  2247  2247 E android.hardware.power.stats-impl.oplus: HandleFactory::read open power_ddr_residency(/sys/power/ddr/residency) failed! fd: -1 errno: 2
04-12 17:24:33.671  2247  2247 W android.hardware.power.stats-impl.oplus: PruneException: Unknown binder exception (2) pruned into EX_TRANSACTION_FAILED
04-12 17:24:33.671  2181  2437 E SDM     : DRMConnector::Perform: Connector 68: Setting Qsync min fps 12714112
04-12 17:24:33.671 10325 10325 W ostats_pullerd: handleFactory read failed.
04-12 17:24:33.671  2181  2437 I SDM     : HWDeviceDRM::OPlusGetHighPrecisionFps: VRR +  OPlusGetHighPrecisionFps: 8880128
04-12 17:24:33.671  2181  2437 I SDM     : HWDeviceDRM::OPlusGetHighPrecisionFps: VRR +  OPlusGetHighPrecisionFps: 8880128
04-12 17:24:33.671 10325 10325 E ostats_pullerd: PullAtomCallback getContentByHandleKey read nodeKey: power_ddr_residency, len=0
04-12 17:24:33.671  2181  2437 E SDM     : DRMConnector::Perform: Connector 68: Setting high_precision_fps 8880128
04-12 17:24:33.672  3590  3795 D ActivityManager: Async freezing 23510 com.tencent.soter.soterserver
04-12 17:24:33.672 10325 10325 D ostats_pullerd: PullAtomCallback handleBatteryLevel handler for realLevel = 82, uiLevel = 84
04-12 17:24:33.672  2013  2036 W statsd  : StatsPullerManager: Unknown tagId 150146
04-12 17:24:33.672  2013  2036 E statsd  : Stats puller failed for tag: 150146 at 1033089059668411
04-12 17:24:33.673  8338  8422 E OplusBracketLog: [OplusViewMirrorManager] updateHostViewRootIfNeeded, not support android.view.ViewRootImpl@ff48469
04-12 17:24:33.673  2113 26293 I sensors-hal: handle_oplus_wise_rgb_event:189, high_pwm_light:lux 230.3,cct 6418.2,brl/algo/ir 1351.0/2.0/35.3,pwm/dc 0.0/0.0,rgbc 9472.373047/6310.968262/4075.092529/18283.281250,ts 1033089023422059,cnt 22834,flag 131072
04-12 17:24:33.674  8338  8422 D ViewRootImplExtImpl: wrapConfigInfoIntoFlags rotation=0, smallestScreenWidthDp=0, residentWS=false, scenario=0, bounds=Rect(0, 0 - 1264, 2780), relayoutAsync=false, flags=0, newFlags=1457520640, title=Splash Screen com.binance.monitor
04-12 17:24:33.674  3590  9025 V WindowManager: Relayout Window{6cfa4af u0 Splash Screen com.binance.monitor}: viewVisibility=0, oldvis=0, req=1264x2780 , apr = 0, vsysui=, x=0, y=0
04-12 17:24:33.674  3590  9025 I WindowManager: Window{6cfa4af u0 Splash Screen com.binance.monitor} state from NO_SURFACE to DRAW_PENDING; reason: resetDrawState
04-12 17:24:33.674  3590  9025 D InsetsSourceProvider: updateSourceFrameForServerVisibility mandatorySystemGestures EMPTY_RECT
04-12 17:24:33.674  2014  2014 D Zygote  : Forked child process 7398
04-12 17:24:33.674  3590  9025 D InsetsSourceProvider: updateSourceFrameForServerVisibility mandatorySystemGestures EMPTY_RECT
04-12 17:24:33.674  3590  3848 D ProcessCpuTrackerExtImpl: mContext is already set, return now! 
04-12 17:24:33.675  3590  9025 D WindowManager: NFW_findFocusedWindowIfNeeded:null mCurrentFocus:Window{763c9b2 u0 com.android.launcher/com.android.launcher.Launcher}
04-12 17:24:33.675  3590  9025 V WindowManager: Changing focus from Window{763c9b2 u0 com.android.launcher/com.android.launcher.Launcher} to null,diplayid=0
04-12 17:24:33.675  8338  8422 W VRI[monitor]: updateBlastSurfaceIfNeeded, surfaceSize:Point(1264, 2780), lastSurfaceSize:Point(0, 0), format:-3, blastBufferQueue:null
04-12 17:24:33.675  3590  8777 I OplusHansManager : onUidActive() update stay time, uid=10512, pkgName=com.binance.monitor, U stay=140
04-12 17:24:33.675  8338  8422 D BufferQueueConsumer: [](id:20920000513a,api:0,p:-1,c:8338) connect: controlledByApp=false
04-12 17:24:33.675  8338  8422 D BufferQueueConsumer: [VRI[monitor]#20785(BLAST Consumer)20785](id:20920000513a,api:0,p:-1,c:8338) setMaxAcquiredBufferCount: 2
04-12 17:24:33.676  8337  9773 V OsAgent : broadcastSystemEvent - 7
04-12 17:24:33.676  3590  8849 D CoreBackPreview: Window{6cfa4af u0 Splash Screen com.binance.monitor}: Setting back callback OnBackInvokedCallbackInfo{mCallback=android.window.IOnBackInvokedCallback$Stub$Proxy@2de6616, mPriority=0, mIsAnimationCallback=false, mOverrideBehavior=0}
04-12 17:24:33.676  8338  8546 D BufferQueueProducer: [VRI[monitor]#20785(BLAST Consumer)20785](id:20920000513a,api:1,p:8338,c:8338) connect: api=1 producerControlledByApp=true
04-12 17:24:33.676  3590  7402 W ContextImpl: Calling a method in the system process without a qualified user: android.app.ContextImpl.sendBroadcast:1281 com.qualcomm.qti.Performance$SendGameLaunchBroadcast.run:292 java.lang.Thread.run:1119 <bottom of call stack> <bottom of call stack> 
04-12 17:24:33.676  8338  8422 I SurfaceControl:  setExtendedRangeBrightness sc=Surface(name=Splash Screen com.binance.monitor)/@0x21f0408,currentBufferRatio=1.0,desiredRatio=1.0
04-12 17:24:33.677  3590  3837 I ActivityManager: Start proc 7398:com.binance.monitor/u0a512 for next-top-activity {com.binance.monitor/com.binance.monitor.ui.main.MainActivity}
04-12 17:24:33.677  3590  8480 I OPM     : handleProcessStart : ProcessRecord{a3654b6 7398:com.binance.monitor/u0a512}
04-12 17:24:33.678  3590  9766 I OStatsManager_OplusBatteryStatsManager: updateStateTime: PkgName = com.binance.monitor, uid = 10512, state to bg, mForegroundCnt = 0, isFg = false
04-12 17:24:33.678  3590  7167 I MemoryOperationUtils: add 7398 to com.binance.monitor
04-12 17:24:33.678  3590  3793 I ActivityManager: ProcessObserver broadcast disabled
04-12 17:24:33.679  3590  3844 V GrammaticalInflectionUtils: AttributionSource: android.content.AttributionSource@59931feb does not have READ_SYSTEM_GRAMMATICAL_GENDER permission.
04-12 17:24:33.679  3590  3844 D CompatChangeReporter: Compat change id reported: 151861875; UID 10255; state: ENABLED
04-12 17:24:33.679  3590  3848 D BatteryStatsImplExtImpl: updateDevicePowerDetails
04-12 17:24:33.679  3590  3848 W ActivityManager: pid 3590 system sent binder code 1013 with flags 0 to frozen apps and got error -2
04-12 17:24:33.679  3590  3848 E BatteryStatsImplExtImpl: get RefreshCounts failed
04-12 17:24:33.679  3590  3848 D OplusRpmSubsystemManager: battery drained... 
04-12 17:24:33.679  3590  3848 D OplusRpmSubsystemManager: elapsedRealTimeDelta :279263
04-12 17:24:33.679  8338  8546 D BLASTBufferQueue: [VRI[monitor]#20785](f:0,a:1) acquireNextBufferLocked size=1264x2780 mFrameNumber=1 applyTransaction=true mTimestamp=950904377184235(auto) mPendingTransactions.size=0 graphicBufferId=35811437824687 transform=0
04-12 17:24:33.679  8338  8546 D VRI[monitor]: Received frameCommittedCallback lastAttemptedDrawFrameNum=1 didProduceBuffer=true syncBuffer=false
04-12 17:24:33.680  3141  3141 D vendor.oplus.hardware.rpmh-V1-service: Calling uid is 1000.
04-12 17:24:33.680  3141  3141 D vendor.oplus.hardware.rpmh-V1-service: vendor.oplus.rpmh.support: true
04-12 17:24:33.680  3141  3141 D vendor.oplus.hardware.rpmh-V1-service: getPowerStateSubsystemSleepStateList()
04-12 17:24:33.680  3141  3141 D vendor.oplus.hardware.rpmh-V1-service: last update:1032958886 , 1033089094
04-12 17:24:33.680  8338  8422 D VRI[monitor]: draw finished. seqId=0
04-12 17:24:33.680  3590  8849 D WindowManager: onSyncFinishedDrawing: Window{6cfa4af u0 Splash Screen com.binance.monitor}
04-12 17:24:33.681  3141  3141 D vendor.oplus.hardware.rpmh-V1-service: getPowerStateSubsystemSleepStateList tmpSubsystemState: ADSP 81090637 742654319
04-12 17:24:33.681  3141  3141 D vendor.oplus.hardware.rpmh-V1-service: putSubsystemSleepState key:ADSP  val:ADSP | 81090637 | 742654319
04-12 17:24:33.681  3141  3141 D vendor.oplus.hardware.rpmh-V1-service: putSubsystemSleepState update
04-12 17:24:33.681  3141  3141 D vendor.oplus.hardware.rpmh-V1-service: getPowerStateSubsystemSleepStateList tmpSubsystemState: ADSP_ISLAND 2713264 154086375
04-12 17:24:33.681  3141  3141 D vendor.oplus.hardware.rpmh-V1-service: putSubsystemSleepState key:ADSP_ISLAND  val:ADSP_ISLAND | 2713264 | 154086375
04-12 17:24:33.681  3141  3141 D vendor.oplus.hardware.rpmh-V1-service: putSubsystemSleepState update
04-12 17:24:33.681  3141  3141 D vendor.oplus.hardware.rpmh-V1-service: getPowerStateSubsystemSleepStateList tmpSubsystemState: APSS 5711336 177924963
04-12 17:24:33.681  3141  3141 D vendor.oplus.hardware.rpmh-V1-service: putSubsystemSleepState key:APSS  val:APSS | 5711336 | 177924963
04-12 17:24:33.681  3141  3141 D vendor.oplus.hardware.rpmh-V1-service: putSubsystemSleepState update
04-12 17:24:33.681  3141  3141 D vendor.oplus.hardware.rpmh-V1-service: getPowerStateSubsystemSleepStateList tmpSubsystemState: CDSP 5100 1022437792
04-12 17:24:33.681  3141  3141 D vendor.oplus.hardware.rpmh-V1-service: putSubsystemSleepState key:CDSP  val:CDSP | 5100 | 1022437792
04-12 17:24:33.681  3141  3141 D vendor.oplus.hardware.rpmh-V1-service: putSubsystemSleepState update
04-12 17:24:33.681  3141  3141 D vendor.oplus.hardware.rpmh-V1-service: getPowerStateSubsystemSleepStateList tmpSubsystemState: MPSS 6951343 427665216
04-12 17:24:33.681  3141  3141 D vendor.oplus.hardware.rpmh-V1-service: putSubsystemSleepState key:MPSS  val:MPSS | 6951343 | 427665216
04-12 17:24:33.681  3141  3141 D vendor.oplus.hardware.rpmh-V1-service: putSubsystemSleepState update
04-12 17:24:33.681  3141  3141 D vendor.oplus.hardware.rpmh-V1-service: getPowerStateSubsystemSleepStateList tmpSubsystemState: SLPI 0 0
04-12 17:24:33.681  3141  3141 E vendor.oplus.hardware.rpmh-V1-service: get data from /sys/module/qcom_stats/rpmh_stats/oplus_rpmh_master_stats failed! res=-1
04-12 17:24:33.681  3141  3141 D vendor.oplus.hardware.rpmh-V1-service: getPowerStateSubsystemSleepStateList tmpSubsystemState: SLPI_ISLAND 0 0
04-12 17:24:33.681  3141  3141 E vendor.oplus.hardware.rpmh-V1-service: get data from /sys/module/qcom_stats/rpmh_stats/oplus_rpmh_master_stats failed! res=-1
04-12 17:24:33.681  3141  3141 D vendor.oplus.hardware.rpmh-V1-service: getPowerStateSubsystemSleepStateList tmpSubsystemState: VLOW 892144 55515023
04-12 17:24:33.681  3141  3141 D vendor.oplus.hardware.rpmh-V1-service: putSubsystemSleepState key:VLOW  val:VLOW | 892144 | 55515023
04-12 17:24:33.681  3141  3141 D vendor.oplus.hardware.rpmh-V1-service: putSubsystemSleepState update
04-12 17:24:33.681  3141  3141 D vendor.oplus.hardware.rpmh-V1-service: getPowerStateSubsystemSleepStateList tmpSubsystemState: VMIN 787054 68667718
04-12 17:24:33.681  3141  3141 D vendor.oplus.hardware.rpmh-V1-service: putSubsystemSleepState key:VMIN  val:VMIN | 787054 | 68667718
04-12 17:24:33.681  3141  3141 D vendor.oplus.hardware.rpmh-V1-service: putSubsystemSleepState update
04-12 17:24:33.681  3141  3141 D vendor.oplus.hardware.rpmh-V1-service: getPowerStateSubsystemSleepStateList tmpSubsystemState: WPSS 0 0
04-12 17:24:33.681  3141  3141 E vendor.oplus.hardware.rpmh-V1-service: get data from /sys/module/qcom_stats/rpmh_stats/oplus_rpmh_master_stats failed! res=-1
04-12 17:24:33.681  3141  3141 D vendor.oplus.hardware.rpmh-V1-service: dumpSubsystemSleepState-->
04-12 17:24:33.681  3141  3141 D vendor.oplus.hardware.rpmh-V1-service: key:ADSP  val:ADSP | 81090637 | 742654319 
04-12 17:24:33.681  3141  3141 D vendor.oplus.hardware.rpmh-V1-service: key:ADSP_ISLAND  val:ADSP_ISLAND | 2713264 | 154086375 
04-12 17:24:33.681  3141  3141 D vendor.oplus.hardware.rpmh-V1-service: key:APSS  val:APSS | 5711336 | 177924963 
04-12 17:24:33.681  3141  3141 D vendor.oplus.hardware.rpmh-V1-service: key:CDSP  val:CDSP | 5100 | 1022437792 
04-12 17:24:33.681  3141  3141 D vendor.oplus.hardware.rpmh-V1-service: key:MPSS  val:MPSS | 6951343 | 427665216 
04-12 17:24:33.681  3141  3141 D vendor.oplus.hardware.rpmh-V1-service: key:VLOW  val:VLOW | 892144 | 55515023 
04-12 17:24:33.681  3141  3141 D vendor.oplus.hardware.rpmh-V1-service: key:VMIN  val:VMIN | 787054 | 68667718 
04-12 17:24:33.681  3590  3848 D RpmAidlManager: getPowerStateSubsystemSleepStateListMethod return code: 0
04-12 17:24:33.681  3590  3848 D OplusRpmSubsystemManager: measureOplusRpmMasterStatsDelta... 
04-12 17:24:33.681  3590  3848 D OplusRpmSubsystemManager: elapsedRealTimeDelta :279263
04-12 17:24:33.681  3590  3848 D OplusRpmSubsystemManager: mRpmSuspendRatioSummay: [ADSP:70.02,ADSP_ISLAND:2.43,APSS:13.30,CDSP:100.00,MPSS:51.56,VLOW:0.00,VMIN:0.00]
04-12 17:24:33.681  3590  3848 D BatteryStatsImplExtImpl: PowerDetails: time=2026-04-12-17-24-33, top=com.android.launcher.Launcher, ref_counts=0, ref_mode=0, brightness=0, refs_per_sec=0.0, modem_txTimeMs=[0, 0, 0, 0, 0], traffic=[333063354480,23521280841,1819683315411,130334926582], ctr_drain=[0,6636,0,235], rpmstat=[ADSP:60.40,ADSP_ISLAND:0.00,APSS:1.19,CDSP:100.00,MPSS:46.40,VLOW:0.10,VMIN:0.12], sap=false, audio=[spk:0, headset:0]
04-12 17:24:33.681  3590  3848 D BatteryStatsImplExtImpl: , modem=[activity:{CellUpdC[]=[3,3], Platform=0, SaRrc20sC[]=[0,31], DefaultPh=1, MdIndC={0x3:0x51=340:0:0,0x1:0xbb=73:0:0,0x3:0x13b=29:0:0,0x10:0x67=21:0:0,0xe5:0x43d=14:0:0,0x30:0x34=2:0:0,0x3:0x13e=2:0:0,0x3:0x24=1:0:0,0x2a:0x6c=1:0:0,0x30:0x32=1:0:0,0x1:0x1=1:0:0}, ApssSlpR=93.83, AppInWakeupC={com.v2ray.ang=28}, SaRrcR[]=[0.56,18.98], SaActR[]=[0.56,18.39], 5gTxSumR=100.00, SaRrcMore20sC[]=[0,7], AppWakeupRatio={com.v2ray.ang=2.63, com.binance.monitor=0.42, com.tencent.mm=0.27, com.oplus.location=0.26, com.google.uid.shared=0.21, com.oplus.deepthinker=0.13, com.heytap.mcs=0.09, com.coloros.weather.service=0.07, com.oplus.sau=0.04, com.oplus.statistics.rom=0.04, com.oplus.metis=0.03, com.oplus.athena=0.03, com.android.mms=0.03, com.android.vending=0.03, android.uid.networkstack=0.01}, GpsR=0.20, Duration=3301, RxR=19.02, HandOverC[]=[0,2], TechR[]=[0,0,0,0,0,0,0,0,100.00], SleepR=80.26, 5gTxR[]=[0,0,0,0,26.06,28.15,20.80,24.99], ScrOnR=0.97, DataNetType=20, Current=45.79, VlowSlpR=59.52, 5gTxRSIM2=[0,0,0,0,26.10,28.18,20.80,24.92], 5gTxRSIM1=[0,0,0,0,19.38,23.52,19.92,37.18], Time=04-12 16:56:26, SimCount=2, AppOutWakeupC={com.v2ray.ang=16, com.heytap.mcs=6, com.oplus.statistics.rom=3, com.android.mms=2, com.oplus.sau=1, com.google.uid.shared=1, com.tencent.mm=1, com.android.vending=1, android.uid.networkstack=1, com.coloros.weather.service=1}, What=LO, Signal=-105, MpssSlpR=80.39, PsRegR[]=[100.00,100.00], QrtrWakeupC={0x1:0xbb=64,0x3:0x13e=1,0x190:0x21=4,0xe:0x3=1,0xe5:0x43d=1,0x30:0x32=2,0x30:0x34=2}, CsRegR[]=[100.00,100.00], VminSlpR=73.06, NetType=MOBILE, Thermal[]=[24.76,26.60], Stamp=1775984186949, ScrOffR=99.03, SaHoC[]=[0,2], Charge=false, SaRrc10sC[]=[2,4], SaRrcC[]=[2,42], SoftAp=false, AllWakeupC={IrqTcpIn=13, IrqTcpOut=10, IrqUdpOut=2, TCPInput=28, TCPOutput=33}, SIM1=ct, SIM2=cm, Power=85}]
04-12 17:24:33.681  3590  3848 D BatteryStatsImplExtImpl: , endc=0
04-12 17:24:33.681  3590  8849 I WindowManager: finishDrawing skipLayout:false,syncSeqId=0,mPrepareSyncSeqId=0 Window{6cfa4af u0 Splash Screen com.binance.monitor} com.android.server.wm.WindowManagerService.finishDrawingWindow:3217 com.android.server.wm.Session.finishDrawing:399 android.view.IWindowSession$Stub.onTransact:793 
04-12 17:24:33.681  3590  8849 I WindowManager: Window{6cfa4af u0 Splash Screen com.binance.monitor} state from DRAW_PENDING to COMMIT_DRAW_PENDING; reason: finishDrawingLocked
04-12 17:24:33.682  3590  3796 D InsetsSourceProvider: updateSourceFrameForServerVisibility mandatorySystemGestures EMPTY_RECT
04-12 17:24:33.682  3590  3796 D InsetsSourceProvider: updateSourceFrameForServerVisibility mandatorySystemGestures EMPTY_RECT
04-12 17:24:33.682  3590  3796 I WindowManager: Window{6cfa4af u0 Splash Screen com.binance.monitor} state from COMMIT_DRAW_PENDING to READY_TO_SHOW; reason: commitFinishDrawingLocked
04-12 17:24:33.682  3590  3796 D ActivityTaskManager: onStartingWindowDrawn: app=null, mStartingData=SplashScreenStartingData{cd5e845 removeAfterTransaction= 0}, finishing=false,mLaunchedFromBubble=false, mVisibleRequested=true, mDisplayContent=Display{#0 state=ON size=1264x2780 ROTATION_0}, isZoomMode=false
04-12 17:24:33.683  3590  3796 D ActivityTaskManager: commitVisibility: ActivityRecord{143301216 u0 com.binance.monitor/.ui.main.MainActivity t13247}: visible=true visibleRequested=true, isInTransition=true 
04-12 17:24:33.683  3590  3796 I WindowManager: Window{6cfa4af u0 Splash Screen com.binance.monitor} state from READY_TO_SHOW to HAS_DRAWN; reason: performShowLocked
04-12 17:24:33.683  3590  3796 I WindowStateExtImpl: onSurfaceShowChange show = true mPackageName = com.binance.monitor parentPkgName = com.binance.monitor
04-12 17:24:33.683  3590  3796 D CoreBackPreview:  return markWindowHasDrawn mComposed: false  mWaitTransition: false
04-12 17:24:33.683  3590  3796 E OplusAppQuickStart_AppQuickStartController: not start from launcher transition:28415
04-12 17:24:33.683  3590  3796 D Transition: collectOrderChanges onTopTasksEnd: [Task{65327de #13247 type=standard A=10512:com.binance.monitor}], reportedOnTop:null, mOnTopTasksStart: [Task{65327de #13247 type=standard A=10512:com.binance.monitor}], TDA child: [Task{2ae848 #3 type=undefined}, Task{1abb46b #12626 type=standard A=10345:com.tencent.mm}, Task{5e646fc #13246 type=standard A=10516:com.mobilecodex.nativeapp}, Task{1b9ad4c #1 type=home}, Task{65327de #13247 type=standard A=10512:com.binance.monitor}]
04-12 17:24:33.683  3590  3796 D OplusFlexibleActivityTransitionManager: fixTransitType type result:1, targets: [ChangeInfo{fe1bada container=Task{65327de #13247 type=standard A=10512:com.binance.monitor} flags=0x10}, ChangeInfo{8a72b0b container=Task{1b9ad4c #1 type=home} flags=0x10}]
04-12 17:24:33.683  7398  7398 I binance.monitor: isSwordfishLaunchAppEnabled_ 1 isSwordfishInstallAppEnabled_ 1
04-12 17:24:33.683  7398  7398 I binance.monitor: Late-enabling -Xcheck:jni
04-12 17:24:33.683  3590  3796 D OplusTransitionAnimationManager: activityRecordCount0fullScreenArBeHindStartingWindow null
04-12 17:24:33.684  3590  3796 D OplusTransitionAnimationManager: activityRecordCount0fullScreenArBeHindStartingWindow null
04-12 17:24:33.684  3590  3796 D QuickBackInputPolicy: resetInputInterceptState for remoteTransition: false
04-12 17:24:33.684  3590  3796 D OplusTransitionController: onTransactionReady, transition: 28415, info: {id=28415 t=OPEN f=0x0 trk=0 r=[0@Point(0, 0)] c=[{WCT{RemoteToken{6d05b97 Task{65327de #13247 type=standard A=10512:com.binance.monitor}}} m=OPEN f=NONE leash=Surface(name=Task=13247)/@0x3475c01 sb=Rect(0, 0 - 1264, 2780) eb=Rect(0, 0 - 1264, 2780) epz=Point(1264, 2780) d=0 taskParent=-1},{WCT{RemoteToken{4daf3e9 Task{1b9ad4c #1 type=home}}} m=TO_BACK f=SHOW_WALLPAPER leash=Surface(name=Task=1)/@0x621c470 sb=Rect(0, 0 - 1264, 2780) eb=Rect(0, 0 - 1264, 2780) epz=Point(1264, 2780) d=0 taskParent=-1}] 
04-12 17:24:33.684  3590  3796 D OplusTransitionController: extendInfo=[
04-12 17:24:33.684  3590  3796 D OplusTransitionController:  OplusTransitionExtendedInfo{mTmpFinishT=null, mInOplusCompatMode=false, mIsProcessRunning=false, mHasMismatchBoundsTarget=false, mRecentsController=null, mRemoteTransition=null, mIsTranslucentActivityToHome=false, mAvoidInterceptKeyEventToHome=false, mIsFromHome=false, mParentLeash=null, mBackAnimClosingLeash=null, mIsOplusAnimRes=false, mKeepBgForContinuous=false, mIsBalAllow=true, mTaskNotInRecent=false, mIsPredictiveBackAnim=false, mIsMergedWithPredictive=false, mIsLaunchFromSpruce=false, mIsLaunchFromDrive=false, mGlobalSearchPageSwitch=false, mNeedNoAlphaGlobalSearchScene=false, mAssistScreenShowing=false, mSwipeUpBrowserScreenShowing=false, mUserIdTransition=0
04-12 17:24:33.684  3590  3796 D OplusTransitionController: , mInRemoteScene=false, mInPreReady=false, mPreStart=false, mToken=null, mAbortByRemoteFromHome=false, mShellApplyToken=null, mRequestTransitionTaskId=13247, mAbortTransitionOnShell=0, mStartFromShortcut=false, mRemovedTaskId=-1, mTransitionInterruptType=0, mMergeSecondTaskId=-1, mTaskIdStartFromRecents=0, mTransitionId=28415, mCanUseSpringSlideAnim=false, mTransitionLaunchFrom=0, mFoldChangeType=-1, mAnimStartingPosition=[0, 0, 0, 0], mIsOpeningStkDialogActivity=false, mSecondaryHomeToFrontWhenUnFolding=false, mIsNeedApplyStartTForEmbedded=false
04-12 17:24:33.684  3590  3796 D OplusTransitionController: , mNeedCanvasExitAnim=false, mMergeSecondTaskAnimation=false, mIsLaunchUnityStart=false, mIsLaunchFromAssistantByDefault=false, mSkipRemoteTransitionfalse, mIsStartFromKeyguard=false flags=0x0, mWCT=null, mIsOpenMergeToInValidPredictive=false, mPromoteTaskWhenKeyguard-1, mRootLayerZOrderArray={}}]}, targets : [ChangeInfo{fe1bada container=Task{65327de #13247 type=standard A=10512:com.binance.monitor} flags=0x10}, ChangeInfo{8a72b0b container=Task{1b9ad4c #1 type=home} flags=0x10}], participants: {WallpaperWindowToken{3abc1ac showWhenLocked=false}, ActivityRecord{75462386 u0 com.android.launcher/.Launcher t2}, Task{65327de #13247 type=standard A=10512:com.binance.monitor}, ActivityRecord{143301216 u0 com.binance.monitor/.ui.main.MainActivity t13247}, WallpaperWindowToken{a06f6f8 showWhenLocked=true}}
04-12 17:24:33.685  3590  3792 V WindowManager: Sent Transition (#28415) createdAt=04-12 17:24:33.655 via request=TransitionRequestInfo { type = OPEN, triggerTask = TaskInfo{userId=0 taskId=13247 effectiveUid=10512 displayId=0 isRunning=true baseIntent=Intent { flg=0x10000000 cmp=com.binance.monitor/.ui.main.MainActivity mCallingUid=2000 } baseActivity=ComponentInfo{com.binance.monitor/com.binance.monitor.ui.main.MainActivity} topActivity=ComponentInfo{com.binance.monitor/com.binance.monitor.ui.main.MainActivity} origActivity=null realActivity=ComponentInfo{com.binance.monitor/com.binance.monitor.ui.main.MainActivity}
04-12 17:24:33.685  3590  3792 V WindowManager:  numActivities=1 lastActiveTime=1033089077 supportsSplitScreenMultiWindow=true supportsMultiWindow=true supportsPocketStudioMultiWindow=true isInFlexibleEmbedded = false uid = 10512 pid = 0 resizeMode=1 isResizeable=true minWidth=-1 minHeight=-1 defaultMinSize=220 token=WCT{RemoteToken{6d05b97 Task{65327de #13247 type=standard A=10512:com.binance.monitor}}} topActivityType=1 pictureInPictureParams=null shouldDockBigOverlays=false launchIntoPipHostTaskId=-1 lastParentTaskIdBeforePip=-1 displayCutoutSafeInsets=Rect(0, 140 - 0, 0)
04-12 17:24:33.685  3590  3792 V WindowManager:  topActivityInfo=ActivityInfo{693184 com.binance.monitor.ui.main.MainActivity} launchCookies=[] positionInParent=Point(0, 0) parentTaskId=-1 isFocused=false isVisible=false isVisibleRequested=false isTopActivityNoDisplay=false isSleeping=false locusId=null displayAreaFeatureId=1 isTopActivityTransparent=false isActivityStackTransparent=false lastNonFullscreenBounds=Rect(330, 828 - 935, 2092) capturedLink=null capturedLinkTimestamp=0 requestedVisibleTypes=-9 topActivityRequestOpenInBrowserEducationTimestamp=0
04-12 17:24:33.685  3590  3792 V WindowManager:  appCompatTaskInfo=AppCompatTaskInfo { topActivityInSizeCompat=false topActivityInOplusCompatMode=false eligibleForLetterboxEducation= false isLetterboxEducationEnabled= false isLetterboxDoubleTapEnabled= false eligibleForUserAspectRatioButton= false topActivityBoundsLetterboxed= false isFromLetterboxDoubleTap= false topActivityLetterboxVerticalPosition= -1 topActivityLetterboxHorizontalPosition= -1 topActivityLetterboxWidth=-1 topActivityLetterboxHeight=-1 topActivityAppBounds=Rect(0, 140 - 1264, 2780) isUserFullscreenOverrideEnabled=false isSystemFullscreenOverrideEnabled=false hasMinAspectRatioOverride=false topActivityLetterboxBounds=null cameraCompatTaskInfo=CameraCompatTaskInfo { freeformCameraCompatMode=inactive}} topActivityMainWindowFrame=null topActivityLetterboxInsets=Rect(0, 0 - 0, 0)
04-12 17:24:33.685  3590  3792 V WindowManager:  mOplusExtraBundle = Bundle[{androidx.flexible.taskFrame=Rect(0, 0 - 0, 0), androidx.flexible.Alpha=1.0, androidx.activity.task.attach.blur=0, androidx.activity.LaunchInsensible=0, androidx.activity.LaunchCornerRadius=0, key_flexible_task_state=0, topActivitySupportAppInnerSplit=false, key_flexible_task_animating_type=-1, key_flexible_task_root_activity_processname=com.binance.monitor, androidx.activity.LaunchScenario=0, is_oplus_clone_task=false, flexible_super_mini_state=false, topRunningActivityHash=143301216, androidx.activity.LaunchScale=1.0, androidx.activity.LaunchShadowRadius=0, is_transient_hide_for_task_info=false, key_flexible_task_root_activity_pid=0, key_flexible_task_root_activity_uid=10512}]}, pipChange = null, remoteTransition = null, displayChange = null, flags = 0, debugId = 28415 }
04-12 17:24:33.685  3590  3792 V WindowManager:     startWCT=WindowContainerTransaction { changes= {} hops= [] errorCallbackToken=null taskFragmentOrganizer=null }
04-12 17:24:33.685  3590  3792 V WindowManager:     info={id=28415 t=OPEN f=0x0 trk=0 r=[0@Point(0, 0)] c=[
04-12 17:24:33.685  3590  3792 V WindowManager:         {WCT{RemoteToken{6d05b97 Task{65327de #13247 type=standard A=10512:com.binance.monitor}}} m=OPEN f=NONE leash=Surface(name=Task=13247)/@0x3475c01 sb=Rect(0, 0 - 1264, 2780) eb=Rect(0, 0 - 1264, 2780) epz=Point(1264, 2780) d=0 taskParent=-1},
04-12 17:24:33.685  3590  3792 V WindowManager:         {WCT{RemoteToken{4daf3e9 Task{1b9ad4c #1 type=home}}} m=TO_BACK f=SHOW_WALLPAPER leash=Surface(name=Task=1)/@0x621c470 sb=Rect(0, 0 - 1264, 2780) eb=Rect(0, 0 - 1264, 2780) epz=Point(1264, 2780) d=0 taskParent=-1}
04-12 17:24:33.685  3590  3792 V WindowManager:     ] 
04-12 17:24:33.685  3590  3792 V WindowManager: extendInfo=[
04-12 17:24:33.685  3590  3792 V WindowManager:  OplusTransitionExtendedInfo{mTmpFinishT=null, mInOplusCompatMode=false, mIsProcessRunning=false, mHasMismatchBoundsTarget=false, mRecentsController=null, mRemoteTransition=null, mIsTranslucentActivityToHome=false, mAvoidInterceptKeyEventToHome=false, mIsFromHome=false, mParentLeash=null, mBackAnimClosingLeash=null, mIsOplusAnimRes=false, mKeepBgForContinuous=false, mIsBalAllow=true, mTaskNotInRecent=false, mIsPredictiveBackAnim=false, mIsMergedWithPredictive=false, mIsLaunchFromSpruce=false, mIsLaunchFromDrive=false, mGlobalSearchPageSwitch=false, mNeedNoAlphaGlobalSearchScene=false, mAssistScreenShowing=false, mSwipeUpBrowserScreenShowing=false, mUserIdTransition=0
04-12 17:24:33.685  3590  3792 V WindowManager: , mInRemoteScene=false, mInPreReady=false, mPreStart=false, mToken=null, mAbortByRemoteFromHome=false, mShellApplyToken=null, mRequestTransitionTaskId=13247, mAbortTransitionOnShell=0, mStartFromShortcut=false, mRemovedTaskId=-1, mTransitionInterruptType=0, mMergeSecondTaskId=-1, mTaskIdStartFromRecents=0, mTransitionId=28415, mCanUseSpringSlideAnim=false, mTransitionLaunchFrom=0, mFoldChangeType=-1, mAnimStartingPosition=[0, 0, 0, 0], mIsOpeningStkDialogActivity=false, mSecondaryHomeToFrontWhenUnFolding=false, mIsNeedApplyStartTForEmbedded=false
04-12 17:24:33.685  3590  3792 V WindowManager: , mNeedCanvasExitAnim=false, mMergeSecondTaskAnimation=false, mIsLaunchUnityStart=false, mIsLaunchFromAssistantByDefault=false, mSkipRemoteTransitionfalse, mIsStartFromKeyguard=false flags=0x0, mWCT=null, mIsOpenMergeToInValidPredictive=false, mPromoteTaskWhenKeyguard-1, mRootLayerZOrderArray={}}]}
04-12 17:24:33.685  8338  9070 V WindowManagerShell: onTransitionReady(transaction=15418935332503)
04-12 17:24:33.685  8338  8381 V WindowManagerShell: onTransitionReady (#28415) android.os.BinderProxy@ee18bfd: {id=28415 t=OPEN f=0x0 trk=0 r=[0@Point(0, 0)] c=[
04-12 17:24:33.685  8338  8381 V WindowManagerShell:         {m=OPEN f=NONE leash=Surface(name=Task=13247)/@0xa884c20 sb=Rect(0, 0 - 1264, 2780) eb=Rect(0, 0 - 1264, 2780) epz=Point(1264, 2780) d=0 taskParent=-1},
04-12 17:24:33.685  8338  8381 V WindowManagerShell:         {m=TO_BACK f=SHOW_WALLPAPER leash=Surface(name=Task=1)/@0x3fa59d9 sb=Rect(0, 0 - 1264, 2780) eb=Rect(0, 0 - 1264, 2780) epz=Point(1264, 2780) d=0 taskParent=-1}
04-12 17:24:33.685  8338  8381 V WindowManagerShell:     ] 
04-12 17:24:33.685  8338  8381 V WindowManagerShell: extendInfo=[
04-12 17:24:33.685  8338  8381 V WindowManagerShell:  OplusTransitionExtendedInfo{mTmpFinishT=null, mInOplusCompatMode=false, mIsProcessRunning=false, mHasMismatchBoundsTarget=false, mRecentsController=null, mRemoteTransition=null, mIsTranslucentActivityToHome=false, mAvoidInterceptKeyEventToHome=false, mIsFromHome=false, mParentLeash=null, mBackAnimClosingLeash=null, mIsOplusAnimRes=false, mKeepBgForContinuous=false, mIsBalAllow=true, mTaskNotInRecent=false, mIsPredictiveBackAnim=false, mIsMergedWithPredictive=false, mIsLaunchFromSpruce=false, mIsLaunchFromDrive=false, mGlobalSearchPageSwitch=false, mNeedNoAlphaGlobalSearchScene=false, mAssistScreenShowing=false, mSwipeUpBrowserScreenShowing=false, mUserIdTransition=0
04-12 17:24:33.685  8338  8381 V WindowManagerShell: , mInRemoteScene=false, mInPreReady=false, mPreStart=false, mToken=null, mAbortByRemoteFromHome=false, mShellApplyToken=null, mRequestTransitionTaskId=13247, mAbortTransitionOnShell=0, mStartFromShortcut=false, mRemovedTaskId=-1, mTransitionInterruptType=0, mMergeSecondTaskId=-1, mTaskIdStartFromRecents=0, mTransitionId=28415, mCanUseSpringSlideAnim=false, mTransitionLaunchFrom=0, mFoldChangeType=-1, mAnimStartingPosition=[0, 0, 0, 0], mIsOpeningStkDialogActivity=false, mSecondaryHomeToFrontWhenUnFolding=false, mIsNeedApplyStartTForEmbedded=false
04-12 17:24:33.685  8338  8381 V WindowManagerShell: , mNeedCanvasExitAnim=false, mMergeSecondTaskAnimation=false, mIsLaunchUnityStart=false, mIsLaunchFromAssistantByDefault=false, mSkipRemoteTransitionfalse, mIsStartFromKeyguard=false flags=0x0, mWCT=null, mIsOpenMergeToInValidPredictive=false, mPromoteTaskWhenKeyguard-1, mRootLayerZOrderArray={}}]}
04-12 17:24:33.685  8338  8381 D OplusShellTransition: dispatchReady, active:(#28415) android.os.BinderProxy@ee18bfd@0, isSync=false, track:com.android.wm.shell.transition.Transitions$Track@f3fa59b
04-12 17:24:33.685  8338  8381 D OplusShellTransition: Abort transition (#28415) android.os.BinderProxy@ee18bfd@0 WMCore requested. reason: 0; abortTransition: false
04-12 17:24:33.685  3590  3796 D InsetsSourceProvider: updateSourceFrameForServerVisibility mandatorySystemGestures EMPTY_RECT
04-12 17:24:33.685  8338  8381 V WindowManagerShell: Playing animation for (#28415) android.os.BinderProxy@ee18bfd@0
04-12 17:24:33.686  8338  8381 V ShellRecents: RecentsTransitionHandler.startAnimation: no controller found
04-12 17:24:33.686  8338  8381 V WindowManagerShell: start OnePuttTransition animation, info = {id=28415 t=OPEN f=0x0 trk=0 r=[0@Point(0, 0)] c=[{m=OPEN f=NONE leash=Surface(name=Task=13247)/@0xa884c20 sb=Rect(0, 0 - 1264, 2780) eb=Rect(0, 0 - 1264, 2780) epz=Point(1264, 2780) d=0 taskParent=-1},{m=TO_BACK f=SHOW_WALLPAPER leash=Surface(name=Task=1)/@0x3fa59d9 sb=Rect(0, 0 - 1264, 2780) eb=Rect(0, 0 - 1264, 2780) epz=Point(1264, 2780) d=0 taskParent=-1}] 
04-12 17:24:33.686  8338  8381 V WindowManagerShell: extendInfo=[
04-12 17:24:33.686  8338  8381 V WindowManagerShell:  OplusTransitionExtendedInfo{mTmpFinishT=null, mInOplusCompatMode=false, mIsProcessRunning=false, mHasMismatchBoundsTarget=false, mRecentsController=null, mRemoteTransition=null, mIsTranslucentActivityToHome=false, mAvoidInterceptKeyEventToHome=false, mIsFromHome=false, mParentLeash=null, mBackAnimClosingLeash=null, mIsOplusAnimRes=false, mKeepBgForContinuous=false, mIsBalAllow=true, mTaskNotInRecent=false, mIsPredictiveBackAnim=false, mIsMergedWithPredictive=false, mIsLaunchFromSpruce=false, mIsLaunchFromDrive=false, mGlobalSearchPageSwitch=false, mNeedNoAlphaGlobalSearchScene=false, mAssistScreenShowing=false, mSwipeUpBrowserScreenShowing=false, mUserIdTransition=0
04-12 17:24:33.686  8338  8381 V WindowManagerShell: , mInRemoteScene=false, mInPreReady=false, mPreStart=false, mToken=null, mAbortByRemoteFromHome=false, mShellApplyToken=null, mRequestTransitionTaskId=13247, mAbortTransitionOnShell=0, mStartFromShortcut=false, mRemovedTaskId=-1, mTransitionInterruptType=0, mMergeSecondTaskId=-1, mTaskIdStartFromRecents=0, mTransitionId=28415, mCanUseSpringSlideAnim=false, mTransitionLaunchFrom=0, mFoldChangeType=-1, mAnimStartingPosition=[0, 0, 0, 0], mIsOpeningStkDialogActivity=false, mSecondaryHomeToFrontWhenUnFolding=false, mIsNeedApplyStartTForEmbedded=false
04-12 17:24:33.686  8338  8381 V WindowManagerShell: , mNeedCanvasExitAnim=false, mMergeSecondTaskAnimation=false, mIsLaunchUnityStart=false, mIsLaunchFromAssistantByDefault=false, mSkipRemoteTransitionfalse, mIsStartFromKeyguard=false flags=0x0, mWCT=null, mIsOpenMergeToInValidPredictive=false, mPromoteTaskWhenKeyguard-1, mRootLayerZOrderArray={}}]}
04-12 17:24:33.686  3590  3796 D FlexibleWindowManagerService: onFlexibleWindowTaskAppeared: task = 13247, visible = true
04-12 17:24:33.686  8338  8381 D FlexibleTaskTransitionHandler:  performAnimation transition:android.os.BinderProxy@ee18bfd ,info:{id=28415 t=OPEN f=0x0 trk=0 r=[0@Point(0, 0)] c=[{m=OPEN f=NONE leash=Surface(name=Task=13247)/@0xa884c20 sb=Rect(0, 0 - 1264, 2780) eb=Rect(0, 0 - 1264, 2780) epz=Point(1264, 2780) d=0 taskParent=-1},{m=TO_BACK f=SHOW_WALLPAPER leash=Surface(name=Task=1)/@0x3fa59d9 sb=Rect(0, 0 - 1264, 2780) eb=Rect(0, 0 - 1264, 2780) epz=Point(1264, 2780) d=0 taskParent=-1}] 
04-12 17:24:33.686  8338  8381 D FlexibleTaskTransitionHandler: extendInfo=[
04-12 17:24:33.686  8338  8381 D FlexibleTaskTransitionHandler:  OplusTransitionExtendedInfo{mTmpFinishT=null, mInOplusCompatMode=false, mIsProcessRunning=false, mHasMismatchBoundsTarget=false, mRecentsController=null, mRemoteTransition=null, mIsTranslucentActivityToHome=false, mAvoidInterceptKeyEventToHome=false, mIsFromHome=false, mParentLeash=null, mBackAnimClosingLeash=null, mIsOplusAnimRes=false, mKeepBgForContinuous=false, mIsBalAllow=true, mTaskNotInRecent=false, mIsPredictiveBackAnim=false, mIsMergedWithPredictive=false, mIsLaunchFromSpruce=false, mIsLaunchFromDrive=false, mGlobalSearchPageSwitch=false, mNeedNoAlphaGlobalSearchScene=false, mAssistScreenShowing=false, mSwipeUpBrowserScreenShowing=false, mUserIdTransition=0
04-12 17:24:33.686  8338  8381 D FlexibleTaskTransitionHandler: , mInRemoteScene=false, mInPreReady=false, mPreStart=false, mToken=null, mAbortByRemoteFromHome=false, mShellApplyToken=null, mRequestTransitionTaskId=13247, mAbortTransitionOnShell=0, mStartFromShortcut=false, mRemovedTaskId=-1, mTransitionInterruptType=0, mMergeSecondTaskId=-1, mTaskIdStartFromRecents=0, mTransitionId=28415, mCanUseSpringSlideAnim=false, mTransitionLaunchFrom=0, mFoldChangeType=-1, mAnimStartingPosition=[0, 0, 0, 0], mIsOpeningStkDialogActivity=false, mSecondaryHomeToFrontWhenUnFolding=false, mIsNeedApplyStartTForEmbedded=false
04-12 17:24:33.686  8338  8381 D FlexibleTaskTransitionHandler: , mNeedCanvasExitAnim=false, mMergeSecondTaskAnimation=false, mIsLaunchUnityStart=false, mIsLaunchFromAssistantByDefault=false, mSkipRemoteTransitionfalse, mIsStartFromKeyguard=false flags=0x0, mWCT=null, mIsOpenMergeToInValidPredictive=false, mPromoteTaskWhenKeyguard-1, mRootLayerZOrderArray={}}]}
04-12 17:24:33.686  8338  8381 D FlexibleTaskTransitionHandler:  no need handler this transitionInfo: {id=28415 t=OPEN f=0x0 trk=0 r=[0@Point(0, 0)] c=[{m=OPEN f=NONE leash=Surface(name=Task=13247)/@0xa884c20 sb=Rect(0, 0 - 1264, 2780) eb=Rect(0, 0 - 1264, 2780) epz=Point(1264, 2780) d=0 taskParent=-1},{m=TO_BACK f=SHOW_WALLPAPER leash=Surface(name=Task=1)/@0x3fa59d9 sb=Rect(0, 0 - 1264, 2780) eb=Rect(0, 0 - 1264, 2780) epz=Point(1264, 2780) d=0 taskParent=-1}] 
04-12 17:24:33.686  8338  8381 D FlexibleTaskTransitionHandler: extendInfo=[
04-12 17:24:33.686  8338  8381 D FlexibleTaskTransitionHandler:  OplusTransitionExtendedInfo{mTmpFinishT=null, mInOplusCompatMode=false, mIsProcessRunning=false, mHasMismatchBoundsTarget=false, mRecentsController=null, mRemoteTransition=null, mIsTranslucentActivityToHome=false, mAvoidInterceptKeyEventToHome=false, mIsFromHome=false, mParentLeash=null, mBackAnimClosingLeash=null, mIsOplusAnimRes=false, mKeepBgForContinuous=false, mIsBalAllow=true, mTaskNotInRecent=false, mIsPredictiveBackAnim=false, mIsMergedWithPredictive=false, mIsLaunchFromSpruce=false, mIsLaunchFromDrive=false, mGlobalSearchPageSwitch=false, mNeedNoAlphaGlobalSearchScene=false, mAssistScreenShowing=false, mSwipeUpBrowserScreenShowing=false, mUserIdTransition=0
04-12 17:24:33.686  8338  8381 D FlexibleTaskTransitionHandler: , mInRemoteScene=false, mInPreReady=false, mPreStart=false, mToken=null, mAbortByRemoteFromHome=false, mShellApplyToken=null, mRequestTransitionTaskId=13247, mAbortTransitionOnShell=0, mStartFromShortcut=false, mRemovedTaskId=-1, mTransitionInterruptType=0, mMergeSecondTaskId=-1, mTaskIdStartFromRecents=0, mTransitionId=28415, mCanUseSpringSlideAnim=false, mTransitionLaunchFrom=0, mFoldChangeType=-1, mAnimStartingPosition=[0, 0, 0, 0], mIsOpeningStkDialogActivity=false, mSecondaryHomeToFrontWhenUnFolding=false, mIsNeedApplyStartTForEmbedded=false
04-12 17:24:33.686  8338  8381 D FlexibleTaskTransitionHandler: , mNeedCanvasExitAnim=false, mMergeSecondTaskAnimation=false, mIsLaunchUnityStart=false, mIsLaunchFromAssistantByDefault=false, mSkipRemoteTransitionfalse, mIsStartFromKeyguard=false flags=0x0, mWCT=null, mIsOpenMergeToInValidPredictive=false, mPromoteTaskWhenKeyguard-1, mRootLayerZOrderArray={}}]}
04-12 17:24:33.686  3590  3796 D OplusFlexibleWindowMinimizedManagerHelper: onTaskAppered taskInfo:13247
04-12 17:24:33.686  3590  3796 D OplusFlexibleDragToSplitAnimController: visibleFlexibleTaskInfos delete:13247
04-12 17:24:33.686  3590  3796 E FlexibleWindowManagerService: notifyTaskObserverToAttachController not need to notify!
04-12 17:24:33.686  3590  3796 D FlexibleWindowManagerService: should not dispatch appeared task Task{65327de #13247 type=standard A=10512:com.binance.monitor}
04-12 17:24:33.686  8338  8381 V WindowManagerShell: Transition doesn't have explicit remote, search filters for match for {id=28415 t=OPEN f=0x0 trk=0 r=[0@Point(0, 0)] c=[{m=OPEN f=NONE leash=Surface(name=Task=13247)/@0xa884c20 sb=Rect(0, 0 - 1264, 2780) eb=Rect(0, 0 - 1264, 2780) epz=Point(1264, 2780) d=0 taskParent=-1},{m=TO_BACK f=SHOW_WALLPAPER leash=Surface(name=Task=1)/@0x3fa59d9 sb=Rect(0, 0 - 1264, 2780) eb=Rect(0, 0 - 1264, 2780) epz=Point(1264, 2780) d=0 taskParent=-1}] 
04-12 17:24:33.686  8338  8381 V WindowManagerShell: extendInfo=[
04-12 17:24:33.686  8338  8381 V WindowManagerShell:  OplusTransitionExtendedInfo{mTmpFinishT=null, mInOplusCompatMode=false, mIsProcessRunning=false, mHasMismatchBoundsTarget=false, mRecentsController=null, mRemoteTransition=null, mIsTranslucentActivityToHome=false, mAvoidInterceptKeyEventToHome=false, mIsFromHome=false, mParentLeash=null, mBackAnimClosingLeash=null, mIsOplusAnimRes=false, mKeepBgForContinuous=false, mIsBalAllow=true, mTaskNotInRecent=false, mIsPredictiveBackAnim=false, mIsMergedWithPredictive=false, mIsLaunchFromSpruce=false, mIsLaunchFromDrive=false, mGlobalSearchPageSwitch=false, mNeedNoAlphaGlobalSearchScene=false, mAssistScreenShowing=false, mSwipeUpBrowserScreenShowing=false, mUserIdTransition=0
04-12 17:24:33.686  8338  8381 V WindowManagerShell: , mInRemoteScene=false, mInPreReady=false, mPreStart=false, mToken=null, mAbortByRemoteFromHome=false, mShellApplyToken=null, mRequestTransitionTaskId=13247, mAbortTransitionOnShell=0, mStartFromShortcut=false, mRemovedTaskId=-1, mTransitionInterruptType=0, mMergeSecondTaskId=-1, mTaskIdStartFromRecents=0, mTransitionId=28415, mCanUseSpringSlideAnim=false, mTransitionLaunchFrom=0, mFoldChangeType=-1, mAnimStartingPosition=[0, 0, 0, 0], mIsOpeningStkDialogActivity=false, mSecondaryHomeToFrontWhenUnFolding=false, mIsNeedApplyStartTForEmbedded=false
04-12 17:24:33.686  8338  8381 V WindowManagerShell: , mNeedCanvasExitAnim=false, mMergeSecondTaskAnimation=false, mIsLaunchUnityStart=false, mIsLaunchFromAssistantByDefault=false, mSkipRemoteTransitionfalse, mIsStartFromKeyguard=false flags=0x0, mWCT=null, mIsOpenMergeToInValidPredictive=false, mPromoteTaskWhenKeyguard-1, mRootLayerZOrderArray={}}]}
04-12 17:24:33.686  8338  8381 V WindowManagerShell:  Checking filter Pair{{types=[] flags=0x0] notFlags=0x100 checks=[{atype=home independent=true modes=[OPEN,TO_FRONT] flags=NONE mustBeTask=false order=TOP topActivity=ComponentInfo{com.android.launcher/com.android.launcher.Launcher} launchCookie=null windowingMode=undefined},{atype=standard independent=true modes=[CLOSE,TO_BACK] flags=NONE mustBeTask=false order=ANY topActivity=null launchCookie=null windowingMode=undefined}]} RemoteTransition { remoteTransition = android.window.IRemoteTransition$Stub$Proxy@a5bfc11, appThread = android.app.IApplicationThread$Stub$Proxy@61db176, debugName = QuickstepLaunchHome }}
04-12 17:24:33.686  8338  8381 V WindowManagerShell:  Delegate animation for (#28415) to null
04-12 17:24:33.686  8338  8381 V WindowManagerShell: start default transition animation, info = {id=28415 t=OPEN f=0x0 trk=0 r=[0@Point(0, 0)] c=[{m=OPEN f=NONE leash=Surface(name=Task=13247)/@0xa884c20 sb=Rect(0, 0 - 1264, 2780) eb=Rect(0, 0 - 1264, 2780) epz=Point(1264, 2780) d=0 taskParent=-1},{m=TO_BACK f=SHOW_WALLPAPER leash=Surface(name=Task=1)/@0x3fa59d9 sb=Rect(0, 0 - 1264, 2780) eb=Rect(0, 0 - 1264, 2780) epz=Point(1264, 2780) d=0 taskParent=-1}] 
04-12 17:24:33.686  8338  8381 V WindowManagerShell: extendInfo=[
04-12 17:24:33.686  8338  8381 V WindowManagerShell:  OplusTransitionExtendedInfo{mTmpFinishT=null, mInOplusCompatMode=false, mIsProcessRunning=false, mHasMismatchBoundsTarget=false, mRecentsController=null, mRemoteTransition=null, mIsTranslucentActivityToHome=false, mAvoidInterceptKeyEventToHome=false, mIsFromHome=false, mParentLeash=null, mBackAnimClosingLeash=null, mIsOplusAnimRes=false, mKeepBgForContinuous=false, mIsBalAllow=true, mTaskNotInRecent=false, mIsPredictiveBackAnim=false, mIsMergedWithPredictive=false, mIsLaunchFromSpruce=false, mIsLaunchFromDrive=false, mGlobalSearchPageSwitch=false, mNeedNoAlphaGlobalSearchScene=false, mAssistScreenShowing=false, mSwipeUpBrowserScreenShowing=false, mUserIdTransition=0
04-12 17:24:33.686  8338  8381 V WindowManagerShell: , mInRemoteScene=false, mInPreReady=false, mPreStart=false, mToken=null, mAbortByRemoteFromHome=false, mShellApplyToken=null, mRequestTransitionTaskId=13247, mAbortTransitionOnShell=0, mStartFromShortcut=false, mRemovedTaskId=-1, mTransitionInterruptType=0, mMergeSecondTaskId=-1, mTaskIdStartFromRecents=0, mTransitionId=28415, mCanUseSpringSlideAnim=false, mTransitionLaunchFrom=0, mFoldChangeType=-1, mAnimStartingPosition=[0, 0, 0, 0], mIsOpeningStkDialogActivity=false, mSecondaryHomeToFrontWhenUnFolding=false, mIsNeedApplyStartTForEmbedded=false
04-12 17:24:33.686  8338  8381 V WindowManagerShell: , mNeedCanvasExitAnim=false, mMergeSecondTaskAnimation=false, mIsLaunchUnityStart=false, mIsLaunchFromAssistantByDefault=false, mSkipRemoteTransitionfalse, mIsStartFromKeyguard=false flags=0x0, mWCT=null, mIsOpenMergeToInValidPredictive=false, mPromoteTaskWhenKeyguard-1, mRootLayerZOrderArray={}}]}
