04-12 17:27:27.490  2187  2298 E PERFHAL-PERFCTRL: PERFHAL-PERFCTRL: chk_core_online_poll_loop() 748: poll() has timed out for /sys/kernel/msm_performance/events/cpu_hotplug
04-12 17:27:27.490  2187  2298 E PERFHAL-PERFCTRL: PERFHAL-PERFCTRL: chk_core_online_poll_loop() 743: Block on poll()
04-12 17:27:27.506  2280  2331 D BatteryChargeControl: bcc get no support from charging protocol
04-12 17:27:27.570  2181  2506 I SDM     : DisplayBuiltIn::IdlePowerCollapse: IPC received, disabling partial update for one frame
04-12 17:27:27.576  2181  2532 E CwbService: Panel not support apl read or getDisplayPanelAplValue timeout 10ms.
04-12 17:27:27.576  2258  2258 D SensorFeature: name=ssc_screenshot_info ,index = 22
04-12 17:27:27.577  2258  2258 D SensorFeature: write 41 bytes:1033262926088448,1033262979226105,39639,0
04-12 17:27:27.582  2113 26293 I sensors-hal: handle_oplus_wise_rgb_event:189, high_pwm_light:lux 123.7,cct 6190.6,brl/algo/ir 1341.0/2.0/54.3,pwm/dc 0.0/0.0,rgbc 5877.679688/3797.908936/2510.787842/11018.608398,ts 1033262922651314,cnt 25824,flag 39639
04-12 17:27:27.583  2113 30657 I sensors-hal: handle_oplus_wise_rgb_event:161, wise_rgb: (25826)(cct, lux, ir)[6190.59, 123.65, 54.334175] (r, g, b, c)[5870.20, 3791.31, 2495.33, 10995.29]                 (pwm, hbm, brl, algo)[0.0 0.0 1341.0 2.0], flag 39639
04-12 17:27:27.611  2399  3162 D VRR [OTI]: handleIdle from 1 to 0
04-12 17:27:27.611  2399  3162 D VRR [OTI-HW]: isStateReady 0
04-12 17:27:27.611  2399  3162 D VRR [OTI-HW]: keep rate.
04-12 17:27:27.612  3590  8291 I [UAH_CLIENT]: UahEventAcquire, cmdid:37, pkg:none, identity:OplusUAwareInputHelper
04-12 17:27:27.612  3590  8031 D GestureLog_OplusMultiPointerDetector: onTouchEvent------>start, mCurNumPointers=1, mCurrStatus=0 mIsDownIntervalTimeout=true, action=0 downTime=951078308 deviceId=-1
04-12 17:27:27.612  7398  7398 E IJankManager: slideSceneEnd unknown scene 1000 mScene:-1
04-12 17:27:27.612  3590  3863 D PowerManagerService: userActivityNoUpdateLocked: groupId=0, eventTime=951078308, event=touch, flags=0x0, uid=1000
04-12 17:27:27.612  3590  8291 D UAH-UahAdaptHelper: adaptSetNotification identity = OplusUAwareInputHelpersrc = 1000 , type 0 ,p1 = -1 ,p2 = -1 ,p3 = -1 ,p4 =
04-12 17:27:27.612  3590  8291 I [UAH_CLIENT]: uahRuleCtl, ruleId:1000, status:0
04-12 17:27:27.612  3590  3863 D PowerManagerService: userActivityNoUpdateLocked: groupId=0, eventTime=951078308, event=touch, flags=0x0, uid=1000
04-12 17:27:27.613  3590  3863 D PowerManagerService: userActivityNoUpdateLocked: groupId=0, eventTime=951078308, event=touch, flags=0x0, uid=1000
04-12 17:27:27.613  3590  8291 D UAH-UahAdaptHelper: adaptSetNotification identity = OplusUAwareInputHelpersrc = 1000 , type 1 ,p1 = -1 ,p2 = -1 ,p3 = -1 ,p4 =
04-12 17:27:27.613  3590  8291 I [UAH_CLIENT]: uahRuleCtl, ruleId:1000, status:1
04-12 17:27:27.613  3590  3863 D PowerManagerService: userActivityNoUpdateLocked: groupId=0, eventTime=951078308, event=touch, flags=0x0, uid=1000
04-12 17:27:27.613  7398  7398 D OplusViewDragTouchViewHelper: dispatchTouchView action = 1
04-12 17:27:27.614  7398  7398 D ViewRootImplExtImpl: the up motion event handled by client, just return
04-12 17:27:27.614 15031 15220 D ShellSubscriberWorkerThread: the first 8 bytes empty, and RestData length > 8 
04-12 17:27:27.615  3590  7998 I [UAH_CLIENT]: UahEventAcquire, cmdid:2, pkg:none, identity:com.android.server.wm
04-12 17:27:27.616  3590  8838 D WindowManager: NFW_setClientVisible:ActivityRecord{135463480 u0 com.binance.monitor/.ui.account.AccountStatsBridgeActivity clientVisible:true
04-12 17:27:27.616  3590  8838 V GrammaticalInflectionUtils: AttributionSource: android.content.AttributionSource@1020978a does not have READ_SYSTEM_GRAMMATICAL_GENDER permission.
04-12 17:27:27.616  3590  8838 D OplusCompatModeManagerService: getRequestedConfigurationOrientation  res:1,req:1,config.old:0,config.new:0,ActivityRecord{135463480 u0 com.binance.monitor/.ui.account.AccountStatsBridgeActivity t-1}
04-12 17:27:27.616  3590  8838 D OplusCompatModeManagerService:  onPreActivityRecordConfigurationChanged {0.0 ?mcc??mnc ?localeList ?layoutDir ?swdp ?wdp ?hdp ?density ?lsize ?long ?ldr ?wideColorGamut ?orien ?uimode ?night ?touch ?keyb/?/? ?nav/? winConfig={ mBounds=Rect(0, 0 - 0, 0) mAppBounds=null mMaxBounds=Rect(0, 0 - 0, 0) mDisplayRotation=undefined mWindowingMode=undefined mActivityType=undefined mAlwaysOnTop=undefined mRotation=undefined} ?fontWeightAdjustmentmThemeChanged= 0, mThemeChangedFlags= 0, mFlipFont= 0, mScenario= -1, mAccessibleChanged= 0, mUxIconConfig= 0, mMaterialColor= ffffffffffffffff, mUserId= -1, mFontUserId= -1, mFontVariationSettings= ffffffff, mFoldingAngle = -1.0, mIconPackName= , mDarkModeBackgroundMaxL= -1.0, mDarkModeDialogBgMaxL= -1.0, mDarkModeForegroundMinL= -1.0, mOplusConfigType= 0, mOplusChangedConfigs= 0, OpSans= -1, mBurmeseFontFlag= -1, mFlag= 0, mExtraFlag= 0, mFlexibleActivitySuitable= -1, mPuttDisplayFlag= -1}
04-12 17:27:27.616  3590  8838 D OplusCompatModeManagerService:  disable:true,valid:false,computeReq:1,isGameRatio:false
04-12 17:27:27.616  3590  8838 D OplusCompatModeManagerService:  getOverrideMinAspectRatioForCompatMode: 0.0 getRawOverrideMinAspectRatioForCompatMode: 0.0
04-12 17:27:27.616  3590  8838 D OplusCompatModeManagerService:  ar : ActivityRecord{135463480 u0 com.binance.monitor/.ui.account.AccountStatsBridgeActivity t-1} displayId:-1 inCompatMode: false
04-12 17:27:27.616  3590  8838 D OplusCompatModeManagerService: isDefaultDisplay true oldRect: Rect(0, 0 - 0, 0) newRect Rect(0, 0 - 0, 0)
04-12 17:27:27.616  3590  8838 D OplusCompatModeManagerService: reloadCompactRatio mParWorldContainer.isEnabledParallelWindow(pkg):false,mParWorldContainer.isDisabledCompactWindow:false,isUIAutoLayout:false, isFullOrientation: false
04-12 17:27:27.616  3590  8838 D FlexibleTaskController: isSupportFlexibleWindow target = com.binance.monitor/.ui.account.AccountStatsBridgeActivity callPkg = FlexibleTaskController support = true ,caller = 3590
04-12 17:27:27.616  3590  8838 D ActivityStarterExtImpl: checkOpMode: 3
04-12 17:27:27.616  3590  3830 W QosScheduler: executeSceneQosStrategy failed! qos feature no enable
04-12 17:27:27.616  3590  8838 D FlexibleWindowManagerService: isIgnoreAppearedAcrossTask:false
04-12 17:27:27.617  3590  8838 D ActivityStarterExtImpl: setForceUpdateWindow, targetTask = Task{65327de #13247 type=standard A=10512:com.binance.monitor} r = ActivityRecord{135463480 u0 com.binance.monitor/.ui.account.AccountStatsBridgeActivity t-1} notFinish =false
04-12 17:27:27.617  3590  8838 D FlexibleWindowManagerService: isIgnoreAppearedAcrossTask:false
04-12 17:27:27.617  3590  8838 D FlexibleTaskController: adjustOptionsForFlexibleTask skip adjust options reason:4
04-12 17:27:27.617  3590  8838 I InsensibleTaskController: adjustOptionsForInsensibleTask targetTask is resuse so not pureInsensibleOptions
04-12 17:27:27.617  3590  8838 D FlexibleTaskController: isSupportFlexibleWindow target = com.binance.monitor/.ui.account.AccountStatsBridgeActivity callPkg = FlexibleTaskController support = true ,caller = 3590
04-12 17:27:27.617  3590  8838 D FlexibleWindowManagerService: no reused task found for ActivityRecord{135463480 u0 com.binance.monitor/.ui.account.AccountStatsBridgeActivity t-1}
04-12 17:27:27.617  3590  8838 D ActivityStarterExtImpl: isLaunchingRootActivity = false
04-12 17:27:27.617  3590  8838 D ActivityStarterExtImpl: resume targetTask isVisibleRequested is true or in SkipCheckedList, need resume:targetTask=Task{65327de #13247 type=standard A=10512:com.binance.monitor}
04-12 17:27:27.617  3590  8480 I OPM     : handleActivityStart : ActivityRecord{135463480 u0 com.binance.monitor/.ui.account.AccountStatsBridgeActivity t-1}
04-12 17:27:27.617  3590  8838 D OplusCompatModeManagerService: getRequestedConfigurationOrientation  res:1,req:1,config.old:0,config.new:1,ActivityRecord{135463480 u0 com.binance.monitor/.ui.account.AccountStatsBridgeActivity t13247}
04-12 17:27:27.617  3590  8838 D OplusCompatModeManagerService:  onPreActivityRecordConfigurationChanged {1.15 ??mcc??mnc [zh_CN,en_US] ldltr sw361dp w361dp h794dp 560dpi nrml long hdr widecg port night finger -keyb/v/h -nav/h winConfig={ mBounds=Rect(0, 0 - 1264, 2780) mAppBounds=Rect(0, 0 - 1264, 2780) mMaxBounds=Rect(0, 0 - 1264, 2780) mDisplayRotation=ROTATION_0 mWindowingMode=fullscreen mActivityType=standard mAlwaysOnTop=undefined mRotation=ROTATION_0} as.10 s.13460 fontWeightAdjustment=0mThemeChanged= 1, mThemeChangedFlags= 1, mFlipFont= 0, mScenario= 0, mAccessibleChanged= -1, mUxIconConfig= 1e177014640920, mMaterialColor= 100040017, mUserId= 0, mFontUserId= 0, mFontVariationSettings= 11d7, mFoldingAngle = -1.0, mIconPackName= , mDarkModeBackgroundMaxL= 8.0, mDarkModeDialogBgMaxL= 27.0, mDarkModeForegroundMinL= 100.0, mOplusConfigType= 1, mOplusChangedConfigs= 0, OpSans= -1, mBurmeseFontFlag= 2, mFlag= 0, mExtraFlag= 0, mFlexibleActivitySuitable= -1, mPuttDisplayFlag= -1}
04-12 17:27:27.617  3590  8838 D OplusCompatModeManagerService:  disable:true,valid:false,computeReq:1,isGameRatio:false
04-12 17:27:27.617  3590  8838 D OplusCompatModeManagerService:  getOverrideMinAspectRatioForCompatMode: 0.0 getRawOverrideMinAspectRatioForCompatMode: 0.0
04-12 17:27:27.617  3590  8838 D OplusCompatModeManagerService:  ar : ActivityRecord{135463480 u0 com.binance.monitor/.ui.account.AccountStatsBridgeActivity t13247} displayId:0 inCompatMode: false
04-12 17:27:27.617  3590  8838 D OplusCompatModeManagerService: isDefaultDisplay true oldRect: Rect(0, 0 - 0, 0) newRect Rect(0, 0 - 1264, 2780)
04-12 17:27:27.617  3590  8838 D OplusCompatModeManagerService: reloadCompactRatio mParWorldContainer.isEnabledParallelWindow(pkg):false,mParWorldContainer.isDisabledCompactWindow:false,isUIAutoLayout:false, isFullOrientation: false
04-12 17:27:27.618  3590  8838 D SecondaryPageStartupPolicy: checkSecondaryPageStartupStatus not support sourcePackage=com.binance.monitor
04-12 17:27:27.618  3590  8838 D OplusStartingWindowManager: we don't revise window flags for third app
04-12 17:27:27.618  3590  8838 D ActivityTaskManager: validateStartingWindowTheme:  Pkg=com.binance.monitor, Translucent=false, Floating=false, ShowWallpaper=false, Disable=false, LaunchSource=4, Prev=null, LaunchedFromPackage=com.binance.monitor
04-12 17:27:27.618  3590  8838 D ActivityTaskManager: addStartingWindow for ActivityRecord{135463480 u0 com.binance.monitor/.ui.account.AccountStatsBridgeActivity t13247}, mainWin=null, state=INITIALIZING, isKeyguardLocked=false, isKeyguardGoingAway=false
04-12 17:27:27.618  3590  8838 D ActivityTaskManager: getStartingWindowType: , newTask=false, taskSwitch=false, processRunning=true, allowTaskSnapshot=true, activityCreated=false, activityAllDrawn=false, snapshot exist: false
04-12 17:27:27.618  3590  8838 D ActivityRecordExtImpl: handleStartingWindowForCompactWindow origin type:0, adjustType : 0
04-12 17:27:27.618  3590  8838 D OplusWindowAnimationManager: applyNoAnimationForResumed resumed: ActivityRecord{197984232 u0 com.binance.monitor/.ui.chart.MarketChartActivity t13247}
04-12 17:27:27.618  3590  8838 D ActivityTrigger: ActivityTrigger activityPauseTrigger 
04-12 17:27:27.620  8338  8381 V WindowManagerShell: Transition requested (#28419): android.os.BinderProxy@1380439 TransitionRequestInfo { type = OPEN, triggerTask = TaskInfo{userId=0 taskId=13247 effectiveUid=10512 displayId=0 isRunning=true baseIntent=Intent { flg=0x10000000 cmp=com.binance.monitor/.ui.main.MainActivity mCallingUid=2000 } baseActivity=ComponentInfo{com.binance.monitor/com.binance.monitor.ui.main.MainActivity} topActivity=ComponentInfo{com.binance.monitor/com.binance.monitor.ui.account.AccountStatsBridgeActivity} origActivity=null realActivity=ComponentInfo{com.binance.monitor/com.binance.monitor.ui.main.MainActivity}
04-12 17:27:27.620  8338  8381 V WindowManagerShell:  numActivities=5 lastActiveTime=1033263032 supportsSplitScreenMultiWindow=true supportsMultiWindow=true supportsPocketStudioMultiWindow=true isInFlexibleEmbedded = false uid = 10512 pid = 0 resizeMode=1 isResizeable=true minWidth=-1 minHeight=-1 defaultMinSize=220 token=WCT{android.window.IWindowContainerToken$Stub$Proxy@3395a7e} topActivityType=1 pictureInPictureParams=null shouldDockBigOverlays=false launchIntoPipHostTaskId=-1 lastParentTaskIdBeforePip=-1 displayCutoutSafeInsets=Rect(0, 0 - 0, 0)
04-12 17:27:27.620  8338  8381 V WindowManagerShell:  topActivityInfo=ActivityInfo{4721bdf com.binance.monitor.ui.account.AccountStatsBridgeActivity} launchCookies=[] positionInParent=Point(0, 0) parentTaskId=-1 isFocused=true isVisible=true isVisibleRequested=true isTopActivityNoDisplay=false isSleeping=false locusId=null displayAreaFeatureId=1 isTopActivityTransparent=false isActivityStackTransparent=false lastNonFullscreenBounds=Rect(330, 828 - 935, 2092) capturedLink=null capturedLinkTimestamp=0 requestedVisibleTypes=-9 topActivityRequestOpenInBrowserEducationTimestamp=0
04-12 17:27:27.620  8338  8381 V WindowManagerShell:  appCompatTaskInfo=AppCompatTaskInfo { topActivityInSizeCompat=false topActivityInOplusCompatMode=false eligibleForLetterboxEducation= false isLetterboxEducationEnabled= false isLetterboxDoubleTapEnabled= false eligibleForUserAspectRatioButton= false topActivityBoundsLetterboxed= false isFromLetterboxDoubleTap= false topActivityLetterboxVerticalPosition= -1 topActivityLetterboxHorizontalPosition= -1 topActivityLetterboxWidth=-1 topActivityLetterboxHeight=-1 topActivityAppBounds=Rect(0, 140 - 1264, 2780) isUserFullscreenOverrideEnabled=false isSystemFullscreenOverrideEnabled=false hasMinAspectRatioOverride=false topActivityLetterboxBounds=null cameraCompatTaskInfo=CameraCompatTaskInfo { freeformCameraCompatMode=inactive}} topActivityMainWindowFrame=null topActivityLetterboxInsets=Rect(0, 0 - 0, 0)
04-12 17:27:27.620  8338  8381 V WindowManagerShell:  mOplusExtraBundle = Bundle[mParcelledData.dataSize=1540]}, pipChange = null, remoteTransition = null, displayChange = null, flags = 0, debugId = 28419 }
04-12 17:27:27.620  8338  8381 D ShellSplitScreen: logExit: no-op, mLoggerSessionId is null
04-12 17:27:27.620  3590  8838 I ActivityTaskManager: START u0 {flg=0x24000000 xflg=0x4 cmp=com.binance.monitor/.ui.account.AccountStatsBridgeActivity mCallingUid=10512} with LAUNCH_MULTIPLE from uid 10512 (sr=197984232) (BAL_ALLOW_VISIBLE_WINDOW (callingUid has visible window)) result code=0
04-12 17:27:27.621  3590  9134 I OplusAccessController: enter isIgnoreAppSwitchActivity
04-12 17:27:27.621  3590  9134 I OplusAccessController: enter isIgnoreAppSwitchActivity and intent != null
04-12 17:27:27.621  3590  9134 I OplusAccessController: enter isIgnoreAppSwitchActivity and componentName != null
04-12 17:27:27.621  3590  9134 I OplusAccessController: enter isIgnoreAppSwitchActivity and packageName&activity is not Empty
04-12 17:27:27.621  3590  9134 D RefreshRate: boostRefreshId choose max:currentRefreshRate:90.0 targetRefreshRate:60.0 mCurrentPickRate:90.0
04-12 17:27:27.621  3590  9134 D RefreshRate: Trigger app switch boost, ar=ActivityRecord{135463480 u0 com.binance.monitor/.ui.account.AccountStatsBridgeActivity t13247},currDisplayRate=90.0,boostId=1
04-12 17:27:27.621  3590  9134 D RefreshRate: setDisplayConfigSpecs complete: targetMode={id=3, width=1264, height=2780, fps=90.0, vsync=90.0, synthetic=false, alternativeRefreshRates=[60.000004, 120.00001, 120.00001], supportedHdrTypes=[1, 2, 3, 4]},srcMode={id=3, width=1264, height=2780, fps=90.0, vsync=90.0, synthetic=false, alternativeRefreshRates=[60.000004, 120.00001, 120.00001], supportedHdrTypes=[1, 2, 3, 4]},sfModId=2,rate=90.0
04-12 17:27:27.622  3590  3875 D RefreshRate: do setDisplayConfigSpecs  
04-12 17:27:27.622  3590  9134 D RefreshRate: startAppSwitchBoost targetMode={id=3, width=1264, height=2780, fps=90.0, vsync=90.0, synthetic=false, alternativeRefreshRates=[60.000004, 120.00001, 120.00001], supportedHdrTypes=[1, 2, 3, 4]} record=ActivityRecord{135463480 u0 com.binance.monitor/.ui.account.AccountStatsBridgeActivity t13247}: votes=PRIORITY_START_ANIMATION_BOOST -> Vote{mRefreshRate=90.0, mMinRefreshRate=90.0, mRequestSource=null};PRIORITY_WINDOW_REQUEST -> Vote{mRefreshRate=90.0, mMinRefreshRate=90.0, mRequestSource=null};
04-12 17:27:27.622  3590  3795 D BatteryStatsImplExtImpl: pausedBatteryLevel:84 activityFocusedTimeInMin:0
04-12 17:27:27.622  2399  8068 D SurfaceFlinger: VRR [SurfaceFlinger] setDesiredDisplayModeSpecs, from process 3590, 2, 0, primaryRanges = [ 90.000000, 90.000000, 90.000000, 90.000000 ], appRequestRanges = [ 90.000000, 90.000000, 90.000000 90.000000 ]
04-12 17:27:27.622  3590  9134 I ActivityTaskManager: The Process com.binance.monitor Already Exists in BG. So sending its PID: 7398
04-12 17:27:27.622  3590  3875 D DisplayModeDirector: setAppRequest displayId : 0  modeId: 3  requestedRefreshRate: 90.0  requestedMinRefreshRateRange: 90.0  requestedMaxRefreshRateRange: 90.0
04-12 17:27:27.622  3590  8838 W SurfaceFlingerPuller: Failed to pull atom 150134 from surfaceflinger. Success is 0, binder status is EX_NONE
04-12 17:27:27.622  2013  2036 E statsd  : Stats puller failed for tag: 150134 at 1033263035742823
04-12 17:27:27.622  3590  7959 D BackgroundInstallControlService: Package event received: 0
04-12 17:27:27.622  3590  9134 D ActivityTaskManager: setAppVisibility(Token{a6daf76 ActivityRecord{135463480 u0 com.binance.monitor/.ui.account.AccountStatsBridgeActivity t13247}}, visible=true):  visible=false mVisibleRequested=false
04-12 17:27:27.622  3590  9134 D ActivityTaskManager: setVisibility(Token{a6daf76 ActivityRecord{135463480 u0 com.binance.monitor/.ui.account.AccountStatsBridgeActivity t13247}}, visible=true) defer commitVisibility for transition collecting
04-12 17:27:27.622  3590  9134 D ActivityTaskManager: setAppVisibility(Token{db29ca6 ActivityRecord{197984232 u0 com.binance.monitor/.ui.chart.MarketChartActivity t13247}}, visible=false):  visible=true mVisibleRequested=true
04-12 17:27:27.622  3590  9134 D ActivityTaskManager: setVisibility(Token{db29ca6 ActivityRecord{197984232 u0 com.binance.monitor/.ui.chart.MarketChartActivity t13247}}, visible=false) defer commitVisibility for transition collecting
04-12 17:27:27.622  3590  9134 D FlexibleTaskController: isFullToFlexibleAnimating: false
04-12 17:27:27.622  3590  9134 D WindowManager: rotation(ROTATION_0) no changed  displayId = 0, lastOrientation = 1
04-12 17:27:27.622  3590  9134 D ActivityTaskManager: setAppVisibility(Token{a6daf76 ActivityRecord{135463480 u0 com.binance.monitor/.ui.account.AccountStatsBridgeActivity t13247}}, visible=true):  visible=false mVisibleRequested=true
04-12 17:27:27.622  3590  9134 D ActivityTaskManager: setVisibility(Token{a6daf76 ActivityRecord{135463480 u0 com.binance.monitor/.ui.account.AccountStatsBridgeActivity t13247}}, visible=true) defer commitVisibility for transition collecting
04-12 17:27:27.622  3590  9134 E OplusDexOptimizeManager: pkgSetting or primaryCpuAbi is null for package: com.binance.monitor
04-12 17:27:27.622  3590  9134 D OplusFeatureColorMode: ColorMode getColorMode =0
04-12 17:27:27.622  3590  9134 D ColorDisplayServiceExtImpl: getWCGVersion1App, packageName=com.binance.monitor, sSupportWCG1 = true, sSupportWCG3 = false, nRet = 0
04-12 17:27:27.623  3590  8480 I OPM     : handlePackageLaunched pkg: com.binance.monitor, uid: 10512, pid: 7398
04-12 17:27:27.623  3590  9134 D ActivityTaskManager: NFW_setLastResumedActivityUncheckLocked:true r:ActivityRecord{135463480 u0 com.binance.monitor/.ui.account.AccountStatsBridgeActivity t13247} currentFocus:Window{8317b56 u0 com.binance.monitor/com.binance.monitor.ui.chart.MarketChartActivity}
04-12 17:27:27.623  3590  9134 D WindowManager: NFW_findFocusedWindowIfNeeded:null mCurrentFocus:Window{8317b56 u0 com.binance.monitor/com.binance.monitor.ui.chart.MarketChartActivity}
04-12 17:27:27.623  3590  9134 D WindowManager: attachImeScreenshotOnTargetIfNeeded, mImeHiding = false, requestedVisibleTypes = -9
04-12 17:27:27.623  7398  7525 D ColorModeChangeItem: preExecute mColorMode=0
04-12 17:27:27.623  3590  9134 V WindowManager: Changing focus from Window{8317b56 u0 com.binance.monitor/com.binance.monitor.ui.chart.MarketChartActivity} to null,diplayid=0
04-12 17:27:27.624  3590  9134 D InsetsSourceProvider: updateSourceFrameForServerVisibility mandatorySystemGestures EMPTY_RECT
04-12 17:27:27.624  3590  8591 D OplusAppSwitchRuleInfo: generateActivityEnterInfo - launch_source_type =  , launch_source_traceid = 
04-12 17:27:27.624  3590  8591 D OplusAppSwitchRuleInfo: generateActivityEnterInfo - launch_source_type =  , launch_source_traceid = 
04-12 17:27:27.624  3590  9134 D InsetsSourceProvider: updateSourceFrameForServerVisibility mandatorySystemGestures EMPTY_RECT
04-12 17:27:27.624  3590  8591 D OplusAppSwitchRuleInfo: generateActivityEnterInfo - launch_source_type =  , launch_source_traceid = 
04-12 17:27:27.624  3590  9134 D DisplayModeDirector: setAppRequest displayId : 0  modeId: 3  requestedRefreshRate: 0.0  requestedMinRefreshRateRange: 0.0  requestedMaxRefreshRateRange: 90.0
04-12 17:27:27.624  3590  3875 D VRR [OPlusRefreshRateService]:  setDirectorStates [flag: 1, state: 1, directorStateOff: 1]
04-12 17:27:27.624  2399  8068 D VRR [RefreshRateDirector]: updateState mState = 0
04-12 17:27:27.624  3590  9134 I TaskOrganizerController: onTaskInfoChanged taskid 13247 config { mBounds=Rect(0, 0 - 1264, 2780) mAppBounds=Rect(0, 0 - 1264, 2780) mMaxBounds=Rect(0, 0 - 1264, 2780) mDisplayRotation=ROTATION_0 mWindowingMode=fullscreen mActivityType=standard mAlwaysOnTop=undefined mRotation=ROTATION_0}
04-12 17:27:27.624  3590  9134 D OplusFlexibleDragToSplitAnimController: visibleFlexibleTaskInfos delete:13247
04-12 17:27:27.624  3590  9134 E FlexibleWindowManagerService: notifyTaskObserverToAttachController not need to notify!
04-12 17:27:27.624  3590  9134 I FlexibleWindowManagerService: onFlexibleWindowTaskInfoChanged, return for cur task not embedded
04-12 17:27:27.624  8338  8381 D ShellTaskOrganizerExt: visibleFlexibleTaskInfos delete:13247
04-12 17:27:27.624  8338  8381 D ShellTaskOrganizerExt: isOnCanvas size:0
04-12 17:27:27.624  8338  8381 D ShellTaskOrganizerExt: isOnThreeFlexibleCanvas size:0
04-12 17:27:27.625  3590  3796 D InsetsSourceProvider: updateSourceFrameForServerVisibility mandatorySystemGestures EMPTY_RECT
04-12 17:27:27.625  2399  2399 I BpBinder: onLastStrongRef automatically unlinking death recipients: 
04-12 17:27:27.625  3590  3796 D SurfaceComposerClient: Transaction::apply InputWindowCommands.focusRequests timestamp=951078322743752, windowName=<null>
04-12 17:27:27.625  3590  3795 D OplusBatteryManager: getPsyBatteryRm: 4138
04-12 17:27:27.626  3590  3795 D BatteryStatsImplExtImpl: resumedUid:10512 resumedBatteryLevel:84  resumedPackage:com.binance.monitor  resumedBatteryRealtimeCapacity:4138
04-12 17:27:27.626  3590  3795 D FlexibleTaskController: not in list
04-12 17:27:27.626  3590  9134 I [UAH_CLIENT]: UahEventAcquire, cmdid:2, pkg:none, identity:OplusActivityManagerServiceEnhance
04-12 17:27:27.627  7398  7398 D ResourcesManagerExtImpl: applyConfigurationToAppResourcesLocked app.getDisplayId() return callback.displayId:0
04-12 17:27:27.627  3590  7959 D BackgroundInstallControlService: Package event received: 0
04-12 17:27:27.628  3590  3795 W ProcessStats: Tracking association SourceState{30298b1 com.oplus.securitypermission/99901000 Service #1335040} whose proc state 8 is better than process ProcessState{6890635 com.oplus.securitypermission/1000 pkg=com.oplus.securitypermission} proc state 15 (6 skipped)
04-12 17:27:27.629  2013  2036 W statsd  : StatsPullerManager: Unknown tagId 150146
04-12 17:27:27.629  2013  2036 E statsd  : Stats puller failed for tag: 150146 at 1033263035742823
04-12 17:27:27.629  2013  2036 E statsd  : Stats puller failed for tag: 150134 at 1033263039571261
04-12 17:27:27.631  2013  2036 W statsd  : StatsPullerManager: Unknown tagId 150146
04-12 17:27:27.631  2013  2036 E statsd  : Stats puller failed for tag: 150146 at 1033263039571261
04-12 17:27:27.631  2399  8068 I OplusPerfCollect: OplusPerfCollect onPullAtom
04-12 17:27:27.631  2399  8068 I OplusPerfCollect: OplusPerfCollect OplusVrrInfoRecord clear
04-12 17:27:27.631  2013  2036 I statsd  : An anomaly (104240000001) (42)0x10000->10512[I] (42)0x20000->com.binance.monitor[S] (42)0x30000->.ui.account.AccountStatsBridgeActivity[S]  has occurred! Informing subscribers.
04-12 17:27:27.631 10250 16907 E midasd  : getTotalFlipsFromSf mCurFrameCount: 12389887
04-12 17:27:27.632 10250 16907 I midasd  : DisplayAgent updateDisplayDevInfo getRenderFps mFps:90 mRenderFps:13 mWidth:1264 mHeight:2780
04-12 17:27:27.635  7398  7398 I binance.monitor: AssetManager2(0xb4000070f2d3ce28) locale list changing from [] to [zh-CN]
04-12 17:27:27.637  2399  3200 D SurfaceFlinger: updateWinowInfo=1, setFocusedWindow timestamp=951078322743752, windowName=<null>
04-12 17:27:27.637  3590  8846 I InputDispatcher: NFW_setFocusedWindow, <null> on display 0, same as the previous:0
04-12 17:27:27.637  3590  8846 I InputDispatcher: updateFocusedWindow,  on display 0, reason: Waiting for window because NO_WINDOW, result:   FocusedWindows: <none>
04-12 17:27:27.638  7398  7398 E OplusPredictiveBackController:  NoSuchMethodException 
04-12 17:27:27.638  7398  7398 E OplusPredictiveBackController:  NoSuchMethodException 
04-12 17:27:27.638  7398  7398 E OplusPredictiveBackController:  NoSuchMethodException 
04-12 17:27:27.638  7398  7398 D OplusPredictiveBackController: initPredictiveBackConfig for com.binance.monitor.ui.account.AccountStatsBridgeActivity@c8706c0 initPredictiveBackConfig mShouldInterceptKeyEvent false
04-12 17:27:27.638  7398  7398 D WindowOnBackDispatcher:  predictive settings is disabled for com.binance.monitor
04-12 17:27:27.688  7398  7398 I ChainTrace: account_render phase=on_create_inflate_and_content account=@ durationMs=50 trades=0 positions=0 curves=0
04-12 17:27:27.689  7398  7398 I ChainTrace: account_render phase=on_create_runtime_init account=@ durationMs=1 trades=0 positions=0 curves=0
04-12 17:27:27.689  7398  7398 I ChainTrace: account_render phase=on_create_adapter_init account=@ durationMs=0 trades=0 positions=0 curves=0
04-12 17:27:27.706  1311  1311 E KeymasterUtils: IKMHal_sendCmd failed with rsp_header->status: -28
04-12 17:27:27.706  1311  1311 E KeyMasterHalDevice: abort_operation
04-12 17:27:27.706  1311  1311 E KeyMasterHalDevice: ret: -28
04-12 17:27:27.706  7398  7398 I ChainTrace: account_render phase=on_create_restore_ui_state account=7400048@ICMarketsSC-MT5-6 durationMs=17 trades=0 positions=0 curves=0
04-12 17:27:27.720  2181  2506 I SDM     : DisplayBuiltIn::IdlePowerCollapse: IPC received, disabling partial update for one frame
04-12 17:27:27.722  7398  7398 I ChainTrace: account_render phase=on_create_setup_static_ui account=7400048@ICMarketsSC-MT5-6 durationMs=16 trades=0 positions=0 curves=0
04-12 17:27:27.722  7398  7398 I ChainTrace: account_render phase=on_create_bind_local_meta account=7400048@ICMarketsSC-MT5-6 durationMs=0 trades=0 positions=0 curves=0
04-12 17:27:27.827  7398  7398 I ChainTrace: account_render phase=apply_snapshot_total account=7400048@ICMarketsSC-MT5-6 durationMs=39 trades=1113 positions=1 curves=5724
04-12 17:27:27.827  7398  7398 I ChainTrace: account_render phase=on_create_enter_account_screen account=7400048@ICMarketsSC-MT5-6 durationMs=105 trades=1113 positions=1 curves=5724
04-12 17:27:27.827  7398  7398 I ChainTrace: account_render phase=on_create_total account=7400048@ICMarketsSC-MT5-6 durationMs=189 trades=1113 positions=1 curves=5724
04-12 17:27:27.828  7398  7398 D ActivityThread: ComponentInfo{com.binance.monitor/com.binance.monitor.ui.account.AccountStatsBridgeActivity} checkFinished=false 2
04-12 17:27:27.828  7398  7398 D ResourcesManagerExtImpl: applyConfigurationToAppResourcesLocked app.getDisplayId() return callback.displayId:0
04-12 17:27:27.858  7398  7425 I binance.monitor: _Desupression native alloc  gc_urgency: 55278expectation: 124998 native bytes: 44332796
04-12 17:27:27.858  7398  7398 D WindowManager: Add to mViews: com.android.internal.policy.DecorView{6cbd6f I.E...... R.....I. 0,0-0,0 alpha=1.0 viewInfo = }[AccountStatsBridgeActivity],pkg= com.binance.monitor
04-12 17:27:27.858  7398  7509 D skia    : setRusSupported enable 0
04-12 17:27:27.860  3590  8838 I WindowManager: addWindow: New client android.os.BinderProxy@695c181 : window=Window{97ee226 u0 com.binance.monitor/com.binance.monitor.ui.account.AccountStatsBridgeActivity}
04-12 17:27:27.861  7398  7398 D ViewRootImplExtImpl: onDisplayChanged -1 for VRI android.view.ViewRootImpl@e369b5a
04-12 17:27:27.861  7398  7398 D VRI[MarketChartActivity]: onFocusEvent false
04-12 17:27:27.861  7398  7398 D ResourcesManagerExtImpl: applyConfigurationToAppResourcesLocked app.getDisplayId() return callback.displayId:0
04-12 17:27:27.862  7398  7398 E OplusBracketLog: [OplusViewMirrorManager] updateHostViewRootIfNeeded, not support android.view.ViewRootImpl@e369b5a
04-12 17:27:27.865  7398  7398 D WindowOnBackDispatcher:  predictive settings is disabled for com.binance.monitor
04-12 17:27:27.865  7398  7398 D WindowOnBackDispatcher:  predictive settings is disabled for com.binance.monitor
04-12 17:27:27.865  3590  8838 D CoreBackPreview: Window{97ee226 u0 com.binance.monitor/com.binance.monitor.ui.account.AccountStatsBridgeActivity}: Setting back callback OnBackInvokedCallbackInfo{mCallback=android.window.IOnBackInvokedCallback$Stub$Proxy@4fdb414, mPriority=0, mIsAnimationCallback=false, mOverrideBehavior=0}
04-12 17:27:27.865  7398  7398 D ViewRootImplExtImpl: wrapConfigInfoIntoFlags rotation=0, smallestScreenWidthDp=0, residentWS=false, scenario=0, bounds=Rect(0, 0 - 1264, 2780), relayoutAsync=false, flags=0, newFlags=1457520640, title=com.binance.monitor/com.binance.monitor.ui.account.AccountStatsBridgeActivity
04-12 17:27:27.866  3590  8838 V WindowManager: Relayout Window{97ee226 u0 com.binance.monitor/com.binance.monitor.ui.account.AccountStatsBridgeActivity}: viewVisibility=0, oldvis=4, req=1264x2780 , apr = 0, vsysui=, x=0, y=0
04-12 17:27:27.866  3590  8838 I WindowManager: Window{97ee226 u0 com.binance.monitor/com.binance.monitor.ui.account.AccountStatsBridgeActivity} state from NO_SURFACE to DRAW_PENDING; reason: resetDrawState
04-12 17:27:27.866  3590  8838 D InsetsSourceProvider: updateSourceFrameForServerVisibility mandatorySystemGestures EMPTY_RECT
04-12 17:27:27.867  3590  8838 D InsetsSourceProvider: updateSourceFrameForServerVisibility mandatorySystemGestures EMPTY_RECT
04-12 17:27:27.867  3590  8838 I TaskOrganizerController: onTaskInfoChanged taskid 13247 config { mBounds=Rect(0, 0 - 1264, 2780) mAppBounds=Rect(0, 0 - 1264, 2780) mMaxBounds=Rect(0, 0 - 1264, 2780) mDisplayRotation=ROTATION_0 mWindowingMode=fullscreen mActivityType=standard mAlwaysOnTop=undefined mRotation=ROTATION_0}
04-12 17:27:27.868  3590  8838 D OplusFlexibleDragToSplitAnimController: visibleFlexibleTaskInfos delete:13247
04-12 17:27:27.868  3590  8838 E FlexibleWindowManagerService: notifyTaskObserverToAttachController not need to notify!
04-12 17:27:27.868  3590  8838 I FlexibleWindowManagerService: onFlexibleWindowTaskInfoChanged, return for cur task not embedded
04-12 17:27:27.868  8338  8381 D ShellTaskOrganizerExt: visibleFlexibleTaskInfos delete:13247
04-12 17:27:27.868  8338  8381 D ShellTaskOrganizerExt: isOnCanvas size:0
04-12 17:27:27.868  8338  8381 D ShellTaskOrganizerExt: isOnThreeFlexibleCanvas size:0
04-12 17:27:27.868  3590  8838 D WindowManager: NFW_findFocusedWindowIfNeeded:Window{97ee226 u0 com.binance.monitor/com.binance.monitor.ui.account.AccountStatsBridgeActivity} mCurrentFocus:null
04-12 17:27:27.868  3590  8838 D WindowManager: attachImeScreenshotOnTargetIfNeeded, mImeHiding = false, requestedVisibleTypes = -9
04-12 17:27:27.868  3590  3875 D VRR [OPlusSurfaceFlingerController]:  setComplexSceneEnable : true
04-12 17:27:27.868  3590  8838 V WindowManager: Changing focus from null to Window{97ee226 u0 com.binance.monitor/com.binance.monitor.ui.account.AccountStatsBridgeActivity},diplayid=0
04-12 17:27:27.868  3590  7998 I [UAH_CLIENT]: uahRuleCtl, ruleId:206, status:3
04-12 17:27:27.869  3590  8838 D Theia.NoFocusWindow: FocusWindowErrorScene cancelCheckFreezeScreen
04-12 17:27:27.869  3590  8838 W TheiaWindowMonitor: [check] focusedWindow is null or enable is false
04-12 17:27:27.870  7398  7398 D VRI[AccountStatsBridgeActivity]: relayoutWindow result, sizeChanged:true, surfaceControlChanged:true, transformHintChanged:false, mSurfaceSize:Point(1264, 2780), mLastSurfaceSize:Point(0, 0), mWidth:-1, mHeight:-1, requestedWidth:1264, requestedHeight:2780, transformHint:0, installOrientation:0, displayRotation:0, isSurfaceValid:true, attr.flag:-2122252032, tmpFrames:ClientWindowFrames{frame=[0,0][1264,2780] display=[0,0][1264,2780] parentFrame=[0,0][0,0]}, relayoutAsync:false, mSyncSeqId:0
04-12 17:27:27.870  3590  3796 D SurfaceComposerClient: Transaction::apply InputWindowCommands.focusRequests timestamp=951078567972814, windowName=97ee226 com.binance.monitor/com.binance.monitor.ui.account.AccountStatsBridgeActivity
04-12 17:27:27.870  7398  7398 W VRI[AccountStatsBridgeActivity]: updateBlastSurfaceIfNeeded, surfaceSize:Point(1264, 2780), lastSurfaceSize:Point(0, 0), format:-3, blastBufferQueue:null
04-12 17:27:27.870  7398  7398 D BufferQueueConsumer: [](id:1ce600000005,api:0,p:-1,c:7398) connect: controlledByApp=false
04-12 17:27:27.871  7398  7398 D BufferQueueConsumer: [VRI[AccountStatsBridgeActivity]#5(BLAST Consumer)5](id:1ce600000005,api:0,p:-1,c:7398) setMaxAcquiredBufferCount: 2
04-12 17:27:27.871  7398  7509 D BufferQueueProducer: [VRI[AccountStatsBridgeActivity]#5(BLAST Consumer)5](id:1ce600000005,api:1,p:7398,c:7398) connect: api=1 producerControlledByApp=true
04-12 17:27:27.876  7398  7398 I SurfaceControl:  setExtendedRangeBrightness sc=Surface(name=com.binance.monitor/com.binance.monitor.ui.account.AccountStatsBridgeActivity)/@0x6e2fa3f,currentBufferRatio=1.0,desiredRatio=1.0
04-12 17:27:27.879  7398  7509 D BLASTBufferQueue: [VRI[AccountStatsBridgeActivity]#5](f:0,a:1) acquireNextBufferLocked size=1264x2780 mFrameNumber=1 applyTransaction=true mTimestamp=951078577117241(auto) mPendingTransactions.size=0 graphicBufferId=31774168055833 transform=0
04-12 17:27:27.879  7398  7509 D VRI[AccountStatsBridgeActivity]: Received frameCommittedCallback lastAttemptedDrawFrameNum=1 didProduceBuffer=true syncBuffer=false
04-12 17:27:27.879  7398  7398 D VRI[AccountStatsBridgeActivity]: draw finished. seqId=0
04-12 17:27:27.880  3590  8838 D WindowManager: onSyncFinishedDrawing: Window{97ee226 u0 com.binance.monitor/com.binance.monitor.ui.account.AccountStatsBridgeActivity}
04-12 17:27:27.880  3590  8838 I WindowManager: finishDrawing skipLayout:false,syncSeqId=0,mPrepareSyncSeqId=0 Window{97ee226 u0 com.binance.monitor/com.binance.monitor.ui.account.AccountStatsBridgeActivity} com.android.server.wm.WindowManagerService.finishDrawingWindow:3217 com.android.server.wm.Session.finishDrawing:399 android.view.IWindowSession$Stub.onTransact:793 
04-12 17:27:27.880  3590  8838 I WindowManager: Window{97ee226 u0 com.binance.monitor/com.binance.monitor.ui.account.AccountStatsBridgeActivity} state from DRAW_PENDING to COMMIT_DRAW_PENDING; reason: finishDrawingLocked
04-12 17:27:27.880  3590  3796 D InsetsSourceProvider: updateSourceFrameForServerVisibility mandatorySystemGestures EMPTY_RECT
04-12 17:27:27.880  3590  3796 D InsetsSourceProvider: updateSourceFrameForServerVisibility mandatorySystemGestures EMPTY_RECT
04-12 17:27:27.880  3590  3796 I WindowManager: Window{97ee226 u0 com.binance.monitor/com.binance.monitor.ui.account.AccountStatsBridgeActivity} state from COMMIT_DRAW_PENDING to READY_TO_SHOW; reason: commitFinishDrawingLocked
04-12 17:27:27.880  3590  3796 D CoreBackPreview:  return markWindowHasDrawn mComposed: false  mWaitTransition: false
04-12 17:27:27.880  3590  3796 D ActivityTaskManager: Clearing startingData for activity=ActivityRecord{135463480 u0 com.binance.monitor/.ui.account.AccountStatsBridgeActivity t13247} mStartingData=null mStartingSurface=null
04-12 17:27:27.880  3590  8480 I OPM     : handleNotifyLaunchTime : com.binance.monitor, :259
04-12 17:27:27.880  3590  3796 D QuickBackInputPolicy: setAppLaunchEndTime update timePair=Pair{ActivityRecord{135463480 u0 com.binance.monitor/.ui.account.AccountStatsBridgeActivity t13247} 951078578}
04-12 17:27:27.881  3590  3796 D ActivityTaskManager: commitVisibility: ActivityRecord{135463480 u0 com.binance.monitor/.ui.account.AccountStatsBridgeActivity t13247}: visible=true visibleRequested=true, isInTransition=true 
04-12 17:27:27.881  3590  3796 D CoreBackPreview:  return markWindowHasDrawn mComposed: false  mWaitTransition: false
04-12 17:27:27.881  3590  3796 D ActivityTaskManager: Clearing startingData for activity=ActivityRecord{135463480 u0 com.binance.monitor/.ui.account.AccountStatsBridgeActivity t13247} mStartingData=null mStartingSurface=null
04-12 17:27:27.881  3590  3796 I WindowManager: Window{97ee226 u0 com.binance.monitor/com.binance.monitor.ui.account.AccountStatsBridgeActivity} state from READY_TO_SHOW to HAS_DRAWN; reason: performShowLocked
04-12 17:27:27.881  3590  3796 D CoreBackPreview:  return markWindowHasDrawn mComposed: false  mWaitTransition: false
04-12 17:27:27.881  3590  3796 E OplusAppQuickStart_AppQuickStartController: not start from launcher transition:28419
04-12 17:27:27.881  3590  3796 D Transition: collectOrderChanges onTopTasksEnd: [Task{65327de #13247 type=standard A=10512:com.binance.monitor}], reportedOnTop:null, mOnTopTasksStart: [Task{65327de #13247 type=standard A=10512:com.binance.monitor}], TDA child: [Task{2ae848 #3 type=undefined}, Task{1abb46b #12626 type=standard A=10345:com.tencent.mm}, Task{5e646fc #13246 type=standard A=10516:com.mobilecodex.nativeapp}, Task{1b9ad4c #1 type=home}, Task{65327de #13247 type=standard A=10512:com.binance.monitor}]
04-12 17:27:27.881  2399  3200 D SurfaceFlinger: updateWinowInfo=1, setFocusedWindow timestamp=951078567972814, windowName=97ee226 com.binance.monitor/com.binance.monitor.ui.account.AccountStatsBridgeActivity
04-12 17:27:27.881  3590  8846 I InputDispatcher: NFW_setFocusedWindow, 97ee226 com.binance.monitor/com.binance.monitor.ui.account.AccountStatsBridgeActivity on display 0, same as the previous:0
04-12 17:27:27.881  3590  3796 D OplusFlexibleActivityTransitionManager: fixTransitType type result:1, targets: [ChangeInfo{5581fb9 container=ActivityRecord{135463480 u0 com.binance.monitor/.ui.account.AccountStatsBridgeActivity t13247} flags=0x0}, ChangeInfo{2460ffe container=ActivityRecord{197984232 u0 com.binance.monitor/.ui.chart.MarketChartActivity t13247} flags=0x0}]
04-12 17:27:27.882  3590  3796 D OplusTransitionAnimationManager: activityRecordCount1fullScreenArBeHindStartingWindow null
04-12 17:27:27.882  3590  3796 D OplusTransitionAnimationManager: activityRecordCount1fullScreenArBeHindStartingWindow null
04-12 17:27:27.882  3438  4039 D QmiClient: qmiServiceEventCallback recv msg id 47
04-12 17:27:27.882  3438  4039 D QmiClient: enter -mServiceType 10 onQmiServiceEventCallback msgId 47
04-12 17:27:27.882  3438  4039 D QmiClient: onQmiServiceEventCallback - enter. msgId=47
04-12 17:27:27.882  3438  3488 D OttProxy: handleMessage msg is 3001
04-12 17:27:27.882  3590  3796 D QuickBackInputPolicy: resetInputInterceptState for remoteTransition: false
04-12 17:27:27.882  3590  3796 D OplusTransitionController: onTransactionReady, transition: 28419, info: {id=28419 t=OPEN f=0x0 trk=0 r=[0@Point(0, 0)] c=[{m=OPEN f=FILLS_TASK leash=Surface(name=ActivityRecord{135463480 u0 com.binance.monitor/.ui.account.AccountStatsBridgeActivity t13247})/@0x2f371ac sb=Rect(0, 0 - 0, 0) eb=Rect(0, 0 - 1264, 2780) epz=Point(1264, 2780) d=-1->0 r=-1->0:-1 bc=fffef7ff component=com.binance.monitor/.ui.account.AccountStatsBridgeActivity opt={t=FROM_STYLE mUserId=0}},{m=TO_BACK f=FILLS_TASK leash=Surface(name=ActivityRecord{197984232 u0 com.binance.monitor/.ui.chart.MarketChartActivity t13247})/@0x92c9f2e sb=Rect(0, 0 - 1264, 2780) eb=Rect(0, 0 - 1264, 2780) epz=Point(1264, 2780) d=0 bc=fffef7ff component=com.binance.monitor/.ui.chart.MarketChartActivity opt={t=FROM_STYLE mUserId=0}}] 
04-12 17:27:27.882  3590  3796 D OplusTransitionController: extendInfo=[
04-12 17:27:27.882  3590  3796 D OplusTransitionController:  OplusTransitionExtendedInfo{mTmpFinishT=null, mInOplusCompatMode=false, mIsProcessRunning=false, mHasMismatchBoundsTarget=false, mRecentsController=null, mRemoteTransition=null, mIsTranslucentActivityToHome=false, mAvoidInterceptKeyEventToHome=false, mIsFromHome=false, mParentLeash=null, mBackAnimClosingLeash=null, mIsOplusAnimRes=false, mKeepBgForContinuous=false, mIsBalAllow=false, mTaskNotInRecent=false, mIsPredictiveBackAnim=false, mIsMergedWithPredictive=false, mIsLaunchFromSpruce=false, mIsLaunchFromDrive=false, mGlobalSearchPageSwitch=false, mNeedNoAlphaGlobalSearchScene=false, mAssistScreenShowing=false, mSwipeUpBrowserScreenShowing=false, mUserIdTransition=-1
04-12 17:27:27.882  3590  3796 D OplusTransitionController: , mInRemoteScene=false, mInPreReady=false, mPreStart=false, mToken=null, mAbortByRemoteFromHome=false, mShellApplyToken=null, mRequestTransitionTaskId=13247, mAbortTransitionOnShell=0, mStartFromShortcut=false, mRemovedTaskId=-1, mTransitionInterruptType=0, mMergeSecondTaskId=-1, mTaskIdStartFromRecents=0, mTransitionId=28419, mCanUseSpringSlideAnim=false, mTransitionLaunchFrom=0, mFoldChangeType=-1, mAnimStartingPosition=[0, 0, 0, 0], mIsOpeningStkDialogActivity=false, mSecondaryHomeToFrontWhenUnFolding=false, mIsNeedApplyStartTForEmbedded=false
04-12 17:27:27.882  3590  3796 D OplusTransitionController: , mNeedCanvasExitAnim=false, mMergeSecondTaskAnimation=false, mIsLaunchUnityStart=false, mIsLaunchFromAssistantByDefault=false, mSkipRemoteTransitionfalse, mIsStartFromKeyguard=false flags=0x0, mWCT=null, mIsOpenMergeToInValidPredictive=false, mPromoteTaskWhenKeyguard-1, mRootLayerZOrderArray={}}]}, targets : [ChangeInfo{5581fb9 container=ActivityRecord{135463480 u0 com.binance.monitor/.ui.account.AccountStatsBridgeActivity t13247} flags=0x0}, ChangeInfo{2460ffe container=ActivityRecord{197984232 u0 com.binance.monitor/.ui.chart.MarketChartActivity t13247} flags=0x0}], participants: {ActivityRecord{135463480 u0 com.binance.monitor/.ui.account.AccountStatsBridgeActivity t13247}, ActivityRecord{197984232 u0 com.binance.monitor/.ui.chart.MarketChartActivity t13247}}
04-12 17:27:27.882 14034 14677 D SubsysRadioIndication[1]: radioLinkLatencyInfoInd
04-12 17:27:27.882 14034 14677 D SubsysRadioIndication[1]: notify enter
04-12 17:27:27.882 14034 14034 D NetworkService[1]: handleMessage what:1008
04-12 17:27:27.882 14034 14034 D NetworkService[1]: EVENT_REG_LINK_LATENCY_INFO_CHANGE ulLatency:12101
04-12 17:27:27.882 15031 15220 I Quality-ScreenOnOffLogProcessor: withInScreenOnOffRange mIsScreenOn:true refTime:1775986047620 mRecentScreenOnTime:1775985109118 mRecentScreenOffTime:1775983258057
04-12 17:27:27.883  3590  3796 I Quality : LaunchTime2.0: com.binance.monitor/.ui.account.AccountStatsBridgeActivity 2 262 com.binance.monitor -1 -1
04-12 17:27:27.883  8338 18118 V WindowManagerShell: onTransitionReady(transaction=15418935333028)
04-12 17:27:27.883  3590  3792 I ActivityTaskManager: Displayed com.binance.monitor/.ui.account.AccountStatsBridgeActivity for user 0: +265ms
04-12 17:27:27.883  3590  3796 D InsetsSourceProvider: updateSourceFrameForServerVisibility mandatorySystemGestures EMPTY_RECT
04-12 17:27:27.883  3590  3796 D InsetsSourceProvider: updateSourceFrameForServerVisibility mandatorySystemGestures EMPTY_RECT
04-12 17:27:27.883  8338  8381 V WindowManagerShell: onTransitionReady (#28419) android.os.BinderProxy@1380439: {id=28419 t=OPEN f=0x0 trk=0 r=[0@Point(0, 0)] c=[
04-12 17:27:27.883  8338  8381 V WindowManagerShell:         {m=OPEN f=FILLS_TASK leash=Surface(name=ActivityRecord{135463480 u0 com.binance.monitor/.ui.account.AccountStatsBridgeActivity t13247})/@0x68e002c sb=Rect(0, 0 - 0, 0) eb=Rect(0, 0 - 1264, 2780) epz=Point(1264, 2780) d=-1->0 r=-1->0:-1 component=com.binance.monitor/.ui.account.AccountStatsBridgeActivity opt={t=CUSTOM enterResId=0 changeResId=0 exitResId=0 mUserId=0}},
04-12 17:27:27.883  8338  8381 V WindowManagerShell:         {m=TO_BACK f=FILLS_TASK leash=Surface(name=ActivityRecord{197984232 u0 com.binance.monitor/.ui.chart.MarketChartActivity t13247})/@0xc8baaf5 sb=Rect(0, 0 - 1264, 2780) eb=Rect(0, 0 - 1264, 2780) epz=Point(1264, 2780) d=0 component=com.binance.monitor/.ui.chart.MarketChartActivity opt={t=CUSTOM enterResId=0 changeResId=0 exitResId=0 mUserId=0}}
04-12 17:27:27.883  8338  8381 V WindowManagerShell:     ] 
04-12 17:27:27.883  8338  8381 V WindowManagerShell: extendInfo=[
04-12 17:27:27.883  8338  8381 V WindowManagerShell:  OplusTransitionExtendedInfo{mTmpFinishT=null, mInOplusCompatMode=false, mIsProcessRunning=false, mHasMismatchBoundsTarget=false, mRecentsController=null, mRemoteTransition=null, mIsTranslucentActivityToHome=false, mAvoidInterceptKeyEventToHome=false, mIsFromHome=false, mParentLeash=null, mBackAnimClosingLeash=null, mIsOplusAnimRes=false, mKeepBgForContinuous=false, mIsBalAllow=false, mTaskNotInRecent=false, mIsPredictiveBackAnim=false, mIsMergedWithPredictive=false, mIsLaunchFromSpruce=false, mIsLaunchFromDrive=false, mGlobalSearchPageSwitch=false, mNeedNoAlphaGlobalSearchScene=false, mAssistScreenShowing=false, mSwipeUpBrowserScreenShowing=false, mUserIdTransition=-1
04-12 17:27:27.883  8338  8381 V WindowManagerShell: , mInRemoteScene=false, mInPreReady=false, mPreStart=false, mToken=null, mAbortByRemoteFromHome=false, mShellApplyToken=null, mRequestTransitionTaskId=13247, mAbortTransitionOnShell=0, mStartFromShortcut=false, mRemovedTaskId=-1, mTransitionInterruptType=0, mMergeSecondTaskId=-1, mTaskIdStartFromRecents=0, mTransitionId=28419, mCanUseSpringSlideAnim=false, mTransitionLaunchFrom=0, mFoldChangeType=-1, mAnimStartingPosition=[0, 0, 0, 0], mIsOpeningStkDialogActivity=false, mSecondaryHomeToFrontWhenUnFolding=false, mIsNeedApplyStartTForEmbedded=false
04-12 17:27:27.883  8338  8381 V WindowManagerShell: , mNeedCanvasExitAnim=false, mMergeSecondTaskAnimation=false, mIsLaunchUnityStart=false, mIsLaunchFromAssistantByDefault=false, mSkipRemoteTransitionfalse, mIsStartFromKeyguard=false flags=0x0, mWCT=null, mIsOpenMergeToInValidPredictive=false, mPromoteTaskWhenKeyguard-1, mRootLayerZOrderArray={}}]}
04-12 17:27:27.883  8338  8381 D OplusShellTransition: dispatchReady, active:(#28419) android.os.BinderProxy@1380439@0, isSync=false, track:com.android.wm.shell.transition.Transitions$Track@f3fa59b
04-12 17:27:27.883  8338  8381 D OplusShellTransition: Abort transition (#28419) android.os.BinderProxy@1380439@0 WMCore requested. reason: 0; abortTransition: false
04-12 17:27:27.884  8338  8381 V WindowManagerShell: Playing animation for (#28419) android.os.BinderProxy@1380439@0
04-12 17:27:27.884  3590  3792 V WindowManager: Sent Transition (#28419) createdAt=04-12 17:27:27.616 via request=TransitionRequestInfo { type = OPEN, triggerTask = TaskInfo{userId=0 taskId=13247 effectiveUid=10512 displayId=0 isRunning=true baseIntent=Intent { flg=0x10000000 cmp=com.binance.monitor/.ui.main.MainActivity mCallingUid=2000 } baseActivity=ComponentInfo{com.binance.monitor/com.binance.monitor.ui.main.MainActivity} topActivity=ComponentInfo{com.binance.monitor/com.binance.monitor.ui.account.AccountStatsBridgeActivity} origActivity=null realActivity=ComponentInfo{com.binance.monitor/com.binance.monitor.ui.main.MainActivity}
04-12 17:27:27.884  3590  3792 V WindowManager:  numActivities=5 lastActiveTime=1033263032 supportsSplitScreenMultiWindow=true supportsMultiWindow=true supportsPocketStudioMultiWindow=true isInFlexibleEmbedded = false uid = 10512 pid = 0 resizeMode=1 isResizeable=true minWidth=-1 minHeight=-1 defaultMinSize=220 token=WCT{RemoteToken{6d05b97 Task{65327de #13247 type=standard A=10512:com.binance.monitor}}} topActivityType=1 pictureInPictureParams=null shouldDockBigOverlays=false launchIntoPipHostTaskId=-1 lastParentTaskIdBeforePip=-1 displayCutoutSafeInsets=Rect(0, 0 - 0, 0)
04-12 17:27:27.884  3590  3792 V WindowManager:  topActivityInfo=ActivityInfo{ffbfc98 com.binance.monitor.ui.account.AccountStatsBridgeActivity} launchCookies=[] positionInParent=Point(0, 0) parentTaskId=-1 isFocused=true isVisible=true isVisibleRequested=true isTopActivityNoDisplay=false isSleeping=false locusId=null displayAreaFeatureId=1 isTopActivityTransparent=false isActivityStackTransparent=false lastNonFullscreenBounds=Rect(330, 828 - 935, 2092) capturedLink=null capturedLinkTimestamp=0 requestedVisibleTypes=-9 topActivityRequestOpenInBrowserEducationTimestamp=0
04-12 17:27:27.884  3590  3792 V WindowManager:  appCompatTaskInfo=AppCompatTaskInfo { topActivityInSizeCompat=false topActivityInOplusCompatMode=false eligibleForLetterboxEducation= false isLetterboxEducationEnabled= false isLetterboxDoubleTapEnabled= false eligibleForUserAspectRatioButton= false topActivityBoundsLetterboxed= false isFromLetterboxDoubleTap= false topActivityLetterboxVerticalPosition= -1 topActivityLetterboxHorizontalPosition= -1 topActivityLetterboxWidth=-1 topActivityLetterboxHeight=-1 topActivityAppBounds=Rect(0, 140 - 1264, 2780) isUserFullscreenOverrideEnabled=false isSystemFullscreenOverrideEnabled=false hasMinAspectRatioOverride=false topActivityLetterboxBounds=null cameraCompatTaskInfo=CameraCompatTaskInfo { freeformCameraCompatMode=inactive}} topActivityMainWindowFrame=null topActivityLetterboxInsets=Rect(0, 0 - 0, 0)
