04-12 17:27:18.393  3590  3796 D CoreBackPreview:  return markWindowHasDrawn mComposed: false  mWaitTransition: false
04-12 17:27:18.393  3590  3796 D ActivityTaskManager: Clearing startingData for activity=ActivityRecord{197984232 u0 com.binance.monitor/.ui.chart.MarketChartActivity t13247} mStartingData=null mStartingSurface=null
04-12 17:27:18.393  3590  3796 D QuickBackInputPolicy: setAppLaunchEndTime update timePair=Pair{ActivityRecord{197984232 u0 com.binance.monitor/.ui.chart.MarketChartActivity t13247} 951069090}
04-12 17:27:18.393  3590  8480 I OPM     : handleNotifyLaunchTime : com.binance.monitor, :168
04-12 17:27:18.393  3590  3796 D ActivityTaskManager: commitVisibility: ActivityRecord{197984232 u0 com.binance.monitor/.ui.chart.MarketChartActivity t13247}: visible=true visibleRequested=true, isInTransition=true 
04-12 17:27:18.393  3590  3796 D CoreBackPreview:  return markWindowHasDrawn mComposed: false  mWaitTransition: false
04-12 17:27:18.393  3590  3796 D ActivityTaskManager: Clearing startingData for activity=ActivityRecord{197984232 u0 com.binance.monitor/.ui.chart.MarketChartActivity t13247} mStartingData=null mStartingSurface=null
04-12 17:27:18.393  3590  3796 I WindowManager: Window{8317b56 u0 com.binance.monitor/com.binance.monitor.ui.chart.MarketChartActivity} state from READY_TO_SHOW to HAS_DRAWN; reason: performShowLocked
04-12 17:27:18.393  3590  3796 D CoreBackPreview:  return markWindowHasDrawn mComposed: false  mWaitTransition: false
04-12 17:27:18.393  3590  3796 E OplusAppQuickStart_AppQuickStartController: not start from launcher transition:28418
04-12 17:27:18.393  3590  3796 D Transition: collectOrderChanges onTopTasksEnd: [Task{65327de #13247 type=standard A=10512:com.binance.monitor}], reportedOnTop:null, mOnTopTasksStart: [Task{65327de #13247 type=standard A=10512:com.binance.monitor}], TDA child: [Task{2ae848 #3 type=undefined}, Task{1abb46b #12626 type=standard A=10345:com.tencent.mm}, Task{5e646fc #13246 type=standard A=10516:com.mobilecodex.nativeapp}, Task{1b9ad4c #1 type=home}, Task{65327de #13247 type=standard A=10512:com.binance.monitor}]
04-12 17:27:18.393  3590  3796 D OplusFlexibleActivityTransitionManager: fixTransitType type result:1, targets: [ChangeInfo{f3b2a73 container=ActivityRecord{197984232 u0 com.binance.monitor/.ui.chart.MarketChartActivity t13247} flags=0x0}, ChangeInfo{b124d30 container=ActivityRecord{179160286 u0 com.binance.monitor/.launcher.IconFinancialAlias t13247} flags=0x0}]
04-12 17:27:18.394  3590  3796 D OplusTransitionAnimationManager: activityRecordCount1fullScreenArBeHindStartingWindow null
04-12 17:27:18.394  3590  3796 D OplusTransitionAnimationManager: activityRecordCount1fullScreenArBeHindStartingWindow null
04-12 17:27:18.394  3590  3796 D QuickBackInputPolicy: resetInputInterceptState for remoteTransition: false
04-12 17:27:18.394  3590  3796 D OplusTransitionController: onTransactionReady, transition: 28418, info: {id=28418 t=OPEN f=0x0 trk=0 r=[0@Point(0, 0)] c=[{m=OPEN f=FILLS_TASK leash=Surface(name=ActivityRecord{197984232 u0 com.binance.monitor/.ui.chart.MarketChartActivity t13247})/@0x92c9f2e sb=Rect(0, 0 - 0, 0) eb=Rect(0, 0 - 1264, 2780) epz=Point(1264, 2780) d=-1->0 r=-1->0:-1 bc=fffef7ff component=com.binance.monitor/.ui.chart.MarketChartActivity opt={t=FROM_STYLE mUserId=0}},{m=TO_BACK f=FILLS_TASK leash=Surface(name=ActivityRecord{179160286 u0 com.binance.monitor/.launcher.IconFinancialAlias t13247})/@0x373c8b4 sb=Rect(0, 0 - 1264, 2780) eb=Rect(0, 0 - 1264, 2780) epz=Point(1264, 2780) d=0 bc=fffef7ff component=com.binance.monitor/.ui.main.MainActivity opt={t=FROM_STYLE mUserId=0}}] 
04-12 17:27:18.394  3590  3796 D OplusTransitionController: extendInfo=[
04-12 17:27:18.394  3590  3796 D OplusTransitionController:  OplusTransitionExtendedInfo{mTmpFinishT=null, mInOplusCompatMode=false, mIsProcessRunning=false, mHasMismatchBoundsTarget=false, mRecentsController=null, mRemoteTransition=null, mIsTranslucentActivityToHome=false, mAvoidInterceptKeyEventToHome=false, mIsFromHome=false, mParentLeash=null, mBackAnimClosingLeash=null, mIsOplusAnimRes=false, mKeepBgForContinuous=false, mIsBalAllow=false, mTaskNotInRecent=false, mIsPredictiveBackAnim=false, mIsMergedWithPredictive=false, mIsLaunchFromSpruce=false, mIsLaunchFromDrive=false, mGlobalSearchPageSwitch=false, mNeedNoAlphaGlobalSearchScene=false, mAssistScreenShowing=false, mSwipeUpBrowserScreenShowing=false, mUserIdTransition=-1
04-12 17:27:18.394  3590  3796 D OplusTransitionController: , mInRemoteScene=false, mInPreReady=false, mPreStart=false, mToken=null, mAbortByRemoteFromHome=false, mShellApplyToken=null, mRequestTransitionTaskId=13247, mAbortTransitionOnShell=0, mStartFromShortcut=false, mRemovedTaskId=-1, mTransitionInterruptType=0, mMergeSecondTaskId=-1, mTaskIdStartFromRecents=0, mTransitionId=28418, mCanUseSpringSlideAnim=false, mTransitionLaunchFrom=0, mFoldChangeType=-1, mAnimStartingPosition=[0, 0, 0, 0], mIsOpeningStkDialogActivity=false, mSecondaryHomeToFrontWhenUnFolding=false, mIsNeedApplyStartTForEmbedded=false
04-12 17:27:18.394  3590  3796 D OplusTransitionController: , mNeedCanvasExitAnim=false, mMergeSecondTaskAnimation=false, mIsLaunchUnityStart=false, mIsLaunchFromAssistantByDefault=false, mSkipRemoteTransitionfalse, mIsStartFromKeyguard=false flags=0x0, mWCT=null, mIsOpenMergeToInValidPredictive=false, mPromoteTaskWhenKeyguard-1, mRootLayerZOrderArray={}}]}, targets : [ChangeInfo{f3b2a73 container=ActivityRecord{197984232 u0 com.binance.monitor/.ui.chart.MarketChartActivity t13247} flags=0x0}, ChangeInfo{b124d30 container=ActivityRecord{179160286 u0 com.binance.monitor/.launcher.IconFinancialAlias t13247} flags=0x0}], participants: {ActivityRecord{179160286 u0 com.binance.monitor/.launcher.IconFinancialAlias t13247}, ActivityRecord{197984232 u0 com.binance.monitor/.ui.chart.MarketChartActivity t13247}}
04-12 17:27:18.394 15031 15220 I Quality-ScreenOnOffLogProcessor: withInScreenOnOffRange mIsScreenOn:true refTime:1775986038221 mRecentScreenOnTime:1775985109118 mRecentScreenOffTime:1775983258057
04-12 17:27:18.395  3590  3796 I Quality : LaunchTime2.0: com.binance.monitor/.ui.chart.MarketChartActivity 2 173 com.binance.monitor -1 -1
04-12 17:27:18.395  8338 12185 V WindowManagerShell: onTransitionReady(transaction=15418935332957)
04-12 17:27:18.395  3590  3792 I ActivityTaskManager: Displayed com.binance.monitor/.ui.chart.MarketChartActivity for user 0: +176ms
04-12 17:27:18.395  8338  8381 V WindowManagerShell: onTransitionReady (#28418) android.os.BinderProxy@84453f8: {id=28418 t=OPEN f=0x0 trk=0 r=[0@Point(0, 0)] c=[
04-12 17:27:18.395  8338  8381 V WindowManagerShell:         {m=OPEN f=FILLS_TASK leash=Surface(name=ActivityRecord{197984232 u0 com.binance.monitor/.ui.chart.MarketChartActivity t13247})/@0xd15a637 sb=Rect(0, 0 - 0, 0) eb=Rect(0, 0 - 1264, 2780) epz=Point(1264, 2780) d=-1->0 r=-1->0:-1 component=com.binance.monitor/.ui.chart.MarketChartActivity opt={t=CUSTOM enterResId=0 changeResId=0 exitResId=0 mUserId=0}},
04-12 17:27:18.395  8338  8381 V WindowManagerShell:         {m=TO_BACK f=FILLS_TASK leash=Surface(name=ActivityRecord{179160286 u0 com.binance.monitor/.launcher.IconFinancialAlias t13247})/@0x66b7a4 sb=Rect(0, 0 - 1264, 2780) eb=Rect(0, 0 - 1264, 2780) epz=Point(1264, 2780) d=0 component=com.binance.monitor/.ui.main.MainActivity opt={t=CUSTOM enterResId=0 changeResId=0 exitResId=0 mUserId=0}}
04-12 17:27:18.395  8338  8381 V WindowManagerShell:     ] 
04-12 17:27:18.395  8338  8381 V WindowManagerShell: extendInfo=[
04-12 17:27:18.395  8338  8381 V WindowManagerShell:  OplusTransitionExtendedInfo{mTmpFinishT=null, mInOplusCompatMode=false, mIsProcessRunning=false, mHasMismatchBoundsTarget=false, mRecentsController=null, mRemoteTransition=null, mIsTranslucentActivityToHome=false, mAvoidInterceptKeyEventToHome=false, mIsFromHome=false, mParentLeash=null, mBackAnimClosingLeash=null, mIsOplusAnimRes=false, mKeepBgForContinuous=false, mIsBalAllow=false, mTaskNotInRecent=false, mIsPredictiveBackAnim=false, mIsMergedWithPredictive=false, mIsLaunchFromSpruce=false, mIsLaunchFromDrive=false, mGlobalSearchPageSwitch=false, mNeedNoAlphaGlobalSearchScene=false, mAssistScreenShowing=false, mSwipeUpBrowserScreenShowing=false, mUserIdTransition=-1
04-12 17:27:18.395  8338  8381 V WindowManagerShell: , mInRemoteScene=false, mInPreReady=false, mPreStart=false, mToken=null, mAbortByRemoteFromHome=false, mShellApplyToken=null, mRequestTransitionTaskId=13247, mAbortTransitionOnShell=0, mStartFromShortcut=false, mRemovedTaskId=-1, mTransitionInterruptType=0, mMergeSecondTaskId=-1, mTaskIdStartFromRecents=0, mTransitionId=28418, mCanUseSpringSlideAnim=false, mTransitionLaunchFrom=0, mFoldChangeType=-1, mAnimStartingPosition=[0, 0, 0, 0], mIsOpeningStkDialogActivity=false, mSecondaryHomeToFrontWhenUnFolding=false, mIsNeedApplyStartTForEmbedded=false
04-12 17:27:18.395  8338  8381 V WindowManagerShell: , mNeedCanvasExitAnim=false, mMergeSecondTaskAnimation=false, mIsLaunchUnityStart=false, mIsLaunchFromAssistantByDefault=false, mSkipRemoteTransitionfalse, mIsStartFromKeyguard=false flags=0x0, mWCT=null, mIsOpenMergeToInValidPredictive=false, mPromoteTaskWhenKeyguard-1, mRootLayerZOrderArray={}}]}
04-12 17:27:18.395  3590  3796 D InsetsSourceProvider: updateSourceFrameForServerVisibility mandatorySystemGestures EMPTY_RECT
04-12 17:27:18.395  8338  8381 D OplusShellTransition: dispatchReady, active:(#28418) android.os.BinderProxy@84453f8@0, isSync=false, track:com.android.wm.shell.transition.Transitions$Track@f3fa59b
04-12 17:27:18.395  8338  8381 D OplusShellTransition: Abort transition (#28418) android.os.BinderProxy@84453f8@0 WMCore requested. reason: 0; abortTransition: false
04-12 17:27:18.395  8338  8381 V WindowManagerShell: Playing animation for (#28418) android.os.BinderProxy@84453f8@0
04-12 17:27:18.395  3590  3796 D InsetsSourceProvider: updateSourceFrameForServerVisibility mandatorySystemGestures EMPTY_RECT
04-12 17:27:18.395  8338  8381 V ShellRecents: RecentsTransitionHandler.startAnimation: no controller found
04-12 17:27:18.395  8338  8381 V WindowManagerShell: start OnePuttTransition animation, info = {id=28418 t=OPEN f=0x0 trk=0 r=[0@Point(0, 0)] c=[{m=OPEN f=FILLS_TASK leash=Surface(name=ActivityRecord{197984232 u0 com.binance.monitor/.ui.chart.MarketChartActivity t13247})/@0xd15a637 sb=Rect(0, 0 - 0, 0) eb=Rect(0, 0 - 1264, 2780) epz=Point(1264, 2780) d=-1->0 r=-1->0:-1 component=com.binance.monitor/.ui.chart.MarketChartActivity opt={t=CUSTOM enterResId=0 changeResId=0 exitResId=0 mUserId=0}},{m=TO_BACK f=FILLS_TASK leash=Surface(name=ActivityRecord{179160286 u0 com.binance.monitor/.launcher.IconFinancialAlias t13247})/@0x66b7a4 sb=Rect(0, 0 - 1264, 2780) eb=Rect(0, 0 - 1264, 2780) epz=Point(1264, 2780) d=0 component=com.binance.monitor/.ui.main.MainActivity opt={t=CUSTOM enterResId=0 changeResId=0 exitResId=0 mUserId=0}}] 
04-12 17:27:18.395  8338  8381 V WindowManagerShell: extendInfo=[
04-12 17:27:18.395  8338  8381 V WindowManagerShell:  OplusTransitionExtendedInfo{mTmpFinishT=null, mInOplusCompatMode=false, mIsProcessRunning=false, mHasMismatchBoundsTarget=false, mRecentsController=null, mRemoteTransition=null, mIsTranslucentActivityToHome=false, mAvoidInterceptKeyEventToHome=false, mIsFromHome=false, mParentLeash=null, mBackAnimClosingLeash=null, mIsOplusAnimRes=false, mKeepBgForContinuous=false, mIsBalAllow=false, mTaskNotInRecent=false, mIsPredictiveBackAnim=false, mIsMergedWithPredictive=false, mIsLaunchFromSpruce=false, mIsLaunchFromDrive=false, mGlobalSearchPageSwitch=false, mNeedNoAlphaGlobalSearchScene=false, mAssistScreenShowing=false, mSwipeUpBrowserScreenShowing=false, mUserIdTransition=-1
04-12 17:27:18.395  8338  8381 V WindowManagerShell: , mInRemoteScene=false, mInPreReady=false, mPreStart=false, mToken=null, mAbortByRemoteFromHome=false, mShellApplyToken=null, mRequestTransitionTaskId=13247, mAbortTransitionOnShell=0, mStartFromShortcut=false, mRemovedTaskId=-1, mTransitionInterruptType=0, mMergeSecondTaskId=-1, mTaskIdStartFromRecents=0, mTransitionId=28418, mCanUseSpringSlideAnim=false, mTransitionLaunchFrom=0, mFoldChangeType=-1, mAnimStartingPosition=[0, 0, 0, 0], mIsOpeningStkDialogActivity=false, mSecondaryHomeToFrontWhenUnFolding=false, mIsNeedApplyStartTForEmbedded=false
04-12 17:27:18.395  8338  8381 V WindowManagerShell: , mNeedCanvasExitAnim=false, mMergeSecondTaskAnimation=false, mIsLaunchUnityStart=false, mIsLaunchFromAssistantByDefault=false, mSkipRemoteTransitionfalse, mIsStartFromKeyguard=false flags=0x0, mWCT=null, mIsOpenMergeToInValidPredictive=false, mPromoteTaskWhenKeyguard-1, mRootLayerZOrderArray={}}]}
04-12 17:27:18.395  8338  8381 D FlexibleTaskTransitionHandler:  performAnimation transition:android.os.BinderProxy@84453f8 ,info:{id=28418 t=OPEN f=0x0 trk=0 r=[0@Point(0, 0)] c=[{m=OPEN f=FILLS_TASK leash=Surface(name=ActivityRecord{197984232 u0 com.binance.monitor/.ui.chart.MarketChartActivity t13247})/@0xd15a637 sb=Rect(0, 0 - 0, 0) eb=Rect(0, 0 - 1264, 2780) epz=Point(1264, 2780) d=-1->0 r=-1->0:-1 component=com.binance.monitor/.ui.chart.MarketChartActivity opt={t=CUSTOM enterResId=0 changeResId=0 exitResId=0 mUserId=0}},{m=TO_BACK f=FILLS_TASK leash=Surface(name=ActivityRecord{179160286 u0 com.binance.monitor/.launcher.IconFinancialAlias t13247})/@0x66b7a4 sb=Rect(0, 0 - 1264, 2780) eb=Rect(0, 0 - 1264, 2780) epz=Point(1264, 2780) d=0 component=com.binance.monitor/.ui.main.MainActivity opt={t=CUSTOM enterResId=0 changeResId=0 exitResId=0 mUserId=0}}] 
04-12 17:27:18.395  8338  8381 D FlexibleTaskTransitionHandler: extendInfo=[
04-12 17:27:18.395  8338  8381 D FlexibleTaskTransitionHandler:  OplusTransitionExtendedInfo{mTmpFinishT=null, mInOplusCompatMode=false, mIsProcessRunning=false, mHasMismatchBoundsTarget=false, mRecentsController=null, mRemoteTransition=null, mIsTranslucentActivityToHome=false, mAvoidInterceptKeyEventToHome=false, mIsFromHome=false, mParentLeash=null, mBackAnimClosingLeash=null, mIsOplusAnimRes=false, mKeepBgForContinuous=false, mIsBalAllow=false, mTaskNotInRecent=false, mIsPredictiveBackAnim=false, mIsMergedWithPredictive=false, mIsLaunchFromSpruce=false, mIsLaunchFromDrive=false, mGlobalSearchPageSwitch=false, mNeedNoAlphaGlobalSearchScene=false, mAssistScreenShowing=false, mSwipeUpBrowserScreenShowing=false, mUserIdTransition=-1
04-12 17:27:18.395  8338  8381 D FlexibleTaskTransitionHandler: , mInRemoteScene=false, mInPreReady=false, mPreStart=false, mToken=null, mAbortByRemoteFromHome=false, mShellApplyToken=null, mRequestTransitionTaskId=13247, mAbortTransitionOnShell=0, mStartFromShortcut=false, mRemovedTaskId=-1, mTransitionInterruptType=0, mMergeSecondTaskId=-1, mTaskIdStartFromRecents=0, mTransitionId=28418, mCanUseSpringSlideAnim=false, mTransitionLaunchFrom=0, mFoldChangeType=-1, mAnimStartingPosition=[0, 0, 0, 0], mIsOpeningStkDialogActivity=false, mSecondaryHomeToFrontWhenUnFolding=false, mIsNeedApplyStartTForEmbedded=false
04-12 17:27:18.395  8338  8381 D FlexibleTaskTransitionHandler: , mNeedCanvasExitAnim=false, mMergeSecondTaskAnimation=false, mIsLaunchUnityStart=false, mIsLaunchFromAssistantByDefault=false, mSkipRemoteTransitionfalse, mIsStartFromKeyguard=false flags=0x0, mWCT=null, mIsOpenMergeToInValidPredictive=false, mPromoteTaskWhenKeyguard-1, mRootLayerZOrderArray={}}]}
04-12 17:27:18.395  8338  8381 D FlexibleTaskTransitionHandler:  no need handler this transitionInfo: {id=28418 t=OPEN f=0x0 trk=0 r=[0@Point(0, 0)] c=[{m=OPEN f=FILLS_TASK leash=Surface(name=ActivityRecord{197984232 u0 com.binance.monitor/.ui.chart.MarketChartActivity t13247})/@0xd15a637 sb=Rect(0, 0 - 0, 0) eb=Rect(0, 0 - 1264, 2780) epz=Point(1264, 2780) d=-1->0 r=-1->0:-1 component=com.binance.monitor/.ui.chart.MarketChartActivity opt={t=CUSTOM enterResId=0 changeResId=0 exitResId=0 mUserId=0}},{m=TO_BACK f=FILLS_TASK leash=Surface(name=ActivityRecord{179160286 u0 com.binance.monitor/.launcher.IconFinancialAlias t13247})/@0x66b7a4 sb=Rect(0, 0 - 1264, 2780) eb=Rect(0, 0 - 1264, 2780) epz=Point(1264, 2780) d=0 component=com.binance.monitor/.ui.main.MainActivity opt={t=CUSTOM enterResId=0 changeResId=0 exitResId=0 mUserId=0}}] 
04-12 17:27:18.395  8338  8381 D FlexibleTaskTransitionHandler: extendInfo=[
04-12 17:27:18.395  8338  8381 D FlexibleTaskTransitionHandler:  OplusTransitionExtendedInfo{mTmpFinishT=null, mInOplusCompatMode=false, mIsProcessRunning=false, mHasMismatchBoundsTarget=false, mRecentsController=null, mRemoteTransition=null, mIsTranslucentActivityToHome=false, mAvoidInterceptKeyEventToHome=false, mIsFromHome=false, mParentLeash=null, mBackAnimClosingLeash=null, mIsOplusAnimRes=false, mKeepBgForContinuous=false, mIsBalAllow=false, mTaskNotInRecent=false, mIsPredictiveBackAnim=false, mIsMergedWithPredictive=false, mIsLaunchFromSpruce=false, mIsLaunchFromDrive=false, mGlobalSearchPageSwitch=false, mNeedNoAlphaGlobalSearchScene=false, mAssistScreenShowing=false, mSwipeUpBrowserScreenShowing=false, mUserIdTransition=-1
04-12 17:27:18.395  8338  8381 D FlexibleTaskTransitionHandler: , mInRemoteScene=false, mInPreReady=false, mPreStart=false, mToken=null, mAbortByRemoteFromHome=false, mShellApplyToken=null, mRequestTransitionTaskId=13247, mAbortTransitionOnShell=0, mStartFromShortcut=false, mRemovedTaskId=-1, mTransitionInterruptType=0, mMergeSecondTaskId=-1, mTaskIdStartFromRecents=0, mTransitionId=28418, mCanUseSpringSlideAnim=false, mTransitionLaunchFrom=0, mFoldChangeType=-1, mAnimStartingPosition=[0, 0, 0, 0], mIsOpeningStkDialogActivity=false, mSecondaryHomeToFrontWhenUnFolding=false, mIsNeedApplyStartTForEmbedded=false
04-12 17:27:18.395  8338  8381 D FlexibleTaskTransitionHandler: , mNeedCanvasExitAnim=false, mMergeSecondTaskAnimation=false, mIsLaunchUnityStart=false, mIsLaunchFromAssistantByDefault=false, mSkipRemoteTransitionfalse, mIsStartFromKeyguard=false flags=0x0, mWCT=null, mIsOpenMergeToInValidPredictive=false, mPromoteTaskWhenKeyguard-1, mRootLayerZOrderArray={}}]}
04-12 17:27:18.395  8338  8381 V WindowManagerShell: Transition doesn't have explicit remote, search filters for match for {id=28418 t=OPEN f=0x0 trk=0 r=[0@Point(0, 0)] c=[{m=OPEN f=FILLS_TASK leash=Surface(name=ActivityRecord{197984232 u0 com.binance.monitor/.ui.chart.MarketChartActivity t13247})/@0xd15a637 sb=Rect(0, 0 - 0, 0) eb=Rect(0, 0 - 1264, 2780) epz=Point(1264, 2780) d=-1->0 r=-1->0:-1 component=com.binance.monitor/.ui.chart.MarketChartActivity opt={t=CUSTOM enterResId=0 changeResId=0 exitResId=0 mUserId=0}},{m=TO_BACK f=FILLS_TASK leash=Surface(name=ActivityRecord{179160286 u0 com.binance.monitor/.launcher.IconFinancialAlias t13247})/@0x66b7a4 sb=Rect(0, 0 - 1264, 2780) eb=Rect(0, 0 - 1264, 2780) epz=Point(1264, 2780) d=0 component=com.binance.monitor/.ui.main.MainActivity opt={t=CUSTOM enterResId=0 changeResId=0 exitResId=0 mUserId=0}}] 
04-12 17:27:18.395  8338  8381 V WindowManagerShell: extendInfo=[
04-12 17:27:18.395  8338  8381 V WindowManagerShell:  OplusTransitionExtendedInfo{mTmpFinishT=null, mInOplusCompatMode=false, mIsProcessRunning=false, mHasMismatchBoundsTarget=false, mRecentsController=null, mRemoteTransition=null, mIsTranslucentActivityToHome=false, mAvoidInterceptKeyEventToHome=false, mIsFromHome=false, mParentLeash=null, mBackAnimClosingLeash=null, mIsOplusAnimRes=false, mKeepBgForContinuous=false, mIsBalAllow=false, mTaskNotInRecent=false, mIsPredictiveBackAnim=false, mIsMergedWithPredictive=false, mIsLaunchFromSpruce=false, mIsLaunchFromDrive=false, mGlobalSearchPageSwitch=false, mNeedNoAlphaGlobalSearchScene=false, mAssistScreenShowing=false, mSwipeUpBrowserScreenShowing=false, mUserIdTransition=-1
04-12 17:27:18.395  8338  8381 V WindowManagerShell: , mInRemoteScene=false, mInPreReady=false, mPreStart=false, mToken=null, mAbortByRemoteFromHome=false, mShellApplyToken=null, mRequestTransitionTaskId=13247, mAbortTransitionOnShell=0, mStartFromShortcut=false, mRemovedTaskId=-1, mTransitionInterruptType=0, mMergeSecondTaskId=-1, mTaskIdStartFromRecents=0, mTransitionId=28418, mCanUseSpringSlideAnim=false, mTransitionLaunchFrom=0, mFoldChangeType=-1, mAnimStartingPosition=[0, 0, 0, 0], mIsOpeningStkDialogActivity=false, mSecondaryHomeToFrontWhenUnFolding=false, mIsNeedApplyStartTForEmbedded=false
04-12 17:27:18.395  8338  8381 V WindowManagerShell: , mNeedCanvasExitAnim=false, mMergeSecondTaskAnimation=false, mIsLaunchUnityStart=false, mIsLaunchFromAssistantByDefault=false, mSkipRemoteTransitionfalse, mIsStartFromKeyguard=false flags=0x0, mWCT=null, mIsOpenMergeToInValidPredictive=false, mPromoteTaskWhenKeyguard-1, mRootLayerZOrderArray={}}]}
04-12 17:27:18.395  8338  8381 V WindowManagerShell:  Checking filter Pair{{types=[] flags=0x0] notFlags=0x100 checks=[{atype=home independent=true modes=[OPEN,TO_FRONT] flags=NONE mustBeTask=false order=TOP topActivity=ComponentInfo{com.android.launcher/com.android.launcher.Launcher} launchCookie=null windowingMode=undefined},{atype=standard independent=true modes=[CLOSE,TO_BACK] flags=NONE mustBeTask=false order=ANY topActivity=null launchCookie=null windowingMode=undefined}]} RemoteTransition { remoteTransition = android.window.IRemoteTransition$Stub$Proxy@a5bfc11, appThread = android.app.IApplicationThread$Stub$Proxy@61db176, debugName = QuickstepLaunchHome }}
04-12 17:27:18.395  8338  8381 V WindowManagerShell:  Delegate animation for (#28418) to null
04-12 17:27:18.395  8338  8381 V WindowManagerShell: start default transition animation, info = {id=28418 t=OPEN f=0x0 trk=0 r=[0@Point(0, 0)] c=[{m=OPEN f=FILLS_TASK leash=Surface(name=ActivityRecord{197984232 u0 com.binance.monitor/.ui.chart.MarketChartActivity t13247})/@0xd15a637 sb=Rect(0, 0 - 0, 0) eb=Rect(0, 0 - 1264, 2780) epz=Point(1264, 2780) d=-1->0 r=-1->0:-1 component=com.binance.monitor/.ui.chart.MarketChartActivity opt={t=CUSTOM enterResId=0 changeResId=0 exitResId=0 mUserId=0}},{m=TO_BACK f=FILLS_TASK leash=Surface(name=ActivityRecord{179160286 u0 com.binance.monitor/.launcher.IconFinancialAlias t13247})/@0x66b7a4 sb=Rect(0, 0 - 1264, 2780) eb=Rect(0, 0 - 1264, 2780) epz=Point(1264, 2780) d=0 component=com.binance.monitor/.ui.main.MainActivity opt={t=CUSTOM enterResId=0 changeResId=0 exitResId=0 mUserId=0}}] 
04-12 17:27:18.395  8338  8381 V WindowManagerShell: extendInfo=[
04-12 17:27:18.395  8338  8381 V WindowManagerShell:  OplusTransitionExtendedInfo{mTmpFinishT=null, mInOplusCompatMode=false, mIsProcessRunning=false, mHasMismatchBoundsTarget=false, mRecentsController=null, mRemoteTransition=null, mIsTranslucentActivityToHome=false, mAvoidInterceptKeyEventToHome=false, mIsFromHome=false, mParentLeash=null, mBackAnimClosingLeash=null, mIsOplusAnimRes=false, mKeepBgForContinuous=false, mIsBalAllow=false, mTaskNotInRecent=false, mIsPredictiveBackAnim=false, mIsMergedWithPredictive=false, mIsLaunchFromSpruce=false, mIsLaunchFromDrive=false, mGlobalSearchPageSwitch=false, mNeedNoAlphaGlobalSearchScene=false, mAssistScreenShowing=false, mSwipeUpBrowserScreenShowing=false, mUserIdTransition=-1
04-12 17:27:18.395  8338  8381 V WindowManagerShell: , mInRemoteScene=false, mInPreReady=false, mPreStart=false, mToken=null, mAbortByRemoteFromHome=false, mShellApplyToken=null, mRequestTransitionTaskId=13247, mAbortTransitionOnShell=0, mStartFromShortcut=false, mRemovedTaskId=-1, mTransitionInterruptType=0, mMergeSecondTaskId=-1, mTaskIdStartFromRecents=0, mTransitionId=28418, mCanUseSpringSlideAnim=false, mTransitionLaunchFrom=0, mFoldChangeType=-1, mAnimStartingPosition=[0, 0, 0, 0], mIsOpeningStkDialogActivity=false, mSecondaryHomeToFrontWhenUnFolding=false, mIsNeedApplyStartTForEmbedded=false
04-12 17:27:18.395  8338  8381 V WindowManagerShell: , mNeedCanvasExitAnim=false, mMergeSecondTaskAnimation=false, mIsLaunchUnityStart=false, mIsLaunchFromAssistantByDefault=false, mSkipRemoteTransitionfalse, mIsStartFromKeyguard=false flags=0x0, mWCT=null, mIsOpenMergeToInValidPredictive=false, mPromoteTaskWhenKeyguard-1, mRootLayerZOrderArray={}}]}
04-12 17:27:18.395  8338  8381 D FSS_OplusFoldSwitchStateObserver: cancelAnimationIfNeedWhenFolding: foldChangeType = -1
04-12 17:27:18.395  3590  3792 V WindowManager: Sent Transition (#28418) createdAt=04-12 17:27:18.218 via request=TransitionRequestInfo { type = OPEN, triggerTask = TaskInfo{userId=0 taskId=13247 effectiveUid=10512 displayId=0 isRunning=true baseIntent=Intent { flg=0x10000000 cmp=com.binance.monitor/.ui.main.MainActivity mCallingUid=2000 } baseActivity=ComponentInfo{com.binance.monitor/com.binance.monitor.ui.main.MainActivity} topActivity=ComponentInfo{com.binance.monitor/com.binance.monitor.ui.chart.MarketChartActivity} origActivity=null realActivity=ComponentInfo{com.binance.monitor/com.binance.monitor.ui.main.MainActivity}
04-12 17:27:18.395  3590  3792 V WindowManager:  numActivities=4 lastActiveTime=1033253634 supportsSplitScreenMultiWindow=true supportsMultiWindow=true supportsPocketStudioMultiWindow=true isInFlexibleEmbedded = false uid = 10512 pid = 0 resizeMode=1 isResizeable=true minWidth=-1 minHeight=-1 defaultMinSize=220 token=WCT{RemoteToken{6d05b97 Task{65327de #13247 type=standard A=10512:com.binance.monitor}}} topActivityType=1 pictureInPictureParams=null shouldDockBigOverlays=false launchIntoPipHostTaskId=-1 lastParentTaskIdBeforePip=-1 displayCutoutSafeInsets=Rect(0, 0 - 0, 0)
04-12 17:27:18.395  3590  3792 V WindowManager:  topActivityInfo=ActivityInfo{467803a com.binance.monitor.ui.chart.MarketChartActivity} launchCookies=[] positionInParent=Point(0, 0) parentTaskId=-1 isFocused=true isVisible=true isVisibleRequested=true isTopActivityNoDisplay=false isSleeping=false locusId=null displayAreaFeatureId=1 isTopActivityTransparent=false isActivityStackTransparent=false lastNonFullscreenBounds=Rect(330, 828 - 935, 2092) capturedLink=null capturedLinkTimestamp=0 requestedVisibleTypes=-9 topActivityRequestOpenInBrowserEducationTimestamp=0
04-12 17:27:18.395  3590  3792 V WindowManager:  appCompatTaskInfo=AppCompatTaskInfo { topActivityInSizeCompat=false topActivityInOplusCompatMode=false eligibleForLetterboxEducation= false isLetterboxEducationEnabled= false isLetterboxDoubleTapEnabled= false eligibleForUserAspectRatioButton= false topActivityBoundsLetterboxed= false isFromLetterboxDoubleTap= false topActivityLetterboxVerticalPosition= -1 topActivityLetterboxHorizontalPosition= -1 topActivityLetterboxWidth=-1 topActivityLetterboxHeight=-1 topActivityAppBounds=Rect(0, 140 - 1264, 2780) isUserFullscreenOverrideEnabled=false isSystemFullscreenOverrideEnabled=false hasMinAspectRatioOverride=false topActivityLetterboxBounds=null cameraCompatTaskInfo=CameraCompatTaskInfo { freeformCameraCompatMode=inactive}} topActivityMainWindowFrame=null topActivityLetterboxInsets=Rect(0, 0 - 0, 0)
04-12 17:27:18.395  3590  3792 V WindowManager:  mOplusExtraBundle = Bundle[{androidx.flexible.taskFrame=Rect(0, 0 - 0, 0), topOpaqueSystemBarsAppearance=0, androidx.flexible.Alpha=1.0, androidx.activity.task.attach.blur=0, androidx.activity.LaunchInsensible=0, androidx.activity.LaunchCornerRadius=0, key_flexible_task_state=0, topActivitySupportAppInnerSplit=false, key_flexible_task_animating_type=-1, key_flexible_task_root_activity_processname=com.binance.monitor, androidx.activity.LaunchScenario=0, is_oplus_clone_task=false, flexible_super_mini_state=false, topRunningActivityHash=197984232, androidx.activity.LaunchScale=1.0, androidx.activity.LaunchShadowRadius=0, is_transient_hide_for_task_info=false, key_flexible_task_root_activity_pid=7398, key_flexible_task_root_activity_uid=10512}]}, pipChange = null, remoteTransition = null, displayChange = null, flags = 0, debugId = 28418 }
04-12 17:27:18.395  3590  3792 V WindowManager:     startWCT=WindowContainerTransaction { changes= {} hops= [] errorCallbackToken=null taskFragmentOrganizer=null }
04-12 17:27:18.396  3590  3792 V WindowManager:     info={id=28418 t=OPEN f=0x0 trk=0 r=[0@Point(0, 0)] c=[
04-12 17:27:18.396  3590  3792 V WindowManager:         {m=OPEN f=FILLS_TASK leash=Surface(name=ActivityRecord{197984232 u0 com.binance.monitor/.ui.chart.MarketChartActivity t13247})/@0x92c9f2e sb=Rect(0, 0 - 0, 0) eb=Rect(0, 0 - 1264, 2780) epz=Point(1264, 2780) d=-1->0 r=-1->0:-1 component=com.binance.monitor/.ui.chart.MarketChartActivity opt={t=CUSTOM enterResId=0 changeResId=0 exitResId=0 mUserId=0}},
04-12 17:27:18.396  3590  3792 V WindowManager:         {m=TO_BACK f=FILLS_TASK leash=Surface(name=ActivityRecord{179160286 u0 com.binance.monitor/.launcher.IconFinancialAlias t13247})/@0x373c8b4 sb=Rect(0, 0 - 1264, 2780) eb=Rect(0, 0 - 1264, 2780) epz=Point(1264, 2780) d=0 component=com.binance.monitor/.ui.main.MainActivity opt={t=CUSTOM enterResId=0 changeResId=0 exitResId=0 mUserId=0}}
04-12 17:27:18.396  3590  3792 V WindowManager:     ] 
04-12 17:27:18.396  3590  3792 V WindowManager: extendInfo=[
04-12 17:27:18.396  3590  3792 V WindowManager:  OplusTransitionExtendedInfo{mTmpFinishT=null, mInOplusCompatMode=false, mIsProcessRunning=false, mHasMismatchBoundsTarget=false, mRecentsController=null, mRemoteTransition=null, mIsTranslucentActivityToHome=false, mAvoidInterceptKeyEventToHome=false, mIsFromHome=false, mParentLeash=null, mBackAnimClosingLeash=null, mIsOplusAnimRes=false, mKeepBgForContinuous=false, mIsBalAllow=false, mTaskNotInRecent=false, mIsPredictiveBackAnim=false, mIsMergedWithPredictive=false, mIsLaunchFromSpruce=false, mIsLaunchFromDrive=false, mGlobalSearchPageSwitch=false, mNeedNoAlphaGlobalSearchScene=false, mAssistScreenShowing=false, mSwipeUpBrowserScreenShowing=false, mUserIdTransition=-1
04-12 17:27:18.396  3590  3792 V WindowManager: , mInRemoteScene=false, mInPreReady=false, mPreStart=false, mToken=null, mAbortByRemoteFromHome=false, mShellApplyToken=null, mRequestTransitionTaskId=13247, mAbortTransitionOnShell=0, mStartFromShortcut=false, mRemovedTaskId=-1, mTransitionInterruptType=0, mMergeSecondTaskId=-1, mTaskIdStartFromRecents=0, mTransitionId=28418, mCanUseSpringSlideAnim=false, mTransitionLaunchFrom=0, mFoldChangeType=-1, mAnimStartingPosition=[0, 0, 0, 0], mIsOpeningStkDialogActivity=false, mSecondaryHomeToFrontWhenUnFolding=false, mIsNeedApplyStartTForEmbedded=false
04-12 17:27:18.396  3590  3792 V WindowManager: , mNeedCanvasExitAnim=false, mMergeSecondTaskAnimation=false, mIsLaunchUnityStart=false, mIsLaunchFromAssistantByDefault=false, mSkipRemoteTransitionfalse, mIsStartFromKeyguard=false flags=0x0, mWCT=null, mIsOpenMergeToInValidPredictive=false, mPromoteTaskWhenKeyguard-1, mRootLayerZOrderArray={}}]}
04-12 17:27:18.396  8338  8381 D OplusShellTransition: canCustomizeAppTransition, isGlobalSearchPageSwitch = false, swipeUpBrowserPageSwitch = false, onlyHasTranslucentActivity = false, pkgName = com.binance.monitor
04-12 17:27:18.396  8338  8381 D OplusShellTransition: This page has its own override animation, enterResId = 0, closeResId = 0, pkgName = com.binance.monitor
04-12 17:27:18.396  8338  8381 D OplusShellTransition: checkAndLoadCustomAnimation packageName =:com.binance.monitor,transit =:1,enter =:false,animResId =:0
04-12 17:27:18.396  8338  8381 D OplusShellTransition: canCustomizeAppTransition, isGlobalSearchPageSwitch = false, swipeUpBrowserPageSwitch = false, onlyHasTranslucentActivity = false, pkgName = com.binance.monitor
04-12 17:27:18.396  8338  8381 D OplusShellTransition: This page has its own override animation, enterResId = 0, closeResId = 0, pkgName = com.binance.monitor
04-12 17:27:18.396  8338  8381 D OplusShellTransition: checkAndLoadCustomAnimation packageName =:com.binance.monitor,transit =:1,enter =:true,animResId =:0
04-12 17:27:18.396  8338  8381 D OplusShellTransition: addBackgroundColorOnTask, , isTaskLevelTransition = false, hasBgAlready = false
04-12 17:27:18.396  8338  8381 D OplusShellTransition: DefaultTransitionHandler#onAnimFinish=> transition=android.os.BinderProxy@84453f8, backAnimContinue=false
04-12 17:27:18.396  8338  8381 V WindowManagerShell: Transition animation finished (aborted=false), notifying core (#28418) android.os.BinderProxy@84453f8@0
04-12 17:27:18.396  3590  3796 D SurfaceComposerClient: Transaction::apply InputWindowCommands.focusRequests timestamp=951069083703807, windowName=8317b56 com.binance.monitor/com.binance.monitor.ui.chart.MarketChartActivity
04-12 17:27:18.396  8338  8381 D SplitScreen-->AppLockManager: setStartFromSafeControl mStartFromSafeControl=false
04-12 17:27:18.396  8338  8381 D ShellTaskOrganizerExt: adjust change for exiting mini task: -1
04-12 17:27:18.397  3590  8848 D Transition: finishTransition ar ActivityRecord{179160286 u0 com.binance.monitor/.launcher.IconFinancialAlias t13247}, isVisibleRequested=false, state=PAUSED, visibleAtTransitionEndTokens={ActivityRecord{197984232 u0 com.binance.monitor/.ui.chart.MarketChartActivity t13247}}, this=TransitionRecord{8de74c7 id=28418 track=0 type=OPEN flags=0x0 state=2 c=[
04-12 17:27:18.397  3590  8848 D Transition:    ChangeInfo{7368af4 container=Display{#0 state=ON size=1264x2780 ROTATION_0} flags=0x0}
04-12 17:27:18.397  3590  8848 D Transition:    ChangeInfo{d47b21d container=Task{65327de #13247 type=standard A=10512:com.binance.monitor} flags=0x0}
04-12 17:27:18.397  3590  8848 D Transition:    ChangeInfo{f39dc92 container=DefaultTaskDisplayArea@136308155 flags=0x0}
04-12 17:27:18.397  3590  8848 D Transition:    ChangeInfo{b124d30 container=ActivityRecord{179160286 u0 com.binance.monitor/.launcher.IconFinancialAlias t13247} flags=0x0}
04-12 17:27:18.397  3590  8848 D Transition:    ChangeInfo{f3b2a73 container=ActivityRecord{197984232 u0 com.binance.monitor/.ui.chart.MarketChartActivity t13247} flags=0x0}
04-12 17:27:18.397  3590  8848 D Transition: ]
04-12 17:27:18.397  3590  8848 D Transition: }
04-12 17:27:18.397  3590  8848 D ActivityTaskManager: commitVisibility: ActivityRecord{179160286 u0 com.binance.monitor/.launcher.IconFinancialAlias t13247}: visible=false visibleRequested=false, isInTransition=false 
04-12 17:27:18.397  3590  8848 D WindowManager: NFW_setClientVisible:ActivityRecord{179160286 u0 com.binance.monitor/.launcher.IconFinancialAlias t13247} clientVisible:false
04-12 17:27:18.397  3590  8848 I WindowManager: Window{b159af9 u0 com.binance.monitor/com.binance.monitor.launcher.IconFinancialAlias} state from HAS_DRAWN to DRAW_PENDING; reason: resetDrawState
04-12 17:27:18.397  7398  7525 D VRI[IconFinancialAlias]: dispatchAppVisibility visible:false mUpcomingWindowFocus:false
04-12 17:27:18.397  3590  8848 D Transition: finishTransition ar ActivityRecord{197984232 u0 com.binance.monitor/.ui.chart.MarketChartActivity t13247}, isVisibleRequested=true, state=RESUMED, visibleAtTransitionEndTokens={ActivityRecord{197984232 u0 com.binance.monitor/.ui.chart.MarketChartActivity t13247}}, this=TransitionRecord{8de74c7 id=28418 track=0 type=OPEN flags=0x0 state=2 c=[
04-12 17:27:18.397  3590  8848 D Transition:    ChangeInfo{7368af4 container=Display{#0 state=ON size=1264x2780 ROTATION_0} flags=0x0}
04-12 17:27:18.397  3590  8848 D Transition:    ChangeInfo{d47b21d container=Task{65327de #13247 type=standard A=10512:com.binance.monitor} flags=0x0}
04-12 17:27:18.397  3590  8848 D Transition:    ChangeInfo{f39dc92 container=DefaultTaskDisplayArea@136308155 flags=0x0}
04-12 17:27:18.397  3590  8848 D Transition:    ChangeInfo{b124d30 container=ActivityRecord{179160286 u0 com.binance.monitor/.launcher.IconFinancialAlias t13247} flags=0x0}
04-12 17:27:18.397  3590  8848 D Transition:    ChangeInfo{f3b2a73 container=ActivityRecord{197984232 u0 com.binance.monitor/.ui.chart.MarketChartActivity t13247} flags=0x0}
04-12 17:27:18.397  3590  8848 D Transition: ]
04-12 17:27:18.397  3590  8848 D Transition: }
04-12 17:27:18.397  3590  8848 I OplusAppSwitchManagerService:  handleAppVisible , r = ActivityRecord{197984232 u0 com.binance.monitor/.ui.chart.MarketChartActivity t13247}
04-12 17:27:18.397  3590  8848 D OplusTransitionController: finishTransition, transition: TransitionRecord{8de74c7 id=28418 track=0 type=OPEN flags=0x0 state=4 c=[
04-12 17:27:18.397  3590  8848 D OplusTransitionController:    ChangeInfo{7368af4 container=Display{#0 state=ON size=1264x2780 ROTATION_0} flags=0x0}
04-12 17:27:18.397  3590  8848 D OplusTransitionController:    ChangeInfo{d47b21d container=Task{65327de #13247 type=standard A=10512:com.binance.monitor} flags=0x0}
04-12 17:27:18.397  3590  8848 D OplusTransitionController:    ChangeInfo{f39dc92 container=DefaultTaskDisplayArea@136308155 flags=0x0}
04-12 17:27:18.397  3590  8848 D OplusTransitionController:    ChangeInfo{b124d30 container=ActivityRecord{179160286 u0 com.binance.monitor/.launcher.IconFinancialAlias t13247} flags=0x0}
04-12 17:27:18.397  3590  8848 D OplusTransitionController:    ChangeInfo{f3b2a73 container=ActivityRecord{197984232 u0 com.binance.monitor/.ui.chart.MarketChartActivity t13247} flags=0x0}
04-12 17:27:18.397  3590  8848 D OplusTransitionController: ]
04-12 17:27:18.397  3590  8848 D OplusTransitionController: }
04-12 17:27:18.398  3590  8848 D FlexibleTaskTransitionController:  finishTransition pendingRecentToFlexibleTask:null,isRotationTransition:false ,pendingRecentToFlexible:null ,transition:TransitionRecord{8de74c7 id=28418 track=0 type=OPEN flags=0x0 state=4 c=[
04-12 17:27:18.398  3590  8848 D FlexibleTaskTransitionController:    ChangeInfo{7368af4 container=Display{#0 state=ON size=1264x2780 ROTATION_0} flags=0x0}
04-12 17:27:18.398  3590  8848 D FlexibleTaskTransitionController:    ChangeInfo{d47b21d container=Task{65327de #13247 type=standard A=10512:com.binance.monitor} flags=0x0}
04-12 17:27:18.398  3590  8848 D FlexibleTaskTransitionController:    ChangeInfo{f39dc92 container=DefaultTaskDisplayArea@136308155 flags=0x0}
04-12 17:27:18.398  3590  8848 D FlexibleTaskTransitionController:    ChangeInfo{b124d30 container=ActivityRecord{179160286 u0 com.binance.monitor/.launcher.IconFinancialAlias t13247} flags=0x0}
04-12 17:27:18.398  3590  8848 D FlexibleTaskTransitionController:    ChangeInfo{f3b2a73 container=ActivityRecord{197984232 u0 com.binance.monitor/.ui.chart.MarketChartActivity t13247} flags=0x0}
04-12 17:27:18.398  3590  8848 D FlexibleTaskTransitionController: ]
04-12 17:27:18.398  3590  8848 D FlexibleTaskTransitionController: }
04-12 17:27:18.398  3590  8848 D TransitionControllerExtImpl: NFW_send RECOMPUTE_FOCUS in finishTransition
04-12 17:27:18.398  8338  8381 D ShellTaskOrganizer: onTransitionFinish, isRecent:false
04-12 17:27:18.398  8338  8381 V WindowManagerShell: Track 0 became idle
04-12 17:27:18.398  8338  8381 V WindowManagerShell: All active transition animations finished
04-12 17:27:18.398  8338  8381 V WindowManagerShell:  animated by com.android.wm.shell.transition.DefaultTransitionHandler@423c8cd
04-12 17:27:18.398  8338  8381 D OplusShellTransition: dispatchTransition, animated mHandler: com.android.wm.shell.transition.DefaultTransitionHandler@423c8cd
04-12 17:27:18.398  8338  8381 V WindowManagerShell: Track 0 became idle
04-12 17:27:18.398  8338  8381 V WindowManagerShell: All active transition animations finished
04-12 17:27:18.398  7398 11362 E CursorWindow: Failed alloc newOffset: 309404mAllocOffset: 309384mSlotsOffset: 309392: Success
04-12 17:27:18.398  7398 11362 E CursorWindow: Failed NO_MEMORY: Success
04-12 17:27:18.399  3590  3795 D WindowManager: NFW_findFocusedWindowIfNeeded:Window{8317b56 u0 com.binance.monitor/com.binance.monitor.ui.chart.MarketChartActivity} mCurrentFocus:Window{8317b56 u0 com.binance.monitor/com.binance.monitor.ui.chart.MarketChartActivity}
04-12 17:27:18.403  7398  7398 D VRI[IconFinancialAlias]: visibilityChanged oldVisibility=true newVisibility=false
04-12 17:27:18.403  7398  7398 D VRI[IconFinancialAlias]: setWindowStopped stopped:true
04-12 17:27:18.406  3590  8836 I BLASTSyncEngine: onCommitted syncId: 28418, timeout: false ran: false
04-12 17:27:18.406  3590  8836 D Transition: finishTransaction-onCommitted syncId=28418
04-12 17:27:18.407  2399  3200 D SurfaceFlinger: updateWinowInfo=1, setFocusedWindow timestamp=951069083703807, windowName=8317b56 com.binance.monitor/com.binance.monitor.ui.chart.MarketChartActivity
04-12 17:27:18.407  3590  8848 I InputDispatcher: NFW_setFocusedWindow, 8317b56 com.binance.monitor/com.binance.monitor.ui.chart.MarketChartActivity on display 0, same as the previous:0
04-12 17:27:18.407  3590  8848 I InputDispatcher: updateFocusedWindow, 8317b56 com.binance.monitor/com.binance.monitor.ui.chart.MarketChartActivity on display 0, reason: setFocusedWindow, result:   FocusedWindows:
04-12 17:27:18.407  3590  8848 I InputDispatcher:     displayId=0, name='8317b56 com.binance.monitor/com.binance.monitor.ui.chart.MarketChartActivity'
04-12 17:27:18.407  7398  7398 D VRI[MarketChartActivity]: onFocusEvent true
04-12 17:27:18.414  7398  7398 D HWUI    : RenderProxy::destroy: this=0xb4000071839b8500, mContext=0xb40000722fd835c0
04-12 17:27:18.414  7398  7509 D HWUI    : SkiaVulkanPipeline::setSurface: this=0xb4000070f8ab0f00, surface=NULL
04-12 17:27:18.415  7398  7509 D BufferQueueProducer: [VRI[IconFinancialAlias]#3(BLAST Consumer)3](id:1ce600000003,api:1,p:7398,c:7398) disconnect: api 1
04-12 17:27:18.415  7398  7398 D ViewRootImplExtImpl: wrapConfigInfoIntoFlags rotation=0, smallestScreenWidthDp=361, residentWS=false, scenario=0, bounds=Rect(0, 0 - 1264, 2780), relayoutAsync=false, flags=0, newFlags=1457532192, title=com.binance.monitor/com.binance.monitor.launcher.IconFinancialAlias
04-12 17:27:18.415  3590  8836 V WindowManager: Relayout Window{b159af9 u0 com.binance.monitor/com.binance.monitor.launcher.IconFinancialAlias}: viewVisibility=8, oldvis=0, req=1264x2780 , apr = 0, vsysui=, x=0, y=0
04-12 17:27:18.415  3590  8836 D InsetsSourceProvider: updateSourceFrameForServerVisibility mandatorySystemGestures EMPTY_RECT
04-12 17:27:18.416  3590  8836 D InsetsSourceProvider: updateSourceFrameForServerVisibility mandatorySystemGestures EMPTY_RECT
04-12 17:27:18.416  3590  8836 D WindowManager: NFW_findFocusedWindowIfNeeded:Window{8317b56 u0 com.binance.monitor/com.binance.monitor.ui.chart.MarketChartActivity} mCurrentFocus:Window{8317b56 u0 com.binance.monitor/com.binance.monitor.ui.chart.MarketChartActivity}
04-12 17:27:18.417  7398  7398 D VRI[IconFinancialAlias]: relayoutWindow result, sizeChanged:false, surfaceControlChanged:true, transformHintChanged:false, mSurfaceSize:Point(1264, 2780), mLastSurfaceSize:Point(1264, 2780), mWidth:1264, mHeight:2780, requestedWidth:1264, requestedHeight:2780, transformHint:0, installOrientation:0, displayRotation:0, isSurfaceValid:false, attr.flag:-2122252032, tmpFrames:ClientWindowFrames{frame=[0,0][1264,2780] display=[0,0][1264,2780] parentFrame=[0,0][0,0]}, relayoutAsync:false, mSyncSeqId:0
04-12 17:27:18.417  7398  7525 D BLASTBufferQueue: [VRI[IconFinancialAlias]#3](f:0,a:1) destructor()
04-12 17:27:18.417  7398  7525 D BufferQueueConsumer: [VRI[IconFinancialAlias]#3(BLAST Consumer)3](id:1ce600000003,api:0,p:-1,c:7398) disconnect
04-12 17:27:18.419  3590  8848 I WindowManager: Window{b159af9 u0 com.binance.monitor/com.binance.monitor.launcher.IconFinancialAlias} state from DRAW_PENDING to NO_SURFACE; reason: destroySurface
04-12 17:27:18.419  3590  7959 D BackgroundInstallControlService: Package event received: 0
04-12 17:27:18.419  3590  8848 D OplusStartingWindowManager: skip remove starting window for activity = ActivityRecord{179160286 u0 com.binance.monitor/.launcher.IconFinancialAlias t13247} ,ar != topActivityContainsStartingWindow on activityStopped
04-12 17:27:18.420  3590  7380 D InputMethodManagerService: isSecurity: attribute.packageName = com.binance.monitor mCurMethodId = com.sohu.inputmethod.sogou/.SogouIME isSecurity = false ( enable = true needShow = false inBlackList = false isExist = true )
04-12 17:27:18.420  3590  7380 I ImeTracker: com.binance.monitor:5f9ec019: onRequestHide at ORIGIN_SERVER reason HIDE_UNSPECIFIED_WINDOW fromUser false
04-12 17:27:18.420  7398  7398 D InsetsController: hide(ime(), fromIme=false)
04-12 17:27:18.420  3590  8280 I Osense-BaseDecisionMaker: notifySceneToAthenaPolicy: SCENE_ACTIVITY_IDLE, bundle: Bundle[{scene=SCENE_ACTIVITY_IDLE}]
04-12 17:27:18.420  7398  7398 I ImeTracker: com.binance.monitor:5f9ec019: onCancelled at PHASE_CLIENT_ALREADY_HIDDEN
04-12 17:27:18.422  3590  8836 I ImeTracker: system_server:a4cae8d0: onRequestHide at ORIGIN_SERVER reason IME_REQUESTED_CHANGED_LISTENER fromUser false
04-12 17:27:18.422  3590  7380 I ImeTracker: system_server:a4cae8d0: onCancelled at PHASE_SERVER_SHOULD_HIDE
04-12 17:27:18.422  3590  3796 D InsetsSourceProvider: updateSourceFrameForServerVisibility mandatorySystemGestures EMPTY_RECT
04-12 17:27:18.422  3590  3796 D InsetsSourceProvider: updateSourceFrameForServerVisibility mandatorySystemGestures EMPTY_RECT
04-12 17:27:18.479  2187  2298 E PERFHAL-PERFCTRL: PERFHAL-PERFCTRL: chk_core_online_poll_loop() 748: poll() has timed out for /sys/kernel/msm_performance/events/cpu_hotplug
04-12 17:27:18.479  2187  2298 E PERFHAL-PERFCTRL: PERFHAL-PERFCTRL: chk_core_online_poll_loop() 743: Block on poll()
04-12 17:27:18.492  2181  7371 E CwbService: Panel not support apl read or getDisplayPanelAplValue timeout 10ms.
04-12 17:27:18.492  2258  2258 D SensorFeature: name=ssc_screenshot_info ,index = 22
04-12 17:27:18.492  2258  2258 D SensorFeature: write 41 bytes:1033253884741560,1033253895852671,39610,0
04-12 17:27:18.499  2280  2331 D BatteryChargeControl: bcc get no support from charging protocol
04-12 17:27:18.517  2113 26293 I sensors-hal: handle_oplus_wise_rgb_event:189, high_pwm_light:lux 124.2,cct 6241.1,brl/algo/ir 1341.0/2.0/53.0,pwm/dc 0.0/0.0,rgbc 5735.598633/3729.696045/2453.373047/10757.427734,ts 1033253880365502,cnt 25664,flag 39610
04-12 17:27:18.517  2113 30657 I sensors-hal: handle_oplus_wise_rgb_event:161, wise_rgb: (25666)(cct, lux, ir)[6241.09, 124.23, 52.950218] (r, g, b, c)[5743.08, 3720.89, 2444.54, 10752.76]                 (pwm, hbm, brl, algo)[0.0 0.0 1341.0 2.0], flag 105146
04-12 17:27:18.524  3590  3590 D RefreshRate: app switch boost timeout,transition isPlaying:false isInInterruptScene:false
04-12 17:27:18.525  3590  3796 D InsetsSourceProvider: updateSourceFrameForServerVisibility mandatorySystemGestures EMPTY_RECT
04-12 17:27:18.525  3590  3875 D VRR [OPlusRefreshRateService]:  setDirectorStates [flag: 1, state: 0, directorStateOff: 0]
04-12 17:27:18.525  2399  3197 D VRR [RefreshRateDirector]: updateState mState = 1
04-12 17:27:18.542 21796 21834 W OPLUS_LOG_LOAD: ==LOGS PROG INFO, prog(com.oplus.camera) ==
04-12 17:27:18.542 21796 21834 I APS_ALOG: flushRoutine g_immediateFlush=0 g_pendingCount=0 g_oobCount=0
04-12 17:27:18.548  7398 11362 E CursorWindow: Failed alloc newOffset: 309404mAllocOffset: 309384mSlotsOffset: 309392: Try again
04-12 17:27:18.548  7398 11362 E CursorWindow: Failed NO_MEMORY: Try again
04-12 17:27:18.562  2113 30669 I sensors-hal: handle_sns_std_sensor_event:114, oplus rgb_rear sample: (cct, lux, ir, x, y)[7868, 48, 273, 282, 352]
04-12 17:27:18.562  2113 30669 I sensors-hal: handle_sns_std_sensor_event:116, oplus rgb_rear sample: (r, g, b, c w)[1987, 3746, 504, 1026, 0]
04-12 17:27:18.565  7398 11362 E CursorWindow: Failed alloc newOffset: 309404mAllocOffset: 309384mSlotsOffset: 309392: Try again
04-12 17:27:18.565  7398 11362 E CursorWindow: Failed NO_MEMORY: Try again
04-12 17:27:18.582  7398 11362 E CursorWindow: Failed alloc newOffset: 309404mAllocOffset: 309384mSlotsOffset: 309392: Try again
04-12 17:27:18.582  7398 11362 E CursorWindow: Failed NO_MEMORY: Try again
04-12 17:27:18.596 14229 14229 D BoundBrokerSvc: onUnbind: Intent { act=com.google.android.gms.feedback.internal.IFeedbackService dat=chimera-action:/... xflg=0x4 cmp=com.google.android.gms/.chimera.GmsBoundBrokerService mCallingUid=10257 }
04-12 17:27:18.600  7398 11362 E CursorWindow: Failed alloc newOffset: 309404mAllocOffset: 309384mSlotsOffset: 309392: Try again
04-12 17:27:18.600  7398 11362 E CursorWindow: Failed NO_MEMORY: Try again
04-12 17:27:18.619  7398 11362 E CursorWindow: Failed alloc newOffset: 309404mAllocOffset: 309384mSlotsOffset: 309392: Try again
04-12 17:27:18.619  7398 11362 E CursorWindow: Failed NO_MEMORY: Try again
04-12 17:27:18.639  7398 11362 E CursorWindow: Failed alloc newOffset: 309404mAllocOffset: 309384mSlotsOffset: 309392: Try again
04-12 17:27:18.639  7398 11362 E CursorWindow: Failed NO_MEMORY: Try again
04-12 17:27:18.674  3289  3289 I OplusTouchDaemon: ts_run_service: shellback temperature updated 27 (27692)
04-12 17:27:18.716 14034 15457 D AppSenseConfig: getIgnoreAppList: [com.android.launcher, com.android.contacts, com.oplus.wirelesssettings, com.coloros.alarmclock, com.coloros.calculator, com.coloros.calendar, com.coloros.phonemanager, com.android.settings, com.android.phone, com.oplus.nas, com.oplus.nhs, com.oplus.appdetail, com.android.permissioncontroller, com.oplus.pscanvas, com.oplus.autotest.test.ctp, com.android.systemui, com.android.systemui.overlay.fingerprint.anim.fy, com.android.systemui.overlay.fingerprint.anim.qy, com.android.systemui.overlay.fingerprint.anim.sw, com.android.systemui.overlay.fingerprint.anim.xw, com.android.systemui.overlay.fingerprint.anim.ccyh, com.android.systemui.overlay.fingerprint.anim.halo, com.android.systemui.overlay.fingerprint.anim.jslz, com.android.systemui.overlay.fingerprint.anim.none, com.android.systemui.overlay.fingerprint.anim.xklc]
