04-12 17:27:18.217  3590  8836 D WindowManager: NFW_setClientVisible:ActivityRecord{197984232 u0 com.binance.monitor/.ui.chart.MarketChartActivity clientVisible:true
04-12 17:27:18.217  3590  8836 D OplusCompatModeManagerService: getRequestedConfigurationOrientation  res:1,req:1,config.old:0,config.new:0,ActivityRecord{197984232 u0 com.binance.monitor/.ui.chart.MarketChartActivity t-1}
04-12 17:27:18.217  3590  8836 D OplusCompatModeManagerService:  ar : ActivityRecord{197984232 u0 com.binance.monitor/.ui.chart.MarketChartActivity t-1} displayId:-1 inCompatMode: false
04-12 17:27:18.217  3590  8836 D FlexibleTaskController: isSupportFlexibleWindow target = com.binance.monitor/.ui.chart.MarketChartActivity callPkg = FlexibleTaskController support = true ,caller = 3590
04-12 17:27:18.218  3590  8836 D ActivityStarterExtImpl: setForceUpdateWindow, targetTask = Task{65327de #13247 type=standard A=10512:com.binance.monitor} r = ActivityRecord{197984232 u0 com.binance.monitor/.ui.chart.MarketChartActivity t-1} notFinish =false
04-12 17:27:18.218  3590  8836 D FlexibleTaskController: isSupportFlexibleWindow target = com.binance.monitor/.ui.chart.MarketChartActivity callPkg = FlexibleTaskController support = true ,caller = 3590
04-12 17:27:18.218  3590  8836 D FlexibleWindowManagerService: no reused task found for ActivityRecord{197984232 u0 com.binance.monitor/.ui.chart.MarketChartActivity t-1}
04-12 17:27:18.218  3590  8480 I OPM     : handleActivityStart : ActivityRecord{197984232 u0 com.binance.monitor/.ui.chart.MarketChartActivity t-1}
04-12 17:27:18.219  3590  8836 D OplusCompatModeManagerService: getRequestedConfigurationOrientation  res:1,req:1,config.old:0,config.new:1,ActivityRecord{197984232 u0 com.binance.monitor/.ui.chart.MarketChartActivity t13247}
04-12 17:27:18.219  3590  8836 D OplusCompatModeManagerService:  ar : ActivityRecord{197984232 u0 com.binance.monitor/.ui.chart.MarketChartActivity t13247} displayId:0 inCompatMode: false
04-12 17:27:18.219  3590  8836 D ActivityTaskManager: addStartingWindow for ActivityRecord{197984232 u0 com.binance.monitor/.ui.chart.MarketChartActivity t13247}, mainWin=null, state=INITIALIZING, isKeyguardLocked=false, isKeyguardGoingAway=false
04-12 17:27:18.221  8338  8381 V WindowManagerShell: Transition requested (#28418): android.os.BinderProxy@84453f8 TransitionRequestInfo { type = OPEN, triggerTask = TaskInfo{userId=0 taskId=13247 effectiveUid=10512 displayId=0 isRunning=true baseIntent=Intent { flg=0x10000000 cmp=com.binance.monitor/.ui.main.MainActivity mCallingUid=2000 } baseActivity=ComponentInfo{com.binance.monitor/com.binance.monitor.ui.main.MainActivity} topActivity=ComponentInfo{com.binance.monitor/com.binance.monitor.ui.chart.MarketChartActivity} origActivity=null realActivity=ComponentInfo{com.binance.monitor/com.binance.monitor.ui.main.MainActivity}
04-12 17:27:18.221  8338  8381 V WindowManagerShell:  topActivityInfo=ActivityInfo{555b736 com.binance.monitor.ui.chart.MarketChartActivity} launchCookies=[] positionInParent=Point(0, 0) parentTaskId=-1 isFocused=true isVisible=true isVisibleRequested=true isTopActivityNoDisplay=false isSleeping=false locusId=null displayAreaFeatureId=1 isTopActivityTransparent=false isActivityStackTransparent=false lastNonFullscreenBounds=Rect(330, 828 - 935, 2092) capturedLink=null capturedLinkTimestamp=0 requestedVisibleTypes=-9 topActivityRequestOpenInBrowserEducationTimestamp=0
04-12 17:27:18.221  3590  8836 I ActivityTaskManager: START u0 {flg=0x24000000 xflg=0x4 cmp=com.binance.monitor/.ui.chart.MarketChartActivity mCallingUid=10512} with LAUNCH_MULTIPLE from uid 10512 (sr=179160286) (BAL_ALLOW_VISIBLE_WINDOW (callingUid has visible window)) result code=0
04-12 17:27:18.224  3590  8836 D RefreshRate: Trigger app switch boost, ar=ActivityRecord{197984232 u0 com.binance.monitor/.ui.chart.MarketChartActivity t13247},currDisplayRate=90.0,boostId=1
04-12 17:27:18.224  3590  8836 D RefreshRate: startAppSwitchBoost targetMode={id=3, width=1264, height=2780, fps=90.0, vsync=90.0, synthetic=false, alternativeRefreshRates=[60.000004, 120.00001, 120.00001], supportedHdrTypes=[1, 2, 3, 4]} record=ActivityRecord{197984232 u0 com.binance.monitor/.ui.chart.MarketChartActivity t13247}: votes=PRIORITY_START_ANIMATION_BOOST -> Vote{mRefreshRate=90.0, mMinRefreshRate=90.0, mRequestSource=null};PRIORITY_WINDOW_REQUEST -> Vote{mRefreshRate=90.0, mMinRefreshRate=90.0, mRequestSource=null};
04-12 17:27:18.224  3590  8836 D ActivityTaskManager: setAppVisibility(Token{db29ca6 ActivityRecord{197984232 u0 com.binance.monitor/.ui.chart.MarketChartActivity t13247}}, visible=true):  visible=false mVisibleRequested=false
04-12 17:27:18.224  3590  8836 D ActivityTaskManager: setVisibility(Token{db29ca6 ActivityRecord{197984232 u0 com.binance.monitor/.ui.chart.MarketChartActivity t13247}}, visible=true) defer commitVisibility for transition collecting
04-12 17:27:18.225  3590  8836 D ActivityTaskManager: setAppVisibility(Token{db29ca6 ActivityRecord{197984232 u0 com.binance.monitor/.ui.chart.MarketChartActivity t13247}}, visible=true):  visible=false mVisibleRequested=true
04-12 17:27:18.225  3590  8836 D ActivityTaskManager: setVisibility(Token{db29ca6 ActivityRecord{197984232 u0 com.binance.monitor/.ui.chart.MarketChartActivity t13247}}, visible=true) defer commitVisibility for transition collecting
04-12 17:27:18.225  3590  8836 D ActivityTaskManager: NFW_setLastResumedActivityUncheckLocked:true r:ActivityRecord{197984232 u0 com.binance.monitor/.ui.chart.MarketChartActivity t13247} currentFocus:Window{b159af9 u0 com.binance.monitor/com.binance.monitor.launcher.IconFinancialAlias}
04-12 17:27:18.233  2013  2036 I statsd  : An anomaly (104240000001) (42)0x10000->10512[I] (42)0x20000->com.binance.monitor[S] (42)0x30000->.ui.chart.MarketChartActivity[S]  has occurred! Informing subscribers.
04-12 17:27:18.345  7398  7398 D OplusPredictiveBackController: initPredictiveBackConfig for com.binance.monitor.ui.chart.MarketChartActivity@bfdbbc1 initPredictiveBackConfig mShouldInterceptKeyEvent false
04-12 17:27:18.371  7398  7398 D ActivityThread: ComponentInfo{com.binance.monitor/com.binance.monitor.ui.chart.MarketChartActivity} checkFinished=false 2
04-12 17:27:18.372  7398  7398 I ChainTrace: chart_pull phase=start symbol=BTCUSDT interval=1m request=1 durationMs=0 itemCount=0
04-12 17:27:18.373  7398  7398 D WindowManager: Add to mViews: com.android.internal.policy.DecorView{4285802 I.E...... R.....I. 0,0-0,0 alpha=1.0 viewInfo = }[MarketChartActivity],pkg= com.binance.monitor
04-12 17:27:18.374  3590  8848 I WindowManager: addWindow: New client android.os.BinderProxy@95b4171 : window=Window{8317b56 u0 com.binance.monitor/com.binance.monitor.ui.chart.MarketChartActivity}
04-12 17:27:18.378  3590  8848 D CoreBackPreview: Window{8317b56 u0 com.binance.monitor/com.binance.monitor.ui.chart.MarketChartActivity}: Setting back callback OnBackInvokedCallbackInfo{mCallback=android.window.IOnBackInvokedCallback$Stub$Proxy@cc568c4, mPriority=0, mIsAnimationCallback=false, mOverrideBehavior=0}
04-12 17:27:18.382  7398  7398 D ViewRootImplExtImpl: wrapConfigInfoIntoFlags rotation=0, smallestScreenWidthDp=0, residentWS=false, scenario=0, bounds=Rect(0, 0 - 1264, 2780), relayoutAsync=false, flags=0, newFlags=1457520640, title=com.binance.monitor/com.binance.monitor.ui.chart.MarketChartActivity
04-12 17:27:18.382  3590  8848 V WindowManager: Relayout Window{8317b56 u0 com.binance.monitor/com.binance.monitor.ui.chart.MarketChartActivity}: viewVisibility=0, oldvis=4, req=1264x2780 , apr = 0, vsysui=, x=0, y=0
04-12 17:27:18.383  3590  8848 I WindowManager: Window{8317b56 u0 com.binance.monitor/com.binance.monitor.ui.chart.MarketChartActivity} state from NO_SURFACE to DRAW_PENDING; reason: resetDrawState
04-12 17:27:18.384  3590  8848 D WindowManager: NFW_findFocusedWindowIfNeeded:Window{8317b56 u0 com.binance.monitor/com.binance.monitor.ui.chart.MarketChartActivity} mCurrentFocus:null
04-12 17:27:18.384  3590  8848 V WindowManager: Changing focus from null to Window{8317b56 u0 com.binance.monitor/com.binance.monitor.ui.chart.MarketChartActivity},diplayid=0
04-12 17:27:18.385  7398  7398 D VRI[MarketChartActivity]: relayoutWindow result, sizeChanged:true, surfaceControlChanged:true, transformHintChanged:false, mSurfaceSize:Point(1264, 2780), mLastSurfaceSize:Point(0, 0), mWidth:-1, mHeight:-1, requestedWidth:1264, requestedHeight:2780, transformHint:0, installOrientation:0, displayRotation:0, isSurfaceValid:true, attr.flag:-2122252032, tmpFrames:ClientWindowFrames{frame=[0,0][1264,2780] display=[0,0][1264,2780] parentFrame=[0,0][0,0]}, relayoutAsync:false, mSyncSeqId:0
04-12 17:27:18.385  7398  7398 W VRI[MarketChartActivity]: updateBlastSurfaceIfNeeded, surfaceSize:Point(1264, 2780), lastSurfaceSize:Point(0, 0), format:-3, blastBufferQueue:null
04-12 17:27:18.385  7398  7398 D BufferQueueConsumer: [VRI[MarketChartActivity]#4(BLAST Consumer)4](id:1ce600000004,api:0,p:-1,c:7398) setMaxAcquiredBufferCount: 2
04-12 17:27:18.386  7398  7509 D BufferQueueProducer: [VRI[MarketChartActivity]#4(BLAST Consumer)4](id:1ce600000004,api:1,p:7398,c:7398) connect: api=1 producerControlledByApp=true
04-12 17:27:18.387  7398  7398 I SurfaceControl:  setExtendedRangeBrightness sc=Surface(name=com.binance.monitor/com.binance.monitor.ui.chart.MarketChartActivity)/@0xee08d67,currentBufferRatio=1.0,desiredRatio=1.0
04-12 17:27:18.392  7398  7509 D BLASTBufferQueue: [VRI[MarketChartActivity]#4](f:0,a:1) acquireNextBufferLocked size=1264x2780 mFrameNumber=1 applyTransaction=true mTimestamp=951069089655005(auto) mPendingTransactions.size=0 graphicBufferId=31774168055828 transform=0
04-12 17:27:18.392  7398  7509 D VRI[MarketChartActivity]: Received frameCommittedCallback lastAttemptedDrawFrameNum=1 didProduceBuffer=true syncBuffer=false
04-12 17:27:18.392  7398  7398 D VRI[MarketChartActivity]: draw finished. seqId=0
04-12 17:27:18.392  3590  8848 D WindowManager: onSyncFinishedDrawing: Window{8317b56 u0 com.binance.monitor/com.binance.monitor.ui.chart.MarketChartActivity}
04-12 17:27:18.392  3590  8848 I WindowManager: finishDrawing skipLayout:false,syncSeqId=0,mPrepareSyncSeqId=0 Window{8317b56 u0 com.binance.monitor/com.binance.monitor.ui.chart.MarketChartActivity} com.android.server.wm.WindowManagerService.finishDrawingWindow:3217 com.android.server.wm.Session.finishDrawing:399 android.view.IWindowSession$Stub.onTransact:793 
04-12 17:27:18.392  3590  8848 I WindowManager: Window{8317b56 u0 com.binance.monitor/com.binance.monitor.ui.chart.MarketChartActivity} state from DRAW_PENDING to COMMIT_DRAW_PENDING; reason: finishDrawingLocked
04-12 17:27:18.393  3590  3796 I WindowManager: Window{8317b56 u0 com.binance.monitor/com.binance.monitor.ui.chart.MarketChartActivity} state from COMMIT_DRAW_PENDING to READY_TO_SHOW; reason: commitFinishDrawingLocked
04-12 17:27:18.393  3590  3796 D ActivityTaskManager: Clearing startingData for activity=ActivityRecord{197984232 u0 com.binance.monitor/.ui.chart.MarketChartActivity t13247} mStartingData=null mStartingSurface=null
04-12 17:27:18.393  3590  3796 D QuickBackInputPolicy: setAppLaunchEndTime update timePair=Pair{ActivityRecord{197984232 u0 com.binance.monitor/.ui.chart.MarketChartActivity t13247} 951069090}
04-12 17:27:18.393  3590  3796 D ActivityTaskManager: commitVisibility: ActivityRecord{197984232 u0 com.binance.monitor/.ui.chart.MarketChartActivity t13247}: visible=true visibleRequested=true, isInTransition=true 
04-12 17:27:18.393  3590  3796 D ActivityTaskManager: Clearing startingData for activity=ActivityRecord{197984232 u0 com.binance.monitor/.ui.chart.MarketChartActivity t13247} mStartingData=null mStartingSurface=null
04-12 17:27:18.393  3590  3796 I WindowManager: Window{8317b56 u0 com.binance.monitor/com.binance.monitor.ui.chart.MarketChartActivity} state from READY_TO_SHOW to HAS_DRAWN; reason: performShowLocked
04-12 17:27:18.393  3590  3796 D OplusFlexibleActivityTransitionManager: fixTransitType type result:1, targets: [ChangeInfo{f3b2a73 container=ActivityRecord{197984232 u0 com.binance.monitor/.ui.chart.MarketChartActivity t13247} flags=0x0}, ChangeInfo{b124d30 container=ActivityRecord{179160286 u0 com.binance.monitor/.launcher.IconFinancialAlias t13247} flags=0x0}]
04-12 17:27:18.394  3590  3796 D OplusTransitionController: onTransactionReady, transition: 28418, info: {id=28418 t=OPEN f=0x0 trk=0 r=[0@Point(0, 0)] c=[{m=OPEN f=FILLS_TASK leash=Surface(name=ActivityRecord{197984232 u0 com.binance.monitor/.ui.chart.MarketChartActivity t13247})/@0x92c9f2e sb=Rect(0, 0 - 0, 0) eb=Rect(0, 0 - 1264, 2780) epz=Point(1264, 2780) d=-1->0 r=-1->0:-1 bc=fffef7ff component=com.binance.monitor/.ui.chart.MarketChartActivity opt={t=FROM_STYLE mUserId=0}},{m=TO_BACK f=FILLS_TASK leash=Surface(name=ActivityRecord{179160286 u0 com.binance.monitor/.launcher.IconFinancialAlias t13247})/@0x373c8b4 sb=Rect(0, 0 - 1264, 2780) eb=Rect(0, 0 - 1264, 2780) epz=Point(1264, 2780) d=0 bc=fffef7ff component=com.binance.monitor/.ui.main.MainActivity opt={t=FROM_STYLE mUserId=0}}] 
04-12 17:27:18.394  3590  3796 D OplusTransitionController: , mNeedCanvasExitAnim=false, mMergeSecondTaskAnimation=false, mIsLaunchUnityStart=false, mIsLaunchFromAssistantByDefault=false, mSkipRemoteTransitionfalse, mIsStartFromKeyguard=false flags=0x0, mWCT=null, mIsOpenMergeToInValidPredictive=false, mPromoteTaskWhenKeyguard-1, mRootLayerZOrderArray={}}]}, targets : [ChangeInfo{f3b2a73 container=ActivityRecord{197984232 u0 com.binance.monitor/.ui.chart.MarketChartActivity t13247} flags=0x0}, ChangeInfo{b124d30 container=ActivityRecord{179160286 u0 com.binance.monitor/.launcher.IconFinancialAlias t13247} flags=0x0}], participants: {ActivityRecord{179160286 u0 com.binance.monitor/.launcher.IconFinancialAlias t13247}, ActivityRecord{197984232 u0 com.binance.monitor/.ui.chart.MarketChartActivity t13247}}
04-12 17:27:18.395  3590  3796 I Quality : LaunchTime2.0: com.binance.monitor/.ui.chart.MarketChartActivity 2 173 com.binance.monitor -1 -1
04-12 17:27:18.395  3590  3792 I ActivityTaskManager: Displayed com.binance.monitor/.ui.chart.MarketChartActivity for user 0: +176ms
04-12 17:27:18.395  8338  8381 V WindowManagerShell:         {m=OPEN f=FILLS_TASK leash=Surface(name=ActivityRecord{197984232 u0 com.binance.monitor/.ui.chart.MarketChartActivity t13247})/@0xd15a637 sb=Rect(0, 0 - 0, 0) eb=Rect(0, 0 - 1264, 2780) epz=Point(1264, 2780) d=-1->0 r=-1->0:-1 component=com.binance.monitor/.ui.chart.MarketChartActivity opt={t=CUSTOM enterResId=0 changeResId=0 exitResId=0 mUserId=0}},
04-12 17:27:18.395  8338  8381 V WindowManagerShell: start OnePuttTransition animation, info = {id=28418 t=OPEN f=0x0 trk=0 r=[0@Point(0, 0)] c=[{m=OPEN f=FILLS_TASK leash=Surface(name=ActivityRecord{197984232 u0 com.binance.monitor/.ui.chart.MarketChartActivity t13247})/@0xd15a637 sb=Rect(0, 0 - 0, 0) eb=Rect(0, 0 - 1264, 2780) epz=Point(1264, 2780) d=-1->0 r=-1->0:-1 component=com.binance.monitor/.ui.chart.MarketChartActivity opt={t=CUSTOM enterResId=0 changeResId=0 exitResId=0 mUserId=0}},{m=TO_BACK f=FILLS_TASK leash=Surface(name=ActivityRecord{179160286 u0 com.binance.monitor/.launcher.IconFinancialAlias t13247})/@0x66b7a4 sb=Rect(0, 0 - 1264, 2780) eb=Rect(0, 0 - 1264, 2780) epz=Point(1264, 2780) d=0 component=com.binance.monitor/.ui.main.MainActivity opt={t=CUSTOM enterResId=0 changeResId=0 exitResId=0 mUserId=0}}] 
04-12 17:27:18.395  8338  8381 D FlexibleTaskTransitionHandler:  performAnimation transition:android.os.BinderProxy@84453f8 ,info:{id=28418 t=OPEN f=0x0 trk=0 r=[0@Point(0, 0)] c=[{m=OPEN f=FILLS_TASK leash=Surface(name=ActivityRecord{197984232 u0 com.binance.monitor/.ui.chart.MarketChartActivity t13247})/@0xd15a637 sb=Rect(0, 0 - 0, 0) eb=Rect(0, 0 - 1264, 2780) epz=Point(1264, 2780) d=-1->0 r=-1->0:-1 component=com.binance.monitor/.ui.chart.MarketChartActivity opt={t=CUSTOM enterResId=0 changeResId=0 exitResId=0 mUserId=0}},{m=TO_BACK f=FILLS_TASK leash=Surface(name=ActivityRecord{179160286 u0 com.binance.monitor/.launcher.IconFinancialAlias t13247})/@0x66b7a4 sb=Rect(0, 0 - 1264, 2780) eb=Rect(0, 0 - 1264, 2780) epz=Point(1264, 2780) d=0 component=com.binance.monitor/.ui.main.MainActivity opt={t=CUSTOM enterResId=0 changeResId=0 exitResId=0 mUserId=0}}] 
04-12 17:27:18.395  8338  8381 D FlexibleTaskTransitionHandler:  no need handler this transitionInfo: {id=28418 t=OPEN f=0x0 trk=0 r=[0@Point(0, 0)] c=[{m=OPEN f=FILLS_TASK leash=Surface(name=ActivityRecord{197984232 u0 com.binance.monitor/.ui.chart.MarketChartActivity t13247})/@0xd15a637 sb=Rect(0, 0 - 0, 0) eb=Rect(0, 0 - 1264, 2780) epz=Point(1264, 2780) d=-1->0 r=-1->0:-1 component=com.binance.monitor/.ui.chart.MarketChartActivity opt={t=CUSTOM enterResId=0 changeResId=0 exitResId=0 mUserId=0}},{m=TO_BACK f=FILLS_TASK leash=Surface(name=ActivityRecord{179160286 u0 com.binance.monitor/.launcher.IconFinancialAlias t13247})/@0x66b7a4 sb=Rect(0, 0 - 1264, 2780) eb=Rect(0, 0 - 1264, 2780) epz=Point(1264, 2780) d=0 component=com.binance.monitor/.ui.main.MainActivity opt={t=CUSTOM enterResId=0 changeResId=0 exitResId=0 mUserId=0}}] 
04-12 17:27:18.395  8338  8381 V WindowManagerShell: Transition doesn't have explicit remote, search filters for match for {id=28418 t=OPEN f=0x0 trk=0 r=[0@Point(0, 0)] c=[{m=OPEN f=FILLS_TASK leash=Surface(name=ActivityRecord{197984232 u0 com.binance.monitor/.ui.chart.MarketChartActivity t13247})/@0xd15a637 sb=Rect(0, 0 - 0, 0) eb=Rect(0, 0 - 1264, 2780) epz=Point(1264, 2780) d=-1->0 r=-1->0:-1 component=com.binance.monitor/.ui.chart.MarketChartActivity opt={t=CUSTOM enterResId=0 changeResId=0 exitResId=0 mUserId=0}},{m=TO_BACK f=FILLS_TASK leash=Surface(name=ActivityRecord{179160286 u0 com.binance.monitor/.launcher.IconFinancialAlias t13247})/@0x66b7a4 sb=Rect(0, 0 - 1264, 2780) eb=Rect(0, 0 - 1264, 2780) epz=Point(1264, 2780) d=0 component=com.binance.monitor/.ui.main.MainActivity opt={t=CUSTOM enterResId=0 changeResId=0 exitResId=0 mUserId=0}}] 
04-12 17:27:18.395  8338  8381 V WindowManagerShell: start default transition animation, info = {id=28418 t=OPEN f=0x0 trk=0 r=[0@Point(0, 0)] c=[{m=OPEN f=FILLS_TASK leash=Surface(name=ActivityRecord{197984232 u0 com.binance.monitor/.ui.chart.MarketChartActivity t13247})/@0xd15a637 sb=Rect(0, 0 - 0, 0) eb=Rect(0, 0 - 1264, 2780) epz=Point(1264, 2780) d=-1->0 r=-1->0:-1 component=com.binance.monitor/.ui.chart.MarketChartActivity opt={t=CUSTOM enterResId=0 changeResId=0 exitResId=0 mUserId=0}},{m=TO_BACK f=FILLS_TASK leash=Surface(name=ActivityRecord{179160286 u0 com.binance.monitor/.launcher.IconFinancialAlias t13247})/@0x66b7a4 sb=Rect(0, 0 - 1264, 2780) eb=Rect(0, 0 - 1264, 2780) epz=Point(1264, 2780) d=0 component=com.binance.monitor/.ui.main.MainActivity opt={t=CUSTOM enterResId=0 changeResId=0 exitResId=0 mUserId=0}}] 
04-12 17:27:18.395  3590  3792 V WindowManager: Sent Transition (#28418) createdAt=04-12 17:27:18.218 via request=TransitionRequestInfo { type = OPEN, triggerTask = TaskInfo{userId=0 taskId=13247 effectiveUid=10512 displayId=0 isRunning=true baseIntent=Intent { flg=0x10000000 cmp=com.binance.monitor/.ui.main.MainActivity mCallingUid=2000 } baseActivity=ComponentInfo{com.binance.monitor/com.binance.monitor.ui.main.MainActivity} topActivity=ComponentInfo{com.binance.monitor/com.binance.monitor.ui.chart.MarketChartActivity} origActivity=null realActivity=ComponentInfo{com.binance.monitor/com.binance.monitor.ui.main.MainActivity}
04-12 17:27:18.395  3590  3792 V WindowManager:  topActivityInfo=ActivityInfo{467803a com.binance.monitor.ui.chart.MarketChartActivity} launchCookies=[] positionInParent=Point(0, 0) parentTaskId=-1 isFocused=true isVisible=true isVisibleRequested=true isTopActivityNoDisplay=false isSleeping=false locusId=null displayAreaFeatureId=1 isTopActivityTransparent=false isActivityStackTransparent=false lastNonFullscreenBounds=Rect(330, 828 - 935, 2092) capturedLink=null capturedLinkTimestamp=0 requestedVisibleTypes=-9 topActivityRequestOpenInBrowserEducationTimestamp=0
04-12 17:27:18.396  3590  3792 V WindowManager:         {m=OPEN f=FILLS_TASK leash=Surface(name=ActivityRecord{197984232 u0 com.binance.monitor/.ui.chart.MarketChartActivity t13247})/@0x92c9f2e sb=Rect(0, 0 - 0, 0) eb=Rect(0, 0 - 1264, 2780) epz=Point(1264, 2780) d=-1->0 r=-1->0:-1 component=com.binance.monitor/.ui.chart.MarketChartActivity opt={t=CUSTOM enterResId=0 changeResId=0 exitResId=0 mUserId=0}},
04-12 17:27:18.396  3590  3796 D SurfaceComposerClient: Transaction::apply InputWindowCommands.focusRequests timestamp=951069083703807, windowName=8317b56 com.binance.monitor/com.binance.monitor.ui.chart.MarketChartActivity
04-12 17:27:18.397  3590  8848 D Transition: finishTransition ar ActivityRecord{179160286 u0 com.binance.monitor/.launcher.IconFinancialAlias t13247}, isVisibleRequested=false, state=PAUSED, visibleAtTransitionEndTokens={ActivityRecord{197984232 u0 com.binance.monitor/.ui.chart.MarketChartActivity t13247}}, this=TransitionRecord{8de74c7 id=28418 track=0 type=OPEN flags=0x0 state=2 c=[
04-12 17:27:18.397  3590  8848 D Transition:    ChangeInfo{f3b2a73 container=ActivityRecord{197984232 u0 com.binance.monitor/.ui.chart.MarketChartActivity t13247} flags=0x0}
04-12 17:27:18.397  3590  8848 D Transition: finishTransition ar ActivityRecord{197984232 u0 com.binance.monitor/.ui.chart.MarketChartActivity t13247}, isVisibleRequested=true, state=RESUMED, visibleAtTransitionEndTokens={ActivityRecord{197984232 u0 com.binance.monitor/.ui.chart.MarketChartActivity t13247}}, this=TransitionRecord{8de74c7 id=28418 track=0 type=OPEN flags=0x0 state=2 c=[
04-12 17:27:18.397  3590  8848 D Transition:    ChangeInfo{f3b2a73 container=ActivityRecord{197984232 u0 com.binance.monitor/.ui.chart.MarketChartActivity t13247} flags=0x0}
04-12 17:27:18.397  3590  8848 I OplusAppSwitchManagerService:  handleAppVisible , r = ActivityRecord{197984232 u0 com.binance.monitor/.ui.chart.MarketChartActivity t13247}
04-12 17:27:18.397  3590  8848 D OplusTransitionController:    ChangeInfo{f3b2a73 container=ActivityRecord{197984232 u0 com.binance.monitor/.ui.chart.MarketChartActivity t13247} flags=0x0}
04-12 17:27:18.398  3590  8848 D FlexibleTaskTransitionController:    ChangeInfo{f3b2a73 container=ActivityRecord{197984232 u0 com.binance.monitor/.ui.chart.MarketChartActivity t13247} flags=0x0}
04-12 17:27:18.399  3590  3795 D WindowManager: NFW_findFocusedWindowIfNeeded:Window{8317b56 u0 com.binance.monitor/com.binance.monitor.ui.chart.MarketChartActivity} mCurrentFocus:Window{8317b56 u0 com.binance.monitor/com.binance.monitor.ui.chart.MarketChartActivity}
04-12 17:27:18.407  2399  3200 D SurfaceFlinger: updateWinowInfo=1, setFocusedWindow timestamp=951069083703807, windowName=8317b56 com.binance.monitor/com.binance.monitor.ui.chart.MarketChartActivity
04-12 17:27:18.407  3590  8848 I InputDispatcher: NFW_setFocusedWindow, 8317b56 com.binance.monitor/com.binance.monitor.ui.chart.MarketChartActivity on display 0, same as the previous:0
04-12 17:27:18.407  3590  8848 I InputDispatcher: updateFocusedWindow, 8317b56 com.binance.monitor/com.binance.monitor.ui.chart.MarketChartActivity on display 0, reason: setFocusedWindow, result:   FocusedWindows:
04-12 17:27:18.407  3590  8848 I InputDispatcher:     displayId=0, name='8317b56 com.binance.monitor/com.binance.monitor.ui.chart.MarketChartActivity'
04-12 17:27:18.407  7398  7398 D VRI[MarketChartActivity]: onFocusEvent true
04-12 17:27:18.416  3590  8836 D WindowManager: NFW_findFocusedWindowIfNeeded:Window{8317b56 u0 com.binance.monitor/com.binance.monitor.ui.chart.MarketChartActivity} mCurrentFocus:Window{8317b56 u0 com.binance.monitor/com.binance.monitor.ui.chart.MarketChartActivity}
04-12 17:27:18.717 14034 15457 D ActivityAdapter: notifyActivityQuery: [com.binance.monitor; com.binance.monitor.ui.chart.MarketChartActivity; 1; COMMON; 10512]
04-12 17:27:18.717 14034 15457 D OPlusFrontAppManager: useAdapterResult, pkg=com.binance.monitor,activity=com.binance.monitor.ui.chart.MarketChartActivity,result=true
04-12 17:27:18.717 14034 15457 D OPlusFrontAppManager: decide -->> [com.binance.monitor; com.binance.monitor.ui.chart.MarketChartActivity; 1; COMMON; 10512]
04-12 17:27:18.717 14034 15457 D ConferenceScene: pkg:com.binance.monitor, activity:com.binance.monitor.ui.chart.MarketChartActivity, appSense:COMMON
04-12 17:27:18.718  3590  3795 D AppSenseClient: handleSenseEvent appInfoUnits: {pkgName:com.binance.monitor,activityName:com.binance.monitor.ui.chart.MarketChartActivity,winMode:1,event:COMMON,type:0,subEvent:0,pid:7398,uid:10512},
04-12 17:27:18.718  3590  3795 D AppSenseClient: notifyAppChanges: [{pkgName:com.binance.monitor,activityName:com.binance.monitor.ui.chart.MarketChartActivity,winMode:1,event:COMMON,type:0,subEvent:0,pid:7398,uid:10512}]
04-12 17:27:18.718  8498  8498 D AppSenseClient: handleSenseEvent appInfoUnits: {pkgName:com.binance.monitor,activityName:com.binance.monitor.ui.chart.MarketChartActivity,winMode:1,event:COMMON,type:0,subEvent:0,pid:7398,uid:10512},
04-12 17:27:18.718  8406  8866 D AppSenseClient: handleSenseEvent appInfoUnits: {pkgName:com.binance.monitor,activityName:com.binance.monitor.ui.chart.MarketChartActivity,winMode:1,event:COMMON,type:0,subEvent:0,pid:7398,uid:10512},
04-12 17:27:18.718  8498  8498 D AppSenseClient: notifyAppChanges: [{pkgName:com.binance.monitor,activityName:com.binance.monitor.ui.chart.MarketChartActivity,winMode:1,event:COMMON,type:0,subEvent:0,pid:7398,uid:10512}]
04-12 17:27:18.718  8406  8866 D AppSenseClient: notifyAppChanges: [{pkgName:com.binance.monitor,activityName:com.binance.monitor.ui.chart.MarketChartActivity,winMode:1,event:COMMON,type:0,subEvent:0,pid:7398,uid:10512}]
04-12 17:27:18.718 14034 15457 D AppSenseService: notifySenseEvent: {pkgName:com.binance.monitor,activityName:com.binance.monitor.ui.chart.MarketChartActivity,winMode:1,event:COMMON,type:0,subEvent:0,pid:7398,uid:10512},
04-12 17:27:18.719 13839 14411 D AppSenseClient: handleSenseEvent appInfoUnits: {pkgName:com.binance.monitor,activityName:com.binance.monitor.ui.chart.MarketChartActivity,winMode:1,event:COMMON,type:0,subEvent:0,pid:7398,uid:10512},
04-12 17:27:18.719 13839 14411 D AppSenseClient: notifyAppChanges: [{pkgName:com.binance.monitor,activityName:com.binance.monitor.ui.chart.MarketChartActivity,winMode:1,event:COMMON,type:0,subEvent:0,pid:7398,uid:10512}]
04-12 17:27:18.719 13839 14411 D NAS-DataSceneEvent: updateAppSenseChange [{pkgName:com.binance.monitor,activityName:com.binance.monitor.ui.chart.MarketChartActivity,winMode:1,event:COMMON,type:0,subEvent:0,pid:7398,uid:10512}]
04-12 17:27:19.281  7398 11364 I ChainTrace: chart_pull phase=load_done symbol=BTCUSDT interval=1m request=1 durationMs=909 itemCount=240
04-12 17:27:19.419  7398  7456 D OplusScrollToTopManager: com.binance.monitor/com.binance.monitor.ui.chart.MarketChartActivity,This com.android.internal.policy.DecorView{4285802 V.E...... R.....ID 0,0-1264,2780 aid=3 alpha=1.0 viewInfo = }[MarketChartActivity] change focus to true
04-12 17:27:19.422  7398  7398 I ChainTrace: chart_pull phase=ui_applied symbol=BTCUSDT interval=1m request=1 durationMs=1050 itemCount=240
04-12 17:27:27.616  3590  8838 D WindowManager: NFW_setClientVisible:ActivityRecord{135463480 u0 com.binance.monitor/.ui.account.AccountStatsBridgeActivity clientVisible:true
04-12 17:27:27.616  3590  8838 D OplusCompatModeManagerService: getRequestedConfigurationOrientation  res:1,req:1,config.old:0,config.new:0,ActivityRecord{135463480 u0 com.binance.monitor/.ui.account.AccountStatsBridgeActivity t-1}
04-12 17:27:27.616  3590  8838 D OplusCompatModeManagerService:  ar : ActivityRecord{135463480 u0 com.binance.monitor/.ui.account.AccountStatsBridgeActivity t-1} displayId:-1 inCompatMode: false
04-12 17:27:27.616  3590  8838 D FlexibleTaskController: isSupportFlexibleWindow target = com.binance.monitor/.ui.account.AccountStatsBridgeActivity callPkg = FlexibleTaskController support = true ,caller = 3590
04-12 17:27:27.617  3590  8838 D ActivityStarterExtImpl: setForceUpdateWindow, targetTask = Task{65327de #13247 type=standard A=10512:com.binance.monitor} r = ActivityRecord{135463480 u0 com.binance.monitor/.ui.account.AccountStatsBridgeActivity t-1} notFinish =false
04-12 17:27:27.617  3590  8838 D FlexibleTaskController: isSupportFlexibleWindow target = com.binance.monitor/.ui.account.AccountStatsBridgeActivity callPkg = FlexibleTaskController support = true ,caller = 3590
04-12 17:27:27.617  3590  8838 D FlexibleWindowManagerService: no reused task found for ActivityRecord{135463480 u0 com.binance.monitor/.ui.account.AccountStatsBridgeActivity t-1}
04-12 17:27:27.617  3590  8480 I OPM     : handleActivityStart : ActivityRecord{135463480 u0 com.binance.monitor/.ui.account.AccountStatsBridgeActivity t-1}
04-12 17:27:27.617  3590  8838 D OplusCompatModeManagerService: getRequestedConfigurationOrientation  res:1,req:1,config.old:0,config.new:1,ActivityRecord{135463480 u0 com.binance.monitor/.ui.account.AccountStatsBridgeActivity t13247}
04-12 17:27:27.617  3590  8838 D OplusCompatModeManagerService:  ar : ActivityRecord{135463480 u0 com.binance.monitor/.ui.account.AccountStatsBridgeActivity t13247} displayId:0 inCompatMode: false
04-12 17:27:27.618  3590  8838 D ActivityTaskManager: addStartingWindow for ActivityRecord{135463480 u0 com.binance.monitor/.ui.account.AccountStatsBridgeActivity t13247}, mainWin=null, state=INITIALIZING, isKeyguardLocked=false, isKeyguardGoingAway=false
04-12 17:27:27.618  3590  8838 D OplusWindowAnimationManager: applyNoAnimationForResumed resumed: ActivityRecord{197984232 u0 com.binance.monitor/.ui.chart.MarketChartActivity t13247}
04-12 17:27:27.620  8338  8381 V WindowManagerShell: Transition requested (#28419): android.os.BinderProxy@1380439 TransitionRequestInfo { type = OPEN, triggerTask = TaskInfo{userId=0 taskId=13247 effectiveUid=10512 displayId=0 isRunning=true baseIntent=Intent { flg=0x10000000 cmp=com.binance.monitor/.ui.main.MainActivity mCallingUid=2000 } baseActivity=ComponentInfo{com.binance.monitor/com.binance.monitor.ui.main.MainActivity} topActivity=ComponentInfo{com.binance.monitor/com.binance.monitor.ui.account.AccountStatsBridgeActivity} origActivity=null realActivity=ComponentInfo{com.binance.monitor/com.binance.monitor.ui.main.MainActivity}
04-12 17:27:27.620  8338  8381 V WindowManagerShell:  topActivityInfo=ActivityInfo{4721bdf com.binance.monitor.ui.account.AccountStatsBridgeActivity} launchCookies=[] positionInParent=Point(0, 0) parentTaskId=-1 isFocused=true isVisible=true isVisibleRequested=true isTopActivityNoDisplay=false isSleeping=false locusId=null displayAreaFeatureId=1 isTopActivityTransparent=false isActivityStackTransparent=false lastNonFullscreenBounds=Rect(330, 828 - 935, 2092) capturedLink=null capturedLinkTimestamp=0 requestedVisibleTypes=-9 topActivityRequestOpenInBrowserEducationTimestamp=0
04-12 17:27:27.620  3590  8838 I ActivityTaskManager: START u0 {flg=0x24000000 xflg=0x4 cmp=com.binance.monitor/.ui.account.AccountStatsBridgeActivity mCallingUid=10512} with LAUNCH_MULTIPLE from uid 10512 (sr=197984232) (BAL_ALLOW_VISIBLE_WINDOW (callingUid has visible window)) result code=0
04-12 17:27:27.621  3590  9134 D RefreshRate: Trigger app switch boost, ar=ActivityRecord{135463480 u0 com.binance.monitor/.ui.account.AccountStatsBridgeActivity t13247},currDisplayRate=90.0,boostId=1
04-12 17:27:27.622  3590  9134 D RefreshRate: startAppSwitchBoost targetMode={id=3, width=1264, height=2780, fps=90.0, vsync=90.0, synthetic=false, alternativeRefreshRates=[60.000004, 120.00001, 120.00001], supportedHdrTypes=[1, 2, 3, 4]} record=ActivityRecord{135463480 u0 com.binance.monitor/.ui.account.AccountStatsBridgeActivity t13247}: votes=PRIORITY_START_ANIMATION_BOOST -> Vote{mRefreshRate=90.0, mMinRefreshRate=90.0, mRequestSource=null};PRIORITY_WINDOW_REQUEST -> Vote{mRefreshRate=90.0, mMinRefreshRate=90.0, mRequestSource=null};
04-12 17:27:27.622  3590  9134 D ActivityTaskManager: setAppVisibility(Token{a6daf76 ActivityRecord{135463480 u0 com.binance.monitor/.ui.account.AccountStatsBridgeActivity t13247}}, visible=true):  visible=false mVisibleRequested=false
04-12 17:27:27.622  3590  9134 D ActivityTaskManager: setVisibility(Token{a6daf76 ActivityRecord{135463480 u0 com.binance.monitor/.ui.account.AccountStatsBridgeActivity t13247}}, visible=true) defer commitVisibility for transition collecting
04-12 17:27:27.622  3590  9134 D ActivityTaskManager: setAppVisibility(Token{db29ca6 ActivityRecord{197984232 u0 com.binance.monitor/.ui.chart.MarketChartActivity t13247}}, visible=false):  visible=true mVisibleRequested=true
04-12 17:27:27.622  3590  9134 D ActivityTaskManager: setVisibility(Token{db29ca6 ActivityRecord{197984232 u0 com.binance.monitor/.ui.chart.MarketChartActivity t13247}}, visible=false) defer commitVisibility for transition collecting
04-12 17:27:27.622  3590  9134 D ActivityTaskManager: setAppVisibility(Token{a6daf76 ActivityRecord{135463480 u0 com.binance.monitor/.ui.account.AccountStatsBridgeActivity t13247}}, visible=true):  visible=false mVisibleRequested=true
04-12 17:27:27.622  3590  9134 D ActivityTaskManager: setVisibility(Token{a6daf76 ActivityRecord{135463480 u0 com.binance.monitor/.ui.account.AccountStatsBridgeActivity t13247}}, visible=true) defer commitVisibility for transition collecting
04-12 17:27:27.623  3590  9134 D ActivityTaskManager: NFW_setLastResumedActivityUncheckLocked:true r:ActivityRecord{135463480 u0 com.binance.monitor/.ui.account.AccountStatsBridgeActivity t13247} currentFocus:Window{8317b56 u0 com.binance.monitor/com.binance.monitor.ui.chart.MarketChartActivity}
04-12 17:27:27.623  3590  9134 D WindowManager: NFW_findFocusedWindowIfNeeded:null mCurrentFocus:Window{8317b56 u0 com.binance.monitor/com.binance.monitor.ui.chart.MarketChartActivity}
04-12 17:27:27.623  3590  9134 V WindowManager: Changing focus from Window{8317b56 u0 com.binance.monitor/com.binance.monitor.ui.chart.MarketChartActivity} to null,diplayid=0
04-12 17:27:27.631  2013  2036 I statsd  : An anomaly (104240000001) (42)0x10000->10512[I] (42)0x20000->com.binance.monitor[S] (42)0x30000->.ui.account.AccountStatsBridgeActivity[S]  has occurred! Informing subscribers.
04-12 17:27:27.638  7398  7398 D OplusPredictiveBackController: initPredictiveBackConfig for com.binance.monitor.ui.account.AccountStatsBridgeActivity@c8706c0 initPredictiveBackConfig mShouldInterceptKeyEvent false
04-12 17:27:27.828  7398  7398 D ActivityThread: ComponentInfo{com.binance.monitor/com.binance.monitor.ui.account.AccountStatsBridgeActivity} checkFinished=false 2
04-12 17:27:27.858  7398  7398 D WindowManager: Add to mViews: com.android.internal.policy.DecorView{6cbd6f I.E...... R.....I. 0,0-0,0 alpha=1.0 viewInfo = }[AccountStatsBridgeActivity],pkg= com.binance.monitor
04-12 17:27:27.860  3590  8838 I WindowManager: addWindow: New client android.os.BinderProxy@695c181 : window=Window{97ee226 u0 com.binance.monitor/com.binance.monitor.ui.account.AccountStatsBridgeActivity}
04-12 17:27:27.861  7398  7398 D VRI[MarketChartActivity]: onFocusEvent false
04-12 17:27:27.865  3590  8838 D CoreBackPreview: Window{97ee226 u0 com.binance.monitor/com.binance.monitor.ui.account.AccountStatsBridgeActivity}: Setting back callback OnBackInvokedCallbackInfo{mCallback=android.window.IOnBackInvokedCallback$Stub$Proxy@4fdb414, mPriority=0, mIsAnimationCallback=false, mOverrideBehavior=0}
04-12 17:27:27.865  7398  7398 D ViewRootImplExtImpl: wrapConfigInfoIntoFlags rotation=0, smallestScreenWidthDp=0, residentWS=false, scenario=0, bounds=Rect(0, 0 - 1264, 2780), relayoutAsync=false, flags=0, newFlags=1457520640, title=com.binance.monitor/com.binance.monitor.ui.account.AccountStatsBridgeActivity
04-12 17:27:27.866  3590  8838 V WindowManager: Relayout Window{97ee226 u0 com.binance.monitor/com.binance.monitor.ui.account.AccountStatsBridgeActivity}: viewVisibility=0, oldvis=4, req=1264x2780 , apr = 0, vsysui=, x=0, y=0
04-12 17:27:27.866  3590  8838 I WindowManager: Window{97ee226 u0 com.binance.monitor/com.binance.monitor.ui.account.AccountStatsBridgeActivity} state from NO_SURFACE to DRAW_PENDING; reason: resetDrawState
04-12 17:27:27.868  3590  8838 D WindowManager: NFW_findFocusedWindowIfNeeded:Window{97ee226 u0 com.binance.monitor/com.binance.monitor.ui.account.AccountStatsBridgeActivity} mCurrentFocus:null
04-12 17:27:27.868  3590  8838 V WindowManager: Changing focus from null to Window{97ee226 u0 com.binance.monitor/com.binance.monitor.ui.account.AccountStatsBridgeActivity},diplayid=0
04-12 17:27:27.870  7398  7398 D VRI[AccountStatsBridgeActivity]: relayoutWindow result, sizeChanged:true, surfaceControlChanged:true, transformHintChanged:false, mSurfaceSize:Point(1264, 2780), mLastSurfaceSize:Point(0, 0), mWidth:-1, mHeight:-1, requestedWidth:1264, requestedHeight:2780, transformHint:0, installOrientation:0, displayRotation:0, isSurfaceValid:true, attr.flag:-2122252032, tmpFrames:ClientWindowFrames{frame=[0,0][1264,2780] display=[0,0][1264,2780] parentFrame=[0,0][0,0]}, relayoutAsync:false, mSyncSeqId:0
04-12 17:27:27.870  3590  3796 D SurfaceComposerClient: Transaction::apply InputWindowCommands.focusRequests timestamp=951078567972814, windowName=97ee226 com.binance.monitor/com.binance.monitor.ui.account.AccountStatsBridgeActivity
04-12 17:27:27.870  7398  7398 W VRI[AccountStatsBridgeActivity]: updateBlastSurfaceIfNeeded, surfaceSize:Point(1264, 2780), lastSurfaceSize:Point(0, 0), format:-3, blastBufferQueue:null
04-12 17:27:27.871  7398  7398 D BufferQueueConsumer: [VRI[AccountStatsBridgeActivity]#5(BLAST Consumer)5](id:1ce600000005,api:0,p:-1,c:7398) setMaxAcquiredBufferCount: 2
04-12 17:27:27.871  7398  7509 D BufferQueueProducer: [VRI[AccountStatsBridgeActivity]#5(BLAST Consumer)5](id:1ce600000005,api:1,p:7398,c:7398) connect: api=1 producerControlledByApp=true
04-12 17:27:27.876  7398  7398 I SurfaceControl:  setExtendedRangeBrightness sc=Surface(name=com.binance.monitor/com.binance.monitor.ui.account.AccountStatsBridgeActivity)/@0x6e2fa3f,currentBufferRatio=1.0,desiredRatio=1.0
04-12 17:27:27.879  7398  7509 D BLASTBufferQueue: [VRI[AccountStatsBridgeActivity]#5](f:0,a:1) acquireNextBufferLocked size=1264x2780 mFrameNumber=1 applyTransaction=true mTimestamp=951078577117241(auto) mPendingTransactions.size=0 graphicBufferId=31774168055833 transform=0
04-12 17:27:27.879  7398  7509 D VRI[AccountStatsBridgeActivity]: Received frameCommittedCallback lastAttemptedDrawFrameNum=1 didProduceBuffer=true syncBuffer=false
04-12 17:27:27.879  7398  7398 D VRI[AccountStatsBridgeActivity]: draw finished. seqId=0
04-12 17:27:27.880  3590  8838 D WindowManager: onSyncFinishedDrawing: Window{97ee226 u0 com.binance.monitor/com.binance.monitor.ui.account.AccountStatsBridgeActivity}
04-12 17:27:27.880  3590  8838 I WindowManager: finishDrawing skipLayout:false,syncSeqId=0,mPrepareSyncSeqId=0 Window{97ee226 u0 com.binance.monitor/com.binance.monitor.ui.account.AccountStatsBridgeActivity} com.android.server.wm.WindowManagerService.finishDrawingWindow:3217 com.android.server.wm.Session.finishDrawing:399 android.view.IWindowSession$Stub.onTransact:793 
04-12 17:27:27.880  3590  8838 I WindowManager: Window{97ee226 u0 com.binance.monitor/com.binance.monitor.ui.account.AccountStatsBridgeActivity} state from DRAW_PENDING to COMMIT_DRAW_PENDING; reason: finishDrawingLocked
04-12 17:27:27.880  3590  3796 I WindowManager: Window{97ee226 u0 com.binance.monitor/com.binance.monitor.ui.account.AccountStatsBridgeActivity} state from COMMIT_DRAW_PENDING to READY_TO_SHOW; reason: commitFinishDrawingLocked
04-12 17:27:27.880  3590  3796 D ActivityTaskManager: Clearing startingData for activity=ActivityRecord{135463480 u0 com.binance.monitor/.ui.account.AccountStatsBridgeActivity t13247} mStartingData=null mStartingSurface=null
04-12 17:27:27.880  3590  3796 D QuickBackInputPolicy: setAppLaunchEndTime update timePair=Pair{ActivityRecord{135463480 u0 com.binance.monitor/.ui.account.AccountStatsBridgeActivity t13247} 951078578}
04-12 17:27:27.881  3590  3796 D ActivityTaskManager: commitVisibility: ActivityRecord{135463480 u0 com.binance.monitor/.ui.account.AccountStatsBridgeActivity t13247}: visible=true visibleRequested=true, isInTransition=true 
04-12 17:27:27.881  3590  3796 D ActivityTaskManager: Clearing startingData for activity=ActivityRecord{135463480 u0 com.binance.monitor/.ui.account.AccountStatsBridgeActivity t13247} mStartingData=null mStartingSurface=null
04-12 17:27:27.881  3590  3796 I WindowManager: Window{97ee226 u0 com.binance.monitor/com.binance.monitor.ui.account.AccountStatsBridgeActivity} state from READY_TO_SHOW to HAS_DRAWN; reason: performShowLocked
04-12 17:27:27.881  2399  3200 D SurfaceFlinger: updateWinowInfo=1, setFocusedWindow timestamp=951078567972814, windowName=97ee226 com.binance.monitor/com.binance.monitor.ui.account.AccountStatsBridgeActivity
04-12 17:27:27.881  3590  8846 I InputDispatcher: NFW_setFocusedWindow, 97ee226 com.binance.monitor/com.binance.monitor.ui.account.AccountStatsBridgeActivity on display 0, same as the previous:0
04-12 17:27:27.881  3590  3796 D OplusFlexibleActivityTransitionManager: fixTransitType type result:1, targets: [ChangeInfo{5581fb9 container=ActivityRecord{135463480 u0 com.binance.monitor/.ui.account.AccountStatsBridgeActivity t13247} flags=0x0}, ChangeInfo{2460ffe container=ActivityRecord{197984232 u0 com.binance.monitor/.ui.chart.MarketChartActivity t13247} flags=0x0}]
04-12 17:27:27.882  3590  3796 D OplusTransitionController: onTransactionReady, transition: 28419, info: {id=28419 t=OPEN f=0x0 trk=0 r=[0@Point(0, 0)] c=[{m=OPEN f=FILLS_TASK leash=Surface(name=ActivityRecord{135463480 u0 com.binance.monitor/.ui.account.AccountStatsBridgeActivity t13247})/@0x2f371ac sb=Rect(0, 0 - 0, 0) eb=Rect(0, 0 - 1264, 2780) epz=Point(1264, 2780) d=-1->0 r=-1->0:-1 bc=fffef7ff component=com.binance.monitor/.ui.account.AccountStatsBridgeActivity opt={t=FROM_STYLE mUserId=0}},{m=TO_BACK f=FILLS_TASK leash=Surface(name=ActivityRecord{197984232 u0 com.binance.monitor/.ui.chart.MarketChartActivity t13247})/@0x92c9f2e sb=Rect(0, 0 - 1264, 2780) eb=Rect(0, 0 - 1264, 2780) epz=Point(1264, 2780) d=0 bc=fffef7ff component=com.binance.monitor/.ui.chart.MarketChartActivity opt={t=FROM_STYLE mUserId=0}}] 
04-12 17:27:27.882  3590  3796 D OplusTransitionController: , mNeedCanvasExitAnim=false, mMergeSecondTaskAnimation=false, mIsLaunchUnityStart=false, mIsLaunchFromAssistantByDefault=false, mSkipRemoteTransitionfalse, mIsStartFromKeyguard=false flags=0x0, mWCT=null, mIsOpenMergeToInValidPredictive=false, mPromoteTaskWhenKeyguard-1, mRootLayerZOrderArray={}}]}, targets : [ChangeInfo{5581fb9 container=ActivityRecord{135463480 u0 com.binance.monitor/.ui.account.AccountStatsBridgeActivity t13247} flags=0x0}, ChangeInfo{2460ffe container=ActivityRecord{197984232 u0 com.binance.monitor/.ui.chart.MarketChartActivity t13247} flags=0x0}], participants: {ActivityRecord{135463480 u0 com.binance.monitor/.ui.account.AccountStatsBridgeActivity t13247}, ActivityRecord{197984232 u0 com.binance.monitor/.ui.chart.MarketChartActivity t13247}}
04-12 17:27:27.883  3590  3796 I Quality : LaunchTime2.0: com.binance.monitor/.ui.account.AccountStatsBridgeActivity 2 262 com.binance.monitor -1 -1
04-12 17:27:27.883  3590  3792 I ActivityTaskManager: Displayed com.binance.monitor/.ui.account.AccountStatsBridgeActivity for user 0: +265ms
04-12 17:27:27.883  8338  8381 V WindowManagerShell:         {m=OPEN f=FILLS_TASK leash=Surface(name=ActivityRecord{135463480 u0 com.binance.monitor/.ui.account.AccountStatsBridgeActivity t13247})/@0x68e002c sb=Rect(0, 0 - 0, 0) eb=Rect(0, 0 - 1264, 2780) epz=Point(1264, 2780) d=-1->0 r=-1->0:-1 component=com.binance.monitor/.ui.account.AccountStatsBridgeActivity opt={t=CUSTOM enterResId=0 changeResId=0 exitResId=0 mUserId=0}},
04-12 17:27:27.883  8338  8381 V WindowManagerShell:         {m=TO_BACK f=FILLS_TASK leash=Surface(name=ActivityRecord{197984232 u0 com.binance.monitor/.ui.chart.MarketChartActivity t13247})/@0xc8baaf5 sb=Rect(0, 0 - 1264, 2780) eb=Rect(0, 0 - 1264, 2780) epz=Point(1264, 2780) d=0 component=com.binance.monitor/.ui.chart.MarketChartActivity opt={t=CUSTOM enterResId=0 changeResId=0 exitResId=0 mUserId=0}}
04-12 17:27:27.884  3590  3792 V WindowManager: Sent Transition (#28419) createdAt=04-12 17:27:27.616 via request=TransitionRequestInfo { type = OPEN, triggerTask = TaskInfo{userId=0 taskId=13247 effectiveUid=10512 displayId=0 isRunning=true baseIntent=Intent { flg=0x10000000 cmp=com.binance.monitor/.ui.main.MainActivity mCallingUid=2000 } baseActivity=ComponentInfo{com.binance.monitor/com.binance.monitor.ui.main.MainActivity} topActivity=ComponentInfo{com.binance.monitor/com.binance.monitor.ui.account.AccountStatsBridgeActivity} origActivity=null realActivity=ComponentInfo{com.binance.monitor/com.binance.monitor.ui.main.MainActivity}
04-12 17:27:27.884  3590  3792 V WindowManager:  topActivityInfo=ActivityInfo{ffbfc98 com.binance.monitor.ui.account.AccountStatsBridgeActivity} launchCookies=[] positionInParent=Point(0, 0) parentTaskId=-1 isFocused=true isVisible=true isVisibleRequested=true isTopActivityNoDisplay=false isSleeping=false locusId=null displayAreaFeatureId=1 isTopActivityTransparent=false isActivityStackTransparent=false lastNonFullscreenBounds=Rect(330, 828 - 935, 2092) capturedLink=null capturedLinkTimestamp=0 requestedVisibleTypes=-9 topActivityRequestOpenInBrowserEducationTimestamp=0
04-12 17:27:27.884  3590  3792 V WindowManager:         {m=OPEN f=FILLS_TASK leash=Surface(name=ActivityRecord{135463480 u0 com.binance.monitor/.ui.account.AccountStatsBridgeActivity t13247})/@0x2f371ac sb=Rect(0, 0 - 0, 0) eb=Rect(0, 0 - 1264, 2780) epz=Point(1264, 2780) d=-1->0 r=-1->0:-1 component=com.binance.monitor/.ui.account.AccountStatsBridgeActivity opt={t=CUSTOM enterResId=0 changeResId=0 exitResId=0 mUserId=0}},
04-12 17:27:27.884  3590  3792 V WindowManager:         {m=TO_BACK f=FILLS_TASK leash=Surface(name=ActivityRecord{197984232 u0 com.binance.monitor/.ui.chart.MarketChartActivity t13247})/@0x92c9f2e sb=Rect(0, 0 - 1264, 2780) eb=Rect(0, 0 - 1264, 2780) epz=Point(1264, 2780) d=0 component=com.binance.monitor/.ui.chart.MarketChartActivity opt={t=CUSTOM enterResId=0 changeResId=0 exitResId=0 mUserId=0}}
04-12 17:27:27.884  8338  8381 V WindowManagerShell: start OnePuttTransition animation, info = {id=28419 t=OPEN f=0x0 trk=0 r=[0@Point(0, 0)] c=[{m=OPEN f=FILLS_TASK leash=Surface(name=ActivityRecord{135463480 u0 com.binance.monitor/.ui.account.AccountStatsBridgeActivity t13247})/@0x68e002c sb=Rect(0, 0 - 0, 0) eb=Rect(0, 0 - 1264, 2780) epz=Point(1264, 2780) d=-1->0 r=-1->0:-1 component=com.binance.monitor/.ui.account.AccountStatsBridgeActivity opt={t=CUSTOM enterResId=0 changeResId=0 exitResId=0 mUserId=0}},{m=TO_BACK f=FILLS_TASK leash=Surface(name=ActivityRecord{197984232 u0 com.binance.monitor/.ui.chart.MarketChartActivity t13247})/@0xc8baaf5 sb=Rect(0, 0 - 1264, 2780) eb=Rect(0, 0 - 1264, 2780) epz=Point(1264, 2780) d=0 component=com.binance.monitor/.ui.chart.MarketChartActivity opt={t=CUSTOM enterResId=0 changeResId=0 exitResId=0 mUserId=0}}] 
04-12 17:27:27.884  8338  8381 D FlexibleTaskTransitionHandler:  performAnimation transition:android.os.BinderProxy@1380439 ,info:{id=28419 t=OPEN f=0x0 trk=0 r=[0@Point(0, 0)] c=[{m=OPEN f=FILLS_TASK leash=Surface(name=ActivityRecord{135463480 u0 com.binance.monitor/.ui.account.AccountStatsBridgeActivity t13247})/@0x68e002c sb=Rect(0, 0 - 0, 0) eb=Rect(0, 0 - 1264, 2780) epz=Point(1264, 2780) d=-1->0 r=-1->0:-1 component=com.binance.monitor/.ui.account.AccountStatsBridgeActivity opt={t=CUSTOM enterResId=0 changeResId=0 exitResId=0 mUserId=0}},{m=TO_BACK f=FILLS_TASK leash=Surface(name=ActivityRecord{197984232 u0 com.binance.monitor/.ui.chart.MarketChartActivity t13247})/@0xc8baaf5 sb=Rect(0, 0 - 1264, 2780) eb=Rect(0, 0 - 1264, 2780) epz=Point(1264, 2780) d=0 component=com.binance.monitor/.ui.chart.MarketChartActivity opt={t=CUSTOM enterResId=0 changeResId=0 exitResId=0 mUserId=0}}] 
04-12 17:27:27.884  8338  8381 D FlexibleTaskTransitionHandler:  no need handler this transitionInfo: {id=28419 t=OPEN f=0x0 trk=0 r=[0@Point(0, 0)] c=[{m=OPEN f=FILLS_TASK leash=Surface(name=ActivityRecord{135463480 u0 com.binance.monitor/.ui.account.AccountStatsBridgeActivity t13247})/@0x68e002c sb=Rect(0, 0 - 0, 0) eb=Rect(0, 0 - 1264, 2780) epz=Point(1264, 2780) d=-1->0 r=-1->0:-1 component=com.binance.monitor/.ui.account.AccountStatsBridgeActivity opt={t=CUSTOM enterResId=0 changeResId=0 exitResId=0 mUserId=0}},{m=TO_BACK f=FILLS_TASK leash=Surface(name=ActivityRecord{197984232 u0 com.binance.monitor/.ui.chart.MarketChartActivity t13247})/@0xc8baaf5 sb=Rect(0, 0 - 1264, 2780) eb=Rect(0, 0 - 1264, 2780) epz=Point(1264, 2780) d=0 component=com.binance.monitor/.ui.chart.MarketChartActivity opt={t=CUSTOM enterResId=0 changeResId=0 exitResId=0 mUserId=0}}] 
04-12 17:27:27.884  8338  8381 V WindowManagerShell: Transition doesn't have explicit remote, search filters for match for {id=28419 t=OPEN f=0x0 trk=0 r=[0@Point(0, 0)] c=[{m=OPEN f=FILLS_TASK leash=Surface(name=ActivityRecord{135463480 u0 com.binance.monitor/.ui.account.AccountStatsBridgeActivity t13247})/@0x68e002c sb=Rect(0, 0 - 0, 0) eb=Rect(0, 0 - 1264, 2780) epz=Point(1264, 2780) d=-1->0 r=-1->0:-1 component=com.binance.monitor/.ui.account.AccountStatsBridgeActivity opt={t=CUSTOM enterResId=0 changeResId=0 exitResId=0 mUserId=0}},{m=TO_BACK f=FILLS_TASK leash=Surface(name=ActivityRecord{197984232 u0 com.binance.monitor/.ui.chart.MarketChartActivity t13247})/@0xc8baaf5 sb=Rect(0, 0 - 1264, 2780) eb=Rect(0, 0 - 1264, 2780) epz=Point(1264, 2780) d=0 component=com.binance.monitor/.ui.chart.MarketChartActivity opt={t=CUSTOM enterResId=0 changeResId=0 exitResId=0 mUserId=0}}] 
