04-12 17:24:33.686  8338  8381 D FSS_OplusFoldSwitchStateObserver: cancelAnimationIfNeedWhenFolding: foldChangeType = -1
04-12 17:24:33.686  8338  8381 W OplusShellTransition: no system app in targets, skip loading oplus animation.
04-12 17:24:33.687  8338  8381 V WindowManagerShell: loadAnimation: anim=android.view.animation.AnimationSet@5adba95 animAttr=0x13 type=OPEN isEntrance=false
04-12 17:24:33.687  8338  8381 D OplusShellTransition: default transition handler transfer value refresh rate rect:Rect(0, 0 - 1264, 2780)
04-12 17:24:33.687  8338  8381 D OplusShellTransition: startAnimation transitionToken=android.os.BinderProxy@ee18bfd
04-12 17:24:33.687  8338  8381 D AdfrV32FrameRateUtils: getAnimationVelocityCalculator, leash=Surface(name=Task=1)/@0x3fa59d9, transaction=android.view.SurfaceControl$Transaction@c85a9a9, typeId=20101, typeEnable=false
04-12 17:24:33.687  8338  8381 W OplusShellTransition: no system app in targets, skip loading oplus animation.
04-12 17:24:33.687  8338  8381 V WindowManagerShell: loadAnimation: anim=android.view.animation.AnimationSet@bfc6b11 animAttr=0x12 type=OPEN isEntrance=true
04-12 17:24:33.687  8338  8381 D OplusShellTransition: default transition handler transfer value refresh rate rect:Rect(0, 0 - 1264, 2780)
04-12 17:24:33.687  8338  8381 D OplusShellTransition: startAnimation transitionToken=android.os.BinderProxy@ee18bfd
04-12 17:24:33.687  8338  8381 D AdfrV32FrameRateUtils: getAnimationVelocityCalculator, leash=Surface(name=Task=13247)/@0xa884c20, transaction=android.view.SurfaceControl$Transaction@c85a9a9, typeId=20101, typeEnable=false
04-12 17:24:33.687  8338  8381 D OplusShellTransition: addBackgroundColorOnTask, , isTaskLevelTransition = true, hasBgAlready = false
04-12 17:24:33.688  8338  8381 V WindowManagerShell:  animated by com.android.wm.shell.transition.DefaultTransitionHandler@423c8cd
04-12 17:24:33.688  8338  8381 D OplusShellTransition: dispatchTransition, animated mHandler: com.android.wm.shell.transition.DefaultTransitionHandler@423c8cd
04-12 17:24:33.688  8338  8381 D ShellTaskOrganizer: Task appeared taskId=13247, parentTaskId=-1, taskVisibility=true
04-12 17:24:33.688  8338  8397 D AdfrV32FrameRateUtils: animationVelocityCalculator: nullbounds: 0 0 1264 2780
04-12 17:24:33.688  8338  8381 D ShellTaskOrganizerExt: visibleFlexibleTaskInfos delete:13247
04-12 17:24:33.688  8338  8381 D ShellTaskOrganizerExt: isOnCanvas size:0
04-12 17:24:33.688  8338  8381 D ShellTaskOrganizerExt: isOnThreeFlexibleCanvas size:0
04-12 17:24:33.688  8338  8397 D AdfrV32FrameRateUtils: animationVelocityCalculator: nullbounds: 0 0 1264 2780
04-12 17:24:33.688  3590  8790 I InputDispatcher: updateFocusedWindow,  on display 0, reason: NO_WINDOW, result:   FocusedWindows: <none>
04-12 17:24:33.689  8730  8730 D VRI[Launcher]: onFocusEvent false
04-12 17:24:33.689  8338  8397 D AdfrV32FrameRateUtils: animationVelocityCalculator: nullbounds: 0 0 1264 2780
04-12 17:24:33.690  8338  8397 D AdfrV32FrameRateUtils: animationVelocityCalculator: nullbounds: 0 0 1264 2780
04-12 17:24:33.695  2013  2036 W statsd  : StatsPullerManager: Unknown tagId 150145
04-12 17:24:33.695  2013  2036 E statsd  : Gauge Stats puller failed for tag: 150145 at 1033089059668411
04-12 17:24:33.695  2013  2036 W statsd  : StatsPullerManager: Unknown tagId 150146
04-12 17:24:33.695  2013  2036 E statsd  : Gauge Stats puller failed for tag: 150146 at 1033089059668411
04-12 17:24:33.695  2013  2036 I statsd  : An anomaly (103250000001) (32)0x10000->0[I]  has occurred! Informing subscribers.
04-12 17:24:33.695  2013  2036 E statsd  : Predicate 1508000004 dropping data for dimension key (100234)0x10000->10512[I] 
04-12 17:24:33.696 10250 16912 D midasd  : PowerFactors is null 
04-12 17:24:33.696  3590  8849 I BLASTSyncEngine: onCommitted syncId: 28415, timeout: false ran: false
04-12 17:24:33.696  2278  2278 I CameraMidasService: getExplorerInfo The size of ExplorerInfo is 240 ,The size of ExplorerInfo is 0, The memory size of ExplorerInfo is 0
04-12 17:24:33.696 10250 16912 D midasd  : getExplorerInfo is null 
04-12 17:24:33.696 10250 16907 E midasd  : getTotalFlipsFromSf mCurFrameCount: 12388298
04-12 17:24:33.697 10250 16907 I midasd  : DisplayAgent updateDisplayDevInfo getRenderFps mFps:120 mRenderFps:2 mWidth:1264 mHeight:2780
04-12 17:24:33.697  3590  7167 I resRelease: policy type is 1
04-12 17:24:33.697 15031 15220 I Quality-ScreenOnOffLogProcessor: withInScreenOnOffRange mIsScreenOn:true refTime:1775985873664 mRecentScreenOnTime:1775985109118 mRecentScreenOffTime:1775983258057
04-12 17:24:33.697 15031 24719 I OplusObrain: OplusObrainClientInvoke.nativeGetTelephonyInfo
04-12 17:24:33.697  2247  2247 E android.hardware.power.stats-impl.oplus: HandleFactory::read open charger_input_current_now(/proc/charger/input_current_now) failed! fd: -1 errno: 2
04-12 17:24:33.697  2247  2247 W android.hardware.power.stats-impl.oplus: PruneException: Unknown binder exception (2) pruned into EX_TRANSACTION_FAILED
04-12 17:24:33.697 10250 16908 W midasd  : handleFactory read failed.
04-12 17:24:33.697 15031 24719 I OplusObrain: OplusObrainClientInvoke.nativeGetTrafficTypeInfoForNetworkType networkType 0
04-12 17:24:33.698  8338  8397 D AdfrV32FrameRateUtils: animationVelocityCalculator: nullbounds: 0 0 1264 2780
04-12 17:24:33.698  8338  8397 D AdfrV32FrameRateUtils: animationVelocityCalculator: nullbounds: 0 0 1264 2780
04-12 17:24:33.700  2014  2014 D Zygote  : Forked child process 7409
04-12 17:24:33.700  3590  3837 I ActivityManager: Start proc 7409:com.qualcomm.qti.workloadclassifier/u0a255 for broadcast {com.qualcomm.qti.workloadclassifier/com.qualcomm.qti.workloadclassifier.WLCReceiver}
04-12 17:24:33.701  3590  3793 I ActivityManager: ProcessObserver broadcast disabled
04-12 17:24:33.701  3590  9766 I OStatsManager_OplusBatteryStatsManager: updateStateTime: PkgName = com.qualcomm.qti.workloadclassifier, uid = 10255, state to bg, mForegroundCnt = 0, isFg = false
04-12 17:24:33.701  3590  7167 I MemoryOperationUtils: add 7409 to inactive
04-12 17:24:33.704  7398  7398 E binance.monitor: Unknown bits set in runtime_flags: 0x40000000
04-12 17:24:33.704  7398  7398 I binance.monitor: Using CollectorTypeCMC GC.
04-12 17:24:33.705  7409  7409 I kloadclassifier: isSwordfishLaunchAppEnabled_ 1 isSwordfishInstallAppEnabled_ 1
04-12 17:24:33.705  7409  7409 E kloadclassifier: Unknown bits set in runtime_flags: 0x40000000
04-12 17:24:33.706  7409  7409 I kloadclassifier: Using CollectorTypeCMC GC.
04-12 17:24:33.706  8338  8397 D AdfrV32FrameRateUtils: animationVelocityCalculator: nullbounds: 0 0 1264 2780
04-12 17:24:33.707  8338  8397 D AdfrV32FrameRateUtils: animationVelocityCalculator: nullbounds: 0 0 1264 2780
04-12 17:24:33.708  5478  5487 I adbd    : jdwp connection from 7398
04-12 17:24:33.708  7409  7409 E kloadclassifier: Not starting debugger since process cannot load the jdwp agent.
04-12 17:24:33.709 21998 22023 I AntiFraudDataUpdate: canDownloadFiles: total file size < 20971520， directly download
04-12 17:24:33.710 21998 22023 I AntiFraudDataUpdate: tryUpdate: start download file
04-12 17:24:33.710  7398  7398 D nativeloader: Load libframework-connectivity-tiramisu-jni.so using APEX ns com_android_tethering for caller /apex/com.android.tethering/javalib/framework-connectivity-t.jar: ok
04-12 17:24:33.710  7409  7409 D nativeloader: Load libframework-connectivity-tiramisu-jni.so using APEX ns com_android_tethering for caller /apex/com.android.tethering/javalib/framework-connectivity-t.jar: ok
04-12 17:24:33.712  7409  7409 W libc    : Access denied finding property "persist.vendor.sys.activitylog"
04-12 17:24:33.712  7409  7409 I OneTrace: Mark active for pid=7409? true
04-12 17:24:33.712  7409  7409 D cutils-dev: otrace_set_tracing_enabled? true tag:0
04-12 17:24:33.712  7409  7409 D cutils-dev: properties changed in otrace_seq_number_changed!
04-12 17:24:33.712 21998 22023 D libc-netbsd: [oplusDnsOpenProxy]: __netdClientDispatch.connect errno = 111
04-12 17:24:33.712 21998 22023 D DNS_CACHE: oplus_oplus_getaddrinfo_proxy open dns proxy failed, use android flow: 10120
04-12 17:24:33.713  7398  7398 W libc    : Access denied finding property "persist.vendor.sys.activitylog"
04-12 17:24:33.713  7398  7398 I OneTrace: Mark active for pid=7398? true
04-12 17:24:33.713  7398  7398 D cutils-dev: otrace_set_tracing_enabled? true tag:0
04-12 17:24:33.713  7398  7424 D cutils-dev: properties changed in otrace_seq_number_changed!
04-12 17:24:33.714  8338  8397 D AdfrV32FrameRateUtils: animationVelocityCalculator: nullbounds: 0 0 1264 2780
04-12 17:24:33.714  3590  8790 D SplitScreenAppReader: SPLIT_TOUCH support check:com.qualcomm.qti.workloadclassifier = false
04-12 17:24:33.714  3590  8790 D ActivityTaskManagerServiceExtImpl: preBindApplication record is null
04-12 17:24:33.715  8338  8397 D AdfrV32FrameRateUtils: animationVelocityCalculator: nullbounds: 0 0 1264 2780
04-12 17:24:33.715  3590  8790 D RGBNormalizeServer: OplusRGBNormalize feature enabled ? true
04-12 17:24:33.715  3590  8790 D ResourcesManagerCache: For package com.qualcomm.qti.workloadclassifier we got cacheList [null] appInfoExt is null ? false hasFeature ? false
04-12 17:24:33.715 28141 28267 I GoLog   : from udp:127.0.0.1:56159 accepted udp:114.114.114.114:53 [socks -> dns-out]
04-12 17:24:33.717  1896  7348 D DumpServiceUtil: dumpsys service end
04-12 17:24:33.717  8337  9773 V OsAgent : broadcastSystemEvent - 7
04-12 17:24:33.717  3590  3792 D SensorServiceExtImpl: notifyApplicationLaunchStage processName=com.binance.monitor, uid=10512, pid=7398, stage=1
04-12 17:24:33.718  7409  7409 D CompactWindowAppManager: initCompactApplicationInfo CompactMode: , NormalMode: 
04-12 17:24:33.719  3590  8849 D SplitScreenAppReader: SPLIT_TOUCH support check:com.binance.monitor = false
04-12 17:24:33.719  3590  8849 D RGBNormalizeServer: OplusRGBNormalize feature enabled ? true
04-12 17:24:33.719  3590  8849 D ResourcesManagerCache: For package com.binance.monitor we got cacheList [null] appInfoExt is null ? false hasFeature ? false
04-12 17:24:33.719  7409  7409 V Configuration: Updating configuration, locales updated from [] to [zh_CN]
04-12 17:24:33.719  7409  7409 D OplusScrollToTopManager: setIsInWhiteList false
04-12 17:24:33.720  7409  7409 D OplusViewDebugManager: OplusViewDebugManager Constructor android.view.debug.OplusViewDebugManager@641bd33 [mHasViewDebugProperty true] [mHasMsgDebugProperty false] [DEBUG false] [EXTRAINFOENABLE false] [LIGHT_OS false]
04-12 17:24:33.720  3590  8849 D FlexibleTaskController: isFullToFlexibleAnimating: false
04-12 17:24:33.720  3590  8849 D WindowManager: rotation(ROTATION_0) no changed  displayId = 0, lastOrientation = 1
04-12 17:24:33.721  3590  8849 I TaskOrganizerController: onTaskInfoChanged taskid 13247 config { mBounds=Rect(0, 0 - 1264, 2780) mAppBounds=Rect(0, 0 - 1264, 2780) mMaxBounds=Rect(0, 0 - 1264, 2780) mDisplayRotation=ROTATION_0 mWindowingMode=fullscreen mActivityType=standard mAlwaysOnTop=undefined mRotation=ROTATION_0}
04-12 17:24:33.721  3590  8849 D OplusFlexibleDragToSplitAnimController: visibleFlexibleTaskInfos delete:13247
04-12 17:24:33.721  3590  8849 E FlexibleWindowManagerService: notifyTaskObserverToAttachController not need to notify!
04-12 17:24:33.721  3590  8849 I FlexibleWindowManagerService: onFlexibleWindowTaskInfoChanged, return for cur task not embedded
04-12 17:24:33.721  3590  8849 E OplusDexOptimizeManager: pkgSetting or primaryCpuAbi is null for package: com.binance.monitor
04-12 17:24:33.721  3590  8849 D OplusFeatureColorMode: ColorMode getColorMode =0
04-12 17:24:33.721  3590  8849 D ColorDisplayServiceExtImpl: getWCGVersion1App, packageName=com.binance.monitor, sSupportWCG1 = true, sSupportWCG3 = false, nRet = 0
04-12 17:24:33.722  3590  8480 I OPM-WakePreloadPolicy: remove preload pkg = com.binance.monitor, reason = app launch
04-12 17:24:33.722  3590  8480 I OPM     : handlePackageLaunched pkg: com.binance.monitor, uid: 10512, pid: 7398
04-12 17:24:33.722  3590  8480 D OPM     : preload hitted!
04-12 17:24:33.722  3590  3830 I UserAwareMgr: handleTopAppChanged: com.binance.monitor, pid: 7398, uid: 10512
04-12 17:24:33.722  3590  8849 D ActivityTaskManager: onWindowFocusChanged Task{65327de #13247 type=standard A=10512:com.binance.monitor} would transfer to compact
04-12 17:24:33.722  3590  8849 D ActivityTaskManager: NFW_setLastResumedActivityUncheckLocked:true r:ActivityRecord{143301216 u0 com.binance.monitor/.ui.main.MainActivity t13247} currentFocus:null
04-12 17:24:33.722  3590  8849 D WindowManager: NFW_findFocusedWindowIfNeeded:null mCurrentFocus:null
04-12 17:24:33.722  3590  8849 D FlexibleTaskController: onTaskFocusChanged prevTask:Task{735fad8 #2 type=undefined I=com.android.launcher/.Launcher} ,currentTask:Task{65327de #13247 type=standard A=10512:com.binance.monitor}, reason: realStartActivityLocked - onActivityStateChanged
04-12 17:24:33.722  3590  8849 D OplusFlexibleDCSManager: onNextPkgChanged pkg = com.binance.monitor
04-12 17:24:33.722  3590  8849 D OplusVisibleTasks:  notifyTaskFocusChange no need.
04-12 17:24:33.722  3590  8849 I OplusAppSwitchManagerService: appswitch hasProcess ActivityRecord{143301216 u0 com.binance.monitor/.ui.main.MainActivity t13247}
04-12 17:24:33.722  3590  7998 I [UAH_CLIENT]: UahEventAcquire, cmdid:0, pkg:com.binance.monitor, identity:com.android.server.wm
04-12 17:24:33.722  3590  8849 I OplusJoystickManager: handleApplicationSwitch deprecated!
04-12 17:24:33.722  3590  8849 I GameManagerServiceExt-GameManagerServiceExt: on FG change: com.android.launcher|com.binance.monitor
04-12 17:24:33.722  3590  8849 I OplusAppSwitchManagerService: appswitch hasProcess ActivityRecord{143301216 u0 com.binance.monitor/.ui.main.MainActivity t13247}
04-12 17:24:33.723  3590  3872 D OplusAppSwitchListener: App Activity Change
04-12 17:24:33.723  3590  3872 D OplusAppSwitchListener: Detect com.android.launcher switch to background
04-12 17:24:33.723  3590  3872 D OplusFeatureReduceBrightness: onAppExit , info = com.android.launcher
04-12 17:24:33.723  3590  3848 E OplusThermalStats: Error getting package info: com.binance.monitor
04-12 17:24:33.723  8338  8397 D AdfrV32FrameRateUtils: animationVelocityCalculator: nullbounds: 0 0 1264 2780
04-12 17:24:33.723  8338  8381 D ShellTaskOrganizerExt: visibleFlexibleTaskInfos delete:13247
04-12 17:24:33.723  8338  8381 D ShellTaskOrganizerExt: isOnCanvas size:0
04-12 17:24:33.723  8338  8381 D ShellTaskOrganizerExt: isOnThreeFlexibleCanvas size:0
04-12 17:24:33.723  8338  8397 D AdfrV32FrameRateUtils: animationVelocityCalculator: nullbounds: 0 0 1264 2780
04-12 17:24:33.723  3590  3872 D OplusAppSwitchListener: Detect com.binance.monitor switch to foreground
04-12 17:24:33.724  3590  3872 W OplusFeatureGlobalLimitBrightness: switch to display normal mode 
04-12 17:24:33.724  3590  3862 D OplusBiometricsDisplayHelper: isFold: false, isUnblockByFp: null
04-12 17:24:33.724  3590  3875 D VRR [OPlusRefreshRateService]: handleFrontAppChange pkgName: null
04-12 17:24:33.724  3590  8591 D OplusWifiPower_TriggerCenter: mComponentCallback: fgapplist
04-12 17:24:33.724  3590  8591 D OplusEapManager: mTargetExitName :com.android.launcher
04-12 17:24:33.725  2399  3162 D VRR [OTI-HW]: isStateReady 0
04-12 17:24:33.725  2399  3162 D VRR [OTI-HW]: keep rate.
04-12 17:24:33.725  3590  8591 D OplusAppSwitchRuleInfo: generateAppEnterInfo - launch_source_type =  , launch_source_traceid = 
04-12 17:24:33.725  3590  8591 D OplusAppSwitchRuleInfo: generateAppEnterInfo - launch_source_type =  , launch_source_traceid = 
04-12 17:24:33.725  3590  8591 D OplusAppSwitchRuleInfo: generateAppEnterInfo - launch_source_type =  , launch_source_traceid = 
04-12 17:24:33.725  3590  8591 D OplusAppSwitchRuleInfo: generateAppEnterInfo - launch_source_type =  , launch_source_traceid = 
04-12 17:24:33.725  3590  8591 D OplusAppSwitchRuleInfo: generateAppEnterInfo - launch_source_type =  , launch_source_traceid = 
04-12 17:24:33.725  3590  8591 D OplusAppSwitchRuleInfo: generateAppEnterInfo - launch_source_type =  , launch_source_traceid = 
04-12 17:24:33.725  3590  8591 D OplusAppSwitchRuleInfo: generateAppEnterInfo - launch_source_type =  , launch_source_traceid = 
04-12 17:24:33.725  3590  8591 D OplusLatencyOptimizerManager: enter pkg: com.binance.monitor isPrevBlackAppTop: false mIsBlackAppTop: false
04-12 17:24:33.725  8338  8338 I PluginSeedling--Origin: LiveAlertInteractorImpl-->notifyEntryDataChanged ENTRY_STATUS_BAR, result:, noe: false
04-12 17:24:33.725  3590  8591 I OPM     : home scene change to false
04-12 17:24:33.725  3590  8591 D OplusEapManager: mTargetEnterName :com.binance.monitor
04-12 17:24:33.725  3590  8591 D OplusAppSwitchRuleInfo: generateAppEnterInfo - launch_source_type =  , launch_source_traceid = 
04-12 17:24:33.725  3590  8591 D OplusAppSwitchRuleInfo: generateAppEnterInfo - launch_source_type =  , launch_source_traceid = 
04-12 17:24:33.725  3590  8591 D OplusAppSwitchRuleInfo: generateAppEnterInfo - launch_source_type =  , launch_source_traceid = 
04-12 17:24:33.726  3590  8591 D OplusAppSwitchRuleInfo: generateAppEnterInfo - launch_source_type =  , launch_source_traceid = 
04-12 17:24:33.726  3590  8591 D OplusAppSwitchRuleInfo: generateActivityEnterInfo - launch_source_type =  , launch_source_traceid = 
04-12 17:24:33.726  3590  8591 D OplusAppSwitchRuleInfo: generateActivityEnterInfo - launch_source_type =  , launch_source_traceid = 
04-12 17:24:33.726  8337  9773 V OsAgent : broadcastSystemEvent - 7
04-12 17:24:33.726  3590  8591 D OplusAppSwitchRuleInfo: generateActivityEnterInfo - launch_source_type =  , launch_source_traceid = 
04-12 17:24:33.726  3590  3875 D VRR [OPlusRefreshRateService]: handleFrontAppChange pkgName: com.binance.monitor
04-12 17:24:33.726  3590  3875 D VRR [OPlusSAManager]: updateAutoMinfps for 4630946685746860179 with nits: 91.830055, mHistOK true, mAmbientOK true, mCctOK true, mIrOK true, mBrightnessOK true, isPkgOK true, SA min fps: 119
04-12 17:24:33.726 21038 17168 D AONLog  : TopActivityMonitor: OnAppSwitchObserver: onActivityExit , info = OplusAppExitInfo = {  targetName = com.android.launcher.Launcher hasResumingActivity = true resumingPackageName = com.binance.monitor resumingActivityName = com.binance.monitor.ui.main.MainActivity resumingWindowMode = 1 isResumingMultiApp = false isResumingFirstStart = true extension = Bundle[mParcelledData.dataSize=640]}
04-12 17:24:33.726 21038 17168 D AONLog  : IntelPerceptMgr: activityName Exit: com.android.launcher.Launcher
04-12 17:24:33.726 21038 17168 D AONLog  : TopActivityMonitor: onAppExit: info = OplusAppExitInfo = {  targetName = com.android.launcher hasResumingActivity = true resumingPackageName = com.binance.monitor resumingActivityName = com.binance.monitor.ui.main.MainActivity resumingWindowMode = 1 isResumingMultiApp = false isResumingFirstStart = true extension = Bundle[mParcelledData.dataSize=584]}
04-12 17:24:33.726  3590  3795 D OplusBatteryManager: getPsyBatteryRm: 4126
04-12 17:24:33.726  3590  3795 D BatteryStatsImplExtImpl: resumedUid:10512 resumedBatteryLevel:84  resumedPackage:com.binance.monitor  resumedBatteryRealtimeCapacity:4126
04-12 17:24:33.726 15757  1114 W Battery : AppSwitchDetectorV2: OnAppSwitchObserver: onAppExit , info = OplusAppExitInfo = {  targetName = com.android.launcher hasResumingActivity = true resumingPackageName = com.binance.monitor resumingActivityName = com.binance.monitor.ui.main.MainActivity resumingWindowMode = 1 isResumingMultiApp = false isResumingFirstStart = true extension = Bundle[mParcelledData.dataSize=584]} lastReg=1775959921706
04-12 17:24:33.726 15757  1114 W Battery : AppSwitchManager: onAppSwitch: [m4.o$d@5fc51d5]
04-12 17:24:33.726 21038 21038 D AONLog  : IntelPerceptMgr: unRegisterRotationSensor:true
04-12 17:24:33.726 21038 21038 V SystemSensorManagerExtImpl: unRegisterListener by com.aiunit.aon.intelligentperception.n@cddd4ba
04-12 17:24:33.726  8338  8338 I PluginSeedling--Origin: LiveAlertInteractorImpl-->notifyEntryDataChanged ENTRY_NOTIFICATION, result:, noe: false
04-12 17:24:33.726  8338  8338 I PluginSeedling--Notification: NotificationRepository-->onDataChanged, []
04-12 17:24:33.726  3590  3795 D FlexibleTaskController: check task which not have enough child, isInSingleWhiteList:false isCloneTask:false
04-12 17:24:33.727 13847 14731 D OplusAtlas.OplusAudioScene: callback success event:atlas_event_on_foreground_activities_changed eventInfo:pid:7398,uid:10512,hasForegroundActivities:1
04-12 17:24:33.727 13847 14731 D MssPanelHelper: FOREGROUND_ACTIVITIES_CHANGED package: com.binance.monitor hasForegroundActivities: 1
04-12 17:24:33.727  2782 23362 D HoloAudio::SpecailizerPLService_Aidl: callClient:clientID:1 exist:1, event:18, isOneWay:0
04-12 17:24:33.727  3590  7959 D BackgroundInstallControlService: Package event received: 0
04-12 17:24:33.727 15757  1114 W Battery : ThermalControlUtils: mForegroundPkg=com.binance.monitor mLastWindowMode=1
04-12 17:24:33.727  3590  8849 W SurfaceFlingerPuller: Failed to pull atom 150134 from surfaceflinger. Success is 0, binder status is EX_NONE
04-12 17:24:33.727  2782 23362 D HoloAudio::SpecailizerPLService_Aidl: getMssEnable --- com.binance.monitor[0]
04-12 17:24:33.727  2013  2036 E statsd  : Stats puller failed for tag: 150134 at 1033089137719973
04-12 17:24:33.727  3590  9766 E KernelCpuUidFreqTimeReader: Negative delta from freq time for uid: 10194, delta: -15
04-12 17:24:33.728  3590  8849 W SensorService: SensorEventConnection sensor handle=1782, package = com.aiunit.aon.intelligentperception.n disable
04-12 17:24:33.728  3590  9766 E KernelCpuUidFreqTimeReader: Negative delta from freq time for uid: 99135, delta: -1372
04-12 17:24:33.728  3590  8849 D SensorService: 0xb4000070d4a5c000 removeFd fd=1281
04-12 17:24:33.728  3590  8849 D SensorService: SensorDevice::activate: ident=0xb4000070d4a5c000, handle=0x000006f6, enabled=0, count=1
04-12 17:24:33.728  3590  8849 D SensorService: disable index=0
04-12 17:24:33.728  3590  8849 D SensorService: activateHardware = 1
04-12 17:24:33.728  3590  8849 D SensorService: 	>>> actuating h/w activate handle=1782 enabled=0
04-12 17:24:33.728  2113  2113 I sensors-hal: activate:116, qti.sensor.rotation/1782 en=0
04-12 17:24:33.728  2113  2113 I sensors-hal: send_sync_sensor_request:443, send sync request
04-12 17:24:33.728  2384  8215 D AudioBoost: audioSchedBoost, pid=2384, tid=8215, enable=1, ret=0
04-12 17:24:33.728  2113  2113 I sensors-hal: send_sync_sensor_request:472, wait for notification of response
04-12 17:24:33.728  2384  8215 D AudioFlingerExtImpl: AudioFlingerExtImpl oplusSetParameters: keyvalue onForegroundActivitiesChanged=com.binance.monitor:foreground:1|10512:7398
04-12 17:24:33.728  2384  8215 D AudioFlingerExtImpl: updateForegroundInfo, mapInf mForegroundMap(1)|[com.binance.monitor]=1, uidPidMapInf mForegroundUidPidMap(1)|[10512]=7398
04-12 17:24:33.728  2384  8215 D AudioBoost: audioSchedBoost, pid=2384, tid=8215, enable=0, ret=0
04-12 17:24:33.728 12992 13889 I DeepThinker: IntentManager: onIntentProduced 1
04-12 17:24:33.728 12992 13889 I DeepThinker: IntentManager: dispatchIntents 1
04-12 17:24:33.728 12992 13834 I DeepThinker: EventFountainDispatcher: dispatchSpecificIntents 1
04-12 17:24:33.728 12992 13834 I DeepThinker: EventFountainDispatcher: dispatchSpecificIntents com.pantanal.action.APPS_LIST
04-12 17:24:33.729 14599 14669 V DCSEX-AppSwitchManager: OnAppSwitchObserver: onAppExit, resuming = com.binance.monitor, target = com.android.launcher, is ResumingFirstStart =  true, is ResumingMultiApp =  false, extensionInfo =  Bundle[mParcelledData.dataSize=584]
04-12 17:24:33.729 14599  8049 D DCSEX-AppLaunchEventRecorder: onAppSwitch from = com.android.launcher to = com.binance.monitor
04-12 17:24:33.729 14599 14669 V DCSEX-AppSwitchManager: OnAppSwitchObserver: onAppEnter, launchedFrom =  com.android.shell, target =  com.binance.monitor, is firstStart =  true, is multiApp =  false, extensionInfo =  Bundle[mParcelledData.dataSize=976], launch_source_type =  , launch_source_traceid =  
04-12 17:24:33.729 15757  1114 W Battery : ThermalControllerCenter: mSafetyState=00000,  mSafetyTestConfigList=01111,10111,11011,11101,11110,00111,01011,01101,01110,10011,10101,10110,11001,11010,11100,11111
04-12 17:24:33.729 15757  1114 W Battery : ThermalControlConfig: mNonBigVersionOtaPeriodVal=2
04-12 17:24:33.729 15757  1114 W Battery : ThermalControllHandler: tempLevel=[0],userMode=2,gameUserMode=-1,appType=-1,envTempType=0,appStates=[],appSwitchSafetyMode=true,split=[],float={},full=[com.binance.monitor], tempGear=[0],configItemName=common_config
04-12 17:24:33.729 15757  1114 W Battery : StateManager: getAppType com.binance.monitor, last=1775985873729
04-12 17:24:33.729 15757 16090 W Battery : ThermalControllHandler: MSG_THERMAL_CONTROL_CATEGORY_CHANGED
04-12 17:24:33.730  2113  6150 I sensors-hal: qsh_conn_resp_cb:793, resp_value = 0 for oplus_rotation_detect 
04-12 17:24:33.730  2113  2113 I sensors-hal: send_sync_sensor_request:478, takes 2 ms to receive the response with 0
04-12 17:24:33.730 15757  4460 W Battery : AppSceneCenter: PerfPolicy not enable!
04-12 17:24:33.730  3590  9766 I OStatsManager_Calc: add screen power pkgName = com.android.launcher, uid = 10214, power = 31803.124884992838, is Fg = true, fore size = 1, mScale = 1.0
04-12 17:24:33.730  3590  9766 I OStatsManager_Calc: noteBeforePkgSwitch change = true, curTime = 1033089136, com.binance.monitor, fg = false
04-12 17:24:33.730  3590  9766 I OStatsManager_OplusBatteryStatsManager: updateStateTime: PkgName = com.binance.monitor, uid = 10512, state to fg, mForegroundCnt = 1, isFg = true
04-12 17:24:33.730  3590  9766 I OStatsManager_OplusBatteryStatsManager: notePkgForeground [com.android.launcher10214, com.binance.monitor10512], uid = 10512, pid = 7398, pkgName = com.binance.monitor
04-12 17:24:33.731  7398  7442 D OplusActivityManager: get AMS extension: android.os.BinderProxy@f01ca2
04-12 17:24:33.731  7409  7409 D CompatChangeReporter: Compat change id reported: 202956589; UID 10255; state: ENABLED
04-12 17:24:33.731  8338  8397 D AdfrV32FrameRateUtils: animationVelocityCalculator: nullbounds: 0 0 1264 2780
04-12 17:24:33.732  8338  8397 D AdfrV32FrameRateUtils: animationVelocityCalculator: nullbounds: 0 0 1264 2780
04-12 17:24:33.732  7398  7442 D SurfaceSyncGroup: preCreateSurfaceSyncGroupTimerThread
04-12 17:24:33.732  2113  2113 I sensors-hal: ~qsh_qmi:68, ~qsh_qmi
04-12 17:24:33.732  2113  2113 I sensors-hal: activate:135, qti.sensor.rotation/1782 en=0 completed
04-12 17:24:33.732  3590  8849 D SensorServiceExtImpl: setLastEventStateForDisable reset the mRecentEvent handle = 1782
04-12 17:24:33.732  3590  8849 D SensorServiceExtImpl: disable reset the lastEvent handle = 1782 in disable
04-12 17:24:33.732  3590  8849 D SensorService: 15 active sensors
04-12 17:24:33.732 14011 15140 I Athena  : AthenaDynamicReceiver: pre_app:com.android.launcher, next_app:com.binance.monitor(10512|7398)
04-12 17:24:33.732  7409  7409 W libc    : Access denied finding property "ro.odm.prev.product.name"
04-12 17:24:33.732 20008 23186 D SceneSDK.1.0.4-SNAPSHOT.20008.DeepThinkerAppSwitchAbility: onAppSwitchEvent: AppSwitchEvent(timeStamp=1775985873727, eventType=2, targetName=com.android.launcher, firstStart=false, multiApp=false, windowMode=0, resumingPackageName=com.binance.monitor, resumingActivityName=com.binance.monitor.ui.main.MainActivity, isResumingMultiApp=false, isResumingFirstStart=true)
04-12 17:24:33.732 20008 23186 I ContextAware_AppRecommendAdapter: receive app recommend from AppSwitchEvent(eventId=2, switchInfo=AppSwitchInfo(targetName=com.android.launcher, firstStart=false, multiApp=false, windowMode=0, resumingPackageName=com.binance.monitor, resumingActivityName=com.binance.monitor.ui.main.MainActivity, isResumingFirstStart=true, isResumingMultiApp=false))
04-12 17:24:33.732 20008 23186 I ContextAware_AppRecentAdapter: click enter:com.binance.monitor
04-12 17:24:33.733  7398  7442 D ColorModeChangeItem: preExecute mColorMode=0
04-12 17:24:33.733  7409  7409 E OplusCustomizePackageManager: mIOplusCustomizePackageManagerService is null
04-12 17:24:33.733  7409  7409 E OplusCustomizePackageManager: mIOplusCustomizePackageManagerService is null
04-12 17:24:33.733  7409  7409 E OplusCustomizePackageManager: isOplusCertificatePackage Errorjava.lang.NullPointerException: Attempt to invoke interface method 'boolean android.os.customize.IOplusCustomizePackageManagerService.isOplusCertificatePackage(java.lang.String)' on a null object reference
04-12 17:24:33.733  3590  8849 D SensorService: ~SensorEventConnection(0xb4000070d4a5c000)
04-12 17:24:33.734  7398  7398 D CompactWindowAppManager: initCompactApplicationInfo CompactMode: , NormalMode: 
04-12 17:24:33.734 20008 23208 D SceneSDK.1.0.4-SNAPSHOT.20008.DeepThinkerAppSwitchAbility: onAppSwitchEvent: AppSwitchEvent(timeStamp=1775985873727, eventType=2, targetName=com.android.launcher, firstStart=false, multiApp=false, windowMode=0, resumingPackageName=com.binance.monitor, resumingActivityName=com.binance.monitor.ui.main.MainActivity, isResumingMultiApp=false, isResumingFirstStart=true)
04-12 17:24:33.734 20008 23208 I metis_v2_AppSwitchDataCollector: AppExitEvent =  com.android.launcher, NextAppName = com.binance.monitor
04-12 17:24:33.734  7409  7409 D nativeloader: Configuring clns-shared-9 for other apk /system_ext/app/workloadclassifier/workloadclassifier.apk. target_sdk_version=35, uses_libraries=, library_path=/system_ext/app/workloadclassifier/lib/arm64:/system/lib64:/system_ext/lib64, permitted_path=/data:/mnt/expand:/data/user/0/com.qualcomm.qti.workloadclassifier:/system_ext/app/workloadclassifier:/system/lib64:/system_ext/lib64
04-12 17:24:33.734 20008 20193 W metis_v2_OifaceBindUtils: bindTask
04-12 17:24:33.735  2013  2036 W statsd  : StatsPullerManager: Unknown tagId 150146
04-12 17:24:33.735  2013  2036 E statsd  : Stats puller failed for tag: 150146 at 1033089137719973
04-12 17:24:33.735  7398  7398 V Configuration: Updating configuration, locales updated from [] to [zh_CN]
04-12 17:24:33.735  2399  3197 I OplusPerfCollect: OplusPerfCollect onPullAtom
04-12 17:24:33.735  2399  3197 I OplusPerfCollect: OplusPerfCollect OplusVrrInfoRecord clear
04-12 17:24:33.735 20008 23186 I ContextAware_AppRecommendAlgorithm: After sort is [AppOrder{pkg='com.binance.monitor', score=55.996426', hourWeight=0.07255814', dayWeight=0.9}, AppOrder{pkg='com.tencent.mm', score=5.7633276', hourWeight=0.044289045', dayWeight=0.9}, AppOrder{pkg='com.mobilecodex.nativeapp', score=0.92239296', hourWeight=0.07079646', dayWeight=0.1}, AppOrder{pkg='com.binance.dev', score=0.25642788', hourWeight=0.07631579', dayWeight=0.6}, AppOrder{pkg='net.metaquotes.metatrader5', score=0.08599659', hourWeight=0.05319149', dayWeight=0.5}, AppOrder{pkg='com.xingin.xhs', score=0.05499711', hourWeight=0.034749035', dayWeight=0.5}, AppOrder{pkg='com.jin10', score=0.013782918', hourWeight=0.10344828', dayWeight=0.2}, AppOrder{pkg='com.ss.android.ugc.aweme', score=0.008659116', hourWeight=0.03508772', dayWeight=0.2}, AppOrder{pkg='com.sdu.didi.psnger', score=0.0077391593', hourWeight=0.14814815', dayWeight=0.2}, AppOrder{pkg='com.autonavi.minimap', score=0.0069326847', hourWeight=0.114035085', dayWeight=0.1}, AppOrder{pkg='com.duxiaoman.wallet', score=0.00431562', hourWeight=0.78571427', dayWeight=0.1}, AppOrder{pkg='com.coloros.calculator', score=0.00251288', hourWeight=0.42857143', dayWeight=0.1}, AppOrder{pkg='com.microsoft.emmx', score=0.002244567', hourWeight=0.025751073', dayWeight=0.1}, AppOrder{pkg='com.taobao.taobao', score=0.0018278678', hourWeight=0.06666667', dayWeight=0.2}, AppOrder{pkg='cn.gov.tax.its', score=0.0017705634', hourWeight=0.6666667', dayWeight=0.1}, AppOrder{pkg='com.greenpoint.android.mc10086.activity', score=0.0013933281', hourWeight=0.08695652', dayWeight=0.1}, AppOrder{pkg='com.xunmeng.pinduoduo', score=0.0013504816', hourWeight=0.02', dayWeight=0.1}, AppOrder{pkg='com.taobao.idlefish', score=0.0012650904', hourWeight=0.02', dayWeight=0.1}, AppOrder{pkg='com.smzdm.client.android', score=9.837836E-4', hourWeight=0.020547945', dayWeight=0.1}, AppOrder{pkg='com.tencent.mobileqq', score=9.118124E-4', hourWeight=0.125', dayWeight=0.1}, AppOrder{pkg='com.citiccard.mobilebank', score=6.0306233E-4', hourWeight=0.25', dayWeight=0.1}, AppOrder{pkg='com.eg.android.AlipayGphone', score=5.3249847E-4', hourWeight=0.02', dayWeight=0.1}, AppOrder{pkg='com.google.android.youtube', score=5.218442E-4', hourWeight=0.4', dayWeight=0.1}, AppOrder{pkg='com.sankuai.meituan', score=5.005552E-4', hourWeight=0.02', dayWeight=0.1}, AppOrder{pkg='com.icbc', score=5.0024147E-4', hourWeight=0.055555556', dayWeight=0.1}, AppOrder{pkg='com.jingdong.app.mall', score=4.9771206E-4', hourWeight=0.02', dayWeight=0.1}, AppOrder{pkg='com.netease.mail', score=4.778936E-4', hourWeight=0.02', dayWeight=0.1}, AppOrder{pkg='com.dianping.v1', score=4.517178E-4', hourWeight=0.02', dayWeight=0.1}, AppOrder{pkg='com.cs_credit_bank', score=3.629256E-4', hourWeight=0.33333334', dayWeight=0.1}, AppOrder{pkg='com.v2ray.ang', score=3.5517514E-4', hourWeight=0.02', dayWeight=0.1}, AppOrder{pkg='com.eastmoney.android.berlin', score=3.2219748E-4', hourWeight=0.02', dayWeight=0.1}, AppOrder{pkg='com.crcc.tjt', score=3.04902E-4', hourWeight=0.02', dayWeight=0.1}, AppOrder{pkg='com.jd.jrapp', score=2.829262E-4', hourWeight=0.16666667', dayWeight=0.1}, AppOrder{pkg='com.github.kr328.clash', score=2.6300238E-4', hourWeight=0.02', dayWeight=0.1}, AppOrder{pkg='com.ai.obc.cbn.app', score=2.5533378E-4', hourWeight=0.02', dayWeight=0.1}, AppOrder{pkg='com.coloros.codebook', score=2.52225E-4', hourWeight=0.02', dayWeight=0.1}, AppOrder{pkg='com.larus.nova', score=2.4239857E-4', hourWeight=0.02', dayWeight=0.1}, AppOrder{pkg='com.garmin.android.apps.connectmobile', score=2.2866871E-4', hourWeight=0.02', dayWeight=0.1}, AppOrder{pkg='com.follow.clash', score=1.96264E-4', hourWeight=0.02', dayWeight=0.1}, AppOrder{pkg='com.ct.client', score=1.9530421E-4', hourWeight=0.02', dayWeight=0.1}, AppOrder{pkg='air.tv.douyu.android', score=1.8734505E-4', hourWeight=0.02', dayWeight=0.1}, AppOrder{pkg='com.wm.dmall', score=1.703825E-4', hourWeight=0.02', dayWeight=0.1}, AppOrder{pkg='com.android.phone', score=1.[1/2] 
04-12 17:24:33.735 20008 23186 I ContextAware_AppRecommendAlgorithm: 4512599E-4', hourWeight=0.02', dayWeight=0.1}, AppOrder{pkg='com.android.vending', score=1.21381745E-4', hourWeight=0.02', dayWeight=0.1}, AppOrder{pkg='com.qidian.QDReader', score=9.995312E-5', hourWeight=0.02', dayWeight=0.1}, AppOrder{pkg='com.oplus.notificationmanager', score=9.086526E-5', hourWeight=0.02', dayWeight=0.1}, AppOrder{pkg='com.baidu.BaiduMap', score=8.643944E-5', hourWeight=0.02', dayWeight=0.1}, AppOrder{pkg='cmb.pb', score=8.394665E-5', hourWeight=0.02', dayWeight=0.1}, AppOrder{pkg='com.boohee.one', score=8.26048E-5', hourWeight=0.02', dayWeight=0.1}, AppOrder{pkg='com.uusense.speed', score=7.4921256E-5', hourWeight=0.02', dayWeight=0.1}, AppOrder{pkg='com.oplus.appdetail', score=7.45118E-5', hourWeight=0.02', dayWeight=0.1}, AppOrder{pkg='cn.wps.moffice_eng', score=6.3953E-5', hourWeight=0.02', dayWeight=0.1}, AppOrder{pkg='com.youdao.dict', score=5.41839E-5', hourWeight=0.02', dayWeight=0.1}, AppOrder{pkg='windinfo.android', score=5.0734954E-5', hourWeight=0.02', dayWeight=0.1}, AppOrder{pkg='com.heytap.browser', score=3.972803E-5', hourWeight=0.02', dayWeight=0.1}, AppOrder{pkg='com.bankofbeijing.mobilebanking', score=3.0407778E-5', hourWeight=0.02', dayWeight=0.1}, AppOrder{pkg='com.chinamobile.mcloud', score=2.7030132E-5', hourWeight=0.02', dayWeight=0.1}, AppOrder{pkg='tv.danmaku.bili', score=2.501241E-5', hourWeight=0.02', dayWeight=0.1}, AppOrder{pkg='com.oplus.blacklistapp', score=2.495756E-5', hourWeight=0.02', dayWeight=0.1}, AppOrder{pkg='com.github.android', score=2.4388019E-5', hourWeight=0.02', dayWeight=0.1}, AppOrder{pkg='com.ex3ndr.happy', score=2.415585E-5', hourWeight=0.02', dayWeight=0.1}, AppOrder{pkg='com.apkpure.aegon', score=2.235628E-5', hourWeight=0.02', dayWeight=0.1}, AppOrder{pkg='ctrip.android.view', score=2.0073781E-5', hourWeight=0.02', dayWeight=0.1}, AppOrder{pkg='com.oplus.wallpapers', score=1.7331029E-5', hourWeight=0.02', dayWeight=0.1}, AppOrder{pkg='com.oplus.battery', score=1.686315E-5', hourWeight=0.02', dayWeight=0.1}, AppOrder{pkg='io.legado.app.release', score=1.613716E-5', hourWeight=0.02', dayWeight=0.1}, AppOrder{pkg='com.unionpay', score=1.3592701E-5', hourWeight=0.02', dayWeight=0.1}, AppOrder{pkg='com.youdao.translator', score=1.3530356E-5', hourWeight=0.02', dayWeight=0.1}, AppOrder{pkg='com.oplus.wirelesssettings', score=1.3183169E-5', hourWeight=0.02', dayWeight=0.1}, AppOrder{pkg='com.cgbchina.xpt', score=1.1853394E-5', hourWeight=0.02', dayWeight=0.1}, AppOrder{pkg='com.lolaage.tbulu.tools', score=1.1179774E-5', hourWeight=0.02', dayWeight=0.1}, AppOrder{pkg='com.lb.app_manager', score=9.194242E-6', hourWeight=0.02', dayWeight=0.1}, AppOrder{pkg='com.coloros.sceneservice', score=7.3584456E-6', hourWeight=0.02', dayWeight=0.1}, AppOrder{pkg='com.heytap.mydevices', score=7.2730118E-6', hourWeight=0.02', dayWeight=0.1}, AppOrder{pkg='com.android.photopicker', score=6.734007E-6', hourWeight=0.02', dayWeight=0.1}, AppOrder{pkg='com.oplus.encryption', score=6.249804E-6', hourWeight=0.02', dayWeight=0.1}, AppOrder{pkg='com.wansu.motocircle', score=5.074532E-6', hourWeight=0.02', dayWeight=0.1}, AppOrder{pkg='com.oplus.trafficmonitor', score=3.8424596E-6', hourWeight=0.02', dayWeight=0.1}, AppOrder{pkg='com.openai.chatgpt', score=3.7789523E-6', hourWeight=0.02', dayWeight=0.1}, AppOrder{pkg='com.heytap.market', score=3.579541E-6', hourWeight=0.02', dayWeight=0.1}, AppOrder{pkg='com.pingan.carowner', score=3.397569E-6', hourWeight=0.02', dayWeight=0.1}, AppOrder{pkg='com.netease.cloudmusic', score=3.397569E-6', hourWeight=0.02', dayWeight=0.1}, AppOrder{pkg='com.oplus.multiapp', score=1.9212298E-6', hourWeight=0.02', dayWeight=0.1}, AppOrder{pkg='net.thunderbird.android', score=1.7218186E-6', hourWeight=0.02', dayWeight=0.1}, AppOrder{pkg='com.lietou.mishu', score=1.7218186E-6', hourWeight=0.02', dayWeight=0.1}][2/2] 
04-12 17:24:33.735  2013  2036 I statsd  : An anomaly (104240000001) (42)0x10000->10512[I] (42)0x20000->com.binance.monitor[S] (42)0x30000->.ui.main.MainActivity[S]  has occurred! Informing subscribers.
04-12 17:24:33.736  2013  2036 W statsd  : StatsPullerManager: Unknown tagId 150146
04-12 17:24:33.736  2013  2036 E statsd  : Gauge Stats puller failed for tag: 150146 at 1033089140069348
04-12 17:24:33.736  7398  7398 D OplusScrollToTopManager: setIsInWhiteList false
04-12 17:24:33.736  7409  7409 I kloadclassifier: AssetManager2(0xb400007246ca0428) locale list changing from [] to [zh-CN]
04-12 17:24:33.736 20008 23186 I ContextAware_AppRecommendDispatch: dispatch app event with app_recommend_event
04-12 17:24:33.736  7398  7398 D OplusViewDebugManager: OplusViewDebugManager Constructor android.view.debug.OplusViewDebugManager@a1548f0 [mHasViewDebugProperty true] [mHasMsgDebugProperty false] [DEBUG false] [EXTRAINFOENABLE false] [LIGHT_OS false]
04-12 17:24:33.736 20008 23186 I ContextAware_AppRecallManager: app recommend fire count:44
04-12 17:24:33.736  2088  2428 I sscrpcd : vendor/qcom/proprietary/adsprpc/src/apps_std_imp.c:1023: Successfully opened file /mnt/vendor/persist/sensors/registry/fstempfile
04-12 17:24:33.736 20008 23186 D SceneSDK.1.0.4-SNAPSHOT.20008.DeepThinkerAppSwitchAbility: onAppSwitchEvent: AppSwitchEvent(timeStamp=1775985873728, eventType=1, targetName=com.binance.monitor, firstStart=true, multiApp=false, windowMode=1, resumingPackageName=, resumingActivityName=, isResumingMultiApp=false, isResumingFirstStart=false)
04-12 17:24:33.736 20008 23186 I ContextAware_AppRecommendAdapter: receive app recommend from AppSwitchEvent(eventId=1, switchInfo=AppSwitchInfo(targetName=com.binance.monitor, firstStart=true, multiApp=false, windowMode=1, resumingPackageName=, resumingActivityName=, isResumingFirstStart=false, isResumingMultiApp=false))
04-12 17:24:33.736 10250 16917 I midasd  : app forground called:com.binance.monitor
04-12 17:24:33.737 10250 16912 D midasd  : PowerFactors is null 
04-12 17:24:33.737  2278  2278 I CameraMidasService: getExplorerInfo The size of ExplorerInfo is 240 ,The size of ExplorerInfo is 0, The memory size of ExplorerInfo is 0
04-12 17:24:33.737 10250 16912 D midasd  : getExplorerInfo is null 
04-12 17:24:33.737 15031 24719 I OplusObrain: OplusObrainClientInvoke.nativeGetTelephonyInfo
04-12 17:24:33.737 20008 20193 E metis_v2_JenaHandlerManager: local thread match
04-12 17:24:33.737  7398  7398 D CompatChangeReporter: Compat change id reported: 242716250; UID 10512; state: ENABLED
04-12 17:24:33.737 20008 20193 E metis_v2_JenaHandlerManager: local thread match
04-12 17:24:33.737 15031 24719 I OplusObrain: OplusObrainClientInvoke.nativeGetTrafficTypeInfoForNetworkType networkType 0
04-12 17:24:33.738  2013  2036 I statsd  : An anomaly (119840000001) (100198)0x10000->com.binance.monitor[S] (100198)0x20000->10512[I]  has occurred! Informing subscribers.
04-12 17:24:33.738  2013  2036 E statsd  : Predicate 1508000004 dropping data for dimension key (100234)0x10000->10512[I] 
04-12 17:24:33.739 20008 23208 D SceneSDK.1.0.4-SNAPSHOT.20008.DeepThinkerAppSwitchAbility: onAppSwitchEvent: AppSwitchEvent(timeStamp=1775985873728, eventType=1, targetName=com.binance.monitor, firstStart=true, multiApp=false, windowMode=1, resumingPackageName=, resumingActivityName=, isResumingMultiApp=false, isResumingFirstStart=false)
04-12 17:24:33.739 20008 23208 I metis_v2_AppSwitchDataCollector: AppEnterEvent =  com.binance.monitor, windowMode = 1,firstStart = true
04-12 17:24:33.739 20008 23208 W metis_v2_AppSwitchDataCollector: fenceKey = com.oplus.metis:TOP_APPLICATION, getExits = [], getEnters = [] packageName = com.binance.monitor
04-12 17:24:33.739 20008 23208 W metis_v2_AppSwitchDataCollector: pid = 7398, cachePid=9171
04-12 17:24:33.739 15031 24719 I OplusObrain: OplusObrainClientInvoke.getAllTopAppInfos
04-12 17:24:33.739  8338  8397 D AdfrV32FrameRateUtils: animationVelocityCalculator: nullbounds: 0 0 1264 2780
04-12 17:24:33.740  8338  8397 D AdfrV32FrameRateUtils: animationVelocityCalculator: nullbounds: 0 0 1264 2780
04-12 17:24:33.740  3590  8619 D FlexibleTaskController: check task which not have enough child, isInSingleWhiteList:false isCloneTask:false
04-12 17:24:33.741  2088  2428 I sscrpcd : vendor/qcom/proprietary/adsprpc/src/apps_std_imp.c:1023: Successfully opened file /mnt/vendor/persist/sensors/registry/fstempfile
04-12 17:24:33.742  7398  7398 W libc    : Access denied finding property "ro.odm.prev.product.name"
04-12 17:24:33.742  7409  7409 V GraphicsEnvironment: Currently set values for:
04-12 17:24:33.742  7409  7409 V GraphicsEnvironment:   angle_gl_driver_selection_pkgs=[]
04-12 17:24:33.742  7409  7409 V GraphicsEnvironment:   angle_gl_driver_selection_values=[]
04-12 17:24:33.742  7409  7409 V GraphicsEnvironment: com.qualcomm.qti.workloadclassifier is not listed in per-application setting
04-12 17:24:33.742  7409  7409 V GraphicsEnvironment: ANGLE allowlist from config: 
04-12 17:24:33.742  7409  7409 V GraphicsEnvironment: com.qualcomm.qti.workloadclassifier is not listed in ANGLE allowlist or settings, returning default
04-12 17:24:33.743  7409  7409 D ResourcesManagerExtImpl: applyConfigurationToAppResourcesLocked app.getDisplayId() return callback.displayId:-1
04-12 17:24:33.744  3590  8619 I ActivityManager: Flag disabled. Ignoring finishAttachApplication from uid: 10255. pid: 7409
04-12 17:24:33.745  7409  7409 E ANDR-PERF-CLIENT-SYS: death recipent object is fine
04-12 17:24:33.745  7409  7409 W kloadclassifier: AIBinder_linkToDeath is being called with a non-null cookie and no onUnlink callback set. This might not be intended. AIBinder_DeathRecipient_setOnUnlinked should be called first.
04-12 17:24:33.745  7409  7409 D OplusActivityManager: get AMS extension: android.os.BinderProxy@c5760ee
04-12 17:24:33.745  2088  2428 I sscrpcd : vendor/qcom/proprietary/adsprpc/src/apps_std_imp.c:1023: Successfully opened file /mnt/vendor/persist/sensors/registry/fstempfile
04-12 17:24:33.746 20008 23208 I metis_v2_AppSwitchDataCollector:  set isNotifiedTVCast
04-12 17:24:33.747 20008  7463 I ContextAware_AppSortAlgorithmManager: sortForAppRecommendChange sendMessage
04-12 17:24:33.747  3590  8619 D ActivityManager: Async freezing 7409 com.qualcomm.qti.workloadclassifier
04-12 17:24:33.747  1896  7348 D FeedBackBatteryStatsService: dumpsys cpuinfo
04-12 17:24:33.748  8338  8397 D AdfrV32FrameRateUtils: animationVelocityCalculator: nullbounds: 0 0 1264 2780
04-12 17:24:33.748  8338  8397 D AdfrV32FrameRateUtils: animationVelocityCalculator: nullbounds: 0 0 1264 2780
04-12 17:24:33.748  3590  8790 D ActivityManager: Cancel freezing 7409 com.qualcomm.qti.workloadclassifier
04-12 17:24:33.751 20008 23208 E metis_v2_FactManager: There is no subModel: com.oplus.linker
04-12 17:24:33.751 20008 23208 I metis_v2_AppSwitchDataCollector: Skip call fire
04-12 17:24:33.751  2088  2428 I sscrpcd : vendor/qcom/proprietary/adsprpc/src/apps_std_imp.c:1023: Successfully opened file /mnt/vendor/persist/sensors/registry/fstempfile
04-12 17:24:33.751  7409  7409 D nativeloader: Load /system_ext/lib64/libqti_workloadclassifiermodel.so using ns default for caller /system_ext/app/workloadclassifier/workloadclassifier.apk in same partition (is_bridged=0): ok
04-12 17:24:33.752  7409  7409 I tflite  : Initialized TensorFlow Lite runtime.
04-12 17:24:33.753  7409  7473 D WLC-Service: perf mpctl Init Completed
04-12 17:24:33.754  7409  7473 E ashmem  : Pinning is deprecated since Android Q. Please use trim or other methods.
04-12 17:24:33.755  7409  7473 W SQLiteLog: (28) double-quoted string literal: "com.binance.monitor"
04-12 17:24:33.756  2088  2428 I sscrpcd : vendor/qcom/proprietary/adsprpc/src/apps_std_imp.c:1023: Successfully opened file /mnt/vendor/persist/sensors/registry/fstempfile
04-12 17:24:33.756  8338  8397 D AdfrV32FrameRateUtils: animationVelocityCalculator: nullbounds: 0 0 1264 2780
04-12 17:24:33.756  8338  8397 D AdfrV32FrameRateUtils: animationVelocityCalculator: nullbounds: 0 0 1264 2780
04-12 17:24:33.760 21998 22023 D libc-netbsd: [oplusDnsOpenProxy]: __netdClientDispatch.connect errno = 111
04-12 17:24:33.760 20008 22191 I ContextAware_AppDispatcher: dispatch app list:67,Total packages:com.binance.monitor,com.tencent.mm,com.mobilecodex.nativeapp,com.binance.dev,net.metaquotes.metatrader5,com.xingin.xhs,com.jin10,com.ss.android.ugc.aweme,com.sdu.didi.psnger,com.autonavi.minimap,com.duxiaoman.wallet,com.coloros.calculator,com.microsoft.emmx,com.taobao.taobao,cn.gov.tax.its,com.greenpoint.android.mc10086.activity,com.xunmeng.pinduoduo,com.taobao.idlefish,com.smzdm.client.android,com.tencent.mobileqq,com.citiccard.mobilebank,com.eg.android.AlipayGphone,com.google.android.youtube,com.sankuai.meituan,com.icbc,com.jingdong.app.mall,com.netease.mail,com.dianping.v1,com.cs_credit_bank,com.v2ray.ang,com.eastmoney.android.berlin,com.crcc.tjt,com.jd.jrapp,com.github.kr328.clash,com.ai.obc.cbn.app,com.larus.nova,com.garmin.android.apps.connectmobile,com.follow.clash,com.ct.client,air.tv.douyu.android,com.wm.dmall,com.android.vending,com.qidian.QDReader,com.baidu.BaiduMap,cmb.pb,com.boohee.one,com.uusense.speed,cn.wps.moffice_eng,com.youdao.dict,windinfo.android,com.heytap.browser,com.bankofbeijing.mobilebanking,tv.danmaku.bili,com.github.android,com.apkpure.aegon,ctrip.android.view,io.legado.app.release,com.unionpay,com.youdao.translator,com.cgbchina.xpt,com.lolaage.tbulu.tools,com.openai.chatgpt,com.heytap.market,com.pingan.carowner,com.netease.cloudmusic,net.thunderbird.android,com.lietou.mishu
04-12 17:24:33.761 20008 22191 I metis_v2_BreenoSwitchSettingObserver: panta-sugg-getMasterSwitchStatus from cache:true
04-12 17:24:33.763  2088  2428 I sscrpcd : vendor/qcom/proprietary/adsprpc/src/apps_std_imp.c:1023: Successfully opened file /mnt/vendor/persist/sensors/registry/fstempfile
04-12 17:24:33.764 28141 18561 I GoLog   : from tcp:127.0.0.1:52710 accepted tcp:111.31.67.187:443 [socks -> direct]
04-12 17:24:33.764  8338  8397 D AdfrV32FrameRateUtils: animationVelocityCalculator: nullbounds: 0 0 1264 2780
04-12 17:24:33.765  8338  8397 D AdfrV32FrameRateUtils: animationVelocityCalculator: nullbounds: 0 0 1264 2780
04-12 17:24:33.766 14034 15346 D NetworkService[1]: getIfIndexByNetid netId:265,ifName:tun0,ifIndex:99
04-12 17:24:33.766 14034 15346 D NetworkService[0]: getIfIndexByNetid netId:265,ifName:tun0,ifIndex:99
04-12 17:24:33.766  2088  2428 I sscrpcd : vendor/qcom/proprietary/adsprpc/src/apps_std_imp.c:1023: Successfully opened file /mnt/vendor/persist/sensors/registry/fstempfile
04-12 17:24:33.768  8730  9060 I SystemUiProxy: SystemUiProxy#getRecentTasks isInGoRecentsAnim: false
04-12 17:24:33.769  3590  9025 D ActivityTaskManager: Skipping, invisible task: Task{735fad8 #2 type=undefined I=com.android.launcher/.Launcher}
04-12 17:24:33.769  3590  9025 D ActivityTaskManager: after skip size:3,pre-Filtered:com.binance.monitor # com.mobilecodex.nativeapp # com.tencent.mm # 
04-12 17:24:33.770 20008 22191 I ContextAware_CardChannelHandler: [breeno-launcher]no card, release not send
04-12 17:24:33.771  2088  2428 I sscrpcd : vendor/qcom/proprietary/adsprpc/src/apps_std_imp.c:1023: Successfully opened file /mnt/vendor/persist/sensors/registry/fstempfile
04-12 17:24:33.773  8338  8397 D AdfrV32FrameRateUtils: animationVelocityCalculator: nullbounds: 0 0 1264 2780
04-12 17:24:33.773  8338  8397 D AdfrV32FrameRateUtils: animationVelocityCalculator: nullbounds: 0 0 1264 2780
04-12 17:24:33.774  2088  2428 I sscrpcd : vendor/qcom/proprietary/adsprpc/src/apps_std_imp.c:1023: Successfully opened file /mnt/vendor/persist/sensors/registry/fstempfile
