04-12 17:24:35.618  7560  7581 I MetaDataUtils: hasMetaData: packageName = com.android.incallui, metaDataName = ai_summary_support, enableValue = true, metaDataValue = true, hasMeta = true
04-12 17:24:35.619  7560  7581 I MetaDataUtils: cacheAllMetaDataOfPackage: packageName = com.android.server.telecom, count = 4
04-12 17:24:35.619  7560  7581 I MetaDataUtils: hasMetaData: packageName = com.android.server.telecom, metaDataName = ai_summary_support, enableValue = true, metaDataValue = true, hasMeta = true
04-12 17:24:35.619  7560  7581 I MetaDataUtils: cacheAllMetaDataOfPackage: packageName = com.android.phone, count = 3
04-12 17:24:35.619  7560  7581 I MetaDataUtils: hasMetaData: packageName = com.android.phone, metaDataName = ai_summary_support, enableValue = true, metaDataValue = true, hasMeta = true
04-12 17:24:35.619  7560  7581 I MetaDataUtils: cacheAllMetaDataOfPackage: packageName = com.coloros.accessibilityassistant, count = 1
04-12 17:24:35.619  7560  7581 I MetaDataUtils: hasMetaData: packageName = com.coloros.accessibilityassistant, metaDataName = support_summary, enableValue = true, metaDataValue = true, hasMeta = true
04-12 17:24:35.619  7560  7581 I MetaDataUtils: hasMetaData: packageName = com.android.providers.contacts, metaDataName = breeno_summary_support, enableValue = true, metaDataValue = true, hasMeta = true
04-12 17:24:35.619  7560  7613 D CustSimCardUtils: isSoftSimCard: false, slot 0
04-12 17:24:35.619  7560  7613 D CustSimCardUtils: isSoftSimCard: false, slot 1
04-12 17:24:35.619  7560  7581 I FeatureOpt: isSupportCallSummary: true, isTablet: false, phone: true, accessibility: true, breeno: true
04-12 17:24:35.619  7560  7581 I RecordingSummaryUpdater: start.
04-12 17:24:35.620  7560  7613 D CustSimCardUtils: isSoftSimCard: false, slot 0
04-12 17:24:35.620  7560  7613 D CustSimCardUtils: isSoftSimCard: false, slot 1
04-12 17:24:35.621  7560  7613 I SimStateReceiver: return because we are the first receive the broadcast, and we register the receiver dynamically, we will receive sticky broadcast , so ignore the first broadcast
04-12 17:24:35.622  7560  7595 I CallRecording: queryCallRecordings: fullInfo: false, count: 0, take: 2
04-12 17:24:35.622  7560  7595 I CallRecording: queryCallRecordings: fullInfo: false, count: 0, take: 0
04-12 17:24:35.665  3590  8279 D Osense-BaseDecisionMaker: notifyDelayedSceneToPolicy
04-12 17:24:35.676  2181  2506 I SDM     : DisplayBuiltIn::IdlePowerCollapse: IPC received, disabling partial update for one frame
04-12 17:24:35.679  2181  2181 E CwbService: Panel not support apl read or getDisplayPanelAplValue timeout 10ms.
04-12 17:24:35.679  2258  2258 D SensorFeature: name=ssc_screenshot_info ,index = 22
04-12 17:24:35.679  2258  2258 D SensorFeature: write 41 bytes:1033091031692941,1033091082689191,39114,0
04-12 17:24:35.681  2113 30657 I sensors-hal: handle_oplus_wise_rgb_event:161, wise_rgb: (22856)(cct, lux, ir)[6072.44, 171.08, 51.230911] (r, g, b, c)[8310.51, 5307.39, 3480.21, 15514.67]                 (pwm, hbm, brl, algo)[0.0 0.0 1351.0 2.0], flag 39114
04-12 17:24:35.739  3590  7166 I OplusCpuLimitManager: OplusCpuHighLoad: request instant cpu load
04-12 17:24:35.740  3590  7166 E OsenseCommonUtils: write /dev/memcg/memory.force_shrink_file failed
04-12 17:24:35.740  3590  7166 E OsenseCommonUtils: java.io.IOException: write failed: EBUSY (Device or resource busy)
04-12 17:24:35.740  3590  7166 E OsenseCommonUtils: 	at libcore.io.IoBridge.write(IoBridge.java:651)
04-12 17:24:35.740  3590  7166 E OsenseCommonUtils: 	at java.io.FileOutputStream.write(FileOutputStream.java:436)
04-12 17:24:35.740  3590  7166 E OsenseCommonUtils: 	at sun.nio.cs.StreamEncoder.writeBytes(StreamEncoder.java:233)
04-12 17:24:35.740  3590  7166 E OsenseCommonUtils: 	at sun.nio.cs.StreamEncoder.implFlushBuffer(StreamEncoder.java:309)
04-12 17:24:35.740  3590  7166 E OsenseCommonUtils: 	at sun.nio.cs.StreamEncoder.implFlush(StreamEncoder.java:313)
04-12 17:24:35.740  3590  7166 E OsenseCommonUtils: 	at sun.nio.cs.StreamEncoder.flush(StreamEncoder.java:153)
04-12 17:24:35.740  3590  7166 E OsenseCommonUtils: 	at java.io.OutputStreamWriter.flush(OutputStreamWriter.java:248)
04-12 17:24:35.740  3590  7166 E OsenseCommonUtils: 	at com.android.server.oplus.osense.utils.OsenseCommonUtils.writeFile(OsenseCommonUtils.java:154)
04-12 17:24:35.740  3590  7166 E OsenseCommonUtils: 	at com.android.server.am.OplusOsenseCompressAction.doGlobalShrink(OplusOsenseCompressAction.java:1887)
04-12 17:24:35.740  3590  7166 E OsenseCommonUtils: 	at com.android.server.am.OplusOsenseCompressAction.-$$Nest$mdoGlobalShrink(Unknown Source:0)
04-12 17:24:35.740  3590  7166 E OsenseCommonUtils: 	at com.android.server.am.OplusOsenseCompressAction$CompressHandler.handleMessage(OplusOsenseCompressAction.java:1335)
04-12 17:24:35.740  3590  7166 E OsenseCommonUtils: 	at android.os.Handler.dispatchMessage(Handler.java:115)
04-12 17:24:35.740  3590  7166 E OsenseCommonUtils: 	at android.os.Looper.loopOnce(Looper.java:302)
04-12 17:24:35.740  3590  7166 E OsenseCommonUtils: 	at android.os.Looper.loop(Looper.java:412)
04-12 17:24:35.740  3590  7166 E OsenseCommonUtils: 	at android.os.HandlerThread.run(HandlerThread.java:85)
04-12 17:24:35.740  3590  7166 E OsenseCommonUtils: Caused by: android.system.ErrnoException: write failed: EBUSY (Device or resource busy)
04-12 17:24:35.740  3590  7166 E OsenseCommonUtils: 	at libcore.io.Linux.writeBytes(Native Method)
04-12 17:24:35.740  3590  7166 E OsenseCommonUtils: 	at libcore.io.Linux.write(Linux.java:336)
04-12 17:24:35.740  3590  7166 E OsenseCommonUtils: 	at libcore.io.ForwardingOs.write(ForwardingOs.java:948)
04-12 17:24:35.740  3590  7166 E OsenseCommonUtils: 	at libcore.io.BlockGuardOs.write(BlockGuardOs.java:448)
04-12 17:24:35.740  3590  7166 E OsenseCommonUtils: 	at libcore.io.IoBridge.write(IoBridge.java:646)
04-12 17:24:35.740  3590  7166 E OsenseCommonUtils: 	... 14 more
04-12 17:24:35.740  3590  7166 I OplusCpuLimitManager: OplusCpuHighLoad: release instant cpu load
04-12 17:24:35.741  2727  3986 D QmiClient: qmiServiceEventCallback recv msg id 1099
04-12 17:24:35.741  3438  3988 D QmiClient: qmiServiceEventCallback recv msg id 1099
04-12 17:24:35.741  3438  3988 D QmiClient: enter -mServiceType 4 onQmiServiceEventCallback msgId 1099
04-12 17:24:35.741  3438  3988 D QmiClient: onQmiServiceEventCallback - enter. msgId=1099
04-12 17:24:35.741  3438  3988 D QmiVsClientEvent: QosPeriodReportInd MSG IND data_len 2052
04-12 17:24:35.741  2727  3986 D QmiClient: enter -mServiceType 4 onQmiServiceEventCallback msgId 1099
04-12 17:24:35.741  3438  3988 D QmiVsClientEvent: qmiVsClientNotifyQosPeriodReportIndEvent - RADIO_EVENT_QOS_PERIOD_REPORT_NOTIFY_IND
04-12 17:24:35.741  2727  3986 D QmiClient: onQmiServiceEventCallback - enter. msgId=1099
04-12 17:24:35.741  2727  3986 D QmiVsClientEvent: QosPeriodReportInd MSG IND data_len 2052
04-12 17:24:35.741  2727  3986 D QmiVsClientEvent: qmiVsClientNotifyQosPeriodReportIndEvent - RADIO_EVENT_QOS_PERIOD_REPORT_NOTIFY_IND
04-12 17:24:35.742  2727  2826 D VsProxy : handleMessage msg is 2420
04-12 17:24:35.742  3438  3485 D VsProxy : handleMessage msg is 2420
04-12 17:24:35.742  2727  2826 D VsProxy : handleQosPeriodReportInd for instance 0 data_len 53
04-12 17:24:35.742  3438  3485 D VsProxy : handleQosPeriodReportInd for instance 1 data_len 185
04-12 17:24:35.742 14034   947 D SubsysRadioIndication[1]: radioQosPeriodReportInd result [8, -45, -80, -90, -128, 15, 18, 21, 8, -121, -80, -90, -128, 15, 16, 18, 32, -7, 40, 40, 18, 56, -105, 3, 64, -85, 1, 72, 1, 26, 13, 8, -121, -80, -90, -128, 15, 16, 20, 40, 21, 56, -28, 95, 34, 12, 8, -30, -100, -91, -128, 15, 16, 4, 24, 1, 32, 3, 58, 61, 8, -112, -81, -90, -128, 15, 16, 5, 24, -98, -23, 30, 32, -10, 3, 40, -88, -1, -1, -1, -1, -1, -1, -1, -1, 1, 48, -11, -1, -1, -1, -1, -1, -1, -1, -1, 1, 56, 7, 64, -91, -1, -1, -1, -1, -1, -1, -1, -1, 1, 72, -89, -1, -1, -1, -1, -1, -1, -1, -1, 1, 66, 31, 8, -18, -99, -91, -128, 15, 16, 5, 24, 2, 34, 19, 8, -98, -23, 30, 16, -10, 3, 24, 41, 32, 13, 40, -126, -64, -27, -123, 21, 48, 2, 90, 0, 98, 10, 8, -66, -31, -92, -128, 15, 16, 3, 24, 5, 122, 15, 8, -15, -81, -90, -128, 15, 16, -39, 1, 24, -36, 1, 32, -52, 8]
04-12 17:24:35.742 14034 14677 D SubsysRadioIndication[0]: radioQosPeriodReportInd result [8, -45, -80, -90, -128, 15, 34, 12, 8, -30, -100, -91, -128, 15, 16, 4, 24, 1, 32, 3, 66, 0, 90, 0, 98, 10, 8, -50, -22, -9, -2, 14, 16, 3, 24, 5, 122, 15, 8, -7, -102, -126, -4, 14, 16, -34, 2, 24, -21, 1, 32, -30, 9]
04-12 17:24:35.742 14034 14034 D NetworkService[1]: handleMessage what:1005
04-12 17:24:35.742 14034 14034 D RadioAtomTracker: parseQosPeriodData ModemQos:CellularQosInfo1{5G, 504990/502, EndcState=2, Band=41, DLBW=13, Rsrp=-88, Rsrq=-11, Snr=7, SvcStatus=3, ULPDCPNumDataPdu=18, ULPDCPNumDropPdu=0, ULPDCPTput=5241, ULRLCNumDataPdu=18, ULRLCNumRetxPdu=0, ULGrant=407, ULBSR=171, ULBler=1, DLPDCPNumDataPdu=21, DLPDCPTput=12260, DLRLCNumDataPdu=20, DLRLCNumRetxPdu=0, DLRLCNumDropPdu=0, DLMACPaddingBytes=0, DLPdcpNumMissToUppPdu=0, DLBler=0, RlfCount=0, CellChangeCount=0, IsRedirectionOccur=0, IsDualSimConflict=0, Latency=10, Sub1RrcState=1, Sub2RrcState=3, RachCount=0, CalcPower=217, Mtpl=220, PathLoss=1100, CellLoad=0}
04-12 17:24:35.742 14034 14034 D NetworkService[1]: tryReportModemUlTPutGuarantee: clear calculator
04-12 17:24:35.742 14034 14034 D NetworkService[1]: EVENT_REG_QOS_PERIOD_REPORT_IND_CHANGED ENTER
04-12 17:24:35.742 14034 14034 D NetworkService[0]: handleMessage what:1005
04-12 17:24:35.742 14034 14034 D RadioAtomTracker: parseQosPeriodData ModemQos:CellularQosInfo2{0G, -1/-1, EndcState=0, Band=-1, DLBW=-1, Rsrp=-1, Rsrq=-1, Snr=-999, SvcStatus=3, ULPDCPNumDataPdu=-1, ULPDCPNumDropPdu=-1, ULPDCPTput=-1, ULRLCNumDataPdu=-1, ULRLCNumRetxPdu=-1, ULGrant=-1, ULBSR=-1, ULBler=-1, DLPDCPNumDataPdu=-1, DLPDCPTput=-1, DLRLCNumDataPdu=-1, DLRLCNumRetxPdu=-1, DLRLCNumDropPdu=-1, DLMACPaddingBytes=-1, DLPdcpNumMissToUppPdu=-1, DLBler=-1, RlfCount=0, CellChangeCount=0, IsRedirectionOccur=0, IsDualSimConflict=0, Latency=0, Sub1RrcState=1, Sub2RrcState=3, RachCount=0, CalcPower=350, Mtpl=235, PathLoss=1250, CellLoad=0}
04-12 17:24:35.742 14034 14034 D NetworkService[0]: EVENT_REG_QOS_PERIOD_REPORT_IND_CHANGED ENTER
04-12 17:24:35.742 14034 14034 D AtomModemKpiInfo: handleMessage what:1001
04-12 17:24:35.742 14034 14034 D AtomModemKpiInfo: analyseQosInfo success
04-12 17:24:35.744 21808 21823 I MMKV    : <MMKV_IO.cpp:456::writeActualSize> [mmkv.default] increase sequence to 541588, crc 301534132, actualSize 933
04-12 17:24:35.778  8406 10560 D OplusCellularNetworkConfig: getDnsQueryPriority value=http://pdns.dnspod.cn
04-12 17:24:35.778 14034 15313 D NetworkService[0]: getActiveNetworks networkList size:1
04-12 17:24:35.778 14034 15313 D SubsysThreadPool: execute task
04-12 17:24:35.779 14034 14759 D libc-netbsd: [oplusDnsOpenProxy]: __netdClientDispatch.connect errno = 111
04-12 17:24:35.779 14034 14759 D DNS_CACHE: oplus_oplus_getaddrinfo_proxy open dns proxy failed, use android flow: 1000
04-12 17:24:35.784  3590  7344 W OPLUS_LOG_LOAD: ==LOGS PROG INFO, prog(system_server) ==
04-12 17:24:35.784  3590  7344 V AlarmManager: sending alarm Alarm{897839b type 1 origWhen 1775985875784 whenElapsed 1033091198 android} uid 1000 whenElapsed 1033091198 windowLength 0 maxWhenElapsed 1033091198 repeatInterval 0 action null component null tag StorgaeBandInfoAlarmTag flags 0x9 procName system_server
04-12 17:24:35.784  7560  7583 D ContactsApplication: asyncInitBusinessHall: start.
04-12 17:24:35.784  7560  7583 I BusinessHallModule: user is unlock
04-12 17:24:35.784  7560  7583 I BusinessHallModule: initBusinessHallConfig
04-12 17:24:35.784  3590 10338 E OplusStorageUFSBandwidth: storage_io_metrics_path is /proc/oplus_storage/io_metrics/forever/
04-12 17:24:35.785  3590 10338 E OplusStorageUFSBandwidth: Bandwidth - Read: 36.48 MB/s, Write: 1.50 MB/s
04-12 17:24:35.785  3590 10338 E OplusStorageUFSBandwidth: Task time: 1ms
04-12 17:24:35.785  7560  7583 D business_hall: [BusinessHallSwitchHelper] isConfigSwitchStatus=null
04-12 17:24:35.785  7560  7583 W MMKVSPProvider: mmkvTryInit initDir:/data/user/0/com.android.contacts/files/mmkv
04-12 17:24:35.785  7560  7583 W MMKVSPProvider: MMKV.initialize@Before
04-12 17:24:35.785  7560  7583 D MMKVSPProvider: mmkvTryInit loadLibrary:mmkv
04-12 17:24:35.787  7560  7583 D nativeloader: Load /product/priv-app/Contacts/Contacts.apk!/lib/arm64-v8a/libmmkv.so using class loader ns product-clns-9 (caller=/my_stock/priv-app/Contacts/Contacts.apk!classes2.dex): ok
04-12 17:24:35.787  7560  7583 I MMKV    : <native-bridge.cpp:101::JNI_OnLoad> current API level = 36
04-12 17:24:35.787  7560  7583 I MMKV    : <MMKV.cpp:192::initialize> page size:4096
04-12 17:24:35.787  7560  7583 I MMKV    : <MMKV.cpp:206::initializeMMKV> root dir: /data/user/0/com.android.contacts/files/mmkv
04-12 17:24:35.787  7560  7583 W MMKVSPProvider: MMKV.initialize@After
04-12 17:24:35.788  7560  7583 I MMKV    : <MMKV.cpp:335::loadFromFile> loading [mmkv.default] with 87496 size in total, file size is 131072, InterProcess 1
04-12 17:24:35.788  7560  7583 I MMKV    : <MMKV.cpp:359::loadFromFile> loading [mmkv.default] with crc 396473910 sequence 289 version 1
04-12 17:24:35.789  7560  7583 I MMKV    : <MMKV.cpp:380::loadFromFile> loaded [mmkv.default] with 397 values
04-12 17:24:35.789  7560  7583 D business_hall: [BusinessHallSwitchHelper] server commonSwitch=
04-12 17:24:35.789  7560  7583 W business_hall: [BusinessHallApi] business initialized start sdk-version: 16.3.9 logDebug:false isDebug: false
04-12 17:24:35.789  7560  7583 W business_hall: [InitializeUtils] initialize: start
04-12 17:24:35.789  3590 10338 E OplusStorageUFSBandwidth: Alarm set to trigger in 10 seconds
04-12 17:24:35.794  7560  7583 D ServiceProviderImpl: setServiceInfo cacheKey=interface j4.a service=com.finshell.businesshall.database.DatabaseDaoServiceImpl@f8aea5d lazyInitializer=null
04-12 17:24:35.794  7560  7583 D ServiceProviderImpl: setServiceInfo cacheKey=interface r4.a service=q4.a@dac28a3 lazyInitializer=null
04-12 17:24:35.794  7560  7583 D ServiceProviderImpl: setServiceInfo cacheKey=interface com.finshell.weboffline.api.IWebOfflineService service=com.finshell.web.offline.OfflineRouteService@d10cf59 lazyInitializer=null
04-12 17:24:35.794  7560  7583 D WebOfflineFlow: isNotifyAwaitInited=false
04-12 17:24:35.795  7560  7583 D business_hall: [InitializeUtils] WEB_OFFLINE_DEBUG: false
04-12 17:24:35.796  7560  7583 I JSInstallInit: jsApi load: start
04-12 17:24:35.797  7560  7583 I JSInstallInit: Load jsbridge map from cache.
04-12 17:24:35.797  7560  7583 I JSInstallInit: Find jsbridge map finished, map size = 6, cost 1 ms.
04-12 17:24:35.797  7560  7583 D JsCallMethodCheck: init: 
04-12 17:24:35.801  7560  7583 D JsCallMethodCheck: parseJSApiConfig: domainWhiteListMap = {.fenzijr.com=DomainEntity{name='.fenzijr.com', business='null', isInside='1', methods=null}, test-www.phone580.net=DomainEntity{name='test-www.phone580.net', business='null', isInside='2', methods=[JSMethodEntity{id=146, method='null', description='null'}]}, 6dad9fab89beaf98.kf5.com=DomainEntity{name='6dad9fab89beaf98.kf5.com', business='null', isInside='2', methods=[JSMethodEntity{id=23, method='null', description='null'}, JSMethodEntity{id=77, method='null', description='null'}, JSMethodEntity{id=110, method='null', description='null'}]}, chatbot.aliyuncs.com=DomainEntity{name='chatbot.aliyuncs.com', business='null', isInside='2', methods=[JSMethodEntity{id=23, method='null', description='null'}, JSMethodEntity{id=77, method='null', description='null'}, JSMethodEntity{id=110, method='null', description='null'}]}, dx30.cn=DomainEntity{name='dx30.cn', business='null', isInside='2', methods=[JSMethodEntity{id=23, method='null', description='null'}, JSMethodEntity{id=77, method='null', description='null'}, JSMethodEntity{id=110, method='null', description='null'}]}, kaihu.tebon.com.cn=DomainEntity{name='kaihu.tebon.com.cn', business='null', isInside='2', methods=[JSMethodEntity{id=23, method='null', description='null'}, JSMethodEntity{id=77, method='null', description='null'}, JSMethodEntity{id=110, method='null', description='null'}]}, news.heytapdownload.com=DomainEntity{name='news.heytapdownload.com', business='null', isInside='2', methods=[JSMethodEntity{id=2, method='null', description='null'}, JSMethodEntity{id=4, method='null', description='null'}, JSMethodEntity{id=133, method='null', description='null'}, JSMethodEntity{id=5, method='null', description='null'}, JSMethodEntity{id=6, method='null', description='null'}, JSMethodEntity{id=7, method='null', description='null'}, JSMethodEntity{id=9, method='null', description='null'}, JSMethodEntity{id=10, method='null', description='null'}, JSMethodEntity{id=11, method='null', description='null'}, JSMethodEntity{id=12, method='null', description='null'}, JSMethodEntity{id=141, method='null', description='null'}, JSMethodEntity{id=13, method='null', description='null'}, JSMethodEntity{id=14, method='null', description='null'}, JSMethodEntity{id=15, method='null', description='null'}, JSMethodEntity{id=17, method='null', description='null'}, JSMethodEntity{id=18, method='null', description='null'}, JSMethodEntity{id=19, method='null', description='null'}, JSMethodEntity{id=20, method='null', description='null'}, JSMethodEntity{id=21, method='null', description='null'}, JSMethodEntity{id=22, method='null', description='null'}, JSMethodEntity{id=24, method='null', description='null'}, JSMethodEntity{id=25, method='null', description='null'}, JSMethodEntity{id=26, method='null', description='null'}, JSMethodEntity{id=27, method='null', description='null'}, JSMethodEntity{id=28, method='null', description='null'}, JSMethodEntity{id=30, method='null', description='null'}, JSMethodEntity{id=31, method='null', description='null'}, JSMethodEntity{id=32, method='null', description='null'}, JSMethodEntity{id=33, method='null', description='null'}, JSMethodEntity{id=34, method='null', description='null'}, JSMethodEntity{id=36, method='null', description='null'}, JSMethodEntity{id=37, method='null', description='null'}, JSMethodEntity{id=39, method='null', description='null'}, JSMethodEntity{id=40, method='null', description='null'}, JSMethodEntity{id=41, method='null', description='null'}, JSMethodEntity{id=42, method='null', description='null'}, JSMethodEntity{id=44, method='null', description='null'}, JSMethodEntity{id=45, method='null', description='null'}, JSMethodEntity{id=46, method='null', description='null'}, JSMethodEntity{id=47, method='null', description='null'}, JSMethodEntity{id=48, method='null', description='null'}, JSMethodEntity{id=49, method='null', description='null'}, JSMethodEntity{id=50, method='null', description='null'}, JSMethodEntity{id=51, method='null', description='nu
04-12 17:24:35.801  7560  7583 W business_hall: [InitializeUtils] initialize: ctaStatus = true
04-12 17:24:35.801  7560  7583 W business_hall: [InitializeUtils] initializeByCtaPass: thread = OT_dfd_2
04-12 17:24:35.801  7560  7583 D business_hall: [InitializeUtils] initProperty: isInnerDebug = false
04-12 17:24:35.802  7560  7583 D CompatChangeReporter: Compat change id reported: 312399441; UID 10103; state: ENABLED
04-12 17:24:35.803  7560  7583 I Wallet  : external file dir:/storage/emulated/0/Android/data/com.android.contacts/files
04-12 17:24:35.803  7560  7583 I Wallet  : rootDir:/storage/emulated/0/Android/data/com.android.contacts/files
04-12 17:24:35.806  7560  7625 D libc-netbsd: [oplusDnsOpenProxy]: __netdClientDispatch.connect errno = 111
04-12 17:24:35.806  7560  7625 D DNS_CACHE: oplus_oplus_getaddrinfo_proxy open dns proxy failed, use android flow: 10103
04-12 17:24:35.807  7560  7595 I userCenterIpc: get ipc remote data
04-12 17:24:35.807  7560  7595 I userCenterIpc: clean cache success
04-12 17:24:35.808  7560  7629 D nativeloader: Load /product/priv-app/Contacts/Contacts.apk!/lib/arm64-v8a/liblogan.so using class loader ns product-clns-9 (caller=/my_stock/priv-app/Contacts/Contacts.apk!classes2.dex): ok
04-12 17:24:35.811  7560  7583 I BusinessHallModule: initBusinessHallConfig finish, take: 27, menuRedDotVisible: false
04-12 17:24:35.811  7560  7583 D ContactsApplication: asyncInitBusinessHall: end. support: true, take: 27
04-12 17:24:35.811 28141 28333 I GoLog   : from udp:127.0.0.1:55612 accepted udp:114.114.114.114:53 [socks -> dns-out]
04-12 17:24:35.811 27910 27979 E ActivityThread: Failed to find provider info for com.platform.usercenter.vip
04-12 17:24:35.812 27910 27955 E FileStrategy: java.io.IOException: Read-only file system
04-12 17:24:35.812  7560  7595 I BusinessHallModule: accountAuthToken is empty : false
04-12 17:24:35.850  7560  7625 D libc-netbsd: [oplusDnsOpenProxy]: __netdClientDispatch.connect errno = 111
04-12 17:24:35.851 14034 15346 D NetworkService[1]: getIfIndexByNetid netId:265,ifName:tun0,ifIndex:99
04-12 17:24:35.851 14034 15346 D NetworkService[0]: getIfIndexByNetid netId:265,ifName:tun0,ifIndex:99
04-12 17:24:35.867  3590  3642 I system_server: Background concurrent mark compact GC freed 80MB AllocSpace bytes, 363(23MB) LOS objects, 39% free,146MB(M:137MB,L:9604KB)/242MB, paused 28.207ms,9.204ms total 492.296ms
04-12 17:24:35.868  3590  3643 I BpBinder: onLastStrongRef automatically unlinking death recipients: 
04-12 17:24:35.882  3438  4039 D QmiClient: qmiServiceEventCallback recv msg id 47
04-12 17:24:35.882  3438  4039 D QmiClient: enter -mServiceType 10 onQmiServiceEventCallback msgId 47
04-12 17:24:35.882  3438  4039 D QmiClient: onQmiServiceEventCallback - enter. msgId=47
04-12 17:24:35.882  3438  3488 D OttProxy: handleMessage msg is 3001
04-12 17:24:35.882 14034   947 D SubsysRadioIndication[1]: radioLinkLatencyInfoInd
04-12 17:24:35.882 14034   947 D SubsysRadioIndication[1]: notify enter
04-12 17:24:35.882 14034 14034 D NetworkService[1]: handleMessage what:1008
04-12 17:24:35.882 14034 14034 D NetworkService[1]: EVENT_REG_LINK_LATENCY_INFO_CHANGE ulLatency:8871
04-12 17:24:35.883  3590  3644 W System  : A resource failed to call CursorWindow.close. 
04-12 17:24:35.883  3590  3644 W System  : A resource failed to call release. 
04-12 17:24:35.892  3590  8849 D ActivityManager: Async freezing 20304 com.oplus.notificationmanager
04-12 17:24:35.910  2113 26293 I sensors-hal: handle_oplus_wise_rgb_event:189, high_pwm_light:lux 171.7,cct 6123.7,brl/algo/ir 1351.0/2.0/50.0,pwm/dc 0.0/0.0,rgbc 8265.642578/5285.386230/3460.337891/15477.357422,ts 1033091107087319,cnt 22864,flag 104650
04-12 17:24:35.910  2113 30657 I sensors-hal: handle_oplus_wise_rgb_event:161, wise_rgb: (22861)(cct, lux, ir)[6123.65, 171.72, 49.950237] (r, g, b, c)[8273.12, 5298.59, 3462.55, 15463.37]                 (pwm, hbm, brl, algo)[0.0 0.0 1351.0 2.0], flag 39114
04-12 17:24:35.930  3590  8282 I Osense-BaseDecisionMaker: notifySceneToAthenaPolicy: SCENE_RES_IO_PSI, bundle: Bundle[{ioLevel=3}]
04-12 17:24:35.930  3590  8282 I Osense-BaseDecisionMaker: scene: SCENE_RES_IO_PSI, excutingPolicy: reentrant
04-12 17:24:35.930  3590  8282 D Osense-BaseDecisionMaker: invoke reentrant policy
04-12 17:24:35.930 21796 21807 V OCAM_Performance: onOsenseEventSceneChanged, event: 112
04-12 17:24:35.930 21796 21807 V OCAM_Performance: onOsenseEventSceneChanged, [extra] startTime: 1775985875930
04-12 17:24:35.930 21796 21840 D OCAM_Performance: onOsenseEventSceneChanged, pressure IO eventStateType: 2, startTime: 1775985875930, currentAvailmem: 3400, killTriggerMem: 2000, ioLevel: 3
04-12 17:24:35.930 21796 21807 V OCAM_Performance: onOsenseEventSceneChanged, [extra] currentAvailmem: 3400
04-12 17:24:35.930 21796 21807 V OCAM_Performance: onOsenseEventSceneChanged, [extra] killTriggerMem: 2000
04-12 17:24:35.930 21796 21807 V OCAM_Performance: onOsenseEventSceneChanged, [extra] ioLevel: 3
04-12 17:24:35.930 21796 21807 V OCAM_Performance: onOsenseEventSceneChanged, event: 104
04-12 17:24:35.930 21796 21807 W OCAM_Performance: onOsenseEventSceneChanged, high I/O pressure
04-12 17:24:35.930 21796 21807 V OCAM_Performance: onOsenseEventSceneChanged, [extra] startTime: 1775985875930
04-12 17:24:35.979  2258  2258 D SensorFeature: name=ssc_screenshot_info ,index = 22
04-12 17:24:35.979  2258  2258 D SensorFeature: write 41 bytes:1033091031692941,1033091393547941,39115,0
04-12 17:24:36.040  2181  2506 I SDM     : DisplayBuiltIn::IdlePowerCollapse: IPC received, disabling partial update for one frame
04-12 17:24:36.138 21796 21807 V OCAM_Performance: onOsenseEventSceneChanged, event: 112
04-12 17:24:36.138 21796 21807 V OCAM_Performance: onOsenseEventSceneChanged, [extra] startTime: 1775985876138
04-12 17:24:36.138 21796 21807 V OCAM_Performance: onOsenseEventSceneChanged, [extra] currentAvailmem: 3403
04-12 17:24:36.138 21796 21807 V OCAM_Performance: onOsenseEventSceneChanged, [extra] killTriggerMem: 2000
04-12 17:24:36.138 21796 21807 V OCAM_Performance: onOsenseEventSceneChanged, [extra] ioLevel: 1
04-12 17:24:36.138 21796 21840 D OCAM_Performance: onOsenseEventSceneChanged, pressure IO eventStateType: 2, startTime: 1775985876138, currentAvailmem: 3403, killTriggerMem: 2000, ioLevel: 1
04-12 17:24:36.146 14034 15313 D CommonApp-266-10512: transport layer data is invalid
04-12 17:24:36.146 14034 15313 D CommonApp-265-10512: commonScoreStrategy scenarios 5 mdnsScore=0
04-12 17:24:36.146 14034 15313 D CommonApp-265-10512: notifyScoreChange appScene COMMON score 100
04-12 17:24:36.146 14034 15313 D ScorePolicy: handleScoreChanged: []
04-12 17:24:36.146 14034 15313 D ScorePolicy: handleScoreChanged: []
04-12 17:24:36.146 14034 15313 D ScorePolicy: handleScoreChanged: []
04-12 17:24:36.158  3590  8849 D NotificationService--OplusNotificationFixHelper: fixAppIcon: pkg=com.binance.monitor
04-12 17:24:36.158  3590  8849 D NotificationService--OplusNotificationFixHelper: fixAppIcon: appIcon = null, pkg = com.binance.monitor
04-12 17:24:36.176  3590  7333 D FusionLightNextGen: process end reported = 1, mode: 0, cnt: 82305, lux 166.3, cct 6006.4, r/g/b/c: 8270.6/5296.4/3471.4/15493.7, R/G/B: 37.0/38.0/38.0, bri 1351.0, match 1.00, ir 0.050705, conf 5.0, ts 1033091373509351
04-12 17:24:36.176  2113 30657 I sensors-hal: handle_oplus_wise_rgb_event:161, wise_rgb: (22866)(cct, lux, ir)[6060.99, 171.23, 51.415222] (r, g, b, c)[8268.14, 5300.79, 3464.75, 15503.01]                 (pwm, hbm, brl, algo)[0.0 0.0 1351.0 2.0], flag 39115
04-12 17:24:36.202  7398  7540 I ChainTrace: stream type=syncBootstrap gapMs=-1 refreshMarket=true
04-12 17:24:36.202  7398  7540 I ChainTrace: market_apply symbol=BTCUSDT closeTime=1775985899999 fetchMs=-1 triggerToApplyMs=-1
04-12 17:24:36.203  7398  7540 I ChainTrace: market_apply symbol=XAUUSDT closeTime=1775985899999 fetchMs=-1 triggerToApplyMs=-1
04-12 17:24:36.203  7398  7540 I ChainTrace: repo_kline symbol=BTCUSDT closeTime=1775985899999 applyToRepoMs=1
04-12 17:24:36.203  7398  7540 I ChainTrace: repo_kline symbol=XAUUSDT closeTime=1775985899999 applyToRepoMs=0
04-12 17:24:36.203  7398  7398 I ChainTrace: main_render symbol=BTCUSDT closeTime=1775985839999 repoToMainMs=-1 triggerToMainMs=-1
04-12 17:24:36.292  2181  2506 I SDM     : DisplayBuiltIn::IdlePowerCollapse: IPC received, disabling partial update for one frame
04-12 17:24:36.297 10330 10351 I ostats_tpd: stats_write, records atomId:100100, event_id:903, cpu:0, values: 903-0-1-213-(cpu-1-1-1)-28-0-1
04-12 17:24:36.297 10385 10548 I ThermalEngine: VIRTUAL-CPU-L-PID, Update received trip sensor cpu-1-1-1 92300
04-12 17:24:36.297 10330 10351 I ostats_tpd: stats_write, records atomId:100100, event_id:903, cpu:0, values: 903-0-1-213-(cpu-1-1-1)-28-0-1
04-12 17:24:36.316 10385 10548 I ThermalEngine: VIRTUAL-CPU-L-PID, Update received trip sensor cpu-1-1-1 79100
04-12 17:24:36.317  2280  2323 D vendor.oplus.hardware.charger-V10-service: ret_value:122, read content:,274,274,4277,4274,-191,82,84,1,1,0,494,5019,84,1,4480,600,500,0,0,9500,0,0,1,0,2,0,0,0,1,5868,96,0,4126,5064,0,0,0,0,0,0
04-12 17:24:36.317  2280  2323 D vendor.oplus.hardware.charger-V10-service: gmtime: 2026-04-12-17-24-36
04-12 17:24:36.317  2280  2323 D vendor.oplus.hardware.charger-V10-service: usb_online:1, ac_online:-2147483648, wireless_online:-2147483648
04-12 17:24:36.329  2187  2298 E PERFHAL-PERFCTRL: PERFHAL-PERFCTRL: chk_core_online_poll_loop() 748: poll() has timed out for /sys/kernel/msm_performance/events/cpu_hotplug
04-12 17:24:36.329  2187  2298 E PERFHAL-PERFCTRL: PERFHAL-PERFCTRL: chk_core_online_poll_loop() 743: Block on poll()
04-12 17:24:36.369  7398  7398 I ChainTrace: floating_update symbol=BTCUSDT closeTime=1775985839999 repoToFloatingUpdateMs=-1
04-12 17:24:36.373  2280  2331 D BatteryChargeControl: bcc get no support from charging protocol
04-12 17:24:36.374  7398  7398 I ChainTrace: floating_render symbol=BTCUSDT closeTime=1775985839999 updateToRenderMs=5 repoToFloatingRenderMs=-1 triggerToFloatingRenderMs=-1
04-12 17:24:36.376  2181  2506 I SDM     : DisplayBuiltIn::IdlePowerCollapse: IPC received, disabling partial update for one frame
04-12 17:24:36.377  3590  8849 V WindowManager: Relayout Window{2232c0f u0 com.binance.monitor}: viewVisibility=0, oldvis=0, req=315x429 , apr = 0, vsysui=, x=42, y=420
04-12 17:24:36.377  7398  7509 D BufferQueueProducer: [VRI[]#1(BLAST Consumer)1](id:1ce600000001,api:1,p:7398,c:7398) disconnect: api 1
04-12 17:24:36.377  3590  8849 D InsetsSourceProvider: updateSourceFrameForServerVisibility mandatorySystemGestures EMPTY_RECT
04-12 17:24:36.377  7398  7398 I SurfaceControl:  setExtendedRangeBrightness sc=Surface(name=)/@0xb5ec0c6,currentBufferRatio=1.0,desiredRatio=1.0
04-12 17:24:36.377  7398  7509 D BufferQueueProducer: [VRI[]#1(BLAST Consumer)1](id:1ce600000001,api:1,p:7398,c:7398) connect: api=1 producerControlledByApp=true
04-12 17:24:36.379  3590  8849 D InsetsSourceProvider: updateSourceFrameForServerVisibility mandatorySystemGestures EMPTY_RECT
04-12 17:24:36.379  2181  7371 E CwbService: Panel not support apl read or getDisplayPanelAplValue timeout 10ms.
04-12 17:24:36.379  2258  2258 D SensorFeature: name=ssc_screenshot_info ,index = 22
04-12 17:24:36.379  2258  2258 D SensorFeature: write 41 bytes:1033091731470545,1033091782663514,39116,0
04-12 17:24:36.381  7398  7509 D BLASTBufferQueue: [VRI[]#1](f:0,a:2) producer disconnected before acquireNextBufferLocked
04-12 17:24:36.385  7398  7398 W VRI[]   : handleResized abandoned!
04-12 17:24:36.443  2113 26293 I sensors-hal: handle_oplus_wise_rgb_event:189, high_pwm_light:lux 171.4,cct 6049.7,brl/algo/ir 1351.0/2.0/51.4,pwm/dc 0.0/0.0,rgbc 8273.120117/5302.989258/3464.754639/15482.019531,ts 1033091773053257,cnt 22874,flag 104652
04-12 17:24:36.443  2113 30657 I sensors-hal: handle_oplus_wise_rgb_event:161, wise_rgb: (22871)(cct, lux, ir)[6049.72, 171.36, 51.405518] (r, g, b, c)[8265.64, 5298.59, 3455.92, 15458.70]                 (pwm, hbm, brl, algo)[0.0 0.0 1351.0 2.0], flag 39116
04-12 17:24:36.443  3590  9788 I AICCTModule: SensorFilter: brightness threshold 1.2 screenNit is 94.002 ave enviroment lux is 165.88121 luxForNit 92.952774demarcationPoint200.0 result is false
04-12 17:24:36.443  3590  9788 I AICCTModule: SensorFilter: findSecondNearestValue, sensorValue: 6585.9805 nearestMaxValue:6006.496 secondNearestValue: 6006.496
04-12 17:24:36.443  3590  9788 I AICCTModule: SensorFilter: findSecondNearestValue, sensorValue: 154.64485 nearestMaxValue:165.63802 secondNearestValue: 165.63802
04-12 17:24:36.443  3590  9788 D AICCTModule: AICurveModel: findPointWithLuxForSmartByX lux51.83862
04-12 17:24:36.443  3590  9788 I AICCTModule: AICurveModel: findPointByX x:13.150159, rightPoint:Point:(13.16, 5948.0273, 5948.0273)
04-12 17:24:36.443  3590  9788 I AICCTModule: AICurveModel: StablePoints has no dragSplineLine
04-12 17:24:36.443  3590  9788 I AICCTModule: AICurveModel: findPointByY y:6131.206, rightPoint:Point:(13.809999, 6131.206, 6131.206)
04-12 17:24:36.443  3590  9788 I AICCTModule: AICurveModel: findPointByY y:6131.206, rightPoint:Point:(13.809999, 6131.206, 6131.206)
04-12 17:24:36.443  3590  9788 I AICCTModule: AICurveModel: findPointByY y:6131.206, rightPoint:Point:(13.809999, 6131.206, 6131.206)
04-12 17:24:36.443  3590  9788 I AICCTModule: AICurveModel: StablePoints y1Left:6131.206, y2Left:0.0, leftY:6131.206
04-12 17:24:36.443  3590  9788 I AICCTModule: AICurveModel: findPointByY y:6131.206, rightPoint:Point:(13.809999, 6131.206, 6131.206)
04-12 17:24:36.443  3590  9788 I AICCTModule: AICurveModel: findPointByY y:6131.206, rightPoint:Point:(13.809999, 6131.206, 6131.206)
04-12 17:24:36.443  3590  9788 I AICCTModule: AICurveModel: getNextPoint isLargeChange, 6021.7607, 5948.0273
04-12 17:24:36.444  3590  9788 I AICCTModule: AICurveModel: handleUpdateCCT cct change from:(7072.808594,6131.206055)->(6021.760742,5948.027344),curPoint(6021.760742,5948.027344),stablePoint=LeftLarge(7072.8086,6131.206)-RightLarge(7072.8086,6131.206),LeftSmall(7072.8086,6131.206)-RightSmall(7072.8086,6131.206),TLSmall(7072.8086,6131.206)-TRSmall(7072.8086,6131.206)
04-12 17:24:36.444  3590  9788 I AICCTModule: AICurveModel: onTargetCCTChange cct change to 5948.0273
04-12 17:24:36.475  6584  6587 I AidlLazyServiceRegistrar: Process has 0 (of 1 available) client(s) in use after notification artd has clients: 0
04-12 17:24:36.475  6584  6587 I AidlLazyServiceRegistrar: Trying to shut down the service. No clients in use for any service in process.
04-12 17:24:36.475  6584  6587 I AidlLazyServiceRegistrar: Unregistered all clients and exiting
04-12 17:24:36.547  2181  2506 I SDM     : DisplayBuiltIn::IdlePowerCollapse: IPC received, disabling partial update for one frame
04-12 17:24:36.562  2113 30669 I sensors-hal: handle_sns_std_sensor_event:114, oplus rgb_rear sample: (cct, lux, ir, x, y)[7984, 53, 263, 280, 351]
04-12 17:24:36.562  2113 30669 I sensors-hal: handle_sns_std_sensor_event:116, oplus rgb_rear sample: (r, g, b, c w)[2212, 4198, 583, 1107, 0]
04-12 17:24:36.719  2181  2181 E CwbService: Panel not support apl read or getDisplayPanelAplValue timeout 10ms.
04-12 17:24:36.719  2258  2258 D SensorFeature: name=ssc_screenshot_info ,index = 22
04-12 17:24:36.719  2258  2258 D SensorFeature: write 41 bytes:1033092086973097,1033092123239503,39117,0
04-12 17:24:36.721  2113 30657 I sensors-hal: handle_oplus_wise_rgb_event:161, wise_rgb: (22876)(cct, lux, ir)[6095.36, 171.91, 49.725533] (r, g, b, c)[8285.58, 5324.99, 3486.84, 15500.68]                 (pwm, hbm, brl, algo)[0.0 0.0 1351.0 2.0], flag 39117
04-12 17:24:36.792  2181  2506 I SDM     : DisplayBuiltIn::IdlePowerCollapse: IPC received, disabling partial update for one frame
04-12 17:24:36.862  2727  3986 D QmiClient: qmiServiceEventCallback recv msg id 1099
04-12 17:24:36.862  2727  3986 D QmiClient: enter -mServiceType 4 onQmiServiceEventCallback msgId 1099
04-12 17:24:36.862  2727  3986 D QmiClient: onQmiServiceEventCallback - enter. msgId=1099
04-12 17:24:36.862  2727  3986 D QmiVsClientEvent: QosPeriodReportInd MSG IND data_len 2052
04-12 17:24:36.862  2727  3986 D QmiVsClientEvent: qmiVsClientNotifyQosPeriodReportIndEvent - RADIO_EVENT_QOS_PERIOD_REPORT_NOTIFY_IND
04-12 17:24:36.862  2727  2826 D VsProxy : handleMessage msg is 2420
04-12 17:24:36.862  2727  2826 D VsProxy : handleQosPeriodReportInd for instance 0 data_len 53
04-12 17:24:36.862  3438  3988 D QmiClient: qmiServiceEventCallback recv msg id 1099
04-12 17:24:36.862  3438  3988 D QmiClient: enter -mServiceType 4 onQmiServiceEventCallback msgId 1099
04-12 17:24:36.862  3438  3988 D QmiClient: onQmiServiceEventCallback - enter. msgId=1099
04-12 17:24:36.862  3438  3988 D QmiVsClientEvent: QosPeriodReportInd MSG IND data_len 2052
04-12 17:24:36.862  3438  3988 D QmiVsClientEvent: qmiVsClientNotifyQosPeriodReportIndEvent - RADIO_EVENT_QOS_PERIOD_REPORT_NOTIFY_IND
04-12 17:24:36.862  3438  3485 D VsProxy : handleMessage msg is 2420
04-12 17:24:36.862 14034   947 D SubsysRadioIndication[0]: radioQosPeriodReportInd result [8, -77, -71, -90, -128, 15, 34, 12, 8, -30, -100, -91, -128, 15, 16, 4, 24, 1, 32, 3, 66, 0, 90, 0, 98, 10, 8, -50, -22, -9, -2, 14, 16, 3, 24, 5, 122, 15, 8, -7, -102, -126, -4, 14, 16, -34, 2, 24, -21, 1, 32, -30, 9]
04-12 17:24:36.862  3438  3485 D VsProxy : handleQosPeriodReportInd for instance 1 data_len 193
04-12 17:24:36.862 14034 14034 D NetworkService[0]: handleMessage what:1005
04-12 17:24:36.862 14034   947 D SubsysRadioIndication[1]: radioQosPeriodReportInd result [8, -77, -71, -90, -128, 15, 18, 21, 8, -91, -73, -90, -128, 15, 16, 22, 32, -3, 67, 40, 22, 56, -121, 5, 64, -21, 4, 72, 1, 26, 16, 8, -91, -73, -90, -128, 15, 16, 43, 40, 36, 56, -126, -12, 1, 72, 1, 34, 12, 8, -30, -100, -91, -128, 15, 16, 4, 24, 1, 32, 3, 58, 61, 8, -7, -74, -90, -128, 15, 16, 5, 24, -98, -23, 30, 32, -10, 3, 40, -89, -1, -1, -1, -1, -1, -1, -1, -1, 1, 48, -11, -1, -1, -1, -1, -1, -1, -1, -1, 1, 56, 6, 64, -90, -1, -1, -1, -1, -1, -1, -1, -1, 1, 72, -89, -1, -1, -1, -1, -1, -1, -1, -1, 1, 66, 31, 8, -18, -99, -91, -128, 15, 16, 5, 24, 2, 34, 19, 8, -98, -23, 30, 16, -10, 3, 24, 41, 32, 13, 40, -126, -64, -27, -123, 21, 48, 2, 90, 0, 98, 10, 8, -66, -31, -92, -128, 15, 16, 3, 24, 5, 122, 20, 8, -95, -73, -90, -128, 15, 16, -1, -1, 1, 24, -1, -1, 1, 32, -1, -1, -1, -1, 15]
04-12 17:24:36.862 14034 14034 D RadioAtomTracker: parseQosPeriodData ModemQos:CellularQosInfo2{0G, -1/-1, EndcState=0, Band=-1, DLBW=-1, Rsrp=-1, Rsrq=-1, Snr=-999, SvcStatus=3, ULPDCPNumDataPdu=-1, ULPDCPNumDropPdu=-1, ULPDCPTput=-1, ULRLCNumDataPdu=-1, ULRLCNumRetxPdu=-1, ULGrant=-1, ULBSR=-1, ULBler=-1, DLPDCPNumDataPdu=-1, DLPDCPTput=-1, DLRLCNumDataPdu=-1, DLRLCNumRetxPdu=-1, DLRLCNumDropPdu=-1, DLMACPaddingBytes=-1, DLPdcpNumMissToUppPdu=-1, DLBler=-1, RlfCount=0, CellChangeCount=0, IsRedirectionOccur=0, IsDualSimConflict=0, Latency=0, Sub1RrcState=1, Sub2RrcState=3, RachCount=0, CalcPower=350, Mtpl=235, PathLoss=1250, CellLoad=0}
04-12 17:24:36.862 14034 14034 D NetworkService[0]: EVENT_REG_QOS_PERIOD_REPORT_IND_CHANGED ENTER
04-12 17:24:36.862 14034 14034 D NetworkService[1]: handleMessage what:1005
04-12 17:24:36.863 14034 14034 D RadioAtomTracker: parseQosPeriodData ModemQos:CellularQosInfo1{5G, 504990/502, EndcState=2, Band=41, DLBW=13, Rsrp=-89, Rsrq=-11, Snr=6, SvcStatus=3, ULPDCPNumDataPdu=22, ULPDCPNumDropPdu=0, ULPDCPTput=8701, ULRLCNumDataPdu=22, ULRLCNumRetxPdu=0, ULGrant=647, ULBSR=619, ULBler=1, DLPDCPNumDataPdu=36, DLPDCPTput=31234, DLRLCNumDataPdu=43, DLRLCNumRetxPdu=0, DLRLCNumDropPdu=0, DLMACPaddingBytes=0, DLPdcpNumMissToUppPdu=0, DLBler=1, RlfCount=0, CellChangeCount=0, IsRedirectionOccur=0, IsDualSimConflict=0, Latency=8, Sub1RrcState=1, Sub2RrcState=3, RachCount=0, CalcPower=32767, Mtpl=32767, PathLoss=-1, CellLoad=0}
04-12 17:24:36.863 14034 14034 D NetworkService[1]: EVENT_REG_QOS_PERIOD_REPORT_IND_CHANGED ENTER
04-12 17:24:36.863 14034 14034 D AtomModemKpiInfo: handleMessage what:1001
04-12 17:24:36.863 14034 14034 D AtomModemKpiInfo: analyseQosInfo success
04-12 17:24:36.882  3438  4039 D QmiClient: qmiServiceEventCallback recv msg id 47
04-12 17:24:36.882  3438  4039 D QmiClient: enter -mServiceType 10 onQmiServiceEventCallback msgId 47
04-12 17:24:36.882  3438  4039 D QmiClient: onQmiServiceEventCallback - enter. msgId=47
04-12 17:24:36.882  3438  3488 D OttProxy: handleMessage msg is 3001
04-12 17:24:36.882 14034   947 D SubsysRadioIndication[1]: radioLinkLatencyInfoInd
04-12 17:24:36.882 14034   947 D SubsysRadioIndication[1]: notify enter
04-12 17:24:36.882 14034 14034 D NetworkService[1]: handleMessage what:1008
04-12 17:24:36.882 14034 14034 D NetworkService[1]: EVENT_REG_LINK_LATENCY_INFO_CHANGE ulLatency:8897
04-12 17:24:36.916  2181  2506 I SDM     : DisplayBuiltIn::IdlePowerCollapse: IPC received, disabling partial update for one frame
04-12 17:24:36.970  3590  8282 I Osense-BaseDecisionMaker: notifySceneToAthenaPolicy: SCENE_RES_IO_PSI, bundle: Bundle[{ioLevel=3}]
04-12 17:24:36.970  3590  8282 I Osense-BaseDecisionMaker: scene: SCENE_RES_IO_PSI, excutingPolicy: reentrant
04-12 17:24:36.970  3590  8282 D Osense-BaseDecisionMaker: invoke reentrant policy
04-12 17:24:36.970 21796 21807 V OCAM_Performance: onOsenseEventSceneChanged, event: 112
04-12 17:24:36.970 21796 21807 V OCAM_Performance: onOsenseEventSceneChanged, [extra] startTime: 1775985876970
04-12 17:24:36.970 21796 21840 D OCAM_Performance: onOsenseEventSceneChanged, pressure IO eventStateType: 2, startTime: 1775985876970, currentAvailmem: 3377, killTriggerMem: 2000, ioLevel: 3
04-12 17:24:36.970 21796 21807 V OCAM_Performance: onOsenseEventSceneChanged, [extra] currentAvailmem: 3377
04-12 17:24:36.970 21796 21807 V OCAM_Performance: onOsenseEventSceneChanged, [extra] killTriggerMem: 2000
04-12 17:24:36.970 21796 21807 V OCAM_Performance: onOsenseEventSceneChanged, [extra] ioLevel: 3
04-12 17:24:36.970 21796 21807 V OCAM_Performance: onOsenseEventSceneChanged, event: 104
04-12 17:24:36.970 21796 21807 V OCAM_Performance: onOsenseEventSceneChanged, [extra] startTime: 1775985876970
04-12 17:24:37.079  2181  7371 E CwbService: Panel not support apl read or getDisplayPanelAplValue timeout 10ms.
04-12 17:24:37.079  2258  2258 D SensorFeature: name=ssc_screenshot_info ,index = 22
04-12 17:24:37.079  2258  2258 D SensorFeature: write 41 bytes:1033092431299295,1033092482314503,39118,0
04-12 17:24:37.160  2181  2506 I SDM     : DisplayBuiltIn::IdlePowerCollapse: IPC received, disabling partial update for one frame
04-12 17:24:37.170 14034 15313 D CommonApp-266-10512: transport layer data is invalid
04-12 17:24:37.171 14034 15313 D CommonApp-265-10512: commonScoreStrategy scenarios low package
04-12 17:24:37.171 14034 15313 D ScorePolicy: handleScoreChanged: []
04-12 17:24:37.171 14034 15313 D ScorePolicy: handleScoreChanged: []
04-12 17:24:37.171 14034 15313 D ScorePolicy: handleScoreChanged: []
04-12 17:24:37.179 21796 21807 V OCAM_Performance: onOsenseEventSceneChanged, event: 112
04-12 17:24:37.179 21796 21807 V OCAM_Performance: onOsenseEventSceneChanged, [extra] startTime: 1775985877178
04-12 17:24:37.179 21796 21807 V OCAM_Performance: onOsenseEventSceneChanged, [extra] currentAvailmem: 3393
04-12 17:24:37.179 21796 21840 D OCAM_Performance: onOsenseEventSceneChanged, pressure IO eventStateType: 2, startTime: 1775985877178, currentAvailmem: 3393, killTriggerMem: 2000, ioLevel: 1
04-12 17:24:37.179 21796 21807 V OCAM_Performance: onOsenseEventSceneChanged, [extra] killTriggerMem: 2000
04-12 17:24:37.179 21796 21807 V OCAM_Performance: onOsenseEventSceneChanged, [extra] ioLevel: 1
04-12 17:24:37.194  7398  7540 I ChainTrace: stream type=syncEvent gapMs=992 refreshMarket=true
04-12 17:24:37.281  2113 30657 I sensors-hal: handle_oplus_wise_rgb_event:161, wise_rgb: (22881)(cct, lux, ir)[6057.33, 171.61, 50.737503] (r, g, b, c)[8273.12, 5305.19, 3473.59, 15482.02]                 (pwm, hbm, brl, algo)[0.0 0.0 1351.0 2.0], flag 39118
04-12 17:24:37.282  2113 26293 I sensors-hal: handle_oplus_wise_rgb_event:189, high_pwm_light:lux 171.6,cct 6057.3,brl/algo/ir 1351.0/2.0/50.7,pwm/dc 0.0/0.0,rgbc 8285.583984/5307.390137/3491.253662/15514.667969,ts 1033092461797319,cnt 22884,flag 39118
04-12 17:24:37.295  2181  2506 I SDM     : DisplayBuiltIn::IdlePowerCollapse: IPC received, disabling partial update for one frame
04-12 17:24:37.373  2280  2331 D BatteryChargeControl: bcc get no support from charging protocol
04-12 17:24:37.409  2181  7371 E CwbService: Panel not support apl read or getDisplayPanelAplValue timeout 10ms.
04-12 17:24:37.410  2258  2258 D SensorFeature: name=ssc_screenshot_info ,index = 22
04-12 17:24:37.410  2258  2258 D SensorFeature: write 41 bytes:1033092765080232,1033092812992732,39119,0
04-12 17:24:37.510  2113 30657 I sensors-hal: handle_oplus_wise_rgb_event:161, wise_rgb: (22886)(cct, lux, ir)[6106.57, 171.33, 51.122147] (r, g, b, c)[8263.15, 5300.79, 3478.00, 15468.03]                 (pwm, hbm, brl, algo)[0.0 0.0 1351.0 2.0], flag 39119
04-12 17:24:37.511  3590  7333 D FusionLightNextGen: process end reported = 1, mode: 0, cnt: 82310, lux 166.2, cct 6044.5, r/g/b/c: 8240.7/5294.2/3471.4/15470.4, R/G/B: 37.0/38.0/37.0, bri 1351.0, match 1.00, ir 0.050488, conf 5.0, ts 1033092806279819
04-12 17:24:37.530  2181  2506 I SDM     : DisplayBuiltIn::IdlePowerCollapse: IPC received, disabling partial update for one frame
04-12 17:24:37.563  3590  9788 I AICCTModule: SensorFilter: brightness threshold 1.2 screenNit is 94.002 ave enviroment lux is 165.8959 luxForNit 92.95367demarcationPoint200.0 result is false
04-12 17:24:37.564  3590  9788 I AICCTModule: SensorFilter: findSecondNearestValue, sensorValue: 6006.496 nearestMaxValue:6022.811 secondNearestValue: 6022.811
04-12 17:24:37.564  3590  9788 I AICCTModule: SensorFilter: findSecondNearestValue, sensorValue: 165.63802 nearestMaxValue:165.3751 secondNearestValue: 165.3751
04-12 17:24:37.650  2181  2506 I SDM     : DisplayBuiltIn::IdlePowerCollapse: IPC received, disabling partial update for one frame
04-12 17:24:37.715  3590  7167 D osense.compress: com.v2ray.ang do shrink, target ratio = 71, final ratio = 90, cur ratio = 52
04-12 17:24:37.760  2181  2181 E CwbService: Panel not support apl read or getDisplayPanelAplValue timeout 10ms.
04-12 17:24:37.760  2258  2258 D SensorFeature: name=ssc_screenshot_info ,index = 22
04-12 17:24:37.760  2258  2258 D SensorFeature: write 41 bytes:1033093109143253,1033093163293097,39120,0
04-12 17:24:37.773  2181  2506 I SDM     : DisplayBuiltIn::IdlePowerCollapse: IPC received, disabling partial update for one frame
04-12 17:24:37.776  2113 26293 I sensors-hal: handle_oplus_wise_rgb_event:189, high_pwm_light:lux 171.3,cct 6083.5,brl/algo/ir 1351.0/2.0/51.0,pwm/dc 0.0/0.0,rgbc 8263.150391/5289.787598/3473.587646/15465.697266,ts 1033093138867840,cnt 22894,flag 39120
04-12 17:24:37.777  2113 30657 I sensors-hal: handle_oplus_wise_rgb_event:161, wise_rgb: (22891)(cct, lux, ir)[6083.47, 171.31, 51.044125] (r, g, b, c)[8250.69, 5272.18, 3462.55, 15449.37]                 (pwm, hbm, brl, algo)[0.0 0.0 1351.0 2.0], flag 39120
04-12 17:24:37.785  3590  7344 V AlarmManager: sending alarm Alarm{e05f9d6 type 1 origWhen 1775985877785 whenElapsed 1033093199 android} uid 1000 whenElapsed 1033093199 windowLength 0 maxWhenElapsed 1033093199 repeatInterval 0 action null component null tag StorgaeBandInfoAlarmTag flags 0x9 procName system_server
04-12 17:24:37.786  3590 10338 E OplusStorageUFSBandwidth: storage_io_metrics_path is /proc/oplus_storage/io_metrics/forever/
04-12 17:24:37.787  3590 10338 E OplusStorageUFSBandwidth: Bandwidth - Read: 58.44 MB/s, Write: 1.50 MB/s
04-12 17:24:37.787  3590 10338 E OplusStorageUFSBandwidth: Task time: 1ms
04-12 17:24:37.790  3590 10338 E OplusStorageUFSBandwidth: Alarm set to trigger in 10 seconds
04-12 17:24:37.868  2727  3986 D QmiClient: qmiServiceEventCallback recv msg id 1099
04-12 17:24:37.868  2727  3986 D QmiClient: enter -mServiceType 4 onQmiServiceEventCallback msgId 1099
04-12 17:24:37.868  2727  3986 D QmiClient: onQmiServiceEventCallback - enter. msgId=1099
04-12 17:24:37.868  2727  3986 D QmiVsClientEvent: QosPeriodReportInd MSG IND data_len 2052
04-12 17:24:37.868  2727  3986 D QmiVsClientEvent: qmiVsClientNotifyQosPeriodReportIndEvent - RADIO_EVENT_QOS_PERIOD_REPORT_NOTIFY_IND
04-12 17:24:37.868  3438  3988 D QmiClient: qmiServiceEventCallback recv msg id 1099
04-12 17:24:37.868  3438  3988 D QmiClient: enter -mServiceType 4 onQmiServiceEventCallback msgId 1099
04-12 17:24:37.868  3438  3988 D QmiClient: onQmiServiceEventCallback - enter. msgId=1099
04-12 17:24:37.868  3438  3988 D QmiVsClientEvent: QosPeriodReportInd MSG IND data_len 2052
04-12 17:24:37.868  3438  3988 D QmiVsClientEvent: qmiVsClientNotifyQosPeriodReportIndEvent - RADIO_EVENT_QOS_PERIOD_REPORT_NOTIFY_IND
04-12 17:24:37.868  2727  2826 D VsProxy : handleMessage msg is 2420
04-12 17:24:37.869  3438  3485 D VsProxy : handleMessage msg is 2420
04-12 17:24:37.869  3438  3485 D VsProxy : handleQosPeriodReportInd for instance 1 data_len 184
04-12 17:24:37.869  2727  2826 D VsProxy : handleQosPeriodReportInd for instance 0 data_len 53
04-12 17:24:37.869 14034   947 D SubsysRadioIndication[1]: radioQosPeriodReportInd result [8, -95, -63, -90, -128, 15, 18, 20, 8, -44, -64, -90, -128, 15, 16, 4, 32, -32, 1, 40, 4, 56, -85, 3, 64, 111, 72, 1, 26, 13, 8, -62, -66, -90, -128, 15, 16, 1, 40, 1, 56, -67, 1, 34, 12, 8, -30, -100, -91, -128, 15, 16, 4, 24, 1, 32, 3, 58, 61, 8, -87, -66, -90, -128, 15, 16, 5, 24, -98, -23, 30, 32, -10, 3, 40, -89, -1, -1, -1, -1, -1, -1, -1, -1, 1, 48, -11, -1, -1, -1, -1, -1, -1, -1, -1, 1, 56, 7, 64, -90, -1, -1, -1, -1, -1, -1, -1, -1, 1, 72, -88, -1, -1, -1, -1, -1, -1, -1, -1, 1, 66, 31, 8, -18, -99, -91, -128, 15, 16, 5, 24, 2, 34, 19, 8, -98, -23, 30, 16, -10, 3, 24, 41, 32, 13, 40, -126, -64, -27, -123, 21, 48, 2, 90, 0, 98, 10, 8, -66, -31, -92, -128, 15, 16, 3, 24, 5, 122, 15, 8, -44, -65, -90, -128, 15, 16, -29, 1, 24, -36, 1, 32, -52, 8]
04-12 17:24:37.870 14034 14677 D SubsysRadioIndication[0]: radioQosPeriodReportInd result [8, -95, -63, -90, -128, 15, 34, 12, 8, -30, -100, -91, -128, 15, 16, 4, 24, 1, 32, 3, 66, 0, 90, 0, 98, 10, 8, -50, -22, -9, -2, 14, 16, 3, 24, 5, 122, 15, 8, -7, -102, -126, -4, 14, 16, -34, 2, 24, -21, 1, 32, -30, 9]
04-12 17:24:37.870 14034 14034 D NetworkService[1]: handleMessage what:1005
