04-12 17:27:20.493  3590  7902 D InetDiagMessage: Destroyed 0 sockets, proto=IPPROTO_TCP, family=AF_INET6, states=14
04-12 17:27:20.493  3590  7902 D InetDiagMessage: Destroyed live tcp sockets for uids={10211} in 2ms
04-12 17:27:20.494  3590  7902 D InetDiagMessage: Destroyed 0 sockets, proto=IPPROTO_TCP, family=AF_INET, states=14
04-12 17:27:20.495  3590  7902 D InetDiagMessage: Destroyed 0 sockets, proto=IPPROTO_TCP, family=AF_INET6, states=14
04-12 17:27:20.495  3590  7902 D InetDiagMessage: Destroyed live tcp sockets for uids={10265} in 2ms
04-12 17:27:20.495  3590  7389 W Binder  : Outgoing transactions from this process must be FLAG_ONEWAY
04-12 17:27:20.495  3590  7389 W Binder  : java.lang.Throwable
04-12 17:27:20.495  3590  7389 W Binder  : 	at android.os.BinderProxy.transact(BinderProxy.java:639)
04-12 17:27:20.495  3590  7389 W Binder  : 	at android.content.ContentProviderProxy.insert(ContentProviderNative.java:587)
04-12 17:27:20.495  3590  7389 W Binder  : 	at android.content.ContentProviderClient.insert(ContentProviderClient.java:347)
04-12 17:27:20.495  3590  7389 W Binder  : 	at android.content.ContentProviderClient.insert(ContentProviderClient.java:336)
04-12 17:27:20.495  3590  7389 W Binder  : 	at com.oplus.util.OplusStatisticsImpl.insert(OplusStatisticsImpl.java:307)
04-12 17:27:20.495  3590  7389 W Binder  : 	at com.oplus.util.OplusStatisticsImpl.sendDataToDCS(OplusStatisticsImpl.java:287)
04-12 17:27:20.495  3590  7389 W Binder  : 	at com.oplus.util.OplusStatisticsImpl.flushInternal(OplusStatisticsImpl.java:264)
04-12 17:27:20.495  3590  7389 W Binder  : 	at com.oplus.util.OplusStatisticsImpl.lambda$setDelayFlushJobIfNeed$4(OplusStatisticsImpl.java:211)
04-12 17:27:20.495  3590  7389 W Binder  : 	at com.oplus.util.OplusStatisticsImpl.$r8$lambda$4UYTp2NCu6Rml69JNqEuK7o54SI(Unknown Source:0)
04-12 17:27:20.495  3590  7389 W Binder  : 	at com.oplus.util.OplusStatisticsImpl$$ExternalSyntheticLambda5.run(D8$$SyntheticClass:0)
04-12 17:27:20.495  3590  7389 W Binder  : 	at java.util.concurrent.Executors$RunnableAdapter.call(Executors.java:524)
04-12 17:27:20.495  3590  7389 W Binder  : 	at java.util.concurrent.FutureTask.run(FutureTask.java:343)
04-12 17:27:20.495  3590  7389 W Binder  : 	at java.util.concurrent.ScheduledThreadPoolExecutor$ScheduledFutureTask.run(ScheduledThreadPoolExecutor.java:348)
04-12 17:27:20.495  3590  7389 W Binder  : 	at java.util.concurrent.ThreadPoolExecutor.runWorker(ThreadPoolExecutor.java:1156)
04-12 17:27:20.495  3590  7389 W Binder  : 	at java.util.concurrent.ThreadPoolExecutor$Worker.run(ThreadPoolExecutor.java:651)
04-12 17:27:20.495  3590  7389 W Binder  : 	at java.lang.Thread.run(Thread.java:1119)
04-12 17:27:20.495  3590  7902 D InetDiagMessage: Destroyed 0 sockets, proto=IPPROTO_TCP, family=AF_INET, states=14
04-12 17:27:20.496  3590  7902 D InetDiagMessage: Destroyed 0 sockets, proto=IPPROTO_TCP, family=AF_INET6, states=14
04-12 17:27:20.496  3590  7902 D InetDiagMessage: Destroyed live tcp sockets for uids={10276} in 1ms
04-12 17:27:20.497  3590  7902 D InetDiagMessage: Destroyed 0 sockets, proto=IPPROTO_TCP, family=AF_INET, states=14
04-12 17:27:20.498  3590  7902 D InetDiagMessage: Destroyed 0 sockets, proto=IPPROTO_TCP, family=AF_INET6, states=14
04-12 17:27:20.498  3590  7902 D InetDiagMessage: Destroyed live tcp sockets for uids={10294} in 2ms
04-12 17:27:20.499  3590  7902 D InetDiagMessage: Destroyed 0 sockets, proto=IPPROTO_TCP, family=AF_INET, states=14
04-12 17:27:20.499  3590  7902 D InetDiagMessage: Destroyed 0 sockets, proto=IPPROTO_TCP, family=AF_INET6, states=14
04-12 17:27:20.499  3590  7902 D InetDiagMessage: Destroyed live tcp sockets for uids={99901000} in 1ms
04-12 17:27:20.500  2280  2331 D BatteryChargeControl: bcc get no support from charging protocol
04-12 17:27:20.500  3590  7902 D InetDiagMessage: Destroyed 0 sockets, proto=IPPROTO_TCP, family=AF_INET, states=14
04-12 17:27:20.501  3590  7902 D InetDiagMessage: Destroyed 0 sockets, proto=IPPROTO_TCP, family=AF_INET6, states=14
04-12 17:27:20.501  3590  7902 D InetDiagMessage: Destroyed live tcp sockets for uids={10114} in 2ms
04-12 17:27:20.502  3590  7902 D InetDiagMessage: Destroyed 0 sockets, proto=IPPROTO_TCP, family=AF_INET, states=14
04-12 17:27:20.503  3590  7902 D InetDiagMessage: Destroyed 0 sockets, proto=IPPROTO_TCP, family=AF_INET6, states=14
04-12 17:27:20.503  3590  7902 D InetDiagMessage: Destroyed live tcp sockets for uids={10284} in 2ms
04-12 17:27:20.503  3590  7902 D InetDiagMessage: Destroyed 0 sockets, proto=IPPROTO_TCP, family=AF_INET, states=14
04-12 17:27:20.504  3590  7902 D InetDiagMessage: Destroyed 0 sockets, proto=IPPROTO_TCP, family=AF_INET6, states=14
04-12 17:27:20.504  3590  7902 D InetDiagMessage: Destroyed live tcp sockets for uids={10120} in 1ms
04-12 17:27:20.504  3590  7902 D InetDiagMessage: Destroyed 0 sockets, proto=IPPROTO_TCP, family=AF_INET, states=14
04-12 17:27:20.505  3590  7902 D InetDiagMessage: Destroyed 0 sockets, proto=IPPROTO_TCP, family=AF_INET6, states=14
04-12 17:27:20.505  3590  7902 D InetDiagMessage: Destroyed live tcp sockets for uids={10103} in 1ms
04-12 17:27:20.506  3590  7902 D InetDiagMessage: Destroyed 0 sockets, proto=IPPROTO_TCP, family=AF_INET, states=14
04-12 17:27:20.506  3590  7902 D InetDiagMessage: Destroyed 0 sockets, proto=IPPROTO_TCP, family=AF_INET6, states=14
04-12 17:27:20.506  3590  7902 D InetDiagMessage: Destroyed live tcp sockets for uids={10186} in 1ms
04-12 17:27:20.536  2181  2506 I SDM     : DisplayBuiltIn::IdlePowerCollapse: IPC received, disabling partial update for one frame
04-12 17:27:20.562  2113 30669 I sensors-hal: handle_sns_std_sensor_event:114, oplus rgb_rear sample: (cct, lux, ir, x, y)[7868, 48, 273, 282, 352]
04-12 17:27:20.562  2113 30669 I sensors-hal: handle_sns_std_sensor_event:116, oplus rgb_rear sample: (r, g, b, c w)[1991, 3755, 504, 1026, 0]
04-12 17:27:20.621  2181  2506 I SDM     : DisplayBuiltIn::IdlePowerCollapse: IPC received, disabling partial update for one frame
04-12 17:27:20.623  2181  2181 E CwbService: Panel not support apl read or getDisplayPanelAplValue timeout 10ms.
04-12 17:27:20.624  2258  2258 D SensorFeature: name=ssc_screenshot_info ,index = 22
04-12 17:27:20.624  2258  2258 D SensorFeature: write 41 bytes:1033255972601524,1033256026671368,39617,0
04-12 17:27:20.651  2113 30657 I sensors-hal: handle_oplus_wise_rgb_event:161, wise_rgb: (25701)(cct, lux, ir)[6250.37, 124.19, 54.538654] (r, g, b, c)[6107.00, 3971.74, 2607.95, 11454.69]                 (pwm, hbm, brl, algo)[0.0 0.0 1341.0 2.0], flag 39617
04-12 17:27:20.762  2181  2506 I SDM     : DisplayBuiltIn::IdlePowerCollapse: IPC received, disabling partial update for one frame
04-12 17:27:20.883  3438  4039 D QmiClient: qmiServiceEventCallback recv msg id 47
04-12 17:27:20.883  3438  4039 D QmiClient: enter -mServiceType 10 onQmiServiceEventCallback msgId 47
04-12 17:27:20.883  3438  4039 D QmiClient: onQmiServiceEventCallback - enter. msgId=47
04-12 17:27:20.883  3438  3488 D OttProxy: handleMessage msg is 3001
04-12 17:27:20.884 14034 14677 D SubsysRadioIndication[1]: radioLinkLatencyInfoInd
04-12 17:27:20.884 14034 14677 D SubsysRadioIndication[1]: notify enter
04-12 17:27:20.885 14034 14034 D NetworkService[1]: handleMessage what:1008
04-12 17:27:20.885 14034 14034 D NetworkService[1]: EVENT_REG_LINK_LATENCY_INFO_CHANGE ulLatency:3799
04-12 17:27:20.889 19822 22134 E SQLiteLog: (1) incomplete input in "insert into log"
04-12 17:27:20.911  8406  8428 D OplusCellularNetworkConfig: getDnsQueryPriority value=http://www.sina.com.cn/generate_204
04-12 17:27:20.911 14034 15313 D NetworkService[0]: getActiveNetworks networkList size:1
04-12 17:27:20.911 14034 15313 D SubsysThreadPool: execute task
04-12 17:27:20.913 14034 14770 D libc-netbsd: [oplusDnsOpenProxy]: __netdClientDispatch.connect errno = 111
04-12 17:27:20.913 14034 14770 D DNS_CACHE: oplus_oplus_getaddrinfo_proxy open dns proxy failed, use android flow: 1000
04-12 17:27:20.927  2258  2258 D SensorFeature: name=ssc_screenshot_info ,index = 22
04-12 17:27:20.927  2258  2258 D SensorFeature: write 41 bytes:1033255972601524,1033256339511003,39618,0
04-12 17:27:20.929  2113 26293 I sensors-hal: handle_oplus_wise_rgb_event:189, high_pwm_light:lux 126.2,cct 6267.9,brl/algo/ir 1341.0/2.0/53.1,pwm/dc 0.0/0.0,rgbc 6121.959961/3960.739258/2618.992432/11468.682617,ts 1033256269111961,cnt 25704,flag 39618
04-12 17:27:20.930  2113 30657 I sensors-hal: handle_oplus_wise_rgb_event:161, wise_rgb: (25706)(cct, lux, ir)[6267.88, 126.18, 53.086277] (r, g, b, c)[6102.02, 3954.14, 2605.74, 11438.37]                 (pwm, hbm, brl, algo)[0.0 0.0 1341.0 2.0], flag 39618
04-12 17:27:20.966  3590  9788 I AICCTModule: SensorFilter: brightness threshold 1.2 screenNit is 92.519 ave enviroment lux is 121.96063 luxForNit 89.61577demarcationPoint200.0 result is false
04-12 17:27:20.967  3590  9788 I AICCTModule: SensorFilter: findSecondNearestValue, sensorValue: 6102.164 nearestMaxValue:6104.725 secondNearestValue: 6078.961
04-12 17:27:20.967  3590  9788 I AICCTModule: SensorFilter: findSecondNearestValue, sensorValue: 114.6648 nearestMaxValue:120.62639 secondNearestValue: 120.62639
04-12 17:27:21.011 14034 15313 D CommonApp-266-10512: transport layer data is invalid
04-12 17:27:21.013 14034 15313 D CommonApp-265-10512: commonScoreStrategy scenarios low package
04-12 17:27:21.013 14034 15313 D ScorePolicy: handleScoreChanged: []
04-12 17:27:21.014 14034 15313 D ScorePolicy: handleScoreChanged: []
04-12 17:27:21.014 14034 15313 D ScorePolicy: handleScoreChanged: []
04-12 17:27:21.184  2113 30657 I sensors-hal: handle_oplus_wise_rgb_event:161, wise_rgb: (25711)(cct, lux, ir)[6168.87, 126.13, 54.214737] (r, g, b, c)[6114.48, 3958.54, 2607.95, 11473.35]                 (pwm, hbm, brl, algo)[0.0 0.0 1341.0 2.0], flag 39618
04-12 17:27:21.191  2727  3986 D QmiClient: qmiServiceEventCallback recv msg id 1099
04-12 17:27:21.191  2727  3986 D QmiClient: enter -mServiceType 4 onQmiServiceEventCallback msgId 1099
04-12 17:27:21.191  2727  3986 D QmiClient: onQmiServiceEventCallback - enter. msgId=1099
04-12 17:27:21.191  2727  3986 D QmiVsClientEvent: QosPeriodReportInd MSG IND data_len 2052
04-12 17:27:21.191  2727  3986 D QmiVsClientEvent: qmiVsClientNotifyQosPeriodReportIndEvent - RADIO_EVENT_QOS_PERIOD_REPORT_NOTIFY_IND
04-12 17:27:21.191  3438  3988 D QmiClient: qmiServiceEventCallback recv msg id 1099
04-12 17:27:21.191  3438  3988 D QmiClient: enter -mServiceType 4 onQmiServiceEventCallback msgId 1099
04-12 17:27:21.191  3438  3988 D QmiClient: onQmiServiceEventCallback - enter. msgId=1099
04-12 17:27:21.191  3438  3988 D QmiVsClientEvent: QosPeriodReportInd MSG IND data_len 2052
04-12 17:27:21.191  3438  3988 D QmiVsClientEvent: qmiVsClientNotifyQosPeriodReportIndEvent - RADIO_EVENT_QOS_PERIOD_REPORT_NOTIFY_IND
04-12 17:27:21.191  3438  3485 D VsProxy : handleMessage msg is 2420
04-12 17:27:21.191  3438  3485 D VsProxy : handleQosPeriodReportInd for instance 1 data_len 178
04-12 17:27:21.192  2727  2826 D VsProxy : handleMessage msg is 2420
04-12 17:27:21.192  2727  2826 D VsProxy : handleQosPeriodReportInd for instance 0 data_len 145
04-12 17:27:21.192 14034 14677 D SubsysRadioIndication[1]: radioQosPeriodReportInd result [8, -100, -67, -80, -128, 15, 18, 14, 8, -11, -69, -80, -128, 15, 16, 1, 32, 53, 40, 1, 72, 1, 26, 13, 8, -95, -72, -80, -128, 15, 16, 1, 40, 1, 56, -68, 2, 34, 12, 8, -6, -46, -82, -128, 15, 16, 4, 24, 1, 32, 3, 58, 61, 8, -11, -69, -80, -128, 15, 16, 5, 24, -98, -23, 30, 32, -10, 3, 40, -88, -1, -1, -1, -1, -1, -1, -1, -1, 1, 48, -11, -1, -1, -1, -1, -1, -1, -1, -1, 1, 56, 6, 64, -90, -1, -1, -1, -1, -1, -1, -1, -1, 1, 72, -89, -1, -1, -1, -1, -1, -1, -1, -1, 1, 66, 31, 8, -66, -40, -83, -128, 15, 16, 5, 24, 2, 34, 19, 8, -98, -23, 30, 16, -10, 3, 24, 41, 32, 13, 40, -126, -64, -27, -123, 21, 48, 2, 90, 0, 98, 10, 8, -66, -31, -92, -128, 15, 16, 3, 24, 5, 122, 15, 8, -121, -73, -80, -128, 15, 16, -55, 1, 24, -36, 1, 32, -72, 8]
04-12 17:27:21.192 14034 25134 D SubsysRadioIndication[0]: radioQosPeriodReportInd result [8, -100, -67, -80, -128, 15, 34, 12, 8, -6, -46, -82, -128, 15, 16, 4, 24, 1, 32, 3, 58, 61, 8, -121, -73, -80, -128, 15, 16, 5, 24, -64, -92, 38, 32, -22, 6, 40, -87, -1, -1, -1, -1, -1, -1, -1, -1, 1, 48, -10, -1, -1, -1, -1, -1, -1, -1, -1, 1, 56, 17, 64, -90, -1, -1, -1, -1, -1, -1, -1, -1, 1, 72, -87, -1, -1, -1, -1, -1, -1, -1, -1, 1, 66, 29, 8, -82, -39, -82, -128, 15, 16, 5, 34, 19, 8, -64, -92, 38, 16, -22, 6, 24, 78, 32, 13, 40, -117, -32, -94, -93, 2, 48, 2, 90, 0, 98, 10, 8, -120, -45, -82, -128, 15, 16, 3, 24, 5, 122, 15, 8, -4, -44, -82, -128, 15, 16, -42, 1, 24, -21, 1, 32, -72, 8]
04-12 17:27:21.193 14034 14034 D NetworkService[1]: handleMessage what:1005
04-12 17:27:21.193 14034 14034 D RadioAtomTracker: parseQosPeriodData ModemQos:CellularQosInfo1{5G, 504990/502, EndcState=2, Band=41, DLBW=13, Rsrp=-88, Rsrq=-11, Snr=6, SvcStatus=3, ULPDCPNumDataPdu=1, ULPDCPNumDropPdu=0, ULPDCPTput=53, ULRLCNumDataPdu=1, ULRLCNumRetxPdu=0, ULGrant=0, ULBSR=0, ULBler=1, DLPDCPNumDataPdu=1, DLPDCPTput=316, DLRLCNumDataPdu=1, DLRLCNumRetxPdu=0, DLRLCNumDropPdu=0, DLMACPaddingBytes=0, DLPdcpNumMissToUppPdu=0, DLBler=0, RlfCount=0, CellChangeCount=0, IsRedirectionOccur=0, IsDualSimConflict=0, Latency=3, Sub1RrcState=1, Sub2RrcState=3, RachCount=0, CalcPower=201, Mtpl=220, PathLoss=1080, CellLoad=0}
04-12 17:27:21.193 14034 14034 D NetworkService[1]: EVENT_REG_QOS_PERIOD_REPORT_IND_CHANGED ENTER
04-12 17:27:21.193 14034 14034 D NetworkService[0]: handleMessage what:1005
04-12 17:27:21.193 14034 14034 D RadioAtomTracker: parseQosPeriodData ModemQos:CellularQosInfo2{5G, 627264/874, EndcState=0, Band=78, DLBW=13, Rsrp=-87, Rsrq=-10, Snr=17, SvcStatus=3, ULPDCPNumDataPdu=-1, ULPDCPNumDropPdu=-1, ULPDCPTput=-1, ULRLCNumDataPdu=-1, ULRLCNumRetxPdu=-1, ULGrant=-1, ULBSR=-1, ULBler=-1, DLPDCPNumDataPdu=-1, DLPDCPTput=-1, DLRLCNumDataPdu=-1, DLRLCNumRetxPdu=-1, DLRLCNumDropPdu=-1, DLMACPaddingBytes=-1, DLPdcpNumMissToUppPdu=-1, DLBler=-1, RlfCount=0, CellChangeCount=0, IsRedirectionOccur=0, IsDualSimConflict=0, Latency=0, Sub1RrcState=1, Sub2RrcState=3, RachCount=0, CalcPower=214, Mtpl=235, PathLoss=1080, CellLoad=0}
04-12 17:27:21.193 14034 14034 D NetworkService[0]: EVENT_REG_QOS_PERIOD_REPORT_IND_CHANGED ENTER
04-12 17:27:21.193 14034 14034 D AtomModemKpiInfo: handleMessage what:1001
04-12 17:27:21.193 14034 14034 D AtomModemKpiInfo: analyseQosInfo success
04-12 17:27:21.196  7398  7540 I ChainTrace: stream type=syncEvent gapMs=959 refreshMarket=true
04-12 17:27:21.229  2258  2258 D SensorFeature: name=ssc_screenshot_info ,index = 22
04-12 17:27:21.230  2258  2258 D SensorFeature: write 41 bytes:1033255972601524,1033256642365430,39619,0
04-12 17:27:21.306  2181  2506 I SDM     : DisplayBuiltIn::IdlePowerCollapse: IPC received, disabling partial update for one frame
04-12 17:27:21.359  2280  2323 D vendor.oplus.hardware.charger-V10-service: ret_value:122, read content:,273,273,4275,4275,-121,82,84,1,1,0,494,5014,84,1,4480,600,500,0,0,9500,0,0,1,0,2,0,0,0,1,5868,96,0,4138,5064,0,0,0,0,0,0
04-12 17:27:21.359  2280  2323 D vendor.oplus.hardware.charger-V10-service: gmtime: 2026-04-12-17-27-21
04-12 17:27:21.359  2280  2323 D vendor.oplus.hardware.charger-V10-service: usb_online:1, ac_online:-2147483648, wireless_online:-2147483648
04-12 17:27:21.451  2113 26293 I sensors-hal: handle_oplus_wise_rgb_event:189, high_pwm_light:lux 126.7,cct 6217.1,brl/algo/ir 1341.0/2.0/53.7,pwm/dc 0.0/0.0,rgbc 6126.944824/3971.741211/2614.575684/11492.001953,ts 1033256614168680,cnt 25714,flag 39619
04-12 17:27:21.451  2113 30657 I sensors-hal: handle_oplus_wise_rgb_event:161, wise_rgb: (25716)(cct, lux, ir)[6217.07, 126.69, 53.668774] (r, g, b, c)[6129.44, 3973.94, 2621.20, 11510.66]                 (pwm, hbm, brl, algo)[0.0 0.0 1341.0 2.0], flag 39619
04-12 17:27:21.451  3590  7333 D FusionLightNextGen: process end reported = 1, mode: 0, cnt: 82925, lux 122.7, cct 6125.8, r/g/b/c: 6129.4/3973.9/2621.2/11510.7, R/G/B: 31.0/33.0/33.0, bri 1341.0, match 1.00, ir 0.053714, conf 5.0, ts 1033256647369669
04-12 17:27:21.483  2187  2298 E PERFHAL-PERFCTRL: PERFHAL-PERFCTRL: chk_core_online_poll_loop() 748: poll() has timed out for /sys/kernel/msm_performance/events/cpu_hotplug
04-12 17:27:21.483  2187  2298 E PERFHAL-PERFCTRL: PERFHAL-PERFCTRL: chk_core_online_poll_loop() 743: Block on poll()
04-12 17:27:21.487  3590  7335 D ActivityManager: Freezer deadlock watchdog
04-12 17:27:21.501  2280  2331 D BatteryChargeControl: bcc get no support from charging protocol
04-12 17:27:21.573  2181  2506 I SDM     : DisplayBuiltIn::IdlePowerCollapse: IPC received, disabling partial update for one frame
04-12 17:27:21.579  2181  2181 E CwbService: Panel not support apl read or getDisplayPanelAplValue timeout 10ms.
04-12 17:27:21.580  2258  2258 D SensorFeature: name=ssc_screenshot_info ,index = 22
04-12 17:27:21.580  2258  2258 D SensorFeature: write 41 bytes:1033256928027513,1033256982169492,39620,0
04-12 17:27:21.718  2113 30657 I sensors-hal: handle_oplus_wise_rgb_event:161, wise_rgb: (25721)(cct, lux, ir)[6262.96, 129.69, 52.965889] (r, g, b, c)[6279.00, 4061.96, 2674.20, 11799.82]                 (pwm, hbm, brl, algo)[0.0 0.0 1341.0 2.0], flag 39620
04-12 17:27:21.826 13843 14368 D gaia-GaiaConnectChecker: start connect check++
04-12 17:27:21.885  2258  2258 D SensorFeature: name=ssc_screenshot_info ,index = 22
04-12 17:27:21.885  2258  2258 D SensorFeature: write 41 bytes:1033256928027513,1033257298191940,39621,0
04-12 17:27:21.983  3438  4039 D QmiClient: qmiServiceEventCallback recv msg id 47
04-12 17:27:21.983  3438  4039 D QmiClient: enter -mServiceType 10 onQmiServiceEventCallback msgId 47
04-12 17:27:21.983  3438  4039 D QmiClient: onQmiServiceEventCallback - enter. msgId=47
04-12 17:27:21.983  3438  3488 D OttProxy: handleMessage msg is 3001
04-12 17:27:21.984  2113 26293 I sensors-hal: handle_oplus_wise_rgb_event:189, high_pwm_light:lux 129.8,cct 6200.5,brl/algo/ir 1341.0/2.0/54.3,pwm/dc 0.0/0.0,rgbc 6281.489746/4068.559082/2685.239990/11837.134766,ts 1033257246583471,cnt 25724,flag 39621
04-12 17:27:21.984  2113 30657 I sensors-hal: handle_oplus_wise_rgb_event:161, wise_rgb: (25726)(cct, lux, ir)[6200.48, 129.85, 54.277756] (r, g, b, c)[6306.42, 4097.16, 2705.11, 11827.81]                 (pwm, hbm, brl, algo)[0.0 0.0 1341.0 2.0], flag 39621
04-12 17:27:21.984 14034 25134 D SubsysRadioIndication[1]: radioLinkLatencyInfoInd
04-12 17:27:21.984 14034 25134 D SubsysRadioIndication[1]: notify enter
04-12 17:27:21.984 14034 14034 D NetworkService[1]: handleMessage what:1008
04-12 17:27:21.985 14034 14034 D NetworkService[1]: EVENT_REG_LINK_LATENCY_INFO_CHANGE ulLatency:3799
04-12 17:27:22.002  3590  7344 V AlarmManager: sending alarm Alarm{f6c82fd type 1 origWhen 1775986042002 whenElapsed 1033257416 android} uid 1000 whenElapsed 1033257416 windowLength 0 maxWhenElapsed 1033257416 repeatInterval 0 action null component null tag StorgaeBandInfoAlarmTag flags 0x9 procName system_server
04-12 17:27:22.003  3590 10338 E OplusStorageUFSBandwidth: storage_io_metrics_path is /proc/oplus_storage/io_metrics/forever/
04-12 17:27:22.004  3590 10338 E OplusStorageUFSBandwidth: Bandwidth - Read: 0.00 MB/s, Write: 1.00 MB/s
04-12 17:27:22.004  3590 10338 E OplusStorageUFSBandwidth: Task time: 1ms
04-12 17:27:22.008  3590 10338 E OplusStorageUFSBandwidth: Alarm set to trigger in 10 seconds
04-12 17:27:22.038 14034 15313 D CommonApp-266-10512: transport layer data is invalid
04-12 17:27:22.039 14034 15313 D CommonApp-265-10512: commonScoreStrategy scenarios low package
04-12 17:27:22.040 14034 15313 D ScorePolicy: handleScoreChanged: []
04-12 17:27:22.040 14034 15313 D ScorePolicy: handleScoreChanged: []
04-12 17:27:22.040 14034 15313 D ScorePolicy: handleScoreChanged: []
04-12 17:27:22.159  7398  7540 I ChainTrace: stream type=syncEvent gapMs=963 refreshMarket=true
04-12 17:27:22.163  3590  9788 I AICCTModule: SensorFilter: brightness threshold 1.2 screenNit is 92.519 ave enviroment lux is 126.348465 luxForNit 90.042145demarcationPoint200.0 result is false
04-12 17:27:22.163  3590  9788 I AICCTModule: SensorFilter: findSecondNearestValue, sensorValue: 6078.961 nearestMaxValue:6106.739 secondNearestValue: 6106.739
04-12 17:27:22.163  3590  9788 I AICCTModule: SensorFilter: findSecondNearestValue, sensorValue: 120.62639 nearestMaxValue:121.96063 secondNearestValue: 121.96063
04-12 17:27:22.175  2181  2506 I SDM     : DisplayBuiltIn::IdlePowerCollapse: IPC received, disabling partial update for one frame
04-12 17:27:22.186  2181  2506 I SDM     : DisplayBuiltIn::IdlePowerCollapse: IPC received, disabling partial update for one frame
04-12 17:27:22.187  2258  2258 D SensorFeature: name=ssc_screenshot_info ,index = 22
04-12 17:27:22.188  2258  2258 D SensorFeature: write 41 bytes:1033256928027513,1033257600852200,39622,0
04-12 17:27:22.190  2727  3986 D QmiClient: qmiServiceEventCallback recv msg id 1099
04-12 17:27:22.190  3438  3988 D QmiClient: qmiServiceEventCallback recv msg id 1099
04-12 17:27:22.190  2727  3986 D QmiClient: enter -mServiceType 4 onQmiServiceEventCallback msgId 1099
04-12 17:27:22.190  3438  3988 D QmiClient: enter -mServiceType 4 onQmiServiceEventCallback msgId 1099
04-12 17:27:22.190  3438  3988 D QmiClient: onQmiServiceEventCallback - enter. msgId=1099
04-12 17:27:22.190  3438  3988 D QmiVsClientEvent: QosPeriodReportInd MSG IND data_len 2052
04-12 17:27:22.190  3438  3988 D QmiVsClientEvent: qmiVsClientNotifyQosPeriodReportIndEvent - RADIO_EVENT_QOS_PERIOD_REPORT_NOTIFY_IND
04-12 17:27:22.190  2727  3986 D QmiClient: onQmiServiceEventCallback - enter. msgId=1099
04-12 17:27:22.190  2727  3986 D QmiVsClientEvent: QosPeriodReportInd MSG IND data_len 2052
04-12 17:27:22.191  2727  3986 D QmiVsClientEvent: qmiVsClientNotifyQosPeriodReportIndEvent - RADIO_EVENT_QOS_PERIOD_REPORT_NOTIFY_IND
04-12 17:27:22.191  3438  3485 D VsProxy : handleMessage msg is 2420
04-12 17:27:22.191  2727  2826 D VsProxy : handleMessage msg is 2420
04-12 17:27:22.191  3438  3485 D VsProxy : handleQosPeriodReportInd for instance 1 data_len 183
04-12 17:27:22.191  2727  2826 D VsProxy : handleQosPeriodReportInd for instance 0 data_len 145
04-12 17:27:22.191 14034 25134 D SubsysRadioIndication[1]: radioQosPeriodReportInd result [8, -125, -59, -80, -128, 15, 18, 14, 8, -4, -60, -80, -128, 15, 16, 1, 32, 53, 40, 1, 72, 1, 26, 13, 8, -50, -61, -80, -128, 15, 16, 1, 40, 1, 56, -79, 1, 34, 12, 8, -6, -46, -82, -128, 15, 16, 4, 24, 1, 32, 3, 58, 61, 8, -44, -60, -80, -128, 15, 16, 5, 24, -98, -23, 30, 32, -10, 3, 40, -88, -1, -1, -1, -1, -1, -1, -1, -1, 1, 48, -11, -1, -1, -1, -1, -1, -1, -1, -1, 1, 56, 8, 64, -90, -1, -1, -1, -1, -1, -1, -1, -1, 1, 72, -89, -1, -1, -1, -1, -1, -1, -1, -1, 1, 66, 31, 8, -66, -40, -83, -128, 15, 16, 5, 24, 2, 34, 19, 8, -98, -23, 30, 16, -10, 3, 24, 41, 32, 13, 40, -126, -64, -27, -123, 21, 48, 2, 90, 0, 98, 10, 8, -66, -31, -92, -128, 15, 16, 3, 24, 5, 122, 20, 8, -12, -64, -80, -128, 15, 16, -1, -1, 1, 24, -1, -1, 1, 32, -1, -1, -1, -1, 15]
04-12 17:27:22.191 14034 14034 D NetworkService[1]: handleMessage what:1005
04-12 17:27:22.191 14034 14034 D RadioAtomTracker: parseQosPeriodData ModemQos:CellularQosInfo1{5G, 504990/502, EndcState=2, Band=41, DLBW=13, Rsrp=-88, Rsrq=-11, Snr=8, SvcStatus=3, ULPDCPNumDataPdu=1, ULPDCPNumDropPdu=0, ULPDCPTput=53, ULRLCNumDataPdu=1, ULRLCNumRetxPdu=0, ULGrant=0, ULBSR=0, ULBler=1, DLPDCPNumDataPdu=1, DLPDCPTput=177, DLRLCNumDataPdu=1, DLRLCNumRetxPdu=0, DLRLCNumDropPdu=0, DLMACPaddingBytes=0, DLPdcpNumMissToUppPdu=0, DLBler=0, RlfCount=0, CellChangeCount=0, IsRedirectionOccur=0, IsDualSimConflict=0, Latency=3, Sub1RrcState=1, Sub2RrcState=3, RachCount=0, CalcPower=32767, Mtpl=32767, PathLoss=-1, CellLoad=0}
04-12 17:27:22.191 14034 25134 D SubsysRadioIndication[0]: radioQosPeriodReportInd result [8, -125, -59, -80, -128, 15, 34, 12, 8, -6, -46, -82, -128, 15, 16, 4, 24, 1, 32, 3, 58, 61, 8, -121, -73, -80, -128, 15, 16, 5, 24, -64, -92, 38, 32, -22, 6, 40, -87, -1, -1, -1, -1, -1, -1, -1, -1, 1, 48, -10, -1, -1, -1, -1, -1, -1, -1, -1, 1, 56, 17, 64, -90, -1, -1, -1, -1, -1, -1, -1, -1, 1, 72, -87, -1, -1, -1, -1, -1, -1, -1, -1, 1, 66, 29, 8, -82, -39, -82, -128, 15, 16, 5, 34, 19, 8, -64, -92, 38, 16, -22, 6, 24, 78, 32, 13, 40, -117, -32, -94, -93, 2, 48, 2, 90, 0, 98, 10, 8, -120, -45, -82, -128, 15, 16, 3, 24, 5, 122, 15, 8, -4, -44, -82, -128, 15, 16, -42, 1, 24, -21, 1, 32, -72, 8]
04-12 17:27:22.191 14034 14034 D NetworkService[1]: EVENT_REG_QOS_PERIOD_REPORT_IND_CHANGED ENTER
04-12 17:27:22.192 14034 14034 D AtomModemKpiInfo: handleMessage what:1001
04-12 17:27:22.192 14034 14034 D AtomModemKpiInfo: analyseQosInfo success
04-12 17:27:22.192 14034 14034 D NetworkService[0]: handleMessage what:1005
04-12 17:27:22.192 14034 14034 D RadioAtomTracker: parseQosPeriodData ModemQos:CellularQosInfo2{5G, 627264/874, EndcState=0, Band=78, DLBW=13, Rsrp=-87, Rsrq=-10, Snr=17, SvcStatus=3, ULPDCPNumDataPdu=-1, ULPDCPNumDropPdu=-1, ULPDCPTput=-1, ULRLCNumDataPdu=-1, ULRLCNumRetxPdu=-1, ULGrant=-1, ULBSR=-1, ULBler=-1, DLPDCPNumDataPdu=-1, DLPDCPTput=-1, DLRLCNumDataPdu=-1, DLRLCNumRetxPdu=-1, DLRLCNumDropPdu=-1, DLMACPaddingBytes=-1, DLPdcpNumMissToUppPdu=-1, DLBler=-1, RlfCount=0, CellChangeCount=0, IsRedirectionOccur=0, IsDualSimConflict=0, Latency=0, Sub1RrcState=1, Sub2RrcState=3, RachCount=0, CalcPower=214, Mtpl=235, PathLoss=1080, CellLoad=0}
04-12 17:27:22.192 14034 14034 D NetworkService[0]: EVENT_REG_QOS_PERIOD_REPORT_IND_CHANGED ENTER
04-12 17:27:22.192 14034 14034 D AtomModemKpiInfo: handleMessage what:1001
04-12 17:27:22.192 14034 14034 D AtomModemKpiInfo: analyseQosInfo success
04-12 17:27:22.196  2181  2506 I SDM     : DisplayBuiltIn::IdlePowerCollapse: IPC received, disabling partial update for one frame
04-12 17:27:22.252  2113 30657 I sensors-hal: handle_oplus_wise_rgb_event:161, wise_rgb: (25731)(cct, lux, ir)[6172.08, 129.82, 54.438385] (r, g, b, c)[6259.06, 4055.36, 2689.66, 11816.15]                 (pwm, hbm, brl, algo)[0.0 0.0 1341.0 2.0], flag 39622
04-12 17:27:22.294  2181  2506 I SDM     : DisplayBuiltIn::IdlePowerCollapse: IPC received, disabling partial update for one frame
04-12 17:27:22.404  3590  8836 V WindowManager: Relayout Window{2232c0f u0 com.binance.monitor}: viewVisibility=0, oldvis=0, req=315x429 , apr = 0, vsysui=, x=42, y=420
04-12 17:27:22.404  7398  7398 I SurfaceControl:  setExtendedRangeBrightness sc=Surface(name=)/@0xb5ec0c6,currentBufferRatio=1.0,desiredRatio=1.0
04-12 17:27:22.405  3590  8836 D InsetsSourceProvider: updateSourceFrameForServerVisibility mandatorySystemGestures EMPTY_RECT
04-12 17:27:22.407  3590  8836 D InsetsSourceProvider: updateSourceFrameForServerVisibility mandatorySystemGestures EMPTY_RECT
04-12 17:27:22.502  2280  2331 D BatteryChargeControl: bcc get no support from charging protocol
04-12 17:27:22.503  2181  2506 I SDM     : DisplayBuiltIn::IdlePowerCollapse: IPC received, disabling partial update for one frame
04-12 17:27:22.562  2113 30669 I sensors-hal: handle_sns_std_sensor_event:114, oplus rgb_rear sample: (cct, lux, ir, x, y)[7870, 48, 272, 282, 352]
04-12 17:27:22.562  2113 30669 I sensors-hal: handle_sns_std_sensor_event:116, oplus rgb_rear sample: (r, g, b, c w)[1993, 3760, 504, 1026, 0]
04-12 17:27:22.586  2181  2506 I SDM     : DisplayBuiltIn::IdlePowerCollapse: IPC received, disabling partial update for one frame
04-12 17:27:22.590  2181  2181 E CwbService: Panel not support apl read or getDisplayPanelAplValue timeout 10ms.
04-12 17:27:22.590  2258  2258 D SensorFeature: name=ssc_screenshot_info ,index = 22
04-12 17:27:22.591  2258  2258 D SensorFeature: write 41 bytes:1033257938894388,1033257993165013,39623,0
04-12 17:27:22.793  2113 30657 I sensors-hal: handle_oplus_wise_rgb_event:161, wise_rgb: (25736)(cct, lux, ir)[6208.11, 130.25, 53.091087] (r, g, b, c)[6266.53, 4068.56, 2685.24, 11790.50]                 (pwm, hbm, brl, algo)[0.0 0.0 1341.0 2.0], flag 39623
04-12 17:27:22.794  2113 26293 I sensors-hal: handle_oplus_wise_rgb_event:189, high_pwm_light:lux 130.3,cct 6208.1,brl/algo/ir 1341.0/2.0/53.1,pwm/dc 0.0/0.0,rgbc 6306.416504/4083.962158/2698.489502/11832.470703,ts 1033257936265711,cnt 25734,flag 39623
04-12 17:27:22.795  3590  7333 D FusionLightNextGen: process end reported = 1, mode: 0, cnt: 82930, lux 126.0, cct 6137.5, r/g/b/c: 6281.5/4064.2/2683.0/11804.5, R/G/B: 31.0/33.0/33.0, bri 1341.0, match 1.00, ir 0.052790, conf 5.0, ts 1033257980533732
04-12 17:27:22.894  2258  2258 D SensorFeature: name=ssc_screenshot_info ,index = 22
04-12 17:27:22.894  2258  2258 D SensorFeature: write 41 bytes:1033257938894388,1033258306149075,39624,0
04-12 17:27:22.945  3438  4039 D QmiClient: qmiServiceEventCallback recv msg id 47
04-12 17:27:22.945  3438  4039 D QmiClient: enter -mServiceType 10 onQmiServiceEventCallback msgId 47
04-12 17:27:22.945  3438  4039 D QmiClient: onQmiServiceEventCallback - enter. msgId=47
04-12 17:27:22.946  3438  3488 D OttProxy: handleMessage msg is 3001
04-12 17:27:22.947 14034 25134 D SubsysRadioIndication[1]: radioLinkLatencyInfoInd
04-12 17:27:22.947 14034 25134 D SubsysRadioIndication[1]: notify enter
04-12 17:27:22.947 14034 14034 D NetworkService[1]: handleMessage what:1008
04-12 17:27:22.947 14034 14034 D NetworkService[1]: EVENT_REG_LINK_LATENCY_INFO_CHANGE ulLatency:3891
04-12 17:27:23.051  2113 30657 I sensors-hal: handle_oplus_wise_rgb_event:161, wise_rgb: (25741)(cct, lux, ir)[6191.88, 129.67, 53.748188] (r, g, b, c)[6281.49, 4066.36, 2698.49, 11785.83]                 (pwm, hbm, brl, algo)[0.0 0.0 1341.0 2.0], flag 39624
04-12 17:27:23.059 14034 15313 D CommonApp-266-10512: transport layer data is invalid
04-12 17:27:23.060 14034 15313 D CommonApp-265-10512: commonScoreStrategy scenarios low package
04-12 17:27:23.060 14034 15313 D ScorePolicy: handleScoreChanged: []
04-12 17:27:23.060 14034 15313 D ScorePolicy: handleScoreChanged: []
04-12 17:27:23.060 14034 15313 D ScorePolicy: handleScoreChanged: []
04-12 17:27:23.154  2181  2506 I SDM     : DisplayBuiltIn::IdlePowerCollapse: IPC received, disabling partial update for one frame
04-12 17:27:23.196  2258  2258 D SensorFeature: name=ssc_screenshot_info ,index = 22
04-12 17:27:23.197  2258  2258 D SensorFeature: write 41 bytes:1033257938894388,1033258609260377,39625,0
04-12 17:27:23.262  2727  3986 D QmiClient: qmiServiceEventCallback recv msg id 1099
04-12 17:27:23.262  2727  3986 D QmiClient: enter -mServiceType 4 onQmiServiceEventCallback msgId 1099
04-12 17:27:23.262  2727  3986 D QmiClient: onQmiServiceEventCallback - enter. msgId=1099
04-12 17:27:23.262  2727  3986 D QmiVsClientEvent: QosPeriodReportInd MSG IND data_len 2052
04-12 17:27:23.262  2727  3986 D QmiVsClientEvent: qmiVsClientNotifyQosPeriodReportIndEvent - RADIO_EVENT_QOS_PERIOD_REPORT_NOTIFY_IND
04-12 17:27:23.262  3438  3988 D QmiClient: qmiServiceEventCallback recv msg id 1099
04-12 17:27:23.262  3438  3988 D QmiClient: enter -mServiceType 4 onQmiServiceEventCallback msgId 1099
04-12 17:27:23.262  3438  3988 D QmiClient: onQmiServiceEventCallback - enter. msgId=1099
04-12 17:27:23.262  3438  3988 D QmiVsClientEvent: QosPeriodReportInd MSG IND data_len 2052
04-12 17:27:23.262  3438  3988 D QmiVsClientEvent: qmiVsClientNotifyQosPeriodReportIndEvent - RADIO_EVENT_QOS_PERIOD_REPORT_NOTIFY_IND
04-12 17:27:23.263  3438  3485 D VsProxy : handleMessage msg is 2420
04-12 17:27:23.263  3438  3485 D VsProxy : handleQosPeriodReportInd for instance 1 data_len 183
04-12 17:27:23.263  2727  2826 D VsProxy : handleMessage msg is 2420
04-12 17:27:23.263  2727  2826 D VsProxy : handleQosPeriodReportInd for instance 0 data_len 145
04-12 17:27:23.263 14034 25134 D SubsysRadioIndication[0]: radioQosPeriodReportInd result [8, -77, -51, -80, -128, 15, 34, 12, 8, -6, -46, -82, -128, 15, 16, 4, 24, 1, 32, 3, 58, 61, 8, -119, -57, -80, -128, 15, 16, 5, 24, -64, -92, 38, 32, -22, 6, 40, -88, -1, -1, -1, -1, -1, -1, -1, -1, 1, 48, -10, -1, -1, -1, -1, -1, -1, -1, -1, 1, 56, 11, 64, -94, -1, -1, -1, -1, -1, -1, -1, -1, 1, 72, -88, -1, -1, -1, -1, -1, -1, -1, -1, 1, 66, 29, 8, -82, -39, -82, -128, 15, 16, 5, 34, 19, 8, -64, -92, 38, 16, -22, 6, 24, 78, 32, 13, 40, -117, -32, -94, -93, 2, 48, 2, 90, 0, 98, 10, 8, -120, -45, -82, -128, 15, 16, 3, 24, 5, 122, 15, 8, -4, -44, -82, -128, 15, 16, -42, 1, 24, -21, 1, 32, -72, 8]
04-12 17:27:23.264 14034 14034 D NetworkService[0]: handleMessage what:1005
04-12 17:27:23.264 14034 25134 D SubsysRadioIndication[1]: radioQosPeriodReportInd result [8, -76, -51, -80, -128, 15, 18, 14, 8, -112, -52, -80, -128, 15, 16, 1, 32, 53, 40, 1, 72, 1, 26, 13, 8, -77, -55, -80, -128, 15, 16, 1, 40, 1, 56, -74, 1, 34, 12, 8, -6, -46, -82, -128, 15, 16, 4, 24, 1, 32, 3, 58, 61, 8, -112, -52, -80, -128, 15, 16, 5, 24, -98, -23, 30, 32, -10, 3, 40, -89, -1, -1, -1, -1, -1, -1, -1, -1, 1, 48, -11, -1, -1, -1, -1, -1, -1, -1, -1, 1, 56, 7, 64, -89, -1, -1, -1, -1, -1, -1, -1, -1, 1, 72, -88, -1, -1, -1, -1, -1, -1, -1, -1, 1, 66, 31, 8, -66, -40, -83, -128, 15, 16, 5, 24, 2, 34, 19, 8, -98, -23, 30, 16, -10, 3, 24, 41, 32, 13, 40, -126, -64, -27, -123, 21, 48, 2, 90, 0, 98, 10, 8, -66, -31, -92, -128, 15, 16, 3, 24, 5, 122, 20, 8, -76, -56, -80, -128, 15, 16, -1, -1, 1, 24, -1, -1, 1, 32, -1, -1, -1, -1, 15]
04-12 17:27:23.264 14034 14034 D RadioAtomTracker: parseQosPeriodData ModemQos:CellularQosInfo2{5G, 627264/874, EndcState=0, Band=78, DLBW=13, Rsrp=-88, Rsrq=-10, Snr=11, SvcStatus=3, ULPDCPNumDataPdu=-1, ULPDCPNumDropPdu=-1, ULPDCPTput=-1, ULRLCNumDataPdu=-1, ULRLCNumRetxPdu=-1, ULGrant=-1, ULBSR=-1, ULBler=-1, DLPDCPNumDataPdu=-1, DLPDCPTput=-1, DLRLCNumDataPdu=-1, DLRLCNumRetxPdu=-1, DLRLCNumDropPdu=-1, DLMACPaddingBytes=-1, DLPdcpNumMissToUppPdu=-1, DLBler=-1, RlfCount=0, CellChangeCount=0, IsRedirectionOccur=0, IsDualSimConflict=0, Latency=0, Sub1RrcState=1, Sub2RrcState=3, RachCount=0, CalcPower=214, Mtpl=235, PathLoss=1080, CellLoad=0}
04-12 17:27:23.264 14034 14034 D NetworkService[0]: EVENT_REG_QOS_PERIOD_REPORT_IND_CHANGED ENTER
04-12 17:27:23.264 14034 14034 D NetworkService[1]: handleMessage what:1005
04-12 17:27:23.264 14034 14034 D RadioAtomTracker: parseQosPeriodData ModemQos:CellularQosInfo1{5G, 504990/502, EndcState=2, Band=41, DLBW=13, Rsrp=-89, Rsrq=-11, Snr=7, SvcStatus=3, ULPDCPNumDataPdu=1, ULPDCPNumDropPdu=0, ULPDCPTput=53, ULRLCNumDataPdu=1, ULRLCNumRetxPdu=0, ULGrant=0, ULBSR=0, ULBler=1, DLPDCPNumDataPdu=1, DLPDCPTput=182, DLRLCNumDataPdu=1, DLRLCNumRetxPdu=0, DLRLCNumDropPdu=0, DLMACPaddingBytes=0, DLPdcpNumMissToUppPdu=0, DLBler=0, RlfCount=0, CellChangeCount=0, IsRedirectionOccur=0, IsDualSimConflict=0, Latency=3, Sub1RrcState=1, Sub2RrcState=3, RachCount=0, CalcPower=32767, Mtpl=32767, PathLoss=-1, CellLoad=0}
04-12 17:27:23.264 14034 14034 D NetworkService[1]: EVENT_REG_QOS_PERIOD_REPORT_IND_CHANGED ENTER
04-12 17:27:23.264 14034 14034 D AtomModemKpiInfo: handleMessage what:1001
04-12 17:27:23.264 14034 14034 D AtomModemKpiInfo: analyseQosInfo success
04-12 17:27:23.277  7398  7540 I ChainTrace: stream type=syncEvent gapMs=1118 refreshMarket=true
04-12 17:27:23.317  2113 30657 I sensors-hal: handle_oplus_wise_rgb_event:161, wise_rgb: (25746)(cct, lux, ir)[6275.91, 130.15, 52.278076] (r, g, b, c)[6259.06, 4053.16, 2678.62, 11781.17]                 (pwm, hbm, brl, algo)[0.0 0.0 1341.0 2.0], flag 39625
04-12 17:27:23.316  2113 26293 I sensors-hal: handle_oplus_wise_rgb_event:189, high_pwm_light:lux 130.2,cct 6275.9,brl/algo/ir 1341.0/2.0/52.3,pwm/dc 0.0/0.0,rgbc 6266.534180/4055.356689/2685.239990/11769.506836,ts 1033258546757950,cnt 25744,flag 39625
04-12 17:27:23.317  3590  9788 I AICCTModule: SensorFilter: brightness threshold 1.2 screenNit is 92.519 ave enviroment lux is 126.11595 luxForNit 90.02024demarcationPoint200.0 result is false
04-12 17:27:23.317  3590  9788 I AICCTModule: SensorFilter: findSecondNearestValue, sensorValue: 6106.739 nearestMaxValue:6085.7393 secondNearestValue: 6137.4863
04-12 17:27:23.317  3590  9788 I AICCTModule: SensorFilter: findSecondNearestValue, sensorValue: 121.96063 nearestMaxValue:125.73382 secondNearestValue: 125.73382
04-12 17:27:23.338  3590  8836 D NotificationService--OplusNotificationFixHelper: fixAppIcon: pkg=com.v2ray.ang
04-12 17:27:23.338  3590  8836 D NotificationService--OplusNotificationFixHelper: fixAppIcon: appIcon = null, pkg = com.v2ray.ang
04-12 17:27:23.339  3590  8836 D NotificationService--NotificationRecord: isSupportRearLight , isRearLight = false mLedRM = false isMultilLed = false
04-12 17:27:23.340  3590  8836 I OplusStatusBarManagerServiceEnhance:  getTopIsFullscreen mTopIsFullscreen: false
04-12 17:27:23.340  3590  8836 W ActivityManager: Permission Denial: getTopApplicationInfo from pid=28141, uid=10397 requires oplus.permission.OPLUS_COMPONENT_SAFE
04-12 17:27:23.340  3590  8836 E OplusNotificationCenter: getForegroundApplication exception
04-12 17:27:23.340  3590  3590 D NotificationService--OplusNotificationManagerServiceExtImpl: isForwardToAssistants: true, case : Is local notification
04-12 17:27:23.340  3590  3590 D NotificationService: This application enqueue notifications is need postDelayed mcsAssistantDelayTime: 50
04-12 17:27:23.393  2181  2506 I SDM     : DisplayBuiltIn::IdlePowerCollapse: IPC received, disabling partial update for one frame
04-12 17:27:23.399  8338  8338 I SystemUi--Notification: OplusLiveAlertNotificationsRepository-->onRankingApplied
04-12 17:27:23.414  8338  8338 I PluginSeedling--Track: RequestHandler-->notificationUpdated 0|com.v2ray.ang|1|null|10397 postTime: 1775986043338
04-12 17:27:23.414  8338  8338 E LockScreenNotificationDispatcherImp: updateNotificationListOnKg size:0
04-12 17:27:23.418  8338  8338 W SystemUi--Notification: OplusNotificationGroupExtImpl-->setChildrenExpanded: groupHeader is null
04-12 17:27:23.418  8338  8338 I SystemUi--Notification: LockScreenNotificationDispatcherImp-->updateNotificationListOnKg resultCode: 0
04-12 17:27:23.426  3590  8836 V WindowManager: Relayout Window{2232c0f u0 com.binance.monitor}: viewVisibility=0, oldvis=0, req=315x429 , apr = 0, vsysui=, x=42, y=420
04-12 17:27:23.426  7398  7398 I SurfaceControl:  setExtendedRangeBrightness sc=Surface(name=)/@0xb5ec0c6,currentBufferRatio=1.0,desiredRatio=1.0
04-12 17:27:23.427  3590  8836 D InsetsSourceProvider: updateSourceFrameForServerVisibility mandatorySystemGestures EMPTY_RECT
04-12 17:27:23.427  3590  8836 D InsetsSourceProvider: updateSourceFrameForServerVisibility mandatorySystemGestures EMPTY_RECT
04-12 17:27:23.435  8338  8706 D LocalImageResolver: Couldn't use ImageDecoder for drawable, falling back to non-resized load.
04-12 17:27:23.436  8338  8706 D LocalImageResolver: Couldn't use ImageDecoder for drawable, falling back to non-resized load.
04-12 17:27:23.437  8338  8338 D OplusNotificationDateTimeView: setTime mSettingTimeMillis 1775986043335, mSettingLocalDateTime 2026-04-12T17:27:00.335
04-12 17:27:23.438  8338  8706 D LocalImageResolver: Couldn't use ImageDecoder for drawable, falling back to non-resized load.
04-12 17:27:23.449  8338  8338 D OplusNotificationDateTimeView: setTime mSettingTimeMillis 1775986043335, mSettingLocalDateTime 2026-04-12T17:27:00.335
04-12 17:27:23.453  8338  8338 D OplusNotificationDateTimeView: setTime mSettingTimeMillis 1775986043335, mSettingLocalDateTime 2026-04-12T17:27:00.335
04-12 17:27:23.455  8338  8338 I SystemUi--Notification: OplusNotificationTempla-->resolveContentMargin: marginTop=112 isChildInGroup=false hasSubtitle=true params.topMargin=112
04-12 17:27:23.455  8338  8338 W SystemUi--Notification: OplusNotificationGroupExtImpl-->setChildrenExpanded: groupHeader is null
04-12 17:27:23.457  8338  8338 E LockScreenNotificationDispatcherImp: updateNotificationListOnKg size:0
04-12 17:27:23.462  8338  8338 W SystemUi--Notification: OplusNotificationGroupExtImpl-->setChildrenExpanded: groupHeader is null
04-12 17:27:23.463  8338  8338 I SystemUi--Notification: LockScreenNotificationDispatcherImp-->updateNotificationListOnKg resultCode: 0
04-12 17:27:23.503  2280  2331 D BatteryChargeControl: bcc get no support from charging protocol
04-12 17:27:23.526  2181  2506 I SDM     : DisplayBuiltIn::IdlePowerCollapse: IPC received, disabling partial update for one frame
04-12 17:27:23.532  2181  2181 E CwbService: Panel not support apl read or getDisplayPanelAplValue timeout 10ms.
04-12 17:27:23.533  2258  2258 D SensorFeature: name=ssc_screenshot_info ,index = 22
04-12 17:27:23.533  2258  2258 D SensorFeature: write 41 bytes:1033258882947981,1033258935385637,39626,0
04-12 17:27:23.543 21796 21834 I APS_ALOG: flushRoutine g_immediateFlush=0 g_pendingCount=0 g_oobCount=0
04-12 17:27:23.584  2113 30657 I sensors-hal: handle_oplus_wise_rgb_event:161, wise_rgb: (25751)(cct, lux, ir)[6172.57, 129.91, 54.142227] (r, g, b, c)[6279.00, 4070.76, 2680.82, 11823.14]                 (pwm, hbm, brl, algo)[0.0 0.0 1341.0 2.0], flag 39626
04-12 17:27:23.815  3590  7166 I OplusCpuLimitManager: OplusCpuHighLoad: request instant cpu load
04-12 17:27:23.817  3590  7166 E OsenseCommonUtils: write /dev/memcg/memory.force_shrink_file failed
04-12 17:27:23.817  3590  7166 E OsenseCommonUtils: java.io.IOException: write failed: EBUSY (Device or resource busy)
04-12 17:27:23.817  3590  7166 E OsenseCommonUtils: 	at libcore.io.IoBridge.write(IoBridge.java:651)
04-12 17:27:23.817  3590  7166 E OsenseCommonUtils: 	at java.io.FileOutputStream.write(FileOutputStream.java:436)
04-12 17:27:23.817  3590  7166 E OsenseCommonUtils: 	at sun.nio.cs.StreamEncoder.writeBytes(StreamEncoder.java:233)
04-12 17:27:23.817  3590  7166 E OsenseCommonUtils: 	at sun.nio.cs.StreamEncoder.implFlushBuffer(StreamEncoder.java:309)
04-12 17:27:23.817  3590  7166 E OsenseCommonUtils: 	at sun.nio.cs.StreamEncoder.implFlush(StreamEncoder.java:313)
04-12 17:27:23.817  3590  7166 E OsenseCommonUtils: 	at sun.nio.cs.StreamEncoder.flush(StreamEncoder.java:153)
04-12 17:27:23.817  3590  7166 E OsenseCommonUtils: 	at java.io.OutputStreamWriter.flush(OutputStreamWriter.java:248)
04-12 17:27:23.817  3590  7166 E OsenseCommonUtils: 	at com.android.server.oplus.osense.utils.OsenseCommonUtils.writeFile(OsenseCommonUtils.java:154)
04-12 17:27:23.817  3590  7166 E OsenseCommonUtils: 	at com.android.server.am.OplusOsenseCompressAction.doGlobalShrink(OplusOsenseCompressAction.java:1887)
04-12 17:27:23.817  3590  7166 E OsenseCommonUtils: 	at com.android.server.am.OplusOsenseCompressAction.-$$Nest$mdoGlobalShrink(Unknown Source:0)
04-12 17:27:23.817  3590  7166 E OsenseCommonUtils: 	at com.android.server.am.OplusOsenseCompressAction$CompressHandler.handleMessage(OplusOsenseCompressAction.java:1335)
04-12 17:27:23.817  3590  7166 E OsenseCommonUtils: 	at android.os.Handler.dispatchMessage(Handler.java:115)
04-12 17:27:23.817  3590  7166 E OsenseCommonUtils: 	at android.os.Looper.loopOnce(Looper.java:302)
04-12 17:27:23.817  3590  7166 E OsenseCommonUtils: 	at android.os.Looper.loop(Looper.java:412)
04-12 17:27:23.817  3590  7166 E OsenseCommonUtils: 	at android.os.HandlerThread.run(HandlerThread.java:85)
04-12 17:27:23.817  3590  7166 E OsenseCommonUtils: Caused by: android.system.ErrnoException: write failed: EBUSY (Device or resource busy)
04-12 17:27:23.817  3590  7166 E OsenseCommonUtils: 	at libcore.io.Linux.writeBytes(Native Method)
04-12 17:27:23.817  3590  7166 E OsenseCommonUtils: 	at libcore.io.Linux.write(Linux.java:336)
04-12 17:27:23.817  3590  7166 E OsenseCommonUtils: 	at libcore.io.ForwardingOs.write(ForwardingOs.java:948)
04-12 17:27:23.817  3590  7166 E OsenseCommonUtils: 	at libcore.io.BlockGuardOs.write(BlockGuardOs.java:448)
04-12 17:27:23.817  3590  7166 E OsenseCommonUtils: 	at libcore.io.IoBridge.write(IoBridge.java:646)
04-12 17:27:23.817  3590  7166 E OsenseCommonUtils: 	... 14 more
04-12 17:27:23.817  3590  7166 I OplusCpuLimitManager: OplusCpuHighLoad: release instant cpu load
04-12 17:27:23.836  2258  2258 D SensorFeature: name=ssc_screenshot_info ,index = 22
04-12 17:27:23.836  2258  2258 D SensorFeature: write 41 bytes:1033258882947981,1033259248323814,39627,0
04-12 17:27:23.851  2113 26293 I sensors-hal: handle_oplus_wise_rgb_event:189, high_pwm_light:lux 130.2,cct 6219.0,brl/algo/ir 1341.0/2.0/53.4,pwm/dc 0.0/0.0,rgbc 6261.548340/4070.759766/2683.031738/11790.495117,ts 1033259190214461,cnt 25754,flag 39627
04-12 17:27:23.851  2113 30657 I sensors-hal: handle_oplus_wise_rgb_event:161, wise_rgb: (25756)(cct, lux, ir)[6218.95, 130.25, 53.446453] (r, g, b, c)[6259.06, 4064.16, 2678.62, 11764.84]                 (pwm, hbm, brl, algo)[0.0 0.0 1341.0 2.0], flag 39627
04-12 17:27:23.903  3438  4039 D QmiClient: qmiServiceEventCallback recv msg id 47
04-12 17:27:23.903  3438  4039 D QmiClient: enter -mServiceType 10 onQmiServiceEventCallback msgId 47
04-12 17:27:23.903  3438  4039 D QmiClient: onQmiServiceEventCallback - enter. msgId=47
04-12 17:27:23.904  3438  3488 D OttProxy: handleMessage msg is 3001
04-12 17:27:23.904 14034 25134 D SubsysRadioIndication[1]: radioLinkLatencyInfoInd
04-12 17:27:23.905 14034 25134 D SubsysRadioIndication[1]: notify enter
04-12 17:27:23.905 14034 14034 D NetworkService[1]: handleMessage what:1008
04-12 17:27:23.905 14034 14034 D NetworkService[1]: EVENT_REG_LINK_LATENCY_INFO_CHANGE ulLatency:5417
04-12 17:27:24.004  3590  7344 V AlarmManager: sending alarm Alarm{79e14b5 type 1 origWhen 1775986044004 whenElapsed 1033259418 android} uid 1000 whenElapsed 1033259418 windowLength 0 maxWhenElapsed 1033259418 repeatInterval 0 action null component null tag StorgaeBandInfoAlarmTag flags 0x9 procName system_server
04-12 17:27:24.005  3590 10338 E OplusStorageUFSBandwidth: storage_io_metrics_path is /proc/oplus_storage/io_metrics/forever/
04-12 17:27:24.007  3590 10338 E OplusStorageUFSBandwidth: Bandwidth - Read: 0.00 MB/s, Write: 0.00 MB/s
04-12 17:27:24.007  3590 10338 E OplusStorageUFSBandwidth: Task time: 2ms
04-12 17:27:24.009  3590 10338 E OplusStorageUFSBandwidth: Alarm set to trigger in 10 seconds
04-12 17:27:24.084 14034 15313 D CommonApp-266-10512: transport layer data is invalid
04-12 17:27:24.085 14034 15313 D CommonApp-265-10512: commonScoreStrategy scenarios low package
04-12 17:27:24.085 14034 15313 D ScorePolicy: handleScoreChanged: []
04-12 17:27:24.085 14034 15313 D ScorePolicy: handleScoreChanged: []
04-12 17:27:24.085 14034 15313 D ScorePolicy: handleScoreChanged: []
04-12 17:27:24.139  2258  2258 D SensorFeature: name=ssc_screenshot_info ,index = 22
04-12 17:27:24.139  2258  2258 D SensorFeature: write 41 bytes:1033258882947981,1033259551745325,39628,0
04-12 17:27:24.142  2113 30657 I sensors-hal: handle_oplus_wise_rgb_event:161, wise_rgb: (25761)(cct, lux, ir)[6213.05, 129.90, 53.227127] (r, g, b, c)[6226.65, 4037.75, 2663.16, 11722.87]                 (pwm, hbm, brl, algo)[0.0 0.0 1341.0 2.0], flag 39628
04-12 17:27:24.142  3590  7333 D FusionLightNextGen: process end reported = 1, mode: 0, cnt: 82935, lux 124.4, cct 6158.4, r/g/b/c: 6241.6/4033.4/2674.2/11708.9, R/G/B: 31.0/33.0/33.0, bri 1341.0, match 1.00, ir 0.053935, conf 5.0, ts 1033259501420867
04-12 17:27:24.253  2181  2506 I SDM     : DisplayBuiltIn::IdlePowerCollapse: IPC received, disabling partial update for one frame
04-12 17:27:24.262  2727  3986 D QmiClient: qmiServiceEventCallback recv msg id 1099
04-12 17:27:24.262  2727  3986 D QmiClient: enter -mServiceType 4 onQmiServiceEventCallback msgId 1099
04-12 17:27:24.262  2727  3986 D QmiClient: onQmiServiceEventCallback - enter. msgId=1099
04-12 17:27:24.262  2727  3986 D QmiVsClientEvent: QosPeriodReportInd MSG IND data_len 2052
04-12 17:27:24.262  2727  3986 D QmiVsClientEvent: qmiVsClientNotifyQosPeriodReportIndEvent - RADIO_EVENT_QOS_PERIOD_REPORT_NOTIFY_IND
04-12 17:27:24.262  2727  2826 D VsProxy : handleMessage msg is 2420
04-12 17:27:24.262  3438  3988 D QmiClient: qmiServiceEventCallback recv msg id 1099
04-12 17:27:24.262  3438  3988 D QmiClient: enter -mServiceType 4 onQmiServiceEventCallback msgId 1099
04-12 17:27:24.262  3438  3988 D QmiClient: onQmiServiceEventCallback - enter. msgId=1099
04-12 17:27:24.262  3438  3988 D QmiVsClientEvent: QosPeriodReportInd MSG IND data_len 2052
04-12 17:27:24.262  3438  3988 D QmiVsClientEvent: qmiVsClientNotifyQosPeriodReportIndEvent - RADIO_EVENT_QOS_PERIOD_REPORT_NOTIFY_IND
04-12 17:27:24.262  2727  2826 D VsProxy : handleQosPeriodReportInd for instance 0 data_len 145
04-12 17:27:24.263  3438  3485 D VsProxy : handleMessage msg is 2420
04-12 17:27:24.263  3438  3485 D VsProxy : handleQosPeriodReportInd for instance 1 data_len 183
04-12 17:27:24.263 14034 25134 D SubsysRadioIndication[0]: radioQosPeriodReportInd result [8, -101, -43, -80, -128, 15, 34, 12, 8, -6, -46, -82, -128, 15, 16, 4, 24, 1, 32, 3, 58, 61, 8, -119, -57, -80, -128, 15, 16, 5, 24, -64, -92, 38, 32, -22, 6, 40, -88, -1, -1, -1, -1, -1, -1, -1, -1, 1, 48, -10, -1, -1, -1, -1, -1, -1, -1, -1, 1, 56, 11, 64, -94, -1, -1, -1, -1, -1, -1, -1, -1, 1, 72, -88, -1, -1, -1, -1, -1, -1, -1, -1, 1, 66, 29, 8, -82, -39, -82, -128, 15, 16, 5, 34, 19, 8, -64, -92, 38, 16, -22, 6, 24, 78, 32, 13, 40, -117, -32, -94, -93, 2, 48, 2, 90, 0, 98, 10, 8, -120, -45, -82, -128, 15, 16, 3, 24, 5, 122, 15, 8, -4, -44, -82, -128, 15, 16, -42, 1, 24, -21, 1, 32, -72, 8]
