04-12 17:27:27.884  8338  8381 V WindowManagerShell: start default transition animation, info = {id=28419 t=OPEN f=0x0 trk=0 r=[0@Point(0, 0)] c=[{m=OPEN f=FILLS_TASK leash=Surface(name=ActivityRecord{135463480 u0 com.binance.monitor/.ui.account.AccountStatsBridgeActivity t13247})/@0x68e002c sb=Rect(0, 0 - 0, 0) eb=Rect(0, 0 - 1264, 2780) epz=Point(1264, 2780) d=-1->0 r=-1->0:-1 component=com.binance.monitor/.ui.account.AccountStatsBridgeActivity opt={t=CUSTOM enterResId=0 changeResId=0 exitResId=0 mUserId=0}},{m=TO_BACK f=FILLS_TASK leash=Surface(name=ActivityRecord{197984232 u0 com.binance.monitor/.ui.chart.MarketChartActivity t13247})/@0xc8baaf5 sb=Rect(0, 0 - 1264, 2780) eb=Rect(0, 0 - 1264, 2780) epz=Point(1264, 2780) d=0 component=com.binance.monitor/.ui.chart.MarketChartActivity opt={t=CUSTOM enterResId=0 changeResId=0 exitResId=0 mUserId=0}}] 
04-12 17:27:27.885  3590  8846 D Transition: finishTransition ar ActivityRecord{135463480 u0 com.binance.monitor/.ui.account.AccountStatsBridgeActivity t13247}, isVisibleRequested=true, state=RESUMED, visibleAtTransitionEndTokens={ActivityRecord{135463480 u0 com.binance.monitor/.ui.account.AccountStatsBridgeActivity t13247}}, this=TransitionRecord{f58872d id=28419 track=0 type=OPEN flags=0x0 state=2 c=[
04-12 17:27:27.885  3590  8846 D Transition:    ChangeInfo{5581fb9 container=ActivityRecord{135463480 u0 com.binance.monitor/.ui.account.AccountStatsBridgeActivity t13247} flags=0x0}
04-12 17:27:27.885  3590  8846 D Transition:    ChangeInfo{2460ffe container=ActivityRecord{197984232 u0 com.binance.monitor/.ui.chart.MarketChartActivity t13247} flags=0x0}
04-12 17:27:27.885  3590  8846 D Transition: finishTransition ar ActivityRecord{197984232 u0 com.binance.monitor/.ui.chart.MarketChartActivity t13247}, isVisibleRequested=false, state=PAUSED, visibleAtTransitionEndTokens={ActivityRecord{135463480 u0 com.binance.monitor/.ui.account.AccountStatsBridgeActivity t13247}}, this=TransitionRecord{f58872d id=28419 track=0 type=OPEN flags=0x0 state=2 c=[
04-12 17:27:27.885  3590  8846 D Transition:    ChangeInfo{5581fb9 container=ActivityRecord{135463480 u0 com.binance.monitor/.ui.account.AccountStatsBridgeActivity t13247} flags=0x0}
04-12 17:27:27.885  3590  8846 D Transition:    ChangeInfo{2460ffe container=ActivityRecord{197984232 u0 com.binance.monitor/.ui.chart.MarketChartActivity t13247} flags=0x0}
04-12 17:27:27.885  3590  8846 D ActivityTaskManager: commitVisibility: ActivityRecord{197984232 u0 com.binance.monitor/.ui.chart.MarketChartActivity t13247}: visible=false visibleRequested=false, isInTransition=false 
04-12 17:27:27.885  3590  8846 D WindowManager: NFW_setClientVisible:ActivityRecord{197984232 u0 com.binance.monitor/.ui.chart.MarketChartActivity t13247} clientVisible:false
04-12 17:27:27.886  3590  8846 I WindowManager: Window{8317b56 u0 com.binance.monitor/com.binance.monitor.ui.chart.MarketChartActivity} state from HAS_DRAWN to DRAW_PENDING; reason: resetDrawState
04-12 17:27:27.886  3590  8846 I OplusAppSwitchManagerService:  handleAppVisible , r = ActivityRecord{135463480 u0 com.binance.monitor/.ui.account.AccountStatsBridgeActivity t13247}
04-12 17:27:27.886  7398  7454 D VRI[MarketChartActivity]: dispatchAppVisibility visible:false mUpcomingWindowFocus:false
04-12 17:27:27.886  3590  8846 D OplusTransitionController:    ChangeInfo{5581fb9 container=ActivityRecord{135463480 u0 com.binance.monitor/.ui.account.AccountStatsBridgeActivity t13247} flags=0x0}
04-12 17:27:27.886  3590  8846 D OplusTransitionController:    ChangeInfo{2460ffe container=ActivityRecord{197984232 u0 com.binance.monitor/.ui.chart.MarketChartActivity t13247} flags=0x0}
04-12 17:27:27.886  3590  8846 D FlexibleTaskTransitionController:    ChangeInfo{5581fb9 container=ActivityRecord{135463480 u0 com.binance.monitor/.ui.account.AccountStatsBridgeActivity t13247} flags=0x0}
04-12 17:27:27.886  3590  8846 D FlexibleTaskTransitionController:    ChangeInfo{2460ffe container=ActivityRecord{197984232 u0 com.binance.monitor/.ui.chart.MarketChartActivity t13247} flags=0x0}
04-12 17:27:27.887  3590  3795 D WindowManager: NFW_findFocusedWindowIfNeeded:Window{97ee226 u0 com.binance.monitor/com.binance.monitor.ui.account.AccountStatsBridgeActivity} mCurrentFocus:Window{97ee226 u0 com.binance.monitor/com.binance.monitor.ui.account.AccountStatsBridgeActivity}
04-12 17:27:27.893  3590  8838 I InputDispatcher: updateFocusedWindow, 97ee226 com.binance.monitor/com.binance.monitor.ui.account.AccountStatsBridgeActivity on display 0, reason: Window became focusable. Previous reason: NOT_VISIBLE, result:   FocusedWindows:
04-12 17:27:27.893  3590  8838 I InputDispatcher:     displayId=0, name='97ee226 com.binance.monitor/com.binance.monitor.ui.account.AccountStatsBridgeActivity'
04-12 17:27:27.917  7398  7398 D VRI[AccountStatsBridgeActivity]: onFocusEvent true
04-12 17:27:27.942  7398  7398 W VRI[AccountStatsBridgeActivity]: handleResized, msg:, frameChanged:false, configChanged:false, displayChanged:false, attachedFrameChanged:false, compatScaleChanged:false, pendingDragResizing=false
04-12 17:27:27.942  7398  7398 D VRI[MarketChartActivity]: visibilityChanged oldVisibility=true newVisibility=false
04-12 17:27:27.943  7398  7398 D VRI[MarketChartActivity]: setWindowStopped stopped:true
04-12 17:27:27.947  7398  7509 D VRI[AccountStatsBridgeActivity]: Received frameCommittedCallback lastAttemptedDrawFrameNum=3 didProduceBuffer=true syncBuffer=false
04-12 17:27:27.947  7398  7398 D VRI[AccountStatsBridgeActivity]: draw finished. seqId=0
04-12 17:27:27.949  7398  7509 D BufferQueueProducer: [VRI[MarketChartActivity]#4(BLAST Consumer)4](id:1ce600000004,api:1,p:7398,c:7398) disconnect: api 1
04-12 17:27:27.949  7398  7509 D BLASTBufferQueue: [VRI[MarketChartActivity]#4](f:0,a:1) destructor()
04-12 17:27:27.949  7398  7509 D BufferQueueConsumer: [VRI[MarketChartActivity]#4(BLAST Consumer)4](id:1ce600000004,api:0,p:-1,c:7398) disconnect
04-12 17:27:27.949  7398  7398 D ViewRootImplExtImpl: wrapConfigInfoIntoFlags rotation=0, smallestScreenWidthDp=361, residentWS=false, scenario=0, bounds=Rect(0, 0 - 1264, 2780), relayoutAsync=false, flags=0, newFlags=1457532192, title=com.binance.monitor/com.binance.monitor.ui.chart.MarketChartActivity
04-12 17:27:27.949  3590  8838 V WindowManager: Relayout Window{8317b56 u0 com.binance.monitor/com.binance.monitor.ui.chart.MarketChartActivity}: viewVisibility=8, oldvis=0, req=1264x2780 , apr = 0, vsysui=
04-12 17:27:27.950  3590  8838 D WindowManager: NFW_findFocusedWindowIfNeeded:Window{97ee226 u0 com.binance.monitor/com.binance.monitor.ui.account.AccountStatsBridgeActivity} mCurrentFocus:Window{97ee226 u0 com.binance.monitor/com.binance.monitor.ui.account.AccountStatsBridgeActivity}
04-12 17:27:27.951  7398  7398 D VRI[MarketChartActivity]: relayoutWindow result, sizeChanged:false, surfaceControlChanged:true, transformHintChanged:false, mSurfaceSize:Point(1264, 2780), mLastSurfaceSize:Point(1264, 2780), mWidth:1264, mHeight:2780, requestedWidth:1264, requestedHeight:2780, transformHint:0, installOrientation:0, displayRotation:0, isSurfaceValid:false, attr.flag:-2122252032, tmpFrames:ClientWindowFrames{frame=[0,0][1264,2780] display=[0,0][1264,2780] parentFrame=[0,0][0,0]}, relayoutAsync:false, mSyncSeqId:0
04-12 17:27:27.952  3590  8838 I WindowManager: Window{8317b56 u0 com.binance.monitor/com.binance.monitor.ui.chart.MarketChartActivity} state from DRAW_PENDING to NO_SURFACE; reason: destroySurface
04-12 17:27:27.952  3590  8838 D OplusStartingWindowManager: skip remove starting window for activity = ActivityRecord{197984232 u0 com.binance.monitor/.ui.chart.MarketChartActivity t13247} ,ar != topActivityContainsStartingWindow on activityStopped
04-12 17:27:27.963  7398  7398 D ViewRootImplExtImpl: wrapConfigInfoIntoFlags rotation=0, smallestScreenWidthDp=361, residentWS=false, scenario=0, bounds=Rect(0, 0 - 1264, 2780), relayoutAsync=true, flags=0, newFlags=1457532192, title=com.binance.monitor/com.binance.monitor.ui.account.AccountStatsBridgeActivity
04-12 17:27:27.963  7398  7398 D VRI[AccountStatsBridgeActivity]: relayoutWindow result, sizeChanged:false, surfaceControlChanged:false, transformHintChanged:false, mSurfaceSize:Point(1264, 2780), mLastSurfaceSize:Point(1264, 2780), mWidth:1264, mHeight:2780, requestedWidth:1264, requestedHeight:2780, transformHint:0, installOrientation:0, displayRotation:0, isSurfaceValid:true, attr.flag:-2122252032, tmpFrames:ClientWindowFrames{frame=[0,0][1264,2780] display=[0,0][1264,2780] parentFrame=[0,0][1264,2780]}, relayoutAsync:true, mSyncSeqId:0
04-12 17:27:27.963  7398  7398 W VRI[AccountStatsBridgeActivity]: updateBlastSurfaceIfNeeded, surfaceSize:Point(1264, 2780), lastSurfaceSize:Point(1264, 2780), format:-3, blastBufferQueue:android.graphics.BLASTBufferQueue@24c4728
04-12 17:27:27.963  3590  8838 V WindowManager: Relayout Window{97ee226 u0 com.binance.monitor/com.binance.monitor.ui.account.AccountStatsBridgeActivity}: viewVisibility=0, oldvis=0, req=1264x2780 , apr = 0, vsysui=, x=0, y=0
04-12 17:27:27.981  7398  7398 I SurfaceControl:  setExtendedRangeBrightness sc=Surface(name=com.binance.monitor/com.binance.monitor.ui.account.AccountStatsBridgeActivity)/@0x6e2fa3f,currentBufferRatio=1.0,desiredRatio=1.0
04-12 17:27:28.249 14034 15457 D ActivityAdapter: notifyActivityQuery: [com.binance.monitor; com.binance.monitor.ui.account.AccountStatsBridgeActivity; 1; COMMON; 10512]
04-12 17:27:28.249 14034 15457 D OPlusFrontAppManager: useAdapterResult, pkg=com.binance.monitor,activity=com.binance.monitor.ui.account.AccountStatsBridgeActivity,result=true
04-12 17:27:28.249 14034 15457 D OPlusFrontAppManager: decide -->> [com.binance.monitor; com.binance.monitor.ui.account.AccountStatsBridgeActivity; 1; COMMON; 10512]
04-12 17:27:28.249 14034 15457 D ConferenceScene: pkg:com.binance.monitor, activity:com.binance.monitor.ui.account.AccountStatsBridgeActivity, appSense:COMMON
04-12 17:27:28.249 14034 15457 D ConferenceScene: pkg:com.binance.monitor, activity:com.binance.monitor.ui.chart.MarketChartActivity, appSense:COMMON
04-12 17:27:28.249 14034 15457 D AppSenseService: notifySenseEvent: {pkgName:com.binance.monitor,activityName:com.binance.monitor.ui.account.AccountStatsBridgeActivity,winMode:1,event:COMMON,type:0,subEvent:0,pid:7398,uid:10512},
04-12 17:27:28.249  8406  8866 D AppSenseClient: handleSenseEvent appInfoUnits: {pkgName:com.binance.monitor,activityName:com.binance.monitor.ui.account.AccountStatsBridgeActivity,winMode:1,event:COMMON,type:0,subEvent:0,pid:7398,uid:10512},
04-12 17:27:28.249  3590  3795 D AppSenseClient: handleSenseEvent appInfoUnits: {pkgName:com.binance.monitor,activityName:com.binance.monitor.ui.account.AccountStatsBridgeActivity,winMode:1,event:COMMON,type:0,subEvent:0,pid:7398,uid:10512},
04-12 17:27:28.249 13839 14411 D AppSenseClient: handleSenseEvent appInfoUnits: {pkgName:com.binance.monitor,activityName:com.binance.monitor.ui.account.AccountStatsBridgeActivity,winMode:1,event:COMMON,type:0,subEvent:0,pid:7398,uid:10512},
04-12 17:27:28.249  3590  3795 D AppSenseClient: notifyAppChanges: [{pkgName:com.binance.monitor,activityName:com.binance.monitor.ui.account.AccountStatsBridgeActivity,winMode:1,event:COMMON,type:0,subEvent:0,pid:7398,uid:10512}]
04-12 17:27:28.249  8406  8866 D AppSenseClient: notifyAppChanges: [{pkgName:com.binance.monitor,activityName:com.binance.monitor.ui.account.AccountStatsBridgeActivity,winMode:1,event:COMMON,type:0,subEvent:0,pid:7398,uid:10512}]
04-12 17:27:28.249 13839 14411 D AppSenseClient: notifyAppChanges: [{pkgName:com.binance.monitor,activityName:com.binance.monitor.ui.account.AccountStatsBridgeActivity,winMode:1,event:COMMON,type:0,subEvent:0,pid:7398,uid:10512}]
04-12 17:27:28.249 13839 14411 D NAS-DataSceneEvent: updateAppSenseChange [{pkgName:com.binance.monitor,activityName:com.binance.monitor.ui.account.AccountStatsBridgeActivity,winMode:1,event:COMMON,type:0,subEvent:0,pid:7398,uid:10512}]
04-12 17:27:28.249  8498  8498 D AppSenseClient: handleSenseEvent appInfoUnits: {pkgName:com.binance.monitor,activityName:com.binance.monitor.ui.account.AccountStatsBridgeActivity,winMode:1,event:COMMON,type:0,subEvent:0,pid:7398,uid:10512},
04-12 17:27:28.249  8498  8498 D AppSenseClient: notifyAppChanges: [{pkgName:com.binance.monitor,activityName:com.binance.monitor.ui.account.AccountStatsBridgeActivity,winMode:1,event:COMMON,type:0,subEvent:0,pid:7398,uid:10512}]
04-12 17:27:28.886  7398  7456 D OplusScrollToTopManager: com.binance.monitor/com.binance.monitor.ui.chart.MarketChartActivity,This com.android.internal.policy.DecorView{4285802 I.E...... R......D 0,0-1264,2780 aid=3 alpha=1.0 viewInfo = }[MarketChartActivity] change focus to false
04-12 17:27:28.944  7398  7456 D OplusScrollToTopManager: com.binance.monitor/com.binance.monitor.ui.account.AccountStatsBridgeActivity,This com.android.internal.policy.DecorView{6cbd6f V.E...... R....... 0,0-1264,2780 aid=4 alpha=1.0 viewInfo = }[AccountStatsBridgeActivity] change focus to true
04-12 17:27:36.971  3590  8835 D WindowManager: NFW_setClientVisible:ActivityRecord{253272106 u0 com.binance.monitor/.ui.account.AccountPositionActivity clientVisible:true
04-12 17:27:36.971  3590  8835 D OplusCompatModeManagerService: getRequestedConfigurationOrientation  res:1,req:1,config.old:0,config.new:0,ActivityRecord{253272106 u0 com.binance.monitor/.ui.account.AccountPositionActivity t-1}
04-12 17:27:36.971  3590  8835 D OplusCompatModeManagerService:  ar : ActivityRecord{253272106 u0 com.binance.monitor/.ui.account.AccountPositionActivity t-1} displayId:-1 inCompatMode: false
04-12 17:27:36.971  3590  8835 D FlexibleTaskController: isSupportFlexibleWindow target = com.binance.monitor/.ui.account.AccountPositionActivity callPkg = FlexibleTaskController support = true ,caller = 3590
04-12 17:27:36.972  3590  8835 D ActivityStarterExtImpl: setForceUpdateWindow, targetTask = Task{65327de #13247 type=standard A=10512:com.binance.monitor} r = ActivityRecord{253272106 u0 com.binance.monitor/.ui.account.AccountPositionActivity t-1} notFinish =false
04-12 17:27:36.972  3590  8835 D FlexibleTaskController: isSupportFlexibleWindow target = com.binance.monitor/.ui.account.AccountPositionActivity callPkg = FlexibleTaskController support = true ,caller = 3590
04-12 17:27:36.972  3590  8835 D FlexibleWindowManagerService: no reused task found for ActivityRecord{253272106 u0 com.binance.monitor/.ui.account.AccountPositionActivity t-1}
04-12 17:27:36.972  3590  8480 I OPM     : handleActivityStart : ActivityRecord{253272106 u0 com.binance.monitor/.ui.account.AccountPositionActivity t-1}
04-12 17:27:36.972  3590  8835 D OplusCompatModeManagerService: getRequestedConfigurationOrientation  res:1,req:1,config.old:0,config.new:1,ActivityRecord{253272106 u0 com.binance.monitor/.ui.account.AccountPositionActivity t13247}
04-12 17:27:36.972  3590  8835 D OplusCompatModeManagerService:  ar : ActivityRecord{253272106 u0 com.binance.monitor/.ui.account.AccountPositionActivity t13247} displayId:0 inCompatMode: false
04-12 17:27:36.973  3590  8835 D ActivityTaskManager: addStartingWindow for ActivityRecord{253272106 u0 com.binance.monitor/.ui.account.AccountPositionActivity t13247}, mainWin=null, state=INITIALIZING, isKeyguardLocked=false, isKeyguardGoingAway=false
04-12 17:27:36.974  3590  8835 D OplusWindowAnimationManager: applyNoAnimationForResumed resumed: ActivityRecord{135463480 u0 com.binance.monitor/.ui.account.AccountStatsBridgeActivity t13247}
04-12 17:27:36.975  8338  8381 V WindowManagerShell: Transition requested (#28420): android.os.BinderProxy@d1c50c0 TransitionRequestInfo { type = OPEN, triggerTask = TaskInfo{userId=0 taskId=13247 effectiveUid=10512 displayId=0 isRunning=true baseIntent=Intent { flg=0x10000000 cmp=com.binance.monitor/.ui.main.MainActivity mCallingUid=2000 } baseActivity=ComponentInfo{com.binance.monitor/com.binance.monitor.ui.main.MainActivity} topActivity=ComponentInfo{com.binance.monitor/com.binance.monitor.ui.account.AccountPositionActivity} origActivity=null realActivity=ComponentInfo{com.binance.monitor/com.binance.monitor.ui.main.MainActivity}
04-12 17:27:36.975  8338  8381 V WindowManagerShell:  topActivityInfo=ActivityInfo{68cb53e com.binance.monitor.ui.account.AccountPositionActivity} launchCookies=[] positionInParent=Point(0, 0) parentTaskId=-1 isFocused=true isVisible=true isVisibleRequested=true isTopActivityNoDisplay=false isSleeping=false locusId=null displayAreaFeatureId=1 isTopActivityTransparent=false isActivityStackTransparent=false lastNonFullscreenBounds=Rect(330, 828 - 935, 2092) capturedLink=null capturedLinkTimestamp=0 requestedVisibleTypes=-9 topActivityRequestOpenInBrowserEducationTimestamp=0
04-12 17:27:36.975  3590  8835 I ActivityTaskManager: START u0 {flg=0x24000000 xflg=0x4 cmp=com.binance.monitor/.ui.account.AccountPositionActivity mCallingUid=10512} with LAUNCH_MULTIPLE from uid 10512 (sr=135463480) (BAL_ALLOW_VISIBLE_WINDOW (callingUid has visible window)) result code=0
04-12 17:27:37.001  3590  8835 D RefreshRate: Trigger app switch boost, ar=ActivityRecord{253272106 u0 com.binance.monitor/.ui.account.AccountPositionActivity t13247},currDisplayRate=90.0,boostId=1
04-12 17:27:37.001  3590  8835 D RefreshRate: startAppSwitchBoost targetMode={id=3, width=1264, height=2780, fps=90.0, vsync=90.0, synthetic=false, alternativeRefreshRates=[60.000004, 120.00001, 120.00001], supportedHdrTypes=[1, 2, 3, 4]} record=ActivityRecord{253272106 u0 com.binance.monitor/.ui.account.AccountPositionActivity t13247}: votes=PRIORITY_START_ANIMATION_BOOST -> Vote{mRefreshRate=90.0, mMinRefreshRate=90.0, mRequestSource=null};PRIORITY_WINDOW_REQUEST -> Vote{mRefreshRate=90.0, mMinRefreshRate=90.0, mRequestSource=null};
04-12 17:27:37.001  3590  8835 D ActivityTaskManager: setAppVisibility(Token{3e30bb8 ActivityRecord{253272106 u0 com.binance.monitor/.ui.account.AccountPositionActivity t13247}}, visible=true):  visible=false mVisibleRequested=false
04-12 17:27:37.001  3590  8835 D ActivityTaskManager: setVisibility(Token{3e30bb8 ActivityRecord{253272106 u0 com.binance.monitor/.ui.account.AccountPositionActivity t13247}}, visible=true) defer commitVisibility for transition collecting
04-12 17:27:37.001  3590  8835 D ActivityTaskManager: setAppVisibility(Token{a6daf76 ActivityRecord{135463480 u0 com.binance.monitor/.ui.account.AccountStatsBridgeActivity t13247}}, visible=false):  visible=true mVisibleRequested=true
04-12 17:27:37.001  3590  8835 D ActivityTaskManager: setVisibility(Token{a6daf76 ActivityRecord{135463480 u0 com.binance.monitor/.ui.account.AccountStatsBridgeActivity t13247}}, visible=false) defer commitVisibility for transition collecting
04-12 17:27:37.002  3590  8835 D ActivityTaskManager: setAppVisibility(Token{3e30bb8 ActivityRecord{253272106 u0 com.binance.monitor/.ui.account.AccountPositionActivity t13247}}, visible=true):  visible=false mVisibleRequested=true
04-12 17:27:37.002  3590  8835 D ActivityTaskManager: setVisibility(Token{3e30bb8 ActivityRecord{253272106 u0 com.binance.monitor/.ui.account.AccountPositionActivity t13247}}, visible=true) defer commitVisibility for transition collecting
04-12 17:27:37.002  3590  8835 D ActivityTaskManager: NFW_setLastResumedActivityUncheckLocked:true r:ActivityRecord{253272106 u0 com.binance.monitor/.ui.account.AccountPositionActivity t13247} currentFocus:Window{97ee226 u0 com.binance.monitor/com.binance.monitor.ui.account.AccountStatsBridgeActivity}
04-12 17:27:37.002  3590  8835 D WindowManager: NFW_findFocusedWindowIfNeeded:null mCurrentFocus:Window{97ee226 u0 com.binance.monitor/com.binance.monitor.ui.account.AccountStatsBridgeActivity}
04-12 17:27:37.002  3590  8835 V WindowManager: Changing focus from Window{97ee226 u0 com.binance.monitor/com.binance.monitor.ui.account.AccountStatsBridgeActivity} to null,diplayid=0
04-12 17:27:37.009  2013  2036 I statsd  : An anomaly (104240000001) (42)0x10000->10512[I] (42)0x20000->com.binance.monitor[S] (42)0x30000->.ui.account.AccountPositionActivity[S]  has occurred! Informing subscribers.
04-12 17:27:37.010  7398  7398 D OplusPredictiveBackController: initPredictiveBackConfig for com.binance.monitor.ui.account.AccountPositionActivity@6ff07c initPredictiveBackConfig mShouldInterceptKeyEvent false
04-12 17:27:37.031  7398  7398 D ActivityThread: ComponentInfo{com.binance.monitor/com.binance.monitor.ui.account.AccountPositionActivity} checkFinished=false 2
04-12 17:27:37.033  7398  7398 D WindowManager: Add to mViews: com.android.internal.policy.DecorView{c09489d I.E...... R.....I. 0,0-0,0 alpha=1.0 viewInfo = }[AccountPositionActivity],pkg= com.binance.monitor
04-12 17:27:37.035  3590  8838 I WindowManager: addWindow: New client android.os.BinderProxy@50cd2e8 : window=Window{628ad01 u0 com.binance.monitor/com.binance.monitor.ui.account.AccountPositionActivity}
04-12 17:27:37.035  7398  7398 D VRI[AccountStatsBridgeActivity]: onFocusEvent false
04-12 17:27:37.043  3590  8838 D CoreBackPreview: Window{628ad01 u0 com.binance.monitor/com.binance.monitor.ui.account.AccountPositionActivity}: Setting back callback OnBackInvokedCallbackInfo{mCallback=android.window.IOnBackInvokedCallback$Stub$Proxy@f3fa5e7, mPriority=0, mIsAnimationCallback=false, mOverrideBehavior=0}
04-12 17:27:37.044  7398  7398 D ViewRootImplExtImpl: wrapConfigInfoIntoFlags rotation=0, smallestScreenWidthDp=0, residentWS=false, scenario=0, bounds=Rect(0, 0 - 1264, 2780), relayoutAsync=false, flags=0, newFlags=1457520640, title=com.binance.monitor/com.binance.monitor.ui.account.AccountPositionActivity
04-12 17:27:37.044  3590  8838 V WindowManager: Relayout Window{628ad01 u0 com.binance.monitor/com.binance.monitor.ui.account.AccountPositionActivity}: viewVisibility=0, oldvis=4, req=1264x2780 , apr = 0, vsysui=, x=0, y=0
04-12 17:27:37.044  3590  8838 I WindowManager: Window{628ad01 u0 com.binance.monitor/com.binance.monitor.ui.account.AccountPositionActivity} state from NO_SURFACE to DRAW_PENDING; reason: resetDrawState
04-12 17:27:37.045  3590  8838 D WindowManager: NFW_findFocusedWindowIfNeeded:Window{628ad01 u0 com.binance.monitor/com.binance.monitor.ui.account.AccountPositionActivity} mCurrentFocus:null
04-12 17:27:37.046  3590  8838 V WindowManager: Changing focus from null to Window{628ad01 u0 com.binance.monitor/com.binance.monitor.ui.account.AccountPositionActivity},diplayid=0
04-12 17:27:37.047  7398  7398 D VRI[AccountPositionActivity]: relayoutWindow result, sizeChanged:true, surfaceControlChanged:true, transformHintChanged:false, mSurfaceSize:Point(1264, 2780), mLastSurfaceSize:Point(0, 0), mWidth:-1, mHeight:-1, requestedWidth:1264, requestedHeight:2780, transformHint:0, installOrientation:0, displayRotation:0, isSurfaceValid:true, attr.flag:-2122252032, tmpFrames:ClientWindowFrames{frame=[0,0][1264,2780] display=[0,0][1264,2780] parentFrame=[0,0][0,0]}, relayoutAsync:false, mSyncSeqId:0
04-12 17:27:37.047  7398  7398 W VRI[AccountPositionActivity]: updateBlastSurfaceIfNeeded, surfaceSize:Point(1264, 2780), lastSurfaceSize:Point(0, 0), format:-3, blastBufferQueue:null
04-12 17:27:37.047  7398  7398 D BufferQueueConsumer: [VRI[AccountPositionActivity]#6(BLAST Consumer)6](id:1ce600000006,api:0,p:-1,c:7398) setMaxAcquiredBufferCount: 2
04-12 17:27:37.047  7398  7509 D BufferQueueProducer: [VRI[AccountPositionActivity]#6(BLAST Consumer)6](id:1ce600000006,api:1,p:7398,c:7398) connect: api=1 producerControlledByApp=true
04-12 17:27:37.048  7398  7398 I SurfaceControl:  setExtendedRangeBrightness sc=Surface(name=com.binance.monitor/com.binance.monitor.ui.account.AccountPositionActivity)/@0x80490e,currentBufferRatio=1.0,desiredRatio=1.0
04-12 17:27:37.052  7398  7509 D BLASTBufferQueue: [VRI[AccountPositionActivity]#6](f:0,a:1) acquireNextBufferLocked size=1264x2780 mFrameNumber=1 applyTransaction=true mTimestamp=951087750239738(auto) mPendingTransactions.size=0 graphicBufferId=31774168055836 transform=0
04-12 17:27:37.052  7398  7509 D VRI[AccountPositionActivity]: Received frameCommittedCallback lastAttemptedDrawFrameNum=1 didProduceBuffer=true syncBuffer=false
04-12 17:27:37.052  7398  7398 D VRI[AccountPositionActivity]: draw finished. seqId=0
04-12 17:27:37.053  3590  8838 D WindowManager: onSyncFinishedDrawing: Window{628ad01 u0 com.binance.monitor/com.binance.monitor.ui.account.AccountPositionActivity}
04-12 17:27:37.053  3590  8838 I WindowManager: finishDrawing skipLayout:false,syncSeqId=0,mPrepareSyncSeqId=0 Window{628ad01 u0 com.binance.monitor/com.binance.monitor.ui.account.AccountPositionActivity} com.android.server.wm.WindowManagerService.finishDrawingWindow:3217 com.android.server.wm.Session.finishDrawing:399 android.view.IWindowSession$Stub.onTransact:793 
04-12 17:27:37.053  3590  8838 I WindowManager: Window{628ad01 u0 com.binance.monitor/com.binance.monitor.ui.account.AccountPositionActivity} state from DRAW_PENDING to COMMIT_DRAW_PENDING; reason: finishDrawingLocked
04-12 17:27:37.053  3590  3796 I WindowManager: Window{628ad01 u0 com.binance.monitor/com.binance.monitor.ui.account.AccountPositionActivity} state from COMMIT_DRAW_PENDING to READY_TO_SHOW; reason: commitFinishDrawingLocked
04-12 17:27:37.053  3590  3796 D ActivityTaskManager: Clearing startingData for activity=ActivityRecord{253272106 u0 com.binance.monitor/.ui.account.AccountPositionActivity t13247} mStartingData=null mStartingSurface=null
04-12 17:27:37.054  3590  3796 D QuickBackInputPolicy: setAppLaunchEndTime update timePair=Pair{ActivityRecord{253272106 u0 com.binance.monitor/.ui.account.AccountPositionActivity t13247} 951087751}
04-12 17:27:37.054  3590  3796 D ActivityTaskManager: commitVisibility: ActivityRecord{253272106 u0 com.binance.monitor/.ui.account.AccountPositionActivity t13247}: visible=true visibleRequested=true, isInTransition=true 
04-12 17:27:37.054  3590  3796 D ActivityTaskManager: Clearing startingData for activity=ActivityRecord{253272106 u0 com.binance.monitor/.ui.account.AccountPositionActivity t13247} mStartingData=null mStartingSurface=null
04-12 17:27:37.054  3590  3796 I WindowManager: Window{628ad01 u0 com.binance.monitor/com.binance.monitor.ui.account.AccountPositionActivity} state from READY_TO_SHOW to HAS_DRAWN; reason: performShowLocked
04-12 17:27:37.054  3590  3796 D OplusFlexibleActivityTransitionManager: fixTransitType type result:1, targets: [ChangeInfo{9c51700 container=ActivityRecord{253272106 u0 com.binance.monitor/.ui.account.AccountPositionActivity t13247} flags=0x0}, ChangeInfo{fecfb39 container=ActivityRecord{135463480 u0 com.binance.monitor/.ui.account.AccountStatsBridgeActivity t13247} flags=0x0}]
04-12 17:27:37.055  3590  3796 D OplusTransitionController: onTransactionReady, transition: 28420, info: {id=28420 t=OPEN f=0x0 trk=0 r=[0@Point(0, 0)] c=[{m=OPEN f=FILLS_TASK leash=Surface(name=ActivityRecord{253272106 u0 com.binance.monitor/.ui.account.AccountPositionActivity t13247})/@0x7416adf sb=Rect(0, 0 - 0, 0) eb=Rect(0, 0 - 1264, 2780) epz=Point(1264, 2780) d=-1->0 r=-1->0:-1 bc=fffef7ff component=com.binance.monitor/.ui.account.AccountPositionActivity opt={t=FROM_STYLE mUserId=0}},{m=TO_BACK f=FILLS_TASK leash=Surface(name=ActivityRecord{135463480 u0 com.binance.monitor/.ui.account.AccountStatsBridgeActivity t13247})/@0x2f371ac sb=Rect(0, 0 - 1264, 2780) eb=Rect(0, 0 - 1264, 2780) epz=Point(1264, 2780) d=0 bc=fffef7ff component=com.binance.monitor/.ui.account.AccountStatsBridgeActivity opt={t=FROM_STYLE mUserId=0}}] 
04-12 17:27:37.055  3590  3796 D OplusTransitionController: , mNeedCanvasExitAnim=false, mMergeSecondTaskAnimation=false, mIsLaunchUnityStart=false, mIsLaunchFromAssistantByDefault=false, mSkipRemoteTransitionfalse, mIsStartFromKeyguard=false flags=0x0, mWCT=null, mIsOpenMergeToInValidPredictive=false, mPromoteTaskWhenKeyguard-1, mRootLayerZOrderArray={}}]}, targets : [ChangeInfo{9c51700 container=ActivityRecord{253272106 u0 com.binance.monitor/.ui.account.AccountPositionActivity t13247} flags=0x0}, ChangeInfo{fecfb39 container=ActivityRecord{135463480 u0 com.binance.monitor/.ui.account.AccountStatsBridgeActivity t13247} flags=0x0}], participants: {ActivityRecord{135463480 u0 com.binance.monitor/.ui.account.AccountStatsBridgeActivity t13247}, ActivityRecord{253272106 u0 com.binance.monitor/.ui.account.AccountPositionActivity t13247}}
04-12 17:27:37.056  3590  3796 I Quality : LaunchTime2.0: com.binance.monitor/.ui.account.AccountPositionActivity 2 80 com.binance.monitor -1 -1
04-12 17:27:37.056  8338  8381 V WindowManagerShell:         {m=OPEN f=FILLS_TASK leash=Surface(name=ActivityRecord{253272106 u0 com.binance.monitor/.ui.account.AccountPositionActivity t13247})/@0x5163f9f sb=Rect(0, 0 - 0, 0) eb=Rect(0, 0 - 1264, 2780) epz=Point(1264, 2780) d=-1->0 r=-1->0:-1 component=com.binance.monitor/.ui.account.AccountPositionActivity opt={t=CUSTOM enterResId=0 changeResId=0 exitResId=0 mUserId=0}},
04-12 17:27:37.056  8338  8381 V WindowManagerShell:         {m=TO_BACK f=FILLS_TASK leash=Surface(name=ActivityRecord{135463480 u0 com.binance.monitor/.ui.account.AccountStatsBridgeActivity t13247})/@0x5d5b8ec sb=Rect(0, 0 - 1264, 2780) eb=Rect(0, 0 - 1264, 2780) epz=Point(1264, 2780) d=0 component=com.binance.monitor/.ui.account.AccountStatsBridgeActivity opt={t=CUSTOM enterResId=0 changeResId=0 exitResId=0 mUserId=0}}
04-12 17:27:37.056  3590  3792 I ActivityTaskManager: Displayed com.binance.monitor/.ui.account.AccountPositionActivity for user 0: +83ms
04-12 17:27:37.056  8338  8381 V WindowManagerShell: start OnePuttTransition animation, info = {id=28420 t=OPEN f=0x0 trk=0 r=[0@Point(0, 0)] c=[{m=OPEN f=FILLS_TASK leash=Surface(name=ActivityRecord{253272106 u0 com.binance.monitor/.ui.account.AccountPositionActivity t13247})/@0x5163f9f sb=Rect(0, 0 - 0, 0) eb=Rect(0, 0 - 1264, 2780) epz=Point(1264, 2780) d=-1->0 r=-1->0:-1 component=com.binance.monitor/.ui.account.AccountPositionActivity opt={t=CUSTOM enterResId=0 changeResId=0 exitResId=0 mUserId=0}},{m=TO_BACK f=FILLS_TASK leash=Surface(name=ActivityRecord{135463480 u0 com.binance.monitor/.ui.account.AccountStatsBridgeActivity t13247})/@0x5d5b8ec sb=Rect(0, 0 - 1264, 2780) eb=Rect(0, 0 - 1264, 2780) epz=Point(1264, 2780) d=0 component=com.binance.monitor/.ui.account.AccountStatsBridgeActivity opt={t=CUSTOM enterResId=0 changeResId=0 exitResId=0 mUserId=0}}] 
04-12 17:27:37.056  8338  8381 D FlexibleTaskTransitionHandler:  performAnimation transition:android.os.BinderProxy@d1c50c0 ,info:{id=28420 t=OPEN f=0x0 trk=0 r=[0@Point(0, 0)] c=[{m=OPEN f=FILLS_TASK leash=Surface(name=ActivityRecord{253272106 u0 com.binance.monitor/.ui.account.AccountPositionActivity t13247})/@0x5163f9f sb=Rect(0, 0 - 0, 0) eb=Rect(0, 0 - 1264, 2780) epz=Point(1264, 2780) d=-1->0 r=-1->0:-1 component=com.binance.monitor/.ui.account.AccountPositionActivity opt={t=CUSTOM enterResId=0 changeResId=0 exitResId=0 mUserId=0}},{m=TO_BACK f=FILLS_TASK leash=Surface(name=ActivityRecord{135463480 u0 com.binance.monitor/.ui.account.AccountStatsBridgeActivity t13247})/@0x5d5b8ec sb=Rect(0, 0 - 1264, 2780) eb=Rect(0, 0 - 1264, 2780) epz=Point(1264, 2780) d=0 component=com.binance.monitor/.ui.account.AccountStatsBridgeActivity opt={t=CUSTOM enterResId=0 changeResId=0 exitResId=0 mUserId=0}}] 
04-12 17:27:37.056  8338  8381 D FlexibleTaskTransitionHandler:  no need handler this transitionInfo: {id=28420 t=OPEN f=0x0 trk=0 r=[0@Point(0, 0)] c=[{m=OPEN f=FILLS_TASK leash=Surface(name=ActivityRecord{253272106 u0 com.binance.monitor/.ui.account.AccountPositionActivity t13247})/@0x5163f9f sb=Rect(0, 0 - 0, 0) eb=Rect(0, 0 - 1264, 2780) epz=Point(1264, 2780) d=-1->0 r=-1->0:-1 component=com.binance.monitor/.ui.account.AccountPositionActivity opt={t=CUSTOM enterResId=0 changeResId=0 exitResId=0 mUserId=0}},{m=TO_BACK f=FILLS_TASK leash=Surface(name=ActivityRecord{135463480 u0 com.binance.monitor/.ui.account.AccountStatsBridgeActivity t13247})/@0x5d5b8ec sb=Rect(0, 0 - 1264, 2780) eb=Rect(0, 0 - 1264, 2780) epz=Point(1264, 2780) d=0 component=com.binance.monitor/.ui.account.AccountStatsBridgeActivity opt={t=CUSTOM enterResId=0 changeResId=0 exitResId=0 mUserId=0}}] 
04-12 17:27:37.056  8338  8381 V WindowManagerShell: Transition doesn't have explicit remote, search filters for match for {id=28420 t=OPEN f=0x0 trk=0 r=[0@Point(0, 0)] c=[{m=OPEN f=FILLS_TASK leash=Surface(name=ActivityRecord{253272106 u0 com.binance.monitor/.ui.account.AccountPositionActivity t13247})/@0x5163f9f sb=Rect(0, 0 - 0, 0) eb=Rect(0, 0 - 1264, 2780) epz=Point(1264, 2780) d=-1->0 r=-1->0:-1 component=com.binance.monitor/.ui.account.AccountPositionActivity opt={t=CUSTOM enterResId=0 changeResId=0 exitResId=0 mUserId=0}},{m=TO_BACK f=FILLS_TASK leash=Surface(name=ActivityRecord{135463480 u0 com.binance.monitor/.ui.account.AccountStatsBridgeActivity t13247})/@0x5d5b8ec sb=Rect(0, 0 - 1264, 2780) eb=Rect(0, 0 - 1264, 2780) epz=Point(1264, 2780) d=0 component=com.binance.monitor/.ui.account.AccountStatsBridgeActivity opt={t=CUSTOM enterResId=0 changeResId=0 exitResId=0 mUserId=0}}] 
04-12 17:27:37.056  8338  8381 V WindowManagerShell: start default transition animation, info = {id=28420 t=OPEN f=0x0 trk=0 r=[0@Point(0, 0)] c=[{m=OPEN f=FILLS_TASK leash=Surface(name=ActivityRecord{253272106 u0 com.binance.monitor/.ui.account.AccountPositionActivity t13247})/@0x5163f9f sb=Rect(0, 0 - 0, 0) eb=Rect(0, 0 - 1264, 2780) epz=Point(1264, 2780) d=-1->0 r=-1->0:-1 component=com.binance.monitor/.ui.account.AccountPositionActivity opt={t=CUSTOM enterResId=0 changeResId=0 exitResId=0 mUserId=0}},{m=TO_BACK f=FILLS_TASK leash=Surface(name=ActivityRecord{135463480 u0 com.binance.monitor/.ui.account.AccountStatsBridgeActivity t13247})/@0x5d5b8ec sb=Rect(0, 0 - 1264, 2780) eb=Rect(0, 0 - 1264, 2780) epz=Point(1264, 2780) d=0 component=com.binance.monitor/.ui.account.AccountStatsBridgeActivity opt={t=CUSTOM enterResId=0 changeResId=0 exitResId=0 mUserId=0}}] 
04-12 17:27:37.057  3590  3792 V WindowManager: Sent Transition (#28420) createdAt=04-12 17:27:36.972 via request=TransitionRequestInfo { type = OPEN, triggerTask = TaskInfo{userId=0 taskId=13247 effectiveUid=10512 displayId=0 isRunning=true baseIntent=Intent { flg=0x10000000 cmp=com.binance.monitor/.ui.main.MainActivity mCallingUid=2000 } baseActivity=ComponentInfo{com.binance.monitor/com.binance.monitor.ui.main.MainActivity} topActivity=ComponentInfo{com.binance.monitor/com.binance.monitor.ui.account.AccountPositionActivity} origActivity=null realActivity=ComponentInfo{com.binance.monitor/com.binance.monitor.ui.main.MainActivity}
04-12 17:27:37.057  3590  3792 V WindowManager:  topActivityInfo=ActivityInfo{8fbd5fb com.binance.monitor.ui.account.AccountPositionActivity} launchCookies=[] positionInParent=Point(0, 0) parentTaskId=-1 isFocused=true isVisible=true isVisibleRequested=true isTopActivityNoDisplay=false isSleeping=false locusId=null displayAreaFeatureId=1 isTopActivityTransparent=false isActivityStackTransparent=false lastNonFullscreenBounds=Rect(330, 828 - 935, 2092) capturedLink=null capturedLinkTimestamp=0 requestedVisibleTypes=-9 topActivityRequestOpenInBrowserEducationTimestamp=0
04-12 17:27:37.057  3590  3792 V WindowManager:         {m=OPEN f=FILLS_TASK leash=Surface(name=ActivityRecord{253272106 u0 com.binance.monitor/.ui.account.AccountPositionActivity t13247})/@0x7416adf sb=Rect(0, 0 - 0, 0) eb=Rect(0, 0 - 1264, 2780) epz=Point(1264, 2780) d=-1->0 r=-1->0:-1 component=com.binance.monitor/.ui.account.AccountPositionActivity opt={t=CUSTOM enterResId=0 changeResId=0 exitResId=0 mUserId=0}},
04-12 17:27:37.057  3590  3792 V WindowManager:         {m=TO_BACK f=FILLS_TASK leash=Surface(name=ActivityRecord{135463480 u0 com.binance.monitor/.ui.account.AccountStatsBridgeActivity t13247})/@0x2f371ac sb=Rect(0, 0 - 1264, 2780) eb=Rect(0, 0 - 1264, 2780) epz=Point(1264, 2780) d=0 component=com.binance.monitor/.ui.account.AccountStatsBridgeActivity opt={t=CUSTOM enterResId=0 changeResId=0 exitResId=0 mUserId=0}}
04-12 17:27:37.057  3590  3796 D SurfaceComposerClient: Transaction::apply InputWindowCommands.focusRequests timestamp=951087745252133, windowName=628ad01 com.binance.monitor/com.binance.monitor.ui.account.AccountPositionActivity
04-12 17:27:37.058  3590  8846 D Transition: finishTransition ar ActivityRecord{135463480 u0 com.binance.monitor/.ui.account.AccountStatsBridgeActivity t13247}, isVisibleRequested=false, state=PAUSED, visibleAtTransitionEndTokens={ActivityRecord{253272106 u0 com.binance.monitor/.ui.account.AccountPositionActivity t13247}}, this=TransitionRecord{1b62bc4 id=28420 track=0 type=OPEN flags=0x0 state=2 c=[
04-12 17:27:37.058  3590  8846 D Transition:    ChangeInfo{fecfb39 container=ActivityRecord{135463480 u0 com.binance.monitor/.ui.account.AccountStatsBridgeActivity t13247} flags=0x0}
04-12 17:27:37.058  3590  8846 D Transition:    ChangeInfo{9c51700 container=ActivityRecord{253272106 u0 com.binance.monitor/.ui.account.AccountPositionActivity t13247} flags=0x0}
04-12 17:27:37.058  3590  8846 D ActivityTaskManager: commitVisibility: ActivityRecord{135463480 u0 com.binance.monitor/.ui.account.AccountStatsBridgeActivity t13247}: visible=false visibleRequested=false, isInTransition=false 
04-12 17:27:37.058  3590  8846 D WindowManager: NFW_setClientVisible:ActivityRecord{135463480 u0 com.binance.monitor/.ui.account.AccountStatsBridgeActivity t13247} clientVisible:false
04-12 17:27:37.058  3590  8846 I WindowManager: Window{97ee226 u0 com.binance.monitor/com.binance.monitor.ui.account.AccountStatsBridgeActivity} state from HAS_DRAWN to DRAW_PENDING; reason: resetDrawState
04-12 17:27:37.058  7398  7454 D VRI[AccountStatsBridgeActivity]: dispatchAppVisibility visible:false mUpcomingWindowFocus:false
04-12 17:27:37.058  3590  8846 D Transition: finishTransition ar ActivityRecord{253272106 u0 com.binance.monitor/.ui.account.AccountPositionActivity t13247}, isVisibleRequested=true, state=RESUMED, visibleAtTransitionEndTokens={ActivityRecord{253272106 u0 com.binance.monitor/.ui.account.AccountPositionActivity t13247}}, this=TransitionRecord{1b62bc4 id=28420 track=0 type=OPEN flags=0x0 state=2 c=[
04-12 17:27:37.058  3590  8846 D Transition:    ChangeInfo{fecfb39 container=ActivityRecord{135463480 u0 com.binance.monitor/.ui.account.AccountStatsBridgeActivity t13247} flags=0x0}
04-12 17:27:37.058  3590  8846 D Transition:    ChangeInfo{9c51700 container=ActivityRecord{253272106 u0 com.binance.monitor/.ui.account.AccountPositionActivity t13247} flags=0x0}
04-12 17:27:37.058  3590  8846 I OplusAppSwitchManagerService:  handleAppVisible , r = ActivityRecord{253272106 u0 com.binance.monitor/.ui.account.AccountPositionActivity t13247}
04-12 17:27:37.058  3590  8846 D OplusTransitionController:    ChangeInfo{fecfb39 container=ActivityRecord{135463480 u0 com.binance.monitor/.ui.account.AccountStatsBridgeActivity t13247} flags=0x0}
04-12 17:27:37.058  3590  8846 D OplusTransitionController:    ChangeInfo{9c51700 container=ActivityRecord{253272106 u0 com.binance.monitor/.ui.account.AccountPositionActivity t13247} flags=0x0}
04-12 17:27:37.058  3590  8846 D FlexibleTaskTransitionController:    ChangeInfo{fecfb39 container=ActivityRecord{135463480 u0 com.binance.monitor/.ui.account.AccountStatsBridgeActivity t13247} flags=0x0}
04-12 17:27:37.058  3590  8846 D FlexibleTaskTransitionController:    ChangeInfo{9c51700 container=ActivityRecord{253272106 u0 com.binance.monitor/.ui.account.AccountPositionActivity t13247} flags=0x0}
04-12 17:27:37.059  7398  7398 W VRI[AccountPositionActivity]: handleResized, msg:, frameChanged:false, configChanged:false, displayChanged:false, attachedFrameChanged:false, compatScaleChanged:false, pendingDragResizing=false
04-12 17:27:37.060  3590  3795 D WindowManager: NFW_findFocusedWindowIfNeeded:Window{628ad01 u0 com.binance.monitor/com.binance.monitor.ui.account.AccountPositionActivity} mCurrentFocus:Window{628ad01 u0 com.binance.monitor/com.binance.monitor.ui.account.AccountPositionActivity}
04-12 17:27:37.068  2399  3200 D SurfaceFlinger: updateWinowInfo=1, setFocusedWindow timestamp=951087745252133, windowName=628ad01 com.binance.monitor/com.binance.monitor.ui.account.AccountPositionActivity
04-12 17:27:37.068  3590  8846 I InputDispatcher: NFW_setFocusedWindow, 628ad01 com.binance.monitor/com.binance.monitor.ui.account.AccountPositionActivity on display 0, same as the previous:0
04-12 17:27:37.068  3590  8838 I InputDispatcher: updateFocusedWindow, 628ad01 com.binance.monitor/com.binance.monitor.ui.account.AccountPositionActivity on display 0, reason: Window became focusable. Previous reason: NO_WINDOW, result:   FocusedWindows:
04-12 17:27:37.068  3590  8838 I InputDispatcher:     displayId=0, name='628ad01 com.binance.monitor/com.binance.monitor.ui.account.AccountPositionActivity'
04-12 17:27:37.085  7398  7509 D VRI[AccountPositionActivity]: Received frameCommittedCallback lastAttemptedDrawFrameNum=3 didProduceBuffer=true syncBuffer=false
04-12 17:27:37.085  7398  7398 D VRI[AccountPositionActivity]: draw finished. seqId=0
04-12 17:27:37.085  7398  7398 D VRI[AccountPositionActivity]: onFocusEvent true
04-12 17:27:37.086  7398  7398 D VRI[AccountStatsBridgeActivity]: visibilityChanged oldVisibility=true newVisibility=false
04-12 17:27:37.086  7398  7398 D VRI[AccountStatsBridgeActivity]: setWindowStopped stopped:true
04-12 17:27:37.091  7398  7509 D BufferQueueProducer: [VRI[AccountStatsBridgeActivity]#5(BLAST Consumer)5](id:1ce600000005,api:1,p:7398,c:7398) disconnect: api 1
04-12 17:27:37.092  7398  7509 D BLASTBufferQueue: [VRI[AccountStatsBridgeActivity]#5](f:0,a:1) destructor()
04-12 17:27:37.092  7398  7509 D BufferQueueConsumer: [VRI[AccountStatsBridgeActivity]#5(BLAST Consumer)5](id:1ce600000005,api:0,p:-1,c:7398) disconnect
04-12 17:27:37.092  7398  7398 D ViewRootImplExtImpl: wrapConfigInfoIntoFlags rotation=0, smallestScreenWidthDp=361, residentWS=false, scenario=0, bounds=Rect(0, 0 - 1264, 2780), relayoutAsync=false, flags=0, newFlags=1457532192, title=com.binance.monitor/com.binance.monitor.ui.account.AccountStatsBridgeActivity
04-12 17:27:37.092  3590  8846 V WindowManager: Relayout Window{97ee226 u0 com.binance.monitor/com.binance.monitor.ui.account.AccountStatsBridgeActivity}: viewVisibility=8, oldvis=0, req=1264x2780 , apr = 0, vsysui=, x=0, y=0
04-12 17:27:37.093  3590  8846 D WindowManager: NFW_findFocusedWindowIfNeeded:Window{628ad01 u0 com.binance.monitor/com.binance.monitor.ui.account.AccountPositionActivity} mCurrentFocus:Window{628ad01 u0 com.binance.monitor/com.binance.monitor.ui.account.AccountPositionActivity}
04-12 17:27:37.094  7398  7398 D VRI[AccountStatsBridgeActivity]: relayoutWindow result, sizeChanged:false, surfaceControlChanged:true, transformHintChanged:false, mSurfaceSize:Point(1264, 2780), mLastSurfaceSize:Point(1264, 2780), mWidth:1264, mHeight:2780, requestedWidth:1264, requestedHeight:2780, transformHint:0, installOrientation:0, displayRotation:0, isSurfaceValid:false, attr.flag:-2122252032, tmpFrames:ClientWindowFrames{frame=[0,0][1264,2780] display=[0,0][1264,2780] parentFrame=[0,0][0,0]}, relayoutAsync:false, mSyncSeqId:0
04-12 17:27:37.095  3590  8846 I WindowManager: Window{97ee226 u0 com.binance.monitor/com.binance.monitor.ui.account.AccountStatsBridgeActivity} state from DRAW_PENDING to NO_SURFACE; reason: destroySurface
04-12 17:27:37.095  3590  8846 D OplusStartingWindowManager: skip remove starting window for activity = ActivityRecord{135463480 u0 com.binance.monitor/.ui.account.AccountStatsBridgeActivity t13247} ,ar != topActivityContainsStartingWindow on activityStopped
04-12 17:27:37.387 14034 15457 D ActivityAdapter: notifyActivityQuery: [com.binance.monitor; com.binance.monitor.ui.account.AccountPositionActivity; 1; COMMON; 10512]
04-12 17:27:37.387 14034 15457 D OPlusFrontAppManager: useAdapterResult, pkg=com.binance.monitor,activity=com.binance.monitor.ui.account.AccountPositionActivity,result=true
04-12 17:27:37.387 14034 15457 D OPlusFrontAppManager: decide -->> [com.binance.monitor; com.binance.monitor.ui.account.AccountPositionActivity; 1; COMMON; 10512]
04-12 17:27:37.387 14034 15457 D ConferenceScene: pkg:com.binance.monitor, activity:com.binance.monitor.ui.account.AccountPositionActivity, appSense:COMMON
04-12 17:27:37.387 14034 15457 D ConferenceScene: pkg:com.binance.monitor, activity:com.binance.monitor.ui.account.AccountStatsBridgeActivity, appSense:COMMON
04-12 17:27:37.388  3590  3795 D AppSenseClient: handleSenseEvent appInfoUnits: {pkgName:com.binance.monitor,activityName:com.binance.monitor.ui.account.AccountPositionActivity,winMode:1,event:COMMON,type:0,subEvent:0,pid:7398,uid:10512},
04-12 17:27:37.389  8406  8866 D AppSenseClient: handleSenseEvent appInfoUnits: {pkgName:com.binance.monitor,activityName:com.binance.monitor.ui.account.AccountPositionActivity,winMode:1,event:COMMON,type:0,subEvent:0,pid:7398,uid:10512},
04-12 17:27:37.389  3590  3795 D AppSenseClient: notifyAppChanges: [{pkgName:com.binance.monitor,activityName:com.binance.monitor.ui.account.AccountPositionActivity,winMode:1,event:COMMON,type:0,subEvent:0,pid:7398,uid:10512}]
04-12 17:27:37.389  8498  8498 D AppSenseClient: handleSenseEvent appInfoUnits: {pkgName:com.binance.monitor,activityName:com.binance.monitor.ui.account.AccountPositionActivity,winMode:1,event:COMMON,type:0,subEvent:0,pid:7398,uid:10512},
04-12 17:27:37.389  8406  8866 D AppSenseClient: notifyAppChanges: [{pkgName:com.binance.monitor,activityName:com.binance.monitor.ui.account.AccountPositionActivity,winMode:1,event:COMMON,type:0,subEvent:0,pid:7398,uid:10512}]
04-12 17:27:37.389  8498  8498 D AppSenseClient: notifyAppChanges: [{pkgName:com.binance.monitor,activityName:com.binance.monitor.ui.account.AccountPositionActivity,winMode:1,event:COMMON,type:0,subEvent:0,pid:7398,uid:10512}]
04-12 17:27:37.389 14034 15457 D AppSenseService: notifySenseEvent: {pkgName:com.binance.monitor,activityName:com.binance.monitor.ui.account.AccountPositionActivity,winMode:1,event:COMMON,type:0,subEvent:0,pid:7398,uid:10512},
04-12 17:27:37.389 13839 14411 D AppSenseClient: handleSenseEvent appInfoUnits: {pkgName:com.binance.monitor,activityName:com.binance.monitor.ui.account.AccountPositionActivity,winMode:1,event:COMMON,type:0,subEvent:0,pid:7398,uid:10512},
04-12 17:27:37.389 13839 14411 D AppSenseClient: notifyAppChanges: [{pkgName:com.binance.monitor,activityName:com.binance.monitor.ui.account.AccountPositionActivity,winMode:1,event:COMMON,type:0,subEvent:0,pid:7398,uid:10512}]
04-12 17:27:37.389 13839 14411 D NAS-DataSceneEvent: updateAppSenseChange [{pkgName:com.binance.monitor,activityName:com.binance.monitor.ui.account.AccountPositionActivity,winMode:1,event:COMMON,type:0,subEvent:0,pid:7398,uid:10512}]
04-12 17:27:38.058  7398  7456 D OplusScrollToTopManager: com.binance.monitor/com.binance.monitor.ui.account.AccountStatsBridgeActivity,This com.android.internal.policy.DecorView{6cbd6f I.E...... R......D 0,0-1264,2780 aid=4 alpha=1.0 viewInfo = }[AccountStatsBridgeActivity] change focus to false
04-12 17:27:38.095  7398  7456 D OplusScrollToTopManager: com.binance.monitor/com.binance.monitor.ui.account.AccountPositionActivity,This com.android.internal.policy.DecorView{c09489d V.E...... R....... 0,0-1264,2780 aid=5 alpha=1.0 viewInfo = }[AccountPositionActivity] change focus to true
04-12 17:27:46.255  3590  7162 D WindowManager: NFW_setClientVisible:ActivityRecord{59742236 u0 com.binance.monitor/.ui.chart.MarketChartActivity clientVisible:true
04-12 17:27:46.256  3590  7162 D OplusCompatModeManagerService: getRequestedConfigurationOrientation  res:1,req:1,config.old:0,config.new:0,ActivityRecord{59742236 u0 com.binance.monitor/.ui.chart.MarketChartActivity t-1}
04-12 17:27:46.256  3590  7162 D OplusCompatModeManagerService:  ar : ActivityRecord{59742236 u0 com.binance.monitor/.ui.chart.MarketChartActivity t-1} displayId:-1 inCompatMode: false
04-12 17:27:46.256  3590  7162 D FlexibleTaskController: isSupportFlexibleWindow target = com.binance.monitor/.ui.chart.MarketChartActivity callPkg = FlexibleTaskController support = true ,caller = 3590
04-12 17:27:46.256  3590  7162 D ActivityStarterExtImpl: setForceUpdateWindow, targetTask = Task{65327de #13247 type=standard A=10512:com.binance.monitor} r = ActivityRecord{59742236 u0 com.binance.monitor/.ui.chart.MarketChartActivity t-1} notFinish =false
04-12 17:27:46.257  3590  7162 D FlexibleTaskController: isSupportFlexibleWindow target = com.binance.monitor/.ui.chart.MarketChartActivity callPkg = FlexibleTaskController support = true ,caller = 3590
04-12 17:27:46.257  3590  7162 D FlexibleWindowManagerService: no reused task found for ActivityRecord{59742236 u0 com.binance.monitor/.ui.chart.MarketChartActivity t-1}
04-12 17:27:46.257  3590  8480 I OPM     : handleActivityStart : ActivityRecord{59742236 u0 com.binance.monitor/.ui.chart.MarketChartActivity t-1}
04-12 17:27:46.259  3590  7162 D ActivityTaskManager: setAppVisibility(Token{3e30bb8 ActivityRecord{253272106 u0 com.binance.monitor/.ui.account.AccountPositionActivity t13247 f}}}, visible=false):  visible=true mVisibleRequested=true
04-12 17:27:46.259  3590  7162 D ActivityTaskManager: setVisibility(Token{3e30bb8 ActivityRecord{253272106 u0 com.binance.monitor/.ui.account.AccountPositionActivity t13247 f}}}, visible=false) defer commitVisibility for transition collecting
04-12 17:27:46.261  8338  8381 V WindowManagerShell: Transition requested (#28421): android.os.BinderProxy@5e5b4bd TransitionRequestInfo { type = OPEN, triggerTask = TaskInfo{userId=0 taskId=13247 effectiveUid=10512 displayId=0 isRunning=true baseIntent=Intent { flg=0x10000000 cmp=com.binance.monitor/.ui.main.MainActivity mCallingUid=2000 } baseActivity=ComponentInfo{com.binance.monitor/com.binance.monitor.ui.main.MainActivity} topActivity=ComponentInfo{com.binance.monitor/com.binance.monitor.ui.chart.MarketChartActivity} origActivity=null realActivity=ComponentInfo{com.binance.monitor/com.binance.monitor.ui.main.MainActivity}
