04-12 17:27:46.261  8338  8381 V WindowManagerShell:  topActivityInfo=ActivityInfo{766ea03 com.binance.monitor.ui.chart.MarketChartActivity} launchCookies=[] positionInParent=Point(0, 0) parentTaskId=-1 isFocused=true isVisible=true isVisibleRequested=false isTopActivityNoDisplay=false isSleeping=false locusId=null displayAreaFeatureId=1 isTopActivityTransparent=false isActivityStackTransparent=false lastNonFullscreenBounds=Rect(330, 828 - 935, 2092) capturedLink=null capturedLinkTimestamp=0 requestedVisibleTypes=-9 topActivityRequestOpenInBrowserEducationTimestamp=0
04-12 17:27:46.262  3590  7162 I ActivityTaskManager: START u0 {flg=0x24000000 xflg=0x4 cmp=com.binance.monitor/.ui.chart.MarketChartActivity mCallingUid=10512} with LAUNCH_MULTIPLE from uid 10512 (sr=253272106) (BAL_ALLOW_VISIBLE_WINDOW (callingUid has visible window)) result code=3
04-12 17:27:46.262  8338  8381 D WindowManagerShell: onActivityRestartAttempt: topActivity=ComponentInfo{com.binance.monitor/com.binance.monitor.ui.chart.MarketChartActivity}, wasVisible=false
04-12 17:27:46.264  3590  7162 D RefreshRate: Trigger app switch boost, ar=ActivityRecord{197984232 u0 com.binance.monitor/.ui.chart.MarketChartActivity t13247},currDisplayRate=90.0,boostId=1
04-12 17:27:46.264  3590  7162 D RefreshRate: startAppSwitchBoost targetMode={id=3, width=1264, height=2780, fps=90.0, vsync=90.0, synthetic=false, alternativeRefreshRates=[60.000004, 120.00001, 120.00001], supportedHdrTypes=[1, 2, 3, 4]} record=ActivityRecord{197984232 u0 com.binance.monitor/.ui.chart.MarketChartActivity t13247}: votes=PRIORITY_START_ANIMATION_BOOST -> Vote{mRefreshRate=90.0, mMinRefreshRate=90.0, mRequestSource=null};PRIORITY_WINDOW_REQUEST -> Vote{mRefreshRate=90.0, mMinRefreshRate=90.0, mRequestSource=null};
04-12 17:27:46.264  3590  7162 D ActivityTaskManager: setAppVisibility(Token{db29ca6 ActivityRecord{197984232 u0 com.binance.monitor/.ui.chart.MarketChartActivity t13247}}, visible=true):  visible=false mVisibleRequested=false
04-12 17:27:46.264  3590  7162 D WindowManager: NFW_setClientVisible:ActivityRecord{197984232 u0 com.binance.monitor/.ui.chart.MarketChartActivity t13247} clientVisible:true
04-12 17:27:46.264  3590  7162 D ActivityTaskManager: setVisibility(Token{db29ca6 ActivityRecord{197984232 u0 com.binance.monitor/.ui.chart.MarketChartActivity t13247}}, visible=true) defer commitVisibility for transition collecting
04-12 17:27:46.264  7398  7454 D VRI[MarketChartActivity]: dispatchAppVisibility visible:true mUpcomingWindowFocus:false
04-12 17:27:46.264  3590  7162 D ActivityTaskManager: NFW_setLastResumedActivityUncheckLocked:true r:ActivityRecord{197984232 u0 com.binance.monitor/.ui.chart.MarketChartActivity t13247} currentFocus:Window{628ad01 u0 com.binance.monitor/com.binance.monitor.ui.account.AccountPositionActivity}
04-12 17:27:46.264  3590  7162 D WindowManager: NFW_findFocusedWindowIfNeeded:null mCurrentFocus:Window{628ad01 u0 com.binance.monitor/com.binance.monitor.ui.account.AccountPositionActivity}
04-12 17:27:46.264  3590  7162 V WindowManager: Changing focus from Window{628ad01 u0 com.binance.monitor/com.binance.monitor.ui.account.AccountPositionActivity} to null,diplayid=0
04-12 17:27:46.267  7398  7398 D OplusScrollToTopManager: com.binance.monitor/com.binance.monitor.ui.account.AccountStatsBridgeActivity,window dying
04-12 17:27:46.267  7398  7398 D OplusScrollToTopManager: com.binance.monitor/com.binance.monitor.ui.account.AccountStatsBridgeActivity,unregisterSystemUIBroadcastReceiver 
04-12 17:27:46.267  7398  7398 D OplusScrollToTopManager: com.binance.monitor/com.binance.monitor.ui.account.AccountStatsBridgeActivity, unregisterSystemUIBroadcastReceiver failed java.lang.IllegalArgumentException: Receiver not registered: android.view.OplusScrollToTopManager$2@6b11e6b
04-12 17:27:46.268  3590  8779 D CoreBackPreview: Window{97ee226 u0 com.binance.monitor/com.binance.monitor.ui.account.AccountStatsBridgeActivity}: Setting back callback null
04-12 17:27:46.271  2013  2036 I statsd  : An anomaly (104240000001) (42)0x10000->10512[I] (42)0x20000->com.binance.monitor[S] (42)0x30000->.ui.chart.MarketChartActivity[S]  has occurred! Informing subscribers.
04-12 17:27:46.272  3590  7233 W UsageStatsService: Unexpected activity event reported! (com.binance.monitor/com.binance.monitor.ui.account.AccountStatsBridgeActivity event : 23 instanceId : 174960502)
04-12 17:27:46.272  3590  7162 D ActivityTaskManager: removeAppToken: ActivityRecord{135463480 u0 com.binance.monitor/.ui.account.AccountStatsBridgeActivity t13247 f}} delayed=true parent=Task{65327de #13247 type=standard A=10512:com.binance.monitor} animating=true Callers=com.android.server.wm.DisplayContent.removeAppToken:1759 com.android.server.wm.ActivityRecord.removeFromHistory:4970 com.android.server.wm.ActivityRecord.destroyed:5060 com.android.server.wm.ActivityClientController.activityDestroyed:339 
04-12 17:27:46.273  7398  7398 D VRI[MarketChartActivity]: setWindowStopped stopped:false
04-12 17:27:46.277  7398  7398 D ActivityThread: ComponentInfo{com.binance.monitor/com.binance.monitor.ui.chart.MarketChartActivity} checkFinished=false 2
04-12 17:27:46.281  7398  7398 D VRI[AccountPositionActivity]: onFocusEvent false
04-12 17:27:46.283  7398  7398 D ViewRootImplExtImpl: wrapConfigInfoIntoFlags rotation=0, smallestScreenWidthDp=361, residentWS=false, scenario=0, bounds=Rect(0, 0 - 1264, 2780), relayoutAsync=false, flags=0, newFlags=1457532192, title=com.binance.monitor/com.binance.monitor.ui.chart.MarketChartActivity
04-12 17:27:46.283  3590  8779 V WindowManager: Relayout Window{8317b56 u0 com.binance.monitor/com.binance.monitor.ui.chart.MarketChartActivity}: viewVisibility=0, oldvis=8, req=1264x2780 , apr = 0, vsysui=, x=0, y=0
04-12 17:27:46.283  3590  8779 I WindowManager: Window{8317b56 u0 com.binance.monitor/com.binance.monitor.ui.chart.MarketChartActivity} state from NO_SURFACE to DRAW_PENDING; reason: resetDrawState
04-12 17:27:46.284  3590  8779 D WindowManager: NFW_findFocusedWindowIfNeeded:Window{8317b56 u0 com.binance.monitor/com.binance.monitor.ui.chart.MarketChartActivity} mCurrentFocus:null
04-12 17:27:46.284  3590  8779 V WindowManager: Changing focus from null to Window{8317b56 u0 com.binance.monitor/com.binance.monitor.ui.chart.MarketChartActivity},diplayid=0
04-12 17:27:46.286  7398  7398 D VRI[MarketChartActivity]: relayoutWindow result, sizeChanged:false, surfaceControlChanged:true, transformHintChanged:false, mSurfaceSize:Point(1264, 2780), mLastSurfaceSize:Point(1264, 2780), mWidth:1264, mHeight:2780, requestedWidth:1264, requestedHeight:2780, transformHint:0, installOrientation:0, displayRotation:0, isSurfaceValid:true, attr.flag:-2122252032, tmpFrames:ClientWindowFrames{frame=[0,0][1264,2780] display=[0,0][1264,2780] parentFrame=[0,0][0,0]}, relayoutAsync:false, mSyncSeqId:0
04-12 17:27:46.286  7398  7398 W VRI[MarketChartActivity]: updateBlastSurfaceIfNeeded, surfaceSize:Point(1264, 2780), lastSurfaceSize:Point(1264, 2780), format:-3, blastBufferQueue:null
04-12 17:27:46.286  7398  7398 D BufferQueueConsumer: [VRI[MarketChartActivity]#7(BLAST Consumer)7](id:1ce600000007,api:0,p:-1,c:7398) setMaxAcquiredBufferCount: 2
04-12 17:27:46.286  3590  3796 D SurfaceComposerClient: Transaction::apply InputWindowCommands.focusRequests timestamp=951096983522234, windowName=8317b56 com.binance.monitor/com.binance.monitor.ui.chart.MarketChartActivity
04-12 17:27:46.286  7398  7509 D BufferQueueProducer: [VRI[MarketChartActivity]#7(BLAST Consumer)7](id:1ce600000007,api:1,p:7398,c:7398) connect: api=1 producerControlledByApp=true
04-12 17:27:46.288  7398  7398 I SurfaceControl:  setExtendedRangeBrightness sc=Surface(name=com.binance.monitor/com.binance.monitor.ui.chart.MarketChartActivity)/@0xee08d67,currentBufferRatio=1.0,desiredRatio=1.0
04-12 17:27:46.298  2399  3200 D SurfaceFlinger: updateWinowInfo=1, setFocusedWindow timestamp=951096983522234, windowName=8317b56 com.binance.monitor/com.binance.monitor.ui.chart.MarketChartActivity
04-12 17:27:46.298  3590  8442 I InputDispatcher: NFW_setFocusedWindow, 8317b56 com.binance.monitor/com.binance.monitor.ui.chart.MarketChartActivity on display 0, same as the previous:0
04-12 17:27:46.300  7398  7509 D BLASTBufferQueue: [VRI[MarketChartActivity]#7](f:0,a:1) acquireNextBufferLocked size=1264x2780 mFrameNumber=1 applyTransaction=true mTimestamp=951096998421036(auto) mPendingTransactions.size=0 graphicBufferId=31774168055841 transform=0
04-12 17:27:46.300  7398  7509 D VRI[MarketChartActivity]: Received frameCommittedCallback lastAttemptedDrawFrameNum=1 didProduceBuffer=true syncBuffer=false
04-12 17:27:46.301  7398  7398 D VRI[MarketChartActivity]: draw finished. seqId=0
04-12 17:27:46.301  3590  7162 D WindowManager: onSyncFinishedDrawing: Window{8317b56 u0 com.binance.monitor/com.binance.monitor.ui.chart.MarketChartActivity}
04-12 17:27:46.301  3590  7162 I WindowManager: finishDrawing skipLayout:false,syncSeqId=0,mPrepareSyncSeqId=0 Window{8317b56 u0 com.binance.monitor/com.binance.monitor.ui.chart.MarketChartActivity} com.android.server.wm.WindowManagerService.finishDrawingWindow:3217 com.android.server.wm.Session.finishDrawing:399 android.view.IWindowSession$Stub.onTransact:793 
04-12 17:27:46.301  3590  7162 I WindowManager: Window{8317b56 u0 com.binance.monitor/com.binance.monitor.ui.chart.MarketChartActivity} state from DRAW_PENDING to COMMIT_DRAW_PENDING; reason: finishDrawingLocked
04-12 17:27:46.302  3590  3796 I WindowManager: Window{8317b56 u0 com.binance.monitor/com.binance.monitor.ui.chart.MarketChartActivity} state from COMMIT_DRAW_PENDING to READY_TO_SHOW; reason: commitFinishDrawingLocked
04-12 17:27:46.302  3590  3796 D ActivityTaskManager: Clearing startingData for activity=ActivityRecord{197984232 u0 com.binance.monitor/.ui.chart.MarketChartActivity t13247} mStartingData=null mStartingSurface=null
04-12 17:27:46.302  3590  3796 D QuickBackInputPolicy: setAppLaunchEndTime update timePair=Pair{ActivityRecord{197984232 u0 com.binance.monitor/.ui.chart.MarketChartActivity t13247} 951096999}
04-12 17:27:46.302  3590  3796 D ActivityTaskManager: commitVisibility: ActivityRecord{197984232 u0 com.binance.monitor/.ui.chart.MarketChartActivity t13247}: visible=true visibleRequested=true, isInTransition=true 
04-12 17:27:46.302  3590  3796 D ActivityTaskManager: Clearing startingData for activity=ActivityRecord{197984232 u0 com.binance.monitor/.ui.chart.MarketChartActivity t13247} mStartingData=null mStartingSurface=null
04-12 17:27:46.302  3590  3796 I WindowManager: Window{8317b56 u0 com.binance.monitor/com.binance.monitor.ui.chart.MarketChartActivity} state from READY_TO_SHOW to HAS_DRAWN; reason: performShowLocked
04-12 17:27:46.303  3590  3796 D OplusFlexibleActivityTransitionManager: fixTransitType type result:1, targets: [ChangeInfo{e97c802 container=ActivityRecord{253272106 u0 com.binance.monitor/.ui.account.AccountPositionActivity t13247 f}} flags=0x0}, ChangeInfo{91cf513 container=ActivityRecord{197984232 u0 com.binance.monitor/.ui.chart.MarketChartActivity t13247} flags=0x0}]
04-12 17:27:46.304  3590  3796 D OplusTransitionController: onTransactionReady, transition: 28421, info: {id=28421 t=OPEN f=0x0 trk=0 r=[0@Point(0, 0)] c=[{m=CLOSE f=FILLS_TASK leash=Surface(name=ActivityRecord{253272106 u0 com.binance.monitor/.ui.account.AccountPositionActivity t13247})/@0x7416adf sb=Rect(0, 0 - 1264, 2780) eb=Rect(0, 0 - 1264, 2780) epz=Point(1264, 2780) d=0 bc=fffef7ff component=com.binance.monitor/.ui.account.AccountPositionActivity opt={t=FROM_STYLE mUserId=0}},{m=TO_FRONT f=FILLS_TASK leash=Surface(name=ActivityRecord{197984232 u0 com.binance.monitor/.ui.chart.MarketChartActivity t13247})/@0x92c9f2e sb=Rect(0, 0 - 1264, 2780) eb=Rect(0, 0 - 1264, 2780) epz=Point(1264, 2780) d=0 bc=fffef7ff component=com.binance.monitor/.ui.chart.MarketChartActivity opt={t=FROM_STYLE mUserId=0}}] 
04-12 17:27:46.304  3590  3796 D OplusTransitionController: , mNeedCanvasExitAnim=false, mMergeSecondTaskAnimation=false, mIsLaunchUnityStart=false, mIsLaunchFromAssistantByDefault=false, mSkipRemoteTransitionfalse, mIsStartFromKeyguard=false flags=0x0, mWCT=null, mIsOpenMergeToInValidPredictive=false, mPromoteTaskWhenKeyguard-1, mRootLayerZOrderArray={}}]}, targets : [ChangeInfo{e97c802 container=ActivityRecord{253272106 u0 com.binance.monitor/.ui.account.AccountPositionActivity t13247 f}} flags=0x0}, ChangeInfo{91cf513 container=ActivityRecord{197984232 u0 com.binance.monitor/.ui.chart.MarketChartActivity t13247} flags=0x0}], participants: {ActivityRecord{59742236 u0 com.binance.monitor/.ui.chart.MarketChartActivity t-1}, ActivityRecord{135463480 u0 com.binance.monitor/.ui.account.AccountStatsBridgeActivity t-1 f}}, ActivityRecord{197984232 u0 com.binance.monitor/.ui.chart.MarketChartActivity t13247}, ActivityRecord{253272106 u0 com.binance.monitor/.ui.account.AccountPositionActivity t13247 f}}}
04-12 17:27:46.304  3590  3792 V WindowManager: Sent Transition (#28421) createdAt=04-12 17:27:46.256 via request=TransitionRequestInfo { type = OPEN, triggerTask = TaskInfo{userId=0 taskId=13247 effectiveUid=10512 displayId=0 isRunning=true baseIntent=Intent { flg=0x10000000 cmp=com.binance.monitor/.ui.main.MainActivity mCallingUid=2000 } baseActivity=ComponentInfo{com.binance.monitor/com.binance.monitor.ui.main.MainActivity} topActivity=ComponentInfo{com.binance.monitor/com.binance.monitor.ui.chart.MarketChartActivity} origActivity=null realActivity=ComponentInfo{com.binance.monitor/com.binance.monitor.ui.main.MainActivity}
04-12 17:27:46.304  3590  3792 V WindowManager:  topActivityInfo=ActivityInfo{467803a com.binance.monitor.ui.chart.MarketChartActivity} launchCookies=[] positionInParent=Point(0, 0) parentTaskId=-1 isFocused=true isVisible=true isVisibleRequested=false isTopActivityNoDisplay=false isSleeping=false locusId=null displayAreaFeatureId=1 isTopActivityTransparent=false isActivityStackTransparent=false lastNonFullscreenBounds=Rect(330, 828 - 935, 2092) capturedLink=null capturedLinkTimestamp=0 requestedVisibleTypes=-9 topActivityRequestOpenInBrowserEducationTimestamp=0
04-12 17:27:46.305  3590  3792 V WindowManager:         {m=CLOSE f=FILLS_TASK leash=Surface(name=ActivityRecord{253272106 u0 com.binance.monitor/.ui.account.AccountPositionActivity t13247})/@0x7416adf sb=Rect(0, 0 - 1264, 2780) eb=Rect(0, 0 - 1264, 2780) epz=Point(1264, 2780) d=0 component=com.binance.monitor/.ui.account.AccountPositionActivity opt={t=CUSTOM enterResId=0 changeResId=0 exitResId=0 mUserId=0}},
04-12 17:27:46.305  3590  3792 V WindowManager:         {m=TO_FRONT f=FILLS_TASK leash=Surface(name=ActivityRecord{197984232 u0 com.binance.monitor/.ui.chart.MarketChartActivity t13247})/@0x92c9f2e sb=Rect(0, 0 - 1264, 2780) eb=Rect(0, 0 - 1264, 2780) epz=Point(1264, 2780) d=0 component=com.binance.monitor/.ui.chart.MarketChartActivity opt={t=CUSTOM enterResId=0 changeResId=0 exitResId=0 mUserId=0}}
04-12 17:27:46.305  8338  8381 V WindowManagerShell:         {m=CLOSE f=FILLS_TASK leash=Surface(name=ActivityRecord{253272106 u0 com.binance.monitor/.ui.account.AccountPositionActivity t13247})/@0x370bd80 sb=Rect(0, 0 - 1264, 2780) eb=Rect(0, 0 - 1264, 2780) epz=Point(1264, 2780) d=0 component=com.binance.monitor/.ui.account.AccountPositionActivity opt={t=CUSTOM enterResId=0 changeResId=0 exitResId=0 mUserId=0}},
04-12 17:27:46.305  8338  8381 V WindowManagerShell:         {m=TO_FRONT f=FILLS_TASK leash=Surface(name=ActivityRecord{197984232 u0 com.binance.monitor/.ui.chart.MarketChartActivity t13247})/@0x1bddfb9 sb=Rect(0, 0 - 1264, 2780) eb=Rect(0, 0 - 1264, 2780) epz=Point(1264, 2780) d=0 component=com.binance.monitor/.ui.chart.MarketChartActivity opt={t=CUSTOM enterResId=0 changeResId=0 exitResId=0 mUserId=0}}
04-12 17:27:46.305  8338  8381 V WindowManagerShell: start OnePuttTransition animation, info = {id=28421 t=OPEN f=0x0 trk=0 r=[0@Point(0, 0)] c=[{m=CLOSE f=FILLS_TASK leash=Surface(name=ActivityRecord{253272106 u0 com.binance.monitor/.ui.account.AccountPositionActivity t13247})/@0x370bd80 sb=Rect(0, 0 - 1264, 2780) eb=Rect(0, 0 - 1264, 2780) epz=Point(1264, 2780) d=0 component=com.binance.monitor/.ui.account.AccountPositionActivity opt={t=CUSTOM enterResId=0 changeResId=0 exitResId=0 mUserId=0}},{m=TO_FRONT f=FILLS_TASK leash=Surface(name=ActivityRecord{197984232 u0 com.binance.monitor/.ui.chart.MarketChartActivity t13247})/@0x1bddfb9 sb=Rect(0, 0 - 1264, 2780) eb=Rect(0, 0 - 1264, 2780) epz=Point(1264, 2780) d=0 component=com.binance.monitor/.ui.chart.MarketChartActivity opt={t=CUSTOM enterResId=0 changeResId=0 exitResId=0 mUserId=0}}] 
04-12 17:27:46.305  8338  8381 D FlexibleTaskTransitionHandler:  performAnimation transition:android.os.BinderProxy@5e5b4bd ,info:{id=28421 t=OPEN f=0x0 trk=0 r=[0@Point(0, 0)] c=[{m=CLOSE f=FILLS_TASK leash=Surface(name=ActivityRecord{253272106 u0 com.binance.monitor/.ui.account.AccountPositionActivity t13247})/@0x370bd80 sb=Rect(0, 0 - 1264, 2780) eb=Rect(0, 0 - 1264, 2780) epz=Point(1264, 2780) d=0 component=com.binance.monitor/.ui.account.AccountPositionActivity opt={t=CUSTOM enterResId=0 changeResId=0 exitResId=0 mUserId=0}},{m=TO_FRONT f=FILLS_TASK leash=Surface(name=ActivityRecord{197984232 u0 com.binance.monitor/.ui.chart.MarketChartActivity t13247})/@0x1bddfb9 sb=Rect(0, 0 - 1264, 2780) eb=Rect(0, 0 - 1264, 2780) epz=Point(1264, 2780) d=0 component=com.binance.monitor/.ui.chart.MarketChartActivity opt={t=CUSTOM enterResId=0 changeResId=0 exitResId=0 mUserId=0}}] 
04-12 17:27:46.305  8338  8381 D FlexibleTaskTransitionHandler:  no need handler this transitionInfo: {id=28421 t=OPEN f=0x0 trk=0 r=[0@Point(0, 0)] c=[{m=CLOSE f=FILLS_TASK leash=Surface(name=ActivityRecord{253272106 u0 com.binance.monitor/.ui.account.AccountPositionActivity t13247})/@0x370bd80 sb=Rect(0, 0 - 1264, 2780) eb=Rect(0, 0 - 1264, 2780) epz=Point(1264, 2780) d=0 component=com.binance.monitor/.ui.account.AccountPositionActivity opt={t=CUSTOM enterResId=0 changeResId=0 exitResId=0 mUserId=0}},{m=TO_FRONT f=FILLS_TASK leash=Surface(name=ActivityRecord{197984232 u0 com.binance.monitor/.ui.chart.MarketChartActivity t13247})/@0x1bddfb9 sb=Rect(0, 0 - 1264, 2780) eb=Rect(0, 0 - 1264, 2780) epz=Point(1264, 2780) d=0 component=com.binance.monitor/.ui.chart.MarketChartActivity opt={t=CUSTOM enterResId=0 changeResId=0 exitResId=0 mUserId=0}}] 
04-12 17:27:46.305  8338  8381 V WindowManagerShell: Transition doesn't have explicit remote, search filters for match for {id=28421 t=OPEN f=0x0 trk=0 r=[0@Point(0, 0)] c=[{m=CLOSE f=FILLS_TASK leash=Surface(name=ActivityRecord{253272106 u0 com.binance.monitor/.ui.account.AccountPositionActivity t13247})/@0x370bd80 sb=Rect(0, 0 - 1264, 2780) eb=Rect(0, 0 - 1264, 2780) epz=Point(1264, 2780) d=0 component=com.binance.monitor/.ui.account.AccountPositionActivity opt={t=CUSTOM enterResId=0 changeResId=0 exitResId=0 mUserId=0}},{m=TO_FRONT f=FILLS_TASK leash=Surface(name=ActivityRecord{197984232 u0 com.binance.monitor/.ui.chart.MarketChartActivity t13247})/@0x1bddfb9 sb=Rect(0, 0 - 1264, 2780) eb=Rect(0, 0 - 1264, 2780) epz=Point(1264, 2780) d=0 component=com.binance.monitor/.ui.chart.MarketChartActivity opt={t=CUSTOM enterResId=0 changeResId=0 exitResId=0 mUserId=0}}] 
04-12 17:27:46.305  8338  8381 V WindowManagerShell: start default transition animation, info = {id=28421 t=OPEN f=0x0 trk=0 r=[0@Point(0, 0)] c=[{m=CLOSE f=FILLS_TASK leash=Surface(name=ActivityRecord{253272106 u0 com.binance.monitor/.ui.account.AccountPositionActivity t13247})/@0x370bd80 sb=Rect(0, 0 - 1264, 2780) eb=Rect(0, 0 - 1264, 2780) epz=Point(1264, 2780) d=0 component=com.binance.monitor/.ui.account.AccountPositionActivity opt={t=CUSTOM enterResId=0 changeResId=0 exitResId=0 mUserId=0}},{m=TO_FRONT f=FILLS_TASK leash=Surface(name=ActivityRecord{197984232 u0 com.binance.monitor/.ui.chart.MarketChartActivity t13247})/@0x1bddfb9 sb=Rect(0, 0 - 1264, 2780) eb=Rect(0, 0 - 1264, 2780) epz=Point(1264, 2780) d=0 component=com.binance.monitor/.ui.chart.MarketChartActivity opt={t=CUSTOM enterResId=0 changeResId=0 exitResId=0 mUserId=0}}] 
04-12 17:27:46.308  3590  8779 D Transition: finishTransition ar ActivityRecord{197984232 u0 com.binance.monitor/.ui.chart.MarketChartActivity t13247}, isVisibleRequested=true, state=RESUMED, visibleAtTransitionEndTokens={ActivityRecord{197984232 u0 com.binance.monitor/.ui.chart.MarketChartActivity t13247}}, this=TransitionRecord{71547c id=28421 track=0 type=OPEN flags=0x0 state=2 c=[
04-12 17:27:46.308  3590  8779 D Transition:    ChangeInfo{da2555a container=ActivityRecord{59742236 u0 com.binance.monitor/.ui.chart.MarketChartActivity t-1} flags=0x0}
04-12 17:27:46.308  3590  8779 D Transition:    ChangeInfo{9bd3c68 container=ActivityRecord{135463480 u0 com.binance.monitor/.ui.account.AccountStatsBridgeActivity t-1 f}} flags=0x0}
04-12 17:27:46.308  3590  8779 D Transition:    ChangeInfo{91cf513 container=ActivityRecord{197984232 u0 com.binance.monitor/.ui.chart.MarketChartActivity t13247} flags=0x0}
04-12 17:27:46.308  3590  8779 D Transition:    ChangeInfo{e97c802 container=ActivityRecord{253272106 u0 com.binance.monitor/.ui.account.AccountPositionActivity t13247 f}} flags=0x0}
04-12 17:27:46.308  3590  8779 D Transition: finishTransition ar ActivityRecord{253272106 u0 com.binance.monitor/.ui.account.AccountPositionActivity t13247 f}}, isVisibleRequested=false, state=STOPPING, visibleAtTransitionEndTokens={ActivityRecord{197984232 u0 com.binance.monitor/.ui.chart.MarketChartActivity t13247}}, this=TransitionRecord{71547c id=28421 track=0 type=OPEN flags=0x0 state=2 c=[
04-12 17:27:46.308  3590  8779 D Transition:    ChangeInfo{da2555a container=ActivityRecord{59742236 u0 com.binance.monitor/.ui.chart.MarketChartActivity t-1} flags=0x0}
04-12 17:27:46.308  3590  8779 D Transition:    ChangeInfo{9bd3c68 container=ActivityRecord{135463480 u0 com.binance.monitor/.ui.account.AccountStatsBridgeActivity t-1 f}} flags=0x0}
04-12 17:27:46.308  3590  8779 D Transition:    ChangeInfo{91cf513 container=ActivityRecord{197984232 u0 com.binance.monitor/.ui.chart.MarketChartActivity t13247} flags=0x0}
04-12 17:27:46.308  3590  8779 D Transition:    ChangeInfo{e97c802 container=ActivityRecord{253272106 u0 com.binance.monitor/.ui.account.AccountPositionActivity t13247 f}} flags=0x0}
04-12 17:27:46.308  3590  8779 D ActivityTaskManager: commitVisibility: ActivityRecord{253272106 u0 com.binance.monitor/.ui.account.AccountPositionActivity t13247 f}}: visible=false visibleRequested=false, isInTransition=false 
04-12 17:27:46.308  3590  8779 D WindowManager: NFW_setClientVisible:ActivityRecord{253272106 u0 com.binance.monitor/.ui.account.AccountPositionActivity t13247 f}} clientVisible:false
04-12 17:27:46.308  3590  8779 I WindowManager: Window{628ad01 u0 com.binance.monitor/com.binance.monitor.ui.account.AccountPositionActivity} state from HAS_DRAWN to DRAW_PENDING; reason: resetDrawState
04-12 17:27:46.308  7398  7454 D VRI[AccountPositionActivity]: dispatchAppVisibility visible:false mUpcomingWindowFocus:false
04-12 17:27:46.308  3590  8779 I OplusAppSwitchManagerService:  handleAppVisible , r = ActivityRecord{197984232 u0 com.binance.monitor/.ui.chart.MarketChartActivity t13247}
04-12 17:27:46.308  3590  8779 D OplusTransitionController:    ChangeInfo{da2555a container=ActivityRecord{59742236 u0 com.binance.monitor/.ui.chart.MarketChartActivity t-1} flags=0x0}
04-12 17:27:46.308  3590  8779 D OplusTransitionController:    ChangeInfo{9bd3c68 container=ActivityRecord{135463480 u0 com.binance.monitor/.ui.account.AccountStatsBridgeActivity t-1 f}} flags=0x0}
04-12 17:27:46.308  3590  8779 D OplusTransitionController:    ChangeInfo{91cf513 container=ActivityRecord{197984232 u0 com.binance.monitor/.ui.chart.MarketChartActivity t13247} flags=0x0}
04-12 17:27:46.308  3590  8779 D OplusTransitionController:    ChangeInfo{e97c802 container=ActivityRecord{253272106 u0 com.binance.monitor/.ui.account.AccountPositionActivity t13247 f}} flags=0x0}
04-12 17:27:46.308  3590  8779 D FlexibleTaskTransitionController:    ChangeInfo{da2555a container=ActivityRecord{59742236 u0 com.binance.monitor/.ui.chart.MarketChartActivity t-1} flags=0x0}
04-12 17:27:46.308  3590  8779 D FlexibleTaskTransitionController:    ChangeInfo{9bd3c68 container=ActivityRecord{135463480 u0 com.binance.monitor/.ui.account.AccountStatsBridgeActivity t-1 f}} flags=0x0}
04-12 17:27:46.308  3590  8779 D FlexibleTaskTransitionController:    ChangeInfo{91cf513 container=ActivityRecord{197984232 u0 com.binance.monitor/.ui.chart.MarketChartActivity t13247} flags=0x0}
04-12 17:27:46.308  3590  8779 D FlexibleTaskTransitionController:    ChangeInfo{e97c802 container=ActivityRecord{253272106 u0 com.binance.monitor/.ui.account.AccountPositionActivity t13247 f}} flags=0x0}
04-12 17:27:46.310  3590  3795 D WindowManager: NFW_findFocusedWindowIfNeeded:Window{8317b56 u0 com.binance.monitor/com.binance.monitor.ui.chart.MarketChartActivity} mCurrentFocus:Window{8317b56 u0 com.binance.monitor/com.binance.monitor.ui.chart.MarketChartActivity}
04-12 17:27:46.310  3590  7162 I InputDispatcher: updateFocusedWindow, 8317b56 com.binance.monitor/com.binance.monitor.ui.chart.MarketChartActivity on display 0, reason: Window became focusable. Previous reason: NOT_VISIBLE, result:   FocusedWindows:
04-12 17:27:46.310  3590  7162 I InputDispatcher:     displayId=0, name='8317b56 com.binance.monitor/com.binance.monitor.ui.chart.MarketChartActivity'
04-12 17:27:46.313  7398  7398 D VRI[MarketChartActivity]: onFocusEvent true
04-12 17:27:46.313  7398  7398 D VRI[AccountPositionActivity]: visibilityChanged oldVisibility=true newVisibility=false
04-12 17:27:46.314  7398  7398 D VRI[AccountPositionActivity]: setWindowStopped stopped:true
04-12 17:27:46.317  7398  7398 D OplusScrollToTopManager: com.binance.monitor/com.binance.monitor.ui.account.AccountPositionActivity,window dying
04-12 17:27:46.317  7398  7398 D OplusScrollToTopManager: com.binance.monitor/com.binance.monitor.ui.account.AccountPositionActivity,unregisterSystemUIBroadcastReceiver 
04-12 17:27:46.317  7398  7398 D OplusScrollToTopManager: com.binance.monitor/com.binance.monitor.ui.account.AccountPositionActivity, unregisterSystemUIBroadcastReceiver failed java.lang.IllegalArgumentException: Receiver not registered: android.view.OplusScrollToTopManager$2@47dc5
04-12 17:27:46.317  3590  8779 D CoreBackPreview: Window{628ad01 u0 com.binance.monitor/com.binance.monitor.ui.account.AccountPositionActivity}: Setting back callback null
04-12 17:27:46.319  7398  7509 D BufferQueueProducer: [VRI[AccountPositionActivity]#6(BLAST Consumer)6](id:1ce600000006,api:1,p:7398,c:7398) disconnect: api 1
04-12 17:27:46.320  3590  7162 I WindowManager: Window{628ad01 u0 com.binance.monitor/com.binance.monitor.ui.account.AccountPositionActivity} state from DRAW_PENDING to NO_SURFACE; reason: destroySurface
04-12 17:27:46.321  3590  7162 D WindowManager: NFW_findFocusedWindowIfNeeded:Window{8317b56 u0 com.binance.monitor/com.binance.monitor.ui.chart.MarketChartActivity} mCurrentFocus:Window{8317b56 u0 com.binance.monitor/com.binance.monitor.ui.chart.MarketChartActivity}
04-12 17:27:46.321  7398  7454 D BLASTBufferQueue: [VRI[AccountPositionActivity]#6](f:0,a:1) destructor()
04-12 17:27:46.322  7398  7454 D BufferQueueConsumer: [VRI[AccountPositionActivity]#6(BLAST Consumer)6](id:1ce600000006,api:0,p:-1,c:7398) disconnect
04-12 17:27:46.323  3590  8779 D ActivityTaskManager: removeAppToken: ActivityRecord{253272106 u0 com.binance.monitor/.ui.account.AccountPositionActivity t13247 f}} delayed=false parent=Task{65327de #13247 type=standard A=10512:com.binance.monitor} animating=false Callers=com.android.server.wm.DisplayContent.removeAppToken:1759 com.android.server.wm.ActivityRecord.removeFromHistory:4970 com.android.server.wm.ActivityRecord.destroyed:5060 com.android.server.wm.ActivityClientController.activityDestroyed:339 
04-12 17:27:46.621 14034 15457 D ActivityAdapter: notifyActivityQuery: [com.binance.monitor; com.binance.monitor.ui.chart.MarketChartActivity; 1; COMMON; 10512]
04-12 17:27:46.621 14034 15457 D OPlusFrontAppManager: useAdapterResult, pkg=com.binance.monitor,activity=com.binance.monitor.ui.chart.MarketChartActivity,result=true
04-12 17:27:46.621 14034 15457 D OPlusFrontAppManager: decide -->> [com.binance.monitor; com.binance.monitor.ui.chart.MarketChartActivity; 1; COMMON; 10512]
04-12 17:27:46.621 14034 15457 D ConferenceScene: pkg:com.binance.monitor, activity:com.binance.monitor.ui.chart.MarketChartActivity, appSense:COMMON
04-12 17:27:46.621 14034 15457 D ConferenceScene: pkg:com.binance.monitor, activity:com.binance.monitor.ui.account.AccountPositionActivity, appSense:COMMON
04-12 17:27:46.622  3590  3795 D AppSenseClient: handleSenseEvent appInfoUnits: {pkgName:com.binance.monitor,activityName:com.binance.monitor.ui.chart.MarketChartActivity,winMode:1,event:COMMON,type:0,subEvent:0,pid:7398,uid:10512},
04-12 17:27:46.622  3590  3795 D AppSenseClient: notifyAppChanges: [{pkgName:com.binance.monitor,activityName:com.binance.monitor.ui.chart.MarketChartActivity,winMode:1,event:COMMON,type:0,subEvent:0,pid:7398,uid:10512}]
04-12 17:27:46.623  8406  8866 D AppSenseClient: handleSenseEvent appInfoUnits: {pkgName:com.binance.monitor,activityName:com.binance.monitor.ui.chart.MarketChartActivity,winMode:1,event:COMMON,type:0,subEvent:0,pid:7398,uid:10512},
04-12 17:27:46.623  8406  8866 D AppSenseClient: notifyAppChanges: [{pkgName:com.binance.monitor,activityName:com.binance.monitor.ui.chart.MarketChartActivity,winMode:1,event:COMMON,type:0,subEvent:0,pid:7398,uid:10512}]
04-12 17:27:46.623  8498  8498 D AppSenseClient: handleSenseEvent appInfoUnits: {pkgName:com.binance.monitor,activityName:com.binance.monitor.ui.chart.MarketChartActivity,winMode:1,event:COMMON,type:0,subEvent:0,pid:7398,uid:10512},
04-12 17:27:46.623  8498  8498 D AppSenseClient: notifyAppChanges: [{pkgName:com.binance.monitor,activityName:com.binance.monitor.ui.chart.MarketChartActivity,winMode:1,event:COMMON,type:0,subEvent:0,pid:7398,uid:10512}]
04-12 17:27:46.623 14034 15457 D AppSenseService: notifySenseEvent: {pkgName:com.binance.monitor,activityName:com.binance.monitor.ui.chart.MarketChartActivity,winMode:1,event:COMMON,type:0,subEvent:0,pid:7398,uid:10512},
04-12 17:27:46.623 13839 14411 D AppSenseClient: handleSenseEvent appInfoUnits: {pkgName:com.binance.monitor,activityName:com.binance.monitor.ui.chart.MarketChartActivity,winMode:1,event:COMMON,type:0,subEvent:0,pid:7398,uid:10512},
04-12 17:27:46.623 13839 14411 D AppSenseClient: notifyAppChanges: [{pkgName:com.binance.monitor,activityName:com.binance.monitor.ui.chart.MarketChartActivity,winMode:1,event:COMMON,type:0,subEvent:0,pid:7398,uid:10512}]
04-12 17:27:46.623 13839 14411 D NAS-DataSceneEvent: updateAppSenseChange [{pkgName:com.binance.monitor,activityName:com.binance.monitor.ui.chart.MarketChartActivity,winMode:1,event:COMMON,type:0,subEvent:0,pid:7398,uid:10512}]
04-12 17:27:47.328  7398  7456 D OplusScrollToTopManager: com.binance.monitor/com.binance.monitor.ui.chart.MarketChartActivity,This com.android.internal.policy.DecorView{4285802 V.E...... R....... 0,0-1264,2780 aid=3 alpha=1.0 viewInfo = }[MarketChartActivity] change focus to true
