04-11 13:13:25.275 I/qspmHal ( 2226): enter getGpuProf at: 2062912027
04-11 13:13:25.275 I/qspmHal ( 2226): PID 4478 from GFX matched.
04-11 13:13:25.275 I/qspmHal ( 2226): gpuProfName:com.binance.monitor-gpu - gpu prof_info.path:/data/vendor/gaming/com.binance.monitor-gpu
04-11 13:13:25.275 E/qspmHal ( 2226): GPU profile file NOT found !!
04-11 13:13:25.275 I/AdrenoVK-0( 4478): ===== BEGIN DUMP OF OVERRIDDEN SETTINGS =====
04-11 13:13:25.275 I/AdrenoVK-0( 4478): ===== END DUMP OF OVERRIDDEN SETTINGS =====
04-11 13:13:25.277 D/AppCompatDelegate( 4478): Checking for metadata for AppLocalesMetadataHolderService : Service not found
04-11 13:13:25.277 I/binance.monitor( 4478): AssetManager2(0xb400007246ca0d28) locale list changing from [] to [zh-CN]
04-11 13:13:25.277 D/qdgralloc( 4478): Fetching IMapper5 from QtiMapper5
04-11 13:13:25.278 E/ashmem  ( 4478): Pinning is deprecated since Android Q. Please use trim or other methods.
04-11 13:13:25.279 D/AdfrV32FrameRateUtils( 8338): animationVelocityCalculator: nullbounds: 0 0 1264 2780
04-11 13:13:25.279 D/AdfrV32FrameRateUtils( 8338): animationVelocityCalculator: nullbounds: 0 0 1264 2780
04-11 13:13:25.282 E/OplusPredictiveBackController( 4478):  NoSuchMethodException 
04-11 13:13:25.282 E/OplusPredictiveBackController( 4478):  NoSuchMethodException 
04-11 13:13:25.282 E/OplusPredictiveBackController( 4478):  NoSuchMethodException 
04-11 13:13:25.282 D/OplusPredictiveBackController( 4478): initPredictiveBackConfig for com.binance.monitor.ui.main.MainActivity@e3565b0 initPredictiveBackConfig mShouldInterceptKeyEvent false
04-11 13:13:25.282 D/WindowOnBackDispatcher( 4478):  predictive settings is disabled for com.binance.monitor
04-11 13:13:25.284 I/SnapAlloc( 4478): Graphics lib is available
04-11 13:13:25.284 I/oplus.android.OplusFrameworkFactoryImpl( 4478): Unknow feature:IOplusTextViewRTLUtilForUG
04-11 13:13:25.287 D/ScrollOptimizationHelper( 4478): can't find the config file for optimizaiton
04-11 13:13:25.287 D/ScrollOptimizationHelper( 4478): will not debug for debug is false
04-11 13:13:25.288 D/AdfrV32FrameRateUtils( 8338): animationVelocityCalculator: nullbounds: 0 0 1264 2780
04-11 13:13:25.288 D/AdfrV32FrameRateUtils( 8338): animationVelocityCalculator: nullbounds: 0 0 1264 2780
04-11 13:13:25.288 I/Adreno-UNKNOWN( 4478): Using previously loaded IMapper library.
04-11 13:13:25.290 I/AdrenoVK-0( 4478): QUALCOMM build          : d9c51359ee, Ib0a60ffc99
04-11 13:13:25.290 I/AdrenoVK-0( 4478): Build Date              : 12/19/25
04-11 13:13:25.290 I/AdrenoVK-0( 4478): Shader Compiler Version : E031.47.18.44
04-11 13:13:25.290 I/AdrenoVK-0( 4478): Local Branch            : 
04-11 13:13:25.290 I/AdrenoVK-0( 4478): Remote Branch           : refs/tags/AU_LINUX_ANDROID_LA.VENDOR.15.4.0.11.00.00.1088.837
04-11 13:13:25.290 I/AdrenoVK-0( 4478): Remote Branch           : NONE
04-11 13:13:25.290 I/AdrenoVK-0( 4478): Reconstruct Branch      : NOTHING
04-11 13:13:25.290 I/AdrenoVK-0( 4478): Build Config            : S P 18.0.0 AArch64
04-11 13:13:25.290 I/AdrenoVK-0( 4478): Driver Path             : /vendor/lib64/hw/vulkan.adreno.so
04-11 13:13:25.290 I/AdrenoVK-0( 4478): Driver Version          : 0800.67
04-11 13:13:25.290 I/AdrenoVK-0( 4478): PFP                     : 0x01500081
04-11 13:13:25.290 I/AdrenoVK-0( 4478): ME                      : 0x01500022
04-11 13:13:25.290 I/AdrenoVK-0( 4478): Application Name    : android framework
04-11 13:13:25.290 I/AdrenoVK-0( 4478): Process Name        : com.binance.monitor
04-11 13:13:25.290 I/AdrenoVK-0( 4478): Application Version : 0x00000000
04-11 13:13:25.290 I/AdrenoVK-0( 4478): Engine Name         : android framework
04-11 13:13:25.290 I/AdrenoVK-0( 4478): Engine Version      : 0x00000000
04-11 13:13:25.290 I/AdrenoVK-0( 4478): Api Version         : 0x00401000
04-11 13:13:25.292 D/ExtensionsLoader( 4478): createInstance(64bit) : createExtendedFactory
04-11 13:13:25.292 D/ExtensionsLoader( 4478): Opened libeglextimpl.so
04-11 13:13:25.292 D/PreCache( 4478): [IPreCacheRus]loadRUSConfigs#102 failed to transact: -22 prc:com.binance.monitor
04-11 13:13:25.293 E/OplusCustomizeRestrictionManager( 4478): sInstance is null, start a new sInstance
04-11 13:13:25.296 D/AdfrV32FrameRateUtils( 8338): animationVelocityCalculator: nullbounds: 0 0 1264 2780
04-11 13:13:25.296 D/AdfrV32FrameRateUtils( 8338): animationVelocityCalculator: nullbounds: 0 0 1264 2780
04-11 13:13:25.297 D/vendor.oplus.hardware.charger-V10-service( 2280): ret_value:123, read content:,298,298,4411,4408,-178,95,97,1,1,0,494,5016,97,1,4480,600,500,0,0,9500,12,0,1,0,2,0,0,0,1,5868,96,0,4776,5046,0,0,0,0,0,0
04-11 13:13:25.297 D/vendor.oplus.hardware.charger-V10-service( 2280): gmtime: 2026-04-11-13-13-25
04-11 13:13:25.297 D/vendor.oplus.hardware.charger-V10-service( 2280): usb_online:1, ac_online:-2147483648, wireless_online:-2147483648
04-11 13:13:25.304 D/AdfrV32FrameRateUtils( 8338): animationVelocityCalculator: nullbounds: 0 0 1264 2780
04-11 13:13:25.304 D/AdfrV32FrameRateUtils( 8338): animationVelocityCalculator: nullbounds: 0 0 1264 2780
04-11 13:13:25.313 D/AdfrV32FrameRateUtils( 8338): animationVelocityCalculator: nullbounds: 0 0 1264 2780
04-11 13:13:25.313 D/AdfrV32FrameRateUtils( 8338): animationVelocityCalculator: nullbounds: 0 0 1264 2780
04-11 13:13:25.321 D/AdfrV32FrameRateUtils( 8338): animationVelocityCalculator: nullbounds: 0 0 1264 2780
04-11 13:13:25.321 D/AdfrV32FrameRateUtils( 8338): animationVelocityCalculator: nullbounds: 0 0 1264 2780
04-11 13:13:25.323 D/OplusInputMethodUtil( 4478): init sDebug to false, init sDebugIme to false, init sAlwaysOn to false
04-11 13:13:25.323 D/OplusInputMethodUtil( 4478): updateDebugToClass InputMethodManager.DEBUG = false
04-11 13:13:25.323 D/OplusInputMethodUtil( 4478): updateDebugToClass ImeFocusController.DEBUG = false
04-11 13:13:25.323 D/OplusInputMethodUtil( 4478): updateDebugToClass OnBackInvokedDispatcher.DEBUG = false
04-11 13:13:25.323 D/OplusInputMethodUtil( 4478): updateDebugToClass InsetsController.DEBUG = false
04-11 13:13:25.323 D/OplusInputMethodUtil( 4478): updateDebugToClass BaseInputConnection.DEBUG = false
04-11 13:13:25.329 D/AdfrV32FrameRateUtils( 8338): animationVelocityCalculator: nullbounds: 0 0 1264 2780
04-11 13:13:25.329 D/AdfrV32FrameRateUtils( 8338): animationVelocityCalculator: nullbounds: 0 0 1264 2780
04-11 13:13:25.338 D/AdfrV32FrameRateUtils( 8338): animationVelocityCalculator: nullbounds: 0 0 1264 2780
04-11 13:13:25.338 D/AdfrV32FrameRateUtils( 8338): animationVelocityCalculator: nullbounds: 0 0 1264 2780
04-11 13:13:25.346 D/AdfrV32FrameRateUtils( 8338): animationVelocityCalculator: nullbounds: 0 0 1264 2780
04-11 13:13:25.346 D/AdfrV32FrameRateUtils( 8338): animationVelocityCalculator: nullbounds: 0 0 1264 2780
04-11 13:13:25.354 D/AdfrV32FrameRateUtils( 8338): animationVelocityCalculator: nullbounds: 0 0 1264 2780
04-11 13:13:25.354 D/AdfrV32FrameRateUtils( 8338): animationVelocityCalculator: nullbounds: 0 0 1264 2780
04-11 13:13:25.355 D/DesktopModeFlags( 4478): Toggle override initialized to: OVERRIDE_UNSET
04-11 13:13:25.356 I/binance.monitor( 4478): hiddenapi: Accessing hidden method Landroid/view/ViewGroup;->makeOptionalFitsSystemWindows()V (runtime_flags=0, domain=platform, api=unsupported) from Landroidx/appcompat/widget/ViewUtils; (domain=app) using reflection: allowed
04-11 13:13:25.357 I/ActivityManager( 3590): Background started FGS: Allowed [callingPackage: com.binance.monitor; callingUid: 10512; uidState: TOP ; uidBFSL: [BFSL]; intent: Intent { act=com.binance.monitor.action.BOOTSTRAP xflg=0x4 cmp=com.binance.monitor/.service.MonitorService mCallingUid=10512 }; code:PROC_STATE_TOP; tempAllowListReason:<null>; allowWiu:12; targetSdkVersion:34; callerTargetSdkVersion:34; startForegroundCount:0; bindFromPackage:null: isBindService:false]
04-11 13:13:25.357 I/ConferenceScene(14034): onForegroundServiceStateChanged 4478 10512 0 fg_stateMachinesuid is null
04-11 13:13:25.363 D/AdfrV32FrameRateUtils( 8338): animationVelocityCalculator: nullbounds: 0 0 1264 2780
04-11 13:13:25.363 D/AdfrV32FrameRateUtils( 8338): animationVelocityCalculator: nullbounds: 0 0 1264 2780
04-11 13:13:25.365 D/ActivityThread( 4478): ComponentInfo{com.binance.monitor/com.binance.monitor.ui.main.MainActivity} checkFinished=false 2
04-11 13:13:25.365 D/ResourcesManagerExtImpl( 4478): applyConfigurationToAppResourcesLocked app.getDisplayId() return callback.displayId:0
04-11 13:13:25.369 W/UserAwareMgr( 3590): process owner is not matched: 10, threadName: HwUiTask, pid: 4478,tid=4609,owner=fg1
04-11 13:13:25.369 W/UserAwareMgr( 3590): process owner is not matched: 10, threadName: HwUiTask, pid: 4478,tid=4610,owner=fg1
04-11 13:13:25.369 D/WindowManager( 4478): Add to mViews: com.android.internal.policy.DecorView{112785d I.E...... R.....I. 0,0-0,0 alpha=1.0 viewInfo = }[MainActivity],pkg= com.binance.monitor
04-11 13:13:25.369 D/ExtensionsLoader( 4478): createInstance(64bit) : createExtendedFactory
04-11 13:13:25.370 D/ExtensionsLoader( 4478): Opened libhwuiextimpl.so
04-11 13:13:25.371 D/skia    ( 4478): setRusSupported enable 0
04-11 13:13:25.371 W/UserAwareMgr( 3590): process owner is not matched: 10, threadName: RenderThread, pid: 4478,tid=4603,owner=fg1
04-11 13:13:25.371 E/SchedAssist( 3590): ofbCfgFrameTask tid(4603) failed with error=No such file or directory
04-11 13:13:25.371 D/AdfrV32FrameRateUtils( 8338): animationVelocityCalculator: nullbounds: 0 0 1264 2780
04-11 13:13:25.371 D/AdfrV32FrameRateUtils( 8338): animationVelocityCalculator: nullbounds: 0 0 1264 2780
04-11 13:13:25.372 I/WindowManager( 3590): addWindow: New client android.os.BinderProxy@f57dcdd : window=Window{da29052 u0 com.binance.monitor/com.binance.monitor.ui.main.MainActivity}
04-11 13:13:25.373 D/ViewRootImplExtImpl( 4478): onDisplayChanged -1 for VRI android.view.ViewRootImpl@a833d59
04-11 13:13:25.374 D/ResourcesManagerExtImpl( 4478): applyConfigurationToAppResourcesLocked app.getDisplayId() return callback.displayId:0
04-11 13:13:25.375 E/OplusBracketLog( 4478): [OplusViewMirrorManager] updateHostViewRootIfNeeded, not support android.view.ViewRootImpl@a833d59
04-11 13:13:25.377 I/TaskOrganizerController( 3590): onTaskInfoChanged taskid 13178 config { mBounds=Rect(0, 0 - 1264, 2780) mAppBounds=Rect(0, 0 - 1264, 2780) mMaxBounds=Rect(0, 0 - 1264, 2780) mDisplayRotation=ROTATION_0 mWindowingMode=fullscreen mActivityType=standard mAlwaysOnTop=undefined mRotation=ROTATION_0}
04-11 13:13:25.377 D/OplusFlexibleDragToSplitAnimController( 3590): visibleFlexibleTaskInfos delete:13178
04-11 13:13:25.377 E/FlexibleWindowManagerService( 3590): notifyTaskObserverToAttachController not need to notify!
04-11 13:13:25.377 I/FlexibleWindowManagerService( 3590): onFlexibleWindowTaskInfoChanged, return for cur task not embedded
04-11 13:13:25.377 D/ShellTaskOrganizerExt( 8338): visibleFlexibleTaskInfos delete:13178
04-11 13:13:25.377 D/ShellTaskOrganizerExt( 8338): isOnCanvas size:0
04-11 13:13:25.377 D/ShellTaskOrganizerExt( 8338): isOnThreeFlexibleCanvas size:0
04-11 13:13:25.379 D/AdfrV32FrameRateUtils( 8338): animationVelocityCalculator: nullbounds: 0 0 1264 2780
04-11 13:13:25.379 D/AdfrV32FrameRateUtils( 8338): animationVelocityCalculator: nullbounds: 0 0 1264 2780
04-11 13:13:25.380 D/WindowOnBackDispatcher( 4478):  predictive settings is disabled for com.binance.monitor
04-11 13:13:25.380 D/WindowOnBackDispatcher( 4478):  predictive settings is disabled for com.binance.monitor
04-11 13:13:25.380 D/CoreBackPreview( 3590): Window{da29052 u0 com.binance.monitor/com.binance.monitor.ui.main.MainActivity}: Setting back callback OnBackInvokedCallbackInfo{mCallback=android.window.IOnBackInvokedCallback$Stub$Proxy@e3e9c20, mPriority=0, mIsAnimationCallback=false, mOverrideBehavior=0}
04-11 13:13:25.383 E/CwbService( 2181): Panel not support apl read or getDisplayPanelAplValue timeout 10ms.
04-11 13:13:25.383 D/SensorFeature( 2258): name=ssc_screenshot_info ,index = 22
04-11 13:13:25.383 D/SensorFeature( 2258): write 39 bytes:931620778541699,931620786875032,37540,0
04-11 13:13:25.388 D/AdfrV32FrameRateUtils( 8338): animationVelocityCalculator: nullbounds: 0 0 1264 2780
04-11 13:13:25.388 D/AdfrV32FrameRateUtils( 8338): animationVelocityCalculator: nullbounds: 0 0 1264 2780
04-11 13:13:25.393 D/ViewRootImplExtImpl( 4478): wrapConfigInfoIntoFlags rotation=0, smallestScreenWidthDp=0, residentWS=false, scenario=0, bounds=Rect(0, 0 - 1264, 2780), relayoutAsync=false, flags=0, newFlags=1457520640, title=com.binance.monitor/com.binance.monitor.ui.main.MainActivity
04-11 13:13:25.394 V/WindowManager( 3590): Relayout Window{da29052 u0 com.binance.monitor/com.binance.monitor.ui.main.MainActivity}: viewVisibility=0, oldvis=4, req=1264x2780 , apr = 0, vsysui=, x=0, y=0
04-11 13:13:25.394 I/WindowManager( 3590): Window{da29052 u0 com.binance.monitor/com.binance.monitor.ui.main.MainActivity} state from NO_SURFACE to DRAW_PENDING; reason: resetDrawState
04-11 13:13:25.394 D/InsetsSourceProvider( 3590): updateSourceFrameForServerVisibility mandatorySystemGestures EMPTY_RECT
04-11 13:13:25.394 D/InsetsSourceProvider( 3590): updateSourceFrameForServerVisibility mandatorySystemGestures EMPTY_RECT
04-11 13:13:25.395 D/WindowManager( 3590): NFW_findFocusedWindowIfNeeded:Window{da29052 u0 com.binance.monitor/com.binance.monitor.ui.main.MainActivity} mCurrentFocus:null
04-11 13:13:25.395 V/WindowManager( 3590): Changing focus from null to Window{da29052 u0 com.binance.monitor/com.binance.monitor.ui.main.MainActivity},diplayid=0
04-11 13:13:25.395 D/VRR [OPlusSurfaceFlingerController]( 3590):  setComplexSceneEnable : false
04-11 13:13:25.395 D/Theia.NoFocusWindow( 3590): FocusWindowErrorScene cancelCheckFreezeScreen
04-11 13:13:25.395 W/TheiaWindowMonitor( 3590): [check] focusedWindow is null or enable is false
04-11 13:13:25.396 D/VRI[MainActivity]( 4478): relayoutWindow result, sizeChanged:true, surfaceControlChanged:true, transformHintChanged:false, mSurfaceSize:Point(1264, 2780), mLastSurfaceSize:Point(0, 0), mWidth:-1, mHeight:-1, requestedWidth:1264, requestedHeight:2780, transformHint:0, installOrientation:0, displayRotation:0, isSurfaceValid:true, attr.flag:-2122252032, tmpFrames:ClientWindowFrames{frame=[0,0][1264,2780] display=[0,0][1264,2780] parentFrame=[0,0][0,0]}, relayoutAsync:false, mSyncSeqId:0
04-11 13:13:25.396 D/AdfrV32FrameRateUtils( 8338): animationVelocityCalculator: nullbounds: 0 0 1264 2780
04-11 13:13:25.396 W/VRI[MainActivity]( 4478): updateBlastSurfaceIfNeeded, surfaceSize:Point(1264, 2780), lastSurfaceSize:Point(0, 0), format:-3, blastBufferQueue:null
04-11 13:13:25.396 D/BufferQueueConsumer( 4478): [](id:117e00000000,api:0,p:-1,c:4478) connect: controlledByApp=false
04-11 13:13:25.396 D/AdfrV32FrameRateUtils( 8338): animationVelocityCalculator: nullbounds: 0 0 1264 2780
04-11 13:13:25.396 D/BufferQueueConsumer( 4478): [VRI[MainActivity]#0(BLAST Consumer)0](id:117e00000000,api:0,p:-1,c:4478) setMaxAcquiredBufferCount: 2
04-11 13:13:25.397 D/BufferQueueProducer( 4478): [VRI[MainActivity]#0(BLAST Consumer)0](id:117e00000000,api:1,p:4478,c:4478) connect: api=1 producerControlledByApp=true
04-11 13:13:25.401 D/SurfaceComposerClient( 3590): Transaction::apply InputWindowCommands.focusRequests timestamp=883764770230732, windowName=da29052 com.binance.monitor/com.binance.monitor.ui.main.MainActivity
04-11 13:13:25.402 D/SubsysEventListenerManager-SubsysTelephonyCallback[1](14034): onDataActivity
04-11 13:13:25.402 D/DataService[1](14034): onDataActivity direction:3
04-11 13:13:25.403 D/Tile.OplusCellularTile( 8338): refreshState: tile not listening, ignore
04-11 13:13:25.403 I/SystemUi--Statusbar( 8338): MobileConnectionRepositoryImpl-->subId:1 isSoftSimCard:false slotId:1
04-11 13:13:25.404 D/AdfrV32FrameRateUtils( 8338): animationVelocityCalculator: nullbounds: 0 0 1264 2780
04-11 13:13:25.404 D/AdfrV32FrameRateUtils( 8338): animationVelocityCalculator: nullbounds: 0 0 1264 2780
04-11 13:13:25.405 I/SurfaceControl( 4478):  setExtendedRangeBrightness sc=Surface(name=com.binance.monitor/com.binance.monitor.ui.main.MainActivity)/@0x8bf383a,currentBufferRatio=1.0,desiredRatio=1.0
04-11 13:13:25.411 D/SurfaceFlinger( 2399): updateWinowInfo=1, setFocusedWindow timestamp=883764770230732, windowName=da29052 com.binance.monitor/com.binance.monitor.ui.main.MainActivity
04-11 13:13:25.411 I/InputDispatcher( 3590): NFW_setFocusedWindow, da29052 com.binance.monitor/com.binance.monitor.ui.main.MainActivity on display 0, same as the previous:0
04-11 13:13:25.413 D/AdfrV32FrameRateUtils( 8338): animationVelocityCalculator: nullbounds: 0 0 1264 2780
04-11 13:13:25.413 D/AdfrV32FrameRateUtils( 8338): animationVelocityCalculator: nullbounds: 0 0 1264 2780
04-11 13:13:25.413 I/AdrenoUtils( 4478): <ReadGpuID:366>: Reading chip ID through GSL
04-11 13:13:25.421 D/AdfrV32FrameRateUtils( 8338): animationVelocityCalculator: nullbounds: 0 0 1264 2780
04-11 13:13:25.421 D/AdfrV32FrameRateUtils( 8338): animationVelocityCalculator: nullbounds: 0 0 1264 2780
04-11 13:13:25.423 D/BLASTBufferQueue( 4478): [VRI[MainActivity]#0](f:0,a:1) acquireNextBufferLocked size=1264x2780 mFrameNumber=1 applyTransaction=true mTimestamp=883764797735940(auto) mPendingTransactions.size=0 graphicBufferId=19232863551491 transform=0
04-11 13:13:25.423 D/VRI[MainActivity]( 4478): Received frameCommittedCallback lastAttemptedDrawFrameNum=1 didProduceBuffer=true syncBuffer=false
04-11 13:13:25.424 D/ExtensionsLoader( 4478): createInstance(64bit) : createExtendedFactory
04-11 13:13:25.424 I/ClientCache( 2399): add: Cache owner=0xb400007e71a55fe0
04-11 13:13:25.424 D/ExtensionsLoader( 4478): Opened libSchedAssistExtImpl.so
04-11 13:13:25.424 D/VRI[MainActivity]( 4478): draw finished. seqId=0
04-11 13:13:25.424 I/WindowManager( 3590): Window{da29052 u0 com.binance.monitor/com.binance.monitor.ui.main.MainActivity} state from DRAW_PENDING to COMMIT_DRAW_PENDING; reason: finishDrawingLocked
04-11 13:13:25.424 D/InsetsSourceProvider( 3590): updateSourceFrameForServerVisibility mandatorySystemGestures EMPTY_RECT
04-11 13:13:25.424 D/InsetsSourceProvider( 3590): updateSourceFrameForServerVisibility mandatorySystemGestures EMPTY_RECT
04-11 13:13:25.425 I/WindowManager( 3590): Window{da29052 u0 com.binance.monitor/com.binance.monitor.ui.main.MainActivity} state from COMMIT_DRAW_PENDING to READY_TO_SHOW; reason: commitFinishDrawingLocked
04-11 13:13:25.425 D/CoreBackPreview( 3590):  return markWindowHasDrawn mComposed: false  mWaitTransition: false
04-11 13:13:25.425 D/ActivityTaskManager( 3590): Finish StartingWindow: ActivityRecord{242372485 u0 com.binance.monitor/.ui.main.MainActivity t13178}first real window is shown
04-11 13:13:25.425 D/ActivityTaskManager( 3590): removeStartingWindowAnimation starting ActivityRecord{242372485 u0 com.binance.monitor/.ui.main.MainActivity t13178} startingWindow=null ,startingView=com.android.server.wm.StartingSurfaceController$StartingSurface@876ca77,Callers=com.android.server.wm.ActivityRecord.removeStartingWindow:3386 com.android.server.wm.ActivityRecord.onFirstWindowDrawn:8055 com.android.server.wm.WindowState.performShowLocked:4933 com.android.server.wm.WindowStateAnimator.commitFinishDrawingLocked:403 com.android.server.wm.DisplayContent.lambda$new$8:1154 
04-11 13:13:25.425 D/OplusStartingWindowManager( 3590): interceptRemoveStartingWindow: packageName=com.binance.monitor,  componentName=com.binance.monitor/.ui.main.MainActivity, isSnapshot=false, startingSurfaceRunnable=null, isDrawCompleted=false, hasSurfaceView=false, inTransition=true
04-11 13:13:25.425 D/OplusSplitScreenDnDUI( 3590): notifyRemoveStartingWindow isSpitScreenDrag = false mDropTargetSurface = null StartingWindowpkgName = com.binance.monitor DragPkg = null isLauncherResume = false
04-11 13:13:25.425 D/OplusStartingWindowManager( 3590): interceptRemoveStartingWindow: hasSplashWindowFlag() return false for activity=ActivityRecord{242372485 u0 com.binance.monitor/.ui.main.MainActivity t13178}
04-11 13:13:25.425 D/TaskOrganizerController( 3590): TaskOrganizerController.removeStartingWindow: call wmshell to removeStartingWindow Task{beb60b #13178 type=standard A=10512:com.binance.monitor}null
04-11 13:13:25.426 I/iopgp   ( 8543): Iopgp: TRANSACTION_IOPGP_ON_ACTIVITY_LAUNCH_FINISHED sequence_id = 1189 timestamp_nanos = 883764799990992
04-11 13:13:25.426 I/Quality ( 3590): LaunchTime2.0: com.binance.monitor/.ui.main.MainActivity 1 432 com.android.shell 31 67
04-11 13:13:25.426 I/OPM     ( 3590): handleNotifyLaunchTime : com.binance.monitor, :417
04-11 13:13:25.426 D/QuickBackInputPolicy( 3590): setAppLaunchEndTime update timePair=Pair{ActivityRecord{242372485 u0 com.binance.monitor/.ui.main.MainActivity t13178} 883764800}
04-11 13:13:25.426 I/WindowManager( 3590): Window{da29052 u0 com.binance.monitor/com.binance.monitor.ui.main.MainActivity} state from READY_TO_SHOW to HAS_DRAWN; reason: performShowLocked
04-11 13:13:25.426 D/InsetsSourceProvider( 3590): updateSourceFrameForServerVisibility mandatorySystemGestures EMPTY_RECT
04-11 13:13:25.426 D/InsetsSourceProvider( 3590): updateSourceFrameForServerVisibility mandatorySystemGestures EMPTY_RECT
04-11 13:13:25.427 I/ActivityTaskManager( 3590): Displayed com.binance.monitor/.ui.main.MainActivity for user 0: +443ms
04-11 13:13:25.427 E/statsd  ( 2013): Gauge Stats puller failed for tag: 150134 at 931620840905501
04-11 13:13:25.427 I/statsd  ( 2013): An anomaly (104840000001) (48)0x10000->10512[I] (48)0x20000->com.binance.monitor[S] (48)0x30000->3[I]  has occurred! Informing subscribers.
04-11 13:13:25.427 D/CoreBackPreview( 3590):  return markWindowHasDrawn mComposed: false  mWaitTransition: false
04-11 13:13:25.427 I/UserAwareMgr( 3590): event is already released: SceneEvent{id=5007, maxWorkDurationMs=200, caller='[android]', eventFlags=256, fbPriority=1, keyThreads=[KeyThread{name=binder, owner=android, schedPolicy=ux, priority=HEAVY, maxThreadCount=16}], vipBinderGroup=null}, callingPid: 3590, appPid: 0
04-11 13:13:25.429 D/AdfrV32FrameRateUtils( 8338): animationVelocityCalculator: nullbounds: 0 0 1264 2780
04-11 13:13:25.429 D/AdfrV32FrameRateUtils( 8338): animationVelocityCalculator: nullbounds: 0 0 1264 2780
04-11 13:13:25.433 I/ostats_tpd(10330): stats_write, records atomId:100100, event_id:903, cpu:0, values: 903-0-1-213-(cpu-1-1-1)-28-0-1
04-11 13:13:25.433 I/ThermalEngine(10385): VIRTUAL-CPU-L-PID, Update received trip sensor cpu-1-1-1 92300
04-11 13:13:25.434 I/ostats_tpd(10330): stats_write, records atomId:100100, event_id:903, cpu:0, values: 903-0-1-213-(cpu-1-1-1)-28-0-1
04-11 13:13:25.436 I/InputDispatcher( 3590): updateFocusedWindow, da29052 com.binance.monitor/com.binance.monitor.ui.main.MainActivity on display 0, reason: Window became focusable. Previous reason: NOT_VISIBLE, result:   FocusedWindows:
04-11 13:13:25.436 I/InputDispatcher( 3590):     displayId=0, name='da29052 com.binance.monitor/com.binance.monitor.ui.main.MainActivity'
04-11 13:13:25.438 D/AdfrV32FrameRateUtils( 8338): animationVelocityCalculator: nullbounds: 0 0 1264 2780
04-11 13:13:25.438 D/AdfrV32FrameRateUtils( 8338): animationVelocityCalculator: nullbounds: 0 0 1264 2780
04-11 13:13:25.444 I/ThermalEngine(10385): ACTION: CPU - Setting CPU[6] to 5
04-11 13:13:25.446 D/AdfrV32FrameRateUtils( 8338): animationVelocityCalculator: nullbounds: 0 0 1264 2780
04-11 13:13:25.446 D/AdfrV32FrameRateUtils( 8338): animationVelocityCalculator: nullbounds: 0 0 1264 2780
04-11 13:13:25.454 D/AdfrV32FrameRateUtils( 8338): animationVelocityCalculator: nullbounds: 0 0 1264 2780
04-11 13:13:25.454 D/AdfrV32FrameRateUtils( 8338): animationVelocityCalculator: nullbounds: 0 0 1264 2780
04-11 13:13:25.455 I/ThermalEngine(10385): ACTION: CPU - Setting CPU[6] to 3
04-11 13:13:25.463 D/AdfrV32FrameRateUtils( 8338): animationVelocityCalculator: nullbounds: 0 0 1264 2780
04-11 13:13:25.463 D/AdfrV32FrameRateUtils( 8338): animationVelocityCalculator: nullbounds: 0 0 1264 2780
04-11 13:13:25.465 I/ThermalEngine(10385): ACTION: CPU - Setting CPU[6] to 5
04-11 13:13:25.471 D/AdfrV32FrameRateUtils( 8338): animationVelocityCalculator: nullbounds: 0 0 1264 2780
04-11 13:13:25.471 D/AdfrV32FrameRateUtils( 8338): animationVelocityCalculator: nullbounds: 0 0 1264 2780
04-11 13:13:25.475 I/ThermalEngine(10385): ACTION: CPU - Setting CPU[6] to 3
04-11 13:13:25.479 D/AdfrV32FrameRateUtils( 8338): animationVelocityCalculator: nullbounds: 0 0 1264 2780
04-11 13:13:25.479 D/AdfrV32FrameRateUtils( 8338): animationVelocityCalculator: nullbounds: 0 0 1264 2780
04-11 13:13:25.485 I/binance.monitor( 4478): Compiler allocated 7246KB to compile void android.view.ViewRootImpl.performTraversals()
04-11 13:13:25.485 I/ThermalEngine(10385): ACTION: CPU - Setting CPU[6] to 5
04-11 13:13:25.488 D/AdfrV32FrameRateUtils( 8338): animationVelocityCalculator: nullbounds: 0 0 1264 2780
04-11 13:13:25.488 D/AdfrV32FrameRateUtils( 8338): animationVelocityCalculator: nullbounds: 0 0 1264 2780
04-11 13:13:25.495 I/ThermalEngine(10385): ACTION: CPU - Setting CPU[6] to 3
04-11 13:13:25.496 D/AdfrV32FrameRateUtils( 8338): animationVelocityCalculator: nullbounds: 0 0 1264 2780
04-11 13:13:25.496 D/AdfrV32FrameRateUtils( 8338): animationVelocityCalculator: nullbounds: 0 0 1264 2780
04-11 13:13:25.504 D/AdfrV32FrameRateUtils( 8338): animationVelocityCalculator: nullbounds: 0 0 1264 2780
04-11 13:13:25.504 D/AdfrV32FrameRateUtils( 8338): animationVelocityCalculator: nullbounds: 0 0 1264 2780
04-11 13:13:25.506 I/ThermalEngine(10385): ACTION: CPU - Setting CPU[6] to 5
04-11 13:13:25.513 D/AdfrV32FrameRateUtils( 8338): animationVelocityCalculator: nullbounds: 0 0 1264 2780
04-11 13:13:25.513 D/AdfrV32FrameRateUtils( 8338): animationVelocityCalculator: nullbounds: 0 0 1264 2780
04-11 13:13:25.516 I/ThermalEngine(10385): ACTION: CPU - Setting CPU[6] to 4
04-11 13:13:25.521 D/AdfrV32FrameRateUtils( 8338): animationVelocityCalculator: nullbounds: 0 0 1264 2780
04-11 13:13:25.521 D/AdfrV32FrameRateUtils( 8338): animationVelocityCalculator: nullbounds: 0 0 1264 2780
04-11 13:13:25.529 D/AdfrV32FrameRateUtils( 8338): animationVelocityCalculator: nullbounds: 0 0 1264 2780
04-11 13:13:25.529 D/AdfrV32FrameRateUtils( 8338): animationVelocityCalculator: nullbounds: 0 0 1264 2780
04-11 13:13:25.537 D/AdfrV32FrameRateUtils( 8338): animationVelocityCalculator: nullbounds: 0 0 1264 2780
04-11 13:13:25.538 D/AdfrV32FrameRateUtils( 8338): animationVelocityCalculator: nullbounds: 0 0 1264 2780
04-11 13:13:25.546 D/AdfrV32FrameRateUtils( 8338): animationVelocityCalculator: nullbounds: 0 0 1264 2780
04-11 13:13:25.546 D/AdfrV32FrameRateUtils( 8338): animationVelocityCalculator: nullbounds: 0 0 1264 2780
04-11 13:13:25.554 D/AdfrV32FrameRateUtils( 8338): animationVelocityCalculator: nullbounds: 0 0 1264 2780
04-11 13:13:25.554 D/AdfrV32FrameRateUtils( 8338): animationVelocityCalculator: nullbounds: 0 0 1264 2780
04-11 13:13:25.563 D/AdfrV32FrameRateUtils( 8338): animationVelocityCalculator: nullbounds: 0 0 1264 2780
04-11 13:13:25.563 D/AdfrV32FrameRateUtils( 8338): animationVelocityCalculator: nullbounds: 0 0 1264 2780
04-11 13:13:25.571 D/AdfrV32FrameRateUtils( 8338): animationVelocityCalculator: nullbounds: 0 0 1264 2780
04-11 13:13:25.571 D/AdfrV32FrameRateUtils( 8338): animationVelocityCalculator: nullbounds: 0 0 1264 2780
04-11 13:13:25.579 D/AdfrV32FrameRateUtils( 8338): animationVelocityCalculator: nullbounds: 0 0 1264 2780
04-11 13:13:25.579 D/AdfrV32FrameRateUtils( 8338): animationVelocityCalculator: nullbounds: 0 0 1264 2780
04-11 13:13:25.587 I/ThermalEngine(10385): ACTION: CPU - Setting CPU[6] to 5
04-11 13:13:25.587 D/AdfrV32FrameRateUtils( 8338): animationVelocityCalculator: nullbounds: 0 0 1264 2780
04-11 13:13:25.588 D/AdfrV32FrameRateUtils( 8338): animationVelocityCalculator: nullbounds: 0 0 1264 2780
04-11 13:13:25.596 D/AdfrV32FrameRateUtils( 8338): animationVelocityCalculator: nullbounds: 0 0 1264 2780
04-11 13:13:25.596 D/AdfrV32FrameRateUtils( 8338): animationVelocityCalculator: nullbounds: 0 0 1264 2780
04-11 13:13:25.597 I/ThermalEngine(10385): ACTION: CPU - Setting CPU[6] to 4
04-11 13:13:25.604 D/AdfrV32FrameRateUtils( 8338): animationVelocityCalculator: nullbounds: 0 0 1264 2780
04-11 13:13:25.604 D/AdfrV32FrameRateUtils( 8338): animationVelocityCalculator: nullbounds: 0 0 1264 2780
04-11 13:13:25.612 D/AdfrV32FrameRateUtils( 8338): animationVelocityCalculator: nullbounds: 0 0 1264 2780
04-11 13:13:25.613 D/AdfrV32FrameRateUtils( 8338): animationVelocityCalculator: nullbounds: 0 0 1264 2780
04-11 13:13:25.621 D/AdfrV32FrameRateUtils( 8338): animationVelocityCalculator: nullbounds: 0 0 1264 2780
04-11 13:13:25.621 D/AdfrV32FrameRateUtils( 8338): animationVelocityCalculator: nullbounds: 0 0 1264 2780
04-11 13:13:25.627 I/ThermalEngine(10385): ACTION: CPU - Setting CPU[6] to 3
04-11 13:13:25.629 D/AdfrV32FrameRateUtils( 8338): animationVelocityCalculator: nullbounds: 0 0 1264 2780
04-11 13:13:25.629 D/AdfrV32FrameRateUtils( 8338): animationVelocityCalculator: nullbounds: 0 0 1264 2780
04-11 13:13:25.637 I/ThermalEngine(10385): ACTION: CPU - Setting CPU[6] to 4
04-11 13:13:25.637 D/AdfrV32FrameRateUtils( 8338): animationVelocityCalculator: nullbounds: 0 0 1264 2780
04-11 13:13:25.638 D/AdfrV32FrameRateUtils( 8338): animationVelocityCalculator: nullbounds: 0 0 1264 2780
04-11 13:13:25.646 D/AdfrV32FrameRateUtils( 8338): animationVelocityCalculator: nullbounds: 0 0 1264 2780
04-11 13:13:25.646 D/AdfrV32FrameRateUtils( 8338): animationVelocityCalculator: nullbounds: 0 0 1264 2780
04-11 13:13:25.648 I/ThermalEngine(10385): ACTION: CPU - Setting CPU[6] to 3
04-11 13:13:25.654 D/AdfrV32FrameRateUtils( 8338): animationVelocityCalculator: nullbounds: 0 0 1264 2780
04-11 13:13:25.654 D/AdfrV32FrameRateUtils( 8338): animationVelocityCalculator: nullbounds: 0 0 1264 2780
04-11 13:13:25.658 I/ThermalEngine(10385): ACTION: CPU - Setting CPU[6] to 4
04-11 13:13:25.662 D/AdfrV32FrameRateUtils( 8338): animationVelocityCalculator: nullbounds: 0 0 1264 2780
04-11 13:13:25.663 D/AdfrV32FrameRateUtils( 8338): set frameRate in trantion end, leash=Surface(name=Task=12626)/@0x93adbf1, transaction=android.view.SurfaceControl$Transaction@c85a9a9, precisionType=2, typeId=20101, typeEnable=false
04-11 13:13:25.663 D/AdfrV32FrameRateUtils( 8338): animationVelocityCalculator: nullbounds: 0 0 1264 2780
04-11 13:13:25.663 D/AdfrV32FrameRateUtils( 8338): set frameRate in trantion end, leash=Surface(name=Task=13178)/@0x7bfa798, transaction=android.view.SurfaceControl$Transaction@c85a9a9, precisionType=2, typeId=20101, typeEnable=false
04-11 13:13:25.663 D/OplusShellTransition( 8338): DefaultTransitionHandler#onAnimFinish=> transition=android.os.BinderProxy@952c07f, backAnimContinue=false
04-11 13:13:25.663 V/WindowManagerShell( 8338): Transition animation finished (aborted=false), notifying core (#27189) android.os.BinderProxy@952c07f@0
04-11 13:13:25.663 D/SplitScreen-->AppLockManager( 8338): setStartFromSafeControl mStartFromSafeControl=false
04-11 13:13:25.663 D/ShellTaskOrganizerExt( 8338): adjust change for exiting mini task: -1
04-11 13:13:25.664 D/Transition( 3590): finishTransition ar ActivityRecord{240062920 u0 com.tencent.mm/.ui.LauncherUI t12626}, isVisibleRequested=false, state=PAUSED, visibleAtTransitionEndTokens={ActivityRecord{242372485 u0 com.binance.monitor/.ui.main.MainActivity t13178}}, this=TransitionRecord{86916f id=27189 track=0 type=OPEN flags=0x0 state=2 c=[
04-11 13:13:25.664 D/Transition( 3590):    ChangeInfo{475ee7c container=Display{#0 state=ON size=1264x2780 ROTATION_0} flags=0x0}
04-11 13:13:25.664 D/Transition( 3590):    ChangeInfo{5cf96a9 container=Task{beb60b #13178 type=standard A=10512:com.binance.monitor} flags=0x10}
04-11 13:13:25.664 D/Transition( 3590):    ChangeInfo{900d42e container=Task{1abb46b #12626 type=standard A=10345:com.tencent.mm} flags=0x10}
04-11 13:13:25.664 D/Transition( 3590):    ChangeInfo{4c88305 container=DefaultTaskDisplayArea@136308155 flags=0x0}
04-11 13:13:25.664 D/Transition( 3590):    ChangeInfo{c297f5a container=ActivityRecord{240062920 u0 com.tencent.mm/.ui.LauncherUI t12626} flags=0x0}
04-11 13:13:25.664 D/Transition( 3590):    ChangeInfo{c14d58b container=ActivityRecord{242372485 u0 com.binance.monitor/.ui.main.MainActivity t13178} flags=0x0}
04-11 13:13:25.664 D/Transition( 3590): ]
04-11 13:13:25.664 D/Transition( 3590): }
04-11 13:13:25.664 D/WindowManager( 4478): Add to mViews: android.widget.FrameLayout{4a34642 V.E...... ......I. 0,0-0,0 #7f080210 app:id/rootFloating alpha=1.0 viewInfo = },pkg= null
04-11 13:13:25.664 D/ActivityTaskManager( 3590): commitVisibility: ActivityRecord{240062920 u0 com.tencent.mm/.ui.LauncherUI t12626}: visible=false visibleRequested=false, isInTransition=false 
04-11 13:13:25.664 D/WindowManager( 3590): NFW_setClientVisible:ActivityRecord{240062920 u0 com.tencent.mm/.ui.LauncherUI t12626} clientVisible:false
04-11 13:13:25.664 D/skia    ( 4478): setRusSupported enable 0
04-11 13:13:25.664 I/WindowManager( 3590): Window{e0de363 u0 com.tencent.mm/com.tencent.mm.ui.LauncherUI} state from HAS_DRAWN to DRAW_PENDING; reason: resetDrawState
04-11 13:13:25.664 I/JniHook ( 9059): println_native hooked: 0
04-11 13:13:25.664 D/VRI[LauncherUI]( 9059): dispatchAppVisibility visible:false mUpcomingWindowFocus:false
04-11 13:13:25.664 D/Transition( 3590): finishTransition ar ActivityRecord{242372485 u0 com.binance.monitor/.ui.main.MainActivity t13178}, isVisibleRequested=true, state=RESUMED, visibleAtTransitionEndTokens={ActivityRecord{242372485 u0 com.binance.monitor/.ui.main.MainActivity t13178}}, this=TransitionRecord{86916f id=27189 track=0 type=OPEN flags=0x0 state=2 c=[
04-11 13:13:25.664 D/Transition( 3590):    ChangeInfo{475ee7c container=Display{#0 state=ON size=1264x2780 ROTATION_0} flags=0x0}
04-11 13:13:25.664 D/Transition( 3590):    ChangeInfo{5cf96a9 container=Task{beb60b #13178 type=standard A=10512:com.binance.monitor} flags=0x10}
04-11 13:13:25.664 D/Transition( 3590):    ChangeInfo{900d42e container=Task{1abb46b #12626 type=standard A=10345:com.tencent.mm} flags=0x10}
04-11 13:13:25.664 D/Transition( 3590):    ChangeInfo{4c88305 container=DefaultTaskDisplayArea@136308155 flags=0x0}
04-11 13:13:25.664 D/Transition( 3590):    ChangeInfo{c297f5a container=ActivityRecord{240062920 u0 com.tencent.mm/.ui.LauncherUI t12626} flags=0x0}
04-11 13:13:25.664 D/Transition( 3590):    ChangeInfo{c14d58b container=ActivityRecord{242372485 u0 com.binance.monitor/.ui.main.MainActivity t13178} flags=0x0}
04-11 13:13:25.664 D/Transition( 3590): ]
04-11 13:13:25.664 D/Transition( 3590): }
04-11 13:13:25.664 I/OplusAppSwitchManagerService( 3590):  handleAppVisible , r = ActivityRecord{242372485 u0 com.binance.monitor/.ui.main.MainActivity t13178}
04-11 13:13:25.665 I/JniHook ( 9059): println_native hooked: 0
04-11 13:13:25.665 D/VRI[LauncherUI]( 9059): visibilityChanged oldVisibility=true newVisibility=false
04-11 13:13:25.665 D/OplusTransitionController( 3590): finishTransition, transition: TransitionRecord{86916f id=27189 track=0 type=OPEN flags=0x0 state=4 c=[
04-11 13:13:25.665 D/OplusTransitionController( 3590):    ChangeInfo{475ee7c container=Display{#0 state=ON size=1264x2780 ROTATION_0} flags=0x0}
04-11 13:13:25.665 D/OplusTransitionController( 3590):    ChangeInfo{5cf96a9 container=Task{beb60b #13178 type=standard A=10512:com.binance.monitor} flags=0x10}
04-11 13:13:25.665 D/OplusTransitionController( 3590):    ChangeInfo{900d42e container=Task{1abb46b #12626 type=standard A=10345:com.tencent.mm} flags=0x10}
04-11 13:13:25.665 D/OplusTransitionController( 3590):    ChangeInfo{4c88305 container=DefaultTaskDisplayArea@136308155 flags=0x0}
04-11 13:13:25.665 D/OplusTransitionController( 3590):    ChangeInfo{c297f5a container=ActivityRecord{240062920 u0 com.tencent.mm/.ui.LauncherUI t12626} flags=0x0}
04-11 13:13:25.665 D/OplusTransitionController( 3590):    ChangeInfo{c14d58b container=ActivityRecord{242372485 u0 com.binance.monitor/.ui.main.MainActivity t13178} flags=0x0}
04-11 13:13:25.665 D/OplusTransitionController( 3590): ]
04-11 13:13:25.665 D/OplusTransitionController( 3590): }
04-11 13:13:25.665 I/ThermalEngine(10385): VIRTUAL-CPU-L-PID, Update received trip sensor cpu-1-1-1 79500
04-11 13:13:25.665 D/FlexibleTaskTransitionController( 3590):  finishTransition pendingRecentToFlexibleTask:null,isRotationTransition:false ,pendingRecentToFlexible:null ,transition:TransitionRecord{86916f id=27189 track=0 type=OPEN flags=0x0 state=4 c=[
04-11 13:13:25.665 D/FlexibleTaskTransitionController( 3590):    ChangeInfo{475ee7c container=Display{#0 state=ON size=1264x2780 ROTATION_0} flags=0x0}
04-11 13:13:25.665 D/FlexibleTaskTransitionController( 3590):    ChangeInfo{5cf96a9 container=Task{beb60b #13178 type=standard A=10512:com.binance.monitor} flags=0x10}
04-11 13:13:25.665 D/FlexibleTaskTransitionController( 3590):    ChangeInfo{900d42e container=Task{1abb46b #12626 type=standard A=10345:com.tencent.mm} flags=0x10}
04-11 13:13:25.665 D/FlexibleTaskTransitionController( 3590):    ChangeInfo{4c88305 container=DefaultTaskDisplayArea@136308155 flags=0x0}
04-11 13:13:25.665 D/FlexibleTaskTransitionController( 3590):    ChangeInfo{c297f5a container=ActivityRecord{240062920 u0 com.tencent.mm/.ui.LauncherUI t12626} flags=0x0}
04-11 13:13:25.665 D/FlexibleTaskTransitionController( 3590):    ChangeInfo{c14d58b container=ActivityRecord{242372485 u0 com.binance.monitor/.ui.main.MainActivity t13178} flags=0x0}
04-11 13:13:25.665 D/FlexibleTaskTransitionController( 3590): ]
04-11 13:13:25.665 D/FlexibleTaskTransitionController( 3590): }
04-11 13:13:25.665 I/ThermalEngine(10385): ACTION: CPU - Setting CPU[6] to 0
04-11 13:13:25.665 D/RefreshRate( 3590): ***** request traversal for refresh rate change, reason is highTempRefreshRateChanged: false, windowRefreshRateChanged: true, flexibleWindowStateChanged: false, has float/zoom window *****
04-11 13:13:25.665 D/TransitionControllerExtImpl( 3590): NFW_send RECOMPUTE_FOCUS in finishTransition
04-11 13:13:25.665 D/WindowManager( 3590): NFW_findFocusedWindowIfNeeded:Window{da29052 u0 com.binance.monitor/com.binance.monitor.ui.main.MainActivity} mCurrentFocus:Window{da29052 u0 com.binance.monitor/com.binance.monitor.ui.main.MainActivity}
04-11 13:13:25.665 D/ShellTaskOrganizer( 8338): onTransitionFinish, isRecent:false
04-11 13:13:25.665 V/WindowManagerShell( 8338): Track 0 became idle
04-11 13:13:25.665 V/WindowManagerShell( 8338): All active transition animations finished
04-11 13:13:25.666 I/Quality-ScreenOnOffLogProcessor(15031): withInScreenOnOffRange mIsScreenOn:true refTime:1775884405148 mRecentScreenOnTime:1775878373956 mRecentScreenOffTime:1775878373425
04-11 13:13:25.666 E/CwbService( 2181): Panel not support apl read or getDisplayPanelAplValue timeout 10ms.
04-11 13:13:25.666 D/SensorFeature( 2258): name=ssc_screenshot_info ,index = 22
04-11 13:13:25.666 D/SensorFeature( 2258): write 39 bytes:931621061784512,931621070117845,37541,0
04-11 13:13:25.666 I/WindowManager( 3590): addWindow: New client android.os.BinderProxy@3703726 : window=Window{b690dbd u0 com.binance.monitor}
04-11 13:13:25.667 D/InsetsSourceProvider( 3590): updateSourceFrameForServerVisibility mandatorySystemGestures EMPTY_RECT
04-11 13:13:25.667 D/VRR [OPlusRefreshRateService]( 3590):  setDirectorStates [flag: 1, state: 0, directorStateOff: 0]
04-11 13:13:25.667 D/VRR [RefreshRateDirector]( 2399): updateState mState = 1
04-11 13:13:25.667 I/TaskOrganizerController( 3590): onTaskInfoChanged taskid 12626 config { mBounds=Rect(0, 0 - 1264, 2780) mAppBounds=Rect(0, 0 - 1264, 2780) mMaxBounds=Rect(0, 0 - 1264, 2780) mDisplayRotation=ROTATION_0 mWindowingMode=fullscreen mActivityType=standard mAlwaysOnTop=off mRotation=ROTATION_0}
04-11 13:13:25.667 D/OplusFlexibleDragToSplitAnimController( 3590): visibleFlexibleTaskInfos delete:12626
04-11 13:13:25.667 E/FlexibleWindowManagerService( 3590): notifyTaskObserverToAttachController not need to notify!
04-11 13:13:25.667 I/FlexibleWindowManagerService( 3590): onFlexibleWindowTaskInfoChanged, return for cur task not embedded
04-11 13:13:25.667 D/ShellTaskOrganizerExt( 8338): visibleFlexibleTaskInfos delete:12626
04-11 13:13:25.667 D/ShellTaskOrganizerExt( 8338): isOnCanvas size:0
04-11 13:13:25.667 D/ShellTaskOrganizerExt( 8338): isOnThreeFlexibleCanvas size:0
04-11 13:13:25.668 D/ViewRootImplExtImpl( 4478): onDisplayChanged -1 for VRI android.view.ViewRootImpl@4474c89
04-11 13:13:25.673 D/HWUI    ( 9059): RenderProxy::destroy: this=0x70bf310000, mContext=0x6fe3449840
04-11 13:13:25.673 D/HWUI    ( 9059): SkiaVulkanPipeline::setSurface: this=0x711c502ac0, surface=NULL
04-11 13:13:25.673 D/VRI[MainActivity]( 4478): onFocusEvent true
04-11 13:13:25.673 D/BufferQueueProducer( 9059): [VRI[LauncherUI]#1341(BLAST Consumer)1341](id:2363000006ab,api:1,p:9059,c:9059) disconnect: api 1
04-11 13:13:25.675 W/ForegroundServiceTypeLoggerModule( 3590): Foreground service start for UID: 10512 does not have any types
04-11 13:13:25.675 I/SystemUi--QuickSettings( 8338): OplusFgsManagerController-->onForegroundStateChanged: com.binance.monitor 0 true 1
04-11 13:13:25.676 I/ConferenceScene(14034): onForegroundServiceStateChanged 4478 10512 1 fg_stateMachinesuid is null
04-11 13:13:25.676 I/SystemUi--QuickSettings( 8338): OplusFgsManagerController-->onForegroundStateChanged numPackagesAfter: 2
04-11 13:13:25.676 I/SystemUi--QuickSettings( 8338): OplusSeparateQSPrivacyManager-->onNumberOfPackagesChanged numPackages 2
04-11 13:13:25.676 D/NotificationService--OplusNotificationFixHelper( 3590): fixAppIcon: pkg=com.binance.monitor
04-11 13:13:25.676 D/NotificationService--OplusNotificationFixHelper( 3590): fixAppIcon: appIcon = null, pkg = com.binance.monitor
04-11 13:13:25.677 D/Transition( 3590): finishTransaction-onCommitted syncId=27189
04-11 13:13:25.679 I/JniHook ( 9059): println_native hooked: 0
04-11 13:13:25.679 D/ViewRootImplExtImpl( 9059): wrapConfigInfoIntoFlags rotation=0, smallestScreenWidthDp=361, residentWS=false, scenario=0, bounds=Rect(0, 0 - 1264, 2780), relayoutAsync=false, flags=0, newFlags=1457532192, title=com.tencent.mm/com.tencent.mm.ui.LauncherUI
04-11 13:13:25.679 V/WindowManager( 3590): Relayout Window{e0de363 u0 com.tencent.mm/com.tencent.mm.ui.LauncherUI}: viewVisibility=8, oldvis=0, req=1264x2780 , apr = 0, vsysui=LAYOUT_STABLE LAYOUT_FULLSCREEN
04-11 13:13:25.679 D/InsetsSourceProvider( 3590): updateSourceFrameForServerVisibility mandatorySystemGestures EMPTY_RECT
04-11 13:13:25.679 D/InsetsSourceProvider( 3590): updateSourceFrameForServerVisibility mandatorySystemGestures EMPTY_RECT
04-11 13:13:25.680 D/WindowManager( 3590): NFW_findFocusedWindowIfNeeded:Window{da29052 u0 com.binance.monitor/com.binance.monitor.ui.main.MainActivity} mCurrentFocus:Window{da29052 u0 com.binance.monitor/com.binance.monitor.ui.main.MainActivity}
04-11 13:13:25.680 I/JniHook ( 9059): println_native hooked: 0
04-11 13:13:25.680 D/VRI[LauncherUI]( 9059): relayoutWindow result, sizeChanged:false, surfaceControlChanged:true, transformHintChanged:false, mSurfaceSize:Point(1264, 2780), mLastSurfaceSize:Point(1264, 2780), mWidth:1264, mHeight:2780, requestedWidth:1264, requestedHeight:2780, transformHint:0, installOrientation:0, displayRotation:0, isSurfaceValid:false, attr.flag:-2122252032, tmpFrames:ClientWindowFrames{frame=[0,0][1264,2780] display=[0,0][1264,2780] parentFrame=[0,0][0,0]}, relayoutAsync:false, mSyncSeqId:0
04-11 13:13:25.680 D/libc-netbsd( 4478): [oplusDnsOpenProxy]: __netdClientDispatch.connect errno = 111
04-11 13:13:25.680 D/libc-netbsd( 4478): [oplusDnsOpenProxy]: __netdClientDispatch.connect errno = 111
04-11 13:13:25.680 D/DNS_CACHE( 4478): oplus_oplus_getaddrinfo_proxy open dns proxy failed, use android flow: 10512
04-11 13:13:25.680 D/DNS_CACHE( 4478): oplus_oplus_getaddrinfo_proxy open dns proxy failed, use android flow: 10512
04-11 13:13:25.680 D/BLASTBufferQueue( 9059): [VRI[LauncherUI]#1341](f:0,a:1) destructor()
04-11 13:13:25.680 D/BufferQueueConsumer( 9059): [VRI[LauncherUI]#1341(BLAST Consumer)1341](id:2363000006ab,api:0,p:-1,c:9059) disconnect
04-11 13:13:25.681 I/ThermalEngine(10385): VIRTUAL-CPU-L-PID, Update received trip sensor cpu-1-1-1 92300
04-11 13:13:25.681 I/ostats_tpd(10330): stats_write, records atomId:100100, event_id:903, cpu:0, values: 903-0-1-213-(cpu-1-1-1)-28-0-1
04-11 13:13:25.681 I/ostats_tpd(10330): stats_write, records atomId:100100, event_id:903, cpu:0, values: 903-0-1-10614-(cpu-1-1-1)-28-0-1
04-11 13:13:25.683 I/GoLog   (18198): from udp:127.0.0.1:48973 accepted udp:114.114.114.114:53 [socks -> dns-out]
04-11 13:13:25.684 I/GoLog   (18198): from udp:127.0.0.1:51924 accepted udp:114.114.114.114:53 [socks -> dns-out]
04-11 13:13:25.688 I/Choreographer( 4478): Skipped 37 frames!  The application may be doing too much work on its main thread.
04-11 13:13:25.695 E/OplusBracketLog( 4478): [OplusViewMirrorManager] updateHostViewRootIfNeeded, not support android.view.ViewRootImpl@4474c89
04-11 13:13:25.695 D/WindowOnBackDispatcher( 4478):  predictive settings is disabled for com.binance.monitor
04-11 13:13:25.695 D/WindowOnBackDispatcher( 4478):  predictive settings is disabled for com.binance.monitor
04-11 13:13:25.695 D/CoreBackPreview( 3590): Window{b690dbd u0 com.binance.monitor}: Setting back callback OnBackInvokedCallbackInfo{mCallback=android.window.IOnBackInvokedCallback$Stub$Proxy@7cab5d6, mPriority=0, mIsAnimationCallback=false, mOverrideBehavior=0}
04-11 13:13:25.696 I/sensors-hal( 2113): handle_oplus_wise_rgb_event:189, high_pwm_light:lux 106.2,cct 5671.4,brl/algo/ir 1309.0/2.0/61.3,pwm/dc 0.0/0.0,rgbc 5106.588379/3443.235352/2160.431396/9551.738281,ts 931621055027741,cnt 14020,flag 37541
04-11 13:13:25.696 V/WindowManager( 3590): Relayout Window{b690dbd u0 com.binance.monitor}: viewVisibility=0, oldvis=0, req=315x422 , apr = 0, vsysui=, x=42, y=420
04-11 13:13:25.696 I/WindowManager( 3590): Window{b690dbd u0 com.binance.monitor} state from NO_SURFACE to DRAW_PENDING; reason: resetDrawState
04-11 13:13:25.696 I/sensors-hal( 2113): handle_oplus_wise_rgb_event:161, wise_rgb: (14021)(cct, lux, ir)[5671.38, 106.20, 61.259586] (r, g, b, c)[5129.84, 3454.97, 2163.37, 9557.95]                 (pwm, hbm, brl, algo)[0.0 0.0 1309.0 2.0], flag 37541
04-11 13:13:25.697 D/InsetsSourceProvider( 3590): updateSourceFrameForServerVisibility mandatorySystemGestures EMPTY_RECT
04-11 13:13:25.697 D/InsetsSourceProvider( 3590): updateSourceFrameForServerVisibility mandatorySystemGestures EMPTY_RECT
04-11 13:13:25.697 D/WindowManager( 3590): NFW_findFocusedWindowIfNeeded:Window{da29052 u0 com.binance.monitor/com.binance.monitor.ui.main.MainActivity} mCurrentFocus:Window{da29052 u0 com.binance.monitor/com.binance.monitor.ui.main.MainActivity}
04-11 13:13:25.698 D/BufferQueueConsumer( 4478): [](id:117e00000001,api:0,p:-1,c:4478) connect: controlledByApp=false
04-11 13:13:25.698 D/BufferQueueConsumer( 4478): [VRI[]#1(BLAST Consumer)1](id:117e00000001,api:0,p:-1,c:4478) setMaxAcquiredBufferCount: 2
04-11 13:13:25.698 D/BufferQueueProducer( 4478): [VRI[]#1(BLAST Consumer)1](id:117e00000001,api:1,p:4478,c:4478) connect: api=1 producerControlledByApp=true
04-11 13:13:25.699 I/SurfaceControl( 4478):  setExtendedRangeBrightness sc=Surface(name=)/@0xc04aefa,currentBufferRatio=1.0,desiredRatio=1.0
04-11 13:13:25.700 D/BLASTBufferQueue( 4478): [VRI[]#1](f:0,a:1) acquireNextBufferLocked size=315x422 mFrameNumber=1 applyTransaction=true mTimestamp=883765075135784(auto) mPendingTransactions.size=0 graphicBufferId=19232863551493 transform=0
04-11 13:13:25.701 D/VRI[]   ( 4478): Received frameCommittedCallback lastAttemptedDrawFrameNum=1 didProduceBuffer=true syncBuffer=false
04-11 13:13:25.701 D/VRI[]   ( 4478): draw finished. seqId=0
04-11 13:13:25.701 I/WindowManager( 3590): Window{b690dbd u0 com.binance.monitor} state from DRAW_PENDING to COMMIT_DRAW_PENDING; reason: finishDrawingLocked
04-11 13:13:25.701 D/InsetsSourceProvider( 3590): updateSourceFrameForServerVisibility mandatorySystemGestures EMPTY_RECT
04-11 13:13:25.701 W/VRI[MainActivity]( 4478): handleResized, msg:, frameChanged:false, configChanged:false, displayChanged:false, attachedFrameChanged:false, compatScaleChanged:false, pendingDragResizing=false
04-11 13:13:25.701 D/InsetsSourceProvider( 3590): updateSourceFrameForServerVisibility mandatorySystemGestures EMPTY_RECT
04-11 13:13:25.701 I/WindowManager( 3590): Window{b690dbd u0 com.binance.monitor} state from COMMIT_DRAW_PENDING to READY_TO_SHOW; reason: commitFinishDrawingLocked
04-11 13:13:25.701 I/WindowManager( 3590): Window{b690dbd u0 com.binance.monitor} state from READY_TO_SHOW to HAS_DRAWN; reason: performShowLocked
04-11 13:13:25.701 I/DynamicFramerate [FRTCConfigManager]( 4478): initFrameRateConfig: 
04-11 13:13:25.701 I/DynamicFramerate [FRTCConfigManager]( 4478): 	levelsFor120hz: [120, 90, 72, 60]
04-11 13:13:25.701 I/DynamicFramerate [FRTCConfigManager]( 4478): 	thresholdsFor120hz: [1080, 300, 200]
04-11 13:13:25.701 I/DynamicFramerate [FRTCConfigManager]( 4478): 	levelsFor90hz: [90]
04-11 13:13:25.701 I/DynamicFramerate [FRTCConfigManager]( 4478): 	thresholdsFor90hz: []
04-11 13:13:25.701 I/DynamicFramerate [FRTCConfigManager]( 4478): FRTCConfigManager: FRTC_CAPABILITY = 360, package name = com.binance.monitor, WINDOW_ANIMATION_SPEED_RATE = 10, SCROLL_ANIMATION_SPEED_RATE = 20, PACKAGE_ENABLE = false
04-11 13:13:25.701 I/DynamicFramerate [DynamicFrameRateController]( 4478): init info: mPackageName = com.binance.monitor, mIsEnabled = false
04-11 13:13:25.702 I/UserAwareMgr( 3590): handleFgAppChanged, pkgName: com.binance.monitor, pid: 4478, isVisible: true, fgAppType: FG2
04-11 13:13:25.702 I/UserAwareMgr( 3590): fg app status not changed, beforeVisible: true, currentVisible: true
