04-11 13:13:28.003 D/FlexibleTaskTransitionHandler( 8338):  OplusTransitionExtendedInfo{mTmpFinishT=null, mInOplusCompatMode=false, mIsProcessRunning=false, mHasMismatchBoundsTarget=false, mRecentsController=null, mRemoteTransition=null, mIsTranslucentActivityToHome=false, mAvoidInterceptKeyEventToHome=false, mIsFromHome=false, mParentLeash=null, mBackAnimClosingLeash=null, mIsOplusAnimRes=false, mKeepBgForContinuous=false, mIsBalAllow=false, mTaskNotInRecent=false, mIsPredictiveBackAnim=false, mIsMergedWithPredictive=false, mIsLaunchFromSpruce=false, mIsLaunchFromDrive=false, mGlobalSearchPageSwitch=false, mNeedNoAlphaGlobalSearchScene=false, mAssistScreenShowing=false, mSwipeUpBrowserScreenShowing=false, mUserIdTransition=-1
04-11 13:13:28.003 D/FlexibleTaskTransitionHandler( 8338): , mInRemoteScene=false, mInPreReady=false, mPreStart=false, mToken=null, mAbortByRemoteFromHome=false, mShellApplyToken=null, mRequestTransitionTaskId=13178, mAbortTransitionOnShell=0, mStartFromShortcut=false, mRemovedTaskId=-1, mTransitionInterruptType=0, mMergeSecondTaskId=-1, mTaskIdStartFromRecents=0, mTransitionId=27190, mCanUseSpringSlideAnim=false, mTransitionLaunchFrom=0, mFoldChangeType=-1, mAnimStartingPosition=[0, 0, 0, 0], mIsOpeningStkDialogActivity=false, mSecondaryHomeToFrontWhenUnFolding=false, mIsNeedApplyStartTForEmbedded=false
04-11 13:13:28.003 D/FlexibleTaskTransitionHandler( 8338): , mNeedCanvasExitAnim=false, mMergeSecondTaskAnimation=false, mIsLaunchUnityStart=false, mIsLaunchFromAssistantByDefault=false, mSkipRemoteTransitionfalse, mIsStartFromKeyguard=false flags=0x0, mWCT=null, mIsOpenMergeToInValidPredictive=false, mPromoteTaskWhenKeyguard-1, mRootLayerZOrderArray={}}]}
04-11 13:13:28.003 D/FlexibleTaskTransitionHandler( 8338):  no need handler this transitionInfo: {id=27190 t=OPEN f=0x0 trk=0 r=[0@Point(0, 0)] c=[{m=OPEN f=FILLS_TASK leash=Surface(name=ActivityRecord{202873532 u0 com.binance.monitor/.ui.account.AccountStatsBridgeActivity t13178})/@0xe97a840 sb=Rect(0, 0 - 0, 0) eb=Rect(0, 0 - 1264, 2780) epz=Point(1264, 2780) d=-1->0 r=-1->0:-1 component=com.binance.monitor/.ui.account.AccountStatsBridgeActivity opt={t=CUSTOM enterResId=0 changeResId=0 exitResId=0 mUserId=0}},{m=TO_BACK f=FILLS_TASK leash=Surface(name=ActivityRecord{242372485 u0 com.binance.monitor/.ui.main.MainActivity t13178})/@0xd565379 sb=Rect(0, 0 - 1264, 2780) eb=Rect(0, 0 - 1264, 2780) epz=Point(1264, 2780) d=0 component=com.binance.monitor/.ui.main.MainActivity opt={t=CUSTOM enterResId=0 changeResId=0 exitResId=0 mUserId=0}}] 
04-11 13:13:28.003 D/FlexibleTaskTransitionHandler( 8338): extendInfo=[
04-11 13:13:28.003 D/FlexibleTaskTransitionHandler( 8338):  OplusTransitionExtendedInfo{mTmpFinishT=null, mInOplusCompatMode=false, mIsProcessRunning=false, mHasMismatchBoundsTarget=false, mRecentsController=null, mRemoteTransition=null, mIsTranslucentActivityToHome=false, mAvoidInterceptKeyEventToHome=false, mIsFromHome=false, mParentLeash=null, mBackAnimClosingLeash=null, mIsOplusAnimRes=false, mKeepBgForContinuous=false, mIsBalAllow=false, mTaskNotInRecent=false, mIsPredictiveBackAnim=false, mIsMergedWithPredictive=false, mIsLaunchFromSpruce=false, mIsLaunchFromDrive=false, mGlobalSearchPageSwitch=false, mNeedNoAlphaGlobalSearchScene=false, mAssistScreenShowing=false, mSwipeUpBrowserScreenShowing=false, mUserIdTransition=-1
04-11 13:13:28.003 D/FlexibleTaskTransitionHandler( 8338): , mInRemoteScene=false, mInPreReady=false, mPreStart=false, mToken=null, mAbortByRemoteFromHome=false, mShellApplyToken=null, mRequestTransitionTaskId=13178, mAbortTransitionOnShell=0, mStartFromShortcut=false, mRemovedTaskId=-1, mTransitionInterruptType=0, mMergeSecondTaskId=-1, mTaskIdStartFromRecents=0, mTransitionId=27190, mCanUseSpringSlideAnim=false, mTransitionLaunchFrom=0, mFoldChangeType=-1, mAnimStartingPosition=[0, 0, 0, 0], mIsOpeningStkDialogActivity=false, mSecondaryHomeToFrontWhenUnFolding=false, mIsNeedApplyStartTForEmbedded=false
04-11 13:13:28.003 D/FlexibleTaskTransitionHandler( 8338): , mNeedCanvasExitAnim=false, mMergeSecondTaskAnimation=false, mIsLaunchUnityStart=false, mIsLaunchFromAssistantByDefault=false, mSkipRemoteTransitionfalse, mIsStartFromKeyguard=false flags=0x0, mWCT=null, mIsOpenMergeToInValidPredictive=false, mPromoteTaskWhenKeyguard-1, mRootLayerZOrderArray={}}]}
04-11 13:13:28.003 V/WindowManagerShell( 8338): Transition doesn't have explicit remote, search filters for match for {id=27190 t=OPEN f=0x0 trk=0 r=[0@Point(0, 0)] c=[{m=OPEN f=FILLS_TASK leash=Surface(name=ActivityRecord{202873532 u0 com.binance.monitor/.ui.account.AccountStatsBridgeActivity t13178})/@0xe97a840 sb=Rect(0, 0 - 0, 0) eb=Rect(0, 0 - 1264, 2780) epz=Point(1264, 2780) d=-1->0 r=-1->0:-1 component=com.binance.monitor/.ui.account.AccountStatsBridgeActivity opt={t=CUSTOM enterResId=0 changeResId=0 exitResId=0 mUserId=0}},{m=TO_BACK f=FILLS_TASK leash=Surface(name=ActivityRecord{242372485 u0 com.binance.monitor/.ui.main.MainActivity t13178})/@0xd565379 sb=Rect(0, 0 - 1264, 2780) eb=Rect(0, 0 - 1264, 2780) epz=Point(1264, 2780) d=0 component=com.binance.monitor/.ui.main.MainActivity opt={t=CUSTOM enterResId=0 changeResId=0 exitResId=0 mUserId=0}}] 
04-11 13:13:28.003 V/WindowManagerShell( 8338): extendInfo=[
04-11 13:13:28.003 V/WindowManagerShell( 8338):  OplusTransitionExtendedInfo{mTmpFinishT=null, mInOplusCompatMode=false, mIsProcessRunning=false, mHasMismatchBoundsTarget=false, mRecentsController=null, mRemoteTransition=null, mIsTranslucentActivityToHome=false, mAvoidInterceptKeyEventToHome=false, mIsFromHome=false, mParentLeash=null, mBackAnimClosingLeash=null, mIsOplusAnimRes=false, mKeepBgForContinuous=false, mIsBalAllow=false, mTaskNotInRecent=false, mIsPredictiveBackAnim=false, mIsMergedWithPredictive=false, mIsLaunchFromSpruce=false, mIsLaunchFromDrive=false, mGlobalSearchPageSwitch=false, mNeedNoAlphaGlobalSearchScene=false, mAssistScreenShowing=false, mSwipeUpBrowserScreenShowing=false, mUserIdTransition=-1
04-11 13:13:28.003 V/WindowManagerShell( 8338): , mInRemoteScene=false, mInPreReady=false, mPreStart=false, mToken=null, mAbortByRemoteFromHome=false, mShellApplyToken=null, mRequestTransitionTaskId=13178, mAbortTransitionOnShell=0, mStartFromShortcut=false, mRemovedTaskId=-1, mTransitionInterruptType=0, mMergeSecondTaskId=-1, mTaskIdStartFromRecents=0, mTransitionId=27190, mCanUseSpringSlideAnim=false, mTransitionLaunchFrom=0, mFoldChangeType=-1, mAnimStartingPosition=[0, 0, 0, 0], mIsOpeningStkDialogActivity=false, mSecondaryHomeToFrontWhenUnFolding=false, mIsNeedApplyStartTForEmbedded=false
04-11 13:13:28.003 V/WindowManagerShell( 8338): , mNeedCanvasExitAnim=false, mMergeSecondTaskAnimation=false, mIsLaunchUnityStart=false, mIsLaunchFromAssistantByDefault=false, mSkipRemoteTransitionfalse, mIsStartFromKeyguard=false flags=0x0, mWCT=null, mIsOpenMergeToInValidPredictive=false, mPromoteTaskWhenKeyguard-1, mRootLayerZOrderArray={}}]}
04-11 13:13:28.003 V/WindowManager( 3590): Sent Transition (#27190) createdAt=04-11 13:13:27.531 via request=TransitionRequestInfo { type = OPEN, triggerTask = TaskInfo{userId=0 taskId=13178 effectiveUid=10512 displayId=0 isRunning=true baseIntent=Intent { flg=0x10000000 cmp=com.binance.monitor/.ui.main.MainActivity mCallingUid=2000 } baseActivity=ComponentInfo{com.binance.monitor/com.binance.monitor.ui.main.MainActivity} topActivity=ComponentInfo{com.binance.monitor/com.binance.monitor.ui.account.AccountStatsBridgeActivity} origActivity=null realActivity=ComponentInfo{com.binance.monitor/com.binance.monitor.ui.main.MainActivity}
04-11 13:13:28.003 V/WindowManager( 3590):  numActivities=2 lastActiveTime=931622947 supportsSplitScreenMultiWindow=true supportsMultiWindow=true supportsPocketStudioMultiWindow=true isInFlexibleEmbedded = false uid = 10512 pid = 0 resizeMode=1 isResizeable=true minWidth=-1 minHeight=-1 defaultMinSize=220 token=WCT{RemoteToken{5ca053a Task{beb60b #13178 type=standard A=10512:com.binance.monitor}}} topActivityType=1 pictureInPictureParams=null shouldDockBigOverlays=false launchIntoPipHostTaskId=-1 lastParentTaskIdBeforePip=-1 displayCutoutSafeInsets=Rect(0, 0 - 0, 0)
04-11 13:13:28.003 V/WindowManager( 3590):  topActivityInfo=ActivityInfo{831f8fa com.binance.monitor.ui.account.AccountStatsBridgeActivity} launchCookies=[] positionInParent=Point(0, 0) parentTaskId=-1 isFocused=true isVisible=true isVisibleRequested=true isTopActivityNoDisplay=false isSleeping=false locusId=null displayAreaFeatureId=1 isTopActivityTransparent=false isActivityStackTransparent=false lastNonFullscreenBounds=Rect(330, 828 - 935, 2092) capturedLink=null capturedLinkTimestamp=0 requestedVisibleTypes=-9 topActivityRequestOpenInBrowserEducationTimestamp=0
04-11 13:13:28.003 V/WindowManager( 3590):  appCompatTaskInfo=AppCompatTaskInfo { topActivityInSizeCompat=false topActivityInOplusCompatMode=false eligibleForLetterboxEducation= false isLetterboxEducationEnabled= false isLetterboxDoubleTapEnabled= false eligibleForUserAspectRatioButton= false topActivityBoundsLetterboxed= false isFromLetterboxDoubleTap= false topActivityLetterboxVerticalPosition= -1 topActivityLetterboxHorizontalPosition= -1 topActivityLetterboxWidth=-1 topActivityLetterboxHeight=-1 topActivityAppBounds=Rect(0, 140 - 1264, 2780) isUserFullscreenOverrideEnabled=false isSystemFullscreenOverrideEnabled=false hasMinAspectRatioOverride=false topActivityLetterboxBounds=null cameraCompatTaskInfo=CameraCompatTaskInfo { freeformCameraCompatMode=inactive}} topActivityMainWindowFrame=null topActivityLetterboxInsets=Rect(0, 0 - 0, 0)
04-11 13:13:28.003 V/WindowManager( 3590):  mOplusExtraBundle = Bundle[{androidx.flexible.taskFrame=Rect(0, 0 - 0, 0), topOpaqueSystemBarsAppearance=0, androidx.flexible.Alpha=1.0, androidx.activity.task.attach.blur=0, androidx.activity.LaunchInsensible=0, androidx.activity.LaunchCornerRadius=0, key_flexible_task_state=0, topActivitySupportAppInnerSplit=false, key_flexible_task_animating_type=-1, key_flexible_task_root_activity_processname=com.binance.monitor, androidx.activity.LaunchScenario=0, is_oplus_clone_task=false, flexible_super_mini_state=false, topRunningActivityHash=202873532, androidx.activity.LaunchScale=1.0, androidx.activity.LaunchShadowRadius=0, is_transient_hide_for_task_info=false, key_flexible_task_root_activity_pid=4478, key_flexible_task_root_activity_uid=10512}]}, pipChange = null, remoteTransition = null, displayChange = null, flags = 0, debugId = 27190 }
04-11 13:13:28.003 V/WindowManager( 3590):     startWCT=WindowContainerTransaction { changes= {} hops= [] errorCallbackToken=null taskFragmentOrganizer=null }
04-11 13:13:28.003 V/WindowManagerShell( 8338):  Checking filter Pair{{types=[] flags=0x0] notFlags=0x100 checks=[{atype=home independent=true modes=[OPEN,TO_FRONT] flags=NONE mustBeTask=false order=TOP topActivity=ComponentInfo{com.android.launcher/com.android.launcher.Launcher} launchCookie=null windowingMode=undefined},{atype=standard independent=true modes=[CLOSE,TO_BACK] flags=NONE mustBeTask=false order=ANY topActivity=null launchCookie=null windowingMode=undefined}]} RemoteTransition { remoteTransition = android.window.IRemoteTransition$Stub$Proxy@a5bfc11, appThread = android.app.IApplicationThread$Stub$Proxy@61db176, debugName = QuickstepLaunchHome }}
04-11 13:13:28.003 V/WindowManagerShell( 8338):  Delegate animation for (#27190) to null
04-11 13:13:28.003 V/WindowManager( 3590):     info={id=27190 t=OPEN f=0x0 trk=0 r=[0@Point(0, 0)] c=[
04-11 13:13:28.003 V/WindowManager( 3590):         {m=OPEN f=FILLS_TASK leash=Surface(name=ActivityRecord{202873532 u0 com.binance.monitor/.ui.account.AccountStatsBridgeActivity t13178})/@0x3bed569 sb=Rect(0, 0 - 0, 0) eb=Rect(0, 0 - 1264, 2780) epz=Point(1264, 2780) d=-1->0 r=-1->0:-1 component=com.binance.monitor/.ui.account.AccountStatsBridgeActivity opt={t=CUSTOM enterResId=0 changeResId=0 exitResId=0 mUserId=0}},
04-11 13:13:28.003 V/WindowManager( 3590):         {m=TO_BACK f=FILLS_TASK leash=Surface(name=ActivityRecord{242372485 u0 com.binance.monitor/.ui.main.MainActivity t13178})/@0x57d0bee sb=Rect(0, 0 - 1264, 2780) eb=Rect(0, 0 - 1264, 2780) epz=Point(1264, 2780) d=0 component=com.binance.monitor/.ui.main.MainActivity opt={t=CUSTOM enterResId=0 changeResId=0 exitResId=0 mUserId=0}}
04-11 13:13:28.003 V/WindowManager( 3590):     ] 
04-11 13:13:28.003 V/WindowManager( 3590): extendInfo=[
04-11 13:13:28.003 V/WindowManager( 3590):  OplusTransitionExtendedInfo{mTmpFinishT=null, mInOplusCompatMode=false, mIsProcessRunning=false, mHasMismatchBoundsTarget=false, mRecentsController=null, mRemoteTransition=null, mIsTranslucentActivityToHome=false, mAvoidInterceptKeyEventToHome=false, mIsFromHome=false, mParentLeash=null, mBackAnimClosingLeash=null, mIsOplusAnimRes=false, mKeepBgForContinuous=false, mIsBalAllow=false, mTaskNotInRecent=false, mIsPredictiveBackAnim=false, mIsMergedWithPredictive=false, mIsLaunchFromSpruce=false, mIsLaunchFromDrive=false, mGlobalSearchPageSwitch=false, mNeedNoAlphaGlobalSearchScene=false, mAssistScreenShowing=false, mSwipeUpBrowserScreenShowing=false, mUserIdTransition=-1
04-11 13:13:28.003 V/WindowManager( 3590): , mInRemoteScene=false, mInPreReady=false, mPreStart=false, mToken=null, mAbortByRemoteFromHome=false, mShellApplyToken=null, mRequestTransitionTaskId=13178, mAbortTransitionOnShell=0, mStartFromShortcut=false, mRemovedTaskId=-1, mTransitionInterruptType=0, mMergeSecondTaskId=-1, mTaskIdStartFromRecents=0, mTransitionId=27190, mCanUseSpringSlideAnim=false, mTransitionLaunchFrom=0, mFoldChangeType=-1, mAnimStartingPosition=[0, 0, 0, 0], mIsOpeningStkDialogActivity=false, mSecondaryHomeToFrontWhenUnFolding=false, mIsNeedApplyStartTForEmbedded=false
04-11 13:13:28.003 V/WindowManager( 3590): , mNeedCanvasExitAnim=false, mMergeSecondTaskAnimation=false, mIsLaunchUnityStart=false, mIsLaunchFromAssistantByDefault=false, mSkipRemoteTransitionfalse, mIsStartFromKeyguard=false flags=0x0, mWCT=null, mIsOpenMergeToInValidPredictive=false, mPromoteTaskWhenKeyguard-1, mRootLayerZOrderArray={}}]}
04-11 13:13:28.003 V/WindowManagerShell( 8338): start default transition animation, info = {id=27190 t=OPEN f=0x0 trk=0 r=[0@Point(0, 0)] c=[{m=OPEN f=FILLS_TASK leash=Surface(name=ActivityRecord{202873532 u0 com.binance.monitor/.ui.account.AccountStatsBridgeActivity t13178})/@0xe97a840 sb=Rect(0, 0 - 0, 0) eb=Rect(0, 0 - 1264, 2780) epz=Point(1264, 2780) d=-1->0 r=-1->0:-1 component=com.binance.monitor/.ui.account.AccountStatsBridgeActivity opt={t=CUSTOM enterResId=0 changeResId=0 exitResId=0 mUserId=0}},{m=TO_BACK f=FILLS_TASK leash=Surface(name=ActivityRecord{242372485 u0 com.binance.monitor/.ui.main.MainActivity t13178})/@0xd565379 sb=Rect(0, 0 - 1264, 2780) eb=Rect(0, 0 - 1264, 2780) epz=Point(1264, 2780) d=0 component=com.binance.monitor/.ui.main.MainActivity opt={t=CUSTOM enterResId=0 changeResId=0 exitResId=0 mUserId=0}}] 
04-11 13:13:28.003 V/WindowManagerShell( 8338): extendInfo=[
04-11 13:13:28.003 V/WindowManagerShell( 8338):  OplusTransitionExtendedInfo{mTmpFinishT=null, mInOplusCompatMode=false, mIsProcessRunning=false, mHasMismatchBoundsTarget=false, mRecentsController=null, mRemoteTransition=null, mIsTranslucentActivityToHome=false, mAvoidInterceptKeyEventToHome=false, mIsFromHome=false, mParentLeash=null, mBackAnimClosingLeash=null, mIsOplusAnimRes=false, mKeepBgForContinuous=false, mIsBalAllow=false, mTaskNotInRecent=false, mIsPredictiveBackAnim=false, mIsMergedWithPredictive=false, mIsLaunchFromSpruce=false, mIsLaunchFromDrive=false, mGlobalSearchPageSwitch=false, mNeedNoAlphaGlobalSearchScene=false, mAssistScreenShowing=false, mSwipeUpBrowserScreenShowing=false, mUserIdTransition=-1
04-11 13:13:28.003 V/WindowManagerShell( 8338): , mInRemoteScene=false, mInPreReady=false, mPreStart=false, mToken=null, mAbortByRemoteFromHome=false, mShellApplyToken=null, mRequestTransitionTaskId=13178, mAbortTransitionOnShell=0, mStartFromShortcut=false, mRemovedTaskId=-1, mTransitionInterruptType=0, mMergeSecondTaskId=-1, mTaskIdStartFromRecents=0, mTransitionId=27190, mCanUseSpringSlideAnim=false, mTransitionLaunchFrom=0, mFoldChangeType=-1, mAnimStartingPosition=[0, 0, 0, 0], mIsOpeningStkDialogActivity=false, mSecondaryHomeToFrontWhenUnFolding=false, mIsNeedApplyStartTForEmbedded=false
04-11 13:13:28.003 V/WindowManagerShell( 8338): , mNeedCanvasExitAnim=false, mMergeSecondTaskAnimation=false, mIsLaunchUnityStart=false, mIsLaunchFromAssistantByDefault=false, mSkipRemoteTransitionfalse, mIsStartFromKeyguard=false flags=0x0, mWCT=null, mIsOpenMergeToInValidPredictive=false, mPromoteTaskWhenKeyguard-1, mRootLayerZOrderArray={}}]}
04-11 13:13:28.003 D/FSS_OplusFoldSwitchStateObserver( 8338): cancelAnimationIfNeedWhenFolding: foldChangeType = -1
04-11 13:13:28.003 D/OplusShellTransition( 8338): canCustomizeAppTransition, isGlobalSearchPageSwitch = false, swipeUpBrowserPageSwitch = false, onlyHasTranslucentActivity = false, pkgName = com.binance.monitor
04-11 13:13:28.003 D/OplusShellTransition( 8338): This page has its own override animation, enterResId = 0, closeResId = 0, pkgName = com.binance.monitor
04-11 13:13:28.003 D/OplusShellTransition( 8338): checkAndLoadCustomAnimation packageName =:com.binance.monitor,transit =:1,enter =:false,animResId =:0
04-11 13:13:28.003 D/OplusShellTransition( 8338): canCustomizeAppTransition, isGlobalSearchPageSwitch = false, swipeUpBrowserPageSwitch = false, onlyHasTranslucentActivity = false, pkgName = com.binance.monitor
04-11 13:13:28.003 D/OplusShellTransition( 8338): This page has its own override animation, enterResId = 0, closeResId = 0, pkgName = com.binance.monitor
04-11 13:13:28.003 D/OplusShellTransition( 8338): checkAndLoadCustomAnimation packageName =:com.binance.monitor,transit =:1,enter =:true,animResId =:0
04-11 13:13:28.003 D/OplusShellTransition( 8338): addBackgroundColorOnTask, , isTaskLevelTransition = false, hasBgAlready = false
04-11 13:13:28.004 D/OplusShellTransition( 8338): DefaultTransitionHandler#onAnimFinish=> transition=android.os.BinderProxy@18a6c7d, backAnimContinue=false
04-11 13:13:28.004 D/SurfaceComposerClient( 3590): Transaction::apply InputWindowCommands.focusRequests timestamp=883767364211043, windowName=4d52aec com.binance.monitor/com.binance.monitor.ui.account.AccountStatsBridgeActivity
04-11 13:13:28.004 V/WindowManagerShell( 8338): Transition animation finished (aborted=false), notifying core (#27190) android.os.BinderProxy@18a6c7d@0
04-11 13:13:28.004 D/SplitScreen-->AppLockManager( 8338): setStartFromSafeControl mStartFromSafeControl=false
04-11 13:13:28.004 D/ShellTaskOrganizerExt( 8338): adjust change for exiting mini task: -1
04-11 13:13:28.005 D/Transition( 3590): finishTransition ar ActivityRecord{202873532 u0 com.binance.monitor/.ui.account.AccountStatsBridgeActivity t13178}, isVisibleRequested=true, state=RESUMED, visibleAtTransitionEndTokens={ActivityRecord{202873532 u0 com.binance.monitor/.ui.account.AccountStatsBridgeActivity t13178}}, this=TransitionRecord{27f5eab id=27190 track=0 type=OPEN flags=0x0 state=2 c=[
04-11 13:13:28.005 D/Transition( 3590):    ChangeInfo{2559908 container=Display{#0 state=ON size=1264x2780 ROTATION_0} flags=0x0}
04-11 13:13:28.005 D/Transition( 3590):    ChangeInfo{742c8a1 container=Task{beb60b #13178 type=standard A=10512:com.binance.monitor} flags=0x0}
04-11 13:13:28.005 D/Transition( 3590):    ChangeInfo{e16aac6 container=DefaultTaskDisplayArea@136308155 flags=0x0}
04-11 13:13:28.005 D/Transition( 3590):    ChangeInfo{28117a2 container=ActivityRecord{202873532 u0 com.binance.monitor/.ui.account.AccountStatsBridgeActivity t13178} flags=0x0}
04-11 13:13:28.005 D/Transition( 3590):    ChangeInfo{f769c33 container=ActivityRecord{242372485 u0 com.binance.monitor/.ui.main.MainActivity t13178} flags=0x0}
04-11 13:13:28.005 D/Transition( 3590): ]
04-11 13:13:28.005 D/Transition( 3590): }
04-11 13:13:28.005 D/Transition( 3590): finishTransition ar ActivityRecord{242372485 u0 com.binance.monitor/.ui.main.MainActivity t13178}, isVisibleRequested=false, state=PAUSED, visibleAtTransitionEndTokens={ActivityRecord{202873532 u0 com.binance.monitor/.ui.account.AccountStatsBridgeActivity t13178}}, this=TransitionRecord{27f5eab id=27190 track=0 type=OPEN flags=0x0 state=2 c=[
04-11 13:13:28.005 D/Transition( 3590):    ChangeInfo{2559908 container=Display{#0 state=ON size=1264x2780 ROTATION_0} flags=0x0}
04-11 13:13:28.005 D/Transition( 3590):    ChangeInfo{742c8a1 container=Task{beb60b #13178 type=standard A=10512:com.binance.monitor} flags=0x0}
04-11 13:13:28.005 D/Transition( 3590):    ChangeInfo{e16aac6 container=DefaultTaskDisplayArea@136308155 flags=0x0}
04-11 13:13:28.005 D/Transition( 3590):    ChangeInfo{28117a2 container=ActivityRecord{202873532 u0 com.binance.monitor/.ui.account.AccountStatsBridgeActivity t13178} flags=0x0}
04-11 13:13:28.005 D/Transition( 3590):    ChangeInfo{f769c33 container=ActivityRecord{242372485 u0 com.binance.monitor/.ui.main.MainActivity t13178} flags=0x0}
04-11 13:13:28.005 D/Transition( 3590): ]
04-11 13:13:28.005 D/Transition( 3590): }
04-11 13:13:28.005 D/ActivityTaskManager( 3590): commitVisibility: ActivityRecord{242372485 u0 com.binance.monitor/.ui.main.MainActivity t13178}: visible=false visibleRequested=false, isInTransition=false 
04-11 13:13:28.005 D/WindowManager( 3590): NFW_setClientVisible:ActivityRecord{242372485 u0 com.binance.monitor/.ui.main.MainActivity t13178} clientVisible:false
04-11 13:13:28.005 I/WindowManager( 3590): Window{da29052 u0 com.binance.monitor/com.binance.monitor.ui.main.MainActivity} state from HAS_DRAWN to DRAW_PENDING; reason: resetDrawState
04-11 13:13:28.005 I/OplusAppSwitchManagerService( 3590):  handleAppVisible , r = ActivityRecord{202873532 u0 com.binance.monitor/.ui.account.AccountStatsBridgeActivity t13178}
04-11 13:13:28.005 D/VRI[MainActivity]( 4478): dispatchAppVisibility visible:false mUpcomingWindowFocus:false
04-11 13:13:28.005 D/OplusTransitionController( 3590): finishTransition, transition: TransitionRecord{27f5eab id=27190 track=0 type=OPEN flags=0x0 state=4 c=[
04-11 13:13:28.005 D/OplusTransitionController( 3590):    ChangeInfo{2559908 container=Display{#0 state=ON size=1264x2780 ROTATION_0} flags=0x0}
04-11 13:13:28.005 D/OplusTransitionController( 3590):    ChangeInfo{742c8a1 container=Task{beb60b #13178 type=standard A=10512:com.binance.monitor} flags=0x0}
04-11 13:13:28.005 D/OplusTransitionController( 3590):    ChangeInfo{e16aac6 container=DefaultTaskDisplayArea@136308155 flags=0x0}
04-11 13:13:28.005 D/OplusTransitionController( 3590):    ChangeInfo{28117a2 container=ActivityRecord{202873532 u0 com.binance.monitor/.ui.account.AccountStatsBridgeActivity t13178} flags=0x0}
04-11 13:13:28.005 D/OplusTransitionController( 3590):    ChangeInfo{f769c33 container=ActivityRecord{242372485 u0 com.binance.monitor/.ui.main.MainActivity t13178} flags=0x0}
04-11 13:13:28.005 D/OplusTransitionController( 3590): ]
04-11 13:13:28.005 D/OplusTransitionController( 3590): }
04-11 13:13:28.005 D/FlexibleTaskTransitionController( 3590):  finishTransition pendingRecentToFlexibleTask:null,isRotationTransition:false ,pendingRecentToFlexible:null ,transition:TransitionRecord{27f5eab id=27190 track=0 type=OPEN flags=0x0 state=4 c=[
04-11 13:13:28.005 D/FlexibleTaskTransitionController( 3590):    ChangeInfo{2559908 container=Display{#0 state=ON size=1264x2780 ROTATION_0} flags=0x0}
04-11 13:13:28.005 D/FlexibleTaskTransitionController( 3590):    ChangeInfo{742c8a1 container=Task{beb60b #13178 type=standard A=10512:com.binance.monitor} flags=0x0}
04-11 13:13:28.005 D/FlexibleTaskTransitionController( 3590):    ChangeInfo{e16aac6 container=DefaultTaskDisplayArea@136308155 flags=0x0}
04-11 13:13:28.005 D/FlexibleTaskTransitionController( 3590):    ChangeInfo{28117a2 container=ActivityRecord{202873532 u0 com.binance.monitor/.ui.account.AccountStatsBridgeActivity t13178} flags=0x0}
04-11 13:13:28.005 D/FlexibleTaskTransitionController( 3590):    ChangeInfo{f769c33 container=ActivityRecord{242372485 u0 com.binance.monitor/.ui.main.MainActivity t13178} flags=0x0}
04-11 13:13:28.005 D/FlexibleTaskTransitionController( 3590): ]
04-11 13:13:28.005 D/FlexibleTaskTransitionController( 3590): }
04-11 13:13:28.005 D/TransitionControllerExtImpl( 3590): NFW_send RECOMPUTE_FOCUS in finishTransition
04-11 13:13:28.006 D/ShellTaskOrganizer( 8338): onTransitionFinish, isRecent:false
04-11 13:13:28.006 V/WindowManagerShell( 8338): Track 0 became idle
04-11 13:13:28.006 V/WindowManagerShell( 8338): All active transition animations finished
04-11 13:13:28.006 V/WindowManagerShell( 8338):  animated by com.android.wm.shell.transition.DefaultTransitionHandler@423c8cd
04-11 13:13:28.006 D/OplusShellTransition( 8338): dispatchTransition, animated mHandler: com.android.wm.shell.transition.DefaultTransitionHandler@423c8cd
04-11 13:13:28.006 V/WindowManagerShell( 8338): Track 0 became idle
04-11 13:13:28.006 V/WindowManagerShell( 8338): All active transition animations finished
04-11 13:13:28.006 D/InsetsSourceProvider( 3590): updateSourceFrameForServerVisibility mandatorySystemGestures EMPTY_RECT
04-11 13:13:28.006 D/VRR [OPlusRefreshRateService]( 3590):  setDirectorStates [flag: 1, state: 0, directorStateOff: 0]
04-11 13:13:28.006 D/VRR [RefreshRateDirector]( 2399): updateState mState = 1
04-11 13:13:28.007 D/WindowManager( 3590): NFW_findFocusedWindowIfNeeded:Window{4d52aec u0 com.binance.monitor/com.binance.monitor.ui.account.AccountStatsBridgeActivity} mCurrentFocus:Window{4d52aec u0 com.binance.monitor/com.binance.monitor.ui.account.AccountStatsBridgeActivity}
04-11 13:13:28.012 I/BLASTSyncEngine( 3590): onCommitted syncId: 27190, timeout: false ran: false
04-11 13:13:28.012 D/Transition( 3590): finishTransaction-onCommitted syncId=27190
04-11 13:13:28.013 D/SurfaceFlinger( 2399): updateWinowInfo=1, setFocusedWindow timestamp=883767364211043, windowName=4d52aec com.binance.monitor/com.binance.monitor.ui.account.AccountStatsBridgeActivity
04-11 13:13:28.013 I/InputDispatcher( 3590): NFW_setFocusedWindow, 4d52aec com.binance.monitor/com.binance.monitor.ui.account.AccountStatsBridgeActivity on display 0, same as the previous:0
04-11 13:13:28.013 I/InputDispatcher( 3590): updateFocusedWindow, 4d52aec com.binance.monitor/com.binance.monitor.ui.account.AccountStatsBridgeActivity on display 0, reason: setFocusedWindow, result:   FocusedWindows:
04-11 13:13:28.013 I/InputDispatcher( 3590):     displayId=0, name='4d52aec com.binance.monitor/com.binance.monitor.ui.account.AccountStatsBridgeActivity'
04-11 13:13:28.013 I/sensors-hal( 2113): handle_oplus_wise_rgb_event:161, wise_rgb: (14056)(cct, lux, ir)[5679.01, 109.50, 62.340454] (r, g, b, c)[5257.60, 3554.58, 2222.91, 9825.75]                 (pwm, hbm, brl, algo)[0.0 0.0 1309.0 2.0], flag 37549
04-11 13:13:28.021 D/QmiClient( 3438): qmiServiceEventCallback recv msg id 47
04-11 13:13:28.021 D/QmiClient( 3438): enter -mServiceType 10 onQmiServiceEventCallback msgId 47
04-11 13:13:28.021 D/QmiClient( 3438): onQmiServiceEventCallback - enter. msgId=47
04-11 13:13:28.021 D/OttProxy( 3438): handleMessage msg is 3001
04-11 13:13:28.021 D/SubsysRadioIndication[1](14034): radioLinkLatencyInfoInd
04-11 13:13:28.021 D/SubsysRadioIndication[1](14034): notify enter
04-11 13:13:28.021 D/NetworkService[1](14034): handleMessage what:1008
04-11 13:13:28.021 D/NetworkService[1](14034): EVENT_REG_LINK_LATENCY_INFO_CHANGE ulLatency:10259
04-11 13:13:28.025 D/VRI[AccountStatsBridgeActivity]( 4478): onFocusEvent true
04-11 13:13:28.029 W/VRI[]   ( 4478): handleResized abandoned!
04-11 13:13:28.032 I/ChainTrace( 4478): account_render phase=bind_overview_and_filters account=7400048@ICMarketsSC-MT5-6 durationMs=2 trades=1113 positions=6 curves=5717
04-11 13:13:28.048 I/ChainTrace( 4478): account_render phase=render_returns_table account=7400048@ICMarketsSC-MT5-6 durationMs=16 trades=1113 positions=6 curves=5717
04-11 13:13:28.074 I/ChainTrace( 4478): account_render phase=apply_curve_range account=7400048@ICMarketsSC-MT5-6 durationMs=26 trades=1113 positions=6 curves=5717
04-11 13:13:28.087 D/QmiClient( 3438): qmiServiceEventCallback recv msg id 1099
04-11 13:13:28.087 D/QmiClient( 3438): enter -mServiceType 4 onQmiServiceEventCallback msgId 1099
04-11 13:13:28.087 D/QmiClient( 3438): onQmiServiceEventCallback - enter. msgId=1099
04-11 13:13:28.087 D/QmiVsClientEvent( 3438): QosPeriodReportInd MSG IND data_len 2052
04-11 13:13:28.087 D/QmiVsClientEvent( 3438): qmiVsClientNotifyQosPeriodReportIndEvent - RADIO_EVENT_QOS_PERIOD_REPORT_NOTIFY_IND
04-11 13:13:28.087 D/VsProxy ( 3438): handleMessage msg is 2420
04-11 13:13:28.087 D/QmiClient( 2727): qmiServiceEventCallback recv msg id 1099
04-11 13:13:28.087 D/QmiClient( 2727): enter -mServiceType 4 onQmiServiceEventCallback msgId 1099
04-11 13:13:28.087 D/QmiClient( 2727): onQmiServiceEventCallback - enter. msgId=1099
04-11 13:13:28.087 D/QmiVsClientEvent( 2727): QosPeriodReportInd MSG IND data_len 2052
04-11 13:13:28.087 D/QmiVsClientEvent( 2727): qmiVsClientNotifyQosPeriodReportIndEvent - RADIO_EVENT_QOS_PERIOD_REPORT_NOTIFY_IND
04-11 13:13:28.087 D/VsProxy ( 3438): handleQosPeriodReportInd for instance 1 data_len 197
04-11 13:13:28.087 D/VsProxy ( 2727): handleMessage msg is 2420
04-11 13:13:28.087 D/VsProxy ( 2727): handleQosPeriodReportInd for instance 0 data_len 145
04-11 13:13:28.087 D/SubsysRadioIndication[1](14034): radioQosPeriodReportInd result [8, -51, -92, -11, -49, 14, 18, 13, 8, -31, -93, -11, -49, 14, 16, 11, 32, -47, 29, 40, 8, 26, 13, 8, -98, -92, -11, -49, 14, 16, 28, 40, 10, 56, -114, 73, 34, 12, 8, -77, -114, -18, -49, 14, 16, 4, 24, 1, 32, 3, 58, 81, 8, -90, -92, -11, -49, 14, 16, 5, 24, -98, -23, 30, 32, -54, 1, 40, -95, -1, -1, -1, -1, -1, -1, -1, -1, 1, 48, -13, -1, -1, -1, -1, -1, -1, -1, -1, 1, 64, -100, -1, -1, -1, -1, -1, -1, -1, -1, 1, 72, -94, -1, -1, -1, -1, -1, -1, -1, -1, 1, 80, -96, -1, -1, -1, -1, -1, -1, -1, -1, 1, 88, -92, -1, -1, -1, -1, -1, -1, -1, -1, 1, 66, 31, 8, -60, -114, -18, -49, 14, 16, 5, 24, 2, 34, 19, 8, -98, -23, 30, 16, -54, 1, 24, 41, 32, 13, 40, -126, -128, -52, -67, 21, 48, 2, 90, 0, 98, 10, 8, -3, -10, -19, -49, 14, 16, 3, 24, 5, 122, 15, 8, -122, -93, -11, -49, 14, 16, -29, 1, 24, -11, 1, 32, -80, 9]
04-11 13:13:28.087 D/SubsysRadioIndication[0](14034): radioQosPeriodReportInd result [8, -52, -92, -11, -49, 14, 34, 12, 8, -77, -114, -18, -49, 14, 16, 4, 24, 1, 32, 3, 58, 61, 8, -84, -106, -11, -49, 14, 16, 5, 24, -64, -92, 38, 32, -22, 6, 40, -96, -1, -1, -1, -1, -1, -1, -1, -1, 1, 48, -10, -1, -1, -1, -1, -1, -1, -1, -1, 1, 56, 10, 64, -96, -1, -1, -1, -1, -1, -1, -1, -1, 1, 72, -104, -1, -1, -1, -1, -1, -1, -1, -1, 1, 66, 29, 8, -58, -2, -37, -49, 14, 16, 5, 34, 19, 8, -64, -92, 38, 16, -22, 6, 24, 78, 32, 13, 40, -117, -32, -94, -93, 2, 48, 2, 90, 0, 98, 10, 8, -95, -8, -37, -49, 14, 16, 3, 24, 5, 122, 15, 8, -109, -8, -37, -49, 14, 16, -18, 2, 24, -21, 1, 32, -60, 9]
04-11 13:13:28.087 D/NetworkService[1](14034): handleMessage what:1005
04-11 13:13:28.087 D/RadioAtomTracker(14034): parseQosPeriodData ModemQos:CellularQosInfo1{5G, 504990/202, EndcState=2, Band=41, DLBW=13, Rsrp=-95, Rsrq=-13, Snr=0, SvcStatus=3, ULPDCPNumDataPdu=11, ULPDCPNumDropPdu=0, ULPDCPTput=3793, ULRLCNumDataPdu=8, ULRLCNumRetxPdu=0, ULGrant=0, ULBSR=0, ULBler=0, DLPDCPNumDataPdu=10, DLPDCPTput=9358, DLRLCNumDataPdu=28, DLRLCNumRetxPdu=0, DLRLCNumDropPdu=0, DLMACPaddingBytes=0, DLPdcpNumMissToUppPdu=0, DLBler=0, RlfCount=0, CellChangeCount=0, IsRedirectionOccur=0, IsDualSimConflict=0, Latency=10, Sub1RrcState=1, Sub2RrcState=3, RachCount=0, CalcPower=227, Mtpl=245, PathLoss=1200, CellLoad=0}
04-11 13:13:28.087 D/NetworkService[1](14034): EVENT_REG_QOS_PERIOD_REPORT_IND_CHANGED ENTER
04-11 13:13:28.087 D/NetworkService[0](14034): handleMessage what:1005
04-11 13:13:28.087 D/RadioAtomTracker(14034): parseQosPeriodData ModemQos:CellularQosInfo2{5G, 627264/874, EndcState=0, Band=78, DLBW=13, Rsrp=-96, Rsrq=-10, Snr=10, SvcStatus=3, ULPDCPNumDataPdu=-1, ULPDCPNumDropPdu=-1, ULPDCPTput=-1, ULRLCNumDataPdu=-1, ULRLCNumRetxPdu=-1, ULGrant=-1, ULBSR=-1, ULBler=-1, DLPDCPNumDataPdu=-1, DLPDCPTput=-1, DLRLCNumDataPdu=-1, DLRLCNumRetxPdu=-1, DLRLCNumDropPdu=-1, DLMACPaddingBytes=-1, DLPdcpNumMissToUppPdu=-1, DLBler=-1, RlfCount=0, CellChangeCount=0, IsRedirectionOccur=0, IsDualSimConflict=0, Latency=0, Sub1RrcState=1, Sub2RrcState=3, RachCount=0, CalcPower=366, Mtpl=235, PathLoss=1220, CellLoad=0}
04-11 13:13:28.087 D/NetworkService[0](14034): EVENT_REG_QOS_PERIOD_REPORT_IND_CHANGED ENTER
04-11 13:13:28.087 D/AtomModemKpiInfo(14034): handleMessage what:1001
04-11 13:13:28.087 D/AtomModemKpiInfo(14034): analyseQosInfo success
04-11 13:13:28.107 I/SDM     ( 2181): DisplayBuiltIn::IdlePowerCollapse: IPC received, disabling partial update for one frame
04-11 13:13:28.161 I/ChainTrace( 4478): account_render phase=refresh_trade_stats account=7400048@ICMarketsSC-MT5-6 durationMs=87 trades=1113 positions=6 curves=5717
04-11 13:13:28.162 V/AlarmManager( 3590): sending alarm Alarm{9def37f type 1 origWhen 1775884408162 whenElapsed 931623576 android} uid 1000 whenElapsed 931623576 windowLength 0 maxWhenElapsed 931623576 repeatInterval 0 action null component null tag StorgaeBandInfoAlarmTag flags 0x9 procName system_server
04-11 13:13:28.162 E/OplusStorageUFSBandwidth( 3590): storage_io_metrics_path is /proc/oplus_storage/io_metrics/forever/
04-11 13:13:28.162 I/ChainTrace( 4478): account_render phase=refresh_positions account=7400048@ICMarketsSC-MT5-6 durationMs=1 trades=1113 positions=6 curves=5717
04-11 13:13:28.162 E/OplusStorageUFSBandwidth( 3590): Bandwidth - Read: 4.50 MB/s, Write: 5.00 MB/s
04-11 13:13:28.162 E/OplusStorageUFSBandwidth( 3590): Task time: 0ms
04-11 13:13:28.164 E/OplusStorageUFSBandwidth( 3590): Alarm set to trigger in 10 seconds
04-11 13:13:28.187 I/SmartDataSwitchStateManager(13839): handle message:7
04-11 13:13:28.188 I/SmartDataSwitchSM(13839): [DisableState]Handle msg: 2
04-11 13:13:28.188 I/SmartDataSwitchSM(13839): [DisableState]handle state change, reason:DataScoreLow
04-11 13:13:28.199 I/ChainTrace( 4478): account_render phase=refresh_trades account=7400048@ICMarketsSC-MT5-6 durationMs=37 trades=1113 positions=6 curves=5717
04-11 13:13:28.232 D/VRI[MainActivity]( 4478): visibilityChanged oldVisibility=true newVisibility=false
04-11 13:13:28.232 D/gaia-GaiaConnectChecker(13843): start connect check++
04-11 13:13:28.232 D/VRI[MainActivity]( 4478): setWindowStopped stopped:true
04-11 13:13:28.239 D/InputMethodManagerService( 3590): isSecurity: attribute.packageName = com.binance.monitor mCurMethodId = com.sohu.inputmethod.sogou/.SogouIME isSecurity = false ( enable = true needShow = false inBlackList = false isExist = true )
04-11 13:13:28.239 I/ImeTracker( 3590): com.binance.monitor:467f51c8: onRequestHide at ORIGIN_SERVER reason HIDE_UNSPECIFIED_WINDOW fromUser false
04-11 13:13:28.239 D/HWUI    ( 4478): RenderProxy::destroy: this=0xb40000718348c900, mContext=0xb400007183677300
04-11 13:13:28.239 D/HWUI    ( 4478): SkiaVulkanPipeline::setSurface: this=0xb4000071832940c0, surface=NULL
04-11 13:13:28.240 D/BufferQueueProducer( 4478): [VRI[MainActivity]#0(BLAST Consumer)0](id:117e00000000,api:1,p:4478,c:4478) disconnect: api 1
04-11 13:13:28.240 D/BLASTBufferQueue( 4478): [VRI[MainActivity]#0](f:0,a:1) destructor()
04-11 13:13:28.240 D/BufferQueueConsumer( 4478): [VRI[MainActivity]#0(BLAST Consumer)0](id:117e00000000,api:0,p:-1,c:4478) disconnect
04-11 13:13:28.240 D/ViewRootImplExtImpl( 4478): wrapConfigInfoIntoFlags rotation=0, smallestScreenWidthDp=361, residentWS=false, scenario=0, bounds=Rect(0, 0 - 1264, 2780), relayoutAsync=false, flags=0, newFlags=1457532192, title=com.binance.monitor/com.binance.monitor.ui.main.MainActivity
04-11 13:13:28.241 I/ImeTracker( 3590): system_server:86c0f98f: onRequestHide at ORIGIN_SERVER reason IME_REQUESTED_CHANGED_LISTENER fromUser false
04-11 13:13:28.241 I/ImeTracker( 3590): system_server:86c0f98f: onCancelled at PHASE_SERVER_SHOULD_HIDE
04-11 13:13:28.241 V/WindowManager( 3590): Relayout Window{da29052 u0 com.binance.monitor/com.binance.monitor.ui.main.MainActivity}: viewVisibility=8, oldvis=0, req=1264x2780 , apr = 0, vsysui=, x=0, y=0
04-11 13:13:28.241 D/InsetsSourceProvider( 3590): updateSourceFrameForServerVisibility mandatorySystemGestures EMPTY_RECT
04-11 13:13:28.242 D/InsetsSourceProvider( 3590): updateSourceFrameForServerVisibility mandatorySystemGestures EMPTY_RECT
04-11 13:13:28.242 D/WindowManager( 3590): NFW_findFocusedWindowIfNeeded:Window{4d52aec u0 com.binance.monitor/com.binance.monitor.ui.account.AccountStatsBridgeActivity} mCurrentFocus:Window{4d52aec u0 com.binance.monitor/com.binance.monitor.ui.account.AccountStatsBridgeActivity}
04-11 13:13:28.242 D/InsetsSourceProvider( 3590): updateSourceFrameForServerVisibility mandatorySystemGestures EMPTY_RECT
04-11 13:13:28.242 D/VRI[MainActivity]( 4478): relayoutWindow result, sizeChanged:false, surfaceControlChanged:true, transformHintChanged:false, mSurfaceSize:Point(1264, 2780), mLastSurfaceSize:Point(1264, 2780), mWidth:1264, mHeight:2780, requestedWidth:1264, requestedHeight:2780, transformHint:0, installOrientation:0, displayRotation:0, isSurfaceValid:false, attr.flag:-2122252032, tmpFrames:ClientWindowFrames{frame=[0,0][1264,2780] display=[0,0][1264,2780] parentFrame=[0,0][0,0]}, relayoutAsync:false, mSyncSeqId:0
04-11 13:13:28.281 I/ChainTrace( 4478): stream type=syncEvent gapMs=1568 refreshMarket=true
04-11 13:13:28.304 E/CwbService( 2181): Panel not support apl read or getDisplayPanelAplValue timeout 10ms.
04-11 13:13:28.304 D/SensorFeature( 2258): name=ssc_screenshot_info ,index = 22
04-11 13:13:28.304 D/SensorFeature( 2258): write 39 bytes:931623656899563,931623707669250,37550,0
04-11 13:13:28.304 I/sensors-hal( 2113): get_display_brightness:825, light_iface: set screenshot_info [931623656899563,931623707669250,37550,0]
04-11 13:13:28.305 I/sensors-hal( 2113): handle_oplus_wise_rgb_event:189, high_pwm_light:lux 109.8,cct 5612.0,brl/algo/ir 1309.0/2.0/63.1,pwm/dc 0.0/0.0,rgbc 5282.518555/3552.379395/2231.740723/9874.703125,ts 931623642928418,cnt 14060,flag 37550
04-11 13:13:28.306 I/sensors-hal( 2113): handle_oplus_wise_rgb_event:161, wise_rgb: (14061)(cct, lux, ir)[5612.02, 109.77, 63.060543] (r, g, b, c)[5294.98, 3563.38, 2247.19, 9851.39]                 (pwm, hbm, brl, algo)[0.0 0.0 1309.0 2.0], flag 37550
04-11 13:13:28.343 I/SDM     ( 2181): DisplayBuiltIn::IdlePowerCollapse: IPC received, disabling partial update for one frame
04-11 13:13:28.359 I/binance.monitor( 4478): _Desupression native alloc  gc_urgency: 51254expectation: 100622 native bytes: 37744608
04-11 13:13:28.359 W/OPLUS_LOG_LOAD(17904): ==LOGS PROG INFO, prog(com.oplus.camera) ==
04-11 13:13:28.359 I/APS_ALOG(17904): flushRoutine g_immediateFlush=0 g_pendingCount=0 g_oobCount=0
04-11 13:13:28.377 D/InsetsController( 4478): hide(ime(), fromIme=false)
04-11 13:13:28.377 I/ImeTracker( 4478): com.binance.monitor:467f51c8: onCancelled at PHASE_CLIENT_ALREADY_HIDDEN
04-11 13:13:28.377 I/WindowManager( 3590): Window{da29052 u0 com.binance.monitor/com.binance.monitor.ui.main.MainActivity} state from DRAW_PENDING to NO_SURFACE; reason: destroySurface
04-11 13:13:28.377 D/BackgroundInstallControlService( 3590): Package event received: 0
04-11 13:13:28.377 D/OplusStartingWindowManager( 3590): skip remove starting window for activity = ActivityRecord{242372485 u0 com.binance.monitor/.ui.main.MainActivity t13178} ,ar != topActivityContainsStartingWindow on activityStopped
04-11 13:13:28.425 I/ChainTrace( 4478): account_render phase=build_overview account=7400048@ICMarketsSC-MT5-6 durationMs=7 trades=1113 positions=6 curves=5717
04-11 13:13:28.426 I/ChainTrace( 4478): account_render phase=bind_overview_and_filters account=7400048@ICMarketsSC-MT5-6 durationMs=0 trades=1113 positions=6 curves=5717
04-11 13:13:28.427 I/ChainTrace( 4478): account_render phase=bind_overview_and_filters account=7400048@ICMarketsSC-MT5-6 durationMs=1 trades=1113 positions=6 curves=5717
04-11 13:13:28.440 I/ChainTrace( 4478): account_render phase=render_returns_table account=7400048@ICMarketsSC-MT5-6 durationMs=13 trades=1113 positions=6 curves=5717
04-11 13:13:28.458 I/ChainTrace( 4478): account_render phase=apply_curve_range account=7400048@ICMarketsSC-MT5-6 durationMs=18 trades=1113 positions=6 curves=5717
04-11 13:13:28.464 I/SDM     ( 2181): DisplayBuiltIn::IdlePowerCollapse: IPC received, disabling partial update for one frame
04-11 13:13:28.537 I/ChainTrace( 4478): account_render phase=refresh_trade_stats account=7400048@ICMarketsSC-MT5-6 durationMs=79 trades=1113 positions=6 curves=5717
04-11 13:13:28.537 I/ChainTrace( 4478): account_render phase=refresh_positions account=7400048@ICMarketsSC-MT5-6 durationMs=0 trades=1113 positions=6 curves=5717
04-11 13:13:28.544 D/AppSenseConfig(14034): getIgnoreAppList: [com.android.launcher, com.android.contacts, com.oplus.wirelesssettings, com.coloros.alarmclock, com.coloros.calculator, com.coloros.calendar, com.coloros.phonemanager, com.android.settings, com.android.phone, com.oplus.nas, com.oplus.nhs, com.oplus.appdetail, com.android.permissioncontroller, com.oplus.pscanvas, com.oplus.autotest.test.ctp, com.android.systemui, com.android.systemui.overlay.fingerprint.anim.fy, com.android.systemui.overlay.fingerprint.anim.qy, com.android.systemui.overlay.fingerprint.anim.sw, com.android.systemui.overlay.fingerprint.anim.xw, com.android.systemui.overlay.fingerprint.anim.ccyh, com.android.systemui.overlay.fingerprint.anim.halo, com.android.systemui.overlay.fingerprint.anim.jslz, com.android.systemui.overlay.fingerprint.anim.none, com.android.systemui.overlay.fingerprint.anim.xklc]
04-11 13:13:28.544 D/AppSenseConfig(14034): getIgnoreAppList: [com.android.launcher, com.android.contacts, com.oplus.wirelesssettings, com.coloros.alarmclock, com.coloros.calculator, com.coloros.calendar, com.coloros.phonemanager, com.android.settings, com.android.phone, com.oplus.nas, com.oplus.nhs, com.oplus.appdetail, com.android.permissioncontroller, com.oplus.pscanvas, com.oplus.autotest.test.ctp, com.android.systemui, com.android.systemui.overlay.fingerprint.anim.fy, com.android.systemui.overlay.fingerprint.anim.qy, com.android.systemui.overlay.fingerprint.anim.sw, com.android.systemui.overlay.fingerprint.anim.xw, com.android.systemui.overlay.fingerprint.anim.ccyh, com.android.systemui.overlay.fingerprint.anim.halo, com.android.systemui.overlay.fingerprint.anim.jslz, com.android.systemui.overlay.fingerprint.anim.none, com.android.systemui.overlay.fingerprint.anim.xklc]
04-11 13:13:28.544 D/AppSenseConfig(14034): getIgnoreAppList: [com.android.launcher, com.android.contacts, com.oplus.wirelesssettings, com.coloros.alarmclock, com.coloros.calculator, com.coloros.calendar, com.coloros.phonemanager, com.android.settings, com.android.phone, com.oplus.nas, com.oplus.nhs, com.oplus.appdetail, com.android.permissioncontroller, com.oplus.pscanvas, com.oplus.autotest.test.ctp, com.android.systemui, com.android.systemui.overlay.fingerprint.anim.fy, com.android.systemui.overlay.fingerprint.anim.qy, com.android.systemui.overlay.fingerprint.anim.sw, com.android.systemui.overlay.fingerprint.anim.xw, com.android.systemui.overlay.fingerprint.anim.ccyh, com.android.systemui.overlay.fingerprint.anim.halo, com.android.systemui.overlay.fingerprint.anim.jslz, com.android.systemui.overlay.fingerprint.anim.none, com.android.systemui.overlay.fingerprint.anim.xklc]
04-11 13:13:28.544 D/ActivityAdapter(14034): taskChange: pre: 1, cur: 1, changed:true
04-11 13:13:28.544 D/ActivityAdapter(14034): notifyActivityQuery: [com.binance.monitor; com.binance.monitor.ui.account.AccountStatsBridgeActivity; 1; COMMON; 10512]
04-11 13:13:28.544 D/OPlusFrontAppManager(14034): useAdapterResult, pkg=com.binance.monitor,activity=com.binance.monitor.ui.account.AccountStatsBridgeActivity,result=true
04-11 13:13:28.544 D/OPlusFrontAppManager(14034): decide -->> [com.binance.monitor; com.binance.monitor.ui.account.AccountStatsBridgeActivity; 1; COMMON; 10512]
04-11 13:13:28.544 D/ConferenceScene(14034): pkg:com.binance.monitor, activity:com.binance.monitor.ui.account.AccountStatsBridgeActivity, appSense:COMMON
04-11 13:13:28.544 D/ConferenceScene(14034): pkg:com.binance.monitor, activity:com.binance.monitor.ui.main.MainActivity, appSense:COMMON
04-11 13:13:28.545 D/CellMap/GameLatencyMapService(14034): handleAppSceneChange: [{pkgName:com.binance.monitor,activityName:,winMode:1,event:COMMON,type:0,subEvent:0,pid:4478,uid:10512}]
04-11 13:13:28.545 D/CellMap/QoeMapService(14034): handleAppSceneChange: [{pkgName:com.binance.monitor,activityName:,winMode:1,event:COMMON,type:0,subEvent:0,pid:4478,uid:10512}]
04-11 13:13:28.545 D/CellMap/QoeMapService(14034): handleAppSceneChange update: 0
04-11 13:13:28.545 D/Subsys-ScoreAppManager(14034): handleMessage what:2
04-11 13:13:28.545 D/Subsys-ScoreAppManager(14034): EVENT_ID_APP_SENSE_CHANGE  onFrontActivityChanged
04-11 13:13:28.545 D/AtomHighLoadSenseInfo(14034): handleMessage what:1000
04-11 13:13:28.545 D/Subsys-ScoreAppManager(14034): appSceneChange fgAppUnits size 1 fgAppUnits [{pkgName:com.binance.monitor,activityName:,winMode:1,event:COMMON,type:0,subEvent:0,pid:4478,uid:10512}] mLastNetworkList[255, 264]
04-11 13:13:28.545 D/Subsys-ScoreAppManager(14034): createApp
04-11 13:13:28.545 D/Subsys-ScoreAppManager(14034): createApp
04-11 13:13:28.545 D/AtomHighLoadSenseInfo(14034): handleAppSenseChanged original mode:{live:0,video:0,voice call:0,video call:0,live host:0,meeting:0}
04-11 13:13:28.545 D/AtomHighLoadSenseInfo(14034): handleAppSenseChanged appInfoUnit:{pkgName:com.binance.monitor,activityName:,winMode:1,event:COMMON,type:0,subEvent:0,pid:4478,uid:10512}
04-11 13:13:28.545 D/AtomNetworkScoreInfo(14034): handleMessage: 1006
04-11 13:13:28.545 D/AtomNetworkScoreInfo(14034): top app size: 1
04-11 13:13:28.545 D/AtomNetworkScoreInfo(14034): Front app state: 1
04-11 13:13:28.545 D/Subsys-ScoreAppManager(14034): unit: {pkgName:com.binance.monitor,activityName:,winMode:1,event:COMMON,type:0,subEvent:0,pid:4478,uid:10512}
04-11 13:13:28.545 D/AtomModemKpiInfo(14034): handleMessage what:1000
04-11 13:13:28.545 D/CommonApp-255-10512(14034): DefaultState EVENT_SCENARIOS_CHANGE
04-11 13:13:28.545 D/CommonApp-255-10512(14034): scene=COMMON pn=com.binance.monitor
04-11 13:13:28.545 D/SceneService(14034): handleMessage what:1004
04-11 13:13:28.545 D/CommonApp-264-10512(14034): DefaultState EVENT_SCENARIOS_CHANGE
04-11 13:13:28.545 D/CommonApp-264-10512(14034): scene=COMMON pn=com.binance.monitor
04-11 13:13:28.545 D/SceneService(14034): notifyAppSceneChanged original mode:{live:0,video:0,voice call:0,video call:0,live host:0,game:0,meeting:0,news:0,file transfer:0},appInfoUnit:[{pkgName:com.binance.monitor,activityName:,winMode:1,event:COMMON,type:0,subEvent:0,pid:4478,uid:10512}]
04-11 13:13:28.545 D/ExtremeCommService(14034): handleMessage what:1012
04-11 13:13:28.545 D/ExtremeCommService(14034): updateAppInfo appInfoUnit: com.binance.monitor, winMode:1
04-11 13:13:28.545 D/FrontAppsEvent(14034): receive msg:1001
04-11 13:13:28.545 D/FrontAppsEvent(14034): onAppSceneUpdate, infoList:[{pkgName:com.binance.monitor,activityName:,winMode:1,event:COMMON,type:0,subEvent:0,pid:4478,uid:10512}]
04-11 13:13:28.546 D/AppSenseService(14034): notifySenseEvent: {pkgName:com.binance.monitor,activityName:com.binance.monitor.ui.account.AccountStatsBridgeActivity,winMode:1,event:COMMON,type:0,subEvent:0,pid:4478,uid:10512},
04-11 13:13:28.546 D/AppSenseClient( 3590): handleMessage: 100
04-11 13:13:28.546 D/AppSenseClient( 3590): handleSenseEvent appInfoUnits: {pkgName:com.binance.monitor,activityName:com.binance.monitor.ui.account.AccountStatsBridgeActivity,winMode:1,event:COMMON,type:0,subEvent:0,pid:4478,uid:10512},
04-11 13:13:28.546 D/AppSenseClient(13839): handleMessage: 100
04-11 13:13:28.546 D/AppSenseClient( 3590): handleSenseEvent clients: 1
04-11 13:13:28.546 D/AppSenseClient( 3590): handleSenseEvent clientId: 224279445
04-11 13:13:28.546 D/AppSenseClient( 8406): handleMessage: 100
04-11 13:13:28.546 D/AppSenseClient( 8406): handleSenseEvent appInfoUnits: {pkgName:com.binance.monitor,activityName:com.binance.monitor.ui.account.AccountStatsBridgeActivity,winMode:1,event:COMMON,type:0,subEvent:0,pid:4478,uid:10512},
04-11 13:13:28.546 D/AppSenseClient( 3590): notifyAppChanges: [{pkgName:com.binance.monitor,activityName:com.binance.monitor.ui.account.AccountStatsBridgeActivity,winMode:1,event:COMMON,type:0,subEvent:0,pid:4478,uid:10512}]
04-11 13:13:28.546 D/AppSenseClient( 8406): handleSenseEvent clients: 1
04-11 13:13:28.546 D/AppSenseClient( 8406): handleSenseEvent clientId: 101737326
04-11 13:13:28.546 D/AppSenseClient(13839): handleSenseEvent appInfoUnits: {pkgName:com.binance.monitor,activityName:com.binance.monitor.ui.account.AccountStatsBridgeActivity,winMode:1,event:COMMON,type:0,subEvent:0,pid:4478,uid:10512},
04-11 13:13:28.546 D/AppSenseClient( 8406): notifyAppChanges: [{pkgName:com.binance.monitor,activityName:com.binance.monitor.ui.account.AccountStatsBridgeActivity,winMode:1,event:COMMON,type:0,subEvent:0,pid:4478,uid:10512}]
04-11 13:13:28.546 D/AppSenseClient(13839): handleSenseEvent clients: 1
04-11 13:13:28.546 D/AppSenseClient(13839): handleSenseEvent clientId: 106466519
04-11 13:13:28.546 D/AppSenseClient(13839): notifyAppChanges: [{pkgName:com.binance.monitor,activityName:com.binance.monitor.ui.account.AccountStatsBridgeActivity,winMode:1,event:COMMON,type:0,subEvent:0,pid:4478,uid:10512}]
04-11 13:13:28.546 D/NAS-DataSceneEvent(13839): onAppChanged, app list size: 1
04-11 13:13:28.546 D/NAS-DataSceneEvent(13839): updateAppSenseChange [{pkgName:com.binance.monitor,activityName:com.binance.monitor.ui.account.AccountStatsBridgeActivity,winMode:1,event:COMMON,type:0,subEvent:0,pid:4478,uid:10512}]
04-11 13:13:28.546 D/AppSenseClient( 8498): handleMessage: 100
