04-11 13:13:25.702 I/Osense-FloatWindowComplexScene( 3590): getNoSharedData pid=13839,result=[Bundle[{isExitWindow=false, isFocused=false, taskId=13178, pkgName=com.binance.monitor, isVisible=true, pid=4478, uid=10512, type=1, hwuiTaskThreads=[4609, 4610], renderThreadTid=4603, activityName=com.binance.monitor/.ui.main.MainActivity, isEnter=false}];Bundle[{isExitWindow=false, isFocused=true, floatWindowType=3, taskId=-1, pkgName=com.binance.monitor, isVisible=true, pid=4478, uid=10512, type=2, hwuiTaskThreads=[4609, 4610], renderThreadTid=4603, activityName=null, isEnter=false}]]
04-11 13:13:25.702 D/VRR [OPlusSurfaceFlingerController]( 3590):  setComplexSceneEnable : true
04-11 13:13:25.702 D/UserAppScenarioEvent(13839): mComplexSceneObserver eventId: 3, bundle: [Bundle[mParcelledData.dataSize=516], Bundle[mParcelledData.dataSize=472]]
04-11 13:13:25.702 W/QosScheduler( 3590): executeSceneQosStrategy failed! qos feature no enable
04-11 13:13:25.702 I/[UAH_CLIENT]( 3590): uahRuleCtl, ruleId:206, status:2
04-11 13:13:25.702 D/OplusFeatureUIR( 3590): Receive float window scene changed eventId = 3 bundleList.size = 2 mFloatWindowApps [com.binance.monitor] mCurrentPkg com.binance.monitor
04-11 13:13:25.702 D/AMC     (13839): [TriggerForeground] handleFloatWindowStateChanged on:true
04-11 13:13:25.703 D/libc-netbsd( 4478): [oplusDnsOpenProxy]: __netdClientDispatch.connect errno = 111
04-11 13:13:25.703 D/DNS_CACHE( 4478): oplus_oplus_getaddrinfo_proxy open dns proxy failed, use android flow: 10512
04-11 13:13:25.704 D/PendingIntent( 3590): getActivity use FLAG_CANCEL_CURRENT, packageName = android
04-11 13:13:25.704 I/SystemUi--Notification( 8338): OplusLiveAlertNotificationsRepository-->onNotificationChannelModified: android 0 “交易终端”正在其他应用的上层显示内容 1
04-11 13:13:25.706 D/InputMethodManagerService( 3590): isSecurity: attribute.packageName = com.binance.monitor mCurMethodId = com.sohu.inputmethod.sogou/.SogouIME isSecurity = false ( enable = true needShow = false inBlackList = false isExist = true )
04-11 13:13:25.706 I/ImeTracker( 3590): com.binance.monitor:a9334b27: onRequestHide at ORIGIN_SERVER reason HIDE_UNSPECIFIED_WINDOW fromUser false
04-11 13:13:25.707 W/Service (  424): setForeground: ignoring old API call on com.oplus.notification.NotificationCenterService
04-11 13:13:25.707 D/NotificationCenter(  424): NotificationCenterService-->onBind:0
04-11 13:13:25.708 I/ThermalEngine(10385): VIRTUAL-CPU-L-PID, Update received trip sensor cpu-1-0-1 92300
04-11 13:13:25.708 I/ostats_tpd(10330): stats_write, records atomId:100100, event_id:903, cpu:0, values: 903-0-1-213-(cpu-1-0-1)-26-0-1
04-11 13:13:25.708 D/NotificationService--OplusNotificationFixHelper( 3590): fixAppIcon: pkg=android
04-11 13:13:25.708 D/NotificationService--OplusNotificationFixHelper( 3590): fixAppIcon: appIcon = null, pkg = android
04-11 13:13:25.708 I/ostats_tpd(10330): stats_write, records atomId:100100, event_id:903, cpu:0, values: 903-0-1-10614-(cpu-1-0-1)-26-0-1
04-11 13:13:25.708 D/NotificationService--NotificationRecord( 3590): isSupportRearLight , isRearLight = false mLedRM = false isMultilLed = false
04-11 13:13:25.708 I/OplusStatusBarManagerServiceEnhance( 3590):  getTopIsFullscreen mTopIsFullscreen: false
04-11 13:13:25.708 D/NotificationService--OplusNotificationManagerServiceExtImpl( 3590): isForwardToAssistants: false, case : Is in mMcsNotInterceptPkgList or is isSystemApp
04-11 13:13:25.708 D/NotificationService( 3590): This application enqueue notifications is not need postDelayed
04-11 13:13:25.709 I/ImeTracker( 3590): system_server:f03904e5: onRequestHide at ORIGIN_SERVER reason IME_REQUESTED_CHANGED_LISTENER fromUser false
04-11 13:13:25.709 I/ImeTracker( 3590): system_server:f03904e5: onCancelled at PHASE_SERVER_SHOULD_HIDE
04-11 13:13:25.709 D/InsetsSourceProvider( 3590): updateSourceFrameForServerVisibility mandatorySystemGestures EMPTY_RECT
04-11 13:13:25.710 W/QosSceneRecognizer[NotificationScene]( 3590): get pid failed while enterNotificationScene, processInfos is null! uid: -1
04-11 13:13:25.711 I/SystemUi--Notification( 8338): OplusLiveAlertNotificationsRepository-->onRankingApplied
04-11 13:13:25.713 I/ThermalEngine(10385): ACTION: CPU - Setting CPU[6] to 6
04-11 13:13:25.714 E/LockScreenNotificationDispatcherImp( 8338): updateNotificationListOnKg size:0
04-11 13:13:25.716 I/SystemUi--Notification( 8338): LockScreenNotificationDispatcherImp-->updateNotificationListOnKg resultCode: 0
04-11 13:13:25.716 W/SystemUi--Common( 8338): SubsetBitmapDrawable-->[isValid] innerBitmap?.isRecycled=null
04-11 13:13:25.720 D/VRI[MainActivity]( 4478): Received frameCommittedCallback lastAttemptedDrawFrameNum=3 didProduceBuffer=true syncBuffer=false
04-11 13:13:25.720 D/VRI[MainActivity]( 4478): draw finished. seqId=0
04-11 13:13:25.720 D/InsetsSourceProvider( 3590): updateSourceFrameForServerVisibility mandatorySystemGestures EMPTY_RECT
04-11 13:13:25.721 D/InsetsSourceProvider( 3590): updateSourceFrameForServerVisibility mandatorySystemGestures EMPTY_RECT
04-11 13:13:25.723 I/ThermalEngine(10385): ACTION: CPU - Setting CPU[6] to 2
04-11 13:13:25.724 D/LocalImageResolver( 8338): Couldn't use ImageDecoder for drawable, falling back to non-resized load.
04-11 13:13:25.724 D/OplusNotificationDateTimeView( 8338): setTime mSettingTimeMillis 1775884405708, mSettingLocalDateTime 2026-04-11T13:13:00.708
04-11 13:13:25.727 D/LocalImageResolver( 8338): Couldn't use ImageDecoder for drawable, falling back to non-resized load.
04-11 13:13:25.727 D/OplusNotificationDateTimeView( 8338): setTime mSettingTimeMillis 1775884405708, mSettingLocalDateTime 2026-04-11T13:13:00.708
04-11 13:13:25.729 D/LocalImageResolver( 8338): Couldn't use ImageDecoder for drawable, falling back to non-resized load.
04-11 13:13:25.729 D/OplusNotificationDateTimeView( 8338): setTime mSettingTimeMillis 1775884405708, mSettingLocalDateTime 2026-04-11T13:13:00.708
04-11 13:13:25.730 I/SystemUi--Notification( 8338): OplusNotificationTempla-->resolveContentMargin: marginTop=112 isChildInGroup=false hasSubtitle=true params.topMargin=112
04-11 13:13:25.730 W/SystemUi--Notification( 8338): OplusNotificationGroupExtImpl-->setChildrenExpanded: groupHeader is null
04-11 13:13:25.732 D/NotificationService--OplusNotificationFixHelper( 3590): fixAppIcon: pkg=com.binance.monitor
04-11 13:13:25.732 D/NotificationService--OplusNotificationFixHelper( 3590): fixAppIcon: appIcon = null, pkg = com.binance.monitor
04-11 13:13:25.733 D/InsetsController( 4478): hide(ime(), fromIme=false)
04-11 13:13:25.733 I/ImeTracker( 4478): com.binance.monitor:a9334b27: onCancelled at PHASE_CLIENT_ALREADY_HIDDEN
04-11 13:13:25.733 I/ThermalEngine(10385): ACTION: CPU - Setting CPU[6] to 0
04-11 13:13:25.734 D/VRI[]   ( 4478): Received frameCommittedCallback lastAttemptedDrawFrameNum=2 didProduceBuffer=false syncBuffer=false
04-11 13:13:25.734 D/VRI[]   ( 4478): draw finished. seqId=0
04-11 13:13:25.734 D/InsetsSourceProvider( 3590): updateSourceFrameForServerVisibility mandatorySystemGestures EMPTY_RECT
04-11 13:13:25.735 D/InsetsSourceProvider( 3590): updateSourceFrameForServerVisibility mandatorySystemGestures EMPTY_RECT
04-11 13:13:25.738 I/PluginSeedling--Track( 8338): RequestHandler-->notificationAdded 0|android|0|com.android.server.wm.AlertWindowNotification - com.binance.monitor|1000 postTime: 1775884405708
04-11 13:13:25.738 E/LockScreenNotificationDispatcherImp( 8338): updateNotificationListOnKg size:0
04-11 13:13:25.738 D/JobSchedulerServiceExtImpl( 3590): updateOsenseRestrictMode for 1 false false
04-11 13:13:25.738 I/Osense-BaseDecisionMaker( 3590): notifySceneToAthenaPolicy: SCENE_ACTIVITY_IDLE, bundle: Bundle[{scene=SCENE_ACTIVITY_IDLE}]
04-11 13:13:25.739 I/ThermalEngine(10385): VIRTUAL-CPU-L-PID, Update received trip sensor cpu-1-1-1 79900
04-11 13:13:25.740 I/JniHook ( 9059): println_native hooked: 0
04-11 13:13:25.740 D/VRI[LauncherUI]( 9059): setWindowStopped stopped:true
04-11 13:13:25.740 I/UserAwareMgr( 3590): handleAppChangedToBg, pkgName: com.tencent.mm, pid: 9059
04-11 13:13:25.740 I/UserAwareMgr( 3590): handleAppChangedToBg, pkgName: com.tencent.mm, pid: 3227
04-11 13:13:25.740 I/UserAwareMgr( 3590): handleAppChangedToBg, pkgName: com.tencent.mm, pid: 31158
04-11 13:13:25.740 W/UserAwareMgr( 3590): app not not found or not visible: {pkgName='com.tencent.mm', serviceName='', procName=com.tencent.mm:appbrand0, pid=31158, uid=10345, appId=0, owner='null', flags='', renderTid=0, hwuiTids=null, glTids=null, threadInfos=null, mVideoActivityList=[], mStates=0}
04-11 13:13:25.740 I/ThermalEngine(10385): VIRTUAL-CPU-L-PID, Update received trip sensor cpu-1-0-1 79900
04-11 13:13:25.740 W/UserAwareMgr( 3590): handleAppChangedToBg process is empty
04-11 13:13:25.741 V/OsAgent ( 8337): broadcastSystemEvent - 7
04-11 13:13:25.742 I/SystemUi--Notification( 8338): NotificationStackScrollLayoutExtImpl-->bind scrollGridCount 3 o.visibleChildrenCount 4 o.childCount 8
04-11 13:13:25.742 I/SystemUi--Notification( 8338): SeparatePanelAnimation-->updateVisibleChildCount change, currentChildCount: 4 totalCount 5
04-11 13:13:25.742 V/OsAgent ( 8337): broadcastSystemEvent - 7
04-11 13:13:25.742 V/OsAgent ( 8337): broadcastSystemEvent - 7
04-11 13:13:25.742 V/OsAgent ( 8337): broadcastSystemEvent - 7
04-11 13:13:25.742 W/SystemUi--Notification( 8338): OplusNotificationGroupExtImpl-->setChildrenExpanded: groupHeader is null
04-11 13:13:25.742 I/SystemUi--Notification( 8338): LockScreenNotificationDispatcherImp-->updateNotificationListOnKg resultCode: 0
04-11 13:13:25.745 I/OplusCpuLimitManager( 3590): Request oomadj change group  uid: 10345 pid: 3364 is moved to newGroup: 10, fromflag: vip app,reason: vip-hbg
04-11 13:13:25.745 I/OplusCpuLimitManager( 3590): Request oomadj change group  uid: 10345 pid: 3350 is moved to newGroup: 10, fromflag: vip app,reason: vip-hbg
04-11 13:13:25.745 I/OplusCpuLimitManager( 3590): Request oomadj change group  uid: 10345 pid: 9448 is moved to newGroup: 10, fromflag: vip app,reason: vip-hbg
04-11 13:13:25.746 I/OplusCpuLimitManager( 3590): CpuLimit SetGrp  uid: 10345 pid: 3364 to 10, fromflag: vip app, reason: vip-hbg
04-11 13:13:25.746 I/OplusCpuLimitManager( 3590): CpuLimit SetGrp  uid: 10345 pid: 3350 to 10, fromflag: vip app, reason: vip-hbg
04-11 13:13:25.747 I/OplusCpuLimitManager( 3590): CpuLimit SetGrp  uid: 10345 pid: 9448 to 10, fromflag: vip app, reason: vip-hbg
04-11 13:13:25.747 I/Finsky  (17276): [2] acgh.onStartJob(128): SCH: job service start with id 9945.
04-11 13:13:25.749 I/Finsky  (17276): [966] kzh.a(256): SCH: Satisfied jobs for 9945 are: 12-1
04-11 13:13:25.749 I/JniHook ( 9059): println_native hooked: 0
04-11 13:13:25.749 D/HTTPDNS ( 9059): com.tencent.mm.ui.LauncherUI@9ddc8dc.onStop
04-11 13:13:25.750 I/Finsky  (17276): [967] zmh.accept(450): SCH: Job 12-1 starting
04-11 13:13:25.751 I/Finsky  (17276): [2] ContentSyncJob.h(14): [ContentSync] job started
04-11 13:13:25.755 I/WindowManager( 3590): Window{e0de363 u0 com.tencent.mm/com.tencent.mm.ui.LauncherUI} state from DRAW_PENDING to NO_SURFACE; reason: destroySurface
04-11 13:13:25.755 D/BackgroundInstallControlService( 3590): Package event received: 0
04-11 13:13:25.756 D/OplusStartingWindowManager( 3590): skip remove starting window for activity = ActivityRecord{240062920 u0 com.tencent.mm/.ui.LauncherUI t12626} ,ar != topActivityContainsStartingWindow on activityStopped
04-11 13:13:25.757 I/OStatsManager_Calc( 3590): add screen power pkgName = com.tencent.mm, uid = 10345, power = 106.23997500538826, is Fg = true, fore size = 2, mScale = 1.0
04-11 13:13:25.757 I/OStatsManager_Calc( 3590): add screen power pkgName = com.binance.monitor, uid = 10512, power = 106.23997500538826, is Fg = true, fore size = 2, mScale = 1.0
04-11 13:13:25.757 I/OStatsManager_Calc( 3590): noteBeforePkgSwitch change = false, curTime = 931621171, com.tencent.mm, fg = true
04-11 13:13:25.757 I/OStatsManager_OplusBatteryStatsManager( 3590): updateStateTime: PkgName = com.tencent.mm, uid = 10345, state to bg, mForegroundCnt = 0, isFg = false
04-11 13:13:25.757 I/OStatsManager_OplusBatteryStatsManager( 3590): notePkgBackground [com.binance.monitor10512], uid = 10345, pid = 9059, pkgName = com.tencent.mm
04-11 13:13:25.757 D/OsenseCommonUtils( 3590): /dev/memcg/apps/uid_10345/memory.app_score not exist
04-11 13:13:25.757 D/OplusAtlas.OplusAudioScene(13847): callback success event:atlas_event_on_foreground_activities_changed eventInfo:pid:9059,uid:10345,hasForegroundActivities:0
04-11 13:13:25.757 D/MssPanelHelper(13847): FOREGROUND_ACTIVITIES_CHANGED package: com.tencent.mm hasForegroundActivities: 0
04-11 13:13:25.758 D/AudioBoost( 2384): audioSchedBoost, pid=2384, tid=3535, enable=1, ret=0
04-11 13:13:25.758 D/AudioFlingerExtImpl( 2384): AudioFlingerExtImpl oplusSetParameters: keyvalue onForegroundActivitiesChanged=com.tencent.mm:foreground:0|10345:9059
04-11 13:13:25.758 D/AudioFlingerExtImpl( 2384): updateForegroundInfo, mapInf mForegroundMap(1)|[com.binance.monitor]=1, uidPidMapInf mForegroundUidPidMap(1)|[10512]=4478
04-11 13:13:25.758 D/AudioBoost( 2384): audioSchedBoost, pid=2384, tid=3535, enable=0, ret=0
04-11 13:13:25.775 I/com.tencent.mm( 9059): _Desupression native alloc gc_urgency: 70135 native bytes: 639924508
04-11 13:13:25.779 D/HWUI    ( 8338): RenderProxy::destroy: this=0xb400007093f26b00, mContext=0xb4000070a7010e00
04-11 13:13:25.779 D/HWUI    ( 8338): SkiaVulkanPipeline::setSurface: this=0xb400007066025ac0, surface=NULL
04-11 13:13:25.780 D/BufferQueueProducer( 8338): [VRI[monitor]#19822(BLAST Consumer)19822](id:209200004d77,api:1,p:8338,c:8338) disconnect: api 1
04-11 13:13:25.781 D/ViewRootImplExtImpl( 8338): wrapConfigInfoIntoFlags rotation=0, smallestScreenWidthDp=0, residentWS=false, scenario=0, bounds=Rect(0, 0 - 1264, 2780), relayoutAsync=false, flags=0, newFlags=1457520640, title=Splash Screen com.binance.monitor
04-11 13:13:25.782 V/WindowManager( 3590): Relayout Window{5d5258a u0 Splash Screen com.binance.monitor}: viewVisibility=8, oldvis=0, req=1264x2780 , apr = 0, vsysui=
04-11 13:13:25.783 D/InsetsSourceProvider( 3590): updateSourceFrameForServerVisibility mandatorySystemGestures EMPTY_RECT
04-11 13:13:25.783 D/InsetsSourceProvider( 3590): updateSourceFrameForServerVisibility mandatorySystemGestures EMPTY_RECT
04-11 13:13:25.784 D/WindowManager( 3590): NFW_findFocusedWindowIfNeeded:Window{da29052 u0 com.binance.monitor/com.binance.monitor.ui.main.MainActivity} mCurrentFocus:Window{da29052 u0 com.binance.monitor/com.binance.monitor.ui.main.MainActivity}
04-11 13:13:25.784 W/WindowOnBackDispatcher( 8338): sendCancelIfRunning: isInProgress=false callback=android.view.ViewRootImpl$$ExternalSyntheticLambda13@816c103
04-11 13:13:25.784 D/WindowManager( 3590): NFW_findFocusedWindowIfNeeded:Window{da29052 u0 com.binance.monitor/com.binance.monitor.ui.main.MainActivity} mCurrentFocus:Window{da29052 u0 com.binance.monitor/com.binance.monitor.ui.main.MainActivity}
04-11 13:13:25.785 D/InsetsSourceProvider( 3590): updateSourceFrameForServerVisibility mandatorySystemGestures EMPTY_RECT
04-11 13:13:25.785 D/SurfaceAnimationRunner( 3590): onAnimationStart:Surface(name=Surface(name=5d5258a Splash Screen com.binance.monitor)/@0x78c0940 - animation-leash of window_animation)/@0x5ddeba5
04-11 13:13:25.785 D/InsetsSourceProvider( 3590): updateSourceFrameForServerVisibility mandatorySystemGestures EMPTY_RECT
04-11 13:13:25.785 D/VRR [OPlusRefreshRatePolicy]( 3590): setRefreshRatePolicy policy=POLICY_SYSTEM, refreshRate=120, statusOn=false
04-11 13:13:25.785 D/VRR [OPlusRefreshRatePolicy]( 3590): setRefreshRatePolicy policy=POLICY_SYSTEM, refreshRate=90, statusOn=true
04-11 13:13:25.785 W/SettingsProvider( 3590): notifyForSettingsChange delay for adfr_policy_change, value: 26468, delta: 0, lastNotifyTimestamp: 883765159, minInterval: 10
04-11 13:13:25.785 D/RefreshRate( 3590): Refresh rate changing from 120.00001 to 90.0,maxRefreshRate=90.0 FOR:{
04-11 13:13:25.785 D/RefreshRate( 3590):     | COURSE[; Win preferred rateId=0, appReqFirst=false, data= RateData{} ;win name:Splash Screen com.binance.monitor]
04-11 13:13:25.785 D/RefreshRate( 3590):     | VOTES[PRIORITY_WINDOW_REQUEST -> Vote{mRefreshRate=90.0, mMinRefreshRate=90.0, mRequestSource=null};]
04-11 13:13:25.785 D/RefreshRate( 3590):     | TIME:2026-04-11 05:13:25}
04-11 13:13:25.785 D/DisplayModeDirector( 3590): setAppRequest displayId : 0  modeId: 3  requestedRefreshRate: 0.0  requestedMinRefreshRateRange: 0.0  requestedMaxRefreshRateRange: 90.0
04-11 13:13:25.785 D/DisplayManagerServiceExtImpl( 3590): scheduleTraversalLocked intraversal=false
04-11 13:13:25.785 D/DisplayManagerService( 3590): performTraversalInternal pendingTraversal
04-11 13:13:25.785 D/DisplayDevice( 3590): setLayerStackLocked id=local:4630946685746860179 token=android.os.BinderProxy@fdd71ea stack=0->0
04-11 13:13:25.785 D/LocalDisplayAdapter( 3590): setDesiredDisplayModeSpecsAsync: display unique id = local:4630946685746860179, display mode specs = defaultMode=2 allowGroupSwitching=false primaryRanges=physical: (0.0 120.0) render:  (0.0 90.0) appRequestRanges=physical: (0.0 120.0) render:  (0.0 90.0) idleScreenRefreshRate=null
04-11 13:13:25.786 D/SurfaceFlinger( 2399): VRR [SurfaceFlinger] setDesiredDisplayModeSpecs, from process 3590, 2, 0, primaryRanges = [ 0.000000, 120.000000, 0.000000, 90.000000 ], appRequestRanges = [ 0.000000, 120.000000, 0.000000 90.000000 ]
04-11 13:13:25.786 I/RefreshRateSelector( 2399): Display 4630946685746860179 policy changed
04-11 13:13:25.786 I/RefreshRateSelector( 2399): Previous: {defaultModeId=0, allowGroupSwitching=false, primaryRanges={physical=[120.00 Hz, 120.00 Hz], render=[120.00 Hz, 120.00 Hz]}, appRequestRanges={physical=[120.00 Hz, 120.00 Hz], render=[120.00 Hz, 120.00 Hz]} idleScreenConfig=nullptr}
04-11 13:13:25.786 I/RefreshRateSelector( 2399): Current:  DisplayManagerPolicy{defaultModeId=2, allowGroupSwitching=false, primaryRanges={physical=[0.00 Hz, 120.00 Hz], render=[0.00 Hz, 90.00 Hz]}, appRequestRanges={physical=[0.00 Hz, 120.00 Hz], render=[0.00 Hz, 90.00 Hz]} idleScreenConfig=nullptr}
04-11 13:13:25.786 I/RefreshRateSelector( 2399): 0 mode changes were performed under the previous policy
04-11 13:13:25.786 D/SurfaceFlinger( 2399): VRR [SurfaceFlinger] applyRefreshRateSelectorPolicy: 2 (90.00 Hz), policy: {defaultModeId=2, allowGroupSwitching=false, primaryRanges={physical=[0.00 Hz, 120.00 Hz], render=[0.00 Hz, 90.00 Hz]}, appRequestRanges={physical=[0.00 Hz, 120.00 Hz], render=[0.00 Hz, 90.00 Hz]} idleScreenConfig=nullptr}
04-11 13:13:25.786 D/SurfaceFlinger( 2399): VRR [SurfaceFlinger] setDesiredActiveMode: displayId: 4630946685746860179, renderRate: 90, vsyncRate: 90, event: 1
04-11 13:13:25.786 D/DisplayModeController( 2399): setDesiredMode 4630946685746860179 {mode={fps=90.00 Hz, modePtr={id=2, vsyncRate=90.00 Hz, peakRefreshRate=90.00 Hz}}, emitEvent=true, force=false}
04-11 13:13:25.786 D/VRR [OTI]( 2399): handleIdle from 0 to 0
04-11 13:13:25.786 D/VRR [OTI-HW]( 2399): isStateReady 0
04-11 13:13:25.786 D/VRR [OTI-HW]( 2399): keep rate.
04-11 13:13:25.786 D/BLASTBufferQueue( 8338): [VRI[monitor]#19822](f:0,a:1) destructor()
04-11 13:13:25.786 D/BufferQueueConsumer( 8338): [VRI[monitor]#19822(BLAST Consumer)19822](id:209200004d77,api:0,p:-1,c:8338) disconnect
04-11 13:13:25.786 D/OplusFeatureDMR[display=0]( 3590): onConfigChanged threadId=70 threadName=OplusDisplayWorkHandler physicalDisplayId=4630946685746860179 modeId=0  
04-11 13:13:25.786 D/CoreBackPreview( 3590): Window{5d5258a u0 Splash Screen com.binance.monitor EXITING}: Setting back callback null
04-11 13:13:25.787 D/DisplayManagerService( 3590): MSG_REQUEST_TRAVERSAL pendingCompleted=false
04-11 13:13:25.787 D/InsetsSourceProvider( 3590): updateSourceFrameForServerVisibility mandatorySystemGestures EMPTY_RECT
04-11 13:13:25.787 W/Choreographer( 8338): Frame time is 0.130087 ms in the future!  Check that graphics HAL is generating vsync timestamps using the correct timebase.
04-11 13:13:25.787 W/Choreographer( 4478): Frame time is 0.108056 ms in the future!  Check that graphics HAL is generating vsync timestamps using the correct timebase.
04-11 13:13:25.789 I/Finsky  (17276): [980] lgm.f(41): Completed 0 account content syncs with 0 successful.
04-11 13:13:25.789 I/Finsky  (17276): [2] ContentSyncJob.a(14): [ContentSync] Installation state replication succeeded.
04-11 13:13:25.789 I/Finsky  (17276): [2] acem.r(83): SCH: jobFinished: 12-1. TimeElapsed: 38ms.
04-11 13:13:25.790 E/PERFHAL-PERFCTRL( 2187): PERFHAL-PERFCTRL: chk_core_online_poll_loop() 748: poll() has timed out for /sys/kernel/msm_performance/events/cpu_hotplug
04-11 13:13:25.790 E/PERFHAL-PERFCTRL( 2187): PERFHAL-PERFCTRL: chk_core_online_poll_loop() 743: Block on poll()
04-11 13:13:25.791 I/Finsky  (17276): [731] pis.accept(67): SCH: Scheduling phonesky job Id: 1-1337, CT: 1775883737376, Constraints: [{ L: 43167025, D: 86367025, C: 1, I: 1, N: 1 }]
04-11 13:13:25.791 I/Finsky  (17276): [731] pis.accept(67): SCH: Scheduling phonesky job Id: 10-4, CT: 1775883736322, Constraints: [{ L: 1200000, D: 86400000, C: 1, I: 1, N: 1 }]
04-11 13:13:25.791 I/Finsky  (17276): [731] pis.accept(67): SCH: Scheduling phonesky job Id: 34-21, CT: 1775883741074, Constraints: [{ L: 79199876, D: 1375199876, C: 1, I: 1, N: 1 }]
04-11 13:13:25.791 I/Finsky  (17276): [731] pis.accept(67): SCH: Scheduling phonesky job Id: 34-23, CT: 1775883742446, Constraints: [{ L: 604800000, D: 2591999661, C: 1, I: 1, N: 1 }]
04-11 13:13:25.792 I/Finsky  (17276): [734] jyn.apply(28): SCH: Scheduling 1 system job(s)
04-11 13:13:25.792 I/Finsky  (17276): [734] aceh.d(88): SCH: Scheduling system job Id: 9951, L: 530530, D: 85698609, C: false, I: false, N: 1
04-11 13:13:25.793 I/Finsky  (17276): [967] acgh.a(26): SCH: job service finished with id 9945.
04-11 13:13:25.793 I/HWC2    ( 2399): [0] setActiveConfigWithConstraints[2]
04-11 13:13:25.793 I/SDM     ( 2181): SDMDisplayIris::SetActiveConfigToIrisWrapper: SetActiveConfigToIrisWrapper [2] on id_: 0
04-11 13:13:25.794 W/SDM     ( 2181): SDMDisplayIris::SetActiveConfigToIrisWrapper: HWC SetActiveConfig [2], switch to [1264x2780@90]
04-11 13:13:25.794 I/SDM     ( 2181): SDMDisplayIris::SetActiveConfigToIrisWrapper: SetActiveConfigToIrisWrapper [2] on id_: 0
04-11 13:13:25.794 W/SDM     ( 2181): SDMDisplayIris::SetActiveConfigToIrisWrapper: HWC SetActiveConfig [2], switch to [1264x2780@90]
04-11 13:13:25.794 W/SDM     ( 2181): HWDeviceDRM::GetSupportedBitClkRate: Requested rate not supported: 1012000000
04-11 13:13:25.794 I/SDM     ( 2181): HWDeviceDRM::UpdateMixerAttributes: Mixer WxH 1264x2780-1 for Peripheral
04-11 13:13:25.794 I/CwbService( 2181): CwbService::notifyConfigChange: display:0, config:2 size:4, sec.size():0
04-11 13:13:25.794 D/SDM     ( 2181): HWDeviceDRM::SetupAtomic: APUIR: m_isswitchfps 2
04-11 13:13:25.795 I/Finsky  (17276): [2] voq.onTrimMemory(13): Memory trim requested to level 40
04-11 13:13:25.795 I/Finsky  (17276): [2] vop.accept(93): Flushing in-memory image cache
04-11 13:13:25.795 I/Finsky:background(17409): [2] voq.onTrimMemory(13): Memory trim requested to level 40
04-11 13:13:25.801 D/OplusFeatureDMR[display=0]( 3590): onConfigChanged threadId=70 threadName=OplusDisplayWorkHandler physicalDisplayId=4630946685746860179 modeId=2  
04-11 13:13:25.802 I/DisplayDeviceRepository( 3590): Display device changed render timings: "内置屏幕", renderFrameRate=90.0, presentationDeadlineNanos=14111110, appVsyncOffsetNanos=6555557, frameRateOverrides=[]
04-11 13:13:25.802 D/LogicalDisplayExt( 3590): set displayInfo flag FLAG_ROTATES_WITH_CONTENT
04-11 13:13:25.802 D/DisplayManagerService( 3590): Delivering display event: displayId=0, event=EVENT_DISPLAY_REFRESH_RATE_CHANGED
04-11 13:13:25.802 D/VRR [OTI-HW]( 2399): isStateReady 0
04-11 13:13:25.802 D/VRR [OTI-HW]( 2399): keep rate.
04-11 13:13:25.802 D/WindowManager( 3590): DeferredDisplayUpdater: partially applying DisplayInfo(1264 x 2780) immediately
04-11 13:13:25.802 E/OplusGestureAnimationManagerPolicy( 3590): mScreenHeight:2780 mScreenWidth:1264 mRotation:0
04-11 13:13:25.802 D/AudioBoost( 2384): audioSchedBoost, pid=2384, tid=3535, enable=1, ret=0
04-11 13:13:25.802 D/AudioFlingerExtImpl( 2384): AudioFlingerExtImpl oplusSetParameters: keyvalue screen_state=on
04-11 13:13:25.802 D/DeviceHalAidl( 2384): [default] setParameters: parameters: "screen_state=on"
04-11 13:13:25.802 I/OplusBinderProxy( 3590): pb uid: 99910345 pid: 20201 desc: android.hardware.display.IDisplayManagerCallback/1
04-11 13:13:25.802 W/OPLUS_LOG_LOAD( 2128): ==LOGS PROG INFO, prog(audiohalservice.qti) ==
04-11 13:13:25.802 I/PAL: ResourceManager( 2128): setParameter: 11709: Screen State:1
04-11 13:13:25.802 D/DeviceHalAidl( 2384): [usb] setParameters: parameters: "screen_state=on"
04-11 13:13:25.802 D/SDM     ( 2181): HWDeviceDRM::SetupAtomic: APUIR: m_isswitchfps 1
04-11 13:13:25.802 D/AHAL_Module( 2128): updateScreenState: usb: 1
04-11 13:13:25.803 D/DeviceHalAidl( 2384): [r_submix] setParameters: parameters: "screen_state=on"
04-11 13:13:25.803 D/AHAL_Module( 2128): updateScreenState: r_submix: 1
04-11 13:13:25.803 D/DeviceHalAidl( 2384): [bluetooth] setParameters: parameters: "screen_state=on"
04-11 13:13:25.803 D/AHAL_Module( 2128): updateScreenState: bluetooth: 1
04-11 13:13:25.803 D/DeviceHalAidl( 2384): [binaural_record] setParameters: parameters: "screen_state=on"
04-11 13:13:25.803 D/AHAL_Module( 2128): updateScreenState: bluetooth: 1
04-11 13:13:25.803 D/DeviceHalAidl( 2384): [virtual] setParameters: parameters: "screen_state=on"
04-11 13:13:25.803 D/AHAL_Module( 2128): updateScreenState: stub: 1
04-11 13:13:25.803 D/OplusVFXScreenEffectFeature( 3590): notifySFCompatWindowStateChange entered false
04-11 13:13:25.803 D/FSS_FoldScreenBlackCoverController( 3590): displayChangeToOn, dc:Display{#0 state=ON size=1264x2780 ROTATION_0}
04-11 13:13:25.803 D/[PREVIEW]( 2399): SF obtain preview_adapter: 0
04-11 13:13:25.803 D/[PREVIEW]( 2399): TabletPreviewAdapter::parallel world 0
04-11 13:13:25.803 D/InsetsSourceProvider( 3590): updateSourceFrameForServerVisibility mandatorySystemGestures EMPTY_RECT
04-11 13:13:25.803 D/AudioBoost( 2384): audioSchedBoost, pid=2384, tid=3535, enable=0, ret=0
04-11 13:13:25.804 I/KeyguardDisplayManager( 8338): onDisplayChanged displayId: 0
04-11 13:13:25.804 I/SystemUi--Keyguard( 8338): KeyguardDisplayManagerExImpl-->orientationChanged=false, presentationDisplayChanged=false, lastPresentationWidth=0, lastPresentationHeight=0, lastPresentationDensity=0
04-11 13:13:25.814 D/SDM     ( 2181): HWDeviceDRM::SetupAtomic: APUIR: m_isswitchfps 0
04-11 13:13:25.838 D/IMApp-264-10345(14034): transport layer data is invalid
04-11 13:13:25.838 D/IMApp-255-10345(14034): transport layer data is invalid
04-11 13:13:25.838 D/ScorePolicy(14034): handleScoreChanged: []
04-11 13:13:25.838 D/ScorePolicy(14034): handleScoreChanged: []
04-11 13:13:25.838 D/ScorePolicy(14034): handleScoreChanged: []
04-11 13:13:25.851 D/VRR [OPlusRefreshRateService]( 3590): handleConfigIdChange physicalDisplayId: 4630946685746860179 configId: 2 renderPeriod: 11111111
04-11 13:13:25.852 D/VRR [OPlusGameStatusManager]( 3590): updateGameState mOSyncFeatureSwitch: false mIsGamePolicy: false
04-11 13:13:25.852 D/VRR [OPlusGameStatusManager]( 3590): updateGameAccelerationStatus pkgName: com.binance.monitor mOSyncFeatureSwitch: false mIsGamePolicy: false mHeartStop: false mHasFlickerRisk: false mForceAcceleration: false mToastReady: false enable: false
04-11 13:13:25.852 D/VRR [OPlusExternalRefreshRateManager]( 3590):  Display refreshrate :90 , Switch to OTI-HW 
04-11 13:13:25.852 D/VRR [OTI-HW]( 2399): isStateReady 0
04-11 13:13:25.852 D/VRR [OTI-HW]( 2399): keep rate.
04-11 13:13:25.871 V/OsAgent ( 8337): broadcastSystemEvent - 7
04-11 13:13:25.872 I/FontLog (25257): (REDACTED) Received query %s, URI %s
04-11 13:13:25.873 W/ServiceManagerCppClient( 4482): Waited one second for SystemClearService (is service started? Number of threads started in the threadpool: 16. Are binder threads started and available?)
04-11 13:13:25.873 W/ServiceManagerCppClient( 4482): Waited one second for SystemClearService (is service started? Number of threads started in the threadpool: 16. Are binder threads started and available?)
04-11 13:13:25.873 I/FontLog (25257): (REDACTED) Query [%s] resolved to %s
04-11 13:13:25.874 W/libc    ( 1254): Unable to set property "ctl.interface_start" to "aidl/SystemClearService": PROP_ERROR_HANDLE_CONTROL_MESSAGE (0x20)
04-11 13:13:25.874 D/QmiClient( 2727): qmiServiceEventCallback recv msg id 1099
04-11 13:13:25.874 D/QmiClient( 2727): enter -mServiceType 4 onQmiServiceEventCallback msgId 1099
04-11 13:13:25.874 D/QmiClient( 2727): onQmiServiceEventCallback - enter. msgId=1099
04-11 13:13:25.874 D/QmiVsClientEvent( 2727): QosPeriodReportInd MSG IND data_len 2052
04-11 13:13:25.874 D/QmiVsClientEvent( 2727): qmiVsClientNotifyQosPeriodReportIndEvent - RADIO_EVENT_QOS_PERIOD_REPORT_NOTIFY_IND
04-11 13:13:25.874 W/libc    ( 1254): Unable to set property "ctl.interface_start" to "aidl/SystemClearService": PROP_ERROR_HANDLE_CONTROL_MESSAGE (0x20)
04-11 13:13:25.874 D/VsProxy ( 2727): handleMessage msg is 2420
04-11 13:13:25.874 D/QmiClient( 3438): qmiServiceEventCallback recv msg id 1099
04-11 13:13:25.874 D/QmiClient( 3438): enter -mServiceType 4 onQmiServiceEventCallback msgId 1099
04-11 13:13:25.874 D/QmiClient( 3438): onQmiServiceEventCallback - enter. msgId=1099
04-11 13:13:25.874 D/QmiVsClientEvent( 3438): QosPeriodReportInd MSG IND data_len 2052
04-11 13:13:25.874 D/QmiVsClientEvent( 3438): qmiVsClientNotifyQosPeriodReportIndEvent - RADIO_EVENT_QOS_PERIOD_REPORT_NOTIFY_IND
04-11 13:13:25.874 D/VsProxy ( 2727): handleQosPeriodReportInd for instance 0 data_len 145
04-11 13:13:25.874 D/VsProxy ( 3438): handleMessage msg is 2420
04-11 13:13:25.874 D/VsProxy ( 3438): handleQosPeriodReportInd for instance 1 data_len 210
04-11 13:13:25.874 D/SubsysRadioIndication[0](14034): radioQosPeriodReportInd result [8, -88, -109, -11, -49, 14, 34, 12, 8, -77, -114, -18, -49, 14, 16, 4, 24, 1, 32, 3, 58, 61, 8, -52, -121, -11, -49, 14, 16, 5, 24, -64, -92, 38, 32, -22, 6, 40, -100, -1, -1, -1, -1, -1, -1, -1, -1, 1, 48, -11, -1, -1, -1, -1, -1, -1, -1, -1, 1, 56, 5, 64, -108, -1, -1, -1, -1, -1, -1, -1, -1, 1, 72, -100, -1, -1, -1, -1, -1, -1, -1, -1, 1, 66, 29, 8, -58, -2, -37, -49, 14, 16, 5, 34, 19, 8, -64, -92, 38, 16, -22, 6, 24, 78, 32, 13, 40, -117, -32, -94, -93, 2, 48, 2, 90, 0, 98, 10, 8, -95, -8, -37, -49, 14, 16, 3, 24, 5, 122, 15, 8, -109, -8, -37, -49, 14, 16, -18, 2, 24, -21, 1, 32, -60, 9]
04-11 13:13:25.874 D/SubsysRadioIndication[1](14034): radioQosPeriodReportInd result [8, -88, -109, -11, -49, 14, 18, 21, 8, -48, -110, -11, -49, 14, 16, 11, 32, -95, 23, 40, 11, 56, -65, 2, 64, -22, 1, 72, 1, 26, 13, 8, -84, -110, -11, -49, 14, 16, 12, 40, 11, 56, -83, 11, 34, 12, 8, -77, -114, -18, -49, 14, 16, 4, 24, 1, 32, 3, 58, 81, 8, -48, -110, -11, -49, 14, 16, 5, 24, -98, -23, 30, 32, -54, 1, 40, -96, -1, -1, -1, -1, -1, -1, -1, -1, 1, 48, -14, -1, -1, -1, -1, -1, -1, -1, -1, 1, 64, -99, -1, -1, -1, -1, -1, -1, -1, -1, 1, 72, -96, -1, -1, -1, -1, -1, -1, -1, -1, 1, 80, -100, -1, -1, -1, -1, -1, -1, -1, -1, 1, 88, -96, -1, -1, -1, -1, -1, -1, -1, -1, 1, 66, 31, 8, -60, -114, -18, -49, 14, 16, 5, 24, 2, 34, 19, 8, -98, -23, 30, 16, -54, 1, 24, 41, 32, 13, 40, -126, -128, -52, -67, 21, 48, 2, 90, 0, 98, 10, 8, -3, -10, -19, -49, 14, 16, 3, 24, 5, 122, 20, 8, -20, -111, -11, -49, 14, 16, -1, -1, 1, 24, -1, -1, 1, 32, -1, -1, -1, -1, 15]
04-11 13:13:25.874 D/NetworkService[0](14034): handleMessage what:1005
04-11 13:13:25.874 D/RadioAtomTracker(14034): parseQosPeriodData ModemQos:CellularQosInfo2{5G, 627264/874, EndcState=0, Band=78, DLBW=13, Rsrp=-100, Rsrq=-11, Snr=5, SvcStatus=3, ULPDCPNumDataPdu=-1, ULPDCPNumDropPdu=-1, ULPDCPTput=-1, ULRLCNumDataPdu=-1, ULRLCNumRetxPdu=-1, ULGrant=-1, ULBSR=-1, ULBler=-1, DLPDCPNumDataPdu=-1, DLPDCPTput=-1, DLRLCNumDataPdu=-1, DLRLCNumRetxPdu=-1, DLRLCNumDropPdu=-1, DLMACPaddingBytes=-1, DLPdcpNumMissToUppPdu=-1, DLBler=-1, RlfCount=0, CellChangeCount=0, IsRedirectionOccur=0, IsDualSimConflict=0, Latency=0, Sub1RrcState=1, Sub2RrcState=3, RachCount=0, CalcPower=366, Mtpl=235, PathLoss=1220, CellLoad=0}
04-11 13:13:25.874 D/NetworkService[0](14034): EVENT_REG_QOS_PERIOD_REPORT_IND_CHANGED ENTER
04-11 13:13:25.874 D/NetworkService[1](14034): handleMessage what:1005
04-11 13:13:25.874 D/RadioAtomTracker(14034): parseQosPeriodData ModemQos:CellularQosInfo1{5G, 504990/202, EndcState=2, Band=41, DLBW=13, Rsrp=-96, Rsrq=-14, Snr=0, SvcStatus=3, ULPDCPNumDataPdu=11, ULPDCPNumDropPdu=0, ULPDCPTput=2977, ULRLCNumDataPdu=11, ULRLCNumRetxPdu=0, ULGrant=319, ULBSR=234, ULBler=1, DLPDCPNumDataPdu=11, DLPDCPTput=1453, DLRLCNumDataPdu=12, DLRLCNumRetxPdu=0, DLRLCNumDropPdu=0, DLMACPaddingBytes=0, DLPdcpNumMissToUppPdu=0, DLBler=0, RlfCount=0, CellChangeCount=0, IsRedirectionOccur=0, IsDualSimConflict=0, Latency=12, Sub1RrcState=1, Sub2RrcState=3, RachCount=0, CalcPower=32767, Mtpl=32767, PathLoss=-1, CellLoad=0}
04-11 13:13:25.874 D/NetworkService[1](14034): tryReportModemUlTPutGuarantee: clear calculator
04-11 13:13:25.874 D/NetworkService[1](14034): EVENT_REG_QOS_PERIOD_REPORT_IND_CHANGED ENTER
04-11 13:13:25.874 D/AtomModemKpiInfo(14034): handleMessage what:1001
04-11 13:13:25.874 D/AtomModemKpiInfo(14034): analyseQosInfo success
04-11 13:13:25.877 I/FontLog (25257): (REDACTED) Fetch %s end status %s
04-11 13:13:25.880 I/FontLog (25257): (REDACTED) Pulling font file for id = %d, cache size = %d
04-11 13:13:25.882 I/FontLog (25257): (REDACTED) Pulling font file for id = %d, cache size = %d
04-11 13:13:25.883 D/libc-netbsd( 4478): [oplusDnsOpenProxy]: __netdClientDispatch.connect errno = 111
04-11 13:13:25.883 D/libc-netbsd( 4478): [oplusDnsOpenProxy]: __netdClientDispatch.connect errno = 111
04-11 13:13:25.883 D/libc-netbsd( 4478): [oplusDnsOpenProxy]: __netdClientDispatch.connect errno = 111
04-11 13:13:25.885 D/NetworkService[1](14034): getIfIndexByNetid netId:255,ifName:tun0,ifIndex:97
04-11 13:13:25.885 D/NetworkService[0](14034): getIfIndexByNetid netId:255,ifName:tun0,ifIndex:97
04-11 13:13:25.902 D/VRR [OPlusSAManager]( 3590): updateAutoMinfps for 4630946685746860179 with nits: 87.90722, mHistOK true, mAmbientOK true, mCctOK true, mIrOK true, mBrightnessOK true, isPkgOK true, SA min fps: 8
04-11 13:13:25.902 I/VRR-[OPlusRefreshRateSelector]( 2399): updateAutoMode success, display 0, mode 0, fakeframe 1, min fps: 10
04-11 13:13:25.903 I/SDM     ( 2181): DisplayBuiltIn::SetQSyncMode: VRR + update qsync mode 0 minfps 00C0818A
04-11 13:13:25.904 E/SDM     ( 2181): DRMConnector::Perform: Connector 68: Setting Qsync min fps 12616074
04-11 13:13:25.912 I/ostats_tpd(10330): stats_write, records atomId:100100, event_id:903, cpu:1, values: 903-0-1-213-(cpu-1-1-1)-28-0-1
04-11 13:13:25.912 I/ThermalEngine(10385): VIRTUAL-CPU-L-PID, Update received trip sensor cpu-1-1-1 92300
04-11 13:13:25.912 I/ostats_tpd(10330): stats_write, records atomId:100100, event_id:903, cpu:3, values: 903-0-1-10614-(cpu-1-1-1)-28-0-1
04-11 13:13:25.925 I/sensors-hal( 2113): handle_sns_std_sensor_event:114, oplus rgb_rear sample: (cct, lux, ir, x, y)[9078, 21, 222, 268, 336]
04-11 13:13:25.926 I/sensors-hal( 2113): handle_sns_std_sensor_event:116, oplus rgb_rear sample: (r, g, b, c w)[830, 1646, 306, 367, 0]
04-11 13:13:25.926 I/SDM     ( 2181): PartialUpdateSrcSplit::SetCwbRoiForNonPU: CWB ROI Rect(754.000000 49.000000 794.000000 119.000000)
04-11 13:13:25.926 I/ThermalEngine(10385): VIRTUAL-CPU-L-PID, Update received trip sensor cpu-1-1-1 79900
04-11 13:13:25.935 D/SurfaceAnimationRunner( 3590): onAnimationEnd:Surface(name=Surface(name=5d5258a Splash Screen com.binance.monitor)/@0x78c0940 - animation-leash of window_animation)/@0x5ddeba5
04-11 13:13:25.935 I/WindowStateExtImpl( 3590): onSurfaceShowChange show = false mPackageName = com.binance.monitor parentPkgName = com.binance.monitor
04-11 13:13:25.935 I/WindowManager( 3590): Window{5d5258a u0 Splash Screen com.binance.monitor EXITING} state from HAS_DRAWN to NO_SURFACE; reason: destroySurface
04-11 13:13:25.935 D/InsetsSourceProvider( 3590): updateSourceFrameForServerVisibility mandatorySystemGestures EMPTY_RECT
04-11 13:13:25.936 D/InsetsSourceProvider( 3590): updateSourceFrameForServerVisibility mandatorySystemGestures EMPTY_RECT
04-11 13:13:25.941 D/BatteryChargeControl( 2280): bcc get no support from charging protocol
04-11 13:13:25.946 D/InsetsSourceProvider( 3590): updateSourceFrameForServerVisibility mandatorySystemGestures EMPTY_RECT
04-11 13:13:25.958 D/AudioBoost( 2384): audioSchedBoost, pid=2384, tid=3535, enable=1, ret=0
04-11 13:13:25.958 D/AudioFlingerExtImpl( 2384): AudioFlingerExtImpl oplusSetParameters: keyvalue SeftScenesChange=0,1,9059
04-11 13:13:25.958 D/DeviceHalAidl( 2384): [default] setParameters: parameters: "SeftScenesChange=0,1,9059"
04-11 13:13:25.959 D/AHAL_HFP_QTI( 2128): hfp_set_parameters enter
04-11 13:13:25.959 D/AHAL_HFP_QTI( 2128): hfp_set_parameters Exit
04-11 13:13:25.959 D/AHAL_ModulePrimary_OPLUS( 2128): processSetVendorParameters: kvpairs: SeftScenesChange=0,1,9059;
04-11 13:13:25.959 D/DeviceHalAidl( 2384): [usb] setParameters: parameters: "SeftScenesChange=0,1,9059"
04-11 13:13:25.959 E/ConversionHelperAidl( 2384): Function: parseAndSetVendorParameters Line: 94 Failed 
04-11 13:13:25.959 D/DeviceHalAidl( 2384): [r_submix] setParameters: parameters: "SeftScenesChange=0,1,9059"
04-11 13:13:25.959 D/AHAL_ModuleRemoteSubmix( 2128): setVendorParameters: parameter count 1, async: 0
04-11 13:13:25.959 D/DeviceHalAidl( 2384): [bluetooth] setParameters: parameters: "SeftScenesChange=0,1,9059"
04-11 13:13:25.959 E/ConversionHelperAidl( 2384): Function: parseAndSetVendorParameters Line: 94 Failed 
04-11 13:13:25.959 D/DeviceHalAidl( 2384): [binaural_record] setParameters: parameters: "SeftScenesChange=0,1,9059"
04-11 13:13:25.959 D/DeviceHalAidl( 2384): [virtual] setParameters: parameters: "SeftScenesChange=0,1,9059"
04-11 13:13:25.959 E/ConversionHelperAidl( 2384): Function: parseAndSetVendorParameters Line: 94 Failed 
04-11 13:13:25.959 D/AudioBoost( 2384): audioSchedBoost, pid=2384, tid=3535, enable=0, ret=0
04-11 13:13:25.959 D/AudioPolicyManagerExtImpl( 2384): setParameters SeftScenesChange=0,1,9059
04-11 13:13:25.966 E/CwbService( 2181): Panel not support apl read or getDisplayPanelAplValue timeout 10ms.
04-11 13:13:25.966 D/SensorFeature( 2258): name=ssc_screenshot_info ,index = 22
04-11 13:13:25.966 D/SensorFeature( 2258): write 39 bytes:931621358731734,931621369842845,37542,0
04-11 13:13:26.021 D/QmiClient( 3438): qmiServiceEventCallback recv msg id 47
04-11 13:13:26.021 D/QmiClient( 3438): enter -mServiceType 10 onQmiServiceEventCallback msgId 47
04-11 13:13:26.021 D/QmiClient( 3438): onQmiServiceEventCallback - enter. msgId=47
04-11 13:13:26.021 D/OttProxy( 3438): handleMessage msg is 3001
04-11 13:13:26.021 D/SubsysRadioIndication[1](14034): radioLinkLatencyInfoInd
04-11 13:13:26.021 D/AppSenseConfig(14034): getIgnoreAppList: [com.android.launcher, com.android.contacts, com.oplus.wirelesssettings, com.coloros.alarmclock, com.coloros.calculator, com.coloros.calendar, com.coloros.phonemanager, com.android.settings, com.android.phone, com.oplus.nas, com.oplus.nhs, com.oplus.appdetail, com.android.permissioncontroller, com.oplus.pscanvas, com.oplus.autotest.test.ctp, com.android.systemui, com.android.systemui.overlay.fingerprint.anim.fy, com.android.systemui.overlay.fingerprint.anim.qy, com.android.systemui.overlay.fingerprint.anim.sw, com.android.systemui.overlay.fingerprint.anim.xw, com.android.systemui.overlay.fingerprint.anim.ccyh, com.android.systemui.overlay.fingerprint.anim.halo, com.android.systemui.overlay.fingerprint.anim.jslz, com.android.systemui.overlay.fingerprint.anim.none, com.android.systemui.overlay.fingerprint.anim.xklc]
04-11 13:13:26.021 D/AppSenseConfig(14034): getIgnoreAppList: [com.android.launcher, com.android.contacts, com.oplus.wirelesssettings, com.coloros.alarmclock, com.coloros.calculator, com.coloros.calendar, com.coloros.phonemanager, com.android.settings, com.android.phone, com.oplus.nas, com.oplus.nhs, com.oplus.appdetail, com.android.permissioncontroller, com.oplus.pscanvas, com.oplus.autotest.test.ctp, com.android.systemui, com.android.systemui.overlay.fingerprint.anim.fy, com.android.systemui.overlay.fingerprint.anim.qy, com.android.systemui.overlay.fingerprint.anim.sw, com.android.systemui.overlay.fingerprint.anim.xw, com.android.systemui.overlay.fingerprint.anim.ccyh, com.android.systemui.overlay.fingerprint.anim.halo, com.android.systemui.overlay.fingerprint.anim.jslz, com.android.systemui.overlay.fingerprint.anim.none, com.android.systemui.overlay.fingerprint.anim.xklc]
04-11 13:13:26.021 D/SubsysRadioIndication[1](14034): notify enter
04-11 13:13:26.021 D/AppSenseConfig(14034): getIgnoreAppList: [com.android.launcher, com.android.contacts, com.oplus.wirelesssettings, com.coloros.alarmclock, com.coloros.calculator, com.coloros.calendar, com.coloros.phonemanager, com.android.settings, com.android.phone, com.oplus.nas, com.oplus.nhs, com.oplus.appdetail, com.android.permissioncontroller, com.oplus.pscanvas, com.oplus.autotest.test.ctp, com.android.systemui, com.android.systemui.overlay.fingerprint.anim.fy, com.android.systemui.overlay.fingerprint.anim.qy, com.android.systemui.overlay.fingerprint.anim.sw, com.android.systemui.overlay.fingerprint.anim.xw, com.android.systemui.overlay.fingerprint.anim.ccyh, com.android.systemui.overlay.fingerprint.anim.halo, com.android.systemui.overlay.fingerprint.anim.jslz, com.android.systemui.overlay.fingerprint.anim.none, com.android.systemui.overlay.fingerprint.anim.xklc]
04-11 13:13:26.021 D/NetworkService[1](14034): handleMessage what:1008
04-11 13:13:26.022 D/NetworkService[1](14034): EVENT_REG_LINK_LATENCY_INFO_CHANGE ulLatency:11231
04-11 13:13:26.022 D/ActivityAdapter(14034): taskChange: pre: 1, cur: 1, changed:true
04-11 13:13:26.022 D/ActivityAdapter(14034): app com.tencent.mm; com.tencent.mm.ui.LauncherUI; 1; COMMON; 10345 exit
04-11 13:13:26.022 D/ActivityAdapter(14034): isEnterBGAppScene, mActiveUidMap has no app com.tencent.mm
04-11 13:13:26.022 D/ActivityAdapter(14034): notifyActivityQuery: [com.binance.monitor; com.binance.monitor.ui.main.MainActivity; 1; COMMON; 10512]
04-11 13:13:26.022 D/OPlusFrontAppManager(14034): useAdapterResult, pkg=com.binance.monitor,activity=com.binance.monitor.ui.main.MainActivity,result=true
04-11 13:13:26.022 D/OPlusFrontAppManager(14034): decide -->> [com.binance.monitor; com.binance.monitor.ui.main.MainActivity; 1; COMMON; 10512]
04-11 13:13:26.022 D/ActivityAdapter(14034): notifyActivityQuery: [com.binance.monitor; com.binance.monitor.ui.main.MainActivity; 1; COMMON; 10512]
04-11 13:13:26.022 D/OPlusFrontAppManager(14034): useAdapterResult, pkg=com.binance.monitor,activity=com.binance.monitor.ui.main.MainActivity,result=true
04-11 13:13:26.022 D/OPlusFrontAppManager(14034): decide -->> [com.binance.monitor; com.binance.monitor.ui.main.MainActivity; 1; COMMON; 10512]
04-11 13:13:26.022 D/ConferenceScene(14034): pkg:com.binance.monitor, activity:com.binance.monitor.ui.main.MainActivity, appSense:COMMON
04-11 13:13:26.022 D/ConferenceScene(14034): pkg:com.tencent.mm, activity:com.tencent.mm.ui.LauncherUI, appSense:COMMON
04-11 13:13:26.022 D/CellMap/GameLatencyMapService(14034): handleAppSceneChange: [{pkgName:com.binance.monitor,activityName:,winMode:1,event:COMMON,type:0,subEvent:0,pid:4478,uid:10512}]
04-11 13:13:26.022 D/AtomHighLoadSenseInfo(14034): handleMessage what:1000
04-11 13:13:26.022 D/AtomHighLoadSenseInfo(14034): handleAppSenseChanged original mode:{live:0,video:0,voice call:0,video call:0,live host:0,meeting:0}
04-11 13:13:26.022 D/Subsys-ScoreAppManager(14034): handleMessage what:2
04-11 13:13:26.022 D/AtomHighLoadSenseInfo(14034): handleAppSenseChanged appInfoUnit:{pkgName:com.binance.monitor,activityName:,winMode:1,event:COMMON,type:0,subEvent:0,pid:4478,uid:10512}
04-11 13:13:26.022 D/CellMap/QoeMapService(14034): handleAppSceneChange: [{pkgName:com.binance.monitor,activityName:,winMode:1,event:COMMON,type:0,subEvent:0,pid:4478,uid:10512}]
04-11 13:13:26.022 D/AtomNetworkScoreInfo(14034): handleMessage: 1006
04-11 13:13:26.022 D/AtomNetworkScoreInfo(14034): top app size: 1
04-11 13:13:26.022 D/AtomNetworkScoreInfo(14034): Front app state: 1
04-11 13:13:26.022 D/Subsys-ScoreAppManager(14034): EVENT_ID_APP_SENSE_CHANGE  onFrontActivityChanged
04-11 13:13:26.022 D/AtomModemKpiInfo(14034): handleMessage what:1000
04-11 13:13:26.022 D/Subsys-ScoreAppManager(14034): appSceneChange fgAppUnits size 1 fgAppUnits [{pkgName:com.binance.monitor,activityName:,winMode:1,event:COMMON,type:0,subEvent:0,pid:4478,uid:10512}] mLastNetworkList[255, 264]
04-11 13:13:26.022 D/SceneService(14034): handleMessage what:1004
04-11 13:13:26.022 D/IMApp-255-10345(14034): destory
04-11 13:13:26.022 D/IMApp-255-10345(14034): stopDataCollection
04-11 13:13:26.022 D/IMApp-255-10345(14034): current network isn't cellular,not need disable modem report
04-11 13:13:26.022 D/SceneService(14034): notifyAppSceneChanged original mode:{live:0,video:0,voice call:0,video call:0,live host:0,game:0,meeting:0,news:0,file transfer:0},appInfoUnit:[{pkgName:com.binance.monitor,activityName:,winMode:1,event:COMMON,type:0,subEvent:0,pid:4478,uid:10512}]
04-11 13:13:26.022 D/ExtremeCommService(14034): handleMessage what:1012
04-11 13:13:26.022 D/IMApp-255-10345(14034): Remaining data save time: 0
04-11 13:13:26.022 D/ExtremeCommService(14034): updateAppInfo appInfoUnit: com.binance.monitor, winMode:1
04-11 13:13:26.022 D/Subsys-ScoreAppManager(14034): createApp
04-11 13:13:26.022 D/FrontAppsEvent(14034): receive msg:1001
04-11 13:13:26.022 D/FrontAppsEvent(14034): onAppSceneUpdate, infoList:[{pkgName:com.binance.monitor,activityName:,winMode:1,event:COMMON,type:0,subEvent:0,pid:4478,uid:10512}]
04-11 13:13:26.022 D/CellMap/QoeMapService(14034): handleAppSceneChange update: 0
04-11 13:13:26.022 D/PolicyHandler(14034): updateEventContext trigger event Event{mEventName=FAE,mNickName=frontapp,mEventVal=false,mDefaultVal=false,mId=-1,mDefaultId=-1,mInstanceId=0,mUseNameId=false}
04-11 13:13:26.022 D/AppSenseClient( 3590): handleMessage: 100
04-11 13:13:26.022 D/CommonApp-255-10512(14034): init22
04-11 13:13:26.022 D/AppSenseClient( 3590): handleSenseEvent appInfoUnits: {pkgName:com.binance.monitor,activityName:com.binance.monitor.ui.main.MainActivity,winMode:1,event:COMMON,type:0,subEvent:0,pid:4478,uid:10512},
04-11 13:13:26.022 D/AppSenseClient( 3590): handleSenseEvent clients: 1
04-11 13:13:26.022 D/NetworkService[0](14034): getIfIndexByNetid netId:255,ifName:tun0,ifIndex:97
04-11 13:13:26.022 D/AppSenseClient( 3590): handleSenseEvent clientId: 224279445
04-11 13:13:26.022 D/NetworkService[0](14034): getIfIndexByNetid netId:255,ifName:tun0,ifIndex:97
04-11 13:13:26.022 D/AppSenseClient( 3590): notifyAppEvent: pkgName: com.binance.monitor,activityName:com.binance.monitor.ui.main.MainActivity;state: 1;event: COMMON;type: 0;subEvent: 0;pid: 4478;uid: 10512
04-11 13:13:26.022 D/CommonApp-255-10512(14034): BaseApp init, mNetId 255 mIfIndex 97 network 255
04-11 13:13:26.022 D/AppSenseClient( 3590): notifyAppEvent: pkgName: com.tencent.mm,activityName:com.tencent.mm.ui.LauncherUI;state: 0;event: COMMON;type: 0;subEvent: 0;pid: 9059;uid: 10345
04-11 13:13:26.022 D/AppSenseClient( 3590): notifyAppChanges: [{pkgName:com.binance.monitor,activityName:com.binance.monitor.ui.main.MainActivity,winMode:1,event:COMMON,type:0,subEvent:0,pid:4478,uid:10512}]
04-11 13:13:26.022 E/PhoneInterfaceManager( 8406): getServiceStateForSlot retuning null for invalid slotIndex=-1
04-11 13:13:26.022 D/AppSenseClient( 8406): handleMessage: 100
04-11 13:13:26.022 D/AppSenseClient( 8498): handleMessage: 100
04-11 13:13:26.022 D/AppSenseClient( 8406): handleSenseEvent appInfoUnits: {pkgName:com.binance.monitor,activityName:com.binance.monitor.ui.main.MainActivity,winMode:1,event:COMMON,type:0,subEvent:0,pid:4478,uid:10512},
04-11 13:13:26.022 D/AppSenseClient( 8498): handleSenseEvent appInfoUnits: {pkgName:com.binance.monitor,activityName:com.binance.monitor.ui.main.MainActivity,winMode:1,event:COMMON,type:0,subEvent:0,pid:4478,uid:10512},
04-11 13:13:26.022 D/AppSenseClient( 8498): handleSenseEvent clients: 1
04-11 13:13:26.022 D/CommonApp-255-10512(14034): choiceScoreWay
04-11 13:13:26.022 D/AppSenseClient( 8406): handleSenseEvent clients: 1
04-11 13:13:26.022 D/AppSenseClient( 8498): handleSenseEvent clientId: 74017188
04-11 13:13:26.022 D/AppSenseClient( 8406): handleSenseEvent clientId: 101737326
04-11 13:13:26.022 D/CommonApp-255-10512(14034): useTraditionalScore
04-11 13:13:26.022 D/CommonApp-255-10512(14034): initState
04-11 13:13:26.022 D/AppSenseClient( 8498): notifyAppEvent: pkgName: com.binance.monitor,activityName:com.binance.monitor.ui.main.MainActivity;state: 1;event: COMMON;type: 0;subEvent: 0;pid: 4478;uid: 10512
04-11 13:13:26.022 D/CommonApp-255-10512(14034): createScenarios
04-11 13:13:26.022 D/AppSenseClient( 8406): notifyAppEvent: pkgName: com.binance.monitor,activityName:com.binance.monitor.ui.main.MainActivity;state: 1;event: COMMON;type: 0;subEvent: 0;pid: 4478;uid: 10512
04-11 13:13:26.022 D/CommonApp-255-10512(14034): init end
04-11 13:13:26.022 D/AppSenseClient( 8406): notifyAppEvent: pkgName: com.tencent.mm,activityName:com.tencent.mm.ui.LauncherUI;state: 0;event: COMMON;type: 0;subEvent: 0;pid: 9059;uid: 10345
04-11 13:13:26.022 D/AppSenseClient( 8498): notifyAppEvent: pkgName: com.tencent.mm,activityName:com.tencent.mm.ui.LauncherUI;state: 0;event: COMMON;type: 0;subEvent: 0;pid: 9059;uid: 10345
04-11 13:13:26.022 D/IMApp-264-10345(14034): destory
04-11 13:13:26.022 D/IMApp-264-10345(14034): stopDataCollection
