--------- beginning of main
04-11 13:13:23.658 I/SDM     ( 2181): DisplayBuiltIn::IdlePowerCollapse: IPC received, disabling partial update for one frame
04-11 13:13:23.672 I/sensors-hal( 2113): handle_oplus_wise_rgb_event:189, high_pwm_light:lux 107.8,cct 5611.4,brl/algo/ir 1309.0/2.0/61.6,pwm/dc 0.0/0.0,rgbc 5139.812500/3446.168213/2151.601318/9564.170898,ts 931618997567452,cnt 13990,flag 37534
04-11 13:13:23.673 D/FusionLightNextGen( 3590): process end reported = 1, mode: 0, cnt: 407155, lux 60.9, cct 6226.4, r/g/b/c: 5143.1/3449.1/2166.3/9573.5, R/G/B: 142.0/134.0/118.0, bri 1309.0, match 1.00, ir 0.085709, conf 5.0, ts 931619014173441
04-11 13:13:23.674 I/sensors-hal( 2113): handle_oplus_wise_rgb_event:161, wise_rgb: (13991)(cct, lux, ir)[5611.43, 107.83, 61.592819] (r, g, b, c)[5123.20, 3437.37, 2154.54, 9539.30]                 (pwm, hbm, brl, algo)[0.0 0.0 1309.0 2.0], flag 37534
04-11 13:13:23.675 I/SDM     ( 2181): DisplayBuiltIn::IdlePowerCollapse: IPC received, disabling partial update for one frame
04-11 13:13:23.676 D/NetworkService[1](14034): handleMessage what:1011
04-11 13:13:23.691 I/SDM     ( 2181): DisplayBuiltIn::IdlePowerCollapse: IPC received, disabling partial update for one frame
04-11 13:13:23.790 D/IMApp-264-10345(14034): transport layer data is invalid
04-11 13:13:23.791 D/IMApp-255-10345(14034): transport layer data is invalid
04-11 13:13:23.791 D/ScorePolicy(14034): handleScoreChanged: []
04-11 13:13:23.791 D/ScorePolicy(14034): handleScoreChanged: []
04-11 13:13:23.791 D/ScorePolicy(14034): handleScoreChanged: []
--------- beginning of system
04-11 13:13:23.844 I/ActivityManager( 3590): Force stopping com.binance.monitor appid=10512 user=0: from pid 4441
04-11 13:13:23.848 D/BootPressureHolder( 3590):  clear delayed queue records for com.binance.monitor
04-11 13:13:23.850 I/AppsFilter( 3590): interaction: PackageSetting{520312a com.android.microdroid.empty_payload/10286} -> PackageSetting{ed8d846 com.binance.monitor/10512} BLOCKED
04-11 13:13:23.851 I/AppsFilter( 3590): interaction: PackageSetting{8e835f6 com.oplus.locationproxy/10171} -> PackageSetting{ed8d846 com.binance.monitor/10512} BLOCKED
04-11 13:13:23.851 I/AppsFilter( 3590): interaction: PackageSetting{d941df7 com.android.certinstaller/10226} -> PackageSetting{ed8d846 com.binance.monitor/10512} BLOCKED
04-11 13:13:23.851 I/AppsFilter( 3590): interaction: PackageSetting{d3c3464 com.oplus.location/10244} -> PackageSetting{ed8d846 com.binance.monitor/10512} BLOCKED
04-11 13:13:23.851 W/ActivityManager( 3590): Invalid packageName: com.binance.monitor
04-11 13:13:23.855 D/NotificationService--OplusNotificationManagerServiceExtImpl( 3590): notifyDelayRemovedLocked,reason:10020 isGroup:false
04-11 13:13:23.856 D/LocationManagerService( 3590): package com.binance.monitor reset
04-11 13:13:23.857 W/GnssListenerMultiplexer( 3590): onPackageReset com.binance.monitor
04-11 13:13:23.857 W/GnssListenerMultiplexer( 3590): onPackageReset com.binance.monitor
04-11 13:13:23.858 D/CarrierSvcBindHelper( 8406): onHandleForceStop: [com.binance.monitor]
04-11 13:13:23.860 D/CarrierSvcBindHelper( 8406): No carrier app for: 0
04-11 13:13:23.860 D/CarrierSvcBindHelper( 8406): No carrier app for: 1
04-11 13:13:23.863 I/VibrationEffectConvertor( 3590): onInputMethodListUpdated received, info.size = 3
04-11 13:13:23.863 I/VibrationEffectConvertor( 3590): userid = 0, packageName = com.sohu.inputmethod.sogou
04-11 13:13:23.863 I/VibrationEffectConvertor( 3590): userid = 0, packageName = com.baidu.input_oppo
04-11 13:13:23.863 I/VibrationEffectConvertor( 3590): userid = 0, packageName = com.oplus.securitykeyboard
04-11 13:13:23.871 W/ServiceManagerCppClient( 4482): Waited one second for SystemClearService (is service started? Number of threads started in the threadpool: 16. Are binder threads started and available?)
04-11 13:13:23.871 W/ServiceManagerCppClient( 4482): Waited one second for SystemClearService (is service started? Number of threads started in the threadpool: 16. Are binder threads started and available?)
04-11 13:13:23.872 W/libc    ( 1254): Unable to set property "ctl.interface_start" to "aidl/SystemClearService": PROP_ERROR_HANDLE_CONTROL_MESSAGE (0x20)
04-11 13:13:23.872 W/libc    ( 1254): Unable to set property "ctl.interface_start" to "aidl/SystemClearService": PROP_ERROR_HANDLE_CONTROL_MESSAGE (0x20)
04-11 13:13:23.874 D/QmiClient( 3438): qmiServiceEventCallback recv msg id 1099
04-11 13:13:23.874 D/QmiClient( 2727): qmiServiceEventCallback recv msg id 1099
04-11 13:13:23.874 D/QmiClient( 2727): enter -mServiceType 4 onQmiServiceEventCallback msgId 1099
04-11 13:13:23.874 D/QmiClient( 3438): enter -mServiceType 4 onQmiServiceEventCallback msgId 1099
04-11 13:13:23.874 D/QmiClient( 2727): onQmiServiceEventCallback - enter. msgId=1099
04-11 13:13:23.874 D/QmiClient( 3438): onQmiServiceEventCallback - enter. msgId=1099
04-11 13:13:23.874 D/QmiVsClientEvent( 2727): QosPeriodReportInd MSG IND data_len 2052
04-11 13:13:23.874 D/QmiVsClientEvent( 3438): QosPeriodReportInd MSG IND data_len 2052
04-11 13:13:23.874 D/QmiVsClientEvent( 2727): qmiVsClientNotifyQosPeriodReportIndEvent - RADIO_EVENT_QOS_PERIOD_REPORT_NOTIFY_IND
04-11 13:13:23.874 D/QmiVsClientEvent( 3438): qmiVsClientNotifyQosPeriodReportIndEvent - RADIO_EVENT_QOS_PERIOD_REPORT_NOTIFY_IND
04-11 13:13:23.874 D/VsProxy ( 3438): handleMessage msg is 2420
04-11 13:13:23.874 D/VsProxy ( 2727): handleMessage msg is 2420
04-11 13:13:23.874 D/VsProxy ( 2727): handleQosPeriodReportInd for instance 0 data_len 145
04-11 13:13:23.874 D/VsProxy ( 3438): handleQosPeriodReportInd for instance 1 data_len 190
04-11 13:13:23.874 D/SubsysRadioIndication[1](14034): radioQosPeriodReportInd result [8, -41, -125, -11, -49, 14, 18, 8, 8, -80, -125, -11, -49, 14, 72, 1, 26, 6, 8, -54, -125, -11, -49, 14, 34, 12, 8, -77, -114, -18, -49, 14, 16, 4, 24, 1, 32, 3, 58, 81, 8, -46, -125, -11, -49, 14, 16, 5, 24, -98, -23, 30, 32, -54, 1, 40, -95, -1, -1, -1, -1, -1, -1, -1, -1, 1, 48, -13, -1, -1, -1, -1, -1, -1, -1, -1, 1, 64, -101, -1, -1, -1, -1, -1, -1, -1, -1, 1, 72, -95, -1, -1, -1, -1, -1, -1, -1, -1, 1, 80, -103, -1, -1, -1, -1, -1, -1, -1, -1, 1, 88, -100, -1, -1, -1, -1, -1, -1, -1, -1, 1, 66, 31, 8, -60, -114, -18, -49, 14, 16, 5, 24, 1, 34, 19, 8, -98, -23, 30, 16, -54, 1, 24, 41, 32, 13, 40, -126, -128, -52, -67, 21, 48, 2, 90, 0, 98, 10, 8, -3, -10, -19, -49, 14, 16, 3, 24, 5, 122, 20, 8, -121, -125, -11, -49, 14, 16, -1, -1, 1, 24, -1, -1, 1, 32, -1, -1, -1, -1, 15]
04-11 13:13:23.874 D/SubsysRadioIndication[0](14034): radioQosPeriodReportInd result [8, -41, -125, -11, -49, 14, 34, 12, 8, -77, -114, -18, -49, 14, 16, 4, 24, 1, 32, 3, 58, 61, 8, -121, -7, -12, -49, 14, 16, 5, 24, -64, -92, 38, 32, -22, 6, 40, -101, -1, -1, -1, -1, -1, -1, -1, -1, 1, 48, -11, -1, -1, -1, -1, -1, -1, -1, -1, 1, 56, 5, 64, -103, -1, -1, -1, -1, -1, -1, -1, -1, 1, 72, -102, -1, -1, -1, -1, -1, -1, -1, -1, 1, 66, 29, 8, -58, -2, -37, -49, 14, 16, 5, 34, 19, 8, -64, -92, 38, 16, -22, 6, 24, 78, 32, 13, 40, -117, -32, -94, -93, 2, 48, 2, 90, 0, 98, 10, 8, -95, -8, -37, -49, 14, 16, 3, 24, 5, 122, 15, 8, -109, -8, -37, -49, 14, 16, -18, 2, 24, -21, 1, 32, -60, 9]
04-11 13:13:23.874 D/NetworkService[1](14034): handleMessage what:1005
04-11 13:13:23.874 D/RadioAtomTracker(14034): parseQosPeriodData ModemQos:CellularQosInfo1{5G, 504990/202, EndcState=1, Band=41, DLBW=13, Rsrp=-95, Rsrq=-13, Snr=0, SvcStatus=3, ULPDCPNumDataPdu=0, ULPDCPNumDropPdu=0, ULPDCPTput=0, ULRLCNumDataPdu=0, ULRLCNumRetxPdu=0, ULGrant=0, ULBSR=0, ULBler=1, DLPDCPNumDataPdu=0, DLPDCPTput=0, DLRLCNumDataPdu=0, DLRLCNumRetxPdu=0, DLRLCNumDropPdu=0, DLMACPaddingBytes=0, DLPdcpNumMissToUppPdu=0, DLBler=0, RlfCount=0, CellChangeCount=0, IsRedirectionOccur=0, IsDualSimConflict=0, Latency=0, Sub1RrcState=1, Sub2RrcState=3, RachCount=0, CalcPower=32767, Mtpl=32767, PathLoss=-1, CellLoad=0}
04-11 13:13:23.874 D/NetworkService[1](14034): EVENT_REG_QOS_PERIOD_REPORT_IND_CHANGED ENTER
04-11 13:13:23.875 D/NetworkService[0](14034): handleMessage what:1005
04-11 13:13:23.875 D/RadioAtomTracker(14034): parseQosPeriodData ModemQos:CellularQosInfo2{5G, 627264/874, EndcState=0, Band=78, DLBW=13, Rsrp=-101, Rsrq=-11, Snr=5, SvcStatus=3, ULPDCPNumDataPdu=-1, ULPDCPNumDropPdu=-1, ULPDCPTput=-1, ULRLCNumDataPdu=-1, ULRLCNumRetxPdu=-1, ULGrant=-1, ULBSR=-1, ULBler=-1, DLPDCPNumDataPdu=-1, DLPDCPTput=-1, DLRLCNumDataPdu=-1, DLRLCNumRetxPdu=-1, DLRLCNumDropPdu=-1, DLMACPaddingBytes=-1, DLPdcpNumMissToUppPdu=-1, DLBler=-1, RlfCount=0, CellChangeCount=0, IsRedirectionOccur=0, IsDualSimConflict=0, Latency=0, Sub1RrcState=1, Sub2RrcState=3, RachCount=0, CalcPower=366, Mtpl=235, PathLoss=1220, CellLoad=0}
04-11 13:13:23.875 D/NetworkService[0](14034): EVENT_REG_QOS_PERIOD_REPORT_IND_CHANGED ENTER
04-11 13:13:23.875 D/AtomModemKpiInfo(14034): handleMessage what:1001
04-11 13:13:23.875 D/AtomModemKpiInfo(14034): analyseQosInfo success
04-11 13:13:23.922 D/SensorFeature( 2258): name=ssc_screenshot_info ,index = 22
04-11 13:13:23.922 D/SensorFeature( 2258): write 39 bytes:931615029584306,931619335591335,37535,0
04-11 13:13:23.926 I/sensors-hal( 2113): handle_sns_std_sensor_event:114, oplus rgb_rear sample: (cct, lux, ir, x, y)[8866, 21, 220, 270, 338]
04-11 13:13:23.926 I/sensors-hal( 2113): handle_sns_std_sensor_event:116, oplus rgb_rear sample: (r, g, b, c w)[847, 1660, 300, 366, 0]
04-11 13:13:23.939 I/sensors-hal( 2113): handle_oplus_wise_rgb_event:161, wise_rgb: (13996)(cct, lux, ir)[5587.25, 106.42, 62.206245] (r, g, b, c)[5020.21, 3378.71, 2119.22, 9430.51]                 (pwm, hbm, brl, algo)[0.0 0.0 1309.0 2.0], flag 37535
04-11 13:13:23.939 I/AICCTModule( 3590): SensorFilter: brightness threshold 1.2 screenNit is 87.884 ave enviroment lux is 60.9929 luxForNit 85.04999demarcationPoint200.0 result is false
04-11 13:13:23.939 I/AICCTModule( 3590): SensorFilter: findSecondNearestValue, sensorValue: 6125.647 nearestMaxValue:6110.247 secondNearestValue: 6110.247
04-11 13:13:23.939 I/AICCTModule( 3590): SensorFilter: findSecondNearestValue, sensorValue: 65.62329 nearestMaxValue:63.411263 secondNearestValue: 63.411263
04-11 13:13:23.940 D/BatteryChargeControl( 2280): bcc get no support from charging protocol
04-11 13:13:24.016 D/ShellSubscriberWorkerThread(15031): the first 8 bytes empty, and RestData length > 8 
04-11 13:13:24.021 D/QmiClient( 3438): qmiServiceEventCallback recv msg id 47
04-11 13:13:24.021 D/QmiClient( 3438): enter -mServiceType 10 onQmiServiceEventCallback msgId 47
04-11 13:13:24.022 D/QmiClient( 3438): onQmiServiceEventCallback - enter. msgId=47
04-11 13:13:24.022 D/OttProxy( 3438): handleMessage msg is 3001
04-11 13:13:24.022 D/SubsysRadioIndication[1](14034): radioLinkLatencyInfoInd
04-11 13:13:24.022 D/SubsysRadioIndication[1](14034): notify enter
04-11 13:13:24.022 D/NetworkService[1](14034): handleMessage what:1008
04-11 13:13:24.022 D/NetworkService[1](14034): EVENT_REG_LINK_LATENCY_INFO_CHANGE ulLatency:-1
04-11 13:13:24.159 V/AlarmManager( 3590): sending alarm Alarm{ff88564 type 1 origWhen 1775884404159 whenElapsed 931619573 android} uid 1000 whenElapsed 931619573 windowLength 0 maxWhenElapsed 931619573 repeatInterval 0 action null component null tag StorgaeBandInfoAlarmTag flags 0x9 procName system_server
04-11 13:13:24.160 E/OplusStorageUFSBandwidth( 3590): storage_io_metrics_path is /proc/oplus_storage/io_metrics/forever/
04-11 13:13:24.162 E/OplusStorageUFSBandwidth( 3590): Bandwidth - Read: 2.00 MB/s, Write: 0.00 MB/s
04-11 13:13:24.162 E/OplusStorageUFSBandwidth( 3590): Task time: 2ms
04-11 13:13:24.166 E/OplusStorageUFSBandwidth( 3590): Alarm set to trigger in 10 seconds
04-11 13:13:24.224 D/SensorFeature( 2258): name=ssc_screenshot_info ,index = 22
04-11 13:13:24.224 D/SensorFeature( 2258): write 39 bytes:931615029584306,931619637356700,37536,0
04-11 13:13:24.226 I/sensors-hal( 2113): handle_oplus_wise_rgb_event:189, high_pwm_light:lux 104.6,cct 5568.1,brl/algo/ir 1309.0/2.0/63.2,pwm/dc 0.0/0.0,rgbc 4996.947266/3369.912354/2110.394043/9327.942383,ts 931619580212324,cnt 14000,flag 37536
04-11 13:13:24.226 I/sensors-hal( 2113): handle_oplus_wise_rgb_event:161, wise_rgb: (14001)(cct, lux, ir)[5568.09, 104.59, 63.178375] (r, g, b, c)[4986.98, 3375.78, 2104.51, 9334.16]                 (pwm, hbm, brl, algo)[0.0 0.0 1309.0 2.0], flag 37536
04-11 13:13:24.474 I/sensors-hal( 2113): handle_oplus_wise_rgb_event:161, wise_rgb: (14006)(cct, lux, ir)[5624.25, 104.38, 62.069962] (r, g, b, c)[4996.95, 3361.11, 2092.73, 9352.81]                 (pwm, hbm, brl, algo)[0.0 0.0 1309.0 2.0], flag 37536
04-11 13:13:24.526 I/ActivityManager( 3590): Waited long enough for: ServiceRecord{725c13a u0 com.qualcomm.qti.workloadclassifier/.WLCService c:com.qualcomm.qti.workloadclassifier}
04-11 13:13:24.528 D/SensorFeature( 2258): name=ssc_screenshot_info ,index = 22
04-11 13:13:24.528 D/SensorFeature( 2258): write 39 bytes:931615029584306,931619940231022,37537,0
04-11 13:13:24.708 D/libc-netbsd( 4482): [oplusDnsOpenProxy]: __netdClientDispatch.connect errno = 111
04-11 13:13:24.708 D/DNS_CACHE( 4482): oplus_oplus_getaddrinfo_proxy open dns proxy failed, use android flow: 10135
04-11 13:13:24.711 D/libc-netbsd( 4482): [oplusDnsOpenProxy]: __netdClientDispatch.connect errno = 111
04-11 13:13:24.711 D/DNS_CACHE( 4482): oplus_oplus_getaddrinfo_proxy open dns proxy failed, use android flow: 10135
04-11 13:13:24.711 D/libc-netbsd( 4482): [oplusDnsOpenProxy]: __netdClientDispatch.connect errno = 111
04-11 13:13:24.711 D/DNS_CACHE( 4482): oplus_oplus_getaddrinfo_proxy open dns proxy failed, use android flow: 10135
04-11 13:13:24.722 I/GoLog   (18198): from udp:127.0.0.1:54186 accepted udp:114.114.114.114:53 [socks -> dns-out]
04-11 13:13:24.723 I/GoLog   (18198): from udp:127.0.0.1:49791 accepted udp:114.114.114.114:53 [socks -> dns-out]
04-11 13:13:24.723 I/GoLog   (18198): from udp:127.0.0.1:55589 accepted udp:114.114.114.114:53 [socks -> dns-out]
04-11 13:13:24.738 I/sensors-hal( 2113): handle_oplus_wise_rgb_event:189, high_pwm_light:lux 104.6,cct 5532.3,brl/algo/ir 1309.0/2.0/62.4,pwm/dc 0.0/0.0,rgbc 4970.368164/3364.046875/2098.620605/9309.292969,ts 931619905788783,cnt 14010,flag 37537
04-11 13:13:24.739 I/sensors-hal( 2113): handle_oplus_wise_rgb_event:161, wise_rgb: (14011)(cct, lux, ir)[5532.27, 104.57, 62.389530] (r, g, b, c)[4996.95, 3375.78, 2092.73, 9331.05]                 (pwm, hbm, brl, algo)[0.0 0.0 1309.0 2.0], flag 37537
04-11 13:13:24.774 D/libc-netbsd( 4482): [oplusDnsOpenProxy]: __netdClientDispatch.connect errno = 111
04-11 13:13:24.774 D/libc-netbsd( 4482): [oplusDnsOpenProxy]: __netdClientDispatch.connect errno = 111
04-11 13:13:24.776 D/NetworkService[1](14034): getIfIndexByNetid netId:255,ifName:tun0,ifIndex:97
04-11 13:13:24.776 D/NetworkService[0](14034): getIfIndexByNetid netId:255,ifName:tun0,ifIndex:97
04-11 13:13:24.776 D/libc-netbsd( 4482): [oplusDnsOpenProxy]: __netdClientDispatch.connect errno = 111
04-11 13:13:24.777 D/NetworkService[1](14034): getIfIndexByNetid netId:255,ifName:tun0,ifIndex:97
04-11 13:13:24.778 D/NetworkService[0](14034): getIfIndexByNetid netId:255,ifName:tun0,ifIndex:97
04-11 13:13:24.782 I/GoLog   (18198): from tcp:127.0.0.1:58096 accepted tcp:39.156.118.26:443 [socks -> direct]
04-11 13:13:24.815 D/IMApp-264-10345(14034): transport layer data is invalid
04-11 13:13:24.815 D/IMApp-255-10345(14034): transport layer data is invalid
04-11 13:13:24.815 D/ScorePolicy(14034): handleScoreChanged: []
04-11 13:13:24.815 D/ScorePolicy(14034): handleScoreChanged: []
04-11 13:13:24.815 D/ScorePolicy(14034): handleScoreChanged: []
04-11 13:13:24.830 D/SensorFeature( 2258): name=ssc_screenshot_info ,index = 22
04-11 13:13:24.830 D/SensorFeature( 2258): write 39 bytes:931615029584306,931620243263314,37538,0
04-11 13:13:24.872 W/ServiceManagerCppClient( 4482): Waited one second for SystemClearService (is service started? Number of threads started in the threadpool: 16. Are binder threads started and available?)
04-11 13:13:24.872 W/ServiceManagerCppClient( 4482): Waited one second for SystemClearService (is service started? Number of threads started in the threadpool: 16. Are binder threads started and available?)
04-11 13:13:24.874 D/QmiClient( 2727): qmiServiceEventCallback recv msg id 1099
04-11 13:13:24.874 D/QmiClient( 2727): enter -mServiceType 4 onQmiServiceEventCallback msgId 1099
04-11 13:13:24.874 D/QmiClient( 2727): onQmiServiceEventCallback - enter. msgId=1099
04-11 13:13:24.874 D/QmiVsClientEvent( 2727): QosPeriodReportInd MSG IND data_len 2052
04-11 13:13:24.874 D/QmiVsClientEvent( 2727): qmiVsClientNotifyQosPeriodReportIndEvent - RADIO_EVENT_QOS_PERIOD_REPORT_NOTIFY_IND
04-11 13:13:24.874 W/libc    ( 1254): Unable to set property "ctl.interface_start" to "aidl/SystemClearService": PROP_ERROR_HANDLE_CONTROL_MESSAGE (0x20)
04-11 13:13:24.874 D/QmiClient( 3438): qmiServiceEventCallback recv msg id 1099
04-11 13:13:24.874 D/QmiClient( 3438): enter -mServiceType 4 onQmiServiceEventCallback msgId 1099
04-11 13:13:24.874 D/QmiClient( 3438): onQmiServiceEventCallback - enter. msgId=1099
04-11 13:13:24.874 D/QmiVsClientEvent( 3438): QosPeriodReportInd MSG IND data_len 2052
04-11 13:13:24.874 D/QmiVsClientEvent( 3438): qmiVsClientNotifyQosPeriodReportIndEvent - RADIO_EVENT_QOS_PERIOD_REPORT_NOTIFY_IND
04-11 13:13:24.874 W/libc    ( 1254): Unable to set property "ctl.interface_start" to "aidl/SystemClearService": PROP_ERROR_HANDLE_CONTROL_MESSAGE (0x20)
04-11 13:13:24.874 D/VsProxy ( 2727): handleMessage msg is 2420
04-11 13:13:24.874 D/VsProxy ( 2727): handleQosPeriodReportInd for instance 0 data_len 145
04-11 13:13:24.874 D/VsProxy ( 3438): handleMessage msg is 2420
04-11 13:13:24.874 D/VsProxy ( 3438): handleQosPeriodReportInd for instance 1 data_len 185
04-11 13:13:24.875 D/SubsysRadioIndication[0](14034): radioQosPeriodReportInd result [8, -65, -117, -11, -49, 14, 34, 12, 8, -77, -114, -18, -49, 14, 16, 4, 24, 1, 32, 3, 58, 61, 8, -52, -121, -11, -49, 14, 16, 5, 24, -64, -92, 38, 32, -22, 6, 40, -100, -1, -1, -1, -1, -1, -1, -1, -1, 1, 48, -11, -1, -1, -1, -1, -1, -1, -1, -1, 1, 56, 5, 64, -108, -1, -1, -1, -1, -1, -1, -1, -1, 1, 72, -100, -1, -1, -1, -1, -1, -1, -1, -1, 1, 66, 29, 8, -58, -2, -37, -49, 14, 16, 5, 34, 19, 8, -64, -92, 38, 16, -22, 6, 24, 78, 32, 13, 40, -117, -32, -94, -93, 2, 48, 2, 90, 0, 98, 10, 8, -95, -8, -37, -49, 14, 16, 3, 24, 5, 122, 15, 8, -109, -8, -37, -49, 14, 16, -18, 2, 24, -21, 1, 32, -60, 9]
04-11 13:13:24.875 D/SubsysRadioIndication[1](14034): radioQosPeriodReportInd result [8, -65, -117, -11, -49, 14, 18, 8, 8, -34, -119, -11, -49, 14, 72, 1, 26, 6, 8, -61, -118, -11, -49, 14, 34, 12, 8, -77, -114, -18, -49, 14, 16, 4, 24, 1, 32, 3, 58, 81, 8, -35, -119, -11, -49, 14, 16, 5, 24, -98, -23, 30, 32, -54, 1, 40, -96, -1, -1, -1, -1, -1, -1, -1, -1, 1, 48, -14, -1, -1, -1, -1, -1, -1, -1, -1, 1, 64, -101, -1, -1, -1, -1, -1, -1, -1, -1, 1, 72, -97, -1, -1, -1, -1, -1, -1, -1, -1, 1, 80, -112, -1, -1, -1, -1, -1, -1, -1, -1, 1, 88, -101, -1, -1, -1, -1, -1, -1, -1, -1, 1, 66, 31, 8, -60, -114, -18, -49, 14, 16, 5, 24, 1, 34, 19, 8, -98, -23, 30, 16, -54, 1, 24, 41, 32, 13, 40, -126, -128, -52, -67, 21, 48, 2, 90, 0, 98, 10, 8, -3, -10, -19, -49, 14, 16, 3, 24, 5, 122, 15, 8, -91, -117, -11, -49, 14, 16, -99, 2, 24, -11, 1, 32, -70, 9]
04-11 13:13:24.875 D/NetworkService[0](14034): handleMessage what:1005
04-11 13:13:24.875 D/RadioAtomTracker(14034): parseQosPeriodData ModemQos:CellularQosInfo2{5G, 627264/874, EndcState=0, Band=78, DLBW=13, Rsrp=-100, Rsrq=-11, Snr=5, SvcStatus=3, ULPDCPNumDataPdu=-1, ULPDCPNumDropPdu=-1, ULPDCPTput=-1, ULRLCNumDataPdu=-1, ULRLCNumRetxPdu=-1, ULGrant=-1, ULBSR=-1, ULBler=-1, DLPDCPNumDataPdu=-1, DLPDCPTput=-1, DLRLCNumDataPdu=-1, DLRLCNumRetxPdu=-1, DLRLCNumDropPdu=-1, DLMACPaddingBytes=-1, DLPdcpNumMissToUppPdu=-1, DLBler=-1, RlfCount=0, CellChangeCount=0, IsRedirectionOccur=0, IsDualSimConflict=0, Latency=0, Sub1RrcState=1, Sub2RrcState=3, RachCount=0, CalcPower=366, Mtpl=235, PathLoss=1220, CellLoad=0}
04-11 13:13:24.875 D/NetworkService[0](14034): EVENT_REG_QOS_PERIOD_REPORT_IND_CHANGED ENTER
04-11 13:13:24.875 D/NetworkService[1](14034): handleMessage what:1005
04-11 13:13:24.875 D/RadioAtomTracker(14034): parseQosPeriodData ModemQos:CellularQosInfo1{5G, 504990/202, EndcState=1, Band=41, DLBW=13, Rsrp=-96, Rsrq=-14, Snr=0, SvcStatus=3, ULPDCPNumDataPdu=0, ULPDCPNumDropPdu=0, ULPDCPTput=0, ULRLCNumDataPdu=0, ULRLCNumRetxPdu=0, ULGrant=0, ULBSR=0, ULBler=1, DLPDCPNumDataPdu=0, DLPDCPTput=0, DLRLCNumDataPdu=0, DLRLCNumRetxPdu=0, DLRLCNumDropPdu=0, DLMACPaddingBytes=0, DLPdcpNumMissToUppPdu=0, DLBler=0, RlfCount=0, CellChangeCount=0, IsRedirectionOccur=0, IsDualSimConflict=0, Latency=0, Sub1RrcState=1, Sub2RrcState=3, RachCount=0, CalcPower=285, Mtpl=245, PathLoss=1210, CellLoad=0}
04-11 13:13:24.876 D/NetworkService[1](14034): EVENT_REG_QOS_PERIOD_REPORT_IND_CHANGED ENTER
04-11 13:13:24.876 D/AtomModemKpiInfo(14034): handleMessage what:1001
04-11 13:13:24.876 D/AtomModemKpiInfo(14034): analyseQosInfo success
04-11 13:13:24.941 D/BatteryChargeControl( 2280): bcc get no support from charging protocol
04-11 13:13:24.982 I/[UAH_CLIENT]( 3590): UahEventAcquire, cmdid:2, pkg:none, identity:com.android.server.wm
04-11 13:13:24.983 E/system_server( 3590): No package ID 7f found for resource ID 0x7f11022d.
04-11 13:13:24.984 W/ActivityTaskManager( 3590): callingPackage for (uid=2000, pid=4469) has no WPC
04-11 13:13:24.985 I/system_server( 3590): AssetManager2(0xb400006f7cc30928) locale list changing from [] to [zh-CN]
04-11 13:13:24.986 D/WindowManager( 3590): NFW_setClientVisible:ActivityRecord{242372485 u0 com.binance.monitor/.ui.main.MainActivity clientVisible:true
04-11 13:13:24.986 V/GrammaticalInflectionUtils( 3590): AttributionSource: android.content.AttributionSource@1020978a does not have READ_SYSTEM_GRAMMATICAL_GENDER permission.
04-11 13:13:24.987 D/OplusCompatModeManagerService( 3590): getRequestedConfigurationOrientation  res:1,req:1,config.old:0,config.new:0,ActivityRecord{242372485 u0 com.binance.monitor/.ui.main.MainActivity t-1}
04-11 13:13:24.987 D/OplusCompatModeManagerService( 3590):  onPreActivityRecordConfigurationChanged {0.0 ?mcc??mnc ?localeList ?layoutDir ?swdp ?wdp ?hdp ?density ?lsize ?long ?ldr ?wideColorGamut ?orien ?uimode ?night ?touch ?keyb/?/? ?nav/? winConfig={ mBounds=Rect(0, 0 - 0, 0) mAppBounds=null mMaxBounds=Rect(0, 0 - 0, 0) mDisplayRotation=undefined mWindowingMode=undefined mActivityType=undefined mAlwaysOnTop=undefined mRotation=undefined} ?fontWeightAdjustmentmThemeChanged= 0, mThemeChangedFlags= 0, mFlipFont= 0, mScenario= -1, mAccessibleChanged= 0, mUxIconConfig= 0, mMaterialColor= ffffffffffffffff, mUserId= -1, mFontUserId= -1, mFontVariationSettings= ffffffff, mFoldingAngle = -1.0, mIconPackName= , mDarkModeBackgroundMaxL= -1.0, mDarkModeDialogBgMaxL= -1.0, mDarkModeForegroundMinL= -1.0, mOplusConfigType= 0, mOplusChangedConfigs= 0, OpSans= -1, mBurmeseFontFlag= -1, mFlag= 0, mExtraFlag= 0, mFlexibleActivitySuitable= -1, mPuttDisplayFlag= -1}
04-11 13:13:24.987 D/OplusCompatModeManagerService( 3590):  disable:true,valid:false,computeReq:1,isGameRatio:false
04-11 13:13:24.987 D/OplusCompatModeManagerService( 3590):  getOverrideMinAspectRatioForCompatMode: 0.0 getRawOverrideMinAspectRatioForCompatMode: 0.0
04-11 13:13:24.987 D/OplusCompatModeManagerService( 3590):  ar : ActivityRecord{242372485 u0 com.binance.monitor/.ui.main.MainActivity t-1} displayId:-1 inCompatMode: false
04-11 13:13:24.987 D/OplusCompatModeManagerService( 3590): isDefaultDisplay true oldRect: Rect(0, 0 - 0, 0) newRect Rect(0, 0 - 0, 0)
04-11 13:13:24.987 D/OplusCompatModeManagerService( 3590): reloadCompactRatio mParWorldContainer.isEnabledParallelWindow(pkg):false,mParWorldContainer.isDisabledCompactWindow:false,isUIAutoLayout:false, isFullOrientation: false
04-11 13:13:24.987 D/FlexibleTaskController( 3590): isSupportFlexibleWindow target = com.binance.monitor/.ui.main.MainActivity callPkg = FlexibleTaskController support = true ,caller = 3590
04-11 13:13:24.987 D/ActivityStarterExtImpl( 3590): do not intercept for realCallingAppIsSystemApp or CallingAppIsSystemApp
04-11 13:13:24.987 E/QosSceneRecognizer[ActivityStartScene]( 3590): notifyActivityStart get launchedFromUid failed through AppManager! launchedFromPackage: com.android.shell, pkg: com.binance.monitor
04-11 13:13:24.987 D/FlexibleWindowManagerService( 3590): isIgnoreAppearedAcrossTask:false
04-11 13:13:24.987 D/FlexibleWindowManagerService( 3590): isIgnoreAppearedAcrossTask:false
04-11 13:13:24.988 D/FlexibleTaskController( 3590): findSourceTaskForFreeForm: sourceRecord = null ,realCallingPid:4469 ,launchFromZoomMode:false ,prevTopTask:Task{1abb46b #12626 type=standard A=10345:com.tencent.mm}
04-11 13:13:24.988 D/FlexibleTaskController( 3590): findSourceTaskForFreeForm: the caller is not a flexible freeform window application and does not have a zoom windowMode startup parameter
04-11 13:13:24.988 D/FlexibleTaskController( 3590): adjustOptionsForFlexibleTask not allow options follow process task's options, reason:9 ,reusedOptions:null
04-11 13:13:24.988 D/FlexibleTaskController( 3590): isSupportFlexibleWindow target = com.binance.monitor/.ui.main.MainActivity callPkg = FlexibleTaskController support = true ,caller = 3590
04-11 13:13:24.988 D/FlexibleWindowManagerService( 3590): no reused task found for ActivityRecord{242372485 u0 com.binance.monitor/.ui.main.MainActivity t-1}
04-11 13:13:24.988 I/OPM     ( 3590): handleActivityStart : ActivityRecord{242372485 u0 com.binance.monitor/.ui.main.MainActivity t-1}
04-11 13:13:24.990 D/OplusCompatModeManagerService( 3590): getRequestedConfigurationOrientation  res:1,req:1,config.old:0,config.new:1,ActivityRecord{242372485 u0 com.binance.monitor/.ui.main.MainActivity t13178}
04-11 13:13:24.990 D/OplusCompatModeManagerService( 3590):  onPreActivityRecordConfigurationChanged {1.15 ??mcc??mnc [zh_CN,en_US] ldltr sw361dp w361dp h794dp 560dpi nrml long hdr widecg port night finger -keyb/v/h -nav/h winConfig={ mBounds=Rect(0, 0 - 1264, 2780) mAppBounds=Rect(0, 0 - 1264, 2780) mMaxBounds=Rect(0, 0 - 1264, 2780) mDisplayRotation=ROTATION_0 mWindowingMode=fullscreen mActivityType=standard mAlwaysOnTop=undefined mRotation=ROTATION_0} as.10 s.12661 fontWeightAdjustment=0mThemeChanged= 1, mThemeChangedFlags= 1, mFlipFont= 0, mScenario= 0, mAccessibleChanged= -1, mUxIconConfig= 1e177014640920, mMaterialColor= 100040017, mUserId= 0, mFontUserId= 0, mFontVariationSettings= 11d7, mFoldingAngle = -1.0, mIconPackName= , mDarkModeBackgroundMaxL= 8.0, mDarkModeDialogBgMaxL= 27.0, mDarkModeForegroundMinL= 100.0, mOplusConfigType= 1, mOplusChangedConfigs= 0, OpSans= -1, mBurmeseFontFlag= 2, mFlag= 0, mExtraFlag= 0, mFlexibleActivitySuitable= -1, mPuttDisplayFlag= -1}
04-11 13:13:24.990 D/OplusCompatModeManagerService( 3590):  disable:true,valid:false,computeReq:1,isGameRatio:false
04-11 13:13:24.990 D/OplusCompatModeManagerService( 3590):  getOverrideMinAspectRatioForCompatMode: 0.0 getRawOverrideMinAspectRatioForCompatMode: 0.0
04-11 13:13:24.990 D/OplusCompatModeManagerService( 3590):  ar : ActivityRecord{242372485 u0 com.binance.monitor/.ui.main.MainActivity t13178} displayId:0 inCompatMode: false
04-11 13:13:24.990 D/OplusCompatModeManagerService( 3590): isDefaultDisplay true oldRect: Rect(0, 0 - 0, 0) newRect Rect(0, 0 - 1264, 2780)
04-11 13:13:24.990 D/OplusCompatModeManagerService( 3590): reloadCompactRatio mParWorldContainer.isEnabledParallelWindow(pkg):false,mParWorldContainer.isDisabledCompactWindow:false,isUIAutoLayout:false, isFullOrientation: false
04-11 13:13:24.990 D/SecondaryPageStartupPolicy( 3590): checkSecondaryPageStartupStatus not support sourcePackage=com.android.shell
04-11 13:13:24.991 D/OplusStartingWindowManager( 3590): we don't revise window flags for third app
04-11 13:13:24.991 D/ActivityTaskManager( 3590): validateStartingWindowTheme:  Pkg=com.binance.monitor, Translucent=false, Floating=false, ShowWallpaper=false, Disable=false, LaunchSource=4, Prev=null, LaunchedFromPackage=com.android.shell
04-11 13:13:24.991 D/OplusAlwaysAliveManager( 3590): save launch theme 0x7f11022d for Task{beb60b #13178 type=standard A=10512:com.binance.monitor}, act=com.android.server.wm.OplusAlwaysAliveManager@b38ce16
04-11 13:13:24.991 D/ActivityTaskManager( 3590): addStartingWindow for ActivityRecord{242372485 u0 com.binance.monitor/.ui.main.MainActivity t13178}, mainWin=null, state=INITIALIZING, isKeyguardLocked=false, isKeyguardGoingAway=false
04-11 13:13:24.991 D/ActivityTaskManager( 3590): getStartingWindowType: , newTask=true, taskSwitch=true, processRunning=false, allowTaskSnapshot=true, activityCreated=false, activityAllDrawn=false, snapshot exist: false
04-11 13:13:24.991 D/ActivityRecordExtImpl( 3590): handleStartingWindowForCompactWindow origin type:2, adjustType : 2
04-11 13:13:24.991 D/TaskOrganizerController( 3590): TaskOrganizerController.addStartingWindow: call wmshell to addStartingWindow:ActivityRecord{242372485 u0 com.binance.monitor/.ui.main.MainActivity t13178}
04-11 13:13:24.992 D/ActivityTrigger( 3590): ActivityTrigger activityPauseTrigger 
04-11 13:13:24.992 D/PhoneStartingWindowTypeAlgorithm( 8338): preferredStartingWindowType newTask=true, taskSwitch=true, processRunning=false, allowTaskSnapshot=true, activityCreated=false, isSolidColorSplashScreen=false, legacySplashScreen=false, activityDrawn=false, windowless=false, topIsHome=false
04-11 13:13:24.992 D/OplusShellStartingWindowManager( 8338): getReviseStartingWindowType not support, windowInfo is null
04-11 13:13:24.992 D/TaskFragmentExtImpl( 3590): shouldSetReadyFalse and resumedActivity: ActivityRecord{242372485 u0 com.binance.monitor/.ui.main.MainActivity t13178} prev: ActivityRecord{240062920 u0 com.tencent.mm/.ui.LauncherUI t12626} resumedLaunchFromLauncher: false prevLaunchFromApp: true transitionType: 1
04-11 13:13:24.992 I/[UAH_CLIENT]( 3590): UahEventAcquire, cmdid:1, pkg:com.binance.monitor, identity:com.android.server.wm
04-11 13:13:24.993 D/ActivityTaskManager( 3590): notifyTaskRemoved, task: Task{5fe99c3 #13177 type=standard A=10512:com.binance.monitor} trace:com.android.server.wm.RecentTasks.removeForAddTask:1888 com.android.server.wm.RecentTasks.add:1377 com.android.server.wm.ActivityStarter.startActivityInner:3039 com.android.server.wm.ActivityStarter.startActivityUnchecked:2174 com.android.server.wm.ActivityStarter.executeRequest:1924 
04-11 13:13:24.993 V/GrammaticalInflectionUtils( 3590): AttributionSource: android.content.AttributionSource@1020978a does not have READ_SYSTEM_GRAMMATICAL_GENDER permission.
04-11 13:13:24.993 D/ActivityTaskManager( 3590): notifyTaskAdded, task: Task{beb60b #13178 type=standard A=10512:com.binance.monitor} trace:com.android.server.wm.RecentTasks.add:1392 com.android.server.wm.ActivityStarter.startActivityInner:3039 com.android.server.wm.ActivityStarter.startActivityUnchecked:2174 com.android.server.wm.ActivityStarter.executeRequest:1924 com.android.server.wm.ActivityStarter.execute:1012 
04-11 13:13:24.993 I/ndroid.systemui( 8338): AssetManager2(0xb40000706d57b928) locale list changing from [] to [zh-CN]
04-11 13:13:24.994 D/osense.compress( 3590): notifyActivityLaunched pkgName = com.binance.monitor, userId = 0
04-11 13:13:24.994 I/ActivityTaskManager( 3590): START u0 {flg=0x10000000 xflg=0x4 cmp=com.binance.monitor/.ui.main.MainActivity mCallingUid=2000} with LAUNCH_MULTIPLE from uid 2000 (BAL_ALLOW_PERMISSION (START_ACTIVITIES_FROM_BACKGROUND permission granted)) result code=0
04-11 13:13:24.994 V/WindowManagerShell( 8338): Transition requested (#27189): android.os.BinderProxy@952c07f TransitionRequestInfo { type = OPEN, triggerTask = TaskInfo{userId=0 taskId=13178 effectiveUid=10512 displayId=0 isRunning=true baseIntent=Intent { flg=0x10000000 cmp=com.binance.monitor/.ui.main.MainActivity mCallingUid=2000 } baseActivity=ComponentInfo{com.binance.monitor/com.binance.monitor.ui.main.MainActivity} topActivity=ComponentInfo{com.binance.monitor/com.binance.monitor.ui.main.MainActivity} origActivity=null realActivity=ComponentInfo{com.binance.monitor/com.binance.monitor.ui.main.MainActivity}
04-11 13:13:24.994 V/WindowManagerShell( 8338):  numActivities=1 lastActiveTime=931620407 supportsSplitScreenMultiWindow=true supportsMultiWindow=true supportsPocketStudioMultiWindow=true isInFlexibleEmbedded = false uid = 10512 pid = 0 resizeMode=1 isResizeable=true minWidth=-1 minHeight=-1 defaultMinSize=220 token=WCT{android.window.IWindowContainerToken$Stub$Proxy@1cd84c} topActivityType=1 pictureInPictureParams=null shouldDockBigOverlays=false launchIntoPipHostTaskId=-1 lastParentTaskIdBeforePip=-1 displayCutoutSafeInsets=Rect(0, 140 - 0, 0)
04-11 13:13:24.994 V/WindowManagerShell( 8338):  topActivityInfo=ActivityInfo{cf77095 com.binance.monitor.ui.main.MainActivity} launchCookies=[] positionInParent=Point(0, 0) parentTaskId=-1 isFocused=false isVisible=false isVisibleRequested=false isTopActivityNoDisplay=false isSleeping=false locusId=null displayAreaFeatureId=1 isTopActivityTransparent=false isActivityStackTransparent=false lastNonFullscreenBounds=Rect(330, 828 - 935, 2092) capturedLink=null capturedLinkTimestamp=0 requestedVisibleTypes=-9 topActivityRequestOpenInBrowserEducationTimestamp=0
04-11 13:13:24.994 V/WindowManagerShell( 8338):  appCompatTaskInfo=AppCompatTaskInfo { topActivityInSizeCompat=false topActivityInOplusCompatMode=false eligibleForLetterboxEducation= false isLetterboxEducationEnabled= false isLetterboxDoubleTapEnabled= false eligibleForUserAspectRatioButton= false topActivityBoundsLetterboxed= false isFromLetterboxDoubleTap= false topActivityLetterboxVerticalPosition= -1 topActivityLetterboxHorizontalPosition= -1 topActivityLetterboxWidth=-1 topActivityLetterboxHeight=-1 topActivityAppBounds=Rect(0, 140 - 1264, 2780) isUserFullscreenOverrideEnabled=false isSystemFullscreenOverrideEnabled=false hasMinAspectRatioOverride=false topActivityLetterboxBounds=null cameraCompatTaskInfo=CameraCompatTaskInfo { freeformCameraCompatMode=inactive}} topActivityMainWindowFrame=null topActivityLetterboxInsets=Rect(0, 0 - 0, 0)
04-11 13:13:24.994 V/WindowManagerShell( 8338):  mOplusExtraBundle = Bundle[mParcelledData.dataSize=1468]}, pipChange = null, remoteTransition = null, displayChange = null, flags = 0, debugId = 27189 }
04-11 13:13:24.994 D/ShellSplitScreen( 8338): logExit: no-op, mLoggerSessionId is null
04-11 13:13:24.994 D/OplusShellStartingWindowManager( 8338): adjustSuggestedWindowType originType: 1, wi: StartingWindowInfo{taskId=13178 targetActivityInfo=null displayId=0 topActivityType=1 preferredStartingWindowType=8b mainWindowLayoutParams=null splashScreenThemeResId 7f11022d, exi: OplusStartingWindowExtendedInfo{mAppToken=android.os.BinderProxy@1e685aa, mSupportSplashScreenPreview=false, mIsSystemApp=false, mIsExceptionListApp=false, mPreviewBitmap=null, mShouldDrawBackground=false, mForceLightMode=false, mForceNightMode=false, mNotSupportNightMode=false, mForcePreview=false, mForceBigIcon=false, mQuickStartingSurface=null, mForceSolidColorSplash=false}
04-11 13:13:24.994 D/OplusShellStartingWindowManager( 8338): adjustSuggestedWindowType: skip no-system app and no-exception list app
04-11 13:13:24.995 I/iopgp   ( 8543): Iopgp: TRANSACTION_IOPGP_PRELOAD Sequence_id = 1189 pkg_name = com.binance.monitor uid = 10512 size = 1 isProfile = 1
04-11 13:13:24.995 I/BpBinder( 2399): onLastStrongRef automatically unlinking death recipients: 
04-11 13:13:24.996 D/ZoomController( 8338): onTaskMovedToFront, task id:13178
04-11 13:13:24.996 I/ZoomUiController( 8338): FloatHandle-isFloatHandleShow mPackageName = null
04-11 13:13:24.996 D/ShellStartingWindow( 8338): getWindowAttrs SplashScreenWindowAttrs{ mWindowBgResId: 7f070079, mWindowBgColor: 0, mWindowBgImage: false, mSplashScreenIcon: false, mBrandingImage: false, mIconBgColor: 0, uiMode: 0}
04-11 13:13:24.996 D/OPM     ( 3590): notifyPreloadResult com.binance.monitor, type: 2, success: true, res: 0
04-11 13:13:24.996 D/WindowManager( 8338): Add to mViews: android.widget.FrameLayout{d2b8111 V.E...... ......I. 0,0-0,0 alpha=1.0 viewInfo = },pkg= com.binance.monitor
04-11 13:13:24.997 D/skia    ( 8338): setRusSupported enable 0
04-11 13:13:24.997 W/ShellStartingWindow( 8338): peekWindowBGColor mWindowBgColor:0 mWindowBgResId:2131165305 estimatedWindowBGColor:-16183252
04-11 13:13:24.997 I/ShellStartingWindow( 8338): makeSplashScreenContentView themeBGColor: ff09102c, isDark: true, last config hash: 1822101690
04-11 13:13:24.998 I/JniHook ( 9059): println_native hooked: 0
04-11 13:13:24.998 E/FA      ( 9059): Task exception on worker thread: java.lang.IllegalStateException: AppMeasurement is not initialized: com.google.android.gms.internal.measurement.zzgl.zzch(Unknown Source:9)
04-11 13:13:24.999 I/AppSnapshotController( 3590): attachStartingWindow, win = Window{5d5258a u0 Splash Screen com.binance.monitor}, shouldAppSnapshot = false
04-11 13:13:24.999 D/ActivityTaskManager( 3590): attachStartingWindow: mStartingData=SplashScreenStartingData{2ab0a71 removeAfterTransaction= 0}, mAssociatedTask=null, mStartingWindow=Window{5d5258a u0 Splash Screen com.binance.monitor}
04-11 13:13:24.999 I/WindowManager( 3590): addWindow: New client android.os.BinderProxy@fbf23f5 : window=Window{5d5258a u0 Splash Screen com.binance.monitor}
04-11 13:13:24.999 I/JniHook ( 9059): println_native hooked: 0
04-11 13:13:24.999 D/HTTPDNS ( 9059): com.tencent.mm.ui.LauncherUI@9ddc8dc.onPause
04-11 13:13:25.000 D/ViewRootImplExtImpl( 8338): onDisplayChanged -1 for VRI android.view.ViewRootImpl@596a905
04-11 13:13:25.004 I/JniHook ( 9059): println_native hooked: 0
04-11 13:13:25.004 I/ImeTracker( 9059): com.tencent.mm:4a4ae709: onRequestHide at ORIGIN_CLIENT reason HIDE_SOFT_INPUT fromUser false
04-11 13:13:25.004 I/JniHook ( 9059): println_native hooked: 0
04-11 13:13:25.004 D/InsetsController( 9059): hide(ime(), fromIme=false)
04-11 13:13:25.004 I/JniHook ( 9059): println_native hooked: 0
04-11 13:13:25.004 I/ImeTracker( 9059): com.tencent.mm:4a4ae709: onCancelled at PHASE_CLIENT_ALREADY_HIDDEN
04-11 13:13:25.004 D/ShellStartingWindow( 8338): inconsize = 560
04-11 13:13:25.005 E/OplusBracketLog( 8338): [OplusViewMirrorManager] updateHostViewRootIfNeeded, not support android.view.ViewRootImpl@596a905
04-11 13:13:25.005 D/ViewRootImplExtImpl( 8338): wrapConfigInfoIntoFlags rotation=0, smallestScreenWidthDp=0, residentWS=false, scenario=0, bounds=Rect(0, 0 - 1264, 2780), relayoutAsync=false, flags=0, newFlags=1457520640, title=Splash Screen com.binance.monitor
04-11 13:13:25.005 D/CoreBackPreview( 3590): Window{5d5258a u0 Splash Screen com.binance.monitor}: Setting back callback OnBackInvokedCallbackInfo{mCallback=android.window.IOnBackInvokedCallback$Stub$Proxy@eca85c4, mPriority=0, mIsAnimationCallback=false, mOverrideBehavior=0}
04-11 13:13:25.005 V/WindowManager( 3590): Relayout Window{5d5258a u0 Splash Screen com.binance.monitor}: viewVisibility=0, oldvis=0, req=1264x2780 , apr = 0, vsysui=, x=0, y=0
04-11 13:13:25.005 I/WindowManager( 3590): Window{5d5258a u0 Splash Screen com.binance.monitor} state from NO_SURFACE to DRAW_PENDING; reason: resetDrawState
04-11 13:13:25.006 I/sensors-hal( 2113): handle_oplus_wise_rgb_event:161, wise_rgb: (14016)(cct, lux, ir)[5568.86, 104.02, 62.825462] (r, g, b, c)[4986.98, 3375.78, 2104.51, 9343.48]                 (pwm, hbm, brl, algo)[0.0 0.0 1309.0 2.0], flag 37538
04-11 13:13:25.006 D/FusionLightNextGen( 3590): process end reported = 1, mode: 0, cnt: 407160, lux 58.8, cct 6278.5, r/g/b/c: 5033.5/3402.2/2133.9/9380.8, R/G/B: 142.0/134.0/118.0, bri 1309.0, match 1.00, ir 0.088725, conf 5.0, ts 931620222606751
04-11 13:13:25.006 D/InsetsSourceProvider( 3590): updateSourceFrameForServerVisibility mandatorySystemGestures EMPTY_RECT
04-11 13:13:25.006 D/InsetsSourceProvider( 3590): updateSourceFrameForServerVisibility mandatorySystemGestures EMPTY_RECT
04-11 13:13:25.007 D/WindowManager( 3590): NFW_findFocusedWindowIfNeeded:Window{e0de363 u0 com.tencent.mm/com.tencent.mm.ui.LauncherUI} mCurrentFocus:Window{e0de363 u0 com.tencent.mm/com.tencent.mm.ui.LauncherUI}
04-11 13:13:25.007 W/VRI[monitor]( 8338): updateBlastSurfaceIfNeeded, surfaceSize:Point(1264, 2780), lastSurfaceSize:Point(0, 0), format:-3, blastBufferQueue:null
04-11 13:13:25.007 D/BufferQueueConsumer( 8338): [](id:209200004d77,api:0,p:-1,c:8338) connect: controlledByApp=false
04-11 13:13:25.007 D/Zygote  ( 2014): Forked child process 4478
04-11 13:13:25.007 D/BufferQueueConsumer( 8338): [VRI[monitor]#19822(BLAST Consumer)19822](id:209200004d77,api:0,p:-1,c:8338) setMaxAcquiredBufferCount: 2
04-11 13:13:25.007 D/BackgroundInstallControlService( 3590): Package event received: 0
04-11 13:13:25.008 I/OplusAccessController( 3590): enter isIgnoreAppSwitchActivity
04-11 13:13:25.008 I/OplusAccessController( 3590): enter isIgnoreAppSwitchActivity and intent != null
04-11 13:13:25.008 I/OplusAccessController( 3590): enter isIgnoreAppSwitchActivity and componentName != null
04-11 13:13:25.008 I/OplusAccessController( 3590): enter isIgnoreAppSwitchActivity and packageName&activity is not Empty
04-11 13:13:25.008 I/AppsFilter( 3590): interaction: PackageSetting{520312a com.android.microdroid.empty_payload/10286} -> PackageSetting{a94dcad com.binance.monitor/10512} BLOCKED
04-11 13:13:25.008 D/BufferQueueProducer( 8338): [VRI[monitor]#19822(BLAST Consumer)19822](id:209200004d77,api:1,p:8338,c:8338) connect: api=1 producerControlledByApp=true
04-11 13:13:25.008 I/AppsFilter( 3590): interaction: PackageSetting{8e835f6 com.oplus.locationproxy/10171} -> PackageSetting{a94dcad com.binance.monitor/10512} BLOCKED
04-11 13:13:25.008 I/SurfaceControl( 8338):  setExtendedRangeBrightness sc=Surface(name=Splash Screen com.binance.monitor)/@0xbd14880,currentBufferRatio=1.0,desiredRatio=1.0
04-11 13:13:25.008 I/AppsFilter( 3590): interaction: PackageSetting{d941df7 com.android.certinstaller/10226} -> PackageSetting{a94dcad com.binance.monitor/10512} BLOCKED
04-11 13:13:25.008 W/ContextImpl( 3590): Calling a method in the system process without a qualified user: android.app.ContextImpl.sendBroadcast:1281 com.qualcomm.qti.Performance$SendGameLaunchBroadcast.run:292 java.lang.Thread.run:1119 <bottom of call stack> <bottom of call stack> 
04-11 13:13:25.008 I/AppsFilter( 3590): interaction: PackageSetting{d3c3464 com.oplus.location/10244} -> PackageSetting{a94dcad com.binance.monitor/10512} BLOCKED
04-11 13:13:25.008 I/OplusHansManager ( 3590): front pkg: com.binance.monitor, uid: 10512, prev pkg: com.tencent.mm, prev uid: 10345
04-11 13:13:25.009 D/RefreshRate( 3590): boostRefreshId choose max:currentRefreshRate:120.00001 targetRefreshRate:60.0 mCurrentPickRate:120.00001
04-11 13:13:25.009 D/RefreshRate( 3590): Trigger app switch boost, ar=ActivityRecord{242372485 u0 com.binance.monitor/.ui.main.MainActivity t13178},currDisplayRate=120.00001,boostId=3
04-11 13:13:25.009 D/RefreshRate( 3590): setDisplayConfigSpecs complete: targetMode={id=1, width=1264, height=2780, fps=120.00001, vsync=120.00001, synthetic=false, alternativeRefreshRates=[60.000004, 90.0], supportedHdrTypes=[1, 2, 3, 4]},srcMode={id=1, width=1264, height=2780, fps=120.00001, vsync=120.00001, synthetic=false, alternativeRefreshRates=[60.000004, 90.0], supportedHdrTypes=[1, 2, 3, 4]},sfModId=0,rate=120.00001
04-11 13:13:25.009 D/RefreshRate( 3590): startAppSwitchBoost targetMode={id=1, width=1264, height=2780, fps=120.00001, vsync=120.00001, synthetic=false, alternativeRefreshRates=[60.000004, 90.0], supportedHdrTypes=[1, 2, 3, 4]} record=ActivityRecord{242372485 u0 com.binance.monitor/.ui.main.MainActivity t13178}: votes=PRIORITY_START_ANIMATION_BOOST -> Vote{mRefreshRate=120.0, mMinRefreshRate=120.0, mRequestSource=null};PRIORITY_WINDOW_REQUEST -> Vote{mRefreshRate=120.0, mMinRefreshRate=120.0, mRequestSource=null};
04-11 13:13:25.009 D/RefreshRate( 3590): do setDisplayConfigSpecs  
04-11 13:13:25.009 D/JobSchedulerServiceExtImpl( 3590): updateOsenseRestrictMode for 1 true false
04-11 13:13:25.009 D/NativeFreezeManager( 3590): freezeForAppSwitchScene mAppLaunchFzDxEnable enter, mFgAppPkgname com.binance.monitor
04-11 13:13:25.009 V/SensorManager( 3590): call sensorServiceCommonInterface name: setScreenShotDisable
04-11 13:13:25.009 D/SensorServiceExtImpl( 3590): sensorServiceCommonInterface funcName = setScreenShotDisable, flag = 0, status = 0
04-11 13:13:25.009 I/ActivityManager( 3590): Start proc 4478:com.binance.monitor/u0a512 for next-top-activity {com.binance.monitor/com.binance.monitor.ui.main.MainActivity}
04-11 13:13:25.009 D/SurfaceFlinger( 2399): VRR [SurfaceFlinger] setDesiredDisplayModeSpecs, from process 3590, 0, 0, primaryRanges = [ 120.000008, 120.000008, 120.000008, 120.000008 ], appRequestRanges = [ 120.000008, 120.000008, 120.000008 120.000008 ]
04-11 13:13:25.009 I/[UAH_CLIENT]( 3590): UahEventAcquire, cmdid:1, pkg:com.binance.monitor, identity:com.android.server.wm
04-11 13:13:25.009 I/RefreshRateSelector( 2399): Display 4630946685746860179 policy changed
04-11 13:13:25.009 I/RefreshRateSelector( 2399): Previous: {defaultModeId=0, allowGroupSwitching=false, primaryRanges={physical=[0.00 Hz, 120.00 Hz], render=[0.00 Hz, 120.00 Hz]}, appRequestRanges={physical=[0.00 Hz, 120.00 Hz], render=[0.00 Hz, 120.00 Hz]} idleScreenConfig=nullptr}
04-11 13:13:25.009 I/RefreshRateSelector( 2399): Current:  DisplayManagerPolicy{defaultModeId=0, allowGroupSwitching=false, primaryRanges={physical=[120.00 Hz, 120.00 Hz], render=[120.00 Hz, 120.00 Hz]}, appRequestRanges={physical=[120.00 Hz, 120.00 Hz], render=[120.00 Hz, 120.00 Hz]} idleScreenConfig=nullptr}
04-11 13:13:25.009 I/RefreshRateSelector( 2399): 0 mode changes were performed under the previous policy
04-11 13:13:25.009 D/SurfaceFlinger( 2399): VRR [SurfaceFlinger] applyRefreshRateSelectorPolicy: 0 (120.00 Hz), policy: {defaultModeId=0, allowGroupSwitching=false, primaryRanges={physical=[120.00 Hz, 120.00 Hz], render=[120.00 Hz, 120.00 Hz]}, appRequestRanges={physical=[120.00 Hz, 120.00 Hz], render=[120.00 Hz, 120.00 Hz]} idleScreenConfig=nullptr}
04-11 13:13:25.009 D/SurfaceFlinger( 2399): VRR [SurfaceFlinger] setDesiredActiveMode: displayId: 4630946685746860179, renderRate: 120, vsyncRate: 120, event: 1
04-11 13:13:25.009 D/DisplayModeController( 2399): setDesiredMode 4630946685746860179 {mode={fps=120.00 Hz, modePtr={id=0, vsyncRate=120.00 Hz, peakRefreshRate=120.00 Hz}}, emitEvent=true, force=false}
04-11 13:13:25.009 D/VRR [OTI]( 2399): handleIdle from 1 to 0
04-11 13:13:25.009 D/VRR [OTI-HW]( 2399): isStateReady 0
04-11 13:13:25.009 D/VRR [OTI-HW]( 2399): keep rate.
04-11 13:13:25.009 D/VRR [OTI-ADFR]( 2399): targetRate change from 60 to 0
04-11 13:13:25.009 D/VRR [RefreshRateDirector]( 2399): requestRefreshRateByOti insert [ oti-adfr, {fps=0, modePtr={id=0, vsyncRate=120.00 Hz, peakRefreshRate=120.00 Hz}} ]
04-11 13:13:25.009 I/VRR-[OPlusRefreshRateSelector]( 2399): setIdleModeExternal success, idle fps: 0
04-11 13:13:25.009 D/ActivityTaskManager( 3590): setAppVisibility(Token{42d0ce8 ActivityRecord{242372485 u0 com.binance.monitor/.ui.main.MainActivity t13178}}, visible=true):  visible=false mVisibleRequested=false
04-11 13:13:25.009 D/DisplayModeDirector( 3590): setAppRequest displayId : 0  modeId: 1  requestedRefreshRate: 120.00001  requestedMinRefreshRateRange: 120.00001  requestedMaxRefreshRateRange: 120.00001
04-11 13:13:25.009 D/ActivityTaskManager( 3590): setVisibility(Token{42d0ce8 ActivityRecord{242372485 u0 com.binance.monitor/.ui.main.MainActivity t13178}}, visible=true) defer commitVisibility for transition collecting
04-11 13:13:25.009 V/SensorManager( 3590): call sensorServiceCommonInterface name: setScreenShotDisable
04-11 13:13:25.009 D/SensorServiceExtImpl( 3590): sensorServiceCommonInterface funcName = setScreenShotDisable, flag = 0, status = 0
04-11 13:13:25.009 D/ActivityTaskManager( 3590): setAppVisibility(Token{e278274 ActivityRecord{240062920 u0 com.tencent.mm/.ui.LauncherUI t12626}}, visible=false):  visible=true mVisibleRequested=true
04-11 13:13:25.009 I/[UAH_CLIENT]( 3590): UahEventAcquire, cmdid:1, pkg:com.binance.monitor, identity:com.android.server.wm
04-11 13:13:25.009 D/ActivityTaskManager( 3590): setVisibility(Token{e278274 ActivityRecord{240062920 u0 com.tencent.mm/.ui.LauncherUI t12626}}, visible=false) defer commitVisibility for transition collecting
04-11 13:13:25.010 D/InsetsSourceProvider( 3590): updateSourceFrameForServerVisibility mandatorySystemGestures EMPTY_RECT
04-11 13:13:25.010 D/DisplayModeDirector( 3590): setAppRequest displayId : 0  modeId: 1  requestedRefreshRate: 0.0  requestedMinRefreshRateRange: 0.0  requestedMaxRefreshRateRange: 120.00001
04-11 13:13:25.010 D/VRR [OPlusRefreshRateService]( 3590):  setDirectorStates [flag: 1, state: 1, directorStateOff: 1]
04-11 13:13:25.010 D/VRR [RefreshRateDirector]( 2399): updateState mState = 0
04-11 13:13:25.010 I/ActivityManager( 3590): ProcessObserver broadcast disabled
04-11 13:13:25.010 W/ContextImpl( 3590): Calling a method in the system process without a qualified user: android.app.ContextImpl.sendBroadcast:1281 com.android.server.am.OplusAppStartupConfig.sendAbnormalNotify:2301 com.android.server.am.OplusAppStartupConfig.notifyAbnormalInfo:2234 com.android.server.am.OplusAppStartupManager.handleStartAppInfo:5824 com.android.server.am.ProcessListExtImpl.hookHandleProcessStart:338 
04-11 13:13:25.010 W/SurfaceFlingerPuller( 3590): Failed to pull atom 150134 from surfaceflinger. Success is 0, binder status is EX_NONE
04-11 13:13:25.011 D/InsetsSourceProvider( 3590): updateSourceFrameForServerVisibility mandatorySystemGestures EMPTY_RECT
04-11 13:13:25.012 D/BLASTBufferQueue( 8338): [VRI[monitor]#19822](f:0,a:1) acquireNextBufferLocked size=1264x2780 mFrameNumber=1 applyTransaction=true mTimestamp=883764386087763(auto) mPendingTransactions.size=0 graphicBufferId=35811437815616 transform=0
