--------- beginning of main
04-11 12:48:01.842  2181  2506 I SDM     : DisplayBuiltIn::IdlePowerCollapse: IPC received, disabling partial update for one frame
04-11 12:48:01.844  2181 23599 E CwbService: Panel not support apl read or getDisplayPanelAplValue timeout 10ms.
04-11 12:48:01.844  2258  2258 D SensorFeature: name=ssc_screenshot_info ,index = 22
04-11 12:48:01.845  2258  2258 D SensorFeature: write 39 bytes:930097192979207,930097247148791,32809,0
04-11 12:48:01.847  2113 20704 I sensors-hal: handle_oplus_wise_rgb_event:189, high_pwm_light:lux 342.2,cct 7328.8,brl/algo/ir 1320.0/2.0/39.3,pwm/dc 0.0/0.0,rgbc 14457.156250/10401.982422/6796.765625/29411.970703,ts 930097221969428,cnt 53080,flag 98345
04-11 12:48:01.848  2113 17862 I sensors-hal: handle_oplus_wise_rgb_event:161, wise_rgb: (53076)(cct, lux, ir)[7328.83, 342.18, 39.260902] (r, g, b, c)[14452.17, 10419.58, 6810.01, 29400.32]                 (pwm, hbm, brl, algo)[0.0 0.0 1320.0 2.0], flag 32809
04-11 12:48:01.926  2113 17888 I sensors-hal: handle_sns_std_sensor_event:114, oplus rgb_rear sample: (cct, lux, ir, x, y)[10277, 27, 326, 259, 319]
04-11 12:48:01.926  2113 17888 I sensors-hal: handle_sns_std_sensor_event:116, oplus rgb_rear sample: (r, g, b, c w)[1099, 2252, 550, 735, 0]
04-11 12:48:01.973 11552 11552 W dumpsys : Thread Pool max thread count is 0. Cannot cache binder as linkToDeath cannot be implemented. serviceName: gfxinfo
--------- beginning of system
04-11 12:48:01.975  3590  3646 D ActivityManager: freezer override set to true
04-11 12:48:01.976  3590  7335 D ActivityManager: reportOneUidFrozenStateChanged uid 10294 frozen = false
04-11 12:48:01.978  3590  3646 D ActivityManager: sync unfroze 27799 com.coloros.alarmclock for 19
04-11 12:48:01.979  3590  3646 D ActivityManager: sync unfroze 12677 com.google.android.webview:webview_service for 19
04-11 12:48:01.979  3590  3646 D ActivityManager: sync unfroze 14376 com.android.rkpdapp for 19
04-11 12:48:01.980  3590  3646 D ActivityManager: sync unfroze 17796 com.coloros.ocs.opencapabilityservice:ocs for 19
04-11 12:48:01.981  3590  3646 D ActivityManager: sync unfroze 15448 com.coloros.alarmclock:clockWidget for 19
04-11 12:48:01.982  3590  3646 D ActivityManager: sync unfroze 21483 com.android.cellbroadcastreceiver.module for 19
04-11 12:48:01.982  3590  3646 D ActivityManager: sync unfroze 22212 com.android.DeviceAsWebcam for 19
04-11 12:48:01.983  3590  3646 D ActivityManager: sync unfroze 22292 com.google.android.projection.gearhead:shared for 19
04-11 12:48:01.983  3590  3646 D ActivityManager: sync unfroze 27126 com.android.providers.calendar for 19
04-11 12:48:01.984  3590  3646 D ActivityManager: sync unfroze 27201 com.heytap.htms:kit_hlog for 19
04-11 12:48:01.986  3590  3646 D ActivityManager: sync unfroze 10944 com.heytap.htms for 19
04-11 12:48:01.986  3590  3646 D ActivityManager: sync unfroze 27289 com.heytap.htms:sysintegrity for 19
04-11 12:48:01.987  3590  3646 D ActivityManager: sync unfroze 494 com.oplus.romupdate for 19
04-11 12:48:01.987  3590  3646 D ActivityManager: sync unfroze 347 com.android.keychain for 19
04-11 12:48:01.988  3590  3646 D ActivityManager: sync unfroze 449 com.oplus.safecenter for 19
04-11 12:48:01.989  3590  3646 D ActivityManager: sync unfroze 32603 com.oplus.securitypermission for 19
04-11 12:48:01.990  3590  3646 D ActivityManager: sync unfroze 472 com.android.permissioncontroller for 19
04-11 12:48:01.990  3590  3646 D ActivityManager: freezer override callers: 11552/2000 com.android.server.am.ActivityManagerService$GraphicsBinder.dump:2380 android.os.Binder.doDump:1085 android.os.Binder.dump:1075 android.os.Binder.onTransact:945 android.os.Binder.execTransactInternal:1444 
04-11 12:48:01.990  3590  7335 D ActivityManager: reportOneUidFrozenStateChanged uid 10265 frozen = false
04-11 12:48:01.991  3590  7335 D ActivityManager: reportOneUidFrozenStateChanged uid 10290 frozen = false
04-11 12:48:01.991  3590  7335 D ActivityManager: reportOneUidFrozenStateChanged uid 10177 frozen = false
04-11 12:48:01.991  3590  7335 D ActivityManager: reportOneUidFrozenStateChanged uid 10276 frozen = false
04-11 12:48:01.991  3590  7335 D ActivityManager: reportOneUidFrozenStateChanged uid 10264 frozen = false
04-11 12:48:01.991  3590  7335 D ActivityManager: reportOneUidFrozenStateChanged uid 10202 frozen = false
04-11 12:48:01.991  3590  7335 D ActivityManager: reportOneUidFrozenStateChanged uid 10176 frozen = false
04-11 12:48:01.991  3590  7335 D ActivityManager: reportOneUidFrozenStateChanged uid 10186 frozen = false
04-11 12:48:01.991  3590  7335 D ActivityManager: reportOneUidFrozenStateChanged uid 10284 frozen = false
04-11 12:48:01.997  3590  3646 D ActivityManager: freezer override set to false
04-11 12:48:01.997  3590  3646 D ActivityManager: Async freezing 27799 com.coloros.alarmclock
04-11 12:48:01.997  3590  3646 D ActivityManager: Async freezing 12677 com.google.android.webview:webview_service
04-11 12:48:01.997  3590  3646 D ActivityManager: Async freezing 14376 com.android.rkpdapp
04-11 12:48:01.998  3590  3646 D ActivityManager: Async freezing 17796 com.coloros.ocs.opencapabilityservice:ocs
04-11 12:48:01.998  3590  3646 D ActivityManager: Async freezing 15448 com.coloros.alarmclock:clockWidget
04-11 12:48:01.998  3590  3646 D ActivityManager: Async freezing 21483 com.android.cellbroadcastreceiver.module
04-11 12:48:01.998 15448 15448 D ClockTag_AlarmClockApplication: onTrimMemory: 40
04-11 12:48:01.998  3590  3646 D ActivityManager: Async freezing 22212 com.android.DeviceAsWebcam
04-11 12:48:01.998  3590  3646 D ActivityManager: Async freezing 22292 com.google.android.projection.gearhead:shared
04-11 12:48:01.998  3590  3646 D ActivityManager: Async freezing 27126 com.android.providers.calendar
04-11 12:48:01.998  3590  3646 D ActivityManager: Async freezing 27201 com.heytap.htms:kit_hlog
04-11 12:48:01.999  3590  3646 D ActivityManager: Async freezing 10944 com.heytap.htms
04-11 12:48:01.999  3590  3646 D ActivityManager: Async freezing 27289 com.heytap.htms:sysintegrity
04-11 12:48:01.999  3590  3646 D ActivityManager: Async freezing 494 com.oplus.romupdate
04-11 12:48:01.999  3590  3646 D ActivityManager: Async freezing 347 com.android.keychain
04-11 12:48:01.999  3590  3646 D ActivityManager: Async freezing 449 com.oplus.safecenter
04-11 12:48:01.999  3590  3646 D ActivityManager: Async freezing 32603 com.oplus.securitypermission
04-11 12:48:01.999  3590  3646 D ActivityManager: Async freezing 472 com.android.permissioncontroller
04-11 12:48:01.999  3590  3646 D ActivityManager: freezer override callers: 11552/2000 com.android.server.am.ActivityManagerService$GraphicsBinder.dump:2386 android.os.Binder.doDump:1085 android.os.Binder.dump:1075 android.os.Binder.onTransact:945 android.os.Binder.execTransactInternal:1444 
04-11 12:48:02.000 27799 27799 D ClockTag_AlarmClockApplication: onTrimMemory: 40
04-11 12:48:02.021  3438  4039 D QmiClient: qmiServiceEventCallback recv msg id 47
04-11 12:48:02.021  3438  4039 D QmiClient: enter -mServiceType 10 onQmiServiceEventCallback msgId 47
04-11 12:48:02.021  3438  4039 D QmiClient: onQmiServiceEventCallback - enter. msgId=47
04-11 12:48:02.022  3438  3488 D OttProxy: handleMessage msg is 3001
04-11 12:48:02.022 14034   947 D SubsysRadioIndication[1]: radioLinkLatencyInfoInd
04-11 12:48:02.022 14034   947 D SubsysRadioIndication[1]: notify enter
04-11 12:48:02.022 14034 14034 D NetworkService[1]: handleMessage what:1008
04-11 12:48:02.022 14034 14034 D NetworkService[1]: EVENT_REG_LINK_LATENCY_INFO_CHANGE ulLatency:13238
04-11 12:48:02.092  2399  3162 D VRR [OTI]: handleIdle from 1 to 0
04-11 12:48:02.092  2399  3162 D VRR [OTI-HW]: isStateReady 0
04-11 12:48:02.092  2399  3162 D VRR [OTI-HW]: keep rate.
04-11 12:48:02.092  3590  8031 D GestureLog_OplusMultiPointerDetector: onTouchEvent------>start, mCurNumPointers=1, mCurrStatus=0 mIsDownIntervalTimeout=true, action=0 downTime=882241465 deviceId=-1
04-11 12:48:02.092  3590  3863 D PowerManagerService: userActivityNoUpdateLocked: groupId=0, eventTime=882241465, event=touch, flags=0x0, uid=1000
04-11 12:48:02.092  3590  8291 I [UAH_CLIENT]: UahEventAcquire, cmdid:37, pkg:none, identity:OplusUAwareInputHelper
04-11 12:48:02.092  3590  3863 D PowerManagerService: userActivityNoUpdateLocked: groupId=0, eventTime=882241465, event=touch, flags=0x0, uid=1000
04-11 12:48:02.093  3590  8291 D UAH-UahAdaptHelper: adaptSetNotification identity = OplusUAwareInputHelpersrc = 1000 , type 0 ,p1 = -1 ,p2 = -1 ,p3 = -1 ,p4 =
04-11 12:48:02.093  3590  8291 I [UAH_CLIENT]: uahRuleCtl, ruleId:1000, status:0
04-11 12:48:02.094 11447 11447 D OplusActivityThreadExtImpl: init method, sSupressionGC = public static native void dalvik.system.VMRuntime.SupressionGC(int,int), sDesupressionGC = public static native void dalvik.system.VMRuntime.DesupressionGC(int)
04-11 12:48:02.094 11447 11447 E IJankManager: slideSceneEnd unknown scene 1000 mScene:-1
04-11 12:48:02.097 11447 11447 D ViewExtract: [OplusViewExtractManager] OplusViewExtractManager init com.binance.monitor
04-11 12:48:02.099  3590  8291 D UAH-UahAdaptHelper: adaptSetNotification identity = OplusUAwareInputHelpersrc = 1000 , type 1 ,p1 = -1 ,p2 = -1 ,p3 = -1 ,p4 =
04-11 12:48:02.099  3590  8291 I [UAH_CLIENT]: uahRuleCtl, ruleId:1000, status:1
04-11 12:48:02.099  3590  3863 D PowerManagerService: userActivityNoUpdateLocked: groupId=0, eventTime=882241465, event=touch, flags=0x0, uid=1000
04-11 12:48:02.099  3590  3863 D PowerManagerService: userActivityNoUpdateLocked: groupId=0, eventTime=882241465, event=touch, flags=0x0, uid=1000
04-11 12:48:02.099 11447 11447 D OplusInputMethodManagerInternal: get inputMethodManager extension: com.android.internal.view.IInputMethodManager$Stub$Proxy@8903f5d
04-11 12:48:02.099  2181  2506 I SDM     : DisplayBuiltIn::IdlePowerCollapse: IPC received, disabling partial update for one frame
04-11 12:48:02.100 11447 11447 D OplusViewDragTouchViewHelper: dispatchTouchView action = 1
04-11 12:48:02.100 11447 11447 D ViewRootImplExtImpl: the up motion event handled by client, just return
04-11 12:48:02.100 15031 15220 D ShellSubscriberWorkerThread: the first 8 bytes empty, and RestData length > 8 
04-11 12:48:02.103  3590  7998 I [UAH_CLIENT]: UahEventAcquire, cmdid:2, pkg:none, identity:com.android.server.wm
04-11 12:48:02.103  3590  3646 D WindowManager: NFW_setClientVisible:ActivityRecord{189666225 u0 com.binance.monitor/.ui.account.AccountStatsBridgeActivity clientVisible:true
04-11 12:48:02.104  3590  3646 V GrammaticalInflectionUtils: AttributionSource: android.content.AttributionSource@1020978a does not have READ_SYSTEM_GRAMMATICAL_GENDER permission.
04-11 12:48:02.104  3590  3646 D OplusCompatModeManagerService: getRequestedConfigurationOrientation  res:1,req:1,config.old:0,config.new:0,ActivityRecord{189666225 u0 com.binance.monitor/.ui.account.AccountStatsBridgeActivity t-1}
04-11 12:48:02.104  3590  3646 D OplusCompatModeManagerService:  onPreActivityRecordConfigurationChanged {0.0 ?mcc??mnc ?localeList ?layoutDir ?swdp ?wdp ?hdp ?density ?lsize ?long ?ldr ?wideColorGamut ?orien ?uimode ?night ?touch ?keyb/?/? ?nav/? winConfig={ mBounds=Rect(0, 0 - 0, 0) mAppBounds=null mMaxBounds=Rect(0, 0 - 0, 0) mDisplayRotation=undefined mWindowingMode=undefined mActivityType=undefined mAlwaysOnTop=undefined mRotation=undefined} ?fontWeightAdjustmentmThemeChanged= 0, mThemeChangedFlags= 0, mFlipFont= 0, mScenario= -1, mAccessibleChanged= 0, mUxIconConfig= 0, mMaterialColor= ffffffffffffffff, mUserId= -1, mFontUserId= -1, mFontVariationSettings= ffffffff, mFoldingAngle = -1.0, mIconPackName= , mDarkModeBackgroundMaxL= -1.0, mDarkModeDialogBgMaxL= -1.0, mDarkModeForegroundMinL= -1.0, mOplusConfigType= 0, mOplusChangedConfigs= 0, OpSans= -1, mBurmeseFontFlag= -1, mFlag= 0, mExtraFlag= 0, mFlexibleActivitySuitable= -1, mPuttDisplayFlag= -1}
04-11 12:48:02.104  3590  3646 D OplusCompatModeManagerService:  disable:true,valid:false,computeReq:1,isGameRatio:false
04-11 12:48:02.104  3590  3646 D OplusCompatModeManagerService:  getOverrideMinAspectRatioForCompatMode: 0.0 getRawOverrideMinAspectRatioForCompatMode: 0.0
04-11 12:48:02.104  3590  3646 D OplusCompatModeManagerService:  ar : ActivityRecord{189666225 u0 com.binance.monitor/.ui.account.AccountStatsBridgeActivity t-1} displayId:-1 inCompatMode: false
04-11 12:48:02.104  3590  3646 D OplusCompatModeManagerService: isDefaultDisplay true oldRect: Rect(0, 0 - 0, 0) newRect Rect(0, 0 - 0, 0)
04-11 12:48:02.104  3590  3646 D OplusCompatModeManagerService: reloadCompactRatio mParWorldContainer.isEnabledParallelWindow(pkg):false,mParWorldContainer.isDisabledCompactWindow:false,isUIAutoLayout:false, isFullOrientation: false
04-11 12:48:02.104  3590  3646 D FlexibleTaskController: isSupportFlexibleWindow target = com.binance.monitor/.ui.account.AccountStatsBridgeActivity callPkg = FlexibleTaskController support = true ,caller = 3590
04-11 12:48:02.104  3590  3646 D ActivityStarterExtImpl: checkOpMode: 3
04-11 12:48:02.104  3590  3830 W QosScheduler: executeSceneQosStrategy failed! qos feature no enable
04-11 12:48:02.104  3590  3646 D FlexibleWindowManagerService: isIgnoreAppearedAcrossTask:false
04-11 12:48:02.104  3590  3646 D ActivityStarterExtImpl: setForceUpdateWindow, targetTask = Task{970300f #13172 type=standard A=10512:com.binance.monitor} r = ActivityRecord{189666225 u0 com.binance.monitor/.ui.account.AccountStatsBridgeActivity t-1} notFinish =false
04-11 12:48:02.105  3590  3646 D FlexibleWindowManagerService: isIgnoreAppearedAcrossTask:false
04-11 12:48:02.105  3590  3646 D FlexibleTaskController: adjustOptionsForFlexibleTask skip adjust options reason:4
04-11 12:48:02.105  3590  3646 I InsensibleTaskController: adjustOptionsForInsensibleTask targetTask is resuse so not pureInsensibleOptions
04-11 12:48:02.105  3590  3646 D FlexibleTaskController: isSupportFlexibleWindow target = com.binance.monitor/.ui.account.AccountStatsBridgeActivity callPkg = FlexibleTaskController support = true ,caller = 3590
04-11 12:48:02.105  3590  3646 D FlexibleWindowManagerService: no reused task found for ActivityRecord{189666225 u0 com.binance.monitor/.ui.account.AccountStatsBridgeActivity t-1}
04-11 12:48:02.105  3590  3646 D ActivityStarterExtImpl: isLaunchingRootActivity = false
04-11 12:48:02.105  3590  3646 D ActivityStarterExtImpl: resume targetTask isVisibleRequested is true or in SkipCheckedList, need resume:targetTask=Task{970300f #13172 type=standard A=10512:com.binance.monitor}
04-11 12:48:02.105  3590  8480 I OPM     : handleActivityStart : ActivityRecord{189666225 u0 com.binance.monitor/.ui.account.AccountStatsBridgeActivity t-1}
04-11 12:48:02.105  3590  3646 D OplusCompatModeManagerService: getRequestedConfigurationOrientation  res:1,req:1,config.old:0,config.new:1,ActivityRecord{189666225 u0 com.binance.monitor/.ui.account.AccountStatsBridgeActivity t13172}
04-11 12:48:02.105  3590  3646 D OplusCompatModeManagerService:  onPreActivityRecordConfigurationChanged {1.15 ??mcc??mnc [zh_CN,en_US] ldltr sw361dp w361dp h794dp 560dpi nrml long hdr widecg port night finger -keyb/v/h -nav/h winConfig={ mBounds=Rect(0, 0 - 1264, 2780) mAppBounds=Rect(0, 0 - 1264, 2780) mMaxBounds=Rect(0, 0 - 1264, 2780) mDisplayRotation=ROTATION_0 mWindowingMode=fullscreen mActivityType=standard mAlwaysOnTop=undefined mRotation=ROTATION_0} as.10 s.12661 fontWeightAdjustment=0mThemeChanged= 1, mThemeChangedFlags= 1, mFlipFont= 0, mScenario= 0, mAccessibleChanged= -1, mUxIconConfig= 1e177014640920, mMaterialColor= 100040017, mUserId= 0, mFontUserId= 0, mFontVariationSettings= 11d7, mFoldingAngle = -1.0, mIconPackName= , mDarkModeBackgroundMaxL= 8.0, mDarkModeDialogBgMaxL= 27.0, mDarkModeForegroundMinL= 100.0, mOplusConfigType= 1, mOplusChangedConfigs= 0, OpSans= -1, mBurmeseFontFlag= 2, mFlag= 0, mExtraFlag= 0, mFlexibleActivitySuitable= -1, mPuttDisplayFlag= -1}
04-11 12:48:02.105  3590  3646 D OplusCompatModeManagerService:  disable:true,valid:false,computeReq:1,isGameRatio:false
04-11 12:48:02.105  3590  3646 D OplusCompatModeManagerService:  getOverrideMinAspectRatioForCompatMode: 0.0 getRawOverrideMinAspectRatioForCompatMode: 0.0
04-11 12:48:02.105  3590  3646 D OplusCompatModeManagerService:  ar : ActivityRecord{189666225 u0 com.binance.monitor/.ui.account.AccountStatsBridgeActivity t13172} displayId:0 inCompatMode: false
04-11 12:48:02.105  3590  3646 D OplusCompatModeManagerService: isDefaultDisplay true oldRect: Rect(0, 0 - 0, 0) newRect Rect(0, 0 - 1264, 2780)
04-11 12:48:02.105  3590  3646 D OplusCompatModeManagerService: reloadCompactRatio mParWorldContainer.isEnabledParallelWindow(pkg):false,mParWorldContainer.isDisabledCompactWindow:false,isUIAutoLayout:false, isFullOrientation: false
04-11 12:48:02.106  3590  3646 D SecondaryPageStartupPolicy: checkSecondaryPageStartupStatus not support sourcePackage=com.binance.monitor
04-11 12:48:02.106  3590  3646 D OplusStartingWindowManager: we don't revise window flags for third app
04-11 12:48:02.106  3590  3646 D ActivityTaskManager: validateStartingWindowTheme:  Pkg=com.binance.monitor, Translucent=false, Floating=false, ShowWallpaper=false, Disable=false, LaunchSource=4, Prev=null, LaunchedFromPackage=com.binance.monitor
04-11 12:48:02.106  3590  3646 D ActivityTaskManager: addStartingWindow for ActivityRecord{189666225 u0 com.binance.monitor/.ui.account.AccountStatsBridgeActivity t13172}, mainWin=null, state=INITIALIZING, isKeyguardLocked=false, isKeyguardGoingAway=false
04-11 12:48:02.106  3590  3646 D ActivityTaskManager: getStartingWindowType: , newTask=false, taskSwitch=false, processRunning=true, allowTaskSnapshot=true, activityCreated=false, activityAllDrawn=false, snapshot exist: false
04-11 12:48:02.106  3590  3646 D ActivityRecordExtImpl: handleStartingWindowForCompactWindow origin type:0, adjustType : 0
04-11 12:48:02.106  3590  3646 D OplusWindowAnimationManager: applyNoAnimationForResumed resumed: ActivityRecord{43454697 u0 com.binance.monitor/.ui.main.MainActivity t13172}
04-11 12:48:02.107  3590  3646 D ActivityTrigger: ActivityTrigger activityPauseTrigger 
04-11 12:48:02.108  3590  3646 I ActivityTaskManager: START u0 {flg=0x24000000 xflg=0x4 cmp=com.binance.monitor/.ui.account.AccountStatsBridgeActivity mCallingUid=10512} with LAUNCH_MULTIPLE from uid 10512 (sr=43454697) (BAL_ALLOW_VISIBLE_WINDOW (callingUid has visible window)) result code=0
04-11 12:48:02.108  8338  8381 V WindowManagerShell: Transition requested (#27142): android.os.BinderProxy@6b09f38 TransitionRequestInfo { type = OPEN, triggerTask = TaskInfo{userId=0 taskId=13172 effectiveUid=10512 displayId=0 isRunning=true baseIntent=Intent { flg=0x10000000 cmp=com.binance.monitor/.ui.main.MainActivity mCallingUid=2000 } baseActivity=ComponentInfo{com.binance.monitor/com.binance.monitor.ui.main.MainActivity} topActivity=ComponentInfo{com.binance.monitor/com.binance.monitor.ui.account.AccountStatsBridgeActivity} origActivity=null realActivity=ComponentInfo{com.binance.monitor/com.binance.monitor.ui.main.MainActivity}
04-11 12:48:02.108  8338  8381 V WindowManagerShell:  numActivities=2 lastActiveTime=930097521 supportsSplitScreenMultiWindow=true supportsMultiWindow=true supportsPocketStudioMultiWindow=true isInFlexibleEmbedded = false uid = 10512 pid = 0 resizeMode=1 isResizeable=true minWidth=-1 minHeight=-1 defaultMinSize=220 token=WCT{android.window.IWindowContainerToken$Stub$Proxy@7070b11} topActivityType=1 pictureInPictureParams=null shouldDockBigOverlays=false launchIntoPipHostTaskId=-1 lastParentTaskIdBeforePip=-1 displayCutoutSafeInsets=Rect(0, 0 - 0, 0)
04-11 12:48:02.108  8338  8381 V WindowManagerShell:  topActivityInfo=ActivityInfo{3851476 com.binance.monitor.ui.account.AccountStatsBridgeActivity} launchCookies=[] positionInParent=Point(0, 0) parentTaskId=-1 isFocused=true isVisible=true isVisibleRequested=true isTopActivityNoDisplay=false isSleeping=false locusId=null displayAreaFeatureId=1 isTopActivityTransparent=false isActivityStackTransparent=false lastNonFullscreenBounds=Rect(330, 828 - 935, 2092) capturedLink=null capturedLinkTimestamp=0 requestedVisibleTypes=-9 topActivityRequestOpenInBrowserEducationTimestamp=0
04-11 12:48:02.108  8338  8381 V WindowManagerShell:  appCompatTaskInfo=AppCompatTaskInfo { topActivityInSizeCompat=false topActivityInOplusCompatMode=false eligibleForLetterboxEducation= false isLetterboxEducationEnabled= false isLetterboxDoubleTapEnabled= false eligibleForUserAspectRatioButton= false topActivityBoundsLetterboxed= false isFromLetterboxDoubleTap= false topActivityLetterboxVerticalPosition= -1 topActivityLetterboxHorizontalPosition= -1 topActivityLetterboxWidth=-1 topActivityLetterboxHeight=-1 topActivityAppBounds=Rect(0, 140 - 1264, 2780) isUserFullscreenOverrideEnabled=false isSystemFullscreenOverrideEnabled=false hasMinAspectRatioOverride=false topActivityLetterboxBounds=null cameraCompatTaskInfo=CameraCompatTaskInfo { freeformCameraCompatMode=inactive}} topActivityMainWindowFrame=null topActivityLetterboxInsets=Rect(0, 0 - 0, 0)
04-11 12:48:02.108  8338  8381 V WindowManagerShell:  mOplusExtraBundle = Bundle[mParcelledData.dataSize=1540]}, pipChange = null, remoteTransition = null, displayChange = null, flags = 0, debugId = 27142 }
04-11 12:48:02.108  8338  8381 D ShellSplitScreen: logExit: no-op, mLoggerSessionId is null
04-11 12:48:02.112  3590  8837 I OplusAccessController: enter isIgnoreAppSwitchActivity
04-11 12:48:02.112  3590  8837 I OplusAccessController: enter isIgnoreAppSwitchActivity and intent != null
04-11 12:48:02.112  3590  8837 I OplusAccessController: enter isIgnoreAppSwitchActivity and componentName != null
04-11 12:48:02.112  3590  8837 I OplusAccessController: enter isIgnoreAppSwitchActivity and packageName&activity is not Empty
04-11 12:48:02.112  3590  8837 D RefreshRate: boostRefreshId choose max:currentRefreshRate:90.0 targetRefreshRate:60.0 mCurrentPickRate:90.0
04-11 12:48:02.112  3590  7959 D BackgroundInstallControlService: Package event received: 0
04-11 12:48:02.113  3590  8837 D RefreshRate: Trigger app switch boost, ar=ActivityRecord{189666225 u0 com.binance.monitor/.ui.account.AccountStatsBridgeActivity t13172},currDisplayRate=90.0,boostId=1
04-11 12:48:02.113  3590  8837 D RefreshRate: setDisplayConfigSpecs complete: targetMode={id=3, width=1264, height=2780, fps=90.0, vsync=90.0, synthetic=false, alternativeRefreshRates=[60.000004, 120.00001, 120.00001], supportedHdrTypes=[1, 2, 3, 4]},srcMode={id=3, width=1264, height=2780, fps=90.0, vsync=90.0, synthetic=false, alternativeRefreshRates=[60.000004, 120.00001, 120.00001], supportedHdrTypes=[1, 2, 3, 4]},sfModId=2,rate=90.0
04-11 12:48:02.113  3590  8837 D RefreshRate: startAppSwitchBoost targetMode={id=3, width=1264, height=2780, fps=90.0, vsync=90.0, synthetic=false, alternativeRefreshRates=[60.000004, 120.00001, 120.00001], supportedHdrTypes=[1, 2, 3, 4]} record=ActivityRecord{189666225 u0 com.binance.monitor/.ui.account.AccountStatsBridgeActivity t13172}: votes=PRIORITY_START_ANIMATION_BOOST -> Vote{mRefreshRate=90.0, mMinRefreshRate=90.0, mRequestSource=null};PRIORITY_WINDOW_REQUEST -> Vote{mRefreshRate=90.0, mMinRefreshRate=90.0, mRequestSource=null};
04-11 12:48:02.113  3590  3875 D RefreshRate: do setDisplayConfigSpecs  
04-11 12:48:02.113  3590  8837 I ActivityTaskManager: The Process com.binance.monitor Already Exists in BG. So sending its PID: 11447
04-11 12:48:02.113  2399  9261 D SurfaceFlinger: VRR [SurfaceFlinger] setDesiredDisplayModeSpecs, from process 3590, 2, 0, primaryRanges = [ 90.000000, 90.000000, 90.000000, 90.000000 ], appRequestRanges = [ 90.000000, 90.000000, 90.000000 90.000000 ]
04-11 12:48:02.113  3590  3646 W SurfaceFlingerPuller: Failed to pull atom 150134 from surfaceflinger. Success is 0, binder status is EX_NONE
04-11 12:48:02.113  2013  2036 E statsd  : Stats puller failed for tag: 150134 at 930097526688947
04-11 12:48:02.113  3590  8837 D ActivityTaskManager: setAppVisibility(Token{6bca417 ActivityRecord{189666225 u0 com.binance.monitor/.ui.account.AccountStatsBridgeActivity t13172}}, visible=true):  visible=false mVisibleRequested=false
04-11 12:48:02.113  3590  8837 D ActivityTaskManager: setVisibility(Token{6bca417 ActivityRecord{189666225 u0 com.binance.monitor/.ui.account.AccountStatsBridgeActivity t13172}}, visible=true) defer commitVisibility for transition collecting
04-11 12:48:02.113  3590  8837 D ActivityTaskManager: setAppVisibility(Token{e03389c ActivityRecord{43454697 u0 com.binance.monitor/.ui.main.MainActivity t13172}}, visible=false):  visible=true mVisibleRequested=true
04-11 12:48:02.114  3590  8837 D ActivityTaskManager: setVisibility(Token{e03389c ActivityRecord{43454697 u0 com.binance.monitor/.ui.main.MainActivity t13172}}, visible=false) defer commitVisibility for transition collecting
04-11 12:48:02.114  2399  2399 I BpBinder: onLastStrongRef automatically unlinking death recipients: 
04-11 12:48:02.114  3590  8837 D FlexibleTaskController: isFullToFlexibleAnimating: false
04-11 12:48:02.114  3590  8837 D WindowManager: rotation(ROTATION_0) no changed  displayId = 0, lastOrientation = 1
04-11 12:48:02.114  3590  8837 D ActivityTaskManager: setAppVisibility(Token{6bca417 ActivityRecord{189666225 u0 com.binance.monitor/.ui.account.AccountStatsBridgeActivity t13172}}, visible=true):  visible=false mVisibleRequested=true
04-11 12:48:02.114  3590  8837 D ActivityTaskManager: setVisibility(Token{6bca417 ActivityRecord{189666225 u0 com.binance.monitor/.ui.account.AccountStatsBridgeActivity t13172}}, visible=true) defer commitVisibility for transition collecting
04-11 12:48:02.114  3590  8837 E OplusDexOptimizeManager: pkgSetting or primaryCpuAbi is null for package: com.binance.monitor
04-11 12:48:02.114  3590  8837 D OplusFeatureColorMode: ColorMode getColorMode =0
04-11 12:48:02.114  3590  8837 D ColorDisplayServiceExtImpl: getWCGVersion1App, packageName=com.binance.monitor, sSupportWCG1 = true, sSupportWCG3 = false, nRet = 0
04-11 12:48:02.114  3590  8837 D ActivityTaskManager: NFW_setLastResumedActivityUncheckLocked:true r:ActivityRecord{189666225 u0 com.binance.monitor/.ui.account.AccountStatsBridgeActivity t13172} currentFocus:Window{4a179a8 u0 com.binance.monitor/com.binance.monitor.ui.main.MainActivity}
04-11 12:48:02.114  3590  8837 D WindowManager: NFW_findFocusedWindowIfNeeded:null mCurrentFocus:Window{4a179a8 u0 com.binance.monitor/com.binance.monitor.ui.main.MainActivity}
04-11 12:48:02.114  3590  8480 I OPM     : handlePackageLaunched pkg: com.binance.monitor, uid: 10512, pid: 11447
04-11 12:48:02.114  3590  8837 V WindowManager: Changing focus from Window{4a179a8 u0 com.binance.monitor/com.binance.monitor.ui.main.MainActivity} to null,diplayid=0
04-11 12:48:02.114 11447 11470 D ColorModeChangeItem: preExecute mColorMode=0
04-11 12:48:02.114  3590  3875 D DisplayModeDirector: setAppRequest displayId : 0  modeId: 3  requestedRefreshRate: 90.0  requestedMinRefreshRateRange: 90.0  requestedMaxRefreshRateRange: 90.0
04-11 12:48:02.115  3590  8837 D InsetsSourceProvider: updateSourceFrameForServerVisibility mandatorySystemGestures EMPTY_RECT
04-11 12:48:02.115  3590  8591 D OplusAppSwitchRuleInfo: generateActivityEnterInfo - launch_source_type =  , launch_source_traceid = 
04-11 12:48:02.115  3590  8591 D OplusAppSwitchRuleInfo: generateActivityEnterInfo - launch_source_type =  , launch_source_traceid = 
04-11 12:48:02.115  3590  8837 D DisplayModeDirector: setAppRequest displayId : 0  modeId: 3  requestedRefreshRate: 0.0  requestedMinRefreshRateRange: 0.0  requestedMaxRefreshRateRange: 90.0
04-11 12:48:02.115  3590  8591 D OplusAppSwitchRuleInfo: generateActivityEnterInfo - launch_source_type =  , launch_source_traceid = 
04-11 12:48:02.115  3590  3875 D VRR [OPlusRefreshRateService]:  setDirectorStates [flag: 1, state: 1, directorStateOff: 1]
04-11 12:48:02.115  2399  9261 D VRR [RefreshRateDirector]: updateState mState = 0
04-11 12:48:02.115  3590  8837 I TaskOrganizerController: onTaskInfoChanged taskid 13172 config { mBounds=Rect(0, 0 - 1264, 2780) mAppBounds=Rect(0, 0 - 1264, 2780) mMaxBounds=Rect(0, 0 - 1264, 2780) mDisplayRotation=ROTATION_0 mWindowingMode=fullscreen mActivityType=standard mAlwaysOnTop=undefined mRotation=ROTATION_0}
04-11 12:48:02.116  3590  8837 D OplusFlexibleDragToSplitAnimController: visibleFlexibleTaskInfos delete:13172
04-11 12:48:02.116  3590  8837 E FlexibleWindowManagerService: notifyTaskObserverToAttachController not need to notify!
04-11 12:48:02.116  3590  8837 I FlexibleWindowManagerService: onFlexibleWindowTaskInfoChanged, return for cur task not embedded
04-11 12:48:02.116  8338  8381 D ShellTaskOrganizerExt: visibleFlexibleTaskInfos delete:13172
04-11 12:48:02.116  8338  8381 D ShellTaskOrganizerExt: isOnCanvas size:0
04-11 12:48:02.116  8338  8381 D ShellTaskOrganizerExt: isOnThreeFlexibleCanvas size:0
04-11 12:48:02.117  3590  3796 D InsetsSourceProvider: updateSourceFrameForServerVisibility mandatorySystemGestures EMPTY_RECT
04-11 12:48:02.117  3590  3795 D FlexibleTaskController: not in list
04-11 12:48:02.117  2013  2036 E statsd  : Stats puller failed for tag: 150134 at 930097531473114
04-11 12:48:02.117  2399  9261 I OplusPerfCollect: OplusPerfCollect onPullAtom
04-11 12:48:02.117  2399  9261 I OplusPerfCollect: OplusPerfCollect OplusVrrInfoRecord clear
04-11 12:48:02.118  2013  2036 I statsd  : An anomaly (104240000001) (42)0x10000->10512[I] (42)0x20000->com.binance.monitor[S] (42)0x30000->.ui.account.AccountStatsBridgeActivity[S]  has occurred! Informing subscribers.
04-11 12:48:02.118 10250 16907 E midasd  : getTotalFlipsFromSf mCurFrameCount: 11748670
04-11 12:48:02.119 10250 16907 I midasd  : DisplayAgent updateDisplayDevInfo getRenderFps mFps:90 mRenderFps:12 mWidth:1264 mHeight:2780
04-11 12:48:02.119  3590  7959 D BackgroundInstallControlService: Package event received: 0
04-11 12:48:02.124  3590  3796 D SurfaceComposerClient: Transaction::apply InputWindowCommands.focusRequests timestamp=882241491137927, windowName=<null>
04-11 12:48:02.126 14034 15313 D CommonApp-264-10512: transport layer data is invalid
04-11 12:48:02.126 14034 15313 D CommonApp-255-10512: commonScoreStrategy scenarios low package
04-11 12:48:02.126 14034 15313 D ScorePolicy: handleScoreChanged: []
04-11 12:48:02.126 14034 15313 D ScorePolicy: handleScoreChanged: []
04-11 12:48:02.126 14034 15313 D ScorePolicy: handleScoreChanged: []
04-11 12:48:02.136  2399  3200 D SurfaceFlinger: updateWinowInfo=1, setFocusedWindow timestamp=882241491137927, windowName=<null>
04-11 12:48:02.136  3590  3646 I InputDispatcher: NFW_setFocusedWindow, <null> on display 0, same as the previous:0
04-11 12:48:02.136  3590  3646 I InputDispatcher: updateFocusedWindow,  on display 0, reason: Waiting for window because NO_WINDOW, result:   FocusedWindows: <none>
04-11 12:48:02.145 13839 14712 I SmartDataSwitchStateManager: handle message:7
04-11 12:48:02.145 13839 14712 I SmartDataSwitchSM: [DisableState]Handle msg: 2
04-11 12:48:02.145 13839 14712 I SmartDataSwitchSM: [DisableState]handle state change, reason:DataScoreLow
04-11 12:48:02.183  2181 26958 E CwbService: Panel not support apl read or getDisplayPanelAplValue timeout 10ms.
04-11 12:48:02.183  2258  2258 D SensorFeature: name=ssc_screenshot_info ,index = 22
04-11 12:48:02.183  2258  2258 D SensorFeature: write 39 bytes:930097536391603,930097587343166,32810,0
04-11 12:48:02.185  2113 17862 I sensors-hal: handle_oplus_wise_rgb_event:161, wise_rgb: (53081)(cct, lux, ir)[7348.49, 341.60, 38.732121] (r, g, b, c)[14335.06, 10316.20, 6739.37, 29113.59]                 (pwm, hbm, brl, algo)[0.0 0.0 1320.0 2.0], flag 131072
04-11 12:48:02.202 11447 11461 I binance.monitor: _Desupression native alloc  gc_urgency: 44306expectation: 124346 native bytes: 27603800
04-11 12:48:02.211  2181  2506 I SDM     : DisplayBuiltIn::IdlePowerCollapse: IPC received, disabling partial update for one frame
04-11 12:48:02.217 11447 11447 D VRI[MainActivity]: onFocusEvent false
04-11 12:48:02.217  3590  8850 I [UAH_CLIENT]: UahEventAcquire, cmdid:2, pkg:none, identity:OplusActivityManagerServiceEnhance
04-11 12:48:02.218 11447 11447 D ResourcesManagerExtImpl: applyConfigurationToAppResourcesLocked app.getDisplayId() return callback.displayId:0
04-11 12:48:02.218 11447 11498 D libc-netbsd: [oplusDnsOpenProxy]: __netdClientDispatch.connect errno = 111
04-11 12:48:02.218 11447 11498 D DNS_CACHE: oplus_oplus_getaddrinfo_proxy open dns proxy failed, use android flow: 10512
04-11 12:48:02.219 11447 11498 D libc-netbsd: [oplusDnsOpenProxy]: __netdClientDispatch.connect errno = 111
04-11 12:48:02.222 18198 18387 I GoLog   : from tcp:127.0.0.1:41082 accepted tcp:43.155.214.62:443 [socks >> proxy]
04-11 12:48:02.223 11447 11447 I binance.monitor: AssetManager2(0xb4000071838d0128) locale list changing from [] to [zh-CN]
04-11 12:48:02.225 11447 11447 E OplusPredictiveBackController:  NoSuchMethodException 
04-11 12:48:02.225 11447 11447 E OplusPredictiveBackController:  NoSuchMethodException 
04-11 12:48:02.225 11447 11447 E OplusPredictiveBackController:  NoSuchMethodException 
04-11 12:48:02.225 11447 11447 D OplusPredictiveBackController: initPredictiveBackConfig for com.binance.monitor.ui.account.AccountStatsBridgeActivity@7ae2d94 initPredictiveBackConfig mShouldInterceptKeyEvent false
04-11 12:48:02.225 11447 11447 D WindowOnBackDispatcher:  predictive settings is disabled for com.binance.monitor
04-11 12:48:02.278  2727  3986 D QmiClient: qmiServiceEventCallback recv msg id 1099
04-11 12:48:02.278  2727  3986 D QmiClient: enter -mServiceType 4 onQmiServiceEventCallback msgId 1099
04-11 12:48:02.278  2727  3986 D QmiClient: onQmiServiceEventCallback - enter. msgId=1099
04-11 12:48:02.278  2727  3986 D QmiVsClientEvent: QosPeriodReportInd MSG IND data_len 2052
04-11 12:48:02.278  2727  3986 D QmiVsClientEvent: qmiVsClientNotifyQosPeriodReportIndEvent - RADIO_EVENT_QOS_PERIOD_REPORT_NOTIFY_IND
04-11 12:48:02.278  2727  2826 D VsProxy : handleMessage msg is 2420
04-11 12:48:02.278  3438  3988 D QmiClient: qmiServiceEventCallback recv msg id 1099
04-11 12:48:02.278  3438  3988 D QmiClient: enter -mServiceType 4 onQmiServiceEventCallback msgId 1099
04-11 12:48:02.278  3438  3988 D QmiClient: onQmiServiceEventCallback - enter. msgId=1099
04-11 12:48:02.278  3438  3988 D QmiVsClientEvent: QosPeriodReportInd MSG IND data_len 2052
04-11 12:48:02.278  3438  3988 D QmiVsClientEvent: qmiVsClientNotifyQosPeriodReportIndEvent - RADIO_EVENT_QOS_PERIOD_REPORT_NOTIFY_IND
04-11 12:48:02.279  2727  2826 D VsProxy : handleQosPeriodReportInd for instance 0 data_len 145
04-11 12:48:02.279  3438  3485 D VsProxy : handleMessage msg is 2420
04-11 12:48:02.279  3438  3485 D VsProxy : handleQosPeriodReportInd for instance 1 data_len 204
04-11 12:48:02.279 14034   947 D SubsysRadioIndication[0]: radioQosPeriodReportInd result [8, -100, -108, -104, -49, 14, 34, 12, 8, -84, -69, -57, -50, 14, 16, 4, 24, 1, 32, 3, 58, 61, 8, -82, -127, -104, -49, 14, 16, 5, 24, -64, -92, 38, 32, -22, 6, 40, -97, -1, -1, -1, -1, -1, -1, -1, -1, 1, 48, -11, -1, -1, -1, -1, -1, -1, -1, -1, 1, 56, 2, 64, -99, -1, -1, -1, -1, -1, -1, -1, -1, 1, 72, -97, -1, -1, -1, -1, -1, -1, -1, -1, 1, 66, 29, 8, -57, -20, -92, -50, 14, 16, 5, 34, 19, 8, -64, -92, 38, 16, -22, 6, 24, 78, 32, 13, 40, -117, -32, -94, -93, 2, 48, 2, 90, 0, 98, 10, 8, -41, -26, -92, -50, 14, 16, 3, 24, 5, 122, 15, 8, -8, -24, -92, -50, 14, 16, -52, 2, 24, -21, 1, 32, -90, 9]
04-11 12:48:02.279 14034 14747 D SubsysRadioIndication[1]: radioQosPeriodReportInd result [8, -100, -108, -104, -49, 14, 18, 13, 8, -20, -109, -104, -49, 14, 16, 3, 32, -73, 1, 40, 3, 26, 13, 8, -85, -109, -104, -49, 14, 16, 2, 40, 2, 56, -126, 2, 34, 12, 8, -84, -69, -57, -50, 14, 16, 4, 24, 1, 32, 3, 58, 83, 8, -42, -110, -104, -49, 14, 16, 5, 24, -98, -23, 30, 32, -54, 1, 40, -90, -1, -1, -1, -1, -1, -1, -1, -1, 1, 48, -12, -1, -1, -1, -1, -1, -1, -1, -1, 1, 56, 3, 64, -90, -1, -1, -1, -1, -1, -1, -1, -1, 1, 72, -92, -1, -1, -1, -1, -1, -1, -1, -1, 1, 80, -90, -1, -1, -1, -1, -1, -1, -1, -1, 1, 88, -89, -1, -1, -1, -1, -1, -1, -1, -1, 1, 66, 31, 8, -101, -22, -108, -49, 14, 16, 5, 24, 2, 34, 19, 8, -98, -23, 30, 16, -54, 1, 24, 41, 32, 13, 40, -126, -128, -52, -67, 21, 48, 2, 90, 0, 98, 10, 8, -85, -54, -73, -50, 14, 16, 3, 24, 5, 122, 20, 8, -13, -110, -104, -49, 14, 16, -1, -1, 1, 24, -1, -1, 1, 32, -1, -1, -1, -1, 15]
04-11 12:48:02.279 14034 14034 D NetworkService[0]: handleMessage what:1005
04-11 12:48:02.279 14034 14034 D RadioAtomTracker: parseQosPeriodData ModemQos:CellularQosInfo2{5G, 627264/874, EndcState=0, Band=78, DLBW=13, Rsrp=-97, Rsrq=-11, Snr=2, SvcStatus=3, ULPDCPNumDataPdu=-1, ULPDCPNumDropPdu=-1, ULPDCPTput=-1, ULRLCNumDataPdu=-1, ULRLCNumRetxPdu=-1, ULGrant=-1, ULBSR=-1, ULBler=-1, DLPDCPNumDataPdu=-1, DLPDCPTput=-1, DLRLCNumDataPdu=-1, DLRLCNumRetxPdu=-1, DLRLCNumDropPdu=-1, DLMACPaddingBytes=-1, DLPdcpNumMissToUppPdu=-1, DLBler=-1, RlfCount=0, CellChangeCount=0, IsRedirectionOccur=0, IsDualSimConflict=0, Latency=0, Sub1RrcState=1, Sub2RrcState=3, RachCount=0, CalcPower=332, Mtpl=235, PathLoss=1190, CellLoad=0}
04-11 12:48:02.279 14034 14034 D NetworkService[0]: EVENT_REG_QOS_PERIOD_REPORT_IND_CHANGED ENTER
04-11 12:48:02.279 14034 14034 D NetworkService[1]: handleMessage what:1005
04-11 12:48:02.279 14034 14034 D RadioAtomTracker: parseQosPeriodData ModemQos:CellularQosInfo1{5G, 504990/202, EndcState=2, Band=41, DLBW=13, Rsrp=-90, Rsrq=-12, Snr=3, SvcStatus=3, ULPDCPNumDataPdu=3, ULPDCPNumDropPdu=0, ULPDCPTput=183, ULRLCNumDataPdu=3, ULRLCNumRetxPdu=0, ULGrant=0, ULBSR=0, ULBler=0, DLPDCPNumDataPdu=2, DLPDCPTput=258, DLRLCNumDataPdu=2, DLRLCNumRetxPdu=0, DLRLCNumDropPdu=0, DLMACPaddingBytes=0, DLPdcpNumMissToUppPdu=0, DLBler=0, RlfCount=0, CellChangeCount=0, IsRedirectionOccur=0, IsDualSimConflict=0, Latency=13, Sub1RrcState=1, Sub2RrcState=3, RachCount=0, CalcPower=32767, Mtpl=32767, PathLoss=-1, CellLoad=0}
04-11 12:48:02.279 14034 14034 D NetworkService[1]: EVENT_REG_QOS_PERIOD_REPORT_IND_CHANGED ENTER
04-11 12:48:02.279 14034 14034 D AtomModemKpiInfo: handleMessage what:1001
04-11 12:48:02.279 14034 14034 D AtomModemKpiInfo: analyseQosInfo success
04-11 12:48:02.280  1311  1311 E KeymasterUtils: IKMHal_sendCmd failed with rsp_header->status: -28
04-11 12:48:02.280  1311  1311 E KeyMasterHalDevice: abort_operation
04-11 12:48:02.280  1311  1311 E KeyMasterHalDevice: ret: -28
04-11 12:48:02.291  1311  1311 E KeymasterUtils: IKMHal_sendCmd failed with rsp_header->status: -28
04-11 12:48:02.291  1311  1311 E KeyMasterHalDevice: abort_operation
04-11 12:48:02.291  1311  1311 E KeyMasterHalDevice: ret: -28
04-11 12:48:02.303  1311  1311 E KeymasterUtils: IKMHal_sendCmd failed with rsp_header->status: -28
04-11 12:48:02.303  1311  1311 E KeyMasterHalDevice: abort_operation
04-11 12:48:02.303  1311  1311 E KeyMasterHalDevice: ret: -28
04-11 12:48:02.314  1311  1311 E KeymasterUtils: IKMHal_sendCmd failed with rsp_header->status: -28
04-11 12:48:02.314  1311  1311 E KeyMasterHalDevice: abort_operation
04-11 12:48:02.314  1311  1311 E KeyMasterHalDevice: ret: -28
04-11 12:48:02.325  1311  1311 E KeymasterUtils: IKMHal_sendCmd failed with rsp_header->status: -28
04-11 12:48:02.325  1311  1311 E KeyMasterHalDevice: abort_operation
04-11 12:48:02.325  1311  1311 E KeyMasterHalDevice: ret: -28
04-11 12:48:02.336  1311  1311 E KeymasterUtils: IKMHal_sendCmd failed with rsp_header->status: -28
04-11 12:48:02.336  1311  1311 E KeyMasterHalDevice: abort_operation
04-11 12:48:02.336  1311  1311 E KeyMasterHalDevice: ret: -28
04-11 12:48:02.385  2113 17862 I sensors-hal: handle_oplus_wise_rgb_event:161, wise_rgb: (53086)(cct, lux, ir)[7403.09, 336.61, 38.088997] (r, g, b, c)[14048.51, 10083.04, 6591.47, 28521.48]                 (pwm, hbm, brl, algo)[0.0 0.0 1320.0 2.0], flag 98346
04-11 12:48:02.426 11447 11461 I binance.monitor: _Desupression native alloc  gc_urgency: 42487expectation: 112480 native bytes: 31707384
04-11 12:48:02.475  3590  7344 V AlarmManager: sending alarm Alarm{51a4b21 type 1 origWhen 1775882882475 whenElapsed 930097889 android} uid 1000 whenElapsed 930097889 windowLength 0 maxWhenElapsed 930097889 repeatInterval 0 action null component null tag StorgaeBandInfoAlarmTag flags 0x9 procName system_server
04-11 12:48:02.475  3590 10338 E OplusStorageUFSBandwidth: storage_io_metrics_path is /proc/oplus_storage/io_metrics/forever/
04-11 12:48:02.475  3590 10338 E OplusStorageUFSBandwidth: Bandwidth - Read: 0.00 MB/s, Write: 0.50 MB/s
04-11 12:48:02.475  3590 10338 E OplusStorageUFSBandwidth: Task time: 0ms
04-11 12:48:02.476  3590 10338 E OplusStorageUFSBandwidth: Alarm set to trigger in 10 seconds
04-11 12:48:02.477 11447 11447 I ChainTrace: account_render phase=build_overview account=7400048@ICMarketsSC-MT5-6 durationMs=9 trades=1113 positions=6 curves=5717
04-11 12:48:02.479 11447 11447 I ChainTrace: account_render phase=bind_overview_and_filters account=7400048@ICMarketsSC-MT5-6 durationMs=2 trades=1113 positions=6 curves=5717
04-11 12:48:02.484  2258  2258 D SensorFeature: name=ssc_screenshot_info ,index = 22
04-11 12:48:02.484  2258  2258 D SensorFeature: write 39 bytes:930097536391603,930097898244259,32811,0
04-11 12:48:02.490 11447 11447 I ChainTrace: account_render phase=render_returns_table account=7400048@ICMarketsSC-MT5-6 durationMs=11 trades=1113 positions=6 curves=5717
04-11 12:48:02.491  3590  8850 D NotificationService--OplusNotificationFixHelper: fixAppIcon: pkg=com.v2ray.ang
04-11 12:48:02.491  3590  8850 D NotificationService--OplusNotificationFixHelper: fixAppIcon: appIcon = null, pkg = com.v2ray.ang
04-11 12:48:02.492  3590  8850 D NotificationService--NotificationRecord: isSupportRearLight , isRearLight = false mLedRM = false isMultilLed = false
04-11 12:48:02.492  3590  8850 I OplusStatusBarManagerServiceEnhance:  getTopIsFullscreen mTopIsFullscreen: false
04-11 12:48:02.492  3590  8850 W ActivityManager: Permission Denial: getTopApplicationInfo from pid=18198, uid=10397 requires oplus.permission.OPLUS_COMPONENT_SAFE
04-11 12:48:02.492  3590  8850 E OplusNotificationCenter: getForegroundApplication exception
04-11 12:48:02.492  3590  3590 D NotificationService--OplusNotificationManagerServiceExtImpl: isForwardToAssistants: true, case : Is local notification
04-11 12:48:02.492  3590  3590 D NotificationService: This application enqueue notifications is need postDelayed mcsAssistantDelayTime: 50
04-11 12:48:02.499  2399  3162 D VRR [OTI]: handleIdle from 0 to 1
04-11 12:48:02.499  2399  3162 D VRR [OTI-HW]: isStateReady 0
04-11 12:48:02.499  2399  3162 D VRR [OTI-HW]: keep rate.
04-11 12:48:02.510 11447 11447 I ChainTrace: account_render phase=apply_curve_range account=7400048@ICMarketsSC-MT5-6 durationMs=20 trades=1113 positions=6 curves=5717
04-11 12:48:02.526  3590  9788 I AICCTModule: SensorFilter: brightness threshold 1.4 screenNit is 89.327 ave enviroment lux is 268.4908 luxForNit 98.15702demarcationPoint200.0 result is false
04-11 12:48:02.526  3590  9788 I AICCTModule: SensorFilter: findSecondNearestValue, sensorValue: 7763.809 nearestMaxValue:7764.989 secondNearestValue: 7772.652
04-11 12:48:02.526  3590  9788 I AICCTModule: SensorFilter: findSecondNearestValue, sensorValue: 259.95648 nearestMaxValue:264.88028 secondNearestValue: 264.88028
04-11 12:48:02.546  8338  8338 I SystemUi--Notification: OplusLiveAlertNotificationsRepository-->onRankingApplied
04-11 12:48:02.555  8338  8338 I PluginSeedling--Track: RequestHandler-->notificationUpdated 0|com.v2ray.ang|1|null|10397 postTime: 1775882882491
04-11 12:48:02.556  8338  8338 E LockScreenNotificationDispatcherImp: updateNotificationListOnKg size:0
04-11 12:48:02.559  8338  8338 W SystemUi--Notification: OplusNotificationGroupExtImpl-->setChildrenExpanded: groupHeader is null
04-11 12:48:02.560  8338  8338 I SystemUi--Notification: LockScreenNotificationDispatcherImp-->updateNotificationListOnKg resultCode: 0
04-11 12:48:02.581  8338  8706 D LocalImageResolver: Couldn't use ImageDecoder for drawable, falling back to non-resized load.
04-11 12:48:02.582 11447 11447 I ChainTrace: account_render phase=refresh_trade_stats account=7400048@ICMarketsSC-MT5-6 durationMs=72 trades=1113 positions=6 curves=5717
04-11 12:48:02.582  8338  8338 D OplusNotificationDateTimeView: setTime mSettingTimeMillis 1775882882491, mSettingLocalDateTime 2026-04-11T12:48:00.491
04-11 12:48:02.582 11447 11447 I ChainTrace: account_render phase=refresh_positions account=7400048@ICMarketsSC-MT5-6 durationMs=0 trades=1113 positions=6 curves=5717
04-11 12:48:02.585  8338  8706 D LocalImageResolver: Couldn't use ImageDecoder for drawable, falling back to non-resized load.
04-11 12:48:02.586  8338  8338 D OplusNotificationDateTimeView: setTime mSettingTimeMillis 1775882882491, mSettingLocalDateTime 2026-04-11T12:48:00.491
04-11 12:48:02.588  8338  8706 D LocalImageResolver: Couldn't use ImageDecoder for drawable, falling back to non-resized load.
04-11 12:48:02.589  8338  8338 D OplusNotificationDateTimeView: setTime mSettingTimeMillis 1775882882491, mSettingLocalDateTime 2026-04-11T12:48:00.491
04-11 12:48:02.592  8338  8338 I SystemUi--Notification: OplusNotificationTempla-->resolveContentMargin: marginTop=112 isChildInGroup=false hasSubtitle=true params.topMargin=112
04-11 12:48:02.594  8338  8338 W SystemUi--Notification: OplusNotificationGroupExtImpl-->setChildrenExpanded: groupHeader is null
04-11 12:48:02.600  8338  8338 E LockScreenNotificationDispatcherImp: updateNotificationListOnKg size:0
04-11 12:48:02.602  8338  8338 W SystemUi--Notification: OplusNotificationGroupExtImpl-->setChildrenExpanded: groupHeader is null
04-11 12:48:02.603  8338  8338 I SystemUi--Notification: LockScreenNotificationDispatcherImp-->updateNotificationListOnKg resultCode: 0
04-11 12:48:02.615 11447 11447 I ChainTrace: account_render phase=refresh_trades account=7400048@ICMarketsSC-MT5-6 durationMs=33 trades=1113 positions=6 curves=5717
04-11 12:48:02.615 11447 11447 I ChainTrace: account_render phase=apply_snapshot_total account=7400048@ICMarketsSC-MT5-6 durationMs=182 trades=1113 positions=6 curves=5717
04-11 12:48:02.616 11447 11447 D ActivityThread: ComponentInfo{com.binance.monitor/com.binance.monitor.ui.account.AccountStatsBridgeActivity} checkFinished=false 2
04-11 12:48:02.616 11447 11447 D ResourcesManagerExtImpl: applyConfigurationToAppResourcesLocked app.getDisplayId() return callback.displayId:0
04-11 12:48:02.623  4482  4680 W ServiceManagerCppClient: Waited one second for SystemClearService (is service started? Number of threads started in the threadpool: 16. Are binder threads started and available?)
04-11 12:48:02.624  4482  4659 W ServiceManagerCppClient: Waited one second for SystemClearService (is service started? Number of threads started in the threadpool: 16. Are binder threads started and available?)
04-11 12:48:02.624  1254 11578 W libc    : Unable to set property "ctl.interface_start" to "aidl/SystemClearService": PROP_ERROR_HANDLE_CONTROL_MESSAGE (0x20)
04-11 12:48:02.624  1254 11580 W libc    : Unable to set property "ctl.interface_start" to "aidl/SystemClearService": PROP_ERROR_HANDLE_CONTROL_MESSAGE (0x20)
04-11 12:48:02.636  2113 20704 I sensors-hal: handle_oplus_wise_rgb_event:189, high_pwm_light:lux 329.8,cct 7370.0,brl/algo/ir 1320.0/2.0/39.7,pwm/dc 0.0/0.0,rgbc 14123.262695/10105.034180/6644.450684/28661.345703,ts 930097866745157,cnt 53090,flag 32811
04-11 12:48:02.637  2113 17862 I sensors-hal: handle_oplus_wise_rgb_event:161, wise_rgb: (53091)(cct, lux, ir)[7369.96, 329.81, 39.695450] (r, g, b, c)[14036.05, 10091.84, 6604.72, 28570.43]                 (pwm, hbm, brl, algo)[0.0 0.0 1320.0 2.0], flag 98347
04-11 12:48:02.686  2280  2331 D BatteryChargeControl: bcc get no support from charging protocol
04-11 12:48:02.785  2258  2258 D SensorFeature: name=ssc_screenshot_info ,index = 22
04-11 12:48:02.785  2258  2258 D SensorFeature: write 39 bytes:930097536391603,930098198934311,32812,0
04-11 12:48:02.797  3289  3289 I OplusTouchDaemon: ts_run_service: shellback temperature updated 29 (29271)
04-11 12:48:02.854 11447 11498 I ChainTrace: stream type=syncEvent gapMs=1220 refreshMarket=true
04-11 12:48:02.898 11447 11447 D WindowManager: Add to mViews: com.android.internal.policy.DecorView{96afb02 I.E...... R.....I. 0,0-0,0 alpha=1.0 viewInfo = }[AccountStatsBridgeActivity],pkg= com.binance.monitor
04-11 12:48:02.898 11447 11484 D skia    : setRusSupported enable 0
04-11 12:48:02.900  3590  3646 I system_server: _Desupression native alloc gc_urgency: 76931 native bytes: 284390700
04-11 12:48:02.901  3590  3646 I WindowManager: addWindow: New client android.os.BinderProxy@b9666a3 : window=Window{7618da0 u0 com.binance.monitor/com.binance.monitor.ui.account.AccountStatsBridgeActivity}
04-11 12:48:02.902 11447 11447 D ViewRootImplExtImpl: onDisplayChanged -1 for VRI android.view.ViewRootImpl@ff71849
04-11 12:48:02.903 11447 11447 D ResourcesManagerExtImpl: applyConfigurationToAppResourcesLocked app.getDisplayId() return callback.displayId:0
04-11 12:48:02.903 11447 11447 I Choreographer: Skipped 70 frames!  The application may be doing too much work on its main thread.
04-11 12:48:02.904  3590  7333 D FusionLightNextGen: process end reported = 1, mode: 0, cnt: 401505, lux 265.7, cct 7825.8, r/g/b/c: 14095.9/10109.4/6629.0/28626.4, R/G/B: 167.0/161.0/147.0, bri 1320.0, match 1.00, ir 0.043096, conf 5.0, ts 930098178061563
04-11 12:48:02.904  2113 17862 I sensors-hal: handle_oplus_wise_rgb_event:161, wise_rgb: (53096)(cct, lux, ir)[7403.15, 333.18, 38.671612] (r, g, b, c)[14095.85, 10109.43, 6629.00, 28626.38]                 (pwm, hbm, brl, algo)[0.0 0.0 1320.0 2.0], flag 98348
04-11 12:48:02.904  3590  3646 V WindowManager: Relayout Window{e13b5c6 u0 com.binance.monitor}: viewVisibility=0, oldvis=0, req=315x429 , apr = 0, vsysui=, x=42, y=420
