04-11 12:48:03.082 11447 11470 I HWUI    : Davey! duration=948ms; Flags=1, FrameTimelineVsyncId=351103758, IntendedVsync=882241496119289, Vsync=882242273700989, InputEventId=0, HandleInputStart=882242277707719, AnimationStart=882242277709438, PerformTraversalsStart=882242277744594, DrawStart=882242378678500, FrameDeadline=882241509785955, FrameStartTime=882242277413500, FrameInterval=11108310, WorkloadTarget=13666666, SyncQueued=882242431348187, SyncStart=882242431413969, IssueDrawCommandsStart=882242432455687, SwapBuffers=882242442119854, FrameCompleted=882242444286312, DequeueBufferDuration=14531, QueueBufferDuration=305209, GpuCompleted=882242444286312, SwapBuffersCompleted=882242442526312, DisplayPresentTime=0, CommandSubmissionCompleted=882242442119854, 
04-11 12:48:03.092  2181 26958 E CwbService: Panel not support apl read or getDisplayPanelAplValue timeout 10ms.
04-11 12:48:03.092  2258  2258 D SensorFeature: name=ssc_screenshot_info ,index = 22
04-11 12:48:03.092  2258  2258 D SensorFeature: write 39 bytes:930098484494971,930098495606082,32813,0
04-11 12:48:03.097 11447 11447 D VRI[AccountStatsBridgeActivity]: onFocusEvent true
04-11 12:48:03.150 14034 15313 D CommonApp-264-10512: transport layer data is invalid
04-11 12:48:03.150 14034 15313 D CommonApp-255-10512: commonScoreStrategy scenarios 5 mdnsScore=0
04-11 12:48:03.150 14034 15313 D CommonApp-255-10512: notifyScoreChange appScene COMMON score 100
04-11 12:48:03.150 14034 15313 D ScorePolicy: handleScoreChanged: []
04-11 12:48:03.150 14034 15313 D ScorePolicy: handleScoreChanged: []
04-11 12:48:03.151 14034 15313 D ScorePolicy: handleScoreChanged: []
04-11 12:48:03.155 11447 11447 D VRI[MainActivity]: visibilityChanged oldVisibility=true newVisibility=false
04-11 12:48:03.155 11447 11447 D VRI[MainActivity]: setWindowStopped stopped:true
04-11 12:48:03.161  3590  7380 D InputMethodManagerService: isSecurity: attribute.packageName = com.binance.monitor mCurMethodId = com.sohu.inputmethod.sogou/.SogouIME isSecurity = false ( enable = true needShow = false inBlackList = false isExist = true )
04-11 12:48:03.161  3590  7380 I ImeTracker: com.binance.monitor:91054573: onRequestHide at ORIGIN_SERVER reason HIDE_UNSPECIFIED_WINDOW fromUser false
04-11 12:48:03.161 11447 11447 D HWUI    : RenderProxy::destroy: this=0xb4000071834b6900, mContext=0xb4000071836875c0
04-11 12:48:03.161 11447 11484 D HWUI    : SkiaVulkanPipeline::setSurface: this=0xb400007183294bc0, surface=NULL
04-11 12:48:03.162 11447 11484 D BufferQueueProducer: [VRI[MainActivity]#0(BLAST Consumer)0](id:2cb700000000,api:1,p:11447,c:11447) disconnect: api 1
04-11 12:48:03.162 11447 11484 D BLASTBufferQueue: [VRI[MainActivity]#0](f:0,a:1) destructor()
04-11 12:48:03.162 11447 11484 D BufferQueueConsumer: [VRI[MainActivity]#0(BLAST Consumer)0](id:2cb700000000,api:0,p:-1,c:11447) disconnect
04-11 12:48:03.162 11447 11447 D ViewRootImplExtImpl: wrapConfigInfoIntoFlags rotation=0, smallestScreenWidthDp=361, residentWS=false, scenario=0, bounds=Rect(0, 0 - 1264, 2780), relayoutAsync=false, flags=0, newFlags=1457532192, title=com.binance.monitor/com.binance.monitor.ui.main.MainActivity
04-11 12:48:03.162  3590  8850 I ImeTracker: system_server:82994d85: onRequestHide at ORIGIN_SERVER reason IME_REQUESTED_CHANGED_LISTENER fromUser false
04-11 12:48:03.162  3590  7380 I ImeTracker: system_server:82994d85: onCancelled at PHASE_SERVER_SHOULD_HIDE
04-11 12:48:03.163  3590  3796 D InsetsSourceProvider: updateSourceFrameForServerVisibility mandatorySystemGestures EMPTY_RECT
04-11 12:48:03.163  3590  3646 V WindowManager: Relayout Window{4a179a8 u0 com.binance.monitor/com.binance.monitor.ui.main.MainActivity}: viewVisibility=8, oldvis=0, req=1264x2780 , apr = 0, vsysui=, x=0, y=0
04-11 12:48:03.163  3590  3646 D InsetsSourceProvider: updateSourceFrameForServerVisibility mandatorySystemGestures EMPTY_RECT
04-11 12:48:03.163  3590  3646 D InsetsSourceProvider: updateSourceFrameForServerVisibility mandatorySystemGestures EMPTY_RECT
04-11 12:48:03.164  3590  3646 D WindowManager: NFW_findFocusedWindowIfNeeded:Window{7618da0 u0 com.binance.monitor/com.binance.monitor.ui.account.AccountStatsBridgeActivity} mCurrentFocus:Window{7618da0 u0 com.binance.monitor/com.binance.monitor.ui.account.AccountStatsBridgeActivity}
04-11 12:48:03.164 11447 11447 D VRI[MainActivity]: relayoutWindow result, sizeChanged:false, surfaceControlChanged:true, transformHintChanged:false, mSurfaceSize:Point(1264, 2780), mLastSurfaceSize:Point(1264, 2780), mWidth:1264, mHeight:2780, requestedWidth:1264, requestedHeight:2780, transformHint:0, installOrientation:0, displayRotation:0, isSurfaceValid:false, attr.flag:-2122252032, tmpFrames:ClientWindowFrames{frame=[0,0][1264,2780] display=[0,0][1264,2780] parentFrame=[0,0][0,0]}, relayoutAsync:false, mSyncSeqId:0
04-11 12:48:03.166 17904 17935 I APS_ALOG: flushRoutine g_immediateFlush=0 g_pendingCount=0 g_oobCount=0
04-11 12:48:03.169 11447 11447 D InsetsController: hide(ime(), fromIme=false)
04-11 12:48:03.169 11447 11447 I ImeTracker: com.binance.monitor:91054573: onCancelled at PHASE_CLIENT_ALREADY_HIDDEN
04-11 12:48:03.169  3590  3646 I WindowManager: Window{4a179a8 u0 com.binance.monitor/com.binance.monitor.ui.main.MainActivity} state from DRAW_PENDING to NO_SURFACE; reason: destroySurface
04-11 12:48:03.169  3590  3646 D OplusStartingWindowManager: skip remove starting window for activity = ActivityRecord{43454697 u0 com.binance.monitor/.ui.main.MainActivity t13172} ,ar != topActivityContainsStartingWindow on activityStopped
04-11 12:48:03.169  3590  7959 D BackgroundInstallControlService: Package event received: 0
04-11 12:48:03.170  2113 20704 I sensors-hal: handle_oplus_wise_rgb_event:189, high_pwm_light:lux 331.6,cct 7416.4,brl/algo/ir 1320.0/2.0/38.2,pwm/dc 0.0/0.0,rgbc 13981.232422/10045.644531/6582.642090/28458.535156,ts 930098488787813,cnt 53100,flag 32813
04-11 12:48:03.170  2113 17862 I sensors-hal: handle_oplus_wise_rgb_event:161, wise_rgb: (53101)(cct, lux, ir)[7416.44, 331.57, 38.246586] (r, g, b, c)[13983.72, 10034.65, 6580.43, 28432.89]                 (pwm, hbm, brl, algo)[0.0 0.0 1320.0 2.0], flag 98349
04-11 12:48:03.171  3590  8280 I Osense-BaseDecisionMaker: notifySceneToAthenaPolicy: SCENE_ACTIVITY_IDLE, bundle: Bundle[{scene=SCENE_ACTIVITY_IDLE}]
04-11 12:48:03.220  3590  7167 I resRelease: policy type is 1
04-11 12:48:03.222  3590  3875 D VRR [OPlusSurfaceFlingerController]:  setComplexSceneEnable : true
04-11 12:48:03.222  3590  7998 I [UAH_CLIENT]: uahRuleCtl, ruleId:206, status:3
04-11 12:48:03.222 11447 11447 I SurfaceControl:  setExtendedRangeBrightness sc=Surface(name=)/@0x13e3f08,currentBufferRatio=1.0,desiredRatio=1.0
04-11 12:48:03.222  3590  3646 V WindowManager: Relayout Window{e13b5c6 u0 com.binance.monitor}: viewVisibility=0, oldvis=0, req=315x429 , apr = 0, vsysui=, x=42, y=420
04-11 12:48:03.222  3590  3646 D InsetsSourceProvider: updateSourceFrameForServerVisibility mandatorySystemGestures EMPTY_RECT
04-11 12:48:03.224  3590  3646 D InsetsSourceProvider: updateSourceFrameForServerVisibility mandatorySystemGestures EMPTY_RECT
04-11 12:48:03.279  3438  3988 D QmiClient: qmiServiceEventCallback recv msg id 1099
04-11 12:48:03.279  3438  3988 D QmiClient: enter -mServiceType 4 onQmiServiceEventCallback msgId 1099
04-11 12:48:03.279  3438  3988 D QmiClient: onQmiServiceEventCallback - enter. msgId=1099
04-11 12:48:03.279  3438  3988 D QmiVsClientEvent: QosPeriodReportInd MSG IND data_len 2052
04-11 12:48:03.279  3438  3988 D QmiVsClientEvent: qmiVsClientNotifyQosPeriodReportIndEvent - RADIO_EVENT_QOS_PERIOD_REPORT_NOTIFY_IND
04-11 12:48:03.279  3438  3485 D VsProxy : handleMessage msg is 2420
04-11 12:48:03.279  2727  3986 D QmiClient: qmiServiceEventCallback recv msg id 1099
04-11 12:48:03.279  2727  3986 D QmiClient: enter -mServiceType 4 onQmiServiceEventCallback msgId 1099
04-11 12:48:03.279  2727  3986 D QmiClient: onQmiServiceEventCallback - enter. msgId=1099
04-11 12:48:03.279  2727  3986 D QmiVsClientEvent: QosPeriodReportInd MSG IND data_len 2052
04-11 12:48:03.279  2727  3986 D QmiVsClientEvent: qmiVsClientNotifyQosPeriodReportIndEvent - RADIO_EVENT_QOS_PERIOD_REPORT_NOTIFY_IND
04-11 12:48:03.279  3438  3485 D VsProxy : handleQosPeriodReportInd for instance 1 data_len 207
04-11 12:48:03.279  2727  2826 D VsProxy : handleMessage msg is 2420
04-11 12:48:03.280  2727  2826 D VsProxy : handleQosPeriodReportInd for instance 0 data_len 145
04-11 12:48:03.280 14034 14747 D SubsysRadioIndication[1]: radioQosPeriodReportInd result [8, -123, -100, -104, -49, 14, 18, 21, 8, -59, -101, -104, -49, 14, 16, 22, 32, -79, 50, 40, 22, 56, -113, 3, 64, -11, 2, 72, 1, 26, 13, 8, -59, -101, -104, -49, 14, 16, 24, 40, 23, 56, -70, 127, 34, 12, 8, -84, -69, -57, -50, 14, 16, 4, 24, 1, 32, 3, 58, 83, 8, -35, -102, -104, -49, 14, 16, 5, 24, -98, -23, 30, 32, -54, 1, 40, -92, -1, -1, -1, -1, -1, -1, -1, -1, 1, 48, -12, -1, -1, -1, -1, -1, -1, -1, -1, 1, 56, 2, 64, -93, -1, -1, -1, -1, -1, -1, -1, -1, 1, 72, -92, -1, -1, -1, -1, -1, -1, -1, -1, 1, 80, -91, -1, -1, -1, -1, -1, -1, -1, -1, 1, 88, -91, -1, -1, -1, -1, -1, -1, -1, -1, 1, 66, 31, 8, -101, -22, -108, -49, 14, 16, 5, 24, 2, 34, 19, 8, -98, -23, 30, 16, -54, 1, 24, 41, 32, 13, 40, -126, -128, -52, -67, 21, 48, 2, 90, 0, 98, 10, 8, -85, -54, -73, -50, 14, 16, 3, 24, 5, 122, 15, 8, -35, -102, -104, -49, 14, 16, -43, 1, 24, -11, 1, 32, -32, 8]
04-11 12:48:03.280 14034   947 D SubsysRadioIndication[0]: radioQosPeriodReportInd result [8, -123, -100, -104, -49, 14, 34, 12, 8, -84, -69, -57, -50, 14, 16, 4, 24, 1, 32, 3, 58, 61, 8, -33, -107, -104, -49, 14, 16, 5, 24, -64, -92, 38, 32, -22, 6, 40, -96, -1, -1, -1, -1, -1, -1, -1, -1, 1, 48, -11, -1, -1, -1, -1, -1, -1, -1, -1, 1, 56, 6, 64, -97, -1, -1, -1, -1, -1, -1, -1, -1, 1, 72, -96, -1, -1, -1, -1, -1, -1, -1, -1, 1, 66, 29, 8, -57, -20, -92, -50, 14, 16, 5, 34, 19, 8, -64, -92, 38, 16, -22, 6, 24, 78, 32, 13, 40, -117, -32, -94, -93, 2, 48, 2, 90, 0, 98, 10, 8, -41, -26, -92, -50, 14, 16, 3, 24, 5, 122, 15, 8, -8, -24, -92, -50, 14, 16, -52, 2, 24, -21, 1, 32, -90, 9]
04-11 12:48:03.280 14034 14034 D NetworkService[1]: handleMessage what:1005
04-11 12:48:03.280 14034 14034 D RadioAtomTracker: parseQosPeriodData ModemQos:CellularQosInfo1{5G, 504990/202, EndcState=2, Band=41, DLBW=13, Rsrp=-92, Rsrq=-12, Snr=2, SvcStatus=3, ULPDCPNumDataPdu=22, ULPDCPNumDropPdu=0, ULPDCPTput=6449, ULRLCNumDataPdu=22, ULRLCNumRetxPdu=0, ULGrant=399, ULBSR=373, ULBler=1, DLPDCPNumDataPdu=23, DLPDCPTput=16314, DLRLCNumDataPdu=24, DLRLCNumRetxPdu=0, DLRLCNumDropPdu=0, DLMACPaddingBytes=0, DLPdcpNumMissToUppPdu=0, DLBler=0, RlfCount=0, CellChangeCount=0, IsRedirectionOccur=0, IsDualSimConflict=0, Latency=10, Sub1RrcState=1, Sub2RrcState=3, RachCount=0, CalcPower=213, Mtpl=245, PathLoss=1120, CellLoad=0}
04-11 12:48:03.280 14034 14034 D NetworkService[1]: EVENT_REG_QOS_PERIOD_REPORT_IND_CHANGED ENTER
04-11 12:48:03.280 14034 14034 D NetworkService[0]: handleMessage what:1005
04-11 12:48:03.280 14034 14034 D RadioAtomTracker: parseQosPeriodData ModemQos:CellularQosInfo2{5G, 627264/874, EndcState=0, Band=78, DLBW=13, Rsrp=-96, Rsrq=-11, Snr=6, SvcStatus=3, ULPDCPNumDataPdu=-1, ULPDCPNumDropPdu=-1, ULPDCPTput=-1, ULRLCNumDataPdu=-1, ULRLCNumRetxPdu=-1, ULGrant=-1, ULBSR=-1, ULBler=-1, DLPDCPNumDataPdu=-1, DLPDCPTput=-1, DLRLCNumDataPdu=-1, DLRLCNumRetxPdu=-1, DLRLCNumDropPdu=-1, DLMACPaddingBytes=-1, DLPdcpNumMissToUppPdu=-1, DLBler=-1, RlfCount=0, CellChangeCount=0, IsRedirectionOccur=0, IsDualSimConflict=0, Latency=0, Sub1RrcState=1, Sub2RrcState=3, RachCount=0, CalcPower=332, Mtpl=235, PathLoss=1190, CellLoad=0}
04-11 12:48:03.280 14034 14034 D NetworkService[0]: EVENT_REG_QOS_PERIOD_REPORT_IND_CHANGED ENTER
04-11 12:48:03.280 14034 14034 D AtomModemKpiInfo: handleMessage what:1001
04-11 12:48:03.280 14034 14034 D AtomModemKpiInfo: analyseQosInfo success
04-11 12:48:03.357  2181  2506 I SDM     : DisplayBuiltIn::IdlePowerCollapse: IPC received, disabling partial update for one frame
04-11 12:48:03.438  2181  2506 I SDM     : DisplayBuiltIn::IdlePowerCollapse: IPC received, disabling partial update for one frame
04-11 12:48:03.438  2187  2298 E PERFHAL-PERFCTRL: PERFHAL-PERFCTRL: chk_core_online_poll_loop() 748: poll() has timed out for /sys/kernel/msm_performance/events/cpu_hotplug
04-11 12:48:03.438  2187  2298 E PERFHAL-PERFCTRL: PERFHAL-PERFCTRL: chk_core_online_poll_loop() 743: Block on poll()
04-11 12:48:03.443  2181 23599 E CwbService: Panel not support apl read or getDisplayPanelAplValue timeout 10ms.
04-11 12:48:03.444  2258  2258 D SensorFeature: name=ssc_screenshot_info ,index = 22
04-11 12:48:03.444  2258  2258 D SensorFeature: write 39 bytes:930098792173374,930098846209623,32814,0
04-11 12:48:03.447  2113 17862 I sensors-hal: handle_oplus_wise_rgb_event:161, wise_rgb: (53106)(cct, lux, ir)[7396.52, 330.70, 37.618408] (r, g, b, c)[14031.07, 10096.24, 6622.38, 28596.07]                 (pwm, hbm, brl, algo)[0.0 0.0 1320.0 2.0], flag 98350
04-11 12:48:03.465 14034 15457 D AppSenseConfig: getIgnoreAppList: [com.android.launcher, com.android.contacts, com.oplus.wirelesssettings, com.coloros.alarmclock, com.coloros.calculator, com.coloros.calendar, com.coloros.phonemanager, com.android.settings, com.android.phone, com.oplus.nas, com.oplus.nhs, com.oplus.appdetail, com.android.permissioncontroller, com.oplus.pscanvas, com.oplus.autotest.test.ctp, com.android.systemui, com.android.systemui.overlay.fingerprint.anim.fy, com.android.systemui.overlay.fingerprint.anim.qy, com.android.systemui.overlay.fingerprint.anim.sw, com.android.systemui.overlay.fingerprint.anim.xw, com.android.systemui.overlay.fingerprint.anim.ccyh, com.android.systemui.overlay.fingerprint.anim.halo, com.android.systemui.overlay.fingerprint.anim.jslz, com.android.systemui.overlay.fingerprint.anim.none, com.android.systemui.overlay.fingerprint.anim.xklc]
04-11 12:48:03.465 14034 15457 D AppSenseConfig: getIgnoreAppList: [com.android.launcher, com.android.contacts, com.oplus.wirelesssettings, com.coloros.alarmclock, com.coloros.calculator, com.coloros.calendar, com.coloros.phonemanager, com.android.settings, com.android.phone, com.oplus.nas, com.oplus.nhs, com.oplus.appdetail, com.android.permissioncontroller, com.oplus.pscanvas, com.oplus.autotest.test.ctp, com.android.systemui, com.android.systemui.overlay.fingerprint.anim.fy, com.android.systemui.overlay.fingerprint.anim.qy, com.android.systemui.overlay.fingerprint.anim.sw, com.android.systemui.overlay.fingerprint.anim.xw, com.android.systemui.overlay.fingerprint.anim.ccyh, com.android.systemui.overlay.fingerprint.anim.halo, com.android.systemui.overlay.fingerprint.anim.jslz, com.android.systemui.overlay.fingerprint.anim.none, com.android.systemui.overlay.fingerprint.anim.xklc]
04-11 12:48:03.465 14034 15457 D AppSenseConfig: getIgnoreAppList: [com.android.launcher, com.android.contacts, com.oplus.wirelesssettings, com.coloros.alarmclock, com.coloros.calculator, com.coloros.calendar, com.coloros.phonemanager, com.android.settings, com.android.phone, com.oplus.nas, com.oplus.nhs, com.oplus.appdetail, com.android.permissioncontroller, com.oplus.pscanvas, com.oplus.autotest.test.ctp, com.android.systemui, com.android.systemui.overlay.fingerprint.anim.fy, com.android.systemui.overlay.fingerprint.anim.qy, com.android.systemui.overlay.fingerprint.anim.sw, com.android.systemui.overlay.fingerprint.anim.xw, com.android.systemui.overlay.fingerprint.anim.ccyh, com.android.systemui.overlay.fingerprint.anim.halo, com.android.systemui.overlay.fingerprint.anim.jslz, com.android.systemui.overlay.fingerprint.anim.none, com.android.systemui.overlay.fingerprint.anim.xklc]
04-11 12:48:03.467 14034 15457 D ActivityAdapter: taskChange: pre: 1, cur: 1, changed:true
04-11 12:48:03.468 14034 15457 D ActivityAdapter: notifyActivityQuery: [com.binance.monitor; com.binance.monitor.ui.account.AccountStatsBridgeActivity; 1; COMMON; 10512]
04-11 12:48:03.468 14034 15457 D OPlusFrontAppManager: useAdapterResult, pkg=com.binance.monitor,activity=com.binance.monitor.ui.account.AccountStatsBridgeActivity,result=true
04-11 12:48:03.468 14034 15457 D OPlusFrontAppManager: decide -->> [com.binance.monitor; com.binance.monitor.ui.account.AccountStatsBridgeActivity; 1; COMMON; 10512]
04-11 12:48:03.468 14034 15457 D ConferenceScene: pkg:com.binance.monitor, activity:com.binance.monitor.ui.account.AccountStatsBridgeActivity, appSense:COMMON
04-11 12:48:03.468 14034 15457 D ConferenceScene: pkg:com.binance.monitor, activity:com.binance.monitor.ui.main.MainActivity, appSense:COMMON
04-11 12:48:03.469 14034 15313 D Subsys-ScoreAppManager: handleMessage what:2
04-11 12:48:03.469 14034 15313 D Subsys-ScoreAppManager: EVENT_ID_APP_SENSE_CHANGE  onFrontActivityChanged
04-11 12:48:03.469 14034 15313 D Subsys-ScoreAppManager: appSceneChange fgAppUnits size 1 fgAppUnits [{pkgName:com.binance.monitor,activityName:,winMode:1,event:COMMON,type:0,subEvent:0,pid:11447,uid:10512}] mLastNetworkList[255, 264]
04-11 12:48:03.469 14034 15313 D Subsys-ScoreAppManager: createApp
04-11 12:48:03.469 14034 15313 D Subsys-ScoreAppManager: createApp
04-11 12:48:03.469 14034 15297 D CellMap/GameLatencyMapService: handleAppSceneChange: [{pkgName:com.binance.monitor,activityName:,winMode:1,event:COMMON,type:0,subEvent:0,pid:11447,uid:10512}]
04-11 12:48:03.469 14034 15313 D Subsys-ScoreAppManager: unit: {pkgName:com.binance.monitor,activityName:,winMode:1,event:COMMON,type:0,subEvent:0,pid:11447,uid:10512}
04-11 12:48:03.469 14034 15297 D CellMap/QoeMapService: handleAppSceneChange: [{pkgName:com.binance.monitor,activityName:,winMode:1,event:COMMON,type:0,subEvent:0,pid:11447,uid:10512}]
04-11 12:48:03.469 14034 15297 D CellMap/QoeMapService: handleAppSceneChange update: 0
04-11 12:48:03.469 14034 15313 D CommonApp-255-10512: DefaultState EVENT_SCENARIOS_CHANGE
04-11 12:48:03.469 14034 15313 D CommonApp-255-10512: scene=COMMON pn=com.binance.monitor
04-11 12:48:03.469 14034 15313 D CommonApp-264-10512: DefaultState EVENT_SCENARIOS_CHANGE
04-11 12:48:03.469 14034 15313 D CommonApp-264-10512: scene=COMMON pn=com.binance.monitor
04-11 12:48:03.469  3590  3795 D AppSenseClient: handleMessage: 100
04-11 12:48:03.469 14034 14034 D AtomHighLoadSenseInfo: handleMessage what:1000
04-11 12:48:03.469 14034 14034 D AtomHighLoadSenseInfo: handleAppSenseChanged original mode:{live:0,video:0,voice call:0,video call:0,live host:0,meeting:0}
04-11 12:48:03.469 14034 14034 D AtomHighLoadSenseInfo: handleAppSenseChanged appInfoUnit:{pkgName:com.binance.monitor,activityName:,winMode:1,event:COMMON,type:0,subEvent:0,pid:11447,uid:10512}
04-11 12:48:03.469 14034 14034 D AtomNetworkScoreInfo: handleMessage: 1006
04-11 12:48:03.469 14034 14034 D AtomNetworkScoreInfo: top app size: 1
04-11 12:48:03.469 14034 14034 D AtomNetworkScoreInfo: Front app state: 1
04-11 12:48:03.470 14034 14034 D AtomModemKpiInfo: handleMessage what:1000
04-11 12:48:03.470 14034 14034 D SceneService: handleMessage what:1004
04-11 12:48:03.470 14034 14034 D SceneService: notifyAppSceneChanged original mode:{live:0,video:0,voice call:0,video call:0,live host:0,game:0,meeting:0,news:0,file transfer:0},appInfoUnit:[{pkgName:com.binance.monitor,activityName:,winMode:1,event:COMMON,type:0,subEvent:0,pid:11447,uid:10512}]
04-11 12:48:03.470 14034 14034 D ExtremeCommService: handleMessage what:1012
04-11 12:48:03.470 14034 14034 D ExtremeCommService: updateAppInfo appInfoUnit: com.binance.monitor, winMode:1
04-11 12:48:03.470  3590  3795 D AppSenseClient: handleSenseEvent appInfoUnits: {pkgName:com.binance.monitor,activityName:com.binance.monitor.ui.account.AccountStatsBridgeActivity,winMode:1,event:COMMON,type:0,subEvent:0,pid:11447,uid:10512},
04-11 12:48:03.470 14034 14034 D FrontAppsEvent: receive msg:1001
04-11 12:48:03.470 14034 14034 D FrontAppsEvent: onAppSceneUpdate, infoList:[{pkgName:com.binance.monitor,activityName:,winMode:1,event:COMMON,type:0,subEvent:0,pid:11447,uid:10512}]
04-11 12:48:03.470  3590  3795 D AppSenseClient: handleSenseEvent clients: 1
04-11 12:48:03.470  3590  3795 D AppSenseClient: handleSenseEvent clientId: 224279445
04-11 12:48:03.470  8498  8498 D AppSenseClient: handleMessage: 100
04-11 12:48:03.470  3590  3795 D AppSenseClient: notifyAppChanges: [{pkgName:com.binance.monitor,activityName:com.binance.monitor.ui.account.AccountStatsBridgeActivity,winMode:1,event:COMMON,type:0,subEvent:0,pid:11447,uid:10512}]
04-11 12:48:03.470  8498  8498 D AppSenseClient: handleSenseEvent appInfoUnits: {pkgName:com.binance.monitor,activityName:com.binance.monitor.ui.account.AccountStatsBridgeActivity,winMode:1,event:COMMON,type:0,subEvent:0,pid:11447,uid:10512},
04-11 12:48:03.470  8498  8498 D AppSenseClient: handleSenseEvent clients: 1
04-11 12:48:03.470  8498  8498 D AppSenseClient: handleSenseEvent clientId: 74017188
04-11 12:48:03.470  8406  8866 D AppSenseClient: handleMessage: 100
04-11 12:48:03.470  8498  8498 D AppSenseClient: notifyAppChanges: [{pkgName:com.binance.monitor,activityName:com.binance.monitor.ui.account.AccountStatsBridgeActivity,winMode:1,event:COMMON,type:0,subEvent:0,pid:11447,uid:10512}]
04-11 12:48:03.470  8406  8866 D AppSenseClient: handleSenseEvent appInfoUnits: {pkgName:com.binance.monitor,activityName:com.binance.monitor.ui.account.AccountStatsBridgeActivity,winMode:1,event:COMMON,type:0,subEvent:0,pid:11447,uid:10512},
04-11 12:48:03.470  8498  8498 D NhsAppSenseListener: onAppChanged, app list size: 1
04-11 12:48:03.470  8406  8866 D AppSenseClient: handleSenseEvent clients: 1
04-11 12:48:03.470  8406  8866 D AppSenseClient: handleSenseEvent clientId: 101737326
04-11 12:48:03.470  8406  8866 D AppSenseClient: notifyAppChanges: [{pkgName:com.binance.monitor,activityName:com.binance.monitor.ui.account.AccountStatsBridgeActivity,winMode:1,event:COMMON,type:0,subEvent:0,pid:11447,uid:10512}]
04-11 12:48:03.471 14034 15457 D AppSenseService: notifySenseEvent: {pkgName:com.binance.monitor,activityName:com.binance.monitor.ui.account.AccountStatsBridgeActivity,winMode:1,event:COMMON,type:0,subEvent:0,pid:11447,uid:10512},
04-11 12:48:03.471 13839 14411 D AppSenseClient: handleMessage: 100
04-11 12:48:03.471 13839 14411 D AppSenseClient: handleSenseEvent appInfoUnits: {pkgName:com.binance.monitor,activityName:com.binance.monitor.ui.account.AccountStatsBridgeActivity,winMode:1,event:COMMON,type:0,subEvent:0,pid:11447,uid:10512},
04-11 12:48:03.471 13839 14411 D AppSenseClient: handleSenseEvent clients: 1
04-11 12:48:03.471 13839 14411 D AppSenseClient: handleSenseEvent clientId: 106466519
04-11 12:48:03.471 13839 14411 D AppSenseClient: notifyAppChanges: [{pkgName:com.binance.monitor,activityName:com.binance.monitor.ui.account.AccountStatsBridgeActivity,winMode:1,event:COMMON,type:0,subEvent:0,pid:11447,uid:10512}]
04-11 12:48:03.471 13839 14411 D NAS-DataSceneEvent: onAppChanged, app list size: 1
04-11 12:48:03.471 13839 14411 D NAS-DataSceneEvent: updateAppSenseChange [{pkgName:com.binance.monitor,activityName:com.binance.monitor.ui.account.AccountStatsBridgeActivity,winMode:1,event:COMMON,type:0,subEvent:0,pid:11447,uid:10512}]
04-11 12:48:03.472 13839 14674 D OplusLinkBoostSceneManager: handleAppSceneChange: live broadcast off
04-11 12:48:03.472 13839 14698 E OplusNetlinkConnect: parse rsp msg failed!Message missing required fields: header
04-11 12:48:03.624  4482  4659 W ServiceManagerCppClient: Waited one second for SystemClearService (is service started? Number of threads started in the threadpool: 16. Are binder threads started and available?)
04-11 12:48:03.625  4482  4680 W ServiceManagerCppClient: Waited one second for SystemClearService (is service started? Number of threads started in the threadpool: 16. Are binder threads started and available?)
04-11 12:48:03.627  1254 11593 W libc    : Unable to set property "ctl.interface_start" to "aidl/SystemClearService": PROP_ERROR_HANDLE_CONTROL_MESSAGE (0x20)
04-11 12:48:03.627  1254 11595 W libc    : Unable to set property "ctl.interface_start" to "aidl/SystemClearService": PROP_ERROR_HANDLE_CONTROL_MESSAGE (0x20)
04-11 12:48:03.687  2280  2331 D BatteryChargeControl: bcc get no support from charging protocol
04-11 12:48:03.716 11447 11498 I ChainTrace: stream type=syncEvent gapMs=862 refreshMarket=true
04-11 12:48:03.716 11447 11498 I ChainTrace: market_apply symbol=BTCUSDT closeTime=1775882939999 fetchMs=-1 triggerToApplyMs=-1
04-11 12:48:03.717 11447 11498 I ChainTrace: repo_kline symbol=BTCUSDT closeTime=1775882939999 applyToRepoMs=1
04-11 12:48:03.726  3590  9788 I AICCTModule: SensorFilter: brightness threshold 1.4 screenNit is 89.327 ave enviroment lux is 266.06897 luxForNit 98.047264demarcationPoint200.0 result is false
04-11 12:48:03.726  3590  9788 I AICCTModule: SensorFilter: findSecondNearestValue, sensorValue: 7772.652 nearestMaxValue:7825.8237 secondNearestValue: 7825.8237
04-11 12:48:03.726  3590  9788 I AICCTModule: SensorFilter: findSecondNearestValue, sensorValue: 264.88028 nearestMaxValue:264.40958 secondNearestValue: 264.40958
04-11 12:48:03.746  2258  2258 D SensorFeature: name=ssc_screenshot_info ,index = 22
04-11 12:48:03.746  2258  2258 D SensorFeature: write 39 bytes:930098792173374,930099159161655,32815,0
04-11 12:48:03.747  2113 20704 I sensors-hal: handle_oplus_wise_rgb_event:189, high_pwm_light:lux 332.7,cct 7371.6,brl/algo/ir 1320.0/2.0/37.8,pwm/dc 0.0/0.0,rgbc 13816.776367/9926.866211/6470.061523/28108.867188,ts 930099077527344,cnt 53110,flag 32815
04-11 12:48:03.748  2113 17862 I sensors-hal: handle_oplus_wise_rgb_event:161, wise_rgb: (53111)(cct, lux, ir)[7371.59, 332.69, 37.765167] (r, g, b, c)[13761.96, 9889.47, 6459.02, 28045.93]                 (pwm, hbm, brl, algo)[0.0 0.0 1320.0 2.0], flag 98351
04-11 12:48:03.926  2113 17888 I sensors-hal: handle_sns_std_sensor_event:114, oplus rgb_rear sample: (cct, lux, ir, x, y)[10193, 24, 303, 259, 321]
04-11 12:48:03.926  2113 17888 I sensors-hal: handle_sns_std_sensor_event:116, oplus rgb_rear sample: (r, g, b, c w)[958, 1966, 464, 597, 0]
04-11 12:48:03.971  2113 17862 I sensors-hal: handle_oplus_wise_rgb_event:161, wise_rgb: (53116)(cct, lux, ir)[7384.48, 323.73, 38.197590] (r, g, b, c)[13557.63, 9726.70, 6361.90, 27582.03]                 (pwm, hbm, brl, algo)[0.0 0.0 1320.0 2.0], flag 98351
04-11 12:48:03.973 13839 14674 D UlPriorityPolicyForeground: match: config has not com.binance.monitor
04-11 12:48:04.006 15757 16090 W Battery : ThermalControllHandler: MSG_THERMAL_CONTROL_STATUS_CHANGED,msg:16
04-11 12:48:04.006 15757 16090 W Battery : StateManager: getAppType com.binance.monitor, last=1775882838451
04-11 12:48:04.006 15757 16090 W Battery : ThermalControllerCenter: mSafetyState=10000,  mSafetyTestConfigList=01111,10111,11011,11101,11110,00111,01011,01101,01110,10011,10101,10110,11001,11010,11100,11111
04-11 12:48:04.007 15757 16090 W Battery : ThermalControlConfig: mNonBigVersionOtaPeriodVal=2
04-11 12:48:04.007 15757 16090 W Battery : ThermalControllHandler: tempLevel=[2],userMode=2,gameUserMode=-1,appType=-1,envTempType=0,appStates=[],appSwitchSafetyMode=true,split=[],float={com.binance.monitor},full=[com.binance.monitor], tempGear=[2],configItemName=common_config
04-11 12:48:04.007 15757 16090 W Battery : StateManager: getAppType com.binance.monitor, last=1775882838451
04-11 12:48:04.022  3438  4039 D QmiClient: qmiServiceEventCallback recv msg id 47
04-11 12:48:04.022  3438  4039 D QmiClient: enter -mServiceType 10 onQmiServiceEventCallback msgId 47
04-11 12:48:04.022  3438  4039 D QmiClient: onQmiServiceEventCallback - enter. msgId=47
04-11 12:48:04.022  3438  3488 D OttProxy: handleMessage msg is 3001
04-11 12:48:04.022 14034 14747 D SubsysRadioIndication[1]: radioLinkLatencyInfoInd
04-11 12:48:04.022 14034 14747 D SubsysRadioIndication[1]: notify enter
04-11 12:48:04.023 14034 14034 D NetworkService[1]: handleMessage what:1008
04-11 12:48:04.023 14034 14034 D NetworkService[1]: EVENT_REG_LINK_LATENCY_INFO_CHANGE ulLatency:7349
04-11 12:48:04.026   424   574 D ConfigListManager: we take a gc.
04-11 12:48:04.046  3590  7902 D InetDiagMessage: Destroyed 0 sockets, proto=IPPROTO_TCP, family=AF_INET, states=14
04-11 12:48:04.047  2258  2258 D SensorFeature: name=ssc_screenshot_info ,index = 22
04-11 12:48:04.047  2258  2258 D SensorFeature: write 39 bytes:930098792173374,930099460892175,32816,0
04-11 12:48:04.049  3590  7902 D InetDiagMessage: Destroyed 1 sockets, proto=IPPROTO_TCP, family=AF_INET6, states=14
04-11 12:48:04.049  3590  7902 D InetDiagMessage: Destroyed live tcp sockets for uids={10515} in 7ms
04-11 12:48:04.052  3590  7902 D InetDiagMessage: Destroyed 0 sockets, proto=IPPROTO_TCP, family=AF_INET, states=14
04-11 12:48:04.054  3590  7902 D InetDiagMessage: Destroyed 0 sockets, proto=IPPROTO_TCP, family=AF_INET6, states=14
04-11 12:48:04.054  3590  7902 D InetDiagMessage: Destroyed live tcp sockets for uids={20515} in 5ms
04-11 12:48:04.062   424   574 I ficationmanager: Explicit concurrent mark compact GC freed 248KB AllocSpace bytes, 0(0B) LOS objects, 65% free,2157KB(M:505KB,L:1652KB)/6253KB, paused 124us,961us total 35.701ms
04-11 12:48:04.073 11447 11475 D OplusScrollToTopManager: com.binance.monitor/com.binance.monitor.ui.main.MainActivity,This com.android.internal.policy.DecorView{112785d I.E...... R......D 0,0-1264,2780 aid=0 alpha=1.0 viewInfo = }[MainActivity] change focus to false
04-11 12:48:04.078   424   574 I ficationmanager: Explicit concurrent mark compact GC freed 100KB AllocSpace bytes, 0(0B) LOS objects, 65% free,2153KB(M:501KB,L:1652KB)/6249KB, paused 88us,648us total 15.702ms
04-11 12:48:04.104  3590  3830 W QosScheduler: executeSceneQosStrategy failed! qos feature no enable
04-11 12:48:04.159 11447 11475 D OplusScrollToTopManager: com.binance.monitor/com.binance.monitor.ui.account.AccountStatsBridgeActivity,This com.android.internal.policy.DecorView{96afb02 V.E...... R....... 0,0-1264,2780 aid=1 alpha=1.0 viewInfo = }[AccountStatsBridgeActivity] change focus to true
04-11 12:48:04.174 14034 15313 D CommonApp-264-10512: transport layer data is invalid
04-11 12:48:04.175 14034 15313 D CommonApp-255-10512: commonScoreStrategy scenarios low package
04-11 12:48:04.176 14034 15313 D ScorePolicy: handleScoreChanged: []
04-11 12:48:04.176 14034 15313 D ScorePolicy: handleScoreChanged: []
04-11 12:48:04.176 14034 15313 D ScorePolicy: handleScoreChanged: []
04-11 12:48:04.205  2181  2506 I SDM     : DisplayBuiltIn::IdlePowerCollapse: IPC received, disabling partial update for one frame
04-11 12:48:04.231  3590  8836 V WindowManager: Relayout Window{e13b5c6 u0 com.binance.monitor}: viewVisibility=0, oldvis=0, req=315x429 , apr = 0, vsysui=, x=42, y=420
04-11 12:48:04.231 11447 11447 I SurfaceControl:  setExtendedRangeBrightness sc=Surface(name=)/@0x13e3f08,currentBufferRatio=1.0,desiredRatio=1.0
04-11 12:48:04.231  3590  8836 D InsetsSourceProvider: updateSourceFrameForServerVisibility mandatorySystemGestures EMPTY_RECT
04-11 12:48:04.232  3590  8836 D InsetsSourceProvider: updateSourceFrameForServerVisibility mandatorySystemGestures EMPTY_RECT
04-11 12:48:04.237  2113 20704 I sensors-hal: handle_oplus_wise_rgb_event:189, high_pwm_light:lux 280.5,cct 7216.8,brl/algo/ir 1320.0/2.0/39.3,pwm/dc 0.0/0.0,rgbc 11683.834961/8301.349609/5419.311523/23614.431641,ts 930099433145417,cnt 53120,flag 32816
04-11 12:48:04.237  3590  7333 D FusionLightNextGen: process end reported = 1, mode: 0, cnt: 401510, lux 205.5, cct 7749.7, r/g/b/c: 11653.9/8250.8/5384.0/23465.2, R/G/B: 167.0/161.0/147.0, bri 1320.0, match 1.00, ir 0.044713, conf 5.0, ts 930099444216407
04-11 12:48:04.238 11447 11600 D ProfileInstaller: Installing profile for com.binance.monitor
04-11 12:48:04.238  2113 17862 I sensors-hal: handle_oplus_wise_rgb_event:161, wise_rgb: (53121)(cct, lux, ir)[7216.77, 280.48, 39.349937] (r, g, b, c)[11653.93, 8250.76, 5383.99, 23465.24]                 (pwm, hbm, brl, algo)[0.0 0.0 1320.0 2.0], flag 98352
04-11 12:48:04.254  2110  2110 D healthd : system healthd: battery l=96 v=4389 t=28.8 h=2 st=2 c=-165 fc=6100000 cc=441 chg=u
04-11 12:48:04.263  2280  2280 D ChargerInfo: getInfo: type: 0x1, update: 1
04-11 12:48:04.263  2280  2306 D ChargerInfo: chargerInfoUpdateThread: update start
04-11 12:48:04.267  2280  2306 D ChargerInfo: enableTx: path(/proc/wireless/enable_tx): not exist
04-11 12:48:04.267  2280  2306 D ChargerInfo: wlsAdapterPower: path(/sys/class/oplus_chg/wireless/max_w_power): not exist
04-11 12:48:04.267  2280  2306 D ChargerInfo: unknown: path(/sys/class/oplus_chg/ac/online) and backupPath(/sys/class/power_supply/ac/online) not exist
04-11 12:48:04.267  2280  2306 D ChargerInfo: unknown: path(/sys/class/oplus_chg/ac/online) and backupPath(/sys/class/power_supply/ac/online) not exist
04-11 12:48:04.267  2280  2306 D ChargerInfo: get_ui_charge_icon_type: [0 0] [0 0] 1
04-11 12:48:04.267  2280  2306 D ChargerInfo: unknown: path(/sys/class/oplus_chg/ac/online) and backupPath(/sys/class/power_supply/ac/online) not exist
04-11 12:48:04.268  2280  2306 D ChargerInfo: unknown: path(/sys/class/oplus_chg/ac/online) and backupPath(/sys/class/power_supply/ac/online) not exist
04-11 12:48:04.268  2280  2306 E ChargerInfo: SingleHyperPath not found
04-11 12:48:04.268  2280  2306 D ChargerInfo: chargerInfoUpdateThread: update end
04-11 12:48:04.268  2280  2306 D ChargerInfo: chargerInfoUpdateThread: update wait
04-11 12:48:04.268  2280  2280 D ChargerInfo: enableTx: path(/proc/wireless/enable_tx): not exist
04-11 12:48:04.268  2280  2280 D ChargerInfo: wlsAdapterPower: path(/sys/class/oplus_chg/wireless/max_w_power): not exist
04-11 12:48:04.268  2280  2280 D ChargerInfo: getInfo: {"Update":{"batteryFcc":5814,"batteryRm":4716,"bddLeakCurr":0,"bmsStatus":0,"bypassChgStatus":2,"chargeTimeRemaining":0,"cpaPower":2,"enableTx":"0","fastCharge":0,"isSupportSpeedCharge":0,"notifyCode":0,"otgOnline":1,"ppsChargePower":0,"ppsCharging":0,"shortCHwStatus":0,"shortIcOtpStatus":0,"uiIconType":0,"uiPower":0,"usbStatus":0,"wlsAdapterPower":0}}
04-11 12:48:04.269  3590  3848 D BatteryStatsImplExtImpl: mActiveProcesses size = 60
04-11 12:48:04.269  3590  3848 D BatteryStatsImplExtImpl: rpmhStats is null or interval time is too short.
04-11 12:48:04.311  8406 10767 D OplusCellularNetworkConfig: getDnsQueryPriority value=http://pdns.dnspod.cn
04-11 12:48:04.312 14034 15313 D NetworkService[0]: getActiveNetworks networkList size:1
04-11 12:48:04.312 14034 15313 D SubsysThreadPool: execute task
04-11 12:48:04.314 14034 14770 D libc-netbsd: [oplusDnsOpenProxy]: __netdClientDispatch.connect errno = 111
04-11 12:48:04.314 14034 14770 D DNS_CACHE: oplus_oplus_getaddrinfo_proxy open dns proxy failed, use android flow: 1000
04-11 12:48:04.322  2181  2506 I SDM     : DisplayBuiltIn::IdlePowerCollapse: IPC received, disabling partial update for one frame
04-11 12:48:04.336  3590  8472 I OplusHansManager : uid=10515, pkg=com.mobilecodex.nativeapp F enter(), M stay=3
04-11 12:48:04.337  2727  3986 D QmiClient: qmiServiceEventCallback recv msg id 1099
04-11 12:48:04.337  2727  3986 D QmiClient: enter -mServiceType 4 onQmiServiceEventCallback msgId 1099
04-11 12:48:04.337  2727  3986 D QmiClient: onQmiServiceEventCallback - enter. msgId=1099
04-11 12:48:04.337  3438  3988 D QmiClient: qmiServiceEventCallback recv msg id 1099
04-11 12:48:04.337  2727  3986 D QmiVsClientEvent: QosPeriodReportInd MSG IND data_len 2052
04-11 12:48:04.337  3438  3988 D QmiClient: enter -mServiceType 4 onQmiServiceEventCallback msgId 1099
04-11 12:48:04.337  2727  3986 D QmiVsClientEvent: qmiVsClientNotifyQosPeriodReportIndEvent - RADIO_EVENT_QOS_PERIOD_REPORT_NOTIFY_IND
04-11 12:48:04.337  3438  3988 D QmiClient: onQmiServiceEventCallback - enter. msgId=1099
04-11 12:48:04.337  3438  3988 D QmiVsClientEvent: QosPeriodReportInd MSG IND data_len 2052
04-11 12:48:04.337  3438  3988 D QmiVsClientEvent: qmiVsClientNotifyQosPeriodReportIndEvent - RADIO_EVENT_QOS_PERIOD_REPORT_NOTIFY_IND
04-11 12:48:04.337  3438  3485 D VsProxy : handleMessage msg is 2420
04-11 12:48:04.337  2727  2826 D VsProxy : handleMessage msg is 2420
04-11 12:48:04.338  3438  3485 D VsProxy : handleQosPeriodReportInd for instance 1 data_len 205
04-11 12:48:04.338  2727  2826 D VsProxy : handleQosPeriodReportInd for instance 0 data_len 145
04-11 12:48:04.338 14034 14747 D SubsysRadioIndication[0]: radioQosPeriodReportInd result [8, -91, -92, -104, -49, 14, 34, 12, 8, -84, -69, -57, -50, 14, 16, 4, 24, 1, 32, 3, 58, 61, 8, -33, -107, -104, -49, 14, 16, 5, 24, -64, -92, 38, 32, -22, 6, 40, -96, -1, -1, -1, -1, -1, -1, -1, -1, 1, 48, -11, -1, -1, -1, -1, -1, -1, -1, -1, 1, 56, 6, 64, -97, -1, -1, -1, -1, -1, -1, -1, -1, 1, 72, -96, -1, -1, -1, -1, -1, -1, -1, -1, 1, 66, 29, 8, -57, -20, -92, -50, 14, 16, 5, 34, 19, 8, -64, -92, 38, 16, -22, 6, 24, 78, 32, 13, 40, -117, -32, -94, -93, 2, 48, 2, 90, 0, 98, 10, 8, -41, -26, -92, -50, 14, 16, 3, 24, 5, 122, 15, 8, -8, -24, -92, -50, 14, 16, -52, 2, 24, -21, 1, 32, -90, 9]
04-11 12:48:04.338 14034   947 D SubsysRadioIndication[1]: radioQosPeriodReportInd result [8, -91, -92, -104, -49, 14, 18, 14, 8, -3, -96, -104, -49, 14, 16, 1, 32, 53, 40, 1, 72, 1, 26, 13, 8, -83, -93, -104, -49, 14, 16, 2, 40, 2, 56, -86, 2, 34, 12, 8, -84, -69, -57, -50, 14, 16, 4, 24, 1, 32, 3, 58, 83, 8, -31, -95, -104, -49, 14, 16, 5, 24, -98, -23, 30, 32, -54, 1, 40, -90, -1, -1, -1, -1, -1, -1, -1, -1, 1, 48, -11, -1, -1, -1, -1, -1, -1, -1, -1, 1, 56, 3, 64, -90, -1, -1, -1, -1, -1, -1, -1, -1, 1, 72, -92, -1, -1, -1, -1, -1, -1, -1, -1, 1, 80, -92, -1, -1, -1, -1, -1, -1, -1, -1, 1, 88, -90, -1, -1, -1, -1, -1, -1, -1, -1, 1, 66, 31, 8, -101, -22, -108, -49, 14, 16, 5, 24, 2, 34, 19, 8, -98, -23, 30, 16, -54, 1, 24, 41, 32, 13, 40, -126, -128, -52, -67, 21, 48, 2, 90, 0, 98, 10, 8, -85, -54, -73, -50, 14, 16, 3, 24, 5, 122, 20, 8, -20, -94, -104, -49, 14, 16, -1, -1, 1, 24, -1, -1, 1, 32, -1, -1, -1, -1, 15]
04-11 12:48:04.338 14034 14034 D NetworkService[0]: handleMessage what:1005
04-11 12:48:04.338 14034 14034 D RadioAtomTracker: parseQosPeriodData ModemQos:CellularQosInfo2{5G, 627264/874, EndcState=0, Band=78, DLBW=13, Rsrp=-96, Rsrq=-11, Snr=6, SvcStatus=3, ULPDCPNumDataPdu=-1, ULPDCPNumDropPdu=-1, ULPDCPTput=-1, ULRLCNumDataPdu=-1, ULRLCNumRetxPdu=-1, ULGrant=-1, ULBSR=-1, ULBler=-1, DLPDCPNumDataPdu=-1, DLPDCPTput=-1, DLRLCNumDataPdu=-1, DLRLCNumRetxPdu=-1, DLRLCNumDropPdu=-1, DLMACPaddingBytes=-1, DLPdcpNumMissToUppPdu=-1, DLBler=-1, RlfCount=0, CellChangeCount=0, IsRedirectionOccur=0, IsDualSimConflict=0, Latency=0, Sub1RrcState=1, Sub2RrcState=3, RachCount=0, CalcPower=332, Mtpl=235, PathLoss=1190, CellLoad=0}
04-11 12:48:04.339 14034 14034 D NetworkService[0]: EVENT_REG_QOS_PERIOD_REPORT_IND_CHANGED ENTER
04-11 12:48:04.339 14034 14034 D NetworkService[1]: handleMessage what:1005
04-11 12:48:04.339 14034 14034 D RadioAtomTracker: parseQosPeriodData ModemQos:CellularQosInfo1{5G, 504990/202, EndcState=2, Band=41, DLBW=13, Rsrp=-90, Rsrq=-11, Snr=3, SvcStatus=3, ULPDCPNumDataPdu=1, ULPDCPNumDropPdu=0, ULPDCPTput=53, ULRLCNumDataPdu=1, ULRLCNumRetxPdu=0, ULGrant=0, ULBSR=0, ULBler=1, DLPDCPNumDataPdu=2, DLPDCPTput=298, DLRLCNumDataPdu=2, DLRLCNumRetxPdu=0, DLRLCNumDropPdu=0, DLMACPaddingBytes=0, DLPdcpNumMissToUppPdu=0, DLBler=0, RlfCount=0, CellChangeCount=0, IsRedirectionOccur=0, IsDualSimConflict=0, Latency=7, Sub1RrcState=1, Sub2RrcState=3, RachCount=0, CalcPower=32767, Mtpl=32767, PathLoss=-1, CellLoad=0}
04-11 12:48:04.339  3590  8472 I OplusHansManager : freeze uid: 10515 com.mobilecodex.nativeapp pids: [21078] scene: LcdOn
04-11 12:48:04.339 14034 14034 D NetworkService[1]: EVENT_REG_QOS_PERIOD_REPORT_IND_CHANGED ENTER
04-11 12:48:04.339 14034 14034 D AtomModemKpiInfo: handleMessage what:1001
04-11 12:48:04.339 14034 14034 D AtomModemKpiInfo: analyseQosInfo success
04-11 12:48:04.339  3590  9766 I OStatsManager_OplusBatteryStatsManager: updateStateTime: PkgName = com.mobilecodex.nativeapp, uid = 10515, state to em, mForegroundCnt = 0, isFg = false
04-11 12:48:04.340  3590  8475 I OplusHansManager : p_BC uid=10515 pkg=com.mobilecodex.nativeapp
04-11 12:48:04.340  3590  8475 I OplusBinderProxy: proxyBinder uid: 10515 pkg: com.mobilecodex.nativeapp proxy: true calling: OFreezer
04-11 12:48:04.340  3590  8475 I LocationFreezeProc: will freezeLocationProcess for com.mobilecodex.nativeapp, 10515, true, false
04-11 12:48:04.340  1905  8134 E         : destroyAllSocketForUid:10515
04-11 12:48:04.340  3590  8475 I LocationFreezeProc: Executing freeze operation for com.mobilecodex.nativeapp, 10515, true, false
04-11 12:48:04.340  3590  8475 W LocationFreezeProc: Do nothing for the app is not record!
04-11 12:48:04.340  3590  8475 I OplusHansManager : p_gps: uid 10515 result false
04-11 12:48:04.340  3590  8475 D OplusHansManager : onUidHansStateChanged: uid = 10515, isFreeze = true, frozenStatus = 0
04-11 12:48:04.347  3590  8085 D OAppNetControlService: Hans update:[10515=true][0|0] blackList:[10310, 10500, 10515]
04-11 12:48:04.374  3590  3792 D SensorServiceExtImpl: notifyApplicationLaunchStage processName=com.binance.monitor, uid=10512, pid=11447, stage=0
04-11 12:48:04.405  2181  2506 I SDM     : DisplayBuiltIn::IdlePowerCollapse: IPC received, disabling partial update for one frame
04-11 12:48:04.409  2181 23599 E CwbService: Panel not support apl read or getDisplayPanelAplValue timeout 10ms.
04-11 12:48:04.410  2258  2258 D SensorFeature: name=ssc_screenshot_info ,index = 22
04-11 12:48:04.410  2258  2258 D SensorFeature: write 39 bytes:930099758524050,930099811768425,32817,0
04-11 12:48:04.460  3590  7167 D osense.compress: com.v2ray.ang do shrink, target ratio = 76, final ratio = 90, cur ratio = 62
04-11 12:48:04.475  3590  7344 V AlarmManager: sending alarm Alarm{df3aee2 type 1 origWhen 1775882884475 whenElapsed 930099889 android} uid 1000 whenElapsed 930099889 windowLength 0 maxWhenElapsed 930099889 repeatInterval 0 action null component null tag StorgaeBandInfoAlarmTag flags 0x9 procName system_server
04-11 12:48:04.476  3590 10338 E OplusStorageUFSBandwidth: storage_io_metrics_path is /proc/oplus_storage/io_metrics/forever/
04-11 12:48:04.478  3590 10338 E OplusStorageUFSBandwidth: Bandwidth - Read: 1.00 MB/s, Write: 0.00 MB/s
04-11 12:48:04.478  3590 10338 E OplusStorageUFSBandwidth: Task time: 2ms
04-11 12:48:04.478  3590 10338 E OplusStorageUFSBandwidth: Alarm set to trigger in 10 seconds
04-11 12:48:04.503  2113 17862 I sensors-hal: handle_oplus_wise_rgb_event:161, wise_rgb: (53126)(cct, lux, ir)[7093.59, 251.68, 40.052048] (r, g, b, c)[10420.52, 7298.33, 4754.87, 20833.38]                 (pwm, hbm, brl, algo)[0.0 0.0 1320.0 2.0], flag 98353
04-11 12:48:04.626  4482  4659 W ServiceManagerCppClient: Waited one second for SystemClearService (is service started? Number of threads started in the threadpool: 16. Are binder threads started and available?)
04-11 12:48:04.627  4482  4680 W ServiceManagerCppClient: Waited one second for SystemClearService (is service started? Number of threads started in the threadpool: 16. Are binder threads started and available?)
04-11 12:48:04.629  1254 11605 W libc    : Unable to set property "ctl.interface_start" to "aidl/SystemClearService": PROP_ERROR_HANDLE_CONTROL_MESSAGE (0x20)
04-11 12:48:04.629  1254 11606 W libc    : Unable to set property "ctl.interface_start" to "aidl/SystemClearService": PROP_ERROR_HANDLE_CONTROL_MESSAGE (0x20)
04-11 12:48:04.678 11447 11498 I ChainTrace: stream type=syncEvent gapMs=962 refreshMarket=true
04-11 12:48:04.679 11447 11498 I ChainTrace: market_apply symbol=XAUUSDT closeTime=1775882939999 fetchMs=-1 triggerToApplyMs=-1
04-11 12:48:04.679 11447 11498 I ChainTrace: repo_kline symbol=XAUUSDT closeTime=1775882939999 applyToRepoMs=0
04-11 12:48:04.688  2280  2331 D BatteryChargeControl: bcc get no support from charging protocol
04-11 12:48:04.692  2181  2506 I SDM     : DisplayBuiltIn::IdlePowerCollapse: IPC received, disabling partial update for one frame
04-11 12:48:04.711  2258  2258 D SensorFeature: name=ssc_screenshot_info ,index = 22
04-11 12:48:04.711  2258  2258 D SensorFeature: write 39 bytes:930099758524050,930100125136029,32818,0
04-11 12:48:04.771  2113 20704 I sensors-hal: handle_oplus_wise_rgb_event:189, high_pwm_light:lux 235.9,cct 7036.0,brl/algo/ir 1320.0/2.0/39.9,pwm/dc 0.0/0.0,rgbc 10181.307617/7109.157715/4640.078613/20301.884766,ts 930100099624272,cnt 53130,flag 32818
04-11 12:48:04.771  2113 17862 I sensors-hal: handle_oplus_wise_rgb_event:161, wise_rgb: (53131)(cct, lux, ir)[7035.98, 235.86, 39.906506] (r, g, b, c)[10186.29, 7109.16, 4637.87, 20311.21]                 (pwm, hbm, brl, algo)[0.0 0.0 1320.0 2.0], flag 98354
04-11 12:48:04.772  3590  9788 I AICCTModule: SensorFilter: brightness threshold 1.2 screenNit is 89.327 ave enviroment lux is 183.6779 luxForNit 93.99942demarcationPoint200.0 result is false
04-11 12:48:04.772  3590  9788 I AICCTModule: SensorFilter: findSecondNearestValue, sensorValue: 7825.8237 nearestMaxValue:7830.9575 secondNearestValue: 7830.9575
04-11 12:48:04.772  3590  9788 I AICCTModule: SensorFilter: findSecondNearestValue, sensorValue: 264.40958 nearestMaxValue:260.56915 secondNearestValue: 260.56915
04-11 12:48:04.979  2280  2323 D vendor.oplus.hardware.charger-V10-service: ret_value:121, read content:,288,288,4389,4387,-90,94,96,1,1,0,494,5022,96,1,4480,600,500,0,0,9500,0,0,1,0,2,0,0,0,1,5868,96,0,4716,5046,0,0,0,0,0,0
04-11 12:48:04.979  2280  2323 D vendor.oplus.hardware.charger-V10-service: gmtime: 2026-04-11-12-48-04
04-11 12:48:04.979  2280  2323 D vendor.oplus.hardware.charger-V10-service: usb_online:1, ac_online:-2147483648, wireless_online:-2147483648
04-11 12:48:05.013  2258  2258 D SensorFeature: name=ssc_screenshot_info ,index = 22
04-11 12:48:05.014  2258  2258 D SensorFeature: write 39 bytes:930099758524050,930100426642123,32819,0
04-11 12:48:05.022  3438  4039 D QmiClient: qmiServiceEventCallback recv msg id 47
04-11 12:48:05.022  3438  4039 D QmiClient: enter -mServiceType 10 onQmiServiceEventCallback msgId 47
04-11 12:48:05.022  3438  4039 D QmiClient: onQmiServiceEventCallback - enter. msgId=47
04-11 12:48:05.022  3438  3488 D OttProxy: handleMessage msg is 3001
04-11 12:48:05.023 14034 14747 D SubsysRadioIndication[1]: radioLinkLatencyInfoInd
04-11 12:48:05.023 14034 14747 D SubsysRadioIndication[1]: notify enter
04-11 12:48:05.023 14034 14034 D NetworkService[1]: handleMessage what:1008
04-11 12:48:05.023 14034 14034 D NetworkService[1]: EVENT_REG_LINK_LATENCY_INFO_CHANGE ulLatency:6149
04-11 12:48:05.037  2113 17862 I sensors-hal: handle_oplus_wise_rgb_event:161, wise_rgb: (53136)(cct, lux, ir)[7012.33, 234.90, 40.182369] (r, g, b, c)[10158.88, 7120.16, 4620.21, 20238.94]                 (pwm, hbm, brl, algo)[0.0 0.0 1320.0 2.0], flag 98355
04-11 12:48:05.189  8337  9773 V OsAgent : broadcastSystemEvent - 7
04-11 12:48:05.199 14034 15313 D CommonApp-264-10512: transport layer data is invalid
04-11 12:48:05.200 14034 15313 D CommonApp-255-10512: commonScoreStrategy scenarios low package
04-11 12:48:05.200 14034 15313 D ScorePolicy: handleScoreChanged: []
04-11 12:48:05.200 14034 15313 D ScorePolicy: handleScoreChanged: []
04-11 12:48:05.200 14034 15313 D ScorePolicy: handleScoreChanged: []
04-11 12:48:05.205  2181  2506 I SDM     : DisplayBuiltIn::IdlePowerCollapse: IPC received, disabling partial update for one frame
04-11 12:48:05.336  2727  3986 D QmiClient: qmiServiceEventCallback recv msg id 1099
04-11 12:48:05.336  2727  3986 D QmiClient: enter -mServiceType 4 onQmiServiceEventCallback msgId 1099
04-11 12:48:05.336  2727  3986 D QmiClient: onQmiServiceEventCallback - enter. msgId=1099
04-11 12:48:05.336  2727  3986 D QmiVsClientEvent: QosPeriodReportInd MSG IND data_len 2052
04-11 12:48:05.336  2727  3986 D QmiVsClientEvent: qmiVsClientNotifyQosPeriodReportIndEvent - RADIO_EVENT_QOS_PERIOD_REPORT_NOTIFY_IND
04-11 12:48:05.337  3438  3988 D QmiClient: qmiServiceEventCallback recv msg id 1099
04-11 12:48:05.337  3438  3988 D QmiClient: enter -mServiceType 4 onQmiServiceEventCallback msgId 1099
04-11 12:48:05.337  3438  3988 D QmiClient: onQmiServiceEventCallback - enter. msgId=1099
04-11 12:48:05.337  3438  3988 D QmiVsClientEvent: QosPeriodReportInd MSG IND data_len 2052
04-11 12:48:05.337  3438  3988 D QmiVsClientEvent: qmiVsClientNotifyQosPeriodReportIndEvent - RADIO_EVENT_QOS_PERIOD_REPORT_NOTIFY_IND
04-11 12:48:05.337  2727  2826 D VsProxy : handleMessage msg is 2420
04-11 12:48:05.337  2727  2826 D VsProxy : handleQosPeriodReportInd for instance 0 data_len 145
04-11 12:48:05.337  3438  3485 D VsProxy : handleMessage msg is 2420
04-11 12:48:05.337  3438  3485 D VsProxy : handleQosPeriodReportInd for instance 1 data_len 205
04-11 12:48:05.338 14034 14747 D SubsysRadioIndication[0]: radioQosPeriodReportInd result [8, -115, -84, -104, -49, 14, 34, 12, 8, -84, -69, -57, -50, 14, 16, 4, 24, 1, 32, 3, 58, 61, 8, -124, -86, -104, -49, 14, 16, 5, 24, -64, -92, 38, 32, -22, 6, 40, -92, -1, -1, -1, -1, -1, -1, -1, -1, 1, 48, -10, -1, -1, -1, -1, -1, -1, -1, -1, 1, 56, 6, 64, -98, -1, -1, -1, -1, -1, -1, -1, -1, 1, 72, -92, -1, -1, -1, -1, -1, -1, -1, -1, 1, 66, 29, 8, -57, -20, -92, -50, 14, 16, 5, 34, 19, 8, -64, -92, 38, 16, -22, 6, 24, 78, 32, 13, 40, -117, -32, -94, -93, 2, 48, 2, 90, 0, 98, 10, 8, -41, -26, -92, -50, 14, 16, 3, 24, 5, 122, 15, 8, -8, -24, -92, -50, 14, 16, -52, 2, 24, -21, 1, 32, -90, 9]
04-11 12:48:05.338 14034 14034 D NetworkService[0]: handleMessage what:1005
