04-11 12:49:36.737 I/sensors-hal( 2113): handle_oplus_wise_rgb_event:161, wise_rgb: (54736)(cct, lux, ir)[6537.67, 202.65, 42.714077] (r, g, b, c)[8992.74, 6161.12, 3964.60, 17635.06]                 (pwm, hbm, brl, algo)[0.0 0.0 1361.0 2.0], flag 33100
04-11 12:49:36.758 W/ServiceManagerCppClient( 4482): Waited one second for SystemClearService (is service started? Number of threads started in the threadpool: 16. Are binder threads started and available?)
04-11 12:49:36.758 W/ServiceManagerCppClient( 4482): Waited one second for SystemClearService (is service started? Number of threads started in the threadpool: 16. Are binder threads started and available?)
04-11 12:49:36.761 W/libc    ( 1254): Unable to set property "ctl.interface_start" to "aidl/SystemClearService": PROP_ERROR_HANDLE_CONTROL_MESSAGE (0x20)
04-11 12:49:36.761 W/libc    ( 1254): Unable to set property "ctl.interface_start" to "aidl/SystemClearService": PROP_ERROR_HANDLE_CONTROL_MESSAGE (0x20)
04-11 12:49:36.770 D/BatteryChargeControl( 2280): bcc get no support from charging protocol
04-11 12:49:36.857 I/SDM     ( 2181): DisplayBuiltIn::IdlePowerCollapse: IPC received, disabling partial update for one frame
04-11 12:49:36.957 D/SensorFeature( 2258): name=ssc_screenshot_info ,index = 22
04-11 12:49:36.957 D/SensorFeature( 2258): write 39 bytes:930191998219536,930192369784275,33101,0
04-11 12:49:37.000 I/sensors-hal( 2113): handle_oplus_wise_rgb_event:161, wise_rgb: (54741)(cct, lux, ir)[6621.19, 203.19, 42.218597] (r, g, b, c)[9042.58, 6183.12, 3977.84, 17728.31]                 (pwm, hbm, brl, algo)[0.0 0.0 1361.0 2.0], flag 33101
04-11 12:49:37.051 D/QmiClient( 3438): qmiServiceEventCallback recv msg id 47
04-11 12:49:37.052 D/QmiClient( 3438): enter -mServiceType 10 onQmiServiceEventCallback msgId 47
04-11 12:49:37.052 D/QmiClient( 3438): onQmiServiceEventCallback - enter. msgId=47
04-11 12:49:37.052 D/OttProxy( 3438): handleMessage msg is 3001
04-11 12:49:37.053 D/SubsysRadioIndication[1](14034): radioLinkLatencyInfoInd
04-11 12:49:37.053 D/SubsysRadioIndication[1](14034): notify enter
04-11 12:49:37.053 D/NetworkService[1](14034): handleMessage what:1008
04-11 12:49:37.053 D/NetworkService[1](14034): EVENT_REG_LINK_LATENCY_INFO_CHANGE ulLatency:7920
04-11 12:49:37.218 I/SmartDataSwitchStateManager(13839): handle message:7
04-11 12:49:37.218 I/SmartDataSwitchSM(13839): [DisableState]Handle msg: 2
04-11 12:49:37.218 I/SmartDataSwitchSM(13839): [DisableState]handle state change, reason:DataScoreLow
04-11 12:49:37.224 D/libc-netbsd(12586): [oplusDnsOpenProxy]: __netdClientDispatch.connect errno = 111
04-11 12:49:37.224 D/DNS_CACHE(12586): oplus_oplus_getaddrinfo_proxy open dns proxy failed, use android flow: 10512
04-11 12:49:37.227 D/libc-netbsd(12586): [oplusDnsOpenProxy]: __netdClientDispatch.connect errno = 111
04-11 12:49:37.240 I/GoLog   (18198): from tcp:127.0.0.1:57276 accepted tcp:43.155.214.62:443 [socks >> proxy]
04-11 12:49:37.259 D/SensorFeature( 2258): name=ssc_screenshot_info ,index = 22
04-11 12:49:37.259 D/SensorFeature( 2258): write 39 bytes:930191998219536,930192672311619,33102,0
04-11 12:49:37.265 I/sensors-hal( 2113): handle_oplus_wise_rgb_event:189, high_pwm_light:lux 203.2,cct 6613.9,brl/algo/ir 1361.0/2.0/42.3,pwm/dc 0.0/0.0,rgbc 9035.099609/6172.121582/3962.388672/17709.658203,ts 930192649938601,cnt 54750,flag 98638
04-11 12:49:37.266 I/sensors-hal( 2113): handle_oplus_wise_rgb_event:161, wise_rgb: (54746)(cct, lux, ir)[6613.94, 203.21, 42.343784] (r, g, b, c)[9025.13, 6172.12, 3973.43, 17698.00]                 (pwm, hbm, brl, algo)[0.0 0.0 1361.0 2.0], flag 33102
04-11 12:49:37.327 I/AICCTModule( 3590): SensorFilter: brightness threshold 1.2 screenNit is 95.362 ave enviroment lux is 133.36227 luxForNit 90.66912demarcationPoint200.0 result is false
04-11 12:49:37.327 I/AICCTModule( 3590): SensorFilter: findSecondNearestValue, sensorValue: 7335.3223 nearestMaxValue:7320.3867 secondNearestValue: 7320.3867
04-11 12:49:37.327 I/AICCTModule( 3590): SensorFilter: findSecondNearestValue, sensorValue: 132.33824 nearestMaxValue:132.93907 secondNearestValue: 132.93907
04-11 12:49:37.359 D/CommonApp-264-10512(14034): transport layer data is invalid
04-11 12:49:37.360 D/CommonApp-255-10512(14034): commonScoreStrategy scenarios low package
04-11 12:49:37.360 D/ScorePolicy(14034): handleScoreChanged: []
04-11 12:49:37.360 D/ScorePolicy(14034): handleScoreChanged: []
04-11 12:49:37.360 D/ScorePolicy(14034): handleScoreChanged: []
04-11 12:49:37.389 I/SDM     ( 2181): DisplayBuiltIn::IdlePowerCollapse: IPC received, disabling partial update for one frame
04-11 12:49:37.456 I/ChainTrace(12586): stream type=syncEvent gapMs=940 refreshMarket=true
04-11 12:49:37.521 I/SDM     ( 2181): DisplayBuiltIn::IdlePowerCollapse: IPC received, disabling partial update for one frame
04-11 12:49:37.532 I/SDM     ( 2181): DisplayBuiltIn::IdlePowerCollapse: IPC received, disabling partial update for one frame
04-11 12:49:37.543 D/QmiClient( 2727): qmiServiceEventCallback recv msg id 1099
04-11 12:49:37.543 D/QmiClient( 2727): enter -mServiceType 4 onQmiServiceEventCallback msgId 1099
04-11 12:49:37.543 D/QmiClient( 2727): onQmiServiceEventCallback - enter. msgId=1099
04-11 12:49:37.543 D/QmiVsClientEvent( 2727): QosPeriodReportInd MSG IND data_len 2052
04-11 12:49:37.543 D/QmiVsClientEvent( 2727): qmiVsClientNotifyQosPeriodReportIndEvent - RADIO_EVENT_QOS_PERIOD_REPORT_NOTIFY_IND
04-11 12:49:37.543 D/VsProxy ( 2727): handleMessage msg is 2420
04-11 12:49:37.543 D/QmiClient( 3438): qmiServiceEventCallback recv msg id 1099
04-11 12:49:37.543 D/VsProxy ( 2727): handleQosPeriodReportInd for instance 0 data_len 145
04-11 12:49:37.543 D/QmiClient( 3438): enter -mServiceType 4 onQmiServiceEventCallback msgId 1099
04-11 12:49:37.543 D/QmiClient( 3438): onQmiServiceEventCallback - enter. msgId=1099
04-11 12:49:37.543 D/QmiVsClientEvent( 3438): QosPeriodReportInd MSG IND data_len 2052
04-11 12:49:37.543 D/QmiVsClientEvent( 3438): qmiVsClientNotifyQosPeriodReportIndEvent - RADIO_EVENT_QOS_PERIOD_REPORT_NOTIFY_IND
04-11 12:49:37.543 D/VsProxy ( 3438): handleMessage msg is 2420
04-11 12:49:37.543 D/VsProxy ( 3438): handleQosPeriodReportInd for instance 1 data_len 207
04-11 12:49:37.543 D/SubsysRadioIndication[0](14034): radioQosPeriodReportInd result [8, -67, -4, -99, -49, 14, 34, 12, 8, -84, -69, -57, -50, 14, 16, 4, 24, 1, 32, 3, 58, 61, 8, -112, -6, -99, -49, 14, 16, 5, 24, -64, -92, 38, 32, -22, 6, 40, -98, -1, -1, -1, -1, -1, -1, -1, -1, 1, 48, -11, -1, -1, -1, -1, -1, -1, -1, -1, 1, 56, 4, 64, -100, -1, -1, -1, -1, -1, -1, -1, -1, 1, 72, -98, -1, -1, -1, -1, -1, -1, -1, -1, 1, 66, 29, 8, -57, -20, -92, -50, 14, 16, 5, 34, 19, 8, -64, -92, 38, 16, -22, 6, 24, 78, 32, 13, 40, -117, -32, -94, -93, 2, 48, 2, 90, 0, 98, 10, 8, -41, -26, -92, -50, 14, 16, 3, 24, 5, 122, 15, 8, -8, -24, -92, -50, 14, 16, -52, 2, 24, -21, 1, 32, -90, 9]
04-11 12:49:37.543 D/NetworkService[0](14034): handleMessage what:1005
04-11 12:49:37.543 D/SubsysRadioIndication[1](14034): radioQosPeriodReportInd result [8, -67, -4, -99, -49, 14, 18, 14, 8, -96, -4, -99, -49, 14, 16, 1, 32, 53, 40, 1, 72, 1, 26, 15, 8, -105, -5, -99, -49, 14, 16, 2, 40, 1, 56, -50, 1, 72, 1, 34, 12, 8, -84, -69, -57, -50, 14, 16, 4, 24, 1, 32, 3, 58, 83, 8, -96, -4, -99, -49, 14, 16, 5, 24, -98, -23, 30, 32, -54, 1, 40, -93, -1, -1, -1, -1, -1, -1, -1, -1, 1, 48, -12, -1, -1, -1, -1, -1, -1, -1, -1, 1, 56, 3, 64, -93, -1, -1, -1, -1, -1, -1, -1, -1, 1, 72, -95, -1, -1, -1, -1, -1, -1, -1, -1, 1, 80, -92, -1, -1, -1, -1, -1, -1, -1, -1, 1, 88, -94, -1, -1, -1, -1, -1, -1, -1, -1, 1, 66, 31, 8, -101, -22, -108, -49, 14, 16, 5, 24, 2, 34, 19, 8, -98, -23, 30, 16, -54, 1, 24, 41, 32, 13, 40, -126, -128, -52, -67, 21, 48, 2, 90, 0, 98, 10, 8, -85, -54, -73, -50, 14, 16, 3, 24, 5, 122, 20, 8, -109, -8, -99, -49, 14, 16, -1, -1, 1, 24, -1, -1, 1, 32, -1, -1, -1, -1, 15]
04-11 12:49:37.543 D/RadioAtomTracker(14034): parseQosPeriodData ModemQos:CellularQosInfo2{5G, 627264/874, EndcState=0, Band=78, DLBW=13, Rsrp=-98, Rsrq=-11, Snr=4, SvcStatus=3, ULPDCPNumDataPdu=-1, ULPDCPNumDropPdu=-1, ULPDCPTput=-1, ULRLCNumDataPdu=-1, ULRLCNumRetxPdu=-1, ULGrant=-1, ULBSR=-1, ULBler=-1, DLPDCPNumDataPdu=-1, DLPDCPTput=-1, DLRLCNumDataPdu=-1, DLRLCNumRetxPdu=-1, DLRLCNumDropPdu=-1, DLMACPaddingBytes=-1, DLPdcpNumMissToUppPdu=-1, DLBler=-1, RlfCount=0, CellChangeCount=0, IsRedirectionOccur=0, IsDualSimConflict=0, Latency=0, Sub1RrcState=1, Sub2RrcState=3, RachCount=0, CalcPower=332, Mtpl=235, PathLoss=1190, CellLoad=0}
04-11 12:49:37.543 D/NetworkService[0](14034): EVENT_REG_QOS_PERIOD_REPORT_IND_CHANGED ENTER
04-11 12:49:37.543 D/NetworkService[1](14034): handleMessage what:1005
04-11 12:49:37.544 D/RadioAtomTracker(14034): parseQosPeriodData ModemQos:CellularQosInfo1{5G, 504990/202, EndcState=2, Band=41, DLBW=13, Rsrp=-93, Rsrq=-12, Snr=3, SvcStatus=3, ULPDCPNumDataPdu=1, ULPDCPNumDropPdu=0, ULPDCPTput=53, ULRLCNumDataPdu=1, ULRLCNumRetxPdu=0, ULGrant=0, ULBSR=0, ULBler=1, DLPDCPNumDataPdu=1, DLPDCPTput=206, DLRLCNumDataPdu=2, DLRLCNumRetxPdu=0, DLRLCNumDropPdu=0, DLMACPaddingBytes=0, DLPdcpNumMissToUppPdu=0, DLBler=1, RlfCount=0, CellChangeCount=0, IsRedirectionOccur=0, IsDualSimConflict=0, Latency=7, Sub1RrcState=1, Sub2RrcState=3, RachCount=0, CalcPower=32767, Mtpl=32767, PathLoss=-1, CellLoad=0}
04-11 12:49:37.544 I/SDM     ( 2181): DisplayBuiltIn::IdlePowerCollapse: IPC received, disabling partial update for one frame
04-11 12:49:37.544 D/NetworkService[1](14034): EVENT_REG_QOS_PERIOD_REPORT_IND_CHANGED ENTER
04-11 12:49:37.544 D/AtomModemKpiInfo(14034): handleMessage what:1001
04-11 12:49:37.544 D/AtomModemKpiInfo(14034): analyseQosInfo success
04-11 12:49:37.555 I/SDM     ( 2181): DisplayBuiltIn::IdlePowerCollapse: IPC received, disabling partial update for one frame
04-11 12:49:37.560 D/SensorFeature( 2258): name=ssc_screenshot_info ,index = 22
04-11 12:49:37.560 D/SensorFeature( 2258): write 39 bytes:930191998219536,930192974064379,33103,0
04-11 12:49:37.562 D/FusionLightNextGen( 3590): process end reported = 1, mode: 0, cnt: 401860, lux 133.9, cct 7397.9, r/g/b/c: 9035.1/6185.3/3988.9/17742.3, R/G/B: 167.0/161.0/147.0, bri 1361.0, match 1.00, ir 0.051392, conf 5.0, ts 930192916497820
04-11 12:49:37.562 I/sensors-hal( 2113): handle_oplus_wise_rgb_event:161, wise_rgb: (54751)(cct, lux, ir)[6611.04, 203.63, 42.152153] (r, g, b, c)[9055.03, 6176.52, 3982.26, 17735.30]                 (pwm, hbm, brl, algo)[0.0 0.0 1361.0 2.0], flag 33103
04-11 12:49:37.566 I/SDM     ( 2181): DisplayBuiltIn::IdlePowerCollapse: IPC received, disabling partial update for one frame
04-11 12:49:37.577 I/SDM     ( 2181): DisplayBuiltIn::IdlePowerCollapse: IPC received, disabling partial update for one frame
04-11 12:49:37.583 D/VRR [OPlusSurfaceFlingerController]( 3590):  setComplexSceneEnable : true
04-11 12:49:37.583 V/WindowManager( 3590): Relayout Window{9c5380a u0 com.binance.monitor}: viewVisibility=0, oldvis=0, req=315x429 , apr = 0, vsysui=, x=42, y=420
04-11 12:49:37.583 I/[UAH_CLIENT]( 3590): uahRuleCtl, ruleId:206, status:3
04-11 12:49:37.583 I/SurfaceControl(12586):  setExtendedRangeBrightness sc=Surface(name=)/@0x13e3f08,currentBufferRatio=1.0,desiredRatio=1.0
04-11 12:49:37.583 D/InsetsSourceProvider( 3590): updateSourceFrameForServerVisibility mandatorySystemGestures EMPTY_RECT
04-11 12:49:37.584 D/InsetsSourceProvider( 3590): updateSourceFrameForServerVisibility mandatorySystemGestures EMPTY_RECT
04-11 12:49:37.674 I/SDM     ( 2181): DisplayBuiltIn::IdlePowerCollapse: IPC received, disabling partial update for one frame
04-11 12:49:37.760 W/ServiceManagerCppClient( 4482): Waited one second for SystemClearService (is service started? Number of threads started in the threadpool: 16. Are binder threads started and available?)
04-11 12:49:37.760 W/ServiceManagerCppClient( 4482): Waited one second for SystemClearService (is service started? Number of threads started in the threadpool: 16. Are binder threads started and available?)
04-11 12:49:37.762 W/libc    ( 1254): Unable to set property "ctl.interface_start" to "aidl/SystemClearService": PROP_ERROR_HANDLE_CONTROL_MESSAGE (0x20)
04-11 12:49:37.763 W/libc    ( 1254): Unable to set property "ctl.interface_start" to "aidl/SystemClearService": PROP_ERROR_HANDLE_CONTROL_MESSAGE (0x20)
04-11 12:49:37.771 D/BatteryChargeControl( 2280): bcc get no support from charging protocol
04-11 12:49:37.799 I/sensors-hal( 2113): handle_oplus_wise_rgb_event:189, high_pwm_light:lux 203.9,cct 6621.3,brl/algo/ir 1361.0/2.0/41.7,pwm/dc 0.0/0.0,rgbc 9047.558594/6180.920410/3984.463379/17746.955078,ts 930192994974018,cnt 54760,flag 98639
04-11 12:49:37.799 I/sensors-hal( 2113): handle_oplus_wise_rgb_event:161, wise_rgb: (54756)(cct, lux, ir)[6621.34, 203.92, 41.727135] (r, g, b, c)[9069.98, 6196.32, 4002.12, 17784.25]                 (pwm, hbm, brl, algo)[0.0 0.0 1361.0 2.0], flag 33103
04-11 12:49:37.897 I/SDM     ( 2181): DisplayBuiltIn::IdlePowerCollapse: IPC received, disabling partial update for one frame
04-11 12:49:37.904 E/CwbService( 2181): Panel not support apl read or getDisplayPanelAplValue timeout 10ms.
04-11 12:49:37.904 D/SensorFeature( 2258): name=ssc_screenshot_info ,index = 22
04-11 12:49:37.904 D/SensorFeature( 2258): write 39 bytes:930193253303025,930193307973077,33104,0
04-11 12:49:37.926 I/sensors-hal( 2113): handle_sns_std_sensor_event:114, oplus rgb_rear sample: (cct, lux, ir, x, y)[9006, 27, 274, 269, 336]
04-11 12:49:37.926 I/sensors-hal( 2113): handle_sns_std_sensor_event:116, oplus rgb_rear sample: (r, g, b, c w)[1105, 2170, 407, 596, 0]
04-11 12:49:38.031 D/QmiClient( 3438): qmiServiceEventCallback recv msg id 47
04-11 12:49:38.031 D/QmiClient( 3438): enter -mServiceType 10 onQmiServiceEventCallback msgId 47
04-11 12:49:38.031 D/QmiClient( 3438): onQmiServiceEventCallback - enter. msgId=47
04-11 12:49:38.031 D/OttProxy( 3438): handleMessage msg is 3001
04-11 12:49:38.031 D/SubsysRadioIndication[1](14034): radioLinkLatencyInfoInd
04-11 12:49:38.031 D/SubsysRadioIndication[1](14034): notify enter
04-11 12:49:38.032 D/NetworkService[1](14034): handleMessage what:1008
04-11 12:49:38.032 D/NetworkService[1](14034): EVENT_REG_LINK_LATENCY_INFO_CHANGE ulLatency:6790
04-11 12:49:38.032 I/ChainTrace(12586): account_render phase=build_overview account=7400048@ICMarketsSC-MT5-6 durationMs=7 trades=1113 positions=6 curves=5717
04-11 12:49:38.035 I/ChainTrace(12586): account_render phase=bind_overview_and_filters account=7400048@ICMarketsSC-MT5-6 durationMs=2 trades=1113 positions=6 curves=5717
04-11 12:49:38.044 I/ChainTrace(12586): account_render phase=render_returns_table account=7400048@ICMarketsSC-MT5-6 durationMs=9 trades=1113 positions=6 curves=5717
04-11 12:49:38.050 I/ChainTrace(12586): account_render phase=apply_curve_range account=7400048@ICMarketsSC-MT5-6 durationMs=6 trades=1113 positions=6 curves=5717
04-11 12:49:38.065 I/sensors-hal( 2113): handle_oplus_wise_rgb_event:161, wise_rgb: (54761)(cct, lux, ir)[6534.97, 203.11, 42.572372] (r, g, b, c)[9022.64, 6161.12, 3973.43, 17667.70]                 (pwm, hbm, brl, algo)[0.0 0.0 1361.0 2.0], flag 33104
04-11 12:49:38.100 I/ChainTrace(12586): account_render phase=refresh_trade_stats account=7400048@ICMarketsSC-MT5-6 durationMs=50 trades=1113 positions=6 curves=5717
04-11 12:49:38.100 I/ChainTrace(12586): account_render phase=refresh_positions account=7400048@ICMarketsSC-MT5-6 durationMs=0 trades=1113 positions=6 curves=5717
04-11 12:49:38.107 I/ChainTrace(12586): account_render phase=refresh_trades account=7400048@ICMarketsSC-MT5-6 durationMs=7 trades=1113 positions=6 curves=5717
04-11 12:49:38.107 I/ChainTrace(12586): account_render phase=apply_snapshot_total account=7400048@ICMarketsSC-MT5-6 durationMs=114 trades=1113 positions=6 curves=5717
04-11 12:49:38.178 W/OPLUS_LOG_LOAD(17904): ==LOGS PROG INFO, prog(com.oplus.camera) ==
04-11 12:49:38.178 I/APS_ALOG(17904): flushRoutine g_immediateFlush=0 g_pendingCount=0 g_oobCount=0
04-11 12:49:38.181 D/gaia-GaiaConnectChecker(13843): start connect check++
04-11 12:49:38.210 E/CwbService( 2181): Panel not support apl read or getDisplayPanelAplValue timeout 10ms.
04-11 12:49:38.210 D/SensorFeature( 2258): name=ssc_screenshot_info ,index = 22
04-11 12:49:38.211 D/SensorFeature( 2258): write 39 bytes:930193601801758,930193612912869,33105,0
04-11 12:49:38.249 I/SDM     ( 2181): DisplayBuiltIn::IdlePowerCollapse: IPC received, disabling partial update for one frame
04-11 12:49:38.333 I/sensors-hal( 2113): handle_oplus_wise_rgb_event:189, high_pwm_light:lux 202.4,cct 6631.7,brl/algo/ir 1361.0/2.0/42.7,pwm/dc 0.0/0.0,rgbc 9050.051758/6176.520508/3995.500488/17702.666016,ts 930193616397768,cnt 54770,flag 98641
04-11 12:49:38.333 I/sensors-hal( 2113): handle_oplus_wise_rgb_event:161, wise_rgb: (54766)(cct, lux, ir)[6631.66, 202.44, 42.693584] (r, g, b, c)[9030.12, 6163.32, 3957.97, 17693.34]                 (pwm, hbm, brl, algo)[0.0 0.0 1361.0 2.0], flag 33105
04-11 12:49:38.368 D/HLog-HLog( 6374): [metis]updateMemoryCache existPushInfo : 
04-11 12:49:38.368 D/HLog-UpMgr( 6374): [metis]配置是否有变更 : true
04-11 12:49:38.368 D/HLog-HLog( 6374): [metis]findCurrentTraceDto existPushInfo : 
04-11 12:49:38.368 D/HLog-UpMgr( 6374): [metis]检查配置是否有更新 !
04-11 12:49:38.383 D/CommonApp-264-10512(14034): transport layer data is invalid
04-11 12:49:38.384 D/CommonApp-255-10512(14034): commonScoreStrategy scenarios 5 mdnsScore=0
04-11 12:49:38.384 D/CommonApp-255-10512(14034): notifyScoreChange appScene COMMON score 100
04-11 12:49:38.384 D/ScorePolicy(14034): handleScoreChanged: []
04-11 12:49:38.384 D/ScorePolicy(14034): handleScoreChanged: []
04-11 12:49:38.384 D/ScorePolicy(14034): handleScoreChanged: []
04-11 12:49:38.463 D/SensorFeature( 2258): name=ssc_screenshot_info ,index = 22
04-11 12:49:38.463 D/SensorFeature( 2258): write 39 bytes:930193608773494,930193875880837,33106,0
04-11 12:49:38.527 I/AICCTModule( 3590): SensorFilter: brightness threshold 1.2 screenNit is 95.362 ave enviroment lux is 133.34096 luxForNit 90.66733demarcationPoint200.0 result is false
04-11 12:49:38.527 I/AICCTModule( 3590): SensorFilter: findSecondNearestValue, sensorValue: 7320.3867 nearestMaxValue:7300.0674 secondNearestValue: 7300.0674
04-11 12:49:38.527 I/AICCTModule( 3590): SensorFilter: findSecondNearestValue, sensorValue: 132.93907 nearestMaxValue:133.06314 secondNearestValue: 133.06314
04-11 12:49:38.541 I/SDM     ( 2181): DisplayBuiltIn::IdlePowerCollapse: IPC received, disabling partial update for one frame
04-11 12:49:38.545 D/NetworkService[1](14034): handleMessage what:1011
04-11 12:49:38.564 D/QmiClient( 2727): qmiServiceEventCallback recv msg id 1099
04-11 12:49:38.564 D/QmiClient( 2727): enter -mServiceType 4 onQmiServiceEventCallback msgId 1099
04-11 12:49:38.564 D/QmiClient( 2727): onQmiServiceEventCallback - enter. msgId=1099
04-11 12:49:38.564 D/QmiVsClientEvent( 2727): QosPeriodReportInd MSG IND data_len 2052
04-11 12:49:38.564 D/QmiVsClientEvent( 2727): qmiVsClientNotifyQosPeriodReportIndEvent - RADIO_EVENT_QOS_PERIOD_REPORT_NOTIFY_IND
04-11 12:49:38.565 D/QmiClient( 3438): qmiServiceEventCallback recv msg id 1099
04-11 12:49:38.565 D/QmiClient( 3438): enter -mServiceType 4 onQmiServiceEventCallback msgId 1099
04-11 12:49:38.565 D/QmiClient( 3438): onQmiServiceEventCallback - enter. msgId=1099
04-11 12:49:38.565 D/QmiVsClientEvent( 3438): QosPeriodReportInd MSG IND data_len 2052
04-11 12:49:38.565 D/QmiVsClientEvent( 3438): qmiVsClientNotifyQosPeriodReportIndEvent - RADIO_EVENT_QOS_PERIOD_REPORT_NOTIFY_IND
04-11 12:49:38.566 D/VsProxy ( 2727): handleMessage msg is 2420
04-11 12:49:38.566 D/VsProxy ( 3438): handleMessage msg is 2420
04-11 12:49:38.566 D/VsProxy ( 3438): handleQosPeriodReportInd for instance 1 data_len 207
04-11 12:49:38.566 D/VsProxy ( 2727): handleQosPeriodReportInd for instance 0 data_len 145
04-11 12:49:38.567 D/SubsysRadioIndication[0](14034): radioQosPeriodReportInd result [8, -74, -124, -98, -49, 14, 34, 12, 8, -84, -69, -57, -50, 14, 16, 4, 24, 1, 32, 3, 58, 61, 8, -112, -6, -99, -49, 14, 16, 5, 24, -64, -92, 38, 32, -22, 6, 40, -98, -1, -1, -1, -1, -1, -1, -1, -1, 1, 48, -11, -1, -1, -1, -1, -1, -1, -1, -1, 1, 56, 4, 64, -100, -1, -1, -1, -1, -1, -1, -1, -1, 1, 72, -98, -1, -1, -1, -1, -1, -1, -1, -1, 1, 66, 29, 8, -57, -20, -92, -50, 14, 16, 5, 34, 19, 8, -64, -92, 38, 16, -22, 6, 24, 78, 32, 13, 40, -117, -32, -94, -93, 2, 48, 2, 90, 0, 98, 10, 8, -41, -26, -92, -50, 14, 16, 3, 24, 5, 122, 15, 8, -8, -24, -92, -50, 14, 16, -52, 2, 24, -21, 1, 32, -90, 9]
04-11 12:49:38.567 D/SubsysRadioIndication[1](14034): radioQosPeriodReportInd result [8, -74, -124, -98, -49, 14, 18, 21, 8, -113, -126, -98, -49, 14, 16, 16, 32, -75, 48, 40, 16, 56, -85, 2, 64, -97, 2, 72, 1, 26, 13, 8, -78, -125, -98, -49, 14, 16, 24, 40, 21, 56, -126, 123, 34, 12, 8, -84, -69, -57, -50, 14, 16, 4, 24, 1, 32, 3, 58, 83, 8, -104, -126, -98, -49, 14, 16, 5, 24, -98, -23, 30, 32, -54, 1, 40, -94, -1, -1, -1, -1, -1, -1, -1, -1, 1, 48, -12, -1, -1, -1, -1, -1, -1, -1, -1, 1, 56, 2, 64, -94, -1, -1, -1, -1, -1, -1, -1, -1, 1, 72, -95, -1, -1, -1, -1, -1, -1, -1, -1, 1, 80, -92, -1, -1, -1, -1, -1, -1, -1, -1, 1, 88, -95, -1, -1, -1, -1, -1, -1, -1, -1, 1, 66, 31, 8, -101, -22, -108, -49, 14, 16, 5, 24, 2, 34, 19, 8, -98, -23, 30, 16, -54, 1, 24, 41, 32, 13, 40, -126, -128, -52, -67, 21, 48, 2, 90, 0, 98, 10, 8, -85, -54, -73, -50, 14, 16, 3, 24, 5, 122, 15, 8, -107, -127, -98, -49, 14, 16, -2, 1, 24, -11, 1, 32, -22, 8]
04-11 12:49:38.567 D/NetworkService[1](14034): handleMessage what:1005
04-11 12:49:38.567 D/RadioAtomTracker(14034): parseQosPeriodData ModemQos:CellularQosInfo1{5G, 504990/202, EndcState=2, Band=41, DLBW=13, Rsrp=-94, Rsrq=-12, Snr=2, SvcStatus=3, ULPDCPNumDataPdu=16, ULPDCPNumDropPdu=0, ULPDCPTput=6197, ULRLCNumDataPdu=16, ULRLCNumRetxPdu=0, ULGrant=299, ULBSR=287, ULBler=1, DLPDCPNumDataPdu=21, DLPDCPTput=15746, DLRLCNumDataPdu=24, DLRLCNumRetxPdu=0, DLRLCNumDropPdu=0, DLMACPaddingBytes=0, DLPdcpNumMissToUppPdu=0, DLBler=0, RlfCount=0, CellChangeCount=0, IsRedirectionOccur=0, IsDualSimConflict=0, Latency=6, Sub1RrcState=1, Sub2RrcState=3, RachCount=0, CalcPower=254, Mtpl=245, PathLoss=1130, CellLoad=0}
04-11 12:49:38.568 D/NetworkService[1](14034): tryReportModemUlTPutGuarantee: clear calculator
04-11 12:49:38.568 D/NetworkService[1](14034): EVENT_REG_QOS_PERIOD_REPORT_IND_CHANGED ENTER
04-11 12:49:38.568 D/AtomModemKpiInfo(14034): handleMessage what:1001
04-11 12:49:38.568 D/AtomModemKpiInfo(14034): analyseQosInfo success
04-11 12:49:38.568 D/NetworkService[0](14034): handleMessage what:1005
04-11 12:49:38.568 D/RadioAtomTracker(14034): parseQosPeriodData ModemQos:CellularQosInfo2{5G, 627264/874, EndcState=0, Band=78, DLBW=13, Rsrp=-98, Rsrq=-11, Snr=4, SvcStatus=3, ULPDCPNumDataPdu=-1, ULPDCPNumDropPdu=-1, ULPDCPTput=-1, ULRLCNumDataPdu=-1, ULRLCNumRetxPdu=-1, ULGrant=-1, ULBSR=-1, ULBler=-1, DLPDCPNumDataPdu=-1, DLPDCPTput=-1, DLRLCNumDataPdu=-1, DLRLCNumRetxPdu=-1, DLRLCNumDropPdu=-1, DLMACPaddingBytes=-1, DLPdcpNumMissToUppPdu=-1, DLBler=-1, RlfCount=0, CellChangeCount=0, IsRedirectionOccur=0, IsDualSimConflict=0, Latency=0, Sub1RrcState=1, Sub2RrcState=3, RachCount=0, CalcPower=332, Mtpl=235, PathLoss=1190, CellLoad=0}
04-11 12:49:38.569 D/NetworkService[0](14034): EVENT_REG_QOS_PERIOD_REPORT_IND_CHANGED ENTER
04-11 12:49:38.569 D/AtomModemKpiInfo(14034): handleMessage what:1001
04-11 12:49:38.569 D/AtomModemKpiInfo(14034): analyseQosInfo success
04-11 12:49:38.579 W/OPLUS_LOG_LOAD( 3590): ==LOGS PROG INFO, prog(system_server) ==
04-11 12:49:38.579 V/AlarmManager( 3590): sending alarm Alarm{2fe6bb3 type 1 origWhen 1775882978579 whenElapsed 930193993 android} uid 1000 whenElapsed 930193993 windowLength 0 maxWhenElapsed 930193993 repeatInterval 0 action null component null tag StorgaeBandInfoAlarmTag flags 0x9 procName system_server
04-11 12:49:38.580 E/OplusStorageUFSBandwidth( 3590): storage_io_metrics_path is /proc/oplus_storage/io_metrics/forever/
04-11 12:49:38.582 E/OplusStorageUFSBandwidth( 3590): Bandwidth - Read: 0.50 MB/s, Write: 1.50 MB/s
04-11 12:49:38.582 E/OplusStorageUFSBandwidth( 3590): Task time: 2ms
04-11 12:49:38.583 E/OplusStorageUFSBandwidth( 3590): Alarm set to trigger in 10 seconds
04-11 12:49:38.596 I/ChainTrace(12586): stream type=syncEvent gapMs=1140 refreshMarket=true
04-11 12:49:38.598 I/sensors-hal( 2113): handle_oplus_wise_rgb_event:161, wise_rgb: (54771)(cct, lux, ir)[6564.66, 202.73, 42.845585] (r, g, b, c)[9047.56, 6174.32, 3988.88, 17718.98]                 (pwm, hbm, brl, algo)[0.0 0.0 1361.0 2.0], flag 33106
04-11 12:49:38.718 D/SensorFeature( 2258): name=ssc_screenshot_info ,index = 22
04-11 12:49:38.718 D/SensorFeature( 2258): write 39 bytes:930193608773494,930194130197608,33107,0
04-11 12:49:38.721 D/NotificationService--OplusNotificationFixHelper( 3590): fixAppIcon: pkg=com.v2ray.ang
04-11 12:49:38.721 D/NotificationService--OplusNotificationFixHelper( 3590): fixAppIcon: appIcon = null, pkg = com.v2ray.ang
04-11 12:49:38.721 D/NotificationService--NotificationRecord( 3590): isSupportRearLight , isRearLight = false mLedRM = false isMultilLed = false
04-11 12:49:38.722 I/OplusStatusBarManagerServiceEnhance( 3590):  getTopIsFullscreen mTopIsFullscreen: false
04-11 12:49:38.722 W/ActivityManager( 3590): Permission Denial: getTopApplicationInfo from pid=18198, uid=10397 requires oplus.permission.OPLUS_COMPONENT_SAFE
04-11 12:49:38.722 E/OplusNotificationCenter( 3590): getForegroundApplication exception
04-11 12:49:38.723 D/NotificationService--OplusNotificationManagerServiceExtImpl( 3590): isForwardToAssistants: true, case : Is local notification
04-11 12:49:38.723 D/NotificationService( 3590): This application enqueue notifications is need postDelayed mcsAssistantDelayTime: 50
04-11 12:49:38.761 W/ServiceManagerCppClient( 4482): Waited one second for SystemClearService (is service started? Number of threads started in the threadpool: 16. Are binder threads started and available?)
04-11 12:49:38.762 W/ServiceManagerCppClient( 4482): Waited one second for SystemClearService (is service started? Number of threads started in the threadpool: 16. Are binder threads started and available?)
04-11 12:49:38.764 W/libc    ( 1254): Unable to set property "ctl.interface_start" to "aidl/SystemClearService": PROP_ERROR_HANDLE_CONTROL_MESSAGE (0x20)
04-11 12:49:38.764 W/libc    ( 1254): Unable to set property "ctl.interface_start" to "aidl/SystemClearService": PROP_ERROR_HANDLE_CONTROL_MESSAGE (0x20)
04-11 12:49:38.768 E/SQLiteLog( 6307): (1) incomplete input in "insert into log"
04-11 12:49:38.771 D/BatteryChargeControl( 2280): bcc get no support from charging protocol
04-11 12:49:38.781 I/SystemUi--Notification( 8338): OplusLiveAlertNotificationsRepository-->onRankingApplied
04-11 12:49:38.795 I/PluginSeedling--Track( 8338): RequestHandler-->notificationUpdated 0|com.v2ray.ang|1|null|10397 postTime: 1775882978721
04-11 12:49:38.795 E/LockScreenNotificationDispatcherImp( 8338): updateNotificationListOnKg size:0
04-11 12:49:38.799 W/SystemUi--Notification( 8338): OplusNotificationGroupExtImpl-->setChildrenExpanded: groupHeader is null
04-11 12:49:38.800 I/SystemUi--Notification( 8338): LockScreenNotificationDispatcherImp-->updateNotificationListOnKg resultCode: 0
04-11 12:49:38.807 D/osense.compress( 3590): com.google.android.gms do shrink, target ratio = 75, final ratio = 90, cur ratio = 60
04-11 12:49:38.825 D/LocalImageResolver( 8338): Couldn't use ImageDecoder for drawable, falling back to non-resized load.
04-11 12:49:38.827 D/OplusNotificationDateTimeView( 8338): setTime mSettingTimeMillis 1775882978717, mSettingLocalDateTime 2026-04-11T12:49:00.717
04-11 12:49:38.834 D/LocalImageResolver( 8338): Couldn't use ImageDecoder for drawable, falling back to non-resized load.
04-11 12:49:38.836 D/OplusNotificationDateTimeView( 8338): setTime mSettingTimeMillis 1775882978717, mSettingLocalDateTime 2026-04-11T12:49:00.717
04-11 12:49:38.840 D/LocalImageResolver( 8338): Couldn't use ImageDecoder for drawable, falling back to non-resized load.
04-11 12:49:38.841 D/OplusNotificationDateTimeView( 8338): setTime mSettingTimeMillis 1775882978717, mSettingLocalDateTime 2026-04-11T12:49:00.717
04-11 12:49:38.846 I/SystemUi--Notification( 8338): OplusNotificationTempla-->resolveContentMargin: marginTop=112 isChildInGroup=false hasSubtitle=true params.topMargin=112
04-11 12:49:38.848 W/SystemUi--Notification( 8338): OplusNotificationGroupExtImpl-->setChildrenExpanded: groupHeader is null
04-11 12:49:38.849 E/LockScreenNotificationDispatcherImp( 8338): updateNotificationListOnKg size:0
04-11 12:49:38.852 W/SystemUi--Notification( 8338): OplusNotificationGroupExtImpl-->setChildrenExpanded: groupHeader is null
04-11 12:49:38.853 I/SystemUi--Notification( 8338): LockScreenNotificationDispatcherImp-->updateNotificationListOnKg resultCode: 0
04-11 12:49:38.864 I/sensors-hal( 2113): handle_oplus_wise_rgb_event:189, high_pwm_light:lux 203.3,cct 6581.0,brl/algo/ir 1361.0/2.0/41.9,pwm/dc 0.0/0.0,rgbc 9002.707031/6152.325195/3969.010742/17677.021484,ts 930194116375424,cnt 54780,flag 98643
04-11 12:49:38.864 I/sensors-hal( 2113): handle_oplus_wise_rgb_event:161, wise_rgb: (54776)(cct, lux, ir)[6581.01, 203.30, 41.890045] (r, g, b, c)[9020.15, 6156.72, 3973.43, 17663.04]                 (pwm, hbm, brl, algo)[0.0 0.0 1361.0 2.0], flag 33107
04-11 12:49:38.864 D/FusionLightNextGen( 3590): process end reported = 1, mode: 0, cnt: 401865, lux 133.2, cct 7401.0, r/g/b/c: 9002.7/6152.3/3969.0/17677.0, R/G/B: 167.0/161.0/147.0, bri 1361.0, match 1.00, ir 0.050865, conf 5.0, ts 930194116375424
04-11 12:49:38.970 D/SensorFeature( 2258): name=ssc_screenshot_info ,index = 22
04-11 12:49:38.970 D/SensorFeature( 2258): write 39 bytes:930193608773494,930194383351983,33108,0
04-11 12:49:39.008 D/ShellSubscriberWorkerThread(15031): the first 8 bytes empty, and RestData length > 8 
04-11 12:49:39.056 D/QmiClient( 3438): qmiServiceEventCallback recv msg id 47
04-11 12:49:39.056 D/QmiClient( 3438): enter -mServiceType 10 onQmiServiceEventCallback msgId 47
04-11 12:49:39.056 D/QmiClient( 3438): onQmiServiceEventCallback - enter. msgId=47
04-11 12:49:39.056 D/OttProxy( 3438): handleMessage msg is 3001
04-11 12:49:39.056 D/SubsysRadioIndication[1](14034): radioLinkLatencyInfoInd
04-11 12:49:39.057 D/SubsysRadioIndication[1](14034): notify enter
04-11 12:49:39.057 D/NetworkService[1](14034): handleMessage what:1008
04-11 12:49:39.057 D/NetworkService[1](14034): EVENT_REG_LINK_LATENCY_INFO_CHANGE ulLatency:11856
04-11 12:49:39.074 D/ActivityManager( 3590): freezing 27799 com.coloros.alarmclock
04-11 12:49:39.077 D/ActivityManager( 3590): freezing 12677 com.google.android.webview:webview_service
04-11 12:49:39.078 D/ActivityManager( 3590): Freeze process 12677, not check file locks
04-11 12:49:39.078 D/ActivityManager( 3590): freezing 14376 com.android.rkpdapp
04-11 12:49:39.079 D/ActivityManager( 3590): Freeze process 14376, not check file locks
04-11 12:49:39.079 D/ActivityManager( 3590): freezing 16103 com.oplus.aiwriter
04-11 12:49:39.080 D/ActivityManager( 3590): Freeze process 16103, not check file locks
04-11 12:49:39.080 D/ActivityManager( 3590): freezing 17796 com.coloros.ocs.opencapabilityservice:ocs
04-11 12:49:39.081 D/ActivityManager( 3590): Freeze process 17796, not check file locks
04-11 12:49:39.081 D/ActivityManager( 3590): freezing 15448 com.coloros.alarmclock:clockWidget
04-11 12:49:39.083 D/ActivityManager( 3590): Freeze process 15448, not check file locks
04-11 12:49:39.083 D/ActivityManager( 3590): freezing 21483 com.android.cellbroadcastreceiver.module
04-11 12:49:39.084 D/ActivityManager( 3590): Freeze process 21483, not check file locks
04-11 12:49:39.084 D/ActivityManager( 3590): freezing 22212 com.android.DeviceAsWebcam
04-11 12:49:39.085 D/ActivityManager( 3590): freezing 22292 com.google.android.projection.gearhead:shared
04-11 12:49:39.086 D/ActivityManager( 3590): Freeze process 22292, not check file locks
04-11 12:49:39.086 D/ActivityManager( 3590): freezing 27126 com.android.providers.calendar
04-11 12:49:39.086 D/ActivityManager( 3590): Freeze process 27126, not check file locks
04-11 12:49:39.086 D/ActivityManager( 3590): freezing 27201 com.heytap.htms:kit_hlog
04-11 12:49:39.087 D/ActivityManager( 3590): freezing 10944 com.heytap.htms
04-11 12:49:39.089 D/ActivityManager( 3590): freezing 27289 com.heytap.htms:sysintegrity
04-11 12:49:39.090 D/ActivityManager( 3590): Freeze process 27289, not check file locks
04-11 12:49:39.090 D/ActivityManager( 3590): freezing 347 com.android.keychain
04-11 12:49:39.091 D/ActivityManager( 3590): freezing 449 com.oplus.safecenter
04-11 12:49:39.092 D/ActivityManager( 3590): freezing 32603 com.oplus.securitypermission
04-11 12:49:39.093 D/ActivityManager( 3590): freezing 494 com.oplus.romupdate
04-11 12:49:39.094 D/ActivityManager( 3590): Freeze process 494, not check file locks
04-11 12:49:39.094 D/ActivityManager( 3590): freezing 472 com.android.permissioncontroller
04-11 12:49:39.095 D/ActivityManager( 3590): Freeze process 472, not check file locks
04-11 12:49:39.095 D/ActivityManager( 3590): freezing 424 com.oplus.notificationmanager
04-11 12:49:39.096 D/ActivityManager( 3590): reportOneUidFrozenStateChanged uid 10265 frozen = true
04-11 12:49:39.096 D/ActivityManager( 3590): reportOneUidFrozenStateChanged uid 10290 frozen = true
04-11 12:49:39.096 D/ActivityManager( 3590): reportOneUidFrozenStateChanged uid 10439 frozen = true
04-11 12:49:39.096 D/ActivityManager( 3590): reportOneUidFrozenStateChanged uid 10177 frozen = true
04-11 12:49:39.096 D/ActivityManager( 3590): reportOneUidFrozenStateChanged uid 10294 frozen = true
04-11 12:49:39.096 D/ActivityManager( 3590): reportOneUidFrozenStateChanged uid 10276 frozen = true
04-11 12:49:39.096 D/ActivityManager( 3590): reportOneUidFrozenStateChanged uid 10264 frozen = true
04-11 12:49:39.096 D/ActivityManager( 3590): reportOneUidFrozenStateChanged uid 10202 frozen = true
04-11 12:49:39.096 D/ActivityManager( 3590): reportOneUidFrozenStateChanged uid 10176 frozen = true
04-11 12:49:39.096 D/ActivityManager( 3590): reportOneUidFrozenStateChanged uid 10186 frozen = true
04-11 12:49:39.096 D/ActivityManager( 3590): reportOneUidFrozenStateChanged uid 10284 frozen = true
04-11 12:49:39.098 D/InetDiagMessage( 3590): Destroyed 0 sockets, proto=IPPROTO_TCP, family=AF_INET, states=14
04-11 12:49:39.099 D/InetDiagMessage( 3590): Destroyed 0 sockets, proto=IPPROTO_TCP, family=AF_INET6, states=14
04-11 12:49:39.099 D/InetDiagMessage( 3590): Destroyed live tcp sockets for uids={10265} in 3ms
04-11 12:49:39.101 D/InetDiagMessage( 3590): Destroyed 0 sockets, proto=IPPROTO_TCP, family=AF_INET, states=14
04-11 12:49:39.102 D/InetDiagMessage( 3590): Destroyed 0 sockets, proto=IPPROTO_TCP, family=AF_INET6, states=14
04-11 12:49:39.102 D/InetDiagMessage( 3590): Destroyed live tcp sockets for uids={10290} in 3ms
04-11 12:49:39.103 D/InetDiagMessage( 3590): Destroyed 0 sockets, proto=IPPROTO_TCP, family=AF_INET, states=14
04-11 12:49:39.105 D/InetDiagMessage( 3590): Destroyed 0 sockets, proto=IPPROTO_TCP, family=AF_INET6, states=14
04-11 12:49:39.105 D/InetDiagMessage( 3590): Destroyed live tcp sockets for uids={10439} in 3ms
04-11 12:49:39.106 D/InetDiagMessage( 3590): Destroyed 0 sockets, proto=IPPROTO_TCP, family=AF_INET, states=14
04-11 12:49:39.107 D/InetDiagMessage( 3590): Destroyed 0 sockets, proto=IPPROTO_TCP, family=AF_INET6, states=14
04-11 12:49:39.107 D/InetDiagMessage( 3590): Destroyed live tcp sockets for uids={10177} in 2ms
04-11 12:49:39.108 I/SDM     ( 2181): DisplayBuiltIn::IdlePowerCollapse: IPC received, disabling partial update for one frame
04-11 12:49:39.109 D/InetDiagMessage( 3590): Destroyed 0 sockets, proto=IPPROTO_TCP, family=AF_INET, states=14
04-11 12:49:39.110 D/InetDiagMessage( 3590): Destroyed 0 sockets, proto=IPPROTO_TCP, family=AF_INET6, states=14
04-11 12:49:39.110 D/InetDiagMessage( 3590): Destroyed live tcp sockets for uids={10294} in 3ms
04-11 12:49:39.111 D/InetDiagMessage( 3590): Destroyed 0 sockets, proto=IPPROTO_TCP, family=AF_INET, states=14
04-11 12:49:39.112 D/InetDiagMessage( 3590): Destroyed 0 sockets, proto=IPPROTO_TCP, family=AF_INET6, states=14
04-11 12:49:39.112 D/InetDiagMessage( 3590): Destroyed live tcp sockets for uids={10276} in 2ms
04-11 12:49:39.113 D/InetDiagMessage( 3590): Destroyed 0 sockets, proto=IPPROTO_TCP, family=AF_INET, states=14
04-11 12:49:39.114 D/InetDiagMessage( 3590): Destroyed 0 sockets, proto=IPPROTO_TCP, family=AF_INET6, states=14
04-11 12:49:39.114 D/InetDiagMessage( 3590): Destroyed live tcp sockets for uids={10264} in 2ms
04-11 12:49:39.115 D/InetDiagMessage( 3590): Destroyed 0 sockets, proto=IPPROTO_TCP, family=AF_INET, states=14
04-11 12:49:39.116 D/InetDiagMessage( 3590): Destroyed 0 sockets, proto=IPPROTO_TCP, family=AF_INET6, states=14
04-11 12:49:39.116 D/InetDiagMessage( 3590): Destroyed live tcp sockets for uids={10202} in 2ms
04-11 12:49:39.117 D/InetDiagMessage( 3590): Destroyed 0 sockets, proto=IPPROTO_TCP, family=AF_INET, states=14
04-11 12:49:39.118 D/InetDiagMessage( 3590): Destroyed 0 sockets, proto=IPPROTO_TCP, family=AF_INET6, states=14
04-11 12:49:39.118 D/InetDiagMessage( 3590): Destroyed live tcp sockets for uids={10176} in 2ms
04-11 12:49:39.119 D/InetDiagMessage( 3590): Destroyed 0 sockets, proto=IPPROTO_TCP, family=AF_INET, states=14
04-11 12:49:39.120 D/InetDiagMessage( 3590): Destroyed 0 sockets, proto=IPPROTO_TCP, family=AF_INET6, states=14
04-11 12:49:39.120 D/InetDiagMessage( 3590): Destroyed live tcp sockets for uids={10186} in 2ms
04-11 12:49:39.121 D/InetDiagMessage( 3590): Destroyed 0 sockets, proto=IPPROTO_TCP, family=AF_INET, states=14
04-11 12:49:39.122 D/InetDiagMessage( 3590): Destroyed 0 sockets, proto=IPPROTO_TCP, family=AF_INET6, states=14
04-11 12:49:39.122 D/InetDiagMessage( 3590): Destroyed live tcp sockets for uids={10284} in 2ms
04-11 12:49:39.131 I/sensors-hal( 2113): handle_oplus_wise_rgb_event:161, wise_rgb: (54781)(cct, lux, ir)[6618.72, 203.29, 41.852512] (r, g, b, c)[9050.05, 6154.52, 3977.84, 17705.00]                 (pwm, hbm, brl, algo)[0.0 0.0 1361.0 2.0], flag 33108
04-11 12:49:39.225 D/SensorFeature( 2258): name=ssc_screenshot_info ,index = 22
04-11 12:49:39.225 D/SensorFeature( 2258): write 39 bytes:930193608773494,930194638391410,33109,0
04-11 12:49:39.386 D/OplusCellularNetworkConfig( 8406): getDnsQueryPriority value=http://public1.alidns.com
04-11 12:49:39.387 D/NetworkService[0](14034): getActiveNetworks networkList size:1
04-11 12:49:39.387 D/SubsysThreadPool(14034): execute task
04-11 12:49:39.388 D/libc-netbsd(14034): [oplusDnsOpenProxy]: __netdClientDispatch.connect errno = 111
04-11 12:49:39.388 D/DNS_CACHE(14034): oplus_oplus_getaddrinfo_proxy open dns proxy failed, use android flow: 1000
04-11 12:49:39.398 I/sensors-hal( 2113): handle_oplus_wise_rgb_event:189, high_pwm_light:lux 203.4,cct 6605.0,brl/algo/ir 1361.0/2.0/42.0,pwm/dc 0.0/0.0,rgbc 9035.099609/6158.923828/3977.840576/17718.982422,ts 930194627254851,cnt 54790,flag 98645
04-11 12:49:39.398 I/sensors-hal( 2113): handle_oplus_wise_rgb_event:161, wise_rgb: (54786)(cct, lux, ir)[6604.97, 203.40, 42.015244] (r, g, b, c)[9040.08, 6180.92, 3966.80, 17721.31]                 (pwm, hbm, brl, algo)[0.0 0.0 1361.0 2.0], flag 33109
04-11 12:49:39.406 D/CommonApp-264-10512(14034): transport layer data is invalid
04-11 12:49:39.407 D/CommonApp-255-10512(14034): commonScoreStrategy scenarios low package
04-11 12:49:39.407 D/ScorePolicy(14034): handleScoreChanged: []
04-11 12:49:39.407 D/ScorePolicy(14034): handleScoreChanged: []
04-11 12:49:39.407 D/ScorePolicy(14034): handleScoreChanged: []
04-11 12:49:39.521 E/PERFHAL-PERFCTRL( 2187): PERFHAL-PERFCTRL: chk_core_online_poll_loop() 748: poll() has timed out for /sys/kernel/msm_performance/events/cpu_hotplug
04-11 12:49:39.521 E/PERFHAL-PERFCTRL( 2187): PERFHAL-PERFCTRL: chk_core_online_poll_loop() 743: Block on poll()
