--------- beginning of main
04-11 12:49:29.135 D/QmiClient( 3438): qmiServiceEventCallback recv msg id 47
04-11 12:49:29.136 D/QmiClient( 3438): enter -mServiceType 10 onQmiServiceEventCallback msgId 47
04-11 12:49:29.136 D/QmiClient( 3438): onQmiServiceEventCallback - enter. msgId=47
04-11 12:49:29.136 D/OttProxy( 3438): handleMessage msg is 3001
04-11 12:49:29.137 D/SubsysRadioIndication[1](14034): radioLinkLatencyInfoInd
04-11 12:49:29.137 D/SubsysRadioIndication[1](14034): notify enter
04-11 12:49:29.138 D/NetworkService[1](14034): handleMessage what:1008
04-11 12:49:29.138 D/NetworkService[1](14034): EVENT_REG_LINK_LATENCY_INFO_CHANGE ulLatency:7920
04-11 12:49:29.168 D/CommonApp-264-10512(14034): transport layer data is invalid
04-11 12:49:29.169 D/CommonApp-255-10512(14034): commonScoreStrategy scenarios low package
04-11 12:49:29.169 D/ScorePolicy(14034): handleScoreChanged: []
04-11 12:49:29.169 D/ScorePolicy(14034): handleScoreChanged: []
04-11 12:49:29.169 D/ScorePolicy(14034): handleScoreChanged: []
04-11 12:49:29.201 D/SensorFeature( 2258): name=ssc_screenshot_info ,index = 22
04-11 12:49:29.202 D/SensorFeature( 2258): write 39 bytes:930184245519383,930184613938237,33077,0
04-11 12:49:29.269 I/sensors-hal( 2113): handle_oplus_wise_rgb_event:161, wise_rgb: (54606)(cct, lux, ir)[6550.15, 202.59, 43.237850] (r, g, b, c)[9037.59, 6167.72, 3986.67, 17737.63]                 (pwm, hbm, brl, algo)[0.0 0.0 1361.0 2.0], flag 33077
04-11 12:49:29.301 I/[UAH_CLIENT]( 3590): UahEventAcquire, cmdid:2, pkg:none, identity:com.android.server.wm
--------- beginning of system
04-11 12:49:29.302 W/ActivityTaskManager( 3590): callingPackage for (uid=2000, pid=13210) has no WPC
04-11 12:49:29.303 D/WindowManager( 3590): NFW_setClientVisible:ActivityRecord{131314038 u0 com.binance.monitor/.ui.main.MainActivity clientVisible:true
04-11 12:49:29.303 V/GrammaticalInflectionUtils( 3590): AttributionSource: android.content.AttributionSource@1020978a does not have READ_SYSTEM_GRAMMATICAL_GENDER permission.
04-11 12:49:29.303 D/OplusCompatModeManagerService( 3590): getRequestedConfigurationOrientation  res:1,req:1,config.old:0,config.new:0,ActivityRecord{131314038 u0 com.binance.monitor/.ui.main.MainActivity t-1}
04-11 12:49:29.303 D/OplusCompatModeManagerService( 3590):  onPreActivityRecordConfigurationChanged {0.0 ?mcc??mnc ?localeList ?layoutDir ?swdp ?wdp ?hdp ?density ?lsize ?long ?ldr ?wideColorGamut ?orien ?uimode ?night ?touch ?keyb/?/? ?nav/? winConfig={ mBounds=Rect(0, 0 - 0, 0) mAppBounds=null mMaxBounds=Rect(0, 0 - 0, 0) mDisplayRotation=undefined mWindowingMode=undefined mActivityType=undefined mAlwaysOnTop=undefined mRotation=undefined} ?fontWeightAdjustmentmThemeChanged= 0, mThemeChangedFlags= 0, mFlipFont= 0, mScenario= -1, mAccessibleChanged= 0, mUxIconConfig= 0, mMaterialColor= ffffffffffffffff, mUserId= -1, mFontUserId= -1, mFontVariationSettings= ffffffff, mFoldingAngle = -1.0, mIconPackName= , mDarkModeBackgroundMaxL= -1.0, mDarkModeDialogBgMaxL= -1.0, mDarkModeForegroundMinL= -1.0, mOplusConfigType= 0, mOplusChangedConfigs= 0, OpSans= -1, mBurmeseFontFlag= -1, mFlag= 0, mExtraFlag= 0, mFlexibleActivitySuitable= -1, mPuttDisplayFlag= -1}
04-11 12:49:29.303 D/OplusCompatModeManagerService( 3590):  disable:true,valid:false,computeReq:1,isGameRatio:false
04-11 12:49:29.303 D/OplusCompatModeManagerService( 3590):  getOverrideMinAspectRatioForCompatMode: 0.0 getRawOverrideMinAspectRatioForCompatMode: 0.0
04-11 12:49:29.303 D/OplusCompatModeManagerService( 3590):  ar : ActivityRecord{131314038 u0 com.binance.monitor/.ui.main.MainActivity t-1} displayId:-1 inCompatMode: false
04-11 12:49:29.303 D/OplusCompatModeManagerService( 3590): isDefaultDisplay true oldRect: Rect(0, 0 - 0, 0) newRect Rect(0, 0 - 0, 0)
04-11 12:49:29.303 D/OplusCompatModeManagerService( 3590): reloadCompactRatio mParWorldContainer.isEnabledParallelWindow(pkg):false,mParWorldContainer.isDisabledCompactWindow:false,isUIAutoLayout:false, isFullOrientation: false
04-11 12:49:29.304 D/FlexibleTaskController( 3590): isSupportFlexibleWindow target = com.binance.monitor/.ui.main.MainActivity callPkg = FlexibleTaskController support = true ,caller = 3590
04-11 12:49:29.304 D/ActivityStarterExtImpl( 3590): do not intercept for realCallingAppIsSystemApp or CallingAppIsSystemApp
04-11 12:49:29.304 E/QosSceneRecognizer[ActivityStartScene]( 3590): notifyActivityStart get launchedFromUid failed through AppManager! launchedFromPackage: com.android.shell, pkg: com.binance.monitor
04-11 12:49:29.305 D/FlexibleWindowManagerService( 3590): isIgnoreAppearedAcrossTask:false
04-11 12:49:29.305 D/ActivityStarterExtImpl( 3590): setForceUpdateWindow, targetTask = Task{51980d0 #13173 type=standard A=10512:com.binance.monitor} r = ActivityRecord{131314038 u0 com.binance.monitor/.ui.main.MainActivity t-1} notFinish =false
04-11 12:49:29.305 D/FlexibleWindowManagerService( 3590): isIgnoreAppearedAcrossTask:false
04-11 12:49:29.305 D/FlexibleTaskController( 3590): findSourceTaskForFreeForm: sourceRecord = null ,realCallingPid:13210 ,launchFromZoomMode:false ,prevTopTask:Task{51980d0 #13173 type=standard A=10512:com.binance.monitor}
04-11 12:49:29.305 D/FlexibleTaskController( 3590): findSourceTaskForFreeForm: the caller is not a flexible freeform window application and does not have a zoom windowMode startup parameter
04-11 12:49:29.305 D/FlexibleTaskController( 3590): adjustOptionsForFlexibleTask not allow options follow process task's options, reason:9 ,reusedOptions:null
04-11 12:49:29.305 I/TaskFragmentExtImpl( 3590): reset pause in recents anim for mTaskFragment: Task{51980d0 #13173 type=standard A=10512:com.binance.monitor}
04-11 12:49:29.305 D/FlexibleTaskController( 3590): isSupportFlexibleWindow target = com.binance.monitor/.ui.main.MainActivity callPkg = FlexibleTaskController support = true ,caller = 3590
04-11 12:49:29.305 D/FlexibleTaskController( 3590): shouldKeepFlexibleTask flexibleTask not active.
04-11 12:49:29.305 D/ActivityStarterExtImpl( 3590): isLaunchingRootActivity = true
04-11 12:49:29.306 I/OPM     ( 3590): handleActivityStart : ActivityRecord{131314038 u0 com.binance.monitor/.ui.main.MainActivity t-1}
04-11 12:49:29.307 E/Transition( 3590): Aborting Transition mSyncId=27145, caller=com.android.server.wm.OplusTransitionUtil.abortTransitionImmediately:104 com.android.server.wm.OplusTransitionController.abortTransitionImmediately:117 com.android.server.wm.ActivityStarterExtImpl.abortTransitionImmediately:1812 
04-11 12:49:29.307 D/OplusTransitionController( 3590): hookOnAbort, transition: TransitionRecord{b1cdbe4 id=27145 track=0 type=OPEN flags=0x0 state=0 c=[
04-11 12:49:29.307 D/OplusTransitionController( 3590):    ChangeInfo{ca1484d container=ActivityRecord{131314038 u0 com.binance.monitor/.ui.main.MainActivity t-1} flags=0x0}
04-11 12:49:29.307 D/OplusTransitionController( 3590): ]
04-11 12:49:29.307 D/OplusTransitionController( 3590): }
04-11 12:49:29.307 E/OplusAppQuickStart_AppQuickStartController( 3590): not start from launcher transition:27145
04-11 12:49:29.307 D/KEYLOG_PhoneWindowManager( 3590): setKeyguardOccludedLw occluded=false,false,false
04-11 12:49:29.307 D/KEYLOG_PhoneWindowManager( 3590): setKeyguardOccludedLw occluded=false,false,false
04-11 12:49:29.307 W/OPLUS_LOG_LOAD( 8338): ==LOGS PROG INFO, prog(com.android.systemui) ==
04-11 12:49:29.307 D/KeyguardService( 8338): setOccluded(false)
04-11 12:49:29.307 D/KeyguardService( 8338): setOccluded: false, animate= false
04-11 12:49:29.307 D/KeyguardViewMediator( 8338): setOccluded(false)
04-11 12:49:29.307 D/KeyguardViewMediator( 8338): setOccluded false
04-11 12:49:29.307 D/KeyguardService( 8338): setOccluded(false)
04-11 12:49:29.307 D/KeyguardService( 8338): setOccluded: false, animate= false
04-11 12:49:29.307 D/KeyguardViewMediator( 8338): setOccluded(false)
04-11 12:49:29.307 D/KeyguardViewMediator( 8338): setOccluded false
04-11 12:49:29.307 I/ActivityTaskManager( 3590): START u0 {flg=0x10000000 xflg=0x4 cmp=com.binance.monitor/.ui.main.MainActivity mCallingUid=2000} with LAUNCH_MULTIPLE from uid 2000 (BAL_ALLOW_PERMISSION (START_ACTIVITIES_FROM_BACKGROUND permission granted)) result code=3
04-11 12:49:29.308 D/WindowManagerShell( 8338): onActivityRestartAttempt: topActivity=ComponentInfo{com.binance.monitor/com.binance.monitor.ui.main.MainActivity}, wasVisible=true
04-11 12:49:29.310 D/KeyguardViewMediator( 8338): handleSetOccluded(false)
04-11 12:49:29.310 D/NotificationShadeWindowController( 8338): setIsAboutToOccluded:false, needApply:false
04-11 12:49:29.310 D/KeyguardViewMediator( 8338): isOccluded=false,mPowerGestureIntercepted=false
04-11 12:49:29.310 I/SystemUi--Keyguard( 8338): ChargingAnimationImpl-->onKeyguardOccludeChange occluded= false
04-11 12:49:29.310 I/SystemUi--Keyguard( 8338): OplusKeyguardBottomAreaController-->updateBottomAreaElementUi: reason=onKeyguardOccludeChange(false), isKgdGlideTipShowing=false, isKeyguardVisible=false
04-11 12:49:29.310 I/SystemUi--Keyguard( 8338): KeyguardSignatureView-->hideSignature reason=isKeyguardInvisible
04-11 12:49:29.310 D/KeyguardViewMediator( 8338): KeyguardViewMediator queue processing message: SET_OCCLUDED
04-11 12:49:29.326 I/AICCTModule( 3590): SensorFilter: brightness threshold 1.2 screenNit is 95.362 ave enviroment lux is 134.0343 luxForNit 90.72596demarcationPoint200.0 result is false
04-11 12:49:29.326 I/AICCTModule( 3590): SensorFilter: findSecondNearestValue, sensorValue: 7348.8633 nearestMaxValue:7328.632 secondNearestValue: 7328.632
04-11 12:49:29.326 I/AICCTModule( 3590): SensorFilter: findSecondNearestValue, sensorValue: 135.1085 nearestMaxValue:134.30705 secondNearestValue: 134.30705
04-11 12:49:29.472 I/ChainTrace(12586): stream type=heartbeat gapMs=951 refreshMarket=false
04-11 12:49:29.508 I/SDM     ( 2181): DisplayBuiltIn::IdlePowerCollapse: IPC received, disabling partial update for one frame
04-11 12:49:29.536 D/QmiClient( 3438): qmiServiceEventCallback recv msg id 1099
04-11 12:49:29.536 D/QmiClient( 3438): enter -mServiceType 4 onQmiServiceEventCallback msgId 1099
04-11 12:49:29.536 D/QmiClient( 3438): onQmiServiceEventCallback - enter. msgId=1099
04-11 12:49:29.536 D/QmiVsClientEvent( 3438): QosPeriodReportInd MSG IND data_len 2052
04-11 12:49:29.536 D/QmiVsClientEvent( 3438): qmiVsClientNotifyQosPeriodReportIndEvent - RADIO_EVENT_QOS_PERIOD_REPORT_NOTIFY_IND
04-11 12:49:29.536 D/QmiClient( 2727): qmiServiceEventCallback recv msg id 1099
04-11 12:49:29.536 D/QmiClient( 2727): enter -mServiceType 4 onQmiServiceEventCallback msgId 1099
04-11 12:49:29.536 D/QmiClient( 2727): onQmiServiceEventCallback - enter. msgId=1099
04-11 12:49:29.536 D/QmiVsClientEvent( 2727): QosPeriodReportInd MSG IND data_len 2052
04-11 12:49:29.536 D/QmiVsClientEvent( 2727): qmiVsClientNotifyQosPeriodReportIndEvent - RADIO_EVENT_QOS_PERIOD_REPORT_NOTIFY_IND
04-11 12:49:29.536 D/VsProxy ( 3438): handleMessage msg is 2420
04-11 12:49:29.536 D/VsProxy ( 3438): handleQosPeriodReportInd for instance 1 data_len 209
04-11 12:49:29.536 D/VsProxy ( 2727): handleMessage msg is 2420
04-11 12:49:29.536 D/VsProxy ( 2727): handleQosPeriodReportInd for instance 0 data_len 145
04-11 12:49:29.537 D/SubsysRadioIndication[1](14034): radioQosPeriodReportInd result [8, -10, -67, -99, -49, 14, 18, 18, 8, -24, -67, -99, -49, 14, 16, 6, 32, -90, 2, 40, 6, 56, -86, 1, 64, 1, 26, 13, 8, -24, -67, -99, -49, 14, 16, 3, 40, 6, 56, -127, 6, 34, 12, 8, -84, -69, -57, -50, 14, 16, 4, 24, 1, 32, 3, 58, 83, 8, -51, -67, -99, -49, 14, 16, 5, 24, -98, -23, 30, 32, -54, 1, 40, -92, -1, -1, -1, -1, -1, -1, -1, -1, 1, 48, -11, -1, -1, -1, -1, -1, -1, -1, -1, 1, 56, 2, 64, -93, -1, -1, -1, -1, -1, -1, -1, -1, 1, 72, -94, -1, -1, -1, -1, -1, -1, -1, -1, 1, 80, -91, -1, -1, -1, -1, -1, -1, -1, -1, 1, 88, -93, -1, -1, -1, -1, -1, -1, -1, -1, 1, 66, 31, 8, -101, -22, -108, -49, 14, 16, 5, 24, 2, 34, 19, 8, -98, -23, 30, 16, -54, 1, 24, 41, 32, 13, 40, -126, -128, -52, -67, 21, 48, 2, 90, 0, 98, 10, 8, -85, -54, -73, -50, 14, 16, 3, 24, 5, 122, 20, 8, -11, -67, -99, -49, 14, 16, -1, -1, 1, 24, -1, -1, 1, 32, -1, -1, -1, -1, 15]
04-11 12:49:29.537 D/SubsysRadioIndication[0](14034): radioQosPeriodReportInd result [8, -10, -67, -99, -49, 14, 34, 12, 8, -84, -69, -57, -50, 14, 16, 4, 24, 1, 32, 3, 58, 61, 8, -71, -67, -99, -49, 14, 16, 5, 24, -64, -92, 38, 32, -22, 6, 40, -98, -1, -1, -1, -1, -1, -1, -1, -1, 1, 48, -11, -1, -1, -1, -1, -1, -1, -1, -1, 1, 56, 5, 64, -98, -1, -1, -1, -1, -1, -1, -1, -1, 1, 72, -99, -1, -1, -1, -1, -1, -1, -1, -1, 1, 66, 29, 8, -57, -20, -92, -50, 14, 16, 5, 34, 19, 8, -64, -92, 38, 16, -22, 6, 24, 78, 32, 13, 40, -117, -32, -94, -93, 2, 48, 2, 90, 0, 98, 10, 8, -41, -26, -92, -50, 14, 16, 3, 24, 5, 122, 15, 8, -8, -24, -92, -50, 14, 16, -52, 2, 24, -21, 1, 32, -90, 9]
04-11 12:49:29.537 D/NetworkService[1](14034): handleMessage what:1005
04-11 12:49:29.537 D/RadioAtomTracker(14034): parseQosPeriodData ModemQos:CellularQosInfo1{5G, 504990/202, EndcState=2, Band=41, DLBW=13, Rsrp=-92, Rsrq=-11, Snr=2, SvcStatus=3, ULPDCPNumDataPdu=6, ULPDCPNumDropPdu=0, ULPDCPTput=294, ULRLCNumDataPdu=6, ULRLCNumRetxPdu=0, ULGrant=170, ULBSR=1, ULBler=0, DLPDCPNumDataPdu=6, DLPDCPTput=769, DLRLCNumDataPdu=3, DLRLCNumRetxPdu=0, DLRLCNumDropPdu=0, DLMACPaddingBytes=0, DLPdcpNumMissToUppPdu=0, DLBler=0, RlfCount=0, CellChangeCount=0, IsRedirectionOccur=0, IsDualSimConflict=0, Latency=7, Sub1RrcState=1, Sub2RrcState=3, RachCount=0, CalcPower=32767, Mtpl=32767, PathLoss=-1, CellLoad=0}
04-11 12:49:29.537 D/NetworkService[1](14034): tryReportModemUlTPutGuarantee: clear calculator
04-11 12:49:29.537 D/NetworkService[1](14034): EVENT_REG_QOS_PERIOD_REPORT_IND_CHANGED ENTER
04-11 12:49:29.537 D/NetworkService[0](14034): handleMessage what:1005
04-11 12:49:29.537 D/RadioAtomTracker(14034): parseQosPeriodData ModemQos:CellularQosInfo2{5G, 627264/874, EndcState=0, Band=78, DLBW=13, Rsrp=-98, Rsrq=-11, Snr=5, SvcStatus=3, ULPDCPNumDataPdu=-1, ULPDCPNumDropPdu=-1, ULPDCPTput=-1, ULRLCNumDataPdu=-1, ULRLCNumRetxPdu=-1, ULGrant=-1, ULBSR=-1, ULBler=-1, DLPDCPNumDataPdu=-1, DLPDCPTput=-1, DLRLCNumDataPdu=-1, DLRLCNumRetxPdu=-1, DLRLCNumDropPdu=-1, DLMACPaddingBytes=-1, DLPdcpNumMissToUppPdu=-1, DLBler=-1, RlfCount=0, CellChangeCount=0, IsRedirectionOccur=0, IsDualSimConflict=0, Latency=0, Sub1RrcState=1, Sub2RrcState=3, RachCount=0, CalcPower=332, Mtpl=235, PathLoss=1190, CellLoad=0}
04-11 12:49:29.537 D/NetworkService[0](14034): EVENT_REG_QOS_PERIOD_REPORT_IND_CHANGED ENTER
04-11 12:49:29.537 D/AtomModemKpiInfo(14034): handleMessage what:1001
04-11 12:49:29.537 D/AtomModemKpiInfo(14034): analyseQosInfo success
04-11 12:49:29.593 E/CwbService( 2181): Panel not support apl read or getDisplayPanelAplValue timeout 10ms.
04-11 12:49:29.593 D/SensorFeature( 2258): name=ssc_screenshot_info ,index = 22
04-11 12:49:29.593 D/SensorFeature( 2258): write 39 bytes:930184944943289,930184996370632,33078,0
04-11 12:49:29.595 D/FusionLightNextGen( 3590): process end reported = 1, mode: 0, cnt: 401830, lux 133.5, cct 7328.6, r/g/b/c: 9052.5/6183.1/3984.5/17733.0, R/G/B: 167.0/161.0/147.0, bri 1361.0, match 1.00, ir 0.052228, conf 5.0, ts 930184919157842
04-11 12:49:29.595 I/SDM     ( 2181): DisplayBuiltIn::IdlePowerCollapse: IPC received, disabling partial update for one frame
04-11 12:49:29.748 W/ServiceManagerCppClient( 4482): Waited one second for SystemClearService (is service started? Number of threads started in the threadpool: 16. Are binder threads started and available?)
04-11 12:49:29.748 W/ServiceManagerCppClient( 4482): Waited one second for SystemClearService (is service started? Number of threads started in the threadpool: 16. Are binder threads started and available?)
04-11 12:49:29.749 W/libc    ( 1254): Unable to set property "ctl.interface_start" to "aidl/SystemClearService": PROP_ERROR_HANDLE_CONTROL_MESSAGE (0x20)
04-11 12:49:29.750 W/libc    ( 1254): Unable to set property "ctl.interface_start" to "aidl/SystemClearService": PROP_ERROR_HANDLE_CONTROL_MESSAGE (0x20)
04-11 12:49:29.765 D/BatteryChargeControl( 2280): bcc get no support from charging protocol
04-11 12:49:29.801 I/sensors-hal( 2113): handle_oplus_wise_rgb_event:189, high_pwm_light:lux 202.0,cct 6607.9,brl/algo/ir 1361.0/2.0/42.3,pwm/dc 0.0/0.0,rgbc 8997.724609/6152.325195/3973.425781/17630.400391,ts 930184953610603,cnt 54610,flag 33078
04-11 12:49:29.801 I/sensors-hal( 2113): handle_oplus_wise_rgb_event:161, wise_rgb: (54611)(cct, lux, ir)[6607.90, 201.98, 42.343796] (r, g, b, c)[8985.27, 6130.33, 3955.77, 17609.42]                 (pwm, hbm, brl, algo)[0.0 0.0 1361.0 2.0], flag 33078
04-11 12:49:29.855 I/Subsys-Service(14034): runGcAutomatic dalvik memory info{max=32.36MB,free=12.67MB,allocated=19.69MB}
04-11 12:49:29.855 I/Subsys-Service(14034): runGcAutomatic execute gc
04-11 12:49:29.870 D/UsageStatsService( 3590): User[0] type=0 b=1775882849247 e=1775882969869 cb=1775827883276 ce=1775882951558 disk=0 all=22
04-11 12:49:29.895 D/SensorFeature( 2258): name=ssc_screenshot_info ,index = 22
04-11 12:49:29.895 D/SensorFeature( 2258): write 39 bytes:930184944943289,930185308337924,33079,0
04-11 12:49:29.922 I/om.oplus.subsys(14034): Explicit concurrent mark compact GC freed 11MB AllocSpace bytes, 4(72KB) LOS objects, 75% free,8287KB(M:6471KB,L:1816KB)/32MB, paused 618us,1.482ms total 66.437ms
04-11 12:49:29.922 D/PerformanceMonitor(14034): message dispatch took 67ms for main looper
04-11 12:49:29.925 I/sensors-hal( 2113): handle_sns_std_sensor_event:114, oplus rgb_rear sample: (cct, lux, ir, x, y)[8793, 23, 319, 271, 338]
04-11 12:49:29.926 I/sensors-hal( 2113): handle_sns_std_sensor_event:116, oplus rgb_rear sample: (r, g, b, c w)[933, 1814, 326, 580, 0]
04-11 12:49:29.997 D/vendor.oplus.hardware.charger-V10-service( 2280): ret_value:122, read content:,289,289,4397,4394,-174,94,96,1,1,0,494,5019,96,1,4480,600,500,0,0,9500,0,0,1,0,2,0,0,0,1,5868,96,0,4720,5046,0,0,0,0,0,0
04-11 12:49:29.997 D/vendor.oplus.hardware.charger-V10-service( 2280): gmtime: 2026-04-11-12-49-29
04-11 12:49:29.997 D/vendor.oplus.hardware.charger-V10-service( 2280): usb_online:1, ac_online:-2147483648, wireless_online:-2147483648
04-11 12:49:30.035 V/AlarmManager( 3590): sending alarm Alarm{23b1013 type 2 origWhen 930160456 whenElapsed 930160456 com.android.mms} uid 10118 whenElapsed 930160456 windowLength 202500 maxWhenElapsed 930362956 repeatInterval 0 action org.rcs.service.bfl.sip.heartbeat component ComponentInfo{com.android.mms/org.rcs.service.bfl.receiver.RcsAlarmReceiver} flags 0x8 procName com.android.mms:mms_service
04-11 12:49:30.038 V/AlarmManager( 3590): sending alarm Alarm{7c71c49 type 2 origWhen 930175448 whenElapsed 930175448 com.heytap.mcs} uid 1000 whenElapsed 930175448 windowLength 10000 maxWhenElapsed 930185448 repeatInterval 0 action com.heytap.mcs.action component null flags 0x8 procName com.heytap.mcs
04-11 12:49:30.042 V/AlarmManager( 3590): sending alarm Alarm{3db794e type 3 origWhen 930141655 whenElapsed 930141655 com.oplus.metis} uid 10113 whenElapsed 930141655 windowLength 225000 maxWhenElapsed 930366655 repeatInterval 0 action com.oplus.action.TIMER_ALARM_TASK component null flags 0x8 procName com.oplus.metis
04-11 12:49:30.050 W/metis_v2_OifaceBindUtils( 6374): bindTask
04-11 12:49:30.050 D/HLog-UpMgr( 6374): [metis]CheckWhetherUploadBody Mgr:com.oplus.sdp.y9.c@30c88f
04-11 12:49:30.050 D/HLog-MultiConfigManage( 6374): [metis]checkAllPushTask
04-11 12:49:30.050 D/HLog-MultiConfigManage( 6374): [metis]checkAllPushTask existPushInfo : 
04-11 12:49:30.050 I/metis_v2_TravelingAdapter( 6374): timerTask.
04-11 12:49:30.050 D/DataCon-MdpConnector( 6374): runSubProcess sleepTime:1.13, wakeTime:6.93, isFirstMdp:false, isSleepTime:false, isPowerConnected:true, isBetween0And6AM:false, isMdpTempLimitExceed:false
04-11 12:49:30.050 D/DataCon-MdpConnector( 6374): recordSecond: 31055
04-11 12:49:30.050 I/metis_v2_AiBriefCollector( 6374): On nightTimerTask triggered.
04-11 12:49:30.051 I/ContextAware_TimerTaskLocationAdapter( 6374): startTimerTask.
04-11 12:49:30.051 E/FileStrategy( 6374): java.io.IOException: Read-only file system
04-11 12:49:30.052 E/ContextAware_SortAlgorithmManager.ReorderProcessor.GuaranteedIntentManager( 6374): removeExternalIntent mExternalGuaranteedList invalid
04-11 12:49:30.052 E/ContextAware_SortAlgorithmManager.ReorderProcessor.GuaranteedIntentManager( 6374): removeExternalIntent mExternalGuaranteedList invalid
04-11 12:49:30.052 I/ContextAware_DailyStatisticsRecorder( 6374): Increase context change count: MESSAGE_15_cnt, value: 1
04-11 12:49:30.052 I/ContextAware_SortAlgorithmManager( 6374): message:15
04-11 12:49:30.053 I/ContextAware_AtomTrackUtil( 6374): uploadOplusMetisIntentSort state: 0
04-11 12:49:30.053 I/ContextAware_DecisionIntentProvider( 6374): uriPath:/negative_screen
04-11 12:49:30.053 I/ContextAware_DecisionIntentProvider( 6374): mAssistantScreenList:[{"action":"pantanal.intent.internal.assistant.screen.HOMEWORK_HELP","create_time":1775881905185,"default_score":8.3,"domain":"assistant_screen","expire_time":240,"intent_id":37290008,"intent_src":0,"operation":0,"params_from_service":"{}","policy_name":"HOMEWORK_HELP","service_id":"","sub_domain":"internal_assistant_screen"}]
04-11 12:49:30.053 I/ContextAware_SortAlgorithmManager.SortCommonUtil( 6374): mIntentList is empty.
04-11 12:49:30.053 I/ContextAware_ContextAware_SortAlgorithmManager.SendMsg( 6374): sortForBatchRemoveIntentChange pantIntent = PantanalIntent(sceneId=null, intentId=11121002, policyName='NEAR_SUBWAY_BUS_STATION', sceneInstanceId=null, intentSrc=1, finalScore=-1.0, subDomain='publictransit', action='pantanal.intent.publictransit.SHOW_RIDE_CODE', defaultScore=9.53, sortable=false, paramsFromUserPolicy=ParamsFromUserPolicy(exposureArgs=[30.0, 5.0], exposureFunc=2, clickArgs=[10.0], clickFunc=1, timeArgs=[120.0], timeFunc=1, delayExposureArgs=[], delayClickArgs=[]), cannotReduceRecommend=false, reduceReplaceKey=, isUnrecoverable=false, dropRepeatKey=pantanal.intent.publictransit.SMART_SUBWAY, dropRepeatMode=0, paramsFromService=content-length:2, isParamsSendToSeedling=false, forceRebuildSeedling=false, seedlingUiPolicy=0, paramsFromHabit=null, serviceList=[], serviceSelectPolicy=0, serviceSelectWeight={}, serviceId=268439614, serviceIdFrom=null, recallScore=null, rankScore=-1.0, rerankScore=-1.0, requestId=null, userPolicyScore=-1.0, domain='travel', cloudExtInfo=null, operation=1, showCount=0, clickCount=0, exposureTime=0, dtExperimentParams=null, createTime=1775882970052, lastUpdateTime=1775882970052, expireTime=120, , originalUpdateTime=1775882970052, sortRelatedId=100410080000, addRelatedId=0, decisionHistoryList=empty, businessData=null, cardOptions=null, instanceId=null, protectEnable=true, protectPolicy=ProtectPolicy(event=0, initialDuration=7, deltaDuration=3, startRatio=70, endRatio=10, stepRatio=20), addMinProb=0.4, probAdj=1.0, lastSortType=0, configVersion=202604031101, algorithmVersion=, recommendServiceList=[], removeTriggerValue=0.2, algorithmTimeRule=[], ruleRemoveByAlgorithm=false, containServiceId=true, dropRepeatType=0, dropRepeatScore=0, delayDismiss=0, attenuationType=-1, attenuationFunc=-1, shouldFocus=false, focusTimestamp=null, orderID=null, serviceTimeStamp=0, serviceInstanceId=null, showType=0, showTypeEx=0,delayExposureTimestamp=0, delayClickTimestamp=0, isSupportMultiInstance=false, 
04-11 12:49:30.053 I/ContextAware_ContextAware_SortAlgorithmManager.SendMsg( 6374): sortForBatchRemoveIntentChange pantIntent = PantanalIntent(sceneId=210000000, intentId=11121002, policyName='NEAR_SUBWAY_BUS_STATION', sceneInstanceId=null, intentSrc=1, finalScore=-1.0, subDomain='publictransit', action='pantanal.intent.publictransit.SHOW_RIDE_CODE', defaultScore=9.53, sortable=false, paramsFromUserPolicy=ParamsFromUserPolicy(exposureArgs=[30.0, 5.0], exposureFunc=2, clickArgs=[10.0], clickFunc=1, timeArgs=[120.0], timeFunc=1, delayExposureArgs=[], delayClickArgs=[]), cannotReduceRecommend=false, reduceReplaceKey=, isUnrecoverable=false, dropRepeatKey=pantanal.intent.publictransit.SMART_SUBWAY, dropRepeatMode=0, paramsFromService=content-length:2, isParamsSendToSeedling=false, forceRebuildSeedling=false, seedlingUiPolicy=0, paramsFromHabit=null, serviceList=[], serviceSelectPolicy=0, serviceSelectWeight={}, serviceId=268439614, serviceIdFrom=null, recallScore=null, rankScore=-1.0, rerankScore=-1.0, requestId=null, userPolicyScore=-1.0, domain='travel', cloudExtInfo=null, operation=1, showCount=0, clickCount=0, exposureTime=0, dtExperimentParams=null, createTime=1775882970052, lastUpdateTime=1775882970052, expireTime=120, , originalUpdateTime=1775882970052, sortRelatedId=100410080000, addRelatedId=0, decisionHistoryList=empty, businessData=null, cardOptions=null, instanceId=null, protectEnable=true, protectPolicy=ProtectPolicy(event=0, initialDuration=7, deltaDuration=3, startRatio=70, endRatio=10, stepRatio=20), addMinProb=0.4, probAdj=1.0, lastSortType=0, configVersion=202604031101, algorithmVersion=, recommendServiceList=[], removeTriggerValue=0.2, algorithmTimeRule=[], ruleRemoveByAlgorithm=false, containServiceId=true, dropRepeatType=0, dropRepeatScore=0, delayDismiss=0, attenuationType=-1, attenuationFunc=-1, shouldFocus=false, focusTimestamp=null, orderID=null, serviceTimeStamp=0, serviceInstanceId=null, showType=0, showTypeEx=0,delayExposureTimestamp=0, delayClickTimestamp=0, isSupportMultiInstance=false, 
04-11 12:49:30.053 I/ContextAware_SortAlgorithmManager.SendMsg( 6374): sortForBatchRemoveIntentChange : batchIntentList is empty Just return
04-11 12:49:30.053 I/ContextAware_AtomTrackUtil( 6374): uploadOplusMetisIntentSort state: 1
04-11 12:49:30.054 I/metis_v2_MetroAwarenessCollector( 6374): publishExitIntent
04-11 12:49:30.054 D/QmiClient( 3438): qmiServiceEventCallback recv msg id 47
04-11 12:49:30.054 D/QmiClient( 3438): enter -mServiceType 10 onQmiServiceEventCallback msgId 47
04-11 12:49:30.054 D/QmiClient( 3438): onQmiServiceEventCallback - enter. msgId=47
04-11 12:49:30.054 D/OttProxy( 3438): handleMessage msg is 3001
04-11 12:49:30.054 D/SubsysRadioIndication[1](14034): radioLinkLatencyInfoInd
04-11 12:49:30.054 D/SubsysRadioIndication[1](14034): notify enter
04-11 12:49:30.054 D/NetworkService[1](14034): handleMessage what:1008
04-11 12:49:30.055 D/NetworkService[1](14034): EVENT_REG_LINK_LATENCY_INFO_CHANGE ulLatency:7920
04-11 12:49:30.067 I/sensors-hal( 2113): handle_oplus_wise_rgb_event:161, wise_rgb: (54616)(cct, lux, ir)[6567.21, 200.45, 42.027348] (r, g, b, c)[8885.59, 6068.74, 3898.37, 17439.25]                 (pwm, hbm, brl, algo)[0.0 0.0 1361.0 2.0], flag 33079
04-11 12:49:30.098 W/CMRCS   ( 6388): CMSTACK:DUM | DialogUsageManager.cxx:1552 | KeepAlive pong receive success
04-11 12:49:30.099 I/RCS_Service( 6388): RegisterCallback: get the message callback ,responseType:2006
04-11 12:49:30.099 I/RCS_Service( 6388): RcsKeepAliveManager: onReceiveStackEvents-> whichEvent: 60008
04-11 12:49:30.100 I/SDM     ( 2181): DisplayBuiltIn::IdlePowerCollapse: IPC received, disabling partial update for one frame
04-11 12:49:30.116 I/metis_v2_CellFenceCollect( 6374): version: 1.0.10, cell size: 3
04-11 12:49:30.190 D/CommonApp-264-10512(14034): transport layer data is invalid
04-11 12:49:30.191 D/CommonApp-255-10512(14034): commonScoreStrategy scenarios low package
04-11 12:49:30.191 D/ScorePolicy(14034): handleScoreChanged: []
04-11 12:49:30.191 D/ScorePolicy(14034): handleScoreChanged: []
04-11 12:49:30.191 D/ScorePolicy(14034): handleScoreChanged: []
04-11 12:49:30.233 I/SDM     ( 2181): DisplayBuiltIn::IdlePowerCollapse: IPC received, disabling partial update for one frame
04-11 12:49:30.240 E/CwbService( 2181): Panel not support apl read or getDisplayPanelAplValue timeout 10ms.
04-11 12:49:30.241 D/SensorFeature( 2258): name=ssc_screenshot_info ,index = 22
04-11 12:49:30.241 D/SensorFeature( 2258): write 39 bytes:930185589152507,930185643402976,33080,0
04-11 12:49:30.334 I/sensors-hal( 2113): handle_oplus_wise_rgb_event:189, high_pwm_light:lux 199.8,cct 6561.1,brl/algo/ir 1361.0/2.0/41.5,pwm/dc 0.0/0.0,rgbc 8823.300781/6024.747070/3876.297607/17329.681641,ts 930185586215372,cnt 54620,flag 33080
04-11 12:49:30.334 I/sensors-hal( 2113): handle_oplus_wise_rgb_event:161, wise_rgb: (54621)(cct, lux, ir)[6561.07, 199.85, 41.495026] (r, g, b, c)[8830.78, 6026.95, 3876.30, 17304.04]                 (pwm, hbm, brl, algo)[0.0 0.0 1361.0 2.0], flag 33080
04-11 12:49:30.447 I/ChainTrace(12586): stream type=syncEvent gapMs=974 refreshMarket=true
04-11 12:49:30.469 V/WindowManager( 3590): Relayout Window{9c5380a u0 com.binance.monitor}: viewVisibility=0, oldvis=0, req=315x429 , apr = 0, vsysui=, x=42, y=420
04-11 12:49:30.469 I/SurfaceControl(12586):  setExtendedRangeBrightness sc=Surface(name=)/@0x13e3f08,currentBufferRatio=1.0,desiredRatio=1.0
04-11 12:49:30.469 D/InsetsSourceProvider( 3590): updateSourceFrameForServerVisibility mandatorySystemGestures EMPTY_RECT
04-11 12:49:30.470 D/InsetsSourceProvider( 3590): updateSourceFrameForServerVisibility mandatorySystemGestures EMPTY_RECT
04-11 12:49:30.489 I/BLASTSyncEngine( 3590): onCommitted syncId: 27145, timeout: false ran: false
04-11 12:49:30.514 E/PERFHAL-PERFCTRL( 2187): PERFHAL-PERFCTRL: chk_core_online_poll_loop() 748: poll() has timed out for /sys/kernel/msm_performance/events/cpu_hotplug
04-11 12:49:30.514 E/PERFHAL-PERFCTRL( 2187): PERFHAL-PERFCTRL: chk_core_online_poll_loop() 743: Block on poll()
04-11 12:49:30.527 I/AICCTModule( 3590): SensorFilter: brightness threshold 1.2 screenNit is 95.362 ave enviroment lux is 129.81273 luxForNit 90.35978demarcationPoint200.0 result is false
04-11 12:49:30.527 I/AICCTModule( 3590): SensorFilter: findSecondNearestValue, sensorValue: 7328.632 nearestMaxValue:7328.632 secondNearestValue: 7328.632
04-11 12:49:30.527 I/AICCTModule( 3590): SensorFilter: findSecondNearestValue, sensorValue: 134.30705 nearestMaxValue:133.54489 secondNearestValue: 133.54489
04-11 12:49:30.537 D/QmiClient( 2727): qmiServiceEventCallback recv msg id 1099
04-11 12:49:30.537 D/QmiClient( 2727): enter -mServiceType 4 onQmiServiceEventCallback msgId 1099
04-11 12:49:30.537 D/QmiClient( 2727): onQmiServiceEventCallback - enter. msgId=1099
04-11 12:49:30.537 D/QmiVsClientEvent( 2727): QosPeriodReportInd MSG IND data_len 2052
04-11 12:49:30.537 D/QmiVsClientEvent( 2727): qmiVsClientNotifyQosPeriodReportIndEvent - RADIO_EVENT_QOS_PERIOD_REPORT_NOTIFY_IND
04-11 12:49:30.537 D/QmiClient( 3438): qmiServiceEventCallback recv msg id 1099
04-11 12:49:30.537 D/QmiClient( 3438): enter -mServiceType 4 onQmiServiceEventCallback msgId 1099
04-11 12:49:30.537 D/QmiClient( 3438): onQmiServiceEventCallback - enter. msgId=1099
04-11 12:49:30.537 D/QmiVsClientEvent( 3438): QosPeriodReportInd MSG IND data_len 2052
04-11 12:49:30.537 D/QmiVsClientEvent( 3438): qmiVsClientNotifyQosPeriodReportIndEvent - RADIO_EVENT_QOS_PERIOD_REPORT_NOTIFY_IND
04-11 12:49:30.537 D/VsProxy ( 3438): handleMessage msg is 2420
04-11 12:49:30.537 D/VsProxy ( 3438): handleQosPeriodReportInd for instance 1 data_len 197
04-11 12:49:30.538 D/VsProxy ( 2727): handleMessage msg is 2420
04-11 12:49:30.538 D/VsProxy ( 2727): handleQosPeriodReportInd for instance 0 data_len 145
04-11 12:49:30.538 D/SubsysRadioIndication[1](14034): radioQosPeriodReportInd result [8, -34, -59, -99, -49, 14, 18, 6, 8, -56, -60, -99, -49, 14, 26, 13, 8, -84, -60, -99, -49, 14, 16, 7, 40, 3, 56, -81, 1, 34, 12, 8, -84, -69, -57, -50, 14, 16, 4, 24, 1, 32, 3, 58, 83, 8, -52, -59, -99, -49, 14, 16, 5, 24, -98, -23, 30, 32, -54, 1, 40, -93, -1, -1, -1, -1, -1, -1, -1, -1, 1, 48, -12, -1, -1, -1, -1, -1, -1, -1, -1, 1, 56, 3, 64, -94, -1, -1, -1, -1, -1, -1, -1, -1, 1, 72, -96, -1, -1, -1, -1, -1, -1, -1, -1, 1, 80, -93, -1, -1, -1, -1, -1, -1, -1, -1, 1, 88, -97, -1, -1, -1, -1, -1, -1, -1, -1, 1, 66, 31, 8, -101, -22, -108, -49, 14, 16, 5, 24, 2, 34, 19, 8, -98, -23, 30, 16, -54, 1, 24, 41, 32, 13, 40, -126, -128, -52, -67, 21, 48, 2, 90, 0, 98, 10, 8, -85, -54, -73, -50, 14, 16, 3, 24, 5, 122, 20, 8, -92, -59, -99, -49, 14, 16, -1, -1, 1, 24, -1, -1, 1, 32, -1, -1, -1, -1, 15]
04-11 12:49:30.538 D/NetworkService[1](14034): handleMessage what:1005
04-11 12:49:30.539 D/SubsysRadioIndication[0](14034): radioQosPeriodReportInd result [8, -34, -59, -99, -49, 14, 34, 12, 8, -84, -69, -57, -50, 14, 16, 4, 24, 1, 32, 3, 58, 61, 8, -71, -67, -99, -49, 14, 16, 5, 24, -64, -92, 38, 32, -22, 6, 40, -98, -1, -1, -1, -1, -1, -1, -1, -1, 1, 48, -11, -1, -1, -1, -1, -1, -1, -1, -1, 1, 56, 5, 64, -98, -1, -1, -1, -1, -1, -1, -1, -1, 1, 72, -99, -1, -1, -1, -1, -1, -1, -1, -1, 1, 66, 29, 8, -57, -20, -92, -50, 14, 16, 5, 34, 19, 8, -64, -92, 38, 16, -22, 6, 24, 78, 32, 13, 40, -117, -32, -94, -93, 2, 48, 2, 90, 0, 98, 10, 8, -41, -26, -92, -50, 14, 16, 3, 24, 5, 122, 15, 8, -8, -24, -92, -50, 14, 16, -52, 2, 24, -21, 1, 32, -90, 9]
04-11 12:49:30.539 D/RadioAtomTracker(14034): parseQosPeriodData ModemQos:CellularQosInfo1{5G, 504990/202, EndcState=2, Band=41, DLBW=13, Rsrp=-93, Rsrq=-12, Snr=3, SvcStatus=3, ULPDCPNumDataPdu=0, ULPDCPNumDropPdu=0, ULPDCPTput=0, ULRLCNumDataPdu=0, ULRLCNumRetxPdu=0, ULGrant=0, ULBSR=0, ULBler=0, DLPDCPNumDataPdu=3, DLPDCPTput=175, DLRLCNumDataPdu=7, DLRLCNumRetxPdu=0, DLRLCNumDropPdu=0, DLMACPaddingBytes=0, DLPdcpNumMissToUppPdu=0, DLBler=0, RlfCount=0, CellChangeCount=0, IsRedirectionOccur=0, IsDualSimConflict=0, Latency=7, Sub1RrcState=1, Sub2RrcState=3, RachCount=0, CalcPower=32767, Mtpl=32767, PathLoss=-1, CellLoad=0}
04-11 12:49:30.539 D/NetworkService[1](14034): EVENT_REG_QOS_PERIOD_REPORT_IND_CHANGED ENTER
04-11 12:49:30.539 D/NetworkService[0](14034): handleMessage what:1005
04-11 12:49:30.539 D/RadioAtomTracker(14034): parseQosPeriodData ModemQos:CellularQosInfo2{5G, 627264/874, EndcState=0, Band=78, DLBW=13, Rsrp=-98, Rsrq=-11, Snr=5, SvcStatus=3, ULPDCPNumDataPdu=-1, ULPDCPNumDropPdu=-1, ULPDCPTput=-1, ULRLCNumDataPdu=-1, ULRLCNumRetxPdu=-1, ULGrant=-1, ULBSR=-1, ULBler=-1, DLPDCPNumDataPdu=-1, DLPDCPTput=-1, DLRLCNumDataPdu=-1, DLRLCNumRetxPdu=-1, DLRLCNumDropPdu=-1, DLMACPaddingBytes=-1, DLPdcpNumMissToUppPdu=-1, DLBler=-1, RlfCount=0, CellChangeCount=0, IsRedirectionOccur=0, IsDualSimConflict=0, Latency=0, Sub1RrcState=1, Sub2RrcState=3, RachCount=0, CalcPower=332, Mtpl=235, PathLoss=1190, CellLoad=0}
04-11 12:49:30.539 D/NetworkService[0](14034): EVENT_REG_QOS_PERIOD_REPORT_IND_CHANGED ENTER
04-11 12:49:30.539 D/AtomModemKpiInfo(14034): handleMessage what:1001
04-11 12:49:30.539 D/AtomModemKpiInfo(14034): analyseQosInfo success
04-11 12:49:30.564 I/SDM     ( 2181): DisplayBuiltIn::IdlePowerCollapse: IPC received, disabling partial update for one frame
04-11 12:49:30.572 V/AlarmManager( 3590): sending alarm Alarm{5c76867 type 1 origWhen 1775882970572 whenElapsed 930185986 android} uid 1000 whenElapsed 930185986 windowLength 0 maxWhenElapsed 930185986 repeatInterval 0 action null component null tag StorgaeBandInfoAlarmTag flags 0x9 procName system_server
04-11 12:49:30.573 E/OplusStorageUFSBandwidth( 3590): storage_io_metrics_path is /proc/oplus_storage/io_metrics/forever/
04-11 12:49:30.574 E/OplusStorageUFSBandwidth( 3590): Bandwidth - Read: 0.50 MB/s, Write: 0.00 MB/s
04-11 12:49:30.574 E/OplusStorageUFSBandwidth( 3590): Task time: 1ms
04-11 12:49:30.576 E/OplusStorageUFSBandwidth( 3590): Alarm set to trigger in 10 seconds
04-11 12:49:30.649 I/SDM     ( 2181): DisplayBuiltIn::IdlePowerCollapse: IPC received, disabling partial update for one frame
04-11 12:49:30.652 E/CwbService( 2181): Panel not support apl read or getDisplayPanelAplValue timeout 10ms.
04-11 12:49:30.652 D/SensorFeature( 2258): name=ssc_screenshot_info ,index = 22
04-11 12:49:30.652 D/SensorFeature( 2258): write 39 bytes:930186000185788,930186054650007,33081,0
04-11 12:49:30.749 W/ServiceManagerCppClient( 4482): Waited one second for SystemClearService (is service started? Number of threads started in the threadpool: 16. Are binder threads started and available?)
04-11 12:49:30.750 W/ServiceManagerCppClient( 4482): Waited one second for SystemClearService (is service started? Number of threads started in the threadpool: 16. Are binder threads started and available?)
04-11 12:49:30.753 W/libc    ( 1254): Unable to set property "ctl.interface_start" to "aidl/SystemClearService": PROP_ERROR_HANDLE_CONTROL_MESSAGE (0x20)
04-11 12:49:30.753 W/libc    ( 1254): Unable to set property "ctl.interface_start" to "aidl/SystemClearService": PROP_ERROR_HANDLE_CONTROL_MESSAGE (0x20)
04-11 12:49:30.766 D/BatteryChargeControl( 2280): bcc get no support from charging protocol
04-11 12:49:30.873 I/sensors-hal( 2113): handle_oplus_wise_rgb_event:189, high_pwm_light:lux 201.7,cct 6668.0,brl/algo/ir 1361.0/2.0/40.8,pwm/dc 0.0/0.0,rgbc 8900.545898/6079.737793/3922.654297/17469.552734,ts 930186064142663,cnt 54630,flag 98617
04-11 12:49:30.873 I/sensors-hal( 2113): handle_oplus_wise_rgb_event:161, wise_rgb: (54626)(cct, lux, ir)[6667.98, 201.72, 40.776779] (r, g, b, c)[8935.43, 6110.53, 3949.14, 17562.80]                 (pwm, hbm, brl, algo)[0.0 0.0 1361.0 2.0], flag 33081
04-11 12:49:30.874 D/FusionLightNextGen( 3590): process end reported = 1, mode: 0, cnt: 401835, lux 131.5, cct 7468.5, r/g/b/c: 8905.5/6077.5/3927.1/17511.5, R/G/B: 167.0/161.0/147.0, bri 1361.0, match 1.00, ir 0.049593, conf 5.0, ts 930186064142663
04-11 12:49:30.955 D/SensorFeature( 2258): name=ssc_screenshot_info ,index = 22
04-11 12:49:30.956 D/SensorFeature( 2258): write 39 bytes:930186000185788,930186368130215,33082,0
04-11 12:49:31.057 D/QmiClient( 3438): qmiServiceEventCallback recv msg id 47
04-11 12:49:31.057 D/QmiClient( 3438): enter -mServiceType 10 onQmiServiceEventCallback msgId 47
04-11 12:49:31.057 D/QmiClient( 3438): onQmiServiceEventCallback - enter. msgId=47
04-11 12:49:31.057 D/OttProxy( 3438): handleMessage msg is 3001
04-11 12:49:31.058 D/SubsysRadioIndication[1](14034): radioLinkLatencyInfoInd
04-11 12:49:31.058 D/SubsysRadioIndication[1](14034): notify enter
04-11 12:49:31.059 D/NetworkService[1](14034): handleMessage what:1008
04-11 12:49:31.059 D/NetworkService[1](14034): EVENT_REG_LINK_LATENCY_INFO_CHANGE ulLatency:11383
04-11 12:49:31.134 I/sensors-hal( 2113): handle_oplus_wise_rgb_event:161, wise_rgb: (54631)(cct, lux, ir)[6617.73, 199.86, 41.714100] (r, g, b, c)[8878.12, 6064.34, 3893.96, 17436.92]                 (pwm, hbm, brl, algo)[0.0 0.0 1361.0 2.0], flag 33082
04-11 12:49:31.215 D/CommonApp-264-10512(14034): transport layer data is invalid
04-11 12:49:31.216 D/CommonApp-255-10512(14034): commonScoreStrategy scenarios low package
04-11 12:49:31.216 D/ScorePolicy(14034): handleScoreChanged: []
04-11 12:49:31.216 D/ScorePolicy(14034): handleScoreChanged: []
04-11 12:49:31.216 D/ScorePolicy(14034): handleScoreChanged: []
04-11 12:49:31.262 D/SensorFeature( 2258): name=ssc_screenshot_info ,index = 22
04-11 12:49:31.262 D/SensorFeature( 2258): write 39 bytes:930186000185788,930186674506309,33083,0
04-11 12:49:31.401 I/sensors-hal( 2113): handle_oplus_wise_rgb_event:189, high_pwm_light:lux 202.8,cct 6639.9,brl/algo/ir 1361.0/2.0/41.4,pwm/dc 0.0/0.0,rgbc 9012.674805/6167.722656/3973.425781/17737.632812,ts 930186652643184,cnt 54640,flag 98619
04-11 12:49:31.401 I/sensors-hal( 2113): handle_oplus_wise_rgb_event:161, wise_rgb: (54636)(cct, lux, ir)[6639.91, 202.78, 41.449890] (r, g, b, c)[8995.23, 6154.52, 3962.39, 17663.04]                 (pwm, hbm, brl, algo)[0.0 0.0 1361.0 2.0], flag 33083
04-11 12:49:31.409 D/VRR [OTI]( 2399): handleIdle from 1 to 0
04-11 12:49:31.409 D/VRR [OTI-HW]( 2399): isStateReady 0
04-11 12:49:31.409 D/VRR [OTI-HW]( 2399): keep rate.
04-11 12:49:31.410 D/PowerManagerService( 3590): userActivityNoUpdateLocked: groupId=0, eventTime=882330782, event=touch, flags=0x0, uid=1000
04-11 12:49:31.410 D/GestureLog_OplusMultiPointerDetector( 3590): onTouchEvent------>start, mCurNumPointers=1, mCurrStatus=0 mIsDownIntervalTimeout=true, action=0 downTime=882330782 deviceId=-1
04-11 12:49:31.410 I/[UAH_CLIENT]( 3590): UahEventAcquire, cmdid:37, pkg:none, identity:OplusUAwareInputHelper
04-11 12:49:31.410 D/PowerManagerService( 3590): userActivityNoUpdateLocked: groupId=0, eventTime=882330782, event=touch, flags=0x0, uid=1000
04-11 12:49:31.410 D/UAH-UahAdaptHelper( 3590): adaptSetNotification identity = OplusUAwareInputHelpersrc = 1000 , type 0 ,p1 = -1 ,p2 = -1 ,p3 = -1 ,p4 =
04-11 12:49:31.410 I/[UAH_CLIENT]( 3590): uahRuleCtl, ruleId:1000, status:0
04-11 12:49:31.413 D/OplusActivityThreadExtImpl(12586): init method, sSupressionGC = public static native void dalvik.system.VMRuntime.SupressionGC(int,int), sDesupressionGC = public static native void dalvik.system.VMRuntime.DesupressionGC(int)
04-11 12:49:31.413 E/IJankManager(12586): slideSceneEnd unknown scene 1000 mScene:-1
04-11 12:49:31.415 D/ViewExtract(12586): [OplusViewExtractManager] OplusViewExtractManager init com.binance.monitor
04-11 12:49:31.416 I/SDM     ( 2181): DisplayBuiltIn::IdlePowerCollapse: IPC received, disabling partial update for one frame
04-11 12:49:31.417 D/UAH-UahAdaptHelper( 3590): adaptSetNotification identity = OplusUAwareInputHelpersrc = 1000 , type 1 ,p1 = -1 ,p2 = -1 ,p3 = -1 ,p4 =
04-11 12:49:31.417 I/[UAH_CLIENT]( 3590): uahRuleCtl, ruleId:1000, status:1
04-11 12:49:31.417 D/PowerManagerService( 3590): userActivityNoUpdateLocked: groupId=0, eventTime=882330782, event=touch, flags=0x0, uid=1000
04-11 12:49:31.417 D/PowerManagerService( 3590): userActivityNoUpdateLocked: groupId=0, eventTime=882330782, event=touch, flags=0x0, uid=1000
04-11 12:49:31.418 D/OplusInputMethodManagerInternal(12586): get inputMethodManager extension: com.android.internal.view.IInputMethodManager$Stub$Proxy@32c0c58
04-11 12:49:31.418 D/OplusViewDragTouchViewHelper(12586): dispatchTouchView action = 1
04-11 12:49:31.419 D/ViewRootImplExtImpl(12586): the up motion event handled by client, just return
04-11 12:49:31.419 D/ShellSubscriberWorkerThread(15031): the first 8 bytes empty, and RestData length > 8 
04-11 12:49:31.423 I/[UAH_CLIENT]( 3590): UahEventAcquire, cmdid:2, pkg:none, identity:com.android.server.wm
04-11 12:49:31.424 D/WindowManager( 3590): NFW_setClientVisible:ActivityRecord{217059451 u0 com.binance.monitor/.ui.account.AccountStatsBridgeActivity clientVisible:true
04-11 12:49:31.425 V/GrammaticalInflectionUtils( 3590): AttributionSource: android.content.AttributionSource@1020978a does not have READ_SYSTEM_GRAMMATICAL_GENDER permission.
04-11 12:49:31.425 D/OplusCompatModeManagerService( 3590): getRequestedConfigurationOrientation  res:1,req:1,config.old:0,config.new:0,ActivityRecord{217059451 u0 com.binance.monitor/.ui.account.AccountStatsBridgeActivity t-1}
04-11 12:49:31.425 D/OplusCompatModeManagerService( 3590):  onPreActivityRecordConfigurationChanged {0.0 ?mcc??mnc ?localeList ?layoutDir ?swdp ?wdp ?hdp ?density ?lsize ?long ?ldr ?wideColorGamut ?orien ?uimode ?night ?touch ?keyb/?/? ?nav/? winConfig={ mBounds=Rect(0, 0 - 0, 0) mAppBounds=null mMaxBounds=Rect(0, 0 - 0, 0) mDisplayRotation=undefined mWindowingMode=undefined mActivityType=undefined mAlwaysOnTop=undefined mRotation=undefined} ?fontWeightAdjustmentmThemeChanged= 0, mThemeChangedFlags= 0, mFlipFont= 0, mScenario= -1, mAccessibleChanged= 0, mUxIconConfig= 0, mMaterialColor= ffffffffffffffff, mUserId= -1, mFontUserId= -1, mFontVariationSettings= ffffffff, mFoldingAngle = -1.0, mIconPackName= , mDarkModeBackgroundMaxL= -1.0, mDarkModeDialogBgMaxL= -1.0, mDarkModeForegroundMinL= -1.0, mOplusConfigType= 0, mOplusChangedConfigs= 0, OpSans= -1, mBurmeseFontFlag= -1, mFlag= 0, mExtraFlag= 0, mFlexibleActivitySuitable= -1, mPuttDisplayFlag= -1}
04-11 12:49:31.425 D/OplusCompatModeManagerService( 3590):  disable:true,valid:false,computeReq:1,isGameRatio:false
04-11 12:49:31.425 D/OplusCompatModeManagerService( 3590):  getOverrideMinAspectRatioForCompatMode: 0.0 getRawOverrideMinAspectRatioForCompatMode: 0.0
04-11 12:49:31.425 D/OplusCompatModeManagerService( 3590):  ar : ActivityRecord{217059451 u0 com.binance.monitor/.ui.account.AccountStatsBridgeActivity t-1} displayId:-1 inCompatMode: false
04-11 12:49:31.425 D/OplusCompatModeManagerService( 3590): isDefaultDisplay true oldRect: Rect(0, 0 - 0, 0) newRect Rect(0, 0 - 0, 0)
04-11 12:49:31.425 D/OplusCompatModeManagerService( 3590): reloadCompactRatio mParWorldContainer.isEnabledParallelWindow(pkg):false,mParWorldContainer.isDisabledCompactWindow:false,isUIAutoLayout:false, isFullOrientation: false
04-11 12:49:31.425 D/FlexibleTaskController( 3590): isSupportFlexibleWindow target = com.binance.monitor/.ui.account.AccountStatsBridgeActivity callPkg = FlexibleTaskController support = true ,caller = 3590
04-11 12:49:31.425 D/ActivityStarterExtImpl( 3590): checkOpMode: 3
04-11 12:49:31.426 W/QosScheduler( 3590): executeSceneQosStrategy failed! qos feature no enable
04-11 12:49:31.426 D/FlexibleWindowManagerService( 3590): isIgnoreAppearedAcrossTask:false
04-11 12:49:31.426 D/ActivityStarterExtImpl( 3590): setForceUpdateWindow, targetTask = Task{51980d0 #13173 type=standard A=10512:com.binance.monitor} r = ActivityRecord{217059451 u0 com.binance.monitor/.ui.account.AccountStatsBridgeActivity t-1} notFinish =false
04-11 12:49:31.426 D/FlexibleWindowManagerService( 3590): isIgnoreAppearedAcrossTask:false
04-11 12:49:31.426 D/FlexibleTaskController( 3590): adjustOptionsForFlexibleTask skip adjust options reason:4
04-11 12:49:31.426 I/InsensibleTaskController( 3590): adjustOptionsForInsensibleTask targetTask is resuse so not pureInsensibleOptions
04-11 12:49:31.426 D/FlexibleTaskController( 3590): isSupportFlexibleWindow target = com.binance.monitor/.ui.account.AccountStatsBridgeActivity callPkg = FlexibleTaskController support = true ,caller = 3590
04-11 12:49:31.426 D/FlexibleWindowManagerService( 3590): no reused task found for ActivityRecord{217059451 u0 com.binance.monitor/.ui.account.AccountStatsBridgeActivity t-1}
04-11 12:49:31.426 D/ActivityStarterExtImpl( 3590): isLaunchingRootActivity = false
04-11 12:49:31.426 D/ActivityStarterExtImpl( 3590): resume targetTask isVisibleRequested is true or in SkipCheckedList, need resume:targetTask=Task{51980d0 #13173 type=standard A=10512:com.binance.monitor}
04-11 12:49:31.426 I/OPM     ( 3590): handleActivityStart : ActivityRecord{217059451 u0 com.binance.monitor/.ui.account.AccountStatsBridgeActivity t-1}
04-11 12:49:31.426 D/OplusCompatModeManagerService( 3590): getRequestedConfigurationOrientation  res:1,req:1,config.old:0,config.new:1,ActivityRecord{217059451 u0 com.binance.monitor/.ui.account.AccountStatsBridgeActivity t13173}
04-11 12:49:31.426 D/OplusCompatModeManagerService( 3590):  onPreActivityRecordConfigurationChanged {1.15 ??mcc??mnc [zh_CN,en_US] ldltr sw361dp w361dp h794dp 560dpi nrml long hdr widecg port night finger -keyb/v/h -nav/h winConfig={ mBounds=Rect(0, 0 - 1264, 2780) mAppBounds=Rect(0, 0 - 1264, 2780) mMaxBounds=Rect(0, 0 - 1264, 2780) mDisplayRotation=ROTATION_0 mWindowingMode=fullscreen mActivityType=standard mAlwaysOnTop=undefined mRotation=ROTATION_0} as.10 s.12661 fontWeightAdjustment=0mThemeChanged= 1, mThemeChangedFlags= 1, mFlipFont= 0, mScenario= 0, mAccessibleChanged= -1, mUxIconConfig= 1e177014640920, mMaterialColor= 100040017, mUserId= 0, mFontUserId= 0, mFontVariationSettings= 11d7, mFoldingAngle = -1.0, mIconPackName= , mDarkModeBackgroundMaxL= 8.0, mDarkModeDialogBgMaxL= 27.0, mDarkModeForegroundMinL= 100.0, mOplusConfigType= 1, mOplusChangedConfigs= 0, OpSans= -1, mBurmeseFontFlag= 2, mFlag= 0, mExtraFlag= 0, mFlexibleActivitySuitable= -1, mPuttDisplayFlag= -1}
04-11 12:49:31.426 D/OplusCompatModeManagerService( 3590):  disable:true,valid:false,computeReq:1,isGameRatio:false
04-11 12:49:31.426 D/OplusCompatModeManagerService( 3590):  getOverrideMinAspectRatioForCompatMode: 0.0 getRawOverrideMinAspectRatioForCompatMode: 0.0
04-11 12:49:31.426 D/OplusCompatModeManagerService( 3590):  ar : ActivityRecord{217059451 u0 com.binance.monitor/.ui.account.AccountStatsBridgeActivity t13173} displayId:0 inCompatMode: false
04-11 12:49:31.426 D/OplusCompatModeManagerService( 3590): isDefaultDisplay true oldRect: Rect(0, 0 - 0, 0) newRect Rect(0, 0 - 1264, 2780)
04-11 12:49:31.426 D/OplusCompatModeManagerService( 3590): reloadCompactRatio mParWorldContainer.isEnabledParallelWindow(pkg):false,mParWorldContainer.isDisabledCompactWindow:false,isUIAutoLayout:false, isFullOrientation: false
04-11 12:49:31.427 D/SecondaryPageStartupPolicy( 3590): checkSecondaryPageStartupStatus not support sourcePackage=com.binance.monitor
04-11 12:49:31.427 D/OplusStartingWindowManager( 3590): we don't revise window flags for third app
04-11 12:49:31.427 D/ActivityTaskManager( 3590): validateStartingWindowTheme:  Pkg=com.binance.monitor, Translucent=false, Floating=false, ShowWallpaper=false, Disable=false, LaunchSource=4, Prev=null, LaunchedFromPackage=com.binance.monitor
04-11 12:49:31.427 D/ActivityTaskManager( 3590): addStartingWindow for ActivityRecord{217059451 u0 com.binance.monitor/.ui.account.AccountStatsBridgeActivity t13173}, mainWin=null, state=INITIALIZING, isKeyguardLocked=false, isKeyguardGoingAway=false
04-11 12:49:31.427 D/ActivityTaskManager( 3590): getStartingWindowType: , newTask=false, taskSwitch=false, processRunning=true, allowTaskSnapshot=true, activityCreated=false, activityAllDrawn=false, snapshot exist: false
04-11 12:49:31.427 D/ActivityRecordExtImpl( 3590): handleStartingWindowForCompactWindow origin type:0, adjustType : 0
04-11 12:49:31.427 D/OplusWindowAnimationManager( 3590): applyNoAnimationForResumed resumed: ActivityRecord{243849602 u0 com.binance.monitor/.ui.main.MainActivity t13173}
04-11 12:49:31.428 D/ActivityTrigger( 3590): ActivityTrigger activityPauseTrigger 
