04-11 12:51:00.775 14034 15457 D AppSenseConfig: getIgnoreAppList: [com.android.launcher, com.android.contacts, com.oplus.wirelesssettings, com.coloros.alarmclock, com.coloros.calculator, com.coloros.calendar, com.coloros.phonemanager, com.android.settings, com.android.phone, com.oplus.nas, com.oplus.nhs, com.oplus.appdetail, com.android.permissioncontroller, com.oplus.pscanvas, com.oplus.autotest.test.ctp, com.android.systemui, com.android.systemui.overlay.fingerprint.anim.fy, com.android.systemui.overlay.fingerprint.anim.qy, com.android.systemui.overlay.fingerprint.anim.sw, com.android.systemui.overlay.fingerprint.anim.xw, com.android.systemui.overlay.fingerprint.anim.ccyh, com.android.systemui.overlay.fingerprint.anim.halo, com.android.systemui.overlay.fingerprint.anim.jslz, com.android.systemui.overlay.fingerprint.anim.none, com.android.systemui.overlay.fingerprint.anim.xklc]
04-11 12:51:00.775 14034 15457 D AppSenseConfig: getIgnoreAppList: [com.android.launcher, com.android.contacts, com.oplus.wirelesssettings, com.coloros.alarmclock, com.coloros.calculator, com.coloros.calendar, com.coloros.phonemanager, com.android.settings, com.android.phone, com.oplus.nas, com.oplus.nhs, com.oplus.appdetail, com.android.permissioncontroller, com.oplus.pscanvas, com.oplus.autotest.test.ctp, com.android.systemui, com.android.systemui.overlay.fingerprint.anim.fy, com.android.systemui.overlay.fingerprint.anim.qy, com.android.systemui.overlay.fingerprint.anim.sw, com.android.systemui.overlay.fingerprint.anim.xw, com.android.systemui.overlay.fingerprint.anim.ccyh, com.android.systemui.overlay.fingerprint.anim.halo, com.android.systemui.overlay.fingerprint.anim.jslz, com.android.systemui.overlay.fingerprint.anim.none, com.android.systemui.overlay.fingerprint.anim.xklc]
04-11 12:51:00.776 14034 15457 D ActivityAdapter: taskChange: pre: 2, cur: 1, changed:true
04-11 12:51:00.776 14034 15457 D ActivityAdapter: notifyActivityQuery: [com.binance.monitor; com.binance.monitor.ui.account.AccountStatsBridgeActivity; 1; COMMON; 10512]
04-11 12:51:00.776 14034 15457 D OPlusFrontAppManager: useAdapterResult, pkg=com.binance.monitor,activity=com.binance.monitor.ui.account.AccountStatsBridgeActivity,result=true
04-11 12:51:00.776 14034 15457 D OPlusFrontAppManager: decide -->> [com.binance.monitor; com.binance.monitor.ui.account.AccountStatsBridgeActivity; 1; COMMON; 10512]
04-11 12:51:00.776 14034 15457 D ConferenceScene: pkg:com.binance.monitor, activity:com.binance.monitor.ui.main.MainActivity, appSense:COMMON
04-11 12:51:00.794 14034 14821 D RadioProxyJ[0]: startAPIDetection, setSyncWithAp has response, stopping detection
04-11 12:51:00.830  2280  2331 D BatteryChargeControl: bcc get no support from charging protocol
04-11 12:51:00.835 14400 14579 I ChainTrace: stream type=heartbeat gapMs=868 refreshMarket=false
04-11 12:51:00.865  2181  2506 I SDM     : DisplayBuiltIn::IdlePowerCollapse: IPC received, disabling partial update for one frame
04-11 12:51:00.874  2181  7371 E CwbService: Panel not support apl read or getDisplayPanelAplValue timeout 10ms.
04-11 12:51:00.874  2258  2258 D SensorFeature: name=ssc_screenshot_info ,index = 22
04-11 12:51:00.874  2258  2258 D SensorFeature: write 39 bytes:930276222566222,930276276934504,33360,0
04-11 12:51:00.876  4482  4659 W ServiceManagerCppClient: Waited one second for SystemClearService (is service started? Number of threads started in the threadpool: 16. Are binder threads started and available?)
04-11 12:51:00.877  4482  4680 W ServiceManagerCppClient: Waited one second for SystemClearService (is service started? Number of threads started in the threadpool: 16. Are binder threads started and available?)
04-11 12:51:00.878  1254 14793 W libc    : Unable to set property "ctl.interface_start" to "aidl/SystemClearService": PROP_ERROR_HANDLE_CONTROL_MESSAGE (0x20)
04-11 12:51:00.878  1254 14796 W libc    : Unable to set property "ctl.interface_start" to "aidl/SystemClearService": PROP_ERROR_HANDLE_CONTROL_MESSAGE (0x20)
04-11 12:51:00.969 13839 14674 D UlPriorityPolicyForeground: match: config has not com.binance.monitor
04-11 12:51:00.969  2113 20704 I sensors-hal: handle_oplus_wise_rgb_event:189, high_pwm_light:lux 203.1,cct 6641.0,brl/algo/ir 1361.0/2.0/41.4,pwm/dc 0.0/0.0,rgbc 9007.691406/6172.121582/3962.388672/17711.990234,ts 930276263426390,cnt 56220,flag 98896
04-11 12:51:00.970  2113 17862 I sensors-hal: handle_oplus_wise_rgb_event:161, wise_rgb: (56216)(cct, lux, ir)[6641.04, 203.13, 41.434200] (r, g, b, c)[8997.72, 6143.53, 3966.80, 17700.33]                 (pwm, hbm, brl, algo)[0.0 0.0 1361.0 2.0], flag 33360
04-11 12:51:01.035  3438  4039 D QmiClient: qmiServiceEventCallback recv msg id 47
04-11 12:51:01.035  3438  4039 D QmiClient: enter -mServiceType 10 onQmiServiceEventCallback msgId 47
04-11 12:51:01.035  3438  4039 D QmiClient: onQmiServiceEventCallback - enter. msgId=47
04-11 12:51:01.035  3438  3488 D OttProxy: handleMessage msg is 3001
04-11 12:51:01.036 14034 14747 D SubsysRadioIndication[1]: radioLinkLatencyInfoInd
04-11 12:51:01.036 14034 14747 D SubsysRadioIndication[1]: notify enter
04-11 12:51:01.037 14034 14034 D NetworkService[1]: handleMessage what:1008
04-11 12:51:01.037 14034 14034 D NetworkService[1]: EVENT_REG_LINK_LATENCY_INFO_CHANGE ulLatency:8775
04-11 12:51:01.089 11891 11913 I OplusLog_main_host: [IPhoneConnectionProvider] call: method = get_bound_iphone, callingUid = 10098, callingPid = 11972, callingPackage = com.heytap.accessory
04-11 12:51:01.090 11891 23908 D OplusLog_DeviceKit_com.oplus.linker: [SynergyDeviceManager-244736775] queryOriginalDeviceList from: com.oplus.linker, [11, 12, 6, 10, 8, 16], com.oplus.linker.datalayer.local.LocalDbRepositoryDelegate$getAllSynergyDeviceInfoWithProperty$2$1@100554c
04-11 12:51:01.092 11891 11961 D OplusLog_DeviceKit_com.oplus.linker: [OpDeviceServiceClient-244736775] queryOriginalDeviceList onResult: []
04-11 12:51:01.136 15757 16090 W Battery : ThermalControllHandler: MSG_THERMAL_CONTROL_STATUS_CHANGED,msg:16
04-11 12:51:01.136 15757 16090 W Battery : StateManager: getAppType com.binance.monitor, last=1775882838451
04-11 12:51:01.136 15757 16090 W Battery : ThermalControllerCenter: mSafetyState=10000,  mSafetyTestConfigList=01111,10111,11011,11101,11110,00111,01011,01101,01110,10011,10101,10110,11001,11010,11100,11111
04-11 12:51:01.136 15757 16090 W Battery : ThermalControlConfig: mNonBigVersionOtaPeriodVal=2
04-11 12:51:01.136 15757 16090 W Battery : ThermalControllHandler: tempLevel=[2],userMode=2,gameUserMode=-1,appType=-1,envTempType=0,appStates=[],appSwitchSafetyMode=true,split=[],float={com.binance.monitor},full=[com.binance.monitor], tempGear=[2],configItemName=common_config
04-11 12:51:01.136 15757 16090 W Battery : StateManager: getAppType com.binance.monitor, last=1775882838451
04-11 12:51:01.153   424   574 D ConfigListManager: we take a gc.
04-11 12:51:01.165 14400 14459 D OplusScrollToTopManager: com.binance.monitor/com.binance.monitor.ui.main.MainActivity,This com.android.internal.policy.DecorView{a77c5d2 I.E...... R......D 0,0-1264,2780 aid=0 alpha=1.0 viewInfo = }[MainActivity] change focus to false
04-11 12:51:01.176  2258  2258 D SensorFeature: name=ssc_screenshot_info ,index = 22
04-11 12:51:01.176  2258  2258 D SensorFeature: write 39 bytes:930276222566222,930276589513045,33361,0
04-11 12:51:01.178  3590  7902 D InetDiagMessage: Destroyed 0 sockets, proto=IPPROTO_TCP, family=AF_INET, states=14
04-11 12:51:01.180  3590  7902 D InetDiagMessage: Destroyed 1 sockets, proto=IPPROTO_TCP, family=AF_INET6, states=14
04-11 12:51:01.180  3590  7902 D InetDiagMessage: Destroyed live tcp sockets for uids={10515} in 6ms
04-11 12:51:01.183  3590  7902 D InetDiagMessage: Destroyed 0 sockets, proto=IPPROTO_TCP, family=AF_INET, states=14
04-11 12:51:01.185  3590  7902 D InetDiagMessage: Destroyed 0 sockets, proto=IPPROTO_TCP, family=AF_INET6, states=14
04-11 12:51:01.185  3590  7902 D InetDiagMessage: Destroyed live tcp sockets for uids={20515} in 4ms
04-11 12:51:01.186   424   574 I ficationmanager: Explicit concurrent mark compact GC freed 352KB AllocSpace bytes, 0(0B) LOS objects, 65% free,2169KB(M:517KB,L:1652KB)/6265KB, paused 175us,1.222ms total 33.452ms
04-11 12:51:01.205   424   574 I ficationmanager: Explicit concurrent mark compact GC freed 112KB AllocSpace bytes, 0(0B) LOS objects, 65% free,2153KB(M:501KB,L:1652KB)/6249KB, paused 89us,615us total 17.232ms
04-11 12:51:01.217  3590  3830 W QosScheduler: executeSceneQosStrategy failed! qos feature no enable
04-11 12:51:01.235  2113 17862 I sensors-hal: handle_oplus_wise_rgb_event:161, wise_rgb: (56221)(cct, lux, ir)[6627.30, 201.68, 41.072609] (r, g, b, c)[8820.81, 6035.75, 3874.09, 17359.99]                 (pwm, hbm, brl, algo)[0.0 0.0 1361.0 2.0], flag 33361
04-11 12:51:01.327 14034 15313 D CommonApp-264-10512: transport layer data is invalid
04-11 12:51:01.328 14034 15313 D CommonApp-255-10512: commonScoreStrategy scenarios low package
04-11 12:51:01.328 14034 15313 D ScorePolicy: handleScoreChanged: []
04-11 12:51:01.329 14034 15313 D ScorePolicy: handleScoreChanged: []
04-11 12:51:01.329 14034 15313 D ScorePolicy: handleScoreChanged: []
04-11 12:51:01.341 14400 14803 D ProfileInstaller: Installing profile for com.binance.monitor
04-11 12:51:01.366  3590  8472 I OplusHansManager : uid=10515, pkg=com.mobilecodex.nativeapp F enter(), M stay=3
04-11 12:51:01.368  3590  8472 I OplusHansManager : freeze uid: 10515 com.mobilecodex.nativeapp pids: [21078] scene: LcdOn
04-11 12:51:01.368  3590  9766 I OStatsManager_OplusBatteryStatsManager: updateStateTime: PkgName = com.mobilecodex.nativeapp, uid = 10515, state to em, mForegroundCnt = 0, isFg = false
04-11 12:51:01.369  3590  8475 I OplusHansManager : p_BC uid=10515 pkg=com.mobilecodex.nativeapp
04-11 12:51:01.369  3590  8475 I OplusBinderProxy: proxyBinder uid: 10515 pkg: com.mobilecodex.nativeapp proxy: true calling: OFreezer
04-11 12:51:01.369  3590  8475 I LocationFreezeProc: will freezeLocationProcess for com.mobilecodex.nativeapp, 10515, true, false
04-11 12:51:01.369  3590  8475 I LocationFreezeProc: Executing freeze operation for com.mobilecodex.nativeapp, 10515, true, false
04-11 12:51:01.369  3590  8475 W LocationFreezeProc: Do nothing for the app is not record!
04-11 12:51:01.370  1905  8134 E         : destroyAllSocketForUid:10515
04-11 12:51:01.370  3590  8475 I OplusHansManager : p_gps: uid 10515 result false
04-11 12:51:01.370  3590  8475 D OplusHansManager : onUidHansStateChanged: uid = 10515, isFreeze = true, frozenStatus = 0
04-11 12:51:01.375  3590  8085 D OAppNetControlService: Hans update:[10515=true][0|0] blackList:[10310, 10500, 10515]
04-11 12:51:01.419  3590  3792 D SensorServiceExtImpl: notifyApplicationLaunchStage processName=com.binance.monitor, uid=10512, pid=14400, stage=0
04-11 12:51:01.430  3590  8479 I OplusCpuLimitManager: OplusCpuHighLoad: newLoadLevel=1, newMngLevel=1, (nl_load=1, nl_thermal=1, nl_scene=1), curMngLevel=1, CL=0, curWinCL=0, curShortWinCL= 0, latestCL=0, latestThermalLevel=2, expHlScene=false
04-11 12:51:01.432  2181  2506 I SDM     : DisplayBuiltIn::IdlePowerCollapse: IPC received, disabling partial update for one frame
04-11 12:51:01.433  3590  8280 I Osense-BaseDecisionMaker: notifySceneToAthenaPolicy: SCENE_IDLE_RECOVER, bundle: Bundle[{scene=SCENE_IDLE_RECOVER}]
04-11 12:51:01.434  3590  8280 I Osense-BaseDecisionMaker: scene: SCENE_IDLE_RECOVER, excutingPolicy: respreload
04-11 12:51:01.434  3590  8280 D Osense-BaseDecisionMaker: invoke process preload policy
04-11 12:51:01.434  3590  8280 I Osense-BaseDecisionMaker: scene: SCENE_IDLE_RECOVER, excutingPolicy: clear
04-11 12:51:01.434  3590  8280 D Osense-BaseDecisionMaker: invoke clear policy,type: unforbid
04-11 12:51:01.434  3590  8280 I OsenseKillAction: KillAction: skip reason: non-low-mem-req, req_id=57662, enable=true, scene=SCENE_IDLE_RECOVER, type=unforbid, cchOnly=false, appcare=0, bloM=false, bloP=false
04-11 12:51:01.472 14400 14459 D OplusScrollToTopManager: com.binance.monitor/com.binance.monitor.ui.account.AccountStatsBridgeActivity,This com.android.internal.policy.DecorView{5fd4467 V.E...... R....... 0,0-1264,2780 aid=1 alpha=1.0 viewInfo = }[AccountStatsBridgeActivity] change focus to true
04-11 12:51:01.513  2181  2506 I SDM     : DisplayBuiltIn::IdlePowerCollapse: IPC received, disabling partial update for one frame
04-11 12:51:01.518  2181  7371 E CwbService: Panel not support apl read or getDisplayPanelAplValue timeout 10ms.
04-11 12:51:01.518  2258  2258 D SensorFeature: name=ssc_screenshot_info ,index = 22
04-11 12:51:01.518  2258  2258 D SensorFeature: write 39 bytes:930276866926118,930276921101483,33362,0
04-11 12:51:01.520  2113 20704 I sensors-hal: handle_oplus_wise_rgb_event:189, high_pwm_light:lux 196.9,cct 6608.5,brl/algo/ir 1361.0/2.0/41.6,pwm/dc 0.0/0.0,rgbc 8693.729492/5958.759277/3836.563477/17159.509766,ts 930276885567484,cnt 56230,flag 98898
04-11 12:51:01.521  2113 17862 I sensors-hal: handle_oplus_wise_rgb_event:161, wise_rgb: (56226)(cct, lux, ir)[6608.48, 196.94, 41.568993] (r, g, b, c)[8681.27, 5930.16, 3823.32, 17084.91]                 (pwm, hbm, brl, algo)[0.0 0.0 1361.0 2.0], flag 33362
04-11 12:51:01.521  3590  7333 D FusionLightNextGen: process end reported = 1, mode: 0, cnt: 402175, lux 128.3, cct 7519.5, r/g/b/c: 8693.7/5958.8/3836.6/17159.5, R/G/B: 167.0/161.0/147.0, bri 1361.0, match 1.00, ir 0.048177, conf 5.0, ts 930276885567484
04-11 12:51:01.706 13843  6300 D gaia-GaiaConnectChecker: start connect check++
04-11 12:51:01.737  2727  3986 D QmiClient: qmiServiceEventCallback recv msg id 1099
04-11 12:51:01.737  2727  3986 D QmiClient: enter -mServiceType 4 onQmiServiceEventCallback msgId 1099
04-11 12:51:01.737  2727  3986 D QmiClient: onQmiServiceEventCallback - enter. msgId=1099
04-11 12:51:01.737  2727  3986 D QmiVsClientEvent: QosPeriodReportInd MSG IND data_len 2052
04-11 12:51:01.737  2727  3986 D QmiVsClientEvent: qmiVsClientNotifyQosPeriodReportIndEvent - RADIO_EVENT_QOS_PERIOD_REPORT_NOTIFY_IND
04-11 12:51:01.737  3438  3988 D QmiClient: qmiServiceEventCallback recv msg id 1099
04-11 12:51:01.737  3438  3988 D QmiClient: enter -mServiceType 4 onQmiServiceEventCallback msgId 1099
04-11 12:51:01.738  3438  3988 D QmiClient: onQmiServiceEventCallback - enter. msgId=1099
04-11 12:51:01.738  3438  3988 D QmiVsClientEvent: QosPeriodReportInd MSG IND data_len 2052
04-11 12:51:01.738  3438  3988 D QmiVsClientEvent: qmiVsClientNotifyQosPeriodReportIndEvent - RADIO_EVENT_QOS_PERIOD_REPORT_NOTIFY_IND
04-11 12:51:01.738  2727  2826 D VsProxy : handleMessage msg is 2420
04-11 12:51:01.738  2727  2826 D VsProxy : handleQosPeriodReportInd for instance 0 data_len 145
04-11 12:51:01.738  3438  3485 D VsProxy : handleMessage msg is 2420
04-11 12:51:01.738  3438  3485 D VsProxy : handleQosPeriodReportInd for instance 1 data_len 201
04-11 12:51:01.738 14034 14747 D SubsysRadioIndication[0]: radioQosPeriodReportInd result [8, -98, -114, -93, -49, 14, 34, 12, 8, -84, -69, -57, -50, 14, 16, 4, 24, 1, 32, 3, 58, 61, 8, -70, -115, -93, -49, 14, 16, 5, 24, -64, -92, 38, 32, -22, 6, 40, -97, -1, -1, -1, -1, -1, -1, -1, -1, 1, 48, -11, -1, -1, -1, -1, -1, -1, -1, -1, 1, 56, 4, 64, -101, -1, -1, -1, -1, -1, -1, -1, -1, 1, 72, -97, -1, -1, -1, -1, -1, -1, -1, -1, 1, 66, 29, 8, -57, -20, -92, -50, 14, 16, 5, 34, 19, 8, -64, -92, 38, 16, -22, 6, 24, 78, 32, 13, 40, -117, -32, -94, -93, 2, 48, 2, 90, 0, 98, 10, 8, -41, -26, -92, -50, 14, 16, 3, 24, 5, 122, 15, 8, -8, -24, -92, -50, 14, 16, -52, 2, 24, -21, 1, 32, -90, 9]
04-11 12:51:01.739 14034 14034 D NetworkService[0]: handleMessage what:1005
04-11 12:51:01.739 14034   947 D SubsysRadioIndication[1]: radioQosPeriodReportInd result [8, -98, -114, -93, -49, 14, 18, 15, 8, -91, -115, -93, -49, 14, 16, 1, 32, 53, 40, 1, 56, -90, 1, 26, 13, 8, -41, -116, -93, -49, 14, 16, 3, 40, 3, 56, -72, 1, 34, 12, 8, -84, -69, -57, -50, 14, 16, 4, 24, 1, 32, 3, 58, 83, 8, -41, -116, -93, -49, 14, 16, 5, 24, -98, -23, 30, 32, -54, 1, 40, -92, -1, -1, -1, -1, -1, -1, -1, -1, 1, 48, -12, -1, -1, -1, -1, -1, -1, -1, -1, 1, 56, 3, 64, -92, -1, -1, -1, -1, -1, -1, -1, -1, 1, 72, -93, -1, -1, -1, -1, -1, -1, -1, -1, 1, 80, -92, -1, -1, -1, -1, -1, -1, -1, -1, 1, 88, -93, -1, -1, -1, -1, -1, -1, -1, -1, 1, 66, 31, 8, -101, -22, -108, -49, 14, 16, 5, 24, 2, 34, 19, 8, -98, -23, 30, 16, -54, 1, 24, 41, 32, 13, 40, -126, -128, -52, -67, 21, 48, 2, 90, 0, 98, 10, 8, -85, -54, -73, -50, 14, 16, 3, 24, 5, 122, 15, 8, -28, -118, -93, -49, 14, 16, -43, 1, 24, -11, 1, 32, -32, 8]
04-11 12:51:01.739 14034 14034 D RadioAtomTracker: parseQosPeriodData ModemQos:CellularQosInfo2{5G, 627264/874, EndcState=0, Band=78, DLBW=13, Rsrp=-97, Rsrq=-11, Snr=4, SvcStatus=3, ULPDCPNumDataPdu=-1, ULPDCPNumDropPdu=-1, ULPDCPTput=-1, ULRLCNumDataPdu=-1, ULRLCNumRetxPdu=-1, ULGrant=-1, ULBSR=-1, ULBler=-1, DLPDCPNumDataPdu=-1, DLPDCPTput=-1, DLRLCNumDataPdu=-1, DLRLCNumRetxPdu=-1, DLRLCNumDropPdu=-1, DLMACPaddingBytes=-1, DLPdcpNumMissToUppPdu=-1, DLBler=-1, RlfCount=0, CellChangeCount=0, IsRedirectionOccur=0, IsDualSimConflict=0, Latency=0, Sub1RrcState=1, Sub2RrcState=3, RachCount=0, CalcPower=332, Mtpl=235, PathLoss=1190, CellLoad=0}
04-11 12:51:01.739 14034 14034 D NetworkService[0]: EVENT_REG_QOS_PERIOD_REPORT_IND_CHANGED ENTER
04-11 12:51:01.739 14034 14034 D NetworkService[1]: handleMessage what:1005
04-11 12:51:01.739 14034 14034 D RadioAtomTracker: parseQosPeriodData ModemQos:CellularQosInfo1{5G, 504990/202, EndcState=2, Band=41, DLBW=13, Rsrp=-92, Rsrq=-12, Snr=3, SvcStatus=3, ULPDCPNumDataPdu=1, ULPDCPNumDropPdu=0, ULPDCPTput=53, ULRLCNumDataPdu=1, ULRLCNumRetxPdu=0, ULGrant=166, ULBSR=0, ULBler=0, DLPDCPNumDataPdu=3, DLPDCPTput=184, DLRLCNumDataPdu=3, DLRLCNumRetxPdu=0, DLRLCNumDropPdu=0, DLMACPaddingBytes=0, DLPdcpNumMissToUppPdu=0, DLBler=0, RlfCount=0, CellChangeCount=0, IsRedirectionOccur=0, IsDualSimConflict=0, Latency=8, Sub1RrcState=1, Sub2RrcState=3, RachCount=0, CalcPower=213, Mtpl=245, PathLoss=1120, CellLoad=0}
04-11 12:51:01.739 14034 14034 D NetworkService[1]: EVENT_REG_QOS_PERIOD_REPORT_IND_CHANGED ENTER
04-11 12:51:01.739 14034 14034 D AtomModemKpiInfo: handleMessage what:1001
04-11 12:51:01.739 14034 14034 D AtomModemKpiInfo: analyseQosInfo success
04-11 12:51:01.771  2113 17862 I sensors-hal: handle_oplus_wise_rgb_event:161, wise_rgb: (56231)(cct, lux, ir)[6647.88, 197.61, 41.022167] (r, g, b, c)[8753.53, 5991.75, 3867.47, 17201.47]                 (pwm, hbm, brl, algo)[0.0 0.0 1361.0 2.0], flag 33362
04-11 12:51:01.795 14400 14579 I ChainTrace: stream type=syncEvent gapMs=960 refreshMarket=true
04-11 12:51:01.797 14400 14400 I ChainTrace: floating_update symbol=BTCUSDT closeTime=1775883059999 repoToFloatingUpdateMs=5031
04-11 12:51:01.808 14400 14400 I ChainTrace: floating_render symbol=BTCUSDT closeTime=1775883059999 updateToRenderMs=11 repoToFloatingRenderMs=5042 triggerToFloatingRenderMs=-1
04-11 12:51:01.813  3590  8619 V WindowManager: Relayout Window{1d2189f u0 com.binance.monitor}: viewVisibility=0, oldvis=0, req=315x429 , apr = 0, vsysui=, x=42, y=420
04-11 12:51:01.813 14400 14400 I SurfaceControl:  setExtendedRangeBrightness sc=Surface(name=)/@0x6e576a1,currentBufferRatio=1.0,desiredRatio=1.0
04-11 12:51:01.814  3590  8619 D InsetsSourceProvider: updateSourceFrameForServerVisibility mandatorySystemGestures EMPTY_RECT
04-11 12:51:01.815  3590  8619 D InsetsSourceProvider: updateSourceFrameForServerVisibility mandatorySystemGestures EMPTY_RECT
04-11 12:51:01.822  2258  2258 D SensorFeature: name=ssc_screenshot_info ,index = 22
04-11 12:51:01.823  2258  2258 D SensorFeature: write 39 bytes:930276866926118,930277236078201,33363,0
04-11 12:51:01.831  2280  2331 D BatteryChargeControl: bcc get no support from charging protocol
04-11 12:51:01.877  4482  4680 W ServiceManagerCppClient: Waited one second for SystemClearService (is service started? Number of threads started in the threadpool: 16. Are binder threads started and available?)
04-11 12:51:01.878  4482  4659 W ServiceManagerCppClient: Waited one second for SystemClearService (is service started? Number of threads started in the threadpool: 16. Are binder threads started and available?)
04-11 12:51:01.880  1254 14809 W libc    : Unable to set property "ctl.interface_start" to "aidl/SystemClearService": PROP_ERROR_HANDLE_CONTROL_MESSAGE (0x20)
04-11 12:51:01.880  1254 14811 W libc    : Unable to set property "ctl.interface_start" to "aidl/SystemClearService": PROP_ERROR_HANDLE_CONTROL_MESSAGE (0x20)
04-11 12:51:01.909  2181  2506 I SDM     : DisplayBuiltIn::IdlePowerCollapse: IPC received, disabling partial update for one frame
04-11 12:51:01.929  2113 17888 I sensors-hal: handle_sns_std_sensor_event:114, oplus rgb_rear sample: (cct, lux, ir, x, y)[9303, 29, 258, 266, 333]
04-11 12:51:01.929  2113 17888 I sensors-hal: handle_sns_std_sensor_event:116, oplus rgb_rear sample: (r, g, b, c w)[1179, 2351, 460, 607, 0]
04-11 12:51:01.931  3590  9788 I AICCTModule: SensorFilter: brightness threshold 1.2 screenNit is 95.362 ave enviroment lux is 128.37958 luxForNit 90.23032demarcationPoint200.0 result is false
04-11 12:51:01.931  3590  9788 I AICCTModule: SensorFilter: findSecondNearestValue, sensorValue: 7425.996 nearestMaxValue:7449.7114 secondNearestValue: 7449.7114
04-11 12:51:01.931  3590  9788 I AICCTModule: SensorFilter: findSecondNearestValue, sensorValue: 133.48793 nearestMaxValue:133.90097 secondNearestValue: 134.2737
04-11 12:51:02.022  3438  4039 D QmiClient: qmiServiceEventCallback recv msg id 47
04-11 12:51:02.022  3438  4039 D QmiClient: enter -mServiceType 10 onQmiServiceEventCallback msgId 47
04-11 12:51:02.022  3438  4039 D QmiClient: onQmiServiceEventCallback - enter. msgId=47
04-11 12:51:02.022  3438  3488 D OttProxy: handleMessage msg is 3001
04-11 12:51:02.023 14034   947 D SubsysRadioIndication[1]: radioLinkLatencyInfoInd
04-11 12:51:02.023 14034   947 D SubsysRadioIndication[1]: notify enter
04-11 12:51:02.023 14034 14034 D NetworkService[1]: handleMessage what:1008
04-11 12:51:02.023 14034 14034 D NetworkService[1]: EVENT_REG_LINK_LATENCY_INFO_CHANGE ulLatency:9766
04-11 12:51:02.034  2113 20704 I sensors-hal: handle_oplus_wise_rgb_event:189, high_pwm_light:lux 201.8,cct 6619.8,brl/algo/ir 1361.0/2.0/42.1,pwm/dc 0.0/0.0,rgbc 8992.740234/6132.528809/3951.351074/17625.736328,ts 930277230385922,cnt 56240,flag 98899
04-11 12:51:02.035  2113 17862 I sensors-hal: handle_oplus_wise_rgb_event:161, wise_rgb: (56236)(cct, lux, ir)[6619.83, 201.79, 42.125782] (r, g, b, c)[8987.76, 6141.33, 3969.01, 17614.08]                 (pwm, hbm, brl, algo)[0.0 0.0 1361.0 2.0], flag 33363
04-11 12:51:02.157  2181  2506 I SDM     : DisplayBuiltIn::IdlePowerCollapse: IPC received, disabling partial update for one frame
04-11 12:51:02.163  2181 26958 E CwbService: Panel not support apl read or getDisplayPanelAplValue timeout 10ms.
04-11 12:51:02.163  2258  2258 D SensorFeature: name=ssc_screenshot_info ,index = 22
04-11 12:51:02.163  2258  2258 D SensorFeature: write 39 bytes:930277510927732,930277565315962,33364,0
04-11 12:51:02.265 13839 14712 I SmartDataSwitchStateManager: handle message:7
04-11 12:51:02.266 13839 14712 I SmartDataSwitchSM: [DisableState]Handle msg: 2
04-11 12:51:02.266 13839 14712 I SmartDataSwitchSM: [DisableState]handle state change, reason:DataScoreLow
04-11 12:51:02.283  8337  9773 V OsAgent : broadcastSystemEvent - 7
04-11 12:51:02.302  2113 17862 I sensors-hal: handle_oplus_wise_rgb_event:161, wise_rgb: (56241)(cct, lux, ir)[6594.39, 202.25, 41.592960] (r, g, b, c)[8952.87, 6123.73, 3951.35, 17588.44]                 (pwm, hbm, brl, algo)[0.0 0.0 1361.0 2.0], flag 33364
04-11 12:51:02.350 14034 15313 D CommonApp-264-10512: transport layer data is invalid
04-11 12:51:02.351 14034 15313 D CommonApp-255-10512: commonScoreStrategy scenarios low package
04-11 12:51:02.352 14034 15313 D ScorePolicy: handleScoreChanged: []
04-11 12:51:02.352 14034 15313 D ScorePolicy: handleScoreChanged: []
04-11 12:51:02.352 14034 15313 D ScorePolicy: handleScoreChanged: []
04-11 12:51:02.371 16527 16543 D IHansComunication: HANS sendMessageToKernel: threadId = 511992380480, netLinkSetup = 1, type = FROZEN_TRANS, targetUid = 10515, pkgCmd = PKG_CMD_MAX
04-11 12:51:02.435  2181  2506 I SDM     : DisplayBuiltIn::IdlePowerCollapse: IPC received, disabling partial update for one frame
04-11 12:51:02.513  2181  2506 I SDM     : DisplayBuiltIn::IdlePowerCollapse: IPC received, disabling partial update for one frame
04-11 12:51:02.517  2181  2532 E CwbService: Panel not support apl read or getDisplayPanelAplValue timeout 10ms.
04-11 12:51:02.518  2258  2258 D SensorFeature: name=ssc_screenshot_info ,index = 22
04-11 12:51:02.518  2258  2258 D SensorFeature: write 39 bytes:930277866433566,930277920497316,33365,0
04-11 12:51:02.567  2113 20704 I sensors-hal: handle_oplus_wise_rgb_event:189, high_pwm_light:lux 202.6,cct 6605.6,brl/algo/ir 1361.0/2.0/41.8,pwm/dc 0.0/0.0,rgbc 8990.249023/6132.528809/3949.143555/17670.031250,ts 930277907631651,cnt 56250,flag 98901
04-11 12:51:02.568  2113 17862 I sensors-hal: handle_oplus_wise_rgb_event:161, wise_rgb: (56246)(cct, lux, ir)[6605.56, 202.63, 41.809666] (r, g, b, c)[8985.27, 6125.93, 3960.18, 17663.04]                 (pwm, hbm, brl, algo)[0.0 0.0 1361.0 2.0], flag 33365
04-11 12:51:02.668  3590  7344 V AlarmManager: sending alarm Alarm{1691788 type 1 origWhen 1775883062668 whenElapsed 930278082 android} uid 1000 whenElapsed 930278082 windowLength 0 maxWhenElapsed 930278082 repeatInterval 0 action null component null tag StorgaeBandInfoAlarmTag flags 0x9 procName system_server
04-11 12:51:02.669  3590 10338 E OplusStorageUFSBandwidth: storage_io_metrics_path is /proc/oplus_storage/io_metrics/forever/
04-11 12:51:02.670  3590 10338 E OplusStorageUFSBandwidth: Bandwidth - Read: 0.00 MB/s, Write: 0.00 MB/s
04-11 12:51:02.670  3590 10338 E OplusStorageUFSBandwidth: Task time: 1ms
04-11 12:51:02.672  3590 10338 E OplusStorageUFSBandwidth: Alarm set to trigger in 10 seconds
04-11 12:51:02.738  3438  3988 D QmiClient: qmiServiceEventCallback recv msg id 1099
04-11 12:51:02.738  3438  3988 D QmiClient: enter -mServiceType 4 onQmiServiceEventCallback msgId 1099
04-11 12:51:02.738  3438  3988 D QmiClient: onQmiServiceEventCallback - enter. msgId=1099
04-11 12:51:02.738  3438  3988 D QmiVsClientEvent: QosPeriodReportInd MSG IND data_len 2052
04-11 12:51:02.738  3438  3988 D QmiVsClientEvent: qmiVsClientNotifyQosPeriodReportIndEvent - RADIO_EVENT_QOS_PERIOD_REPORT_NOTIFY_IND
04-11 12:51:02.738  3438  3485 D VsProxy : handleMessage msg is 2420
04-11 12:51:02.738  3438  3485 D VsProxy : handleQosPeriodReportInd for instance 1 data_len 201
04-11 12:51:02.738  2727  3986 D QmiClient: qmiServiceEventCallback recv msg id 1099
04-11 12:51:02.738  2727  3986 D QmiClient: enter -mServiceType 4 onQmiServiceEventCallback msgId 1099
04-11 12:51:02.738  2727  3986 D QmiClient: onQmiServiceEventCallback - enter. msgId=1099
04-11 12:51:02.738  2727  3986 D QmiVsClientEvent: QosPeriodReportInd MSG IND data_len 2052
04-11 12:51:02.738  2727  3986 D QmiVsClientEvent: qmiVsClientNotifyQosPeriodReportIndEvent - RADIO_EVENT_QOS_PERIOD_REPORT_NOTIFY_IND
04-11 12:51:02.738  2727  2826 D VsProxy : handleMessage msg is 2420
04-11 12:51:02.738  2727  2826 D VsProxy : handleQosPeriodReportInd for instance 0 data_len 145
04-11 12:51:02.739 14034   947 D SubsysRadioIndication[1]: radioQosPeriodReportInd result [8, -121, -106, -93, -49, 14, 18, 15, 8, -36, -107, -93, -49, 14, 16, 5, 32, -119, 2, 40, 5, 72, 1, 26, 13, 8, -109, -108, -93, -49, 14, 16, 6, 40, 6, 56, -4, 3, 34, 12, 8, -84, -69, -57, -50, 14, 16, 4, 24, 1, 32, 3, 58, 83, 8, -65, -108, -93, -49, 14, 16, 5, 24, -98, -23, 30, 32, -54, 1, 40, -92, -1, -1, -1, -1, -1, -1, -1, -1, 1, 48, -11, -1, -1, -1, -1, -1, -1, -1, -1, 1, 56, 4, 64, -92, -1, -1, -1, -1, -1, -1, -1, -1, 1, 72, -94, -1, -1, -1, -1, -1, -1, -1, -1, 1, 80, -92, -1, -1, -1, -1, -1, -1, -1, -1, 1, 88, -94, -1, -1, -1, -1, -1, -1, -1, -1, 1, 66, 31, 8, -101, -22, -108, -49, 14, 16, 5, 24, 2, 34, 19, 8, -98, -23, 30, 16, -54, 1, 24, 41, 32, 13, 40, -126, -128, -52, -67, 21, 48, 2, 90, 0, 98, 10, 8, -85, -54, -73, -50, 14, 16, 3, 24, 5, 122, 15, 8, -85, -107, -93, -49, 14, 16, -33, 1, 24, -11, 1, 32, -32, 8]
04-11 12:51:02.739 14034 14747 D SubsysRadioIndication[0]: radioQosPeriodReportInd result [8, -121, -106, -93, -49, 14, 34, 12, 8, -84, -69, -57, -50, 14, 16, 4, 24, 1, 32, 3, 58, 61, 8, -70, -115, -93, -49, 14, 16, 5, 24, -64, -92, 38, 32, -22, 6, 40, -97, -1, -1, -1, -1, -1, -1, -1, -1, 1, 48, -11, -1, -1, -1, -1, -1, -1, -1, -1, 1, 56, 4, 64, -101, -1, -1, -1, -1, -1, -1, -1, -1, 1, 72, -97, -1, -1, -1, -1, -1, -1, -1, -1, 1, 66, 29, 8, -57, -20, -92, -50, 14, 16, 5, 34, 19, 8, -64, -92, 38, 16, -22, 6, 24, 78, 32, 13, 40, -117, -32, -94, -93, 2, 48, 2, 90, 0, 98, 10, 8, -41, -26, -92, -50, 14, 16, 3, 24, 5, 122, 15, 8, -8, -24, -92, -50, 14, 16, -52, 2, 24, -21, 1, 32, -90, 9]
04-11 12:51:02.739 14034 14034 D NetworkService[1]: handleMessage what:1005
04-11 12:51:02.739 14034 14034 D RadioAtomTracker: parseQosPeriodData ModemQos:CellularQosInfo1{5G, 504990/202, EndcState=2, Band=41, DLBW=13, Rsrp=-92, Rsrq=-11, Snr=4, SvcStatus=3, ULPDCPNumDataPdu=5, ULPDCPNumDropPdu=0, ULPDCPTput=265, ULRLCNumDataPdu=5, ULRLCNumRetxPdu=0, ULGrant=0, ULBSR=0, ULBler=1, DLPDCPNumDataPdu=6, DLPDCPTput=508, DLRLCNumDataPdu=6, DLRLCNumRetxPdu=0, DLRLCNumDropPdu=0, DLMACPaddingBytes=0, DLPdcpNumMissToUppPdu=0, DLBler=0, RlfCount=0, CellChangeCount=0, IsRedirectionOccur=0, IsDualSimConflict=0, Latency=9, Sub1RrcState=1, Sub2RrcState=3, RachCount=0, CalcPower=223, Mtpl=245, PathLoss=1120, CellLoad=0}
04-11 12:51:02.739 14034 14034 D NetworkService[1]: EVENT_REG_QOS_PERIOD_REPORT_IND_CHANGED ENTER
04-11 12:51:02.739 14034 14034 D NetworkService[0]: handleMessage what:1005
04-11 12:51:02.739 14034 14034 D RadioAtomTracker: parseQosPeriodData ModemQos:CellularQosInfo2{5G, 627264/874, EndcState=0, Band=78, DLBW=13, Rsrp=-97, Rsrq=-11, Snr=4, SvcStatus=3, ULPDCPNumDataPdu=-1, ULPDCPNumDropPdu=-1, ULPDCPTput=-1, ULRLCNumDataPdu=-1, ULRLCNumRetxPdu=-1, ULGrant=-1, ULBSR=-1, ULBler=-1, DLPDCPNumDataPdu=-1, DLPDCPTput=-1, DLRLCNumDataPdu=-1, DLRLCNumRetxPdu=-1, DLRLCNumDropPdu=-1, DLMACPaddingBytes=-1, DLPdcpNumMissToUppPdu=-1, DLBler=-1, RlfCount=0, CellChangeCount=0, IsRedirectionOccur=0, IsDualSimConflict=0, Latency=0, Sub1RrcState=1, Sub2RrcState=3, RachCount=0, CalcPower=332, Mtpl=235, PathLoss=1190, CellLoad=0}
04-11 12:51:02.739 14034 14034 D NetworkService[0]: EVENT_REG_QOS_PERIOD_REPORT_IND_CHANGED ENTER
04-11 12:51:02.739 14034 14034 D AtomModemKpiInfo: handleMessage what:1001
04-11 12:51:02.739 14034 14034 D AtomModemKpiInfo: analyseQosInfo success
04-11 12:51:02.754 14400 14579 I ChainTrace: stream type=heartbeat gapMs=959 refreshMarket=false
04-11 12:51:02.769  2181  2506 I SDM     : DisplayBuiltIn::IdlePowerCollapse: IPC received, disabling partial update for one frame
04-11 12:51:02.823  2258  2258 D SensorFeature: name=ssc_screenshot_info ,index = 22
04-11 12:51:02.823  2258  2258 D SensorFeature: write 39 bytes:930277866433566,930278235119503,33366,0
04-11 12:51:02.831  2280  2331 D BatteryChargeControl: bcc get no support from charging protocol
04-11 12:51:02.835  2113 17862 I sensors-hal: handle_oplus_wise_rgb_event:161, wise_rgb: (56251)(cct, lux, ir)[6617.83, 202.99, 41.436752] (r, g, b, c)[9000.22, 6136.93, 3969.01, 17670.03]                 (pwm, hbm, brl, algo)[0.0 0.0 1361.0 2.0], flag 33366
04-11 12:51:02.835  3590  7333 D FusionLightNextGen: process end reported = 1, mode: 0, cnt: 402180, lux 133.2, cct 7437.8, r/g/b/c: 8980.3/6130.3/3958.0/17656.0, R/G/B: 167.0/161.0/147.0, bri 1361.0, match 1.00, ir 0.049577, conf 5.0, ts 930278218377224
04-11 12:51:02.880  4482  4659 W ServiceManagerCppClient: Waited one second for SystemClearService (is service started? Number of threads started in the threadpool: 16. Are binder threads started and available?)
04-11 12:51:02.881  4482  4680 W ServiceManagerCppClient: Waited one second for SystemClearService (is service started? Number of threads started in the threadpool: 16. Are binder threads started and available?)
04-11 12:51:02.883  1254 14820 W libc    : Unable to set property "ctl.interface_start" to "aidl/SystemClearService": PROP_ERROR_HANDLE_CONTROL_MESSAGE (0x20)
04-11 12:51:02.884  1254 14825 W libc    : Unable to set property "ctl.interface_start" to "aidl/SystemClearService": PROP_ERROR_HANDLE_CONTROL_MESSAGE (0x20)
04-11 12:51:02.894  3590  7894 E WifiScoringParams: Invalid frequency(-1), using 5G as default rssi array
04-11 12:51:02.896  3590  7899 E OplusWifiLimitScanForApp: PackageName is null
04-11 12:51:02.898 14034 14034 D VendorWifiService: onEvent event:0,action:1
04-11 12:51:02.903  2013  2036 I statsd  : An anomaly (103940000001) (39)0x2018001->1010[I] (39)0x20000->1[I]  has occurred! Informing subscribers.
04-11 12:51:02.904  3590  8619 D NotificationService--OplusNotificationFixHelper: fixAppIcon: pkg=com.v2ray.ang
04-11 12:51:02.904  3590  8619 D NotificationService--OplusNotificationFixHelper: fixAppIcon: appIcon = null, pkg = com.v2ray.ang
04-11 12:51:02.904  3590  8619 D NotificationService--NotificationRecord: isSupportRearLight , isRearLight = false mLedRM = false isMultilLed = false
04-11 12:51:02.905  3590  8619 I OplusStatusBarManagerServiceEnhance:  getTopIsFullscreen mTopIsFullscreen: false
04-11 12:51:02.905  3590  8619 W ActivityManager: Permission Denial: getTopApplicationInfo from pid=18198, uid=10397 requires oplus.permission.OPLUS_COMPONENT_SAFE
04-11 12:51:02.905  3590  8619 E OplusNotificationCenter: getForegroundApplication exception
04-11 12:51:02.906  3590  3590 D NotificationService--OplusNotificationManagerServiceExtImpl: isForwardToAssistants: true, case : Is local notification
04-11 12:51:02.906  3590  3590 D NotificationService: This application enqueue notifications is need postDelayed mcsAssistantDelayTime: 50
04-11 12:51:02.964  8338  8338 I SystemUi--Notification: OplusLiveAlertNotificationsRepository-->onRankingApplied
04-11 12:51:02.975  8338  8338 I PluginSeedling--Track: RequestHandler-->notificationUpdated 0|com.v2ray.ang|1|null|10397 postTime: 1775883062904
04-11 12:51:02.976  8338  8338 E LockScreenNotificationDispatcherImp: updateNotificationListOnKg size:0
04-11 12:51:02.980  8338  8338 W SystemUi--Notification: OplusNotificationGroupExtImpl-->setChildrenExpanded: groupHeader is null
04-11 12:51:02.980  8338  8338 I SystemUi--Notification: LockScreenNotificationDispatcherImp-->updateNotificationListOnKg resultCode: 0
04-11 12:51:03.007  8338  8706 D LocalImageResolver: Couldn't use ImageDecoder for drawable, falling back to non-resized load.
04-11 12:51:03.009  8338  8338 D OplusNotificationDateTimeView: setTime mSettingTimeMillis 1775883062901, mSettingLocalDateTime 2026-04-11T12:51:00.901
04-11 12:51:03.017  8338  8706 D LocalImageResolver: Couldn't use ImageDecoder for drawable, falling back to non-resized load.
04-11 12:51:03.019  8338  8338 D OplusNotificationDateTimeView: setTime mSettingTimeMillis 1775883062901, mSettingLocalDateTime 2026-04-11T12:51:00.901
04-11 12:51:03.022  3289  3289 I OplusTouchDaemon: ts_run_service: shellback temperature updated 29 (29225)
04-11 12:51:03.024  8338  8706 D LocalImageResolver: Couldn't use ImageDecoder for drawable, falling back to non-resized load.
04-11 12:51:03.025  8338  8338 D OplusNotificationDateTimeView: setTime mSettingTimeMillis 1775883062901, mSettingLocalDateTime 2026-04-11T12:51:00.901
04-11 12:51:03.031  8338  8338 I SystemUi--Notification: OplusNotificationTempla-->resolveContentMargin: marginTop=112 isChildInGroup=false hasSubtitle=true params.topMargin=112
04-11 12:51:03.034  8338  8338 W SystemUi--Notification: OplusNotificationGroupExtImpl-->setChildrenExpanded: groupHeader is null
04-11 12:51:03.035  8338  8338 E LockScreenNotificationDispatcherImp: updateNotificationListOnKg size:0
04-11 12:51:03.039  8338  8338 W SystemUi--Notification: OplusNotificationGroupExtImpl-->setChildrenExpanded: groupHeader is null
04-11 12:51:03.039  8338  8338 I SystemUi--Notification: LockScreenNotificationDispatcherImp-->updateNotificationListOnKg resultCode: 0
04-11 12:51:03.051  3438  4039 D QmiClient: qmiServiceEventCallback recv msg id 47
04-11 12:51:03.051  3438  4039 D QmiClient: enter -mServiceType 10 onQmiServiceEventCallback msgId 47
04-11 12:51:03.052  3438  4039 D QmiClient: onQmiServiceEventCallback - enter. msgId=47
04-11 12:51:03.052  3438  3488 D OttProxy: handleMessage msg is 3001
04-11 12:51:03.052 14034 14747 D SubsysRadioIndication[1]: radioLinkLatencyInfoInd
04-11 12:51:03.052 14034 14747 D SubsysRadioIndication[1]: notify enter
04-11 12:51:03.053 14034 14034 D NetworkService[1]: handleMessage what:1008
04-11 12:51:03.053 14034 14034 D NetworkService[1]: EVENT_REG_LINK_LATENCY_INFO_CHANGE ulLatency:12640
04-11 12:51:03.125  2258  2258 D SensorFeature: name=ssc_screenshot_info ,index = 22
04-11 12:51:03.126  2258  2258 D SensorFeature: write 39 bytes:930277866433566,930278538593201,33367,0
04-11 12:51:03.127  3590  9788 I AICCTModule: SensorFilter: brightness threshold 1.2 screenNit is 95.362 ave enviroment lux is 133.19984 luxForNit 90.655304demarcationPoint200.0 result is false
04-11 12:51:03.127  3590  9788 I AICCTModule: SensorFilter: findSecondNearestValue, sensorValue: 7449.7114 nearestMaxValue:7437.7817 secondNearestValue: 7437.7817
04-11 12:51:03.127  3590  9788 I AICCTModule: SensorFilter: findSecondNearestValue, sensorValue: 134.2737 nearestMaxValue:133.63036 secondNearestValue: 133.63036
04-11 12:51:03.128  2113 20704 I sensors-hal: handle_oplus_wise_rgb_event:189, high_pwm_light:lux 202.9,cct 6616.0,brl/algo/ir 1361.0/2.0/41.6,pwm/dc 0.0/0.0,rgbc 8987.756836/6132.528809/3955.766357/17646.716797,ts 930278485153317,cnt 56260,flag 98903
04-11 12:51:03.129  2113 17862 I sensors-hal: handle_oplus_wise_rgb_event:161, wise_rgb: (56256)(cct, lux, ir)[6615.99, 202.92, 41.567902] (r, g, b, c)[9002.71, 6136.93, 3957.97, 17660.71]                 (pwm, hbm, brl, algo)[0.0 0.0 1361.0 2.0], flag 33367
04-11 12:51:03.191 17904 17935 I APS_ALOG: flushRoutine g_immediateFlush=0 g_pendingCount=0 g_oobCount=0
04-11 12:51:03.297  2181  2506 I SDM     : DisplayBuiltIn::IdlePowerCollapse: IPC received, disabling partial update for one frame
04-11 12:51:03.368  2113 17862 I sensors-hal: handle_oplus_wise_rgb_event:161, wise_rgb: (56261)(cct, lux, ir)[6637.21, 203.47, 40.551098] (r, g, b, c)[9015.17, 6154.52, 3971.22, 17705.00]                 (pwm, hbm, brl, algo)[0.0 0.0 1361.0 2.0], flag 33367
04-11 12:51:03.374 14034 15313 D CommonApp-264-10512: transport layer data is invalid
04-11 12:51:03.375 14034 15313 D CommonApp-255-10512: commonScoreStrategy scenarios low package
04-11 12:51:03.376 14034 15313 D ScorePolicy: handleScoreChanged: []
04-11 12:51:03.376 14034 15313 D ScorePolicy: handleScoreChanged: []
04-11 12:51:03.376 14034 15313 D ScorePolicy: handleScoreChanged: []
04-11 12:51:03.394  8406  8406 D OplusTelephonyController: onSignalStrengthChanged: SignalStrength=SignalStrength:{mCdma=CellSignalStrengthCdma: cdmaDbm=2147483647 cdmaEcio=2147483647 evdoDbm=2147483647 evdoEcio=2147483647 evdoSnr=2147483647 level=0,mGsm=CellSignalStrengthGsm: rssi=2147483647 ber=2147483647 mTa=2147483647 mLevel=0,mWcdma=CellSignalStrengthWcdma: ss=2147483647 ber=2147483647 rscp=2147483647 ecno=2147483647 level=0,mTdscdma=CellSignalStrengthTdscdma: rssi=2147483647 ber=2147483647 rscp=2147483647 level=0,mLte=CellSignalStrengthLte: rssi=2147483647 rsrp=2147483647 rsrq=2147483647 rssnr=2147483647 cqiTableIndex=2147483647 cqi=2147483647 ta=2147483647 level=0 parametersUseForLevel=0,mNr=CellSignalStrengthNr:{ csiRsrp = 2147483647 csiRsrq = 2147483647 csiCqiTableIndex = 2147483647 csiCqiReport = [] ssRsrp = -98 ssRsrq = -12 ssSinr = 8 level = 4 parametersUseForLevel = 0 timingAdvance = 2147483647 },primary=CellSignalStrengthNr}
04-11 12:51:03.394  8338  8520 I SystemUi--Statusbar: MobileConnectionRepositoryImpl-->subId:2 isSoftSimCard:false slotId:0
04-11 12:51:03.395 14034 14034 D SubsysEventListenerManager-SubsysTelephonyCallback[0]: onSignalStrengthsChanged
04-11 12:51:03.445  2181  2506 I SDM     : DisplayBuiltIn::IdlePowerCollapse: IPC received, disabling partial update for one frame
04-11 12:51:03.525  2181  2506 I SDM     : DisplayBuiltIn::IdlePowerCollapse: IPC received, disabling partial update for one frame
04-11 12:51:03.595  2187  2298 E PERFHAL-PERFCTRL: PERFHAL-PERFCTRL: chk_core_online_poll_loop() 748: poll() has timed out for /sys/kernel/msm_performance/events/cpu_hotplug
04-11 12:51:03.595  2187  2298 E PERFHAL-PERFCTRL: PERFHAL-PERFCTRL: chk_core_online_poll_loop() 743: Block on poll()
04-11 12:51:03.605  2181  2506 I SDM     : DisplayBuiltIn::IdlePowerCollapse: IPC received, disabling partial update for one frame
04-11 12:51:03.606  2181  2532 E CwbService: Panel not support apl read or getDisplayPanelAplValue timeout 10ms.
04-11 12:51:03.607  2258  2258 D SensorFeature: name=ssc_screenshot_info ,index = 22
04-11 12:51:03.607  2258  2258 D SensorFeature: write 39 bytes:930278955271534,930279009465753,33368,0
04-11 12:51:03.634  2113 20704 I sensors-hal: handle_oplus_wise_rgb_event:189, high_pwm_light:lux 200.0,cct 6617.8,brl/algo/ir 1361.0/2.0/41.4,pwm/dc 0.0/0.0,rgbc 8950.380859/6099.534180/3935.898926/17534.824219,ts 930278996074463,cnt 56270,flag 98904
04-11 12:51:03.634  2113 17862 I sensors-hal: handle_oplus_wise_rgb_event:161, wise_rgb: (56266)(cct, lux, ir)[6617.78, 200.04, 41.381538] (r, g, b, c)[8910.51, 6073.14, 3902.79, 17455.56]                 (pwm, hbm, brl, algo)[0.0 0.0 1361.0 2.0], flag 33368
04-11 12:51:03.719 14400 14579 I ChainTrace: stream type=syncEvent gapMs=965 refreshMarket=true
04-11 12:51:03.719 14400 14579 I ChainTrace: market_apply symbol=BTCUSDT closeTime=1775883119999 fetchMs=-1 triggerToApplyMs=-1
04-11 12:51:03.720 14400 14579 I ChainTrace: repo_kline symbol=BTCUSDT closeTime=1775883119999 applyToRepoMs=1
04-11 12:51:03.737  3590  8442 V WindowManager: Relayout Window{1d2189f u0 com.binance.monitor}: viewVisibility=0, oldvis=0, req=315x429 , apr = 0, vsysui=, x=42, y=420
04-11 12:51:03.737 14400 14400 I SurfaceControl:  setExtendedRangeBrightness sc=Surface(name=)/@0x6e576a1,currentBufferRatio=1.0,desiredRatio=1.0
04-11 12:51:03.737  3590  8442 D InsetsSourceProvider: updateSourceFrameForServerVisibility mandatorySystemGestures EMPTY_RECT
04-11 12:51:03.738  2727  3986 D QmiClient: qmiServiceEventCallback recv msg id 1099
04-11 12:51:03.738  2727  3986 D QmiClient: enter -mServiceType 4 onQmiServiceEventCallback msgId 1099
04-11 12:51:03.738  2727  3986 D QmiClient: onQmiServiceEventCallback - enter. msgId=1099
04-11 12:51:03.738  2727  3986 D QmiVsClientEvent: QosPeriodReportInd MSG IND data_len 2052
04-11 12:51:03.738  2727  3986 D QmiVsClientEvent: qmiVsClientNotifyQosPeriodReportIndEvent - RADIO_EVENT_QOS_PERIOD_REPORT_NOTIFY_IND
04-11 12:51:03.738  3438  3988 D QmiClient: qmiServiceEventCallback recv msg id 1099
04-11 12:51:03.738  3438  3988 D QmiClient: enter -mServiceType 4 onQmiServiceEventCallback msgId 1099
04-11 12:51:03.738  3438  3988 D QmiClient: onQmiServiceEventCallback - enter. msgId=1099
04-11 12:51:03.738  3438  3988 D QmiVsClientEvent: QosPeriodReportInd MSG IND data_len 2052
04-11 12:51:03.738  3438  3988 D QmiVsClientEvent: qmiVsClientNotifyQosPeriodReportIndEvent - RADIO_EVENT_QOS_PERIOD_REPORT_NOTIFY_IND
04-11 12:51:03.738  2727  2826 D VsProxy : handleMessage msg is 2420
04-11 12:51:03.738  2727  2826 D VsProxy : handleQosPeriodReportInd for instance 0 data_len 145
04-11 12:51:03.738  3590  8442 D InsetsSourceProvider: updateSourceFrameForServerVisibility mandatorySystemGestures EMPTY_RECT
04-11 12:51:03.741 14034 14747 D SubsysRadioIndication[0]: radioQosPeriodReportInd result [8, -17, -99, -93, -49, 14, 34, 12, 8, -84, -69, -57, -50, 14, 16, 4, 24, 1, 32, 3, 58, 61, 8, -70, -115, -93, -49, 14, 16, 5, 24, -64, -92, 38, 32, -22, 6, 40, -97, -1, -1, -1, -1, -1, -1, -1, -1, 1, 48, -11, -1, -1, -1, -1, -1, -1, -1, -1, 1, 56, 4, 64, -101, -1, -1, -1, -1, -1, -1, -1, -1, 1, 72, -97, -1, -1, -1, -1, -1, -1, -1, -1, 1, 66, 29, 8, -57, -20, -92, -50, 14, 16, 5, 34, 19, 8, -64, -92, 38, 16, -22, 6, 24, 78, 32, 13, 40, -117, -32, -94, -93, 2, 48, 2, 90, 0, 98, 10, 8, -41, -26, -92, -50, 14, 16, 3, 24, 5, 122, 15, 8, -8, -24, -92, -50, 14, 16, -52, 2, 24, -21, 1, 32, -90, 9]
04-11 12:51:03.741  3438  3485 D VsProxy : handleMessage msg is 2420
04-11 12:51:03.741  3438  3485 D VsProxy : handleQosPeriodReportInd for instance 1 data_len 207
04-11 12:51:03.741 14034 14034 D NetworkService[0]: handleMessage what:1005
04-11 12:51:03.741 14034 14034 D RadioAtomTracker: parseQosPeriodData ModemQos:CellularQosInfo2{5G, 627264/874, EndcState=0, Band=78, DLBW=13, Rsrp=-97, Rsrq=-11, Snr=4, SvcStatus=3, ULPDCPNumDataPdu=-1, ULPDCPNumDropPdu=-1, ULPDCPTput=-1, ULRLCNumDataPdu=-1, ULRLCNumRetxPdu=-1, ULGrant=-1, ULBSR=-1, ULBler=-1, DLPDCPNumDataPdu=-1, DLPDCPTput=-1, DLRLCNumDataPdu=-1, DLRLCNumRetxPdu=-1, DLRLCNumDropPdu=-1, DLMACPaddingBytes=-1, DLPdcpNumMissToUppPdu=-1, DLBler=-1, RlfCount=0, CellChangeCount=0, IsRedirectionOccur=0, IsDualSimConflict=0, Latency=0, Sub1RrcState=1, Sub2RrcState=3, RachCount=0, CalcPower=332, Mtpl=235, PathLoss=1190, CellLoad=0}
04-11 12:51:03.741 14034 14747 D SubsysRadioIndication[1]: radioQosPeriodReportInd result [8, -16, -99, -93, -49, 14, 18, 17, 8, -59, -99, -93, -49, 14, 16, 2, 32, 94, 40, 2, 56, -92, 1, 72, 1, 26, 12, 8, -5, -101, -93, -49, 14, 16, 1, 40, 1, 56, 92, 34, 12, 8, -84, -69, -57, -50, 14, 16, 4, 24, 1, 32, 3, 58, 83, 8, -115, -99, -93, -49, 14, 16, 5, 24, -98, -23, 30, 32, -54, 1, 40, -92, -1, -1, -1, -1, -1, -1, -1, -1, 1, 48, -12, -1, -1, -1, -1, -1, -1, -1, -1, 1, 56, 2, 64, -92, -1, -1, -1, -1, -1, -1, -1, -1, 1, 72, -94, -1, -1, -1, -1, -1, -1, -1, -1, 1, 80, -92, -1, -1, -1, -1, -1, -1, -1, -1, 1, 88, -94, -1, -1, -1, -1, -1, -1, -1, -1, 1, 66, 31, 8, -101, -22, -108, -49, 14, 16, 5, 24, 2, 34, 19, 8, -98, -23, 30, 16, -54, 1, 24, 41, 32, 13, 40, -126, -128, -52, -67, 21, 48, 2, 90, 0, 98, 10, 8, -85, -54, -73, -50, 14, 16, 3, 24, 5, 122, 20, 8, -28, -103, -93, -49, 14, 16, -1, -1, 1, 24, -1, -1, 1, 32, -1, -1, -1, -1, 15]
04-11 12:51:03.741 14034 14034 D NetworkService[0]: EVENT_REG_QOS_PERIOD_REPORT_IND_CHANGED ENTER
04-11 12:51:03.741 14034 14034 D AtomModemKpiInfo: handleMessage what:1001
04-11 12:51:03.741 14034 14034 D AtomModemKpiInfo: analyseQosInfo success
04-11 12:51:03.741 14034 14034 D NetworkService[1]: handleMessage what:1005
04-11 12:51:03.742 14034 14034 D RadioAtomTracker: parseQosPeriodData ModemQos:CellularQosInfo1{5G, 504990/202, EndcState=2, Band=41, DLBW=13, Rsrp=-92, Rsrq=-12, Snr=2, SvcStatus=3, ULPDCPNumDataPdu=2, ULPDCPNumDropPdu=0, ULPDCPTput=94, ULRLCNumDataPdu=2, ULRLCNumRetxPdu=0, ULGrant=164, ULBSR=0, ULBler=1, DLPDCPNumDataPdu=1, DLPDCPTput=92, DLRLCNumDataPdu=1, DLRLCNumRetxPdu=0, DLRLCNumDropPdu=0, DLMACPaddingBytes=0, DLPdcpNumMissToUppPdu=0, DLBler=0, RlfCount=0, CellChangeCount=0, IsRedirectionOccur=0, IsDualSimConflict=0, Latency=12, Sub1RrcState=1, Sub2RrcState=3, RachCount=0, CalcPower=32767, Mtpl=32767, PathLoss=-1, CellLoad=0}
04-11 12:51:03.742 14034 14034 D NetworkService[1]: EVENT_REG_QOS_PERIOD_REPORT_IND_CHANGED ENTER
04-11 12:51:03.742 14034 14034 D AtomModemKpiInfo: handleMessage what:1001
04-11 12:51:03.742 14034 14034 D AtomModemKpiInfo: analyseQosInfo success
04-11 12:51:03.829  2181  2506 I SDM     : DisplayBuiltIn::IdlePowerCollapse: IPC received, disabling partial update for one frame
04-11 12:51:03.837  2280  2331 D BatteryChargeControl: bcc get no support from charging protocol
04-11 12:51:03.882  4482  4680 W ServiceManagerCppClient: Waited one second for SystemClearService (is service started? Number of threads started in the threadpool: 16. Are binder threads started and available?)
04-11 12:51:03.883  4482  4659 W ServiceManagerCppClient: Waited one second for SystemClearService (is service started? Number of threads started in the threadpool: 16. Are binder threads started and available?)
04-11 12:51:03.884  1254 14837 W libc    : Unable to set property "ctl.interface_start" to "aidl/SystemClearService": PROP_ERROR_HANDLE_CONTROL_MESSAGE (0x20)
04-11 12:51:03.884  1254 14838 W libc    : Unable to set property "ctl.interface_start" to "aidl/SystemClearService": PROP_ERROR_HANDLE_CONTROL_MESSAGE (0x20)
04-11 12:51:03.927  2113 17888 I sensors-hal: handle_sns_std_sensor_event:114, oplus rgb_rear sample: (cct, lux, ir, x, y)[9314, 29, 256, 266, 333]
04-11 12:51:03.927  2113 17888 I sensors-hal: handle_sns_std_sensor_event:116, oplus rgb_rear sample: (r, g, b, c w)[1175, 2347, 458, 601, 0]
04-11 12:51:03.945  2181  2506 I SDM     : DisplayBuiltIn::IdlePowerCollapse: IPC received, disabling partial update for one frame
04-11 12:51:03.951  2181  7371 E CwbService: Panel not support apl read or getDisplayPanelAplValue timeout 10ms.
04-11 12:51:03.952  2258  2258 D SensorFeature: name=ssc_screenshot_info ,index = 22
04-11 12:51:03.952  2258  2258 D SensorFeature: write 39 bytes:930279299614607,930279353846638,33369,0
04-11 12:51:03.954  2113 17862 I sensors-hal: handle_oplus_wise_rgb_event:161, wise_rgb: (56271)(cct, lux, ir)[6627.38, 201.53, 41.690990] (r, g, b, c)[8922.97, 6086.34, 3916.03, 17513.84]                 (pwm, hbm, brl, algo)[0.0 0.0 1361.0 2.0], flag 131072
04-11 12:51:04.007 15031 15220 D ShellSubscriberWorkerThread: the first 8 bytes empty, and RestData length > 8 
04-11 12:51:04.024  3438  4039 D QmiClient: qmiServiceEventCallback recv msg id 47
04-11 12:51:04.024  3438  4039 D QmiClient: enter -mServiceType 10 onQmiServiceEventCallback msgId 47
04-11 12:51:04.024  3438  4039 D QmiClient: onQmiServiceEventCallback - enter. msgId=47
04-11 12:51:04.024  3438  3488 D OttProxy: handleMessage msg is 3001
