04-11 12:51:04.025 14034 14747 D SubsysRadioIndication[1]: radioLinkLatencyInfoInd
04-11 12:51:04.025 14034 14747 D SubsysRadioIndication[1]: notify enter
04-11 12:51:04.026 14034 14034 D NetworkService[1]: handleMessage what:1008
04-11 12:51:04.026 14034 14034 D NetworkService[1]: EVENT_REG_LINK_LATENCY_INFO_CHANGE ulLatency:12009
04-11 12:51:04.086  3590  8442 D WifiNl80211Manager: Scan result ready event
04-11 12:51:04.086  3590  8442 D WifiNative: Scan result ready event
04-11 12:51:04.090  3590  8007 D OplusWifiScanStatistics: fewApNum:5
04-11 12:51:04.091  3590  7899 I WifiScanner: onFullResults
04-11 12:51:04.092 25257 25395 I WifiScanner: onFullResults
04-11 12:51:04.092 25257 12771 I WifiScanner: onFullResults
04-11 12:51:04.093 16242 16350 I WifiScanner: onFullResults
04-11 12:51:04.094  2013  2036 I statsd  : An anomaly (103940000001) (39)0x2018001->1010[I] (39)0x20000->0[I]  has occurred! Informing subscribers.
04-11 12:51:04.096  3590  3844 D ActivityManager: Cancel freezing 23510 com.tencent.soter.soterserver
04-11 12:51:04.096  3590  3590 D OplusWifiBroadCastDispatcher: mBroadcastReceiver: onReceiver  action=android.net.wifi.SCAN_RESULTS
04-11 12:51:04.097  6374 13811 I metis_v2_WifiDataCollector: onScanResultsAvailable
04-11 12:51:04.097 14034 14034 D SubsysBroadcastManager: onReceive action:android.net.wifi.SCAN_RESULTS
04-11 12:51:04.097 14034 14034 D ExpectedSsidEvent: onScanResultsAvailable
04-11 12:51:04.098 11357 11384 I WifiHandler: onReceive : SCAN_RESULTS
04-11 12:51:04.098 14034 18783 D SubsysEventListenerManager: onScanResultsAvailable
04-11 12:51:04.098 14034 18783 D WifiService: onScanResultsAvailable
04-11 12:51:04.105  2123  8027 E WifiHAL : wifi_get_cached_scan_results: Wifi Cached Scan Result not supported by driver
04-11 12:51:04.106  3590  7894 E WifiStaIfaceAidlImpl: getCachedScanData failed with service-specific exception: android.os.ServiceSpecificException:  (code 4)
04-11 12:51:04.109  3590  7894 D HalDevMgr: check if need add combination
04-11 12:51:04.109  3590  7894 D OplusWifiConcurrentManager: isConcurrentCombinationAllowed : createMode= 0, requestType =-1
04-11 12:51:04.110  3590  7894 E HalDevMgr: removeP2pAndSapCombination do nothing: mIsAddedP2pAndSapCombination = false
04-11 12:51:04.114  3590  7894 D OplusWifiConnectionAlert: handleWCNSelectNocandidates
04-11 12:51:04.117 13839 14411 D WifiScanResultEvent: None scanResults or savedConfigList.
04-11 12:51:04.118 11357 17598 I OplusLocationManager: handleMessage 14
04-11 12:51:04.118 14034 14034 D RadioMessenger: handleMessage Request msgid 2311
04-11 12:51:04.118 14034 14034 D RadioProxyJ[1]: [105375432]> getAllCellularCellInfo
04-11 12:51:04.119  3438  3485 D QmiVsClient: getAllCellularCellInfo - enter
04-11 12:51:04.119  3438  3485 E QmiVsClient: sendAsyncRequest QMI_VS_GET_ALL_CELLULAR_CELL_INFO_REQ_MSG_V01 ret 0
04-11 12:51:04.120  3438  3988 D QmiVsClient: operator() callback - enter
04-11 12:51:04.120  3438  3485 D VsProxy : handleMessage msg is 4001
04-11 12:51:04.120  3438  3485 D RadioProxy: getAllCellularCellInfo : response cb for instance 1
04-11 12:51:04.121 14034   947 D SubsysRadioResponse: getAllCellularCellInfoResponse
04-11 12:51:04.121 14034   947 D SubsysRadioResponse: responseAllCellularCellInfo len:7
04-11 12:51:04.121 14034   947 D RadioProxyJ[1]: [105375432]< getAllCellularCellInfoResponse ******
04-11 12:51:04.121 14034 14034 D MessengerResponseHandler: handleMessage Response msgid 281
04-11 12:51:04.121  3590  8007 D OplusWifiResidenceRecognition: onScanResultsAvailable
04-11 12:51:04.121  3590  8007 D WiFiHardWareMonitor ScanresultsCollector: rssiFailCheckAndNotify  diff = 1760243 now=1775883064121 latestSendTime=1775881303878 statisticsInterval=7200000
04-11 12:51:04.137  2304  2304 D vendor.oplus.hardware.wifi-aidl-service-nl: nl_vaild_callback with ret -1487288616, cmd is 15
04-11 12:51:04.137  2304  2304 D vendor.oplus.hardware.wifi-aidl-service-nl: QCA_NL80211_VENDOR_SUBCMD_LL_STATS_TYPE_IFACE
04-11 12:51:04.137  2304  2304 D vendor.oplus.hardware.wifi-aidl-service-nl: nl_vaild_callback with ret -1487288616, cmd is 15
04-11 12:51:04.137  2304  2304 D vendor.oplus.hardware.wifi-aidl-service-nl: QCA_NL80211_VENDOR_SUBCMD_LL_STATS_TYPE_RADIO
04-11 12:51:04.137  2304  2304 D vendor.oplus.hardware.wifi-aidl-service-nl: nl_vaild_callback with ret -1487288616, cmd is 15
04-11 12:51:04.137  2304  2304 D vendor.oplus.hardware.wifi-aidl-service-nl: QCA_NL80211_VENDOR_SUBCMD_LL_STATS_TYPE_RADIO
04-11 12:51:04.137  2304  2304 D vendor.oplus.hardware.wifi-aidl-service-nl: llstats nl_ack_callback
04-11 12:51:04.167  3590  7333 D FusionLightNextGen: process end reported = 1, mode: 0, cnt: 402185, lux 132.1, cct 7391.8, r/g/b/c: 8945.4/6106.1/3935.9/17567.5, R/G/B: 167.0/161.0/147.0, bri 1361.0, match 1.00, ir 0.050227, conf 5.0, ts 930279363153213
04-11 12:51:04.168  2113 17862 I sensors-hal: handle_oplus_wise_rgb_event:161, wise_rgb: (56276)(cct, lux, ir)[6586.94, 201.84, 41.627533] (r, g, b, c)[8970.32, 6119.33, 3938.11, 17607.09]                 (pwm, hbm, brl, algo)[0.0 0.0 1361.0 2.0], flag 98905
04-11 12:51:04.168  3590  9788 I AICCTModule: SensorFilter: brightness threshold 1.2 screenNit is 95.362 ave enviroment lux is 131.42331 luxForNit 90.5021demarcationPoint200.0 result is false
04-11 12:51:04.168  3590  9788 I AICCTModule: SensorFilter: findSecondNearestValue, sensorValue: 7437.7817 nearestMaxValue:7393.2114 secondNearestValue: 7393.2114
04-11 12:51:04.168  3590  9788 I AICCTModule: SensorFilter: findSecondNearestValue, sensorValue: 133.63036 nearestMaxValue:132.95717 secondNearestValue: 132.95717
04-11 12:51:04.254  2258  2258 D SensorFeature: name=ssc_screenshot_info ,index = 22
04-11 12:51:04.254  2258  2258 D SensorFeature: write 39 bytes:930279299614607,930279667014242,33370,0
04-11 12:51:04.309  2181  2506 I SDM     : DisplayBuiltIn::IdlePowerCollapse: IPC received, disabling partial update for one frame
04-11 12:51:04.399 14034 15313 D CommonApp-264-10512: transport layer data is invalid
04-11 12:51:04.400 14034 15313 D CommonApp-255-10512: commonScoreStrategy scenarios low package
04-11 12:51:04.400 14034 15313 D ScorePolicy: handleScoreChanged: []
04-11 12:51:04.400 14034 15313 D ScorePolicy: handleScoreChanged: []
04-11 12:51:04.400 14034 15313 D ScorePolicy: handleScoreChanged: []
04-11 12:51:04.434  2113 20704 I sensors-hal: handle_oplus_wise_rgb_event:189, high_pwm_light:lux 203.4,cct 6632.4,brl/algo/ir 1361.0/2.0/41.7,pwm/dc 0.0/0.0,rgbc 9030.117188/6158.923828/3975.633545/17735.300781,ts 930279640748161,cnt 56280,flag 33370
04-11 12:51:04.434  2113 17862 I sensors-hal: handle_oplus_wise_rgb_event:161, wise_rgb: (56281)(cct, lux, ir)[6632.38, 203.44, 41.688190] (r, g, b, c)[9052.54, 6189.72, 3986.67, 17760.94]                 (pwm, hbm, brl, algo)[0.0 0.0 1361.0 2.0], flag 98906
04-11 12:51:04.445  2181  2506 I SDM     : DisplayBuiltIn::IdlePowerCollapse: IPC received, disabling partial update for one frame
04-11 12:51:04.514  3590  7167 D osense.compress: com.v2ray.ang do shrink, target ratio = 77, final ratio = 90, cur ratio = 65
04-11 12:51:04.589  2181  2506 I SDM     : DisplayBuiltIn::IdlePowerCollapse: IPC received, disabling partial update for one frame
04-11 12:51:04.594  2181  7371 E CwbService: Panel not support apl read or getDisplayPanelAplValue timeout 10ms.
04-11 12:51:04.594  2258  2258 D SensorFeature: name=ssc_screenshot_info ,index = 22
04-11 12:51:04.594  2258  2258 D SensorFeature: write 39 bytes:930279943590648,930279996627627,33371,0
04-11 12:51:04.597 12992 12992 V DeepThinker: BroadcastReceiverWrapper: onReceive, start dispatch android.net.wifi.SCAN_RESULTS
04-11 12:51:04.597 12992 12992 V DeepThinker: BroadcastReceiverWrapper: onReceive, finish dispatch android.net.wifi.SCAN_RESULTS  category : null  Time consuming : 0 ms
04-11 12:51:04.600 12992 25349 D LocationManagerExtImpl: getLastLocation provider: passive, uid: 10207, com.oplus.deepthinker
04-11 12:51:04.600 12992 25349 D LocationManagerExtImpl: getLastLocation don't containsKey
04-11 12:51:04.601 12992 25349 D LocationManagerExtImpl: saveLastLocation provider: passive don't contains
04-11 12:51:04.602 16233 16233 D OplusLocationAidl: injectWifiList: injectWifiList()
04-11 12:51:04.602 16233 16233 D QcomLocationAidlImpl: injectWifiList: enter default injectWifiList()
04-11 12:51:04.602 16233 16233 E vendor.oplus.hardware.location_aidl-service: injectWifiList: location_oplus_injectWifiList]: injectWifiList!
04-11 12:51:04.602 16233 16233 D vendor.oplus.hardware.location_aidl-service: checkAndLoopSuid: location_oplus_injectWifiList]: checkAndLoopSuid sOplusLocConn = 0xb400007a3b4a4000, sIsLoopupSuid = 0!
04-11 12:51:04.603 16233 16249 D vendor.oplus.hardware.location_aidl-service: execute: Task[injectWifiList] will be run!
04-11 12:51:04.603 16233 16249 D vendor.oplus.hardware.location_aidl-service: sendInjectWifiListRequest: Send inject wifi list request
04-11 12:51:04.603 16233 16249 D vendor.oplus.hardware.location_aidl-service: sendInjectWifiListRequest: [sendInjectWifiListRequest]:  sendInjectWifiListRequest list_size = 2
04-11 12:51:04.603 16233 16249 D vendor.oplus.hardware.location_aidl-service: sendInjectWifiListRequest: [sendInjectWifiListRequest]: wifi fence req_id = 1
04-11 12:51:04.603 16233 16249 D vendor.oplus.hardware.location_aidl-service: sendInjectWifiListRequest: location_oplus: INJECT_WIFI_LIST TO SENSOR HUB!
04-11 12:51:04.603 16233 16249 D vendor.oplus.hardware.location_aidl-service: sendInjectWifiListRequest: location_oplus: send wifi fence request subcmd = 1, bid=b8:8e:b0:ea:a3:6d bid=6e:25:5e:62:68:b0
04-11 12:51:04.603 16233 16249 D vendor.oplus.hardware.location_aidl-service: waitForAck: location_oplus: Wait request[20] ack for [2] sec, pid = 16233
04-11 12:51:04.605 16233 16252 D vendor.oplus.hardware.location_aidl-service: respCb: Response callback received: 0 99
04-11 12:51:04.622  6374 11826 I metis_v2_MetroAwarenessCollector: onCellInfoChanged: cell size=1
04-11 12:51:04.622 14034 14034 D SubsysEventListenerManager-SubsysTelephonyCallback[0]: onCellInfoChanged
04-11 12:51:04.622 13839 14680 I PCDR-pcdr_lte_nr_pingpong_opt[0]: handleCellInfoChange compoundIdStr:460_01_81922_610840587
04-11 12:51:04.622 14034 15297 D CellMap/CellMonitor: handleAllSubCellChange slotId: 0, cellInfo: [CellInfoNr:{ mRegistered=YES mTimeStamp=930280031915492ns mCellConnectionStatus=0 CellIdentityNr:{ mPci = 874 mTac = 81922 mNrArfcn = 627264 mBands = [78] mMcc = 460 mMnc = 01 mNci = 610840587 mAlphaLong = CHN-UNICOM mAlphaShort = UNICOM mAdditionalPlmns = {} } CellSignalStrengthNr:{ csiRsrp = 2147483647 csiRsrq = 2147483647 csiCqiTableIndex = 2147483647 csiCqiReport = [] ssRsrp = -99 ssRsrq = -11 ssSinr = 6 level = 1 parametersUseForLevel = 0 timingAdvance = 2147483647 } }]
04-11 12:51:04.622  8406  8406 W Settings: Setting airplane_mode_on has moved from android.provider.Settings.System to android.provider.Settings.Global, returning read-only value.
04-11 12:51:04.622  6374 11833 I ContextAware_DailyStatisticsRecorder: Increase context change count: metro_cell_count, value: 1
04-11 12:51:04.623  6374 11833 I ContextAware_DailyStatisticsRecorder: Increase context change count: metro_cell_cost_time_ms, value: 0
04-11 12:51:04.624 14034 14034 D SubsysEventListenerManager-SubsysTelephonyCallback[1]: onCellInfoChanged
04-11 12:51:04.624 14034 14034 D CellChangeEvent: update event
04-11 12:51:04.624 14034 15297 D CellMap/CellMonitor: handleCellChange: [CellInfoNr:{ mRegistered=YES mTimeStamp=930280032759971ns mCellConnectionStatus=0 CellIdentityNr:{ mPci = 202 mTac = 2097171 mNrArfcn = 504990 mBands = [41] mMcc = 460 mMnc = 00 mNci = 5766316034 mAlphaLong = CHINA MOBILE mAlphaShort = CMCC mAdditionalPlmns = {} } CellSignalStrengthNr:{ csiRsrp = 2147483647 csiRsrq = 2147483647 csiCqiTableIndex = 2147483647 csiCqiReport = [] ssRsrp = -92 ssRsrq = -12 ssSinr = 3 level = 1 parametersUseForLevel = 0 timingAdvance = 2147483647 } }]
04-11 12:51:04.624 13839 14680 I PCDR-pcdr_lte_nr_pingpong_opt[1]: handleCellInfoChange compoundIdStr:460_00_2097171_5766316034
04-11 12:51:04.624 14034 14034 D PolicyHandler: updateEventContext trigger event Event{mEventName=CellChangeEvent,mNickName=cellchange,mEventVal=true,mDefaultVal=false,mId=-1,mDefaultId=-1,mInstanceId=0,mUseNameId=false}
04-11 12:51:04.624 14034 15297 D CellMap/CellMonitor: handleAllSubCellChange slotId: 1, cellInfo: [CellInfoNr:{ mRegistered=YES mTimeStamp=930280032759971ns mCellConnectionStatus=0 CellIdentityNr:{ mPci = 202 mTac = 2097171 mNrArfcn = 504990 mBands = [41] mMcc = 460 mMnc = 00 mNci = 5766316034 mAlphaLong = CHINA MOBILE mAlphaShort = CMCC mAdditionalPlmns = {} } CellSignalStrengthNr:{ csiRsrp = 2147483647 csiRsrq = 2147483647 csiCqiTableIndex = 2147483647 csiCqiReport = [] ssRsrp = -92 ssRsrq = -12 ssSinr = 3 level = 1 parametersUseForLevel = 0 timingAdvance = 2147483647 } }]
04-11 12:51:04.624  8406  8406 W Settings: Setting airplane_mode_on has moved from android.provider.Settings.System to android.provider.Settings.Global, returning read-only value.
04-11 12:51:04.670  3590  7344 V AlarmManager: sending alarm Alarm{51a48c9 type 1 origWhen 1775883064670 whenElapsed 930280084 android} uid 1000 whenElapsed 930280084 windowLength 0 maxWhenElapsed 930280084 repeatInterval 0 action null component null tag StorgaeBandInfoAlarmTag flags 0x9 procName system_server
04-11 12:51:04.670  3590 10338 E OplusStorageUFSBandwidth: storage_io_metrics_path is /proc/oplus_storage/io_metrics/forever/
04-11 12:51:04.670  3590 10338 E OplusStorageUFSBandwidth: Bandwidth - Read: 0.00 MB/s, Write: 0.50 MB/s
04-11 12:51:04.670  3590 10338 E OplusStorageUFSBandwidth: Task time: 0ms
04-11 12:51:04.670  3590 10338 E OplusStorageUFSBandwidth: Alarm set to trigger in 10 seconds
04-11 12:51:04.699  2113 17862 I sensors-hal: handle_oplus_wise_rgb_event:161, wise_rgb: (56286)(cct, lux, ir)[6647.95, 204.64, 40.681866] (r, g, b, c)[9074.97, 6200.72, 4008.75, 17823.88]                 (pwm, hbm, brl, algo)[0.0 0.0 1361.0 2.0], flag 98907
04-11 12:51:04.704 16233 16252 D vendor.oplus.hardware.location_aidl-service: eventCb: Received QMI indication with length 42
04-11 12:51:04.704 16233 16252 D vendor.oplus.hardware.location_aidl-service: eventCb: Event[0] msg_id=897, ts=17861464461003
04-11 12:51:04.704 16233 16252 D vendor.oplus.hardware.location_aidl-service: eventCb: Received fence inject wifi ap message ID 897
04-11 12:51:04.704 16233 16249 D vendor.oplus.hardware.location_aidl-service: waitForAck: location_oplus: Got signal from ACK
04-11 12:51:04.704 16233 16249 D vendor.oplus.hardware.location_aidl-service: injectWifiListTask: location_oplus_injectWifiListTask]: wifi fence inject list request operation ret = 12
04-11 12:51:04.717  3590  8085 I LinkPower: [MonitorLeafPushSock] startMonitor app:[uid:10345 pid:-1 name:com.tencent.mm]
04-11 12:51:04.717  3590  8088 E LinkPower: [NetlinkLinkPower] failed to handle netlink msg, recevice netlink NLMSG_ERROR msg!
04-11 12:51:04.776  2727  3986 D QmiClient: qmiServiceEventCallback recv msg id 1099
04-11 12:51:04.776  2727  3986 D QmiClient: enter -mServiceType 4 onQmiServiceEventCallback msgId 1099
04-11 12:51:04.776  2727  3986 D QmiClient: onQmiServiceEventCallback - enter. msgId=1099
04-11 12:51:04.776  2727  3986 D QmiVsClientEvent: QosPeriodReportInd MSG IND data_len 2052
04-11 12:51:04.776  2727  3986 D QmiVsClientEvent: qmiVsClientNotifyQosPeriodReportIndEvent - RADIO_EVENT_QOS_PERIOD_REPORT_NOTIFY_IND
04-11 12:51:04.776  2727  2826 D VsProxy : handleMessage msg is 2420
04-11 12:51:04.776  3438  3988 D QmiClient: qmiServiceEventCallback recv msg id 1099
04-11 12:51:04.776  3438  3988 D QmiClient: enter -mServiceType 4 onQmiServiceEventCallback msgId 1099
04-11 12:51:04.776  3438  3988 D QmiClient: onQmiServiceEventCallback - enter. msgId=1099
04-11 12:51:04.776  3438  3988 D QmiVsClientEvent: QosPeriodReportInd MSG IND data_len 2052
04-11 12:51:04.776  3438  3988 D QmiVsClientEvent: qmiVsClientNotifyQosPeriodReportIndEvent - RADIO_EVENT_QOS_PERIOD_REPORT_NOTIFY_IND
04-11 12:51:04.776  2727  2826 D VsProxy : handleQosPeriodReportInd for instance 0 data_len 145
04-11 12:51:04.776  3438  3485 D VsProxy : handleMessage msg is 2420
04-11 12:51:04.776  3438  3485 D VsProxy : handleQosPeriodReportInd for instance 1 data_len 206
04-11 12:51:04.777 14034   947 D SubsysRadioIndication[0]: radioQosPeriodReportInd result [8, -2, -91, -93, -49, 14, 34, 12, 8, -84, -69, -57, -50, 14, 16, 4, 24, 1, 32, 3, 58, 61, 8, -59, -95, -93, -49, 14, 16, 5, 24, -64, -92, 38, 32, -22, 6, 40, -99, -1, -1, -1, -1, -1, -1, -1, -1, 1, 48, -11, -1, -1, -1, -1, -1, -1, -1, -1, 1, 56, 4, 64, -100, -1, -1, -1, -1, -1, -1, -1, -1, 1, 72, -99, -1, -1, -1, -1, -1, -1, -1, -1, 1, 66, 29, 8, -57, -20, -92, -50, 14, 16, 5, 34, 19, 8, -64, -92, 38, 16, -22, 6, 24, 78, 32, 13, 40, -117, -32, -94, -93, 2, 48, 2, 90, 0, 98, 10, 8, -41, -26, -92, -50, 14, 16, 3, 24, 5, 122, 15, 8, -8, -24, -92, -50, 14, 16, -52, 2, 24, -21, 1, 32, -90, 9]
04-11 12:51:04.777 14034 14747 D SubsysRadioIndication[1]: radioQosPeriodReportInd result [8, -2, -91, -93, -49, 14, 18, 15, 8, -88, -91, -93, -49, 14, 16, 4, 32, -56, 1, 40, 4, 72, 1, 26, 13, 8, -84, -92, -93, -49, 14, 16, 4, 40, 4, 56, -71, 13, 34, 12, 8, -84, -69, -57, -50, 14, 16, 4, 24, 1, 32, 3, 58, 83, 8, -111, -91, -93, -49, 14, 16, 5, 24, -98, -23, 30, 32, -54, 1, 40, -92, -1, -1, -1, -1, -1, -1, -1, -1, 1, 48, -12, -1, -1, -1, -1, -1, -1, -1, -1, 1, 56, 3, 64, -92, -1, -1, -1, -1, -1, -1, -1, -1, 1, 72, -96, -1, -1, -1, -1, -1, -1, -1, -1, 1, 80, -93, -1, -1, -1, -1, -1, -1, -1, -1, 1, 88, -90, -1, -1, -1, -1, -1, -1, -1, -1, 1, 66, 31, 8, -101, -22, -108, -49, 14, 16, 5, 24, 2, 34, 19, 8, -98, -23, 30, 16, -54, 1, 24, 41, 32, 13, 40, -126, -128, -52, -67, 21, 48, 2, 90, 0, 98, 10, 8, -85, -54, -73, -50, 14, 16, 3, 24, 5, 122, 20, 8, -19, -92, -93, -49, 14, 16, -1, -1, 1, 24, -1, -1, 1, 32, -1, -1, -1, -1, 15]
04-11 12:51:04.777 14034 14034 D NetworkService[0]: handleMessage what:1005
04-11 12:51:04.777 14034 14034 D RadioAtomTracker: parseQosPeriodData ModemQos:CellularQosInfo2{5G, 627264/874, EndcState=0, Band=78, DLBW=13, Rsrp=-99, Rsrq=-11, Snr=4, SvcStatus=3, ULPDCPNumDataPdu=-1, ULPDCPNumDropPdu=-1, ULPDCPTput=-1, ULRLCNumDataPdu=-1, ULRLCNumRetxPdu=-1, ULGrant=-1, ULBSR=-1, ULBler=-1, DLPDCPNumDataPdu=-1, DLPDCPTput=-1, DLRLCNumDataPdu=-1, DLRLCNumRetxPdu=-1, DLRLCNumDropPdu=-1, DLMACPaddingBytes=-1, DLPdcpNumMissToUppPdu=-1, DLBler=-1, RlfCount=0, CellChangeCount=0, IsRedirectionOccur=0, IsDualSimConflict=0, Latency=0, Sub1RrcState=1, Sub2RrcState=3, RachCount=0, CalcPower=332, Mtpl=235, PathLoss=1190, CellLoad=0}
04-11 12:51:04.777 14034 14034 D NetworkService[0]: EVENT_REG_QOS_PERIOD_REPORT_IND_CHANGED ENTER
04-11 12:51:04.777 14034 14034 D NetworkService[1]: handleMessage what:1005
04-11 12:51:04.777 14034 14034 D RadioAtomTracker: parseQosPeriodData ModemQos:CellularQosInfo1{5G, 504990/202, EndcState=2, Band=41, DLBW=13, Rsrp=-92, Rsrq=-12, Snr=3, SvcStatus=3, ULPDCPNumDataPdu=4, ULPDCPNumDropPdu=0, ULPDCPTput=200, ULRLCNumDataPdu=4, ULRLCNumRetxPdu=0, ULGrant=0, ULBSR=0, ULBler=1, DLPDCPNumDataPdu=4, DLPDCPTput=1721, DLRLCNumDataPdu=4, DLRLCNumRetxPdu=0, DLRLCNumDropPdu=0, DLMACPaddingBytes=0, DLPdcpNumMissToUppPdu=0, DLBler=0, RlfCount=0, CellChangeCount=0, IsRedirectionOccur=0, IsDualSimConflict=0, Latency=12, Sub1RrcState=1, Sub2RrcState=3, RachCount=0, CalcPower=32767, Mtpl=32767, PathLoss=-1, CellLoad=0}
04-11 12:51:04.777 14034 14034 D NetworkService[1]: EVENT_REG_QOS_PERIOD_REPORT_IND_CHANGED ENTER
04-11 12:51:04.777 14034 14034 D AtomModemKpiInfo: handleMessage what:1001
04-11 12:51:04.777 14034 14034 D AtomModemKpiInfo: analyseQosInfo success
04-11 12:51:04.838  2280  2331 D BatteryChargeControl: bcc get no support from charging protocol
04-11 12:51:04.839 14400 14579 I ChainTrace: stream type=heartbeat gapMs=1120 refreshMarket=false
04-11 12:51:04.883  4482  4680 W ServiceManagerCppClient: Waited one second for SystemClearService (is service started? Number of threads started in the threadpool: 16. Are binder threads started and available?)
04-11 12:51:04.884  4482  4659 W ServiceManagerCppClient: Waited one second for SystemClearService (is service started? Number of threads started in the threadpool: 16. Are binder threads started and available?)
04-11 12:51:04.886  1254 14850 W libc    : Unable to set property "ctl.interface_start" to "aidl/SystemClearService": PROP_ERROR_HANDLE_CONTROL_MESSAGE (0x20)
04-11 12:51:04.887  1254 14851 W libc    : Unable to set property "ctl.interface_start" to "aidl/SystemClearService": PROP_ERROR_HANDLE_CONTROL_MESSAGE (0x20)
04-11 12:51:04.896  2258  2258 D SensorFeature: name=ssc_screenshot_info ,index = 22
04-11 12:51:04.897  2258  2258 D SensorFeature: write 39 bytes:930279943590648,930280309654867,33372,0
04-11 12:51:04.970  2113 20704 I sensors-hal: handle_oplus_wise_rgb_event:189, high_pwm_light:lux 205.1,cct 6621.3,brl/algo/ir 1361.0/2.0/41.5,pwm/dc 0.0/0.0,rgbc 9104.869141/6216.113770/4010.952393/17842.533203,ts 930280284709984,cnt 56290,flag 33372
04-11 12:51:04.970  2113 17862 I sensors-hal: handle_oplus_wise_rgb_event:161, wise_rgb: (56291)(cct, lux, ir)[6621.33, 205.15, 41.503864] (r, g, b, c)[9087.43, 6198.52, 3997.71, 17826.21]                 (pwm, hbm, brl, algo)[0.0 0.0 1361.0 2.0], flag 98908
04-11 12:51:05.003 14400 14852 D libc-netbsd: [oplusDnsOpenProxy]: __netdClientDispatch.connect errno = 111
04-11 12:51:05.003 14400 14852 D DNS_CACHE: oplus_oplus_getaddrinfo_proxy open dns proxy failed, use android flow: 10512
04-11 12:51:05.006 14400 14852 D libc-netbsd: [oplusDnsOpenProxy]: __netdClientDispatch.connect errno = 111
04-11 12:51:05.016 18198 18387 I GoLog   : from tcp:127.0.0.1:56912 accepted tcp:43.155.214.62:443 [socks >> proxy]
04-11 12:51:05.021  2280  2323 D vendor.oplus.hardware.charger-V10-service: ret_value:122, read content:,288,288,4390,4388,-141,94,96,1,1,0,494,5015,96,1,4480,600,500,0,0,9500,0,0,1,0,2,0,0,0,1,5868,96,0,4724,5046,0,0,0,0,0,0
04-11 12:51:05.021  3438  4039 D QmiClient: qmiServiceEventCallback recv msg id 47
04-11 12:51:05.021  3438  4039 D QmiClient: enter -mServiceType 10 onQmiServiceEventCallback msgId 47
04-11 12:51:05.021  3438  4039 D QmiClient: onQmiServiceEventCallback - enter. msgId=47
04-11 12:51:05.022  2280  2323 D vendor.oplus.hardware.charger-V10-service: gmtime: 2026-04-11-12-51-05
04-11 12:51:05.022  3438  3488 D OttProxy: handleMessage msg is 3001
04-11 12:51:05.022  2280  2323 D vendor.oplus.hardware.charger-V10-service: usb_online:1, ac_online:-2147483648, wireless_online:-2147483648
04-11 12:51:05.022 14034 14747 D SubsysRadioIndication[1]: radioLinkLatencyInfoInd
04-11 12:51:05.022 14034 14747 D SubsysRadioIndication[1]: notify enter
04-11 12:51:05.022 14034 14034 D NetworkService[1]: handleMessage what:1008
04-11 12:51:05.022 14034 14034 D NetworkService[1]: EVENT_REG_LINK_LATENCY_INFO_CHANGE ulLatency:7918
04-11 12:51:05.168  3590  7389 W Binder  : Outgoing transactions from this process must be FLAG_ONEWAY
04-11 12:51:05.168  3590  7389 W Binder  : java.lang.Throwable
04-11 12:51:05.168  3590  7389 W Binder  : 	at android.os.BinderProxy.transact(BinderProxy.java:639)
04-11 12:51:05.168  3590  7389 W Binder  : 	at android.content.ContentProviderProxy.insert(ContentProviderNative.java:587)
04-11 12:51:05.168  3590  7389 W Binder  : 	at android.content.ContentProviderClient.insert(ContentProviderClient.java:347)
04-11 12:51:05.168  3590  7389 W Binder  : 	at android.content.ContentProviderClient.insert(ContentProviderClient.java:336)
04-11 12:51:05.168  3590  7389 W Binder  : 	at com.oplus.util.OplusStatisticsImpl.insert(OplusStatisticsImpl.java:307)
04-11 12:51:05.168  3590  7389 W Binder  : 	at com.oplus.util.OplusStatisticsImpl.sendDataToDCS(OplusStatisticsImpl.java:287)
04-11 12:51:05.168  3590  7389 W Binder  : 	at com.oplus.util.OplusStatisticsImpl.flushInternal(OplusStatisticsImpl.java:264)
04-11 12:51:05.168  3590  7389 W Binder  : 	at com.oplus.util.OplusStatisticsImpl.lambda$setDelayFlushJobIfNeed$4(OplusStatisticsImpl.java:211)
04-11 12:51:05.168  3590  7389 W Binder  : 	at com.oplus.util.OplusStatisticsImpl.$r8$lambda$4UYTp2NCu6Rml69JNqEuK7o54SI(Unknown Source:0)
04-11 12:51:05.168  3590  7389 W Binder  : 	at com.oplus.util.OplusStatisticsImpl$$ExternalSyntheticLambda5.run(D8$$SyntheticClass:0)
04-11 12:51:05.168  3590  7389 W Binder  : 	at java.util.concurrent.Executors$RunnableAdapter.call(Executors.java:524)
04-11 12:51:05.168  3590  7389 W Binder  : 	at java.util.concurrent.FutureTask.run(FutureTask.java:343)
04-11 12:51:05.168  3590  7389 W Binder  : 	at java.util.concurrent.ScheduledThreadPoolExecutor$ScheduledFutureTask.run(ScheduledThreadPoolExecutor.java:348)
04-11 12:51:05.168  3590  7389 W Binder  : 	at java.util.concurrent.ThreadPoolExecutor.runWorker(ThreadPoolExecutor.java:1156)
04-11 12:51:05.168  3590  7389 W Binder  : 	at java.util.concurrent.ThreadPoolExecutor$Worker.run(ThreadPoolExecutor.java:651)
04-11 12:51:05.168  3590  7389 W Binder  : 	at java.lang.Thread.run(Thread.java:1119)
04-11 12:51:05.200  2258  2258 D SensorFeature: name=ssc_screenshot_info ,index = 22
04-11 12:51:05.200  2258  2258 D SensorFeature: write 39 bytes:930279943590648,930280612296950,33373,0
04-11 12:51:05.234  2113 17862 I sensors-hal: handle_oplus_wise_rgb_event:161, wise_rgb: (56296)(cct, lux, ir)[6602.31, 204.42, 41.894772] (r, g, b, c)[9007.69, 6139.13, 3957.97, 17658.37]                 (pwm, hbm, brl, algo)[0.0 0.0 1361.0 2.0], flag 98909
04-11 12:51:05.251  3590  8057 I ServiceConnector.Impl: unbindJobThread: connection = ServiceConnector@140(Intent { act=android.permission.PermissionControllerService xflg=0x4 cmp=com.android.permissioncontroller/.permission.service.PermissionControllerServiceImpl mCallingUid=1000 }, user: 0)[Unbinding...]service = android.permission.IPermissionController$Stub$Proxy@a3239fc mBinding = false
04-11 12:51:05.253   472   472 D PermissionControllerLifecycleService: onUnbind
04-11 12:51:05.254   472   472 D ServiceLifecycleDispatcher: move state from: 'CREATED' to: 'CREATED'
04-11 12:51:05.255   472   472 D PermissionControllerLifecycleService: onDestroy
04-11 12:51:05.255   472   472 D ServiceLifecycleDispatcher: move state from: 'CREATED' to: 'CREATED'
04-11 12:51:05.255   472   472 D ServiceLifecycleDispatcher: move state from: 'CREATED' to: 'DESTROYED'
04-11 12:51:05.256  3590  8619 D ActivityManager: Async freezing 472 com.android.permissioncontroller
04-11 12:51:05.312  2181  2506 I SDM     : DisplayBuiltIn::IdlePowerCollapse: IPC received, disabling partial update for one frame
04-11 12:51:05.323  2181  2506 I SDM     : DisplayBuiltIn::IdlePowerCollapse: IPC received, disabling partial update for one frame
04-11 12:51:05.326  3590  9788 I AICCTModule: SensorFilter: brightness threshold 1.2 screenNit is 95.362 ave enviroment lux is 134.17146 luxForNit 90.73749demarcationPoint200.0 result is false
04-11 12:51:05.326  3590  9788 I AICCTModule: SensorFilter: findSecondNearestValue, sensorValue: 7393.2114 nearestMaxValue:7391.8154 secondNearestValue: 7356.6523
04-11 12:51:05.326  3590  9788 I AICCTModule: SensorFilter: findSecondNearestValue, sensorValue: 132.95717 nearestMaxValue:132.913 secondNearestValue: 132.913
04-11 12:51:05.334  2181  2506 I SDM     : DisplayBuiltIn::IdlePowerCollapse: IPC received, disabling partial update for one frame
04-11 12:51:05.422 14034 15313 D CommonApp-264-10512: transport layer data is invalid
04-11 12:51:05.423 14034 15313 D CommonApp-255-10512: commonScoreStrategy scenarios 5 mdnsScore=0
04-11 12:51:05.423 14034 15313 D CommonApp-255-10512: notifyScoreChange appScene COMMON score 94
04-11 12:51:05.424 14034 15313 D ScorePolicy: handleScoreChanged: []
04-11 12:51:05.424 14034 15313 D ScorePolicy: handleScoreChanged: []
04-11 12:51:05.424 14034 15313 D ScorePolicy: handleScoreChanged: []
04-11 12:51:05.503  2258  2258 D SensorFeature: name=ssc_screenshot_info ,index = 22
04-11 12:51:05.504  2258  2258 D SensorFeature: write 39 bytes:930279943590648,930280915627106,33374,0
04-11 12:51:05.506  2113 20704 I sensors-hal: handle_oplus_wise_rgb_event:189, high_pwm_light:lux 202.9,cct 6610.3,brl/algo/ir 1361.0/2.0/40.8,pwm/dc 0.0/0.0,rgbc 8942.904297/6079.737793/3931.484131/17506.847656,ts 930280873227797,cnt 56300,flag 33374
04-11 12:51:05.507  3590  7333 D FusionLightNextGen: process end reported = 1, mode: 0, cnt: 402190, lux 131.1, cct 7339.4, r/g/b/c: 8940.4/6092.9/3927.1/17511.5, R/G/B: 167.0/161.0/147.0, bri 1361.0, match 1.00, ir 0.051619, conf 5.0, ts 930280884298838
04-11 12:51:05.508  2113 17862 I sensors-hal: handle_oplus_wise_rgb_event:161, wise_rgb: (56301)(cct, lux, ir)[6610.25, 202.90, 40.751839] (r, g, b, c)[8940.41, 6092.94, 3927.07, 17511.51]                 (pwm, hbm, brl, algo)[0.0 0.0 1361.0 2.0], flag 98910
04-11 12:51:05.602 12992 12992 D LocationManagerExtImpl: handleMessage: remove location cache
04-11 12:51:05.646 12913 13044 I CardConfig.CardConfigRepository: subscribePackageChange4Ocs, check ocs [UMS|com.oplus.pantanal.ums|2.0.42-6d1531a]
04-11 12:51:05.673 22644 22644 D WM-DelayedWorkTracker: Scheduling work 04ba9952-6518-4cf0-8460-02c662606476
04-11 12:51:05.673 22644 22644 D WM-GreedyScheduler: Starting tracking for 04ba9952-6518-4cf0-8460-02c662606476
04-11 12:51:05.674 22644 22782 D WM-ConstraintTracker: c: initial state = true
04-11 12:51:05.674 22644 22782 D WM-BrdcstRcvrCnstrntTrc: c: registering receiver
04-11 12:51:05.677  3590  7344 I OplusHansManager : unfreeze uid: 10345 com.tencent.mm pids: [9059, 9999, 9448] reason: Alarm scene: LcdOn
04-11 12:51:05.678  3590  8472 I OplusHansManager : uid=10345, pkg=com.tencent.mm F exit(), F stay=65, reason=Alarm, FrozenActionKeepProxy=false
04-11 12:51:05.678  3590  9766 I OStatsManager_OplusBatteryStatsManager: updateStateTime: PkgName = com.tencent.mm, uid = 10345, state to bg, mForegroundCnt = 0, isFg = false
04-11 12:51:05.678  3590  8475 I OplusHansManager : up_BC uid=10345 pkg=com.tencent.mm
04-11 12:51:05.678  3590  8475 V SensorManager: call sensorServiceCommonInterface name: setSensorAccessState
04-11 12:51:05.678  3590  8475 D SensorServiceExtImpl: sensorServiceCommonInterface funcName = setSensorAccessState, flag = 10345, status = 1
04-11 12:51:05.678  3590  8475 D SensorServiceExtImpl: setSensorAccessState uid = 10345, state = 1
04-11 12:51:05.678  3590  8475 I OplusHansManager : up_sensor: 10345
04-11 12:51:05.678  3590  8475 I OplusCameraManagerGlobal: reportAppFreeze E
04-11 12:51:05.678  3590  8475 I OplusBinderProxy: un_pb uid: 10345 pid: 9448 rst: true , Desc: android.view.accessibility.IAccessibilityManagerClient/4
04-11 12:51:05.678  3590  8475 I OplusBinderProxy: un_pb uid: 10345 pid: 9059 rst: true , Desc: android.view.accessibility.IAccessibilityManagerClient/4
04-11 12:51:05.678  3590  8475 I OplusBinderProxy: un_pb uid: 10345 pid: 9999 rst: true , Desc: com.android.internal.telephony.IPhoneStateListener/10
04-11 12:51:05.678  3590  8475 I OplusBinderProxy: un_pb uid: 10345 pid: 9059 rst: true , Desc: com.android.internal.telephony.IPhoneStateListener/10
04-11 12:51:05.678  3590  8475 I OplusBinderProxy: un_pb uid: 10345 pid: 9059 rst: true , Desc: com.android.internal.telephony.IPhoneStateListener/10
04-11 12:51:05.678  3590  8475 I OplusBinderProxy: un_pb uid: 10345 pid: 9448 rst: true , Desc: com.android.internal.telephony.IPhoneStateListener/10
04-11 12:51:05.679  3590  8475 I OplusBinderProxy: un_pb uid: 10345 pid: 9999 rst: true , Desc: android.view.accessibility.IAccessibilityManagerClient/4
04-11 12:51:05.679  3590  8475 I OplusBinderProxy: proxyBinder uid: 10345 pkg: com.tencent.mm proxy: false calling: OFreezer
04-11 12:51:05.679  3590  7344 V AlarmManager: sending alarm Alarm{34abcf5 type 3 origWhen 930281077 whenElapsed 930281077 android} uid 1000 whenElapsed 930281077 windowLength 0 maxWhenElapsed 930281077 repeatInterval 0 action null component null tag *job.delay* flags 0x0 procName system_server
04-11 12:51:05.679  3590  7344 V AlarmManager: sending alarm Alarm{6e34a8a type 3 origWhen 930215414 whenElapsed 930215414 com.oplus.obrain} uid 1000 whenElapsed 930215414 windowLength 450000 maxWhenElapsed 930665414 repeatInterval 600000 action MIDAS TEN MINUTE CLOCK ACTION component null flags 0x8 procName com.oplus.midas
04-11 12:51:05.679  9999  9999 D ActivityThread: Package [com.binance.monitor] reported as REPLACED, but missing application info. Assuming REMOVED.
04-11 12:51:05.680  3590  7344 V AlarmManager: sending alarm Alarm{38f8fb type 3 origWhen 930216605 whenElapsed 930216605 com.oplus.obrain} uid 1000 whenElapsed 930216605 windowLength 225000 maxWhenElapsed 930441605 repeatInterval 300000 action MIDAS FIVE MINUTE CLOCK ACTION component null flags 0x8 procName com.oplus.midas
04-11 12:51:05.680  3590  7344 V AlarmManager: sending alarm Alarm{140ad18 type 3 origWhen 930246230 whenElapsed 930280131 com.tencent.mm} uid 10345 whenElapsed 930280131 windowLength 225000 maxWhenElapsed 930476230 repeatInterval 300000 action com.tencent.mm.TrafficStatsReceiver component null flags 0x8 procName com.tencent.mm:push
04-11 12:51:05.680  9448  9448 D ActivityThread: Package [com.binance.monitor] reported as REPLACED, but missing application info. Assuming REMOVED.
04-11 12:51:05.680  9448  9448 D ActivityThread: Package [com.binance.monitor] reported as REPLACED, but missing application info. Assuming REMOVED.
04-11 12:51:05.682 10250  1150 I midasd  : OplusObrainService::notifyEventInt eventId:8 iParam:0
04-11 12:51:05.682 10250 17011 I midasd  : store modes duration to database:111699,2727418,26717813,16924099,0,0,0,0
04-11 12:51:05.683 10250 16925 I midasd  : updateAndInferenceRadData disable
04-11 12:51:05.684 22644 22782 D WM-GreedyScheduler: Constraints met: Scheduling work ID WorkGenerationalId(workSpecId=04ba9952-6518-4cf0-8460-02c662606476, generation=0)
04-11 12:51:05.684 22644 22782 D WM-Processor: s: processing WorkGenerationalId(workSpecId=04ba9952-6518-4cf0-8460-02c662606476, generation=0)
04-11 12:51:05.684 15031 19293 I OplusObrain: OplusObrainClientInvoke.nativeGetTelephonyInfo
04-11 12:51:05.684 15031 19293 I OplusObrain: OplusObrainClientInvoke.nativeGetTrafficTypeInfoForNetworkType networkType 0
04-11 12:51:05.684  3590  3646 D KernelStatsHelper: getKernelStats start!
04-11 12:51:05.685 10250 16907 E midasd  : getTotalFlipsFromSf mCurFrameCount: 11749803
04-11 12:51:05.685  3590  7988 D OplusNetlinkSocket: handleNetlinkRecvKernelMessage:nlmsghdr:StructNlMsgHdr{ nlmsg_len{3004}, nlmsg_type{43()}, nlmsg_flags{0()}, nlmsg_seq{0}, nlmsg_pid{235282228} }
04-11 12:51:05.685  3590  7988 D KernelStatsHelper: get magic :[-1, -1, -1, 77, 65, 71, 73, 67]
04-11 12:51:05.685  3590  7988 D KernelStatsHelper: magic matched count:622 data_len:32344
04-11 12:51:05.685  3590  7988 D OplusNetlinkSocket: handleNetlinkRecvKernelMessage:nlmsghdr:StructNlMsgHdr{ nlmsg_len{2988}, nlmsg_type{43()}, nlmsg_flags{0()}, nlmsg_seq{0}, nlmsg_pid{235282228} }
04-11 12:51:05.685  3590  7988 D OplusNetlinkSocket: handleNetlinkRecvKernelMessage:nlmsghdr:StructNlMsgHdr{ nlmsg_len{2988}, nlmsg_type{43()}, nlmsg_flags{0()}, nlmsg_seq{0}, nlmsg_pid{235282228} }
04-11 12:51:05.685  3590  7988 D OplusNetlinkSocket: handleNetlinkRecvKernelMessage:nlmsghdr:StructNlMsgHdr{ nlmsg_len{2988}, nlmsg_type{43()}, nlmsg_flags{0()}, nlmsg_seq{0}, nlmsg_pid{235282228} }
04-11 12:51:05.685  3590  7988 D OplusNetlinkSocket: handleNetlinkRecvKernelMessage:nlmsghdr:StructNlMsgHdr{ nlmsg_len{2988}, nlmsg_type{43()}, nlmsg_flags{0()}, nlmsg_seq{0}, nlmsg_pid{235282228} }
04-11 12:51:05.685  3590  7988 D OplusNetlinkSocket: handleNetlinkRecvKernelMessage:nlmsghdr:StructNlMsgHdr{ nlmsg_len{2988}, nlmsg_type{43()}, nlmsg_flags{0()}, nlmsg_seq{0}, nlmsg_pid{235282228} }
04-11 12:51:05.685  3590  7988 D OplusNetlinkSocket: handleNetlinkRecvKernelMessage:nlmsghdr:StructNlMsgHdr{ nlmsg_len{2988}, nlmsg_type{43()}, nlmsg_flags{0()}, nlmsg_seq{0}, nlmsg_pid{235282228} }
04-11 12:51:05.685  3590  7988 D OplusNetlinkSocket: handleNetlinkRecvKernelMessage:nlmsghdr:StructNlMsgHdr{ nlmsg_len{2988}, nlmsg_type{43()}, nlmsg_flags{0()}, nlmsg_seq{0}, nlmsg_pid{235282228} }
04-11 12:51:05.685  3590  7988 D OplusNetlinkSocket: handleNetlinkRecvKernelMessage:nlmsghdr:StructNlMsgHdr{ nlmsg_len{2988}, nlmsg_type{43()}, nlmsg_flags{0()}, nlmsg_seq{0}, nlmsg_pid{235282228} }
04-11 12:51:05.685  3590  7988 D OplusNetlinkSocket: handleNetlinkRecvKernelMessage:nlmsghdr:StructNlMsgHdr{ nlmsg_len{2988}, nlmsg_type{43()}, nlmsg_flags{0()}, nlmsg_seq{0}, nlmsg_pid{235282228} }
04-11 12:51:05.685  3590  7988 D OplusNetlinkSocket: handleNetlinkRecvKernelMessage:nlmsghdr:StructNlMsgHdr{ nlmsg_len{2728}, nlmsg_type{43()}, nlmsg_flags{0()}, nlmsg_seq{0}, nlmsg_pid{235282228} }
04-11 12:51:05.685  3590  7988 D KernelStatsHelper: data over! check: true
04-11 12:51:05.685 10250 16907 I midasd  : DisplayAgent updateDisplayDevInfo getRenderFps mFps:90 mRenderFps:5 mWidth:1264 mHeight:2780
04-11 12:51:05.685 22644 22644 D WM-WorkerWrapper: Starting work for com.oplus.oss.bussiness.localapp.work.LocalAppOneTimeWorker
04-11 12:51:05.685 10250  1150 I midasd  : OplusObrainService::notifyEventInt eventId:49 iParam:0
04-11 12:51:05.686 22644  1075 I DMP-AppInitializer: isAppAvailable for work, caller: null
04-11 12:51:05.686 22644  1075 I DMP-OFreezeProtectWorker: takeProtectionFromFrozen, no need to protect
04-11 12:51:05.686 22644  1075 I DMP-AbstractWorker: parseData, resource: localApp, method1:onReceive, work: onReceiveWork, extras: Bundle[{action=android.intent.action.PACKAGE_REPLACED, package=com.binance.monitor}], initIndexCount:5000
04-11 12:51:05.686 22644  1075 I DMP-AbstractWorker: doWork started, resource: localApp, method3:onReceive, work:Work{mWorkName=onReceiveWork, mWorkTerm=long, mReportId=false, mCreate=Create{mIndexStatus=null, mQueryTime=0, mInterval=0, mDeletedDocs=null, mNeedRebuildFlag=0, mIndexCheckFlag=false, mDrop=null, mHighTemperature=50, mMinPower=null, mScreen=null, mDeletedConditions=null}, mEntry=null, mMoreBatch=null, mChained=true, mInitialDelay=10, mWorkOneTimeLimit=0}
04-11 12:51:05.686 22644 22644 D WM-SystemJobService: onStartJob for WorkGenerationalId(workSpecId=04ba9952-6518-4cf0-8460-02c662606476, generation=0)
04-11 12:51:05.687 22644  1075 I DMP-PowerUtils: getHoraeTemperature:29
04-11 12:51:05.687 22644  1075 I DMP-AbstractWorker: dispatchWork: onReceiveWork for [localApp]
04-11 12:51:05.687 22644  1075 I DMP-SAUWorkConfigManager: sau work config not found
04-11 12:51:05.687 22644  1075 I DMP-PowerUtils: getHoraeTemperature:29
04-11 12:51:05.687 22644  1075 I DMP-PowerUtils: battery status: BATTERY_STATUS_CHARGING(2)
04-11 12:51:05.687 22644  1075 I DMP-AbstractDataCollector: getQuotaRecord ignored
04-11 12:51:05.690 10250 16907 E midasd  : getTotalFlipsFromSf mCurFrameCount: 11749803
04-11 12:51:05.690  1905  8134 E TetherController: property_get sys.radio.data.modem_share_flag return 0, 1!
04-11 12:51:05.690  2247  2247 E android.hardware.power.stats-impl.oplus: HandleFactory::read open charger_input_current_now(/proc/charger/input_current_now) failed! fd: -1 errno: 2
04-11 12:51:05.690  2247  2247 W android.hardware.power.stats-impl.oplus: PruneException: Unknown binder exception (2) pruned into EX_TRANSACTION_FAILED
04-11 12:51:05.690 10250 16908 W midasd  : handleFactory read failed.
04-11 12:51:05.692 15031 19293 I OplusObrain: OplusObrainClientInvoke.nativeGetTelephonyInfo
04-11 12:51:05.692 15031  1029 I OplusObrain: OplusObrainClientInvoke.nativeGetTrafficTypeInfoForNetworkType networkType 0
04-11 12:51:05.693 22644  1075 I .oplus.dmp:main: AssetManager2(0xb4000071e1420528) locale list changing from [] to [zh-CN]
04-11 12:51:05.693  9999  9999 D ActivityThread: Package [com.binance.monitor] reported as REPLACED, but missing application info. Assuming REMOVED.
04-11 12:51:05.694  2247  2247 E android.hardware.power.stats-impl.oplus: HandleFactory::read open charger_input_current_now(/proc/charger/input_current_now) failed! fd: -1 errno: 2
04-11 12:51:05.694  2247  2247 W android.hardware.power.stats-impl.oplus: PruneException: Unknown binder exception (2) pruned into EX_TRANSACTION_FAILED
04-11 12:51:05.694 10250 16908 W midasd  : handleFactory read failed.
04-11 12:51:05.695 22644  1075 I .oplus.dmp:main: AssetManager2(0xb4000071e1420528) locale list changing from [zh-CN] to [en-US]
04-11 12:51:05.695 22644  1075 I .oplus.dmp:main: AssetManager2(0xb4000071e1420528) locale list changing from [en-US] to [zh-CN]
04-11 12:51:05.695 22644  1075 I .oplus.dmp:main: AssetManager2(0xb4000071e1420528) locale list changing from [zh-CN] to [zh-HK]
04-11 12:51:05.695 22644  1075 I .oplus.dmp:main: AssetManager2(0xb4000071e1420528) locale list changing from [zh-HK] to [zh-CN]
04-11 12:51:05.695 22644  1075 I .oplus.dmp:main: AssetManager2(0xb4000071e1420528) locale list changing from [zh-CN] to [zh-TW]
04-11 12:51:05.695 22644  1075 I .oplus.dmp:main: AssetManager2(0xb4000071e1420528) locale list changing from [zh-TW] to [zh-CN]
04-11 12:51:05.695  9059  9059 I JniHook : println_native hooked: 0
04-11 12:51:05.695  9059  9059 D ActivityThread: Package [com.binance.monitor] reported as REPLACED, but missing application info. Assuming REMOVED.
04-11 12:51:05.695 22644  1075 I .oplus.dmp:main: AssetManager2(0xb4000071e1420528) locale list changing from [zh-CN] to [ug-CN]
04-11 12:51:05.695  9059  9059 I JniHook : println_native hooked: 0
04-11 12:51:05.695  9059  9059 D ActivityThread: Package [com.binance.monitor] reported as REPLACED, but missing application info. Assuming REMOVED.
04-11 12:51:05.695 22644  1075 I .oplus.dmp:main: AssetManager2(0xb4000071e1420528) locale list changing from [ug-CN] to [zh-CN]
04-11 12:51:05.695 10250 16907 I midasd  : DisplayAgent updateDisplayDevInfo getRenderFps mFps:90 mRenderFps:0 mWidth:1264 mHeight:2780
04-11 12:51:05.696 22644 22781 D WM-Processor: Work WorkGenerationalId(workSpecId=04ba9952-6518-4cf0-8460-02c662606476, generation=0) is already enqueued for processing
04-11 12:51:05.696  3590  8442 D ShortcutService: Getting shortcuts for launcher= androiduserId=0 pkg=com.binance.monitor
04-11 12:51:05.696  3590  8442 D ShortcutService: getShortcutsInnerLocked() returned empty results because com.binance.monitor isn't loaded
04-11 12:51:05.697 22644  1075 W DMP-SqliteStoreFieldHandler: HighlightHandler no config
04-11 12:51:05.697 22644  1075 I DMP-IndexWriter: update records size:1
04-11 12:51:05.697 22644  1075 I DMP-IndexWriter: add records size:1
04-11 12:51:05.697 22644  1075 I DMP-FileReader: createCache resId:6
04-11 12:51:05.697 22644  1075 I DMP-SqliteIndexBuilder: save
04-11 12:51:05.697 22644  1075 I DMP-DeletedMetaInfoTableAdapter: add number of docs:4, docIDs:[639, 838, 839, 840]
04-11 12:51:05.704 22644  1075 I DMP-FileReader: clearCache resId:6
04-11 12:51:05.704 22644  1075 I DMP-FileReader: clearCache resId:6
04-11 12:51:05.711 22644  1075 I DMP-AbstractWorker: setIndexFailCount method:onReceive, count:0, all:onReceive=0,dailyTask=0,rearrange=0
04-11 12:51:05.712 22644  1075 I DMP-AbstractWorker: doWork finished, resource: localApp, method5:onReceive, work:Work{mWorkName=onReceiveWork, mWorkTerm=long, mReportId=false, mCreate=Create{mIndexStatus=null, mQueryTime=0, mInterval=0, mDeletedDocs=null, mNeedRebuildFlag=0, mIndexCheckFlag=false, mDrop=null, mHighTemperature=50, mMinPower=null, mScreen=null, mDeletedConditions=null}, mEntry=null, mMoreBatch=null, mChained=true, mInitialDelay=10, mWorkOneTimeLimit=0}
04-11 12:51:05.712 22644  1075 I DMP-IndexEventManager: addEvent:InternalIndexEvent{mEvent=null, mEventTime=null, mEventData=null, mEventDropReason=null, mResource=null, mWork=null, mWorkId=04ba9952-6518-4cf0-8460-02c662606476, mWorkTime=1775883065, mCursorSize=null, mResult=0}
04-11 12:51:05.712 22644  1075 I DMP-IndexEventManager: addInternalEvent:result=0 workId=04ba9952-6518-4cf0-8460-02c662606476 workTime=1775883065
04-11 12:51:05.712 22644  1075 I DMP-IndexEventManager: addInternalEvent update:0
04-11 12:51:05.712 22644  1075 I DMP-IndexEventManager: addInternalEvent insert:48292
04-11 12:51:05.712 22644  1075 I DMP-FrozenHelper: deleteKeepRequest, no more quest
04-11 12:51:05.713 22644 22781 I WM-WorkerWrapper: Worker result SUCCESS for Work [ id=04ba9952-6518-4cf0-8460-02c662606476, tags={ com.oplus.oss.bussiness.localapp.work.LocalAppOneTimeWorker,localApp_onReceive__OneTimeWork,onReceiveWork } ]
04-11 12:51:05.713 22644 22781 I WM-WorkerWrapper: Setting status to enqueued for d48892e8-32a9-446e-b9de-89f72e97d4b4
04-11 12:51:05.714 22644 22644 D WM-Processor: s 04ba9952-6518-4cf0-8460-02c662606476 executed; reschedule = false
04-11 12:51:05.714 22644 22644 D WM-GreedyScheduler: Stopping tracking for WorkGenerationalId(workSpecId=04ba9952-6518-4cf0-8460-02c662606476, generation=0)
04-11 12:51:05.714 22644 22644 D WM-SystemJobService: 04ba9952-6518-4cf0-8460-02c662606476 executed on JobScheduler
04-11 12:51:05.716 22644 22781 D WM-GreedyScheduler: Cancelling work ID 04ba9952-6518-4cf0-8460-02c662606476
04-11 12:51:05.716 22644 22781 D WM-SystemJobScheduler: Scheduling work ID d48892e8-32a9-446e-b9de-89f72e97d4b4Job ID 403
04-11 12:51:05.717 22644 22782 D WM-BrdcstRcvrCnstrntTrc: c: unregistering receiver
04-11 12:51:05.724 18198 18323 I GoLog   : from tcp:127.0.0.1:56930 accepted tcp:120.204.0.63:80 [socks -> direct]
04-11 12:51:05.725 14400 14579 I ChainTrace: stream type=syncEvent gapMs=886 refreshMarket=true
04-11 12:51:05.725 14400 14579 I ChainTrace: market_apply symbol=XAUUSDT closeTime=1775883119999 fetchMs=-1 triggerToApplyMs=-1
04-11 12:51:05.725 14400 14579 I ChainTrace: repo_kline symbol=XAUUSDT closeTime=1775883119999 applyToRepoMs=0
04-11 12:51:05.731 18198 18314 I GoLog   : from tcp:127.0.0.1:56928 accepted tcp:223.109.215.124:80 [socks -> direct]
04-11 12:51:05.768  3590  7892 V NetworkPolicy: updateNetworkEnabledNL() return
04-11 12:51:05.768  3590  7892 V NetworkPolicy: updateNotificationsNL not process
04-11 12:51:05.769 13839 14674 V MonthTrafficAlert: getWarningNotification subId:1 numWarningNotificaion:2
04-11 12:51:05.777  3438  3988 D QmiClient: qmiServiceEventCallback recv msg id 1099
04-11 12:51:05.777  3438  3988 D QmiClient: enter -mServiceType 4 onQmiServiceEventCallback msgId 1099
04-11 12:51:05.777  3438  3988 D QmiClient: onQmiServiceEventCallback - enter. msgId=1099
04-11 12:51:05.777  3438  3988 D QmiVsClientEvent: QosPeriodReportInd MSG IND data_len 2052
04-11 12:51:05.777  3438  3988 D QmiVsClientEvent: qmiVsClientNotifyQosPeriodReportIndEvent - RADIO_EVENT_QOS_PERIOD_REPORT_NOTIFY_IND
04-11 12:51:05.778  2727  3986 D QmiClient: qmiServiceEventCallback recv msg id 1099
04-11 12:51:05.778  2727  3986 D QmiClient: enter -mServiceType 4 onQmiServiceEventCallback msgId 1099
04-11 12:51:05.778  2727  3986 D QmiClient: onQmiServiceEventCallback - enter. msgId=1099
04-11 12:51:05.778  2727  3986 D QmiVsClientEvent: QosPeriodReportInd MSG IND data_len 2052
04-11 12:51:05.778  2727  3986 D QmiVsClientEvent: qmiVsClientNotifyQosPeriodReportIndEvent - RADIO_EVENT_QOS_PERIOD_REPORT_NOTIFY_IND
04-11 12:51:05.778  3438  3485 D VsProxy : handleMessage msg is 2420
04-11 12:51:05.778  3438  3485 D VsProxy : handleQosPeriodReportInd for instance 1 data_len 209
04-11 12:51:05.778  2727  2826 D VsProxy : handleMessage msg is 2420
04-11 12:51:05.778 14034 14747 D SubsysRadioIndication[1]: radioQosPeriodReportInd result [8, -25, -83, -93, -49, 14, 18, 21, 8, -12, -85, -93, -49, 14, 16, 5, 32, -48, 15, 40, 5, 56, -78, 2, 64, -102, 1, 72, 100, 26, 15, 8, -128, -83, -93, -49, 14, 16, 25, 40, 23, 56, -33, 120, 72, 8, 34, 12, 8, -84, -69, -57, -50, 14, 16, 4, 24, 1, 32, 3, 58, 83, 8, -40, -84, -93, -49, 14, 16, 5, 24, -98, -23, 30, 32, -54, 1, 40, -92, -1, -1, -1, -1, -1, -1, -1, -1, 1, 48, -11, -1, -1, -1, -1, -1, -1, -1, -1, 1, 56, 4, 64, -92, -1, -1, -1, -1, -1, -1, -1, -1, 1, 72, -95, -1, -1, -1, -1, -1, -1, -1, -1, 1, 80, -93, -1, -1, -1, -1, -1, -1, -1, -1, 1, 88, -94, -1, -1, -1, -1, -1, -1, -1, -1, 1, 66, 31, 8, -101, -22, -108, -49, 14, 16, 5, 24, 2, 34, 19, 8, -98, -23, 30, 16, -54, 1, 24, 41, 32, 13, 40, -126, -128, -52, -67, 21, 48, 2, 90, 0, 98, 10, 8, -85, -54, -73, -50, 14, 16, 3, 24, 5, 122, 15, 8, -128, -83, -93, -49, 14, 16, -33, 1, 24, -11, 1, 32, -32, 8]
04-11 12:51:05.778  2727  2826 D VsProxy : handleQosPeriodReportInd for instance 0 data_len 145
04-11 12:51:05.778 14034 14034 D NetworkService[1]: handleMessage what:1005
04-11 12:51:05.778 14034 14747 D SubsysRadioIndication[0]: radioQosPeriodReportInd result [8, -25, -83, -93, -49, 14, 34, 12, 8, -84, -69, -57, -50, 14, 16, 4, 24, 1, 32, 3, 58, 61, 8, -59, -95, -93, -49, 14, 16, 5, 24, -64, -92, 38, 32, -22, 6, 40, -99, -1, -1, -1, -1, -1, -1, -1, -1, 1, 48, -11, -1, -1, -1, -1, -1, -1, -1, -1, 1, 56, 4, 64, -100, -1, -1, -1, -1, -1, -1, -1, -1, 1, 72, -99, -1, -1, -1, -1, -1, -1, -1, -1, 1, 66, 29, 8, -57, -20, -92, -50, 14, 16, 5, 34, 19, 8, -64, -92, 38, 16, -22, 6, 24, 78, 32, 13, 40, -117, -32, -94, -93, 2, 48, 2, 90, 0, 98, 10, 8, -41, -26, -92, -50, 14, 16, 3, 24, 5, 122, 15, 8, -8, -24, -92, -50, 14, 16, -52, 2, 24, -21, 1, 32, -90, 9]
04-11 12:51:05.778 14034 14034 D RadioAtomTracker: parseQosPeriodData ModemQos:CellularQosInfo1{5G, 504990/202, EndcState=2, Band=41, DLBW=13, Rsrp=-92, Rsrq=-11, Snr=4, SvcStatus=3, ULPDCPNumDataPdu=5, ULPDCPNumDropPdu=0, ULPDCPTput=2000, ULRLCNumDataPdu=5, ULRLCNumRetxPdu=0, ULGrant=306, ULBSR=154, ULBler=100, DLPDCPNumDataPdu=23, DLPDCPTput=15455, DLRLCNumDataPdu=25, DLRLCNumRetxPdu=0, DLRLCNumDropPdu=0, DLMACPaddingBytes=0, DLPdcpNumMissToUppPdu=0, DLBler=8, RlfCount=0, CellChangeCount=0, IsRedirectionOccur=0, IsDualSimConflict=0, Latency=7, Sub1RrcState=1, Sub2RrcState=3, RachCount=0, CalcPower=223, Mtpl=245, PathLoss=1120, CellLoad=0}
04-11 12:51:05.779 14034 14034 D NetworkService[1]: EVENT_REG_QOS_PERIOD_REPORT_IND_CHANGED ENTER
