04-11 12:49:32.769 D/AppSenseClient( 8406): handleMessage: 100
04-11 12:49:32.769 D/FrontAppsEvent(14034): receive msg:1001
04-11 12:49:32.769 D/AppSenseClient(13839): handleSenseEvent clients: 1
04-11 12:49:32.769 D/AppSenseClient(13839): handleSenseEvent clientId: 106466519
04-11 12:49:32.769 D/FrontAppsEvent(14034): onAppSceneUpdate, infoList:[{pkgName:com.binance.monitor,activityName:,winMode:1,event:COMMON,type:0,subEvent:0,pid:12586,uid:10512}]
04-11 12:49:32.769 D/AppSenseClient( 8498): handleSenseEvent appInfoUnits: {pkgName:com.binance.monitor,activityName:com.binance.monitor.ui.account.AccountStatsBridgeActivity,winMode:1,event:COMMON,type:0,subEvent:0,pid:12586,uid:10512},
04-11 12:49:32.770 D/AppSenseClient( 8498): handleSenseEvent clients: 1
04-11 12:49:32.770 D/AppSenseClient(13839): notifyAppChanges: [{pkgName:com.binance.monitor,activityName:com.binance.monitor.ui.account.AccountStatsBridgeActivity,winMode:1,event:COMMON,type:0,subEvent:0,pid:12586,uid:10512}]
04-11 12:49:32.770 D/AppSenseClient( 8498): handleSenseEvent clientId: 74017188
04-11 12:49:32.770 D/NAS-DataSceneEvent(13839): onAppChanged, app list size: 1
04-11 12:49:32.770 D/AppSenseClient( 8406): handleSenseEvent appInfoUnits: {pkgName:com.binance.monitor,activityName:com.binance.monitor.ui.account.AccountStatsBridgeActivity,winMode:1,event:COMMON,type:0,subEvent:0,pid:12586,uid:10512},
04-11 12:49:32.770 D/AppSenseClient( 8498): notifyAppChanges: [{pkgName:com.binance.monitor,activityName:com.binance.monitor.ui.account.AccountStatsBridgeActivity,winMode:1,event:COMMON,type:0,subEvent:0,pid:12586,uid:10512}]
04-11 12:49:32.770 D/AppSenseClient( 8406): handleSenseEvent clients: 1
04-11 12:49:32.770 D/NAS-DataSceneEvent(13839): updateAppSenseChange [{pkgName:com.binance.monitor,activityName:com.binance.monitor.ui.account.AccountStatsBridgeActivity,winMode:1,event:COMMON,type:0,subEvent:0,pid:12586,uid:10512}]
04-11 12:49:32.770 D/AppSenseClient( 8406): handleSenseEvent clientId: 101737326
04-11 12:49:32.770 D/NhsAppSenseListener( 8498): onAppChanged, app list size: 1
04-11 12:49:32.770 D/AppSenseClient( 8406): notifyAppChanges: [{pkgName:com.binance.monitor,activityName:com.binance.monitor.ui.account.AccountStatsBridgeActivity,winMode:1,event:COMMON,type:0,subEvent:0,pid:12586,uid:10512}]
04-11 12:49:32.770 D/OplusLinkBoostSceneManager(13839): handleAppSceneChange: live broadcast off
04-11 12:49:32.770 E/OplusNetlinkConnect(13839): parse rsp msg failed!Message missing required fields: header
04-11 12:49:32.776 D/LocalImageResolver( 8338): Couldn't use ImageDecoder for drawable, falling back to non-resized load.
04-11 12:49:32.777 D/OplusNotificationDateTimeView( 8338): setTime mSettingTimeMillis 1775882972698, mSettingLocalDateTime 2026-04-11T12:49:00.698
04-11 12:49:32.779 D/LocalImageResolver( 8338): Couldn't use ImageDecoder for drawable, falling back to non-resized load.
04-11 12:49:32.780 D/OplusNotificationDateTimeView( 8338): setTime mSettingTimeMillis 1775882972698, mSettingLocalDateTime 2026-04-11T12:49:00.698
04-11 12:49:32.782 D/LocalImageResolver( 8338): Couldn't use ImageDecoder for drawable, falling back to non-resized load.
04-11 12:49:32.782 D/OplusNotificationDateTimeView( 8338): setTime mSettingTimeMillis 1775882972698, mSettingLocalDateTime 2026-04-11T12:49:00.698
04-11 12:49:32.785 I/SystemUi--Notification( 8338): OplusNotificationTempla-->resolveContentMargin: marginTop=112 isChildInGroup=false hasSubtitle=true params.topMargin=112
04-11 12:49:32.786 W/SystemUi--Notification( 8338): OplusNotificationGroupExtImpl-->setChildrenExpanded: groupHeader is null
04-11 12:49:32.786 E/LockScreenNotificationDispatcherImp( 8338): updateNotificationListOnKg size:0
04-11 12:49:32.789 W/SystemUi--Notification( 8338): OplusNotificationGroupExtImpl-->setChildrenExpanded: groupHeader is null
04-11 12:49:32.789 I/SystemUi--Notification( 8338): LockScreenNotificationDispatcherImp-->updateNotificationListOnKg resultCode: 0
04-11 12:49:32.841 I/SDM     ( 2181): DisplayBuiltIn::IdlePowerCollapse: IPC received, disabling partial update for one frame
04-11 12:49:32.848 E/CwbService( 2181): Panel not support apl read or getDisplayPanelAplValue timeout 10ms.
04-11 12:49:32.848 D/SensorFeature( 2258): name=ssc_screenshot_info ,index = 22
04-11 12:49:32.848 D/SensorFeature( 2258): write 39 bytes:930188199065891,930188250237141,33088,0
04-11 12:49:32.910 I/OplusTouchDaemon( 3289): ts_run_service: shellback temperature updated 29 (29364)
04-11 12:49:33.000 I/sensors-hal( 2113): handle_oplus_wise_rgb_event:189, high_pwm_light:lux 201.4,cct 6563.5,brl/algo/ir 1361.0/2.0/43.0,pwm/dc 0.0/0.0,rgbc 8975.297852/6125.929199/3953.558838/17581.445312,ts 930188241004538,cnt 54670,flag 98624
04-11 12:49:33.001 I/sensors-hal( 2113): handle_oplus_wise_rgb_event:161, wise_rgb: (54666)(cct, lux, ir)[6563.52, 201.43, 42.981384] (r, g, b, c)[8955.36, 6117.13, 3929.28, 17595.43]                 (pwm, hbm, brl, algo)[0.0 0.0 1361.0 2.0], flag 33088
04-11 12:49:33.039 D/QmiClient( 3438): qmiServiceEventCallback recv msg id 47
04-11 12:49:33.039 D/QmiClient( 3438): enter -mServiceType 10 onQmiServiceEventCallback msgId 47
04-11 12:49:33.039 D/QmiClient( 3438): onQmiServiceEventCallback - enter. msgId=47
04-11 12:49:33.039 D/OttProxy( 3438): handleMessage msg is 3001
04-11 12:49:33.040 D/SubsysRadioIndication[1](14034): radioLinkLatencyInfoInd
04-11 12:49:33.040 D/SubsysRadioIndication[1](14034): notify enter
04-11 12:49:33.040 D/NetworkService[1](14034): handleMessage what:1008
04-11 12:49:33.040 D/NetworkService[1](14034): EVENT_REG_LINK_LATENCY_INFO_CHANGE ulLatency:12187
04-11 12:49:33.151 D/SensorFeature( 2258): name=ssc_screenshot_info ,index = 22
04-11 12:49:33.151 D/SensorFeature( 2258): write 39 bytes:930188199065891,930188563572298,33089,0
04-11 12:49:33.177 I/SDM     ( 2181): DisplayBuiltIn::IdlePowerCollapse: IPC received, disabling partial update for one frame
04-11 12:49:33.177 I/APS_ALOG(17904): flushRoutine g_immediateFlush=0 g_pendingCount=0 g_oobCount=0
04-11 12:49:33.263 D/CommonApp-264-10512(14034): transport layer data is invalid
04-11 12:49:33.264 D/CommonApp-255-10512(14034): commonScoreStrategy scenarios low package
04-11 12:49:33.264 D/ScorePolicy(14034): handleScoreChanged: []
04-11 12:49:33.264 D/ScorePolicy(14034): handleScoreChanged: []
04-11 12:49:33.264 D/ScorePolicy(14034): handleScoreChanged: []
04-11 12:49:33.268 I/sensors-hal( 2113): handle_oplus_wise_rgb_event:161, wise_rgb: (54671)(cct, lux, ir)[6603.10, 201.58, 42.006409] (r, g, b, c)[8967.82, 6112.73, 3927.07, 17537.15]                 (pwm, hbm, brl, algo)[0.0 0.0 1361.0 2.0], flag 33089
04-11 12:49:33.271 D/UlPriorityPolicyForeground(13839): match: config has not com.binance.monitor
04-11 12:49:33.393 D/OplusScrollToTopManager(12586): com.binance.monitor/com.binance.monitor.ui.main.MainActivity,This com.android.internal.policy.DecorView{112785d I.E...... R......D 0,0-1264,2780 aid=0 alpha=1.0 viewInfo = }[MainActivity] change focus to false
04-11 12:49:33.426 W/QosScheduler( 3590): executeSceneQosStrategy failed! qos feature no enable
04-11 12:49:33.427 I/OplusHansManager ( 3590): FastFreeze exit, unfreeze uids: []
04-11 12:49:33.427 I/OplusHansManager ( 3590): exit FastFreezer, unfreeze uids: [] thaw: [], reason: exitFF
04-11 12:49:33.427 I/OplusHansManager ( 3590): notify state machine event=FF_EXIT to uids=[10512, 10295, 10397]
04-11 12:49:33.427 I/OplusHansManager ( 3590): FF exit, uid=10295, pkg=com.sohu.inputmethod.sogou R transition to M
04-11 12:49:33.428 I/OplusHansManager ( 3590): uid=10295, pkg=com.sohu.inputmethod.sogou cannot transition from R to M, importance=input
04-11 12:49:33.438 D/SensorFeature( 2258): name=ssc_screenshot_info ,index = 22
04-11 12:49:33.438 D/SensorFeature( 2258): write 39 bytes:930188199065891,930188849064329,33090,0
04-11 12:49:33.463 D/OplusScrollToTopManager(12586): com.binance.monitor/com.binance.monitor.ui.account.AccountStatsBridgeActivity,This com.android.internal.policy.DecorView{bdfe225 V.E...... R....... 0,0-1264,2780 aid=1 alpha=1.0 viewInfo = }[AccountStatsBridgeActivity] change focus to true
04-11 12:49:33.475 I/ChainTrace(12586): stream type=heartbeat gapMs=963 refreshMarket=false
04-11 12:49:33.513 I/SDM     ( 2181): DisplayBuiltIn::IdlePowerCollapse: IPC received, disabling partial update for one frame
04-11 12:49:33.517 E/PERFHAL-PERFCTRL( 2187): PERFHAL-PERFCTRL: chk_core_online_poll_loop() 748: poll() has timed out for /sys/kernel/msm_performance/events/cpu_hotplug
04-11 12:49:33.517 E/PERFHAL-PERFCTRL( 2187): PERFHAL-PERFCTRL: chk_core_online_poll_loop() 743: Block on poll()
04-11 12:49:33.533 I/sensors-hal( 2113): handle_oplus_wise_rgb_event:189, high_pwm_light:lux 202.1,cct 6639.9,brl/algo/ir 1361.0/2.0/42.2,pwm/dc 0.0/0.0,rgbc 9007.691406/6147.925781/3957.973633/17665.365234,ts 930188829586049,cnt 54680,flag 98626
04-11 12:49:33.534 I/sensors-hal( 2113): handle_oplus_wise_rgb_event:161, wise_rgb: (54676)(cct, lux, ir)[6639.94, 202.08, 42.230270] (r, g, b, c)[8992.74, 6150.13, 3960.18, 17623.41]                 (pwm, hbm, brl, algo)[0.0 0.0 1361.0 2.0], flag 33090
04-11 12:49:33.534 D/FusionLightNextGen( 3590): process end reported = 1, mode: 0, cnt: 401845, lux 133.1, cct 7333.2, r/g/b/c: 9007.7/6147.9/3958.0/17665.4, R/G/B: 167.0/161.0/147.0, bri 1361.0, match 1.00, ir 0.050960, conf 5.0, ts 930188829586049
04-11 12:49:33.543 D/QmiClient( 2727): qmiServiceEventCallback recv msg id 1099
04-11 12:49:33.543 D/QmiClient( 2727): enter -mServiceType 4 onQmiServiceEventCallback msgId 1099
04-11 12:49:33.543 D/QmiClient( 2727): onQmiServiceEventCallback - enter. msgId=1099
04-11 12:49:33.543 D/QmiVsClientEvent( 2727): QosPeriodReportInd MSG IND data_len 2052
04-11 12:49:33.543 D/QmiVsClientEvent( 2727): qmiVsClientNotifyQosPeriodReportIndEvent - RADIO_EVENT_QOS_PERIOD_REPORT_NOTIFY_IND
04-11 12:49:33.543 D/QmiClient( 3438): qmiServiceEventCallback recv msg id 1099
04-11 12:49:33.543 D/QmiClient( 3438): enter -mServiceType 4 onQmiServiceEventCallback msgId 1099
04-11 12:49:33.543 D/QmiClient( 3438): onQmiServiceEventCallback - enter. msgId=1099
04-11 12:49:33.543 D/QmiVsClientEvent( 3438): QosPeriodReportInd MSG IND data_len 2052
04-11 12:49:33.543 D/QmiVsClientEvent( 3438): qmiVsClientNotifyQosPeriodReportIndEvent - RADIO_EVENT_QOS_PERIOD_REPORT_NOTIFY_IND
04-11 12:49:33.543 D/VsProxy ( 3438): handleMessage msg is 2420
04-11 12:49:33.543 D/VsProxy ( 3438): handleQosPeriodReportInd for instance 1 data_len 208
04-11 12:49:33.543 D/VsProxy ( 2727): handleMessage msg is 2420
04-11 12:49:33.543 D/VsProxy ( 2727): handleQosPeriodReportInd for instance 0 data_len 145
04-11 12:49:33.544 D/SubsysRadioIndication[1](14034): radioQosPeriodReportInd result [8, -100, -35, -99, -49, 14, 18, 15, 8, -19, -36, -99, -49, 14, 16, 4, 32, -38, 11, 40, 4, 72, 1, 26, 15, 8, -109, -38, -99, -49, 14, 16, 5, 40, 1, 56, -80, 1, 72, 9, 34, 12, 8, -84, -69, -57, -50, 14, 16, 4, 24, 1, 32, 3, 58, 83, 8, -59, -36, -99, -49, 14, 16, 5, 24, -98, -23, 30, 32, -54, 1, 40, -93, -1, -1, -1, -1, -1, -1, -1, -1, 1, 48, -12, -1, -1, -1, -1, -1, -1, -1, -1, 1, 56, 4, 64, -93, -1, -1, -1, -1, -1, -1, -1, -1, 1, 72, -94, -1, -1, -1, -1, -1, -1, -1, -1, 1, 80, -93, -1, -1, -1, -1, -1, -1, -1, -1, 1, 88, -95, -1, -1, -1, -1, -1, -1, -1, -1, 1, 66, 31, 8, -101, -22, -108, -49, 14, 16, 5, 24, 2, 34, 19, 8, -98, -23, 30, 16, -54, 1, 24, 41, 32, 13, 40, -126, -128, -52, -67, 21, 48, 2, 90, 0, 98, 10, 8, -85, -54, -73, -50, 14, 16, 3, 24, 5, 122, 20, 8, -26, -40, -99, -49, 14, 16, -1, -1, 1, 24, -1, -1, 1, 32, -1, -1, -1, -1, 15]
04-11 12:49:33.544 D/SubsysRadioIndication[0](14034): radioQosPeriodReportInd result [8, -100, -35, -99, -49, 14, 34, 12, 8, -84, -69, -57, -50, 14, 16, 4, 24, 1, 32, 3, 58, 61, 8, -32, -47, -99, -49, 14, 16, 5, 24, -64, -92, 38, 32, -22, 6, 40, -98, -1, -1, -1, -1, -1, -1, -1, -1, 1, 48, -11, -1, -1, -1, -1, -1, -1, -1, -1, 1, 56, 5, 64, -99, -1, -1, -1, -1, -1, -1, -1, -1, 1, 72, -98, -1, -1, -1, -1, -1, -1, -1, -1, 1, 66, 29, 8, -57, -20, -92, -50, 14, 16, 5, 34, 19, 8, -64, -92, 38, 16, -22, 6, 24, 78, 32, 13, 40, -117, -32, -94, -93, 2, 48, 2, 90, 0, 98, 10, 8, -41, -26, -92, -50, 14, 16, 3, 24, 5, 122, 15, 8, -8, -24, -92, -50, 14, 16, -52, 2, 24, -21, 1, 32, -90, 9]
04-11 12:49:33.544 D/NetworkService[1](14034): handleMessage what:1005
04-11 12:49:33.545 D/RadioAtomTracker(14034): parseQosPeriodData ModemQos:CellularQosInfo1{5G, 504990/202, EndcState=2, Band=41, DLBW=13, Rsrp=-93, Rsrq=-12, Snr=4, SvcStatus=3, ULPDCPNumDataPdu=4, ULPDCPNumDropPdu=0, ULPDCPTput=1498, ULRLCNumDataPdu=4, ULRLCNumRetxPdu=0, ULGrant=0, ULBSR=0, ULBler=1, DLPDCPNumDataPdu=1, DLPDCPTput=176, DLRLCNumDataPdu=5, DLRLCNumRetxPdu=0, DLRLCNumDropPdu=0, DLMACPaddingBytes=0, DLPdcpNumMissToUppPdu=0, DLBler=9, RlfCount=0, CellChangeCount=0, IsRedirectionOccur=0, IsDualSimConflict=0, Latency=12, Sub1RrcState=1, Sub2RrcState=3, RachCount=0, CalcPower=32767, Mtpl=32767, PathLoss=-1, CellLoad=0}
04-11 12:49:33.545 D/NetworkService[1](14034): EVENT_REG_QOS_PERIOD_REPORT_IND_CHANGED ENTER
04-11 12:49:33.545 D/NetworkService[0](14034): handleMessage what:1005
04-11 12:49:33.545 D/RadioAtomTracker(14034): parseQosPeriodData ModemQos:CellularQosInfo2{5G, 627264/874, EndcState=0, Band=78, DLBW=13, Rsrp=-98, Rsrq=-11, Snr=5, SvcStatus=3, ULPDCPNumDataPdu=-1, ULPDCPNumDropPdu=-1, ULPDCPTput=-1, ULRLCNumDataPdu=-1, ULRLCNumRetxPdu=-1, ULGrant=-1, ULBSR=-1, ULBler=-1, DLPDCPNumDataPdu=-1, DLPDCPTput=-1, DLRLCNumDataPdu=-1, DLRLCNumRetxPdu=-1, DLRLCNumDropPdu=-1, DLMACPaddingBytes=-1, DLPdcpNumMissToUppPdu=-1, DLBler=-1, RlfCount=0, CellChangeCount=0, IsRedirectionOccur=0, IsDualSimConflict=0, Latency=0, Sub1RrcState=1, Sub2RrcState=3, RachCount=0, CalcPower=332, Mtpl=235, PathLoss=1190, CellLoad=0}
04-11 12:49:33.545 D/NetworkService[0](14034): EVENT_REG_QOS_PERIOD_REPORT_IND_CHANGED ENTER
04-11 12:49:33.545 D/AtomModemKpiInfo(14034): handleMessage what:1001
04-11 12:49:33.545 D/AtomModemKpiInfo(14034): analyseQosInfo success
04-11 12:49:33.753 W/ServiceManagerCppClient( 4482): Waited one second for SystemClearService (is service started? Number of threads started in the threadpool: 16. Are binder threads started and available?)
04-11 12:49:33.753 W/ServiceManagerCppClient( 4482): Waited one second for SystemClearService (is service started? Number of threads started in the threadpool: 16. Are binder threads started and available?)
04-11 12:49:33.755 W/libc    ( 1254): Unable to set property "ctl.interface_start" to "aidl/SystemClearService": PROP_ERROR_HANDLE_CONTROL_MESSAGE (0x20)
04-11 12:49:33.755 W/libc    ( 1254): Unable to set property "ctl.interface_start" to "aidl/SystemClearService": PROP_ERROR_HANDLE_CONTROL_MESSAGE (0x20)
04-11 12:49:33.767 D/BatteryChargeControl( 2280): bcc get no support from charging protocol
04-11 12:49:33.776 I/SDM     ( 2181): DisplayBuiltIn::IdlePowerCollapse: IPC received, disabling partial update for one frame
04-11 12:49:33.783 E/CwbService( 2181): Panel not support apl read or getDisplayPanelAplValue timeout 10ms.
04-11 12:49:33.784 D/SensorFeature( 2258): name=ssc_screenshot_info ,index = 22
04-11 12:49:33.784 D/SensorFeature( 2258): write 39 bytes:930189132630318,930189186748131,33091,0
04-11 12:49:33.801 I/sensors-hal( 2113): handle_oplus_wise_rgb_event:161, wise_rgb: (54681)(cct, lux, ir)[6526.72, 201.94, 42.810406] (r, g, b, c)[8895.56, 6073.14, 3902.79, 17415.94]                 (pwm, hbm, brl, algo)[0.0 0.0 1361.0 2.0], flag 33091
04-11 12:49:33.926 I/sensors-hal( 2113): handle_sns_std_sensor_event:114, oplus rgb_rear sample: (cct, lux, ir, x, y)[9346, 30, 226, 266, 332]
04-11 12:49:33.926 I/sensors-hal( 2113): handle_sns_std_sensor_event:116, oplus rgb_rear sample: (r, g, b, c w)[1225, 2440, 488, 552, 0]
04-11 12:49:33.927 I/AICCTModule( 3590): SensorFilter: brightness threshold 1.2 screenNit is 95.362 ave enviroment lux is 131.94012 luxForNit 90.547066demarcationPoint200.0 result is false
04-11 12:49:33.927 I/AICCTModule( 3590): SensorFilter: findSecondNearestValue, sensorValue: 7419.379 nearestMaxValue:7451.119 secondNearestValue: 7367.9595
04-11 12:49:33.927 I/AICCTModule( 3590): SensorFilter: findSecondNearestValue, sensorValue: 133.6508 nearestMaxValue:133.1442 secondNearestValue: 133.1442
04-11 12:49:34.011 D/ShellSubscriberWorkerThread(15031): the first 8 bytes empty, and RestData length > 8 
04-11 12:49:34.090 D/SensorFeature( 2258): name=ssc_screenshot_info ,index = 22
04-11 12:49:34.090 D/SensorFeature( 2258): write 39 bytes:930189132630318,930189502325162,33092,0
04-11 12:49:34.094 I/sensors-hal( 2113): handle_oplus_wise_rgb_event:189, high_pwm_light:lux 200.9,cct 6618.4,brl/algo/ir 1361.0/2.0/42.6,pwm/dc 0.0/0.0,rgbc 8917.988281/6090.735840/3922.654297/17464.886719,ts 930189451341465,cnt 54690,flag 98628
04-11 12:49:34.094 I/sensors-hal( 2113): handle_oplus_wise_rgb_event:161, wise_rgb: (54686)(cct, lux, ir)[6618.43, 200.92, 42.587547] (r, g, b, c)[8893.07, 6070.94, 3896.16, 17425.26]                 (pwm, hbm, brl, algo)[0.0 0.0 1361.0 2.0], flag 33092
04-11 12:49:34.096 D/QmiClient( 3438): qmiServiceEventCallback recv msg id 47
04-11 12:49:34.096 D/QmiClient( 3438): enter -mServiceType 10 onQmiServiceEventCallback msgId 47
04-11 12:49:34.096 D/QmiClient( 3438): onQmiServiceEventCallback - enter. msgId=47
04-11 12:49:34.096 D/OttProxy( 3438): handleMessage msg is 3001
04-11 12:49:34.097 D/SubsysRadioIndication[1](14034): radioLinkLatencyInfoInd
04-11 12:49:34.097 D/SubsysRadioIndication[1](14034): notify enter
04-11 12:49:34.097 D/NetworkService[1](14034): handleMessage what:1008
04-11 12:49:34.097 D/NetworkService[1](14034): EVENT_REG_LINK_LATENCY_INFO_CHANGE ulLatency:9293
04-11 12:49:34.287 D/CommonApp-264-10512(14034): transport layer data is invalid
04-11 12:49:34.288 D/CommonApp-255-10512(14034): commonScoreStrategy scenarios low package
04-11 12:49:34.288 D/ScorePolicy(14034): handleScoreChanged: []
04-11 12:49:34.288 D/ScorePolicy(14034): handleScoreChanged: []
04-11 12:49:34.288 D/ScorePolicy(14034): handleScoreChanged: []
04-11 12:49:34.334 I/sensors-hal( 2113): handle_oplus_wise_rgb_event:161, wise_rgb: (54691)(cct, lux, ir)[6535.20, 201.35, 42.431938] (r, g, b, c)[8972.81, 6130.33, 3942.52, 17555.80]                 (pwm, hbm, brl, algo)[0.0 0.0 1361.0 2.0], flag 33092
04-11 12:49:34.381 D/OplusCellularNetworkConfig( 8406): getDnsQueryPriority value=http://www.sina.com.cn/generate_204
04-11 12:49:34.381 D/NetworkService[0](14034): getActiveNetworks networkList size:1
04-11 12:49:34.381 D/SubsysThreadPool(14034): execute task
04-11 12:49:34.383 D/libc-netbsd(14034): [oplusDnsOpenProxy]: __netdClientDispatch.connect errno = 111
04-11 12:49:34.383 D/DNS_CACHE(14034): oplus_oplus_getaddrinfo_proxy open dns proxy failed, use android flow: 1000
04-11 12:49:34.393 D/SensorFeature( 2258): name=ssc_screenshot_info ,index = 22
04-11 12:49:34.394 D/SensorFeature( 2258): write 39 bytes:930189132630318,930189806434016,33093,0
04-11 12:49:34.424 I/SDM     ( 2181): DisplayBuiltIn::IdlePowerCollapse: IPC received, disabling partial update for one frame
04-11 12:49:34.455 I/ChainTrace(12586): stream type=heartbeat gapMs=980 refreshMarket=false
04-11 12:49:34.509 I/SDM     ( 2181): DisplayBuiltIn::IdlePowerCollapse: IPC received, disabling partial update for one frame
04-11 12:49:34.543 D/QmiClient( 2727): qmiServiceEventCallback recv msg id 1099
04-11 12:49:34.544 D/QmiClient( 2727): enter -mServiceType 4 onQmiServiceEventCallback msgId 1099
04-11 12:49:34.544 D/QmiClient( 2727): onQmiServiceEventCallback - enter. msgId=1099
04-11 12:49:34.544 D/QmiVsClientEvent( 2727): QosPeriodReportInd MSG IND data_len 2052
04-11 12:49:34.544 D/QmiVsClientEvent( 2727): qmiVsClientNotifyQosPeriodReportIndEvent - RADIO_EVENT_QOS_PERIOD_REPORT_NOTIFY_IND
04-11 12:49:34.544 D/VsProxy ( 2727): handleMessage msg is 2420
04-11 12:49:34.544 D/QmiClient( 3438): qmiServiceEventCallback recv msg id 1099
04-11 12:49:34.544 D/QmiClient( 3438): enter -mServiceType 4 onQmiServiceEventCallback msgId 1099
04-11 12:49:34.544 D/QmiClient( 3438): onQmiServiceEventCallback - enter. msgId=1099
04-11 12:49:34.544 D/VsProxy ( 2727): handleQosPeriodReportInd for instance 0 data_len 145
04-11 12:49:34.544 D/QmiVsClientEvent( 3438): QosPeriodReportInd MSG IND data_len 2052
04-11 12:49:34.544 D/QmiVsClientEvent( 3438): qmiVsClientNotifyQosPeriodReportIndEvent - RADIO_EVENT_QOS_PERIOD_REPORT_NOTIFY_IND
04-11 12:49:34.544 D/VsProxy ( 3438): handleMessage msg is 2420
04-11 12:49:34.545 D/VsProxy ( 3438): handleQosPeriodReportInd for instance 1 data_len 204
04-11 12:49:34.545 D/SubsysRadioIndication[0](14034): radioQosPeriodReportInd result [8, -124, -27, -99, -49, 14, 34, 12, 8, -84, -69, -57, -50, 14, 16, 4, 24, 1, 32, 3, 58, 61, 8, -32, -47, -99, -49, 14, 16, 5, 24, -64, -92, 38, 32, -22, 6, 40, -98, -1, -1, -1, -1, -1, -1, -1, -1, 1, 48, -11, -1, -1, -1, -1, -1, -1, -1, -1, 1, 56, 5, 64, -99, -1, -1, -1, -1, -1, -1, -1, -1, 1, 72, -98, -1, -1, -1, -1, -1, -1, -1, -1, 1, 66, 29, 8, -57, -20, -92, -50, 14, 16, 5, 34, 19, 8, -64, -92, 38, 16, -22, 6, 24, 78, 32, 13, 40, -117, -32, -94, -93, 2, 48, 2, 90, 0, 98, 10, 8, -41, -26, -92, -50, 14, 16, 3, 24, 5, 122, 15, 8, -8, -24, -92, -50, 14, 16, -52, 2, 24, -21, 1, 32, -90, 9]
04-11 12:49:34.545 D/SubsysRadioIndication[1](14034): radioQosPeriodReportInd result [8, -123, -27, -99, -49, 14, 18, 14, 8, -83, -28, -99, -49, 14, 16, 1, 32, 53, 40, 1, 72, 1, 26, 12, 8, -83, -28, -99, -49, 14, 16, 1, 40, 1, 56, 93, 34, 12, 8, -84, -69, -57, -50, 14, 16, 4, 24, 1, 32, 3, 58, 83, 8, -83, -28, -99, -49, 14, 16, 5, 24, -98, -23, 30, 32, -54, 1, 40, -93, -1, -1, -1, -1, -1, -1, -1, -1, 1, 48, -12, -1, -1, -1, -1, -1, -1, -1, -1, 1, 56, 3, 64, -93, -1, -1, -1, -1, -1, -1, -1, -1, 1, 72, -96, -1, -1, -1, -1, -1, -1, -1, -1, 1, 80, -92, -1, -1, -1, -1, -1, -1, -1, -1, 1, 88, -94, -1, -1, -1, -1, -1, -1, -1, -1, 1, 66, 31, 8, -101, -22, -108, -49, 14, 16, 5, 24, 2, 34, 19, 8, -98, -23, 30, 16, -54, 1, 24, 41, 32, 13, 40, -126, -128, -52, -67, 21, 48, 2, 90, 0, 98, 10, 8, -85, -54, -73, -50, 14, 16, 3, 24, 5, 122, 20, 8, -91, -32, -99, -49, 14, 16, -1, -1, 1, 24, -1, -1, 1, 32, -1, -1, -1, -1, 15]
04-11 12:49:34.545 D/NetworkService[0](14034): handleMessage what:1005
04-11 12:49:34.546 D/RadioAtomTracker(14034): parseQosPeriodData ModemQos:CellularQosInfo2{5G, 627264/874, EndcState=0, Band=78, DLBW=13, Rsrp=-98, Rsrq=-11, Snr=5, SvcStatus=3, ULPDCPNumDataPdu=-1, ULPDCPNumDropPdu=-1, ULPDCPTput=-1, ULRLCNumDataPdu=-1, ULRLCNumRetxPdu=-1, ULGrant=-1, ULBSR=-1, ULBler=-1, DLPDCPNumDataPdu=-1, DLPDCPTput=-1, DLRLCNumDataPdu=-1, DLRLCNumRetxPdu=-1, DLRLCNumDropPdu=-1, DLMACPaddingBytes=-1, DLPdcpNumMissToUppPdu=-1, DLBler=-1, RlfCount=0, CellChangeCount=0, IsRedirectionOccur=0, IsDualSimConflict=0, Latency=0, Sub1RrcState=1, Sub2RrcState=3, RachCount=0, CalcPower=332, Mtpl=235, PathLoss=1190, CellLoad=0}
04-11 12:49:34.546 D/NetworkService[0](14034): EVENT_REG_QOS_PERIOD_REPORT_IND_CHANGED ENTER
04-11 12:49:34.546 D/NetworkService[1](14034): handleMessage what:1005
04-11 12:49:34.546 D/RadioAtomTracker(14034): parseQosPeriodData ModemQos:CellularQosInfo1{5G, 504990/202, EndcState=2, Band=41, DLBW=13, Rsrp=-93, Rsrq=-12, Snr=3, SvcStatus=3, ULPDCPNumDataPdu=1, ULPDCPNumDropPdu=0, ULPDCPTput=53, ULRLCNumDataPdu=1, ULRLCNumRetxPdu=0, ULGrant=0, ULBSR=0, ULBler=1, DLPDCPNumDataPdu=1, DLPDCPTput=93, DLRLCNumDataPdu=1, DLRLCNumRetxPdu=0, DLRLCNumDropPdu=0, DLMACPaddingBytes=0, DLPdcpNumMissToUppPdu=0, DLBler=0, RlfCount=0, CellChangeCount=0, IsRedirectionOccur=0, IsDualSimConflict=0, Latency=9, Sub1RrcState=1, Sub2RrcState=3, RachCount=0, CalcPower=32767, Mtpl=32767, PathLoss=-1, CellLoad=0}
04-11 12:49:34.546 D/NetworkService[1](14034): EVENT_REG_QOS_PERIOD_REPORT_IND_CHANGED ENTER
04-11 12:49:34.546 D/AtomModemKpiInfo(14034): handleMessage what:1001
04-11 12:49:34.546 D/AtomModemKpiInfo(14034): analyseQosInfo success
04-11 12:49:34.576 V/AlarmManager( 3590): sending alarm Alarm{30b358 type 1 origWhen 1775882974576 whenElapsed 930189990 android} uid 1000 whenElapsed 930189990 windowLength 0 maxWhenElapsed 930189990 repeatInterval 0 action null component null tag StorgaeBandInfoAlarmTag flags 0x9 procName system_server
04-11 12:49:34.577 E/OplusStorageUFSBandwidth( 3590): storage_io_metrics_path is /proc/oplus_storage/io_metrics/forever/
04-11 12:49:34.578 E/OplusStorageUFSBandwidth( 3590): Bandwidth - Read: 0.00 MB/s, Write: 0.00 MB/s
04-11 12:49:34.578 E/OplusStorageUFSBandwidth( 3590): Task time: 1ms
04-11 12:49:34.579 E/OplusStorageUFSBandwidth( 3590): Alarm set to trigger in 10 seconds
04-11 12:49:34.601 I/sensors-hal( 2113): handle_oplus_wise_rgb_event:189, high_pwm_light:lux 201.9,cct 6674.2,brl/algo/ir 1361.0/2.0/41.4,pwm/dc 0.0/0.0,rgbc 8962.838867/6117.131348/3953.558838/17604.755859,ts 930189796326101,cnt 54700,flag 98629
04-11 12:49:34.601 I/sensors-hal( 2113): handle_oplus_wise_rgb_event:161, wise_rgb: (54696)(cct, lux, ir)[6674.19, 201.94, 41.378399] (r, g, b, c)[8977.79, 6130.33, 3971.22, 17621.07]                 (pwm, hbm, brl, algo)[0.0 0.0 1361.0 2.0], flag 33093
04-11 12:49:34.733 I/SDM     ( 2181): DisplayBuiltIn::IdlePowerCollapse: IPC received, disabling partial update for one frame
04-11 12:49:34.739 E/CwbService( 2181): Panel not support apl read or getDisplayPanelAplValue timeout 10ms.
04-11 12:49:34.739 D/SensorFeature( 2258): name=ssc_screenshot_info ,index = 22
04-11 12:49:34.739 D/SensorFeature( 2258): write 39 bytes:930190087948860,930190142043964,33094,0
04-11 12:49:34.754 W/ServiceManagerCppClient( 4482): Waited one second for SystemClearService (is service started? Number of threads started in the threadpool: 16. Are binder threads started and available?)
04-11 12:49:34.755 W/ServiceManagerCppClient( 4482): Waited one second for SystemClearService (is service started? Number of threads started in the threadpool: 16. Are binder threads started and available?)
04-11 12:49:34.756 W/libc    ( 1254): Unable to set property "ctl.interface_start" to "aidl/SystemClearService": PROP_ERROR_HANDLE_CONTROL_MESSAGE (0x20)
04-11 12:49:34.757 W/libc    ( 1254): Unable to set property "ctl.interface_start" to "aidl/SystemClearService": PROP_ERROR_HANDLE_CONTROL_MESSAGE (0x20)
04-11 12:49:34.767 D/BatteryChargeControl( 2280): bcc get no support from charging protocol
04-11 12:49:34.867 D/FusionLightNextGen( 3590): process end reported = 1, mode: 0, cnt: 401850, lux 131.5, cct 7402.6, r/g/b/c: 8960.3/6106.1/3946.9/17560.5, R/G/B: 167.0/161.0/147.0, bri 1361.0, match 1.00, ir 0.051578, conf 5.0, ts 930190129345268
04-11 12:49:34.868 I/sensors-hal( 2113): handle_oplus_wise_rgb_event:161, wise_rgb: (54701)(cct, lux, ir)[6634.08, 202.11, 41.876682] (r, g, b, c)[8972.81, 6154.52, 3962.39, 17604.76]                 (pwm, hbm, brl, algo)[0.0 0.0 1361.0 2.0], flag 33094
04-11 12:49:34.998 D/vendor.oplus.hardware.charger-V10-service( 2280): ret_value:122, read content:,288,288,4399,4397,-157,94,96,1,1,0,494,5018,96,1,4480,600,500,0,0,9500,0,0,1,0,2,0,0,0,1,5868,96,0,4720,5046,0,0,0,0,0,0
04-11 12:49:34.998 D/vendor.oplus.hardware.charger-V10-service( 2280): gmtime: 2026-04-11-12-49-34
04-11 12:49:34.999 D/vendor.oplus.hardware.charger-V10-service( 2280): usb_online:1, ac_online:-2147483648, wireless_online:-2147483648
04-11 12:49:35.034 D/QmiClient( 3438): qmiServiceEventCallback recv msg id 47
04-11 12:49:35.034 D/QmiClient( 3438): enter -mServiceType 10 onQmiServiceEventCallback msgId 47
04-11 12:49:35.034 D/QmiClient( 3438): onQmiServiceEventCallback - enter. msgId=47
04-11 12:49:35.034 D/OttProxy( 3438): handleMessage msg is 3001
04-11 12:49:35.035 D/SubsysRadioIndication[1](14034): radioLinkLatencyInfoInd
04-11 12:49:35.035 D/SubsysRadioIndication[1](14034): notify enter
04-11 12:49:35.035 D/NetworkService[1](14034): handleMessage what:1008
04-11 12:49:35.035 D/NetworkService[1](14034): EVENT_REG_LINK_LATENCY_INFO_CHANGE ulLatency:6577
04-11 12:49:35.042 D/SensorFeature( 2258): name=ssc_screenshot_info ,index = 22
04-11 12:49:35.042 D/SensorFeature( 2258): write 39 bytes:930190087948860,930190454841255,33095,0
04-11 12:49:35.129 I/AICCTModule( 3590): SensorFilter: brightness threshold 1.2 screenNit is 95.362 ave enviroment lux is 131.5811 luxForNit 90.51586demarcationPoint200.0 result is false
04-11 12:49:35.129 I/AICCTModule( 3590): SensorFilter: findSecondNearestValue, sensorValue: 7367.9595 nearestMaxValue:7335.093 secondNearestValue: 7335.093
04-11 12:49:35.130 I/AICCTModule( 3590): SensorFilter: findSecondNearestValue, sensorValue: 133.1442 nearestMaxValue:132.31993 secondNearestValue: 132.31993
04-11 12:49:35.132 I/sensors-hal( 2113): handle_oplus_wise_rgb_event:189, high_pwm_light:lux 200.9,cct 6546.1,brl/algo/ir 1361.0/2.0/43.0,pwm/dc 0.0/0.0,rgbc 8935.429688/6077.538086/3916.031982/17511.511719,ts 930190440209486,cnt 54710,flag 98631
04-11 12:49:35.133 I/sensors-hal( 2113): handle_oplus_wise_rgb_event:161, wise_rgb: (54706)(cct, lux, ir)[6546.07, 200.87, 43.041668] (r, g, b, c)[8952.87, 6106.13, 3938.11, 17548.81]                 (pwm, hbm, brl, algo)[0.0 0.0 1361.0 2.0], flag 33095
04-11 12:49:35.312 D/CommonApp-264-10512(14034): transport layer data is invalid
04-11 12:49:35.314 D/CommonApp-255-10512(14034): commonScoreStrategy scenarios low package
04-11 12:49:35.314 D/ScorePolicy(14034): handleScoreChanged: []
04-11 12:49:35.314 D/ScorePolicy(14034): handleScoreChanged: []
04-11 12:49:35.314 D/ScorePolicy(14034): handleScoreChanged: []
04-11 12:49:35.347 D/SensorFeature( 2258): name=ssc_screenshot_info ,index = 22
04-11 12:49:35.348 D/SensorFeature( 2258): write 39 bytes:930190087948860,930190760676151,33096,0
04-11 12:49:35.400 I/sensors-hal( 2113): handle_oplus_wise_rgb_event:161, wise_rgb: (54711)(cct, lux, ir)[6555.51, 200.47, 42.089771] (r, g, b, c)[8940.41, 6095.14, 3913.82, 17490.53]                 (pwm, hbm, brl, algo)[0.0 0.0 1361.0 2.0], flag 33096
04-11 12:49:35.521 I/SDM     ( 2181): DisplayBuiltIn::IdlePowerCollapse: IPC received, disabling partial update for one frame
04-11 12:49:35.543 D/QmiClient( 3438): qmiServiceEventCallback recv msg id 1099
04-11 12:49:35.543 D/QmiClient( 3438): enter -mServiceType 4 onQmiServiceEventCallback msgId 1099
04-11 12:49:35.543 D/QmiClient( 3438): onQmiServiceEventCallback - enter. msgId=1099
04-11 12:49:35.543 D/QmiVsClientEvent( 3438): QosPeriodReportInd MSG IND data_len 2052
04-11 12:49:35.543 D/QmiVsClientEvent( 3438): qmiVsClientNotifyQosPeriodReportIndEvent - RADIO_EVENT_QOS_PERIOD_REPORT_NOTIFY_IND
04-11 12:49:35.543 D/QmiClient( 2727): qmiServiceEventCallback recv msg id 1099
04-11 12:49:35.543 D/QmiClient( 2727): enter -mServiceType 4 onQmiServiceEventCallback msgId 1099
04-11 12:49:35.543 D/QmiClient( 2727): onQmiServiceEventCallback - enter. msgId=1099
04-11 12:49:35.543 D/QmiVsClientEvent( 2727): QosPeriodReportInd MSG IND data_len 2052
04-11 12:49:35.543 D/QmiVsClientEvent( 2727): qmiVsClientNotifyQosPeriodReportIndEvent - RADIO_EVENT_QOS_PERIOD_REPORT_NOTIFY_IND
04-11 12:49:35.543 D/VsProxy ( 3438): handleMessage msg is 2420
04-11 12:49:35.543 D/VsProxy ( 3438): handleQosPeriodReportInd for instance 1 data_len 204
04-11 12:49:35.543 D/VsProxy ( 2727): handleMessage msg is 2420
04-11 12:49:35.543 D/VsProxy ( 2727): handleQosPeriodReportInd for instance 0 data_len 145
04-11 12:49:35.544 D/SubsysRadioIndication[0](14034): radioQosPeriodReportInd result [8, -20, -20, -99, -49, 14, 34, 12, 8, -84, -69, -57, -50, 14, 16, 4, 24, 1, 32, 3, 58, 61, 8, -11, -27, -99, -49, 14, 16, 5, 24, -64, -92, 38, 32, -22, 6, 40, -101, -1, -1, -1, -1, -1, -1, -1, -1, 1, 48, -11, -1, -1, -1, -1, -1, -1, -1, -1, 1, 56, 4, 64, -101, -1, -1, -1, -1, -1, -1, -1, -1, 1, 72, -101, -1, -1, -1, -1, -1, -1, -1, -1, 1, 66, 29, 8, -57, -20, -92, -50, 14, 16, 5, 34, 19, 8, -64, -92, 38, 16, -22, 6, 24, 78, 32, 13, 40, -117, -32, -94, -93, 2, 48, 2, 90, 0, 98, 10, 8, -41, -26, -92, -50, 14, 16, 3, 24, 5, 122, 15, 8, -8, -24, -92, -50, 14, 16, -52, 2, 24, -21, 1, 32, -90, 9]
04-11 12:49:35.544 D/NetworkService[0](14034): handleMessage what:1005
04-11 12:49:35.544 D/RadioAtomTracker(14034): parseQosPeriodData ModemQos:CellularQosInfo2{5G, 627264/874, EndcState=0, Band=78, DLBW=13, Rsrp=-101, Rsrq=-11, Snr=4, SvcStatus=3, ULPDCPNumDataPdu=-1, ULPDCPNumDropPdu=-1, ULPDCPTput=-1, ULRLCNumDataPdu=-1, ULRLCNumRetxPdu=-1, ULGrant=-1, ULBSR=-1, ULBler=-1, DLPDCPNumDataPdu=-1, DLPDCPTput=-1, DLRLCNumDataPdu=-1, DLRLCNumRetxPdu=-1, DLRLCNumDropPdu=-1, DLMACPaddingBytes=-1, DLPdcpNumMissToUppPdu=-1, DLBler=-1, RlfCount=0, CellChangeCount=0, IsRedirectionOccur=0, IsDualSimConflict=0, Latency=0, Sub1RrcState=1, Sub2RrcState=3, RachCount=0, CalcPower=332, Mtpl=235, PathLoss=1190, CellLoad=0}
04-11 12:49:35.545 D/NetworkService[0](14034): EVENT_REG_QOS_PERIOD_REPORT_IND_CHANGED ENTER
04-11 12:49:35.545 D/AtomModemKpiInfo(14034): handleMessage what:1001
04-11 12:49:35.545 D/AtomModemKpiInfo(14034): analyseQosInfo success
04-11 12:49:35.545 D/SubsysRadioIndication[1](14034): radioQosPeriodReportInd result [8, -20, -20, -99, -49, 14, 18, 19, 8, -59, -21, -99, -49, 14, 16, 1, 32, 53, 40, 1, 56, -9, 1, 64, 103, 72, 1, 26, 12, 8, -59, -21, -99, -49, 14, 16, 1, 40, 1, 56, 88, 34, 12, 8, -84, -69, -57, -50, 14, 16, 4, 24, 1, 32, 3, 58, 83, 8, -26, -20, -99, -49, 14, 16, 5, 24, -98, -23, 30, 32, -54, 1, 40, -93, -1, -1, -1, -1, -1, -1, -1, -1, 1, 48, -12, -1, -1, -1, -1, -1, -1, -1, -1, 1, 56, 2, 64, -93, -1, -1, -1, -1, -1, -1, -1, -1, 1, 72, -96, -1, -1, -1, -1, -1, -1, -1, -1, 1, 80, -91, -1, -1, -1, -1, -1, -1, -1, -1, 1, 88, -94, -1, -1, -1, -1, -1, -1, -1, -1, 1, 66, 31, 8, -101, -22, -108, -49, 14, 16, 5, 24, 2, 34, 19, 8, -98, -23, 30, 16, -54, 1, 24, 41, 32, 13, 40, -126, -128, -52, -67, 21, 48, 2, 90, 0, 98, 10, 8, -85, -54, -73, -50, 14, 16, 3, 24, 5, 122, 15, 8, -27, -25, -99, -49, 14, 16, -43, 1, 24, -11, 1, 32, -32, 8]
04-11 12:49:35.545 D/NetworkService[1](14034): handleMessage what:1005
04-11 12:49:35.545 D/RadioAtomTracker(14034): parseQosPeriodData ModemQos:CellularQosInfo1{5G, 504990/202, EndcState=2, Band=41, DLBW=13, Rsrp=-93, Rsrq=-12, Snr=2, SvcStatus=3, ULPDCPNumDataPdu=1, ULPDCPNumDropPdu=0, ULPDCPTput=53, ULRLCNumDataPdu=1, ULRLCNumRetxPdu=0, ULGrant=247, ULBSR=103, ULBler=1, DLPDCPNumDataPdu=1, DLPDCPTput=88, DLRLCNumDataPdu=1, DLRLCNumRetxPdu=0, DLRLCNumDropPdu=0, DLMACPaddingBytes=0, DLPdcpNumMissToUppPdu=0, DLBler=0, RlfCount=0, CellChangeCount=0, IsRedirectionOccur=0, IsDualSimConflict=0, Latency=6, Sub1RrcState=1, Sub2RrcState=3, RachCount=0, CalcPower=213, Mtpl=245, PathLoss=1120, CellLoad=0}
04-11 12:49:35.545 D/NetworkService[1](14034): EVENT_REG_QOS_PERIOD_REPORT_IND_CHANGED ENTER
04-11 12:49:35.545 D/AtomModemKpiInfo(14034): handleMessage what:1001
04-11 12:49:35.545 D/AtomModemKpiInfo(14034): analyseQosInfo success
04-11 12:49:35.554 I/ChainTrace(12586): stream type=heartbeat gapMs=1099 refreshMarket=false
04-11 12:49:35.689 I/SDM     ( 2181): DisplayBuiltIn::IdlePowerCollapse: IPC received, disabling partial update for one frame
04-11 12:49:35.695 E/CwbService( 2181): Panel not support apl read or getDisplayPanelAplValue timeout 10ms.
04-11 12:49:35.695 D/SensorFeature( 2258): name=ssc_screenshot_info ,index = 22
04-11 12:49:35.696 D/SensorFeature( 2258): write 39 bytes:930191043136828,930191097468859,33097,0
04-11 12:49:35.697 I/sensors-hal( 2113): handle_oplus_wise_rgb_event:189, high_pwm_light:lux 202.4,cct 6589.1,brl/algo/ir 1361.0/2.0/42.2,pwm/dc 0.0/0.0,rgbc 9037.592773/6174.321289/3975.633545/17756.281250,ts 930191050329903,cnt 54720,flag 98633
04-11 12:49:35.698 I/sensors-hal( 2113): handle_oplus_wise_rgb_event:161, wise_rgb: (54716)(cct, lux, ir)[6589.07, 202.39, 42.234558] (r, g, b, c)[9042.58, 6161.12, 3982.26, 17767.94]                 (pwm, hbm, brl, algo)[0.0 0.0 1361.0 2.0], flag 33097
04-11 12:49:35.710 D/NotificationService--OplusNotificationFixHelper( 3590): fixAppIcon: pkg=com.v2ray.ang
04-11 12:49:35.710 D/NotificationService--OplusNotificationFixHelper( 3590): fixAppIcon: appIcon = null, pkg = com.v2ray.ang
04-11 12:49:35.710 D/NotificationService--NotificationRecord( 3590): isSupportRearLight , isRearLight = false mLedRM = false isMultilLed = false
04-11 12:49:35.711 I/OplusStatusBarManagerServiceEnhance( 3590):  getTopIsFullscreen mTopIsFullscreen: false
04-11 12:49:35.711 W/ActivityManager( 3590): Permission Denial: getTopApplicationInfo from pid=18198, uid=10397 requires oplus.permission.OPLUS_COMPONENT_SAFE
04-11 12:49:35.711 E/OplusNotificationCenter( 3590): getForegroundApplication exception
04-11 12:49:35.712 D/NotificationService--OplusNotificationManagerServiceExtImpl( 3590): isForwardToAssistants: true, case : Is local notification
04-11 12:49:35.712 D/NotificationService( 3590): This application enqueue notifications is need postDelayed mcsAssistantDelayTime: 50
04-11 12:49:35.756 W/ServiceManagerCppClient( 4482): Waited one second for SystemClearService (is service started? Number of threads started in the threadpool: 16. Are binder threads started and available?)
04-11 12:49:35.756 W/ServiceManagerCppClient( 4482): Waited one second for SystemClearService (is service started? Number of threads started in the threadpool: 16. Are binder threads started and available?)
04-11 12:49:35.759 W/libc    ( 1254): Unable to set property "ctl.interface_start" to "aidl/SystemClearService": PROP_ERROR_HANDLE_CONTROL_MESSAGE (0x20)
04-11 12:49:35.759 W/libc    ( 1254): Unable to set property "ctl.interface_start" to "aidl/SystemClearService": PROP_ERROR_HANDLE_CONTROL_MESSAGE (0x20)
04-11 12:49:35.770 D/BatteryChargeControl( 2280): bcc get no support from charging protocol
04-11 12:49:35.771 I/SystemUi--Notification( 8338): OplusLiveAlertNotificationsRepository-->onRankingApplied
04-11 12:49:35.774 I/PluginSeedling--Track( 8338): RequestHandler-->notificationUpdated 0|com.v2ray.ang|1|null|10397 postTime: 1775882975710
04-11 12:49:35.774 E/LockScreenNotificationDispatcherImp( 8338): updateNotificationListOnKg size:0
04-11 12:49:35.779 W/SystemUi--Notification( 8338): OplusNotificationGroupExtImpl-->setChildrenExpanded: groupHeader is null
04-11 12:49:35.779 I/SystemUi--Notification( 8338): LockScreenNotificationDispatcherImp-->updateNotificationListOnKg resultCode: 0
04-11 12:49:35.805 D/LocalImageResolver( 8338): Couldn't use ImageDecoder for drawable, falling back to non-resized load.
04-11 12:49:35.807 D/OplusNotificationDateTimeView( 8338): setTime mSettingTimeMillis 1775882975706, mSettingLocalDateTime 2026-04-11T12:49:00.706
04-11 12:49:35.815 D/LocalImageResolver( 8338): Couldn't use ImageDecoder for drawable, falling back to non-resized load.
04-11 12:49:35.817 D/OplusNotificationDateTimeView( 8338): setTime mSettingTimeMillis 1775882975706, mSettingLocalDateTime 2026-04-11T12:49:00.706
04-11 12:49:35.822 D/LocalImageResolver( 8338): Couldn't use ImageDecoder for drawable, falling back to non-resized load.
04-11 12:49:35.823 D/OplusNotificationDateTimeView( 8338): setTime mSettingTimeMillis 1775882975706, mSettingLocalDateTime 2026-04-11T12:49:00.706
04-11 12:49:35.828 I/SystemUi--Notification( 8338): OplusNotificationTempla-->resolveContentMargin: marginTop=112 isChildInGroup=false hasSubtitle=true params.topMargin=112
04-11 12:49:35.831 W/SystemUi--Notification( 8338): OplusNotificationGroupExtImpl-->setChildrenExpanded: groupHeader is null
04-11 12:49:35.832 E/LockScreenNotificationDispatcherImp( 8338): updateNotificationListOnKg size:0
04-11 12:49:35.837 W/SystemUi--Notification( 8338): OplusNotificationGroupExtImpl-->setChildrenExpanded: groupHeader is null
04-11 12:49:35.837 I/SystemUi--Notification( 8338): LockScreenNotificationDispatcherImp-->updateNotificationListOnKg resultCode: 0
04-11 12:49:35.926 I/sensors-hal( 2113): handle_sns_std_sensor_event:114, oplus rgb_rear sample: (cct, lux, ir, x, y)[9247, 29, 248, 266, 333]
04-11 12:49:35.926 I/sensors-hal( 2113): handle_sns_std_sensor_event:116, oplus rgb_rear sample: (r, g, b, c w)[1196, 2379, 462, 590, 0]
04-11 12:49:35.933 I/sensors-hal( 2113): handle_oplus_wise_rgb_event:161, wise_rgb: (54721)(cct, lux, ir)[6541.98, 203.71, 42.224335] (r, g, b, c)[9050.05, 6200.72, 3982.26, 17735.30]                 (pwm, hbm, brl, algo)[0.0 0.0 1361.0 2.0], flag 33097
04-11 12:49:36.002 D/SensorFeature( 2258): name=ssc_screenshot_info ,index = 22
04-11 12:49:36.003 D/SensorFeature( 2258): write 39 bytes:930191043136828,930191414562297,33098,0
04-11 12:49:36.021 D/QmiClient( 3438): qmiServiceEventCallback recv msg id 47
04-11 12:49:36.021 D/QmiClient( 3438): enter -mServiceType 10 onQmiServiceEventCallback msgId 47
04-11 12:49:36.021 D/QmiClient( 3438): onQmiServiceEventCallback - enter. msgId=47
04-11 12:49:36.022 D/OttProxy( 3438): handleMessage msg is 3001
04-11 12:49:36.023 D/SubsysRadioIndication[1](14034): radioLinkLatencyInfoInd
04-11 12:49:36.023 D/SubsysRadioIndication[1](14034): notify enter
04-11 12:49:36.023 D/NetworkService[1](14034): handleMessage what:1008
04-11 12:49:36.023 D/NetworkService[1](14034): EVENT_REG_LINK_LATENCY_INFO_CHANGE ulLatency:6271
04-11 12:49:36.200 I/sensors-hal( 2113): handle_oplus_wise_rgb_event:189, high_pwm_light:lux 201.9,cct 6507.9,brl/algo/ir 1361.0/2.0/42.8,pwm/dc 0.0/0.0,rgbc 8970.315430/6106.133301/3940.313965/17567.458984,ts 930191395610684,cnt 54730,flag 98634
04-11 12:49:36.200 I/sensors-hal( 2113): handle_oplus_wise_rgb_event:161, wise_rgb: (54726)(cct, lux, ir)[6507.91, 201.92, 42.835991] (r, g, b, c)[9002.71, 6156.72, 3953.56, 17604.76]                 (pwm, hbm, brl, algo)[0.0 0.0 1361.0 2.0], flag 33098
04-11 12:49:36.200 D/FusionLightNextGen( 3590): process end reported = 1, mode: 0, cnt: 401855, lux 131.6, cct 7350.3, r/g/b/c: 8970.3/6106.1/3940.3/17567.5, R/G/B: 167.0/161.0/147.0, bri 1361.0, match 1.00, ir 0.051403, conf 5.0, ts 930191395610684
04-11 12:49:36.202 I/AICCTModule( 3590): SensorFilter: brightness threshold 1.2 screenNit is 95.362 ave enviroment lux is 133.99834 luxForNit 90.72293demarcationPoint200.0 result is false
04-11 12:49:36.202 I/AICCTModule( 3590): SensorFilter: findSecondNearestValue, sensorValue: 7335.093 nearestMaxValue:7335.3223 secondNearestValue: 7335.3223
04-11 12:49:36.202 I/AICCTModule( 3590): SensorFilter: findSecondNearestValue, sensorValue: 132.31993 nearestMaxValue:132.33824 secondNearestValue: 132.33824
04-11 12:49:36.306 D/SensorFeature( 2258): name=ssc_screenshot_info ,index = 22
04-11 12:49:36.306 D/SensorFeature( 2258): write 39 bytes:930191043136828,930191718631567,33099,0
04-11 12:49:36.335 D/CommonApp-264-10512(14034): transport layer data is invalid
04-11 12:49:36.337 D/CommonApp-255-10512(14034): commonScoreStrategy scenarios low package
04-11 12:49:36.337 D/ScorePolicy(14034): handleScoreChanged: []
04-11 12:49:36.337 D/ScorePolicy(14034): handleScoreChanged: []
04-11 12:49:36.337 D/ScorePolicy(14034): handleScoreChanged: []
04-11 12:49:36.394 I/SDM     ( 2181): DisplayBuiltIn::IdlePowerCollapse: IPC received, disabling partial update for one frame
04-11 12:49:36.467 I/sensors-hal( 2113): handle_oplus_wise_rgb_event:161, wise_rgb: (54731)(cct, lux, ir)[6577.27, 203.55, 42.030460] (r, g, b, c)[9012.67, 6163.32, 3986.67, 17746.96]                 (pwm, hbm, brl, algo)[0.0 0.0 1361.0 2.0], flag 33099
04-11 12:49:36.516 I/ChainTrace(12586): stream type=syncEvent gapMs=962 refreshMarket=true
04-11 12:49:36.517 E/PERFHAL-PERFCTRL( 2187): PERFHAL-PERFCTRL: chk_core_online_poll_loop() 748: poll() has timed out for /sys/kernel/msm_performance/events/cpu_hotplug
04-11 12:49:36.518 E/PERFHAL-PERFCTRL( 2187): PERFHAL-PERFCTRL: chk_core_online_poll_loop() 743: Block on poll()
04-11 12:49:36.521 I/SDM     ( 2181): DisplayBuiltIn::IdlePowerCollapse: IPC received, disabling partial update for one frame
04-11 12:49:36.543 D/QmiClient( 3438): qmiServiceEventCallback recv msg id 1099
04-11 12:49:36.543 D/QmiClient( 3438): enter -mServiceType 4 onQmiServiceEventCallback msgId 1099
04-11 12:49:36.543 D/QmiClient( 3438): onQmiServiceEventCallback - enter. msgId=1099
04-11 12:49:36.543 D/QmiVsClientEvent( 3438): QosPeriodReportInd MSG IND data_len 2052
04-11 12:49:36.543 D/QmiVsClientEvent( 3438): qmiVsClientNotifyQosPeriodReportIndEvent - RADIO_EVENT_QOS_PERIOD_REPORT_NOTIFY_IND
04-11 12:49:36.543 D/QmiClient( 2727): qmiServiceEventCallback recv msg id 1099
04-11 12:49:36.543 D/QmiClient( 2727): enter -mServiceType 4 onQmiServiceEventCallback msgId 1099
04-11 12:49:36.543 D/QmiClient( 2727): onQmiServiceEventCallback - enter. msgId=1099
04-11 12:49:36.543 D/QmiVsClientEvent( 2727): QosPeriodReportInd MSG IND data_len 2052
04-11 12:49:36.543 D/QmiVsClientEvent( 2727): qmiVsClientNotifyQosPeriodReportIndEvent - RADIO_EVENT_QOS_PERIOD_REPORT_NOTIFY_IND
04-11 12:49:36.544 D/VsProxy ( 3438): handleMessage msg is 2420
04-11 12:49:36.544 D/VsProxy ( 2727): handleMessage msg is 2420
04-11 12:49:36.544 D/VsProxy ( 2727): handleQosPeriodReportInd for instance 0 data_len 145
04-11 12:49:36.544 D/VsProxy ( 3438): handleQosPeriodReportInd for instance 1 data_len 204
04-11 12:49:36.544 D/SubsysRadioIndication[1](14034): radioQosPeriodReportInd result [8, -44, -12, -99, -49, 14, 18, 14, 8, -90, -12, -99, -49, 14, 16, 1, 32, 53, 40, 1, 72, 1, 26, 12, 8, -48, -12, -99, -49, 14, 16, 1, 40, 1, 56, 87, 34, 12, 8, -84, -69, -57, -50, 14, 16, 4, 24, 1, 32, 3, 58, 83, 8, -90, -12, -99, -49, 14, 16, 5, 24, -98, -23, 30, 32, -54, 1, 40, -94, -1, -1, -1, -1, -1, -1, -1, -1, 1, 48, -12, -1, -1, -1, -1, -1, -1, -1, -1, 1, 56, 2, 64, -94, -1, -1, -1, -1, -1, -1, -1, -1, 1, 72, -96, -1, -1, -1, -1, -1, -1, -1, -1, 1, 80, -93, -1, -1, -1, -1, -1, -1, -1, -1, 1, 88, -96, -1, -1, -1, -1, -1, -1, -1, -1, 1, 66, 31, 8, -101, -22, -108, -49, 14, 16, 5, 24, 2, 34, 19, 8, -98, -23, 30, 16, -54, 1, 24, 41, 32, 13, 40, -126, -128, -52, -67, 21, 48, 2, 90, 0, 98, 10, 8, -85, -54, -73, -50, 14, 16, 3, 24, 5, 122, 20, 8, -58, -16, -99, -49, 14, 16, -1, -1, 1, 24, -1, -1, 1, 32, -1, -1, -1, -1, 15]
04-11 12:49:36.545 D/NetworkService[1](14034): handleMessage what:1005
04-11 12:49:36.545 D/RadioAtomTracker(14034): parseQosPeriodData ModemQos:CellularQosInfo1{5G, 504990/202, EndcState=2, Band=41, DLBW=13, Rsrp=-94, Rsrq=-12, Snr=2, SvcStatus=3, ULPDCPNumDataPdu=1, ULPDCPNumDropPdu=0, ULPDCPTput=53, ULRLCNumDataPdu=1, ULRLCNumRetxPdu=0, ULGrant=0, ULBSR=0, ULBler=1, DLPDCPNumDataPdu=1, DLPDCPTput=87, DLRLCNumDataPdu=1, DLRLCNumRetxPdu=0, DLRLCNumDropPdu=0, DLMACPaddingBytes=0, DLPdcpNumMissToUppPdu=0, DLBler=0, RlfCount=0, CellChangeCount=0, IsRedirectionOccur=0, IsDualSimConflict=0, Latency=6, Sub1RrcState=1, Sub2RrcState=3, RachCount=0, CalcPower=32767, Mtpl=32767, PathLoss=-1, CellLoad=0}
04-11 12:49:36.545 D/NetworkService[1](14034): EVENT_REG_QOS_PERIOD_REPORT_IND_CHANGED ENTER
04-11 12:49:36.545 D/AtomModemKpiInfo(14034): handleMessage what:1001
04-11 12:49:36.545 D/AtomModemKpiInfo(14034): analyseQosInfo success
04-11 12:49:36.546 D/SubsysRadioIndication[0](14034): radioQosPeriodReportInd result [8, -44, -12, -99, -49, 14, 34, 12, 8, -84, -69, -57, -50, 14, 16, 4, 24, 1, 32, 3, 58, 61, 8, -11, -27, -99, -49, 14, 16, 5, 24, -64, -92, 38, 32, -22, 6, 40, -101, -1, -1, -1, -1, -1, -1, -1, -1, 1, 48, -11, -1, -1, -1, -1, -1, -1, -1, -1, 1, 56, 4, 64, -101, -1, -1, -1, -1, -1, -1, -1, -1, 1, 72, -101, -1, -1, -1, -1, -1, -1, -1, -1, 1, 66, 29, 8, -57, -20, -92, -50, 14, 16, 5, 34, 19, 8, -64, -92, 38, 16, -22, 6, 24, 78, 32, 13, 40, -117, -32, -94, -93, 2, 48, 2, 90, 0, 98, 10, 8, -41, -26, -92, -50, 14, 16, 3, 24, 5, 122, 15, 8, -8, -24, -92, -50, 14, 16, -52, 2, 24, -21, 1, 32, -90, 9]
04-11 12:49:36.546 D/NetworkService[0](14034): handleMessage what:1005
04-11 12:49:36.546 D/RadioAtomTracker(14034): parseQosPeriodData ModemQos:CellularQosInfo2{5G, 627264/874, EndcState=0, Band=78, DLBW=13, Rsrp=-101, Rsrq=-11, Snr=4, SvcStatus=3, ULPDCPNumDataPdu=-1, ULPDCPNumDropPdu=-1, ULPDCPTput=-1, ULRLCNumDataPdu=-1, ULRLCNumRetxPdu=-1, ULGrant=-1, ULBSR=-1, ULBler=-1, DLPDCPNumDataPdu=-1, DLPDCPTput=-1, DLRLCNumDataPdu=-1, DLRLCNumRetxPdu=-1, DLRLCNumDropPdu=-1, DLMACPaddingBytes=-1, DLPdcpNumMissToUppPdu=-1, DLBler=-1, RlfCount=0, CellChangeCount=0, IsRedirectionOccur=0, IsDualSimConflict=0, Latency=0, Sub1RrcState=1, Sub2RrcState=3, RachCount=0, CalcPower=332, Mtpl=235, PathLoss=1190, CellLoad=0}
04-11 12:49:36.546 D/NetworkService[0](14034): EVENT_REG_QOS_PERIOD_REPORT_IND_CHANGED ENTER
04-11 12:49:36.546 D/AtomModemKpiInfo(14034): handleMessage what:1001
04-11 12:49:36.546 D/AtomModemKpiInfo(14034): analyseQosInfo success
04-11 12:49:36.578 V/AlarmManager( 3590): sending alarm Alarm{e0e12ed type 1 origWhen 1775882976578 whenElapsed 930191992 android} uid 1000 whenElapsed 930191992 windowLength 0 maxWhenElapsed 930191992 repeatInterval 0 action null component null tag StorgaeBandInfoAlarmTag flags 0x9 procName system_server
04-11 12:49:36.578 E/OplusStorageUFSBandwidth( 3590): storage_io_metrics_path is /proc/oplus_storage/io_metrics/forever/
04-11 12:49:36.579 E/OplusStorageUFSBandwidth( 3590): Bandwidth - Read: 0.00 MB/s, Write: 0.00 MB/s
04-11 12:49:36.579 E/OplusStorageUFSBandwidth( 3590): Task time: 1ms
04-11 12:49:36.582 E/OplusStorageUFSBandwidth( 3590): Alarm set to trigger in 10 seconds
04-11 12:49:36.641 I/SDM     ( 2181): DisplayBuiltIn::IdlePowerCollapse: IPC received, disabling partial update for one frame
04-11 12:49:36.650 E/CwbService( 2181): Panel not support apl read or getDisplayPanelAplValue timeout 10ms.
04-11 12:49:36.651 D/SensorFeature( 2258): name=ssc_screenshot_info ,index = 22
04-11 12:49:36.651 D/SensorFeature( 2258): write 39 bytes:930191998219536,930192052696723,33100,0
04-11 12:49:36.651 I/sensors-hal( 2113): get_display_brightness:825, light_iface: set screenshot_info [930191998219536,930192052696723,33100,0]
04-11 12:49:36.737 I/sensors-hal( 2113): handle_oplus_wise_rgb_event:189, high_pwm_light:lux 202.6,cct 6537.7,brl/algo/ir 1361.0/2.0/42.7,pwm/dc 0.0/0.0,rgbc 9032.608398/6165.522461/3982.255859/17714.320312,ts 930192039382299,cnt 54740,flag 98636
