04-11 12:48:05.338 14034 14034 D RadioAtomTracker: parseQosPeriodData ModemQos:CellularQosInfo2{5G, 627264/874, EndcState=0, Band=78, DLBW=13, Rsrp=-92, Rsrq=-10, Snr=6, SvcStatus=3, ULPDCPNumDataPdu=-1, ULPDCPNumDropPdu=-1, ULPDCPTput=-1, ULRLCNumDataPdu=-1, ULRLCNumRetxPdu=-1, ULGrant=-1, ULBSR=-1, ULBler=-1, DLPDCPNumDataPdu=-1, DLPDCPTput=-1, DLRLCNumDataPdu=-1, DLRLCNumRetxPdu=-1, DLRLCNumDropPdu=-1, DLMACPaddingBytes=-1, DLPdcpNumMissToUppPdu=-1, DLBler=-1, RlfCount=0, CellChangeCount=0, IsRedirectionOccur=0, IsDualSimConflict=0, Latency=0, Sub1RrcState=1, Sub2RrcState=3, RachCount=0, CalcPower=332, Mtpl=235, PathLoss=1190, CellLoad=0}
04-11 12:48:05.338 14034 14747 D SubsysRadioIndication[1]: radioQosPeriodReportInd result [8, -114, -84, -104, -49, 14, 18, 12, 8, -50, -85, -104, -49, 14, 16, 2, 32, 106, 40, 2, 26, 15, 8, -50, -85, -104, -49, 14, 16, 11, 40, 10, 56, -54, 5, 72, 1, 34, 12, 8, -84, -69, -57, -50, 14, 16, 4, 24, 1, 32, 3, 58, 83, 8, -6, -86, -104, -49, 14, 16, 5, 24, -98, -23, 30, 32, -54, 1, 40, -92, -1, -1, -1, -1, -1, -1, -1, -1, 1, 48, -11, -1, -1, -1, -1, -1, -1, -1, -1, 1, 56, 3, 64, -93, -1, -1, -1, -1, -1, -1, -1, -1, 1, 72, -94, -1, -1, -1, -1, -1, -1, -1, -1, 1, 80, -97, -1, -1, -1, -1, -1, -1, -1, -1, 1, 88, -91, -1, -1, -1, -1, -1, -1, -1, -1, 1, 66, 31, 8, -101, -22, -108, -49, 14, 16, 5, 24, 2, 34, 19, 8, -98, -23, 30, 16, -54, 1, 24, 41, 32, 13, 40, -126, -128, -52, -67, 21, 48, 2, 90, 0, 98, 10, 8, -85, -54, -73, -50, 14, 16, 3, 24, 5, 122, 20, 8, -110, -86, -104, -49, 14, 16, -1, -1, 1, 24, -1, -1, 1, 32, -1, -1, -1, -1, 15]
04-11 12:48:05.338 14034 14034 D NetworkService[0]: EVENT_REG_QOS_PERIOD_REPORT_IND_CHANGED ENTER
04-11 12:48:05.338 14034 14034 D AtomModemKpiInfo: handleMessage what:1001
04-11 12:48:05.338 14034 14034 D AtomModemKpiInfo: analyseQosInfo success
04-11 12:48:05.338 14034 14034 D NetworkService[1]: handleMessage what:1005
04-11 12:48:05.339 14034 14034 D RadioAtomTracker: parseQosPeriodData ModemQos:CellularQosInfo1{5G, 504990/202, EndcState=2, Band=41, DLBW=13, Rsrp=-92, Rsrq=-11, Snr=3, SvcStatus=3, ULPDCPNumDataPdu=2, ULPDCPNumDropPdu=0, ULPDCPTput=106, ULRLCNumDataPdu=2, ULRLCNumRetxPdu=0, ULGrant=0, ULBSR=0, ULBler=0, DLPDCPNumDataPdu=10, DLPDCPTput=714, DLRLCNumDataPdu=11, DLRLCNumRetxPdu=0, DLRLCNumDropPdu=0, DLMACPaddingBytes=0, DLPdcpNumMissToUppPdu=0, DLBler=1, RlfCount=0, CellChangeCount=0, IsRedirectionOccur=0, IsDualSimConflict=0, Latency=6, Sub1RrcState=1, Sub2RrcState=3, RachCount=0, CalcPower=32767, Mtpl=32767, PathLoss=-1, CellLoad=0}
04-11 12:48:05.339 14034 14034 D NetworkService[1]: EVENT_REG_QOS_PERIOD_REPORT_IND_CHANGED ENTER
04-11 12:48:05.339 14034 14034 D AtomModemKpiInfo: handleMessage what:1001
04-11 12:48:05.339 14034 14034 D AtomModemKpiInfo: analyseQosInfo success
04-11 12:48:05.341 16527 16543 D IHansComunication: HANS sendMessageToKernel: threadId = 511992380480, netLinkSetup = 1, type = FROZEN_TRANS, targetUid = 10515, pkgCmd = PKG_CMD_MAX
04-11 12:48:05.349  2181  2506 I SDM     : DisplayBuiltIn::IdlePowerCollapse: IPC received, disabling partial update for one frame
04-11 12:48:05.354  2181 26958 E CwbService: Panel not support apl read or getDisplayPanelAplValue timeout 10ms.
04-11 12:48:05.354  2258  2258 D SensorFeature: name=ssc_screenshot_info ,index = 22
04-11 12:48:05.354  2258  2258 D SensorFeature: write 39 bytes:930100702685404,930100756146862,32820,0
04-11 12:48:05.499  3590  8836 D NotificationService--OplusNotificationFixHelper: fixAppIcon: pkg=com.v2ray.ang
04-11 12:48:05.499  3590  8836 D NotificationService--OplusNotificationFixHelper: fixAppIcon: appIcon = null, pkg = com.v2ray.ang
04-11 12:48:05.499  3590  8836 D NotificationService--NotificationRecord: isSupportRearLight , isRearLight = false mLedRM = false isMultilLed = false
04-11 12:48:05.500  3590  8836 I OplusStatusBarManagerServiceEnhance:  getTopIsFullscreen mTopIsFullscreen: false
04-11 12:48:05.500  3590  8836 W ActivityManager: Permission Denial: getTopApplicationInfo from pid=18198, uid=10397 requires oplus.permission.OPLUS_COMPONENT_SAFE
04-11 12:48:05.500  3590  8836 E OplusNotificationCenter: getForegroundApplication exception
04-11 12:48:05.500  3590  3590 D NotificationService--OplusNotificationManagerServiceExtImpl: isForwardToAssistants: true, case : Is local notification
04-11 12:48:05.500  3590  3590 D NotificationService: This application enqueue notifications is need postDelayed mcsAssistantDelayTime: 50
04-11 12:48:05.560  8338  8338 W OPLUS_LOG_LOAD: ==LOGS PROG INFO, prog(com.android.systemui) ==
04-11 12:48:05.560  8338  8338 I SystemUi--Notification: OplusLiveAlertNotificationsRepository-->onRankingApplied
04-11 12:48:05.567  8338  8338 I PluginSeedling--Track: RequestHandler-->notificationUpdated 0|com.v2ray.ang|1|null|10397 postTime: 1775882885499
04-11 12:48:05.567  8338  8338 E LockScreenNotificationDispatcherImp: updateNotificationListOnKg size:0
04-11 12:48:05.570  2113 20704 I sensors-hal: handle_oplus_wise_rgb_event:189, high_pwm_light:lux 231.8,cct 6953.4,brl/algo/ir 1320.0/2.0/40.8,pwm/dc 0.0/0.0,rgbc 10076.654297/7047.568359/4587.099609/20143.367188,ts 930100744437865,cnt 53140,flag 32820
04-11 12:48:05.570  2113 17862 I sensors-hal: handle_oplus_wise_rgb_event:161, wise_rgb: (53141)(cct, lux, ir)[6953.37, 231.81, 40.842552] (r, g, b, c)[10084.13, 7051.97, 4600.34, 20124.72]                 (pwm, hbm, brl, algo)[0.0 0.0 1320.0 2.0], flag 32820
04-11 12:48:05.570  3590  7333 D FusionLightNextGen: process end reported = 1, mode: 0, cnt: 401515, lux 166.6, cct 7717.5, r/g/b/c: 10076.7/7047.6/4587.1/20143.4, R/G/B: 167.0/161.0/147.0, bri 1320.0, match 1.00, ir 0.046068, conf 5.0, ts 930100766579844
04-11 12:48:05.572  8338  8338 W SystemUi--Notification: OplusNotificationGroupExtImpl-->setChildrenExpanded: groupHeader is null
04-11 12:48:05.572  8338  8338 I SystemUi--Notification: LockScreenNotificationDispatcherImp-->updateNotificationListOnKg resultCode: 0
04-11 12:48:05.597  8338  8706 D LocalImageResolver: Couldn't use ImageDecoder for drawable, falling back to non-resized load.
04-11 12:48:05.599  8338  8338 D OplusNotificationDateTimeView: setTime mSettingTimeMillis 1775882885496, mSettingLocalDateTime 2026-04-11T12:48:00.496
04-11 12:48:05.608  8338  8706 D LocalImageResolver: Couldn't use ImageDecoder for drawable, falling back to non-resized load.
04-11 12:48:05.610  8338  8338 D OplusNotificationDateTimeView: setTime mSettingTimeMillis 1775882885496, mSettingLocalDateTime 2026-04-11T12:48:00.496
04-11 12:48:05.615  8338  8706 D LocalImageResolver: Couldn't use ImageDecoder for drawable, falling back to non-resized load.
04-11 12:48:05.616  8338  8338 D OplusNotificationDateTimeView: setTime mSettingTimeMillis 1775882885496, mSettingLocalDateTime 2026-04-11T12:48:00.496
04-11 12:48:05.622  8338  8338 I SystemUi--Notification: OplusNotificationTempla-->resolveContentMargin: marginTop=112 isChildInGroup=false hasSubtitle=true params.topMargin=112
04-11 12:48:05.624  8338  8338 W SystemUi--Notification: OplusNotificationGroupExtImpl-->setChildrenExpanded: groupHeader is null
04-11 12:48:05.625  8338  8338 E LockScreenNotificationDispatcherImp: updateNotificationListOnKg size:0
04-11 12:48:05.628  4482  4659 W ServiceManagerCppClient: Waited one second for SystemClearService (is service started? Number of threads started in the threadpool: 16. Are binder threads started and available?)
04-11 12:48:05.628  4482  4680 W ServiceManagerCppClient: Waited one second for SystemClearService (is service started? Number of threads started in the threadpool: 16. Are binder threads started and available?)
04-11 12:48:05.629  1254 11616 W libc    : Unable to set property "ctl.interface_start" to "aidl/SystemClearService": PROP_ERROR_HANDLE_CONTROL_MESSAGE (0x20)
04-11 12:48:05.629  1254 11617 W libc    : Unable to set property "ctl.interface_start" to "aidl/SystemClearService": PROP_ERROR_HANDLE_CONTROL_MESSAGE (0x20)
04-11 12:48:05.630  8338  8338 W SystemUi--Notification: OplusNotificationGroupExtImpl-->setChildrenExpanded: groupHeader is null
04-11 12:48:05.630  8338  8338 I SystemUi--Notification: LockScreenNotificationDispatcherImp-->updateNotificationListOnKg resultCode: 0
04-11 12:48:05.634 11447 11498 I ChainTrace: stream type=syncEvent gapMs=956 refreshMarket=true
04-11 12:48:05.655  2258  2258 D SensorFeature: name=ssc_screenshot_info ,index = 22
04-11 12:48:05.656  2258  2258 D SensorFeature: write 39 bytes:930100702685404,930101069462279,32821,0
04-11 12:48:05.689  2280  2331 D BatteryChargeControl: bcc get no support from charging protocol
04-11 12:48:05.756 11447 11461 I binance.monitor: _Desupression native alloc gc_urgency: 70828 native bytes: 40069432
04-11 12:48:05.785 11447 11447 I ChainTrace: account_render phase=build_overview account=7400048@ICMarketsSC-MT5-6 durationMs=6 trades=1113 positions=6 curves=5717
04-11 12:48:05.786 11447 11447 I ChainTrace: account_render phase=bind_overview_and_filters account=7400048@ICMarketsSC-MT5-6 durationMs=1 trades=1113 positions=6 curves=5717
04-11 12:48:05.796 11447 11447 I ChainTrace: account_render phase=render_returns_table account=7400048@ICMarketsSC-MT5-6 durationMs=10 trades=1113 positions=6 curves=5717
04-11 12:48:05.799 15031 15220 D ShellSubscriberWorkerThread: the first 8 bytes empty, and RestData length > 8 
04-11 12:48:05.802 11447 11447 I ChainTrace: account_render phase=apply_curve_range account=7400048@ICMarketsSC-MT5-6 durationMs=6 trades=1113 positions=6 curves=5717
04-11 12:48:05.836  2113 17862 I sensors-hal: handle_oplus_wise_rgb_event:161, wise_rgb: (53146)(cct, lux, ir)[6974.49, 232.34, 41.300678] (r, g, b, c)[10133.96, 7095.96, 4613.59, 20252.93]                 (pwm, hbm, brl, algo)[0.0 0.0 1320.0 2.0], flag 32821
04-11 12:48:05.857 11447 11447 I ChainTrace: account_render phase=refresh_trade_stats account=7400048@ICMarketsSC-MT5-6 durationMs=55 trades=1113 positions=6 curves=5717
04-11 12:48:05.857 11447 11447 I ChainTrace: account_render phase=refresh_positions account=7400048@ICMarketsSC-MT5-6 durationMs=0 trades=1113 positions=6 curves=5717
04-11 12:48:05.865 11447 11447 I ChainTrace: account_render phase=refresh_trades account=7400048@ICMarketsSC-MT5-6 durationMs=9 trades=1113 positions=6 curves=5717
04-11 12:48:05.866 11447 11447 I ChainTrace: account_render phase=apply_snapshot_total account=7400048@ICMarketsSC-MT5-6 durationMs=108 trades=1113 positions=6 curves=5717
04-11 12:48:05.915  2258  2258 D SensorFeature: name=ssc_screenshot_info ,index = 22
04-11 12:48:05.915  2258  2258 D SensorFeature: write 39 bytes:930100702685404,930101327984310,32822,0
04-11 12:48:05.925  2113 17888 I sensors-hal: handle_sns_std_sensor_event:114, oplus rgb_rear sample: (cct, lux, ir, x, y)[9832, 24, 280, 262, 326]
04-11 12:48:05.926  2113 17888 I sensors-hal: handle_sns_std_sensor_event:116, oplus rgb_rear sample: (r, g, b, c w)[973, 1964, 429, 551, 0]
04-11 12:48:05.926  3590  9788 I AICCTModule: SensorFilter: brightness threshold 1.2 screenNit is 89.327 ave enviroment lux is 166.9677 luxForNit 93.01806demarcationPoint200.0 result is false
04-11 12:48:05.926  3590  9788 I AICCTModule: SensorFilter: findSecondNearestValue, sensorValue: 7830.9575 nearestMaxValue:7717.525 secondNearestValue: 7717.525
04-11 12:48:05.926  3590  9788 I AICCTModule: SensorFilter: findSecondNearestValue, sensorValue: 260.56915 nearestMaxValue:167.86275 secondNearestValue: 167.23387
04-11 12:48:06.010  2181  2506 I SDM     : DisplayBuiltIn::IdlePowerCollapse: IPC received, disabling partial update for one frame
04-11 12:48:06.021  3438  4039 D QmiClient: qmiServiceEventCallback recv msg id 47
04-11 12:48:06.022  3438  4039 D QmiClient: enter -mServiceType 10 onQmiServiceEventCallback msgId 47
04-11 12:48:06.022  3438  4039 D QmiClient: onQmiServiceEventCallback - enter. msgId=47
04-11 12:48:06.022  3438  3488 D OttProxy: handleMessage msg is 3001
04-11 12:48:06.022 14034 14747 D SubsysRadioIndication[1]: radioLinkLatencyInfoInd
04-11 12:48:06.022 14034 14747 D SubsysRadioIndication[1]: notify enter
04-11 12:48:06.023 14034 14034 D NetworkService[1]: handleMessage what:1008
04-11 12:48:06.023 14034 14034 D NetworkService[1]: EVENT_REG_LINK_LATENCY_INFO_CHANGE ulLatency:11845
04-11 12:48:06.103  2113 20704 I sensors-hal: handle_oplus_wise_rgb_event:189, high_pwm_light:lux 233.8,cct 6954.4,brl/algo/ir 1320.0/2.0/41.0,pwm/dc 0.0/0.0,rgbc 10188.782227/7146.551270/4640.078613/20341.513672,ts 930101288699897,cnt 53150,flag 32822
04-11 12:48:06.104  2113 17862 I sensors-hal: handle_oplus_wise_rgb_event:161, wise_rgb: (53151)(cct, lux, ir)[6954.42, 233.79, 40.992336] (r, g, b, c)[10166.36, 7128.95, 4646.70, 20332.19]                 (pwm, hbm, brl, algo)[0.0 0.0 1320.0 2.0], flag 32822
04-11 12:48:06.124  2399  2399 I OplusPerfCollect: The layer number in last 60091ms is: 2 layer, 38 time, 3 layer, 546 time, 4 layer, 44 time, 
04-11 12:48:06.222 14034 15313 D CommonApp-264-10512: transport layer data is invalid
04-11 12:48:06.223 14034 15313 D CommonApp-255-10512: commonScoreStrategy scenarios low package
04-11 12:48:06.224 14034 15313 D ScorePolicy: handleScoreChanged: []
04-11 12:48:06.224 14034 15313 D ScorePolicy: handleScoreChanged: []
04-11 12:48:06.224 14034 15313 D ScorePolicy: handleScoreChanged: []
04-11 12:48:06.233 11447 11447 I SurfaceControl:  setExtendedRangeBrightness sc=Surface(name=)/@0x13e3f08,currentBufferRatio=1.0,desiredRatio=1.0
04-11 12:48:06.234  3590  8836 V WindowManager: Relayout Window{e13b5c6 u0 com.binance.monitor}: viewVisibility=0, oldvis=0, req=315x429 , apr = 0, vsysui=, x=42, y=420
04-11 12:48:06.234  3590  8836 D InsetsSourceProvider: updateSourceFrameForServerVisibility mandatorySystemGestures EMPTY_RECT
04-11 12:48:06.235  3590  8836 D InsetsSourceProvider: updateSourceFrameForServerVisibility mandatorySystemGestures EMPTY_RECT
04-11 12:48:06.259  2181 26958 E CwbService: Panel not support apl read or getDisplayPanelAplValue timeout 10ms.
04-11 12:48:06.259  2258  2258 D SensorFeature: name=ssc_screenshot_info ,index = 22
04-11 12:48:06.260  2258  2258 D SensorFeature: write 39 bytes:930101635907904,930101662164154,32823,0
04-11 12:48:06.333  2181  2506 I SDM     : DisplayBuiltIn::IdlePowerCollapse: IPC received, disabling partial update for one frame
04-11 12:48:06.374  2113 17862 I sensors-hal: handle_oplus_wise_rgb_event:161, wise_rgb: (53156)(cct, lux, ir)[7049.10, 234.51, 40.055908] (r, g, b, c)[10206.22, 7146.55, 4653.32, 20385.80]                 (pwm, hbm, brl, algo)[0.0 0.0 1320.0 2.0], flag 32823
04-11 12:48:06.424  3438  3988 D QmiClient: qmiServiceEventCallback recv msg id 1099
04-11 12:48:06.424  3438  3988 D QmiClient: enter -mServiceType 4 onQmiServiceEventCallback msgId 1099
04-11 12:48:06.424  3438  3988 D QmiClient: onQmiServiceEventCallback - enter. msgId=1099
04-11 12:48:06.424  3438  3988 D QmiVsClientEvent: QosPeriodReportInd MSG IND data_len 2052
04-11 12:48:06.424  3438  3988 D QmiVsClientEvent: qmiVsClientNotifyQosPeriodReportIndEvent - RADIO_EVENT_QOS_PERIOD_REPORT_NOTIFY_IND
04-11 12:48:06.424  2727  3986 D QmiClient: qmiServiceEventCallback recv msg id 1099
04-11 12:48:06.424  2727  3986 D QmiClient: enter -mServiceType 4 onQmiServiceEventCallback msgId 1099
04-11 12:48:06.424  2727  3986 D QmiClient: onQmiServiceEventCallback - enter. msgId=1099
04-11 12:48:06.424  2727  3986 D QmiVsClientEvent: QosPeriodReportInd MSG IND data_len 2052
04-11 12:48:06.424  2727  3986 D QmiVsClientEvent: qmiVsClientNotifyQosPeriodReportIndEvent - RADIO_EVENT_QOS_PERIOD_REPORT_NOTIFY_IND
04-11 12:48:06.425  3438  3485 D VsProxy : handleMessage msg is 2420
04-11 12:48:06.425  2727  2826 D VsProxy : handleMessage msg is 2420
04-11 12:48:06.425  2727  2826 D VsProxy : handleQosPeriodReportInd for instance 0 data_len 145
04-11 12:48:06.425  3438  3485 D VsProxy : handleQosPeriodReportInd for instance 1 data_len 211
04-11 12:48:06.426 14034 14747 D SubsysRadioIndication[0]: radioQosPeriodReportInd result [8, -52, -76, -104, -49, 14, 34, 12, 8, -84, -69, -57, -50, 14, 16, 4, 24, 1, 32, 3, 58, 61, 8, -124, -86, -104, -49, 14, 16, 5, 24, -64, -92, 38, 32, -22, 6, 40, -92, -1, -1, -1, -1, -1, -1, -1, -1, 1, 48, -10, -1, -1, -1, -1, -1, -1, -1, -1, 1, 56, 6, 64, -98, -1, -1, -1, -1, -1, -1, -1, -1, 1, 72, -92, -1, -1, -1, -1, -1, -1, -1, -1, 1, 66, 29, 8, -57, -20, -92, -50, 14, 16, 5, 34, 19, 8, -64, -92, 38, 16, -22, 6, 24, 78, 32, 13, 40, -117, -32, -94, -93, 2, 48, 2, 90, 0, 98, 10, 8, -41, -26, -92, -50, 14, 16, 3, 24, 5, 122, 15, 8, -8, -24, -92, -50, 14, 16, -52, 2, 24, -21, 1, 32, -90, 9]
04-11 12:48:06.426 14034   947 D SubsysRadioIndication[1]: radioQosPeriodReportInd result [8, -52, -76, -104, -49, 14, 18, 20, 8, -15, -79, -104, -49, 14, 16, 10, 32, -18, 3, 40, 10, 56, -34, 1, 64, 7, 72, 1, 26, 13, 8, -113, -81, -104, -49, 14, 16, 3, 40, 4, 56, -128, 5, 34, 12, 8, -84, -69, -57, -50, 14, 16, 4, 24, 1, 32, 3, 58, 83, 8, -75, -77, -104, -49, 14, 16, 5, 24, -98, -23, 30, 32, -54, 1, 40, -93, -1, -1, -1, -1, -1, -1, -1, -1, 1, 48, -11, -1, -1, -1, -1, -1, -1, -1, -1, 1, 56, 3, 64, -93, -1, -1, -1, -1, -1, -1, -1, -1, 1, 72, -96, -1, -1, -1, -1, -1, -1, -1, -1, 1, 80, -96, -1, -1, -1, -1, -1, -1, -1, -1, 1, 88, -92, -1, -1, -1, -1, -1, -1, -1, -1, 1, 66, 31, 8, -101, -22, -108, -49, 14, 16, 5, 24, 2, 34, 19, 8, -98, -23, 30, 16, -54, 1, 24, 41, 32, 13, 40, -126, -128, -52, -67, 21, 48, 2, 90, 0, 98, 10, 8, -85, -54, -73, -50, 14, 16, 3, 24, 5, 122, 20, 8, -19, -79, -104, -49, 14, 16, -1, -1, 1, 24, -1, -1, 1, 32, -1, -1, -1, -1, 15]
04-11 12:48:06.427 14034 14034 D NetworkService[0]: handleMessage what:1005
04-11 12:48:06.427 14034 14034 D RadioAtomTracker: parseQosPeriodData ModemQos:CellularQosInfo2{5G, 627264/874, EndcState=0, Band=78, DLBW=13, Rsrp=-92, Rsrq=-10, Snr=6, SvcStatus=3, ULPDCPNumDataPdu=-1, ULPDCPNumDropPdu=-1, ULPDCPTput=-1, ULRLCNumDataPdu=-1, ULRLCNumRetxPdu=-1, ULGrant=-1, ULBSR=-1, ULBler=-1, DLPDCPNumDataPdu=-1, DLPDCPTput=-1, DLRLCNumDataPdu=-1, DLRLCNumRetxPdu=-1, DLRLCNumDropPdu=-1, DLMACPaddingBytes=-1, DLPdcpNumMissToUppPdu=-1, DLBler=-1, RlfCount=0, CellChangeCount=0, IsRedirectionOccur=0, IsDualSimConflict=0, Latency=0, Sub1RrcState=1, Sub2RrcState=3, RachCount=0, CalcPower=332, Mtpl=235, PathLoss=1190, CellLoad=0}
04-11 12:48:06.427 14034 14034 D NetworkService[0]: EVENT_REG_QOS_PERIOD_REPORT_IND_CHANGED ENTER
04-11 12:48:06.427 14034 14034 D NetworkService[1]: handleMessage what:1005
04-11 12:48:06.427 14034 14034 D RadioAtomTracker: parseQosPeriodData ModemQos:CellularQosInfo1{5G, 504990/202, EndcState=2, Band=41, DLBW=13, Rsrp=-93, Rsrq=-11, Snr=3, SvcStatus=3, ULPDCPNumDataPdu=10, ULPDCPNumDropPdu=0, ULPDCPTput=494, ULRLCNumDataPdu=10, ULRLCNumRetxPdu=0, ULGrant=222, ULBSR=7, ULBler=1, DLPDCPNumDataPdu=4, DLPDCPTput=640, DLRLCNumDataPdu=3, DLRLCNumRetxPdu=0, DLRLCNumDropPdu=0, DLMACPaddingBytes=0, DLPdcpNumMissToUppPdu=0, DLBler=0, RlfCount=0, CellChangeCount=0, IsRedirectionOccur=0, IsDualSimConflict=0, Latency=11, Sub1RrcState=1, Sub2RrcState=3, RachCount=0, CalcPower=32767, Mtpl=32767, PathLoss=-1, CellLoad=0}
04-11 12:48:06.427 14034 14034 D NetworkService[1]: EVENT_REG_QOS_PERIOD_REPORT_IND_CHANGED ENTER
04-11 12:48:06.427 14034 14034 D AtomModemKpiInfo: handleMessage what:1001
04-11 12:48:06.427 14034 14034 D AtomModemKpiInfo: analyseQosInfo success
04-11 12:48:06.441  2187  2298 E PERFHAL-PERFCTRL: PERFHAL-PERFCTRL: chk_core_online_poll_loop() 748: poll() has timed out for /sys/kernel/msm_performance/events/cpu_hotplug
04-11 12:48:06.442  2187  2298 E PERFHAL-PERFCTRL: PERFHAL-PERFCTRL: chk_core_online_poll_loop() 743: Block on poll()
04-11 12:48:06.481  3590  7344 V AlarmManager: sending alarm Alarm{c0cd2cf type 1 origWhen 1775882886478 whenElapsed 930101892 android} uid 1000 whenElapsed 930101892 windowLength 0 maxWhenElapsed 930101892 repeatInterval 0 action null component null tag StorgaeBandInfoAlarmTag flags 0x9 procName system_server
04-11 12:48:06.482  3590 10338 E OplusStorageUFSBandwidth: storage_io_metrics_path is /proc/oplus_storage/io_metrics/forever/
04-11 12:48:06.484  3590 10338 E OplusStorageUFSBandwidth: Bandwidth - Read: 0.50 MB/s, Write: 1.00 MB/s
04-11 12:48:06.484  3590 10338 E OplusStorageUFSBandwidth: Task time: 2ms
04-11 12:48:06.487  3590 10338 E OplusStorageUFSBandwidth: Alarm set to trigger in 10 seconds
04-11 12:48:06.596 11447 11498 I ChainTrace: stream type=heartbeat gapMs=962 refreshMarket=false
04-11 12:48:06.604  2181  2506 I SDM     : DisplayBuiltIn::IdlePowerCollapse: IPC received, disabling partial update for one frame
04-11 12:48:06.610  2181 23599 E CwbService: Panel not support apl read or getDisplayPanelAplValue timeout 10ms.
04-11 12:48:06.610  2258  2258 D SensorFeature: name=ssc_screenshot_info ,index = 22
04-11 12:48:06.611  2258  2258 D SensorFeature: write 39 bytes:930101958180560,930102012578685,32824,0
04-11 12:48:06.628  4482  4659 W ServiceManagerCppClient: Waited one second for SystemClearService (is service started? Number of threads started in the threadpool: 16. Are binder threads started and available?)
04-11 12:48:06.629  4482  4680 W ServiceManagerCppClient: Waited one second for SystemClearService (is service started? Number of threads started in the threadpool: 16. Are binder threads started and available?)
04-11 12:48:06.630  1254 11633 W libc    : Unable to set property "ctl.interface_start" to "aidl/SystemClearService": PROP_ERROR_HANDLE_CONTROL_MESSAGE (0x20)
04-11 12:48:06.631  1254 11634 W libc    : Unable to set property "ctl.interface_start" to "aidl/SystemClearService": PROP_ERROR_HANDLE_CONTROL_MESSAGE (0x20)
04-11 12:48:06.636  2113 20704 I sensors-hal: handle_oplus_wise_rgb_event:189, high_pwm_light:lux 233.9,cct 7034.7,brl/algo/ir 1320.0/2.0/40.5,pwm/dc 0.0/0.0,rgbc 10258.550781/7181.745117/4686.435059/20537.328125,ts 930101976862865,cnt 53160,flag 32824
04-11 12:48:06.637  2113 17862 I sensors-hal: handle_oplus_wise_rgb_event:161, wise_rgb: (53161)(cct, lux, ir)[7034.66, 233.88, 40.527660] (r, g, b, c)[10300.91, 7221.34, 4695.26, 20546.65]                 (pwm, hbm, brl, algo)[0.0 0.0 1320.0 2.0], flag 32824
04-11 12:48:06.690  2280  2331 D BatteryChargeControl: bcc get no support from charging protocol
04-11 12:48:06.913  2258  2258 D SensorFeature: name=ssc_screenshot_info ,index = 22
04-11 12:48:06.913  2258  2258 D SensorFeature: write 39 bytes:930101958180560,930102325755247,32825,0
04-11 12:48:06.917  3590  7333 D FusionLightNextGen: process end reported = 1, mode: 0, cnt: 401520, lux 172.8, cct 7634.3, r/g/b/c: 10403.1/7282.9/4739.4/20737.8, R/G/B: 167.0/161.0/147.0, bri 1320.0, match 1.00, ir 0.048104, conf 5.0, ts 930102287544584
04-11 12:48:06.918  2113 17862 I sensors-hal: handle_oplus_wise_rgb_event:161, wise_rgb: (53166)(cct, lux, ir)[7053.64, 237.21, 40.036594] (r, g, b, c)[10393.11, 7282.93, 4735.00, 20737.81]                 (pwm, hbm, brl, algo)[0.0 0.0 1320.0 2.0], flag 32825
04-11 12:48:07.061  2181  2506 I SDM     : DisplayBuiltIn::IdlePowerCollapse: IPC received, disabling partial update for one frame
04-11 12:48:07.064  3438  4039 D QmiClient: qmiServiceEventCallback recv msg id 47
04-11 12:48:07.064  3438  4039 D QmiClient: enter -mServiceType 10 onQmiServiceEventCallback msgId 47
04-11 12:48:07.064  3438  4039 D QmiClient: onQmiServiceEventCallback - enter. msgId=47
04-11 12:48:07.064  3438  3488 D OttProxy: handleMessage msg is 3001
04-11 12:48:07.064 14034   947 D SubsysRadioIndication[1]: radioLinkLatencyInfoInd
04-11 12:48:07.064 14034   947 D SubsysRadioIndication[1]: notify enter
04-11 12:48:07.065 14034 14034 D NetworkService[1]: handleMessage what:1008
04-11 12:48:07.065 14034 14034 D NetworkService[1]: EVENT_REG_LINK_LATENCY_INFO_CHANGE ulLatency:5630
04-11 12:48:07.126  3590  9788 I AICCTModule: SensorFilter: brightness threshold 1.2 screenNit is 89.327 ave enviroment lux is 171.57411 luxForNit 93.29137demarcationPoint200.0 result is false
04-11 12:48:07.126  3590  9788 I AICCTModule: SensorFilter: findSecondNearestValue, sensorValue: 7717.525 nearestMaxValue:7710.3794 secondNearestValue: 7710.3794
04-11 12:48:07.126  3590  9788 I AICCTModule: SensorFilter: findSecondNearestValue, sensorValue: 167.23387 nearestMaxValue:168.6175 secondNearestValue: 168.6175
04-11 12:48:07.148 13839 14712 I SmartDataSwitchStateManager: handle message:7
04-11 12:48:07.149 13839 14712 I SmartDataSwitchSM: [DisableState]Handle msg: 2
04-11 12:48:07.149 13839 14712 I SmartDataSwitchSM: [DisableState]handle state change, reason:DataScoreLow
04-11 12:48:07.170  2113 20704 I sensors-hal: handle_oplus_wise_rgb_event:189, high_pwm_light:lux 238.6,cct 7009.4,brl/algo/ir 1320.0/2.0/41.5,pwm/dc 0.0/0.0,rgbc 10393.105469/7287.327148/4743.829102/20779.769531,ts 930102344012397,cnt 53170,flag 32825
04-11 12:48:07.170  2113 17862 I sensors-hal: handle_oplus_wise_rgb_event:161, wise_rgb: (53171)(cct, lux, ir)[7009.38, 238.59, 41.489204] (r, g, b, c)[10398.09, 7280.73, 4737.21, 20777.43]                 (pwm, hbm, brl, algo)[0.0 0.0 1320.0 2.0], flag 32825
04-11 12:48:07.246 14034 15313 D CommonApp-264-10512: transport layer data is invalid
04-11 12:48:07.247 14034 15313 D CommonApp-255-10512: commonScoreStrategy scenarios low package
04-11 12:48:07.247 14034 15313 D ScorePolicy: handleScoreChanged: []
04-11 12:48:07.247 14034 15313 D ScorePolicy: handleScoreChanged: []
04-11 12:48:07.247 14034 15313 D ScorePolicy: handleScoreChanged: []
04-11 12:48:07.289  2181  2506 I SDM     : DisplayBuiltIn::IdlePowerCollapse: IPC received, disabling partial update for one frame
04-11 12:48:07.298  2181 23599 E CwbService: Panel not support apl read or getDisplayPanelAplValue timeout 10ms.
04-11 12:48:07.299  2258  2258 D SensorFeature: name=ssc_screenshot_info ,index = 22
04-11 12:48:07.299  2258  2258 D SensorFeature: write 39 bytes:930102646521028,930102700877122,32826,0
04-11 12:48:07.441  2113 17862 I sensors-hal: handle_oplus_wise_rgb_event:161, wise_rgb: (53176)(cct, lux, ir)[7017.58, 238.78, 40.436661] (r, g, b, c)[10360.71, 7269.73, 4732.79, 20665.54]                 (pwm, hbm, brl, algo)[0.0 0.0 1320.0 2.0], flag 32826
04-11 12:48:07.452  2727  3986 D QmiClient: qmiServiceEventCallback recv msg id 1099
04-11 12:48:07.452  2727  3986 D QmiClient: enter -mServiceType 4 onQmiServiceEventCallback msgId 1099
04-11 12:48:07.452  2727  3986 D QmiClient: onQmiServiceEventCallback - enter. msgId=1099
04-11 12:48:07.452  2727  3986 D QmiVsClientEvent: QosPeriodReportInd MSG IND data_len 2052
04-11 12:48:07.452  2727  3986 D QmiVsClientEvent: qmiVsClientNotifyQosPeriodReportIndEvent - RADIO_EVENT_QOS_PERIOD_REPORT_NOTIFY_IND
04-11 12:48:07.452  3438  3988 D QmiClient: qmiServiceEventCallback recv msg id 1099
04-11 12:48:07.452  2727  2826 D VsProxy : handleMessage msg is 2420
04-11 12:48:07.452  2727  2826 D VsProxy : handleQosPeriodReportInd for instance 0 data_len 145
04-11 12:48:07.452  3438  3988 D QmiClient: enter -mServiceType 4 onQmiServiceEventCallback msgId 1099
04-11 12:48:07.452  3438  3988 D QmiClient: onQmiServiceEventCallback - enter. msgId=1099
04-11 12:48:07.452  3438  3988 D QmiVsClientEvent: QosPeriodReportInd MSG IND data_len 2052
04-11 12:48:07.452  3438  3988 D QmiVsClientEvent: qmiVsClientNotifyQosPeriodReportIndEvent - RADIO_EVENT_QOS_PERIOD_REPORT_NOTIFY_IND
04-11 12:48:07.453  3438  3485 D VsProxy : handleMessage msg is 2420
04-11 12:48:07.453  3438  3485 D VsProxy : handleQosPeriodReportInd for instance 1 data_len 204
04-11 12:48:07.453 14034   947 D SubsysRadioIndication[0]: radioQosPeriodReportInd result [8, -47, -68, -104, -49, 14, 34, 12, 8, -84, -69, -57, -50, 14, 16, 4, 24, 1, 32, 3, 58, 61, 8, -124, -86, -104, -49, 14, 16, 5, 24, -64, -92, 38, 32, -22, 6, 40, -92, -1, -1, -1, -1, -1, -1, -1, -1, 1, 48, -10, -1, -1, -1, -1, -1, -1, -1, -1, 1, 56, 6, 64, -98, -1, -1, -1, -1, -1, -1, -1, -1, 1, 72, -92, -1, -1, -1, -1, -1, -1, -1, -1, 1, 66, 29, 8, -57, -20, -92, -50, 14, 16, 5, 34, 19, 8, -64, -92, 38, 16, -22, 6, 24, 78, 32, 13, 40, -117, -32, -94, -93, 2, 48, 2, 90, 0, 98, 10, 8, -41, -26, -92, -50, 14, 16, 3, 24, 5, 122, 15, 8, -8, -24, -92, -50, 14, 16, -52, 2, 24, -21, 1, 32, -90, 9]
04-11 12:48:07.454 14034 14034 D NetworkService[0]: handleMessage what:1005
04-11 12:48:07.454 14034 14034 D RadioAtomTracker: parseQosPeriodData ModemQos:CellularQosInfo2{5G, 627264/874, EndcState=0, Band=78, DLBW=13, Rsrp=-92, Rsrq=-10, Snr=6, SvcStatus=3, ULPDCPNumDataPdu=-1, ULPDCPNumDropPdu=-1, ULPDCPTput=-1, ULRLCNumDataPdu=-1, ULRLCNumRetxPdu=-1, ULGrant=-1, ULBSR=-1, ULBler=-1, DLPDCPNumDataPdu=-1, DLPDCPTput=-1, DLRLCNumDataPdu=-1, DLRLCNumRetxPdu=-1, DLRLCNumDropPdu=-1, DLMACPaddingBytes=-1, DLPdcpNumMissToUppPdu=-1, DLBler=-1, RlfCount=0, CellChangeCount=0, IsRedirectionOccur=0, IsDualSimConflict=0, Latency=0, Sub1RrcState=1, Sub2RrcState=3, RachCount=0, CalcPower=332, Mtpl=235, PathLoss=1190, CellLoad=0}
04-11 12:48:07.455 14034   947 D SubsysRadioIndication[1]: radioQosPeriodReportInd result [8, -47, -68, -104, -49, 14, 18, 14, 8, -27, -70, -104, -49, 14, 16, 1, 32, 53, 40, 1, 72, 1, 26, 12, 8, -14, -70, -104, -49, 14, 16, 1, 40, 1, 56, 92, 34, 12, 8, -84, -69, -57, -50, 14, 16, 4, 24, 1, 32, 3, 58, 83, 8, -110, -68, -104, -49, 14, 16, 5, 24, -98, -23, 30, 32, -54, 1, 40, -93, -1, -1, -1, -1, -1, -1, -1, -1, 1, 48, -11, -1, -1, -1, -1, -1, -1, -1, -1, 1, 56, 4, 64, -93, -1, -1, -1, -1, -1, -1, -1, -1, 1, 72, -95, -1, -1, -1, -1, -1, -1, -1, -1, 1, 80, -94, -1, -1, -1, -1, -1, -1, -1, -1, 1, 88, -90, -1, -1, -1, -1, -1, -1, -1, -1, 1, 66, 31, 8, -101, -22, -108, -49, 14, 16, 5, 24, 2, 34, 19, 8, -98, -23, 30, 16, -54, 1, 24, 41, 32, 13, 40, -126, -128, -52, -67, 21, 48, 2, 90, 0, 98, 10, 8, -85, -54, -73, -50, 14, 16, 3, 24, 5, 122, 20, 8, -46, -71, -104, -49, 14, 16, -1, -1, 1, 24, -1, -1, 1, 32, -1, -1, -1, -1, 15]
04-11 12:48:07.455 14034 14034 D NetworkService[0]: EVENT_REG_QOS_PERIOD_REPORT_IND_CHANGED ENTER
04-11 12:48:07.455 14034 14034 D NetworkService[1]: handleMessage what:1005
04-11 12:48:07.455 14034 14034 D RadioAtomTracker: parseQosPeriodData ModemQos:CellularQosInfo1{5G, 504990/202, EndcState=2, Band=41, DLBW=13, Rsrp=-93, Rsrq=-11, Snr=4, SvcStatus=3, ULPDCPNumDataPdu=1, ULPDCPNumDropPdu=0, ULPDCPTput=53, ULRLCNumDataPdu=1, ULRLCNumRetxPdu=0, ULGrant=0, ULBSR=0, ULBler=1, DLPDCPNumDataPdu=1, DLPDCPTput=92, DLRLCNumDataPdu=1, DLRLCNumRetxPdu=0, DLRLCNumDropPdu=0, DLMACPaddingBytes=0, DLPdcpNumMissToUppPdu=0, DLBler=0, RlfCount=0, CellChangeCount=0, IsRedirectionOccur=0, IsDualSimConflict=0, Latency=5, Sub1RrcState=1, Sub2RrcState=3, RachCount=0, CalcPower=32767, Mtpl=32767, PathLoss=-1, CellLoad=0}
04-11 12:48:07.455 14034 14034 D NetworkService[1]: EVENT_REG_QOS_PERIOD_REPORT_IND_CHANGED ENTER
04-11 12:48:07.455 14034 14034 D AtomModemKpiInfo: handleMessage what:1001
04-11 12:48:07.455 14034 14034 D AtomModemKpiInfo: analyseQosInfo success
04-11 12:48:07.608  2258  2258 D SensorFeature: name=ssc_screenshot_info ,index = 22
04-11 12:48:07.609  2258  2258 D SensorFeature: write 39 bytes:930102646521028,930103020691966,32827,0
04-11 12:48:07.630  4482  4659 W ServiceManagerCppClient: Waited one second for SystemClearService (is service started? Number of threads started in the threadpool: 16. Are binder threads started and available?)
04-11 12:48:07.631  4482  4680 W ServiceManagerCppClient: Waited one second for SystemClearService (is service started? Number of threads started in the threadpool: 16. Are binder threads started and available?)
04-11 12:48:07.633  1254 11644 W libc    : Unable to set property "ctl.interface_start" to "aidl/SystemClearService": PROP_ERROR_HANDLE_CONTROL_MESSAGE (0x20)
04-11 12:48:07.633  1254 11645 W libc    : Unable to set property "ctl.interface_start" to "aidl/SystemClearService": PROP_ERROR_HANDLE_CONTROL_MESSAGE (0x20)
04-11 12:48:07.691  2280  2331 D BatteryChargeControl: bcc get no support from charging protocol
04-11 12:48:07.703  2113 20704 I sensors-hal: handle_oplus_wise_rgb_event:189, high_pwm_light:lux 239.4,cct 7078.9,brl/algo/ir 1320.0/2.0/39.3,pwm/dc 0.0/0.0,rgbc 10360.713867/7263.130859/4719.547363/20679.527344,ts 930102976753334,cnt 53180,flag 32827
04-11 12:48:07.703  2113 17862 I sensors-hal: handle_oplus_wise_rgb_event:161, wise_rgb: (53181)(cct, lux, ir)[7078.89, 239.39, 39.325764] (r, g, b, c)[10383.14, 7269.73, 4721.75, 20709.83]                 (pwm, hbm, brl, algo)[0.0 0.0 1320.0 2.0], flag 32827
04-11 12:48:07.715 11447 11498 I ChainTrace: stream type=syncEvent gapMs=1119 refreshMarket=true
04-11 12:48:07.730  3590  8836 V WindowManager: Relayout Window{e13b5c6 u0 com.binance.monitor}: viewVisibility=0, oldvis=0, req=315x429 , apr = 0, vsysui=, x=42, y=420
04-11 12:48:07.730 11447 11447 I SurfaceControl:  setExtendedRangeBrightness sc=Surface(name=)/@0x13e3f08,currentBufferRatio=1.0,desiredRatio=1.0
04-11 12:48:07.731  3590  8836 D InsetsSourceProvider: updateSourceFrameForServerVisibility mandatorySystemGestures EMPTY_RECT
04-11 12:48:07.731  3590  8836 D InsetsSourceProvider: updateSourceFrameForServerVisibility mandatorySystemGestures EMPTY_RECT
04-11 12:48:07.822  2181  2506 I SDM     : DisplayBuiltIn::IdlePowerCollapse: IPC received, disabling partial update for one frame
04-11 12:48:07.902 11447 11651 D libc-netbsd: [oplusDnsOpenProxy]: __netdClientDispatch.connect errno = 111
04-11 12:48:07.903 11447 11651 D DNS_CACHE: oplus_oplus_getaddrinfo_proxy open dns proxy failed, use android flow: 10512
04-11 12:48:07.905 11447 11651 D libc-netbsd: [oplusDnsOpenProxy]: __netdClientDispatch.connect errno = 111
04-11 12:48:07.916 18198 18406 I GoLog   : from tcp:127.0.0.1:41094 accepted tcp:43.155.214.62:443 [socks >> proxy]
04-11 12:48:07.926  2113 17888 I sensors-hal: handle_sns_std_sensor_event:114, oplus rgb_rear sample: (cct, lux, ir, x, y)[9907, 25, 277, 261, 326]
04-11 12:48:07.926  2113 17888 I sensors-hal: handle_sns_std_sensor_event:116, oplus rgb_rear sample: (r, g, b, c w)[997, 2025, 442, 562, 0]
04-11 12:48:07.948  2181  2506 I SDM     : DisplayBuiltIn::IdlePowerCollapse: IPC received, disabling partial update for one frame
04-11 12:48:07.952  2181 23599 E CwbService: Panel not support apl read or getDisplayPanelAplValue timeout 10ms.
04-11 12:48:07.952  2258  2258 D SensorFeature: name=ssc_screenshot_info ,index = 22
04-11 12:48:07.952  2258  2258 D SensorFeature: write 39 bytes:930103302018372,930103355087434,32828,0
04-11 12:48:07.970  2113 17862 I sensors-hal: handle_oplus_wise_rgb_event:161, wise_rgb: (53186)(cct, lux, ir)[6979.87, 238.17, 40.217110] (r, g, b, c)[10340.78, 7238.94, 4712.92, 20658.55]                 (pwm, hbm, brl, algo)[0.0 0.0 1320.0 2.0], flag 32828
04-11 12:48:08.022  3438  4039 D QmiClient: qmiServiceEventCallback recv msg id 47
04-11 12:48:08.022  3438  4039 D QmiClient: enter -mServiceType 10 onQmiServiceEventCallback msgId 47
04-11 12:48:08.022  3438  4039 D QmiClient: onQmiServiceEventCallback - enter. msgId=47
04-11 12:48:08.022  3438  3488 D OttProxy: handleMessage msg is 3001
04-11 12:48:08.023 14034   947 D SubsysRadioIndication[1]: radioLinkLatencyInfoInd
04-11 12:48:08.023 14034   947 D SubsysRadioIndication[1]: notify enter
04-11 12:48:08.023 14034 14034 D NetworkService[1]: handleMessage what:1008
04-11 12:48:08.023 14034 14034 D NetworkService[1]: EVENT_REG_LINK_LATENCY_INFO_CHANGE ulLatency:14471
04-11 12:48:08.167 17904 17935 W OPLUS_LOG_LOAD: ==LOGS PROG INFO, prog(com.oplus.camera) ==
04-11 12:48:08.167 17904 17935 I APS_ALOG: flushRoutine g_immediateFlush=0 g_pendingCount=0 g_oobCount=0
04-11 12:48:08.179 13843 14368 D gaia-GaiaConnectChecker: start connect check++
04-11 12:48:08.182  3590  7335 D ActivityManager: freezing 23510 com.tencent.soter.soterserver
04-11 12:48:08.183  3590  7335 D ActivityManager: Freeze process 23510, not check file locks
04-11 12:48:08.183  3590  7335 D ActivityManager: reportOneUidFrozenStateChanged uid 10249 frozen = true
04-11 12:48:08.187  3590  7902 D InetDiagMessage: Destroyed 0 sockets, proto=IPPROTO_TCP, family=AF_INET, states=14
04-11 12:48:08.191  3590  7902 D InetDiagMessage: Destroyed 0 sockets, proto=IPPROTO_TCP, family=AF_INET6, states=14
04-11 12:48:08.191  3590  7902 D InetDiagMessage: Destroyed live tcp sockets for uids={10249} in 7ms
04-11 12:48:08.255  2258  2258 D SensorFeature: name=ssc_screenshot_info ,index = 22
04-11 12:48:08.255  2258  2258 D SensorFeature: write 39 bytes:930103302018372,930103668082955,32829,0
04-11 12:48:08.257  2113 20704 I sensors-hal: handle_oplus_wise_rgb_event:189, high_pwm_light:lux 238.8,cct 6936.6,brl/algo/ir 1320.0/2.0/40.3,pwm/dc 0.0/0.0,rgbc 10348.253906/7243.334473/4721.754395/20677.197266,ts 930103598078126,cnt 53190,flag 32829
04-11 12:48:08.257  2113 17862 I sensors-hal: handle_oplus_wise_rgb_event:161, wise_rgb: (53191)(cct, lux, ir)[6936.63, 238.76, 40.331924] (r, g, b, c)[10330.81, 7247.73, 4715.13, 20677.20]                 (pwm, hbm, brl, algo)[0.0 0.0 1320.0 2.0], flag 32829
04-11 12:48:08.257  3590  7333 D FusionLightNextGen: process end reported = 1, mode: 0, cnt: 401525, lux 172.4, cct 7670.0, r/g/b/c: 10350.7/7243.3/4715.1/20667.9, R/G/B: 167.0/161.0/147.0, bri 1320.0, match 1.00, ir 0.046858, conf 5.0, ts 930103620220157
04-11 12:48:08.258  3590  9788 I AICCTModule: SensorFilter: brightness threshold 1.2 screenNit is 89.327 ave enviroment lux is 172.32991 luxForNit 93.3358demarcationPoint200.0 result is false
04-11 12:48:08.258  3590  9788 I AICCTModule: SensorFilter: findSecondNearestValue, sensorValue: 7710.3794 nearestMaxValue:7713.754 secondNearestValue: 7713.754
04-11 12:48:08.258  3590  9788 I AICCTModule: SensorFilter: findSecondNearestValue, sensorValue: 168.6175 nearestMaxValue:172.2949 secondNearestValue: 172.2949
04-11 12:48:08.270 14034 15313 D CommonApp-264-10512: transport layer data is invalid
04-11 12:48:08.271 14034 15313 D CommonApp-255-10512: commonScoreStrategy scenarios low package
04-11 12:48:08.271 14034 15313 D ScorePolicy: handleScoreChanged: []
04-11 12:48:08.271 14034 15313 D ScorePolicy: handleScoreChanged: []
04-11 12:48:08.271 14034 15313 D ScorePolicy: handleScoreChanged: []
04-11 12:48:08.455  2727  3986 D QmiClient: qmiServiceEventCallback recv msg id 1099
04-11 12:48:08.455  2727  3986 D QmiClient: enter -mServiceType 4 onQmiServiceEventCallback msgId 1099
04-11 12:48:08.455  2727  3986 D QmiClient: onQmiServiceEventCallback - enter. msgId=1099
04-11 12:48:08.455  2727  3986 D QmiVsClientEvent: QosPeriodReportInd MSG IND data_len 2052
04-11 12:48:08.455  2727  3986 D QmiVsClientEvent: qmiVsClientNotifyQosPeriodReportIndEvent - RADIO_EVENT_QOS_PERIOD_REPORT_NOTIFY_IND
04-11 12:48:08.455  3438  3988 D QmiClient: qmiServiceEventCallback recv msg id 1099
04-11 12:48:08.455  3438  3988 D QmiClient: enter -mServiceType 4 onQmiServiceEventCallback msgId 1099
04-11 12:48:08.455  3438  3988 D QmiClient: onQmiServiceEventCallback - enter. msgId=1099
04-11 12:48:08.455  3438  3988 D QmiVsClientEvent: QosPeriodReportInd MSG IND data_len 2052
04-11 12:48:08.455  3438  3988 D QmiVsClientEvent: qmiVsClientNotifyQosPeriodReportIndEvent - RADIO_EVENT_QOS_PERIOD_REPORT_NOTIFY_IND
04-11 12:48:08.456  3438  3485 D VsProxy : handleMessage msg is 2420
04-11 12:48:08.456  2727  2826 D VsProxy : handleMessage msg is 2420
04-11 12:48:08.456  3438  3485 D VsProxy : handleQosPeriodReportInd for instance 1 data_len 201
04-11 12:48:08.456  2727  2826 D VsProxy : handleQosPeriodReportInd for instance 0 data_len 145
04-11 12:48:08.456 14034 14747 D SubsysRadioIndication[0]: radioQosPeriodReportInd result [8, -71, -60, -104, -49, 14, 34, 12, 8, -84, -69, -57, -50, 14, 16, 4, 24, 1, 32, 3, 58, 61, 8, -75, -67, -104, -49, 14, 16, 5, 24, -64, -92, 38, 32, -22, 6, 40, -93, -1, -1, -1, -1, -1, -1, -1, -1, 1, 48, -10, -1, -1, -1, -1, -1, -1, -1, -1, 1, 56, 6, 64, -98, -1, -1, -1, -1, -1, -1, -1, -1, 1, 72, -93, -1, -1, -1, -1, -1, -1, -1, -1, 1, 66, 29, 8, -57, -20, -92, -50, 14, 16, 5, 34, 19, 8, -64, -92, 38, 16, -22, 6, 24, 78, 32, 13, 40, -117, -32, -94, -93, 2, 48, 2, 90, 0, 98, 10, 8, -41, -26, -92, -50, 14, 16, 3, 24, 5, 122, 15, 8, -8, -24, -92, -50, 14, 16, -52, 2, 24, -21, 1, 32, -90, 9]
04-11 12:48:08.457 14034   947 D SubsysRadioIndication[1]: radioQosPeriodReportInd result [8, -71, -60, -104, -49, 14, 18, 15, 8, -43, -61, -104, -49, 14, 16, 6, 32, -71, 16, 40, 6, 72, 1, 26, 13, 8, -122, -61, -104, -49, 14, 16, 13, 40, 11, 56, -54, 70, 34, 12, 8, -84, -69, -57, -50, 14, 16, 4, 24, 1, 32, 3, 58, 83, 8, -90, -60, -104, -49, 14, 16, 5, 24, -98, -23, 30, 32, -54, 1, 40, -92, -1, -1, -1, -1, -1, -1, -1, -1, 1, 48, -11, -1, -1, -1, -1, -1, -1, -1, -1, 1, 56, 5, 64, -92, -1, -1, -1, -1, -1, -1, -1, -1, 1, 72, -94, -1, -1, -1, -1, -1, -1, -1, -1, 1, 80, -93, -1, -1, -1, -1, -1, -1, -1, -1, 1, 88, -89, -1, -1, -1, -1, -1, -1, -1, -1, 1, 66, 31, 8, -101, -22, -108, -49, 14, 16, 5, 24, 2, 34, 19, 8, -98, -23, 30, 16, -54, 1, 24, 41, 32, 13, 40, -126, -128, -52, -67, 21, 48, 2, 90, 0, 98, 10, 8, -85, -54, -73, -50, 14, 16, 3, 24, 5, 122, 15, 8, -117, -62, -104, -49, 14, 16, -23, 1, 24, -11, 1, 32, -32, 8]
04-11 12:48:08.457 14034 14034 D NetworkService[0]: handleMessage what:1005
04-11 12:48:08.457 14034 14034 D RadioAtomTracker: parseQosPeriodData ModemQos:CellularQosInfo2{5G, 627264/874, EndcState=0, Band=78, DLBW=13, Rsrp=-93, Rsrq=-10, Snr=6, SvcStatus=3, ULPDCPNumDataPdu=-1, ULPDCPNumDropPdu=-1, ULPDCPTput=-1, ULRLCNumDataPdu=-1, ULRLCNumRetxPdu=-1, ULGrant=-1, ULBSR=-1, ULBler=-1, DLPDCPNumDataPdu=-1, DLPDCPTput=-1, DLRLCNumDataPdu=-1, DLRLCNumRetxPdu=-1, DLRLCNumDropPdu=-1, DLMACPaddingBytes=-1, DLPdcpNumMissToUppPdu=-1, DLBler=-1, RlfCount=0, CellChangeCount=0, IsRedirectionOccur=0, IsDualSimConflict=0, Latency=0, Sub1RrcState=1, Sub2RrcState=3, RachCount=0, CalcPower=332, Mtpl=235, PathLoss=1190, CellLoad=0}
04-11 12:48:08.458 14034 14034 D NetworkService[0]: EVENT_REG_QOS_PERIOD_REPORT_IND_CHANGED ENTER
04-11 12:48:08.458 14034 14034 D NetworkService[1]: handleMessage what:1005
04-11 12:48:08.458 14034 14034 D RadioAtomTracker: parseQosPeriodData ModemQos:CellularQosInfo1{5G, 504990/202, EndcState=2, Band=41, DLBW=13, Rsrp=-92, Rsrq=-11, Snr=5, SvcStatus=3, ULPDCPNumDataPdu=6, ULPDCPNumDropPdu=0, ULPDCPTput=2105, ULRLCNumDataPdu=6, ULRLCNumRetxPdu=0, ULGrant=0, ULBSR=0, ULBler=1, DLPDCPNumDataPdu=11, DLPDCPTput=9034, DLRLCNumDataPdu=13, DLRLCNumRetxPdu=0, DLRLCNumDropPdu=0, DLMACPaddingBytes=0, DLPdcpNumMissToUppPdu=0, DLBler=0, RlfCount=0, CellChangeCount=0, IsRedirectionOccur=0, IsDualSimConflict=0, Latency=14, Sub1RrcState=1, Sub2RrcState=3, RachCount=0, CalcPower=233, Mtpl=245, PathLoss=1120, CellLoad=0}
04-11 12:48:08.458 14034 14034 D NetworkService[1]: EVENT_REG_QOS_PERIOD_REPORT_IND_CHANGED ENTER
04-11 12:48:08.458 14034 14034 D AtomModemKpiInfo: handleMessage what:1001
04-11 12:48:08.458 14034 14034 D AtomModemKpiInfo: analyseQosInfo success
04-11 12:48:08.484  3590  7344 W OPLUS_LOG_LOAD: ==LOGS PROG INFO, prog(system_server) ==
04-11 12:48:08.484  3590  7344 V AlarmManager: sending alarm Alarm{41a4cc7 type 1 origWhen 1775882888484 whenElapsed 930103898 android} uid 1000 whenElapsed 930103898 windowLength 0 maxWhenElapsed 930103898 repeatInterval 0 action null component null tag StorgaeBandInfoAlarmTag flags 0x9 procName system_server
04-11 12:48:08.485  3590 10338 E OplusStorageUFSBandwidth: storage_io_metrics_path is /proc/oplus_storage/io_metrics/forever/
04-11 12:48:08.486  3590 10338 E OplusStorageUFSBandwidth: Bandwidth - Read: 1.00 MB/s, Write: 0.00 MB/s
04-11 12:48:08.486  3590 10338 E OplusStorageUFSBandwidth: Task time: 1ms
04-11 12:48:08.488  3590 10338 E OplusStorageUFSBandwidth: Alarm set to trigger in 10 seconds
04-11 12:48:08.503  2113 17862 I sensors-hal: handle_oplus_wise_rgb_event:161, wise_rgb: (53196)(cct, lux, ir)[7034.66, 238.48, 40.320259] (r, g, b, c)[10368.19, 7238.94, 4726.17, 20691.18]                 (pwm, hbm, brl, algo)[0.0 0.0 1320.0 2.0], flag 32829
04-11 12:48:08.505  3590  3646 D NotificationService--OplusNotificationFixHelper: fixAppIcon: pkg=com.v2ray.ang
04-11 12:48:08.505  3590  3646 D NotificationService--OplusNotificationFixHelper: fixAppIcon: appIcon = null, pkg = com.v2ray.ang
04-11 12:48:08.505  3590  3646 D NotificationService--NotificationRecord: isSupportRearLight , isRearLight = false mLedRM = false isMultilLed = false
04-11 12:48:08.506  3590  3646 I OplusStatusBarManagerServiceEnhance:  getTopIsFullscreen mTopIsFullscreen: false
04-11 12:48:08.506  3590  3646 W ActivityManager: Permission Denial: getTopApplicationInfo from pid=18198, uid=10397 requires oplus.permission.OPLUS_COMPONENT_SAFE
04-11 12:48:08.507  3590  3646 E OplusNotificationCenter: getForegroundApplication exception
04-11 12:48:08.507  3590  3590 D NotificationService--OplusNotificationManagerServiceExtImpl: isForwardToAssistants: true, case : Is local notification
04-11 12:48:08.507  3590  3590 D NotificationService: This application enqueue notifications is need postDelayed mcsAssistantDelayTime: 50
04-11 12:48:08.556  2258  2258 D SensorFeature: name=ssc_screenshot_info ,index = 22
04-11 12:48:08.556  2258  2258 D SensorFeature: write 39 bytes:930103302018372,930103970187226,32830,0
04-11 12:48:08.560  8338  8338 I SystemUi--Notification: OplusLiveAlertNotificationsRepository-->onRankingApplied
04-11 12:48:08.565  8338  8338 I PluginSeedling--Track: RequestHandler-->notificationUpdated 0|com.v2ray.ang|1|null|10397 postTime: 1775882888505
04-11 12:48:08.565  8338  8338 E LockScreenNotificationDispatcherImp: updateNotificationListOnKg size:0
04-11 12:48:08.566  8338  8338 W SystemUi--Notification: OplusNotificationGroupExtImpl-->setChildrenExpanded: groupHeader is null
04-11 12:48:08.567  8338  8338 I SystemUi--Notification: LockScreenNotificationDispatcherImp-->updateNotificationListOnKg resultCode: 0
04-11 12:48:08.578  8338  8706 D LocalImageResolver: Couldn't use ImageDecoder for drawable, falling back to non-resized load.
04-11 12:48:08.579  8338  8338 D OplusNotificationDateTimeView: setTime mSettingTimeMillis 1775882888501, mSettingLocalDateTime 2026-04-11T12:48:00.501
04-11 12:48:08.581  8338  8706 D LocalImageResolver: Couldn't use ImageDecoder for drawable, falling back to non-resized load.
04-11 12:48:08.581  8338  8338 D OplusNotificationDateTimeView: setTime mSettingTimeMillis 1775882888501, mSettingLocalDateTime 2026-04-11T12:48:00.501
04-11 12:48:08.583 11447 11498 I ChainTrace: stream type=syncEvent gapMs=868 refreshMarket=true
04-11 12:48:08.583  8338  8706 D LocalImageResolver: Couldn't use ImageDecoder for drawable, falling back to non-resized load.
04-11 12:48:08.583  8338  8338 D OplusNotificationDateTimeView: setTime mSettingTimeMillis 1775882888501, mSettingLocalDateTime 2026-04-11T12:48:00.501
04-11 12:48:08.586  8338  8338 I SystemUi--Notification: OplusNotificationTempla-->resolveContentMargin: marginTop=112 isChildInGroup=false hasSubtitle=true params.topMargin=112
04-11 12:48:08.588  8338  8338 W SystemUi--Notification: OplusNotificationGroupExtImpl-->setChildrenExpanded: groupHeader is null
04-11 12:48:08.588  8338  8338 E LockScreenNotificationDispatcherImp: updateNotificationListOnKg size:0
04-11 12:48:08.590  8338  8338 W SystemUi--Notification: OplusNotificationGroupExtImpl-->setChildrenExpanded: groupHeader is null
04-11 12:48:08.591  8338  8338 I SystemUi--Notification: LockScreenNotificationDispatcherImp-->updateNotificationListOnKg resultCode: 0
04-11 12:48:08.631  4482  4659 W ServiceManagerCppClient: Waited one second for SystemClearService (is service started? Number of threads started in the threadpool: 16. Are binder threads started and available?)
04-11 12:48:08.632  4482  4680 W ServiceManagerCppClient: Waited one second for SystemClearService (is service started? Number of threads started in the threadpool: 16. Are binder threads started and available?)
04-11 12:48:08.633  1254 11662 W libc    : Unable to set property "ctl.interface_start" to "aidl/SystemClearService": PROP_ERROR_HANDLE_CONTROL_MESSAGE (0x20)
04-11 12:48:08.633  1254 11663 W libc    : Unable to set property "ctl.interface_start" to "aidl/SystemClearService": PROP_ERROR_HANDLE_CONTROL_MESSAGE (0x20)
04-11 12:48:08.682 11447 11447 I ChainTrace: account_render phase=build_overview account=7400048@ICMarketsSC-MT5-6 durationMs=5 trades=1113 positions=6 curves=5717
04-11 12:48:08.685 11447 11447 I ChainTrace: account_render phase=bind_overview_and_filters account=7400048@ICMarketsSC-MT5-6 durationMs=3 trades=1113 positions=6 curves=5717
04-11 12:48:08.685  2181  2506 I SDM     : DisplayBuiltIn::IdlePowerCollapse: IPC received, disabling partial update for one frame
04-11 12:48:08.692  2280  2331 D BatteryChargeControl: bcc get no support from charging protocol
04-11 12:48:08.697 11447 11447 I ChainTrace: account_render phase=render_returns_table account=7400048@ICMarketsSC-MT5-6 durationMs=12 trades=1113 positions=6 curves=5717
04-11 12:48:08.703 11447 11447 I ChainTrace: account_render phase=apply_curve_range account=7400048@ICMarketsSC-MT5-6 durationMs=6 trades=1113 positions=6 curves=5717
04-11 12:48:08.715 10250  1150 I midasd  : OplusObrainService::notifyEventInt eventId:21 iParam:0
04-11 12:48:08.716 15031 15272 I OplusObrain: OplusObrainClientInvoke.nativeGetTelephonyInfo
04-11 12:48:08.716 15031 15272 I OplusObrain: OplusObrainClientInvoke.nativeGetTrafficTypeInfoForNetworkType networkType 0
04-11 12:48:08.717  3590  8836 D KernelStatsHelper: getKernelStats start!
04-11 12:48:08.717  2247  2247 E android.hardware.power.stats-impl.oplus: HandleFactory::read open charger_input_current_now(/proc/charger/input_current_now) failed! fd: -1 errno: 2
04-11 12:48:08.717  2247  2247 W android.hardware.power.stats-impl.oplus: PruneException: Unknown binder exception (2) pruned into EX_TRANSACTION_FAILED
04-11 12:48:08.718 10250 16908 W midasd  : handleFactory read failed.
04-11 12:48:08.718  3590  7167 D osense.compress: com.tencent.mm do shrink, target ratio = 90, final ratio = 90, cur ratio = 86
