--------- beginning of main
04-11 12:47:22.045  2181  2506 I SDM     : DisplayBuiltIn::IdlePowerCollapse: IPC received, disabling partial update for one frame
04-11 12:47:22.091  3438  4039 D QmiClient: qmiServiceEventCallback recv msg id 47
04-11 12:47:22.091  3438  4039 D QmiClient: enter -mServiceType 10 onQmiServiceEventCallback msgId 47
04-11 12:47:22.091  3438  4039 D QmiClient: onQmiServiceEventCallback - enter. msgId=47
04-11 12:47:22.091  3438  3488 D OttProxy: handleMessage msg is 3001
04-11 12:47:22.092 14034  6711 D SubsysRadioIndication[1]: radioLinkLatencyInfoInd
04-11 12:47:22.092 14034  6711 D SubsysRadioIndication[1]: notify enter
04-11 12:47:22.093 14034 14034 D NetworkService[1]: handleMessage what:1008
04-11 12:47:22.093 14034 14034 D NetworkService[1]: EVENT_REG_LINK_LATENCY_INFO_CHANGE ulLatency:10990
04-11 12:47:22.108 13839 14712 I SmartDataSwitchStateManager: handle message:7
04-11 12:47:22.109 13839 14712 I SmartDataSwitchSM: [DisableState]Handle msg: 2
04-11 12:47:22.109 13839 14712 I SmartDataSwitchSM: [DisableState]handle state change, reason:DataScoreLow
04-11 12:47:22.118  2113 20704 I sensors-hal: handle_oplus_wise_rgb_event:189, high_pwm_light:lux 145.1,cct 5583.9,brl/algo/ir 1320.0/2.0/49.8,pwm/dc 0.0/0.0,rgbc 6804.980469/4432.225586/2746.078613/12765.314453,ts 930057315080492,cnt 52400,flag 32690
04-11 12:47:22.120  2113 17862 I sensors-hal: handle_oplus_wise_rgb_event:161, wise_rgb: (52401)(cct, lux, ir)[5583.87, 145.08, 49.818760] (r, g, b, c)[6797.50, 4421.23, 2757.12, 12769.97]                 (pwm, hbm, brl, algo)[0.0 0.0 1320.0 2.0], flag 32690
04-11 12:47:22.136 10708 10708 W dumpsys : Thread Pool max thread count is 0. Cannot cache binder as linkToDeath cannot be implemented. serviceName: gfxinfo
--------- beginning of system
04-11 12:47:22.137  3590  8837 D ActivityManager: freezer override set to true
04-11 12:47:22.137  3590  8837 D ActivityManager: pid 27799 com.coloros.alarmclock received async transactions while frozen
04-11 12:47:22.137  3590  7335 D ActivityManager: reportOneUidFrozenStateChanged uid 10294 frozen = false
04-11 12:47:22.138 27799 27799 D ActivityThread: Package [com.binance.monitor] reported as REPLACED, but missing application info. Assuming REMOVED.
04-11 12:47:22.139  3590  8837 D ActivityManager: sync unfroze 27799 com.coloros.alarmclock for 19
04-11 12:47:22.139  3590  8837 D ActivityManager: pid 12677 com.google.android.webview:webview_service received async transactions while frozen
04-11 12:47:22.139 27799 27799 D ActivityThread: Package [com.binance.monitor] reported as REPLACED, but missing application info. Assuming REMOVED.
04-11 12:47:22.139  3590  8837 D ActivityManager: sync unfroze 12677 com.google.android.webview:webview_service for 19
04-11 12:47:22.139  3590  8837 D ActivityManager: pid 14376 com.android.rkpdapp received async transactions while frozen
04-11 12:47:22.139  3590  8837 D ActivityManager: sync unfroze 14376 com.android.rkpdapp for 19
04-11 12:47:22.139  3590  8837 D ActivityManager: pid 17796 com.coloros.ocs.opencapabilityservice:ocs received async transactions while frozen
04-11 12:47:22.139 12677 12677 D ActivityThread: Package [com.binance.monitor] reported as REPLACED, but missing application info. Assuming REMOVED.
04-11 12:47:22.140  3590  8837 D ActivityManager: sync unfroze 17796 com.coloros.ocs.opencapabilityservice:ocs for 19
04-11 12:47:22.140  3590  8837 D ActivityManager: pid 15448 com.coloros.alarmclock:clockWidget received async transactions while frozen
04-11 12:47:22.140 14376 14376 D ActivityThread: Package [com.binance.monitor] reported as REPLACED, but missing application info. Assuming REMOVED.
04-11 12:47:22.140 17796 17796 D ActivityThread: Package [com.binance.monitor] reported as REPLACED, but missing application info. Assuming REMOVED.
04-11 12:47:22.140  3590  8837 D ActivityManager: sync unfroze 15448 com.coloros.alarmclock:clockWidget for 19
04-11 12:47:22.140  3590  8837 D ActivityManager: pid 21483 com.android.cellbroadcastreceiver.module received async transactions while frozen
04-11 12:47:22.140  3590  8837 D ActivityManager: sync unfroze 21483 com.android.cellbroadcastreceiver.module for 19
04-11 12:47:22.140  3590  8837 D ActivityManager: pid 22292 com.google.android.projection.gearhead:shared received async transactions while frozen
04-11 12:47:22.141 21483 21483 D ActivityThread: Package [com.binance.monitor] reported as REPLACED, but missing application info. Assuming REMOVED.
04-11 12:47:22.141 17796 17796 D ActivityThread: Package [com.binance.monitor] reported as REPLACED, but missing application info. Assuming REMOVED.
04-11 12:47:22.141  3590  8837 D ActivityManager: sync unfroze 22292 com.google.android.projection.gearhead:shared for 19
04-11 12:47:22.141  3590  8837 D ActivityManager: pid 27126 com.android.providers.calendar received async transactions while frozen
04-11 12:47:22.141  3590  8837 D ActivityManager: sync unfroze 27126 com.android.providers.calendar for 19
04-11 12:47:22.141 21483 21483 D ActivityThread: Package [com.binance.monitor] reported as REPLACED, but missing application info. Assuming REMOVED.
04-11 12:47:22.141  3590  8837 D ActivityManager: pid 27201 com.heytap.htms:kit_hlog received async transactions while frozen
04-11 12:47:22.141 15448 15448 D ActivityThread: Package [com.binance.monitor] reported as REPLACED, but missing application info. Assuming REMOVED.
04-11 12:47:22.141 15448 15448 D ActivityThread: Package [com.binance.monitor] reported as REPLACED, but missing application info. Assuming REMOVED.
04-11 12:47:22.141  3590  8837 D ActivityManager: sync unfroze 27201 com.heytap.htms:kit_hlog for 19
04-11 12:47:22.141  3590  8837 D ActivityManager: pid 10944 com.heytap.htms received async transactions while frozen
04-11 12:47:22.141 27126 27126 D ActivityThread: Package [com.binance.monitor] reported as REPLACED, but missing application info. Assuming REMOVED.
04-11 12:47:22.141 22292 22292 D ActivityThread: Package [com.binance.monitor] reported as REPLACED, but missing application info. Assuming REMOVED.
04-11 12:47:22.141 27126 27126 D ActivityThread: Package [com.binance.monitor] reported as REPLACED, but missing application info. Assuming REMOVED.
04-11 12:47:22.141 27201 27201 D ActivityThread: Package [com.binance.monitor] reported as REPLACED, but missing application info. Assuming REMOVED.
04-11 12:47:22.142 22292 22292 D ActivityThread: Package [com.binance.monitor] reported as REPLACED, but missing application info. Assuming REMOVED.
04-11 12:47:22.142  3590  8837 D ActivityManager: sync unfroze 10944 com.heytap.htms for 19
04-11 12:47:22.142  3590  8837 D ActivityManager: pid 27289 com.heytap.htms:sysintegrity received async transactions while frozen
04-11 12:47:22.142 14376 14376 D ActivityThread: Package [com.binance.monitor] reported as REPLACED, but missing application info. Assuming REMOVED.
04-11 12:47:22.142 12677 12677 D ActivityThread: Package [com.binance.monitor] reported as REPLACED, but missing application info. Assuming REMOVED.
04-11 12:47:22.142 27289 27289 I env_DeviceStrategy: after 10 min, check wifi state
04-11 12:47:22.142  3590  8837 D ActivityManager: sync unfroze 27289 com.heytap.htms:sysintegrity for 19
04-11 12:47:22.142 10944 10944 D ActivityThread: Package [com.binance.monitor] reported as REPLACED, but missing application info. Assuming REMOVED.
04-11 12:47:22.142 27201 27201 D ActivityThread: Package [com.binance.monitor] reported as REPLACED, but missing application info. Assuming REMOVED.
04-11 12:47:22.142  3590  8837 D ActivityManager: freezer override callers: 10708/2000 com.android.server.am.ActivityManagerService$GraphicsBinder.dump:2380 android.os.Binder.doDump:1085 android.os.Binder.dump:1075 android.os.Binder.onTransact:945 android.os.Binder.execTransactInternal:1444 
04-11 12:47:22.142  3590  7335 D ActivityManager: reportOneUidFrozenStateChanged uid 10265 frozen = false
04-11 12:47:22.142  3590  7335 D ActivityManager: reportOneUidFrozenStateChanged uid 10290 frozen = false
04-11 12:47:22.142  3590  7335 D ActivityManager: reportOneUidFrozenStateChanged uid 10177 frozen = false
04-11 12:47:22.142  3590  7335 D ActivityManager: reportOneUidFrozenStateChanged uid 10276 frozen = false
04-11 12:47:22.142  3590  7335 D ActivityManager: reportOneUidFrozenStateChanged uid 10264 frozen = false
04-11 12:47:22.142 10944 10944 D ActivityThread: Package [com.binance.monitor] reported as REPLACED, but missing application info. Assuming REMOVED.
04-11 12:47:22.142  3590  7335 D ActivityManager: reportOneUidFrozenStateChanged uid 10202 frozen = false
04-11 12:47:22.142  3590  7335 D ActivityManager: reportOneUidFrozenStateChanged uid 10176 frozen = false
04-11 12:47:22.145  3590  8837 D ActivityManager: freezer override set to false
04-11 12:47:22.146  3590  8837 D ActivityManager: Async freezing 27799 com.coloros.alarmclock
04-11 12:47:22.146  3590  8837 D ActivityManager: Async freezing 12677 com.google.android.webview:webview_service
04-11 12:47:22.146  3590  8837 D ActivityManager: Async freezing 14376 com.android.rkpdapp
04-11 12:47:22.146  3590  8837 D ActivityManager: Async freezing 17796 com.coloros.ocs.opencapabilityservice:ocs
04-11 12:47:22.146  3590  8837 D ActivityManager: Async freezing 15448 com.coloros.alarmclock:clockWidget
04-11 12:47:22.146 15448 15448 D ClockTag_AlarmClockApplication: onTrimMemory: 40
04-11 12:47:22.146  3590  8837 D ActivityManager: Async freezing 21483 com.android.cellbroadcastreceiver.module
04-11 12:47:22.146  3590  8837 D ActivityManager: Async freezing 22292 com.google.android.projection.gearhead:shared
04-11 12:47:22.146  3590  8837 D ActivityManager: Async freezing 27126 com.android.providers.calendar
04-11 12:47:22.146  3590  8837 D ActivityManager: Async freezing 27201 com.heytap.htms:kit_hlog
04-11 12:47:22.146  3590  8837 D ActivityManager: Async freezing 10944 com.heytap.htms
04-11 12:47:22.146  3590  8837 D ActivityManager: Async freezing 27289 com.heytap.htms:sysintegrity
04-11 12:47:22.146  3590  8837 D ActivityManager: freezer override callers: 10708/2000 com.android.server.am.ActivityManagerService$GraphicsBinder.dump:2386 android.os.Binder.doDump:1085 android.os.Binder.dump:1075 android.os.Binder.onTransact:945 android.os.Binder.execTransactInternal:1444 
04-11 12:47:22.147 27799 27799 D ClockTag_AlarmClockApplication: onTrimMemory: 40
04-11 12:47:22.147 27289 27289 I env_DeviceStrategy: wifi connect
04-11 12:47:22.147 27289 27289 I env_DeviceStrategy: after 10 min, check ble state
04-11 12:47:22.147 27289 27289 I env_DeviceStrategy: requestBleOnce, bt close
04-11 12:47:22.148 27289 27289 D ActivityThread: Package [com.binance.monitor] reported as REPLACED, but missing application info. Assuming REMOVED.
04-11 12:47:22.148 27289 27289 D ActivityThread: Package [com.binance.monitor] reported as REPLACED, but missing application info. Assuming REMOVED.
04-11 12:47:22.148 27289 27289 I env_LocationStrategy: location change
04-11 12:47:22.168  1311  1311 E KeymasterUtils: IKMHal_sendCmd failed with rsp_header->status: -28
04-11 12:47:22.168  1311  1311 E KeyMasterHalDevice: abort_operation
04-11 12:47:22.168  1311  1311 E KeyMasterHalDevice: ret: -28
04-11 12:47:22.179  1311  1311 E KeymasterUtils: IKMHal_sendCmd failed with rsp_header->status: -28
04-11 12:47:22.179  1311  1311 E KeyMasterHalDevice: abort_operation
04-11 12:47:22.179  1311  1311 E KeyMasterHalDevice: ret: -28
04-11 12:47:22.180 27289 10725 I env_srp-trust-env: runByDay lastCalcTime:2026-04-11 00:00:00
04-11 12:47:22.190 14034 15313 D CommonApp-264-10512: transport layer data is invalid
04-11 12:47:22.190 14034 15313 D CommonApp-255-10512: commonScoreStrategy scenarios low package
04-11 12:47:22.190 14034 15313 D ScorePolicy: handleScoreChanged: []
04-11 12:47:22.190 14034 15313 D ScorePolicy: handleScoreChanged: []
04-11 12:47:22.190 14034 15313 D ScorePolicy: handleScoreChanged: []
04-11 12:47:22.222  3590  7998 I [UAH_CLIENT]: UahEventAcquire, cmdid:2, pkg:none, identity:com.android.server.wm
04-11 12:47:22.224  3590  8837 W ActivityTaskManager: Permission Denial: starting Intent { flg=0x34000000 xflg=0x4 cmp=com.binance.monitor/.ui.account.AccountStatsBridgeActivity mCallingUid=2000 } from null (pid=10731, uid=2000) not exported from uid 10512
04-11 12:47:22.224  3590  8837 I ActivityTaskManager: START u0 {flg=0x34000000 xflg=0x4 cmp=com.binance.monitor/.ui.account.AccountStatsBridgeActivity mCallingUid=2000} with LAUNCH_MULTIPLE from uid 2000 result code=0
04-11 12:47:22.336  2181  2506 I SDM     : DisplayBuiltIn::IdlePowerCollapse: IPC received, disabling partial update for one frame
04-11 12:47:22.342  2181  2532 E CwbService: Panel not support apl read or getDisplayPanelAplValue timeout 10ms.
04-11 12:47:22.343  2258  2258 D SensorFeature: name=ssc_screenshot_info ,index = 22
04-11 12:47:22.343  2258  2258 D SensorFeature: write 39 bytes:930057695069900,930057746401306,32691,0
04-11 12:47:22.387  2113 17862 I sensors-hal: handle_oplus_wise_rgb_event:161, wise_rgb: (52406)(cct, lux, ir)[5562.03, 145.72, 50.061954] (r, g, b, c)[6882.22, 4485.02, 2788.02, 12935.49]                 (pwm, hbm, brl, algo)[0.0 0.0 1320.0 2.0], flag 32691
04-11 12:47:22.434  3590  7344 V AlarmManager: sending alarm Alarm{b28387b type 1 origWhen 1775882842434 whenElapsed 930057848 android} uid 1000 whenElapsed 930057848 windowLength 0 maxWhenElapsed 930057848 repeatInterval 0 action null component null tag StorgaeBandInfoAlarmTag flags 0x9 procName system_server
04-11 12:47:22.434  3590 10338 E OplusStorageUFSBandwidth: storage_io_metrics_path is /proc/oplus_storage/io_metrics/forever/
04-11 12:47:22.435  3590 10338 E OplusStorageUFSBandwidth: Bandwidth - Read: 0.50 MB/s, Write: 3.00 MB/s
04-11 12:47:22.435  3590 10338 E OplusStorageUFSBandwidth: Task time: 1ms
04-11 12:47:22.436  3590 10338 E OplusStorageUFSBandwidth: Alarm set to trigger in 10 seconds
04-11 12:47:22.528  3590  9788 I AICCTModule: SensorFilter: brightness threshold 1.2 screenNit is 89.327 ave enviroment lux is 86.34787 luxForNit 85.60067demarcationPoint200.0 result is false
04-11 12:47:22.528  3590  9788 I AICCTModule: SensorFilter: findSecondNearestValue, sensorValue: 6631.64 nearestMaxValue:6481.9897 secondNearestValue: 6481.9897
04-11 12:47:22.528  3590  9788 I AICCTModule: SensorFilter: findSecondNearestValue, sensorValue: 103.59345 nearestMaxValue:96.72202 secondNearestValue: 96.72202
04-11 12:47:22.559  4482  4680 W ServiceManagerCppClient: Waited one second for SystemClearService (is service started? Number of threads started in the threadpool: 16. Are binder threads started and available?)
04-11 12:47:22.560  4482  4659 W ServiceManagerCppClient: Waited one second for SystemClearService (is service started? Number of threads started in the threadpool: 16. Are binder threads started and available?)
04-11 12:47:22.561  1254 10743 W libc    : Unable to set property "ctl.interface_start" to "aidl/SystemClearService": PROP_ERROR_HANDLE_CONTROL_MESSAGE (0x20)
04-11 12:47:22.561  1254 10744 W libc    : Unable to set property "ctl.interface_start" to "aidl/SystemClearService": PROP_ERROR_HANDLE_CONTROL_MESSAGE (0x20)
04-11 12:47:22.645  2258  2258 D SensorFeature: name=ssc_screenshot_info ,index = 22
04-11 12:47:22.645  2258  2258 D SensorFeature: write 39 bytes:930057695069900,930058058400160,32692,0
04-11 12:47:22.650  2280  2331 D BatteryChargeControl: bcc get no support from charging protocol
04-11 12:47:22.652  2113 20704 I sensors-hal: handle_oplus_wise_rgb_event:189, high_pwm_light:lux 146.7,cct 5668.3,brl/algo/ir 1320.0/2.0/48.7,pwm/dc 0.0/0.0,rgbc 6914.617188/4487.215820/2803.472656/12926.162109,ts 930058003256326,cnt 52410,flag 32692
04-11 12:47:22.652  2113 17862 I sensors-hal: handle_oplus_wise_rgb_event:161, wise_rgb: (52411)(cct, lux, ir)[5668.31, 146.67, 48.698002] (r, g, b, c)[6869.77, 4482.82, 2792.44, 12923.83]                 (pwm, hbm, brl, algo)[0.0 0.0 1320.0 2.0], flag 32692
04-11 12:47:22.694  2727  3986 D QmiClient: qmiServiceEventCallback recv msg id 1099
04-11 12:47:22.694  2727  3986 D QmiClient: enter -mServiceType 4 onQmiServiceEventCallback msgId 1099
04-11 12:47:22.694  2727  3986 D QmiClient: onQmiServiceEventCallback - enter. msgId=1099
04-11 12:47:22.694  2727  3986 D QmiVsClientEvent: QosPeriodReportInd MSG IND data_len 2052
04-11 12:47:22.694  2727  3986 D QmiVsClientEvent: qmiVsClientNotifyQosPeriodReportIndEvent - RADIO_EVENT_QOS_PERIOD_REPORT_NOTIFY_IND
04-11 12:47:22.694  3438  3988 D QmiClient: qmiServiceEventCallback recv msg id 1099
04-11 12:47:22.694  3438  3988 D QmiClient: enter -mServiceType 4 onQmiServiceEventCallback msgId 1099
04-11 12:47:22.694  3438  3988 D QmiClient: onQmiServiceEventCallback - enter. msgId=1099
04-11 12:47:22.694  3438  3988 D QmiVsClientEvent: QosPeriodReportInd MSG IND data_len 2052
04-11 12:47:22.694  3438  3988 D QmiVsClientEvent: qmiVsClientNotifyQosPeriodReportIndEvent - RADIO_EVENT_QOS_PERIOD_REPORT_NOTIFY_IND
04-11 12:47:22.694  2727  2826 D VsProxy : handleMessage msg is 2420
04-11 12:47:22.694  2727  2826 D VsProxy : handleQosPeriodReportInd for instance 0 data_len 145
04-11 12:47:22.694  3438  3485 D VsProxy : handleMessage msg is 2420
04-11 12:47:22.694  3438  3485 D VsProxy : handleQosPeriodReportInd for instance 1 data_len 205
04-11 12:47:22.695 14034   947 D SubsysRadioIndication[1]: radioQosPeriodReportInd result [8, -5, -34, -107, -49, 14, 18, 19, 8, -76, -35, -107, -49, 14, 16, 1, 32, 53, 40, 1, 56, -40, 1, 64, 57, 72, 1, 26, 13, 8, -20, -35, -107, -49, 14, 16, 6, 40, 10, 56, -68, 10, 34, 12, 8, -84, -69, -57, -50, 14, 16, 4, 24, 1, 32, 3, 58, 83, 8, -76, -35, -107, -49, 14, 16, 5, 24, -98, -23, 30, 32, -54, 1, 40, -94, -1, -1, -1, -1, -1, -1, -1, -1, 1, 48, -12, -1, -1, -1, -1, -1, -1, -1, -1, 1, 56, 2, 64, -94, -1, -1, -1, -1, -1, -1, -1, -1, 1, 72, -96, -1, -1, -1, -1, -1, -1, -1, -1, 1, 80, -91, -1, -1, -1, -1, -1, -1, -1, -1, 1, 88, -94, -1, -1, -1, -1, -1, -1, -1, -1, 1, 66, 31, 8, -101, -22, -108, -49, 14, 16, 5, 24, 2, 34, 19, 8, -98, -23, 30, 16, -54, 1, 24, 41, 32, 13, 40, -126, -128, -52, -67, 21, 48, 2, 90, 0, 98, 10, 8, -85, -54, -73, -50, 14, 16, 3, 24, 5, 122, 15, 8, -90, -41, -107, -49, 14, 16, -41, 1, 24, -11, 1, 32, -42, 8]
04-11 12:47:22.695 14034  6711 D SubsysRadioIndication[0]: radioQosPeriodReportInd result [8, -5, -34, -107, -49, 14, 34, 12, 8, -84, -69, -57, -50, 14, 16, 4, 24, 1, 32, 3, 58, 61, 8, -33, -43, -107, -49, 14, 16, 5, 24, -64, -92, 38, 32, -22, 6, 40, -98, -1, -1, -1, -1, -1, -1, -1, -1, 1, 48, -11, -1, -1, -1, -1, -1, -1, -1, -1, 1, 56, 3, 64, -100, -1, -1, -1, -1, -1, -1, -1, -1, 1, 72, -98, -1, -1, -1, -1, -1, -1, -1, -1, 1, 66, 29, 8, -57, -20, -92, -50, 14, 16, 5, 34, 19, 8, -64, -92, 38, 16, -22, 6, 24, 78, 32, 13, 40, -117, -32, -94, -93, 2, 48, 2, 90, 0, 98, 10, 8, -41, -26, -92, -50, 14, 16, 3, 24, 5, 122, 15, 8, -8, -24, -92, -50, 14, 16, -52, 2, 24, -21, 1, 32, -90, 9]
04-11 12:47:22.695 14034 14034 D NetworkService[1]: handleMessage what:1005
04-11 12:47:22.695 14034 14034 D RadioAtomTracker: parseQosPeriodData ModemQos:CellularQosInfo1{5G, 504990/202, EndcState=2, Band=41, DLBW=13, Rsrp=-94, Rsrq=-12, Snr=2, SvcStatus=3, ULPDCPNumDataPdu=1, ULPDCPNumDropPdu=0, ULPDCPTput=53, ULRLCNumDataPdu=1, ULRLCNumRetxPdu=0, ULGrant=216, ULBSR=57, ULBler=1, DLPDCPNumDataPdu=10, DLPDCPTput=1340, DLRLCNumDataPdu=6, DLRLCNumRetxPdu=0, DLRLCNumDropPdu=0, DLMACPaddingBytes=0, DLPdcpNumMissToUppPdu=0, DLBler=0, RlfCount=0, CellChangeCount=0, IsRedirectionOccur=0, IsDualSimConflict=0, Latency=10, Sub1RrcState=1, Sub2RrcState=3, RachCount=0, CalcPower=215, Mtpl=245, PathLoss=1110, CellLoad=0}
04-11 12:47:22.695 14034 14034 D NetworkService[1]: EVENT_REG_QOS_PERIOD_REPORT_IND_CHANGED ENTER
04-11 12:47:22.695 14034 14034 D NetworkService[0]: handleMessage what:1005
04-11 12:47:22.695 14034 14034 D RadioAtomTracker: parseQosPeriodData ModemQos:CellularQosInfo2{5G, 627264/874, EndcState=0, Band=78, DLBW=13, Rsrp=-98, Rsrq=-11, Snr=3, SvcStatus=3, ULPDCPNumDataPdu=-1, ULPDCPNumDropPdu=-1, ULPDCPTput=-1, ULRLCNumDataPdu=-1, ULRLCNumRetxPdu=-1, ULGrant=-1, ULBSR=-1, ULBler=-1, DLPDCPNumDataPdu=-1, DLPDCPTput=-1, DLRLCNumDataPdu=-1, DLRLCNumRetxPdu=-1, DLRLCNumDropPdu=-1, DLMACPaddingBytes=-1, DLPdcpNumMissToUppPdu=-1, DLBler=-1, RlfCount=0, CellChangeCount=0, IsRedirectionOccur=0, IsDualSimConflict=0, Latency=0, Sub1RrcState=1, Sub2RrcState=3, RachCount=0, CalcPower=332, Mtpl=235, PathLoss=1190, CellLoad=0}
04-11 12:47:22.695 14034 14034 D NetworkService[0]: EVENT_REG_QOS_PERIOD_REPORT_IND_CHANGED ENTER
04-11 12:47:22.695 14034 14034 D AtomModemKpiInfo: handleMessage what:1001
04-11 12:47:22.695 14034 14034 D AtomModemKpiInfo: analyseQosInfo success
04-11 12:47:22.757 10324 10606 I ChainTrace: stream type=heartbeat gapMs=1121 refreshMarket=false
04-11 12:47:22.948  2258  2258 D SensorFeature: name=ssc_screenshot_info ,index = 22
04-11 12:47:22.948  2258  2258 D SensorFeature: write 39 bytes:930057695069900,930058360685941,32693,0
04-11 12:47:22.951  2113 17862 I sensors-hal: handle_oplus_wise_rgb_event:161, wise_rgb: (52416)(cct, lux, ir)[5671.34, 146.93, 49.278622] (r, g, b, c)[6877.24, 4471.82, 2785.81, 12921.50]                 (pwm, hbm, brl, algo)[0.0 0.0 1320.0 2.0], flag 32693
04-11 12:47:22.951  3590  7333 D FusionLightNextGen: process end reported = 1, mode: 0, cnt: 401355, lux 83.3, cct 6223.6, r/g/b/c: 6834.9/4478.4/2779.2/12886.5, R/G/B: 166.0/158.0/140.0, bri 1320.0, match 1.00, ir 0.063994, conf 5.0, ts 930058303042888
04-11 12:47:23.052  3438  4039 D QmiClient: qmiServiceEventCallback recv msg id 47
04-11 12:47:23.052  3438  4039 D QmiClient: enter -mServiceType 10 onQmiServiceEventCallback msgId 47
04-11 12:47:23.052  3438  4039 D QmiClient: onQmiServiceEventCallback - enter. msgId=47
04-11 12:47:23.052  3438  3488 D OttProxy: handleMessage msg is 3001
04-11 12:47:23.053 14034   947 D SubsysRadioIndication[1]: radioLinkLatencyInfoInd
04-11 12:47:23.053 14034   947 D SubsysRadioIndication[1]: notify enter
04-11 12:47:23.053 14034 14034 D NetworkService[1]: handleMessage what:1008
04-11 12:47:23.053 14034 14034 D NetworkService[1]: EVENT_REG_LINK_LATENCY_INFO_CHANGE ulLatency:13077
04-11 12:47:23.130  2181  2506 I SDM     : DisplayBuiltIn::IdlePowerCollapse: IPC received, disabling partial update for one frame
04-11 12:47:23.159 17904 17935 I APS_ALOG: flushRoutine g_immediateFlush=0 g_pendingCount=0 g_oobCount=0
04-11 12:47:23.176  2181  2506 I SDM     : DisplayBuiltIn::IdlePowerCollapse: IPC received, disabling partial update for one frame
04-11 12:47:23.184  2113 20704 I sensors-hal: handle_oplus_wise_rgb_event:189, high_pwm_light:lux 146.3,cct 5643.6,brl/algo/ir 1320.0/2.0/48.8,pwm/dc 0.0/0.0,rgbc 6869.765625/4454.221680/2774.775635/12877.208008,ts 930058347751846,cnt 52420,flag 32693
04-11 12:47:23.185  2113 17862 I sensors-hal: handle_oplus_wise_rgb_event:161, wise_rgb: (52421)(cct, lux, ir)[5643.62, 146.25, 48.794357] (r, g, b, c)[6852.32, 4463.02, 2779.19, 12879.54]                 (pwm, hbm, brl, algo)[0.0 0.0 1320.0 2.0], flag 32693
04-11 12:47:23.212  3590  7167 I resRelease: policy type is 1
04-11 12:47:23.214 14034 15313 D CommonApp-264-10512: transport layer data is invalid
04-11 12:47:23.215 14034 15313 D CommonApp-255-10512: commonScoreStrategy scenarios low package
04-11 12:47:23.216 14034 15313 D ScorePolicy: handleScoreChanged: []
04-11 12:47:23.216 14034 15313 D ScorePolicy: handleScoreChanged: []
04-11 12:47:23.216 14034 15313 D ScorePolicy: handleScoreChanged: []
04-11 12:47:23.234 10250 16907 E midasd  : getTotalFlipsFromSf mCurFrameCount: 11748318
04-11 12:47:23.234 10250 16907 I midasd  : DisplayAgent updateDisplayDevInfo getRenderFps mFps:90 mRenderFps:10 mWidth:1264 mHeight:2780
04-11 12:47:23.275 11972 10243 W PTC.DATATRANS.d: [com.binance.monitor] removed. Stop sending intent
04-11 12:47:23.336  2181  2506 I SDM     : DisplayBuiltIn::IdlePowerCollapse: IPC received, disabling partial update for one frame
04-11 12:47:23.346  2181 26958 E CwbService: Panel not support apl read or getDisplayPanelAplValue timeout 10ms.
04-11 12:47:23.347  2258  2258 D SensorFeature: name=ssc_screenshot_info ,index = 22
04-11 12:47:23.347  2258  2258 D SensorFeature: write 39 bytes:930058695467035,930058749570420,32694,0
04-11 12:47:23.413  3590  8850 D NotificationService--OplusNotificationFixHelper: fixAppIcon: pkg=com.v2ray.ang
04-11 12:47:23.413  3590  8850 D NotificationService--OplusNotificationFixHelper: fixAppIcon: appIcon = null, pkg = com.v2ray.ang
04-11 12:47:23.414  3590  8850 D NotificationService--NotificationRecord: isSupportRearLight , isRearLight = false mLedRM = false isMultilLed = false
04-11 12:47:23.414  3590  8850 I OplusStatusBarManagerServiceEnhance:  getTopIsFullscreen mTopIsFullscreen: false
04-11 12:47:23.415  3590  8850 W ActivityManager: Permission Denial: getTopApplicationInfo from pid=18198, uid=10397 requires oplus.permission.OPLUS_COMPONENT_SAFE
04-11 12:47:23.415  3590  8850 E OplusNotificationCenter: getForegroundApplication exception
04-11 12:47:23.415  3590  3590 D NotificationService--OplusNotificationManagerServiceExtImpl: isForwardToAssistants: true, case : Is local notification
04-11 12:47:23.415  3590  3590 D NotificationService: This application enqueue notifications is need postDelayed mcsAssistantDelayTime: 50
04-11 12:47:23.453  2113 17862 I sensors-hal: handle_oplus_wise_rgb_event:161, wise_rgb: (52426)(cct, lux, ir)[5694.43, 147.44, 47.600731] (r, g, b, c)[6892.19, 4474.02, 2796.85, 12958.80]                 (pwm, hbm, brl, algo)[0.0 0.0 1320.0 2.0], flag 32694
04-11 12:47:23.477  8338  8338 W OPLUS_LOG_LOAD: ==LOGS PROG INFO, prog(com.android.systemui) ==
04-11 12:47:23.477  8338  8338 I SystemUi--Notification: OplusLiveAlertNotificationsRepository-->onRankingApplied
04-11 12:47:23.482  8338  8338 I PluginSeedling--Track: RequestHandler-->notificationUpdated 0|com.v2ray.ang|1|null|10397 postTime: 1775882843413
04-11 12:47:23.482  8338  8338 E LockScreenNotificationDispatcherImp: updateNotificationListOnKg size:0
04-11 12:47:23.487  8338  8338 W SystemUi--Notification: OplusNotificationGroupExtImpl-->setChildrenExpanded: groupHeader is null
04-11 12:47:23.488  8338  8338 I SystemUi--Notification: LockScreenNotificationDispatcherImp-->updateNotificationListOnKg resultCode: 0
04-11 12:47:23.506  8338  8706 D LocalImageResolver: Couldn't use ImageDecoder for drawable, falling back to non-resized load.
04-11 12:47:23.506  8338  8338 D OplusNotificationDateTimeView: setTime mSettingTimeMillis 1775882843408, mSettingLocalDateTime 2026-04-11T12:47:00.408
04-11 12:47:23.509  8338  8706 D LocalImageResolver: Couldn't use ImageDecoder for drawable, falling back to non-resized load.
04-11 12:47:23.510  8338  8338 D OplusNotificationDateTimeView: setTime mSettingTimeMillis 1775882843408, mSettingLocalDateTime 2026-04-11T12:47:00.408
04-11 12:47:23.513  8338  8706 D LocalImageResolver: Couldn't use ImageDecoder for drawable, falling back to non-resized load.
04-11 12:47:23.513  8338  8338 D OplusNotificationDateTimeView: setTime mSettingTimeMillis 1775882843408, mSettingLocalDateTime 2026-04-11T12:47:00.408
04-11 12:47:23.517  8338  8338 I SystemUi--Notification: OplusNotificationTempla-->resolveContentMargin: marginTop=112 isChildInGroup=false hasSubtitle=true params.topMargin=112
04-11 12:47:23.518  8338  8338 W SystemUi--Notification: OplusNotificationGroupExtImpl-->setChildrenExpanded: groupHeader is null
04-11 12:47:23.525  8338  8338 E LockScreenNotificationDispatcherImp: updateNotificationListOnKg size:0
04-11 12:47:23.529  8338  8338 W SystemUi--Notification: OplusNotificationGroupExtImpl-->setChildrenExpanded: groupHeader is null
04-11 12:47:23.529  8338  8338 I SystemUi--Notification: LockScreenNotificationDispatcherImp-->updateNotificationListOnKg resultCode: 0
04-11 12:47:23.561  4482  4680 W ServiceManagerCppClient: Waited one second for SystemClearService (is service started? Number of threads started in the threadpool: 16. Are binder threads started and available?)
04-11 12:47:23.561  4482  4659 W ServiceManagerCppClient: Waited one second for SystemClearService (is service started? Number of threads started in the threadpool: 16. Are binder threads started and available?)
04-11 12:47:23.563  1254 10754 W libc    : Unable to set property "ctl.interface_start" to "aidl/SystemClearService": PROP_ERROR_HANDLE_CONTROL_MESSAGE (0x20)
04-11 12:47:23.564  1254 10755 W libc    : Unable to set property "ctl.interface_start" to "aidl/SystemClearService": PROP_ERROR_HANDLE_CONTROL_MESSAGE (0x20)
04-11 12:47:23.570  7586  7639 D COSA->GameServiceSyncUtil: [m] sync config to GMS
04-11 12:47:23.575  7586  7639 E AppFeatureProviderUtils: getString: getStringForFeature return null
04-11 12:47:23.578  7586  7639 E AppFeatureProviderUtils: getString: getStringForFeature return null
04-11 12:47:23.581  7586  7639 E AppFeatureProviderUtils: getString: getStringForFeature return null
04-11 12:47:23.582  7586  7639 E AppFeatureProviderUtils: getString: getStringForFeature return null
04-11 12:47:23.584  7586  7639 E AppFeatureProviderUtils: getString: getStringForFeature return null
04-11 12:47:23.586  7586  7639 E AppFeatureProviderUtils: getString: getStringForFeature return null
04-11 12:47:23.588  7586  7639 E AppFeatureProviderUtils: getString: getStringForFeature return null
04-11 12:47:23.589  7586  7639 E AppFeatureProviderUtils: getString: getStringForFeature return null
04-11 12:47:23.592  7586  7639 E AppFeatureProviderUtils: getString: getStringForFeature return null
04-11 12:47:23.593  7586  7639 E AppFeatureProviderUtils: getString: getStringForFeature return null
04-11 12:47:23.594  7586  7639 E AppFeatureProviderUtils: getString: getStringForFeature return null
04-11 12:47:23.595  7586  7639 E AppFeatureProviderUtils: getString: getStringForFeature return null
04-11 12:47:23.596  7586  7639 E AppFeatureProviderUtils: getString: getStringForFeature return null
04-11 12:47:23.597  7586  7639 E AppFeatureProviderUtils: getString: getStringForFeature return null
04-11 12:47:23.599  7586  7639 E AppFeatureProviderUtils: getString: getStringForFeature return null
04-11 12:47:23.600  7586  7639 E AppFeatureProviderUtils: getString: getStringForFeature return null
04-11 12:47:23.601  7586  7639 E AppFeatureProviderUtils: getString: getStringForFeature return null
04-11 12:47:23.602  7586  7639 E AppFeatureProviderUtils: getString: getStringForFeature return null
04-11 12:47:23.603  7586  7639 E AppFeatureProviderUtils: getString: getStringForFeature return null
04-11 12:47:23.604  7586  7639 E AppFeatureProviderUtils: getString: getStringForFeature return null
04-11 12:47:23.605  7586  7639 E AppFeatureProviderUtils: getString: getStringForFeature return null
04-11 12:47:23.606  7586  7639 E AppFeatureProviderUtils: getString: getStringForFeature return null
04-11 12:47:23.607  7586  7639 E AppFeatureProviderUtils: getString: getStringForFeature return null
04-11 12:47:23.608  7586  7639 E AppFeatureProviderUtils: getString: getStringForFeature return null
04-11 12:47:23.610  7586  7639 E AppFeatureProviderUtils: getString: getStringForFeature return null
04-11 12:47:23.611  7586  7639 E AppFeatureProviderUtils: getString: getStringForFeature return null
04-11 12:47:23.612  7586  7639 E AppFeatureProviderUtils: getString: getStringForFeature return null
04-11 12:47:23.613  7586  7639 E AppFeatureProviderUtils: getString: getStringForFeature return null
04-11 12:47:23.614  7586  7639 E AppFeatureProviderUtils: getString: getStringForFeature return null
04-11 12:47:23.615  7586  7639 E AppFeatureProviderUtils: getString: getStringForFeature return null
04-11 12:47:23.615  7586  7639 E AppFeatureProviderUtils: getString: getStringForFeature return null
04-11 12:47:23.616  7586  7639 E AppFeatureProviderUtils: getString: getStringForFeature return null
04-11 12:47:23.617  7586  7639 E AppFeatureProviderUtils: getString: getStringForFeature return null
04-11 12:47:23.618  7586  7639 E AppFeatureProviderUtils: getString: getStringForFeature return null
04-11 12:47:23.619  7586  7639 E AppFeatureProviderUtils: getString: getStringForFeature return null
04-11 12:47:23.620  7586  7639 E AppFeatureProviderUtils: getString: getStringForFeature return null
04-11 12:47:23.621  7586  7639 E AppFeatureProviderUtils: getString: getStringForFeature return null
04-11 12:47:23.622  7586  7639 E AppFeatureProviderUtils: getString: getStringForFeature return null
04-11 12:47:23.623  7586  7639 E AppFeatureProviderUtils: getString: getStringForFeature return null
04-11 12:47:23.624  7586  7639 E AppFeatureProviderUtils: getString: getStringForFeature return null
04-11 12:47:23.625  7586  7639 E AppFeatureProviderUtils: getString: getStringForFeature return null
04-11 12:47:23.626  7586  7639 E AppFeatureProviderUtils: getString: getStringForFeature return null
04-11 12:47:23.627  7586  7639 E AppFeatureProviderUtils: getString: getStringForFeature return null
04-11 12:47:23.628  7586  7639 E AppFeatureProviderUtils: getString: getStringForFeature return null
04-11 12:47:23.629  7586  7639 E AppFeatureProviderUtils: getString: getStringForFeature return null
04-11 12:47:23.630  7586  7639 E AppFeatureProviderUtils: getString: getStringForFeature return null
04-11 12:47:23.630  7586  7639 E AppFeatureProviderUtils: getString: getStringForFeature return null
04-11 12:47:23.631  7586  7639 E AppFeatureProviderUtils: getString: getStringForFeature return null
04-11 12:47:23.632  7586  7639 E AppFeatureProviderUtils: getString: getStringForFeature return null
04-11 12:47:23.633  7586  7639 E AppFeatureProviderUtils: getString: getStringForFeature return null
04-11 12:47:23.634  7586  7639 E AppFeatureProviderUtils: getString: getStringForFeature return null
04-11 12:47:23.635  7586  7639 E AppFeatureProviderUtils: getString: getStringForFeature return null
04-11 12:47:23.636  7586  7639 E AppFeatureProviderUtils: getString: getStringForFeature return null
04-11 12:47:23.636  7586  7639 E AppFeatureProviderUtils: getString: getStringForFeature return null
04-11 12:47:23.637  7586  7639 E AppFeatureProviderUtils: getString: getStringForFeature return null
04-11 12:47:23.638  7586  7639 E AppFeatureProviderUtils: getString: getStringForFeature return null
04-11 12:47:23.639  7586  7639 E AppFeatureProviderUtils: getString: getStringForFeature return null
04-11 12:47:23.639  7586  7639 E AppFeatureProviderUtils: getString: getStringForFeature return null
04-11 12:47:23.640  7586  7639 E AppFeatureProviderUtils: getString: getStringForFeature return null
04-11 12:47:23.641  7586  7639 E AppFeatureProviderUtils: getString: getStringForFeature return null
04-11 12:47:23.642  7586  7639 E AppFeatureProviderUtils: getString: getStringForFeature return null
04-11 12:47:23.643  7586  7639 E AppFeatureProviderUtils: getString: getStringForFeature return null
04-11 12:47:23.643  7586  7639 E AppFeatureProviderUtils: getString: getStringForFeature return null
04-11 12:47:23.644  7586  7639 E AppFeatureProviderUtils: getString: getStringForFeature return null
04-11 12:47:23.645  7586  7639 E AppFeatureProviderUtils: getString: getStringForFeature return null
04-11 12:47:23.646  7586  7639 E AppFeatureProviderUtils: getString: getStringForFeature return null
04-11 12:47:23.646  7586  7639 E AppFeatureProviderUtils: getString: getStringForFeature return null
04-11 12:47:23.647  7586  7639 E AppFeatureProviderUtils: getString: getStringForFeature return null
04-11 12:47:23.648  2258  2258 D SensorFeature: name=ssc_screenshot_info ,index = 22
04-11 12:47:23.648  2258  2258 D SensorFeature: write 39 bytes:930058695467035,930059061655003,32695,0
04-11 12:47:23.648  7586  7639 E AppFeatureProviderUtils: getString: getStringForFeature return null
04-11 12:47:23.649  7586  7639 E AppFeatureProviderUtils: getString: getStringForFeature return null
04-11 12:47:23.649  7586  7639 E AppFeatureProviderUtils: getString: getStringForFeature return null
04-11 12:47:23.650  2280  2331 D BatteryChargeControl: bcc get no support from charging protocol
04-11 12:47:23.650  7586  7639 E AppFeatureProviderUtils: getString: getStringForFeature return null
04-11 12:47:23.651  7586  7639 E AppFeatureProviderUtils: getString: getStringForFeature return null
04-11 12:47:23.652  7586  7639 E AppFeatureProviderUtils: getString: getStringForFeature return null
04-11 12:47:23.652  7586  7639 E AppFeatureProviderUtils: getString: getStringForFeature return null
04-11 12:47:23.653  7586  7639 E AppFeatureProviderUtils: getString: getStringForFeature return null
04-11 12:47:23.654  7586  7639 E AppFeatureProviderUtils: getString: getStringForFeature return null
04-11 12:47:23.654  7586  7639 E AppFeatureProviderUtils: getString: getStringForFeature return null
04-11 12:47:23.655  7586  7639 E AppFeatureProviderUtils: getString: getStringForFeature return null
04-11 12:47:23.655  7586  7639 E AppFeatureProviderUtils: getString: getStringForFeature return null
04-11 12:47:23.656  7586  7639 E AppFeatureProviderUtils: getString: getStringForFeature return null
04-11 12:47:23.656  7586  7639 E AppFeatureProviderUtils: getString: getStringForFeature return null
04-11 12:47:23.657  7586  7639 E AppFeatureProviderUtils: getString: getStringForFeature return null
04-11 12:47:23.658  7586  7639 E AppFeatureProviderUtils: getString: getStringForFeature return null
04-11 12:47:23.658  7586  7639 E AppFeatureProviderUtils: getString: getStringForFeature return null
04-11 12:47:23.659  7586  7639 E AppFeatureProviderUtils: getString: getStringForFeature return null
04-11 12:47:23.660  7586  7639 E AppFeatureProviderUtils: getString: getStringForFeature return null
04-11 12:47:23.660  7586  7639 E AppFeatureProviderUtils: getString: getStringForFeature return null
04-11 12:47:23.661  7586  7639 E AppFeatureProviderUtils: getString: getStringForFeature return null
04-11 12:47:23.661  7586  7639 E AppFeatureProviderUtils: getString: getStringForFeature return null
04-11 12:47:23.662  7586  7639 E AppFeatureProviderUtils: getString: getStringForFeature return null
04-11 12:47:23.662  7586  7639 E AppFeatureProviderUtils: getString: getStringForFeature return null
04-11 12:47:23.663  7586  7639 E AppFeatureProviderUtils: getString: getStringForFeature return null
04-11 12:47:23.664  7586  7639 E AppFeatureProviderUtils: getString: getStringForFeature return null
04-11 12:47:23.664  7586  7639 E AppFeatureProviderUtils: getString: getStringForFeature return null
04-11 12:47:23.665  7586  7639 E AppFeatureProviderUtils: getString: getStringForFeature return null
04-11 12:47:23.665  7586  7639 E AppFeatureProviderUtils: getString: getStringForFeature return null
04-11 12:47:23.666  7586  7639 E AppFeatureProviderUtils: getString: getStringForFeature return null
04-11 12:47:23.666  7586  7639 E AppFeatureProviderUtils: getString: getStringForFeature return null
04-11 12:47:23.667  7586  7639 E AppFeatureProviderUtils: getString: getStringForFeature return null
04-11 12:47:23.668  7586  7639 E AppFeatureProviderUtils: getString: getStringForFeature return null
04-11 12:47:23.668  7586  7639 E AppFeatureProviderUtils: getString: getStringForFeature return null
04-11 12:47:23.669  7586  7639 E AppFeatureProviderUtils: getString: getStringForFeature return null
04-11 12:47:23.669  7586  7639 E AppFeatureProviderUtils: getString: getStringForFeature return null
04-11 12:47:23.670  7586  7639 E AppFeatureProviderUtils: getString: getStringForFeature return null
04-11 12:47:23.671  7586  7639 E AppFeatureProviderUtils: getString: getStringForFeature return null
04-11 12:47:23.671  7586  7639 E AppFeatureProviderUtils: getString: getStringForFeature return null
04-11 12:47:23.672  7586  7639 E AppFeatureProviderUtils: getString: getStringForFeature return null
04-11 12:47:23.672  7586  7639 E AppFeatureProviderUtils: getString: getStringForFeature return null
04-11 12:47:23.673  7586  7639 E AppFeatureProviderUtils: getString: getStringForFeature return null
04-11 12:47:23.673  7586  7639 E AppFeatureProviderUtils: getString: getStringForFeature return null
04-11 12:47:23.674  7586  7639 E AppFeatureProviderUtils: getString: getStringForFeature return null
04-11 12:47:23.674  7586  7639 E AppFeatureProviderUtils: getString: getStringForFeature return null
04-11 12:47:23.675  7586  7639 E AppFeatureProviderUtils: getString: getStringForFeature return null
04-11 12:47:23.675  7586  7639 E AppFeatureProviderUtils: getString: getStringForFeature return null
04-11 12:47:23.676  7586  7639 E AppFeatureProviderUtils: getString: getStringForFeature return null
04-11 12:47:23.677  7586  7639 E AppFeatureProviderUtils: getString: getStringForFeature return null
04-11 12:47:23.677  7586  7639 E AppFeatureProviderUtils: getString: getStringForFeature return null
04-11 12:47:23.678  7586  7639 E AppFeatureProviderUtils: getString: getStringForFeature return null
04-11 12:47:23.678  7586  7639 E AppFeatureProviderUtils: getString: getStringForFeature return null
04-11 12:47:23.695  2727  3986 D QmiClient: qmiServiceEventCallback recv msg id 1099
04-11 12:47:23.695  2727  3986 D QmiClient: enter -mServiceType 4 onQmiServiceEventCallback msgId 1099
04-11 12:47:23.695  2727  3986 D QmiClient: onQmiServiceEventCallback - enter. msgId=1099
04-11 12:47:23.695  2727  3986 D QmiVsClientEvent: QosPeriodReportInd MSG IND data_len 2052
04-11 12:47:23.695  2727  3986 D QmiVsClientEvent: qmiVsClientNotifyQosPeriodReportIndEvent - RADIO_EVENT_QOS_PERIOD_REPORT_NOTIFY_IND
04-11 12:47:23.695  3438  3988 D QmiClient: qmiServiceEventCallback recv msg id 1099
04-11 12:47:23.695  3438  3988 D QmiClient: enter -mServiceType 4 onQmiServiceEventCallback msgId 1099
04-11 12:47:23.695  3438  3988 D QmiClient: onQmiServiceEventCallback - enter. msgId=1099
04-11 12:47:23.695  3438  3988 D QmiVsClientEvent: QosPeriodReportInd MSG IND data_len 2052
04-11 12:47:23.695  3438  3988 D QmiVsClientEvent: qmiVsClientNotifyQosPeriodReportIndEvent - RADIO_EVENT_QOS_PERIOD_REPORT_NOTIFY_IND
04-11 12:47:23.695  2727  2826 D VsProxy : handleMessage msg is 2420
04-11 12:47:23.695  2727  2826 D VsProxy : handleQosPeriodReportInd for instance 0 data_len 145
04-11 12:47:23.695  3438  3485 D VsProxy : handleMessage msg is 2420
04-11 12:47:23.695  3438  3485 D VsProxy : handleQosPeriodReportInd for instance 1 data_len 209
04-11 12:47:23.696 14034  6711 D SubsysRadioIndication[0]: radioQosPeriodReportInd result [8, -27, -26, -107, -49, 14, 34, 12, 8, -84, -69, -57, -50, 14, 16, 4, 24, 1, 32, 3, 58, 61, 8, -33, -43, -107, -49, 14, 16, 5, 24, -64, -92, 38, 32, -22, 6, 40, -98, -1, -1, -1, -1, -1, -1, -1, -1, 1, 48, -11, -1, -1, -1, -1, -1, -1, -1, -1, 1, 56, 3, 64, -100, -1, -1, -1, -1, -1, -1, -1, -1, 1, 72, -98, -1, -1, -1, -1, -1, -1, -1, -1, 1, 66, 29, 8, -57, -20, -92, -50, 14, 16, 5, 34, 19, 8, -64, -92, 38, 16, -22, 6, 24, 78, 32, 13, 40, -117, -32, -94, -93, 2, 48, 2, 90, 0, 98, 10, 8, -41, -26, -92, -50, 14, 16, 3, 24, 5, 122, 15, 8, -8, -24, -92, -50, 14, 16, -52, 2, 24, -21, 1, 32, -90, 9]
04-11 12:47:23.696 14034   947 D SubsysRadioIndication[1]: radioQosPeriodReportInd result [8, -27, -26, -107, -49, 14, 18, 19, 8, -91, -28, -107, -49, 14, 16, 2, 32, 94, 40, 2, 56, -33, 1, 64, 82, 72, 1, 26, 12, 8, -104, -29, -107, -49, 14, 16, 2, 40, 1, 56, 88, 34, 12, 8, -84, -69, -57, -50, 14, 16, 4, 24, 1, 32, 3, 58, 83, 8, -58, -27, -107, -49, 14, 16, 5, 24, -98, -23, 30, 32, -54, 1, 40, -93, -1, -1, -1, -1, -1, -1, -1, -1, 1, 48, -12, -1, -1, -1, -1, -1, -1, -1, -1, 1, 56, 2, 64, -94, -1, -1, -1, -1, -1, -1, -1, -1, 1, 72, -97, -1, -1, -1, -1, -1, -1, -1, -1, 1, 80, -91, -1, -1, -1, -1, -1, -1, -1, -1, 1, 88, -94, -1, -1, -1, -1, -1, -1, -1, -1, 1, 66, 31, 8, -101, -22, -108, -49, 14, 16, 5, 24, 2, 34, 19, 8, -98, -23, 30, 16, -54, 1, 24, 41, 32, 13, 40, -126, -128, -52, -67, 21, 48, 2, 90, 0, 98, 10, 8, -85, -54, -73, -50, 14, 16, 3, 24, 5, 122, 20, 8, -17, -30, -107, -49, 14, 16, -1, -1, 1, 24, -1, -1, 1, 32, -1, -1, -1, -1, 15]
04-11 12:47:23.696 14034 14034 D NetworkService[0]: handleMessage what:1005
04-11 12:47:23.696 14034 14034 D RadioAtomTracker: parseQosPeriodData ModemQos:CellularQosInfo2{5G, 627264/874, EndcState=0, Band=78, DLBW=13, Rsrp=-98, Rsrq=-11, Snr=3, SvcStatus=3, ULPDCPNumDataPdu=-1, ULPDCPNumDropPdu=-1, ULPDCPTput=-1, ULRLCNumDataPdu=-1, ULRLCNumRetxPdu=-1, ULGrant=-1, ULBSR=-1, ULBler=-1, DLPDCPNumDataPdu=-1, DLPDCPTput=-1, DLRLCNumDataPdu=-1, DLRLCNumRetxPdu=-1, DLRLCNumDropPdu=-1, DLMACPaddingBytes=-1, DLPdcpNumMissToUppPdu=-1, DLBler=-1, RlfCount=0, CellChangeCount=0, IsRedirectionOccur=0, IsDualSimConflict=0, Latency=0, Sub1RrcState=1, Sub2RrcState=3, RachCount=0, CalcPower=332, Mtpl=235, PathLoss=1190, CellLoad=0}
04-11 12:47:23.696 14034 14034 D NetworkService[0]: EVENT_REG_QOS_PERIOD_REPORT_IND_CHANGED ENTER
04-11 12:47:23.696 14034 14034 D NetworkService[1]: handleMessage what:1005
04-11 12:47:23.696 14034 14034 D RadioAtomTracker: parseQosPeriodData ModemQos:CellularQosInfo1{5G, 504990/202, EndcState=2, Band=41, DLBW=13, Rsrp=-93, Rsrq=-12, Snr=2, SvcStatus=3, ULPDCPNumDataPdu=2, ULPDCPNumDropPdu=0, ULPDCPTput=94, ULRLCNumDataPdu=2, ULRLCNumRetxPdu=0, ULGrant=223, ULBSR=82, ULBler=1, DLPDCPNumDataPdu=1, DLPDCPTput=88, DLRLCNumDataPdu=2, DLRLCNumRetxPdu=0, DLRLCNumDropPdu=0, DLMACPaddingBytes=0, DLPdcpNumMissToUppPdu=0, DLBler=0, RlfCount=0, CellChangeCount=0, IsRedirectionOccur=0, IsDualSimConflict=0, Latency=13, Sub1RrcState=1, Sub2RrcState=3, RachCount=0, CalcPower=32767, Mtpl=32767, PathLoss=-1, CellLoad=0}
04-11 12:47:23.696 14034 14034 D NetworkService[1]: EVENT_REG_QOS_PERIOD_REPORT_IND_CHANGED ENTER
04-11 12:47:23.696 14034 14034 D AtomModemKpiInfo: handleMessage what:1001
04-11 12:47:23.696 14034 14034 D AtomModemKpiInfo: analyseQosInfo success
04-11 12:47:23.716 10324 10606 I ChainTrace: stream type=heartbeat gapMs=959 refreshMarket=false
04-11 12:47:23.719  2113 20704 I sensors-hal: handle_oplus_wise_rgb_event:189, high_pwm_light:lux 148.0,cct 5644.1,brl/algo/ir 1320.0/2.0/48.5,pwm/dc 0.0/0.0,rgbc 6937.043457/4522.409668/2818.924805/13024.069336,ts 930059014138513,cnt 52430,flag 32695
04-11 12:47:23.719  2113 17862 I sensors-hal: handle_oplus_wise_rgb_event:161, wise_rgb: (52431)(cct, lux, ir)[5644.13, 148.04, 48.522793] (r, g, b, c)[6917.11, 4518.01, 2816.72, 13021.74]                 (pwm, hbm, brl, algo)[0.0 0.0 1320.0 2.0], flag 32695
04-11 12:47:23.720  3590  9788 I AICCTModule: SensorFilter: brightness threshold 1.2 screenNit is 89.327 ave enviroment lux is 83.3767 luxForNit 85.528206demarcationPoint200.0 result is false
04-11 12:47:23.720  3590  9788 I AICCTModule: SensorFilter: findSecondNearestValue, sensorValue: 6481.9897 nearestMaxValue:6285.448 secondNearestValue: 6285.448
04-11 12:47:23.720  3590  9788 I AICCTModule: SensorFilter: findSecondNearestValue, sensorValue: 96.72202 nearestMaxValue:84.26003 secondNearestValue: 83.27145
04-11 12:47:23.734  2181  2506 I SDM     : DisplayBuiltIn::IdlePowerCollapse: IPC received, disabling partial update for one frame
04-11 12:47:23.926  2113 17888 I sensors-hal: handle_sns_std_sensor_event:114, oplus rgb_rear sample: (cct, lux, ir, x, y)[9487, 30, 222, 264, 331]
04-11 12:47:23.926  2113 17888 I sensors-hal: handle_sns_std_sensor_event:116, oplus rgb_rear sample: (r, g, b, c w)[1218, 2444, 497, 545, 0]
04-11 12:47:23.953  2258  2258 D SensorFeature: name=ssc_screenshot_info ,index = 22
04-11 12:47:23.953  2258  2258 D SensorFeature: write 39 bytes:930058695467035,930059366002451,32696,0
04-11 12:47:23.986  2113 17862 I sensors-hal: handle_oplus_wise_rgb_event:161, wise_rgb: (52436)(cct, lux, ir)[5697.86, 147.83, 48.822220] (r, g, b, c)[6889.70, 4500.41, 2803.47, 12975.12]                 (pwm, hbm, brl, algo)[0.0 0.0 1320.0 2.0], flag 32696
04-11 12:47:24.010 15031 15220 D ShellSubscriberWorkerThread: the first 8 bytes empty, and RestData length > 8 
04-11 12:47:24.022  3438  4039 D QmiClient: qmiServiceEventCallback recv msg id 47
04-11 12:47:24.022  3438  4039 D QmiClient: enter -mServiceType 10 onQmiServiceEventCallback msgId 47
04-11 12:47:24.022  3438  4039 D QmiClient: onQmiServiceEventCallback - enter. msgId=47
04-11 12:47:24.022  3438  3488 D OttProxy: handleMessage msg is 3001
04-11 12:47:24.022 14034   947 D SubsysRadioIndication[1]: radioLinkLatencyInfoInd
04-11 12:47:24.022 14034   947 D SubsysRadioIndication[1]: notify enter
04-11 12:47:24.023 14034 14034 D NetworkService[1]: handleMessage what:1008
04-11 12:47:24.023 14034 14034 D NetworkService[1]: EVENT_REG_LINK_LATENCY_INFO_CHANGE ulLatency:6241
04-11 12:47:24.092 10324 10757 D ProfileInstaller: Installing profile for com.binance.monitor
04-11 12:47:24.124  2181  2506 I SDM     : DisplayBuiltIn::IdlePowerCollapse: IPC received, disabling partial update for one frame
04-11 12:47:24.165 15757 16090 W Battery : ThermalControllHandler: MSG_THERMAL_CONTROL_STATUS_CHANGED,msg:16
04-11 12:47:24.165 15757 16090 W Battery : StateManager: getAppType com.binance.monitor, last=1775882838451
04-11 12:47:24.165 15757 16090 W Battery : ThermalControllerCenter: mSafetyState=10000,  mSafetyTestConfigList=01111,10111,11011,11101,11110,00111,01011,01101,01110,10011,10101,10110,11001,11010,11100,11111
04-11 12:47:24.165 15757 16090 W Battery : ThermalControlConfig: mNonBigVersionOtaPeriodVal=2
04-11 12:47:24.165 15757 16090 W Battery : ThermalControllHandler: tempLevel=[2],userMode=2,gameUserMode=-1,appType=-1,envTempType=0,appStates=[],appSwitchSafetyMode=true,split=[],float={com.binance.monitor},full=[com.binance.monitor], tempGear=[2],configItemName=common_config
04-11 12:47:24.165 15757 16090 W Battery : StateManager: getAppType com.binance.monitor, last=1775882838451
04-11 12:47:24.181   424   574 D ConfigListManager: we take a gc.
