04-11 12:47:24.213   424   574 I ficationmanager: Explicit concurrent mark compact GC freed 344KB AllocSpace bytes, 0(0B) LOS objects, 65% free,2165KB(M:513KB,L:1652KB)/6261KB, paused 151us,939us total 31.114ms
04-11 12:47:24.214  3590  7902 D InetDiagMessage: Destroyed 0 sockets, proto=IPPROTO_TCP, family=AF_INET, states=14
04-11 12:47:24.216  3590  7902 D InetDiagMessage: Destroyed 1 sockets, proto=IPPROTO_TCP, family=AF_INET6, states=14
04-11 12:47:24.217  3590  7902 D InetDiagMessage: Destroyed live tcp sockets for uids={10515} in 4ms
04-11 12:47:24.218  3590  7902 D InetDiagMessage: Destroyed 0 sockets, proto=IPPROTO_TCP, family=AF_INET, states=14
04-11 12:47:24.219  3590  7902 D InetDiagMessage: Destroyed 0 sockets, proto=IPPROTO_TCP, family=AF_INET6, states=14
04-11 12:47:24.219  3590  7902 D InetDiagMessage: Destroyed live tcp sockets for uids={20515} in 2ms
04-11 12:47:24.229   424   574 I ficationmanager: Explicit concurrent mark compact GC freed 112KB AllocSpace bytes, 0(0B) LOS objects, 65% free,2149KB(M:497KB,L:1652KB)/6245KB, paused 85us,594us total 15.071ms
04-11 12:47:24.238 14034 15313 D CommonApp-264-10512: transport layer data is invalid
04-11 12:47:24.238 14034 15313 D CommonApp-255-10512: commonScoreStrategy scenarios low package
04-11 12:47:24.238 14034 15313 D ScorePolicy: handleScoreChanged: []
04-11 12:47:24.238 14034 15313 D ScorePolicy: handleScoreChanged: []
04-11 12:47:24.238 14034 15313 D ScorePolicy: handleScoreChanged: []
04-11 12:47:24.262  2181  2506 I SDM     : DisplayBuiltIn::IdlePowerCollapse: IPC received, disabling partial update for one frame
04-11 12:47:24.341  2181  2506 I SDM     : DisplayBuiltIn::IdlePowerCollapse: IPC received, disabling partial update for one frame
04-11 12:47:24.346  2181 26958 E CwbService: Panel not support apl read or getDisplayPanelAplValue timeout 10ms.
04-11 12:47:24.346  2258  2258 D SensorFeature: name=ssc_screenshot_info ,index = 22
04-11 12:47:24.346  2258  2258 D SensorFeature: write 39 bytes:930059694942816,930059749077972,32697,0
04-11 12:47:24.348  3590  7333 D FusionLightNextGen: process end reported = 1, mode: 0, cnt: 401360, lux 83.1, cct 6128.0, r/g/b/c: 6907.1/4496.0/2799.1/12944.8, R/G/B: 166.0/158.0/140.0, bri 1320.0, match 1.00, ir 0.066642, conf 5.0, ts 930059636019242
04-11 12:47:24.400  2187  2298 E PERFHAL-PERFCTRL: PERFHAL-PERFCTRL: chk_core_online_poll_loop() 748: poll() has timed out for /sys/kernel/msm_performance/events/cpu_hotplug
04-11 12:47:24.400  2187  2298 E PERFHAL-PERFCTRL: PERFHAL-PERFCTRL: chk_core_online_poll_loop() 743: Block on poll()
04-11 12:47:24.402  3590  8472 I OplusHansManager : uid=10515, pkg=com.mobilecodex.nativeapp F enter(), M stay=3
04-11 12:47:24.405  3590  8472 I OplusHansManager : freeze uid: 10515 com.mobilecodex.nativeapp pids: [21078] scene: LcdOn
04-11 12:47:24.406  3590  9766 I OStatsManager_OplusBatteryStatsManager: updateStateTime: PkgName = com.mobilecodex.nativeapp, uid = 10515, state to em, mForegroundCnt = 0, isFg = false
04-11 12:47:24.406  3590  8475 I OplusHansManager : p_BC uid=10515 pkg=com.mobilecodex.nativeapp
04-11 12:47:24.407  3590  8475 I OplusBinderProxy: proxyBinder uid: 10515 pkg: com.mobilecodex.nativeapp proxy: true calling: OFreezer
04-11 12:47:24.407  3590  8475 I LocationFreezeProc: will freezeLocationProcess for com.mobilecodex.nativeapp, 10515, true, false
04-11 12:47:24.407  1905 26190 E         : destroyAllSocketForUid:10515
04-11 12:47:24.407  3590  8475 I LocationFreezeProc: Executing freeze operation for com.mobilecodex.nativeapp, 10515, true, false
04-11 12:47:24.407  3590  8475 W LocationFreezeProc: Do nothing for the app is not record!
04-11 12:47:24.407  3590  8475 I OplusHansManager : p_gps: uid 10515 result false
04-11 12:47:24.407  3590  8475 D OplusHansManager : onUidHansStateChanged: uid = 10515, isFreeze = true, frozenStatus = 0
04-11 12:47:24.414  3590  8085 D OAppNetControlService: Hans update:[10515=true][0|0] blackList:[10310, 10500, 10515]
04-11 12:47:24.435  3590  7344 V AlarmManager: sending alarm Alarm{daf3bf3 type 1 origWhen 1775882844435 whenElapsed 930059849 android} uid 1000 whenElapsed 930059849 windowLength 0 maxWhenElapsed 930059849 repeatInterval 0 action null component null tag StorgaeBandInfoAlarmTag flags 0x9 procName system_server
04-11 12:47:24.436  3590 10338 E OplusStorageUFSBandwidth: storage_io_metrics_path is /proc/oplus_storage/io_metrics/forever/
04-11 12:47:24.437  3590 10338 E OplusStorageUFSBandwidth: Bandwidth - Read: 0.00 MB/s, Write: 0.00 MB/s
04-11 12:47:24.437  3590 10338 E OplusStorageUFSBandwidth: Task time: 1ms
04-11 12:47:24.441  3590 10338 E OplusStorageUFSBandwidth: Alarm set to trigger in 10 seconds
04-11 12:47:24.445  3590  3792 D SensorServiceExtImpl: notifyApplicationLaunchStage processName=com.binance.monitor, uid=10512, pid=10324, stage=0
04-11 12:47:24.459  3590  7167 D osense.compress: com.v2ray.ang do shrink, target ratio = 71, final ratio = 90, cur ratio = 53
04-11 12:47:24.548  2113 17862 I sensors-hal: handle_oplus_wise_rgb_event:161, wise_rgb: (52441)(cct, lux, ir)[5648.82, 145.33, 49.390587] (r, g, b, c)[6807.47, 4427.83, 2765.95, 12779.30]                 (pwm, hbm, brl, algo)[0.0 0.0 1320.0 2.0], flag 32697
04-11 12:47:24.549  2113 20704 I sensors-hal: handle_oplus_wise_rgb_event:189, high_pwm_light:lux 145.3,cct 5648.8,brl/algo/ir 1320.0/2.0/49.4,pwm/dc 0.0/0.0,rgbc 6802.488770/4436.624512/2759.323486/12779.300781,ts 930059692110492,cnt 52440,flag 32697
04-11 12:47:24.563  4482  4659 W ServiceManagerCppClient: Waited one second for SystemClearService (is service started? Number of threads started in the threadpool: 16. Are binder threads started and available?)
04-11 12:47:24.563  4482  4680 W ServiceManagerCppClient: Waited one second for SystemClearService (is service started? Number of threads started in the threadpool: 16. Are binder threads started and available?)
04-11 12:47:24.565  1254 10763 W libc    : Unable to set property "ctl.interface_start" to "aidl/SystemClearService": PROP_ERROR_HANDLE_CONTROL_MESSAGE (0x20)
04-11 12:47:24.566  1254 10762 W libc    : Unable to set property "ctl.interface_start" to "aidl/SystemClearService": PROP_ERROR_HANDLE_CONTROL_MESSAGE (0x20)
04-11 12:47:24.649  2258  2258 D SensorFeature: name=ssc_screenshot_info ,index = 22
04-11 12:47:24.650  2258  2258 D SensorFeature: write 39 bytes:930059694942816,930060061786774,32698,0
04-11 12:47:24.651  2280  2331 D BatteryChargeControl: bcc get no support from charging protocol
04-11 12:47:24.678 10324 10606 I ChainTrace: stream type=syncEvent gapMs=962 refreshMarket=true
04-11 12:47:24.695  2727  3986 D QmiClient: qmiServiceEventCallback recv msg id 1099
04-11 12:47:24.695  2727  3986 D QmiClient: enter -mServiceType 4 onQmiServiceEventCallback msgId 1099
04-11 12:47:24.695  3438  3988 D QmiClient: qmiServiceEventCallback recv msg id 1099
04-11 12:47:24.695  2727  3986 D QmiClient: onQmiServiceEventCallback - enter. msgId=1099
04-11 12:47:24.695  3438  3988 D QmiClient: enter -mServiceType 4 onQmiServiceEventCallback msgId 1099
04-11 12:47:24.695  2727  3986 D QmiVsClientEvent: QosPeriodReportInd MSG IND data_len 2052
04-11 12:47:24.695  2727  3986 D QmiVsClientEvent: qmiVsClientNotifyQosPeriodReportIndEvent - RADIO_EVENT_QOS_PERIOD_REPORT_NOTIFY_IND
04-11 12:47:24.695  3438  3988 D QmiClient: onQmiServiceEventCallback - enter. msgId=1099
04-11 12:47:24.695  3438  3988 D QmiVsClientEvent: QosPeriodReportInd MSG IND data_len 2052
04-11 12:47:24.695  3438  3988 D QmiVsClientEvent: qmiVsClientNotifyQosPeriodReportIndEvent - RADIO_EVENT_QOS_PERIOD_REPORT_NOTIFY_IND
04-11 12:47:24.695  2727  2826 D VsProxy : handleMessage msg is 2420
04-11 12:47:24.695  3438  3485 D VsProxy : handleMessage msg is 2420
04-11 12:47:24.695  2727  2826 D VsProxy : handleQosPeriodReportInd for instance 0 data_len 145
04-11 12:47:24.695  3438  3485 D VsProxy : handleQosPeriodReportInd for instance 1 data_len 204
04-11 12:47:24.696 14034   947 D SubsysRadioIndication[0]: radioQosPeriodReportInd result [8, -52, -18, -107, -49, 14, 34, 12, 8, -84, -69, -57, -50, 14, 16, 4, 24, 1, 32, 3, 58, 61, 8, -121, -22, -107, -49, 14, 16, 5, 24, -64, -92, 38, 32, -22, 6, 40, -100, -1, -1, -1, -1, -1, -1, -1, -1, 1, 48, -11, -1, -1, -1, -1, -1, -1, -1, -1, 1, 56, 3, 64, -100, -1, -1, -1, -1, -1, -1, -1, -1, 1, 72, -103, -1, -1, -1, -1, -1, -1, -1, -1, 1, 66, 29, 8, -57, -20, -92, -50, 14, 16, 5, 34, 19, 8, -64, -92, 38, 16, -22, 6, 24, 78, 32, 13, 40, -117, -32, -94, -93, 2, 48, 2, 90, 0, 98, 10, 8, -41, -26, -92, -50, 14, 16, 3, 24, 5, 122, 15, 8, -8, -24, -92, -50, 14, 16, -52, 2, 24, -21, 1, 32, -90, 9]
04-11 12:47:24.696 14034  6711 D SubsysRadioIndication[1]: radioQosPeriodReportInd result [8, -52, -18, -107, -49, 14, 18, 14, 8, -82, -19, -107, -49, 14, 16, 1, 32, 53, 40, 1, 72, 1, 26, 12, 8, -82, -19, -107, -49, 14, 16, 1, 40, 1, 56, 88, 34, 12, 8, -84, -69, -57, -50, 14, 16, 4, 24, 1, 32, 3, 58, 83, 8, -110, -18, -107, -49, 14, 16, 5, 24, -98, -23, 30, 32, -54, 1, 40, -93, -1, -1, -1, -1, -1, -1, -1, -1, 1, 48, -12, -1, -1, -1, -1, -1, -1, -1, -1, 1, 56, 1, 64, -94, -1, -1, -1, -1, -1, -1, -1, -1, 1, 72, -97, -1, -1, -1, -1, -1, -1, -1, -1, 1, 80, -91, -1, -1, -1, -1, -1, -1, -1, -1, 1, 88, -93, -1, -1, -1, -1, -1, -1, -1, -1, 1, 66, 31, 8, -101, -22, -108, -49, 14, 16, 5, 24, 2, 34, 19, 8, -98, -23, 30, 16, -54, 1, 24, 41, 32, 13, 40, -126, -128, -52, -67, 21, 48, 2, 90, 0, 98, 10, 8, -85, -54, -73, -50, 14, 16, 3, 24, 5, 122, 20, 8, -58, -22, -107, -49, 14, 16, -1, -1, 1, 24, -1, -1, 1, 32, -1, -1, -1, -1, 15]
04-11 12:47:24.696 14034 14034 D NetworkService[0]: handleMessage what:1005
04-11 12:47:24.696 14034 14034 D RadioAtomTracker: parseQosPeriodData ModemQos:CellularQosInfo2{5G, 627264/874, EndcState=0, Band=78, DLBW=13, Rsrp=-100, Rsrq=-11, Snr=3, SvcStatus=3, ULPDCPNumDataPdu=-1, ULPDCPNumDropPdu=-1, ULPDCPTput=-1, ULRLCNumDataPdu=-1, ULRLCNumRetxPdu=-1, ULGrant=-1, ULBSR=-1, ULBler=-1, DLPDCPNumDataPdu=-1, DLPDCPTput=-1, DLRLCNumDataPdu=-1, DLRLCNumRetxPdu=-1, DLRLCNumDropPdu=-1, DLMACPaddingBytes=-1, DLPdcpNumMissToUppPdu=-1, DLBler=-1, RlfCount=0, CellChangeCount=0, IsRedirectionOccur=0, IsDualSimConflict=0, Latency=0, Sub1RrcState=1, Sub2RrcState=3, RachCount=0, CalcPower=332, Mtpl=235, PathLoss=1190, CellLoad=0}
04-11 12:47:24.696 14034 14034 D NetworkService[0]: EVENT_REG_QOS_PERIOD_REPORT_IND_CHANGED ENTER
04-11 12:47:24.697 14034 14034 D NetworkService[1]: handleMessage what:1005
04-11 12:47:24.697 14034 14034 D RadioAtomTracker: parseQosPeriodData ModemQos:CellularQosInfo1{5G, 504990/202, EndcState=2, Band=41, DLBW=13, Rsrp=-93, Rsrq=-12, Snr=1, SvcStatus=3, ULPDCPNumDataPdu=1, ULPDCPNumDropPdu=0, ULPDCPTput=53, ULRLCNumDataPdu=1, ULRLCNumRetxPdu=0, ULGrant=0, ULBSR=0, ULBler=1, DLPDCPNumDataPdu=1, DLPDCPTput=88, DLRLCNumDataPdu=1, DLRLCNumRetxPdu=0, DLRLCNumDropPdu=0, DLMACPaddingBytes=0, DLPdcpNumMissToUppPdu=0, DLBler=0, RlfCount=0, CellChangeCount=0, IsRedirectionOccur=0, IsDualSimConflict=0, Latency=6, Sub1RrcState=1, Sub2RrcState=3, RachCount=0, CalcPower=32767, Mtpl=32767, PathLoss=-1, CellLoad=0}
04-11 12:47:24.697 14034 14034 D NetworkService[1]: EVENT_REG_QOS_PERIOD_REPORT_IND_CHANGED ENTER
04-11 12:47:24.697 14034 14034 D AtomModemKpiInfo: handleMessage what:1001
04-11 12:47:24.697 14034 14034 D AtomModemKpiInfo: analyseQosInfo success
04-11 12:47:24.701  3590  8837 V WindowManager: Relayout Window{86952f4 u0 com.binance.monitor}: viewVisibility=0, oldvis=0, req=315x429 , apr = 0, vsysui=, x=42, y=420
04-11 12:47:24.702 10324 10324 I SurfaceControl:  setExtendedRangeBrightness sc=Surface(name=)/@0xc04aefa,currentBufferRatio=1.0,desiredRatio=1.0
04-11 12:47:24.702  3590  8837 D InsetsSourceProvider: updateSourceFrameForServerVisibility mandatorySystemGestures EMPTY_RECT
04-11 12:47:24.703  3590  8837 D InsetsSourceProvider: updateSourceFrameForServerVisibility mandatorySystemGestures EMPTY_RECT
04-11 12:47:24.785  2113 17862 I sensors-hal: handle_oplus_wise_rgb_event:161, wise_rgb: (52446)(cct, lux, ir)[5603.23, 141.71, 49.800346] (r, g, b, c)[6697.83, 4361.84, 2704.14, 12564.84]                 (pwm, hbm, brl, algo)[0.0 0.0 1320.0 2.0], flag 32698
04-11 12:47:24.785  3590  9788 I AICCTModule: SensorFilter: brightness threshold 1.2 screenNit is 89.327 ave enviroment lux is 82.36274 luxForNit 85.50842demarcationPoint200.0 result is false
04-11 12:47:24.785  3590  9788 I AICCTModule: SensorFilter: findSecondNearestValue, sensorValue: 6285.448 nearestMaxValue:6254.39 secondNearestValue: 6254.39
04-11 12:47:24.785  3590  9788 I AICCTModule: SensorFilter: findSecondNearestValue, sensorValue: 83.27145 nearestMaxValue:83.08199 secondNearestValue: 83.08199
04-11 12:47:24.801  2181  2506 I SDM     : DisplayBuiltIn::IdlePowerCollapse: IPC received, disabling partial update for one frame
04-11 12:47:24.970  2280  2323 D vendor.oplus.hardware.charger-V10-service: ret_value:122, read content:,288,288,4393,4391,-168,94,96,1,1,0,494,5018,96,1,4480,600,500,0,0,9500,0,0,1,0,2,0,0,0,1,5868,96,0,4714,5046,0,0,0,0,0,0
04-11 12:47:24.970  2280  2323 D vendor.oplus.hardware.charger-V10-service: gmtime: 2026-04-11-12-47-24
04-11 12:47:24.970  2280  2323 D vendor.oplus.hardware.charger-V10-service: usb_online:1, ac_online:-2147483648, wireless_online:-2147483648
04-11 12:47:24.985  2181  2506 I SDM     : DisplayBuiltIn::IdlePowerCollapse: IPC received, disabling partial update for one frame
04-11 12:47:24.991  2181 23599 E CwbService: Panel not support apl read or getDisplayPanelAplValue timeout 10ms.
04-11 12:47:24.991  2258  2258 D SensorFeature: name=ssc_screenshot_info ,index = 22
04-11 12:47:24.991  2258  2258 D SensorFeature: write 39 bytes:930060339179690,930060393667346,32699,0
04-11 12:47:25.050  3438  4039 D QmiClient: qmiServiceEventCallback recv msg id 47
04-11 12:47:25.050  3438  4039 D QmiClient: enter -mServiceType 10 onQmiServiceEventCallback msgId 47
04-11 12:47:25.050  3438  4039 D QmiClient: onQmiServiceEventCallback - enter. msgId=47
04-11 12:47:25.050  3438  3488 D OttProxy: handleMessage msg is 3001
04-11 12:47:25.051  2113 20704 I sensors-hal: handle_oplus_wise_rgb_event:189, high_pwm_light:lux 143.9,cct 5673.7,brl/algo/ir 1320.0/2.0/48.3,pwm/dc 0.0/0.0,rgbc 6770.095703/4419.027832/2759.323486/12683.723633,ts 930060336046534,cnt 52450,flag 32699
04-11 12:47:25.051  2113 17862 I sensors-hal: handle_oplus_wise_rgb_event:161, wise_rgb: (52451)(cct, lux, ir)[5673.67, 143.92, 48.305336] (r, g, b, c)[6757.64, 4408.03, 2735.04, 12679.06]                 (pwm, hbm, brl, algo)[0.0 0.0 1320.0 2.0], flag 32699
04-11 12:47:25.052 14034  6711 D SubsysRadioIndication[1]: radioLinkLatencyInfoInd
04-11 12:47:25.053 14034  6711 D SubsysRadioIndication[1]: notify enter
04-11 12:47:25.053 14034 14034 D NetworkService[1]: handleMessage what:1008
04-11 12:47:25.053 14034 14034 D NetworkService[1]: EVENT_REG_LINK_LATENCY_INFO_CHANGE ulLatency:6195
04-11 12:47:25.263 14034 15313 D CommonApp-264-10512: transport layer data is invalid
04-11 12:47:25.264 14034 15313 D CommonApp-255-10512: commonScoreStrategy scenarios low package
04-11 12:47:25.264 14034 15313 D ScorePolicy: handleScoreChanged: []
04-11 12:47:25.264 14034 15313 D ScorePolicy: handleScoreChanged: []
04-11 12:47:25.264 14034 15313 D ScorePolicy: handleScoreChanged: []
04-11 12:47:25.276  2181  2506 I SDM     : DisplayBuiltIn::IdlePowerCollapse: IPC received, disabling partial update for one frame
04-11 12:47:25.327  8337  9773 V OsAgent : broadcastSystemEvent - 7
04-11 12:47:25.354  2181  2506 I SDM     : DisplayBuiltIn::IdlePowerCollapse: IPC received, disabling partial update for one frame
04-11 12:47:25.358  2181 26958 E CwbService: Panel not support apl read or getDisplayPanelAplValue timeout 10ms.
04-11 12:47:25.358  2258  2258 D SensorFeature: name=ssc_screenshot_info ,index = 22
04-11 12:47:25.359  2258  2258 D SensorFeature: write 39 bytes:930060705903180,930060760153961,32700,0
04-11 12:47:25.359  2113  2241 I sensors-hal: get_display_brightness:825, light_iface: set screenshot_info [930060705903180,930060760153961,32700,0]
04-11 12:47:25.362  2113 17862 I sensors-hal: handle_oplus_wise_rgb_event:161, wise_rgb: (52456)(cct, lux, ir)[5698.05, 144.13, 48.279938] (r, g, b, c)[6787.54, 4432.23, 2768.15, 12753.66]                 (pwm, hbm, brl, algo)[0.0 0.0 1320.0 2.0], flag 32700
04-11 12:47:25.407 16527 16543 D IHansComunication: HANS sendMessageToKernel: threadId = 511992380480, netLinkSetup = 1, type = FROZEN_TRANS, targetUid = 10515, pkgCmd = PKG_CMD_MAX
04-11 12:47:25.564  4482  4659 W ServiceManagerCppClient: Waited one second for SystemClearService (is service started? Number of threads started in the threadpool: 16. Are binder threads started and available?)
04-11 12:47:25.565  4482  4680 W ServiceManagerCppClient: Waited one second for SystemClearService (is service started? Number of threads started in the threadpool: 16. Are binder threads started and available?)
04-11 12:47:25.567  1254 10795 W libc    : Unable to set property "ctl.interface_start" to "aidl/SystemClearService": PROP_ERROR_HANDLE_CONTROL_MESSAGE (0x20)
04-11 12:47:25.567  1254 10796 W libc    : Unable to set property "ctl.interface_start" to "aidl/SystemClearService": PROP_ERROR_HANDLE_CONTROL_MESSAGE (0x20)
04-11 12:47:25.584  2113 20704 I sensors-hal: handle_oplus_wise_rgb_event:189, high_pwm_light:lux 145.6,cct 5652.5,brl/algo/ir 1320.0/2.0/48.3,pwm/dc 0.0/0.0,rgbc 6817.438965/4456.421387/2774.775635/12811.936523,ts 930060736231899,cnt 52460,flag 32700
04-11 12:47:25.584  3590  7333 D FusionLightNextGen: process end reported = 1, mode: 0, cnt: 401365, lux 80.4, cct 6181.5, r/g/b/c: 6755.1/4399.2/2737.2/12683.7, R/G/B: 166.0/158.0/140.0, bri 1320.0, match 1.00, ir 0.065728, conf 5.0, ts 930060780515909
04-11 12:47:25.585  2113 17862 I sensors-hal: handle_oplus_wise_rgb_event:161, wise_rgb: (52461)(cct, lux, ir)[5652.55, 145.61, 48.263557] (r, g, b, c)[6809.96, 4443.22, 2768.15, 12811.94]                 (pwm, hbm, brl, algo)[0.0 0.0 1320.0 2.0], flag 32700
04-11 12:47:25.641 10324 10606 I ChainTrace: stream type=syncEvent gapMs=963 refreshMarket=true
04-11 12:47:25.651  2280  2331 D BatteryChargeControl: bcc get no support from charging protocol
04-11 12:47:25.657  2181  2506 I SDM     : DisplayBuiltIn::IdlePowerCollapse: IPC received, disabling partial update for one frame
04-11 12:47:25.661  2258  2258 D SensorFeature: name=ssc_screenshot_info ,index = 22
04-11 12:47:25.662  2258  2258 D SensorFeature: write 39 bytes:930060705903180,930061074230107,32701,0
04-11 12:47:25.695  3438  3988 D QmiClient: qmiServiceEventCallback recv msg id 1099
04-11 12:47:25.695  3438  3988 D QmiClient: enter -mServiceType 4 onQmiServiceEventCallback msgId 1099
04-11 12:47:25.695  3438  3988 D QmiClient: onQmiServiceEventCallback - enter. msgId=1099
04-11 12:47:25.695  3438  3988 D QmiVsClientEvent: QosPeriodReportInd MSG IND data_len 2052
04-11 12:47:25.695  3438  3988 D QmiVsClientEvent: qmiVsClientNotifyQosPeriodReportIndEvent - RADIO_EVENT_QOS_PERIOD_REPORT_NOTIFY_IND
04-11 12:47:25.695  2727  3986 D QmiClient: qmiServiceEventCallback recv msg id 1099
04-11 12:47:25.695  2727  3986 D QmiClient: enter -mServiceType 4 onQmiServiceEventCallback msgId 1099
04-11 12:47:25.695  2727  3986 D QmiClient: onQmiServiceEventCallback - enter. msgId=1099
04-11 12:47:25.695  2727  3986 D QmiVsClientEvent: QosPeriodReportInd MSG IND data_len 2052
04-11 12:47:25.695  2727  3986 D QmiVsClientEvent: qmiVsClientNotifyQosPeriodReportIndEvent - RADIO_EVENT_QOS_PERIOD_REPORT_NOTIFY_IND
04-11 12:47:25.695  3438  3485 D VsProxy : handleMessage msg is 2420
04-11 12:47:25.695  2727  2826 D VsProxy : handleMessage msg is 2420
04-11 12:47:25.695  3438  3485 D VsProxy : handleQosPeriodReportInd for instance 1 data_len 205
04-11 12:47:25.695  2727  2826 D VsProxy : handleQosPeriodReportInd for instance 0 data_len 145
04-11 12:47:25.695 14034  6711 D SubsysRadioIndication[1]: radioQosPeriodReportInd result [8, -76, -10, -107, -49, 14, 18, 14, 8, -27, -12, -107, -49, 14, 16, 1, 32, 53, 40, 1, 72, 1, 26, 13, 8, -103, -12, -107, -49, 14, 16, 6, 40, 6, 56, -77, 6, 34, 12, 8, -84, -69, -57, -50, 14, 16, 4, 24, 1, 32, 3, 58, 83, 8, -58, -12, -107, -49, 14, 16, 5, 24, -98, -23, 30, 32, -54, 1, 40, -93, -1, -1, -1, -1, -1, -1, -1, -1, 1, 48, -12, -1, -1, -1, -1, -1, -1, -1, -1, 1, 56, 2, 64, -92, -1, -1, -1, -1, -1, -1, -1, -1, 1, 72, -96, -1, -1, -1, -1, -1, -1, -1, -1, 1, 80, -90, -1, -1, -1, -1, -1, -1, -1, -1, 1, 88, -91, -1, -1, -1, -1, -1, -1, -1, -1, 1, 66, 31, 8, -101, -22, -108, -49, 14, 16, 5, 24, 2, 34, 19, 8, -98, -23, 30, 16, -54, 1, 24, 41, 32, 13, 40, -126, -128, -52, -67, 21, 48, 2, 90, 0, 98, 10, 8, -85, -54, -73, -50, 14, 16, 3, 24, 5, 122, 20, 8, -83, -10, -107, -49, 14, 16, -1, -1, 1, 24, -1, -1, 1, 32, -1, -1, -1, -1, 15]
04-11 12:47:25.695 14034   947 D SubsysRadioIndication[0]: radioQosPeriodReportInd result [8, -76, -10, -107, -49, 14, 34, 12, 8, -84, -69, -57, -50, 14, 16, 4, 24, 1, 32, 3, 58, 61, 8, -121, -22, -107, -49, 14, 16, 5, 24, -64, -92, 38, 32, -22, 6, 40, -100, -1, -1, -1, -1, -1, -1, -1, -1, 1, 48, -11, -1, -1, -1, -1, -1, -1, -1, -1, 1, 56, 3, 64, -100, -1, -1, -1, -1, -1, -1, -1, -1, 1, 72, -103, -1, -1, -1, -1, -1, -1, -1, -1, 1, 66, 29, 8, -57, -20, -92, -50, 14, 16, 5, 34, 19, 8, -64, -92, 38, 16, -22, 6, 24, 78, 32, 13, 40, -117, -32, -94, -93, 2, 48, 2, 90, 0, 98, 10, 8, -41, -26, -92, -50, 14, 16, 3, 24, 5, 122, 15, 8, -8, -24, -92, -50, 14, 16, -52, 2, 24, -21, 1, 32, -90, 9]
04-11 12:47:25.696 14034 14034 D NetworkService[1]: handleMessage what:1005
04-11 12:47:25.696 14034 14034 D RadioAtomTracker: parseQosPeriodData ModemQos:CellularQosInfo1{5G, 504990/202, EndcState=2, Band=41, DLBW=13, Rsrp=-93, Rsrq=-12, Snr=2, SvcStatus=3, ULPDCPNumDataPdu=1, ULPDCPNumDropPdu=0, ULPDCPTput=53, ULRLCNumDataPdu=1, ULRLCNumRetxPdu=0, ULGrant=0, ULBSR=0, ULBler=1, DLPDCPNumDataPdu=6, DLPDCPTput=819, DLRLCNumDataPdu=6, DLRLCNumRetxPdu=0, DLRLCNumDropPdu=0, DLMACPaddingBytes=0, DLPdcpNumMissToUppPdu=0, DLBler=0, RlfCount=0, CellChangeCount=0, IsRedirectionOccur=0, IsDualSimConflict=0, Latency=6, Sub1RrcState=1, Sub2RrcState=3, RachCount=0, CalcPower=32767, Mtpl=32767, PathLoss=-1, CellLoad=0}
04-11 12:47:25.696 14034 14034 D NetworkService[1]: EVENT_REG_QOS_PERIOD_REPORT_IND_CHANGED ENTER
04-11 12:47:25.696 14034 14034 D NetworkService[0]: handleMessage what:1005
04-11 12:47:25.696 14034 14034 D RadioAtomTracker: parseQosPeriodData ModemQos:CellularQosInfo2{5G, 627264/874, EndcState=0, Band=78, DLBW=13, Rsrp=-100, Rsrq=-11, Snr=3, SvcStatus=3, ULPDCPNumDataPdu=-1, ULPDCPNumDropPdu=-1, ULPDCPTput=-1, ULRLCNumDataPdu=-1, ULRLCNumRetxPdu=-1, ULGrant=-1, ULBSR=-1, ULBler=-1, DLPDCPNumDataPdu=-1, DLPDCPTput=-1, DLRLCNumDataPdu=-1, DLRLCNumRetxPdu=-1, DLRLCNumDropPdu=-1, DLMACPaddingBytes=-1, DLPdcpNumMissToUppPdu=-1, DLBler=-1, RlfCount=0, CellChangeCount=0, IsRedirectionOccur=0, IsDualSimConflict=0, Latency=0, Sub1RrcState=1, Sub2RrcState=3, RachCount=0, CalcPower=332, Mtpl=235, PathLoss=1190, CellLoad=0}
04-11 12:47:25.696 14034 14034 D NetworkService[0]: EVENT_REG_QOS_PERIOD_REPORT_IND_CHANGED ENTER
04-11 12:47:25.696 14034 14034 D AtomModemKpiInfo: handleMessage what:1001
04-11 12:47:25.696 14034 14034 D AtomModemKpiInfo: analyseQosInfo success
04-11 12:47:25.696  3590  8850 V WindowManager: Relayout Window{86952f4 u0 com.binance.monitor}: viewVisibility=0, oldvis=0, req=315x429 , apr = 0, vsysui=, x=42, y=420
04-11 12:47:25.697 10324 10324 I SurfaceControl:  setExtendedRangeBrightness sc=Surface(name=)/@0xc04aefa,currentBufferRatio=1.0,desiredRatio=1.0
04-11 12:47:25.697  3590  8850 D InsetsSourceProvider: updateSourceFrameForServerVisibility mandatorySystemGestures EMPTY_RECT
04-11 12:47:25.698  3590  8850 D InsetsSourceProvider: updateSourceFrameForServerVisibility mandatorySystemGestures EMPTY_RECT
04-11 12:47:25.793  2181  2506 I SDM     : DisplayBuiltIn::IdlePowerCollapse: IPC received, disabling partial update for one frame
04-11 12:47:25.852  2113 17862 I sensors-hal: handle_oplus_wise_rgb_event:161, wise_rgb: (52466)(cct, lux, ir)[5641.97, 147.01, 49.175358] (r, g, b, c)[6839.87, 4482.82, 2790.23, 12928.49]                 (pwm, hbm, brl, algo)[0.0 0.0 1320.0 2.0], flag 32701
04-11 12:47:25.926  2113 17888 I sensors-hal: handle_sns_std_sensor_event:114, oplus rgb_rear sample: (cct, lux, ir, x, y)[9293, 26, 261, 266, 333]
04-11 12:47:25.926  2113 17888 I sensors-hal: handle_sns_std_sensor_event:116, oplus rgb_rear sample: (r, g, b, c w)[1057, 2111, 409, 553, 0]
04-11 12:47:25.927  3590  9788 I AICCTModule: SensorFilter: brightness threshold 1.2 screenNit is 89.327 ave enviroment lux is 80.97579 luxForNit 85.48449demarcationPoint200.0 result is false
04-11 12:47:25.928  3590  9788 I AICCTModule: SensorFilter: findSecondNearestValue, sensorValue: 6254.39 nearestMaxValue:6266.3896 secondNearestValue: 6266.3896
04-11 12:47:25.928  3590  9788 I AICCTModule: SensorFilter: findSecondNearestValue, sensorValue: 83.08199 nearestMaxValue:82.95991 secondNearestValue: 82.95991
04-11 12:47:26.005  2181  2506 I SDM     : DisplayBuiltIn::IdlePowerCollapse: IPC received, disabling partial update for one frame
04-11 12:47:26.012  2181 26958 E CwbService: Panel not support apl read or getDisplayPanelAplValue timeout 10ms.
04-11 12:47:26.013  2258  2258 D SensorFeature: name=ssc_screenshot_info ,index = 22
04-11 12:47:26.013  2258  2258 D SensorFeature: write 39 bytes:930061360934638,930061415331982,32702,0
04-11 12:47:26.025  3438  4039 D QmiClient: qmiServiceEventCallback recv msg id 47
04-11 12:47:26.025  3438  4039 D QmiClient: enter -mServiceType 10 onQmiServiceEventCallback msgId 47
04-11 12:47:26.025  3438  4039 D QmiClient: onQmiServiceEventCallback - enter. msgId=47
04-11 12:47:26.026  3438  3488 D OttProxy: handleMessage msg is 3001
04-11 12:47:26.026 14034   947 D SubsysRadioIndication[1]: radioLinkLatencyInfoInd
04-11 12:47:26.026 14034   947 D SubsysRadioIndication[1]: notify enter
04-11 12:47:26.027 14034 14034 D NetworkService[1]: handleMessage what:1008
04-11 12:47:26.027 14034 14034 D NetworkService[1]: EVENT_REG_LINK_LATENCY_INFO_CHANGE ulLatency:11666
04-11 12:47:26.120  2113 20704 I sensors-hal: handle_oplus_wise_rgb_event:189, high_pwm_light:lux 146.0,cct 5688.6,brl/algo/ir 1320.0/2.0/48.6,pwm/dc 0.0/0.0,rgbc 6795.013672/4427.826660/2761.531006/12802.612305,ts 930061358062732,cnt 52470,flag 32702
04-11 12:47:26.122  2113 17862 I sensors-hal: handle_oplus_wise_rgb_event:161, wise_rgb: (52471)(cct, lux, ir)[5688.58, 145.99, 48.586922] (r, g, b, c)[6809.96, 4438.82, 2768.15, 12825.92]                 (pwm, hbm, brl, algo)[0.0 0.0 1320.0 2.0], flag 32702
04-11 12:47:26.274  2181  2506 I SDM     : DisplayBuiltIn::IdlePowerCollapse: IPC received, disabling partial update for one frame
04-11 12:47:26.286 14034 15313 D CommonApp-264-10512: transport layer data is invalid
04-11 12:47:26.287 14034 15313 D CommonApp-255-10512: commonScoreStrategy scenarios low package
04-11 12:47:26.287 14034 15313 D ScorePolicy: handleScoreChanged: []
04-11 12:47:26.287 14034 15313 D ScorePolicy: handleScoreChanged: []
04-11 12:47:26.287 14034 15313 D ScorePolicy: handleScoreChanged: []
04-11 12:47:26.353  2181  2506 I SDM     : DisplayBuiltIn::IdlePowerCollapse: IPC received, disabling partial update for one frame
04-11 12:47:26.357  2181 23599 E CwbService: Panel not support apl read or getDisplayPanelAplValue timeout 10ms.
04-11 12:47:26.357  2258  2258 D SensorFeature: name=ssc_screenshot_info ,index = 22
04-11 12:47:26.357  2258  2258 D SensorFeature: write 39 bytes:930061705304377,930061759568440,32703,0
04-11 12:47:26.384  2113 17862 I sensors-hal: handle_oplus_wise_rgb_event:161, wise_rgb: (52476)(cct, lux, ir)[5648.32, 146.90, 49.698227] (r, g, b, c)[7091.53, 4645.59, 2902.81, 13394.72]                 (pwm, hbm, brl, algo)[0.0 0.0 1320.0 2.0], flag 32703
04-11 12:47:26.426  3590  8837 D NotificationService--OplusNotificationFixHelper: fixAppIcon: pkg=com.v2ray.ang
04-11 12:47:26.426  3590  8837 D NotificationService--OplusNotificationFixHelper: fixAppIcon: appIcon = null, pkg = com.v2ray.ang
04-11 12:47:26.426  3590  8837 D NotificationService--NotificationRecord: isSupportRearLight , isRearLight = false mLedRM = false isMultilLed = false
04-11 12:47:26.427  3590  8837 I OplusStatusBarManagerServiceEnhance:  getTopIsFullscreen mTopIsFullscreen: false
04-11 12:47:26.427  3590  8837 W ActivityManager: Permission Denial: getTopApplicationInfo from pid=18198, uid=10397 requires oplus.permission.OPLUS_COMPONENT_SAFE
04-11 12:47:26.427  3590  8837 E OplusNotificationCenter: getForegroundApplication exception
04-11 12:47:26.428  3590  3590 D NotificationService--OplusNotificationManagerServiceExtImpl: isForwardToAssistants: true, case : Is local notification
04-11 12:47:26.428  3590  3590 D NotificationService: This application enqueue notifications is need postDelayed mcsAssistantDelayTime: 50
04-11 12:47:26.438  3590  7344 V AlarmManager: sending alarm Alarm{dd857ba type 1 origWhen 1775882846437 whenElapsed 930061852 android} uid 1000 whenElapsed 930061852 windowLength 0 maxWhenElapsed 930061852 repeatInterval 0 action null component null tag StorgaeBandInfoAlarmTag flags 0x9 procName system_server
04-11 12:47:26.438  3590 10338 E OplusStorageUFSBandwidth: storage_io_metrics_path is /proc/oplus_storage/io_metrics/forever/
04-11 12:47:26.439  3590 10338 E OplusStorageUFSBandwidth: Bandwidth - Read: 0.50 MB/s, Write: 5.99 MB/s
04-11 12:47:26.439  3590 10338 E OplusStorageUFSBandwidth: Task time: 1ms
04-11 12:47:26.440  3590 10338 E OplusStorageUFSBandwidth: Alarm set to trigger in 10 seconds
04-11 12:47:26.489  8338  8338 I SystemUi--Notification: OplusLiveAlertNotificationsRepository-->onRankingApplied
04-11 12:47:26.503  8338  8338 I PluginSeedling--Track: RequestHandler-->notificationUpdated 0|com.v2ray.ang|1|null|10397 postTime: 1775882846426
04-11 12:47:26.503  8338  8338 E LockScreenNotificationDispatcherImp: updateNotificationListOnKg size:0
04-11 12:47:26.508  8338  8338 W SystemUi--Notification: OplusNotificationGroupExtImpl-->setChildrenExpanded: groupHeader is null
04-11 12:47:26.509  8338  8338 I SystemUi--Notification: LockScreenNotificationDispatcherImp-->updateNotificationListOnKg resultCode: 0
04-11 12:47:26.535  8338  8706 D LocalImageResolver: Couldn't use ImageDecoder for drawable, falling back to non-resized load.
04-11 12:47:26.537  8338  8338 D OplusNotificationDateTimeView: setTime mSettingTimeMillis 1775882846422, mSettingLocalDateTime 2026-04-11T12:47:00.422
04-11 12:47:26.546  8338  8706 D LocalImageResolver: Couldn't use ImageDecoder for drawable, falling back to non-resized load.
04-11 12:47:26.548  8338  8338 D OplusNotificationDateTimeView: setTime mSettingTimeMillis 1775882846422, mSettingLocalDateTime 2026-04-11T12:47:00.422
04-11 12:47:26.554  8338  8706 D LocalImageResolver: Couldn't use ImageDecoder for drawable, falling back to non-resized load.
04-11 12:47:26.554  8338  8338 D OplusNotificationDateTimeView: setTime mSettingTimeMillis 1775882846422, mSettingLocalDateTime 2026-04-11T12:47:00.422
04-11 12:47:26.562  8338  8338 I SystemUi--Notification: OplusNotificationTempla-->resolveContentMargin: marginTop=112 isChildInGroup=false hasSubtitle=true params.topMargin=112
04-11 12:47:26.566  8338  8338 W SystemUi--Notification: OplusNotificationGroupExtImpl-->setChildrenExpanded: groupHeader is null
04-11 12:47:26.566  4482  4680 W ServiceManagerCppClient: Waited one second for SystemClearService (is service started? Number of threads started in the threadpool: 16. Are binder threads started and available?)
04-11 12:47:26.566  4482  4659 W ServiceManagerCppClient: Waited one second for SystemClearService (is service started? Number of threads started in the threadpool: 16. Are binder threads started and available?)
04-11 12:47:26.567  8338  8338 E LockScreenNotificationDispatcherImp: updateNotificationListOnKg size:0
04-11 12:47:26.568  1254 10806 W libc    : Unable to set property "ctl.interface_start" to "aidl/SystemClearService": PROP_ERROR_HANDLE_CONTROL_MESSAGE (0x20)
04-11 12:47:26.568  1254 10807 W libc    : Unable to set property "ctl.interface_start" to "aidl/SystemClearService": PROP_ERROR_HANDLE_CONTROL_MESSAGE (0x20)
04-11 12:47:26.571  8338  8338 W SystemUi--Notification: OplusNotificationGroupExtImpl-->setChildrenExpanded: groupHeader is null
04-11 12:47:26.571  8338  8338 I SystemUi--Notification: LockScreenNotificationDispatcherImp-->updateNotificationListOnKg resultCode: 0
04-11 12:47:26.627 14034 14034 D NetworkService[1]: handleMessage what:1011
04-11 12:47:26.649  2181  2506 I SDM     : DisplayBuiltIn::IdlePowerCollapse: IPC received, disabling partial update for one frame
04-11 12:47:26.652  2280  2331 D BatteryChargeControl: bcc get no support from charging protocol
04-11 12:47:26.660  2258  2258 D SensorFeature: name=ssc_screenshot_info ,index = 22
04-11 12:47:26.660  2258  2258 D SensorFeature: write 39 bytes:930061705304377,930062073067502,32704,0
04-11 12:47:26.662  2113 20704 I sensors-hal: handle_oplus_wise_rgb_event:189, high_pwm_light:lux 154.9,cct 5811.2,brl/algo/ir 1320.0/2.0/47.7,pwm/dc 0.0/0.0,rgbc 7587.391113/4999.726562/3145.628906/14404.103516,ts 930061990929190,cnt 52480,flag 32704
04-11 12:47:26.662  2113 17862 I sensors-hal: handle_oplus_wise_rgb_event:161, wise_rgb: (52481)(cct, lux, ir)[5811.22, 154.92, 47.676315] (r, g, b, c)[7607.33, 5045.92, 3187.57, 14455.39]                 (pwm, hbm, brl, algo)[0.0 0.0 1320.0 2.0], flag 32704
04-11 12:47:26.746  2727  3986 D QmiClient: qmiServiceEventCallback recv msg id 1099
04-11 12:47:26.746  3438  3988 D QmiClient: qmiServiceEventCallback recv msg id 1099
04-11 12:47:26.746  3438  3988 D QmiClient: enter -mServiceType 4 onQmiServiceEventCallback msgId 1099
04-11 12:47:26.746  2727  3986 D QmiClient: enter -mServiceType 4 onQmiServiceEventCallback msgId 1099
04-11 12:47:26.746  2727  3986 D QmiClient: onQmiServiceEventCallback - enter. msgId=1099
04-11 12:47:26.746  3438  3988 D QmiClient: onQmiServiceEventCallback - enter. msgId=1099
04-11 12:47:26.746  2727  3986 D QmiVsClientEvent: QosPeriodReportInd MSG IND data_len 2052
04-11 12:47:26.746  3438  3988 D QmiVsClientEvent: QosPeriodReportInd MSG IND data_len 2052
04-11 12:47:26.746  2727  3986 D QmiVsClientEvent: qmiVsClientNotifyQosPeriodReportIndEvent - RADIO_EVENT_QOS_PERIOD_REPORT_NOTIFY_IND
04-11 12:47:26.746  3438  3988 D QmiVsClientEvent: qmiVsClientNotifyQosPeriodReportIndEvent - RADIO_EVENT_QOS_PERIOD_REPORT_NOTIFY_IND
04-11 12:47:26.746  3438  3485 D VsProxy : handleMessage msg is 2420
04-11 12:47:26.747  3438  3485 D VsProxy : handleQosPeriodReportInd for instance 1 data_len 206
04-11 12:47:26.747  2727  2826 D VsProxy : handleMessage msg is 2420
04-11 12:47:26.747  2727  2826 D VsProxy : handleQosPeriodReportInd for instance 0 data_len 145
04-11 12:47:26.747 14034   947 D SubsysRadioIndication[0]: radioQosPeriodReportInd result [8, -52, -2, -107, -49, 14, 34, 12, 8, -84, -69, -57, -50, 14, 16, 4, 24, 1, 32, 3, 58, 61, 8, -2, -3, -107, -49, 14, 16, 5, 24, -64, -92, 38, 32, -22, 6, 40, -96, -1, -1, -1, -1, -1, -1, -1, -1, 1, 48, -11, -1, -1, -1, -1, -1, -1, -1, -1, 1, 56, 5, 64, -99, -1, -1, -1, -1, -1, -1, -1, -1, 1, 72, -96, -1, -1, -1, -1, -1, -1, -1, -1, 1, 66, 29, 8, -57, -20, -92, -50, 14, 16, 5, 34, 19, 8, -64, -92, 38, 16, -22, 6, 24, 78, 32, 13, 40, -117, -32, -94, -93, 2, 48, 2, 90, 0, 98, 10, 8, -41, -26, -92, -50, 14, 16, 3, 24, 5, 122, 15, 8, -8, -24, -92, -50, 14, 16, -52, 2, 24, -21, 1, 32, -90, 9]
04-11 12:47:26.748 14034  6711 D SubsysRadioIndication[1]: radioQosPeriodReportInd result [8, -52, -2, -107, -49, 14, 18, 15, 8, -2, -3, -107, -49, 14, 16, 4, 32, -32, 1, 40, 4, 72, 1, 26, 13, 8, -79, -3, -107, -49, 14, 16, 7, 40, 2, 56, -76, 2, 34, 12, 8, -84, -69, -57, -50, 14, 16, 4, 24, 1, 32, 3, 58, 83, 8, -2, -3, -107, -49, 14, 16, 5, 24, -98, -23, 30, 32, -54, 1, 40, -90, -1, -1, -1, -1, -1, -1, -1, -1, 1, 48, -11, -1, -1, -1, -1, -1, -1, -1, -1, 1, 56, 4, 64, -89, -1, -1, -1, -1, -1, -1, -1, -1, 1, 72, -91, -1, -1, -1, -1, -1, -1, -1, -1, 1, 80, -95, -1, -1, -1, -1, -1, -1, -1, -1, 1, 88, -92, -1, -1, -1, -1, -1, -1, -1, -1, 1, 66, 31, 8, -101, -22, -108, -49, 14, 16, 5, 24, 2, 34, 19, 8, -98, -23, 30, 16, -54, 1, 24, 41, 32, 13, 40, -126, -128, -52, -67, 21, 48, 2, 90, 0, 98, 10, 8, -85, -54, -73, -50, 14, 16, 3, 24, 5, 122, 20, 8, -83, -10, -107, -49, 14, 16, -1, -1, 1, 24, -1, -1, 1, 32, -1, -1, -1, -1, 15]
04-11 12:47:26.748 14034 14034 D NetworkService[0]: handleMessage what:1005
04-11 12:47:26.748 14034 14034 D RadioAtomTracker: parseQosPeriodData ModemQos:CellularQosInfo2{5G, 627264/874, EndcState=0, Band=78, DLBW=13, Rsrp=-96, Rsrq=-11, Snr=5, SvcStatus=3, ULPDCPNumDataPdu=-1, ULPDCPNumDropPdu=-1, ULPDCPTput=-1, ULRLCNumDataPdu=-1, ULRLCNumRetxPdu=-1, ULGrant=-1, ULBSR=-1, ULBler=-1, DLPDCPNumDataPdu=-1, DLPDCPTput=-1, DLRLCNumDataPdu=-1, DLRLCNumRetxPdu=-1, DLRLCNumDropPdu=-1, DLMACPaddingBytes=-1, DLPdcpNumMissToUppPdu=-1, DLBler=-1, RlfCount=0, CellChangeCount=0, IsRedirectionOccur=0, IsDualSimConflict=0, Latency=0, Sub1RrcState=1, Sub2RrcState=3, RachCount=0, CalcPower=332, Mtpl=235, PathLoss=1190, CellLoad=0}
04-11 12:47:26.748 14034 14034 D NetworkService[0]: EVENT_REG_QOS_PERIOD_REPORT_IND_CHANGED ENTER
04-11 12:47:26.749 14034 14034 D NetworkService[1]: handleMessage what:1005
04-11 12:47:26.749 14034 14034 D RadioAtomTracker: parseQosPeriodData ModemQos:CellularQosInfo1{5G, 504990/202, EndcState=2, Band=41, DLBW=13, Rsrp=-90, Rsrq=-11, Snr=4, SvcStatus=3, ULPDCPNumDataPdu=4, ULPDCPNumDropPdu=0, ULPDCPTput=224, ULRLCNumDataPdu=4, ULRLCNumRetxPdu=0, ULGrant=0, ULBSR=0, ULBler=1, DLPDCPNumDataPdu=2, DLPDCPTput=308, DLRLCNumDataPdu=7, DLRLCNumRetxPdu=0, DLRLCNumDropPdu=0, DLMACPaddingBytes=0, DLPdcpNumMissToUppPdu=0, DLBler=0, RlfCount=0, CellChangeCount=0, IsRedirectionOccur=0, IsDualSimConflict=0, Latency=11, Sub1RrcState=1, Sub2RrcState=3, RachCount=0, CalcPower=32767, Mtpl=32767, PathLoss=-1, CellLoad=0}
04-11 12:47:26.749 14034 14034 D NetworkService[1]: tryReportModemUlTPutGuarantee: clear calculator
04-11 12:47:26.749 14034 14034 D NetworkService[1]: EVENT_REG_QOS_PERIOD_REPORT_IND_CHANGED ENTER
04-11 12:47:26.749 14034 14034 D AtomModemKpiInfo: handleMessage what:1001
04-11 12:47:26.749 14034 14034 D AtomModemKpiInfo: analyseQosInfo success
04-11 12:47:26.755 10324 10606 I ChainTrace: stream type=syncEvent gapMs=1114 refreshMarket=true
04-11 12:47:26.861  2181  2506 I SDM     : DisplayBuiltIn::IdlePowerCollapse: IPC received, disabling partial update for one frame
04-11 12:47:26.917  3590  7333 D FusionLightNextGen: process end reported = 1, mode: 0, cnt: 401370, lux 101.8, cct 6529.4, r/g/b/c: 7609.8/5043.7/3167.7/14499.7, R/G/B: 166.0/158.0/140.0, bri 1320.0, match 1.00, ir 0.059386, conf 5.0, ts 930062113179138
04-11 12:47:26.917  2113 17862 I sensors-hal: handle_oplus_wise_rgb_event:161, wise_rgb: (52486)(cct, lux, ir)[5980.25, 166.10, 45.420364] (r, g, b, c)[7624.77, 5045.92, 3178.74, 14522.99]                 (pwm, hbm, brl, algo)[0.0 0.0 1320.0 2.0], flag 32704
04-11 12:47:26.993  2181  2506 I SDM     : DisplayBuiltIn::IdlePowerCollapse: IPC received, disabling partial update for one frame
04-11 12:47:27.002  2181 23599 E CwbService: Panel not support apl read or getDisplayPanelAplValue timeout 10ms.
04-11 12:47:27.002  2258  2258 D SensorFeature: name=ssc_screenshot_info ,index = 22
04-11 12:47:27.002  2258  2258 D SensorFeature: write 39 bytes:930062349773544,930062404167137,32705,0
04-11 12:47:27.031  3438  4039 D QmiClient: qmiServiceEventCallback recv msg id 47
04-11 12:47:27.031  3438  4039 D QmiClient: enter -mServiceType 10 onQmiServiceEventCallback msgId 47
04-11 12:47:27.031  3438  4039 D QmiClient: onQmiServiceEventCallback - enter. msgId=47
04-11 12:47:27.031  3438  3488 D OttProxy: handleMessage msg is 3001
04-11 12:47:27.031 14034  6711 D SubsysRadioIndication[1]: radioLinkLatencyInfoInd
04-11 12:47:27.031 14034  6711 D SubsysRadioIndication[1]: notify enter
04-11 12:47:27.032 14034 14034 D NetworkService[1]: handleMessage what:1008
04-11 12:47:27.032 14034 14034 D NetworkService[1]: EVENT_REG_LINK_LATENCY_INFO_CHANGE ulLatency:11154
04-11 12:47:27.114 13839 14712 I SmartDataSwitchStateManager: handle message:7
04-11 12:47:27.115 13839 14712 I SmartDataSwitchSM: [DisableState]Handle msg: 2
04-11 12:47:27.115 13839 14712 I SmartDataSwitchSM: [DisableState]handle state change, reason:DataScoreLow
04-11 12:47:27.131  3590  9788 I AICCTModule: SensorFilter: brightness threshold 1.2 screenNit is 89.327 ave enviroment lux is 94.722534 luxForNit 85.98149demarcationPoint200.0 result is false
04-11 12:47:27.131  3590  9788 I AICCTModule: SensorFilter: findSecondNearestValue, sensorValue: 6266.3896 nearestMaxValue:6250.874 secondNearestValue: 6250.874
04-11 12:47:27.131  3590  9788 I AICCTModule: SensorFilter: findSecondNearestValue, sensorValue: 82.95991 nearestMaxValue:82.147995 secondNearestValue: 82.147995
04-11 12:47:27.184  2113 20704 I sensors-hal: handle_oplus_wise_rgb_event:189, high_pwm_light:lux 159.1,cct 5800.5,brl/algo/ir 1320.0/2.0/48.0,pwm/dc 0.0/0.0,rgbc 7345.691406/4845.753418/3050.708008/13972.843750,ts 930062346873461,cnt 52490,flag 32705
04-11 12:47:27.184  2113 17862 I sensors-hal: handle_oplus_wise_rgb_event:161, wise_rgb: (52491)(cct, lux, ir)[5800.45, 159.10, 47.958652] (r, g, b, c)[7370.61, 4841.35, 3035.26, 13972.84]                 (pwm, hbm, brl, algo)[0.0 0.0 1320.0 2.0], flag 32705
04-11 12:47:27.310 14034 15313 D CommonApp-264-10512: transport layer data is invalid
04-11 12:47:27.311 14034 15313 D CommonApp-255-10512: commonScoreStrategy scenarios low package
04-11 12:47:27.311 14034 15313 D ScorePolicy: handleScoreChanged: []
04-11 12:47:27.312 14034 15313 D ScorePolicy: handleScoreChanged: []
04-11 12:47:27.312 14034 15313 D ScorePolicy: handleScoreChanged: []
04-11 12:47:27.357  2181  2506 I SDM     : DisplayBuiltIn::IdlePowerCollapse: IPC received, disabling partial update for one frame
04-11 12:47:27.368  2181  2532 E CwbService: Panel not support apl read or getDisplayPanelAplValue timeout 10ms.
04-11 12:47:27.369  2258  2258 D SensorFeature: name=ssc_screenshot_info ,index = 22
04-11 12:47:27.369  2258  2258 D SensorFeature: write 39 bytes:930062716252606,930062770520731,32706,0
04-11 12:47:27.403  2187  2298 E PERFHAL-PERFCTRL: PERFHAL-PERFCTRL: chk_core_online_poll_loop() 748: poll() has timed out for /sys/kernel/msm_performance/events/cpu_hotplug
04-11 12:47:27.403  2187  2298 E PERFHAL-PERFCTRL: PERFHAL-PERFCTRL: chk_core_online_poll_loop() 743: Block on poll()
04-11 12:47:27.454  2113 17862 I sensors-hal: handle_oplus_wise_rgb_event:161, wise_rgb: (52496)(cct, lux, ir)[5839.51, 157.76, 46.910576] (r, g, b, c)[7300.84, 4803.96, 3022.01, 13853.96]                 (pwm, hbm, brl, algo)[0.0 0.0 1320.0 2.0], flag 32706
04-11 12:47:27.567  4482  4680 W ServiceManagerCppClient: Waited one second for SystemClearService (is service started? Number of threads started in the threadpool: 16. Are binder threads started and available?)
04-11 12:47:27.568  4482  4659 W ServiceManagerCppClient: Waited one second for SystemClearService (is service started? Number of threads started in the threadpool: 16. Are binder threads started and available?)
04-11 12:47:27.570  1254 10817 W libc    : Unable to set property "ctl.interface_start" to "aidl/SystemClearService": PROP_ERROR_HANDLE_CONTROL_MESSAGE (0x20)
04-11 12:47:27.570  1254 10818 W libc    : Unable to set property "ctl.interface_start" to "aidl/SystemClearService": PROP_ERROR_HANDLE_CONTROL_MESSAGE (0x20)
04-11 12:47:27.653  2280  2331 D BatteryChargeControl: bcc get no support from charging protocol
04-11 12:47:27.671  2258  2258 D SensorFeature: name=ssc_screenshot_info ,index = 22
04-11 12:47:27.672  2258  2258 D SensorFeature: write 39 bytes:930062716252606,930063084265470,32707,0
04-11 12:47:27.717 10324 10606 I ChainTrace: stream type=heartbeat gapMs=962 refreshMarket=false
04-11 12:47:27.718  2113 20704 I sensors-hal: handle_oplus_wise_rgb_event:189, high_pwm_light:lux 157.7,cct 5896.7,brl/algo/ir 1320.0/2.0/46.4,pwm/dc 0.0/0.0,rgbc 7290.872070/4801.761230/3017.596191/13879.598633,ts 930063024040128,cnt 52500,flag 32707
04-11 12:47:27.718  2113 17862 I sensors-hal: handle_oplus_wise_rgb_event:161, wise_rgb: (52501)(cct, lux, ir)[5896.67, 157.72, 46.378437] (r, g, b, c)[7288.38, 4808.36, 3015.39, 13849.29]                 (pwm, hbm, brl, algo)[0.0 0.0 1320.0 2.0], flag 32707
04-11 12:47:27.746  3438  3988 D QmiClient: qmiServiceEventCallback recv msg id 1099
04-11 12:47:27.746  3438  3988 D QmiClient: enter -mServiceType 4 onQmiServiceEventCallback msgId 1099
04-11 12:47:27.746  3438  3988 D QmiClient: onQmiServiceEventCallback - enter. msgId=1099
04-11 12:47:27.746  3438  3988 D QmiVsClientEvent: QosPeriodReportInd MSG IND data_len 2052
04-11 12:47:27.746  3438  3988 D QmiVsClientEvent: qmiVsClientNotifyQosPeriodReportIndEvent - RADIO_EVENT_QOS_PERIOD_REPORT_NOTIFY_IND
04-11 12:47:27.747  2727  3986 D QmiClient: qmiServiceEventCallback recv msg id 1099
04-11 12:47:27.747  2727  3986 D QmiClient: enter -mServiceType 4 onQmiServiceEventCallback msgId 1099
04-11 12:47:27.747  2727  3986 D QmiClient: onQmiServiceEventCallback - enter. msgId=1099
04-11 12:47:27.747  2727  3986 D QmiVsClientEvent: QosPeriodReportInd MSG IND data_len 2052
04-11 12:47:27.747  2727  3986 D QmiVsClientEvent: qmiVsClientNotifyQosPeriodReportIndEvent - RADIO_EVENT_QOS_PERIOD_REPORT_NOTIFY_IND
04-11 12:47:27.747  3438  3485 D VsProxy : handleMessage msg is 2420
04-11 12:47:27.747  3438  3485 D VsProxy : handleQosPeriodReportInd for instance 1 data_len 209
04-11 12:47:27.747  2727  2826 D VsProxy : handleMessage msg is 2420
04-11 12:47:27.747  2727  2826 D VsProxy : handleQosPeriodReportInd for instance 0 data_len 145
04-11 12:47:27.748 14034  6711 D SubsysRadioIndication[1]: radioQosPeriodReportInd result [8, -76, -122, -106, -49, 14, 18, 18, 8, -82, -122, -106, -49, 14, 16, 3, 32, -97, 1, 40, 3, 56, -82, 1, 72, 1, 26, 13, 8, -82, -122, -106, -49, 14, 16, 1, 40, 4, 56, -76, 2, 34, 12, 8, -84, -69, -57, -50, 14, 16, 4, 24, 1, 32, 3, 58, 83, 8, -82, -122, -106, -49, 14, 16, 5, 24, -98, -23, 30, 32, -54, 1, 40, -91, -1, -1, -1, -1, -1, -1, -1, -1, 1, 48, -11, -1, -1, -1, -1, -1, -1, -1, -1, 1, 56, 4, 64, -91, -1, -1, -1, -1, -1, -1, -1, -1, 1, 72, -94, -1, -1, -1, -1, -1, -1, -1, -1, 1, 80, -95, -1, -1, -1, -1, -1, -1, -1, -1, 1, 88, -91, -1, -1, -1, -1, -1, -1, -1, -1, 1, 66, 31, 8, -101, -22, -108, -49, 14, 16, 5, 24, 2, 34, 19, 8, -98, -23, 30, 16, -54, 1, 24, 41, 32, 13, 40, -126, -128, -52, -67, 21, 48, 2, 90, 0, 98, 10, 8, -85, -54, -73, -50, 14, 16, 3, 24, 5, 122, 20, 8, -8, -1, -107, -49, 14, 16, -1, -1, 1, 24, -1, -1, 1, 32, -1, -1, -1, -1, 15]
04-11 12:47:27.749 14034   947 D SubsysRadioIndication[0]: radioQosPeriodReportInd result [8, -76, -122, -106, -49, 14, 34, 12, 8, -84, -69, -57, -50, 14, 16, 4, 24, 1, 32, 3, 58, 61, 8, -2, -3, -107, -49, 14, 16, 5, 24, -64, -92, 38, 32, -22, 6, 40, -96, -1, -1, -1, -1, -1, -1, -1, -1, 1, 48, -11, -1, -1, -1, -1, -1, -1, -1, -1, 1, 56, 5, 64, -99, -1, -1, -1, -1, -1, -1, -1, -1, 1, 72, -96, -1, -1, -1, -1, -1, -1, -1, -1, 1, 66, 29, 8, -57, -20, -92, -50, 14, 16, 5, 34, 19, 8, -64, -92, 38, 16, -22, 6, 24, 78, 32, 13, 40, -117, -32, -94, -93, 2, 48, 2, 90, 0, 98, 10, 8, -41, -26, -92, -50, 14, 16, 3, 24, 5, 122, 15, 8, -8, -24, -92, -50, 14, 16, -52, 2, 24, -21, 1, 32, -90, 9]
04-11 12:47:27.749 14034 14034 D NetworkService[1]: handleMessage what:1005
04-11 12:47:27.749 14034 14034 D RadioAtomTracker: parseQosPeriodData ModemQos:CellularQosInfo1{5G, 504990/202, EndcState=2, Band=41, DLBW=13, Rsrp=-91, Rsrq=-11, Snr=4, SvcStatus=3, ULPDCPNumDataPdu=3, ULPDCPNumDropPdu=0, ULPDCPTput=159, ULRLCNumDataPdu=3, ULRLCNumRetxPdu=0, ULGrant=174, ULBSR=0, ULBler=1, DLPDCPNumDataPdu=4, DLPDCPTput=308, DLRLCNumDataPdu=1, DLRLCNumRetxPdu=0, DLRLCNumDropPdu=0, DLMACPaddingBytes=0, DLPdcpNumMissToUppPdu=0, DLBler=0, RlfCount=0, CellChangeCount=0, IsRedirectionOccur=0, IsDualSimConflict=0, Latency=11, Sub1RrcState=1, Sub2RrcState=3, RachCount=0, CalcPower=32767, Mtpl=32767, PathLoss=-1, CellLoad=0}
04-11 12:47:27.750 14034 14034 D NetworkService[1]: EVENT_REG_QOS_PERIOD_REPORT_IND_CHANGED ENTER
04-11 12:47:27.750 14034 14034 D NetworkService[0]: handleMessage what:1005
04-11 12:47:27.750 14034 14034 D RadioAtomTracker: parseQosPeriodData ModemQos:CellularQosInfo2{5G, 627264/874, EndcState=0, Band=78, DLBW=13, Rsrp=-96, Rsrq=-11, Snr=5, SvcStatus=3, ULPDCPNumDataPdu=-1, ULPDCPNumDropPdu=-1, ULPDCPTput=-1, ULRLCNumDataPdu=-1, ULRLCNumRetxPdu=-1, ULGrant=-1, ULBSR=-1, ULBler=-1, DLPDCPNumDataPdu=-1, DLPDCPTput=-1, DLRLCNumDataPdu=-1, DLRLCNumRetxPdu=-1, DLRLCNumDropPdu=-1, DLMACPaddingBytes=-1, DLPdcpNumMissToUppPdu=-1, DLBler=-1, RlfCount=0, CellChangeCount=0, IsRedirectionOccur=0, IsDualSimConflict=0, Latency=0, Sub1RrcState=1, Sub2RrcState=3, RachCount=0, CalcPower=332, Mtpl=235, PathLoss=1190, CellLoad=0}
04-11 12:47:27.750 14034 14034 D NetworkService[0]: EVENT_REG_QOS_PERIOD_REPORT_IND_CHANGED ENTER
04-11 12:47:27.750 14034 14034 D AtomModemKpiInfo: handleMessage what:1001
04-11 12:47:27.750 14034 14034 D AtomModemKpiInfo: analyseQosInfo success
04-11 12:47:27.930  2113 17888 I sensors-hal: handle_sns_std_sensor_event:114, oplus rgb_rear sample: (cct, lux, ir, x, y)[10029, 21, 298, 259, 325]
04-11 12:47:27.930  2113 17888 I sensors-hal: handle_sns_std_sensor_event:116, oplus rgb_rear sample: (r, g, b, c w)[859, 1757, 387, 524, 0]
04-11 12:47:27.974  2258  2258 D SensorFeature: name=ssc_screenshot_info ,index = 22
04-11 12:47:27.974  2258  2258 D SensorFeature: write 39 bytes:930062716252606,930063387500939,32708,0
