04-11 12:51:00.163  3590  3647 D Transition: finishTransition ar ActivityRecord{2782594 u0 com.binance.monitor/.ui.main.MainActivity t13174}, isVisibleRequested=false, state=PAUSED, visibleAtTransitionEndTokens={ActivityRecord{78549549 u0 com.binance.monitor/.ui.account.AccountStatsBridgeActivity t13174}}, this=TransitionRecord{c868d27 id=27149 track=0 type=OPEN flags=0x0 state=2 c=[
04-11 12:51:00.163  3590  3647 D Transition:    ChangeInfo{496e72f container=ActivityRecord{2782594 u0 com.binance.monitor/.ui.main.MainActivity t13174} flags=0x0}
04-11 12:51:00.163  3590  3647 D Transition:    ChangeInfo{7762bd4 container=Display{#0 state=ON size=1264x2780 ROTATION_0} flags=0x0}
04-11 12:51:00.163  3590  3647 D Transition:    ChangeInfo{530010e container=ActivityRecord{78549549 u0 com.binance.monitor/.ui.account.AccountStatsBridgeActivity t13174} flags=0x0}
04-11 12:51:00.163  3590  3647 D Transition:    ChangeInfo{8a3717d container=Task{59726ef #13174 type=standard A=10512:com.binance.monitor} flags=0x0}
04-11 12:51:00.163  3590  3647 D Transition:    ChangeInfo{dd99872 container=DefaultTaskDisplayArea@136308155 flags=0x0}
04-11 12:51:00.163  3590  3647 D Transition: ]
04-11 12:51:00.163  3590  3647 D Transition: }
04-11 12:51:00.163  3590  3647 D ActivityTaskManager: commitVisibility: ActivityRecord{2782594 u0 com.binance.monitor/.ui.main.MainActivity t13174}: visible=false visibleRequested=false, isInTransition=false 
04-11 12:51:00.163  3590  3647 D WindowManager: NFW_setClientVisible:ActivityRecord{2782594 u0 com.binance.monitor/.ui.main.MainActivity t13174} clientVisible:false
04-11 12:51:00.164  3590  3647 I WindowManager: Window{f3a652c u0 com.binance.monitor/com.binance.monitor.ui.main.MainActivity} state from HAS_DRAWN to DRAW_PENDING; reason: resetDrawState
04-11 12:51:00.164  3590  3647 D Transition: finishTransition ar ActivityRecord{78549549 u0 com.binance.monitor/.ui.account.AccountStatsBridgeActivity t13174}, isVisibleRequested=true, state=RESUMED, visibleAtTransitionEndTokens={ActivityRecord{78549549 u0 com.binance.monitor/.ui.account.AccountStatsBridgeActivity t13174}}, this=TransitionRecord{c868d27 id=27149 track=0 type=OPEN flags=0x0 state=2 c=[
04-11 12:51:00.164  3590  3647 D Transition:    ChangeInfo{496e72f container=ActivityRecord{2782594 u0 com.binance.monitor/.ui.main.MainActivity t13174} flags=0x0}
04-11 12:51:00.164  3590  3647 D Transition:    ChangeInfo{7762bd4 container=Display{#0 state=ON size=1264x2780 ROTATION_0} flags=0x0}
04-11 12:51:00.164  3590  3647 D Transition:    ChangeInfo{530010e container=ActivityRecord{78549549 u0 com.binance.monitor/.ui.account.AccountStatsBridgeActivity t13174} flags=0x0}
04-11 12:51:00.164  3590  3647 D Transition:    ChangeInfo{8a3717d container=Task{59726ef #13174 type=standard A=10512:com.binance.monitor} flags=0x0}
04-11 12:51:00.164  3590  3647 D Transition:    ChangeInfo{dd99872 container=DefaultTaskDisplayArea@136308155 flags=0x0}
04-11 12:51:00.164  3590  3647 D Transition: ]
04-11 12:51:00.164  3590  3647 D Transition: }
04-11 12:51:00.164  3590  3647 I OplusAppSwitchManagerService:  handleAppVisible , r = ActivityRecord{78549549 u0 com.binance.monitor/.ui.account.AccountStatsBridgeActivity t13174}
04-11 12:51:00.164 14400 14461 D VRI[MainActivity]: dispatchAppVisibility visible:false mUpcomingWindowFocus:false
04-11 12:51:00.164  3590  3647 D OplusTransitionController: finishTransition, transition: TransitionRecord{c868d27 id=27149 track=0 type=OPEN flags=0x0 state=4 c=[
04-11 12:51:00.164  3590  3647 D OplusTransitionController:    ChangeInfo{496e72f container=ActivityRecord{2782594 u0 com.binance.monitor/.ui.main.MainActivity t13174} flags=0x0}
04-11 12:51:00.164  3590  3647 D OplusTransitionController:    ChangeInfo{7762bd4 container=Display{#0 state=ON size=1264x2780 ROTATION_0} flags=0x0}
04-11 12:51:00.164  3590  3647 D OplusTransitionController:    ChangeInfo{530010e container=ActivityRecord{78549549 u0 com.binance.monitor/.ui.account.AccountStatsBridgeActivity t13174} flags=0x0}
04-11 12:51:00.164  3590  3647 D OplusTransitionController:    ChangeInfo{8a3717d container=Task{59726ef #13174 type=standard A=10512:com.binance.monitor} flags=0x0}
04-11 12:51:00.164  3590  3647 D OplusTransitionController:    ChangeInfo{dd99872 container=DefaultTaskDisplayArea@136308155 flags=0x0}
04-11 12:51:00.164  3590  3647 D OplusTransitionController: ]
04-11 12:51:00.164  3590  3647 D OplusTransitionController: }
04-11 12:51:00.164  3590  3647 D FlexibleTaskTransitionController:  finishTransition pendingRecentToFlexibleTask:null,isRotationTransition:false ,pendingRecentToFlexible:null ,transition:TransitionRecord{c868d27 id=27149 track=0 type=OPEN flags=0x0 state=4 c=[
04-11 12:51:00.164  3590  3647 D FlexibleTaskTransitionController:    ChangeInfo{496e72f container=ActivityRecord{2782594 u0 com.binance.monitor/.ui.main.MainActivity t13174} flags=0x0}
04-11 12:51:00.164  3590  3647 D FlexibleTaskTransitionController:    ChangeInfo{7762bd4 container=Display{#0 state=ON size=1264x2780 ROTATION_0} flags=0x0}
04-11 12:51:00.164  3590  3647 D FlexibleTaskTransitionController:    ChangeInfo{530010e container=ActivityRecord{78549549 u0 com.binance.monitor/.ui.account.AccountStatsBridgeActivity t13174} flags=0x0}
04-11 12:51:00.164  3590  3647 D FlexibleTaskTransitionController:    ChangeInfo{8a3717d container=Task{59726ef #13174 type=standard A=10512:com.binance.monitor} flags=0x0}
04-11 12:51:00.164  3590  3647 D FlexibleTaskTransitionController:    ChangeInfo{dd99872 container=DefaultTaskDisplayArea@136308155 flags=0x0}
04-11 12:51:00.164  3590  3647 D FlexibleTaskTransitionController: ]
04-11 12:51:00.164  3590  3647 D FlexibleTaskTransitionController: }
04-11 12:51:00.165  3590  3647 D TransitionControllerExtImpl: NFW_send RECOMPUTE_FOCUS in finishTransition
04-11 12:51:00.165  8338  8381 D ShellTaskOrganizer: onTransitionFinish, isRecent:false
04-11 12:51:00.165  8338  8381 V WindowManagerShell: Track 0 became idle
04-11 12:51:00.165  8338  8381 V WindowManagerShell: All active transition animations finished
04-11 12:51:00.165  8338  8381 V WindowManagerShell:  animated by com.android.wm.shell.transition.DefaultTransitionHandler@423c8cd
04-11 12:51:00.165  8338  8381 D OplusShellTransition: dispatchTransition, animated mHandler: com.android.wm.shell.transition.DefaultTransitionHandler@423c8cd
04-11 12:51:00.165  8338  8381 V WindowManagerShell: Track 0 became idle
04-11 12:51:00.165  8338  8381 V WindowManagerShell: All active transition animations finished
04-11 12:51:00.166  3590  3795 D WindowManager: NFW_findFocusedWindowIfNeeded:Window{16dc2e0 u0 com.binance.monitor/com.binance.monitor.ui.account.AccountStatsBridgeActivity} mCurrentFocus:Window{16dc2e0 u0 com.binance.monitor/com.binance.monitor.ui.account.AccountStatsBridgeActivity}
04-11 12:51:00.166  3590  3796 D InsetsSourceProvider: updateSourceFrameForServerVisibility mandatorySystemGestures EMPTY_RECT
04-11 12:51:00.166  3590  3875 D VRR [OPlusRefreshRateService]:  setDirectorStates [flag: 1, state: 0, directorStateOff: 0]
04-11 12:51:00.166  2399  9261 D VRR [RefreshRateDirector]: updateState mState = 1
04-11 12:51:00.167  3590  8278 I BLASTSyncEngine: onCommitted syncId: 27149, timeout: false ran: false
04-11 12:51:00.167  3590  8278 D Transition: finishTransaction-onCommitted syncId=27149
04-11 12:51:00.169  3590  3647 I InputDispatcher: updateFocusedWindow, 16dc2e0 com.binance.monitor/com.binance.monitor.ui.account.AccountStatsBridgeActivity on display 0, reason: Window became focusable. Previous reason: NOT_VISIBLE, result:   FocusedWindows:
04-11 12:51:00.169  3590  3647 I InputDispatcher:     displayId=0, name='16dc2e0 com.binance.monitor/com.binance.monitor.ui.account.AccountStatsBridgeActivity'
04-11 12:51:00.179 14400 14461 I HWUI    : Davey! duration=935ms; Flags=1, FrameTimelineVsyncId=351134256, IntendedVsync=882418604590778, Vsync=882419371006346, InputEventId=0, HandleInputStart=882419376356557, AnimationStart=882419376358016, PerformTraversalsStart=882419376409422, DrawStart=882419471585307, FrameDeadline=882418618257444, FrameStartTime=882419376131297, FrameInterval=11107472, WorkloadTarget=13666666, SyncQueued=882419522465932, SyncStart=882419522520516, IssueDrawCommandsStart=882419523244578, SwapBuffers=882419532420672, FrameCompleted=882419540250932, DequeueBufferDuration=13385, QueueBufferDuration=277709, GpuCompleted=882419540250932, SwapBuffersCompleted=882419532793537, DisplayPresentTime=0, CommandSubmissionCompleted=882419532420672, 
04-11 12:51:00.187 14400 14442 I binance.monitor: _Desupression native alloc  gc_urgency: 67804expectation: 132644 native bytes: 39326904
04-11 12:51:00.193  3590  7167 I resRelease: policy type is 1
04-11 12:51:00.209 14400 14400 I ChainTrace: account_render phase=build_overview account=7400048@ICMarketsSC-MT5-6 durationMs=8 trades=1113 positions=6 curves=5717
04-11 12:51:00.212 14400 14400 I ChainTrace: account_render phase=bind_overview_and_filters account=7400048@ICMarketsSC-MT5-6 durationMs=3 trades=1113 positions=6 curves=5717
04-11 12:51:00.229 14400 14400 I ChainTrace: account_render phase=render_returns_table account=7400048@ICMarketsSC-MT5-6 durationMs=17 trades=1113 positions=6 curves=5717
04-11 12:51:00.244 14400 14400 I ChainTrace: account_render phase=apply_curve_range account=7400048@ICMarketsSC-MT5-6 durationMs=15 trades=1113 positions=6 curves=5717
04-11 12:51:00.247  2181  7371 E CwbService: Panel not support apl read or getDisplayPanelAplValue timeout 10ms.
04-11 12:51:00.247  2258  2258 D SensorFeature: name=ssc_screenshot_info ,index = 22
04-11 12:51:00.247  2258  2258 D SensorFeature: write 39 bytes:930275600084348,930275651334973,33358,0
04-11 12:51:00.249  3590  7333 D FusionLightNextGen: process end reported = 1, mode: 0, cnt: 402170, lux 133.5, cct 7426.0, r/g/b/c: 9015.2/6163.3/3980.0/17707.3, R/G/B: 167.0/161.0/147.0, bri 1361.0, match 1.00, ir 0.050908, conf 5.0, ts 930275552658526
04-11 12:51:00.263  2181  2506 I SDM     : DisplayBuiltIn::IdlePowerCollapse: IPC received, disabling partial update for one frame
04-11 12:51:00.274 11972 14322 W PTC.DATATRANS.d: [com.binance.monitor] removed. Stop sending intent
04-11 12:51:00.302 14034 15313 D CommonApp-264-10512: transport layer data is invalid
04-11 12:51:00.302 14034 15313 D CommonApp-255-10512: commonScoreStrategy scenarios 5 mdnsScore=0
04-11 12:51:00.302 14034 15313 D CommonApp-255-10512: notifyScoreChange appScene COMMON score 94
04-11 12:51:00.303 14034 15313 D ScorePolicy: handleScoreChanged: []
04-11 12:51:00.303 14034 15313 D ScorePolicy: handleScoreChanged: []
04-11 12:51:00.303 14034 15313 D ScorePolicy: handleScoreChanged: []
04-11 12:51:00.314 14400 14400 I ChainTrace: account_render phase=refresh_trade_stats account=7400048@ICMarketsSC-MT5-6 durationMs=70 trades=1113 positions=6 curves=5717
04-11 12:51:00.314 14400 14400 I ChainTrace: account_render phase=refresh_positions account=7400048@ICMarketsSC-MT5-6 durationMs=1 trades=1113 positions=6 curves=5717
04-11 12:51:00.327 14400 14400 I ChainTrace: account_render phase=refresh_trades account=7400048@ICMarketsSC-MT5-6 durationMs=12 trades=1113 positions=6 curves=5717
04-11 12:51:00.327 14400 14400 I ChainTrace: account_render phase=apply_snapshot_total account=7400048@ICMarketsSC-MT5-6 durationMs=148 trades=1113 positions=6 curves=5717
04-11 12:51:00.328 14400 14400 D VRI[AccountStatsBridgeActivity]: onFocusEvent true
04-11 12:51:00.354 14400 14400 I Choreographer: Skipped 31 frames!  The application may be doing too much work on its main thread.
04-11 12:51:00.449  2113 17862 I sensors-hal: handle_oplus_wise_rgb_event:161, wise_rgb: (56206)(cct, lux, ir)[6634.71, 204.15, 41.839062] (r, g, b, c)[9077.46, 6176.52, 3980.05, 17763.27]                 (pwm, hbm, brl, algo)[0.0 0.0 1361.0 2.0], flag 33358
04-11 12:51:00.450  2113 20704 I sensors-hal: handle_oplus_wise_rgb_event:189, high_pwm_light:lux 204.2,cct 6634.7,brl/algo/ir 1361.0/2.0/41.8,pwm/dc 0.0/0.0,rgbc 9022.642578/6152.325195/3975.633545/17728.306641,ts 930275642119984,cnt 56210,flag 98894
04-11 12:51:00.452 14400 14400 D VRI[MainActivity]: visibilityChanged oldVisibility=true newVisibility=false
04-11 12:51:00.452 14400 14400 D VRI[MainActivity]: setWindowStopped stopped:true
04-11 12:51:00.467 14034 15457 D AppSenseConfig: getIgnoreAppList: [com.android.launcher, com.android.contacts, com.oplus.wirelesssettings, com.coloros.alarmclock, com.coloros.calculator, com.coloros.calendar, com.coloros.phonemanager, com.android.settings, com.android.phone, com.oplus.nas, com.oplus.nhs, com.oplus.appdetail, com.android.permissioncontroller, com.oplus.pscanvas, com.oplus.autotest.test.ctp, com.android.systemui, com.android.systemui.overlay.fingerprint.anim.fy, com.android.systemui.overlay.fingerprint.anim.qy, com.android.systemui.overlay.fingerprint.anim.sw, com.android.systemui.overlay.fingerprint.anim.xw, com.android.systemui.overlay.fingerprint.anim.ccyh, com.android.systemui.overlay.fingerprint.anim.halo, com.android.systemui.overlay.fingerprint.anim.jslz, com.android.systemui.overlay.fingerprint.anim.none, com.android.systemui.overlay.fingerprint.anim.xklc]
04-11 12:51:00.467 14034 15457 D AppSenseConfig: getIgnoreAppList: [com.android.launcher, com.android.contacts, com.oplus.wirelesssettings, com.coloros.alarmclock, com.coloros.calculator, com.coloros.calendar, com.coloros.phonemanager, com.android.settings, com.android.phone, com.oplus.nas, com.oplus.nhs, com.oplus.appdetail, com.android.permissioncontroller, com.oplus.pscanvas, com.oplus.autotest.test.ctp, com.android.systemui, com.android.systemui.overlay.fingerprint.anim.fy, com.android.systemui.overlay.fingerprint.anim.qy, com.android.systemui.overlay.fingerprint.anim.sw, com.android.systemui.overlay.fingerprint.anim.xw, com.android.systemui.overlay.fingerprint.anim.ccyh, com.android.systemui.overlay.fingerprint.anim.halo, com.android.systemui.overlay.fingerprint.anim.jslz, com.android.systemui.overlay.fingerprint.anim.none, com.android.systemui.overlay.fingerprint.anim.xklc]
04-11 12:51:00.467 14034 15457 D AppSenseConfig: getIgnoreAppList: [com.android.launcher, com.android.contacts, com.oplus.wirelesssettings, com.coloros.alarmclock, com.coloros.calculator, com.coloros.calendar, com.coloros.phonemanager, com.android.settings, com.android.phone, com.oplus.nas, com.oplus.nhs, com.oplus.appdetail, com.android.permissioncontroller, com.oplus.pscanvas, com.oplus.autotest.test.ctp, com.android.systemui, com.android.systemui.overlay.fingerprint.anim.fy, com.android.systemui.overlay.fingerprint.anim.qy, com.android.systemui.overlay.fingerprint.anim.sw, com.android.systemui.overlay.fingerprint.anim.xw, com.android.systemui.overlay.fingerprint.anim.ccyh, com.android.systemui.overlay.fingerprint.anim.halo, com.android.systemui.overlay.fingerprint.anim.jslz, com.android.systemui.overlay.fingerprint.anim.none, com.android.systemui.overlay.fingerprint.anim.xklc]
04-11 12:51:00.467 14034 15457 D AppSenseConfig: getIgnoreAppList: [com.android.launcher, com.android.contacts, com.oplus.wirelesssettings, com.coloros.alarmclock, com.coloros.calculator, com.coloros.calendar, com.coloros.phonemanager, com.android.settings, com.android.phone, com.oplus.nas, com.oplus.nhs, com.oplus.appdetail, com.android.permissioncontroller, com.oplus.pscanvas, com.oplus.autotest.test.ctp, com.android.systemui, com.android.systemui.overlay.fingerprint.anim.fy, com.android.systemui.overlay.fingerprint.anim.qy, com.android.systemui.overlay.fingerprint.anim.sw, com.android.systemui.overlay.fingerprint.anim.xw, com.android.systemui.overlay.fingerprint.anim.ccyh, com.android.systemui.overlay.fingerprint.anim.halo, com.android.systemui.overlay.fingerprint.anim.jslz, com.android.systemui.overlay.fingerprint.anim.none, com.android.systemui.overlay.fingerprint.anim.xklc]
04-11 12:51:00.467 14034 15457 D AppSenseConfig: getIgnoreAppList: [com.android.launcher, com.android.contacts, com.oplus.wirelesssettings, com.coloros.alarmclock, com.coloros.calculator, com.coloros.calendar, com.coloros.phonemanager, com.android.settings, com.android.phone, com.oplus.nas, com.oplus.nhs, com.oplus.appdetail, com.android.permissioncontroller, com.oplus.pscanvas, com.oplus.autotest.test.ctp, com.android.systemui, com.android.systemui.overlay.fingerprint.anim.fy, com.android.systemui.overlay.fingerprint.anim.qy, com.android.systemui.overlay.fingerprint.anim.sw, com.android.systemui.overlay.fingerprint.anim.xw, com.android.systemui.overlay.fingerprint.anim.ccyh, com.android.systemui.overlay.fingerprint.anim.halo, com.android.systemui.overlay.fingerprint.anim.jslz, com.android.systemui.overlay.fingerprint.anim.none, com.android.systemui.overlay.fingerprint.anim.xklc]
04-11 12:51:00.467 14034 15457 D ActivityAdapter: taskChange: pre: 1, cur: 2, changed:true
04-11 12:51:00.467 14034 15457 D ActivityAdapter: notifyActivityQuery: [com.binance.monitor; com.binance.monitor.ui.account.AccountStatsBridgeActivity; 1; COMMON; 10512, com.binance.monitor; com.binance.monitor.ui.main.MainActivity; 1; COMMON; 10512]
04-11 12:51:00.467 14034 15457 D OPlusFrontAppManager: useAdapterResult, pkg=com.binance.monitor,activity=com.binance.monitor.ui.account.AccountStatsBridgeActivity,result=true
04-11 12:51:00.467 14034 15457 D OPlusFrontAppManager: useAdapterResult, pkg=com.binance.monitor,activity=com.binance.monitor.ui.main.MainActivity,result=true
04-11 12:51:00.467 14034 15457 D OPlusFrontAppManager: decide -->> [com.binance.monitor; com.binance.monitor.ui.account.AccountStatsBridgeActivity; 1; COMMON; 10512, com.binance.monitor; com.binance.monitor.ui.main.MainActivity; 1; COMMON; 10512]
04-11 12:51:00.467 14034 15457 D ConferenceScene: pkg:com.binance.monitor, activity:com.binance.monitor.ui.account.AccountStatsBridgeActivity, appSense:COMMON
04-11 12:51:00.467 14034 15313 D Subsys-ScoreAppManager: handleMessage what:2
04-11 12:51:00.467 14034 14034 D AtomHighLoadSenseInfo: handleMessage what:1000
04-11 12:51:00.467 14034 15313 D Subsys-ScoreAppManager: EVENT_ID_APP_SENSE_CHANGE  onFrontActivityChanged
04-11 12:51:00.467 14034 14034 D AtomHighLoadSenseInfo: handleAppSenseChanged original mode:{live:0,video:0,voice call:0,video call:0,live host:0,meeting:0}
04-11 12:51:00.467 14034 14034 D AtomHighLoadSenseInfo: handleAppSenseChanged appInfoUnit:{pkgName:com.binance.monitor,activityName:,winMode:1,event:COMMON,type:0,subEvent:0,pid:14400,uid:10512}
04-11 12:51:00.467 14034 15313 D Subsys-ScoreAppManager: appSceneChange fgAppUnits size 1 fgAppUnits [{pkgName:com.binance.monitor,activityName:,winMode:1,event:COMMON,type:0,subEvent:0,pid:14400,uid:10512}] mLastNetworkList[255, 264]
04-11 12:51:00.467 14034 14034 D AtomNetworkScoreInfo: handleMessage: 1006
04-11 12:51:00.467 14034 15297 D CellMap/GameLatencyMapService: handleAppSceneChange: [{pkgName:com.binance.monitor,activityName:,winMode:1,event:COMMON,type:0,subEvent:0,pid:14400,uid:10512}]
04-11 12:51:00.467 14034 15313 D Subsys-ScoreAppManager: createApp
04-11 12:51:00.467 14034 15313 D Subsys-ScoreAppManager: createApp
04-11 12:51:00.467 14034 15297 D CellMap/QoeMapService: handleAppSceneChange: [{pkgName:com.binance.monitor,activityName:,winMode:1,event:COMMON,type:0,subEvent:0,pid:14400,uid:10512}]
04-11 12:51:00.467 14034 15297 D CellMap/QoeMapService: handleAppSceneChange update: 0
04-11 12:51:00.467 14034 14034 D AtomNetworkScoreInfo: top app size: 1
04-11 12:51:00.467 14034 15313 D Subsys-ScoreAppManager: unit: {pkgName:com.binance.monitor,activityName:,winMode:1,event:COMMON,type:0,subEvent:0,pid:14400,uid:10512}
04-11 12:51:00.467 14034 14034 D AtomNetworkScoreInfo: Front app state: 1
04-11 12:51:00.467 14034 14034 D AtomModemKpiInfo: handleMessage what:1000
04-11 12:51:00.467 14034 14034 D SceneService: handleMessage what:1004
04-11 12:51:00.467 14034 15313 D CommonApp-255-10512: DefaultState EVENT_SCENARIOS_CHANGE
04-11 12:51:00.467 14034 15313 D CommonApp-255-10512: scene=COMMON pn=com.binance.monitor
04-11 12:51:00.467 14034 14034 D SceneService: notifyAppSceneChanged original mode:{live:0,video:0,voice call:0,video call:0,live host:0,game:0,meeting:0,news:0,file transfer:0},appInfoUnit:[{pkgName:com.binance.monitor,activityName:,winMode:1,event:COMMON,type:0,subEvent:0,pid:14400,uid:10512}]
04-11 12:51:00.467 14034 15313 D CommonApp-264-10512: DefaultState EVENT_SCENARIOS_CHANGE
04-11 12:51:00.467 14034 15313 D CommonApp-264-10512: scene=COMMON pn=com.binance.monitor
04-11 12:51:00.467  3590  3795 D AppSenseClient: handleMessage: 100
04-11 12:51:00.467 14034 14034 D ExtremeCommService: handleMessage what:1012
04-11 12:51:00.467 14034 14034 D ExtremeCommService: updateAppInfo appInfoUnit: com.binance.monitor, winMode:1
04-11 12:51:00.467  3590  3795 D AppSenseClient: handleSenseEvent appInfoUnits: {pkgName:com.binance.monitor,activityName:com.binance.monitor.ui.account.AccountStatsBridgeActivity,winMode:1,event:COMMON,type:0,subEvent:0,pid:14400,uid:10512},
04-11 12:51:00.467 14034 14034 D FrontAppsEvent: receive msg:1001
04-11 12:51:00.467  3590  3795 D AppSenseClient: handleSenseEvent clients: 1
04-11 12:51:00.467  3590  3795 D AppSenseClient: handleSenseEvent clientId: 224279445
04-11 12:51:00.467  3590  3795 D AppSenseClient: notifyAppChanges: [{pkgName:com.binance.monitor,activityName:com.binance.monitor.ui.account.AccountStatsBridgeActivity,winMode:1,event:COMMON,type:0,subEvent:0,pid:14400,uid:10512}]
04-11 12:51:00.467 14034 14034 D FrontAppsEvent: onAppSceneUpdate, infoList:[{pkgName:com.binance.monitor,activityName:,winMode:1,event:COMMON,type:0,subEvent:0,pid:14400,uid:10512}]
04-11 12:51:00.468  8498  8498 D AppSenseClient: handleMessage: 100
04-11 12:51:00.468  8406  8866 D AppSenseClient: handleMessage: 100
04-11 12:51:00.468  8498  8498 D AppSenseClient: handleSenseEvent appInfoUnits: {pkgName:com.binance.monitor,activityName:com.binance.monitor.ui.account.AccountStatsBridgeActivity,winMode:1,event:COMMON,type:0,subEvent:0,pid:14400,uid:10512},
04-11 12:51:00.468  8406  8866 D AppSenseClient: handleSenseEvent appInfoUnits: {pkgName:com.binance.monitor,activityName:com.binance.monitor.ui.account.AccountStatsBridgeActivity,winMode:1,event:COMMON,type:0,subEvent:0,pid:14400,uid:10512},
04-11 12:51:00.468  8498  8498 D AppSenseClient: handleSenseEvent clients: 1
04-11 12:51:00.468  8498  8498 D AppSenseClient: handleSenseEvent clientId: 74017188
04-11 12:51:00.468  8406  8866 D AppSenseClient: handleSenseEvent clients: 1
04-11 12:51:00.468  8406  8866 D AppSenseClient: handleSenseEvent clientId: 101737326
04-11 12:51:00.468  8498  8498 D AppSenseClient: notifyAppChanges: [{pkgName:com.binance.monitor,activityName:com.binance.monitor.ui.account.AccountStatsBridgeActivity,winMode:1,event:COMMON,type:0,subEvent:0,pid:14400,uid:10512}]
04-11 12:51:00.468  8406  8866 D AppSenseClient: notifyAppChanges: [{pkgName:com.binance.monitor,activityName:com.binance.monitor.ui.account.AccountStatsBridgeActivity,winMode:1,event:COMMON,type:0,subEvent:0,pid:14400,uid:10512}]
04-11 12:51:00.468  8498  8498 D NhsAppSenseListener: onAppChanged, app list size: 1
04-11 12:51:00.468 14034 15457 D AppSenseService: notifySenseEvent: {pkgName:com.binance.monitor,activityName:com.binance.monitor.ui.account.AccountStatsBridgeActivity,winMode:1,event:COMMON,type:0,subEvent:0,pid:14400,uid:10512},
04-11 12:51:00.468 13839 14411 D AppSenseClient: handleMessage: 100
04-11 12:51:00.468 13839 14411 D AppSenseClient: handleSenseEvent appInfoUnits: {pkgName:com.binance.monitor,activityName:com.binance.monitor.ui.account.AccountStatsBridgeActivity,winMode:1,event:COMMON,type:0,subEvent:0,pid:14400,uid:10512},
04-11 12:51:00.468 13839 14411 D AppSenseClient: handleSenseEvent clients: 1
04-11 12:51:00.468 13839 14411 D AppSenseClient: handleSenseEvent clientId: 106466519
04-11 12:51:00.468 13839 14411 D AppSenseClient: notifyAppChanges: [{pkgName:com.binance.monitor,activityName:com.binance.monitor.ui.account.AccountStatsBridgeActivity,winMode:1,event:COMMON,type:0,subEvent:0,pid:14400,uid:10512}]
04-11 12:51:00.468 13839 14411 D NAS-DataSceneEvent: onAppChanged, app list size: 1
04-11 12:51:00.468 13839 14411 D NAS-DataSceneEvent: updateAppSenseChange [{pkgName:com.binance.monitor,activityName:com.binance.monitor.ui.account.AccountStatsBridgeActivity,winMode:1,event:COMMON,type:0,subEvent:0,pid:14400,uid:10512}]
04-11 12:51:00.468 13839 14674 D OplusLinkBoostSceneManager: handleAppSceneChange: live broadcast off
04-11 12:51:00.468 13839 14698 E OplusNetlinkConnect: parse rsp msg failed!Message missing required fields: header
04-11 12:51:00.471  3590  7380 D InputMethodManagerService: isSecurity: attribute.packageName = com.binance.monitor mCurMethodId = com.sohu.inputmethod.sogou/.SogouIME isSecurity = false ( enable = true needShow = false inBlackList = false isExist = true )
04-11 12:51:00.471  3590  7380 I ImeTracker: com.binance.monitor:aed89b10: onRequestHide at ORIGIN_SERVER reason HIDE_UNSPECIFIED_WINDOW fromUser false
04-11 12:51:00.472 14400 14400 D HWUI    : RenderProxy::destroy: this=0xb400007180ef0900, mContext=0xb4000071810c7840
04-11 12:51:00.472 14400 14504 D HWUI    : SkiaVulkanPipeline::setSurface: this=0xb4000071816f8bc0, surface=NULL
04-11 12:51:00.473 14400 14504 D BufferQueueProducer: [VRI[MainActivity]#0(BLAST Consumer)0](id:384000000000,api:1,p:14400,c:14400) disconnect: api 1
04-11 12:51:00.473  3590  3647 I ImeTracker: system_server:8f89524f: onRequestHide at ORIGIN_SERVER reason IME_REQUESTED_CHANGED_LISTENER fromUser false
04-11 12:51:00.473 14400 14504 D BLASTBufferQueue: [VRI[MainActivity]#0](f:0,a:1) destructor()
04-11 12:51:00.473 14400 14504 D BufferQueueConsumer: [VRI[MainActivity]#0(BLAST Consumer)0](id:384000000000,api:0,p:-1,c:14400) disconnect
04-11 12:51:00.473  3590  7380 I ImeTracker: system_server:8f89524f: onCancelled at PHASE_SERVER_SHOULD_HIDE
04-11 12:51:00.473 14400 14400 D ViewRootImplExtImpl: wrapConfigInfoIntoFlags rotation=0, smallestScreenWidthDp=361, residentWS=false, scenario=0, bounds=Rect(0, 0 - 1264, 2780), relayoutAsync=false, flags=0, newFlags=1457532192, title=com.binance.monitor/com.binance.monitor.ui.main.MainActivity
04-11 12:51:00.473  3590  3796 D InsetsSourceProvider: updateSourceFrameForServerVisibility mandatorySystemGestures EMPTY_RECT
04-11 12:51:00.474  3590  3647 V WindowManager: Relayout Window{f3a652c u0 com.binance.monitor/com.binance.monitor.ui.main.MainActivity}: viewVisibility=8, oldvis=0, req=1264x2780 , apr = 0, vsysui=, x=0, y=0
04-11 12:51:00.474  3590  3647 D InsetsSourceProvider: updateSourceFrameForServerVisibility mandatorySystemGestures EMPTY_RECT
04-11 12:51:00.474  3590  3647 D InsetsSourceProvider: updateSourceFrameForServerVisibility mandatorySystemGestures EMPTY_RECT
04-11 12:51:00.474  3590  3647 D WindowManager: NFW_findFocusedWindowIfNeeded:Window{16dc2e0 u0 com.binance.monitor/com.binance.monitor.ui.account.AccountStatsBridgeActivity} mCurrentFocus:Window{16dc2e0 u0 com.binance.monitor/com.binance.monitor.ui.account.AccountStatsBridgeActivity}
04-11 12:51:00.475 14400 14400 D VRI[MainActivity]: relayoutWindow result, sizeChanged:false, surfaceControlChanged:true, transformHintChanged:false, mSurfaceSize:Point(1264, 2780), mLastSurfaceSize:Point(1264, 2780), mWidth:1264, mHeight:2780, requestedWidth:1264, requestedHeight:2780, transformHint:0, installOrientation:0, displayRotation:0, isSurfaceValid:false, attr.flag:-2122252032, tmpFrames:ClientWindowFrames{frame=[0,0][1264,2780] display=[0,0][1264,2780] parentFrame=[0,0][0,0]}, relayoutAsync:false, mSyncSeqId:0
04-11 12:51:00.481  3590  3647 V WindowManager: Relayout Window{1d2189f u0 com.binance.monitor}: viewVisibility=0, oldvis=0, req=315x429 , apr = 0, vsysui=, x=42, y=420
04-11 12:51:00.481  3590  7998 I [UAH_CLIENT]: uahRuleCtl, ruleId:206, status:3
04-11 12:51:00.481  3590  3647 D InsetsSourceProvider: updateSourceFrameForServerVisibility mandatorySystemGestures EMPTY_RECT
04-11 12:51:00.481 14400 14400 I SurfaceControl:  setExtendedRangeBrightness sc=Surface(name=)/@0x6e576a1,currentBufferRatio=1.0,desiredRatio=1.0
04-11 12:51:00.481  3590  3647 D InsetsSourceProvider: updateSourceFrameForServerVisibility mandatorySystemGestures EMPTY_RECT
04-11 12:51:00.482  3590  3875 D VRR [OPlusSurfaceFlingerController]:  setComplexSceneEnable : true
04-11 12:51:00.483  3590  3647 I WindowManager: Window{f3a652c u0 com.binance.monitor/com.binance.monitor.ui.main.MainActivity} state from DRAW_PENDING to NO_SURFACE; reason: destroySurface
04-11 12:51:00.483 14400 14400 D InsetsController: hide(ime(), fromIme=false)
04-11 12:51:00.483 14400 14400 I ImeTracker: com.binance.monitor:aed89b10: onCancelled at PHASE_CLIENT_ALREADY_HIDDEN
04-11 12:51:00.483  3590  3647 D OplusStartingWindowManager: skip remove starting window for activity = ActivityRecord{2782594 u0 com.binance.monitor/.ui.main.MainActivity t13174} ,ar != topActivityContainsStartingWindow on activityStopped
04-11 12:51:00.483  3590  7959 D BackgroundInstallControlService: Package event received: 0
04-11 12:51:00.486  3590  8280 I Osense-BaseDecisionMaker: notifySceneToAthenaPolicy: SCENE_ACTIVITY_IDLE, bundle: Bundle[{scene=SCENE_ACTIVITY_IDLE}]
04-11 12:51:00.489  7586  7639 D COSA->GameServiceSyncUtil: [m] sync config to GMS
04-11 12:51:00.490  7586  7639 E AppFeatureProviderUtils: getString: getStringForFeature return null
04-11 12:51:00.491  7586  7639 E AppFeatureProviderUtils: getString: getStringForFeature return null
04-11 12:51:00.492  7586  7639 E AppFeatureProviderUtils: getString: getStringForFeature return null
04-11 12:51:00.492  7586  7639 E AppFeatureProviderUtils: getString: getStringForFeature return null
04-11 12:51:00.492  7586  7639 E AppFeatureProviderUtils: getString: getStringForFeature return null
04-11 12:51:00.493  7586  7639 E AppFeatureProviderUtils: getString: getStringForFeature return null
04-11 12:51:00.493  7586  7639 E AppFeatureProviderUtils: getString: getStringForFeature return null
04-11 12:51:00.494  7586  7639 E AppFeatureProviderUtils: getString: getStringForFeature return null
04-11 12:51:00.494  7586  7639 E AppFeatureProviderUtils: getString: getStringForFeature return null
04-11 12:51:00.495  7586  7639 E AppFeatureProviderUtils: getString: getStringForFeature return null
04-11 12:51:00.495  7586  7639 E AppFeatureProviderUtils: getString: getStringForFeature return null
04-11 12:51:00.496  7586  7639 E AppFeatureProviderUtils: getString: getStringForFeature return null
04-11 12:51:00.496  7586  7639 E AppFeatureProviderUtils: getString: getStringForFeature return null
04-11 12:51:00.497  7586  7639 E AppFeatureProviderUtils: getString: getStringForFeature return null
04-11 12:51:00.497  7586  7639 E AppFeatureProviderUtils: getString: getStringForFeature return null
04-11 12:51:00.498  7586  7639 E AppFeatureProviderUtils: getString: getStringForFeature return null
04-11 12:51:00.498  7586  7639 E AppFeatureProviderUtils: getString: getStringForFeature return null
04-11 12:51:00.498  7586  7639 E AppFeatureProviderUtils: getString: getStringForFeature return null
04-11 12:51:00.499  7586  7639 E AppFeatureProviderUtils: getString: getStringForFeature return null
04-11 12:51:00.499  7586  7639 E AppFeatureProviderUtils: getString: getStringForFeature return null
04-11 12:51:00.500  7586  7639 E AppFeatureProviderUtils: getString: getStringForFeature return null
04-11 12:51:00.501  7586  7639 E AppFeatureProviderUtils: getString: getStringForFeature return null
04-11 12:51:00.501  7586  7639 E AppFeatureProviderUtils: getString: getStringForFeature return null
04-11 12:51:00.502  7586  7639 E AppFeatureProviderUtils: getString: getStringForFeature return null
04-11 12:51:00.502  7586  7639 E AppFeatureProviderUtils: getString: getStringForFeature return null
04-11 12:51:00.502  7586  7639 E AppFeatureProviderUtils: getString: getStringForFeature return null
04-11 12:51:00.503  7586  7639 E AppFeatureProviderUtils: getString: getStringForFeature return null
04-11 12:51:00.503  7586  7639 E AppFeatureProviderUtils: getString: getStringForFeature return null
04-11 12:51:00.503  7586  7639 E AppFeatureProviderUtils: getString: getStringForFeature return null
04-11 12:51:00.504  7586  7639 E AppFeatureProviderUtils: getString: getStringForFeature return null
04-11 12:51:00.504  7586  7639 E AppFeatureProviderUtils: getString: getStringForFeature return null
04-11 12:51:00.505  7586  7639 E AppFeatureProviderUtils: getString: getStringForFeature return null
04-11 12:51:00.505  7586  7639 E AppFeatureProviderUtils: getString: getStringForFeature return null
04-11 12:51:00.506  7586  7639 E AppFeatureProviderUtils: getString: getStringForFeature return null
04-11 12:51:00.506  7586  7639 E AppFeatureProviderUtils: getString: getStringForFeature return null
04-11 12:51:00.509  7586  7639 E AppFeatureProviderUtils: getString: getStringForFeature return null
04-11 12:51:00.509  7586  7639 E AppFeatureProviderUtils: getString: getStringForFeature return null
04-11 12:51:00.510  7586  7639 E AppFeatureProviderUtils: getString: getStringForFeature return null
04-11 12:51:00.510  7586  7639 E AppFeatureProviderUtils: getString: getStringForFeature return null
04-11 12:51:00.511  7586  7639 E AppFeatureProviderUtils: getString: getStringForFeature return null
04-11 12:51:00.511  7586  7639 E AppFeatureProviderUtils: getString: getStringForFeature return null
04-11 12:51:00.511  7586  7639 E AppFeatureProviderUtils: getString: getStringForFeature return null
04-11 12:51:00.512  7586  7639 E AppFeatureProviderUtils: getString: getStringForFeature return null
04-11 12:51:00.512  7586  7639 E AppFeatureProviderUtils: getString: getStringForFeature return null
04-11 12:51:00.513  7586  7639 E AppFeatureProviderUtils: getString: getStringForFeature return null
04-11 12:51:00.513  7586  7639 E AppFeatureProviderUtils: getString: getStringForFeature return null
04-11 12:51:00.514  7586  7639 E AppFeatureProviderUtils: getString: getStringForFeature return null
04-11 12:51:00.516  7586  7639 E AppFeatureProviderUtils: getString: getStringForFeature return null
04-11 12:51:00.517  7586  7639 E AppFeatureProviderUtils: getString: getStringForFeature return null
04-11 12:51:00.517  7586  7639 E AppFeatureProviderUtils: getString: getStringForFeature return null
04-11 12:51:00.517  7586  7639 E AppFeatureProviderUtils: getString: getStringForFeature return null
04-11 12:51:00.518  7586  7639 E AppFeatureProviderUtils: getString: getStringForFeature return null
04-11 12:51:00.518  7586  7639 E AppFeatureProviderUtils: getString: getStringForFeature return null
04-11 12:51:00.519  7586  7639 E AppFeatureProviderUtils: getString: getStringForFeature return null
04-11 12:51:00.519  7586  7639 E AppFeatureProviderUtils: getString: getStringForFeature return null
04-11 12:51:00.520  7586  7639 E AppFeatureProviderUtils: getString: getStringForFeature return null
04-11 12:51:00.520  7586  7639 E AppFeatureProviderUtils: getString: getStringForFeature return null
04-11 12:51:00.521  7586  7639 E AppFeatureProviderUtils: getString: getStringForFeature return null
04-11 12:51:00.521  7586  7639 E AppFeatureProviderUtils: getString: getStringForFeature return null
04-11 12:51:00.522  7586  7639 E AppFeatureProviderUtils: getString: getStringForFeature return null
04-11 12:51:00.522  7586  7639 E AppFeatureProviderUtils: getString: getStringForFeature return null
04-11 12:51:00.523  7586  7639 E AppFeatureProviderUtils: getString: getStringForFeature return null
04-11 12:51:00.523  7586  7639 E AppFeatureProviderUtils: getString: getStringForFeature return null
04-11 12:51:00.523  7586  7639 E AppFeatureProviderUtils: getString: getStringForFeature return null
04-11 12:51:00.524  7586  7639 E AppFeatureProviderUtils: getString: getStringForFeature return null
04-11 12:51:00.524  7586  7639 E AppFeatureProviderUtils: getString: getStringForFeature return null
04-11 12:51:00.524  7586  7639 E AppFeatureProviderUtils: getString: getStringForFeature return null
04-11 12:51:00.525  7586  7639 E AppFeatureProviderUtils: getString: getStringForFeature return null
04-11 12:51:00.525  7586  7639 E AppFeatureProviderUtils: getString: getStringForFeature return null
04-11 12:51:00.526  7586  7639 E AppFeatureProviderUtils: getString: getStringForFeature return null
04-11 12:51:00.526  7586  7639 E AppFeatureProviderUtils: getString: getStringForFeature return null
04-11 12:51:00.526  7586  7639 E AppFeatureProviderUtils: getString: getStringForFeature return null
04-11 12:51:00.527  7586  7639 E AppFeatureProviderUtils: getString: getStringForFeature return null
04-11 12:51:00.527  7586  7639 E AppFeatureProviderUtils: getString: getStringForFeature return null
04-11 12:51:00.527  7586  7639 E AppFeatureProviderUtils: getString: getStringForFeature return null
04-11 12:51:00.528  7586  7639 E AppFeatureProviderUtils: getString: getStringForFeature return null
04-11 12:51:00.528  7586  7639 E AppFeatureProviderUtils: getString: getStringForFeature return null
04-11 12:51:00.529  7586  7639 E AppFeatureProviderUtils: getString: getStringForFeature return null
04-11 12:51:00.529  7586  7639 E AppFeatureProviderUtils: getString: getStringForFeature return null
04-11 12:51:00.530  7586  7639 E AppFeatureProviderUtils: getString: getStringForFeature return null
04-11 12:51:00.530  2181 26958 E CwbService: Panel not support apl read or getDisplayPanelAplValue timeout 10ms.
04-11 12:51:00.530  7586  7639 E AppFeatureProviderUtils: getString: getStringForFeature return null
04-11 12:51:00.530  2258  2258 D SensorFeature: name=ssc_screenshot_info ,index = 22
04-11 12:51:00.530  2258  2258 D SensorFeature: write 39 bytes:930275922965528,930275934076639,33359,0
04-11 12:51:00.530  7586  7639 E AppFeatureProviderUtils: getString: getStringForFeature return null
04-11 12:51:00.531  7586  7639 E AppFeatureProviderUtils: getString: getStringForFeature return null
04-11 12:51:00.531  7586  7639 E AppFeatureProviderUtils: getString: getStringForFeature return null
04-11 12:51:00.532  7586  7639 E AppFeatureProviderUtils: getString: getStringForFeature return null
04-11 12:51:00.532  7586  7639 E AppFeatureProviderUtils: getString: getStringForFeature return null
04-11 12:51:00.532  7586  7639 E AppFeatureProviderUtils: getString: getStringForFeature return null
04-11 12:51:00.533  7586  7639 E AppFeatureProviderUtils: getString: getStringForFeature return null
04-11 12:51:00.533  7586  7639 E AppFeatureProviderUtils: getString: getStringForFeature return null
04-11 12:51:00.534  7586  7639 E AppFeatureProviderUtils: getString: getStringForFeature return null
04-11 12:51:00.534  7586  7639 E AppFeatureProviderUtils: getString: getStringForFeature return null
04-11 12:51:00.534  7586  7639 E AppFeatureProviderUtils: getString: getStringForFeature return null
04-11 12:51:00.535  7586  7639 E AppFeatureProviderUtils: getString: getStringForFeature return null
04-11 12:51:00.535  7586  7639 E AppFeatureProviderUtils: getString: getStringForFeature return null
04-11 12:51:00.535  7586  7639 E AppFeatureProviderUtils: getString: getStringForFeature return null
04-11 12:51:00.536  7586  7639 E AppFeatureProviderUtils: getString: getStringForFeature return null
04-11 12:51:00.536  7586  7639 E AppFeatureProviderUtils: getString: getStringForFeature return null
04-11 12:51:00.537  7586  7639 E AppFeatureProviderUtils: getString: getStringForFeature return null
04-11 12:51:00.537  7586  7639 E AppFeatureProviderUtils: getString: getStringForFeature return null
04-11 12:51:00.537  7586  7639 E AppFeatureProviderUtils: getString: getStringForFeature return null
04-11 12:51:00.538  7586  7639 E AppFeatureProviderUtils: getString: getStringForFeature return null
04-11 12:51:00.538  7586  7639 E AppFeatureProviderUtils: getString: getStringForFeature return null
04-11 12:51:00.538  7586  7639 E AppFeatureProviderUtils: getString: getStringForFeature return null
04-11 12:51:00.539  7586  7639 E AppFeatureProviderUtils: getString: getStringForFeature return null
04-11 12:51:00.539  7586  7639 E AppFeatureProviderUtils: getString: getStringForFeature return null
04-11 12:51:00.540  7586  7639 E AppFeatureProviderUtils: getString: getStringForFeature return null
04-11 12:51:00.540  7586  7639 E AppFeatureProviderUtils: getString: getStringForFeature return null
04-11 12:51:00.540  7586  7639 E AppFeatureProviderUtils: getString: getStringForFeature return null
04-11 12:51:00.541  7586  7639 E AppFeatureProviderUtils: getString: getStringForFeature return null
04-11 12:51:00.541  7586  7639 E AppFeatureProviderUtils: getString: getStringForFeature return null
04-11 12:51:00.542  7586  7639 E AppFeatureProviderUtils: getString: getStringForFeature return null
04-11 12:51:00.542  7586  7639 E AppFeatureProviderUtils: getString: getStringForFeature return null
04-11 12:51:00.543  7586  7639 E AppFeatureProviderUtils: getString: getStringForFeature return null
04-11 12:51:00.543  7586  7639 E AppFeatureProviderUtils: getString: getStringForFeature return null
04-11 12:51:00.544  7586  7639 E AppFeatureProviderUtils: getString: getStringForFeature return null
04-11 12:51:00.544  7586  7639 E AppFeatureProviderUtils: getString: getStringForFeature return null
04-11 12:51:00.545  7586  7639 E AppFeatureProviderUtils: getString: getStringForFeature return null
04-11 12:51:00.545  7586  7639 E AppFeatureProviderUtils: getString: getStringForFeature return null
04-11 12:51:00.545  7586  7639 E AppFeatureProviderUtils: getString: getStringForFeature return null
04-11 12:51:00.546  7586  7639 E AppFeatureProviderUtils: getString: getStringForFeature return null
04-11 12:51:00.592  2187  2298 E PERFHAL-PERFCTRL: PERFHAL-PERFCTRL: chk_core_online_poll_loop() 748: poll() has timed out for /sys/kernel/msm_performance/events/cpu_hotplug
04-11 12:51:00.592  2187  2298 E PERFHAL-PERFCTRL: PERFHAL-PERFCTRL: chk_core_online_poll_loop() 743: Block on poll()
04-11 12:51:00.664  2181  2506 I SDM     : DisplayBuiltIn::IdlePowerCollapse: IPC received, disabling partial update for one frame
04-11 12:51:00.667  3590  7344 V AlarmManager: sending alarm Alarm{bf51e6e type 1 origWhen 1775883060667 whenElapsed 930276081 android} uid 1000 whenElapsed 930276081 windowLength 0 maxWhenElapsed 930276081 repeatInterval 0 action null component null tag StorgaeBandInfoAlarmTag flags 0x9 procName system_server
04-11 12:51:00.667  3590 10338 E OplusStorageUFSBandwidth: storage_io_metrics_path is /proc/oplus_storage/io_metrics/forever/
04-11 12:51:00.668  3590 10338 E OplusStorageUFSBandwidth: Bandwidth - Read: 0.00 MB/s, Write: 6.00 MB/s
04-11 12:51:00.668  3590 10338 E OplusStorageUFSBandwidth: Task time: 1ms
04-11 12:51:00.671  3590 10338 E OplusStorageUFSBandwidth: Alarm set to trigger in 10 seconds
04-11 12:51:00.685  2727  3986 D QmiClient: qmiServiceEventCallback recv msg id 1099
04-11 12:51:00.685  2727  3986 D QmiClient: enter -mServiceType 4 onQmiServiceEventCallback msgId 1099
04-11 12:51:00.685  2727  3986 D QmiClient: onQmiServiceEventCallback - enter. msgId=1099
04-11 12:51:00.685  2727  3986 D QmiVsClientEvent: QosPeriodReportInd MSG IND data_len 2052
04-11 12:51:00.685  2727  3986 D QmiVsClientEvent: qmiVsClientNotifyQosPeriodReportIndEvent - RADIO_EVENT_QOS_PERIOD_REPORT_NOTIFY_IND
04-11 12:51:00.685  2727  2826 D VsProxy : handleMessage msg is 2420
04-11 12:51:00.685  3438  3988 D QmiClient: qmiServiceEventCallback recv msg id 1099
04-11 12:51:00.685  3438  3988 D QmiClient: enter -mServiceType 4 onQmiServiceEventCallback msgId 1099
04-11 12:51:00.685  3438  3988 D QmiClient: onQmiServiceEventCallback - enter. msgId=1099
04-11 12:51:00.685  3438  3988 D QmiVsClientEvent: QosPeriodReportInd MSG IND data_len 2052
04-11 12:51:00.685  2727  2826 D VsProxy : handleQosPeriodReportInd for instance 0 data_len 145
04-11 12:51:00.685  3438  3988 D QmiVsClientEvent: qmiVsClientNotifyQosPeriodReportIndEvent - RADIO_EVENT_QOS_PERIOD_REPORT_NOTIFY_IND
04-11 12:51:00.685  3438  3485 D VsProxy : handleMessage msg is 2420
04-11 12:51:00.685  3438  3485 D VsProxy : handleQosPeriodReportInd for instance 1 data_len 210
04-11 12:51:00.685 14034   947 D SubsysRadioIndication[0]: radioQosPeriodReportInd result [8, -126, -122, -93, -49, 14, 34, 12, 8, -84, -69, -57, -50, 14, 16, 4, 24, 1, 32, 3, 58, 61, 8, -60, -7, -94, -49, 14, 16, 5, 24, -64, -92, 38, 32, -22, 6, 40, -97, -1, -1, -1, -1, -1, -1, -1, -1, 1, 48, -11, -1, -1, -1, -1, -1, -1, -1, -1, 1, 56, 6, 64, -99, -1, -1, -1, -1, -1, -1, -1, -1, 1, 72, -97, -1, -1, -1, -1, -1, -1, -1, -1, 1, 66, 29, 8, -57, -20, -92, -50, 14, 16, 5, 34, 19, 8, -64, -92, 38, 16, -22, 6, 24, 78, 32, 13, 40, -117, -32, -94, -93, 2, 48, 2, 90, 0, 98, 10, 8, -41, -26, -92, -50, 14, 16, 3, 24, 5, 122, 15, 8, -8, -24, -92, -50, 14, 16, -52, 2, 24, -21, 1, 32, -90, 9]
04-11 12:51:00.685 14034 14747 D SubsysRadioIndication[1]: radioQosPeriodReportInd result [8, -125, -122, -93, -49, 14, 18, 21, 8, -60, -124, -93, -49, 14, 16, 23, 32, -53, 49, 40, 23, 56, -4, 2, 64, -14, 1, 72, 1, 26, 16, 8, -60, -124, -93, -49, 14, 16, 21, 40, 24, 56, -115, -125, 1, 72, 3, 34, 12, 8, -84, -69, -57, -50, 14, 16, 4, 24, 1, 32, 3, 58, 83, 8, -28, -123, -93, -49, 14, 16, 5, 24, -98, -23, 30, 32, -54, 1, 40, -92, -1, -1, -1, -1, -1, -1, -1, -1, 1, 48, -12, -1, -1, -1, -1, -1, -1, -1, -1, 1, 56, 3, 64, -92, -1, -1, -1, -1, -1, -1, -1, -1, 1, 72, -95, -1, -1, -1, -1, -1, -1, -1, -1, 1, 80, -92, -1, -1, -1, -1, -1, -1, -1, -1, 1, 88, -94, -1, -1, -1, -1, -1, -1, -1, -1, 1, 66, 31, 8, -101, -22, -108, -49, 14, 16, 5, 24, 2, 34, 19, 8, -98, -23, 30, 16, -54, 1, 24, 41, 32, 13, 40, -126, -128, -52, -67, 21, 48, 2, 90, 0, 98, 10, 8, -85, -54, -73, -50, 14, 16, 3, 24, 5, 122, 15, 8, -110, -126, -93, -49, 14, 16, -43, 1, 24, -11, 1, 32, -32, 8]
04-11 12:51:00.686 14034 14034 D NetworkService[0]: handleMessage what:1005
04-11 12:51:00.686 14034 14034 D RadioAtomTracker: parseQosPeriodData ModemQos:CellularQosInfo2{5G, 627264/874, EndcState=0, Band=78, DLBW=13, Rsrp=-97, Rsrq=-11, Snr=6, SvcStatus=3, ULPDCPNumDataPdu=-1, ULPDCPNumDropPdu=-1, ULPDCPTput=-1, ULRLCNumDataPdu=-1, ULRLCNumRetxPdu=-1, ULGrant=-1, ULBSR=-1, ULBler=-1, DLPDCPNumDataPdu=-1, DLPDCPTput=-1, DLRLCNumDataPdu=-1, DLRLCNumRetxPdu=-1, DLRLCNumDropPdu=-1, DLMACPaddingBytes=-1, DLPdcpNumMissToUppPdu=-1, DLBler=-1, RlfCount=0, CellChangeCount=0, IsRedirectionOccur=0, IsDualSimConflict=0, Latency=0, Sub1RrcState=1, Sub2RrcState=3, RachCount=0, CalcPower=332, Mtpl=235, PathLoss=1190, CellLoad=0}
04-11 12:51:00.686 14034 14034 D NetworkService[0]: EVENT_REG_QOS_PERIOD_REPORT_IND_CHANGED ENTER
04-11 12:51:00.686 14034 14034 D NetworkService[1]: handleMessage what:1005
04-11 12:51:00.686 14034 14034 D RadioAtomTracker: parseQosPeriodData ModemQos:CellularQosInfo1{5G, 504990/202, EndcState=2, Band=41, DLBW=13, Rsrp=-92, Rsrq=-12, Snr=3, SvcStatus=3, ULPDCPNumDataPdu=23, ULPDCPNumDropPdu=0, ULPDCPTput=6347, ULRLCNumDataPdu=23, ULRLCNumRetxPdu=0, ULGrant=380, ULBSR=242, ULBler=1, DLPDCPNumDataPdu=24, DLPDCPTput=16781, DLRLCNumDataPdu=21, DLRLCNumRetxPdu=0, DLRLCNumDropPdu=0, DLMACPaddingBytes=0, DLPdcpNumMissToUppPdu=0, DLBler=3, RlfCount=0, CellChangeCount=0, IsRedirectionOccur=0, IsDualSimConflict=0, Latency=10, Sub1RrcState=1, Sub2RrcState=3, RachCount=0, CalcPower=213, Mtpl=245, PathLoss=1120, CellLoad=0}
04-11 12:51:00.686 14034 14034 D NetworkService[1]: EVENT_REG_QOS_PERIOD_REPORT_IND_CHANGED ENTER
04-11 12:51:00.686 14034 14034 D AtomModemKpiInfo: handleMessage what:1001
04-11 12:51:00.686 14034 14034 D AtomModemKpiInfo: analyseQosInfo success
04-11 12:51:00.701  2113 17862 I sensors-hal: handle_oplus_wise_rgb_event:161, wise_rgb: (56211)(cct, lux, ir)[6670.79, 203.01, 41.301323] (r, g, b, c)[9017.66, 6158.92, 3966.80, 17688.68]                 (pwm, hbm, brl, algo)[0.0 0.0 1361.0 2.0], flag 33359
04-11 12:51:00.727  3590  9788 I AICCTModule: SensorFilter: brightness threshold 1.2 screenNit is 95.362 ave enviroment lux is 133.75616 luxForNit 90.7025demarcationPoint200.0 result is false
04-11 12:51:00.727  3590  9788 I AICCTModule: SensorFilter: findSecondNearestValue, sensorValue: 7412.574 nearestMaxValue:7425.996 secondNearestValue: 7425.996
04-11 12:51:00.727  3590  9788 I AICCTModule: SensorFilter: findSecondNearestValue, sensorValue: 131.65561 nearestMaxValue:131.47334 secondNearestValue: 133.48793
04-11 12:51:00.775 14034 15457 D AppSenseConfig: getIgnoreAppList: [com.android.launcher, com.android.contacts, com.oplus.wirelesssettings, com.coloros.alarmclock, com.coloros.calculator, com.coloros.calendar, com.coloros.phonemanager, com.android.settings, com.android.phone, com.oplus.nas, com.oplus.nhs, com.oplus.appdetail, com.android.permissioncontroller, com.oplus.pscanvas, com.oplus.autotest.test.ctp, com.android.systemui, com.android.systemui.overlay.fingerprint.anim.fy, com.android.systemui.overlay.fingerprint.anim.qy, com.android.systemui.overlay.fingerprint.anim.sw, com.android.systemui.overlay.fingerprint.anim.xw, com.android.systemui.overlay.fingerprint.anim.ccyh, com.android.systemui.overlay.fingerprint.anim.halo, com.android.systemui.overlay.fingerprint.anim.jslz, com.android.systemui.overlay.fingerprint.anim.none, com.android.systemui.overlay.fingerprint.anim.xklc]
