04-11 12:49:32.390 V/WindowManagerShell( 8338): , mNeedCanvasExitAnim=false, mMergeSecondTaskAnimation=false, mIsLaunchUnityStart=false, mIsLaunchFromAssistantByDefault=false, mSkipRemoteTransitionfalse, mIsStartFromKeyguard=false flags=0x0, mWCT=null, mIsOpenMergeToInValidPredictive=false, mPromoteTaskWhenKeyguard-1, mRootLayerZOrderArray={}}]}
04-11 12:49:32.390 D/FlexibleTaskTransitionHandler( 8338):  performAnimation transition:android.os.BinderProxy@3be4343 ,info:{id=27146 t=OPEN f=0x0 trk=0 r=[0@Point(0, 0)] c=[{m=OPEN f=FILLS_TASK leash=Surface(name=ActivityRecord{217059451 u0 com.binance.monitor/.ui.account.AccountStatsBridgeActivity t13173})/@0xda5ea3e sb=Rect(0, 0 - 0, 0) eb=Rect(0, 0 - 1264, 2780) epz=Point(1264, 2780) d=-1->0 r=-1->0:-1 component=com.binance.monitor/.ui.account.AccountStatsBridgeActivity opt={t=CUSTOM enterResId=0 changeResId=0 exitResId=0 mUserId=0}},{m=TO_BACK f=FILLS_TASK leash=Surface(name=ActivityRecord{243849602 u0 com.binance.monitor/.ui.main.MainActivity t13173})/@0x6f7d09f sb=Rect(0, 0 - 1264, 2780) eb=Rect(0, 0 - 1264, 2780) epz=Point(1264, 2780) d=0 component=com.binance.monitor/.ui.main.MainActivity opt={t=CUSTOM enterResId=0 changeResId=0 exitResId=0 mUserId=0}}] 
04-11 12:49:32.390 D/FlexibleTaskTransitionHandler( 8338): extendInfo=[
04-11 12:49:32.390 D/FlexibleTaskTransitionHandler( 8338):  OplusTransitionExtendedInfo{mTmpFinishT=null, mInOplusCompatMode=false, mIsProcessRunning=false, mHasMismatchBoundsTarget=false, mRecentsController=null, mRemoteTransition=null, mIsTranslucentActivityToHome=false, mAvoidInterceptKeyEventToHome=false, mIsFromHome=false, mParentLeash=null, mBackAnimClosingLeash=null, mIsOplusAnimRes=false, mKeepBgForContinuous=false, mIsBalAllow=false, mTaskNotInRecent=false, mIsPredictiveBackAnim=false, mIsMergedWithPredictive=false, mIsLaunchFromSpruce=false, mIsLaunchFromDrive=false, mGlobalSearchPageSwitch=false, mNeedNoAlphaGlobalSearchScene=false, mAssistScreenShowing=false, mSwipeUpBrowserScreenShowing=false, mUserIdTransition=-1
04-11 12:49:32.390 D/FlexibleTaskTransitionHandler( 8338): , mInRemoteScene=false, mInPreReady=false, mPreStart=false, mToken=null, mAbortByRemoteFromHome=false, mShellApplyToken=null, mRequestTransitionTaskId=13173, mAbortTransitionOnShell=0, mStartFromShortcut=false, mRemovedTaskId=-1, mTransitionInterruptType=0, mMergeSecondTaskId=-1, mTaskIdStartFromRecents=0, mTransitionId=27146, mCanUseSpringSlideAnim=false, mTransitionLaunchFrom=0, mFoldChangeType=-1, mAnimStartingPosition=[0, 0, 0, 0], mIsOpeningStkDialogActivity=false, mSecondaryHomeToFrontWhenUnFolding=false, mIsNeedApplyStartTForEmbedded=false
04-11 12:49:32.390 D/FlexibleTaskTransitionHandler( 8338): , mNeedCanvasExitAnim=false, mMergeSecondTaskAnimation=false, mIsLaunchUnityStart=false, mIsLaunchFromAssistantByDefault=false, mSkipRemoteTransitionfalse, mIsStartFromKeyguard=false flags=0x0, mWCT=null, mIsOpenMergeToInValidPredictive=false, mPromoteTaskWhenKeyguard-1, mRootLayerZOrderArray={}}]}
04-11 12:49:32.390 D/FlexibleTaskTransitionHandler( 8338):  no need handler this transitionInfo: {id=27146 t=OPEN f=0x0 trk=0 r=[0@Point(0, 0)] c=[{m=OPEN f=FILLS_TASK leash=Surface(name=ActivityRecord{217059451 u0 com.binance.monitor/.ui.account.AccountStatsBridgeActivity t13173})/@0xda5ea3e sb=Rect(0, 0 - 0, 0) eb=Rect(0, 0 - 1264, 2780) epz=Point(1264, 2780) d=-1->0 r=-1->0:-1 component=com.binance.monitor/.ui.account.AccountStatsBridgeActivity opt={t=CUSTOM enterResId=0 changeResId=0 exitResId=0 mUserId=0}},{m=TO_BACK f=FILLS_TASK leash=Surface(name=ActivityRecord{243849602 u0 com.binance.monitor/.ui.main.MainActivity t13173})/@0x6f7d09f sb=Rect(0, 0 - 1264, 2780) eb=Rect(0, 0 - 1264, 2780) epz=Point(1264, 2780) d=0 component=com.binance.monitor/.ui.main.MainActivity opt={t=CUSTOM enterResId=0 changeResId=0 exitResId=0 mUserId=0}}] 
04-11 12:49:32.390 D/FlexibleTaskTransitionHandler( 8338): extendInfo=[
04-11 12:49:32.390 D/FlexibleTaskTransitionHandler( 8338):  OplusTransitionExtendedInfo{mTmpFinishT=null, mInOplusCompatMode=false, mIsProcessRunning=false, mHasMismatchBoundsTarget=false, mRecentsController=null, mRemoteTransition=null, mIsTranslucentActivityToHome=false, mAvoidInterceptKeyEventToHome=false, mIsFromHome=false, mParentLeash=null, mBackAnimClosingLeash=null, mIsOplusAnimRes=false, mKeepBgForContinuous=false, mIsBalAllow=false, mTaskNotInRecent=false, mIsPredictiveBackAnim=false, mIsMergedWithPredictive=false, mIsLaunchFromSpruce=false, mIsLaunchFromDrive=false, mGlobalSearchPageSwitch=false, mNeedNoAlphaGlobalSearchScene=false, mAssistScreenShowing=false, mSwipeUpBrowserScreenShowing=false, mUserIdTransition=-1
04-11 12:49:32.390 D/FlexibleTaskTransitionHandler( 8338): , mInRemoteScene=false, mInPreReady=false, mPreStart=false, mToken=null, mAbortByRemoteFromHome=false, mShellApplyToken=null, mRequestTransitionTaskId=13173, mAbortTransitionOnShell=0, mStartFromShortcut=false, mRemovedTaskId=-1, mTransitionInterruptType=0, mMergeSecondTaskId=-1, mTaskIdStartFromRecents=0, mTransitionId=27146, mCanUseSpringSlideAnim=false, mTransitionLaunchFrom=0, mFoldChangeType=-1, mAnimStartingPosition=[0, 0, 0, 0], mIsOpeningStkDialogActivity=false, mSecondaryHomeToFrontWhenUnFolding=false, mIsNeedApplyStartTForEmbedded=false
04-11 12:49:32.390 D/FlexibleTaskTransitionHandler( 8338): , mNeedCanvasExitAnim=false, mMergeSecondTaskAnimation=false, mIsLaunchUnityStart=false, mIsLaunchFromAssistantByDefault=false, mSkipRemoteTransitionfalse, mIsStartFromKeyguard=false flags=0x0, mWCT=null, mIsOpenMergeToInValidPredictive=false, mPromoteTaskWhenKeyguard-1, mRootLayerZOrderArray={}}]}
04-11 12:49:32.390 V/WindowManagerShell( 8338): Transition doesn't have explicit remote, search filters for match for {id=27146 t=OPEN f=0x0 trk=0 r=[0@Point(0, 0)] c=[{m=OPEN f=FILLS_TASK leash=Surface(name=ActivityRecord{217059451 u0 com.binance.monitor/.ui.account.AccountStatsBridgeActivity t13173})/@0xda5ea3e sb=Rect(0, 0 - 0, 0) eb=Rect(0, 0 - 1264, 2780) epz=Point(1264, 2780) d=-1->0 r=-1->0:-1 component=com.binance.monitor/.ui.account.AccountStatsBridgeActivity opt={t=CUSTOM enterResId=0 changeResId=0 exitResId=0 mUserId=0}},{m=TO_BACK f=FILLS_TASK leash=Surface(name=ActivityRecord{243849602 u0 com.binance.monitor/.ui.main.MainActivity t13173})/@0x6f7d09f sb=Rect(0, 0 - 1264, 2780) eb=Rect(0, 0 - 1264, 2780) epz=Point(1264, 2780) d=0 component=com.binance.monitor/.ui.main.MainActivity opt={t=CUSTOM enterResId=0 changeResId=0 exitResId=0 mUserId=0}}] 
04-11 12:49:32.390 V/WindowManagerShell( 8338): extendInfo=[
04-11 12:49:32.390 V/WindowManagerShell( 8338):  OplusTransitionExtendedInfo{mTmpFinishT=null, mInOplusCompatMode=false, mIsProcessRunning=false, mHasMismatchBoundsTarget=false, mRecentsController=null, mRemoteTransition=null, mIsTranslucentActivityToHome=false, mAvoidInterceptKeyEventToHome=false, mIsFromHome=false, mParentLeash=null, mBackAnimClosingLeash=null, mIsOplusAnimRes=false, mKeepBgForContinuous=false, mIsBalAllow=false, mTaskNotInRecent=false, mIsPredictiveBackAnim=false, mIsMergedWithPredictive=false, mIsLaunchFromSpruce=false, mIsLaunchFromDrive=false, mGlobalSearchPageSwitch=false, mNeedNoAlphaGlobalSearchScene=false, mAssistScreenShowing=false, mSwipeUpBrowserScreenShowing=false, mUserIdTransition=-1
04-11 12:49:32.390 V/WindowManagerShell( 8338): , mInRemoteScene=false, mInPreReady=false, mPreStart=false, mToken=null, mAbortByRemoteFromHome=false, mShellApplyToken=null, mRequestTransitionTaskId=13173, mAbortTransitionOnShell=0, mStartFromShortcut=false, mRemovedTaskId=-1, mTransitionInterruptType=0, mMergeSecondTaskId=-1, mTaskIdStartFromRecents=0, mTransitionId=27146, mCanUseSpringSlideAnim=false, mTransitionLaunchFrom=0, mFoldChangeType=-1, mAnimStartingPosition=[0, 0, 0, 0], mIsOpeningStkDialogActivity=false, mSecondaryHomeToFrontWhenUnFolding=false, mIsNeedApplyStartTForEmbedded=false
04-11 12:49:32.390 V/WindowManagerShell( 8338): , mNeedCanvasExitAnim=false, mMergeSecondTaskAnimation=false, mIsLaunchUnityStart=false, mIsLaunchFromAssistantByDefault=false, mSkipRemoteTransitionfalse, mIsStartFromKeyguard=false flags=0x0, mWCT=null, mIsOpenMergeToInValidPredictive=false, mPromoteTaskWhenKeyguard-1, mRootLayerZOrderArray={}}]}
04-11 12:49:32.390 V/WindowManagerShell( 8338):  Checking filter Pair{{types=[] flags=0x0] notFlags=0x100 checks=[{atype=home independent=true modes=[OPEN,TO_FRONT] flags=NONE mustBeTask=false order=TOP topActivity=ComponentInfo{com.android.launcher/com.android.launcher.Launcher} launchCookie=null windowingMode=undefined},{atype=standard independent=true modes=[CLOSE,TO_BACK] flags=NONE mustBeTask=false order=ANY topActivity=null launchCookie=null windowingMode=undefined}]} RemoteTransition { remoteTransition = android.window.IRemoteTransition$Stub$Proxy@a5bfc11, appThread = android.app.IApplicationThread$Stub$Proxy@61db176, debugName = QuickstepLaunchHome }}
04-11 12:49:32.390 V/WindowManagerShell( 8338):  Delegate animation for (#27146) to null
04-11 12:49:32.391 V/WindowManagerShell( 8338): start default transition animation, info = {id=27146 t=OPEN f=0x0 trk=0 r=[0@Point(0, 0)] c=[{m=OPEN f=FILLS_TASK leash=Surface(name=ActivityRecord{217059451 u0 com.binance.monitor/.ui.account.AccountStatsBridgeActivity t13173})/@0xda5ea3e sb=Rect(0, 0 - 0, 0) eb=Rect(0, 0 - 1264, 2780) epz=Point(1264, 2780) d=-1->0 r=-1->0:-1 component=com.binance.monitor/.ui.account.AccountStatsBridgeActivity opt={t=CUSTOM enterResId=0 changeResId=0 exitResId=0 mUserId=0}},{m=TO_BACK f=FILLS_TASK leash=Surface(name=ActivityRecord{243849602 u0 com.binance.monitor/.ui.main.MainActivity t13173})/@0x6f7d09f sb=Rect(0, 0 - 1264, 2780) eb=Rect(0, 0 - 1264, 2780) epz=Point(1264, 2780) d=0 component=com.binance.monitor/.ui.main.MainActivity opt={t=CUSTOM enterResId=0 changeResId=0 exitResId=0 mUserId=0}}] 
04-11 12:49:32.391 V/WindowManagerShell( 8338): extendInfo=[
04-11 12:49:32.391 V/WindowManagerShell( 8338):  OplusTransitionExtendedInfo{mTmpFinishT=null, mInOplusCompatMode=false, mIsProcessRunning=false, mHasMismatchBoundsTarget=false, mRecentsController=null, mRemoteTransition=null, mIsTranslucentActivityToHome=false, mAvoidInterceptKeyEventToHome=false, mIsFromHome=false, mParentLeash=null, mBackAnimClosingLeash=null, mIsOplusAnimRes=false, mKeepBgForContinuous=false, mIsBalAllow=false, mTaskNotInRecent=false, mIsPredictiveBackAnim=false, mIsMergedWithPredictive=false, mIsLaunchFromSpruce=false, mIsLaunchFromDrive=false, mGlobalSearchPageSwitch=false, mNeedNoAlphaGlobalSearchScene=false, mAssistScreenShowing=false, mSwipeUpBrowserScreenShowing=false, mUserIdTransition=-1
04-11 12:49:32.391 V/WindowManagerShell( 8338): , mInRemoteScene=false, mInPreReady=false, mPreStart=false, mToken=null, mAbortByRemoteFromHome=false, mShellApplyToken=null, mRequestTransitionTaskId=13173, mAbortTransitionOnShell=0, mStartFromShortcut=false, mRemovedTaskId=-1, mTransitionInterruptType=0, mMergeSecondTaskId=-1, mTaskIdStartFromRecents=0, mTransitionId=27146, mCanUseSpringSlideAnim=false, mTransitionLaunchFrom=0, mFoldChangeType=-1, mAnimStartingPosition=[0, 0, 0, 0], mIsOpeningStkDialogActivity=false, mSecondaryHomeToFrontWhenUnFolding=false, mIsNeedApplyStartTForEmbedded=false
04-11 12:49:32.391 V/WindowManagerShell( 8338): , mNeedCanvasExitAnim=false, mMergeSecondTaskAnimation=false, mIsLaunchUnityStart=false, mIsLaunchFromAssistantByDefault=false, mSkipRemoteTransitionfalse, mIsStartFromKeyguard=false flags=0x0, mWCT=null, mIsOpenMergeToInValidPredictive=false, mPromoteTaskWhenKeyguard-1, mRootLayerZOrderArray={}}]}
04-11 12:49:32.391 D/FSS_OplusFoldSwitchStateObserver( 8338): cancelAnimationIfNeedWhenFolding: foldChangeType = -1
04-11 12:49:32.391 D/OplusShellTransition( 8338): canCustomizeAppTransition, isGlobalSearchPageSwitch = false, swipeUpBrowserPageSwitch = false, onlyHasTranslucentActivity = false, pkgName = com.binance.monitor
04-11 12:49:32.391 D/OplusShellTransition( 8338): This page has its own override animation, enterResId = 0, closeResId = 0, pkgName = com.binance.monitor
04-11 12:49:32.391 D/OplusShellTransition( 8338): checkAndLoadCustomAnimation packageName =:com.binance.monitor,transit =:1,enter =:false,animResId =:0
04-11 12:49:32.391 D/OplusShellTransition( 8338): canCustomizeAppTransition, isGlobalSearchPageSwitch = false, swipeUpBrowserPageSwitch = false, onlyHasTranslucentActivity = false, pkgName = com.binance.monitor
04-11 12:49:32.391 D/OplusShellTransition( 8338): This page has its own override animation, enterResId = 0, closeResId = 0, pkgName = com.binance.monitor
04-11 12:49:32.391 D/OplusShellTransition( 8338): checkAndLoadCustomAnimation packageName =:com.binance.monitor,transit =:1,enter =:true,animResId =:0
04-11 12:49:32.391 D/OplusShellTransition( 8338): addBackgroundColorOnTask, , isTaskLevelTransition = false, hasBgAlready = false
04-11 12:49:32.391 D/OplusShellTransition( 8338): DefaultTransitionHandler#onAnimFinish=> transition=android.os.BinderProxy@3be4343, backAnimContinue=false
04-11 12:49:32.391 V/WindowManagerShell( 8338): Transition animation finished (aborted=false), notifying core (#27146) android.os.BinderProxy@3be4343@0
04-11 12:49:32.391 D/SplitScreen-->AppLockManager( 8338): setStartFromSafeControl mStartFromSafeControl=false
04-11 12:49:32.391 D/ShellTaskOrganizerExt( 8338): adjust change for exiting mini task: -1
04-11 12:49:32.392 D/Transition( 3590): finishTransition ar ActivityRecord{217059451 u0 com.binance.monitor/.ui.account.AccountStatsBridgeActivity t13173}, isVisibleRequested=true, state=RESUMED, visibleAtTransitionEndTokens={ActivityRecord{217059451 u0 com.binance.monitor/.ui.account.AccountStatsBridgeActivity t13173}}, this=TransitionRecord{14a2f37 id=27146 track=0 type=OPEN flags=0x0 state=2 c=[
04-11 12:49:32.392 D/Transition( 3590):    ChangeInfo{2830ca4 container=Display{#0 state=ON size=1264x2780 ROTATION_0} flags=0x0}
04-11 12:49:32.392 D/Transition( 3590):    ChangeInfo{a7e8a0d container=Task{51980d0 #13173 type=standard A=10512:com.binance.monitor} flags=0x0}
04-11 12:49:32.392 D/Transition( 3590):    ChangeInfo{8feedc2 container=DefaultTaskDisplayArea@136308155 flags=0x0}
04-11 12:49:32.392 D/Transition( 3590):    ChangeInfo{d36973f container=ActivityRecord{217059451 u0 com.binance.monitor/.ui.account.AccountStatsBridgeActivity t13173} flags=0x0}
04-11 12:49:32.392 D/Transition( 3590):    ChangeInfo{c0dc80c container=ActivityRecord{243849602 u0 com.binance.monitor/.ui.main.MainActivity t13173} flags=0x0}
04-11 12:49:32.392 D/Transition( 3590): ]
04-11 12:49:32.392 D/Transition( 3590): }
04-11 12:49:32.392 D/Transition( 3590): finishTransition ar ActivityRecord{243849602 u0 com.binance.monitor/.ui.main.MainActivity t13173}, isVisibleRequested=false, state=PAUSED, visibleAtTransitionEndTokens={ActivityRecord{217059451 u0 com.binance.monitor/.ui.account.AccountStatsBridgeActivity t13173}}, this=TransitionRecord{14a2f37 id=27146 track=0 type=OPEN flags=0x0 state=2 c=[
04-11 12:49:32.392 D/Transition( 3590):    ChangeInfo{2830ca4 container=Display{#0 state=ON size=1264x2780 ROTATION_0} flags=0x0}
04-11 12:49:32.392 D/Transition( 3590):    ChangeInfo{a7e8a0d container=Task{51980d0 #13173 type=standard A=10512:com.binance.monitor} flags=0x0}
04-11 12:49:32.392 D/Transition( 3590):    ChangeInfo{8feedc2 container=DefaultTaskDisplayArea@136308155 flags=0x0}
04-11 12:49:32.392 D/Transition( 3590):    ChangeInfo{d36973f container=ActivityRecord{217059451 u0 com.binance.monitor/.ui.account.AccountStatsBridgeActivity t13173} flags=0x0}
04-11 12:49:32.392 D/Transition( 3590):    ChangeInfo{c0dc80c container=ActivityRecord{243849602 u0 com.binance.monitor/.ui.main.MainActivity t13173} flags=0x0}
04-11 12:49:32.392 D/Transition( 3590): ]
04-11 12:49:32.392 D/Transition( 3590): }
04-11 12:49:32.392 D/ActivityTaskManager( 3590): commitVisibility: ActivityRecord{243849602 u0 com.binance.monitor/.ui.main.MainActivity t13173}: visible=false visibleRequested=false, isInTransition=false 
04-11 12:49:32.392 D/WindowManager( 3590): NFW_setClientVisible:ActivityRecord{243849602 u0 com.binance.monitor/.ui.main.MainActivity t13173} clientVisible:false
04-11 12:49:32.393 I/WindowManager( 3590): Window{68623f9 u0 com.binance.monitor/com.binance.monitor.ui.main.MainActivity} state from HAS_DRAWN to DRAW_PENDING; reason: resetDrawState
04-11 12:49:32.393 I/OplusAppSwitchManagerService( 3590):  handleAppVisible , r = ActivityRecord{217059451 u0 com.binance.monitor/.ui.account.AccountStatsBridgeActivity t13173}
04-11 12:49:32.393 D/VRI[MainActivity](12586): dispatchAppVisibility visible:false mUpcomingWindowFocus:false
04-11 12:49:32.393 D/OplusTransitionController( 3590): finishTransition, transition: TransitionRecord{14a2f37 id=27146 track=0 type=OPEN flags=0x0 state=4 c=[
04-11 12:49:32.393 D/OplusTransitionController( 3590):    ChangeInfo{2830ca4 container=Display{#0 state=ON size=1264x2780 ROTATION_0} flags=0x0}
04-11 12:49:32.393 D/OplusTransitionController( 3590):    ChangeInfo{a7e8a0d container=Task{51980d0 #13173 type=standard A=10512:com.binance.monitor} flags=0x0}
04-11 12:49:32.393 D/OplusTransitionController( 3590):    ChangeInfo{8feedc2 container=DefaultTaskDisplayArea@136308155 flags=0x0}
04-11 12:49:32.393 D/OplusTransitionController( 3590):    ChangeInfo{d36973f container=ActivityRecord{217059451 u0 com.binance.monitor/.ui.account.AccountStatsBridgeActivity t13173} flags=0x0}
04-11 12:49:32.393 D/OplusTransitionController( 3590):    ChangeInfo{c0dc80c container=ActivityRecord{243849602 u0 com.binance.monitor/.ui.main.MainActivity t13173} flags=0x0}
04-11 12:49:32.393 D/OplusTransitionController( 3590): ]
04-11 12:49:32.393 D/OplusTransitionController( 3590): }
04-11 12:49:32.393 D/FlexibleTaskTransitionController( 3590):  finishTransition pendingRecentToFlexibleTask:null,isRotationTransition:false ,pendingRecentToFlexible:null ,transition:TransitionRecord{14a2f37 id=27146 track=0 type=OPEN flags=0x0 state=4 c=[
04-11 12:49:32.393 D/FlexibleTaskTransitionController( 3590):    ChangeInfo{2830ca4 container=Display{#0 state=ON size=1264x2780 ROTATION_0} flags=0x0}
04-11 12:49:32.393 D/FlexibleTaskTransitionController( 3590):    ChangeInfo{a7e8a0d container=Task{51980d0 #13173 type=standard A=10512:com.binance.monitor} flags=0x0}
04-11 12:49:32.393 D/FlexibleTaskTransitionController( 3590):    ChangeInfo{8feedc2 container=DefaultTaskDisplayArea@136308155 flags=0x0}
04-11 12:49:32.393 D/FlexibleTaskTransitionController( 3590):    ChangeInfo{d36973f container=ActivityRecord{217059451 u0 com.binance.monitor/.ui.account.AccountStatsBridgeActivity t13173} flags=0x0}
04-11 12:49:32.393 D/FlexibleTaskTransitionController( 3590):    ChangeInfo{c0dc80c container=ActivityRecord{243849602 u0 com.binance.monitor/.ui.main.MainActivity t13173} flags=0x0}
04-11 12:49:32.393 D/FlexibleTaskTransitionController( 3590): ]
04-11 12:49:32.393 D/FlexibleTaskTransitionController( 3590): }
04-11 12:49:32.393 D/TransitionControllerExtImpl( 3590): NFW_send RECOMPUTE_FOCUS in finishTransition
04-11 12:49:32.393 D/ShellTaskOrganizer( 8338): onTransitionFinish, isRecent:false
04-11 12:49:32.393 D/InsetsSourceProvider( 3590): updateSourceFrameForServerVisibility mandatorySystemGestures EMPTY_RECT
04-11 12:49:32.394 D/VRR [OPlusRefreshRateService]( 3590):  setDirectorStates [flag: 1, state: 0, directorStateOff: 0]
04-11 12:49:32.394 D/VRR [RefreshRateDirector]( 2399): updateState mState = 1
04-11 12:49:32.394 V/WindowManagerShell( 8338): Track 0 became idle
04-11 12:49:32.394 V/WindowManagerShell( 8338): All active transition animations finished
04-11 12:49:32.394 V/WindowManagerShell( 8338):  animated by com.android.wm.shell.transition.DefaultTransitionHandler@423c8cd
04-11 12:49:32.394 D/OplusShellTransition( 8338): dispatchTransition, animated mHandler: com.android.wm.shell.transition.DefaultTransitionHandler@423c8cd
04-11 12:49:32.394 V/WindowManagerShell( 8338): Track 0 became idle
04-11 12:49:32.394 V/WindowManagerShell( 8338): All active transition animations finished
04-11 12:49:32.394 V/WindowManager( 3590): Sent Transition (#27146) createdAt=04-11 12:49:31.426 via request=TransitionRequestInfo { type = OPEN, triggerTask = TaskInfo{userId=0 taskId=13173 effectiveUid=10512 displayId=0 isRunning=true baseIntent=Intent { flg=0x10000000 cmp=com.binance.monitor/.ui.main.MainActivity mCallingUid=2000 } baseActivity=ComponentInfo{com.binance.monitor/com.binance.monitor.ui.main.MainActivity} topActivity=ComponentInfo{com.binance.monitor/com.binance.monitor.ui.account.AccountStatsBridgeActivity} origActivity=null realActivity=ComponentInfo{com.binance.monitor/com.binance.monitor.ui.main.MainActivity}
04-11 12:49:32.394 V/WindowManager( 3590):  numActivities=2 lastActiveTime=930186842 supportsSplitScreenMultiWindow=true supportsMultiWindow=true supportsPocketStudioMultiWindow=true isInFlexibleEmbedded = false uid = 10512 pid = 0 resizeMode=1 isResizeable=true minWidth=-1 minHeight=-1 defaultMinSize=220 token=WCT{RemoteToken{1407ddf Task{51980d0 #13173 type=standard A=10512:com.binance.monitor}}} topActivityType=1 pictureInPictureParams=null shouldDockBigOverlays=false launchIntoPipHostTaskId=-1 lastParentTaskIdBeforePip=-1 displayCutoutSafeInsets=Rect(0, 0 - 0, 0)
04-11 12:49:32.394 V/WindowManager( 3590):  topActivityInfo=ActivityInfo{196ba09 com.binance.monitor.ui.account.AccountStatsBridgeActivity} launchCookies=[] positionInParent=Point(0, 0) parentTaskId=-1 isFocused=true isVisible=true isVisibleRequested=true isTopActivityNoDisplay=false isSleeping=false locusId=null displayAreaFeatureId=1 isTopActivityTransparent=false isActivityStackTransparent=false lastNonFullscreenBounds=Rect(330, 828 - 935, 2092) capturedLink=null capturedLinkTimestamp=0 requestedVisibleTypes=-9 topActivityRequestOpenInBrowserEducationTimestamp=0
04-11 12:49:32.394 V/WindowManager( 3590):  appCompatTaskInfo=AppCompatTaskInfo { topActivityInSizeCompat=false topActivityInOplusCompatMode=false eligibleForLetterboxEducation= false isLetterboxEducationEnabled= false isLetterboxDoubleTapEnabled= false eligibleForUserAspectRatioButton= false topActivityBoundsLetterboxed= false isFromLetterboxDoubleTap= false topActivityLetterboxVerticalPosition= -1 topActivityLetterboxHorizontalPosition= -1 topActivityLetterboxWidth=-1 topActivityLetterboxHeight=-1 topActivityAppBounds=Rect(0, 140 - 1264, 2780) isUserFullscreenOverrideEnabled=false isSystemFullscreenOverrideEnabled=false hasMinAspectRatioOverride=false topActivityLetterboxBounds=null cameraCompatTaskInfo=CameraCompatTaskInfo { freeformCameraCompatMode=inactive}} topActivityMainWindowFrame=null topActivityLetterboxInsets=Rect(0, 0 - 0, 0)
04-11 12:49:32.394 V/WindowManager( 3590):  mOplusExtraBundle = Bundle[{androidx.flexible.taskFrame=Rect(0, 0 - 0, 0), topOpaqueSystemBarsAppearance=0, androidx.flexible.Alpha=1.0, androidx.activity.task.attach.blur=0, androidx.activity.LaunchInsensible=0, androidx.activity.LaunchCornerRadius=0, key_flexible_task_state=0, topActivitySupportAppInnerSplit=false, key_flexible_task_animating_type=-1, key_flexible_task_root_activity_processname=com.binance.monitor, androidx.activity.LaunchScenario=0, is_oplus_clone_task=false, flexible_super_mini_state=false, topRunningActivityHash=217059451, androidx.activity.LaunchScale=1.0, androidx.activity.LaunchShadowRadius=0, is_transient_hide_for_task_info=false, key_flexible_task_root_activity_pid=12586, key_flexible_task_root_activity_uid=10512}]}, pipChange = null, remoteTransition = null, displayChange = null, flags = 0, debugId = 27146 }
04-11 12:49:32.394 V/WindowManager( 3590):     startWCT=WindowContainerTransaction { changes= {} hops= [] errorCallbackToken=null taskFragmentOrganizer=null }
04-11 12:49:32.394 V/WindowManager( 3590):     info={id=27146 t=OPEN f=0x0 trk=0 r=[0@Point(0, 0)] c=[
04-11 12:49:32.394 V/WindowManager( 3590):         {m=OPEN f=FILLS_TASK leash=Surface(name=ActivityRecord{217059451 u0 com.binance.monitor/.ui.account.AccountStatsBridgeActivity t13173})/@0xf725b6a sb=Rect(0, 0 - 0, 0) eb=Rect(0, 0 - 1264, 2780) epz=Point(1264, 2780) d=-1->0 r=-1->0:-1 component=com.binance.monitor/.ui.account.AccountStatsBridgeActivity opt={t=CUSTOM enterResId=0 changeResId=0 exitResId=0 mUserId=0}},
04-11 12:49:32.394 V/WindowManager( 3590):         {m=TO_BACK f=FILLS_TASK leash=Surface(name=ActivityRecord{243849602 u0 com.binance.monitor/.ui.main.MainActivity t13173})/@0x987685b sb=Rect(0, 0 - 1264, 2780) eb=Rect(0, 0 - 1264, 2780) epz=Point(1264, 2780) d=0 component=com.binance.monitor/.ui.main.MainActivity opt={t=CUSTOM enterResId=0 changeResId=0 exitResId=0 mUserId=0}}
04-11 12:49:32.394 V/WindowManager( 3590):     ] 
04-11 12:49:32.394 V/WindowManager( 3590): extendInfo=[
04-11 12:49:32.394 V/WindowManager( 3590):  OplusTransitionExtendedInfo{mTmpFinishT=null, mInOplusCompatMode=false, mIsProcessRunning=false, mHasMismatchBoundsTarget=false, mRecentsController=null, mRemoteTransition=null, mIsTranslucentActivityToHome=false, mAvoidInterceptKeyEventToHome=false, mIsFromHome=false, mParentLeash=null, mBackAnimClosingLeash=null, mIsOplusAnimRes=false, mKeepBgForContinuous=false, mIsBalAllow=false, mTaskNotInRecent=false, mIsPredictiveBackAnim=false, mIsMergedWithPredictive=false, mIsLaunchFromSpruce=false, mIsLaunchFromDrive=false, mGlobalSearchPageSwitch=false, mNeedNoAlphaGlobalSearchScene=false, mAssistScreenShowing=false, mSwipeUpBrowserScreenShowing=false, mUserIdTransition=-1
04-11 12:49:32.394 V/WindowManager( 3590): , mInRemoteScene=false, mInPreReady=false, mPreStart=false, mToken=null, mAbortByRemoteFromHome=false, mShellApplyToken=null, mRequestTransitionTaskId=13173, mAbortTransitionOnShell=0, mStartFromShortcut=false, mRemovedTaskId=-1, mTransitionInterruptType=0, mMergeSecondTaskId=-1, mTaskIdStartFromRecents=0, mTransitionId=27146, mCanUseSpringSlideAnim=false, mTransitionLaunchFrom=0, mFoldChangeType=-1, mAnimStartingPosition=[0, 0, 0, 0], mIsOpeningStkDialogActivity=false, mSecondaryHomeToFrontWhenUnFolding=false, mIsNeedApplyStartTForEmbedded=false
04-11 12:49:32.394 V/WindowManager( 3590): , mNeedCanvasExitAnim=false, mMergeSecondTaskAnimation=false, mIsLaunchUnityStart=false, mIsLaunchFromAssistantByDefault=false, mSkipRemoteTransitionfalse, mIsStartFromKeyguard=false flags=0x0, mWCT=null, mIsOpenMergeToInValidPredictive=false, mPromoteTaskWhenKeyguard-1, mRootLayerZOrderArray={}}]}
04-11 12:49:32.395 D/WindowManager( 3590): NFW_findFocusedWindowIfNeeded:Window{7a6edc8 u0 com.binance.monitor/com.binance.monitor.ui.account.AccountStatsBridgeActivity} mCurrentFocus:Window{7a6edc8 u0 com.binance.monitor/com.binance.monitor.ui.account.AccountStatsBridgeActivity}
04-11 12:49:32.399 I/BLASTSyncEngine( 3590): onCommitted syncId: 27146, timeout: false ran: false
04-11 12:49:32.399 D/Transition( 3590): finishTransaction-onCommitted syncId=27146
04-11 12:49:32.400 I/InputDispatcher( 3590): updateFocusedWindow, 7a6edc8 com.binance.monitor/com.binance.monitor.ui.account.AccountStatsBridgeActivity on display 0, reason: Window became focusable. Previous reason: NOT_VISIBLE, result:   FocusedWindows:
04-11 12:49:32.400 I/InputDispatcher( 3590):     displayId=0, name='7a6edc8 com.binance.monitor/com.binance.monitor.ui.account.AccountStatsBridgeActivity'
04-11 12:49:32.400 I/HWUI    (12586): Davey! duration=952ms; Flags=1, FrameTimelineVsyncId=351128633, IntendedVsync=882330814797668, Vsync=882331592575438, InputEventId=0, HandleInputStart=882331599264716, AnimationStart=882331599266070, PerformTraversalsStart=882331599298153, DrawStart=882331691025185, FrameDeadline=882330828464334, FrameStartTime=882331599069091, FrameInterval=11111111, WorkloadTarget=13666666, SyncQueued=882331746130289, SyncStart=882331746184820, IssueDrawCommandsStart=882331747378310, SwapBuffers=882331756613883, FrameCompleted=882331767244664, DequeueBufferDuration=13125, QueueBufferDuration=437031, GpuCompleted=882331767244664, SwapBuffersCompleted=882331757174976, DisplayPresentTime=0, CommandSubmissionCompleted=882331756613883, 
04-11 12:49:32.400 I/HWUI    (12586): Davey! duration=953ms; Flags=1, FrameTimelineVsyncId=351128633, IntendedVsync=882330814797668, Vsync=882331592575438, InputEventId=0, HandleInputStart=882331599264716, AnimationStart=882331599266070, PerformTraversalsStart=882331599298153, DrawStart=882331758889560, FrameDeadline=882330828464334, FrameStartTime=882331599069091, FrameInterval=11111111, WorkloadTarget=13666666, SyncQueued=882331759308153, SyncStart=882331759361278, IssueDrawCommandsStart=882331759587685, SwapBuffers=882331761041435, FrameCompleted=882331768715653, DequeueBufferDuration=27656, QueueBufferDuration=232865, GpuCompleted=882331768715653, SwapBuffersCompleted=882331761346278, DisplayPresentTime=0, CommandSubmissionCompleted=882331761041435, 
04-11 12:49:32.410 D/VRI[AccountStatsBridgeActivity](12586): onFocusEvent true
04-11 12:49:32.459 D/VRI[MainActivity](12586): visibilityChanged oldVisibility=true newVisibility=false
04-11 12:49:32.459 D/VRI[MainActivity](12586): setWindowStopped stopped:true
04-11 12:49:32.463 D/InputMethodManagerService( 3590): isSecurity: attribute.packageName = com.binance.monitor mCurMethodId = com.sohu.inputmethod.sogou/.SogouIME isSecurity = false ( enable = true needShow = false inBlackList = false isExist = true )
04-11 12:49:32.464 I/ImeTracker( 3590): com.binance.monitor:58be8329: onRequestHide at ORIGIN_SERVER reason HIDE_UNSPECIFIED_WINDOW fromUser false
04-11 12:49:32.464 D/HWUI    (12586): RenderProxy::destroy: this=0xb4000071834a1900, mContext=0xb400007183679300
04-11 12:49:32.464 D/HWUI    (12586): SkiaVulkanPipeline::setSurface: this=0xb4000071832880c0, surface=NULL
04-11 12:49:32.465 D/BufferQueueProducer(12586): [VRI[MainActivity]#0(BLAST Consumer)0](id:312a00000000,api:1,p:12586,c:12586) disconnect: api 1
04-11 12:49:32.465 D/ViewRootImplExtImpl(12586): wrapConfigInfoIntoFlags rotation=0, smallestScreenWidthDp=361, residentWS=false, scenario=0, bounds=Rect(0, 0 - 1264, 2780), relayoutAsync=false, flags=0, newFlags=1457532192, title=com.binance.monitor/com.binance.monitor.ui.main.MainActivity
04-11 12:49:32.466 I/ImeTracker( 3590): system_server:99488546: onRequestHide at ORIGIN_SERVER reason IME_REQUESTED_CHANGED_LISTENER fromUser false
04-11 12:49:32.466 I/ImeTracker( 3590): system_server:99488546: onCancelled at PHASE_SERVER_SHOULD_HIDE
04-11 12:49:32.466 V/WindowManager( 3590): Relayout Window{68623f9 u0 com.binance.monitor/com.binance.monitor.ui.main.MainActivity}: viewVisibility=8, oldvis=0, req=1264x2780 , apr = 0, vsysui=, x=0, y=0
04-11 12:49:32.466 D/InsetsSourceProvider( 3590): updateSourceFrameForServerVisibility mandatorySystemGestures EMPTY_RECT
04-11 12:49:32.467 I/sensors-hal( 2113): handle_oplus_wise_rgb_event:189, high_pwm_light:lux 205.2,cct 6610.6,brl/algo/ir 1361.0/2.0/41.2,pwm/dc 0.0/0.0,rgbc 9072.476562/6213.914062/4002.122559/17879.830078,ts 930187663487768,cnt 54660,flag 98622
04-11 12:49:32.467 D/InsetsSourceProvider( 3590): updateSourceFrameForServerVisibility mandatorySystemGestures EMPTY_RECT
04-11 12:49:32.467 I/sensors-hal( 2113): handle_oplus_wise_rgb_event:161, wise_rgb: (54656)(cct, lux, ir)[6610.57, 205.25, 41.207970] (r, g, b, c)[9099.89, 6224.91, 4010.95, 17863.51]                 (pwm, hbm, brl, algo)[0.0 0.0 1361.0 2.0], flag 33086
04-11 12:49:32.467 D/WindowManager( 3590): NFW_findFocusedWindowIfNeeded:Window{7a6edc8 u0 com.binance.monitor/com.binance.monitor.ui.account.AccountStatsBridgeActivity} mCurrentFocus:Window{7a6edc8 u0 com.binance.monitor/com.binance.monitor.ui.account.AccountStatsBridgeActivity}
04-11 12:49:32.467 D/InsetsSourceProvider( 3590): updateSourceFrameForServerVisibility mandatorySystemGestures EMPTY_RECT
04-11 12:49:32.467 D/VRI[MainActivity](12586): relayoutWindow result, sizeChanged:false, surfaceControlChanged:true, transformHintChanged:false, mSurfaceSize:Point(1264, 2780), mLastSurfaceSize:Point(1264, 2780), mWidth:1264, mHeight:2780, requestedWidth:1264, requestedHeight:2780, transformHint:0, installOrientation:0, displayRotation:0, isSurfaceValid:false, attr.flag:-2122252032, tmpFrames:ClientWindowFrames{frame=[0,0][1264,2780] display=[0,0][1264,2780] parentFrame=[0,0][0,0]}, relayoutAsync:false, mSyncSeqId:0
04-11 12:49:32.468 D/BLASTBufferQueue(12586): [VRI[MainActivity]#0](f:0,a:1) destructor()
04-11 12:49:32.468 D/BufferQueueConsumer(12586): [VRI[MainActivity]#0(BLAST Consumer)0](id:312a00000000,api:0,p:-1,c:12586) disconnect
04-11 12:49:32.476 D/InsetsController(12586): hide(ime(), fromIme=false)
04-11 12:49:32.476 I/ImeTracker(12586): com.binance.monitor:58be8329: onCancelled at PHASE_CLIENT_ALREADY_HIDDEN
04-11 12:49:32.476 I/WindowManager( 3590): Window{68623f9 u0 com.binance.monitor/com.binance.monitor.ui.main.MainActivity} state from DRAW_PENDING to NO_SURFACE; reason: destroySurface
04-11 12:49:32.477 D/OplusStartingWindowManager( 3590): skip remove starting window for activity = ActivityRecord{243849602 u0 com.binance.monitor/.ui.main.MainActivity t13173} ,ar != topActivityContainsStartingWindow on activityStopped
04-11 12:49:32.477 D/BackgroundInstallControlService( 3590): Package event received: 0
04-11 12:49:32.478 I/Osense-BaseDecisionMaker( 3590): notifySceneToAthenaPolicy: SCENE_ACTIVITY_IDLE, bundle: Bundle[{scene=SCENE_ACTIVITY_IDLE}]
04-11 12:49:32.509 E/CwbService( 2181): Panel not support apl read or getDisplayPanelAplValue timeout 10ms.
04-11 12:49:32.509 D/SensorFeature( 2258): name=ssc_screenshot_info ,index = 22
04-11 12:49:32.510 D/SensorFeature( 2258): write 39 bytes:930187902094781,930187913205892,33087,0
04-11 12:49:32.512 I/ChainTrace(12586): stream type=syncEvent gapMs=1075 refreshMarket=true
04-11 12:49:32.543 D/QmiClient( 2727): qmiServiceEventCallback recv msg id 1099
04-11 12:49:32.543 D/QmiClient( 3438): qmiServiceEventCallback recv msg id 1099
04-11 12:49:32.543 D/QmiClient( 3438): enter -mServiceType 4 onQmiServiceEventCallback msgId 1099
04-11 12:49:32.543 D/QmiClient( 2727): enter -mServiceType 4 onQmiServiceEventCallback msgId 1099
04-11 12:49:32.543 D/QmiClient( 3438): onQmiServiceEventCallback - enter. msgId=1099
04-11 12:49:32.543 D/QmiClient( 2727): onQmiServiceEventCallback - enter. msgId=1099
04-11 12:49:32.543 D/QmiVsClientEvent( 3438): QosPeriodReportInd MSG IND data_len 2052
04-11 12:49:32.543 D/QmiVsClientEvent( 2727): QosPeriodReportInd MSG IND data_len 2052
04-11 12:49:32.543 D/QmiVsClientEvent( 3438): qmiVsClientNotifyQosPeriodReportIndEvent - RADIO_EVENT_QOS_PERIOD_REPORT_NOTIFY_IND
04-11 12:49:32.543 D/QmiVsClientEvent( 2727): qmiVsClientNotifyQosPeriodReportIndEvent - RADIO_EVENT_QOS_PERIOD_REPORT_NOTIFY_IND
04-11 12:49:32.544 D/VsProxy ( 3438): handleMessage msg is 2420
04-11 12:49:32.544 D/VsProxy ( 2727): handleMessage msg is 2420
04-11 12:49:32.544 D/VsProxy ( 3438): handleQosPeriodReportInd for instance 1 data_len 207
04-11 12:49:32.544 D/VsProxy ( 2727): handleQosPeriodReportInd for instance 0 data_len 145
04-11 12:49:32.544 D/SubsysRadioIndication[1](14034): radioQosPeriodReportInd result [8, -75, -43, -99, -49, 14, 18, 19, 8, -20, -44, -99, -49, 14, 16, 12, 32, -10, 36, 40, 12, 56, -10, 2, 64, -113, 2, 26, 15, 8, -111, -43, -99, -49, 14, 16, 19, 40, 22, 56, -9, 114, 72, 11, 34, 12, 8, -84, -69, -57, -50, 14, 16, 4, 24, 1, 32, 3, 58, 83, 8, -83, -43, -99, -49, 14, 16, 5, 24, -98, -23, 30, 32, -54, 1, 40, -93, -1, -1, -1, -1, -1, -1, -1, -1, 1, 48, -12, -1, -1, -1, -1, -1, -1, -1, -1, 1, 56, 3, 64, -93, -1, -1, -1, -1, -1, -1, -1, -1, 1, 72, -94, -1, -1, -1, -1, -1, -1, -1, -1, 1, 80, -93, -1, -1, -1, -1, -1, -1, -1, -1, 1, 88, -94, -1, -1, -1, -1, -1, -1, -1, -1, 1, 66, 31, 8, -101, -22, -108, -49, 14, 16, 5, 24, 2, 34, 19, 8, -98, -23, 30, 16, -54, 1, 24, 41, 32, 13, 40, -126, -128, -52, -67, 21, 48, 2, 90, 0, 98, 10, 8, -85, -54, -73, -50, 14, 16, 3, 24, 5, 122, 15, 8, -85, -44, -99, -49, 14, 16, -25, 1, 24, -11, 1, 32, -22, 8]
04-11 12:49:32.544 D/SubsysRadioIndication[0](14034): radioQosPeriodReportInd result [8, -75, -43, -99, -49, 14, 34, 12, 8, -84, -69, -57, -50, 14, 16, 4, 24, 1, 32, 3, 58, 61, 8, -32, -47, -99, -49, 14, 16, 5, 24, -64, -92, 38, 32, -22, 6, 40, -98, -1, -1, -1, -1, -1, -1, -1, -1, 1, 48, -11, -1, -1, -1, -1, -1, -1, -1, -1, 1, 56, 5, 64, -99, -1, -1, -1, -1, -1, -1, -1, -1, 1, 72, -98, -1, -1, -1, -1, -1, -1, -1, -1, 1, 66, 29, 8, -57, -20, -92, -50, 14, 16, 5, 34, 19, 8, -64, -92, 38, 16, -22, 6, 24, 78, 32, 13, 40, -117, -32, -94, -93, 2, 48, 2, 90, 0, 98, 10, 8, -41, -26, -92, -50, 14, 16, 3, 24, 5, 122, 15, 8, -8, -24, -92, -50, 14, 16, -52, 2, 24, -21, 1, 32, -90, 9]
04-11 12:49:32.545 D/NetworkService[1](14034): handleMessage what:1005
04-11 12:49:32.545 D/RadioAtomTracker(14034): parseQosPeriodData ModemQos:CellularQosInfo1{5G, 504990/202, EndcState=2, Band=41, DLBW=13, Rsrp=-93, Rsrq=-12, Snr=3, SvcStatus=3, ULPDCPNumDataPdu=12, ULPDCPNumDropPdu=0, ULPDCPTput=4726, ULRLCNumDataPdu=12, ULRLCNumRetxPdu=0, ULGrant=374, ULBSR=271, ULBler=0, DLPDCPNumDataPdu=22, DLPDCPTput=14711, DLRLCNumDataPdu=19, DLRLCNumRetxPdu=0, DLRLCNumDropPdu=0, DLMACPaddingBytes=0, DLPdcpNumMissToUppPdu=0, DLBler=11, RlfCount=0, CellChangeCount=0, IsRedirectionOccur=0, IsDualSimConflict=0, Latency=10, Sub1RrcState=1, Sub2RrcState=3, RachCount=0, CalcPower=231, Mtpl=245, PathLoss=1130, CellLoad=0}
04-11 12:49:32.545 D/NetworkService[1](14034): EVENT_REG_QOS_PERIOD_REPORT_IND_CHANGED ENTER
04-11 12:49:32.545 D/NetworkService[0](14034): handleMessage what:1005
04-11 12:49:32.545 D/RadioAtomTracker(14034): parseQosPeriodData ModemQos:CellularQosInfo2{5G, 627264/874, EndcState=0, Band=78, DLBW=13, Rsrp=-98, Rsrq=-11, Snr=5, SvcStatus=3, ULPDCPNumDataPdu=-1, ULPDCPNumDropPdu=-1, ULPDCPTput=-1, ULRLCNumDataPdu=-1, ULRLCNumRetxPdu=-1, ULGrant=-1, ULBSR=-1, ULBler=-1, DLPDCPNumDataPdu=-1, DLPDCPTput=-1, DLRLCNumDataPdu=-1, DLRLCNumRetxPdu=-1, DLRLCNumDropPdu=-1, DLMACPaddingBytes=-1, DLPdcpNumMissToUppPdu=-1, DLBler=-1, RlfCount=0, CellChangeCount=0, IsRedirectionOccur=0, IsDualSimConflict=0, Latency=0, Sub1RrcState=1, Sub2RrcState=3, RachCount=0, CalcPower=332, Mtpl=235, PathLoss=1190, CellLoad=0}
04-11 12:49:32.545 D/NetworkService[0](14034): EVENT_REG_QOS_PERIOD_REPORT_IND_CHANGED ENTER
04-11 12:49:32.545 D/AtomModemKpiInfo(14034): handleMessage what:1001
04-11 12:49:32.545 D/AtomModemKpiInfo(14034): analyseQosInfo success
04-11 12:49:32.574 V/AlarmManager( 3590): sending alarm Alarm{e15acbe type 1 origWhen 1775882972574 whenElapsed 930187988 android} uid 1000 whenElapsed 930187988 windowLength 0 maxWhenElapsed 930187988 repeatInterval 0 action null component null tag StorgaeBandInfoAlarmTag flags 0x9 procName system_server
04-11 12:49:32.575 E/OplusStorageUFSBandwidth( 3590): storage_io_metrics_path is /proc/oplus_storage/io_metrics/forever/
04-11 12:49:32.576 E/OplusStorageUFSBandwidth( 3590): Bandwidth - Read: 0.50 MB/s, Write: 0.00 MB/s
04-11 12:49:32.576 E/OplusStorageUFSBandwidth( 3590): Task time: 1ms
04-11 12:49:32.582 E/OplusStorageUFSBandwidth( 3590): Alarm set to trigger in 10 seconds
04-11 12:49:32.665 I/SDM     ( 2181): DisplayBuiltIn::IdlePowerCollapse: IPC received, disabling partial update for one frame
04-11 12:49:32.702 D/NotificationService--OplusNotificationFixHelper( 3590): fixAppIcon: pkg=com.v2ray.ang
04-11 12:49:32.702 D/NotificationService--OplusNotificationFixHelper( 3590): fixAppIcon: appIcon = null, pkg = com.v2ray.ang
04-11 12:49:32.702 D/NotificationService--NotificationRecord( 3590): isSupportRearLight , isRearLight = false mLedRM = false isMultilLed = false
04-11 12:49:32.703 I/OplusStatusBarManagerServiceEnhance( 3590):  getTopIsFullscreen mTopIsFullscreen: false
04-11 12:49:32.703 W/ActivityManager( 3590): Permission Denial: getTopApplicationInfo from pid=18198, uid=10397 requires oplus.permission.OPLUS_COMPONENT_SAFE
04-11 12:49:32.704 E/OplusNotificationCenter( 3590): getForegroundApplication exception
04-11 12:49:32.704 D/NotificationService--OplusNotificationManagerServiceExtImpl( 3590): isForwardToAssistants: true, case : Is local notification
04-11 12:49:32.704 D/NotificationService( 3590): This application enqueue notifications is need postDelayed mcsAssistantDelayTime: 50
04-11 12:49:32.734 I/sensors-hal( 2113): handle_oplus_wise_rgb_event:161, wise_rgb: (54661)(cct, lux, ir)[6675.04, 204.53, 41.435616] (r, g, b, c)[9084.94, 6211.71, 4021.99, 17840.20]                 (pwm, hbm, brl, algo)[0.0 0.0 1361.0 2.0], flag 33087
04-11 12:49:32.735 I/AICCTModule( 3590): SensorFilter: brightness threshold 1.2 screenNit is 95.362 ave enviroment lux is 135.106 luxForNit 90.815475demarcationPoint200.0 result is false
04-11 12:49:32.735 I/AICCTModule( 3590): SensorFilter: findSecondNearestValue, sensorValue: 7379.969 nearestMaxValue:7419.379 secondNearestValue: 7419.379
04-11 12:49:32.735 I/AICCTModule( 3590): SensorFilter: findSecondNearestValue, sensorValue: 134.43054 nearestMaxValue:134.27321 secondNearestValue: 133.6508
04-11 12:49:32.752 W/ServiceManagerCppClient( 4482): Waited one second for SystemClearService (is service started? Number of threads started in the threadpool: 16. Are binder threads started and available?)
04-11 12:49:32.752 W/ServiceManagerCppClient( 4482): Waited one second for SystemClearService (is service started? Number of threads started in the threadpool: 16. Are binder threads started and available?)
04-11 12:49:32.753 W/libc    ( 1254): Unable to set property "ctl.interface_start" to "aidl/SystemClearService": PROP_ERROR_HANDLE_CONTROL_MESSAGE (0x20)
04-11 12:49:32.753 W/libc    ( 1254): Unable to set property "ctl.interface_start" to "aidl/SystemClearService": PROP_ERROR_HANDLE_CONTROL_MESSAGE (0x20)
04-11 12:49:32.759 I/SystemUi--Notification( 8338): OplusLiveAlertNotificationsRepository-->onRankingApplied
04-11 12:49:32.763 I/PluginSeedling--Track( 8338): RequestHandler-->notificationUpdated 0|com.v2ray.ang|1|null|10397 postTime: 1775882972702
04-11 12:49:32.763 E/LockScreenNotificationDispatcherImp( 8338): updateNotificationListOnKg size:0
04-11 12:49:32.765 W/SystemUi--Notification( 8338): OplusNotificationGroupExtImpl-->setChildrenExpanded: groupHeader is null
04-11 12:49:32.766 I/SystemUi--Notification( 8338): LockScreenNotificationDispatcherImp-->updateNotificationListOnKg resultCode: 0
04-11 12:49:32.767 D/BatteryChargeControl( 2280): bcc get no support from charging protocol
04-11 12:49:32.768 I/OplusHansManager ( 3590): uid=10295, pkg=com.sohu.inputmethod.sogou R FastFreeze is on, delay the transition to M until FastFreezerExit
04-11 12:49:32.768 D/AppSenseConfig(14034): getIgnoreAppList: [com.android.launcher, com.android.contacts, com.oplus.wirelesssettings, com.coloros.alarmclock, com.coloros.calculator, com.coloros.calendar, com.coloros.phonemanager, com.android.settings, com.android.phone, com.oplus.nas, com.oplus.nhs, com.oplus.appdetail, com.android.permissioncontroller, com.oplus.pscanvas, com.oplus.autotest.test.ctp, com.android.systemui, com.android.systemui.overlay.fingerprint.anim.fy, com.android.systemui.overlay.fingerprint.anim.qy, com.android.systemui.overlay.fingerprint.anim.sw, com.android.systemui.overlay.fingerprint.anim.xw, com.android.systemui.overlay.fingerprint.anim.ccyh, com.android.systemui.overlay.fingerprint.anim.halo, com.android.systemui.overlay.fingerprint.anim.jslz, com.android.systemui.overlay.fingerprint.anim.none, com.android.systemui.overlay.fingerprint.anim.xklc]
04-11 12:49:32.768 D/AppSenseConfig(14034): getIgnoreAppList: [com.android.launcher, com.android.contacts, com.oplus.wirelesssettings, com.coloros.alarmclock, com.coloros.calculator, com.coloros.calendar, com.coloros.phonemanager, com.android.settings, com.android.phone, com.oplus.nas, com.oplus.nhs, com.oplus.appdetail, com.android.permissioncontroller, com.oplus.pscanvas, com.oplus.autotest.test.ctp, com.android.systemui, com.android.systemui.overlay.fingerprint.anim.fy, com.android.systemui.overlay.fingerprint.anim.qy, com.android.systemui.overlay.fingerprint.anim.sw, com.android.systemui.overlay.fingerprint.anim.xw, com.android.systemui.overlay.fingerprint.anim.ccyh, com.android.systemui.overlay.fingerprint.anim.halo, com.android.systemui.overlay.fingerprint.anim.jslz, com.android.systemui.overlay.fingerprint.anim.none, com.android.systemui.overlay.fingerprint.anim.xklc]
04-11 12:49:32.768 D/AppSenseConfig(14034): getIgnoreAppList: [com.android.launcher, com.android.contacts, com.oplus.wirelesssettings, com.coloros.alarmclock, com.coloros.calculator, com.coloros.calendar, com.coloros.phonemanager, com.android.settings, com.android.phone, com.oplus.nas, com.oplus.nhs, com.oplus.appdetail, com.android.permissioncontroller, com.oplus.pscanvas, com.oplus.autotest.test.ctp, com.android.systemui, com.android.systemui.overlay.fingerprint.anim.fy, com.android.systemui.overlay.fingerprint.anim.qy, com.android.systemui.overlay.fingerprint.anim.sw, com.android.systemui.overlay.fingerprint.anim.xw, com.android.systemui.overlay.fingerprint.anim.ccyh, com.android.systemui.overlay.fingerprint.anim.halo, com.android.systemui.overlay.fingerprint.anim.jslz, com.android.systemui.overlay.fingerprint.anim.none, com.android.systemui.overlay.fingerprint.anim.xklc]
04-11 12:49:32.768 D/ActivityAdapter(14034): taskChange: pre: 1, cur: 1, changed:true
04-11 12:49:32.768 D/ActivityAdapter(14034): notifyActivityQuery: [com.binance.monitor; com.binance.monitor.ui.account.AccountStatsBridgeActivity; 1; COMMON; 10512]
04-11 12:49:32.768 D/OPlusFrontAppManager(14034): useAdapterResult, pkg=com.binance.monitor,activity=com.binance.monitor.ui.account.AccountStatsBridgeActivity,result=true
04-11 12:49:32.768 D/OPlusFrontAppManager(14034): decide -->> [com.binance.monitor; com.binance.monitor.ui.account.AccountStatsBridgeActivity; 1; COMMON; 10512]
04-11 12:49:32.768 D/ConferenceScene(14034): pkg:com.binance.monitor, activity:com.binance.monitor.ui.account.AccountStatsBridgeActivity, appSense:COMMON
04-11 12:49:32.768 D/ConferenceScene(14034): pkg:com.binance.monitor, activity:com.binance.monitor.ui.main.MainActivity, appSense:COMMON
04-11 12:49:32.768 D/Subsys-ScoreAppManager(14034): handleMessage what:2
04-11 12:49:32.769 D/Subsys-ScoreAppManager(14034): EVENT_ID_APP_SENSE_CHANGE  onFrontActivityChanged
04-11 12:49:32.769 D/CellMap/GameLatencyMapService(14034): handleAppSceneChange: [{pkgName:com.binance.monitor,activityName:,winMode:1,event:COMMON,type:0,subEvent:0,pid:12586,uid:10512}]
04-11 12:49:32.769 D/Subsys-ScoreAppManager(14034): appSceneChange fgAppUnits size 1 fgAppUnits [{pkgName:com.binance.monitor,activityName:,winMode:1,event:COMMON,type:0,subEvent:0,pid:12586,uid:10512}] mLastNetworkList[255, 264]
04-11 12:49:32.769 D/Subsys-ScoreAppManager(14034): createApp
04-11 12:49:32.769 D/Subsys-ScoreAppManager(14034): createApp
04-11 12:49:32.769 D/Subsys-ScoreAppManager(14034): unit: {pkgName:com.binance.monitor,activityName:,winMode:1,event:COMMON,type:0,subEvent:0,pid:12586,uid:10512}
04-11 12:49:32.769 D/CommonApp-255-10512(14034): DefaultState EVENT_SCENARIOS_CHANGE
04-11 12:49:32.769 D/CommonApp-255-10512(14034): scene=COMMON pn=com.binance.monitor
04-11 12:49:32.769 D/CommonApp-264-10512(14034): DefaultState EVENT_SCENARIOS_CHANGE
04-11 12:49:32.769 D/CommonApp-264-10512(14034): scene=COMMON pn=com.binance.monitor
04-11 12:49:32.769 D/CellMap/QoeMapService(14034): handleAppSceneChange: [{pkgName:com.binance.monitor,activityName:,winMode:1,event:COMMON,type:0,subEvent:0,pid:12586,uid:10512}]
04-11 12:49:32.769 D/CellMap/QoeMapService(14034): handleAppSceneChange update: 0
04-11 12:49:32.769 D/AtomHighLoadSenseInfo(14034): handleMessage what:1000
04-11 12:49:32.769 D/AtomHighLoadSenseInfo(14034): handleAppSenseChanged original mode:{live:0,video:0,voice call:0,video call:0,live host:0,meeting:0}
04-11 12:49:32.769 D/AtomHighLoadSenseInfo(14034): handleAppSenseChanged appInfoUnit:{pkgName:com.binance.monitor,activityName:,winMode:1,event:COMMON,type:0,subEvent:0,pid:12586,uid:10512}
04-11 12:49:32.769 D/AtomNetworkScoreInfo(14034): handleMessage: 1006
04-11 12:49:32.769 D/AtomNetworkScoreInfo(14034): top app size: 1
04-11 12:49:32.769 D/AtomNetworkScoreInfo(14034): Front app state: 1
04-11 12:49:32.769 D/AtomModemKpiInfo(14034): handleMessage what:1000
04-11 12:49:32.769 D/SceneService(14034): handleMessage what:1004
04-11 12:49:32.769 D/SceneService(14034): notifyAppSceneChanged original mode:{live:0,video:0,voice call:0,video call:0,live host:0,game:0,meeting:0,news:0,file transfer:0},appInfoUnit:[{pkgName:com.binance.monitor,activityName:,winMode:1,event:COMMON,type:0,subEvent:0,pid:12586,uid:10512}]
04-11 12:49:32.769 D/ExtremeCommService(14034): handleMessage what:1012
04-11 12:49:32.769 D/AppSenseClient( 3590): handleMessage: 100
04-11 12:49:32.769 D/AppSenseService(14034): notifySenseEvent: {pkgName:com.binance.monitor,activityName:com.binance.monitor.ui.account.AccountStatsBridgeActivity,winMode:1,event:COMMON,type:0,subEvent:0,pid:12586,uid:10512},
04-11 12:49:32.769 D/AppSenseClient( 3590): handleSenseEvent appInfoUnits: {pkgName:com.binance.monitor,activityName:com.binance.monitor.ui.account.AccountStatsBridgeActivity,winMode:1,event:COMMON,type:0,subEvent:0,pid:12586,uid:10512},
04-11 12:49:32.769 D/AppSenseClient( 3590): handleSenseEvent clients: 1
04-11 12:49:32.769 D/AppSenseClient( 3590): handleSenseEvent clientId: 224279445
04-11 12:49:32.769 D/AppSenseClient( 3590): notifyAppChanges: [{pkgName:com.binance.monitor,activityName:com.binance.monitor.ui.account.AccountStatsBridgeActivity,winMode:1,event:COMMON,type:0,subEvent:0,pid:12586,uid:10512}]
04-11 12:49:32.769 D/AppSenseClient(13839): handleMessage: 100
04-11 12:49:32.769 D/AppSenseClient( 8498): handleMessage: 100
04-11 12:49:32.769 D/ExtremeCommService(14034): updateAppInfo appInfoUnit: com.binance.monitor, winMode:1
04-11 12:49:32.769 D/AppSenseClient(13839): handleSenseEvent appInfoUnits: {pkgName:com.binance.monitor,activityName:com.binance.monitor.ui.account.AccountStatsBridgeActivity,winMode:1,event:COMMON,type:0,subEvent:0,pid:12586,uid:10512},
