--------- beginning of main
04-11 12:50:58.961  2181  2506 I SDM     : DisplayBuiltIn::IdlePowerCollapse: IPC received, disabling partial update for one frame
04-11 12:50:58.963  2181 26958 E CwbService: Panel not support apl read or getDisplayPanelAplValue timeout 10ms.
04-11 12:50:58.964  2258  2258 D SensorFeature: name=ssc_screenshot_info ,index = 22
04-11 12:50:58.964  2258  2258 D SensorFeature: write 39 bytes:930274312317161,930274366417213,33354,0
04-11 12:50:58.982 11972 12555 I discovery::core::moni..: DiscMonitor: [trace_id=38713522019]DiscoveryComponentStatus { adaptive_sdp_client_status: Some("{\"1\":null,\"0\":\"0.0.0.0\"}"), adaptive_sdp_server_status: None, network_interface_states: Some({}) }
04-11 12:50:59.007 15031 15220 D ShellSubscriberWorkerThread: the first 8 bytes empty, and RestData length > 8 
04-11 12:50:59.052  3438  4039 D QmiClient: qmiServiceEventCallback recv msg id 47
04-11 12:50:59.052  3438  4039 D QmiClient: enter -mServiceType 10 onQmiServiceEventCallback msgId 47
04-11 12:50:59.052  3438  4039 D QmiClient: onQmiServiceEventCallback - enter. msgId=47
04-11 12:50:59.052  3438  3488 D OttProxy: handleMessage msg is 3001
04-11 12:50:59.053 14034 14747 D SubsysRadioIndication[1]: radioLinkLatencyInfoInd
04-11 12:50:59.054 14034 14747 D SubsysRadioIndication[1]: notify enter
04-11 12:50:59.054 14034 14034 D NetworkService[1]: handleMessage what:1008
04-11 12:50:59.054 14034 14034 D NetworkService[1]: EVENT_REG_LINK_LATENCY_INFO_CHANGE ulLatency:8673
04-11 12:50:59.094 14695 14695 W dumpsys : Thread Pool max thread count is 0. Cannot cache binder as linkToDeath cannot be implemented. serviceName: gfxinfo
--------- beginning of system
04-11 12:50:59.095  3590  8442 D ActivityManager: freezer override set to true
04-11 12:50:59.096  3590  8442 D ActivityManager: pid 27799 com.coloros.alarmclock received async transactions while frozen
04-11 12:50:59.096  3590  7335 D ActivityManager: reportOneUidFrozenStateChanged uid 10294 frozen = false
04-11 12:50:59.097 27799 27799 D ActivityThread: Package [com.binance.monitor] reported as REPLACED, but missing application info. Assuming REMOVED.
04-11 12:50:59.098  3590  8442 D ActivityManager: sync unfroze 27799 com.coloros.alarmclock for 19
04-11 12:50:59.098  3590  8442 D ActivityManager: pid 12677 com.google.android.webview:webview_service received async transactions while frozen
04-11 12:50:59.098 27799 27799 D ActivityThread: Package [com.binance.monitor] reported as REPLACED, but missing application info. Assuming REMOVED.
04-11 12:50:59.098  3590  8442 D ActivityManager: sync unfroze 12677 com.google.android.webview:webview_service for 19
04-11 12:50:59.098  3590  8442 D ActivityManager: pid 14376 com.android.rkpdapp received async transactions while frozen
04-11 12:50:59.099  3590  8442 D ActivityManager: sync unfroze 14376 com.android.rkpdapp for 19
04-11 12:50:59.099  3590  8442 D ActivityManager: pid 16103 com.oplus.aiwriter received async transactions while frozen
04-11 12:50:59.099 12677 12677 D ActivityThread: Package [com.binance.monitor] reported as REPLACED, but missing application info. Assuming REMOVED.
04-11 12:50:59.099  3590  8442 D ActivityManager: sync unfroze 16103 com.oplus.aiwriter for 19
04-11 12:50:59.099  3590  8442 D ActivityManager: pid 17796 com.coloros.ocs.opencapabilityservice:ocs received async transactions while frozen
04-11 12:50:59.100  3590  8442 D ActivityManager: sync unfroze 17796 com.coloros.ocs.opencapabilityservice:ocs for 19
04-11 12:50:59.100  3590  8442 D ActivityManager: pid 15448 com.coloros.alarmclock:clockWidget received async transactions while frozen
04-11 12:50:59.100 12677 12677 D ActivityThread: Package [com.binance.monitor] reported as REPLACED, but missing application info. Assuming REMOVED.
04-11 12:50:59.101 14376 14376 D ActivityThread: Package [com.binance.monitor] reported as REPLACED, but missing application info. Assuming REMOVED.
04-11 12:50:59.101 16103 16103 D ActivityThread: Package [com.binance.monitor] reported as REPLACED, but missing application info. Assuming REMOVED.
04-11 12:50:59.101  3590  8442 D ActivityManager: sync unfroze 15448 com.coloros.alarmclock:clockWidget for 19
04-11 12:50:59.101  3590  8442 D ActivityManager: pid 21483 com.android.cellbroadcastreceiver.module received async transactions while frozen
04-11 12:50:59.101 14376 14376 D ActivityThread: Package [com.binance.monitor] reported as REPLACED, but missing application info. Assuming REMOVED.
04-11 12:50:59.101 15448 15448 D ActivityThread: Package [com.binance.monitor] reported as REPLACED, but missing application info. Assuming REMOVED.
04-11 12:50:59.101 15448 15448 D ActivityThread: Package [com.binance.monitor] reported as REPLACED, but missing application info. Assuming REMOVED.
04-11 12:50:59.101  3590  8442 D ActivityManager: sync unfroze 21483 com.android.cellbroadcastreceiver.module for 19
04-11 12:50:59.101  3590  8442 D ActivityManager: pid 22292 com.google.android.projection.gearhead:shared received async transactions while frozen
04-11 12:50:59.102  2113 17862 I sensors-hal: handle_oplus_wise_rgb_event:161, wise_rgb: (56186)(cct, lux, ir)[6646.32, 201.76, 41.038834] (r, g, b, c)[8937.92, 6114.93, 3949.14, 17581.45]                 (pwm, hbm, brl, algo)[0.0 0.0 1361.0 2.0], flag 33354
04-11 12:50:59.102  3590  8442 D ActivityManager: sync unfroze 22292 com.google.android.projection.gearhead:shared for 19
04-11 12:50:59.102  3590  8442 D ActivityManager: pid 27126 com.android.providers.calendar received async transactions while frozen
04-11 12:50:59.102 16103 16103 D ActivityThread: Package [com.binance.monitor] reported as REPLACED, but missing application info. Assuming REMOVED.
04-11 12:50:59.102 17796 17796 D ActivityThread: Package [com.binance.monitor] reported as REPLACED, but missing application info. Assuming REMOVED.
04-11 12:50:59.102  3590  8442 D ActivityManager: sync unfroze 27126 com.android.providers.calendar for 19
04-11 12:50:59.102  3590  8442 D ActivityManager: pid 27201 com.heytap.htms:kit_hlog received async transactions while frozen
04-11 12:50:59.102 21483 21483 D ActivityThread: Package [com.binance.monitor] reported as REPLACED, but missing application info. Assuming REMOVED.
04-11 12:50:59.102 17796 17796 D ActivityThread: Package [com.binance.monitor] reported as REPLACED, but missing application info. Assuming REMOVED.
04-11 12:50:59.102 21483 21483 D ActivityThread: Package [com.binance.monitor] reported as REPLACED, but missing application info. Assuming REMOVED.
04-11 12:50:59.103  3590  8442 D ActivityManager: sync unfroze 27201 com.heytap.htms:kit_hlog for 19
04-11 12:50:59.103  3590  8442 D ActivityManager: pid 10944 com.heytap.htms received async transactions while frozen
04-11 12:50:59.103 22292 22292 D ActivityThread: Package [com.binance.monitor] reported as REPLACED, but missing application info. Assuming REMOVED.
04-11 12:50:59.103 27126 27126 D ActivityThread: Package [com.binance.monitor] reported as REPLACED, but missing application info. Assuming REMOVED.
04-11 12:50:59.103 22292 22292 D ActivityThread: Package [com.binance.monitor] reported as REPLACED, but missing application info. Assuming REMOVED.
04-11 12:50:59.104 27126 27126 D ActivityThread: Package [com.binance.monitor] reported as REPLACED, but missing application info. Assuming REMOVED.
04-11 12:50:59.104 27201 27201 D ActivityThread: Package [com.binance.monitor] reported as REPLACED, but missing application info. Assuming REMOVED.
04-11 12:50:59.104 10944 10944 D ActivityThread: Package [com.binance.monitor] reported as REPLACED, but missing application info. Assuming REMOVED.
04-11 12:50:59.104  3590  8442 D ActivityManager: sync unfroze 10944 com.heytap.htms for 19
04-11 12:50:59.105  3590  8442 D ActivityManager: pid 27289 com.heytap.htms:sysintegrity received async transactions while frozen
04-11 12:50:59.105 10944 10944 D ActivityThread: Package [com.binance.monitor] reported as REPLACED, but missing application info. Assuming REMOVED.
04-11 12:50:59.105 27201 27201 D ActivityThread: Package [com.binance.monitor] reported as REPLACED, but missing application info. Assuming REMOVED.
04-11 12:50:59.105  3590  8442 D ActivityManager: sync unfroze 27289 com.heytap.htms:sysintegrity for 19
04-11 12:50:59.105 27289 27289 I env_LocationStrategy: location change
04-11 12:50:59.106  3590  8442 D ActivityManager: freezer override callers: 14695/2000 com.android.server.am.ActivityManagerService$GraphicsBinder.dump:2380 android.os.Binder.doDump:1085 android.os.Binder.dump:1075 android.os.Binder.onTransact:945 android.os.Binder.execTransactInternal:1444 
04-11 12:50:59.106 27289 27289 D ActivityThread: Package [com.binance.monitor] reported as REPLACED, but missing application info. Assuming REMOVED.
04-11 12:50:59.106  3590  7335 D ActivityManager: reportOneUidFrozenStateChanged uid 10265 frozen = false
04-11 12:50:59.106 27289 27289 D ActivityThread: Package [com.binance.monitor] reported as REPLACED, but missing application info. Assuming REMOVED.
04-11 12:50:59.106  3590  7335 D ActivityManager: reportOneUidFrozenStateChanged uid 10290 frozen = false
04-11 12:50:59.106  3590  7335 D ActivityManager: reportOneUidFrozenStateChanged uid 10439 frozen = false
04-11 12:50:59.106  3590  7335 D ActivityManager: reportOneUidFrozenStateChanged uid 10177 frozen = false
04-11 12:50:59.106  3590  7335 D ActivityManager: reportOneUidFrozenStateChanged uid 10276 frozen = false
04-11 12:50:59.107  3590  7335 D ActivityManager: reportOneUidFrozenStateChanged uid 10264 frozen = false
04-11 12:50:59.107  3590  7335 D ActivityManager: reportOneUidFrozenStateChanged uid 10202 frozen = false
04-11 12:50:59.107  3590  7335 D ActivityManager: reportOneUidFrozenStateChanged uid 10176 frozen = false
04-11 12:50:59.111  3590  8442 D ActivityManager: freezer override set to false
04-11 12:50:59.112  3590  8442 D ActivityManager: Async freezing 27799 com.coloros.alarmclock
04-11 12:50:59.112  3590  8442 D ActivityManager: Async freezing 12677 com.google.android.webview:webview_service
04-11 12:50:59.112  3590  8442 D ActivityManager: Async freezing 14376 com.android.rkpdapp
04-11 12:50:59.112  3590  8442 D ActivityManager: Async freezing 16103 com.oplus.aiwriter
04-11 12:50:59.112  3590  8442 D ActivityManager: Async freezing 17796 com.coloros.ocs.opencapabilityservice:ocs
04-11 12:50:59.112  3590  8442 D ActivityManager: Async freezing 15448 com.coloros.alarmclock:clockWidget
04-11 12:50:59.112 15448 15448 D ClockTag_AlarmClockApplication: onTrimMemory: 40
04-11 12:50:59.112  3590  8442 D ActivityManager: Async freezing 21483 com.android.cellbroadcastreceiver.module
04-11 12:50:59.112  3590  8442 D ActivityManager: Async freezing 22292 com.google.android.projection.gearhead:shared
04-11 12:50:59.112  3590  8442 D ActivityManager: Async freezing 27126 com.android.providers.calendar
04-11 12:50:59.112  3590  8442 D ActivityManager: Async freezing 27201 com.heytap.htms:kit_hlog
04-11 12:50:59.112  3590  8442 D ActivityManager: Async freezing 10944 com.heytap.htms
04-11 12:50:59.112  3590  8442 D ActivityManager: Async freezing 27289 com.heytap.htms:sysintegrity
04-11 12:50:59.112  3590  8442 D ActivityManager: freezer override callers: 14695/2000 com.android.server.am.ActivityManagerService$GraphicsBinder.dump:2386 android.os.Binder.doDump:1085 android.os.Binder.dump:1075 android.os.Binder.onTransact:945 android.os.Binder.execTransactInternal:1444 
04-11 12:50:59.119 27799 27799 D ClockTag_AlarmClockApplication: onTrimMemory: 40
04-11 12:50:59.122  1311  1311 E KeymasterUtils: IKMHal_sendCmd failed with rsp_header->status: -28
04-11 12:50:59.122  1311  1311 E KeyMasterHalDevice: abort_operation
04-11 12:50:59.122  1311  1311 E KeyMasterHalDevice: ret: -28
04-11 12:50:59.123 27289 14724 I env_srp-trust-env: runByDay lastCalcTime:2026-04-11 00:00:00
04-11 12:50:59.204  2399  3162 D VRR [OTI]: handleIdle from 1 to 0
04-11 12:50:59.204  2399  3162 D VRR [OTI-HW]: isStateReady 0
04-11 12:50:59.204  2399  3162 D VRR [OTI-HW]: keep rate.
04-11 12:50:59.204  3590  3863 D PowerManagerService: userActivityNoUpdateLocked: groupId=0, eventTime=882418577, event=touch, flags=0x0, uid=1000
04-11 12:50:59.205  3590  8031 D GestureLog_OplusMultiPointerDetector: onTouchEvent------>start, mCurNumPointers=1, mCurrStatus=0 mIsDownIntervalTimeout=true, action=0 downTime=882418577 deviceId=-1
04-11 12:50:59.205  3590  8291 I [UAH_CLIENT]: UahEventAcquire, cmdid:37, pkg:none, identity:OplusUAwareInputHelper
04-11 12:50:59.206  3590  3863 D PowerManagerService: userActivityNoUpdateLocked: groupId=0, eventTime=882418577, event=touch, flags=0x0, uid=1000
04-11 12:50:59.206  3590  8291 D UAH-UahAdaptHelper: adaptSetNotification identity = OplusUAwareInputHelpersrc = 1000 , type 0 ,p1 = -1 ,p2 = -1 ,p3 = -1 ,p4 =
04-11 12:50:59.206  3590  8291 I [UAH_CLIENT]: uahRuleCtl, ruleId:1000, status:0
04-11 12:50:59.207 14400 14400 D OplusActivityThreadExtImpl: init method, sSupressionGC = public static native void dalvik.system.VMRuntime.SupressionGC(int,int), sDesupressionGC = public static native void dalvik.system.VMRuntime.DesupressionGC(int)
04-11 12:50:59.207 14400 14400 E IJankManager: slideSceneEnd unknown scene 1000 mScene:-1
04-11 12:50:59.209 14400 14400 D ViewExtract: [OplusViewExtractManager] OplusViewExtractManager init com.binance.monitor
04-11 12:50:59.210  3590  3863 D PowerManagerService: userActivityNoUpdateLocked: groupId=0, eventTime=882418577, event=touch, flags=0x0, uid=1000
04-11 12:50:59.210  3590  8291 D UAH-UahAdaptHelper: adaptSetNotification identity = OplusUAwareInputHelpersrc = 1000 , type 1 ,p1 = -1 ,p2 = -1 ,p3 = -1 ,p4 =
04-11 12:50:59.210 14400 14400 D OplusInputMethodManagerInternal: get inputMethodManager extension: com.android.internal.view.IInputMethodManager$Stub$Proxy@8903f5d
04-11 12:50:59.210  3590  8291 I [UAH_CLIENT]: uahRuleCtl, ruleId:1000, status:1
04-11 12:50:59.210  3590  3863 D PowerManagerService: userActivityNoUpdateLocked: groupId=0, eventTime=882418577, event=touch, flags=0x0, uid=1000
04-11 12:50:59.211 14400 14400 D OplusViewDragTouchViewHelper: dispatchTouchView action = 1
04-11 12:50:59.211 14400 14400 D ViewRootImplExtImpl: the up motion event handled by client, just return
04-11 12:50:59.214  3590  7998 I [UAH_CLIENT]: UahEventAcquire, cmdid:2, pkg:none, identity:com.android.server.wm
04-11 12:50:59.215  3590  9001 D WindowManager: NFW_setClientVisible:ActivityRecord{78549549 u0 com.binance.monitor/.ui.account.AccountStatsBridgeActivity clientVisible:true
04-11 12:50:59.215  3590  9001 V GrammaticalInflectionUtils: AttributionSource: android.content.AttributionSource@1020978a does not have READ_SYSTEM_GRAMMATICAL_GENDER permission.
04-11 12:50:59.215  3590  9001 D OplusCompatModeManagerService: getRequestedConfigurationOrientation  res:1,req:1,config.old:0,config.new:0,ActivityRecord{78549549 u0 com.binance.monitor/.ui.account.AccountStatsBridgeActivity t-1}
04-11 12:50:59.215  3590  9001 D OplusCompatModeManagerService:  onPreActivityRecordConfigurationChanged {0.0 ?mcc??mnc ?localeList ?layoutDir ?swdp ?wdp ?hdp ?density ?lsize ?long ?ldr ?wideColorGamut ?orien ?uimode ?night ?touch ?keyb/?/? ?nav/? winConfig={ mBounds=Rect(0, 0 - 0, 0) mAppBounds=null mMaxBounds=Rect(0, 0 - 0, 0) mDisplayRotation=undefined mWindowingMode=undefined mActivityType=undefined mAlwaysOnTop=undefined mRotation=undefined} ?fontWeightAdjustmentmThemeChanged= 0, mThemeChangedFlags= 0, mFlipFont= 0, mScenario= -1, mAccessibleChanged= 0, mUxIconConfig= 0, mMaterialColor= ffffffffffffffff, mUserId= -1, mFontUserId= -1, mFontVariationSettings= ffffffff, mFoldingAngle = -1.0, mIconPackName= , mDarkModeBackgroundMaxL= -1.0, mDarkModeDialogBgMaxL= -1.0, mDarkModeForegroundMinL= -1.0, mOplusConfigType= 0, mOplusChangedConfigs= 0, OpSans= -1, mBurmeseFontFlag= -1, mFlag= 0, mExtraFlag= 0, mFlexibleActivitySuitable= -1, mPuttDisplayFlag= -1}
04-11 12:50:59.215  3590  9001 D OplusCompatModeManagerService:  disable:true,valid:false,computeReq:1,isGameRatio:false
04-11 12:50:59.215  3590  9001 D OplusCompatModeManagerService:  getOverrideMinAspectRatioForCompatMode: 0.0 getRawOverrideMinAspectRatioForCompatMode: 0.0
04-11 12:50:59.215  3590  9001 D OplusCompatModeManagerService:  ar : ActivityRecord{78549549 u0 com.binance.monitor/.ui.account.AccountStatsBridgeActivity t-1} displayId:-1 inCompatMode: false
04-11 12:50:59.215  3590  9001 D OplusCompatModeManagerService: isDefaultDisplay true oldRect: Rect(0, 0 - 0, 0) newRect Rect(0, 0 - 0, 0)
04-11 12:50:59.215  3590  9001 D OplusCompatModeManagerService: reloadCompactRatio mParWorldContainer.isEnabledParallelWindow(pkg):false,mParWorldContainer.isDisabledCompactWindow:false,isUIAutoLayout:false, isFullOrientation: false
04-11 12:50:59.216  3590  9001 D FlexibleTaskController: isSupportFlexibleWindow target = com.binance.monitor/.ui.account.AccountStatsBridgeActivity callPkg = FlexibleTaskController support = true ,caller = 3590
04-11 12:50:59.216  3590  9001 D ActivityStarterExtImpl: checkOpMode: 3
04-11 12:50:59.216  3590  3830 W QosScheduler: executeSceneQosStrategy failed! qos feature no enable
04-11 12:50:59.216  3590  9001 D FlexibleWindowManagerService: isIgnoreAppearedAcrossTask:false
04-11 12:50:59.216  3590  9001 D ActivityStarterExtImpl: setForceUpdateWindow, targetTask = Task{59726ef #13174 type=standard A=10512:com.binance.monitor} r = ActivityRecord{78549549 u0 com.binance.monitor/.ui.account.AccountStatsBridgeActivity t-1} notFinish =false
04-11 12:50:59.216  3590  9001 D FlexibleWindowManagerService: isIgnoreAppearedAcrossTask:false
04-11 12:50:59.216  3590  9001 D FlexibleTaskController: adjustOptionsForFlexibleTask skip adjust options reason:4
04-11 12:50:59.216  3590  9001 I InsensibleTaskController: adjustOptionsForInsensibleTask targetTask is resuse so not pureInsensibleOptions
04-11 12:50:59.216  3590  9001 D FlexibleTaskController: isSupportFlexibleWindow target = com.binance.monitor/.ui.account.AccountStatsBridgeActivity callPkg = FlexibleTaskController support = true ,caller = 3590
04-11 12:50:59.216  3590  9001 D FlexibleWindowManagerService: no reused task found for ActivityRecord{78549549 u0 com.binance.monitor/.ui.account.AccountStatsBridgeActivity t-1}
04-11 12:50:59.217  3590  9001 D ActivityStarterExtImpl: isLaunchingRootActivity = false
04-11 12:50:59.217  3590  9001 D ActivityStarterExtImpl: resume targetTask isVisibleRequested is true or in SkipCheckedList, need resume:targetTask=Task{59726ef #13174 type=standard A=10512:com.binance.monitor}
04-11 12:50:59.217  3590  8480 I OPM     : handleActivityStart : ActivityRecord{78549549 u0 com.binance.monitor/.ui.account.AccountStatsBridgeActivity t-1}
04-11 12:50:59.217  3590  9001 D OplusCompatModeManagerService: getRequestedConfigurationOrientation  res:1,req:1,config.old:0,config.new:1,ActivityRecord{78549549 u0 com.binance.monitor/.ui.account.AccountStatsBridgeActivity t13174}
04-11 12:50:59.217  3590  9001 D OplusCompatModeManagerService:  onPreActivityRecordConfigurationChanged {1.15 ??mcc??mnc [zh_CN,en_US] ldltr sw361dp w361dp h794dp 560dpi nrml long hdr widecg port night finger -keyb/v/h -nav/h winConfig={ mBounds=Rect(0, 0 - 1264, 2780) mAppBounds=Rect(0, 0 - 1264, 2780) mMaxBounds=Rect(0, 0 - 1264, 2780) mDisplayRotation=ROTATION_0 mWindowingMode=fullscreen mActivityType=standard mAlwaysOnTop=undefined mRotation=ROTATION_0} as.10 s.12661 fontWeightAdjustment=0mThemeChanged= 1, mThemeChangedFlags= 1, mFlipFont= 0, mScenario= 0, mAccessibleChanged= -1, mUxIconConfig= 1e177014640920, mMaterialColor= 100040017, mUserId= 0, mFontUserId= 0, mFontVariationSettings= 11d7, mFoldingAngle = -1.0, mIconPackName= , mDarkModeBackgroundMaxL= 8.0, mDarkModeDialogBgMaxL= 27.0, mDarkModeForegroundMinL= 100.0, mOplusConfigType= 1, mOplusChangedConfigs= 0, OpSans= -1, mBurmeseFontFlag= 2, mFlag= 0, mExtraFlag= 0, mFlexibleActivitySuitable= -1, mPuttDisplayFlag= -1}
04-11 12:50:59.217  3590  9001 D OplusCompatModeManagerService:  disable:true,valid:false,computeReq:1,isGameRatio:false
04-11 12:50:59.217  3590  9001 D OplusCompatModeManagerService:  getOverrideMinAspectRatioForCompatMode: 0.0 getRawOverrideMinAspectRatioForCompatMode: 0.0
04-11 12:50:59.217  3590  9001 D OplusCompatModeManagerService:  ar : ActivityRecord{78549549 u0 com.binance.monitor/.ui.account.AccountStatsBridgeActivity t13174} displayId:0 inCompatMode: false
04-11 12:50:59.217  3590  9001 D OplusCompatModeManagerService: isDefaultDisplay true oldRect: Rect(0, 0 - 0, 0) newRect Rect(0, 0 - 1264, 2780)
04-11 12:50:59.217  3590  9001 D OplusCompatModeManagerService: reloadCompactRatio mParWorldContainer.isEnabledParallelWindow(pkg):false,mParWorldContainer.isDisabledCompactWindow:false,isUIAutoLayout:false, isFullOrientation: false
04-11 12:50:59.218  3590  9001 D SecondaryPageStartupPolicy: checkSecondaryPageStartupStatus not support sourcePackage=com.binance.monitor
04-11 12:50:59.218  3590  9001 D OplusStartingWindowManager: we don't revise window flags for third app
04-11 12:50:59.218  3590  9001 D ActivityTaskManager: validateStartingWindowTheme:  Pkg=com.binance.monitor, Translucent=false, Floating=false, ShowWallpaper=false, Disable=false, LaunchSource=4, Prev=null, LaunchedFromPackage=com.binance.monitor
04-11 12:50:59.218  3590  9001 D ActivityTaskManager: addStartingWindow for ActivityRecord{78549549 u0 com.binance.monitor/.ui.account.AccountStatsBridgeActivity t13174}, mainWin=null, state=INITIALIZING, isKeyguardLocked=false, isKeyguardGoingAway=false
04-11 12:50:59.218  3590  9001 D ActivityTaskManager: getStartingWindowType: , newTask=false, taskSwitch=false, processRunning=true, allowTaskSnapshot=true, activityCreated=false, activityAllDrawn=false, snapshot exist: false
04-11 12:50:59.218  3590  9001 D ActivityRecordExtImpl: handleStartingWindowForCompactWindow origin type:0, adjustType : 0
04-11 12:50:59.218  3590  9001 D OplusWindowAnimationManager: applyNoAnimationForResumed resumed: ActivityRecord{2782594 u0 com.binance.monitor/.ui.main.MainActivity t13174}
04-11 12:50:59.218  3590  9001 D ActivityTrigger: ActivityTrigger activityPauseTrigger 
04-11 12:50:59.221  3590  9001 I ActivityTaskManager: START u0 {flg=0x24000000 xflg=0x4 cmp=com.binance.monitor/.ui.account.AccountStatsBridgeActivity mCallingUid=10512} with LAUNCH_MULTIPLE from uid 10512 (sr=2782594) (BAL_ALLOW_VISIBLE_WINDOW (callingUid has visible window)) result code=0
04-11 12:50:59.221  8338  8381 V WindowManagerShell: Transition requested (#27149): android.os.BinderProxy@31f7e3 TransitionRequestInfo { type = OPEN, triggerTask = TaskInfo{userId=0 taskId=13174 effectiveUid=10512 displayId=0 isRunning=true baseIntent=Intent { flg=0x10000000 cmp=com.binance.monitor/.ui.main.MainActivity mCallingUid=2000 } baseActivity=ComponentInfo{com.binance.monitor/com.binance.monitor.ui.main.MainActivity} topActivity=ComponentInfo{com.binance.monitor/com.binance.monitor.ui.account.AccountStatsBridgeActivity} origActivity=null realActivity=ComponentInfo{com.binance.monitor/com.binance.monitor.ui.main.MainActivity}
04-11 12:50:59.221  8338  8381 V WindowManagerShell:  numActivities=2 lastActiveTime=930274632 supportsSplitScreenMultiWindow=true supportsMultiWindow=true supportsPocketStudioMultiWindow=true isInFlexibleEmbedded = false uid = 10512 pid = 0 resizeMode=1 isResizeable=true minWidth=-1 minHeight=-1 defaultMinSize=220 token=WCT{android.window.IWindowContainerToken$Stub$Proxy@b5fe5e0} topActivityType=1 pictureInPictureParams=null shouldDockBigOverlays=false launchIntoPipHostTaskId=-1 lastParentTaskIdBeforePip=-1 displayCutoutSafeInsets=Rect(0, 0 - 0, 0)
04-11 12:50:59.221  8338  8381 V WindowManagerShell:  topActivityInfo=ActivityInfo{b1f5099 com.binance.monitor.ui.account.AccountStatsBridgeActivity} launchCookies=[] positionInParent=Point(0, 0) parentTaskId=-1 isFocused=true isVisible=true isVisibleRequested=true isTopActivityNoDisplay=false isSleeping=false locusId=null displayAreaFeatureId=1 isTopActivityTransparent=false isActivityStackTransparent=false lastNonFullscreenBounds=Rect(330, 828 - 935, 2092) capturedLink=null capturedLinkTimestamp=0 requestedVisibleTypes=-9 topActivityRequestOpenInBrowserEducationTimestamp=0
04-11 12:50:59.221  8338  8381 V WindowManagerShell:  appCompatTaskInfo=AppCompatTaskInfo { topActivityInSizeCompat=false topActivityInOplusCompatMode=false eligibleForLetterboxEducation= false isLetterboxEducationEnabled= false isLetterboxDoubleTapEnabled= false eligibleForUserAspectRatioButton= false topActivityBoundsLetterboxed= false isFromLetterboxDoubleTap= false topActivityLetterboxVerticalPosition= -1 topActivityLetterboxHorizontalPosition= -1 topActivityLetterboxWidth=-1 topActivityLetterboxHeight=-1 topActivityAppBounds=Rect(0, 140 - 1264, 2780) isUserFullscreenOverrideEnabled=false isSystemFullscreenOverrideEnabled=false hasMinAspectRatioOverride=false topActivityLetterboxBounds=null cameraCompatTaskInfo=CameraCompatTaskInfo { freeformCameraCompatMode=inactive}} topActivityMainWindowFrame=null topActivityLetterboxInsets=Rect(0, 0 - 0, 0)
04-11 12:50:59.221  8338  8381 V WindowManagerShell:  mOplusExtraBundle = Bundle[mParcelledData.dataSize=1540]}, pipChange = null, remoteTransition = null, displayChange = null, flags = 0, debugId = 27149 }
04-11 12:50:59.221  8338  8381 D ShellSplitScreen: logExit: no-op, mLoggerSessionId is null
04-11 12:50:59.222  3590  3796 I TaskOrganizerController: onTaskInfoChanged taskid 13174 config { mBounds=Rect(0, 0 - 1264, 2780) mAppBounds=Rect(0, 0 - 1264, 2780) mMaxBounds=Rect(0, 0 - 1264, 2780) mDisplayRotation=ROTATION_0 mWindowingMode=fullscreen mActivityType=standard mAlwaysOnTop=undefined mRotation=ROTATION_0}
04-11 12:50:59.222  3590  3796 D OplusFlexibleDragToSplitAnimController: visibleFlexibleTaskInfos delete:13174
04-11 12:50:59.222  3590  3796 E FlexibleWindowManagerService: notifyTaskObserverToAttachController not need to notify!
04-11 12:50:59.222  3590  3796 I FlexibleWindowManagerService: onFlexibleWindowTaskInfoChanged, return for cur task not embedded
04-11 12:50:59.222  8338  8381 D ShellTaskOrganizerExt: visibleFlexibleTaskInfos delete:13174
04-11 12:50:59.222  8338  8381 D ShellTaskOrganizerExt: isOnCanvas size:0
04-11 12:50:59.222  8338  8381 D ShellTaskOrganizerExt: isOnThreeFlexibleCanvas size:0
04-11 12:50:59.224  3590  3647 I OplusAccessController: enter isIgnoreAppSwitchActivity
04-11 12:50:59.224  3590  3647 I OplusAccessController: enter isIgnoreAppSwitchActivity and intent != null
04-11 12:50:59.224  3590  3647 I OplusAccessController: enter isIgnoreAppSwitchActivity and componentName != null
04-11 12:50:59.224  3590  3647 I OplusAccessController: enter isIgnoreAppSwitchActivity and packageName&activity is not Empty
04-11 12:50:59.225  3590  3647 D RefreshRate: boostRefreshId choose max:currentRefreshRate:90.0 targetRefreshRate:60.0 mCurrentPickRate:90.0
04-11 12:50:59.225  3590  3647 D RefreshRate: Trigger app switch boost, ar=ActivityRecord{78549549 u0 com.binance.monitor/.ui.account.AccountStatsBridgeActivity t13174},currDisplayRate=90.0,boostId=1
04-11 12:50:59.225  3590  3647 D RefreshRate: setDisplayConfigSpecs complete: targetMode={id=3, width=1264, height=2780, fps=90.0, vsync=90.0, synthetic=false, alternativeRefreshRates=[60.000004, 120.00001, 120.00001], supportedHdrTypes=[1, 2, 3, 4]},srcMode={id=3, width=1264, height=2780, fps=90.0, vsync=90.0, synthetic=false, alternativeRefreshRates=[60.000004, 120.00001, 120.00001], supportedHdrTypes=[1, 2, 3, 4]},sfModId=2,rate=90.0
04-11 12:50:59.225  3590  3647 D RefreshRate: startAppSwitchBoost targetMode={id=3, width=1264, height=2780, fps=90.0, vsync=90.0, synthetic=false, alternativeRefreshRates=[60.000004, 120.00001, 120.00001], supportedHdrTypes=[1, 2, 3, 4]} record=ActivityRecord{78549549 u0 com.binance.monitor/.ui.account.AccountStatsBridgeActivity t13174}: votes=PRIORITY_START_ANIMATION_BOOST -> Vote{mRefreshRate=90.0, mMinRefreshRate=90.0, mRequestSource=null};PRIORITY_WINDOW_REQUEST -> Vote{mRefreshRate=90.0, mMinRefreshRate=90.0, mRequestSource=null};
04-11 12:50:59.225  3590  3875 D RefreshRate: do setDisplayConfigSpecs  
04-11 12:50:59.225  3590  3647 I ActivityTaskManager: The Process com.binance.monitor Already Exists in BG. So sending its PID: 14400
04-11 12:50:59.225  2399  2620 D SurfaceFlinger: VRR [SurfaceFlinger] setDesiredDisplayModeSpecs, from process 3590, 2, 0, primaryRanges = [ 90.000000, 90.000000, 90.000000, 90.000000 ], appRequestRanges = [ 90.000000, 90.000000, 90.000000 90.000000 ]
04-11 12:50:59.225  3590  3875 D DisplayModeDirector: setAppRequest displayId : 0  modeId: 3  requestedRefreshRate: 90.0  requestedMinRefreshRateRange: 90.0  requestedMaxRefreshRateRange: 90.0
04-11 12:50:59.225  3590  3647 D ActivityTaskManager: setAppVisibility(Token{ddf1cf3 ActivityRecord{78549549 u0 com.binance.monitor/.ui.account.AccountStatsBridgeActivity t13174}}, visible=true):  visible=false mVisibleRequested=false
04-11 12:50:59.225  3590  3647 D ActivityTaskManager: setVisibility(Token{ddf1cf3 ActivityRecord{78549549 u0 com.binance.monitor/.ui.account.AccountStatsBridgeActivity t13174}}, visible=true) defer commitVisibility for transition collecting
04-11 12:50:59.225  3590  3647 D ActivityTaskManager: setAppVisibility(Token{b1295fc ActivityRecord{2782594 u0 com.binance.monitor/.ui.main.MainActivity t13174}}, visible=false):  visible=true mVisibleRequested=true
04-11 12:50:59.225  3590  3647 D ActivityTaskManager: setVisibility(Token{b1295fc ActivityRecord{2782594 u0 com.binance.monitor/.ui.main.MainActivity t13174}}, visible=false) defer commitVisibility for transition collecting
04-11 12:50:59.225  3590  3647 D FlexibleTaskController: isFullToFlexibleAnimating: false
04-11 12:50:59.225  3590  3647 D WindowManager: rotation(ROTATION_0) no changed  displayId = 0, lastOrientation = 1
04-11 12:50:59.225  3590  3647 I TaskOrganizerController: onTaskInfoChanged taskid 13174 config { mBounds=Rect(0, 0 - 1264, 2780) mAppBounds=Rect(0, 0 - 1264, 2780) mMaxBounds=Rect(0, 0 - 1264, 2780) mDisplayRotation=ROTATION_0 mWindowingMode=fullscreen mActivityType=standard mAlwaysOnTop=undefined mRotation=ROTATION_0}
04-11 12:50:59.226  3590  3647 D OplusVisibleTasks:  notifyTasksNumChange no need to notify.
04-11 12:50:59.226  3590  3647 D OplusFlexibleDragToSplitAnimController: visibleFlexibleTaskInfos delete:13174
04-11 12:50:59.226  3590  3647 E FlexibleWindowManagerService: notifyTaskObserverToAttachController not need to notify!
04-11 12:50:59.226  3590  3647 I FlexibleWindowManagerService: onFlexibleWindowTaskInfoChanged, return for cur task not embedded
04-11 12:50:59.226  3590  3647 D ActivityTaskManager: setAppVisibility(Token{ddf1cf3 ActivityRecord{78549549 u0 com.binance.monitor/.ui.account.AccountStatsBridgeActivity t13174}}, visible=true):  visible=false mVisibleRequested=true
04-11 12:50:59.226  3590  3647 D ActivityTaskManager: setVisibility(Token{ddf1cf3 ActivityRecord{78549549 u0 com.binance.monitor/.ui.account.AccountStatsBridgeActivity t13174}}, visible=true) defer commitVisibility for transition collecting
04-11 12:50:59.226  8338  8381 D ShellTaskOrganizerExt: visibleFlexibleTaskInfos delete:13174
04-11 12:50:59.226  8338  8381 D ShellTaskOrganizerExt: isOnCanvas size:0
04-11 12:50:59.226  8338  8381 D ShellTaskOrganizerExt: isOnThreeFlexibleCanvas size:0
04-11 12:50:59.226  3590  3647 E OplusDexOptimizeManager: pkgSetting or primaryCpuAbi is null for package: com.binance.monitor
04-11 12:50:59.226  3590  3647 D OplusFeatureColorMode: ColorMode getColorMode =0
04-11 12:50:59.226  3590  3647 D ColorDisplayServiceExtImpl: getWCGVersion1App, packageName=com.binance.monitor, sSupportWCG1 = true, sSupportWCG3 = false, nRet = 0
04-11 12:50:59.226  3590  8480 I OPM     : handlePackageLaunched pkg: com.binance.monitor, uid: 10512, pid: 14400
04-11 12:50:59.226  3590  3647 D ActivityTaskManager: NFW_setLastResumedActivityUncheckLocked:true r:ActivityRecord{78549549 u0 com.binance.monitor/.ui.account.AccountStatsBridgeActivity t13174} currentFocus:Window{f3a652c u0 com.binance.monitor/com.binance.monitor.ui.main.MainActivity}
04-11 12:50:59.226  3590  3647 D WindowManager: NFW_findFocusedWindowIfNeeded:null mCurrentFocus:Window{f3a652c u0 com.binance.monitor/com.binance.monitor.ui.main.MainActivity}
04-11 12:50:59.226  3590  3647 V WindowManager: Changing focus from Window{f3a652c u0 com.binance.monitor/com.binance.monitor.ui.main.MainActivity} to null,diplayid=0
04-11 12:50:59.226 14400 14461 D ColorModeChangeItem: preExecute mColorMode=0
04-11 12:50:59.226  3590  3647 D InsetsSourceProvider: updateSourceFrameForServerVisibility mandatorySystemGestures EMPTY_RECT
04-11 12:50:59.227  3590  3647 D DisplayModeDirector: setAppRequest displayId : 0  modeId: 3  requestedRefreshRate: 0.0  requestedMinRefreshRateRange: 0.0  requestedMaxRefreshRateRange: 90.0
04-11 12:50:59.227  3590  3875 D VRR [OPlusRefreshRateService]:  setDirectorStates [flag: 1, state: 1, directorStateOff: 1]
04-11 12:50:59.227  2399  2620 D VRR [RefreshRateDirector]: updateState mState = 0
04-11 12:50:59.227  3590  8591 D OplusAppSwitchRuleInfo: generateActivityEnterInfo - launch_source_type =  , launch_source_traceid = 
04-11 12:50:59.227  3590  8591 D OplusAppSwitchRuleInfo: generateActivityEnterInfo - launch_source_type =  , launch_source_traceid = 
04-11 12:50:59.227  3590  8591 D OplusAppSwitchRuleInfo: generateActivityEnterInfo - launch_source_type =  , launch_source_traceid = 
04-11 12:50:59.227  3590  3796 D InsetsSourceProvider: updateSourceFrameForServerVisibility mandatorySystemGestures EMPTY_RECT
04-11 12:50:59.228  3590  3795 D FlexibleTaskController: not in list
04-11 12:50:59.233  3590  3796 D SurfaceComposerClient: Transaction::apply InputWindowCommands.focusRequests timestamp=882418601645568, windowName=<null>
04-11 12:50:59.233  3590  9001 W SurfaceFlingerPuller: Failed to pull atom 150134 from surfaceflinger. Success is 0, binder status is EX_NONE
04-11 12:50:59.233  2399  2399 I BpBinder: onLastStrongRef automatically unlinking death recipients: 
04-11 12:50:59.233  2013  2036 E statsd  : Stats puller failed for tag: 150134 at 930274638926275
04-11 12:50:59.233  3590  7959 D BackgroundInstallControlService: Package event received: 0
04-11 12:50:59.233  3590  7959 D BackgroundInstallControlService: Package event received: 0
04-11 12:50:59.233  2013  2036 E statsd  : Stats puller failed for tag: 150134 at 930274642061744
04-11 12:50:59.233  2399  2620 I OplusPerfCollect: OplusPerfCollect onPullAtom
04-11 12:50:59.233  2399  2620 I OplusPerfCollect: OplusPerfCollect OplusVrrInfoRecord clear
04-11 12:50:59.233  2013  2036 I statsd  : An anomaly (104240000001) (42)0x10000->10512[I] (42)0x20000->com.binance.monitor[S] (42)0x30000->.ui.account.AccountStatsBridgeActivity[S]  has occurred! Informing subscribers.
04-11 12:50:59.234 10250 16907 E midasd  : getTotalFlipsFromSf mCurFrameCount: 11749765
04-11 12:50:59.234 10250 16907 I midasd  : DisplayAgent updateDisplayDevInfo getRenderFps mFps:90 mRenderFps:18 mWidth:1264 mHeight:2780
04-11 12:50:59.244  2399  3200 D SurfaceFlinger: updateWinowInfo=1, setFocusedWindow timestamp=882418601645568, windowName=<null>
04-11 12:50:59.244  3590  3647 I InputDispatcher: updateFocusedWindow,  on display 0, reason: NO_WINDOW, result:   FocusedWindows: <none>
04-11 12:50:59.244  3590  9001 I InputDispatcher: NFW_setFocusedWindow, <null> on display 0, same as the previous:1
04-11 12:50:59.244  3590  9001 D InputDispatcher: setFocusedWindow <null> on display 0 ignored, reason: already focused
04-11 12:50:59.278 14034 15313 D CommonApp-264-10512: transport layer data is invalid
04-11 12:50:59.278 14034 15313 D CommonApp-255-10512: commonScoreStrategy scenarios low package
04-11 12:50:59.278 14034 15313 D ScorePolicy: handleScoreChanged: []
04-11 12:50:59.278 14034 15313 D ScorePolicy: handleScoreChanged: []
04-11 12:50:59.278 14034 15313 D ScorePolicy: handleScoreChanged: []
04-11 12:50:59.303  2181  7371 E CwbService: Panel not support apl read or getDisplayPanelAplValue timeout 10ms.
04-11 12:50:59.303  2258  2258 D SensorFeature: name=ssc_screenshot_info ,index = 22
04-11 12:50:59.303  2258  2258 D SensorFeature: write 39 bytes:930274655917473,930274706842161,33355,0
04-11 12:50:59.319  2181  2506 I SDM     : DisplayBuiltIn::IdlePowerCollapse: IPC received, disabling partial update for one frame
04-11 12:50:59.321 14400 14400 D VRI[MainActivity]: onFocusEvent false
04-11 12:50:59.321 14400 14400 I binance.monitor: _Desupression native alloc  gc_urgency: 52479expectation: 176639 native bytes: 27018392
04-11 12:50:59.321  3590  3647 I [UAH_CLIENT]: UahEventAcquire, cmdid:2, pkg:none, identity:OplusActivityManagerServiceEnhance
04-11 12:50:59.322 14400 14400 D ResourcesManagerExtImpl: applyConfigurationToAppResourcesLocked app.getDisplayId() return callback.displayId:0
04-11 12:50:59.323 14400 14579 D libc-netbsd: [oplusDnsOpenProxy]: __netdClientDispatch.connect errno = 111
04-11 12:50:59.323 14400 14579 D DNS_CACHE: oplus_oplus_getaddrinfo_proxy open dns proxy failed, use android flow: 10512
04-11 12:50:59.324 14400 14579 D libc-netbsd: [oplusDnsOpenProxy]: __netdClientDispatch.connect errno = 111
04-11 12:50:59.327 18198 18323 I GoLog   : from tcp:127.0.0.1:56632 accepted tcp:43.155.214.62:443 [socks >> proxy]
04-11 12:50:59.327 14400 14400 I binance.monitor: AssetManager2(0xb4000071814bb128) locale list changing from [] to [zh-CN]
04-11 12:50:59.329 14400 14400 E OplusPredictiveBackController:  NoSuchMethodException 
04-11 12:50:59.329 14400 14400 E OplusPredictiveBackController:  NoSuchMethodException 
04-11 12:50:59.329 14400 14400 E OplusPredictiveBackController:  NoSuchMethodException 
04-11 12:50:59.329 14400 14400 D OplusPredictiveBackController: initPredictiveBackConfig for com.binance.monitor.ui.account.AccountStatsBridgeActivity@7ae2d94 initPredictiveBackConfig mShouldInterceptKeyEvent false
04-11 12:50:59.329 14400 14400 D WindowOnBackDispatcher:  predictive settings is disabled for com.binance.monitor
04-11 12:50:59.367  2113 20704 I sensors-hal: handle_oplus_wise_rgb_event:189, high_pwm_light:lux 201.2,cct 6604.0,brl/algo/ir 1361.0/2.0/41.0,pwm/dc 0.0/0.0,rgbc 8915.496094/6084.136719/3931.484131/17478.875000,ts 930274653283734,cnt 56190,flag 33355
04-11 12:50:59.367  2113 17862 I sensors-hal: handle_oplus_wise_rgb_event:161, wise_rgb: (56191)(cct, lux, ir)[6603.99, 201.19, 41.011105] (r, g, b, c)[8920.48, 6079.74, 3927.07, 17469.55]                 (pwm, hbm, brl, algo)[0.0 0.0 1361.0 2.0], flag 33355
04-11 12:50:59.382 14400 14400 I ChainTrace: account_render phase=on_create_inflate_and_content account=7400048@ICMarketsSC-MT5-6 durationMs=53 trades=0 positions=0 curves=0
04-11 12:50:59.394  1311  1311 E KeymasterUtils: IKMHal_sendCmd failed with rsp_header->status: -28
04-11 12:50:59.394  1311  1311 E KeyMasterHalDevice: abort_operation
04-11 12:50:59.394  1311  1311 E KeyMasterHalDevice: ret: -28
04-11 12:50:59.403 14400 14400 I ChainTrace: account_render phase=on_create_runtime_init account=7400048@ICMarketsSC-MT5-6 durationMs=21 trades=0 positions=0 curves=0
04-11 12:50:59.403  1311  1311 E KeymasterUtils: IKMHal_sendCmd failed with rsp_header->status: -28
04-11 12:50:59.403  1311  1311 E KeyMasterHalDevice: abort_operation
04-11 12:50:59.403  1311  1311 E KeyMasterHalDevice: ret: -28
04-11 12:50:59.403 14400 14400 I ChainTrace: account_render phase=on_create_adapter_init account=7400048@ICMarketsSC-MT5-6 durationMs=0 trades=0 positions=0 curves=0
04-11 12:50:59.415  1311  1311 E KeymasterUtils: IKMHal_sendCmd failed with rsp_header->status: -28
04-11 12:50:59.415  1311  1311 E KeyMasterHalDevice: abort_operation
04-11 12:50:59.415  1311  1311 E KeyMasterHalDevice: ret: -28
04-11 12:50:59.426  1311  1311 E KeymasterUtils: IKMHal_sendCmd failed with rsp_header->status: -28
04-11 12:50:59.426  1311  1311 E KeyMasterHalDevice: abort_operation
04-11 12:50:59.426  1311  1311 E KeyMasterHalDevice: ret: -28
04-11 12:50:59.435  1311  1311 E KeymasterUtils: IKMHal_sendCmd failed with rsp_header->status: -28
04-11 12:50:59.435  1311  1311 E KeyMasterHalDevice: abort_operation
04-11 12:50:59.435  1311  1311 E KeyMasterHalDevice: ret: -28
04-11 12:50:59.444  1311  1311 E KeymasterUtils: IKMHal_sendCmd failed with rsp_header->status: -28
04-11 12:50:59.444  1311  1311 E KeyMasterHalDevice: abort_operation
04-11 12:50:59.444  1311  1311 E KeyMasterHalDevice: ret: -28
04-11 12:50:59.445 14400 14400 I ChainTrace: account_render phase=on_create_restore_ui_state account=7400048@ICMarketsSC-MT5-6 durationMs=42 trades=0 positions=0 curves=0
04-11 12:50:59.454  8406  9876 D OplusCellularNetworkConfig: getDnsQueryPriority value=http://public1.alidns.com
04-11 12:50:59.454 14034 15313 D NetworkService[0]: getActiveNetworks networkList size:1
04-11 12:50:59.454 14034 15313 D SubsysThreadPool: execute task
04-11 12:50:59.455 14034 14759 D libc-netbsd: [oplusDnsOpenProxy]: __netdClientDispatch.connect errno = 111
04-11 12:50:59.455 14034 14759 D DNS_CACHE: oplus_oplus_getaddrinfo_proxy open dns proxy failed, use android flow: 1000
04-11 12:50:59.461 14400 14400 I ChainTrace: account_render phase=on_create_setup_static_ui account=7400048@ICMarketsSC-MT5-6 durationMs=16 trades=0 positions=0 curves=0
04-11 12:50:59.461 14400 14400 I ChainTrace: account_render phase=on_create_bind_local_meta account=7400048@ICMarketsSC-MT5-6 durationMs=0 trades=0 positions=0 curves=0
04-11 12:50:59.582 14400 14400 I ChainTrace: account_render phase=build_overview account=7400048@ICMarketsSC-MT5-6 durationMs=10 trades=1113 positions=6 curves=5717
04-11 12:50:59.584 14400 14400 I ChainTrace: account_render phase=bind_overview_and_filters account=7400048@ICMarketsSC-MT5-6 durationMs=2 trades=1113 positions=6 curves=5717
04-11 12:50:59.595 14400 14400 I ChainTrace: account_render phase=render_returns_table account=7400048@ICMarketsSC-MT5-6 durationMs=11 trades=1113 positions=6 curves=5717
04-11 12:50:59.603  2258  2258 D SensorFeature: name=ssc_screenshot_info ,index = 22
04-11 12:50:59.604  2258  2258 D SensorFeature: write 39 bytes:930274655917473,930275017673775,33356,0
04-11 12:50:59.610  2399  3162 D VRR [OTI]: handleIdle from 0 to 1
04-11 12:50:59.610  2399  3162 D VRR [OTI-HW]: isStateReady 0
04-11 12:50:59.610  2399  3162 D VRR [OTI-HW]: keep rate.
04-11 12:50:59.615 14400 14400 I ChainTrace: account_render phase=apply_curve_range account=7400048@ICMarketsSC-MT5-6 durationMs=20 trades=1113 positions=6 curves=5717
04-11 12:50:59.634  2113 17862 I sensors-hal: handle_oplus_wise_rgb_event:161, wise_rgb: (56196)(cct, lux, ir)[6609.10, 200.24, 42.724850] (r, g, b, c)[8930.45, 6081.94, 3924.86, 17527.83]                 (pwm, hbm, brl, algo)[0.0 0.0 1361.0 2.0], flag 33356
04-11 12:50:59.634  3590  9788 I AICCTModule: SensorFilter: brightness threshold 1.2 screenNit is 95.362 ave enviroment lux is 131.61308 luxForNit 90.51865demarcationPoint200.0 result is false
04-11 12:50:59.634  3590  9788 I AICCTModule: SensorFilter: findSecondNearestValue, sensorValue: 7357.799 nearestMaxValue:7380.464 secondNearestValue: 7412.574
04-11 12:50:59.634  3590  9788 I AICCTModule: SensorFilter: findSecondNearestValue, sensorValue: 134.76509 nearestMaxValue:131.65561 secondNearestValue: 131.65561
04-11 12:50:59.685  3438  3988 D QmiClient: qmiServiceEventCallback recv msg id 1099
04-11 12:50:59.685  3438  3988 D QmiClient: enter -mServiceType 4 onQmiServiceEventCallback msgId 1099
04-11 12:50:59.685  3438  3988 D QmiClient: onQmiServiceEventCallback - enter. msgId=1099
04-11 12:50:59.685  3438  3988 D QmiVsClientEvent: QosPeriodReportInd MSG IND data_len 2052
04-11 12:50:59.685  3438  3988 D QmiVsClientEvent: qmiVsClientNotifyQosPeriodReportIndEvent - RADIO_EVENT_QOS_PERIOD_REPORT_NOTIFY_IND
04-11 12:50:59.685  3438  3485 D VsProxy : handleMessage msg is 2420
04-11 12:50:59.685  2727  3986 D QmiClient: qmiServiceEventCallback recv msg id 1099
04-11 12:50:59.685  2727  3986 D QmiClient: enter -mServiceType 4 onQmiServiceEventCallback msgId 1099
04-11 12:50:59.685  2727  3986 D QmiClient: onQmiServiceEventCallback - enter. msgId=1099
04-11 12:50:59.685  2727  3986 D QmiVsClientEvent: QosPeriodReportInd MSG IND data_len 2052
04-11 12:50:59.685  2727  3986 D QmiVsClientEvent: qmiVsClientNotifyQosPeriodReportIndEvent - RADIO_EVENT_QOS_PERIOD_REPORT_NOTIFY_IND
04-11 12:50:59.685  3438  3485 D VsProxy : handleQosPeriodReportInd for instance 1 data_len 202
04-11 12:50:59.685  2727  2826 D VsProxy : handleMessage msg is 2420
04-11 12:50:59.685  2727  2826 D VsProxy : handleQosPeriodReportInd for instance 0 data_len 145
04-11 12:50:59.685 14034   947 D SubsysRadioIndication[0]: radioQosPeriodReportInd result [8, -102, -2, -94, -49, 14, 34, 12, 8, -84, -69, -57, -50, 14, 16, 4, 24, 1, 32, 3, 58, 61, 8, -60, -7, -94, -49, 14, 16, 5, 24, -64, -92, 38, 32, -22, 6, 40, -97, -1, -1, -1, -1, -1, -1, -1, -1, 1, 48, -11, -1, -1, -1, -1, -1, -1, -1, -1, 1, 56, 6, 64, -99, -1, -1, -1, -1, -1, -1, -1, -1, 1, 72, -97, -1, -1, -1, -1, -1, -1, -1, -1, 1, 66, 29, 8, -57, -20, -92, -50, 14, 16, 5, 34, 19, 8, -64, -92, 38, 16, -22, 6, 24, 78, 32, 13, 40, -117, -32, -94, -93, 2, 48, 2, 90, 0, 98, 10, 8, -41, -26, -92, -50, 14, 16, 3, 24, 5, 122, 15, 8, -8, -24, -92, -50, 14, 16, -52, 2, 24, -21, 1, 32, -90, 9]
04-11 12:50:59.685 14034 14747 D SubsysRadioIndication[1]: radioQosPeriodReportInd result [8, -102, -2, -94, -49, 14, 18, 16, 8, -72, -3, -94, -49, 14, 16, 13, 32, -105, 19, 40, 13, 56, -56, 1, 26, 13, 8, -58, -4, -94, -49, 14, 16, 7, 40, 4, 56, -17, 6, 34, 12, 8, -84, -69, -57, -50, 14, 16, 4, 24, 1, 32, 3, 58, 83, 8, -113, -3, -94, -49, 14, 16, 5, 24, -98, -23, 30, 32, -54, 1, 40, -93, -1, -1, -1, -1, -1, -1, -1, -1, 1, 48, -12, -1, -1, -1, -1, -1, -1, -1, -1, 1, 56, 3, 64, -93, -1, -1, -1, -1, -1, -1, -1, -1, 1, 72, -95, -1, -1, -1, -1, -1, -1, -1, -1, 1, 80, -91, -1, -1, -1, -1, -1, -1, -1, -1, 1, 88, -94, -1, -1, -1, -1, -1, -1, -1, -1, 1, 66, 31, 8, -101, -22, -108, -49, 14, 16, 5, 24, 2, 34, 19, 8, -98, -23, 30, 16, -54, 1, 24, 41, 32, 13, 40, -126, -128, -52, -67, 21, 48, 2, 90, 0, 98, 10, 8, -85, -54, -73, -50, 14, 16, 3, 24, 5, 122, 15, 8, -90, -6, -94, -49, 14, 16, -45, 1, 24, -36, 1, 32, -22, 8]
04-11 12:50:59.685 14400 14400 I ChainTrace: account_render phase=refresh_trade_stats account=7400048@ICMarketsSC-MT5-6 durationMs=70 trades=1113 positions=6 curves=5717
04-11 12:50:59.686 14034 14034 D NetworkService[0]: handleMessage what:1005
04-11 12:50:59.686 14034 14034 D RadioAtomTracker: parseQosPeriodData ModemQos:CellularQosInfo2{5G, 627264/874, EndcState=0, Band=78, DLBW=13, Rsrp=-97, Rsrq=-11, Snr=6, SvcStatus=3, ULPDCPNumDataPdu=-1, ULPDCPNumDropPdu=-1, ULPDCPTput=-1, ULRLCNumDataPdu=-1, ULRLCNumRetxPdu=-1, ULGrant=-1, ULBSR=-1, ULBler=-1, DLPDCPNumDataPdu=-1, DLPDCPTput=-1, DLRLCNumDataPdu=-1, DLRLCNumRetxPdu=-1, DLRLCNumDropPdu=-1, DLMACPaddingBytes=-1, DLPdcpNumMissToUppPdu=-1, DLBler=-1, RlfCount=0, CellChangeCount=0, IsRedirectionOccur=0, IsDualSimConflict=0, Latency=0, Sub1RrcState=1, Sub2RrcState=3, RachCount=0, CalcPower=332, Mtpl=235, PathLoss=1190, CellLoad=0}
04-11 12:50:59.686 14034 14034 D NetworkService[0]: EVENT_REG_QOS_PERIOD_REPORT_IND_CHANGED ENTER
04-11 12:50:59.686 14034 14034 D NetworkService[1]: handleMessage what:1005
04-11 12:50:59.686 14034 14034 D RadioAtomTracker: parseQosPeriodData ModemQos:CellularQosInfo1{5G, 504990/202, EndcState=2, Band=41, DLBW=13, Rsrp=-93, Rsrq=-12, Snr=3, SvcStatus=3, ULPDCPNumDataPdu=13, ULPDCPNumDropPdu=0, ULPDCPTput=2455, ULRLCNumDataPdu=13, ULRLCNumRetxPdu=0, ULGrant=200, ULBSR=0, ULBler=0, DLPDCPNumDataPdu=4, DLPDCPTput=879, DLRLCNumDataPdu=7, DLRLCNumRetxPdu=0, DLRLCNumDropPdu=0, DLMACPaddingBytes=0, DLPdcpNumMissToUppPdu=0, DLBler=0, RlfCount=0, CellChangeCount=0, IsRedirectionOccur=0, IsDualSimConflict=0, Latency=8, Sub1RrcState=1, Sub2RrcState=3, RachCount=0, CalcPower=211, Mtpl=220, PathLoss=1130, CellLoad=0}
04-11 12:50:59.686 14034 14034 D NetworkService[1]: EVENT_REG_QOS_PERIOD_REPORT_IND_CHANGED ENTER
04-11 12:50:59.686 14034 14034 D AtomModemKpiInfo: handleMessage what:1001
04-11 12:50:59.686 14034 14034 D AtomModemKpiInfo: analyseQosInfo success
04-11 12:50:59.686 14400 14400 I ChainTrace: account_render phase=refresh_positions account=7400048@ICMarketsSC-MT5-6 durationMs=1 trades=1113 positions=6 curves=5717
04-11 12:50:59.718 14400 14400 I ChainTrace: account_render phase=refresh_trades account=7400048@ICMarketsSC-MT5-6 durationMs=32 trades=1113 positions=6 curves=5717
04-11 12:50:59.718 14400 14400 I ChainTrace: account_render phase=apply_snapshot_total account=7400048@ICMarketsSC-MT5-6 durationMs=179 trades=1113 positions=6 curves=5717
04-11 12:50:59.718 14400 14400 I ChainTrace: account_render phase=on_create_enter_account_screen account=7400048@ICMarketsSC-MT5-6 durationMs=257 trades=1113 positions=6 curves=5717
04-11 12:50:59.718 14400 14400 I ChainTrace: account_render phase=on_create_total account=7400048@ICMarketsSC-MT5-6 durationMs=389 trades=1113 positions=6 curves=5717
04-11 12:50:59.719 14400 14400 D ActivityThread: ComponentInfo{com.binance.monitor/com.binance.monitor.ui.account.AccountStatsBridgeActivity} checkFinished=false 2
04-11 12:50:59.719 14400 14400 D ResourcesManagerExtImpl: applyConfigurationToAppResourcesLocked app.getDisplayId() return callback.displayId:0
04-11 12:50:59.830  2280  2331 D BatteryChargeControl: bcc get no support from charging protocol
04-11 12:50:59.842 14599 15394 I StepApp_StepProvider: (binder:14599_5)call:package=com.oplus.metis	method=method_call_by_assistantscreen_and_health_from_table_day_step_data	arg=	extras=Bundle[mParcelledData.dataSize=296]	pid=14599
04-11 12:50:59.842 14599 15394 I StepApp_StepProvider: (binder:14599_5)parserQueryData:queryData=QueryData(uri=content://com.oplus.healthservice.stepprovider/day_statistic, projection=null, selection=day_date=?, selectionArgs=[2026-04-11], sortOrder=null, startPos=null)
