04-11 12:48:02.904  3590  3646 D InsetsSourceProvider: updateSourceFrameForServerVisibility mandatorySystemGestures EMPTY_RECT
04-11 12:48:02.904 11447 11447 I SurfaceControl:  setExtendedRangeBrightness sc=Surface(name=)/@0x13e3f08,currentBufferRatio=1.0,desiredRatio=1.0
04-11 12:48:02.905  3590  3646 D InsetsSourceProvider: updateSourceFrameForServerVisibility mandatorySystemGestures EMPTY_RECT
04-11 12:48:02.906 11447 11447 E OplusBracketLog: [OplusViewMirrorManager] updateHostViewRootIfNeeded, not support android.view.ViewRootImpl@ff71849
04-11 12:48:02.910 11447 11447 D WindowOnBackDispatcher:  predictive settings is disabled for com.binance.monitor
04-11 12:48:02.910 11447 11447 D WindowOnBackDispatcher:  predictive settings is disabled for com.binance.monitor
04-11 12:48:02.910  3590  3646 D CoreBackPreview: Window{7618da0 u0 com.binance.monitor/com.binance.monitor.ui.account.AccountStatsBridgeActivity}: Setting back callback OnBackInvokedCallbackInfo{mCallback=android.window.IOnBackInvokedCallback$Stub$Proxy@9516d1e, mPriority=0, mIsAnimationCallback=false, mOverrideBehavior=0}
04-11 12:48:02.914 11447 11470 I HWUI    : Davey! duration=788ms; Flags=0, FrameTimelineVsyncId=351103758, IntendedVsync=882241496119289, Vsync=882242273700989, InputEventId=0, HandleInputStart=882242277707719, AnimationStart=882242277709438, PerformTraversalsStart=882242277744594, DrawStart=882242279055948, FrameDeadline=882241509785955, FrameStartTime=882242277413500, FrameInterval=11108310, WorkloadTarget=13666666, SyncQueued=882242279523031, SyncStart=882242279545688, IssueDrawCommandsStart=882242279625792, SwapBuffers=882242280268448, FrameCompleted=882242284505688, DequeueBufferDuration=17500, QueueBufferDuration=244219, GpuCompleted=882242284505688, SwapBuffersCompleted=882242280703344, DisplayPresentTime=-3301034020034860991, CommandSubmissionCompleted=882242280268448, 
04-11 12:48:02.962 11447 11447 D ViewRootImplExtImpl: wrapConfigInfoIntoFlags rotation=0, smallestScreenWidthDp=0, residentWS=false, scenario=0, bounds=Rect(0, 0 - 1264, 2780), relayoutAsync=false, flags=0, newFlags=1457520640, title=com.binance.monitor/com.binance.monitor.ui.account.AccountStatsBridgeActivity
04-11 12:48:02.962  3590  3646 V WindowManager: Relayout Window{7618da0 u0 com.binance.monitor/com.binance.monitor.ui.account.AccountStatsBridgeActivity}: viewVisibility=0, oldvis=4, req=1264x2780 , apr = 0, vsysui=, x=0, y=0
04-11 12:48:02.963  3590  3646 I WindowManager: Window{7618da0 u0 com.binance.monitor/com.binance.monitor.ui.account.AccountStatsBridgeActivity} state from NO_SURFACE to DRAW_PENDING; reason: resetDrawState
04-11 12:48:02.963  3590  3646 D InsetsSourceProvider: updateSourceFrameForServerVisibility mandatorySystemGestures EMPTY_RECT
04-11 12:48:02.964  3590  3646 D InsetsSourceProvider: updateSourceFrameForServerVisibility mandatorySystemGestures EMPTY_RECT
04-11 12:48:02.964  3590  3646 D WindowManager: NFW_findFocusedWindowIfNeeded:Window{7618da0 u0 com.binance.monitor/com.binance.monitor.ui.account.AccountStatsBridgeActivity} mCurrentFocus:null
04-11 12:48:02.964  3590  3646 D WindowManager: attachImeScreenshotOnTargetIfNeeded, mImeHiding = false, requestedVisibleTypes = -9
04-11 12:48:02.964  3590  3875 D VRR [OPlusSurfaceFlingerController]:  setComplexSceneEnable : true
04-11 12:48:02.965  3590  7998 I [UAH_CLIENT]: uahRuleCtl, ruleId:206, status:3
04-11 12:48:02.965  3590  3646 V WindowManager: Changing focus from null to Window{7618da0 u0 com.binance.monitor/com.binance.monitor.ui.account.AccountStatsBridgeActivity},diplayid=0
04-11 12:48:02.966  3590  3646 D Theia.NoFocusWindow: FocusWindowErrorScene cancelCheckFreezeScreen
04-11 12:48:02.966  3590  3646 W TheiaWindowMonitor: [check] focusedWindow is null or enable is false
04-11 12:48:02.967 11447 11447 D VRI[AccountStatsBridgeActivity]: relayoutWindow result, sizeChanged:true, surfaceControlChanged:true, transformHintChanged:false, mSurfaceSize:Point(1264, 2780), mLastSurfaceSize:Point(0, 0), mWidth:-1, mHeight:-1, requestedWidth:1264, requestedHeight:2780, transformHint:0, installOrientation:0, displayRotation:0, isSurfaceValid:true, attr.flag:-2122252032, tmpFrames:ClientWindowFrames{frame=[0,0][1264,2780] display=[0,0][1264,2780] parentFrame=[0,0][0,0]}, relayoutAsync:false, mSyncSeqId:0
04-11 12:48:02.967 11447 11447 W VRI[AccountStatsBridgeActivity]: updateBlastSurfaceIfNeeded, surfaceSize:Point(1264, 2780), lastSurfaceSize:Point(0, 0), format:-3, blastBufferQueue:null
04-11 12:48:02.967 11447 11447 D BufferQueueConsumer: [](id:2cb700000002,api:0,p:-1,c:11447) connect: controlledByApp=false
04-11 12:48:02.967 11447 11447 D BufferQueueConsumer: [VRI[AccountStatsBridgeActivity]#2(BLAST Consumer)2](id:2cb700000002,api:0,p:-1,c:11447) setMaxAcquiredBufferCount: 2
04-11 12:48:02.968 11447 11484 D BufferQueueProducer: [VRI[AccountStatsBridgeActivity]#2(BLAST Consumer)2](id:2cb700000002,api:1,p:11447,c:11447) connect: api=1 producerControlledByApp=true
04-11 12:48:02.968  3590  3796 D SurfaceComposerClient: Transaction::apply InputWindowCommands.focusRequests timestamp=882242341231156, windowName=7618da0 com.binance.monitor/com.binance.monitor.ui.account.AccountStatsBridgeActivity
04-11 12:48:02.980  2399  3200 D SurfaceFlinger: updateWinowInfo=1, setFocusedWindow timestamp=882242341231156, windowName=7618da0 com.binance.monitor/com.binance.monitor.ui.account.AccountStatsBridgeActivity
04-11 12:48:02.980  3590  8850 I InputDispatcher: NFW_setFocusedWindow, 7618da0 com.binance.monitor/com.binance.monitor.ui.account.AccountStatsBridgeActivity on display 0, same as the previous:0
04-11 12:48:03.004 11447 11447 I SurfaceControl:  setExtendedRangeBrightness sc=Surface(name=com.binance.monitor/com.binance.monitor.ui.account.AccountStatsBridgeActivity)/@0xd8df490,currentBufferRatio=1.0,desiredRatio=1.0
04-11 12:48:03.024  3438  4039 D QmiClient: qmiServiceEventCallback recv msg id 47
04-11 12:48:03.024  3438  4039 D QmiClient: enter -mServiceType 10 onQmiServiceEventCallback msgId 47
04-11 12:48:03.024  3438  4039 D QmiClient: onQmiServiceEventCallback - enter. msgId=47
04-11 12:48:03.024  3438  3488 D OttProxy: handleMessage msg is 3001
04-11 12:48:03.025 14034 14747 D SubsysRadioIndication[1]: radioLinkLatencyInfoInd
04-11 12:48:03.025 14034 14747 D SubsysRadioIndication[1]: notify enter
04-11 12:48:03.025 14034 14034 D NetworkService[1]: handleMessage what:1008
04-11 12:48:03.025 14034 14034 D NetworkService[1]: EVENT_REG_LINK_LATENCY_INFO_CHANGE ulLatency:10639
04-11 12:48:03.068 11447 11484 D BLASTBufferQueue: [VRI[AccountStatsBridgeActivity]#2](f:0,a:1) acquireNextBufferLocked size=1264x2780 mFrameNumber=1 applyTransaction=true mTimestamp=882242442128604(auto) mPendingTransactions.size=0 graphicBufferId=49164490637325 transform=0
04-11 12:48:03.068 11447 11484 D VRI[AccountStatsBridgeActivity]: Received frameCommittedCallback lastAttemptedDrawFrameNum=1 didProduceBuffer=true syncBuffer=false
04-11 12:48:03.068 11447 11447 D VRI[AccountStatsBridgeActivity]: draw finished. seqId=0
04-11 12:48:03.069  3590  3646 D WindowManager: onSyncFinishedDrawing: Window{7618da0 u0 com.binance.monitor/com.binance.monitor.ui.account.AccountStatsBridgeActivity}
04-11 12:48:03.069  3590  3646 I WindowManager: finishDrawing skipLayout:false,syncSeqId=0,mPrepareSyncSeqId=0 Window{7618da0 u0 com.binance.monitor/com.binance.monitor.ui.account.AccountStatsBridgeActivity} com.android.server.wm.WindowManagerService.finishDrawingWindow:3217 com.android.server.wm.Session.finishDrawing:399 android.view.IWindowSession$Stub.onTransact:793 
04-11 12:48:03.069  3590  3646 I WindowManager: Window{7618da0 u0 com.binance.monitor/com.binance.monitor.ui.account.AccountStatsBridgeActivity} state from DRAW_PENDING to COMMIT_DRAW_PENDING; reason: finishDrawingLocked
04-11 12:48:03.070  3590  3796 D InsetsSourceProvider: updateSourceFrameForServerVisibility mandatorySystemGestures EMPTY_RECT
04-11 12:48:03.070  3590  3796 D InsetsSourceProvider: updateSourceFrameForServerVisibility mandatorySystemGestures EMPTY_RECT
04-11 12:48:03.071  3590  3796 I WindowManager: Window{7618da0 u0 com.binance.monitor/com.binance.monitor.ui.account.AccountStatsBridgeActivity} state from COMMIT_DRAW_PENDING to READY_TO_SHOW; reason: commitFinishDrawingLocked
04-11 12:48:03.071  3590  3796 D CoreBackPreview:  return markWindowHasDrawn mComposed: false  mWaitTransition: false
04-11 12:48:03.071  3590  3796 D ActivityTaskManager: Clearing startingData for activity=ActivityRecord{189666225 u0 com.binance.monitor/.ui.account.AccountStatsBridgeActivity t13172} mStartingData=null mStartingSurface=null
04-11 12:48:03.071  3590  8480 I OPM     : handleNotifyLaunchTime : com.binance.monitor, :958
04-11 12:48:03.071  3590  3796 D ActivityTaskManager: commitVisibility: ActivityRecord{189666225 u0 com.binance.monitor/.ui.account.AccountStatsBridgeActivity t13172}: visible=true visibleRequested=true, isInTransition=true 
04-11 12:48:03.071  3590  3796 D CoreBackPreview:  return markWindowHasDrawn mComposed: false  mWaitTransition: false
04-11 12:48:03.071  3590  3796 D ActivityTaskManager: Clearing startingData for activity=ActivityRecord{189666225 u0 com.binance.monitor/.ui.account.AccountStatsBridgeActivity t13172} mStartingData=null mStartingSurface=null
04-11 12:48:03.071  3590  3796 I WindowManager: Window{7618da0 u0 com.binance.monitor/com.binance.monitor.ui.account.AccountStatsBridgeActivity} state from READY_TO_SHOW to HAS_DRAWN; reason: performShowLocked
04-11 12:48:03.072  3590  3796 D CoreBackPreview:  return markWindowHasDrawn mComposed: false  mWaitTransition: false
04-11 12:48:03.072  3590  3796 E OplusAppQuickStart_AppQuickStartController: not start from launcher transition:27142
04-11 12:48:03.072  3590  3796 D Transition: collectOrderChanges onTopTasksEnd: [Task{970300f #13172 type=standard A=10512:com.binance.monitor}], reportedOnTop:null, mOnTopTasksStart: [Task{970300f #13172 type=standard A=10512:com.binance.monitor}], TDA child: [Task{2ae848 #3 type=undefined}, Task{59d6dd0 #13088 type=standard A=10306:com.binance.dev}, Task{100415c #13133 type=standard A=10397:com.v2ray.ang}, Task{1abb46b #12626 type=standard A=10345:com.tencent.mm}, Task{1b9ad4c #1 type=home}, Task{7fffd36 #13163 type=standard A=10515:com.mobilecodex.nativeapp}, Task{970300f #13172 type=standard A=10512:com.binance.monitor}]
04-11 12:48:03.072  3590  3796 D OplusFlexibleActivityTransitionManager: fixTransitType type result:1, targets: [ChangeInfo{f2df9f7 container=ActivityRecord{189666225 u0 com.binance.monitor/.ui.account.AccountStatsBridgeActivity t13172} flags=0x0}, ChangeInfo{4c6e064 container=ActivityRecord{43454697 u0 com.binance.monitor/.ui.main.MainActivity t13172} flags=0x0}]
04-11 12:48:03.072  3590  3796 D OplusTransitionAnimationManager: activityRecordCount1fullScreenArBeHindStartingWindow null
04-11 12:48:03.072  3590  3796 D OplusTransitionAnimationManager: activityRecordCount1fullScreenArBeHindStartingWindow null
04-11 12:48:03.073  3590  3796 D QuickBackInputPolicy: resetInputInterceptState for remoteTransition: false
04-11 12:48:03.073  3590  3796 D OplusTransitionController: onTransactionReady, transition: 27142, info: {id=27142 t=OPEN f=0x0 trk=0 r=[0@Point(0, 0)] c=[{m=OPEN f=FILLS_TASK leash=Surface(name=ActivityRecord{189666225 u0 com.binance.monitor/.ui.account.AccountStatsBridgeActivity t13172})/@0x3b24782 sb=Rect(0, 0 - 0, 0) eb=Rect(0, 0 - 1264, 2780) epz=Point(1264, 2780) d=-1->0 r=-1->0:-1 bc=fffef7ff component=com.binance.monitor/.ui.account.AccountStatsBridgeActivity opt={t=FROM_STYLE mUserId=0}},{m=TO_BACK f=FILLS_TASK leash=Surface(name=ActivityRecord{43454697 u0 com.binance.monitor/.ui.main.MainActivity t13172})/@0x53e3e93 sb=Rect(0, 0 - 1264, 2780) eb=Rect(0, 0 - 1264, 2780) epz=Point(1264, 2780) d=0 bc=fffef7ff component=com.binance.monitor/.ui.main.MainActivity opt={t=FROM_STYLE mUserId=0}}] 
04-11 12:48:03.073  3590  3796 D OplusTransitionController: extendInfo=[
04-11 12:48:03.073  3590  3796 D OplusTransitionController:  OplusTransitionExtendedInfo{mTmpFinishT=null, mInOplusCompatMode=false, mIsProcessRunning=false, mHasMismatchBoundsTarget=false, mRecentsController=null, mRemoteTransition=null, mIsTranslucentActivityToHome=false, mAvoidInterceptKeyEventToHome=false, mIsFromHome=false, mParentLeash=null, mBackAnimClosingLeash=null, mIsOplusAnimRes=false, mKeepBgForContinuous=false, mIsBalAllow=false, mTaskNotInRecent=false, mIsPredictiveBackAnim=false, mIsMergedWithPredictive=false, mIsLaunchFromSpruce=false, mIsLaunchFromDrive=false, mGlobalSearchPageSwitch=false, mNeedNoAlphaGlobalSearchScene=false, mAssistScreenShowing=false, mSwipeUpBrowserScreenShowing=false, mUserIdTransition=-1
04-11 12:48:03.073  3590  3796 D OplusTransitionController: , mInRemoteScene=false, mInPreReady=false, mPreStart=false, mToken=null, mAbortByRemoteFromHome=false, mShellApplyToken=null, mRequestTransitionTaskId=13172, mAbortTransitionOnShell=0, mStartFromShortcut=false, mRemovedTaskId=-1, mTransitionInterruptType=0, mMergeSecondTaskId=-1, mTaskIdStartFromRecents=0, mTransitionId=27142, mCanUseSpringSlideAnim=false, mTransitionLaunchFrom=0, mFoldChangeType=-1, mAnimStartingPosition=[0, 0, 0, 0], mIsOpeningStkDialogActivity=false, mSecondaryHomeToFrontWhenUnFolding=false, mIsNeedApplyStartTForEmbedded=false
04-11 12:48:03.073  3590  3796 D OplusTransitionController: , mNeedCanvasExitAnim=false, mMergeSecondTaskAnimation=false, mIsLaunchUnityStart=false, mIsLaunchFromAssistantByDefault=false, mSkipRemoteTransitionfalse, mIsStartFromKeyguard=false flags=0x0, mWCT=null, mIsOpenMergeToInValidPredictive=false, mPromoteTaskWhenKeyguard-1, mRootLayerZOrderArray={}}]}, targets : [ChangeInfo{f2df9f7 container=ActivityRecord{189666225 u0 com.binance.monitor/.ui.account.AccountStatsBridgeActivity t13172} flags=0x0}, ChangeInfo{4c6e064 container=ActivityRecord{43454697 u0 com.binance.monitor/.ui.main.MainActivity t13172} flags=0x0}], participants: {ActivityRecord{43454697 u0 com.binance.monitor/.ui.main.MainActivity t13172}, ActivityRecord{189666225 u0 com.binance.monitor/.ui.account.AccountStatsBridgeActivity t13172}}
04-11 12:48:03.074 15031 15220 I Quality-ScreenOnOffLogProcessor: withInScreenOnOffRange mIsScreenOn:true refTime:1775882882109 mRecentScreenOnTime:1775878373956 mRecentScreenOffTime:1775878373425
04-11 12:48:03.074  3590  3796 I Quality : LaunchTime2.0: com.binance.monitor/.ui.account.AccountStatsBridgeActivity 2 965 com.binance.monitor -1 -1
04-11 12:48:03.074  8338 25352 V WindowManagerShell: onTransitionReady(transaction=15418935203731)
04-11 12:48:03.074  3590  3792 I ActivityTaskManager: Displayed com.binance.monitor/.ui.account.AccountStatsBridgeActivity for user 0: +968ms
04-11 12:48:03.074  3590  3796 D InsetsSourceProvider: updateSourceFrameForServerVisibility mandatorySystemGestures EMPTY_RECT
04-11 12:48:03.074  3590  3796 D InsetsSourceProvider: updateSourceFrameForServerVisibility mandatorySystemGestures EMPTY_RECT
04-11 12:48:03.074  8338  8381 V WindowManagerShell: onTransitionReady (#27142) android.os.BinderProxy@6b09f38: {id=27142 t=OPEN f=0x0 trk=0 r=[0@Point(0, 0)] c=[
04-11 12:48:03.074  8338  8381 V WindowManagerShell:         {m=OPEN f=FILLS_TASK leash=Surface(name=ActivityRecord{189666225 u0 com.binance.monitor/.ui.account.AccountStatsBridgeActivity t13172})/@0x8741559 sb=Rect(0, 0 - 0, 0) eb=Rect(0, 0 - 1264, 2780) epz=Point(1264, 2780) d=-1->0 r=-1->0:-1 component=com.binance.monitor/.ui.account.AccountStatsBridgeActivity opt={t=CUSTOM enterResId=0 changeResId=0 exitResId=0 mUserId=0}},
04-11 12:48:03.074  8338  8381 V WindowManagerShell:         {m=TO_BACK f=FILLS_TASK leash=Surface(name=ActivityRecord{43454697 u0 com.binance.monitor/.ui.main.MainActivity t13172})/@0x3c4651e sb=Rect(0, 0 - 1264, 2780) eb=Rect(0, 0 - 1264, 2780) epz=Point(1264, 2780) d=0 component=com.binance.monitor/.ui.main.MainActivity opt={t=CUSTOM enterResId=0 changeResId=0 exitResId=0 mUserId=0}}
04-11 12:48:03.074  8338  8381 V WindowManagerShell:     ] 
04-11 12:48:03.074  8338  8381 V WindowManagerShell: extendInfo=[
04-11 12:48:03.074  8338  8381 V WindowManagerShell:  OplusTransitionExtendedInfo{mTmpFinishT=null, mInOplusCompatMode=false, mIsProcessRunning=false, mHasMismatchBoundsTarget=false, mRecentsController=null, mRemoteTransition=null, mIsTranslucentActivityToHome=false, mAvoidInterceptKeyEventToHome=false, mIsFromHome=false, mParentLeash=null, mBackAnimClosingLeash=null, mIsOplusAnimRes=false, mKeepBgForContinuous=false, mIsBalAllow=false, mTaskNotInRecent=false, mIsPredictiveBackAnim=false, mIsMergedWithPredictive=false, mIsLaunchFromSpruce=false, mIsLaunchFromDrive=false, mGlobalSearchPageSwitch=false, mNeedNoAlphaGlobalSearchScene=false, mAssistScreenShowing=false, mSwipeUpBrowserScreenShowing=false, mUserIdTransition=-1
04-11 12:48:03.074  8338  8381 V WindowManagerShell: , mInRemoteScene=false, mInPreReady=false, mPreStart=false, mToken=null, mAbortByRemoteFromHome=false, mShellApplyToken=null, mRequestTransitionTaskId=13172, mAbortTransitionOnShell=0, mStartFromShortcut=false, mRemovedTaskId=-1, mTransitionInterruptType=0, mMergeSecondTaskId=-1, mTaskIdStartFromRecents=0, mTransitionId=27142, mCanUseSpringSlideAnim=false, mTransitionLaunchFrom=0, mFoldChangeType=-1, mAnimStartingPosition=[0, 0, 0, 0], mIsOpeningStkDialogActivity=false, mSecondaryHomeToFrontWhenUnFolding=false, mIsNeedApplyStartTForEmbedded=false
04-11 12:48:03.074  8338  8381 V WindowManagerShell: , mNeedCanvasExitAnim=false, mMergeSecondTaskAnimation=false, mIsLaunchUnityStart=false, mIsLaunchFromAssistantByDefault=false, mSkipRemoteTransitionfalse, mIsStartFromKeyguard=false flags=0x0, mWCT=null, mIsOpenMergeToInValidPredictive=false, mPromoteTaskWhenKeyguard-1, mRootLayerZOrderArray={}}]}
04-11 12:48:03.074  8338  8381 D OplusShellTransition: dispatchReady, active:(#27142) android.os.BinderProxy@6b09f38@0, isSync=false, track:com.android.wm.shell.transition.Transitions$Track@f3fa59b
04-11 12:48:03.075  8338  8381 D OplusShellTransition: Abort transition (#27142) android.os.BinderProxy@6b09f38@0 WMCore requested. reason: 0; abortTransition: false
04-11 12:48:03.075  3590  3796 I TaskOrganizerController: onTaskInfoChanged taskid 13172 config { mBounds=Rect(0, 0 - 1264, 2780) mAppBounds=Rect(0, 0 - 1264, 2780) mMaxBounds=Rect(0, 0 - 1264, 2780) mDisplayRotation=ROTATION_0 mWindowingMode=fullscreen mActivityType=standard mAlwaysOnTop=undefined mRotation=ROTATION_0}
04-11 12:48:03.075  8338  8381 V WindowManagerShell: Playing animation for (#27142) android.os.BinderProxy@6b09f38@0
04-11 12:48:03.075  3590  3796 D OplusFlexibleDragToSplitAnimController: visibleFlexibleTaskInfos delete:13172
04-11 12:48:03.075  3590  3796 E FlexibleWindowManagerService: notifyTaskObserverToAttachController not need to notify!
04-11 12:48:03.075  3590  3796 I FlexibleWindowManagerService: onFlexibleWindowTaskInfoChanged, return for cur task not embedded
04-11 12:48:03.075  3590  3792 V WindowManager: Sent Transition (#27142) createdAt=04-11 12:48:02.104 via request=TransitionRequestInfo { type = OPEN, triggerTask = TaskInfo{userId=0 taskId=13172 effectiveUid=10512 displayId=0 isRunning=true baseIntent=Intent { flg=0x10000000 cmp=com.binance.monitor/.ui.main.MainActivity mCallingUid=2000 } baseActivity=ComponentInfo{com.binance.monitor/com.binance.monitor.ui.main.MainActivity} topActivity=ComponentInfo{com.binance.monitor/com.binance.monitor.ui.account.AccountStatsBridgeActivity} origActivity=null realActivity=ComponentInfo{com.binance.monitor/com.binance.monitor.ui.main.MainActivity}
04-11 12:48:03.075  3590  3792 V WindowManager:  numActivities=2 lastActiveTime=930097521 supportsSplitScreenMultiWindow=true supportsMultiWindow=true supportsPocketStudioMultiWindow=true isInFlexibleEmbedded = false uid = 10512 pid = 0 resizeMode=1 isResizeable=true minWidth=-1 minHeight=-1 defaultMinSize=220 token=WCT{RemoteToken{38b2bd0 Task{970300f #13172 type=standard A=10512:com.binance.monitor}}} topActivityType=1 pictureInPictureParams=null shouldDockBigOverlays=false launchIntoPipHostTaskId=-1 lastParentTaskIdBeforePip=-1 displayCutoutSafeInsets=Rect(0, 0 - 0, 0)
04-11 12:48:03.075  3590  3792 V WindowManager:  topActivityInfo=ActivityInfo{20430ef com.binance.monitor.ui.account.AccountStatsBridgeActivity} launchCookies=[] positionInParent=Point(0, 0) parentTaskId=-1 isFocused=true isVisible=true isVisibleRequested=true isTopActivityNoDisplay=false isSleeping=false locusId=null displayAreaFeatureId=1 isTopActivityTransparent=false isActivityStackTransparent=false lastNonFullscreenBounds=Rect(330, 828 - 935, 2092) capturedLink=null capturedLinkTimestamp=0 requestedVisibleTypes=-9 topActivityRequestOpenInBrowserEducationTimestamp=0
04-11 12:48:03.075  3590  3792 V WindowManager:  appCompatTaskInfo=AppCompatTaskInfo { topActivityInSizeCompat=false topActivityInOplusCompatMode=false eligibleForLetterboxEducation= false isLetterboxEducationEnabled= false isLetterboxDoubleTapEnabled= false eligibleForUserAspectRatioButton= false topActivityBoundsLetterboxed= false isFromLetterboxDoubleTap= false topActivityLetterboxVerticalPosition= -1 topActivityLetterboxHorizontalPosition= -1 topActivityLetterboxWidth=-1 topActivityLetterboxHeight=-1 topActivityAppBounds=Rect(0, 140 - 1264, 2780) isUserFullscreenOverrideEnabled=false isSystemFullscreenOverrideEnabled=false hasMinAspectRatioOverride=false topActivityLetterboxBounds=null cameraCompatTaskInfo=CameraCompatTaskInfo { freeformCameraCompatMode=inactive}} topActivityMainWindowFrame=null topActivityLetterboxInsets=Rect(0, 0 - 0, 0)
04-11 12:48:03.075  3590  3792 V WindowManager:  mOplusExtraBundle = Bundle[{androidx.flexible.taskFrame=Rect(0, 0 - 0, 0), topOpaqueSystemBarsAppearance=0, androidx.flexible.Alpha=1.0, androidx.activity.task.attach.blur=0, androidx.activity.LaunchInsensible=0, androidx.activity.LaunchCornerRadius=0, key_flexible_task_state=0, topActivitySupportAppInnerSplit=false, key_flexible_task_animating_type=-1, key_flexible_task_root_activity_processname=com.binance.monitor, androidx.activity.LaunchScenario=0, is_oplus_clone_task=false, flexible_super_mini_state=false, topRunningActivityHash=189666225, androidx.activity.LaunchScale=1.0, androidx.activity.LaunchShadowRadius=0, is_transient_hide_for_task_info=false, key_flexible_task_root_activity_pid=11447, key_flexible_task_root_activity_uid=10512}]}, pipChange = null, remoteTransition = null, displayChange = null, flags = 0, debugId = 27142 }
04-11 12:48:03.075  3590  3792 V WindowManager:     startWCT=WindowContainerTransaction { changes= {} hops= [] errorCallbackToken=null taskFragmentOrganizer=null }
04-11 12:48:03.075  8338  8381 V ShellRecents: RecentsTransitionHandler.startAnimation: no controller found
04-11 12:48:03.075  3590  3792 V WindowManager:     info={id=27142 t=OPEN f=0x0 trk=0 r=[0@Point(0, 0)] c=[
04-11 12:48:03.075  3590  3792 V WindowManager:         {m=OPEN f=FILLS_TASK leash=Surface(name=ActivityRecord{189666225 u0 com.binance.monitor/.ui.account.AccountStatsBridgeActivity t13172})/@0x3b24782 sb=Rect(0, 0 - 0, 0) eb=Rect(0, 0 - 1264, 2780) epz=Point(1264, 2780) d=-1->0 r=-1->0:-1 component=com.binance.monitor/.ui.account.AccountStatsBridgeActivity opt={t=CUSTOM enterResId=0 changeResId=0 exitResId=0 mUserId=0}},
04-11 12:48:03.075  3590  3792 V WindowManager:         {m=TO_BACK f=FILLS_TASK leash=Surface(name=ActivityRecord{43454697 u0 com.binance.monitor/.ui.main.MainActivity t13172})/@0x53e3e93 sb=Rect(0, 0 - 1264, 2780) eb=Rect(0, 0 - 1264, 2780) epz=Point(1264, 2780) d=0 component=com.binance.monitor/.ui.main.MainActivity opt={t=CUSTOM enterResId=0 changeResId=0 exitResId=0 mUserId=0}}
04-11 12:48:03.075  3590  3792 V WindowManager:     ] 
04-11 12:48:03.075  3590  3792 V WindowManager: extendInfo=[
04-11 12:48:03.075  3590  3792 V WindowManager:  OplusTransitionExtendedInfo{mTmpFinishT=null, mInOplusCompatMode=false, mIsProcessRunning=false, mHasMismatchBoundsTarget=false, mRecentsController=null, mRemoteTransition=null, mIsTranslucentActivityToHome=false, mAvoidInterceptKeyEventToHome=false, mIsFromHome=false, mParentLeash=null, mBackAnimClosingLeash=null, mIsOplusAnimRes=false, mKeepBgForContinuous=false, mIsBalAllow=false, mTaskNotInRecent=false, mIsPredictiveBackAnim=false, mIsMergedWithPredictive=false, mIsLaunchFromSpruce=false, mIsLaunchFromDrive=false, mGlobalSearchPageSwitch=false, mNeedNoAlphaGlobalSearchScene=false, mAssistScreenShowing=false, mSwipeUpBrowserScreenShowing=false, mUserIdTransition=-1
04-11 12:48:03.075  3590  3792 V WindowManager: , mInRemoteScene=false, mInPreReady=false, mPreStart=false, mToken=null, mAbortByRemoteFromHome=false, mShellApplyToken=null, mRequestTransitionTaskId=13172, mAbortTransitionOnShell=0, mStartFromShortcut=false, mRemovedTaskId=-1, mTransitionInterruptType=0, mMergeSecondTaskId=-1, mTaskIdStartFromRecents=0, mTransitionId=27142, mCanUseSpringSlideAnim=false, mTransitionLaunchFrom=0, mFoldChangeType=-1, mAnimStartingPosition=[0, 0, 0, 0], mIsOpeningStkDialogActivity=false, mSecondaryHomeToFrontWhenUnFolding=false, mIsNeedApplyStartTForEmbedded=false
04-11 12:48:03.075  3590  3792 V WindowManager: , mNeedCanvasExitAnim=false, mMergeSecondTaskAnimation=false, mIsLaunchUnityStart=false, mIsLaunchFromAssistantByDefault=false, mSkipRemoteTransitionfalse, mIsStartFromKeyguard=false flags=0x0, mWCT=null, mIsOpenMergeToInValidPredictive=false, mPromoteTaskWhenKeyguard-1, mRootLayerZOrderArray={}}]}
04-11 12:48:03.075  8338  8381 V WindowManagerShell: start OnePuttTransition animation, info = {id=27142 t=OPEN f=0x0 trk=0 r=[0@Point(0, 0)] c=[{m=OPEN f=FILLS_TASK leash=Surface(name=ActivityRecord{189666225 u0 com.binance.monitor/.ui.account.AccountStatsBridgeActivity t13172})/@0x8741559 sb=Rect(0, 0 - 0, 0) eb=Rect(0, 0 - 1264, 2780) epz=Point(1264, 2780) d=-1->0 r=-1->0:-1 component=com.binance.monitor/.ui.account.AccountStatsBridgeActivity opt={t=CUSTOM enterResId=0 changeResId=0 exitResId=0 mUserId=0}},{m=TO_BACK f=FILLS_TASK leash=Surface(name=ActivityRecord{43454697 u0 com.binance.monitor/.ui.main.MainActivity t13172})/@0x3c4651e sb=Rect(0, 0 - 1264, 2780) eb=Rect(0, 0 - 1264, 2780) epz=Point(1264, 2780) d=0 component=com.binance.monitor/.ui.main.MainActivity opt={t=CUSTOM enterResId=0 changeResId=0 exitResId=0 mUserId=0}}] 
04-11 12:48:03.075  8338  8381 V WindowManagerShell: extendInfo=[
04-11 12:48:03.075  8338  8381 V WindowManagerShell:  OplusTransitionExtendedInfo{mTmpFinishT=null, mInOplusCompatMode=false, mIsProcessRunning=false, mHasMismatchBoundsTarget=false, mRecentsController=null, mRemoteTransition=null, mIsTranslucentActivityToHome=false, mAvoidInterceptKeyEventToHome=false, mIsFromHome=false, mParentLeash=null, mBackAnimClosingLeash=null, mIsOplusAnimRes=false, mKeepBgForContinuous=false, mIsBalAllow=false, mTaskNotInRecent=false, mIsPredictiveBackAnim=false, mIsMergedWithPredictive=false, mIsLaunchFromSpruce=false, mIsLaunchFromDrive=false, mGlobalSearchPageSwitch=false, mNeedNoAlphaGlobalSearchScene=false, mAssistScreenShowing=false, mSwipeUpBrowserScreenShowing=false, mUserIdTransition=-1
04-11 12:48:03.075  8338  8381 V WindowManagerShell: , mInRemoteScene=false, mInPreReady=false, mPreStart=false, mToken=null, mAbortByRemoteFromHome=false, mShellApplyToken=null, mRequestTransitionTaskId=13172, mAbortTransitionOnShell=0, mStartFromShortcut=false, mRemovedTaskId=-1, mTransitionInterruptType=0, mMergeSecondTaskId=-1, mTaskIdStartFromRecents=0, mTransitionId=27142, mCanUseSpringSlideAnim=false, mTransitionLaunchFrom=0, mFoldChangeType=-1, mAnimStartingPosition=[0, 0, 0, 0], mIsOpeningStkDialogActivity=false, mSecondaryHomeToFrontWhenUnFolding=false, mIsNeedApplyStartTForEmbedded=false
04-11 12:48:03.075  8338  8381 V WindowManagerShell: , mNeedCanvasExitAnim=false, mMergeSecondTaskAnimation=false, mIsLaunchUnityStart=false, mIsLaunchFromAssistantByDefault=false, mSkipRemoteTransitionfalse, mIsStartFromKeyguard=false flags=0x0, mWCT=null, mIsOpenMergeToInValidPredictive=false, mPromoteTaskWhenKeyguard-1, mRootLayerZOrderArray={}}]}
04-11 12:48:03.075  8338  8381 D FlexibleTaskTransitionHandler:  performAnimation transition:android.os.BinderProxy@6b09f38 ,info:{id=27142 t=OPEN f=0x0 trk=0 r=[0@Point(0, 0)] c=[{m=OPEN f=FILLS_TASK leash=Surface(name=ActivityRecord{189666225 u0 com.binance.monitor/.ui.account.AccountStatsBridgeActivity t13172})/@0x8741559 sb=Rect(0, 0 - 0, 0) eb=Rect(0, 0 - 1264, 2780) epz=Point(1264, 2780) d=-1->0 r=-1->0:-1 component=com.binance.monitor/.ui.account.AccountStatsBridgeActivity opt={t=CUSTOM enterResId=0 changeResId=0 exitResId=0 mUserId=0}},{m=TO_BACK f=FILLS_TASK leash=Surface(name=ActivityRecord{43454697 u0 com.binance.monitor/.ui.main.MainActivity t13172})/@0x3c4651e sb=Rect(0, 0 - 1264, 2780) eb=Rect(0, 0 - 1264, 2780) epz=Point(1264, 2780) d=0 component=com.binance.monitor/.ui.main.MainActivity opt={t=CUSTOM enterResId=0 changeResId=0 exitResId=0 mUserId=0}}] 
04-11 12:48:03.075  8338  8381 D FlexibleTaskTransitionHandler: extendInfo=[
04-11 12:48:03.075  8338  8381 D FlexibleTaskTransitionHandler:  OplusTransitionExtendedInfo{mTmpFinishT=null, mInOplusCompatMode=false, mIsProcessRunning=false, mHasMismatchBoundsTarget=false, mRecentsController=null, mRemoteTransition=null, mIsTranslucentActivityToHome=false, mAvoidInterceptKeyEventToHome=false, mIsFromHome=false, mParentLeash=null, mBackAnimClosingLeash=null, mIsOplusAnimRes=false, mKeepBgForContinuous=false, mIsBalAllow=false, mTaskNotInRecent=false, mIsPredictiveBackAnim=false, mIsMergedWithPredictive=false, mIsLaunchFromSpruce=false, mIsLaunchFromDrive=false, mGlobalSearchPageSwitch=false, mNeedNoAlphaGlobalSearchScene=false, mAssistScreenShowing=false, mSwipeUpBrowserScreenShowing=false, mUserIdTransition=-1
04-11 12:48:03.075  8338  8381 D FlexibleTaskTransitionHandler: , mInRemoteScene=false, mInPreReady=false, mPreStart=false, mToken=null, mAbortByRemoteFromHome=false, mShellApplyToken=null, mRequestTransitionTaskId=13172, mAbortTransitionOnShell=0, mStartFromShortcut=false, mRemovedTaskId=-1, mTransitionInterruptType=0, mMergeSecondTaskId=-1, mTaskIdStartFromRecents=0, mTransitionId=27142, mCanUseSpringSlideAnim=false, mTransitionLaunchFrom=0, mFoldChangeType=-1, mAnimStartingPosition=[0, 0, 0, 0], mIsOpeningStkDialogActivity=false, mSecondaryHomeToFrontWhenUnFolding=false, mIsNeedApplyStartTForEmbedded=false
04-11 12:48:03.075  8338  8381 D FlexibleTaskTransitionHandler: , mNeedCanvasExitAnim=false, mMergeSecondTaskAnimation=false, mIsLaunchUnityStart=false, mIsLaunchFromAssistantByDefault=false, mSkipRemoteTransitionfalse, mIsStartFromKeyguard=false flags=0x0, mWCT=null, mIsOpenMergeToInValidPredictive=false, mPromoteTaskWhenKeyguard-1, mRootLayerZOrderArray={}}]}
04-11 12:48:03.075  8338  8381 D FlexibleTaskTransitionHandler:  no need handler this transitionInfo: {id=27142 t=OPEN f=0x0 trk=0 r=[0@Point(0, 0)] c=[{m=OPEN f=FILLS_TASK leash=Surface(name=ActivityRecord{189666225 u0 com.binance.monitor/.ui.account.AccountStatsBridgeActivity t13172})/@0x8741559 sb=Rect(0, 0 - 0, 0) eb=Rect(0, 0 - 1264, 2780) epz=Point(1264, 2780) d=-1->0 r=-1->0:-1 component=com.binance.monitor/.ui.account.AccountStatsBridgeActivity opt={t=CUSTOM enterResId=0 changeResId=0 exitResId=0 mUserId=0}},{m=TO_BACK f=FILLS_TASK leash=Surface(name=ActivityRecord{43454697 u0 com.binance.monitor/.ui.main.MainActivity t13172})/@0x3c4651e sb=Rect(0, 0 - 1264, 2780) eb=Rect(0, 0 - 1264, 2780) epz=Point(1264, 2780) d=0 component=com.binance.monitor/.ui.main.MainActivity opt={t=CUSTOM enterResId=0 changeResId=0 exitResId=0 mUserId=0}}] 
04-11 12:48:03.075  8338  8381 D FlexibleTaskTransitionHandler: extendInfo=[
04-11 12:48:03.075  8338  8381 D FlexibleTaskTransitionHandler:  OplusTransitionExtendedInfo{mTmpFinishT=null, mInOplusCompatMode=false, mIsProcessRunning=false, mHasMismatchBoundsTarget=false, mRecentsController=null, mRemoteTransition=null, mIsTranslucentActivityToHome=false, mAvoidInterceptKeyEventToHome=false, mIsFromHome=false, mParentLeash=null, mBackAnimClosingLeash=null, mIsOplusAnimRes=false, mKeepBgForContinuous=false, mIsBalAllow=false, mTaskNotInRecent=false, mIsPredictiveBackAnim=false, mIsMergedWithPredictive=false, mIsLaunchFromSpruce=false, mIsLaunchFromDrive=false, mGlobalSearchPageSwitch=false, mNeedNoAlphaGlobalSearchScene=false, mAssistScreenShowing=false, mSwipeUpBrowserScreenShowing=false, mUserIdTransition=-1
04-11 12:48:03.075  8338  8381 D FlexibleTaskTransitionHandler: , mInRemoteScene=false, mInPreReady=false, mPreStart=false, mToken=null, mAbortByRemoteFromHome=false, mShellApplyToken=null, mRequestTransitionTaskId=13172, mAbortTransitionOnShell=0, mStartFromShortcut=false, mRemovedTaskId=-1, mTransitionInterruptType=0, mMergeSecondTaskId=-1, mTaskIdStartFromRecents=0, mTransitionId=27142, mCanUseSpringSlideAnim=false, mTransitionLaunchFrom=0, mFoldChangeType=-1, mAnimStartingPosition=[0, 0, 0, 0], mIsOpeningStkDialogActivity=false, mSecondaryHomeToFrontWhenUnFolding=false, mIsNeedApplyStartTForEmbedded=false
04-11 12:48:03.075  8338  8381 D FlexibleTaskTransitionHandler: , mNeedCanvasExitAnim=false, mMergeSecondTaskAnimation=false, mIsLaunchUnityStart=false, mIsLaunchFromAssistantByDefault=false, mSkipRemoteTransitionfalse, mIsStartFromKeyguard=false flags=0x0, mWCT=null, mIsOpenMergeToInValidPredictive=false, mPromoteTaskWhenKeyguard-1, mRootLayerZOrderArray={}}]}
04-11 12:48:03.075  8338  8381 V WindowManagerShell: Transition doesn't have explicit remote, search filters for match for {id=27142 t=OPEN f=0x0 trk=0 r=[0@Point(0, 0)] c=[{m=OPEN f=FILLS_TASK leash=Surface(name=ActivityRecord{189666225 u0 com.binance.monitor/.ui.account.AccountStatsBridgeActivity t13172})/@0x8741559 sb=Rect(0, 0 - 0, 0) eb=Rect(0, 0 - 1264, 2780) epz=Point(1264, 2780) d=-1->0 r=-1->0:-1 component=com.binance.monitor/.ui.account.AccountStatsBridgeActivity opt={t=CUSTOM enterResId=0 changeResId=0 exitResId=0 mUserId=0}},{m=TO_BACK f=FILLS_TASK leash=Surface(name=ActivityRecord{43454697 u0 com.binance.monitor/.ui.main.MainActivity t13172})/@0x3c4651e sb=Rect(0, 0 - 1264, 2780) eb=Rect(0, 0 - 1264, 2780) epz=Point(1264, 2780) d=0 component=com.binance.monitor/.ui.main.MainActivity opt={t=CUSTOM enterResId=0 changeResId=0 exitResId=0 mUserId=0}}] 
04-11 12:48:03.075  8338  8381 V WindowManagerShell: extendInfo=[
04-11 12:48:03.075  8338  8381 V WindowManagerShell:  OplusTransitionExtendedInfo{mTmpFinishT=null, mInOplusCompatMode=false, mIsProcessRunning=false, mHasMismatchBoundsTarget=false, mRecentsController=null, mRemoteTransition=null, mIsTranslucentActivityToHome=false, mAvoidInterceptKeyEventToHome=false, mIsFromHome=false, mParentLeash=null, mBackAnimClosingLeash=null, mIsOplusAnimRes=false, mKeepBgForContinuous=false, mIsBalAllow=false, mTaskNotInRecent=false, mIsPredictiveBackAnim=false, mIsMergedWithPredictive=false, mIsLaunchFromSpruce=false, mIsLaunchFromDrive=false, mGlobalSearchPageSwitch=false, mNeedNoAlphaGlobalSearchScene=false, mAssistScreenShowing=false, mSwipeUpBrowserScreenShowing=false, mUserIdTransition=-1
04-11 12:48:03.075  8338  8381 V WindowManagerShell: , mInRemoteScene=false, mInPreReady=false, mPreStart=false, mToken=null, mAbortByRemoteFromHome=false, mShellApplyToken=null, mRequestTransitionTaskId=13172, mAbortTransitionOnShell=0, mStartFromShortcut=false, mRemovedTaskId=-1, mTransitionInterruptType=0, mMergeSecondTaskId=-1, mTaskIdStartFromRecents=0, mTransitionId=27142, mCanUseSpringSlideAnim=false, mTransitionLaunchFrom=0, mFoldChangeType=-1, mAnimStartingPosition=[0, 0, 0, 0], mIsOpeningStkDialogActivity=false, mSecondaryHomeToFrontWhenUnFolding=false, mIsNeedApplyStartTForEmbedded=false
04-11 12:48:03.075  8338  8381 V WindowManagerShell: , mNeedCanvasExitAnim=false, mMergeSecondTaskAnimation=false, mIsLaunchUnityStart=false, mIsLaunchFromAssistantByDefault=false, mSkipRemoteTransitionfalse, mIsStartFromKeyguard=false flags=0x0, mWCT=null, mIsOpenMergeToInValidPredictive=false, mPromoteTaskWhenKeyguard-1, mRootLayerZOrderArray={}}]}
04-11 12:48:03.075  8338  8381 V WindowManagerShell:  Checking filter Pair{{types=[] flags=0x0] notFlags=0x100 checks=[{atype=home independent=true modes=[OPEN,TO_FRONT] flags=NONE mustBeTask=false order=TOP topActivity=ComponentInfo{com.android.launcher/com.android.launcher.Launcher} launchCookie=null windowingMode=undefined},{atype=standard independent=true modes=[CLOSE,TO_BACK] flags=NONE mustBeTask=false order=ANY topActivity=null launchCookie=null windowingMode=undefined}]} RemoteTransition { remoteTransition = android.window.IRemoteTransition$Stub$Proxy@a5bfc11, appThread = android.app.IApplicationThread$Stub$Proxy@61db176, debugName = QuickstepLaunchHome }}
04-11 12:48:03.075  8338  8381 V WindowManagerShell:  Delegate animation for (#27142) to null
04-11 12:48:03.075  8338  8381 V WindowManagerShell: start default transition animation, info = {id=27142 t=OPEN f=0x0 trk=0 r=[0@Point(0, 0)] c=[{m=OPEN f=FILLS_TASK leash=Surface(name=ActivityRecord{189666225 u0 com.binance.monitor/.ui.account.AccountStatsBridgeActivity t13172})/@0x8741559 sb=Rect(0, 0 - 0, 0) eb=Rect(0, 0 - 1264, 2780) epz=Point(1264, 2780) d=-1->0 r=-1->0:-1 component=com.binance.monitor/.ui.account.AccountStatsBridgeActivity opt={t=CUSTOM enterResId=0 changeResId=0 exitResId=0 mUserId=0}},{m=TO_BACK f=FILLS_TASK leash=Surface(name=ActivityRecord{43454697 u0 com.binance.monitor/.ui.main.MainActivity t13172})/@0x3c4651e sb=Rect(0, 0 - 1264, 2780) eb=Rect(0, 0 - 1264, 2780) epz=Point(1264, 2780) d=0 component=com.binance.monitor/.ui.main.MainActivity opt={t=CUSTOM enterResId=0 changeResId=0 exitResId=0 mUserId=0}}] 
04-11 12:48:03.075  8338  8381 V WindowManagerShell: extendInfo=[
04-11 12:48:03.075  8338  8381 V WindowManagerShell:  OplusTransitionExtendedInfo{mTmpFinishT=null, mInOplusCompatMode=false, mIsProcessRunning=false, mHasMismatchBoundsTarget=false, mRecentsController=null, mRemoteTransition=null, mIsTranslucentActivityToHome=false, mAvoidInterceptKeyEventToHome=false, mIsFromHome=false, mParentLeash=null, mBackAnimClosingLeash=null, mIsOplusAnimRes=false, mKeepBgForContinuous=false, mIsBalAllow=false, mTaskNotInRecent=false, mIsPredictiveBackAnim=false, mIsMergedWithPredictive=false, mIsLaunchFromSpruce=false, mIsLaunchFromDrive=false, mGlobalSearchPageSwitch=false, mNeedNoAlphaGlobalSearchScene=false, mAssistScreenShowing=false, mSwipeUpBrowserScreenShowing=false, mUserIdTransition=-1
04-11 12:48:03.075  8338  8381 V WindowManagerShell: , mInRemoteScene=false, mInPreReady=false, mPreStart=false, mToken=null, mAbortByRemoteFromHome=false, mShellApplyToken=null, mRequestTransitionTaskId=13172, mAbortTransitionOnShell=0, mStartFromShortcut=false, mRemovedTaskId=-1, mTransitionInterruptType=0, mMergeSecondTaskId=-1, mTaskIdStartFromRecents=0, mTransitionId=27142, mCanUseSpringSlideAnim=false, mTransitionLaunchFrom=0, mFoldChangeType=-1, mAnimStartingPosition=[0, 0, 0, 0], mIsOpeningStkDialogActivity=false, mSecondaryHomeToFrontWhenUnFolding=false, mIsNeedApplyStartTForEmbedded=false
04-11 12:48:03.075  8338  8381 V WindowManagerShell: , mNeedCanvasExitAnim=false, mMergeSecondTaskAnimation=false, mIsLaunchUnityStart=false, mIsLaunchFromAssistantByDefault=false, mSkipRemoteTransitionfalse, mIsStartFromKeyguard=false flags=0x0, mWCT=null, mIsOpenMergeToInValidPredictive=false, mPromoteTaskWhenKeyguard-1, mRootLayerZOrderArray={}}]}
04-11 12:48:03.075  8338  8381 D FSS_OplusFoldSwitchStateObserver: cancelAnimationIfNeedWhenFolding: foldChangeType = -1
04-11 12:48:03.076  8338  8381 D OplusShellTransition: canCustomizeAppTransition, isGlobalSearchPageSwitch = false, swipeUpBrowserPageSwitch = false, onlyHasTranslucentActivity = false, pkgName = com.binance.monitor
04-11 12:48:03.076  8338  8381 D OplusShellTransition: This page has its own override animation, enterResId = 0, closeResId = 0, pkgName = com.binance.monitor
04-11 12:48:03.076  8338  8381 D OplusShellTransition: checkAndLoadCustomAnimation packageName =:com.binance.monitor,transit =:1,enter =:false,animResId =:0
04-11 12:48:03.076  8338  8381 D OplusShellTransition: canCustomizeAppTransition, isGlobalSearchPageSwitch = false, swipeUpBrowserPageSwitch = false, onlyHasTranslucentActivity = false, pkgName = com.binance.monitor
04-11 12:48:03.076  8338  8381 D OplusShellTransition: This page has its own override animation, enterResId = 0, closeResId = 0, pkgName = com.binance.monitor
04-11 12:48:03.076  8338  8381 D OplusShellTransition: checkAndLoadCustomAnimation packageName =:com.binance.monitor,transit =:1,enter =:true,animResId =:0
04-11 12:48:03.076  8338  8381 D OplusShellTransition: addBackgroundColorOnTask, , isTaskLevelTransition = false, hasBgAlready = false
04-11 12:48:03.076  8338  8381 D OplusShellTransition: DefaultTransitionHandler#onAnimFinish=> transition=android.os.BinderProxy@6b09f38, backAnimContinue=false
04-11 12:48:03.076  8338  8381 V WindowManagerShell: Transition animation finished (aborted=false), notifying core (#27142) android.os.BinderProxy@6b09f38@0
04-11 12:48:03.076  8338  8381 D SplitScreen-->AppLockManager: setStartFromSafeControl mStartFromSafeControl=false
04-11 12:48:03.076  8338  8381 D ShellTaskOrganizerExt: adjust change for exiting mini task: -1
04-11 12:48:03.077  3590  8850 D Transition: finishTransition ar ActivityRecord{43454697 u0 com.binance.monitor/.ui.main.MainActivity t13172}, isVisibleRequested=false, state=PAUSED, visibleAtTransitionEndTokens={ActivityRecord{189666225 u0 com.binance.monitor/.ui.account.AccountStatsBridgeActivity t13172}}, this=TransitionRecord{a8bd7fc id=27142 track=0 type=OPEN flags=0x0 state=2 c=[
04-11 12:48:03.077  3590  8850 D Transition:    ChangeInfo{241ee85 container=Display{#0 state=ON size=1264x2780 ROTATION_0} flags=0x0}
04-11 12:48:03.077  3590  8850 D Transition:    ChangeInfo{4c6e064 container=ActivityRecord{43454697 u0 com.binance.monitor/.ui.main.MainActivity t13172} flags=0x0}
04-11 12:48:03.077  3590  8850 D Transition:    ChangeInfo{c9d44da container=DefaultTaskDisplayArea@136308155 flags=0x0}
04-11 12:48:03.077  3590  8850 D Transition:    ChangeInfo{48ced0b container=Task{970300f #13172 type=standard A=10512:com.binance.monitor} flags=0x0}
04-11 12:48:03.077  3590  8850 D Transition:    ChangeInfo{f2df9f7 container=ActivityRecord{189666225 u0 com.binance.monitor/.ui.account.AccountStatsBridgeActivity t13172} flags=0x0}
04-11 12:48:03.077  3590  8850 D Transition: ]
04-11 12:48:03.077  3590  8850 D Transition: }
04-11 12:48:03.077  3590  8850 D ActivityTaskManager: commitVisibility: ActivityRecord{43454697 u0 com.binance.monitor/.ui.main.MainActivity t13172}: visible=false visibleRequested=false, isInTransition=false 
04-11 12:48:03.077  3590  8850 D WindowManager: NFW_setClientVisible:ActivityRecord{43454697 u0 com.binance.monitor/.ui.main.MainActivity t13172} clientVisible:false
04-11 12:48:03.077  3590  8850 I WindowManager: Window{4a179a8 u0 com.binance.monitor/com.binance.monitor.ui.main.MainActivity} state from HAS_DRAWN to DRAW_PENDING; reason: resetDrawState
04-11 12:48:03.077  3590  8850 D Transition: finishTransition ar ActivityRecord{189666225 u0 com.binance.monitor/.ui.account.AccountStatsBridgeActivity t13172}, isVisibleRequested=true, state=RESUMED, visibleAtTransitionEndTokens={ActivityRecord{189666225 u0 com.binance.monitor/.ui.account.AccountStatsBridgeActivity t13172}}, this=TransitionRecord{a8bd7fc id=27142 track=0 type=OPEN flags=0x0 state=2 c=[
04-11 12:48:03.077  3590  8850 D Transition:    ChangeInfo{241ee85 container=Display{#0 state=ON size=1264x2780 ROTATION_0} flags=0x0}
04-11 12:48:03.077  3590  8850 D Transition:    ChangeInfo{4c6e064 container=ActivityRecord{43454697 u0 com.binance.monitor/.ui.main.MainActivity t13172} flags=0x0}
04-11 12:48:03.077  3590  8850 D Transition:    ChangeInfo{c9d44da container=DefaultTaskDisplayArea@136308155 flags=0x0}
04-11 12:48:03.077  3590  8850 D Transition:    ChangeInfo{48ced0b container=Task{970300f #13172 type=standard A=10512:com.binance.monitor} flags=0x0}
04-11 12:48:03.077  3590  8850 D Transition:    ChangeInfo{f2df9f7 container=ActivityRecord{189666225 u0 com.binance.monitor/.ui.account.AccountStatsBridgeActivity t13172} flags=0x0}
04-11 12:48:03.077  3590  8850 D Transition: ]
04-11 12:48:03.077  3590  8850 D Transition: }
04-11 12:48:03.077 11447 11513 D VRI[MainActivity]: dispatchAppVisibility visible:false mUpcomingWindowFocus:false
04-11 12:48:03.077  3590  8850 I OplusAppSwitchManagerService:  handleAppVisible , r = ActivityRecord{189666225 u0 com.binance.monitor/.ui.account.AccountStatsBridgeActivity t13172}
04-11 12:48:03.078  3590  8850 D OplusTransitionController: finishTransition, transition: TransitionRecord{a8bd7fc id=27142 track=0 type=OPEN flags=0x0 state=4 c=[
04-11 12:48:03.078  3590  8850 D OplusTransitionController:    ChangeInfo{241ee85 container=Display{#0 state=ON size=1264x2780 ROTATION_0} flags=0x0}
04-11 12:48:03.078  3590  8850 D OplusTransitionController:    ChangeInfo{4c6e064 container=ActivityRecord{43454697 u0 com.binance.monitor/.ui.main.MainActivity t13172} flags=0x0}
04-11 12:48:03.078  3590  8850 D OplusTransitionController:    ChangeInfo{c9d44da container=DefaultTaskDisplayArea@136308155 flags=0x0}
04-11 12:48:03.078  3590  8850 D OplusTransitionController:    ChangeInfo{48ced0b container=Task{970300f #13172 type=standard A=10512:com.binance.monitor} flags=0x0}
04-11 12:48:03.078  3590  8850 D OplusTransitionController:    ChangeInfo{f2df9f7 container=ActivityRecord{189666225 u0 com.binance.monitor/.ui.account.AccountStatsBridgeActivity t13172} flags=0x0}
04-11 12:48:03.078  3590  8850 D OplusTransitionController: ]
04-11 12:48:03.078  3590  8850 D OplusTransitionController: }
04-11 12:48:03.078  3590  8850 D FlexibleTaskTransitionController:  finishTransition pendingRecentToFlexibleTask:null,isRotationTransition:false ,pendingRecentToFlexible:null ,transition:TransitionRecord{a8bd7fc id=27142 track=0 type=OPEN flags=0x0 state=4 c=[
04-11 12:48:03.078  3590  8850 D FlexibleTaskTransitionController:    ChangeInfo{241ee85 container=Display{#0 state=ON size=1264x2780 ROTATION_0} flags=0x0}
04-11 12:48:03.078  3590  8850 D FlexibleTaskTransitionController:    ChangeInfo{4c6e064 container=ActivityRecord{43454697 u0 com.binance.monitor/.ui.main.MainActivity t13172} flags=0x0}
04-11 12:48:03.078  3590  8850 D FlexibleTaskTransitionController:    ChangeInfo{c9d44da container=DefaultTaskDisplayArea@136308155 flags=0x0}
04-11 12:48:03.078  3590  8850 D FlexibleTaskTransitionController:    ChangeInfo{48ced0b container=Task{970300f #13172 type=standard A=10512:com.binance.monitor} flags=0x0}
04-11 12:48:03.078  3590  8850 D FlexibleTaskTransitionController:    ChangeInfo{f2df9f7 container=ActivityRecord{189666225 u0 com.binance.monitor/.ui.account.AccountStatsBridgeActivity t13172} flags=0x0}
04-11 12:48:03.078  3590  8850 D FlexibleTaskTransitionController: ]
04-11 12:48:03.078  3590  8850 D FlexibleTaskTransitionController: }
04-11 12:48:03.078  3590  8850 D TransitionControllerExtImpl: NFW_send RECOMPUTE_FOCUS in finishTransition
04-11 12:48:03.079  8338  8381 D ShellTaskOrganizer: onTransitionFinish, isRecent:false
04-11 12:48:03.079  8338  8381 V WindowManagerShell: Track 0 became idle
04-11 12:48:03.079  8338  8381 V WindowManagerShell: All active transition animations finished
04-11 12:48:03.079  8338  8381 V WindowManagerShell:  animated by com.android.wm.shell.transition.DefaultTransitionHandler@423c8cd
04-11 12:48:03.079  8338  8381 D OplusShellTransition: dispatchTransition, animated mHandler: com.android.wm.shell.transition.DefaultTransitionHandler@423c8cd
04-11 12:48:03.079  8338  8381 V WindowManagerShell: Track 0 became idle
04-11 12:48:03.079  8338  8381 V WindowManagerShell: All active transition animations finished
04-11 12:48:03.079  3590  3795 D WindowManager: NFW_findFocusedWindowIfNeeded:Window{7618da0 u0 com.binance.monitor/com.binance.monitor.ui.account.AccountStatsBridgeActivity} mCurrentFocus:Window{7618da0 u0 com.binance.monitor/com.binance.monitor.ui.account.AccountStatsBridgeActivity}
04-11 12:48:03.079  8338  8381 D ShellTaskOrganizerExt: visibleFlexibleTaskInfos delete:13172
04-11 12:48:03.079  8338  8381 D ShellTaskOrganizerExt: isOnCanvas size:0
04-11 12:48:03.079  8338  8381 D ShellTaskOrganizerExt: isOnThreeFlexibleCanvas size:0
04-11 12:48:03.080  3590  3796 D InsetsSourceProvider: updateSourceFrameForServerVisibility mandatorySystemGestures EMPTY_RECT
04-11 12:48:03.080  3590  3875 D VRR [OPlusRefreshRateService]:  setDirectorStates [flag: 1, state: 0, directorStateOff: 0]
04-11 12:48:03.080  2399  9261 D VRR [RefreshRateDirector]: updateState mState = 1
04-11 12:48:03.081  3590  3646 I BLASTSyncEngine: onCommitted syncId: 27142, timeout: false ran: false
04-11 12:48:03.081  3590  3646 D Transition: finishTransaction-onCommitted syncId=27142
04-11 12:48:03.082  3590  8850 I InputDispatcher: updateFocusedWindow, 7618da0 com.binance.monitor/com.binance.monitor.ui.account.AccountStatsBridgeActivity on display 0, reason: Window became focusable. Previous reason: NOT_VISIBLE, result:   FocusedWindows:
04-11 12:48:03.082  3590  8850 I InputDispatcher:     displayId=0, name='7618da0 com.binance.monitor/com.binance.monitor.ui.account.AccountStatsBridgeActivity'
